Optimize a Clifford + T circuit.
Input filename = /home/ryo-mtmt/TOpt/forme/tpar_benchmark/gf2^8_mult.tfc
Number of unknown gates = 0
Number of unknown qubit labels = 0
Circuit filename: /home/ryo-mtmt/TOpt/forme/tpar_benchmark/gf2^8_mult.tfc

n 24
n_x 24
n_y 0
n_z 0
m 201
[0] = H 17
[1] = H 18
[2] = H 19
[3] = H 20
[4] = H 21
[5] = H 22
[6] = H 23
[7] = CCZ 8 10 17
[8] = CCZ 7 11 17
[9] = CCZ 6 12 17
[10] = CCZ 5 13 17
[11] = CCZ 4 14 17
[12] = CCZ 3 15 17
[13] = CCZ 2 16 17
[14] = CCZ 8 11 18
[15] = CCZ 7 12 18
[16] = CCZ 6 13 18
[17] = CCZ 5 14 18
[18] = CCZ 4 15 18
[19] = CCZ 3 16 18
[20] = CCZ 8 12 19
[21] = CCZ 7 13 19
[22] = CCZ 6 14 19
[23] = CCZ 5 15 19
[24] = CCZ 4 16 19
[25] = CCZ 8 13 20
[26] = CCZ 7 14 20
[27] = CCZ 6 15 20
[28] = CCZ 5 16 20
[29] = CCZ 8 14 21
[30] = CCZ 7 15 21
[31] = CCZ 6 16 21
[32] = CCZ 8 15 22
[33] = CCZ 7 16 22
[34] = CCZ 8 16 23
[35] = H 17
[36] = H 18
[37] = H 19
[38] = H 20
[39] = H 21
[40] = H 22
[41] = H 23
[42] = CNOT 19 23
[43] = CNOT 18 23
[44] = CNOT 17 23
[45] = CNOT 18 22
[46] = CNOT 17 22
[47] = CNOT 24 22
[48] = CNOT 17 21
[49] = CNOT 24 21
[50] = CNOT 23 21
[51] = CNOT 24 20
[52] = CNOT 23 20
[53] = CNOT 22 20
[54] = CNOT 23 19
[55] = CNOT 22 19
[56] = CNOT 21 19
[57] = CNOT 22 18
[58] = CNOT 21 18
[59] = CNOT 20 18
[60] = CNOT 21 17
[61] = CNOT 20 17
[62] = CNOT 19 17
[63] = H 17
[64] = H 18
[65] = H 19
[66] = H 20
[67] = H 21
[68] = H 22
[69] = H 23
[70] = H 24
[71] = CCZ 8 9 24
[72] = CCZ 7 10 24
[73] = CCZ 6 11 24
[74] = CCZ 5 12 24
[75] = CCZ 4 13 24
[76] = CCZ 3 14 24
[77] = CCZ 2 15 24
[78] = CCZ 1 16 24
[79] = CCZ 7 9 23
[80] = CCZ 6 10 23
[81] = CCZ 5 11 23
[82] = CCZ 4 12 23
[83] = CCZ 3 13 23
[84] = CCZ 2 14 23
[85] = CCZ 1 15 23
[86] = CCZ 6 9 22
[87] = CCZ 5 10 22
[88] = CCZ 4 11 22
[89] = CCZ 3 12 22
[90] = CCZ 2 13 22
[91] = CCZ 1 14 22
[92] = CCZ 5 9 21
[93] = CCZ 4 10 21
[94] = CCZ 3 11 21
[95] = CCZ 2 12 21
[96] = CCZ 1 13 21
[97] = CCZ 4 9 20
[98] = CCZ 3 10 20
[99] = CCZ 2 11 20
[100] = CCZ 1 12 20
[101] = CCZ 3 9 19
[102] = CCZ 2 10 19
[103] = CCZ 1 11 19
[104] = CCZ 2 9 18
[105] = CCZ 1 10 18
[106] = CCZ 1 9 17
[107] = H 17
[108] = H 18
[109] = H 19
[110] = H 20
[111] = H 21
[112] = H 22
[113] = H 23
[114] = H 24

Algorithm used: todd

UniversalOptimize begin.
	Gate synthesis begin.

--- Testing Hamming Distance Version ---
in LempelX2_M4RI_Hamming　安定版　m4ri
		Round = 0 (Start m: 128)
--- Hamming Distance Stats ---
 Dist 1: 144 pairs
 Dist 2: 924 pairs
 Dist 3: 1404 pairs
 Dist 4: 3682 pairs
 Dist 5: 1764 pairs
 Dist 6: 210 pairs
-------------------------------
  [HIT!] Dist=1 | Deleted: 3 cols
>> Round 0 Result: Hit Rate = 100% (1/1)
		Round = 1 (Start m: 125)
--- Hamming Distance Stats ---
 Dist 1: 118 pairs
 Dist 2: 844 pairs
 Dist 3: 1243 pairs
 Dist 4: 3402 pairs
 Dist 5: 1830 pairs
 Dist 6: 300 pairs
 Dist 7: 13 pairs
-------------------------------
  [HIT!] Dist=1 | Deleted: 2 cols
>> Round 1 Result: Hit Rate = 16.6667% (1/6)
		Round = 2 (Start m: 123)
--- Hamming Distance Stats ---
 Dist 1: 130 pairs
 Dist 2: 752 pairs
 Dist 3: 1310 pairs
 Dist 4: 2863 pairs
 Dist 5: 1918 pairs
 Dist 6: 486 pairs
 Dist 7: 44 pairs
-------------------------------
  [HIT!] Dist=1 | Deleted: 2 cols
>> Round 2 Result: Hit Rate = 100% (1/1)
		Round = 3 (Start m: 121)
--- Hamming Distance Stats ---
 Dist 1: 136 pairs
 Dist 2: 562 pairs
 Dist 3: 1318 pairs
 Dist 4: 2267 pairs
 Dist 5: 2026 pairs
 Dist 6: 806 pairs
 Dist 7: 138 pairs
 Dist 8: 7 pairs
-------------------------------
  [HIT!] Dist=1 | Deleted: 2 cols
>> Round 3 Result: Hit Rate = 20% (1/5)
		Round = 4 (Start m: 119)
--- Hamming Distance Stats ---
 Dist 1: 125 pairs
 Dist 2: 525 pairs
 Dist 3: 1173 pairs
 Dist 4: 2027 pairs
 Dist 5: 1861 pairs
 Dist 6: 975 pairs
 Dist 7: 289 pairs
 Dist 8: 44 pairs
 Dist 9: 2 pairs
-------------------------------
  [HIT!] Dist=1 | Deleted: 3 cols
>> Round 4 Result: Hit Rate = 11.1111% (1/9)
		Round = 5 (Start m: 116)
--- Hamming Distance Stats ---
 Dist 1: 109 pairs
 Dist 2: 404 pairs
 Dist 3: 1038 pairs
 Dist 4: 1810 pairs
 Dist 5: 1862 pairs
 Dist 6: 1054 pairs
 Dist 7: 336 pairs
 Dist 8: 54 pairs
 Dist 9: 3 pairs
-------------------------------
  [HIT!] Dist=1 | Deleted: 2 cols
>> Round 5 Result: Hit Rate = 33.3333% (1/3)
		Round = 6 (Start m: 114)
--- Hamming Distance Stats ---
 Dist 1: 96 pairs
 Dist 2: 313 pairs
 Dist 3: 893 pairs
 Dist 4: 1623 pairs
 Dist 5: 1822 pairs
 Dist 6: 1162 pairs
 Dist 7: 423 pairs
 Dist 8: 94 pairs
 Dist 9: 14 pairs
 Dist 10: 1 pairs
-------------------------------
  [HIT!] Dist=1 | Deleted: 2 cols
>> Round 6 Result: Hit Rate = 14.2857% (1/7)
		Round = 7 (Start m: 112)
--- Hamming Distance Stats ---
 Dist 1: 88 pairs
 Dist 2: 286 pairs
 Dist 3: 765 pairs
 Dist 4: 1455 pairs
 Dist 5: 1663 pairs
 Dist 6: 1191 pairs
 Dist 7: 579 pairs
 Dist 8: 163 pairs
 Dist 9: 25 pairs
 Dist 10: 1 pairs
-------------------------------
  [HIT!] Dist=1 | Deleted: 2 cols
>> Round 7 Result: Hit Rate = 7.14286% (1/14)
		Round = 8 (Start m: 110)
--- Hamming Distance Stats ---
 Dist 1: 82 pairs
 Dist 2: 260 pairs
 Dist 3: 686 pairs
 Dist 4: 1373 pairs
 Dist 5: 1624 pairs
 Dist 6: 1195 pairs
 Dist 7: 584 pairs
 Dist 8: 166 pairs
 Dist 9: 24 pairs
 Dist 10: 1 pairs
-------------------------------
  [HIT!] Dist=2 | Deleted: 2 cols
>> Round 8 Result: Hit Rate = 1% (1/100)
		Round = 9 (Start m: 108)
--- Hamming Distance Stats ---
 Dist 1: 71 pairs
 Dist 2: 205 pairs
 Dist 3: 532 pairs
 Dist 4: 1084 pairs
 Dist 5: 1445 pairs
 Dist 6: 1286 pairs
 Dist 7: 779 pairs
 Dist 8: 292 pairs
 Dist 9: 72 pairs
 Dist 10: 11 pairs
 Dist 11: 1 pairs
-------------------------------
  [HIT!] Dist=5 | Deleted: 2 cols
>> Round 9 Result: Hit Rate = 0.0306748% (1/3260)
		Round = 10 (Start m: 106)
--- Hamming Distance Stats ---
 Dist 1: 66 pairs
 Dist 2: 190 pairs
 Dist 3: 496 pairs
 Dist 4: 982 pairs
 Dist 5: 1315 pairs
 Dist 6: 1180 pairs
 Dist 7: 785 pairs
 Dist 8: 383 pairs
 Dist 9: 135 pairs
 Dist 10: 30 pairs
 Dist 11: 3 pairs
-------------------------------
>> Round 10 Result: Hit Rate = 0% (0/5565)

=== Final Performance Statistics ===
Hamming time:   3 ms
Chi time:       773 ms
Nullspace time: 13968 ms
Total attempts: 8971 (Success: 10)
END OF LEMPELX2 安定版
Total LempelX2_M4RI_Hamming time: 14882 ms
Hamming result size: 106 columns
		TODD executed in 14.8611 seconds.
		Total time: 14.8614s
	Gate synthesis end.
	Input has T-Count zero. Outputting the input.
	Gate synthesis begin.

--- Testing Hamming Distance Version ---
in LempelX2_M4RI_Hamming　安定版　m4ri
		Round = 0 (Start m: 144)
--- Hamming Distance Stats ---
 Dist 1: 136 pairs
 Dist 2: 666 pairs
 Dist 3: 1116 pairs
 Dist 4: 1788 pairs
 Dist 5: 2840 pairs
 Dist 6: 2508 pairs
 Dist 7: 1076 pairs
 Dist 8: 166 pairs
-------------------------------
  [HIT!] Dist=1 | Deleted: 4 cols
>> Round 0 Result: Hit Rate = 33.3333% (1/3)
		Round = 1 (Start m: 140)
--- Hamming Distance Stats ---
 Dist 1: 106 pairs
 Dist 2: 546 pairs
 Dist 3: 1022 pairs
 Dist 4: 1586 pairs
 Dist 5: 2446 pairs
 Dist 6: 2382 pairs
 Dist 7: 1272 pairs
 Dist 8: 332 pairs
 Dist 9: 38 pairs
-------------------------------
  [HIT!] Dist=1 | Deleted: 6 cols
>> Round 1 Result: Hit Rate = 33.3333% (1/3)
		Round = 2 (Start m: 134)
--- Hamming Distance Stats ---
 Dist 1: 98 pairs
 Dist 2: 459 pairs
 Dist 3: 856 pairs
 Dist 4: 1342 pairs
 Dist 5: 2136 pairs
 Dist 6: 2240 pairs
 Dist 7: 1306 pairs
 Dist 8: 401 pairs
 Dist 9: 68 pairs
 Dist 10: 5 pairs
-------------------------------
  [HIT!] Dist=1 | Deleted: 2 cols
>> Round 2 Result: Hit Rate = 50% (1/2)
		Round = 3 (Start m: 132)
--- Hamming Distance Stats ---
 Dist 1: 89 pairs
 Dist 2: 336 pairs
 Dist 3: 632 pairs
 Dist 4: 1046 pairs
 Dist 5: 1718 pairs
 Dist 6: 2046 pairs
 Dist 7: 1678 pairs
 Dist 8: 856 pairs
 Dist 9: 223 pairs
 Dist 10: 22 pairs
-------------------------------
  [HIT!] Dist=1 | Deleted: 4 cols
>> Round 3 Result: Hit Rate = 20% (1/5)
		Round = 4 (Start m: 128)
--- Hamming Distance Stats ---
 Dist 1: 79 pairs
 Dist 2: 301 pairs
 Dist 3: 568 pairs
 Dist 4: 873 pairs
 Dist 5: 1474 pairs
 Dist 6: 1822 pairs
 Dist 7: 1547 pairs
 Dist 8: 959 pairs
 Dist 9: 403 pairs
 Dist 10: 93 pairs
 Dist 11: 9 pairs
-------------------------------
  [HIT!] Dist=2 | Deleted: 2 cols
>> Round 4 Result: Hit Rate = 0.833333% (1/120)
		Round = 5 (Start m: 126)
--- Hamming Distance Stats ---
 Dist 1: 77 pairs
 Dist 2: 289 pairs
 Dist 3: 501 pairs
 Dist 4: 750 pairs
 Dist 5: 1272 pairs
 Dist 6: 1571 pairs
 Dist 7: 1453 pairs
 Dist 8: 1153 pairs
 Dist 9: 625 pairs
 Dist 10: 168 pairs
 Dist 11: 16 pairs
-------------------------------
  [HIT!] Dist=2 | Deleted: 4 cols
>> Round 5 Result: Hit Rate = 0.628931% (1/159)
		Round = 6 (Start m: 122)
--- Hamming Distance Stats ---
 Dist 1: 81 pairs
 Dist 2: 255 pairs
 Dist 3: 468 pairs
 Dist 4: 858 pairs
 Dist 5: 1412 pairs
 Dist 6: 1541 pairs
 Dist 7: 1211 pairs
 Dist 8: 865 pairs
 Dist 9: 501 pairs
 Dist 10: 166 pairs
 Dist 11: 23 pairs
-------------------------------
  [HIT!] Dist=2 | Deleted: 2 cols
>> Round 6 Result: Hit Rate = 0.769231% (1/130)
		Round = 7 (Start m: 120)
--- Hamming Distance Stats ---
 Dist 1: 66 pairs
 Dist 2: 227 pairs
 Dist 3: 441 pairs
 Dist 4: 798 pairs
 Dist 5: 1369 pairs
 Dist 6: 1536 pairs
 Dist 7: 1217 pairs
 Dist 8: 850 pairs
 Dist 9: 473 pairs
 Dist 10: 145 pairs
 Dist 11: 18 pairs
-------------------------------
  [HIT!] Dist=4 | Deleted: 2 cols
>> Round 7 Result: Hit Rate = 0.092081% (1/1086)
		Round = 8 (Start m: 118)
--- Hamming Distance Stats ---
 Dist 1: 71 pairs
 Dist 2: 215 pairs
 Dist 3: 416 pairs
 Dist 4: 704 pairs
 Dist 5: 1196 pairs
 Dist 6: 1403 pairs
 Dist 7: 1204 pairs
 Dist 8: 884 pairs
 Dist 9: 525 pairs
 Dist 10: 216 pairs
 Dist 11: 60 pairs
 Dist 12: 9 pairs
-------------------------------
>> Round 8 Result: Hit Rate = 0% (0/6903)

=== Final Performance Statistics ===
Hamming time:   3 ms
Chi time:       753 ms
Nullspace time: 13641 ms
Total attempts: 8411 (Success: 8)
END OF LEMPELX2 安定版
Total LempelX2_M4RI_Hamming time: 14526 ms
Hamming result size: 118 columns
		TODD executed in 14.5067 seconds.
		Total time: 14.507s
	Gate synthesis end.
	Total time: 29.7942s
UniversalOptimize end.
Output circuit:
n 24
n_x 24
n_y 0
n_z 0
m 3401
[0] = H 17
[1] = H 18
[2] = H 19
[3] = H 20
[4] = H 21
[5] = H 22
[6] = H 23
[7] = CNOT 16 17
[8] = CNOT 16 18
[9] = T 16
[10] = CNOT 16 18
[11] = CNOT 16 17
[12] = CNOT 8 10
[13] = T 8
[14] = S 8
[15] = CNOT 8 17
[16] = T 8
[17] = CNOT 8 10
[18] = CNOT 10 17
[19] = T 10
[20] = S 10
[21] = CNOT 10 17
[22] = CNOT 8 13
[23] = CNOT 8 15
[24] = CNOT 8 16
[25] = CNOT 8 18
[26] = T 8
[27] = CNOT 8 18
[28] = CNOT 8 17
[29] = CNOT 8 16
[30] = CNOT 8 15
[31] = CNOT 8 13
[32] = CNOT 6 11
[33] = T 6
[34] = S 6
[35] = CNOT 6 11
[36] = CNOT 7 8
[37] = CNOT 7 11
[38] = T 7
[39] = S 7
[40] = Z 7
[41] = CNOT 7 17
[42] = T 7
[43] = CNOT 7 11
[44] = CNOT 7 8
[45] = CNOT 8 11
[46] = CNOT 8 17
[47] = T 8
[48] = S 8
[49] = Z 8
[50] = CNOT 8 17
[51] = CNOT 8 11
[52] = CNOT 7 8
[53] = T 7
[54] = S 7
[55] = Z 7
[56] = CNOT 7 17
[57] = CNOT 7 8
[58] = CNOT 6 13
[59] = CNOT 6 16
[60] = T 6
[61] = Z 6
[62] = CNOT 6 16
[63] = CNOT 6 13
[64] = CNOT 6 12
[65] = CNOT 6 17
[66] = T 6
[67] = CNOT 6 12
[68] = CNOT 12 17
[69] = T 12
[70] = S 12
[71] = CNOT 12 17
[72] = T 6
[73] = S 6
[74] = Z 6
[75] = CNOT 1 16
[76] = T 1
[77] = S 1
[78] = CNOT 1 16
[79] = CNOT 4 13
[80] = T 4
[81] = CNOT 4 13
[82] = CNOT 5 13
[83] = CNOT 5 15
[84] = CNOT 5 17
[85] = T 5
[86] = CNOT 5 17
[87] = CNOT 8 9
[88] = T 8
[89] = S 8
[90] = CNOT 8 9
[91] = CNOT 5 16
[92] = T 5
[93] = CNOT 5 16
[94] = CNOT 5 15
[95] = CNOT 5 13
[96] = CNOT 3 4
[97] = CNOT 3 13
[98] = CNOT 3 14
[99] = CNOT 3 16
[100] = CNOT 3 18
[101] = T 3
[102] = CNOT 3 17
[103] = T 3
[104] = CNOT 3 4
[105] = T 3
[106] = CNOT 3 17
[107] = CNOT 3 14
[108] = CNOT 3 4
[109] = T 3
[110] = CNOT 3 18
[111] = CNOT 3 13
[112] = CNOT 3 4
[113] = CNOT 13 15
[114] = T 13
[115] = CNOT 13 15
[116] = CNOT 3 13
[117] = CNOT 3 15
[118] = T 3
[119] = CNOT 3 15
[120] = CNOT 3 13
[121] = CNOT 8 16
[122] = CNOT 8 17
[123] = CNOT 8 18
[124] = T 8
[125] = CNOT 8 17
[126] = CNOT 15 16
[127] = CNOT 15 17
[128] = CNOT 15 18
[129] = T 15
[130] = CNOT 15 18
[131] = CNOT 15 17
[132] = CNOT 15 16
[133] = CNOT 8 13
[134] = CNOT 8 15
[135] = CNOT 8 22
[136] = T 8
[137] = CNOT 8 22
[138] = CNOT 8 18
[139] = CNOT 8 15
[140] = CNOT 2 15
[141] = CNOT 2 16
[142] = T 2
[143] = S 2
[144] = Z 2
[145] = CNOT 2 17
[146] = T 2
[147] = CNOT 2 16
[148] = CNOT 8 23
[149] = T 8
[150] = CNOT 8 23
[151] = CNOT 8 16
[152] = CNOT 8 13
[153] = T 2
[154] = S 2
[155] = Z 2
[156] = CNOT 2 17
[157] = CNOT 2 15
[158] = CNOT 7 10
[159] = T 7
[160] = S 7
[161] = CNOT 7 10
[162] = CNOT 8 11
[163] = CNOT 8 18
[164] = T 8
[165] = CNOT 8 11
[166] = CNOT 11 18
[167] = T 11
[168] = S 11
[169] = CNOT 11 18
[170] = T 8
[171] = Z 8
[172] = CNOT 8 18
[173] = CNOT 7 12
[174] = T 7
[175] = S 7
[176] = CNOT 7 18
[177] = T 7
[178] = CNOT 7 12
[179] = CNOT 13 23
[180] = T 13
[181] = CNOT 13 23
[182] = CNOT 7 13
[183] = CNOT 7 15
[184] = CNOT 7 16
[185] = CNOT 7 22
[186] = T 7
[187] = CNOT 7 22
[188] = CNOT 7 15
[189] = CNOT 7 13
[190] = CNOT 6 8
[191] = CNOT 6 15
[192] = CNOT 6 16
[193] = T 6
[194] = CNOT 6 16
[195] = CNOT 6 13
[196] = CNOT 6 18
[197] = T 6
[198] = CNOT 6 13
[199] = T 7
[200] = S 7
[201] = Z 7
[202] = CNOT 7 18
[203] = CNOT 7 16
[204] = T 6
[205] = CNOT 6 18
[206] = CNOT 6 17
[207] = CNOT 6 15
[208] = CNOT 6 8
[209] = CNOT 5 12
[210] = CNOT 5 14
[211] = T 5
[212] = S 5
[213] = Z 5
[214] = CNOT 5 18
[215] = T 5
[216] = CNOT 5 14
[217] = CNOT 5 12
[218] = CNOT 12 14
[219] = CNOT 12 18
[220] = T 12
[221] = S 12
[222] = Z 12
[223] = CNOT 12 18
[224] = CNOT 12 14
[225] = CNOT 5 12
[226] = T 5
[227] = S 5
[228] = Z 5
[229] = CNOT 5 18
[230] = CNOT 5 12
[231] = CNOT 3 4
[232] = CNOT 3 13
[233] = CNOT 3 15
[234] = CNOT 3 17
[235] = CNOT 3 18
[236] = T 3
[237] = CNOT 3 18
[238] = CNOT 3 15
[239] = T 3
[240] = CNOT 3 4
[241] = CNOT 3 15
[242] = CNOT 3 18
[243] = T 3
[244] = CNOT 3 18
[245] = CNOT 3 4
[246] = T 3
[247] = CNOT 3 17
[248] = CNOT 3 16
[249] = CNOT 3 15
[250] = CNOT 3 4
[251] = T 3
[252] = S 3
[253] = CNOT 3 18
[254] = T 3
[255] = CNOT 3 18
[256] = CNOT 3 13
[257] = CNOT 8 13
[258] = CNOT 8 23
[259] = T 8
[260] = S 8
[261] = Z 8
[262] = CNOT 8 23
[263] = CNOT 8 13
[264] = CNOT 8 15
[265] = CNOT 8 16
[266] = T 8
[267] = S 8
[268] = CNOT 8 16
[269] = CNOT 8 15
[270] = T 2
[271] = S 2
[272] = Z 2
[273] = CNOT 8 12
[274] = T 8
[275] = S 8
[276] = CNOT 8 19
[277] = T 8
[278] = CNOT 8 12
[279] = CNOT 13 15
[280] = CNOT 13 16
[281] = CNOT 13 19
[282] = T 13
[283] = CNOT 13 19
[284] = CNOT 13 16
[285] = CNOT 13 15
[286] = T 8
[287] = S 8
[288] = CNOT 8 19
[289] = CNOT 7 13
[290] = CNOT 7 15
[291] = T 7
[292] = Z 7
[293] = CNOT 7 13
[294] = CNOT 7 16
[295] = CNOT 7 19
[296] = T 7
[297] = CNOT 3 14
[298] = T 3
[299] = S 3
[300] = Z 3
[301] = CNOT 7 13
[302] = T 7
[303] = CNOT 7 19
[304] = CNOT 7 16
[305] = CNOT 7 15
[306] = CNOT 7 13
[307] = CNOT 6 12
[308] = CNOT 6 14
[309] = T 6
[310] = S 6
[311] = Z 6
[312] = CNOT 6 19
[313] = T 6
[314] = CNOT 6 14
[315] = CNOT 6 12
[316] = CNOT 12 14
[317] = CNOT 12 19
[318] = T 12
[319] = S 12
[320] = Z 12
[321] = CNOT 12 19
[322] = CNOT 12 14
[323] = CNOT 6 12
[324] = T 6
[325] = S 6
[326] = Z 6
[327] = CNOT 6 19
[328] = CNOT 6 12
[329] = CNOT 5 16
[330] = T 5
[331] = CNOT 5 15
[332] = CNOT 5 19
[333] = T 5
[334] = CNOT 5 15
[335] = CNOT 8 13
[336] = CNOT 8 16
[337] = CNOT 8 18
[338] = CNOT 8 22
[339] = T 8
[340] = CNOT 8 22
[341] = CNOT 8 18
[342] = CNOT 8 13
[343] = T 5
[344] = S 5
[345] = Z 5
[346] = CNOT 5 19
[347] = CNOT 4 16
[348] = T 4
[349] = CNOT 4 19
[350] = T 4
[351] = CNOT 4 16
[352] = CNOT 13 16
[353] = CNOT 13 18
[354] = CNOT 13 22
[355] = T 13
[356] = CNOT 13 22
[357] = CNOT 13 18
[358] = CNOT 13 16
[359] = T 4
[360] = S 4
[361] = CNOT 4 19
[362] = T 9
[363] = Z 9
[364] = CNOT 8 15
[365] = CNOT 8 17
[366] = CNOT 8 20
[367] = T 8
[368] = CNOT 8 17
[369] = CNOT 8 16
[370] = CNOT 8 15
[371] = CNOT 13 15
[372] = CNOT 13 17
[373] = CNOT 13 20
[374] = T 13
[375] = CNOT 13 20
[376] = CNOT 13 17
[377] = CNOT 13 15
[378] = T 8
[379] = S 8
[380] = CNOT 8 20
[381] = CNOT 7 8
[382] = CNOT 7 14
[383] = T 7
[384] = S 7
[385] = Z 7
[386] = CNOT 7 20
[387] = T 7
[388] = CNOT 7 14
[389] = CNOT 7 8
[390] = CNOT 8 14
[391] = CNOT 8 20
[392] = T 8
[393] = S 8
[394] = Z 8
[395] = CNOT 8 20
[396] = CNOT 8 14
[397] = CNOT 7 8
[398] = T 7
[399] = S 7
[400] = Z 7
[401] = CNOT 7 20
[402] = CNOT 7 8
[403] = CNOT 6 8
[404] = CNOT 6 13
[405] = CNOT 6 16
[406] = CNOT 6 17
[407] = T 6
[408] = CNOT 6 15
[409] = CNOT 6 20
[410] = T 6
[411] = CNOT 6 15
[412] = CNOT 6 8
[413] = CNOT 8 13
[414] = CNOT 8 16
[415] = CNOT 8 17
[416] = CNOT 8 20
[417] = T 8
[418] = CNOT 8 20
[419] = CNOT 8 17
[420] = CNOT 8 16
[421] = CNOT 8 13
[422] = CNOT 6 8
[423] = T 6
[424] = CNOT 6 20
[425] = CNOT 6 17
[426] = CNOT 6 16
[427] = CNOT 6 13
[428] = CNOT 6 8
[429] = CNOT 5 15
[430] = CNOT 5 17
[431] = T 5
[432] = CNOT 5 16
[433] = CNOT 5 13
[434] = CNOT 5 20
[435] = T 5
[436] = CNOT 5 15
[437] = CNOT 15 16
[438] = CNOT 15 17
[439] = CNOT 15 20
[440] = T 15
[441] = CNOT 15 20
[442] = CNOT 15 17
[443] = CNOT 15 16
[444] = CNOT 5 15
[445] = CNOT 5 16
[446] = T 5
[447] = CNOT 5 20
[448] = CNOT 5 17
[449] = CNOT 5 16
[450] = CNOT 5 15
[451] = CNOT 5 13
[452] = CNOT 7 13
[453] = CNOT 7 15
[454] = CNOT 7 18
[455] = CNOT 7 22
[456] = T 7
[457] = CNOT 7 22
[458] = CNOT 7 18
[459] = CNOT 7 13
[460] = CNOT 3 13
[461] = CNOT 3 16
[462] = CNOT 3 18
[463] = T 3
[464] = CNOT 3 18
[465] = CNOT 3 16
[466] = CNOT 3 14
[467] = CNOT 3 13
[468] = CNOT 8 14
[469] = CNOT 8 21
[470] = T 8
[471] = CNOT 8 14
[472] = CNOT 14 21
[473] = T 14
[474] = S 14
[475] = CNOT 14 21
[476] = T 8
[477] = S 8
[478] = CNOT 8 21
[479] = CNOT 13 15
[480] = CNOT 13 18
[481] = CNOT 13 22
[482] = T 13
[483] = CNOT 13 22
[484] = CNOT 13 18
[485] = CNOT 13 15
[486] = CNOT 7 16
[487] = CNOT 7 21
[488] = T 7
[489] = CNOT 7 15
[490] = CNOT 15 16
[491] = CNOT 15 21
[492] = T 15
[493] = S 15
[494] = Z 15
[495] = CNOT 15 21
[496] = CNOT 15 16
[497] = T 7
[498] = S 7
[499] = Z 7
[500] = CNOT 7 21
[501] = CNOT 7 16
[502] = CNOT 6 13
[503] = T 6
[504] = S 6
[505] = Z 6
[506] = CNOT 6 13
[507] = CNOT 6 16
[508] = CNOT 6 21
[509] = T 6
[510] = CNOT 6 16
[511] = CNOT 13 16
[512] = CNOT 13 23
[513] = T 13
[514] = S 13
[515] = Z 13
[516] = CNOT 13 23
[517] = CNOT 13 16
[518] = T 6
[519] = S 6
[520] = CNOT 6 21
[521] = Z 1
[522] = S 3
[523] = S 4
[524] = S 5
[525] = Z 6
[526] = Z 8
[527] = S 10
[528] = Z 10
[529] = S 11
[530] = S 12
[531] = S 14
[532] = Z 14
[533] = S 15
[534] = Z 15
[535] = Z 16
[536] = S 17
[537] = S 19
[538] = Z 19
[539] = S 20
[540] = Z 20
[541] = S 21
[542] = Z 21
[543] = S 22
[544] = Z 22
[545] = CNOT 2 16
[546] = Z 2
[547] = CNOT 2 16
[548] = CNOT 2 17
[549] = Z 2
[550] = CNOT 2 17
[551] = CNOT 3 4
[552] = S 3
[553] = Z 3
[554] = CNOT 3 4
[555] = CNOT 3 15
[556] = S 3
[557] = CNOT 3 15
[558] = CNOT 3 16
[559] = S 3
[560] = Z 3
[561] = CNOT 3 16
[562] = CNOT 3 17
[563] = S 3
[564] = Z 3
[565] = CNOT 3 17
[566] = CNOT 3 18
[567] = Z 3
[568] = CNOT 3 18
[569] = CNOT 4 14
[570] = S 4
[571] = CNOT 4 14
[572] = CNOT 4 15
[573] = S 4
[574] = CNOT 4 15
[575] = CNOT 4 17
[576] = Z 4
[577] = CNOT 4 17
[578] = CNOT 4 18
[579] = Z 4
[580] = CNOT 4 18
[581] = CNOT 5 13
[582] = S 5
[583] = Z 5
[584] = CNOT 5 13
[585] = CNOT 5 14
[586] = Z 5
[587] = CNOT 5 14
[588] = CNOT 5 15
[589] = Z 5
[590] = CNOT 5 15
[591] = CNOT 5 17
[592] = S 5
[593] = Z 5
[594] = CNOT 5 17
[595] = CNOT 5 18
[596] = Z 5
[597] = CNOT 5 18
[598] = CNOT 5 19
[599] = Z 5
[600] = CNOT 5 19
[601] = CNOT 6 8
[602] = Z 6
[603] = CNOT 6 8
[604] = CNOT 6 14
[605] = Z 6
[606] = CNOT 6 14
[607] = CNOT 6 15
[608] = S 6
[609] = CNOT 6 15
[610] = CNOT 6 16
[611] = S 6
[612] = Z 6
[613] = CNOT 6 16
[614] = CNOT 6 19
[615] = Z 6
[616] = CNOT 6 19
[617] = CNOT 6 20
[618] = S 6
[619] = CNOT 6 20
[620] = CNOT 7 8
[621] = S 7
[622] = Z 7
[623] = CNOT 7 8
[624] = CNOT 7 11
[625] = Z 7
[626] = CNOT 7 11
[627] = CNOT 7 13
[628] = S 7
[629] = Z 7
[630] = CNOT 7 13
[631] = CNOT 7 14
[632] = Z 7
[633] = CNOT 7 14
[634] = CNOT 7 15
[635] = Z 7
[636] = CNOT 7 15
[637] = CNOT 7 16
[638] = S 7
[639] = CNOT 7 16
[640] = CNOT 7 17
[641] = Z 7
[642] = CNOT 7 17
[643] = CNOT 7 18
[644] = Z 7
[645] = CNOT 7 18
[646] = CNOT 7 19
[647] = S 7
[648] = Z 7
[649] = CNOT 7 19
[650] = CNOT 7 20
[651] = Z 7
[652] = CNOT 7 20
[653] = CNOT 7 21
[654] = Z 7
[655] = CNOT 7 21
[656] = CNOT 8 13
[657] = S 8
[658] = CNOT 8 13
[659] = CNOT 8 15
[660] = S 8
[661] = CNOT 8 15
[662] = CNOT 8 17
[663] = Z 8
[664] = CNOT 8 17
[665] = CNOT 8 23
[666] = Z 8
[667] = CNOT 8 23
[668] = CNOT 11 17
[669] = Z 11
[670] = CNOT 11 17
[671] = CNOT 12 14
[672] = S 12
[673] = Z 12
[674] = CNOT 12 14
[675] = CNOT 13 14
[676] = Z 13
[677] = CNOT 13 14
[678] = CNOT 13 16
[679] = S 13
[680] = Z 13
[681] = CNOT 13 16
[682] = CNOT 13 17
[683] = S 13
[684] = CNOT 13 17
[685] = CNOT 13 18
[686] = S 13
[687] = Z 13
[688] = CNOT 13 18
[689] = CNOT 13 19
[690] = S 13
[691] = Z 13
[692] = CNOT 13 19
[693] = CNOT 13 20
[694] = S 13
[695] = CNOT 13 20
[696] = CNOT 14 16
[697] = Z 14
[698] = CNOT 14 16
[699] = CNOT 14 17
[700] = S 14
[701] = CNOT 14 17
[702] = CNOT 14 19
[703] = Z 14
[704] = CNOT 14 19
[705] = CNOT 14 20
[706] = Z 14
[707] = CNOT 14 20
[708] = CNOT 15 16
[709] = S 15
[710] = CNOT 15 16
[711] = CNOT 15 18
[712] = Z 15
[713] = CNOT 15 18
[714] = CNOT 15 19
[715] = Z 15
[716] = CNOT 15 19
[717] = CNOT 15 21
[718] = Z 15
[719] = CNOT 15 21
[720] = CNOT 16 17
[721] = Z 16
[722] = CNOT 16 17
[723] = CNOT 16 18
[724] = S 16
[725] = CNOT 16 18
[726] = CNOT 16 20
[727] = S 16
[728] = CNOT 16 20
[729] = CNOT 16 23
[730] = Z 16
[731] = CNOT 16 23
[732] = CNOT 17 18
[733] = Z 17
[734] = CNOT 17 18
[735] = CNOT 17 20
[736] = S 17
[737] = CNOT 17 20
[738] = CNOT 3 4
[739] = CNOT 3 13
[740] = S 3
[741] = CNOT 3 13
[742] = CNOT 3 14
[743] = S 3
[744] = Z 3
[745] = CNOT 3 14
[746] = CNOT 3 15
[747] = S 3
[748] = Z 3
[749] = CNOT 3 15
[750] = CNOT 3 16
[751] = S 3
[752] = CNOT 3 16
[753] = CNOT 3 17
[754] = Z 3
[755] = CNOT 3 17
[756] = CNOT 3 18
[757] = Z 3
[758] = CNOT 3 18
[759] = CNOT 3 4
[760] = CNOT 3 13
[761] = CNOT 3 14
[762] = Z 3
[763] = CNOT 3 14
[764] = CNOT 3 15
[765] = Z 3
[766] = CNOT 3 15
[767] = CNOT 3 16
[768] = S 3
[769] = Z 3
[770] = CNOT 3 16
[771] = CNOT 3 17
[772] = S 3
[773] = CNOT 3 17
[774] = CNOT 3 13
[775] = CNOT 3 14
[776] = CNOT 3 16
[777] = Z 3
[778] = CNOT 3 16
[779] = CNOT 3 17
[780] = S 3
[781] = Z 3
[782] = CNOT 3 17
[783] = CNOT 3 18
[784] = Z 3
[785] = CNOT 3 18
[786] = CNOT 3 14
[787] = CNOT 3 15
[788] = CNOT 3 16
[789] = Z 3
[790] = CNOT 3 16
[791] = CNOT 3 17
[792] = S 3
[793] = Z 3
[794] = CNOT 3 17
[795] = CNOT 3 18
[796] = S 3
[797] = Z 3
[798] = CNOT 3 18
[799] = CNOT 3 15
[800] = CNOT 3 16
[801] = CNOT 3 17
[802] = S 3
[803] = CNOT 3 17
[804] = CNOT 3 18
[805] = S 3
[806] = CNOT 3 16
[807] = CNOT 3 17
[808] = Z 3
[809] = CNOT 3 18
[810] = CNOT 3 17
[811] = CNOT 4 13
[812] = CNOT 4 14
[813] = S 4
[814] = Z 4
[815] = CNOT 4 14
[816] = CNOT 4 15
[817] = S 4
[818] = Z 4
[819] = CNOT 4 15
[820] = CNOT 4 16
[821] = S 4
[822] = CNOT 4 16
[823] = CNOT 4 17
[824] = Z 4
[825] = CNOT 4 17
[826] = CNOT 4 18
[827] = Z 4
[828] = CNOT 4 18
[829] = CNOT 4 13
[830] = CNOT 4 14
[831] = CNOT 4 16
[832] = S 4
[833] = Z 4
[834] = CNOT 4 16
[835] = CNOT 4 18
[836] = S 4
[837] = Z 4
[838] = CNOT 4 18
[839] = CNOT 4 14
[840] = CNOT 4 15
[841] = CNOT 4 16
[842] = S 4
[843] = Z 4
[844] = CNOT 4 16
[845] = CNOT 4 17
[846] = S 4
[847] = Z 4
[848] = CNOT 4 15
[849] = CNOT 4 16
[850] = Z 4
[851] = CNOT 4 17
[852] = CNOT 4 18
[853] = Z 4
[854] = CNOT 4 16
[855] = CNOT 4 17
[856] = S 4
[857] = Z 4
[858] = CNOT 4 18
[859] = CNOT 4 17
[860] = CNOT 5 13
[861] = CNOT 5 15
[862] = Z 5
[863] = CNOT 5 15
[864] = CNOT 5 16
[865] = S 5
[866] = Z 5
[867] = CNOT 5 16
[868] = CNOT 5 17
[869] = S 5
[870] = Z 5
[871] = CNOT 5 17
[872] = CNOT 5 20
[873] = S 5
[874] = Z 5
[875] = CNOT 5 20
[876] = CNOT 5 13
[877] = CNOT 5 15
[878] = CNOT 5 16
[879] = Z 5
[880] = CNOT 5 16
[881] = CNOT 5 17
[882] = Z 5
[883] = CNOT 5 17
[884] = CNOT 5 20
[885] = S 5
[886] = Z 5
[887] = CNOT 5 20
[888] = CNOT 5 15
[889] = CNOT 5 16
[890] = CNOT 5 17
[891] = S 5
[892] = Z 5
[893] = CNOT 5 16
[894] = CNOT 5 20
[895] = S 5
[896] = Z 5
[897] = CNOT 5 20
[898] = CNOT 5 17
[899] = CNOT 6 8
[900] = CNOT 6 13
[901] = Z 6
[902] = CNOT 6 13
[903] = CNOT 6 15
[904] = Z 6
[905] = CNOT 6 15
[906] = CNOT 6 16
[907] = Z 6
[908] = CNOT 6 16
[909] = CNOT 6 17
[910] = S 6
[911] = CNOT 6 17
[912] = CNOT 6 18
[913] = S 6
[914] = Z 6
[915] = CNOT 6 18
[916] = CNOT 6 20
[917] = S 6
[918] = Z 6
[919] = CNOT 6 20
[920] = CNOT 6 8
[921] = CNOT 6 13
[922] = CNOT 6 15
[923] = S 6
[924] = Z 6
[925] = CNOT 6 15
[926] = CNOT 6 17
[927] = Z 6
[928] = CNOT 6 17
[929] = CNOT 6 20
[930] = S 6
[931] = Z 6
[932] = CNOT 6 20
[933] = CNOT 6 13
[934] = CNOT 6 15
[935] = CNOT 6 16
[936] = S 6
[937] = Z 6
[938] = CNOT 6 16
[939] = CNOT 6 17
[940] = Z 6
[941] = CNOT 6 17
[942] = CNOT 6 18
[943] = S 6
[944] = Z 6
[945] = CNOT 6 18
[946] = CNOT 6 15
[947] = CNOT 6 16
[948] = CNOT 6 17
[949] = Z 6
[950] = CNOT 6 17
[951] = CNOT 6 20
[952] = S 6
[953] = Z 6
[954] = CNOT 6 20
[955] = CNOT 6 16
[956] = CNOT 6 17
[957] = CNOT 6 18
[958] = S 6
[959] = Z 6
[960] = CNOT 6 18
[961] = CNOT 6 20
[962] = S 6
[963] = Z 6
[964] = CNOT 6 20
[965] = CNOT 6 17
[966] = CNOT 7 13
[967] = CNOT 7 16
[968] = S 7
[969] = Z 7
[970] = CNOT 7 16
[971] = CNOT 7 18
[972] = S 7
[973] = Z 7
[974] = CNOT 7 18
[975] = CNOT 7 22
[976] = S 7
[977] = Z 7
[978] = CNOT 7 22
[979] = CNOT 7 13
[980] = CNOT 7 15
[981] = CNOT 7 16
[982] = Z 7
[983] = CNOT 7 16
[984] = CNOT 7 18
[985] = S 7
[986] = Z 7
[987] = CNOT 7 18
[988] = CNOT 7 19
[989] = S 7
[990] = Z 7
[991] = CNOT 7 19
[992] = CNOT 7 22
[993] = S 7
[994] = Z 7
[995] = CNOT 7 22
[996] = CNOT 7 15
[997] = CNOT 7 16
[998] = CNOT 7 19
[999] = S 7
[1000] = Z 7
[1001] = CNOT 7 19
[1002] = CNOT 7 16
[1003] = CNOT 7 18
[1004] = CNOT 7 22
[1005] = S 7
[1006] = Z 7
[1007] = CNOT 7 22
[1008] = CNOT 7 18
[1009] = CNOT 8 13
[1010] = CNOT 8 15
[1011] = Z 8
[1012] = CNOT 8 15
[1013] = CNOT 8 17
[1014] = S 8
[1015] = CNOT 8 17
[1016] = CNOT 8 18
[1017] = Z 8
[1018] = CNOT 8 18
[1019] = CNOT 8 20
[1020] = S 8
[1021] = Z 8
[1022] = CNOT 8 20
[1023] = CNOT 8 22
[1024] = S 8
[1025] = Z 8
[1026] = CNOT 8 22
[1027] = CNOT 8 13
[1028] = CNOT 8 15
[1029] = CNOT 8 17
[1030] = S 8
[1031] = CNOT 8 17
[1032] = CNOT 8 18
[1033] = Z 8
[1034] = CNOT 8 18
[1035] = CNOT 8 20
[1036] = S 8
[1037] = Z 8
[1038] = CNOT 8 20
[1039] = CNOT 8 15
[1040] = CNOT 8 16
[1041] = CNOT 8 18
[1042] = Z 8
[1043] = CNOT 8 18
[1044] = CNOT 8 20
[1045] = Z 8
[1046] = CNOT 8 20
[1047] = CNOT 8 22
[1048] = S 8
[1049] = Z 8
[1050] = CNOT 8 22
[1051] = CNOT 8 16
[1052] = CNOT 8 17
[1053] = CNOT 8 18
[1054] = Z 8
[1055] = CNOT 8 18
[1056] = CNOT 8 20
[1057] = Z 8
[1058] = CNOT 8 20
[1059] = CNOT 8 17
[1060] = CNOT 8 18
[1061] = CNOT 8 22
[1062] = S 8
[1063] = Z 8
[1064] = CNOT 8 22
[1065] = CNOT 8 18
[1066] = CNOT 13 14
[1067] = CNOT 13 16
[1068] = Z 13
[1069] = CNOT 13 16
[1070] = CNOT 13 17
[1071] = S 13
[1072] = Z 13
[1073] = CNOT 13 17
[1074] = CNOT 13 18
[1075] = Z 13
[1076] = CNOT 13 18
[1077] = CNOT 13 14
[1078] = CNOT 13 15
[1079] = CNOT 13 16
[1080] = Z 13
[1081] = CNOT 13 16
[1082] = CNOT 13 17
[1083] = S 13
[1084] = Z 13
[1085] = CNOT 13 17
[1086] = CNOT 13 19
[1087] = S 13
[1088] = Z 13
[1089] = CNOT 13 19
[1090] = CNOT 13 20
[1091] = Z 13
[1092] = CNOT 13 20
[1093] = CNOT 13 22
[1094] = Z 13
[1095] = CNOT 13 22
[1096] = CNOT 13 15
[1097] = CNOT 13 16
[1098] = CNOT 13 17
[1099] = Z 13
[1100] = CNOT 13 17
[1101] = CNOT 13 18
[1102] = Z 13
[1103] = CNOT 13 18
[1104] = CNOT 13 19
[1105] = S 13
[1106] = Z 13
[1107] = CNOT 13 19
[1108] = CNOT 13 20
[1109] = Z 13
[1110] = CNOT 13 20
[1111] = CNOT 13 22
[1112] = Z 13
[1113] = CNOT 13 22
[1114] = CNOT 13 16
[1115] = CNOT 13 17
[1116] = CNOT 13 18
[1117] = S 13
[1118] = CNOT 13 18
[1119] = CNOT 13 20
[1120] = S 13
[1121] = CNOT 13 20
[1122] = CNOT 13 17
[1123] = CNOT 13 18
[1124] = CNOT 13 22
[1125] = S 13
[1126] = CNOT 13 22
[1127] = CNOT 13 18
[1128] = CNOT 14 16
[1129] = CNOT 14 17
[1130] = S 14
[1131] = Z 14
[1132] = CNOT 14 17
[1133] = CNOT 14 18
[1134] = Z 14
[1135] = CNOT 14 16
[1136] = CNOT 14 17
[1137] = S 14
[1138] = Z 14
[1139] = CNOT 14 18
[1140] = CNOT 14 17
[1141] = CNOT 15 16
[1142] = CNOT 15 17
[1143] = Z 15
[1144] = CNOT 15 17
[1145] = CNOT 15 18
[1146] = S 15
[1147] = CNOT 15 18
[1148] = CNOT 15 19
[1149] = Z 15
[1150] = CNOT 15 19
[1151] = CNOT 15 20
[1152] = Z 15
[1153] = CNOT 15 20
[1154] = CNOT 15 22
[1155] = S 15
[1156] = Z 15
[1157] = CNOT 15 22
[1158] = CNOT 15 16
[1159] = CNOT 15 17
[1160] = CNOT 15 18
[1161] = S 15
[1162] = CNOT 15 18
[1163] = CNOT 15 20
[1164] = S 15
[1165] = CNOT 15 20
[1166] = CNOT 15 17
[1167] = CNOT 15 18
[1168] = CNOT 15 22
[1169] = Z 15
[1170] = CNOT 15 22
[1171] = CNOT 15 18
[1172] = CNOT 16 17
[1173] = CNOT 16 20
[1174] = S 16
[1175] = CNOT 16 20
[1176] = CNOT 16 17
[1177] = CNOT 16 18
[1178] = CNOT 16 22
[1179] = Z 16
[1180] = CNOT 16 22
[1181] = CNOT 16 18
[1182] = CNOT 9 8
[1183] = CNOT 10 7
[1184] = CNOT 11 6
[1185] = CNOT 12 5
[1186] = CNOT 13 4
[1187] = CNOT 14 3
[1188] = CNOT 15 2
[1189] = CNOT 16 1
[1190] = H 17
[1191] = H 18
[1192] = H 19
[1193] = H 20
[1194] = H 21
[1195] = H 22
[1196] = H 23
[1197] = CNOT 19 23
[1198] = CNOT 18 23
[1199] = CNOT 17 23
[1200] = CNOT 24 22
[1201] = CNOT 18 22
[1202] = CNOT 17 22
[1203] = CNOT 24 21
[1204] = CNOT 23 21
[1205] = CNOT 17 21
[1206] = CNOT 24 20
[1207] = CNOT 23 20
[1208] = CNOT 22 20
[1209] = CNOT 23 19
[1210] = CNOT 22 19
[1211] = CNOT 21 19
[1212] = CNOT 22 18
[1213] = CNOT 21 18
[1214] = CNOT 20 18
[1215] = CNOT 21 17
[1216] = CNOT 20 17
[1217] = CNOT 19 17
[1218] = H 17
[1219] = H 18
[1220] = H 19
[1221] = H 20
[1222] = H 21
[1223] = H 22
[1224] = H 23
[1225] = H 24
[1226] = CNOT 9 24
[1227] = T 9
[1228] = CNOT 9 24
[1229] = CNOT 8 9
[1230] = CNOT 8 18
[1231] = T 8
[1232] = S 8
[1233] = Z 8
[1234] = CNOT 8 18
[1235] = CNOT 8 9
[1236] = CNOT 8 24
[1237] = T 8
[1238] = S 8
[1239] = CNOT 10 24
[1240] = T 10
[1241] = S 10
[1242] = Z 10
[1243] = CNOT 10 24
[1244] = CNOT 7 10
[1245] = CNOT 7 18
[1246] = T 7
[1247] = S 7
[1248] = Z 7
[1249] = CNOT 7 18
[1250] = CNOT 7 10
[1251] = CNOT 7 24
[1252] = T 7
[1253] = CNOT 7 24
[1254] = CNOT 11 24
[1255] = T 11
[1256] = CNOT 11 24
[1257] = CNOT 1 7
[1258] = CNOT 1 10
[1259] = CNOT 1 18
[1260] = T 1
[1261] = CNOT 1 18
[1262] = CNOT 1 10
[1263] = CNOT 1 7
[1264] = CNOT 6 24
[1265] = T 6
[1266] = CNOT 23 24
[1267] = T 23
[1268] = S 23
[1269] = CNOT 23 24
[1270] = CNOT 5 23
[1271] = CNOT 5 24
[1272] = T 5
[1273] = Z 5
[1274] = CNOT 5 12
[1275] = T 5
[1276] = CNOT 5 12
[1277] = CNOT 13 24
[1278] = T 13
[1279] = S 13
[1280] = CNOT 13 24
[1281] = CNOT 4 13
[1282] = CNOT 4 24
[1283] = T 4
[1284] = S 4
[1285] = Z 4
[1286] = CNOT 4 13
[1287] = T 4
[1288] = CNOT 14 24
[1289] = T 14
[1290] = S 14
[1291] = CNOT 14 24
[1292] = CNOT 3 14
[1293] = CNOT 3 24
[1294] = T 3
[1295] = S 3
[1296] = Z 3
[1297] = CNOT 3 24
[1298] = CNOT 3 14
[1299] = CNOT 2 7
[1300] = CNOT 2 10
[1301] = CNOT 2 19
[1302] = CNOT 2 24
[1303] = T 2
[1304] = CNOT 2 19
[1305] = CNOT 2 10
[1306] = CNOT 2 7
[1307] = CNOT 15 24
[1308] = T 15
[1309] = Z 15
[1310] = CNOT 15 24
[1311] = CNOT 2 15
[1312] = T 2
[1313] = S 2
[1314] = CNOT 2 24
[1315] = CNOT 2 15
[1316] = CNOT 2 18
[1317] = T 2
[1318] = S 2
[1319] = CNOT 2 18
[1320] = CNOT 16 24
[1321] = T 16
[1322] = Z 16
[1323] = CNOT 16 24
[1324] = CNOT 1 16
[1325] = CNOT 1 24
[1326] = T 1
[1327] = S 1
[1328] = Z 1
[1329] = CNOT 1 24
[1330] = CNOT 1 16
[1331] = CNOT 1 18
[1332] = T 1
[1333] = S 1
[1334] = CNOT 1 18
[1335] = CNOT 8 9
[1336] = CNOT 8 12
[1337] = CNOT 8 19
[1338] = T 8
[1339] = CNOT 8 24
[1340] = CNOT 8 19
[1341] = CNOT 8 12
[1342] = CNOT 8 9
[1343] = CNOT 3 17
[1344] = T 3
[1345] = S 3
[1346] = CNOT 3 17
[1347] = CNOT 7 8
[1348] = CNOT 7 9
[1349] = T 7
[1350] = S 7
[1351] = Z 7
[1352] = CNOT 7 23
[1353] = T 7
[1354] = CNOT 7 9
[1355] = CNOT 7 8
[1356] = CNOT 8 9
[1357] = CNOT 8 23
[1358] = T 8
[1359] = S 8
[1360] = Z 8
[1361] = CNOT 8 23
[1362] = CNOT 8 9
[1363] = T 7
[1364] = Z 7
[1365] = CNOT 7 23
[1366] = CNOT 6 7
[1367] = CNOT 6 10
[1368] = CNOT 6 12
[1369] = CNOT 6 19
[1370] = T 6
[1371] = CNOT 6 23
[1372] = T 6
[1373] = CNOT 6 10
[1374] = CNOT 6 7
[1375] = CNOT 7 10
[1376] = CNOT 7 12
[1377] = CNOT 7 19
[1378] = CNOT 7 23
[1379] = CNOT 7 24
[1380] = T 7
[1381] = CNOT 7 24
[1382] = CNOT 7 23
[1383] = CNOT 7 19
[1384] = CNOT 7 12
[1385] = CNOT 7 10
[1386] = T 6
[1387] = CNOT 6 12
[1388] = CNOT 6 11
[1389] = T 6
[1390] = CNOT 6 24
[1391] = CNOT 6 23
[1392] = CNOT 6 19
[1393] = CNOT 6 11
[1394] = CNOT 5 6
[1395] = CNOT 5 11
[1396] = CNOT 5 19
[1397] = T 5
[1398] = CNOT 5 23
[1399] = T 5
[1400] = CNOT 5 24
[1401] = CNOT 5 19
[1402] = CNOT 5 11
[1403] = CNOT 5 6
[1404] = CNOT 1 8
[1405] = CNOT 1 9
[1406] = CNOT 1 19
[1407] = CNOT 1 24
[1408] = T 1
[1409] = CNOT 1 24
[1410] = CNOT 1 19
[1411] = CNOT 1 9
[1412] = CNOT 1 8
[1413] = CNOT 1 3
[1414] = CNOT 1 17
[1415] = T 1
[1416] = S 1
[1417] = Z 1
[1418] = CNOT 1 17
[1419] = CNOT 1 3
[1420] = CNOT 4 5
[1421] = CNOT 4 12
[1422] = CNOT 4 19
[1423] = T 4
[1424] = CNOT 4 23
[1425] = T 4
[1426] = CNOT 4 12
[1427] = CNOT 4 5
[1428] = CNOT 3 8
[1429] = CNOT 3 9
[1430] = CNOT 3 17
[1431] = T 3
[1432] = CNOT 3 17
[1433] = CNOT 3 9
[1434] = CNOT 3 8
[1435] = T 4
[1436] = CNOT 4 24
[1437] = CNOT 4 23
[1438] = CNOT 4 19
[1439] = CNOT 12 23
[1440] = CNOT 12 24
[1441] = T 12
[1442] = S 12
[1443] = CNOT 12 24
[1444] = CNOT 12 23
[1445] = CNOT 1 3
[1446] = CNOT 1 4
[1447] = CNOT 1 13
[1448] = CNOT 1 19
[1449] = CNOT 1 24
[1450] = T 1
[1451] = CNOT 1 23
[1452] = T 1
[1453] = CNOT 1 3
[1454] = T 1
[1455] = CNOT 1 23
[1456] = CNOT 1 13
[1457] = CNOT 1 4
[1458] = T 23
[1459] = CNOT 1 2
[1460] = CNOT 1 14
[1461] = T 1
[1462] = CNOT 1 23
[1463] = T 1
[1464] = CNOT 1 2
[1465] = T 1
[1466] = CNOT 1 14
[1467] = CNOT 1 2
[1468] = CNOT 1 3
[1469] = T 1
[1470] = CNOT 1 23
[1471] = CNOT 1 3
[1472] = CNOT 1 15
[1473] = T 1
[1474] = CNOT 1 2
[1475] = CNOT 2 15
[1476] = CNOT 2 19
[1477] = CNOT 2 24
[1478] = T 2
[1479] = CNOT 2 23
[1480] = T 2
[1481] = CNOT 2 24
[1482] = CNOT 2 23
[1483] = CNOT 2 19
[1484] = CNOT 2 15
[1485] = CNOT 1 2
[1486] = CNOT 1 23
[1487] = T 1
[1488] = CNOT 1 24
[1489] = CNOT 1 23
[1490] = CNOT 1 19
[1491] = CNOT 1 15
[1492] = CNOT 1 2
[1493] = CNOT 2 8
[1494] = CNOT 2 9
[1495] = T 2
[1496] = S 2
[1497] = Z 2
[1498] = CNOT 2 8
[1499] = CNOT 6 8
[1500] = CNOT 6 9
[1501] = CNOT 6 12
[1502] = CNOT 6 19
[1503] = CNOT 6 24
[1504] = T 6
[1505] = CNOT 6 22
[1506] = T 6
[1507] = CNOT 6 9
[1508] = CNOT 6 8
[1509] = CNOT 8 9
[1510] = CNOT 8 12
[1511] = CNOT 8 19
[1512] = CNOT 8 22
[1513] = CNOT 8 24
[1514] = T 8
[1515] = CNOT 8 24
[1516] = CNOT 8 22
[1517] = CNOT 8 19
[1518] = CNOT 8 12
[1519] = CNOT 8 9
[1520] = T 6
[1521] = CNOT 6 24
[1522] = CNOT 6 22
[1523] = CNOT 6 19
[1524] = CNOT 6 12
[1525] = CNOT 5 7
[1526] = CNOT 5 10
[1527] = CNOT 5 12
[1528] = CNOT 5 19
[1529] = CNOT 5 24
[1530] = T 5
[1531] = CNOT 5 22
[1532] = T 5
[1533] = CNOT 5 24
[1534] = CNOT 5 22
[1535] = CNOT 5 19
[1536] = CNOT 5 12
[1537] = CNOT 5 10
[1538] = CNOT 5 7
[1539] = CNOT 7 10
[1540] = CNOT 7 12
[1541] = CNOT 7 19
[1542] = CNOT 7 22
[1543] = CNOT 7 24
[1544] = T 7
[1545] = CNOT 7 24
[1546] = CNOT 7 22
[1547] = CNOT 7 19
[1548] = CNOT 7 12
[1549] = CNOT 7 10
[1550] = CNOT 1 3
[1551] = CNOT 1 8
[1552] = CNOT 1 9
[1553] = CNOT 1 17
[1554] = T 1
[1555] = CNOT 1 17
[1556] = CNOT 1 9
[1557] = CNOT 1 8
[1558] = CNOT 1 4
[1559] = CNOT 1 6
[1560] = CNOT 1 11
[1561] = CNOT 1 19
[1562] = CNOT 1 24
[1563] = T 1
[1564] = CNOT 1 22
[1565] = T 1
[1566] = CNOT 1 4
[1567] = T 1
[1568] = CNOT 1 11
[1569] = CNOT 1 6
[1570] = CNOT 1 4
[1571] = T 1
[1572] = CNOT 1 24
[1573] = CNOT 1 22
[1574] = CNOT 1 19
[1575] = CNOT 1 4
[1576] = CNOT 1 3
[1577] = CNOT 3 5
[1578] = CNOT 3 12
[1579] = CNOT 3 19
[1580] = CNOT 3 24
[1581] = T 3
[1582] = CNOT 3 22
[1583] = T 3
[1584] = CNOT 3 24
[1585] = CNOT 3 22
[1586] = CNOT 3 19
[1587] = CNOT 3 12
[1588] = CNOT 3 5
[1589] = CNOT 2 8
[1590] = CNOT 2 18
[1591] = T 2
[1592] = CNOT 2 18
[1593] = CNOT 2 9
[1594] = CNOT 2 8
[1595] = CNOT 1 8
[1596] = CNOT 1 9
[1597] = T 1
[1598] = S 1
[1599] = CNOT 1 9
[1600] = CNOT 1 8
[1601] = CNOT 2 4
[1602] = CNOT 2 13
[1603] = CNOT 2 19
[1604] = CNOT 2 24
[1605] = T 2
[1606] = CNOT 2 22
[1607] = T 2
[1608] = CNOT 2 13
[1609] = CNOT 2 4
[1610] = CNOT 4 13
[1611] = CNOT 4 19
[1612] = CNOT 4 22
[1613] = CNOT 4 24
[1614] = T 4
[1615] = CNOT 4 22
[1616] = CNOT 4 13
[1617] = T 2
[1618] = CNOT 2 24
[1619] = CNOT 2 22
[1620] = CNOT 2 19
[1621] = CNOT 14 19
[1622] = CNOT 14 24
[1623] = T 14
[1624] = S 14
[1625] = CNOT 14 22
[1626] = T 14
[1627] = CNOT 14 24
[1628] = CNOT 14 22
[1629] = CNOT 14 19
[1630] = CNOT 1 14
[1631] = CNOT 1 19
[1632] = CNOT 1 22
[1633] = CNOT 1 24
[1634] = T 1
[1635] = CNOT 1 24
[1636] = CNOT 1 22
[1637] = CNOT 1 19
[1638] = CNOT 1 14
[1639] = CNOT 1 7
[1640] = CNOT 1 10
[1641] = T 1
[1642] = S 1
[1643] = Z 1
[1644] = CNOT 1 10
[1645] = CNOT 1 7
[1646] = CNOT 1 6
[1647] = CNOT 1 11
[1648] = CNOT 1 24
[1649] = T 1
[1650] = CNOT 5 8
[1651] = CNOT 5 9
[1652] = T 5
[1653] = S 5
[1654] = Z 5
[1655] = CNOT 5 21
[1656] = T 5
[1657] = CNOT 5 9
[1658] = CNOT 5 8
[1659] = CNOT 8 9
[1660] = CNOT 8 21
[1661] = T 8
[1662] = S 8
[1663] = Z 8
[1664] = CNOT 8 21
[1665] = CNOT 8 9
[1666] = T 5
[1667] = S 5
[1668] = Z 5
[1669] = CNOT 5 21
[1670] = CNOT 4 7
[1671] = CNOT 4 10
[1672] = T 4
[1673] = CNOT 4 21
[1674] = T 4
[1675] = CNOT 4 10
[1676] = CNOT 4 7
[1677] = CNOT 7 10
[1678] = CNOT 7 19
[1679] = CNOT 7 21
[1680] = CNOT 7 24
[1681] = T 7
[1682] = CNOT 7 24
[1683] = CNOT 7 21
[1684] = CNOT 7 19
[1685] = CNOT 7 10
[1686] = T 4
[1687] = CNOT 1 3
[1688] = CNOT 1 19
[1689] = T 1
[1690] = CNOT 1 21
[1691] = T 1
[1692] = CNOT 1 3
[1693] = T 1
[1694] = CNOT 1 11
[1695] = CNOT 1 6
[1696] = CNOT 1 3
[1697] = T 1
[1698] = CNOT 1 3
[1699] = CNOT 2 5
[1700] = CNOT 2 12
[1701] = T 2
[1702] = S 2
[1703] = Z 2
[1704] = CNOT 2 21
[1705] = T 2
[1706] = CNOT 2 12
[1707] = CNOT 2 5
[1708] = CNOT 5 12
[1709] = CNOT 5 21
[1710] = T 5
[1711] = S 5
[1712] = Z 5
[1713] = CNOT 5 21
[1714] = CNOT 5 12
[1715] = T 2
[1716] = S 2
[1717] = CNOT 2 21
[1718] = CNOT 3 8
[1719] = CNOT 3 9
[1720] = CNOT 3 24
[1721] = T 3
[1722] = CNOT 3 24
[1723] = CNOT 3 9
[1724] = CNOT 3 8
[1725] = CNOT 4 13
[1726] = T 4
[1727] = CNOT 4 24
[1728] = CNOT 4 21
[1729] = CNOT 4 19
[1730] = CNOT 4 13
[1731] = CNOT 1 4
[1732] = CNOT 1 13
[1733] = T 1
[1734] = CNOT 1 21
[1735] = CNOT 1 13
[1736] = CNOT 2 7
[1737] = CNOT 2 10
[1738] = CNOT 2 24
[1739] = T 2
[1740] = CNOT 2 24
[1741] = CNOT 2 10
[1742] = CNOT 2 7
[1743] = CNOT 1 3
[1744] = CNOT 1 8
[1745] = CNOT 1 9
[1746] = T 1
[1747] = CNOT 1 20
[1748] = T 1
[1749] = CNOT 1 4
[1750] = T 1
[1751] = CNOT 1 9
[1752] = CNOT 1 8
[1753] = CNOT 1 4
[1754] = T 1
[1755] = CNOT 1 20
[1756] = CNOT 1 4
[1757] = CNOT 1 3
[1758] = CNOT 3 7
[1759] = CNOT 3 10
[1760] = T 3
[1761] = S 3
[1762] = Z 3
[1763] = CNOT 3 20
[1764] = T 3
[1765] = CNOT 3 10
[1766] = CNOT 3 7
[1767] = CNOT 7 10
[1768] = CNOT 7 20
[1769] = T 7
[1770] = S 7
[1771] = Z 7
[1772] = CNOT 7 20
[1773] = CNOT 7 10
[1774] = T 3
[1775] = S 3
[1776] = Z 3
[1777] = CNOT 3 20
[1778] = CNOT 1 2
[1779] = CNOT 1 3
[1780] = CNOT 1 6
[1781] = CNOT 1 11
[1782] = T 1
[1783] = CNOT 1 20
[1784] = T 1
[1785] = CNOT 1 2
[1786] = T 1
[1787] = CNOT 1 11
[1788] = CNOT 1 6
[1789] = CNOT 1 2
[1790] = T 1
[1791] = CNOT 1 24
[1792] = CNOT 1 20
[1793] = CNOT 1 19
[1794] = CNOT 1 3
[1795] = CNOT 1 2
[1796] = CNOT 1 5
[1797] = CNOT 1 12
[1798] = T 1
[1799] = S 1
[1800] = Z 1
[1801] = CNOT 1 20
[1802] = T 1
[1803] = CNOT 1 12
[1804] = CNOT 1 5
[1805] = CNOT 5 12
[1806] = CNOT 5 20
[1807] = T 5
[1808] = S 5
[1809] = Z 5
[1810] = CNOT 5 20
[1811] = CNOT 5 12
[1812] = T 1
[1813] = S 1
[1814] = Z 1
[1815] = CNOT 1 20
[1816] = Z 2
[1817] = Z 3
[1818] = S 4
[1819] = Z 5
[1820] = Z 9
[1821] = Z 11
[1822] = Z 13
[1823] = S 14
[1824] = Z 14
[1825] = Z 15
[1826] = S 17
[1827] = S 18
[1828] = S 19
[1829] = S 21
[1830] = S 22
[1831] = Z 22
[1832] = CNOT 1 3
[1833] = Z 1
[1834] = CNOT 1 3
[1835] = CNOT 1 5
[1836] = Z 1
[1837] = CNOT 1 5
[1838] = CNOT 1 7
[1839] = Z 1
[1840] = CNOT 1 7
[1841] = CNOT 1 8
[1842] = Z 1
[1843] = CNOT 1 8
[1844] = CNOT 1 9
[1845] = Z 1
[1846] = CNOT 1 9
[1847] = CNOT 1 10
[1848] = Z 1
[1849] = CNOT 1 10
[1850] = CNOT 1 12
[1851] = Z 1
[1852] = CNOT 1 12
[1853] = CNOT 1 13
[1854] = Z 1
[1855] = CNOT 1 13
[1856] = CNOT 1 16
[1857] = Z 1
[1858] = CNOT 1 16
[1859] = CNOT 1 17
[1860] = Z 1
[1861] = CNOT 1 17
[1862] = CNOT 1 19
[1863] = S 1
[1864] = CNOT 1 19
[1865] = CNOT 1 21
[1866] = S 1
[1867] = CNOT 1 21
[1868] = CNOT 1 22
[1869] = Z 1
[1870] = CNOT 1 22
[1871] = CNOT 1 23
[1872] = Z 1
[1873] = CNOT 1 23
[1874] = CNOT 1 24
[1875] = Z 1
[1876] = CNOT 1 24
[1877] = CNOT 2 3
[1878] = S 2
[1879] = Z 2
[1880] = CNOT 2 3
[1881] = CNOT 2 5
[1882] = Z 2
[1883] = CNOT 2 5
[1884] = CNOT 2 6
[1885] = Z 2
[1886] = CNOT 2 6
[1887] = CNOT 2 7
[1888] = S 2
[1889] = Z 2
[1890] = CNOT 2 7
[1891] = CNOT 2 8
[1892] = Z 2
[1893] = CNOT 2 8
[1894] = CNOT 2 9
[1895] = Z 2
[1896] = CNOT 2 9
[1897] = CNOT 2 10
[1898] = S 2
[1899] = Z 2
[1900] = CNOT 2 10
[1901] = CNOT 2 11
[1902] = Z 2
[1903] = CNOT 2 11
[1904] = CNOT 2 12
[1905] = Z 2
[1906] = CNOT 2 12
[1907] = CNOT 2 15
[1908] = Z 2
[1909] = CNOT 2 15
[1910] = CNOT 2 19
[1911] = S 2
[1912] = Z 2
[1913] = CNOT 2 19
[1914] = CNOT 2 20
[1915] = S 2
[1916] = CNOT 2 20
[1917] = CNOT 2 22
[1918] = S 2
[1919] = Z 2
[1920] = CNOT 2 22
[1921] = CNOT 3 4
[1922] = S 3
[1923] = Z 3
[1924] = CNOT 3 4
[1925] = CNOT 3 7
[1926] = Z 3
[1927] = CNOT 3 7
[1928] = CNOT 3 8
[1929] = Z 3
[1930] = CNOT 3 8
[1931] = CNOT 3 9
[1932] = Z 3
[1933] = CNOT 3 9
[1934] = CNOT 3 10
[1935] = Z 3
[1936] = CNOT 3 10
[1937] = CNOT 3 13
[1938] = S 3
[1939] = CNOT 3 13
[1940] = CNOT 3 14
[1941] = Z 3
[1942] = CNOT 3 14
[1943] = CNOT 3 19
[1944] = S 3
[1945] = Z 3
[1946] = CNOT 3 19
[1947] = CNOT 3 22
[1948] = Z 3
[1949] = CNOT 3 22
[1950] = CNOT 4 6
[1951] = Z 4
[1952] = CNOT 4 6
[1953] = CNOT 4 8
[1954] = Z 4
[1955] = CNOT 4 8
[1956] = CNOT 4 9
[1957] = Z 4
[1958] = CNOT 4 9
[1959] = CNOT 4 11
[1960] = Z 4
[1961] = CNOT 4 11
[1962] = CNOT 4 13
[1963] = S 4
[1964] = CNOT 4 13
[1965] = CNOT 4 19
[1966] = S 4
[1967] = CNOT 4 19
[1968] = CNOT 4 20
[1969] = S 4
[1970] = CNOT 4 20
[1971] = CNOT 4 21
[1972] = S 4
[1973] = Z 4
[1974] = CNOT 4 21
[1975] = CNOT 4 22
[1976] = S 4
[1977] = CNOT 4 22
[1978] = CNOT 5 7
[1979] = S 5
[1980] = CNOT 5 7
[1981] = CNOT 5 8
[1982] = Z 5
[1983] = CNOT 5 8
[1984] = CNOT 5 9
[1985] = Z 5
[1986] = CNOT 5 9
[1987] = CNOT 5 10
[1988] = S 5
[1989] = CNOT 5 10
[1990] = CNOT 5 19
[1991] = S 5
[1992] = Z 5
[1993] = CNOT 5 19
[1994] = CNOT 5 20
[1995] = Z 5
[1996] = CNOT 5 20
[1997] = CNOT 5 23
[1998] = Z 5
[1999] = CNOT 5 23
[2000] = CNOT 5 24
[2001] = S 5
[2002] = Z 5
[2003] = CNOT 5 24
[2004] = CNOT 6 7
[2005] = S 6
[2006] = CNOT 6 7
[2007] = CNOT 6 8
[2008] = S 6
[2009] = CNOT 6 8
[2010] = CNOT 6 9
[2011] = S 6
[2012] = CNOT 6 9
[2013] = CNOT 6 10
[2014] = S 6
[2015] = CNOT 6 10
[2016] = CNOT 6 12
[2017] = S 6
[2018] = Z 6
[2019] = CNOT 6 12
[2020] = CNOT 6 20
[2021] = Z 6
[2022] = CNOT 6 20
[2023] = CNOT 6 21
[2024] = S 6
[2025] = CNOT 6 21
[2026] = CNOT 6 22
[2027] = Z 6
[2028] = CNOT 6 22
[2029] = CNOT 7 8
[2030] = Z 7
[2031] = CNOT 7 8
[2032] = CNOT 7 9
[2033] = Z 7
[2034] = CNOT 7 9
[2035] = CNOT 7 10
[2036] = Z 7
[2037] = CNOT 7 10
[2038] = CNOT 7 18
[2039] = Z 7
[2040] = CNOT 7 18
[2041] = CNOT 7 20
[2042] = Z 7
[2043] = CNOT 7 20
[2044] = CNOT 7 22
[2045] = S 7
[2046] = CNOT 7 22
[2047] = CNOT 8 9
[2048] = S 8
[2049] = Z 8
[2050] = CNOT 8 9
[2051] = CNOT 8 12
[2052] = Z 8
[2053] = CNOT 8 12
[2054] = CNOT 8 17
[2055] = S 8
[2056] = Z 8
[2057] = CNOT 8 17
[2058] = CNOT 8 18
[2059] = Z 8
[2060] = CNOT 8 18
[2061] = CNOT 8 19
[2062] = S 8
[2063] = CNOT 8 19
[2064] = CNOT 8 20
[2065] = Z 8
[2066] = CNOT 8 20
[2067] = CNOT 8 21
[2068] = Z 8
[2069] = CNOT 8 21
[2070] = CNOT 8 22
[2071] = S 8
[2072] = CNOT 8 22
[2073] = CNOT 8 23
[2074] = Z 8
[2075] = CNOT 8 23
[2076] = CNOT 9 12
[2077] = Z 9
[2078] = CNOT 9 12
[2079] = CNOT 9 17
[2080] = S 9
[2081] = Z 9
[2082] = CNOT 9 17
[2083] = CNOT 9 18
[2084] = Z 9
[2085] = CNOT 9 18
[2086] = CNOT 9 19
[2087] = S 9
[2088] = CNOT 9 19
[2089] = CNOT 9 20
[2090] = Z 9
[2091] = CNOT 9 20
[2092] = CNOT 9 21
[2093] = Z 9
[2094] = CNOT 9 21
[2095] = CNOT 9 22
[2096] = S 9
[2097] = CNOT 9 22
[2098] = CNOT 9 23
[2099] = Z 9
[2100] = CNOT 9 23
[2101] = CNOT 10 18
[2102] = Z 10
[2103] = CNOT 10 18
[2104] = CNOT 10 20
[2105] = Z 10
[2106] = CNOT 10 20
[2107] = CNOT 10 22
[2108] = S 10
[2109] = CNOT 10 22
[2110] = CNOT 10 23
[2111] = S 10
[2112] = CNOT 10 23
[2113] = CNOT 11 19
[2114] = S 11
[2115] = CNOT 11 19
[2116] = CNOT 11 20
[2117] = Z 11
[2118] = CNOT 11 20
[2119] = CNOT 11 21
[2120] = S 11
[2121] = CNOT 11 21
[2122] = CNOT 11 22
[2123] = Z 11
[2124] = CNOT 11 22
[2125] = CNOT 12 19
[2126] = S 12
[2127] = Z 12
[2128] = CNOT 12 19
[2129] = CNOT 12 20
[2130] = Z 12
[2131] = CNOT 12 20
[2132] = CNOT 12 21
[2133] = Z 12
[2134] = CNOT 12 21
[2135] = CNOT 12 22
[2136] = S 12
[2137] = Z 12
[2138] = CNOT 12 22
[2139] = CNOT 12 24
[2140] = Z 12
[2141] = CNOT 12 24
[2142] = CNOT 13 19
[2143] = S 13
[2144] = Z 13
[2145] = CNOT 13 19
[2146] = CNOT 13 23
[2147] = S 13
[2148] = CNOT 13 23
[2149] = CNOT 14 19
[2150] = S 14
[2151] = Z 14
[2152] = CNOT 14 19
[2153] = CNOT 14 22
[2154] = S 14
[2155] = Z 14
[2156] = CNOT 14 22
[2157] = CNOT 19 20
[2158] = Z 19
[2159] = CNOT 19 20
[2160] = CNOT 19 21
[2161] = Z 19
[2162] = CNOT 19 21
[2163] = CNOT 19 22
[2164] = Z 19
[2165] = CNOT 19 22
[2166] = CNOT 19 23
[2167] = S 19
[2168] = CNOT 19 23
[2169] = CNOT 19 24
[2170] = S 19
[2171] = Z 19
[2172] = CNOT 19 24
[2173] = CNOT 20 24
[2174] = Z 20
[2175] = CNOT 20 24
[2176] = CNOT 21 24
[2177] = Z 21
[2178] = CNOT 21 24
[2179] = CNOT 22 24
[2180] = Z 22
[2181] = CNOT 22 24
[2182] = CNOT 1 2
[2183] = CNOT 1 3
[2184] = Z 1
[2185] = CNOT 1 3
[2186] = CNOT 1 6
[2187] = S 1
[2188] = Z 1
[2189] = CNOT 1 6
[2190] = CNOT 1 11
[2191] = S 1
[2192] = Z 1
[2193] = CNOT 1 11
[2194] = CNOT 1 14
[2195] = S 1
[2196] = Z 1
[2197] = CNOT 1 14
[2198] = CNOT 1 15
[2199] = S 1
[2200] = Z 1
[2201] = CNOT 1 15
[2202] = CNOT 1 20
[2203] = S 1
[2204] = Z 1
[2205] = CNOT 1 20
[2206] = CNOT 1 23
[2207] = S 1
[2208] = Z 1
[2209] = CNOT 1 23
[2210] = CNOT 1 2
[2211] = CNOT 1 3
[2212] = CNOT 1 8
[2213] = Z 1
[2214] = CNOT 1 8
[2215] = CNOT 1 9
[2216] = Z 1
[2217] = CNOT 1 9
[2218] = CNOT 1 13
[2219] = S 1
[2220] = Z 1
[2221] = CNOT 1 13
[2222] = CNOT 1 19
[2223] = S 1
[2224] = Z 1
[2225] = CNOT 1 19
[2226] = CNOT 1 20
[2227] = S 1
[2228] = CNOT 1 20
[2229] = CNOT 1 21
[2230] = S 1
[2231] = Z 1
[2232] = CNOT 1 21
[2233] = CNOT 1 22
[2234] = S 1
[2235] = Z 1
[2236] = CNOT 1 22
[2237] = CNOT 1 23
[2238] = S 1
[2239] = Z 1
[2240] = CNOT 1 23
[2241] = CNOT 1 24
[2242] = S 1
[2243] = Z 1
[2244] = CNOT 1 24
[2245] = CNOT 1 3
[2246] = CNOT 1 4
[2247] = CNOT 1 6
[2248] = S 1
[2249] = Z 1
[2250] = CNOT 1 6
[2251] = CNOT 1 8
[2252] = S 1
[2253] = Z 1
[2254] = CNOT 1 8
[2255] = CNOT 1 9
[2256] = S 1
[2257] = Z 1
[2258] = CNOT 1 9
[2259] = CNOT 1 11
[2260] = S 1
[2261] = Z 1
[2262] = CNOT 1 11
[2263] = CNOT 1 13
[2264] = Z 1
[2265] = CNOT 1 13
[2266] = CNOT 1 19
[2267] = S 1
[2268] = Z 1
[2269] = CNOT 1 19
[2270] = CNOT 1 20
[2271] = S 1
[2272] = Z 1
[2273] = CNOT 1 20
[2274] = CNOT 1 22
[2275] = S 1
[2276] = Z 1
[2277] = CNOT 1 22
[2278] = CNOT 1 23
[2279] = S 1
[2280] = Z 1
[2281] = CNOT 1 23
[2282] = CNOT 1 24
[2283] = S 1
[2284] = Z 1
[2285] = CNOT 1 24
[2286] = CNOT 1 4
[2287] = CNOT 1 6
[2288] = CNOT 1 11
[2289] = S 1
[2290] = Z 1
[2291] = CNOT 1 11
[2292] = CNOT 1 20
[2293] = S 1
[2294] = Z 1
[2295] = CNOT 1 20
[2296] = CNOT 1 21
[2297] = S 1
[2298] = Z 1
[2299] = CNOT 1 21
[2300] = CNOT 1 22
[2301] = S 1
[2302] = Z 1
[2303] = CNOT 1 22
[2304] = CNOT 1 24
[2305] = S 1
[2306] = Z 1
[2307] = CNOT 1 24
[2308] = CNOT 1 6
[2309] = CNOT 1 8
[2310] = CNOT 1 19
[2311] = Z 1
[2312] = CNOT 1 19
[2313] = CNOT 1 20
[2314] = S 1
[2315] = Z 1
[2316] = CNOT 1 20
[2317] = CNOT 1 24
[2318] = Z 1
[2319] = CNOT 1 24
[2320] = CNOT 1 8
[2321] = CNOT 1 9
[2322] = CNOT 1 19
[2323] = Z 1
[2324] = CNOT 1 19
[2325] = CNOT 1 20
[2326] = S 1
[2327] = Z 1
[2328] = CNOT 1 20
[2329] = CNOT 1 24
[2330] = Z 1
[2331] = CNOT 1 24
[2332] = CNOT 1 9
[2333] = CNOT 1 11
[2334] = CNOT 1 20
[2335] = S 1
[2336] = Z 1
[2337] = CNOT 1 20
[2338] = CNOT 1 21
[2339] = S 1
[2340] = Z 1
[2341] = CNOT 1 21
[2342] = CNOT 1 22
[2343] = S 1
[2344] = Z 1
[2345] = CNOT 1 22
[2346] = CNOT 1 24
[2347] = S 1
[2348] = Z 1
[2349] = CNOT 1 24
[2350] = CNOT 1 11
[2351] = CNOT 1 13
[2352] = CNOT 1 19
[2353] = Z 1
[2354] = CNOT 1 19
[2355] = CNOT 1 23
[2356] = S 1
[2357] = Z 1
[2358] = CNOT 1 23
[2359] = CNOT 1 24
[2360] = Z 1
[2361] = CNOT 1 24
[2362] = CNOT 1 13
[2363] = CNOT 1 14
[2364] = CNOT 1 19
[2365] = Z 1
[2366] = CNOT 1 19
[2367] = CNOT 1 23
[2368] = S 1
[2369] = Z 1
[2370] = CNOT 1 23
[2371] = CNOT 1 24
[2372] = Z 1
[2373] = CNOT 1 24
[2374] = CNOT 1 14
[2375] = CNOT 1 15
[2376] = CNOT 1 19
[2377] = S 1
[2378] = Z 1
[2379] = CNOT 1 19
[2380] = CNOT 1 24
[2381] = S 1
[2382] = Z 1
[2383] = CNOT 1 24
[2384] = CNOT 1 15
[2385] = CNOT 1 19
[2386] = CNOT 1 20
[2387] = S 1
[2388] = CNOT 1 20
[2389] = CNOT 1 21
[2390] = Z 1
[2391] = CNOT 1 21
[2392] = CNOT 1 22
[2393] = Z 1
[2394] = CNOT 1 22
[2395] = CNOT 1 23
[2396] = S 1
[2397] = CNOT 1 23
[2398] = CNOT 1 24
[2399] = Z 1
[2400] = CNOT 1 19
[2401] = CNOT 1 20
[2402] = S 1
[2403] = CNOT 1 20
[2404] = CNOT 1 21
[2405] = Z 1
[2406] = CNOT 1 21
[2407] = CNOT 1 22
[2408] = Z 1
[2409] = CNOT 1 22
[2410] = CNOT 1 23
[2411] = S 1
[2412] = CNOT 1 24
[2413] = CNOT 1 23
[2414] = CNOT 2 3
[2415] = CNOT 2 6
[2416] = S 2
[2417] = Z 2
[2418] = CNOT 2 6
[2419] = CNOT 2 11
[2420] = S 2
[2421] = Z 2
[2422] = CNOT 2 11
[2423] = CNOT 2 19
[2424] = Z 2
[2425] = CNOT 2 19
[2426] = CNOT 2 20
[2427] = S 2
[2428] = Z 2
[2429] = CNOT 2 20
[2430] = CNOT 2 24
[2431] = Z 2
[2432] = CNOT 2 24
[2433] = CNOT 2 3
[2434] = CNOT 2 4
[2435] = CNOT 2 13
[2436] = S 2
[2437] = Z 2
[2438] = CNOT 2 13
[2439] = CNOT 2 19
[2440] = S 2
[2441] = Z 2
[2442] = CNOT 2 19
[2443] = CNOT 2 24
[2444] = S 2
[2445] = Z 2
[2446] = CNOT 2 24
[2447] = CNOT 2 4
[2448] = CNOT 2 6
[2449] = CNOT 2 11
[2450] = S 2
[2451] = Z 2
[2452] = CNOT 2 11
[2453] = CNOT 2 19
[2454] = S 2
[2455] = Z 2
[2456] = CNOT 2 19
[2457] = CNOT 2 24
[2458] = S 2
[2459] = Z 2
[2460] = CNOT 2 24
[2461] = CNOT 2 6
[2462] = CNOT 2 7
[2463] = CNOT 2 10
[2464] = S 2
[2465] = Z 2
[2466] = CNOT 2 10
[2467] = CNOT 2 24
[2468] = S 2
[2469] = Z 2
[2470] = CNOT 2 7
[2471] = CNOT 2 10
[2472] = S 2
[2473] = Z 2
[2474] = CNOT 2 24
[2475] = CNOT 2 10
[2476] = CNOT 2 11
[2477] = CNOT 2 19
[2478] = S 2
[2479] = Z 2
[2480] = CNOT 2 19
[2481] = CNOT 2 24
[2482] = S 2
[2483] = Z 2
[2484] = CNOT 2 24
[2485] = CNOT 2 11
[2486] = CNOT 2 13
[2487] = CNOT 2 19
[2488] = S 2
[2489] = Z 2
[2490] = CNOT 2 19
[2491] = CNOT 2 24
[2492] = S 2
[2493] = Z 2
[2494] = CNOT 2 24
[2495] = CNOT 2 13
[2496] = CNOT 2 14
[2497] = CNOT 2 19
[2498] = S 2
[2499] = Z 2
[2500] = CNOT 2 19
[2501] = CNOT 2 24
[2502] = S 2
[2503] = Z 2
[2504] = CNOT 2 24
[2505] = CNOT 2 14
[2506] = CNOT 2 15
[2507] = CNOT 2 19
[2508] = Z 2
[2509] = CNOT 2 19
[2510] = CNOT 2 23
[2511] = S 2
[2512] = Z 2
[2513] = CNOT 2 23
[2514] = CNOT 2 15
[2515] = CNOT 2 19
[2516] = CNOT 2 20
[2517] = S 2
[2518] = Z 2
[2519] = CNOT 2 20
[2520] = CNOT 2 22
[2521] = S 2
[2522] = Z 2
[2523] = CNOT 2 22
[2524] = CNOT 2 23
[2525] = Z 2
[2526] = CNOT 2 23
[2527] = CNOT 2 24
[2528] = S 2
[2529] = CNOT 2 19
[2530] = CNOT 2 20
[2531] = S 2
[2532] = Z 2
[2533] = CNOT 2 20
[2534] = CNOT 2 22
[2535] = S 2
[2536] = Z 2
[2537] = CNOT 2 22
[2538] = CNOT 2 23
[2539] = Z 2
[2540] = CNOT 2 24
[2541] = CNOT 2 23
[2542] = CNOT 3 4
[2543] = CNOT 3 6
[2544] = S 3
[2545] = Z 3
[2546] = CNOT 3 6
[2547] = CNOT 3 8
[2548] = S 3
[2549] = Z 3
[2550] = CNOT 3 8
[2551] = CNOT 3 9
[2552] = S 3
[2553] = Z 3
[2554] = CNOT 3 9
[2555] = CNOT 3 11
[2556] = S 3
[2557] = Z 3
[2558] = CNOT 3 11
[2559] = CNOT 3 13
[2560] = S 3
[2561] = Z 3
[2562] = CNOT 3 13
[2563] = CNOT 3 20
[2564] = S 3
[2565] = Z 3
[2566] = CNOT 3 20
[2567] = CNOT 3 22
[2568] = S 3
[2569] = Z 3
[2570] = CNOT 3 22
[2571] = CNOT 3 4
[2572] = CNOT 3 5
[2573] = CNOT 3 12
[2574] = S 3
[2575] = Z 3
[2576] = CNOT 3 12
[2577] = CNOT 3 19
[2578] = S 3
[2579] = Z 3
[2580] = CNOT 3 19
[2581] = CNOT 3 24
[2582] = S 3
[2583] = Z 3
[2584] = CNOT 3 24
[2585] = CNOT 3 5
[2586] = CNOT 3 6
[2587] = CNOT 3 20
[2588] = S 3
[2589] = Z 3
[2590] = CNOT 3 20
[2591] = CNOT 3 22
[2592] = S 3
[2593] = Z 3
[2594] = CNOT 3 22
[2595] = CNOT 3 6
[2596] = CNOT 3 8
[2597] = CNOT 3 9
[2598] = S 3
[2599] = CNOT 3 9
[2600] = CNOT 3 17
[2601] = S 3
[2602] = Z 3
[2603] = CNOT 3 17
[2604] = CNOT 3 19
[2605] = S 3
[2606] = Z 3
[2607] = CNOT 3 19
[2608] = CNOT 3 20
[2609] = S 3
[2610] = Z 3
[2611] = CNOT 3 20
[2612] = CNOT 3 24
[2613] = Z 3
[2614] = CNOT 3 24
[2615] = CNOT 3 8
[2616] = CNOT 3 9
[2617] = CNOT 3 17
[2618] = S 3
[2619] = Z 3
[2620] = CNOT 3 17
[2621] = CNOT 3 19
[2622] = S 3
[2623] = Z 3
[2624] = CNOT 3 19
[2625] = CNOT 3 20
[2626] = S 3
[2627] = Z 3
[2628] = CNOT 3 20
[2629] = CNOT 3 24
[2630] = Z 3
[2631] = CNOT 3 24
[2632] = CNOT 3 9
[2633] = CNOT 3 11
[2634] = CNOT 3 20
[2635] = S 3
[2636] = Z 3
[2637] = CNOT 3 20
[2638] = CNOT 3 22
[2639] = S 3
[2640] = Z 3
[2641] = CNOT 3 22
[2642] = CNOT 3 11
[2643] = CNOT 3 12
[2644] = CNOT 3 19
[2645] = S 3
[2646] = Z 3
[2647] = CNOT 3 19
[2648] = CNOT 3 24
[2649] = S 3
[2650] = Z 3
[2651] = CNOT 3 24
[2652] = CNOT 3 12
[2653] = CNOT 3 13
[2654] = CNOT 3 19
[2655] = S 3
[2656] = Z 3
[2657] = CNOT 3 19
[2658] = CNOT 3 24
[2659] = S 3
[2660] = Z 3
[2661] = CNOT 3 24
[2662] = CNOT 3 13
[2663] = CNOT 3 19
[2664] = CNOT 3 20
[2665] = S 3
[2666] = CNOT 3 20
[2667] = CNOT 3 21
[2668] = S 3
[2669] = Z 3
[2670] = CNOT 3 21
[2671] = CNOT 3 22
[2672] = Z 3
[2673] = CNOT 3 22
[2674] = CNOT 3 23
[2675] = S 3
[2676] = Z 3
[2677] = CNOT 3 23
[2678] = CNOT 3 24
[2679] = Z 3
[2680] = CNOT 3 19
[2681] = CNOT 3 20
[2682] = S 3
[2683] = CNOT 3 20
[2684] = CNOT 3 21
[2685] = S 3
[2686] = Z 3
[2687] = CNOT 3 21
[2688] = CNOT 3 22
[2689] = Z 3
[2690] = CNOT 3 22
[2691] = CNOT 3 23
[2692] = S 3
[2693] = Z 3
[2694] = CNOT 3 24
[2695] = CNOT 3 23
[2696] = CNOT 4 5
[2697] = CNOT 4 12
[2698] = S 4
[2699] = Z 4
[2700] = CNOT 4 12
[2701] = CNOT 4 19
[2702] = S 4
[2703] = Z 4
[2704] = CNOT 4 19
[2705] = CNOT 4 24
[2706] = S 4
[2707] = Z 4
[2708] = CNOT 4 24
[2709] = CNOT 4 5
[2710] = CNOT 4 6
[2711] = CNOT 4 11
[2712] = S 4
[2713] = Z 4
[2714] = CNOT 4 11
[2715] = CNOT 4 19
[2716] = S 4
[2717] = Z 4
[2718] = CNOT 4 19
[2719] = CNOT 4 24
[2720] = S 4
[2721] = Z 4
[2722] = CNOT 4 24
[2723] = CNOT 4 6
[2724] = CNOT 4 7
[2725] = CNOT 4 10
[2726] = S 4
[2727] = Z 4
[2728] = CNOT 4 10
[2729] = CNOT 4 19
[2730] = S 4
[2731] = Z 4
[2732] = CNOT 4 19
[2733] = CNOT 4 24
[2734] = S 4
[2735] = Z 4
[2736] = CNOT 4 24
[2737] = CNOT 4 7
[2738] = CNOT 4 8
[2739] = CNOT 4 9
[2740] = S 4
[2741] = Z 4
[2742] = CNOT 4 9
[2743] = CNOT 4 19
[2744] = S 4
[2745] = Z 4
[2746] = CNOT 4 19
[2747] = CNOT 4 24
[2748] = S 4
[2749] = Z 4
[2750] = CNOT 4 24
[2751] = CNOT 4 8
[2752] = CNOT 4 9
[2753] = CNOT 4 19
[2754] = S 4
[2755] = Z 4
[2756] = CNOT 4 19
[2757] = CNOT 4 24
[2758] = S 4
[2759] = Z 4
[2760] = CNOT 4 24
[2761] = CNOT 4 9
[2762] = CNOT 4 10
[2763] = CNOT 4 19
[2764] = S 4
[2765] = Z 4
[2766] = CNOT 4 19
[2767] = CNOT 4 24
[2768] = S 4
[2769] = Z 4
[2770] = CNOT 4 24
[2771] = CNOT 4 10
[2772] = CNOT 4 11
[2773] = CNOT 4 19
[2774] = S 4
[2775] = Z 4
[2776] = CNOT 4 19
[2777] = CNOT 4 24
[2778] = S 4
[2779] = Z 4
[2780] = CNOT 4 24
[2781] = CNOT 4 11
[2782] = CNOT 4 12
[2783] = CNOT 4 19
[2784] = S 4
[2785] = Z 4
[2786] = CNOT 4 19
[2787] = CNOT 4 24
[2788] = S 4
[2789] = Z 4
[2790] = CNOT 4 24
[2791] = CNOT 4 12
[2792] = CNOT 4 13
[2793] = CNOT 4 21
[2794] = S 4
[2795] = Z 4
[2796] = CNOT 4 21
[2797] = CNOT 4 22
[2798] = S 4
[2799] = Z 4
[2800] = CNOT 4 22
[2801] = CNOT 4 23
[2802] = S 4
[2803] = Z 4
[2804] = CNOT 4 23
[2805] = CNOT 4 13
[2806] = CNOT 4 19
[2807] = CNOT 4 20
[2808] = S 4
[2809] = Z 4
[2810] = CNOT 4 20
[2811] = CNOT 4 21
[2812] = Z 4
[2813] = CNOT 4 21
[2814] = CNOT 4 22
[2815] = Z 4
[2816] = CNOT 4 22
[2817] = CNOT 4 23
[2818] = Z 4
[2819] = CNOT 4 23
[2820] = CNOT 4 24
[2821] = Z 4
[2822] = CNOT 4 19
[2823] = CNOT 4 20
[2824] = S 4
[2825] = Z 4
[2826] = CNOT 4 20
[2827] = CNOT 4 21
[2828] = Z 4
[2829] = CNOT 4 21
[2830] = CNOT 4 22
[2831] = Z 4
[2832] = CNOT 4 22
[2833] = CNOT 4 23
[2834] = Z 4
[2835] = CNOT 4 24
[2836] = CNOT 4 23
[2837] = CNOT 5 6
[2838] = CNOT 5 11
[2839] = S 5
[2840] = Z 5
[2841] = CNOT 5 11
[2842] = CNOT 5 19
[2843] = S 5
[2844] = Z 5
[2845] = CNOT 5 19
[2846] = CNOT 5 24
[2847] = S 5
[2848] = Z 5
[2849] = CNOT 5 24
[2850] = CNOT 5 6
[2851] = CNOT 5 7
[2852] = CNOT 5 10
[2853] = S 5
[2854] = Z 5
[2855] = CNOT 5 10
[2856] = CNOT 5 12
[2857] = S 5
[2858] = Z 5
[2859] = CNOT 5 12
[2860] = CNOT 5 19
[2861] = S 5
[2862] = Z 5
[2863] = CNOT 5 19
[2864] = CNOT 5 24
[2865] = S 5
[2866] = Z 5
[2867] = CNOT 5 24
[2868] = CNOT 5 7
[2869] = CNOT 5 10
[2870] = CNOT 5 12
[2871] = S 5
[2872] = Z 5
[2873] = CNOT 5 12
[2874] = CNOT 5 19
[2875] = S 5
[2876] = Z 5
[2877] = CNOT 5 19
[2878] = CNOT 5 24
[2879] = S 5
[2880] = Z 5
[2881] = CNOT 5 24
[2882] = CNOT 5 10
[2883] = CNOT 5 11
[2884] = CNOT 5 19
[2885] = S 5
[2886] = Z 5
[2887] = CNOT 5 19
[2888] = CNOT 5 24
[2889] = S 5
[2890] = Z 5
[2891] = CNOT 5 24
[2892] = CNOT 5 11
[2893] = CNOT 5 12
[2894] = CNOT 5 19
[2895] = S 5
[2896] = CNOT 5 19
[2897] = CNOT 5 22
[2898] = S 5
[2899] = Z 5
[2900] = CNOT 5 22
[2901] = CNOT 5 23
[2902] = S 5
[2903] = Z 5
[2904] = CNOT 5 23
[2905] = CNOT 5 12
[2906] = CNOT 5 19
[2907] = CNOT 5 22
[2908] = S 5
[2909] = Z 5
[2910] = CNOT 5 22
[2911] = CNOT 5 23
[2912] = S 5
[2913] = Z 5
[2914] = CNOT 5 23
[2915] = CNOT 5 19
[2916] = CNOT 5 22
[2917] = CNOT 5 24
[2918] = S 5
[2919] = Z 5
[2920] = CNOT 5 24
[2921] = CNOT 5 22
[2922] = CNOT 6 7
[2923] = CNOT 6 10
[2924] = S 6
[2925] = Z 6
[2926] = CNOT 6 10
[2927] = CNOT 6 12
[2928] = S 6
[2929] = Z 6
[2930] = CNOT 6 12
[2931] = CNOT 6 19
[2932] = S 6
[2933] = Z 6
[2934] = CNOT 6 19
[2935] = CNOT 6 24
[2936] = S 6
[2937] = Z 6
[2938] = CNOT 6 24
[2939] = CNOT 6 7
[2940] = CNOT 6 8
[2941] = CNOT 6 9
[2942] = S 6
[2943] = Z 6
[2944] = CNOT 6 9
[2945] = CNOT 6 12
[2946] = S 6
[2947] = Z 6
[2948] = CNOT 6 12
[2949] = CNOT 6 19
[2950] = S 6
[2951] = Z 6
[2952] = CNOT 6 19
[2953] = CNOT 6 24
[2954] = S 6
[2955] = Z 6
[2956] = CNOT 6 24
[2957] = CNOT 6 8
[2958] = CNOT 6 9
[2959] = CNOT 6 12
[2960] = S 6
[2961] = Z 6
[2962] = CNOT 6 12
[2963] = CNOT 6 19
[2964] = S 6
[2965] = Z 6
[2966] = CNOT 6 19
[2967] = CNOT 6 24
[2968] = S 6
[2969] = Z 6
[2970] = CNOT 6 24
[2971] = CNOT 6 9
[2972] = CNOT 6 10
[2973] = CNOT 6 12
[2974] = S 6
[2975] = Z 6
[2976] = CNOT 6 12
[2977] = CNOT 6 19
[2978] = S 6
[2979] = Z 6
[2980] = CNOT 6 19
[2981] = CNOT 6 24
[2982] = S 6
[2983] = Z 6
[2984] = CNOT 6 24
[2985] = CNOT 6 10
[2986] = CNOT 6 11
[2987] = CNOT 6 19
[2988] = Z 6
[2989] = CNOT 6 19
[2990] = CNOT 6 20
[2991] = S 6
[2992] = Z 6
[2993] = CNOT 6 20
[2994] = CNOT 6 21
[2995] = S 6
[2996] = Z 6
[2997] = CNOT 6 21
[2998] = CNOT 6 22
[2999] = S 6
[3000] = Z 6
[3001] = CNOT 6 22
[3002] = CNOT 6 23
[3003] = S 6
[3004] = Z 6
[3005] = CNOT 6 23
[3006] = CNOT 6 24
[3007] = S 6
[3008] = CNOT 6 24
[3009] = CNOT 6 11
[3010] = CNOT 6 12
[3011] = CNOT 6 19
[3012] = S 6
[3013] = CNOT 6 19
[3014] = CNOT 6 22
[3015] = S 6
[3016] = Z 6
[3017] = CNOT 6 22
[3018] = CNOT 6 23
[3019] = S 6
[3020] = Z 6
[3021] = CNOT 6 23
[3022] = CNOT 6 24
[3023] = S 6
[3024] = CNOT 6 24
[3025] = CNOT 6 12
[3026] = CNOT 6 19
[3027] = CNOT 6 20
[3028] = S 6
[3029] = Z 6
[3030] = CNOT 6 20
[3031] = CNOT 6 21
[3032] = S 6
[3033] = Z 6
[3034] = CNOT 6 21
[3035] = CNOT 6 22
[3036] = Z 6
[3037] = CNOT 6 22
[3038] = CNOT 6 23
[3039] = Z 6
[3040] = CNOT 6 23
[3041] = CNOT 6 24
[3042] = S 6
[3043] = Z 6
[3044] = CNOT 6 19
[3045] = CNOT 6 20
[3046] = S 6
[3047] = Z 6
[3048] = CNOT 6 20
[3049] = CNOT 6 21
[3050] = S 6
[3051] = Z 6
[3052] = CNOT 6 21
[3053] = CNOT 6 22
[3054] = Z 6
[3055] = CNOT 6 22
[3056] = CNOT 6 23
[3057] = Z 6
[3058] = CNOT 6 24
[3059] = CNOT 6 23
[3060] = CNOT 7 10
[3061] = CNOT 7 12
[3062] = S 7
[3063] = CNOT 7 12
[3064] = CNOT 7 19
[3065] = S 7
[3066] = Z 7
[3067] = CNOT 7 19
[3068] = CNOT 7 21
[3069] = S 7
[3070] = Z 7
[3071] = CNOT 7 21
[3072] = CNOT 7 22
[3073] = S 7
[3074] = Z 7
[3075] = CNOT 7 22
[3076] = CNOT 7 23
[3077] = S 7
[3078] = Z 7
[3079] = CNOT 7 23
[3080] = CNOT 7 24
[3081] = Z 7
[3082] = CNOT 7 24
[3083] = CNOT 7 10
[3084] = CNOT 7 12
[3085] = CNOT 7 19
[3086] = S 7
[3087] = CNOT 7 19
[3088] = CNOT 7 22
[3089] = S 7
[3090] = Z 7
[3091] = CNOT 7 22
[3092] = CNOT 7 23
[3093] = S 7
[3094] = Z 7
[3095] = CNOT 7 23
[3096] = CNOT 7 24
[3097] = S 7
[3098] = CNOT 7 24
[3099] = CNOT 7 12
[3100] = CNOT 7 19
[3101] = CNOT 7 21
[3102] = S 7
[3103] = Z 7
[3104] = CNOT 7 21
[3105] = CNOT 7 22
[3106] = S 7
[3107] = Z 7
[3108] = CNOT 7 22
[3109] = CNOT 7 23
[3110] = S 7
[3111] = Z 7
[3112] = CNOT 7 23
[3113] = CNOT 7 24
[3114] = S 7
[3115] = Z 7
[3116] = CNOT 7 19
[3117] = CNOT 7 21
[3118] = S 7
[3119] = Z 7
[3120] = CNOT 7 21
[3121] = CNOT 7 22
[3122] = S 7
[3123] = Z 7
[3124] = CNOT 7 22
[3125] = CNOT 7 23
[3126] = S 7
[3127] = Z 7
[3128] = CNOT 7 24
[3129] = CNOT 7 23
[3130] = CNOT 8 9
[3131] = CNOT 8 12
[3132] = Z 8
[3133] = CNOT 8 12
[3134] = CNOT 8 17
[3135] = S 8
[3136] = Z 8
[3137] = CNOT 8 17
[3138] = CNOT 8 20
[3139] = S 8
[3140] = Z 8
[3141] = CNOT 8 20
[3142] = CNOT 8 22
[3143] = S 8
[3144] = Z 8
[3145] = CNOT 8 22
[3146] = CNOT 8 24
[3147] = S 8
[3148] = Z 8
[3149] = CNOT 8 24
[3150] = CNOT 8 9
[3151] = CNOT 8 12
[3152] = CNOT 8 19
[3153] = Z 8
[3154] = CNOT 8 19
[3155] = CNOT 8 22
[3156] = S 8
[3157] = Z 8
[3158] = CNOT 8 22
[3159] = CNOT 8 24
[3160] = Z 8
[3161] = CNOT 8 24
[3162] = CNOT 8 12
[3163] = CNOT 8 19
[3164] = CNOT 8 20
[3165] = S 8
[3166] = Z 8
[3167] = CNOT 8 20
[3168] = CNOT 8 22
[3169] = S 8
[3170] = Z 8
[3171] = CNOT 8 22
[3172] = CNOT 8 19
[3173] = CNOT 8 20
[3174] = CNOT 8 24
[3175] = S 8
[3176] = Z 8
[3177] = CNOT 8 20
[3178] = CNOT 8 22
[3179] = S 8
[3180] = Z 8
[3181] = CNOT 8 24
[3182] = CNOT 8 22
[3183] = CNOT 9 12
[3184] = CNOT 9 19
[3185] = Z 9
[3186] = CNOT 9 19
[3187] = CNOT 9 22
[3188] = S 9
[3189] = Z 9
[3190] = CNOT 9 22
[3191] = CNOT 9 24
[3192] = Z 9
[3193] = CNOT 9 24
[3194] = CNOT 9 12
[3195] = CNOT 9 19
[3196] = CNOT 9 20
[3197] = S 9
[3198] = Z 9
[3199] = CNOT 9 20
[3200] = CNOT 9 22
[3201] = S 9
[3202] = Z 9
[3203] = CNOT 9 22
[3204] = CNOT 9 19
[3205] = CNOT 9 20
[3206] = CNOT 9 24
[3207] = S 9
[3208] = Z 9
[3209] = CNOT 9 20
[3210] = CNOT 9 22
[3211] = S 9
[3212] = Z 9
[3213] = CNOT 9 24
[3214] = CNOT 9 22
[3215] = CNOT 10 12
[3216] = CNOT 10 19
[3217] = S 10
[3218] = CNOT 10 19
[3219] = CNOT 10 22
[3220] = S 10
[3221] = Z 10
[3222] = CNOT 10 22
[3223] = CNOT 10 23
[3224] = S 10
[3225] = Z 10
[3226] = CNOT 10 23
[3227] = CNOT 10 24
[3228] = S 10
[3229] = CNOT 10 24
[3230] = CNOT 10 12
[3231] = CNOT 10 19
[3232] = CNOT 10 21
[3233] = S 10
[3234] = Z 10
[3235] = CNOT 10 21
[3236] = CNOT 10 22
[3237] = S 10
[3238] = Z 10
[3239] = CNOT 10 22
[3240] = CNOT 10 23
[3241] = S 10
[3242] = Z 10
[3243] = CNOT 10 23
[3244] = CNOT 10 24
[3245] = S 10
[3246] = Z 10
[3247] = CNOT 10 19
[3248] = CNOT 10 21
[3249] = S 10
[3250] = Z 10
[3251] = CNOT 10 21
[3252] = CNOT 10 22
[3253] = S 10
[3254] = Z 10
[3255] = CNOT 10 22
[3256] = CNOT 10 23
[3257] = S 10
[3258] = Z 10
[3259] = CNOT 10 24
[3260] = CNOT 10 23
[3261] = CNOT 11 19
[3262] = CNOT 11 20
[3263] = S 11
[3264] = Z 11
[3265] = CNOT 11 20
[3266] = CNOT 11 21
[3267] = S 11
[3268] = Z 11
[3269] = CNOT 11 21
[3270] = CNOT 11 22
[3271] = S 11
[3272] = Z 11
[3273] = CNOT 11 22
[3274] = CNOT 11 23
[3275] = S 11
[3276] = Z 11
[3277] = CNOT 11 23
[3278] = CNOT 11 24
[3279] = Z 11
[3280] = CNOT 11 19
[3281] = CNOT 11 20
[3282] = S 11
[3283] = Z 11
[3284] = CNOT 11 20
[3285] = CNOT 11 21
[3286] = S 11
[3287] = Z 11
[3288] = CNOT 11 21
[3289] = CNOT 11 22
[3290] = S 11
[3291] = Z 11
[3292] = CNOT 11 22
[3293] = CNOT 11 23
[3294] = S 11
[3295] = Z 11
[3296] = CNOT 11 24
[3297] = CNOT 11 23
[3298] = CNOT 12 19
[3299] = CNOT 12 22
[3300] = S 12
[3301] = CNOT 12 22
[3302] = CNOT 12 23
[3303] = Z 12
[3304] = CNOT 12 23
[3305] = CNOT 12 19
[3306] = CNOT 12 22
[3307] = CNOT 12 24
[3308] = S 12
[3309] = CNOT 12 24
[3310] = CNOT 12 22
[3311] = CNOT 13 19
[3312] = CNOT 13 21
[3313] = S 13
[3314] = Z 13
[3315] = CNOT 13 21
[3316] = CNOT 13 22
[3317] = S 13
[3318] = Z 13
[3319] = CNOT 13 22
[3320] = CNOT 13 23
[3321] = S 13
[3322] = Z 13
[3323] = CNOT 13 23
[3324] = CNOT 13 19
[3325] = CNOT 13 21
[3326] = CNOT 13 24
[3327] = S 13
[3328] = Z 13
[3329] = CNOT 13 21
[3330] = CNOT 13 22
[3331] = S 13
[3332] = Z 13
[3333] = CNOT 13 22
[3334] = CNOT 13 23
[3335] = S 13
[3336] = Z 13
[3337] = CNOT 13 24
[3338] = CNOT 13 23
[3339] = CNOT 14 19
[3340] = CNOT 14 22
[3341] = S 14
[3342] = Z 14
[3343] = CNOT 14 22
[3344] = CNOT 14 23
[3345] = S 14
[3346] = Z 14
[3347] = CNOT 14 23
[3348] = CNOT 14 19
[3349] = CNOT 14 22
[3350] = CNOT 14 24
[3351] = S 14
[3352] = Z 14
[3353] = CNOT 14 22
[3354] = CNOT 14 23
[3355] = S 14
[3356] = Z 14
[3357] = CNOT 14 24
[3358] = CNOT 14 23
[3359] = CNOT 15 19
[3360] = CNOT 15 23
[3361] = S 15
[3362] = Z 15
[3363] = CNOT 15 23
[3364] = CNOT 15 24
[3365] = Z 15
[3366] = CNOT 15 19
[3367] = CNOT 15 23
[3368] = S 15
[3369] = Z 15
[3370] = CNOT 15 24
[3371] = CNOT 15 23
[3372] = CNOT 19 20
[3373] = CNOT 19 24
[3374] = S 19
[3375] = CNOT 19 20
[3376] = CNOT 19 22
[3377] = S 19
[3378] = CNOT 19 22
[3379] = CNOT 19 23
[3380] = S 19
[3381] = CNOT 19 24
[3382] = CNOT 19 23
[3383] = CNOT 9 8
[3384] = CNOT 10 7
[3385] = CNOT 11 6
[3386] = CNOT 12 5
[3387] = CNOT 13 4
[3388] = CNOT 14 3
[3389] = CNOT 15 2
[3390] = CNOT 16 1
[3391] = H 17
[3392] = H 18
[3393] = H 19
[3394] = H 20
[3395] = H 21
[3396] = H 22
[3397] = H 23
[3398] = H 24
Gate distributions:
Input:
Operator distribution:
Total number of qubits = 24
Number of `data' qubits = 24
Number of `Toff_n' ancillas = 0
Number of Hadamard ancillas = 0
Hadamard ancilla cap = 0
Number of {CNOT,T} partitions = 3
T count = 448
Cost estimation = 224051
	id	Count
	0	0
	1	0
	2	0
	3	30
	4	21
	5	0
	6	0
	7	0
	8	0
	9	0
	10	64
	11	0
	12	0
	13	0
	14	0
	15	0
	16	0
	17	0
	18	0
Output:
Operator distribution:
Total number of qubits = 24
Number of `data' qubits = 24
Number of `Toff_n' ancillas = 0
Number of Hadamard ancillas = 0
Hadamard ancilla cap = 0
Number of {CNOT,T} partitions = 3
T count = 224
Cost estimation = 115175
	id	Count
	0	0
	1	0
	2	0
	3	30
	4	2125
	5	224
	6	0
	7	0
	8	0
	9	0
	10	0
	11	467
	12	0
	13	553
	14	0
	15	0
	16	0
	17	0
	18	0
Output T Count (SQC_Circuit) = 224
Output T Count (PhasePolynomial) = 224
Fail count = 0

Execution time: 29.7943s
Number of LCL errors: 0
Number of LCL warnings: 0
