Optimize a Clifford + T circuit.
Input filename = /home/ryo-mtmt/TOpt/forme/tpar_benchmark/gf2^7_mult.tfc
Number of unknown gates = 0
Number of unknown qubit labels = 0
Circuit filename: /home/ryo-mtmt/TOpt/forme/tpar_benchmark/gf2^7_mult.tfc

n 21
n_x 21
n_y 0
n_z 0
m 101
[0] = H 15
[1] = H 16
[2] = H 17
[3] = H 18
[4] = H 19
[5] = H 20
[6] = CCZ 7 9 15
[7] = CCZ 6 10 15
[8] = CCZ 5 11 15
[9] = CCZ 4 12 15
[10] = CCZ 3 13 15
[11] = CCZ 2 14 15
[12] = CCZ 7 10 16
[13] = CCZ 6 11 16
[14] = CCZ 5 12 16
[15] = CCZ 4 13 16
[16] = CCZ 3 14 16
[17] = CCZ 7 11 17
[18] = CCZ 6 12 17
[19] = CCZ 5 13 17
[20] = CCZ 4 14 17
[21] = CCZ 7 12 18
[22] = CCZ 6 13 18
[23] = CCZ 5 14 18
[24] = CCZ 7 13 19
[25] = CCZ 6 14 19
[26] = CCZ 7 14 20
[27] = H 15
[28] = H 16
[29] = H 17
[30] = H 18
[31] = H 19
[32] = H 20
[33] = CNOT 21 20
[34] = CNOT 20 19
[35] = CNOT 19 18
[36] = CNOT 18 17
[37] = CNOT 17 16
[38] = CNOT 16 15
[39] = H 15
[40] = H 16
[41] = H 17
[42] = H 18
[43] = H 19
[44] = H 20
[45] = H 21
[46] = CCZ 7 8 21
[47] = CCZ 6 9 21
[48] = CCZ 5 10 21
[49] = CCZ 4 11 21
[50] = CCZ 3 12 21
[51] = CCZ 2 13 21
[52] = CCZ 1 14 21
[53] = CCZ 6 8 20
[54] = CCZ 5 9 20
[55] = CCZ 4 10 20
[56] = CCZ 3 11 20
[57] = CCZ 2 12 20
[58] = CCZ 1 13 20
[59] = CCZ 5 8 19
[60] = CCZ 4 9 19
[61] = CCZ 3 10 19
[62] = CCZ 2 11 19
[63] = CCZ 1 12 19
[64] = CCZ 4 8 18
[65] = CCZ 3 9 18
[66] = CCZ 2 10 18
[67] = CCZ 1 11 18
[68] = CCZ 3 8 17
[69] = CCZ 2 9 17
[70] = CCZ 1 10 17
[71] = CCZ 2 8 16
[72] = CCZ 1 9 16
[73] = CCZ 1 8 15
[74] = H 15
[75] = H 16
[76] = H 17
[77] = H 18
[78] = H 19
[79] = H 20
[80] = H 21

Algorithm used: todd

UniversalOptimize begin.
	Gate synthesis begin.

--- Testing Hamming Distance Version ---
in LempelX2_M4RI_Hamming　安定版　m4ri
		Round = 0 (Start m: 105)
--- Hamming Distance Stats ---
 Dist 1: 158 pairs
 Dist 2: 700 pairs
 Dist 3: 1347 pairs
 Dist 4: 2205 pairs
 Dist 5: 945 pairs
 Dist 6: 105 pairs
-------------------------------
  [HIT!] Dist=1 | Deleted: 8 cols
>> Round 0 Result: Hit Rate = 50% (1/2)
		Round = 1 (Start m: 97)
--- Hamming Distance Stats ---
 Dist 1: 118 pairs
 Dist 2: 474 pairs
 Dist 3: 997 pairs
 Dist 4: 1627 pairs
 Dist 5: 1123 pairs
 Dist 6: 293 pairs
 Dist 7: 24 pairs
-------------------------------
  [HIT!] Dist=1 | Deleted: 4 cols
>> Round 1 Result: Hit Rate = 100% (1/1)
		Round = 2 (Start m: 93)
--- Hamming Distance Stats ---
 Dist 1: 98 pairs
 Dist 2: 373 pairs
 Dist 3: 826 pairs
 Dist 4: 1364 pairs
 Dist 5: 1055 pairs
 Dist 6: 462 pairs
 Dist 7: 93 pairs
 Dist 8: 7 pairs
-------------------------------
  [HIT!] Dist=1 | Deleted: 6 cols
>> Round 2 Result: Hit Rate = 50% (1/2)
		Round = 3 (Start m: 87)
--- Hamming Distance Stats ---
 Dist 1: 67 pairs
 Dist 2: 249 pairs
 Dist 3: 662 pairs
 Dist 4: 1089 pairs
 Dist 5: 1016 pairs
 Dist 6: 520 pairs
 Dist 7: 127 pairs
 Dist 8: 11 pairs
-------------------------------
  [HIT!] Dist=1 | Deleted: 2 cols
>> Round 3 Result: Hit Rate = 1.63934% (1/61)
		Round = 4 (Start m: 85)
--- Hamming Distance Stats ---
 Dist 1: 59 pairs
 Dist 2: 210 pairs
 Dist 3: 526 pairs
 Dist 4: 1026 pairs
 Dist 5: 936 pairs
 Dist 6: 589 pairs
 Dist 7: 193 pairs
 Dist 8: 29 pairs
 Dist 9: 2 pairs
-------------------------------
  [HIT!] Dist=2 | Deleted: 2 cols
>> Round 4 Result: Hit Rate = 1.16279% (1/86)
		Round = 5 (Start m: 83)
--- Hamming Distance Stats ---
 Dist 1: 62 pairs
 Dist 2: 191 pairs
 Dist 3: 480 pairs
 Dist 4: 909 pairs
 Dist 5: 866 pairs
 Dist 6: 612 pairs
 Dist 7: 239 pairs
 Dist 8: 41 pairs
 Dist 9: 3 pairs
-------------------------------
  [HIT!] Dist=2 | Deleted: 2 cols
>> Round 5 Result: Hit Rate = 0.403226% (1/248)
		Round = 6 (Start m: 81)
--- Hamming Distance Stats ---
 Dist 1: 48 pairs
 Dist 2: 139 pairs
 Dist 3: 344 pairs
 Dist 4: 673 pairs
 Dist 5: 777 pairs
 Dist 6: 687 pairs
 Dist 7: 367 pairs
 Dist 8: 150 pairs
 Dist 9: 48 pairs
 Dist 10: 7 pairs
-------------------------------
  [HIT!] Dist=2 | Deleted: 2 cols
>> Round 6 Result: Hit Rate = 0.840336% (1/119)
		Round = 7 (Start m: 79)
--- Hamming Distance Stats ---
 Dist 1: 41 pairs
 Dist 2: 110 pairs
 Dist 3: 309 pairs
 Dist 4: 591 pairs
 Dist 5: 719 pairs
 Dist 6: 676 pairs
 Dist 7: 392 pairs
 Dist 8: 179 pairs
 Dist 9: 57 pairs
 Dist 10: 7 pairs
-------------------------------
  [HIT!] Dist=6 | Deleted: 2 cols
>> Round 7 Result: Hit Rate = 0.0560224% (1/1785)
		Round = 8 (Start m: 77)
--- Hamming Distance Stats ---
 Dist 1: 35 pairs
 Dist 2: 96 pairs
 Dist 3: 253 pairs
 Dist 4: 454 pairs
 Dist 5: 577 pairs
 Dist 6: 587 pairs
 Dist 7: 449 pairs
 Dist 8: 297 pairs
 Dist 9: 131 pairs
 Dist 10: 40 pairs
 Dist 11: 7 pairs
-------------------------------
>> Round 8 Result: Hit Rate = 0% (0/2926)

=== Final Performance Statistics ===
Hamming time:   1 ms
Chi time:       312 ms
Nullspace time: 4971 ms
Total attempts: 5230 (Success: 8)
END OF LEMPELX2 安定版
Total LempelX2_M4RI_Hamming time: 5348 ms
Hamming result size: 77 columns
		TODD executed in 5.34024 seconds.
		Total time: 5.34051s
	Gate synthesis end.
	Input has T-Count zero. Outputting the input.
	Gate synthesis begin.

--- Testing Hamming Distance Version ---
in LempelX2_M4RI_Hamming　安定版　m4ri
		Round = 0 (Start m: 112)
--- Hamming Distance Stats ---
 Dist 1: 109 pairs
 Dist 2: 461 pairs
 Dist 3: 761 pairs
 Dist 4: 1141 pairs
 Dist 5: 1688 pairs
 Dist 6: 1408 pairs
 Dist 7: 569 pairs
 Dist 8: 79 pairs
-------------------------------
  [HIT!] Dist=1 | Deleted: 4 cols
>> Round 0 Result: Hit Rate = 50% (1/2)
		Round = 1 (Start m: 108)
--- Hamming Distance Stats ---
 Dist 1: 93 pairs
 Dist 2: 403 pairs
 Dist 3: 741 pairs
 Dist 4: 1023 pairs
 Dist 5: 1430 pairs
 Dist 6: 1288 pairs
 Dist 7: 639 pairs
 Dist 8: 149 pairs
 Dist 9: 12 pairs
-------------------------------
  [HIT!] Dist=1 | Deleted: 2 cols
>> Round 1 Result: Hit Rate = 50% (1/2)
		Round = 2 (Start m: 106)
--- Hamming Distance Stats ---
 Dist 1: 88 pairs
 Dist 2: 292 pairs
 Dist 3: 579 pairs
 Dist 4: 845 pairs
 Dist 5: 1224 pairs
 Dist 6: 1308 pairs
 Dist 7: 855 pairs
 Dist 8: 312 pairs
 Dist 9: 59 pairs
 Dist 10: 3 pairs
-------------------------------
  [HIT!] Dist=1 | Deleted: 2 cols
>> Round 2 Result: Hit Rate = 2.38095% (1/42)
		Round = 3 (Start m: 104)
--- Hamming Distance Stats ---
 Dist 1: 87 pairs
 Dist 2: 266 pairs
 Dist 3: 565 pairs
 Dist 4: 830 pairs
 Dist 5: 1127 pairs
 Dist 6: 1178 pairs
 Dist 7: 831 pairs
 Dist 8: 370 pairs
 Dist 9: 93 pairs
 Dist 10: 9 pairs
-------------------------------
  [HIT!] Dist=1 | Deleted: 3 cols
>> Round 3 Result: Hit Rate = 100% (1/1)
		Round = 4 (Start m: 101)
--- Hamming Distance Stats ---
 Dist 1: 78 pairs
 Dist 2: 225 pairs
 Dist 3: 473 pairs
 Dist 4: 710 pairs
 Dist 5: 1019 pairs
 Dist 6: 1142 pairs
 Dist 7: 864 pairs
 Dist 8: 411 pairs
 Dist 9: 114 pairs
 Dist 10: 14 pairs
-------------------------------
  [HIT!] Dist=1 | Deleted: 2 cols
>> Round 4 Result: Hit Rate = 3.125% (1/32)
		Round = 5 (Start m: 99)
--- Hamming Distance Stats ---
 Dist 1: 74 pairs
 Dist 2: 263 pairs
 Dist 3: 489 pairs
 Dist 4: 711 pairs
 Dist 5: 1014 pairs
 Dist 6: 1076 pairs
 Dist 7: 772 pairs
 Dist 8: 347 pairs
 Dist 9: 95 pairs
 Dist 10: 10 pairs
-------------------------------
  [HIT!] Dist=1 | Deleted: 2 cols
>> Round 5 Result: Hit Rate = 100% (1/1)
		Round = 6 (Start m: 97)
--- Hamming Distance Stats ---
 Dist 1: 73 pairs
 Dist 2: 214 pairs
 Dist 3: 419 pairs
 Dist 4: 627 pairs
 Dist 5: 865 pairs
 Dist 6: 978 pairs
 Dist 7: 839 pairs
 Dist 8: 460 pairs
 Dist 9: 151 pairs
 Dist 10: 27 pairs
 Dist 11: 3 pairs
-------------------------------
  [HIT!] Dist=1 | Deleted: 3 cols
>> Round 6 Result: Hit Rate = 33.3333% (1/3)
		Round = 7 (Start m: 94)
--- Hamming Distance Stats ---
 Dist 1: 59 pairs
 Dist 2: 204 pairs
 Dist 3: 451 pairs
 Dist 4: 658 pairs
 Dist 5: 880 pairs
 Dist 6: 915 pairs
 Dist 7: 679 pairs
 Dist 8: 361 pairs
 Dist 9: 134 pairs
 Dist 10: 28 pairs
 Dist 11: 2 pairs
-------------------------------
  [HIT!] Dist=1 | Deleted: 2 cols
>> Round 7 Result: Hit Rate = 1.92308% (1/52)
		Round = 8 (Start m: 92)
--- Hamming Distance Stats ---
 Dist 1: 53 pairs
 Dist 2: 199 pairs
 Dist 3: 389 pairs
 Dist 4: 602 pairs
 Dist 5: 810 pairs
 Dist 6: 844 pairs
 Dist 7: 669 pairs
 Dist 8: 373 pairs
 Dist 9: 172 pairs
 Dist 10: 60 pairs
 Dist 11: 14 pairs
 Dist 12: 1 pairs
-------------------------------
  [HIT!] Dist=1 | Deleted: 2 cols
>> Round 8 Result: Hit Rate = 4.34783% (1/23)
		Round = 9 (Start m: 90)
--- Hamming Distance Stats ---
 Dist 1: 60 pairs
 Dist 2: 184 pairs
 Dist 3: 376 pairs
 Dist 4: 517 pairs
 Dist 5: 688 pairs
 Dist 6: 757 pairs
 Dist 7: 647 pairs
 Dist 8: 414 pairs
 Dist 9: 210 pairs
 Dist 10: 96 pairs
 Dist 11: 43 pairs
 Dist 12: 12 pairs
 Dist 13: 1 pairs
-------------------------------
  [HIT!] Dist=2 | Deleted: 3 cols
>> Round 9 Result: Hit Rate = 1.5873% (1/63)
		Round = 10 (Start m: 87)
--- Hamming Distance Stats ---
 Dist 1: 55 pairs
 Dist 2: 156 pairs
 Dist 3: 354 pairs
 Dist 4: 519 pairs
 Dist 5: 668 pairs
 Dist 6: 723 pairs
 Dist 7: 599 pairs
 Dist 8: 371 pairs
 Dist 9: 185 pairs
 Dist 10: 74 pairs
 Dist 11: 28 pairs
 Dist 12: 8 pairs
 Dist 13: 1 pairs
-------------------------------
  [HIT!] Dist=2 | Deleted: 2 cols
>> Round 10 Result: Hit Rate = 0.900901% (1/111)
		Round = 11 (Start m: 85)
--- Hamming Distance Stats ---
 Dist 1: 42 pairs
 Dist 2: 116 pairs
 Dist 3: 293 pairs
 Dist 4: 491 pairs
 Dist 5: 664 pairs
 Dist 6: 709 pairs
 Dist 7: 581 pairs
 Dist 8: 371 pairs
 Dist 9: 193 pairs
 Dist 10: 78 pairs
 Dist 11: 27 pairs
 Dist 12: 5 pairs
-------------------------------
  [HIT!] Dist=7 | Deleted: 2 cols
>> Round 11 Result: Hit Rate = 0.0382702% (1/2613)
		Round = 12 (Start m: 83)
--- Hamming Distance Stats ---
 Dist 1: 36 pairs
 Dist 2: 106 pairs
 Dist 3: 251 pairs
 Dist 4: 363 pairs
 Dist 5: 531 pairs
 Dist 6: 688 pairs
 Dist 7: 626 pairs
 Dist 8: 411 pairs
 Dist 9: 244 pairs
 Dist 10: 103 pairs
 Dist 11: 32 pairs
 Dist 12: 10 pairs
 Dist 13: 2 pairs
-------------------------------
>> Round 12 Result: Hit Rate = 0% (0/3403)

=== Final Performance Statistics ===
Hamming time:   2 ms
Chi time:       388 ms
Nullspace time: 5969 ms
Total attempts: 6348 (Success: 12)
END OF LEMPELX2 安定版
Total LempelX2_M4RI_Hamming time: 6433 ms
Hamming result size: 83 columns
		TODD executed in 6.42071 seconds.
		Total time: 6.42091s
	Gate synthesis end.
	Total time: 11.9904s
UniversalOptimize end.
Output circuit:
n 21
n_x 21
n_y 0
n_z 0
m 3801
[0] = H 15
[1] = H 16
[2] = H 17
[3] = H 18
[4] = H 19
[5] = H 20
[6] = CNOT 1 14
[7] = T 1
[8] = S 1
[9] = CNOT 1 14
[10] = CNOT 7 9
[11] = T 7
[12] = S 7
[13] = CNOT 7 15
[14] = T 7
[15] = CNOT 7 15
[16] = CNOT 7 9
[17] = CNOT 9 15
[18] = T 9
[19] = S 9
[20] = CNOT 9 15
[21] = CNOT 4 6
[22] = CNOT 4 7
[23] = CNOT 4 15
[24] = CNOT 4 16
[25] = CNOT 4 17
[26] = CNOT 4 18
[27] = CNOT 4 19
[28] = T 4
[29] = CNOT 4 7
[30] = CNOT 4 13
[31] = T 4
[32] = CNOT 4 19
[33] = CNOT 4 17
[34] = CNOT 4 16
[35] = CNOT 4 15
[36] = CNOT 4 6
[37] = T 1
[38] = S 1
[39] = CNOT 6 7
[40] = CNOT 6 10
[41] = T 6
[42] = S 6
[43] = Z 6
[44] = CNOT 6 15
[45] = T 6
[46] = CNOT 6 15
[47] = CNOT 6 10
[48] = CNOT 6 7
[49] = CNOT 7 10
[50] = CNOT 7 15
[51] = T 7
[52] = S 7
[53] = Z 7
[54] = CNOT 7 15
[55] = CNOT 7 10
[56] = CNOT 4 6
[57] = CNOT 4 7
[58] = CNOT 4 14
[59] = CNOT 4 20
[60] = T 4
[61] = CNOT 4 20
[62] = CNOT 4 18
[63] = CNOT 4 14
[64] = CNOT 4 13
[65] = CNOT 4 6
[66] = CNOT 2 13
[67] = T 2
[68] = S 2
[69] = CNOT 2 13
[70] = CNOT 5 6
[71] = CNOT 5 7
[72] = CNOT 5 11
[73] = T 5
[74] = CNOT 5 15
[75] = T 5
[76] = CNOT 5 15
[77] = CNOT 5 11
[78] = CNOT 5 6
[79] = CNOT 6 7
[80] = CNOT 6 11
[81] = CNOT 6 17
[82] = T 6
[83] = CNOT 6 17
[84] = CNOT 6 11
[85] = CNOT 6 7
[86] = CNOT 5 6
[87] = CNOT 5 17
[88] = T 5
[89] = CNOT 5 7
[90] = CNOT 4 6
[91] = T 4
[92] = CNOT 3 12
[93] = T 3
[94] = S 3
[95] = CNOT 3 12
[96] = CNOT 4 12
[97] = CNOT 4 15
[98] = CNOT 4 17
[99] = T 4
[100] = CNOT 4 17
[101] = CNOT 4 7
[102] = CNOT 4 6
[103] = CNOT 7 12
[104] = CNOT 7 17
[105] = T 7
[106] = S 7
[107] = CNOT 7 17
[108] = CNOT 7 12
[109] = CNOT 4 7
[110] = T 4
[111] = CNOT 4 15
[112] = CNOT 4 12
[113] = CNOT 4 7
[114] = CNOT 5 7
[115] = CNOT 5 14
[116] = CNOT 5 15
[117] = CNOT 5 16
[118] = CNOT 5 18
[119] = T 5
[120] = CNOT 5 14
[121] = CNOT 4 6
[122] = CNOT 4 13
[123] = CNOT 4 18
[124] = CNOT 4 20
[125] = T 4
[126] = CNOT 4 20
[127] = CNOT 4 13
[128] = CNOT 4 6
[129] = CNOT 4 15
[130] = CNOT 4 16
[131] = CNOT 4 17
[132] = CNOT 4 19
[133] = T 4
[134] = CNOT 3 13
[135] = CNOT 3 15
[136] = T 3
[137] = CNOT 3 13
[138] = T 5
[139] = CNOT 5 18
[140] = CNOT 5 17
[141] = CNOT 5 16
[142] = CNOT 5 15
[143] = CNOT 5 7
[144] = CNOT 5 6
[145] = T 3
[146] = S 3
[147] = CNOT 3 15
[148] = CNOT 2 6
[149] = CNOT 2 7
[150] = CNOT 2 15
[151] = CNOT 2 17
[152] = T 2
[153] = CNOT 4 6
[154] = CNOT 4 7
[155] = CNOT 4 13
[156] = T 4
[157] = CNOT 4 19
[158] = CNOT 4 18
[159] = CNOT 4 16
[160] = CNOT 4 15
[161] = CNOT 4 13
[162] = CNOT 4 6
[163] = CNOT 2 14
[164] = T 2
[165] = CNOT 2 15
[166] = T 2
[167] = CNOT 2 14
[168] = CNOT 4 14
[169] = T 4
[170] = CNOT 4 7
[171] = T 2
[172] = CNOT 2 17
[173] = CNOT 2 7
[174] = CNOT 2 6
[175] = CNOT 4 6
[176] = CNOT 4 15
[177] = CNOT 4 16
[178] = CNOT 4 18
[179] = CNOT 4 19
[180] = T 4
[181] = CNOT 4 19
[182] = CNOT 4 18
[183] = CNOT 4 17
[184] = CNOT 4 16
[185] = CNOT 4 15
[186] = CNOT 4 14
[187] = CNOT 4 6
[188] = CNOT 10 16
[189] = T 10
[190] = S 10
[191] = CNOT 10 16
[192] = CNOT 7 10
[193] = CNOT 7 16
[194] = T 7
[195] = CNOT 7 16
[196] = CNOT 7 10
[197] = CNOT 4 11
[198] = T 4
[199] = S 4
[200] = CNOT 4 11
[201] = CNOT 5 10
[202] = T 5
[203] = S 5
[204] = CNOT 5 10
[205] = CNOT 6 7
[206] = CNOT 6 11
[207] = CNOT 6 15
[208] = CNOT 6 16
[209] = CNOT 6 17
[210] = T 6
[211] = CNOT 6 17
[212] = CNOT 6 16
[213] = CNOT 6 15
[214] = CNOT 6 11
[215] = CNOT 6 7
[216] = T 8
[217] = Z 8
[218] = CNOT 4 6
[219] = CNOT 4 7
[220] = CNOT 4 13
[221] = CNOT 4 18
[222] = CNOT 4 20
[223] = T 4
[224] = CNOT 4 20
[225] = CNOT 4 13
[226] = CNOT 4 7
[227] = CNOT 4 6
[228] = CNOT 6 7
[229] = T 6
[230] = Z 6
[231] = CNOT 6 7
[232] = CNOT 5 6
[233] = CNOT 5 7
[234] = CNOT 5 12
[235] = CNOT 5 15
[236] = CNOT 5 16
[237] = CNOT 5 17
[238] = T 5
[239] = CNOT 5 16
[240] = T 5
[241] = CNOT 5 12
[242] = CNOT 5 7
[243] = CNOT 5 6
[244] = CNOT 6 9
[245] = T 6
[246] = S 6
[247] = CNOT 6 9
[248] = CNOT 7 8
[249] = T 7
[250] = S 7
[251] = CNOT 7 8
[252] = CNOT 6 7
[253] = CNOT 6 13
[254] = CNOT 6 15
[255] = CNOT 6 16
[256] = CNOT 6 17
[257] = T 6
[258] = CNOT 6 13
[259] = CNOT 6 7
[260] = CNOT 6 18
[261] = T 6
[262] = CNOT 4 14
[263] = CNOT 4 15
[264] = CNOT 4 16
[265] = CNOT 4 17
[266] = CNOT 4 19
[267] = T 4
[268] = CNOT 4 19
[269] = CNOT 4 18
[270] = CNOT 4 15
[271] = CNOT 4 14
[272] = CNOT 6 13
[273] = T 6
[274] = CNOT 6 18
[275] = CNOT 6 17
[276] = CNOT 6 16
[277] = CNOT 6 15
[278] = CNOT 6 13
[279] = CNOT 3 13
[280] = CNOT 3 14
[281] = T 3
[282] = S 3
[283] = Z 3
[284] = CNOT 3 16
[285] = T 3
[286] = CNOT 3 14
[287] = CNOT 14 15
[288] = CNOT 14 16
[289] = CNOT 14 17
[290] = CNOT 14 18
[291] = T 14
[292] = CNOT 14 18
[293] = CNOT 14 17
[294] = CNOT 14 16
[295] = CNOT 14 15
[296] = T 3
[297] = S 3
[298] = Z 3
[299] = CNOT 3 16
[300] = CNOT 3 13
[301] = CNOT 7 11
[302] = CNOT 7 15
[303] = CNOT 7 16
[304] = CNOT 7 17
[305] = T 7
[306] = CNOT 7 17
[307] = CNOT 7 16
[308] = CNOT 7 11
[309] = CNOT 11 17
[310] = T 11
[311] = Z 11
[312] = CNOT 11 17
[313] = CNOT 7 11
[314] = T 7
[315] = Z 7
[316] = CNOT 7 15
[317] = CNOT 7 11
[318] = CNOT 5 6
[319] = CNOT 5 7
[320] = CNOT 5 14
[321] = CNOT 5 16
[322] = T 5
[323] = CNOT 5 16
[324] = CNOT 5 14
[325] = CNOT 5 7
[326] = CNOT 5 6
[327] = CNOT 12 16
[328] = T 12
[329] = CNOT 12 16
[330] = CNOT 4 7
[331] = CNOT 4 12
[332] = T 4
[333] = CNOT 4 17
[334] = CNOT 4 6
[335] = CNOT 4 15
[336] = T 4
[337] = CNOT 4 16
[338] = CNOT 4 12
[339] = CNOT 4 7
[340] = CNOT 4 6
[341] = CNOT 6 7
[342] = CNOT 6 16
[343] = CNOT 6 17
[344] = T 6
[345] = CNOT 6 17
[346] = CNOT 6 16
[347] = CNOT 6 7
[348] = CNOT 5 13
[349] = T 5
[350] = CNOT 5 17
[351] = T 5
[352] = S 5
[353] = Z 5
[354] = CNOT 5 15
[355] = CNOT 5 13
[356] = CNOT 4 13
[357] = CNOT 4 14
[358] = CNOT 4 17
[359] = T 4
[360] = CNOT 4 17
[361] = CNOT 4 15
[362] = CNOT 4 13
[363] = CNOT 5 17
[364] = T 5
[365] = Z 5
[366] = CNOT 5 17
[367] = CNOT 4 7
[368] = CNOT 4 16
[369] = T 4
[370] = CNOT 4 17
[371] = T 4
[372] = CNOT 4 6
[373] = T 4
[374] = CNOT 4 17
[375] = CNOT 4 16
[376] = CNOT 4 7
[377] = CNOT 4 6
[378] = CNOT 6 7
[379] = CNOT 6 15
[380] = CNOT 6 16
[381] = T 6
[382] = CNOT 6 16
[383] = CNOT 6 15
[384] = CNOT 6 7
[385] = CNOT 4 6
[386] = CNOT 4 13
[387] = CNOT 4 18
[388] = CNOT 4 20
[389] = T 4
[390] = CNOT 4 20
[391] = CNOT 4 18
[392] = CNOT 4 6
[393] = CNOT 12 15
[394] = CNOT 12 17
[395] = T 12
[396] = S 12
[397] = CNOT 12 16
[398] = CNOT 12 18
[399] = T 12
[400] = CNOT 12 18
[401] = CNOT 12 17
[402] = CNOT 12 16
[403] = CNOT 12 15
[404] = CNOT 7 12
[405] = CNOT 7 15
[406] = CNOT 7 16
[407] = CNOT 7 17
[408] = CNOT 7 18
[409] = T 7
[410] = CNOT 7 12
[411] = CNOT 7 13
[412] = T 7
[413] = CNOT 7 18
[414] = CNOT 7 17
[415] = CNOT 7 16
[416] = CNOT 7 15
[417] = CNOT 7 13
[418] = CNOT 4 7
[419] = CNOT 4 15
[420] = CNOT 4 16
[421] = CNOT 4 17
[422] = T 4
[423] = CNOT 4 16
[424] = CNOT 4 14
[425] = CNOT 4 13
[426] = CNOT 4 7
[427] = T 4
[428] = S 4
[429] = Z 4
[430] = CNOT 4 17
[431] = CNOT 4 15
[432] = S 2
[433] = Z 2
[434] = S 3
[435] = Z 3
[436] = Z 4
[437] = S 5
[438] = Z 5
[439] = S 7
[440] = Z 7
[441] = S 9
[442] = Z 9
[443] = S 10
[444] = S 11
[445] = Z 11
[446] = Z 12
[447] = Z 14
[448] = S 15
[449] = Z 15
[450] = Z 16
[451] = Z 18
[452] = CNOT 3 14
[453] = Z 3
[454] = CNOT 3 14
[455] = CNOT 3 16
[456] = Z 3
[457] = CNOT 3 16
[458] = CNOT 4 6
[459] = S 4
[460] = CNOT 4 6
[461] = CNOT 4 7
[462] = S 4
[463] = CNOT 4 7
[464] = CNOT 4 13
[465] = Z 4
[466] = CNOT 4 13
[467] = CNOT 4 16
[468] = S 4
[469] = CNOT 4 16
[470] = CNOT 4 18
[471] = Z 4
[472] = CNOT 4 18
[473] = CNOT 4 20
[474] = Z 4
[475] = CNOT 4 20
[476] = CNOT 5 11
[477] = S 5
[478] = Z 5
[479] = CNOT 5 11
[480] = CNOT 5 12
[481] = S 5
[482] = CNOT 5 12
[483] = CNOT 5 13
[484] = Z 5
[485] = CNOT 5 13
[486] = CNOT 5 14
[487] = Z 5
[488] = CNOT 5 14
[489] = CNOT 5 15
[490] = S 5
[491] = Z 5
[492] = CNOT 5 15
[493] = CNOT 5 18
[494] = Z 5
[495] = CNOT 5 18
[496] = CNOT 6 10
[497] = Z 6
[498] = CNOT 6 10
[499] = CNOT 6 11
[500] = S 6
[501] = Z 6
[502] = CNOT 6 11
[503] = CNOT 6 12
[504] = Z 6
[505] = CNOT 6 12
[506] = CNOT 6 13
[507] = Z 6
[508] = CNOT 6 13
[509] = CNOT 6 14
[510] = Z 6
[511] = CNOT 6 14
[512] = CNOT 6 15
[513] = S 6
[514] = CNOT 6 15
[515] = CNOT 6 18
[516] = S 6
[517] = Z 6
[518] = CNOT 6 18
[519] = CNOT 6 19
[520] = Z 6
[521] = CNOT 6 19
[522] = CNOT 6 20
[523] = Z 6
[524] = CNOT 6 20
[525] = CNOT 7 11
[526] = Z 7
[527] = CNOT 7 11
[528] = CNOT 7 12
[529] = S 7
[530] = CNOT 7 12
[531] = CNOT 7 13
[532] = S 7
[533] = CNOT 7 13
[534] = CNOT 7 16
[535] = S 7
[536] = CNOT 7 16
[537] = CNOT 7 17
[538] = S 7
[539] = CNOT 7 17
[540] = CNOT 7 19
[541] = S 7
[542] = Z 7
[543] = CNOT 7 19
[544] = CNOT 7 20
[545] = S 7
[546] = CNOT 7 20
[547] = CNOT 10 15
[548] = Z 10
[549] = CNOT 10 15
[550] = CNOT 11 15
[551] = S 11
[552] = Z 11
[553] = CNOT 11 15
[554] = CNOT 12 15
[555] = S 12
[556] = CNOT 12 15
[557] = CNOT 13 14
[558] = S 13
[559] = CNOT 13 14
[560] = CNOT 13 15
[561] = S 13
[562] = Z 13
[563] = CNOT 13 15
[564] = CNOT 13 17
[565] = S 13
[566] = CNOT 13 17
[567] = CNOT 13 18
[568] = Z 13
[569] = CNOT 13 18
[570] = CNOT 13 19
[571] = S 13
[572] = Z 13
[573] = CNOT 13 19
[574] = CNOT 13 20
[575] = Z 13
[576] = CNOT 13 20
[577] = CNOT 14 15
[578] = Z 14
[579] = CNOT 14 15
[580] = CNOT 14 16
[581] = S 14
[582] = CNOT 14 16
[583] = CNOT 14 17
[584] = Z 14
[585] = CNOT 14 17
[586] = CNOT 14 18
[587] = S 14
[588] = CNOT 14 18
[589] = CNOT 14 19
[590] = Z 14
[591] = CNOT 14 19
[592] = CNOT 14 20
[593] = S 14
[594] = CNOT 14 20
[595] = CNOT 15 17
[596] = S 15
[597] = Z 15
[598] = CNOT 15 17
[599] = CNOT 18 20
[600] = Z 18
[601] = CNOT 18 20
[602] = CNOT 2 6
[603] = CNOT 2 7
[604] = Z 2
[605] = CNOT 2 7
[606] = CNOT 2 14
[607] = S 2
[608] = Z 2
[609] = CNOT 2 14
[610] = CNOT 2 15
[611] = S 2
[612] = Z 2
[613] = CNOT 2 15
[614] = CNOT 2 17
[615] = Z 2
[616] = CNOT 2 17
[617] = CNOT 2 6
[618] = CNOT 2 7
[619] = CNOT 2 14
[620] = S 2
[621] = Z 2
[622] = CNOT 2 14
[623] = CNOT 2 15
[624] = S 2
[625] = Z 2
[626] = CNOT 2 15
[627] = CNOT 2 17
[628] = Z 2
[629] = CNOT 2 7
[630] = CNOT 2 14
[631] = S 2
[632] = Z 2
[633] = CNOT 2 14
[634] = CNOT 2 15
[635] = S 2
[636] = Z 2
[637] = CNOT 2 17
[638] = CNOT 2 15
[639] = CNOT 4 6
[640] = CNOT 4 12
[641] = S 4
[642] = Z 4
[643] = CNOT 4 12
[644] = CNOT 4 13
[645] = S 4
[646] = CNOT 4 13
[647] = CNOT 4 14
[648] = Z 4
[649] = CNOT 4 14
[650] = CNOT 4 15
[651] = S 4
[652] = CNOT 4 15
[653] = CNOT 4 16
[654] = S 4
[655] = CNOT 4 16
[656] = CNOT 4 17
[657] = S 4
[658] = CNOT 4 17
[659] = CNOT 4 19
[660] = Z 4
[661] = CNOT 4 19
[662] = CNOT 4 20
[663] = Z 4
[664] = CNOT 4 20
[665] = CNOT 4 6
[666] = CNOT 4 7
[667] = CNOT 4 12
[668] = Z 4
[669] = CNOT 4 12
[670] = CNOT 4 13
[671] = Z 4
[672] = CNOT 4 13
[673] = CNOT 4 14
[674] = S 4
[675] = CNOT 4 14
[676] = CNOT 4 15
[677] = S 4
[678] = CNOT 4 15
[679] = CNOT 4 18
[680] = Z 4
[681] = CNOT 4 18
[682] = CNOT 4 19
[683] = S 4
[684] = Z 4
[685] = CNOT 4 19
[686] = CNOT 4 20
[687] = S 4
[688] = Z 4
[689] = CNOT 4 20
[690] = CNOT 4 7
[691] = CNOT 4 12
[692] = CNOT 4 15
[693] = S 4
[694] = Z 4
[695] = CNOT 4 15
[696] = CNOT 4 16
[697] = S 4
[698] = Z 4
[699] = CNOT 4 16
[700] = CNOT 4 17
[701] = S 4
[702] = Z 4
[703] = CNOT 4 17
[704] = CNOT 4 12
[705] = CNOT 4 13
[706] = CNOT 4 14
[707] = Z 4
[708] = CNOT 4 14
[709] = CNOT 4 15
[710] = Z 4
[711] = CNOT 4 15
[712] = CNOT 4 16
[713] = S 4
[714] = Z 4
[715] = CNOT 4 16
[716] = CNOT 4 17
[717] = Z 4
[718] = CNOT 4 17
[719] = CNOT 4 18
[720] = S 4
[721] = CNOT 4 18
[722] = CNOT 4 19
[723] = S 4
[724] = Z 4
[725] = CNOT 4 19
[726] = CNOT 4 20
[727] = Z 4
[728] = CNOT 4 20
[729] = CNOT 4 13
[730] = CNOT 4 14
[731] = CNOT 4 15
[732] = Z 4
[733] = CNOT 4 15
[734] = CNOT 4 16
[735] = S 4
[736] = CNOT 4 16
[737] = CNOT 4 17
[738] = S 4
[739] = CNOT 4 17
[740] = CNOT 4 18
[741] = Z 4
[742] = CNOT 4 18
[743] = CNOT 4 19
[744] = S 4
[745] = Z 4
[746] = CNOT 4 19
[747] = CNOT 4 20
[748] = S 4
[749] = Z 4
[750] = CNOT 4 20
[751] = CNOT 4 14
[752] = CNOT 4 15
[753] = CNOT 4 18
[754] = S 4
[755] = CNOT 4 18
[756] = CNOT 4 19
[757] = S 4
[758] = CNOT 4 19
[759] = CNOT 4 15
[760] = CNOT 4 16
[761] = CNOT 4 17
[762] = S 4
[763] = Z 4
[764] = CNOT 4 17
[765] = CNOT 4 18
[766] = S 4
[767] = CNOT 4 18
[768] = CNOT 4 19
[769] = S 4
[770] = CNOT 4 19
[771] = CNOT 4 16
[772] = CNOT 4 17
[773] = CNOT 4 18
[774] = S 4
[775] = CNOT 4 18
[776] = CNOT 4 19
[777] = S 4
[778] = CNOT 4 17
[779] = CNOT 4 18
[780] = S 4
[781] = CNOT 4 19
[782] = CNOT 4 20
[783] = Z 4
[784] = CNOT 4 20
[785] = CNOT 4 18
[786] = CNOT 5 6
[787] = CNOT 5 11
[788] = S 5
[789] = Z 5
[790] = CNOT 5 11
[791] = CNOT 5 12
[792] = S 5
[793] = Z 5
[794] = CNOT 5 12
[795] = CNOT 5 14
[796] = S 5
[797] = Z 5
[798] = CNOT 5 14
[799] = CNOT 5 15
[800] = S 5
[801] = CNOT 5 15
[802] = CNOT 5 16
[803] = Z 5
[804] = CNOT 5 16
[805] = CNOT 5 17
[806] = S 5
[807] = CNOT 5 17
[808] = CNOT 5 18
[809] = S 5
[810] = Z 5
[811] = CNOT 5 18
[812] = CNOT 5 6
[813] = CNOT 5 7
[814] = CNOT 5 11
[815] = S 5
[816] = Z 5
[817] = CNOT 5 11
[818] = CNOT 5 12
[819] = S 5
[820] = Z 5
[821] = CNOT 5 12
[822] = CNOT 5 14
[823] = S 5
[824] = Z 5
[825] = CNOT 5 14
[826] = CNOT 5 15
[827] = S 5
[828] = CNOT 5 15
[829] = CNOT 5 16
[830] = Z 5
[831] = CNOT 5 16
[832] = CNOT 5 17
[833] = S 5
[834] = CNOT 5 17
[835] = CNOT 5 18
[836] = S 5
[837] = Z 5
[838] = CNOT 5 18
[839] = CNOT 5 7
[840] = CNOT 5 12
[841] = CNOT 5 15
[842] = S 5
[843] = Z 5
[844] = CNOT 5 15
[845] = CNOT 5 17
[846] = S 5
[847] = Z 5
[848] = CNOT 5 17
[849] = CNOT 5 12
[850] = CNOT 5 14
[851] = CNOT 5 15
[852] = S 5
[853] = Z 5
[854] = CNOT 5 15
[855] = CNOT 5 16
[856] = S 5
[857] = Z 5
[858] = CNOT 5 16
[859] = CNOT 5 17
[860] = S 5
[861] = Z 5
[862] = CNOT 5 17
[863] = CNOT 5 14
[864] = CNOT 5 15
[865] = CNOT 5 16
[866] = Z 5
[867] = CNOT 5 16
[868] = CNOT 5 17
[869] = S 5
[870] = CNOT 5 17
[871] = CNOT 5 18
[872] = S 5
[873] = Z 5
[874] = CNOT 5 18
[875] = CNOT 5 15
[876] = CNOT 5 16
[877] = CNOT 5 17
[878] = Z 5
[879] = CNOT 5 17
[880] = CNOT 5 18
[881] = S 5
[882] = Z 5
[883] = CNOT 5 16
[884] = CNOT 5 17
[885] = S 5
[886] = Z 5
[887] = CNOT 5 18
[888] = CNOT 5 17
[889] = CNOT 6 7
[890] = CNOT 6 11
[891] = Z 6
[892] = CNOT 6 11
[893] = CNOT 6 12
[894] = Z 6
[895] = CNOT 6 12
[896] = CNOT 6 13
[897] = Z 6
[898] = CNOT 6 13
[899] = CNOT 6 14
[900] = S 6
[901] = CNOT 6 14
[902] = CNOT 6 16
[903] = Z 6
[904] = CNOT 6 16
[905] = CNOT 6 17
[906] = S 6
[907] = Z 6
[908] = CNOT 6 17
[909] = CNOT 6 18
[910] = S 6
[911] = CNOT 6 18
[912] = CNOT 6 19
[913] = S 6
[914] = Z 6
[915] = CNOT 6 19
[916] = CNOT 6 20
[917] = S 6
[918] = Z 6
[919] = CNOT 6 20
[920] = CNOT 6 7
[921] = CNOT 6 11
[922] = CNOT 6 15
[923] = S 6
[924] = Z 6
[925] = CNOT 6 15
[926] = CNOT 6 17
[927] = S 6
[928] = Z 6
[929] = CNOT 6 17
[930] = CNOT 6 11
[931] = CNOT 6 12
[932] = CNOT 6 15
[933] = Z 6
[934] = CNOT 6 15
[935] = CNOT 6 16
[936] = S 6
[937] = Z 6
[938] = CNOT 6 16
[939] = CNOT 6 17
[940] = S 6
[941] = Z 6
[942] = CNOT 6 17
[943] = CNOT 6 12
[944] = CNOT 6 13
[945] = CNOT 6 14
[946] = S 6
[947] = Z 6
[948] = CNOT 6 14
[949] = CNOT 6 15
[950] = Z 6
[951] = CNOT 6 15
[952] = CNOT 6 16
[953] = Z 6
[954] = CNOT 6 16
[955] = CNOT 6 17
[956] = Z 6
[957] = CNOT 6 17
[958] = CNOT 6 18
[959] = S 6
[960] = CNOT 6 18
[961] = CNOT 6 19
[962] = S 6
[963] = Z 6
[964] = CNOT 6 19
[965] = CNOT 6 20
[966] = Z 6
[967] = CNOT 6 20
[968] = CNOT 6 13
[969] = CNOT 6 14
[970] = CNOT 6 15
[971] = Z 6
[972] = CNOT 6 15
[973] = CNOT 6 16
[974] = Z 6
[975] = CNOT 6 16
[976] = CNOT 6 17
[977] = S 6
[978] = CNOT 6 17
[979] = CNOT 6 18
[980] = Z 6
[981] = CNOT 6 18
[982] = CNOT 6 20
[983] = S 6
[984] = Z 6
[985] = CNOT 6 20
[986] = CNOT 6 14
[987] = CNOT 6 15
[988] = CNOT 6 16
[989] = S 6
[990] = CNOT 6 16
[991] = CNOT 6 19
[992] = Z 6
[993] = CNOT 6 19
[994] = CNOT 6 15
[995] = CNOT 6 16
[996] = CNOT 6 17
[997] = S 6
[998] = CNOT 6 17
[999] = CNOT 6 19
[1000] = Z 6
[1001] = CNOT 6 16
[1002] = CNOT 6 17
[1003] = Z 6
[1004] = CNOT 6 17
[1005] = CNOT 6 18
[1006] = Z 6
[1007] = CNOT 6 19
[1008] = CNOT 6 20
[1009] = Z 6
[1010] = CNOT 6 20
[1011] = CNOT 6 18
[1012] = CNOT 7 11
[1013] = CNOT 7 16
[1014] = S 7
[1015] = Z 7
[1016] = CNOT 7 16
[1017] = CNOT 7 17
[1018] = S 7
[1019] = Z 7
[1020] = CNOT 7 17
[1021] = CNOT 7 11
[1022] = CNOT 7 12
[1023] = CNOT 7 15
[1024] = S 7
[1025] = CNOT 7 15
[1026] = CNOT 7 16
[1027] = Z 7
[1028] = CNOT 7 16
[1029] = CNOT 7 12
[1030] = CNOT 7 13
[1031] = CNOT 7 14
[1032] = S 7
[1033] = Z 7
[1034] = CNOT 7 14
[1035] = CNOT 7 15
[1036] = Z 7
[1037] = CNOT 7 15
[1038] = CNOT 7 16
[1039] = Z 7
[1040] = CNOT 7 16
[1041] = CNOT 7 17
[1042] = Z 7
[1043] = CNOT 7 17
[1044] = CNOT 7 18
[1045] = Z 7
[1046] = CNOT 7 18
[1047] = CNOT 7 20
[1048] = S 7
[1049] = Z 7
[1050] = CNOT 7 20
[1051] = CNOT 7 13
[1052] = CNOT 7 14
[1053] = CNOT 7 15
[1054] = Z 7
[1055] = CNOT 7 15
[1056] = CNOT 7 16
[1057] = S 7
[1058] = CNOT 7 16
[1059] = CNOT 7 18
[1060] = S 7
[1061] = Z 7
[1062] = CNOT 7 18
[1063] = CNOT 7 14
[1064] = CNOT 7 15
[1065] = CNOT 7 16
[1066] = S 7
[1067] = CNOT 7 16
[1068] = CNOT 7 18
[1069] = S 7
[1070] = CNOT 7 18
[1071] = CNOT 7 19
[1072] = S 7
[1073] = Z 7
[1074] = CNOT 7 19
[1075] = CNOT 7 15
[1076] = CNOT 7 16
[1077] = CNOT 7 18
[1078] = S 7
[1079] = CNOT 7 18
[1080] = CNOT 7 19
[1081] = S 7
[1082] = Z 7
[1083] = CNOT 7 19
[1084] = CNOT 7 16
[1085] = CNOT 7 17
[1086] = CNOT 7 18
[1087] = S 7
[1088] = CNOT 7 18
[1089] = CNOT 7 19
[1090] = S 7
[1091] = Z 7
[1092] = CNOT 7 17
[1093] = CNOT 7 18
[1094] = S 7
[1095] = Z 7
[1096] = CNOT 7 19
[1097] = CNOT 7 20
[1098] = S 7
[1099] = Z 7
[1100] = CNOT 7 20
[1101] = CNOT 7 18
[1102] = CNOT 11 15
[1103] = CNOT 11 16
[1104] = S 11
[1105] = Z 11
[1106] = CNOT 11 16
[1107] = CNOT 11 17
[1108] = S 11
[1109] = Z 11
[1110] = CNOT 11 15
[1111] = CNOT 11 16
[1112] = S 11
[1113] = Z 11
[1114] = CNOT 11 17
[1115] = CNOT 11 16
[1116] = CNOT 12 15
[1117] = CNOT 12 16
[1118] = Z 12
[1119] = CNOT 12 16
[1120] = CNOT 12 18
[1121] = S 12
[1122] = Z 12
[1123] = CNOT 12 18
[1124] = CNOT 12 15
[1125] = CNOT 12 16
[1126] = CNOT 12 17
[1127] = Z 12
[1128] = CNOT 12 17
[1129] = CNOT 12 18
[1130] = S 12
[1131] = Z 12
[1132] = CNOT 12 16
[1133] = CNOT 12 17
[1134] = S 12
[1135] = Z 12
[1136] = CNOT 12 18
[1137] = CNOT 12 17
[1138] = CNOT 13 14
[1139] = CNOT 13 15
[1140] = S 13
[1141] = Z 13
[1142] = CNOT 13 15
[1143] = CNOT 13 16
[1144] = S 13
[1145] = Z 13
[1146] = CNOT 13 16
[1147] = CNOT 13 17
[1148] = S 13
[1149] = Z 13
[1150] = CNOT 13 17
[1151] = CNOT 13 18
[1152] = S 13
[1153] = Z 13
[1154] = CNOT 13 18
[1155] = CNOT 13 20
[1156] = S 13
[1157] = Z 13
[1158] = CNOT 13 20
[1159] = CNOT 13 14
[1160] = CNOT 13 15
[1161] = CNOT 13 16
[1162] = S 13
[1163] = CNOT 13 16
[1164] = CNOT 13 18
[1165] = Z 13
[1166] = CNOT 13 18
[1167] = CNOT 13 19
[1168] = S 13
[1169] = Z 13
[1170] = CNOT 13 19
[1171] = CNOT 13 15
[1172] = CNOT 13 16
[1173] = CNOT 13 17
[1174] = S 13
[1175] = CNOT 13 17
[1176] = CNOT 13 18
[1177] = Z 13
[1178] = CNOT 13 18
[1179] = CNOT 13 19
[1180] = S 13
[1181] = Z 13
[1182] = CNOT 13 19
[1183] = CNOT 13 16
[1184] = CNOT 13 17
[1185] = CNOT 13 18
[1186] = Z 13
[1187] = CNOT 13 18
[1188] = CNOT 13 19
[1189] = S 13
[1190] = Z 13
[1191] = CNOT 13 17
[1192] = CNOT 13 18
[1193] = S 13
[1194] = Z 13
[1195] = CNOT 13 19
[1196] = CNOT 13 20
[1197] = Z 13
[1198] = CNOT 13 20
[1199] = CNOT 13 18
[1200] = CNOT 14 15
[1201] = CNOT 14 16
[1202] = S 14
[1203] = CNOT 14 16
[1204] = CNOT 14 18
[1205] = Z 14
[1206] = CNOT 14 18
[1207] = CNOT 14 19
[1208] = S 14
[1209] = Z 14
[1210] = CNOT 14 19
[1211] = CNOT 14 15
[1212] = CNOT 14 16
[1213] = CNOT 14 18
[1214] = Z 14
[1215] = CNOT 14 18
[1216] = CNOT 14 19
[1217] = S 14
[1218] = Z 14
[1219] = CNOT 14 19
[1220] = CNOT 14 16
[1221] = CNOT 14 17
[1222] = CNOT 14 18
[1223] = Z 14
[1224] = CNOT 14 18
[1225] = CNOT 14 19
[1226] = S 14
[1227] = Z 14
[1228] = CNOT 14 17
[1229] = CNOT 14 18
[1230] = S 14
[1231] = Z 14
[1232] = CNOT 14 19
[1233] = CNOT 14 20
[1234] = S 14
[1235] = Z 14
[1236] = CNOT 14 20
[1237] = CNOT 14 18
[1238] = CNOT 15 16
[1239] = CNOT 15 17
[1240] = Z 15
[1241] = CNOT 15 17
[1242] = CNOT 15 18
[1243] = S 15
[1244] = CNOT 15 18
[1245] = CNOT 15 19
[1246] = S 15
[1247] = CNOT 15 19
[1248] = CNOT 15 16
[1249] = CNOT 15 17
[1250] = CNOT 15 18
[1251] = S 15
[1252] = CNOT 15 18
[1253] = CNOT 15 19
[1254] = S 15
[1255] = CNOT 15 17
[1256] = CNOT 15 18
[1257] = S 15
[1258] = CNOT 15 19
[1259] = CNOT 15 18
[1260] = CNOT 16 17
[1261] = CNOT 16 18
[1262] = S 16
[1263] = CNOT 16 18
[1264] = CNOT 16 19
[1265] = S 16
[1266] = CNOT 16 17
[1267] = CNOT 16 18
[1268] = S 16
[1269] = CNOT 16 19
[1270] = CNOT 16 18
[1271] = CNOT 17 18
[1272] = CNOT 17 19
[1273] = S 17
[1274] = CNOT 17 19
[1275] = CNOT 17 18
[1276] = CNOT 8 7
[1277] = CNOT 9 6
[1278] = CNOT 10 5
[1279] = CNOT 11 4
[1280] = CNOT 12 3
[1281] = CNOT 13 2
[1282] = CNOT 14 1
[1283] = H 15
[1284] = H 16
[1285] = H 17
[1286] = H 18
[1287] = H 19
[1288] = H 20
[1289] = CNOT 21 20
[1290] = CNOT 20 19
[1291] = CNOT 19 18
[1292] = CNOT 18 17
[1293] = CNOT 17 16
[1294] = CNOT 16 15
[1295] = H 15
[1296] = H 16
[1297] = H 17
[1298] = H 18
[1299] = H 19
[1300] = H 20
[1301] = H 21
[1302] = CNOT 2 3
[1303] = CNOT 2 5
[1304] = CNOT 2 10
[1305] = CNOT 2 16
[1306] = CNOT 2 18
[1307] = CNOT 2 20
[1308] = CNOT 2 21
[1309] = T 2
[1310] = CNOT 2 21
[1311] = CNOT 2 20
[1312] = CNOT 2 18
[1313] = CNOT 2 16
[1314] = CNOT 2 10
[1315] = CNOT 2 5
[1316] = CNOT 2 3
[1317] = CNOT 1 7
[1318] = CNOT 1 8
[1319] = CNOT 1 17
[1320] = CNOT 1 21
[1321] = T 1
[1322] = CNOT 1 17
[1323] = CNOT 1 7
[1324] = CNOT 7 8
[1325] = CNOT 7 16
[1326] = CNOT 7 20
[1327] = CNOT 7 21
[1328] = T 7
[1329] = CNOT 7 21
[1330] = CNOT 7 20
[1331] = CNOT 7 16
[1332] = CNOT 7 8
[1333] = CNOT 1 7
[1334] = T 1
[1335] = CNOT 1 8
[1336] = CNOT 1 7
[1337] = CNOT 9 21
[1338] = T 9
[1339] = CNOT 9 21
[1340] = CNOT 1 5
[1341] = CNOT 1 10
[1342] = T 1
[1343] = CNOT 1 10
[1344] = CNOT 1 5
[1345] = T 6
[1346] = Z 6
[1347] = CNOT 5 10
[1348] = CNOT 5 17
[1349] = CNOT 5 21
[1350] = T 5
[1351] = CNOT 5 17
[1352] = CNOT 5 16
[1353] = CNOT 5 20
[1354] = T 5
[1355] = CNOT 5 21
[1356] = CNOT 5 20
[1357] = CNOT 5 16
[1358] = CNOT 5 10
[1359] = CNOT 1 2
[1360] = CNOT 1 7
[1361] = CNOT 1 8
[1362] = CNOT 1 16
[1363] = CNOT 1 18
[1364] = CNOT 1 20
[1365] = T 1
[1366] = CNOT 1 20
[1367] = CNOT 1 18
[1368] = CNOT 1 16
[1369] = CNOT 1 8
[1370] = CNOT 1 7
[1371] = CNOT 1 2
[1372] = CNOT 11 21
[1373] = T 11
[1374] = S 11
[1375] = CNOT 11 21
[1376] = CNOT 4 11
[1377] = CNOT 4 21
[1378] = T 4
[1379] = S 4
[1380] = Z 4
[1381] = CNOT 4 11
[1382] = T 4
[1383] = Z 4
[1384] = CNOT 4 21
[1385] = CNOT 12 21
[1386] = T 12
[1387] = CNOT 12 21
[1388] = CNOT 6 9
[1389] = CNOT 6 17
[1390] = CNOT 6 21
[1391] = T 6
[1392] = CNOT 6 21
[1393] = CNOT 6 17
[1394] = CNOT 6 9
[1395] = CNOT 3 5
[1396] = CNOT 3 21
[1397] = T 3
[1398] = Z 3
[1399] = CNOT 3 21
[1400] = CNOT 3 5
[1401] = CNOT 13 21
[1402] = T 13
[1403] = Z 13
[1404] = CNOT 13 21
[1405] = CNOT 2 17
[1406] = CNOT 2 21
[1407] = T 2
[1408] = S 2
[1409] = CNOT 2 21
[1410] = CNOT 2 17
[1411] = T 2
[1412] = S 2
[1413] = CNOT 14 21
[1414] = T 14
[1415] = Z 14
[1416] = CNOT 14 21
[1417] = CNOT 1 14
[1418] = T 1
[1419] = S 1
[1420] = Z 1
[1421] = CNOT 1 14
[1422] = CNOT 1 2
[1423] = CNOT 1 6
[1424] = CNOT 1 9
[1425] = CNOT 1 20
[1426] = T 1
[1427] = CNOT 1 20
[1428] = CNOT 1 9
[1429] = CNOT 1 6
[1430] = CNOT 1 2
[1431] = CNOT 6 7
[1432] = CNOT 6 8
[1433] = CNOT 6 21
[1434] = T 6
[1435] = CNOT 6 20
[1436] = T 6
[1437] = CNOT 6 8
[1438] = CNOT 6 7
[1439] = CNOT 1 7
[1440] = T 1
[1441] = S 1
[1442] = CNOT 1 7
[1443] = T 6
[1444] = S 6
[1445] = Z 6
[1446] = CNOT 6 21
[1447] = CNOT 6 20
[1448] = CNOT 1 2
[1449] = CNOT 1 3
[1450] = CNOT 1 8
[1451] = CNOT 1 15
[1452] = CNOT 1 16
[1453] = CNOT 1 18
[1454] = CNOT 1 20
[1455] = T 1
[1456] = CNOT 1 15
[1457] = CNOT 1 8
[1458] = CNOT 1 3
[1459] = CNOT 1 2
[1460] = CNOT 2 5
[1461] = CNOT 2 6
[1462] = CNOT 2 9
[1463] = CNOT 2 21
[1464] = T 2
[1465] = CNOT 2 20
[1466] = T 2
[1467] = CNOT 2 21
[1468] = CNOT 2 20
[1469] = CNOT 2 9
[1470] = CNOT 2 6
[1471] = CNOT 2 5
[1472] = CNOT 1 2
[1473] = CNOT 1 4
[1474] = CNOT 1 11
[1475] = T 1
[1476] = CNOT 1 20
[1477] = CNOT 1 18
[1478] = CNOT 1 16
[1479] = CNOT 1 11
[1480] = CNOT 1 4
[1481] = CNOT 1 2
[1482] = CNOT 2 5
[1483] = CNOT 2 21
[1484] = T 2
[1485] = Z 2
[1486] = CNOT 2 4
[1487] = CNOT 2 10
[1488] = CNOT 2 16
[1489] = T 2
[1490] = CNOT 2 20
[1491] = T 2
[1492] = CNOT 2 20
[1493] = CNOT 2 4
[1494] = T 2
[1495] = CNOT 2 10
[1496] = CNOT 2 5
[1497] = CNOT 2 4
[1498] = T 2
[1499] = CNOT 2 4
[1500] = CNOT 2 3
[1501] = CNOT 2 7
[1502] = CNOT 2 15
[1503] = CNOT 2 18
[1504] = CNOT 2 20
[1505] = T 2
[1506] = CNOT 2 20
[1507] = CNOT 2 18
[1508] = CNOT 2 15
[1509] = CNOT 2 7
[1510] = CNOT 2 4
[1511] = CNOT 2 11
[1512] = T 2
[1513] = CNOT 2 20
[1514] = T 2
[1515] = CNOT 2 20
[1516] = CNOT 2 3
[1517] = T 2
[1518] = CNOT 2 11
[1519] = CNOT 2 4
[1520] = CNOT 2 3
[1521] = T 2
[1522] = CNOT 2 16
[1523] = CNOT 2 3
[1524] = CNOT 2 6
[1525] = CNOT 2 9
[1526] = CNOT 2 17
[1527] = T 2
[1528] = CNOT 2 17
[1529] = CNOT 2 9
[1530] = CNOT 2 6
[1531] = CNOT 2 3
[1532] = CNOT 2 12
[1533] = T 2
[1534] = CNOT 2 21
[1535] = CNOT 2 12
[1536] = CNOT 2 3
[1537] = CNOT 3 12
[1538] = CNOT 3 20
[1539] = CNOT 3 21
[1540] = T 3
[1541] = CNOT 3 21
[1542] = CNOT 3 20
[1543] = CNOT 3 12
[1544] = CNOT 1 8
[1545] = T 1
[1546] = S 1
[1547] = CNOT 1 8
[1548] = CNOT 1 2
[1549] = CNOT 1 6
[1550] = CNOT 1 9
[1551] = CNOT 1 16
[1552] = CNOT 1 20
[1553] = T 1
[1554] = CNOT 1 20
[1555] = CNOT 1 16
[1556] = CNOT 1 9
[1557] = CNOT 1 6
[1558] = CNOT 1 13
[1559] = T 1
[1560] = CNOT 1 20
[1561] = T 1
[1562] = CNOT 1 13
[1563] = CNOT 1 2
[1564] = CNOT 2 13
[1565] = CNOT 2 20
[1566] = CNOT 2 21
[1567] = T 2
[1568] = CNOT 2 21
[1569] = CNOT 2 20
[1570] = CNOT 2 13
[1571] = T 1
[1572] = CNOT 1 2
[1573] = CNOT 1 3
[1574] = CNOT 1 5
[1575] = CNOT 1 16
[1576] = CNOT 1 17
[1577] = CNOT 1 18
[1578] = CNOT 1 19
[1579] = T 1
[1580] = CNOT 1 5
[1581] = CNOT 1 3
[1582] = CNOT 1 2
[1583] = CNOT 2 5
[1584] = CNOT 2 7
[1585] = CNOT 2 8
[1586] = CNOT 2 20
[1587] = CNOT 2 21
[1588] = T 2
[1589] = CNOT 2 19
[1590] = T 2
[1591] = CNOT 2 5
[1592] = T 2
[1593] = CNOT 2 8
[1594] = CNOT 2 7
[1595] = CNOT 2 5
[1596] = T 2
[1597] = CNOT 2 19
[1598] = CNOT 2 5
[1599] = CNOT 2 4
[1600] = CNOT 2 6
[1601] = CNOT 2 9
[1602] = CNOT 2 16
[1603] = CNOT 2 18
[1604] = T 2
[1605] = CNOT 2 19
[1606] = T 2
[1607] = CNOT 2 4
[1608] = T 2
[1609] = CNOT 2 9
[1610] = CNOT 2 6
[1611] = CNOT 2 4
[1612] = T 2
[1613] = CNOT 2 21
[1614] = CNOT 2 20
[1615] = CNOT 2 19
[1616] = CNOT 2 18
[1617] = CNOT 2 16
[1618] = CNOT 2 4
[1619] = CNOT 3 10
[1620] = CNOT 3 21
[1621] = T 3
[1622] = Z 3
[1623] = CNOT 3 21
[1624] = CNOT 3 10
[1625] = CNOT 1 2
[1626] = CNOT 1 10
[1627] = T 1
[1628] = CNOT 1 3
[1629] = T 1
[1630] = CNOT 1 10
[1631] = CNOT 1 3
[1632] = CNOT 1 5
[1633] = T 1
[1634] = CNOT 1 19
[1635] = CNOT 1 18
[1636] = CNOT 1 17
[1637] = CNOT 1 16
[1638] = CNOT 1 5
[1639] = CNOT 1 2
[1640] = CNOT 4 11
[1641] = CNOT 4 16
[1642] = CNOT 4 18
[1643] = CNOT 4 20
[1644] = CNOT 4 21
[1645] = T 4
[1646] = CNOT 4 21
[1647] = CNOT 4 20
[1648] = CNOT 4 18
[1649] = CNOT 4 16
[1650] = CNOT 4 11
[1651] = CNOT 2 4
[1652] = CNOT 2 11
[1653] = CNOT 2 16
[1654] = CNOT 2 18
[1655] = CNOT 2 19
[1656] = CNOT 2 20
[1657] = CNOT 2 21
[1658] = T 2
[1659] = CNOT 2 21
[1660] = CNOT 2 20
[1661] = CNOT 2 19
[1662] = CNOT 2 18
[1663] = CNOT 2 16
[1664] = CNOT 2 11
[1665] = CNOT 2 4
[1666] = CNOT 4 11
[1667] = CNOT 4 16
[1668] = CNOT 4 18
[1669] = CNOT 4 19
[1670] = CNOT 4 20
[1671] = CNOT 4 21
[1672] = T 4
[1673] = CNOT 4 21
[1674] = CNOT 4 20
[1675] = CNOT 4 19
[1676] = CNOT 4 18
[1677] = CNOT 4 16
[1678] = CNOT 4 11
[1679] = CNOT 16 18
[1680] = CNOT 16 19
[1681] = CNOT 16 20
[1682] = CNOT 16 21
[1683] = T 16
[1684] = CNOT 16 21
[1685] = CNOT 16 20
[1686] = CNOT 16 19
[1687] = CNOT 16 18
[1688] = CNOT 1 2
[1689] = CNOT 1 3
[1690] = CNOT 1 12
[1691] = T 1
[1692] = CNOT 1 19
[1693] = T 1
[1694] = CNOT 1 12
[1695] = CNOT 1 3
[1696] = CNOT 1 2
[1697] = CNOT 2 3
[1698] = CNOT 2 12
[1699] = CNOT 2 19
[1700] = CNOT 2 20
[1701] = CNOT 2 21
[1702] = T 2
[1703] = CNOT 2 21
[1704] = CNOT 2 20
[1705] = CNOT 2 19
[1706] = CNOT 2 12
[1707] = CNOT 2 3
[1708] = CNOT 1 2
[1709] = T 1
[1710] = CNOT 1 20
[1711] = CNOT 1 19
[1712] = CNOT 1 2
[1713] = CNOT 2 4
[1714] = CNOT 2 7
[1715] = CNOT 2 8
[1716] = CNOT 2 16
[1717] = CNOT 2 20
[1718] = CNOT 2 21
[1719] = T 2
[1720] = CNOT 2 18
[1721] = T 2
[1722] = CNOT 2 18
[1723] = CNOT 2 8
[1724] = CNOT 2 7
[1725] = CNOT 2 4
[1726] = CNOT 1 3
[1727] = CNOT 1 7
[1728] = CNOT 1 8
[1729] = CNOT 1 17
[1730] = T 1
[1731] = CNOT 1 17
[1732] = CNOT 1 8
[1733] = T 4
[1734] = S 4
[1735] = CNOT 2 3
[1736] = CNOT 2 6
[1737] = CNOT 2 9
[1738] = T 2
[1739] = CNOT 2 18
[1740] = T 2
[1741] = CNOT 2 21
[1742] = CNOT 2 20
[1743] = CNOT 2 18
[1744] = CNOT 2 16
[1745] = CNOT 2 9
[1746] = CNOT 2 6
[1747] = CNOT 2 3
[1748] = CNOT 1 2
[1749] = CNOT 1 15
[1750] = CNOT 1 16
[1751] = CNOT 1 18
[1752] = CNOT 1 20
[1753] = T 1
[1754] = CNOT 1 20
[1755] = CNOT 1 18
[1756] = CNOT 1 16
[1757] = CNOT 1 15
[1758] = CNOT 1 7
[1759] = CNOT 1 3
[1760] = CNOT 1 2
[1761] = CNOT 1 17
[1762] = T 1
[1763] = CNOT 3 7
[1764] = CNOT 3 8
[1765] = CNOT 3 21
[1766] = T 3
[1767] = CNOT 3 21
[1768] = CNOT 3 8
[1769] = CNOT 3 7
[1770] = CNOT 1 3
[1771] = CNOT 1 5
[1772] = CNOT 1 10
[1773] = T 1
[1774] = CNOT 1 17
[1775] = CNOT 1 10
[1776] = CNOT 1 5
[1777] = CNOT 1 3
[1778] = CNOT 5 10
[1779] = CNOT 5 16
[1780] = CNOT 5 18
[1781] = CNOT 5 20
[1782] = CNOT 5 21
[1783] = T 5
[1784] = CNOT 5 21
[1785] = CNOT 5 20
[1786] = CNOT 5 18
[1787] = CNOT 5 16
[1788] = CNOT 5 10
[1789] = CNOT 2 3
[1790] = CNOT 2 8
[1791] = CNOT 2 15
[1792] = CNOT 2 16
[1793] = CNOT 2 18
[1794] = CNOT 2 20
[1795] = CNOT 2 21
[1796] = T 2
[1797] = CNOT 2 21
[1798] = CNOT 2 20
[1799] = CNOT 2 18
[1800] = CNOT 2 16
[1801] = CNOT 2 15
[1802] = CNOT 2 8
[1803] = CNOT 2 3
[1804] = CNOT 1 2
[1805] = CNOT 1 4
[1806] = CNOT 1 11
[1807] = CNOT 1 16
[1808] = CNOT 1 20
[1809] = T 1
[1810] = CNOT 1 21
[1811] = CNOT 1 20
[1812] = CNOT 1 16
[1813] = CNOT 1 11
[1814] = CNOT 1 4
[1815] = CNOT 1 2
[1816] = S 1
[1817] = S 5
[1818] = S 7
[1819] = Z 7
[1820] = S 8
[1821] = Z 9
[1822] = Z 10
[1823] = Z 11
[1824] = S 12
[1825] = Z 13
[1826] = S 15
[1827] = Z 15
[1828] = Z 17
[1829] = S 18
[1830] = Z 19
[1831] = S 20
[1832] = Z 20
[1833] = CNOT 1 2
[1834] = S 1
[1835] = Z 1
[1836] = CNOT 1 2
[1837] = CNOT 1 3
[1838] = S 1
[1839] = Z 1
[1840] = CNOT 1 3
[1841] = CNOT 1 4
[1842] = Z 1
[1843] = CNOT 1 4
[1844] = CNOT 1 6
[1845] = S 1
[1846] = CNOT 1 6
[1847] = CNOT 1 7
[1848] = Z 1
[1849] = CNOT 1 7
[1850] = CNOT 1 8
[1851] = Z 1
[1852] = CNOT 1 8
[1853] = CNOT 1 9
[1854] = S 1
[1855] = CNOT 1 9
[1856] = CNOT 1 11
[1857] = Z 1
[1858] = CNOT 1 11
[1859] = CNOT 1 12
[1860] = S 1
[1861] = CNOT 1 12
[1862] = CNOT 1 13
[1863] = S 1
[1864] = Z 1
[1865] = CNOT 1 13
[1866] = CNOT 1 14
[1867] = Z 1
[1868] = CNOT 1 14
[1869] = CNOT 1 15
[1870] = S 1
[1871] = Z 1
[1872] = CNOT 1 15
[1873] = CNOT 1 16
[1874] = S 1
[1875] = CNOT 1 16
[1876] = CNOT 1 18
[1877] = S 1
[1878] = Z 1
[1879] = CNOT 1 18
[1880] = CNOT 1 19
[1881] = S 1
[1882] = CNOT 1 19
[1883] = CNOT 1 20
[1884] = Z 1
[1885] = CNOT 1 20
[1886] = CNOT 2 3
[1887] = Z 2
[1888] = CNOT 2 3
[1889] = CNOT 2 4
[1890] = S 2
[1891] = CNOT 2 4
[1892] = CNOT 2 6
[1893] = S 2
[1894] = CNOT 2 6
[1895] = CNOT 2 7
[1896] = S 2
[1897] = CNOT 2 7
[1898] = CNOT 2 8
[1899] = S 2
[1900] = CNOT 2 8
[1901] = CNOT 2 9
[1902] = S 2
[1903] = CNOT 2 9
[1904] = CNOT 2 10
[1905] = S 2
[1906] = Z 2
[1907] = CNOT 2 10
[1908] = CNOT 2 11
[1909] = S 2
[1910] = CNOT 2 11
[1911] = CNOT 2 12
[1912] = S 2
[1913] = CNOT 2 12
[1914] = CNOT 2 13
[1915] = Z 2
[1916] = CNOT 2 13
[1917] = CNOT 2 15
[1918] = S 2
[1919] = Z 2
[1920] = CNOT 2 15
[1921] = CNOT 2 17
[1922] = S 2
[1923] = Z 2
[1924] = CNOT 2 17
[1925] = CNOT 2 18
[1926] = Z 2
[1927] = CNOT 2 18
[1928] = CNOT 2 19
[1929] = S 2
[1930] = CNOT 2 19
[1931] = CNOT 3 4
[1932] = S 3
[1933] = CNOT 3 4
[1934] = CNOT 3 5
[1935] = S 3
[1936] = Z 3
[1937] = CNOT 3 5
[1938] = CNOT 3 6
[1939] = Z 3
[1940] = CNOT 3 6
[1941] = CNOT 3 7
[1942] = S 3
[1943] = Z 3
[1944] = CNOT 3 7
[1945] = CNOT 3 8
[1946] = S 3
[1947] = Z 3
[1948] = CNOT 3 8
[1949] = CNOT 3 9
[1950] = Z 3
[1951] = CNOT 3 9
[1952] = CNOT 3 10
[1953] = S 3
[1954] = Z 3
[1955] = CNOT 3 10
[1956] = CNOT 3 11
[1957] = S 3
[1958] = CNOT 3 11
[1959] = CNOT 3 15
[1960] = S 3
[1961] = Z 3
[1962] = CNOT 3 15
[1963] = CNOT 3 16
[1964] = S 3
[1965] = CNOT 3 16
[1966] = CNOT 3 17
[1967] = S 3
[1968] = CNOT 3 17
[1969] = CNOT 3 18
[1970] = Z 3
[1971] = CNOT 3 18
[1972] = CNOT 3 19
[1973] = S 3
[1974] = CNOT 3 19
[1975] = CNOT 3 20
[1976] = S 3
[1977] = CNOT 3 20
[1978] = CNOT 3 21
[1979] = Z 3
[1980] = CNOT 3 21
[1981] = CNOT 4 5
[1982] = S 4
[1983] = CNOT 4 5
[1984] = CNOT 4 6
[1985] = S 4
[1986] = Z 4
[1987] = CNOT 4 6
[1988] = CNOT 4 7
[1989] = Z 4
[1990] = CNOT 4 7
[1991] = CNOT 4 8
[1992] = Z 4
[1993] = CNOT 4 8
[1994] = CNOT 4 9
[1995] = S 4
[1996] = Z 4
[1997] = CNOT 4 9
[1998] = CNOT 4 10
[1999] = S 4
[2000] = CNOT 4 10
[2001] = CNOT 4 11
[2002] = S 4
[2003] = CNOT 4 11
[2004] = CNOT 4 16
[2005] = S 4
[2006] = Z 4
[2007] = CNOT 4 16
[2008] = CNOT 4 18
[2009] = S 4
[2010] = CNOT 4 18
[2011] = CNOT 4 20
[2012] = S 4
[2013] = CNOT 4 20
[2014] = CNOT 5 7
[2015] = S 5
[2016] = CNOT 5 7
[2017] = CNOT 5 8
[2018] = S 5
[2019] = CNOT 5 8
[2020] = CNOT 5 10
[2021] = Z 5
[2022] = CNOT 5 10
[2023] = CNOT 5 18
[2024] = Z 5
[2025] = CNOT 5 18
[2026] = CNOT 5 21
[2027] = S 5
[2028] = CNOT 5 21
[2029] = CNOT 6 7
[2030] = S 6
[2031] = Z 6
[2032] = CNOT 6 7
[2033] = CNOT 6 8
[2034] = S 6
[2035] = Z 6
[2036] = CNOT 6 8
[2037] = CNOT 6 17
[2038] = S 6
[2039] = Z 6
[2040] = CNOT 6 17
[2041] = CNOT 6 18
[2042] = Z 6
[2043] = CNOT 6 18
[2044] = CNOT 6 19
[2045] = S 6
[2046] = Z 6
[2047] = CNOT 6 19
[2048] = CNOT 6 20
[2049] = S 6
[2050] = Z 6
[2051] = CNOT 6 20
[2052] = CNOT 6 21
[2053] = S 6
[2054] = CNOT 6 21
[2055] = CNOT 7 15
[2056] = S 7
[2057] = Z 7
[2058] = CNOT 7 15
[2059] = CNOT 7 16
[2060] = S 7
[2061] = Z 7
[2062] = CNOT 7 16
[2063] = CNOT 7 18
[2064] = Z 7
[2065] = CNOT 7 18
[2066] = CNOT 7 19
[2067] = S 7
[2068] = CNOT 7 19
[2069] = CNOT 7 20
[2070] = S 7
[2071] = CNOT 7 20
[2072] = CNOT 7 21
[2073] = S 7
[2074] = CNOT 7 21
[2075] = CNOT 8 15
[2076] = S 8
[2077] = Z 8
[2078] = CNOT 8 15
[2079] = CNOT 8 16
[2080] = S 8
[2081] = Z 8
[2082] = CNOT 8 16
[2083] = CNOT 8 18
[2084] = Z 8
[2085] = CNOT 8 18
[2086] = CNOT 8 19
[2087] = S 8
[2088] = CNOT 8 19
[2089] = CNOT 8 20
[2090] = S 8
[2091] = CNOT 8 20
[2092] = CNOT 9 17
[2093] = S 9
[2094] = Z 9
[2095] = CNOT 9 17
[2096] = CNOT 9 18
[2097] = Z 9
[2098] = CNOT 9 18
[2099] = CNOT 9 19
[2100] = S 9
[2101] = Z 9
[2102] = CNOT 9 19
[2103] = CNOT 9 20
[2104] = S 9
[2105] = CNOT 9 20
[2106] = CNOT 10 18
[2107] = Z 10
[2108] = CNOT 10 18
[2109] = CNOT 10 20
[2110] = S 10
[2111] = Z 10
[2112] = CNOT 10 20
[2113] = CNOT 10 21
[2114] = S 10
[2115] = Z 10
[2116] = CNOT 10 21
[2117] = CNOT 11 16
[2118] = S 11
[2119] = Z 11
[2120] = CNOT 11 16
[2121] = CNOT 11 19
[2122] = Z 11
[2123] = CNOT 11 19
[2124] = CNOT 11 20
[2125] = Z 11
[2126] = CNOT 11 20
[2127] = CNOT 12 19
[2128] = S 12
[2129] = CNOT 12 19
[2130] = CNOT 12 20
[2131] = S 12
[2132] = CNOT 12 20
[2133] = CNOT 13 20
[2134] = S 13
[2135] = Z 13
[2136] = CNOT 13 20
[2137] = CNOT 15 16
[2138] = S 15
[2139] = Z 15
[2140] = CNOT 15 16
[2141] = CNOT 15 18
[2142] = S 15
[2143] = Z 15
[2144] = CNOT 15 18
[2145] = CNOT 15 20
[2146] = S 15
[2147] = Z 15
[2148] = CNOT 15 20
[2149] = CNOT 15 21
[2150] = S 15
[2151] = Z 15
[2152] = CNOT 15 21
[2153] = CNOT 16 17
[2154] = S 16
[2155] = CNOT 16 17
[2156] = CNOT 16 18
[2157] = S 16
[2158] = CNOT 16 18
[2159] = CNOT 16 20
[2160] = S 16
[2161] = Z 16
[2162] = CNOT 16 20
[2163] = CNOT 16 21
[2164] = S 16
[2165] = Z 16
[2166] = CNOT 16 21
[2167] = CNOT 17 18
[2168] = S 17
[2169] = CNOT 17 18
[2170] = CNOT 17 19
[2171] = S 17
[2172] = CNOT 17 19
[2173] = CNOT 17 20
[2174] = S 17
[2175] = CNOT 17 20
[2176] = CNOT 17 21
[2177] = S 17
[2178] = Z 17
[2179] = CNOT 17 21
[2180] = CNOT 18 20
[2181] = S 18
[2182] = CNOT 18 20
[2183] = CNOT 18 21
[2184] = S 18
[2185] = CNOT 18 21
[2186] = CNOT 19 20
[2187] = S 19
[2188] = Z 19
[2189] = CNOT 19 20
[2190] = CNOT 19 21
[2191] = S 19
[2192] = Z 19
[2193] = CNOT 19 21
[2194] = CNOT 20 21
[2195] = S 20
[2196] = CNOT 20 21
[2197] = CNOT 1 2
[2198] = CNOT 1 3
[2199] = S 1
[2200] = CNOT 1 3
[2201] = CNOT 1 4
[2202] = S 1
[2203] = Z 1
[2204] = CNOT 1 4
[2205] = CNOT 1 5
[2206] = S 1
[2207] = Z 1
[2208] = CNOT 1 5
[2209] = CNOT 1 6
[2210] = S 1
[2211] = Z 1
[2212] = CNOT 1 6
[2213] = CNOT 1 7
[2214] = S 1
[2215] = Z 1
[2216] = CNOT 1 7
[2217] = CNOT 1 8
[2218] = S 1
[2219] = Z 1
[2220] = CNOT 1 8
[2221] = CNOT 1 9
[2222] = S 1
[2223] = Z 1
[2224] = CNOT 1 9
[2225] = CNOT 1 10
[2226] = S 1
[2227] = Z 1
[2228] = CNOT 1 10
[2229] = CNOT 1 11
[2230] = S 1
[2231] = Z 1
[2232] = CNOT 1 11
[2233] = CNOT 1 12
[2234] = S 1
[2235] = Z 1
[2236] = CNOT 1 12
[2237] = CNOT 1 13
[2238] = S 1
[2239] = Z 1
[2240] = CNOT 1 13
[2241] = CNOT 1 15
[2242] = S 1
[2243] = Z 1
[2244] = CNOT 1 15
[2245] = CNOT 1 16
[2246] = S 1
[2247] = Z 1
[2248] = CNOT 1 16
[2249] = CNOT 1 17
[2250] = Z 1
[2251] = CNOT 1 17
[2252] = CNOT 1 19
[2253] = S 1
[2254] = CNOT 1 19
[2255] = CNOT 1 20
[2256] = S 1
[2257] = CNOT 1 20
[2258] = CNOT 1 2
[2259] = CNOT 1 3
[2260] = CNOT 1 5
[2261] = S 1
[2262] = Z 1
[2263] = CNOT 1 5
[2264] = CNOT 1 7
[2265] = S 1
[2266] = Z 1
[2267] = CNOT 1 7
[2268] = CNOT 1 8
[2269] = S 1
[2270] = Z 1
[2271] = CNOT 1 8
[2272] = CNOT 1 10
[2273] = S 1
[2274] = Z 1
[2275] = CNOT 1 10
[2276] = CNOT 1 12
[2277] = S 1
[2278] = Z 1
[2279] = CNOT 1 12
[2280] = CNOT 1 15
[2281] = S 1
[2282] = Z 1
[2283] = CNOT 1 15
[2284] = CNOT 1 16
[2285] = Z 1
[2286] = CNOT 1 16
[2287] = CNOT 1 17
[2288] = Z 1
[2289] = CNOT 1 17
[2290] = CNOT 1 18
[2291] = Z 1
[2292] = CNOT 1 18
[2293] = CNOT 1 19
[2294] = S 1
[2295] = Z 1
[2296] = CNOT 1 19
[2297] = CNOT 1 20
[2298] = S 1
[2299] = CNOT 1 20
[2300] = CNOT 1 3
[2301] = CNOT 1 4
[2302] = CNOT 1 11
[2303] = S 1
[2304] = Z 1
[2305] = CNOT 1 11
[2306] = CNOT 1 16
[2307] = S 1
[2308] = Z 1
[2309] = CNOT 1 16
[2310] = CNOT 1 20
[2311] = S 1
[2312] = Z 1
[2313] = CNOT 1 20
[2314] = CNOT 1 21
[2315] = S 1
[2316] = Z 1
[2317] = CNOT 1 21
[2318] = CNOT 1 4
[2319] = CNOT 1 5
[2320] = CNOT 1 10
[2321] = S 1
[2322] = Z 1
[2323] = CNOT 1 10
[2324] = CNOT 1 16
[2325] = S 1
[2326] = Z 1
[2327] = CNOT 1 16
[2328] = CNOT 1 17
[2329] = S 1
[2330] = Z 1
[2331] = CNOT 1 17
[2332] = CNOT 1 18
[2333] = S 1
[2334] = Z 1
[2335] = CNOT 1 18
[2336] = CNOT 1 19
[2337] = S 1
[2338] = Z 1
[2339] = CNOT 1 19
[2340] = CNOT 1 20
[2341] = S 1
[2342] = Z 1
[2343] = CNOT 1 20
[2344] = CNOT 1 21
[2345] = Z 1
[2346] = CNOT 1 21
[2347] = CNOT 1 5
[2348] = CNOT 1 6
[2349] = CNOT 1 9
[2350] = S 1
[2351] = Z 1
[2352] = CNOT 1 9
[2353] = CNOT 1 20
[2354] = S 1
[2355] = Z 1
[2356] = CNOT 1 20
[2357] = CNOT 1 21
[2358] = S 1
[2359] = Z 1
[2360] = CNOT 1 21
[2361] = CNOT 1 6
[2362] = CNOT 1 7
[2363] = CNOT 1 8
[2364] = Z 1
[2365] = CNOT 1 8
[2366] = CNOT 1 16
[2367] = S 1
[2368] = Z 1
[2369] = CNOT 1 16
[2370] = CNOT 1 17
[2371] = S 1
[2372] = Z 1
[2373] = CNOT 1 17
[2374] = CNOT 1 18
[2375] = S 1
[2376] = Z 1
[2377] = CNOT 1 18
[2378] = CNOT 1 20
[2379] = S 1
[2380] = Z 1
[2381] = CNOT 1 20
[2382] = CNOT 1 7
[2383] = CNOT 1 8
[2384] = CNOT 1 16
[2385] = S 1
[2386] = Z 1
[2387] = CNOT 1 16
[2388] = CNOT 1 17
[2389] = S 1
[2390] = Z 1
[2391] = CNOT 1 17
[2392] = CNOT 1 18
[2393] = S 1
[2394] = Z 1
[2395] = CNOT 1 18
[2396] = CNOT 1 20
[2397] = S 1
[2398] = Z 1
[2399] = CNOT 1 8
[2400] = CNOT 1 9
[2401] = S 1
[2402] = Z 1
[2403] = CNOT 1 20
[2404] = CNOT 1 21
[2405] = S 1
[2406] = Z 1
[2407] = CNOT 1 21
[2408] = CNOT 1 9
[2409] = CNOT 1 10
[2410] = CNOT 1 16
[2411] = S 1
[2412] = Z 1
[2413] = CNOT 1 16
[2414] = CNOT 1 17
[2415] = S 1
[2416] = Z 1
[2417] = CNOT 1 17
[2418] = CNOT 1 18
[2419] = S 1
[2420] = Z 1
[2421] = CNOT 1 18
[2422] = CNOT 1 19
[2423] = S 1
[2424] = Z 1
[2425] = CNOT 1 19
[2426] = CNOT 1 20
[2427] = S 1
[2428] = Z 1
[2429] = CNOT 1 20
[2430] = CNOT 1 21
[2431] = Z 1
[2432] = CNOT 1 21
[2433] = CNOT 1 10
[2434] = CNOT 1 11
[2435] = CNOT 1 16
[2436] = S 1
[2437] = Z 1
[2438] = CNOT 1 16
[2439] = CNOT 1 20
[2440] = S 1
[2441] = Z 1
[2442] = CNOT 1 20
[2443] = CNOT 1 21
[2444] = S 1
[2445] = Z 1
[2446] = CNOT 1 21
[2447] = CNOT 1 11
[2448] = CNOT 1 12
[2449] = CNOT 1 20
[2450] = S 1
[2451] = Z 1
[2452] = CNOT 1 20
[2453] = CNOT 1 21
[2454] = S 1
[2455] = Z 1
[2456] = CNOT 1 12
[2457] = CNOT 1 13
[2458] = S 1
[2459] = Z 1
[2460] = CNOT 1 21
[2461] = CNOT 1 13
[2462] = CNOT 1 15
[2463] = CNOT 1 16
[2464] = S 1
[2465] = Z 1
[2466] = CNOT 1 16
[2467] = CNOT 1 18
[2468] = S 1
[2469] = Z 1
[2470] = CNOT 1 18
[2471] = CNOT 1 20
[2472] = S 1
[2473] = Z 1
[2474] = CNOT 1 20
[2475] = CNOT 1 21
[2476] = S 1
[2477] = Z 1
[2478] = CNOT 1 21
[2479] = CNOT 1 15
[2480] = CNOT 1 16
[2481] = CNOT 1 17
[2482] = Z 1
[2483] = CNOT 1 17
[2484] = CNOT 1 19
[2485] = Z 1
[2486] = CNOT 1 19
[2487] = CNOT 1 20
[2488] = S 1
[2489] = Z 1
[2490] = CNOT 1 20
[2491] = CNOT 1 21
[2492] = S 1
[2493] = Z 1
[2494] = CNOT 1 21
[2495] = CNOT 1 16
[2496] = CNOT 1 17
[2497] = CNOT 1 18
[2498] = Z 1
[2499] = CNOT 1 18
[2500] = CNOT 1 19
[2501] = Z 1
[2502] = CNOT 1 19
[2503] = CNOT 1 20
[2504] = Z 1
[2505] = CNOT 1 20
[2506] = CNOT 1 17
[2507] = CNOT 1 18
[2508] = CNOT 1 19
[2509] = Z 1
[2510] = CNOT 1 18
[2511] = CNOT 1 20
[2512] = S 1
[2513] = CNOT 1 20
[2514] = CNOT 1 21
[2515] = S 1
[2516] = CNOT 1 21
[2517] = CNOT 1 19
[2518] = CNOT 2 3
[2519] = CNOT 2 4
[2520] = S 2
[2521] = Z 2
[2522] = CNOT 2 4
[2523] = CNOT 2 5
[2524] = S 2
[2525] = Z 2
[2526] = CNOT 2 5
[2527] = CNOT 2 6
[2528] = S 2
[2529] = Z 2
[2530] = CNOT 2 6
[2531] = CNOT 2 7
[2532] = S 2
[2533] = Z 2
[2534] = CNOT 2 7
[2535] = CNOT 2 8
[2536] = S 2
[2537] = Z 2
[2538] = CNOT 2 8
[2539] = CNOT 2 9
[2540] = S 2
[2541] = Z 2
[2542] = CNOT 2 9
[2543] = CNOT 2 10
[2544] = S 2
[2545] = Z 2
[2546] = CNOT 2 10
[2547] = CNOT 2 11
[2548] = S 2
[2549] = Z 2
[2550] = CNOT 2 11
[2551] = CNOT 2 12
[2552] = Z 2
[2553] = CNOT 2 12
[2554] = CNOT 2 15
[2555] = Z 2
[2556] = CNOT 2 15
[2557] = CNOT 2 16
[2558] = Z 2
[2559] = CNOT 2 16
[2560] = CNOT 2 17
[2561] = S 2
[2562] = Z 2
[2563] = CNOT 2 17
[2564] = CNOT 2 19
[2565] = Z 2
[2566] = CNOT 2 19
[2567] = CNOT 2 20
[2568] = Z 2
[2569] = CNOT 2 20
[2570] = CNOT 2 3
[2571] = CNOT 2 4
[2572] = CNOT 2 5
[2573] = S 2
[2574] = Z 2
[2575] = CNOT 2 5
[2576] = CNOT 2 6
[2577] = S 2
[2578] = Z 2
[2579] = CNOT 2 6
[2580] = CNOT 2 7
[2581] = S 2
[2582] = Z 2
[2583] = CNOT 2 7
[2584] = CNOT 2 8
[2585] = S 2
[2586] = Z 2
[2587] = CNOT 2 8
[2588] = CNOT 2 9
[2589] = S 2
[2590] = Z 2
[2591] = CNOT 2 9
[2592] = CNOT 2 10
[2593] = S 2
[2594] = Z 2
[2595] = CNOT 2 10
[2596] = CNOT 2 11
[2597] = S 2
[2598] = CNOT 2 11
[2599] = CNOT 2 16
[2600] = S 2
[2601] = CNOT 2 16
[2602] = CNOT 2 18
[2603] = S 2
[2604] = CNOT 2 18
[2605] = CNOT 2 19
[2606] = S 2
[2607] = Z 2
[2608] = CNOT 2 19
[2609] = CNOT 2 20
[2610] = S 2
[2611] = Z 2
[2612] = CNOT 2 20
[2613] = CNOT 2 21
[2614] = S 2
[2615] = CNOT 2 21
[2616] = CNOT 2 4
[2617] = CNOT 2 5
[2618] = CNOT 2 6
[2619] = S 2
[2620] = Z 2
[2621] = CNOT 2 6
[2622] = CNOT 2 7
[2623] = S 2
[2624] = Z 2
[2625] = CNOT 2 7
[2626] = CNOT 2 8
[2627] = S 2
[2628] = Z 2
[2629] = CNOT 2 8
[2630] = CNOT 2 9
[2631] = S 2
[2632] = Z 2
[2633] = CNOT 2 9
[2634] = CNOT 2 10
[2635] = Z 2
[2636] = CNOT 2 10
[2637] = CNOT 2 16
[2638] = S 2
[2639] = CNOT 2 16
[2640] = CNOT 2 17
[2641] = S 2
[2642] = Z 2
[2643] = CNOT 2 17
[2644] = CNOT 2 18
[2645] = S 2
[2646] = Z 2
[2647] = CNOT 2 18
[2648] = CNOT 2 19
[2649] = Z 2
[2650] = CNOT 2 19
[2651] = CNOT 2 5
[2652] = CNOT 2 6
[2653] = CNOT 2 9
[2654] = S 2
[2655] = Z 2
[2656] = CNOT 2 9
[2657] = CNOT 2 16
[2658] = S 2
[2659] = CNOT 2 16
[2660] = CNOT 2 18
[2661] = Z 2
[2662] = CNOT 2 18
[2663] = CNOT 2 19
[2664] = S 2
[2665] = Z 2
[2666] = CNOT 2 19
[2667] = CNOT 2 21
[2668] = S 2
[2669] = Z 2
[2670] = CNOT 2 21
[2671] = CNOT 2 6
[2672] = CNOT 2 7
[2673] = CNOT 2 8
[2674] = S 2
[2675] = CNOT 2 8
[2676] = CNOT 2 15
[2677] = S 2
[2678] = Z 2
[2679] = CNOT 2 15
[2680] = CNOT 2 16
[2681] = Z 2
[2682] = CNOT 2 16
[2683] = CNOT 2 18
[2684] = Z 2
[2685] = CNOT 2 18
[2686] = CNOT 2 19
[2687] = S 2
[2688] = Z 2
[2689] = CNOT 2 19
[2690] = CNOT 2 7
[2691] = CNOT 2 8
[2692] = CNOT 2 15
[2693] = S 2
[2694] = Z 2
[2695] = CNOT 2 15
[2696] = CNOT 2 16
[2697] = Z 2
[2698] = CNOT 2 16
[2699] = CNOT 2 18
[2700] = Z 2
[2701] = CNOT 2 18
[2702] = CNOT 2 19
[2703] = S 2
[2704] = Z 2
[2705] = CNOT 2 19
[2706] = CNOT 2 8
[2707] = CNOT 2 9
[2708] = CNOT 2 16
[2709] = S 2
[2710] = CNOT 2 16
[2711] = CNOT 2 18
[2712] = Z 2
[2713] = CNOT 2 18
[2714] = CNOT 2 19
[2715] = S 2
[2716] = Z 2
[2717] = CNOT 2 19
[2718] = CNOT 2 21
[2719] = S 2
[2720] = Z 2
[2721] = CNOT 2 21
[2722] = CNOT 2 9
[2723] = CNOT 2 10
[2724] = CNOT 2 16
[2725] = S 2
[2726] = CNOT 2 16
[2727] = CNOT 2 17
[2728] = S 2
[2729] = Z 2
[2730] = CNOT 2 17
[2731] = CNOT 2 18
[2732] = S 2
[2733] = Z 2
[2734] = CNOT 2 18
[2735] = CNOT 2 19
[2736] = S 2
[2737] = Z 2
[2738] = CNOT 2 19
[2739] = CNOT 2 20
[2740] = Z 2
[2741] = CNOT 2 20
[2742] = CNOT 2 21
[2743] = S 2
[2744] = CNOT 2 21
[2745] = CNOT 2 10
[2746] = CNOT 2 11
[2747] = CNOT 2 16
[2748] = S 2
[2749] = CNOT 2 16
[2750] = CNOT 2 18
[2751] = S 2
[2752] = Z 2
[2753] = CNOT 2 18
[2754] = CNOT 2 20
[2755] = Z 2
[2756] = CNOT 2 20
[2757] = CNOT 2 21
[2758] = S 2
[2759] = CNOT 2 21
[2760] = CNOT 2 11
[2761] = CNOT 2 12
[2762] = CNOT 2 19
[2763] = S 2
[2764] = Z 2
[2765] = CNOT 2 19
[2766] = CNOT 2 20
[2767] = S 2
[2768] = Z 2
[2769] = CNOT 2 20
[2770] = CNOT 2 21
[2771] = Z 2
[2772] = CNOT 2 21
[2773] = CNOT 2 12
[2774] = CNOT 2 13
[2775] = CNOT 2 20
[2776] = S 2
[2777] = Z 2
[2778] = CNOT 2 20
[2779] = CNOT 2 21
[2780] = Z 2
[2781] = CNOT 2 21
[2782] = CNOT 2 13
[2783] = CNOT 2 15
[2784] = CNOT 2 16
[2785] = Z 2
[2786] = CNOT 2 16
[2787] = CNOT 2 18
[2788] = Z 2
[2789] = CNOT 2 18
[2790] = CNOT 2 20
[2791] = Z 2
[2792] = CNOT 2 20
[2793] = CNOT 2 21
[2794] = Z 2
[2795] = CNOT 2 21
[2796] = CNOT 2 15
[2797] = CNOT 2 16
[2798] = CNOT 2 17
[2799] = Z 2
[2800] = CNOT 2 17
[2801] = CNOT 2 18
[2802] = S 2
[2803] = Z 2
[2804] = CNOT 2 18
[2805] = CNOT 2 21
[2806] = S 2
[2807] = CNOT 2 21
[2808] = CNOT 2 16
[2809] = CNOT 2 17
[2810] = CNOT 2 18
[2811] = Z 2
[2812] = CNOT 2 18
[2813] = CNOT 2 19
[2814] = Z 2
[2815] = CNOT 2 19
[2816] = CNOT 2 20
[2817] = Z 2
[2818] = CNOT 2 17
[2819] = CNOT 2 18
[2820] = S 2
[2821] = Z 2
[2822] = CNOT 2 20
[2823] = CNOT 2 21
[2824] = S 2
[2825] = Z 2
[2826] = CNOT 2 21
[2827] = CNOT 2 18
[2828] = CNOT 2 19
[2829] = CNOT 2 20
[2830] = S 2
[2831] = CNOT 2 20
[2832] = CNOT 2 21
[2833] = S 2
[2834] = CNOT 2 19
[2835] = CNOT 2 20
[2836] = Z 2
[2837] = CNOT 2 21
[2838] = CNOT 2 20
[2839] = CNOT 3 4
[2840] = CNOT 3 11
[2841] = S 3
[2842] = Z 3
[2843] = CNOT 3 11
[2844] = CNOT 3 16
[2845] = S 3
[2846] = Z 3
[2847] = CNOT 3 16
[2848] = CNOT 3 21
[2849] = S 3
[2850] = Z 3
[2851] = CNOT 3 21
[2852] = CNOT 3 4
[2853] = CNOT 3 5
[2854] = CNOT 3 10
[2855] = S 3
[2856] = Z 3
[2857] = CNOT 3 10
[2858] = CNOT 3 16
[2859] = S 3
[2860] = Z 3
[2861] = CNOT 3 16
[2862] = CNOT 3 17
[2863] = S 3
[2864] = Z 3
[2865] = CNOT 3 17
[2866] = CNOT 3 18
[2867] = S 3
[2868] = Z 3
[2869] = CNOT 3 18
[2870] = CNOT 3 20
[2871] = S 3
[2872] = Z 3
[2873] = CNOT 3 20
[2874] = CNOT 3 5
[2875] = CNOT 3 6
[2876] = CNOT 3 9
[2877] = S 3
[2878] = Z 3
[2879] = CNOT 3 9
[2880] = CNOT 3 16
[2881] = S 3
[2882] = Z 3
[2883] = CNOT 3 16
[2884] = CNOT 3 20
[2885] = S 3
[2886] = Z 3
[2887] = CNOT 3 20
[2888] = CNOT 3 21
[2889] = S 3
[2890] = Z 3
[2891] = CNOT 3 21
[2892] = CNOT 3 6
[2893] = CNOT 3 7
[2894] = CNOT 3 8
[2895] = S 3
[2896] = Z 3
[2897] = CNOT 3 8
[2898] = CNOT 3 15
[2899] = S 3
[2900] = Z 3
[2901] = CNOT 3 15
[2902] = CNOT 3 16
[2903] = S 3
[2904] = Z 3
[2905] = CNOT 3 16
[2906] = CNOT 3 18
[2907] = S 3
[2908] = Z 3
[2909] = CNOT 3 18
[2910] = CNOT 3 20
[2911] = S 3
[2912] = Z 3
[2913] = CNOT 3 20
[2914] = CNOT 3 21
[2915] = Z 3
[2916] = CNOT 3 21
[2917] = CNOT 3 7
[2918] = CNOT 3 8
[2919] = CNOT 3 15
[2920] = S 3
[2921] = Z 3
[2922] = CNOT 3 15
[2923] = CNOT 3 16
[2924] = S 3
[2925] = Z 3
[2926] = CNOT 3 16
[2927] = CNOT 3 18
[2928] = S 3
[2929] = Z 3
[2930] = CNOT 3 18
[2931] = CNOT 3 20
[2932] = S 3
[2933] = Z 3
[2934] = CNOT 3 20
[2935] = CNOT 3 21
[2936] = Z 3
[2937] = CNOT 3 21
[2938] = CNOT 3 8
[2939] = CNOT 3 9
[2940] = CNOT 3 16
[2941] = S 3
[2942] = Z 3
[2943] = CNOT 3 16
[2944] = CNOT 3 20
[2945] = S 3
[2946] = Z 3
[2947] = CNOT 3 20
[2948] = CNOT 3 21
[2949] = S 3
[2950] = Z 3
[2951] = CNOT 3 21
[2952] = CNOT 3 9
[2953] = CNOT 3 10
[2954] = CNOT 3 16
[2955] = S 3
[2956] = Z 3
[2957] = CNOT 3 16
[2958] = CNOT 3 17
[2959] = S 3
[2960] = Z 3
[2961] = CNOT 3 17
[2962] = CNOT 3 18
[2963] = S 3
[2964] = Z 3
[2965] = CNOT 3 18
[2966] = CNOT 3 20
[2967] = S 3
[2968] = Z 3
[2969] = CNOT 3 20
[2970] = CNOT 3 10
[2971] = CNOT 3 11
[2972] = CNOT 3 16
[2973] = S 3
[2974] = Z 3
[2975] = CNOT 3 16
[2976] = CNOT 3 21
[2977] = S 3
[2978] = Z 3
[2979] = CNOT 3 21
[2980] = CNOT 3 11
[2981] = CNOT 3 12
[2982] = CNOT 3 19
[2983] = S 3
[2984] = Z 3
[2985] = CNOT 3 19
[2986] = CNOT 3 20
[2987] = Z 3
[2988] = CNOT 3 20
[2989] = CNOT 3 21
[2990] = S 3
[2991] = CNOT 3 21
[2992] = CNOT 3 12
[2993] = CNOT 3 15
[2994] = CNOT 3 16
[2995] = Z 3
[2996] = CNOT 3 16
[2997] = CNOT 3 18
[2998] = Z 3
[2999] = CNOT 3 18
[3000] = CNOT 3 20
[3001] = Z 3
[3002] = CNOT 3 20
[3003] = CNOT 3 21
[3004] = Z 3
[3005] = CNOT 3 21
[3006] = CNOT 3 15
[3007] = CNOT 3 16
[3008] = CNOT 3 17
[3009] = S 3
[3010] = Z 3
[3011] = CNOT 3 17
[3012] = CNOT 3 19
[3013] = S 3
[3014] = Z 3
[3015] = CNOT 3 19
[3016] = CNOT 3 20
[3017] = S 3
[3018] = Z 3
[3019] = CNOT 3 20
[3020] = CNOT 3 21
[3021] = Z 3
[3022] = CNOT 3 21
[3023] = CNOT 3 16
[3024] = CNOT 3 17
[3025] = CNOT 3 18
[3026] = S 3
[3027] = Z 3
[3028] = CNOT 3 18
[3029] = CNOT 3 19
[3030] = S 3
[3031] = Z 3
[3032] = CNOT 3 19
[3033] = CNOT 3 20
[3034] = S 3
[3035] = Z 3
[3036] = CNOT 3 20
[3037] = CNOT 3 21
[3038] = Z 3
[3039] = CNOT 3 21
[3040] = CNOT 3 17
[3041] = CNOT 3 18
[3042] = CNOT 3 19
[3043] = S 3
[3044] = Z 3
[3045] = CNOT 3 18
[3046] = CNOT 3 20
[3047] = Z 3
[3048] = CNOT 3 20
[3049] = CNOT 3 21
[3050] = Z 3
[3051] = CNOT 3 19
[3052] = CNOT 3 20
[3053] = S 3
[3054] = CNOT 3 21
[3055] = CNOT 3 20
[3056] = CNOT 4 5
[3057] = CNOT 4 10
[3058] = S 4
[3059] = Z 4
[3060] = CNOT 4 10
[3061] = CNOT 4 16
[3062] = S 4
[3063] = Z 4
[3064] = CNOT 4 16
[3065] = CNOT 4 21
[3066] = S 4
[3067] = Z 4
[3068] = CNOT 4 21
[3069] = CNOT 4 5
[3070] = CNOT 4 6
[3071] = CNOT 4 9
[3072] = S 4
[3073] = Z 4
[3074] = CNOT 4 9
[3075] = CNOT 4 16
[3076] = S 4
[3077] = Z 4
[3078] = CNOT 4 16
[3079] = CNOT 4 18
[3080] = S 4
[3081] = Z 4
[3082] = CNOT 4 18
[3083] = CNOT 4 20
[3084] = S 4
[3085] = Z 4
[3086] = CNOT 4 20
[3087] = CNOT 4 21
[3088] = S 4
[3089] = Z 4
[3090] = CNOT 4 21
[3091] = CNOT 4 6
[3092] = CNOT 4 7
[3093] = CNOT 4 8
[3094] = S 4
[3095] = Z 4
[3096] = CNOT 4 8
[3097] = CNOT 4 16
[3098] = S 4
[3099] = Z 4
[3100] = CNOT 4 16
[3101] = CNOT 4 20
[3102] = S 4
[3103] = Z 4
[3104] = CNOT 4 20
[3105] = CNOT 4 21
[3106] = S 4
[3107] = Z 4
[3108] = CNOT 4 21
[3109] = CNOT 4 7
[3110] = CNOT 4 8
[3111] = CNOT 4 16
[3112] = S 4
[3113] = Z 4
[3114] = CNOT 4 16
[3115] = CNOT 4 20
[3116] = S 4
[3117] = Z 4
[3118] = CNOT 4 20
[3119] = CNOT 4 21
[3120] = S 4
[3121] = Z 4
[3122] = CNOT 4 21
[3123] = CNOT 4 8
[3124] = CNOT 4 9
[3125] = CNOT 4 16
[3126] = S 4
[3127] = Z 4
[3128] = CNOT 4 16
[3129] = CNOT 4 18
[3130] = S 4
[3131] = Z 4
[3132] = CNOT 4 18
[3133] = CNOT 4 20
[3134] = S 4
[3135] = Z 4
[3136] = CNOT 4 20
[3137] = CNOT 4 21
[3138] = S 4
[3139] = Z 4
[3140] = CNOT 4 21
[3141] = CNOT 4 9
[3142] = CNOT 4 10
[3143] = CNOT 4 16
[3144] = S 4
[3145] = Z 4
[3146] = CNOT 4 16
[3147] = CNOT 4 21
[3148] = S 4
[3149] = Z 4
[3150] = CNOT 4 21
[3151] = CNOT 4 10
[3152] = CNOT 4 11
[3153] = CNOT 4 18
[3154] = Z 4
[3155] = CNOT 4 18
[3156] = CNOT 4 19
[3157] = S 4
[3158] = Z 4
[3159] = CNOT 4 19
[3160] = CNOT 4 20
[3161] = S 4
[3162] = CNOT 4 20
[3163] = CNOT 4 11
[3164] = CNOT 4 16
[3165] = CNOT 4 19
[3166] = Z 4
[3167] = CNOT 4 19
[3168] = CNOT 4 20
[3169] = Z 4
[3170] = CNOT 4 20
[3171] = CNOT 4 16
[3172] = CNOT 4 18
[3173] = CNOT 4 19
[3174] = Z 4
[3175] = CNOT 4 18
[3176] = CNOT 4 20
[3177] = Z 4
[3178] = CNOT 4 20
[3179] = CNOT 4 21
[3180] = Z 4
[3181] = CNOT 4 19
[3182] = CNOT 4 20
[3183] = Z 4
[3184] = CNOT 4 21
[3185] = CNOT 4 20
[3186] = CNOT 5 6
[3187] = CNOT 5 9
[3188] = S 5
[3189] = Z 5
[3190] = CNOT 5 9
[3191] = CNOT 5 21
[3192] = S 5
[3193] = Z 5
[3194] = CNOT 5 21
[3195] = CNOT 5 6
[3196] = CNOT 5 7
[3197] = CNOT 5 8
[3198] = S 5
[3199] = Z 5
[3200] = CNOT 5 8
[3201] = CNOT 5 20
[3202] = S 5
[3203] = Z 5
[3204] = CNOT 5 20
[3205] = CNOT 5 21
[3206] = S 5
[3207] = Z 5
[3208] = CNOT 5 21
[3209] = CNOT 5 7
[3210] = CNOT 5 8
[3211] = CNOT 5 20
[3212] = S 5
[3213] = Z 5
[3214] = CNOT 5 20
[3215] = CNOT 5 21
[3216] = S 5
[3217] = Z 5
[3218] = CNOT 5 8
[3219] = CNOT 5 9
[3220] = S 5
[3221] = Z 5
[3222] = CNOT 5 21
[3223] = CNOT 5 9
[3224] = CNOT 5 10
[3225] = CNOT 5 16
[3226] = S 5
[3227] = CNOT 5 16
[3228] = CNOT 5 17
[3229] = S 5
[3230] = Z 5
[3231] = CNOT 5 17
[3232] = CNOT 5 18
[3233] = S 5
[3234] = Z 5
[3235] = CNOT 5 18
[3236] = CNOT 5 20
[3237] = Z 5
[3238] = CNOT 5 20
[3239] = CNOT 5 21
[3240] = S 5
[3241] = Z 5
[3242] = CNOT 5 21
[3243] = CNOT 5 10
[3244] = CNOT 5 16
[3245] = CNOT 5 17
[3246] = S 5
[3247] = Z 5
[3248] = CNOT 5 17
[3249] = CNOT 5 18
[3250] = Z 5
[3251] = CNOT 5 18
[3252] = CNOT 5 19
[3253] = S 5
[3254] = Z 5
[3255] = CNOT 5 19
[3256] = CNOT 5 20
[3257] = S 5
[3258] = CNOT 5 20
[3259] = CNOT 5 16
[3260] = CNOT 5 17
[3261] = CNOT 5 18
[3262] = S 5
[3263] = Z 5
[3264] = CNOT 5 18
[3265] = CNOT 5 19
[3266] = S 5
[3267] = Z 5
[3268] = CNOT 5 19
[3269] = CNOT 5 20
[3270] = S 5
[3271] = Z 5
[3272] = CNOT 5 20
[3273] = CNOT 5 21
[3274] = Z 5
[3275] = CNOT 5 21
[3276] = CNOT 5 17
[3277] = CNOT 5 18
[3278] = CNOT 5 19
[3279] = S 5
[3280] = Z 5
[3281] = CNOT 5 19
[3282] = CNOT 5 20
[3283] = Z 5
[3284] = CNOT 5 20
[3285] = CNOT 5 21
[3286] = Z 5
[3287] = CNOT 5 21
[3288] = CNOT 5 18
[3289] = CNOT 5 19
[3290] = CNOT 5 20
[3291] = Z 5
[3292] = CNOT 5 20
[3293] = CNOT 5 21
[3294] = Z 5
[3295] = CNOT 5 19
[3296] = CNOT 5 20
[3297] = S 5
[3298] = Z 5
[3299] = CNOT 5 21
[3300] = CNOT 5 20
[3301] = CNOT 6 7
[3302] = CNOT 6 8
[3303] = S 6
[3304] = Z 6
[3305] = CNOT 6 8
[3306] = CNOT 6 21
[3307] = S 6
[3308] = Z 6
[3309] = CNOT 6 7
[3310] = CNOT 6 8
[3311] = S 6
[3312] = Z 6
[3313] = CNOT 6 21
[3314] = CNOT 6 8
[3315] = CNOT 6 9
[3316] = CNOT 6 16
[3317] = S 6
[3318] = CNOT 6 16
[3319] = CNOT 6 17
[3320] = S 6
[3321] = Z 6
[3322] = CNOT 6 17
[3323] = CNOT 6 18
[3324] = Z 6
[3325] = CNOT 6 18
[3326] = CNOT 6 19
[3327] = S 6
[3328] = Z 6
[3329] = CNOT 6 19
[3330] = CNOT 6 21
[3331] = Z 6
[3332] = CNOT 6 21
[3333] = CNOT 6 9
[3334] = CNOT 6 16
[3335] = CNOT 6 18
[3336] = Z 6
[3337] = CNOT 6 18
[3338] = CNOT 6 19
[3339] = S 6
[3340] = Z 6
[3341] = CNOT 6 19
[3342] = CNOT 6 20
[3343] = S 6
[3344] = CNOT 6 20
[3345] = CNOT 6 21
[3346] = S 6
[3347] = CNOT 6 16
[3348] = CNOT 6 17
[3349] = S 6
[3350] = Z 6
[3351] = CNOT 6 21
[3352] = CNOT 6 17
[3353] = CNOT 6 18
[3354] = CNOT 6 19
[3355] = S 6
[3356] = Z 6
[3357] = CNOT 6 19
[3358] = CNOT 6 20
[3359] = Z 6
[3360] = CNOT 6 20
[3361] = CNOT 6 21
[3362] = Z 6
[3363] = CNOT 6 21
[3364] = CNOT 6 18
[3365] = CNOT 6 19
[3366] = CNOT 6 20
[3367] = S 6
[3368] = Z 6
[3369] = CNOT 6 20
[3370] = CNOT 6 21
[3371] = S 6
[3372] = Z 6
[3373] = CNOT 6 21
[3374] = CNOT 6 19
[3375] = CNOT 7 8
[3376] = CNOT 7 16
[3377] = Z 7
[3378] = CNOT 7 16
[3379] = CNOT 7 17
[3380] = S 7
[3381] = Z 7
[3382] = CNOT 7 17
[3383] = CNOT 7 18
[3384] = S 7
[3385] = Z 7
[3386] = CNOT 7 18
[3387] = CNOT 7 19
[3388] = S 7
[3389] = Z 7
[3390] = CNOT 7 19
[3391] = CNOT 7 21
[3392] = S 7
[3393] = CNOT 7 21
[3394] = CNOT 7 8
[3395] = CNOT 7 15
[3396] = CNOT 7 16
[3397] = S 7
[3398] = Z 7
[3399] = CNOT 7 16
[3400] = CNOT 7 18
[3401] = S 7
[3402] = Z 7
[3403] = CNOT 7 18
[3404] = CNOT 7 20
[3405] = S 7
[3406] = Z 7
[3407] = CNOT 7 20
[3408] = CNOT 7 21
[3409] = S 7
[3410] = Z 7
[3411] = CNOT 7 21
[3412] = CNOT 7 15
[3413] = CNOT 7 16
[3414] = CNOT 7 18
[3415] = Z 7
[3416] = CNOT 7 18
[3417] = CNOT 7 20
[3418] = S 7
[3419] = CNOT 7 20
[3420] = CNOT 7 21
[3421] = S 7
[3422] = CNOT 7 16
[3423] = CNOT 7 17
[3424] = S 7
[3425] = Z 7
[3426] = CNOT 7 21
[3427] = CNOT 7 17
[3428] = CNOT 7 18
[3429] = CNOT 7 20
[3430] = Z 7
[3431] = CNOT 7 20
[3432] = CNOT 7 21
[3433] = Z 7
[3434] = CNOT 7 21
[3435] = CNOT 7 18
[3436] = CNOT 7 19
[3437] = CNOT 7 20
[3438] = S 7
[3439] = Z 7
[3440] = CNOT 7 20
[3441] = CNOT 7 21
[3442] = S 7
[3443] = Z 7
[3444] = CNOT 7 19
[3445] = CNOT 7 20
[3446] = S 7
[3447] = Z 7
[3448] = CNOT 7 21
[3449] = CNOT 7 20
[3450] = CNOT 8 15
[3451] = CNOT 8 16
[3452] = S 8
[3453] = Z 8
[3454] = CNOT 8 16
[3455] = CNOT 8 18
[3456] = S 8
[3457] = Z 8
[3458] = CNOT 8 18
[3459] = CNOT 8 20
[3460] = S 8
[3461] = Z 8
[3462] = CNOT 8 20
[3463] = CNOT 8 21
[3464] = S 8
[3465] = Z 8
[3466] = CNOT 8 21
[3467] = CNOT 8 15
[3468] = CNOT 8 16
[3469] = CNOT 8 18
[3470] = Z 8
[3471] = CNOT 8 18
[3472] = CNOT 8 20
[3473] = S 8
[3474] = CNOT 8 20
[3475] = CNOT 8 21
[3476] = S 8
[3477] = CNOT 8 16
[3478] = CNOT 8 17
[3479] = S 8
[3480] = Z 8
[3481] = CNOT 8 21
[3482] = CNOT 8 17
[3483] = CNOT 8 18
[3484] = CNOT 8 20
[3485] = Z 8
[3486] = CNOT 8 20
[3487] = CNOT 8 21
[3488] = Z 8
[3489] = CNOT 8 21
[3490] = CNOT 8 18
[3491] = CNOT 8 19
[3492] = CNOT 8 20
[3493] = S 8
[3494] = Z 8
[3495] = CNOT 8 20
[3496] = CNOT 8 21
[3497] = S 8
[3498] = Z 8
[3499] = CNOT 8 19
[3500] = CNOT 8 20
[3501] = S 8
[3502] = Z 8
[3503] = CNOT 8 21
[3504] = CNOT 8 20
[3505] = CNOT 9 16
[3506] = CNOT 9 18
[3507] = Z 9
[3508] = CNOT 9 18
[3509] = CNOT 9 19
[3510] = S 9
[3511] = Z 9
[3512] = CNOT 9 19
[3513] = CNOT 9 20
[3514] = S 9
[3515] = CNOT 9 20
[3516] = CNOT 9 21
[3517] = S 9
[3518] = CNOT 9 16
[3519] = CNOT 9 17
[3520] = S 9
[3521] = Z 9
[3522] = CNOT 9 21
[3523] = CNOT 9 17
[3524] = CNOT 9 18
[3525] = CNOT 9 19
[3526] = S 9
[3527] = Z 9
[3528] = CNOT 9 19
[3529] = CNOT 9 20
[3530] = Z 9
[3531] = CNOT 9 20
[3532] = CNOT 9 21
[3533] = Z 9
[3534] = CNOT 9 21
[3535] = CNOT 9 18
[3536] = CNOT 9 19
[3537] = CNOT 9 20
[3538] = S 9
[3539] = Z 9
[3540] = CNOT 9 20
[3541] = CNOT 9 21
[3542] = S 9
[3543] = Z 9
[3544] = CNOT 9 21
[3545] = CNOT 9 19
[3546] = CNOT 10 16
[3547] = CNOT 10 17
[3548] = S 10
[3549] = Z 10
[3550] = CNOT 10 17
[3551] = CNOT 10 18
[3552] = Z 10
[3553] = CNOT 10 18
[3554] = CNOT 10 19
[3555] = S 10
[3556] = Z 10
[3557] = CNOT 10 19
[3558] = CNOT 10 20
[3559] = S 10
[3560] = CNOT 10 20
[3561] = CNOT 10 16
[3562] = CNOT 10 17
[3563] = CNOT 10 18
[3564] = S 10
[3565] = Z 10
[3566] = CNOT 10 18
[3567] = CNOT 10 19
[3568] = S 10
[3569] = Z 10
[3570] = CNOT 10 19
[3571] = CNOT 10 20
[3572] = S 10
[3573] = Z 10
[3574] = CNOT 10 20
[3575] = CNOT 10 21
[3576] = Z 10
[3577] = CNOT 10 21
[3578] = CNOT 10 17
[3579] = CNOT 10 18
[3580] = CNOT 10 19
[3581] = S 10
[3582] = Z 10
[3583] = CNOT 10 19
[3584] = CNOT 10 20
[3585] = Z 10
[3586] = CNOT 10 20
[3587] = CNOT 10 21
[3588] = Z 10
[3589] = CNOT 10 21
[3590] = CNOT 10 18
[3591] = CNOT 10 19
[3592] = CNOT 10 20
[3593] = S 10
[3594] = Z 10
[3595] = CNOT 10 20
[3596] = CNOT 10 21
[3597] = S 10
[3598] = Z 10
[3599] = CNOT 10 19
[3600] = CNOT 10 20
[3601] = S 10
[3602] = CNOT 10 21
[3603] = CNOT 10 20
[3604] = CNOT 11 16
[3605] = CNOT 11 18
[3606] = Z 11
[3607] = CNOT 11 18
[3608] = CNOT 11 19
[3609] = S 11
[3610] = Z 11
[3611] = CNOT 11 19
[3612] = CNOT 11 20
[3613] = S 11
[3614] = CNOT 11 20
[3615] = CNOT 11 16
[3616] = CNOT 11 18
[3617] = CNOT 11 19
[3618] = S 11
[3619] = Z 11
[3620] = CNOT 11 19
[3621] = CNOT 11 20
[3622] = Z 11
[3623] = CNOT 11 20
[3624] = CNOT 11 21
[3625] = Z 11
[3626] = CNOT 11 21
[3627] = CNOT 11 18
[3628] = CNOT 11 19
[3629] = CNOT 11 20
[3630] = S 11
[3631] = Z 11
[3632] = CNOT 11 20
[3633] = CNOT 11 21
[3634] = S 11
[3635] = Z 11
[3636] = CNOT 11 19
[3637] = CNOT 11 20
[3638] = S 11
[3639] = CNOT 11 21
[3640] = CNOT 11 20
[3641] = CNOT 12 19
[3642] = CNOT 12 20
[3643] = S 12
[3644] = Z 12
[3645] = CNOT 12 20
[3646] = CNOT 12 21
[3647] = S 12
[3648] = Z 12
[3649] = CNOT 12 19
[3650] = CNOT 12 20
[3651] = Z 12
[3652] = CNOT 12 21
[3653] = CNOT 12 20
[3654] = CNOT 13 20
[3655] = CNOT 13 21
[3656] = S 13
[3657] = Z 13
[3658] = CNOT 13 21
[3659] = CNOT 13 20
[3660] = CNOT 15 16
[3661] = CNOT 15 18
[3662] = Z 15
[3663] = CNOT 15 18
[3664] = CNOT 15 20
[3665] = Z 15
[3666] = CNOT 15 20
[3667] = CNOT 15 21
[3668] = Z 15
[3669] = CNOT 15 21
[3670] = CNOT 15 16
[3671] = CNOT 15 18
[3672] = CNOT 15 20
[3673] = Z 15
[3674] = CNOT 15 20
[3675] = CNOT 15 21
[3676] = Z 15
[3677] = CNOT 15 18
[3678] = CNOT 15 20
[3679] = Z 15
[3680] = CNOT 15 21
[3681] = CNOT 15 20
[3682] = CNOT 16 17
[3683] = CNOT 16 18
[3684] = Z 16
[3685] = CNOT 16 18
[3686] = CNOT 16 19
[3687] = Z 16
[3688] = CNOT 16 19
[3689] = CNOT 16 20
[3690] = Z 16
[3691] = CNOT 16 20
[3692] = CNOT 16 21
[3693] = Z 16
[3694] = CNOT 16 21
[3695] = CNOT 16 17
[3696] = CNOT 16 18
[3697] = CNOT 16 19
[3698] = S 16
[3699] = Z 16
[3700] = CNOT 16 19
[3701] = CNOT 16 20
[3702] = S 16
[3703] = CNOT 16 20
[3704] = CNOT 16 21
[3705] = S 16
[3706] = CNOT 16 21
[3707] = CNOT 16 18
[3708] = CNOT 16 19
[3709] = CNOT 16 20
[3710] = S 16
[3711] = Z 16
[3712] = CNOT 16 20
[3713] = CNOT 16 21
[3714] = S 16
[3715] = Z 16
[3716] = CNOT 16 19
[3717] = CNOT 16 20
[3718] = S 16
[3719] = CNOT 16 21
[3720] = CNOT 16 20
[3721] = CNOT 17 18
[3722] = CNOT 17 19
[3723] = Z 17
[3724] = CNOT 17 19
[3725] = CNOT 17 20
[3726] = Z 17
[3727] = CNOT 17 20
[3728] = CNOT 17 21
[3729] = Z 17
[3730] = CNOT 17 21
[3731] = CNOT 17 18
[3732] = CNOT 17 19
[3733] = CNOT 17 20
[3734] = Z 17
[3735] = CNOT 17 20
[3736] = CNOT 17 21
[3737] = Z 17
[3738] = CNOT 17 19
[3739] = CNOT 17 20
[3740] = Z 17
[3741] = CNOT 17 21
[3742] = CNOT 17 20
[3743] = CNOT 18 19
[3744] = CNOT 18 20
[3745] = S 18
[3746] = Z 18
[3747] = CNOT 18 20
[3748] = CNOT 18 21
[3749] = S 18
[3750] = Z 18
[3751] = CNOT 18 19
[3752] = CNOT 18 20
[3753] = S 18
[3754] = CNOT 18 21
[3755] = CNOT 18 20
[3756] = CNOT 8 7
[3757] = CNOT 9 6
[3758] = CNOT 10 5
[3759] = CNOT 11 4
[3760] = CNOT 12 3
[3761] = CNOT 13 2
[3762] = CNOT 14 1
[3763] = H 15
[3764] = H 16
[3765] = H 17
[3766] = H 18
[3767] = H 19
[3768] = H 20
[3769] = H 21
Gate distributions:
Input:
Operator distribution:
Total number of qubits = 21
Number of `data' qubits = 21
Number of `Toff_n' ancillas = 0
Number of Hadamard ancillas = 0
Hadamard ancilla cap = 0
Number of {CNOT,T} partitions = 3
T count = 343
Cost estimation = 171532
	id	Count
	0	0
	1	0
	2	0
	3	26
	4	6
	5	0
	6	0
	7	0
	8	0
	9	0
	10	49
	11	0
	12	0
	13	0
	14	0
	15	0
	16	0
	17	0
	18	0
Output:
Operator distribution:
Total number of qubits = 21
Number of `data' qubits = 21
Number of `Toff_n' ancillas = 0
Number of Hadamard ancillas = 0
Hadamard ancilla cap = 0
Number of {CNOT,T} partitions = 3
T count = 160
Cost estimation = 83610
	id	Count
	0	0
	1	0
	2	0
	3	26
	4	2436
	5	160
	6	0
	7	0
	8	0
	9	0
	10	0
	11	549
	12	0
	13	599
	14	0
	15	0
	16	0
	17	0
	18	0
Output T Count (SQC_Circuit) = 160
Output T Count (PhasePolynomial) = 160
Fail count = 0

Execution time: 11.9905s
Number of LCL errors: 0
Number of LCL warnings: 0
