Optimize a Clifford + T circuit.
Input filename = /home/ryo-mtmt/TOpt/forme/tpar_benchmark/gf2^6_mult.tfc
Number of unknown gates = 0
Number of unknown qubit labels = 0
Circuit filename: /home/ryo-mtmt/TOpt/forme/tpar_benchmark/gf2^6_mult.tfc

n 18
n_x 18
n_y 0
n_z 0
m 101
[0] = H 13
[1] = H 14
[2] = H 15
[3] = H 16
[4] = H 17
[5] = CCZ 6 8 13
[6] = CCZ 5 9 13
[7] = CCZ 4 10 13
[8] = CCZ 3 11 13
[9] = CCZ 2 12 13
[10] = CCZ 6 9 14
[11] = CCZ 5 10 14
[12] = CCZ 4 11 14
[13] = CCZ 3 12 14
[14] = CCZ 6 10 15
[15] = CCZ 5 11 15
[16] = CCZ 4 12 15
[17] = CCZ 6 11 16
[18] = CCZ 5 12 16
[19] = CCZ 6 12 17
[20] = H 13
[21] = H 14
[22] = H 15
[23] = H 16
[24] = H 17
[25] = CNOT 18 17
[26] = CNOT 17 16
[27] = CNOT 16 15
[28] = CNOT 15 14
[29] = CNOT 14 13
[30] = H 13
[31] = H 14
[32] = H 15
[33] = H 16
[34] = H 17
[35] = H 18
[36] = CCZ 6 7 18
[37] = CCZ 5 8 18
[38] = CCZ 4 9 18
[39] = CCZ 3 10 18
[40] = CCZ 2 11 18
[41] = CCZ 1 12 18
[42] = CCZ 5 7 17
[43] = CCZ 4 8 17
[44] = CCZ 3 9 17
[45] = CCZ 2 10 17
[46] = CCZ 1 11 17
[47] = CCZ 4 7 16
[48] = CCZ 3 8 16
[49] = CCZ 2 9 16
[50] = CCZ 1 10 16
[51] = CCZ 3 7 15
[52] = CCZ 2 8 15
[53] = CCZ 1 9 15
[54] = CCZ 2 7 14
[55] = CCZ 1 8 14
[56] = CCZ 1 7 13
[57] = H 13
[58] = H 14
[59] = H 15
[60] = H 16
[61] = H 17
[62] = H 18

Algorithm used: todd

UniversalOptimize begin.
	Gate synthesis begin.

--- Testing Hamming Distance Version ---
in LempelX2_M4RI_Hamming　安定版　m4ri
		Round = 0 (Start m: 72)
--- Hamming Distance Stats ---
 Dist 1: 78 pairs
 Dist 2: 375 pairs
 Dist 3: 543 pairs
 Dist 4: 1065 pairs
 Dist 5: 450 pairs
 Dist 6: 45 pairs
-------------------------------
  [HIT!] Dist=1 | Deleted: 2 cols
>> Round 0 Result: Hit Rate = 25% (1/4)
		Round = 1 (Start m: 70)
--- Hamming Distance Stats ---
 Dist 1: 77 pairs
 Dist 2: 261 pairs
 Dist 3: 515 pairs
 Dist 4: 806 pairs
 Dist 5: 585 pairs
 Dist 6: 159 pairs
 Dist 7: 12 pairs
-------------------------------
  [HIT!] Dist=1 | Deleted: 4 cols
>> Round 1 Result: Hit Rate = 100% (1/1)
		Round = 2 (Start m: 66)
--- Hamming Distance Stats ---
 Dist 1: 57 pairs
 Dist 2: 183 pairs
 Dist 3: 424 pairs
 Dist 4: 619 pairs
 Dist 5: 537 pairs
 Dist 6: 267 pairs
 Dist 7: 55 pairs
 Dist 8: 3 pairs
-------------------------------
  [HIT!] Dist=2 | Deleted: 2 cols
>> Round 2 Result: Hit Rate = 1.26582% (1/79)
		Round = 3 (Start m: 64)
--- Hamming Distance Stats ---
 Dist 1: 53 pairs
 Dist 2: 126 pairs
 Dist 3: 316 pairs
 Dist 4: 503 pairs
 Dist 5: 516 pairs
 Dist 6: 342 pairs
 Dist 7: 125 pairs
 Dist 8: 30 pairs
 Dist 9: 5 pairs
-------------------------------
  [HIT!] Dist=1 | Deleted: 3 cols
>> Round 3 Result: Hit Rate = 2.04082% (1/49)
		Round = 4 (Start m: 61)
--- Hamming Distance Stats ---
 Dist 1: 45 pairs
 Dist 2: 97 pairs
 Dist 3: 233 pairs
 Dist 4: 437 pairs
 Dist 5: 460 pairs
 Dist 6: 352 pairs
 Dist 7: 157 pairs
 Dist 8: 44 pairs
 Dist 9: 5 pairs
-------------------------------
>> Round 4 Result: Hit Rate = 0% (0/1830)

=== Final Performance Statistics ===
Hamming time:   0 ms
Chi time:       43 ms
Nullspace time: 1042 ms
Total attempts: 1963 (Success: 4)
END OF LEMPELX2 安定版
Total LempelX2_M4RI_Hamming time: 1098 ms
Hamming result size: 61 columns
		TODD executed in 1.09697 seconds.
		Total time: 1.09712s
	Gate synthesis end.
	Input has T-Count zero. Outputting the input.
	Gate synthesis begin.

--- Testing Hamming Distance Version ---
in LempelX2_M4RI_Hamming　安定版　m4ri
		Round = 0 (Start m: 84)
--- Hamming Distance Stats ---
 Dist 1: 78 pairs
 Dist 2: 300 pairs
 Dist 3: 485 pairs
 Dist 4: 676 pairs
 Dist 5: 926 pairs
 Dist 6: 724 pairs
 Dist 7: 266 pairs
 Dist 8: 31 pairs
-------------------------------
  [HIT!] Dist=1 | Deleted: 2 cols
>> Round 0 Result: Hit Rate = 50% (1/2)
		Round = 1 (Start m: 82)
--- Hamming Distance Stats ---
 Dist 1: 55 pairs
 Dist 2: 224 pairs
 Dist 3: 403 pairs
 Dist 4: 570 pairs
 Dist 5: 790 pairs
 Dist 6: 752 pairs
 Dist 7: 406 pairs
 Dist 8: 110 pairs
 Dist 9: 11 pairs
-------------------------------
  [HIT!] Dist=1 | Deleted: 2 cols
>> Round 1 Result: Hit Rate = 2.7027% (1/37)
		Round = 2 (Start m: 80)
--- Hamming Distance Stats ---
 Dist 1: 54 pairs
 Dist 2: 196 pairs
 Dist 3: 399 pairs
 Dist 4: 552 pairs
 Dist 5: 698 pairs
 Dist 6: 666 pairs
 Dist 7: 414 pairs
 Dist 8: 153 pairs
 Dist 9: 26 pairs
 Dist 10: 2 pairs
-------------------------------
  [HIT!] Dist=1 | Deleted: 2 cols
>> Round 2 Result: Hit Rate = 50% (1/2)
		Round = 3 (Start m: 78)
--- Hamming Distance Stats ---
 Dist 1: 49 pairs
 Dist 2: 181 pairs
 Dist 3: 371 pairs
 Dist 4: 514 pairs
 Dist 5: 635 pairs
 Dist 6: 607 pairs
 Dist 7: 422 pairs
 Dist 8: 180 pairs
 Dist 9: 40 pairs
 Dist 10: 4 pairs
-------------------------------
  [HIT!] Dist=1 | Deleted: 5 cols
>> Round 3 Result: Hit Rate = 3.44828% (1/29)
		Round = 4 (Start m: 73)
--- Hamming Distance Stats ---
 Dist 1: 44 pairs
 Dist 2: 145 pairs
 Dist 3: 274 pairs
 Dist 4: 374 pairs
 Dist 5: 488 pairs
 Dist 6: 572 pairs
 Dist 7: 453 pairs
 Dist 8: 210 pairs
 Dist 9: 61 pairs
 Dist 10: 7 pairs
-------------------------------
  [HIT!] Dist=1 | Deleted: 4 cols
>> Round 4 Result: Hit Rate = 3.57143% (1/28)
		Round = 5 (Start m: 69)
--- Hamming Distance Stats ---
 Dist 1: 35 pairs
 Dist 2: 117 pairs
 Dist 3: 247 pairs
 Dist 4: 331 pairs
 Dist 5: 435 pairs
 Dist 6: 478 pairs
 Dist 7: 385 pairs
 Dist 8: 213 pairs
 Dist 9: 85 pairs
 Dist 10: 19 pairs
 Dist 11: 1 pairs
-------------------------------
  [HIT!] Dist=2 | Deleted: 2 cols
>> Round 5 Result: Hit Rate = 1.31579% (1/76)
		Round = 6 (Start m: 67)
--- Hamming Distance Stats ---
 Dist 1: 38 pairs
 Dist 2: 130 pairs
 Dist 3: 247 pairs
 Dist 4: 324 pairs
 Dist 5: 436 pairs
 Dist 6: 503 pairs
 Dist 7: 374 pairs
 Dist 8: 137 pairs
 Dist 9: 21 pairs
 Dist 10: 1 pairs
-------------------------------
  [HIT!] Dist=4 | Deleted: 2 cols
>> Round 6 Result: Hit Rate = 0.174825% (1/572)
		Round = 7 (Start m: 65)
--- Hamming Distance Stats ---
 Dist 1: 40 pairs
 Dist 2: 112 pairs
 Dist 3: 211 pairs
 Dist 4: 302 pairs
 Dist 5: 396 pairs
 Dist 6: 473 pairs
 Dist 7: 368 pairs
 Dist 8: 148 pairs
 Dist 9: 29 pairs
 Dist 10: 1 pairs
-------------------------------
  [HIT!] Dist=3 | Deleted: 2 cols
>> Round 7 Result: Hit Rate = 0.2849% (1/351)
		Round = 8 (Start m: 63)
--- Hamming Distance Stats ---
 Dist 1: 38 pairs
 Dist 2: 102 pairs
 Dist 3: 196 pairs
 Dist 4: 287 pairs
 Dist 5: 370 pairs
 Dist 6: 431 pairs
 Dist 7: 345 pairs
 Dist 8: 146 pairs
 Dist 9: 37 pairs
 Dist 10: 1 pairs
-------------------------------
  [HIT!] Dist=5 | Deleted: 4 cols
>> Round 8 Result: Hit Rate = 0.14771% (1/677)
		Round = 9 (Start m: 59)
--- Hamming Distance Stats ---
 Dist 1: 33 pairs
 Dist 2: 91 pairs
 Dist 3: 169 pairs
 Dist 4: 243 pairs
 Dist 5: 267 pairs
 Dist 6: 286 pairs
 Dist 7: 267 pairs
 Dist 8: 188 pairs
 Dist 9: 117 pairs
 Dist 10: 39 pairs
 Dist 11: 11 pairs
-------------------------------
>> Round 9 Result: Hit Rate = 0% (0/1711)

=== Final Performance Statistics ===
Hamming time:   1 ms
Chi time:       92 ms
Nullspace time: 1860 ms
Total attempts: 3485 (Success: 9)
END OF LEMPELX2 安定版
Total LempelX2_M4RI_Hamming time: 1976 ms
Hamming result size: 59 columns
		TODD executed in 1.97362 seconds.
		Total time: 1.97375s
	Gate synthesis end.
	Total time: 3.1647s
UniversalOptimize end.
Output circuit:
n 18
n_x 18
n_y 0
n_z 0
m 2501
[0] = H 13
[1] = H 14
[2] = H 15
[3] = H 16
[4] = H 17
[5] = CNOT 12 13
[6] = CNOT 12 16
[7] = CNOT 12 17
[8] = T 12
[9] = CNOT 12 17
[10] = CNOT 12 16
[11] = CNOT 12 13
[12] = CNOT 6 8
[13] = T 6
[14] = S 6
[15] = CNOT 6 13
[16] = T 6
[17] = CNOT 6 13
[18] = CNOT 6 8
[19] = CNOT 8 13
[20] = T 8
[21] = S 8
[22] = CNOT 8 13
[23] = CNOT 6 16
[24] = T 6
[25] = CNOT 4 9
[26] = CNOT 4 10
[27] = CNOT 4 13
[28] = CNOT 4 16
[29] = T 4
[30] = CNOT 4 5
[31] = T 4
[32] = CNOT 4 13
[33] = T 4
[34] = CNOT 4 5
[35] = T 4
[36] = CNOT 4 16
[37] = CNOT 4 9
[38] = CNOT 3 5
[39] = CNOT 3 10
[40] = T 3
[41] = Z 3
[42] = CNOT 3 10
[43] = CNOT 3 5
[44] = CNOT 6 12
[45] = CNOT 6 13
[46] = CNOT 6 17
[47] = T 6
[48] = CNOT 6 17
[49] = CNOT 4 5
[50] = CNOT 4 13
[51] = T 4
[52] = CNOT 4 13
[53] = CNOT 4 10
[54] = CNOT 4 5
[55] = CNOT 4 9
[56] = T 4
[57] = S 4
[58] = CNOT 4 9
[59] = T 6
[60] = CNOT 6 16
[61] = CNOT 6 13
[62] = CNOT 6 12
[63] = CNOT 10 11
[64] = T 10
[65] = CNOT 10 11
[66] = CNOT 3 10
[67] = CNOT 3 11
[68] = T 3
[69] = S 3
[70] = Z 3
[71] = CNOT 3 13
[72] = T 3
[73] = CNOT 3 11
[74] = CNOT 3 10
[75] = CNOT 10 11
[76] = CNOT 10 13
[77] = T 10
[78] = S 10
[79] = Z 10
[80] = CNOT 10 13
[81] = CNOT 10 11
[82] = CNOT 3 10
[83] = T 3
[84] = S 3
[85] = Z 3
[86] = CNOT 3 13
[87] = CNOT 3 10
[88] = CNOT 2 12
[89] = T 2
[90] = S 2
[91] = CNOT 2 13
[92] = T 2
[93] = CNOT 2 12
[94] = T 7
[95] = Z 7
[96] = T 2
[97] = S 2
[98] = CNOT 2 13
[99] = CNOT 6 9
[100] = T 6
[101] = S 6
[102] = CNOT 6 14
[103] = T 6
[104] = CNOT 6 9
[105] = CNOT 9 14
[106] = T 9
[107] = S 9
[108] = CNOT 9 14
[109] = T 6
[110] = S 6
[111] = CNOT 6 14
[112] = CNOT 4 5
[113] = T 4
[114] = S 4
[115] = Z 4
[116] = CNOT 4 5
[117] = CNOT 10 14
[118] = T 10
[119] = S 10
[120] = CNOT 10 14
[121] = CNOT 5 8
[122] = T 5
[123] = S 5
[124] = CNOT 5 8
[125] = CNOT 6 7
[126] = T 6
[127] = S 6
[128] = CNOT 6 7
[129] = CNOT 4 5
[130] = CNOT 4 11
[131] = T 4
[132] = S 4
[133] = Z 4
[134] = CNOT 4 14
[135] = T 4
[136] = CNOT 4 11
[137] = CNOT 4 5
[138] = CNOT 5 11
[139] = CNOT 5 14
[140] = T 5
[141] = S 5
[142] = Z 5
[143] = CNOT 5 14
[144] = CNOT 5 11
[145] = CNOT 4 5
[146] = T 4
[147] = S 4
[148] = Z 4
[149] = CNOT 4 14
[150] = CNOT 4 5
[151] = CNOT 3 5
[152] = CNOT 3 10
[153] = CNOT 3 12
[154] = T 3
[155] = CNOT 3 14
[156] = T 3
[157] = CNOT 3 12
[158] = CNOT 3 5
[159] = CNOT 5 10
[160] = CNOT 5 12
[161] = CNOT 5 14
[162] = T 5
[163] = CNOT 5 14
[164] = CNOT 5 12
[165] = CNOT 5 10
[166] = CNOT 3 5
[167] = T 3
[168] = CNOT 3 14
[169] = CNOT 3 10
[170] = CNOT 3 5
[171] = CNOT 1 12
[172] = T 1
[173] = S 1
[174] = CNOT 1 12
[175] = CNOT 5 6
[176] = CNOT 5 10
[177] = T 5
[178] = S 5
[179] = Z 5
[180] = CNOT 5 15
[181] = T 5
[182] = CNOT 5 10
[183] = CNOT 2 11
[184] = T 2
[185] = S 2
[186] = CNOT 2 11
[187] = T 5
[188] = S 5
[189] = Z 5
[190] = CNOT 5 15
[191] = CNOT 5 6
[192] = CNOT 5 11
[193] = CNOT 5 13
[194] = CNOT 5 16
[195] = T 5
[196] = CNOT 5 16
[197] = CNOT 5 13
[198] = CNOT 5 15
[199] = T 5
[200] = CNOT 5 15
[201] = CNOT 5 11
[202] = CNOT 11 15
[203] = T 11
[204] = S 11
[205] = CNOT 11 15
[206] = T 15
[207] = CNOT 4 5
[208] = CNOT 4 10
[209] = CNOT 4 12
[210] = T 4
[211] = CNOT 4 15
[212] = T 4
[213] = CNOT 4 12
[214] = CNOT 4 5
[215] = CNOT 5 10
[216] = CNOT 5 12
[217] = CNOT 5 15
[218] = T 5
[219] = CNOT 5 15
[220] = CNOT 5 12
[221] = CNOT 5 10
[222] = CNOT 4 5
[223] = T 4
[224] = CNOT 4 15
[225] = CNOT 4 10
[226] = CNOT 4 5
[227] = CNOT 5 6
[228] = CNOT 5 11
[229] = CNOT 5 13
[230] = CNOT 5 16
[231] = T 5
[232] = CNOT 5 16
[233] = T 5
[234] = CNOT 5 6
[235] = T 5
[236] = Z 5
[237] = CNOT 5 13
[238] = CNOT 5 11
[239] = CNOT 5 6
[240] = CNOT 5 16
[241] = T 5
[242] = S 5
[243] = Z 5
[244] = CNOT 5 6
[245] = CNOT 5 12
[246] = CNOT 5 13
[247] = T 5
[248] = CNOT 5 16
[249] = T 5
[250] = S 5
[251] = Z 5
[252] = CNOT 5 13
[253] = CNOT 5 12
[254] = CNOT 6 13
[255] = CNOT 6 16
[256] = CNOT 6 17
[257] = T 6
[258] = CNOT 6 17
[259] = CNOT 6 16
[260] = CNOT 6 13
[261] = CNOT 4 13
[262] = T 4
[263] = Z 4
[264] = CNOT 4 13
[265] = CNOT 13 16
[266] = CNOT 13 17
[267] = T 13
[268] = Z 13
[269] = CNOT 13 17
[270] = CNOT 13 16
[271] = S 1
[272] = S 2
[273] = S 4
[274] = Z 6
[275] = S 8
[276] = Z 8
[277] = S 9
[278] = S 11
[279] = Z 11
[280] = S 12
[281] = Z 12
[282] = S 13
[283] = S 14
[284] = S 16
[285] = Z 17
[286] = CNOT 3 5
[287] = Z 3
[288] = CNOT 3 5
[289] = CNOT 3 10
[290] = Z 3
[291] = CNOT 3 10
[292] = CNOT 3 11
[293] = Z 3
[294] = CNOT 3 11
[295] = CNOT 3 12
[296] = S 3
[297] = Z 3
[298] = CNOT 3 12
[299] = CNOT 3 13
[300] = Z 3
[301] = CNOT 3 13
[302] = CNOT 3 14
[303] = S 3
[304] = Z 3
[305] = CNOT 3 14
[306] = CNOT 4 10
[307] = Z 4
[308] = CNOT 4 10
[309] = CNOT 4 11
[310] = Z 4
[311] = CNOT 4 11
[312] = CNOT 4 12
[313] = S 4
[314] = Z 4
[315] = CNOT 4 12
[316] = CNOT 4 14
[317] = Z 4
[318] = CNOT 4 14
[319] = CNOT 4 15
[320] = S 4
[321] = Z 4
[322] = CNOT 4 15
[323] = CNOT 5 10
[324] = Z 5
[325] = CNOT 5 10
[326] = CNOT 5 11
[327] = Z 5
[328] = CNOT 5 11
[329] = CNOT 5 16
[330] = Z 5
[331] = CNOT 5 16
[332] = CNOT 6 10
[333] = Z 6
[334] = CNOT 6 10
[335] = CNOT 6 11
[336] = S 6
[337] = Z 6
[338] = CNOT 6 11
[339] = CNOT 6 12
[340] = S 6
[341] = Z 6
[342] = CNOT 6 12
[343] = CNOT 6 13
[344] = S 6
[345] = CNOT 6 13
[346] = CNOT 6 15
[347] = Z 6
[348] = CNOT 6 15
[349] = CNOT 6 17
[350] = S 6
[351] = Z 6
[352] = CNOT 6 17
[353] = CNOT 10 12
[354] = Z 10
[355] = CNOT 10 12
[356] = CNOT 10 13
[357] = S 10
[358] = CNOT 10 13
[359] = CNOT 10 15
[360] = Z 10
[361] = CNOT 10 15
[362] = CNOT 11 14
[363] = Z 11
[364] = CNOT 11 14
[365] = CNOT 11 16
[366] = S 11
[367] = Z 11
[368] = CNOT 11 16
[369] = CNOT 12 14
[370] = S 12
[371] = Z 12
[372] = CNOT 12 14
[373] = CNOT 12 15
[374] = S 12
[375] = Z 12
[376] = CNOT 12 15
[377] = CNOT 12 16
[378] = Z 12
[379] = CNOT 12 16
[380] = CNOT 12 17
[381] = S 12
[382] = Z 12
[383] = CNOT 12 17
[384] = CNOT 13 16
[385] = S 13
[386] = CNOT 13 16
[387] = CNOT 13 17
[388] = Z 13
[389] = CNOT 13 17
[390] = CNOT 16 17
[391] = Z 16
[392] = CNOT 16 17
[393] = CNOT 3 5
[394] = CNOT 3 12
[395] = S 3
[396] = Z 3
[397] = CNOT 3 12
[398] = CNOT 3 14
[399] = S 3
[400] = Z 3
[401] = CNOT 3 14
[402] = CNOT 3 5
[403] = CNOT 3 10
[404] = CNOT 3 12
[405] = S 3
[406] = Z 3
[407] = CNOT 3 12
[408] = CNOT 3 14
[409] = S 3
[410] = Z 3
[411] = CNOT 3 14
[412] = CNOT 3 10
[413] = CNOT 4 5
[414] = CNOT 4 9
[415] = S 4
[416] = Z 4
[417] = CNOT 4 9
[418] = CNOT 4 10
[419] = S 4
[420] = CNOT 4 10
[421] = CNOT 4 12
[422] = S 4
[423] = Z 4
[424] = CNOT 4 12
[425] = CNOT 4 13
[426] = S 4
[427] = Z 4
[428] = CNOT 4 13
[429] = CNOT 4 15
[430] = S 4
[431] = Z 4
[432] = CNOT 4 15
[433] = CNOT 4 16
[434] = S 4
[435] = Z 4
[436] = CNOT 4 16
[437] = CNOT 4 5
[438] = CNOT 4 9
[439] = CNOT 4 10
[440] = Z 4
[441] = CNOT 4 10
[442] = CNOT 4 13
[443] = S 4
[444] = Z 4
[445] = CNOT 4 13
[446] = CNOT 4 16
[447] = Z 4
[448] = CNOT 4 16
[449] = CNOT 4 9
[450] = CNOT 4 10
[451] = CNOT 4 12
[452] = S 4
[453] = Z 4
[454] = CNOT 4 12
[455] = CNOT 4 13
[456] = S 4
[457] = Z 4
[458] = CNOT 4 13
[459] = CNOT 4 15
[460] = S 4
[461] = Z 4
[462] = CNOT 4 15
[463] = CNOT 4 16
[464] = Z 4
[465] = CNOT 4 10
[466] = CNOT 4 13
[467] = S 4
[468] = Z 4
[469] = CNOT 4 16
[470] = CNOT 4 13
[471] = CNOT 5 6
[472] = CNOT 5 11
[473] = S 5
[474] = Z 5
[475] = CNOT 5 11
[476] = CNOT 5 13
[477] = S 5
[478] = Z 5
[479] = CNOT 5 13
[480] = CNOT 5 6
[481] = CNOT 5 9
[482] = CNOT 5 10
[483] = S 5
[484] = Z 5
[485] = CNOT 5 10
[486] = CNOT 5 16
[487] = S 5
[488] = Z 5
[489] = CNOT 5 16
[490] = CNOT 5 9
[491] = CNOT 5 10
[492] = CNOT 5 12
[493] = S 5
[494] = CNOT 5 12
[495] = CNOT 5 13
[496] = S 5
[497] = Z 5
[498] = CNOT 5 13
[499] = CNOT 5 14
[500] = S 5
[501] = Z 5
[502] = CNOT 5 14
[503] = CNOT 5 15
[504] = Z 5
[505] = CNOT 5 15
[506] = CNOT 5 16
[507] = S 5
[508] = Z 5
[509] = CNOT 5 10
[510] = CNOT 5 11
[511] = S 5
[512] = Z 5
[513] = CNOT 5 16
[514] = CNOT 5 11
[515] = CNOT 5 12
[516] = CNOT 5 14
[517] = S 5
[518] = Z 5
[519] = CNOT 5 14
[520] = CNOT 5 15
[521] = S 5
[522] = Z 5
[523] = CNOT 5 15
[524] = CNOT 5 12
[525] = CNOT 5 13
[526] = CNOT 5 16
[527] = Z 5
[528] = CNOT 5 16
[529] = CNOT 5 13
[530] = CNOT 6 11
[531] = CNOT 6 13
[532] = S 6
[533] = Z 6
[534] = CNOT 6 11
[535] = CNOT 6 12
[536] = S 6
[537] = Z 6
[538] = CNOT 6 13
[539] = CNOT 6 16
[540] = S 6
[541] = Z 6
[542] = CNOT 6 12
[543] = CNOT 6 13
[544] = Z 6
[545] = CNOT 6 16
[546] = CNOT 6 17
[547] = S 6
[548] = Z 6
[549] = CNOT 6 13
[550] = CNOT 6 16
[551] = S 6
[552] = Z 6
[553] = CNOT 6 17
[554] = CNOT 6 16
[555] = CNOT 9 10
[556] = CNOT 9 13
[557] = S 9
[558] = Z 9
[559] = CNOT 9 13
[560] = CNOT 9 16
[561] = Z 9
[562] = CNOT 9 10
[563] = CNOT 9 13
[564] = S 9
[565] = Z 9
[566] = CNOT 9 16
[567] = CNOT 9 13
[568] = CNOT 10 12
[569] = CNOT 10 14
[570] = S 10
[571] = Z 10
[572] = CNOT 10 14
[573] = CNOT 10 15
[574] = S 10
[575] = Z 10
[576] = CNOT 10 15
[577] = CNOT 10 12
[578] = CNOT 10 13
[579] = CNOT 10 16
[580] = S 10
[581] = Z 10
[582] = CNOT 10 16
[583] = CNOT 10 13
[584] = CNOT 11 13
[585] = CNOT 11 16
[586] = S 11
[587] = Z 11
[588] = CNOT 11 16
[589] = CNOT 11 13
[590] = CNOT 12 13
[591] = CNOT 12 16
[592] = Z 12
[593] = CNOT 12 16
[594] = CNOT 12 17
[595] = S 12
[596] = Z 12
[597] = CNOT 12 13
[598] = CNOT 12 16
[599] = S 12
[600] = Z 12
[601] = CNOT 12 17
[602] = CNOT 12 16
[603] = CNOT 7 6
[604] = CNOT 8 5
[605] = CNOT 9 4
[606] = CNOT 10 3
[607] = CNOT 11 2
[608] = CNOT 12 1
[609] = H 13
[610] = H 14
[611] = H 15
[612] = H 16
[613] = H 17
[614] = CNOT 18 17
[615] = CNOT 17 16
[616] = CNOT 16 15
[617] = CNOT 15 14
[618] = CNOT 14 13
[619] = H 13
[620] = H 14
[621] = H 15
[622] = H 16
[623] = H 17
[624] = H 18
[625] = CNOT 7 18
[626] = T 7
[627] = CNOT 7 18
[628] = CNOT 1 4
[629] = CNOT 1 5
[630] = CNOT 1 8
[631] = CNOT 1 9
[632] = CNOT 1 14
[633] = CNOT 1 15
[634] = CNOT 1 17
[635] = CNOT 1 18
[636] = T 1
[637] = CNOT 1 8
[638] = CNOT 1 5
[639] = CNOT 6 18
[640] = T 6
[641] = S 6
[642] = CNOT 6 18
[643] = CNOT 8 18
[644] = T 8
[645] = S 8
[646] = Z 8
[647] = CNOT 8 18
[648] = CNOT 1 2
[649] = CNOT 1 6
[650] = CNOT 1 7
[651] = T 1
[652] = CNOT 1 14
[653] = CNOT 1 9
[654] = T 5
[655] = S 5
[656] = Z 5
[657] = CNOT 9 18
[658] = T 9
[659] = S 9
[660] = Z 9
[661] = CNOT 9 18
[662] = CNOT 1 9
[663] = T 1
[664] = CNOT 1 7
[665] = CNOT 1 6
[666] = CNOT 1 2
[667] = CNOT 1 13
[668] = T 1
[669] = CNOT 1 15
[670] = CNOT 1 13
[671] = CNOT 1 9
[672] = CNOT 1 4
[673] = CNOT 10 18
[674] = T 10
[675] = CNOT 10 18
[676] = CNOT 1 2
[677] = CNOT 1 3
[678] = CNOT 1 10
[679] = T 1
[680] = CNOT 1 10
[681] = CNOT 1 3
[682] = CNOT 1 2
[683] = T 3
[684] = Z 3
[685] = CNOT 11 18
[686] = T 11
[687] = Z 11
[688] = CNOT 11 18
[689] = CNOT 4 6
[690] = CNOT 4 7
[691] = CNOT 4 9
[692] = CNOT 4 13
[693] = CNOT 4 15
[694] = CNOT 4 17
[695] = CNOT 4 18
[696] = T 4
[697] = CNOT 4 18
[698] = CNOT 4 17
[699] = CNOT 4 15
[700] = CNOT 4 13
[701] = CNOT 4 9
[702] = CNOT 4 7
[703] = CNOT 4 6
[704] = CNOT 1 4
[705] = CNOT 1 9
[706] = CNOT 1 15
[707] = CNOT 1 16
[708] = T 1
[709] = CNOT 1 17
[710] = CNOT 1 16
[711] = CNOT 1 15
[712] = CNOT 1 9
[713] = CNOT 1 4
[714] = CNOT 12 18
[715] = T 12
[716] = Z 12
[717] = CNOT 12 18
[718] = CNOT 1 12
[719] = T 1
[720] = S 1
[721] = Z 1
[722] = CNOT 1 12
[723] = CNOT 4 5
[724] = CNOT 4 8
[725] = CNOT 4 9
[726] = CNOT 4 14
[727] = CNOT 4 15
[728] = CNOT 4 17
[729] = CNOT 4 18
[730] = T 4
[731] = CNOT 4 18
[732] = CNOT 4 17
[733] = CNOT 4 15
[734] = CNOT 4 14
[735] = CNOT 4 9
[736] = CNOT 4 8
[737] = CNOT 4 5
[738] = CNOT 1 4
[739] = CNOT 1 6
[740] = CNOT 1 7
[741] = CNOT 1 9
[742] = CNOT 1 14
[743] = CNOT 1 15
[744] = CNOT 1 17
[745] = T 1
[746] = CNOT 1 14
[747] = CNOT 2 16
[748] = CNOT 2 17
[749] = CNOT 2 18
[750] = T 2
[751] = CNOT 2 18
[752] = CNOT 2 17
[753] = CNOT 2 16
[754] = CNOT 5 6
[755] = CNOT 5 7
[756] = CNOT 5 18
[757] = T 5
[758] = CNOT 5 17
[759] = T 5
[760] = CNOT 5 7
[761] = CNOT 5 6
[762] = CNOT 1 13
[763] = T 1
[764] = CNOT 1 15
[765] = CNOT 1 13
[766] = CNOT 1 9
[767] = CNOT 1 7
[768] = CNOT 1 6
[769] = CNOT 1 4
[770] = T 5
[771] = Z 5
[772] = CNOT 5 18
[773] = CNOT 5 17
[774] = CNOT 4 5
[775] = CNOT 4 8
[776] = CNOT 4 18
[777] = T 4
[778] = CNOT 4 17
[779] = T 4
[780] = CNOT 4 8
[781] = CNOT 4 5
[782] = CNOT 5 8
[783] = CNOT 5 17
[784] = CNOT 5 18
[785] = T 5
[786] = CNOT 5 18
[787] = CNOT 5 17
[788] = CNOT 5 8
[789] = CNOT 4 9
[790] = CNOT 4 16
[791] = T 4
[792] = CNOT 4 16
[793] = CNOT 4 13
[794] = CNOT 4 15
[795] = T 4
[796] = CNOT 4 18
[797] = CNOT 4 17
[798] = CNOT 4 15
[799] = CNOT 4 13
[800] = CNOT 4 9
[801] = CNOT 3 4
[802] = CNOT 3 9
[803] = CNOT 3 18
[804] = T 3
[805] = CNOT 3 9
[806] = CNOT 3 4
[807] = CNOT 4 6
[808] = CNOT 4 7
[809] = CNOT 4 9
[810] = CNOT 4 17
[811] = CNOT 4 18
[812] = T 4
[813] = CNOT 4 18
[814] = CNOT 4 17
[815] = CNOT 4 9
[816] = CNOT 4 7
[817] = CNOT 4 6
[818] = CNOT 15 16
[819] = CNOT 15 17
[820] = CNOT 15 18
[821] = T 15
[822] = CNOT 15 18
[823] = CNOT 15 17
[824] = CNOT 15 16
[825] = CNOT 3 17
[826] = T 3
[827] = S 3
[828] = Z 3
[829] = CNOT 3 18
[830] = CNOT 3 17
[831] = CNOT 1 2
[832] = CNOT 1 3
[833] = CNOT 1 10
[834] = CNOT 1 16
[835] = T 1
[836] = CNOT 1 16
[837] = CNOT 1 10
[838] = CNOT 1 3
[839] = CNOT 1 4
[840] = CNOT 1 5
[841] = CNOT 1 8
[842] = CNOT 1 9
[843] = T 1
[844] = CNOT 1 17
[845] = CNOT 1 9
[846] = CNOT 1 8
[847] = CNOT 1 5
[848] = CNOT 1 4
[849] = CNOT 1 2
[850] = CNOT 2 3
[851] = CNOT 2 10
[852] = CNOT 2 16
[853] = CNOT 2 17
[854] = CNOT 2 18
[855] = T 2
[856] = CNOT 2 18
[857] = CNOT 2 17
[858] = CNOT 2 16
[859] = CNOT 2 10
[860] = CNOT 2 3
[861] = CNOT 3 4
[862] = CNOT 3 6
[863] = CNOT 3 7
[864] = CNOT 3 9
[865] = CNOT 3 17
[866] = CNOT 3 18
[867] = T 3
[868] = CNOT 3 7
[869] = CNOT 3 6
[870] = CNOT 3 4
[871] = CNOT 4 9
[872] = CNOT 4 14
[873] = CNOT 4 15
[874] = CNOT 4 17
[875] = CNOT 4 18
[876] = T 4
[877] = CNOT 4 15
[878] = CNOT 4 14
[879] = CNOT 4 9
[880] = CNOT 1 2
[881] = CNOT 1 11
[882] = T 1
[883] = CNOT 1 17
[884] = T 1
[885] = CNOT 1 18
[886] = CNOT 1 17
[887] = CNOT 1 11
[888] = CNOT 1 2
[889] = CNOT 2 11
[890] = CNOT 2 17
[891] = CNOT 2 18
[892] = T 2
[893] = CNOT 2 18
[894] = CNOT 2 17
[895] = CNOT 2 11
[896] = T 1
[897] = S 1
[898] = Z 1
[899] = CNOT 4 6
[900] = CNOT 4 7
[901] = T 4
[902] = CNOT 4 16
[903] = T 4
[904] = CNOT 4 7
[905] = CNOT 4 6
[906] = CNOT 6 7
[907] = CNOT 6 16
[908] = CNOT 6 17
[909] = CNOT 6 18
[910] = T 6
[911] = CNOT 6 18
[912] = CNOT 6 17
[913] = CNOT 6 16
[914] = CNOT 6 7
[915] = T 4
[916] = CNOT 4 18
[917] = CNOT 4 17
[918] = CNOT 4 16
[919] = CNOT 3 4
[920] = CNOT 3 5
[921] = CNOT 3 8
[922] = CNOT 3 15
[923] = T 3
[924] = CNOT 3 16
[925] = T 3
[926] = CNOT 3 8
[927] = CNOT 3 5
[928] = CNOT 3 4
[929] = CNOT 4 5
[930] = CNOT 4 8
[931] = CNOT 4 9
[932] = CNOT 4 15
[933] = CNOT 4 16
[934] = CNOT 4 17
[935] = CNOT 4 18
[936] = T 4
[937] = CNOT 4 18
[938] = CNOT 4 17
[939] = CNOT 4 16
[940] = CNOT 4 15
[941] = CNOT 4 9
[942] = CNOT 4 8
[943] = CNOT 4 5
[944] = CNOT 3 4
[945] = T 3
[946] = CNOT 3 16
[947] = CNOT 1 2
[948] = CNOT 1 4
[949] = CNOT 1 9
[950] = CNOT 1 16
[951] = CNOT 1 17
[952] = CNOT 1 18
[953] = T 1
[954] = CNOT 1 9
[955] = CNOT 1 4
[956] = CNOT 1 2
[957] = CNOT 3 6
[958] = CNOT 3 7
[959] = T 3
[960] = CNOT 3 15
[961] = CNOT 3 9
[962] = CNOT 3 7
[963] = CNOT 3 6
[964] = CNOT 3 4
[965] = CNOT 1 15
[966] = T 1
[967] = CNOT 1 16
[968] = T 18
[969] = CNOT 1 2
[970] = CNOT 1 4
[971] = CNOT 1 5
[972] = CNOT 1 8
[973] = CNOT 1 9
[974] = T 1
[975] = CNOT 1 15
[976] = CNOT 1 2
[977] = CNOT 3 10
[978] = T 3
[979] = CNOT 3 18
[980] = CNOT 3 17
[981] = CNOT 3 10
[982] = CNOT 2 3
[983] = CNOT 2 10
[984] = CNOT 2 18
[985] = T 2
[986] = CNOT 2 18
[987] = CNOT 2 10
[988] = CNOT 2 3
[989] = T 1
[990] = CNOT 1 8
[991] = CNOT 1 5
[992] = CNOT 1 2
[993] = CNOT 1 14
[994] = CNOT 1 15
[995] = T 1
[996] = CNOT 1 18
[997] = CNOT 1 17
[998] = CNOT 1 15
[999] = CNOT 1 14
[1000] = CNOT 1 9
[1001] = CNOT 1 4
[1002] = S 2
[1003] = S 4
[1004] = Z 4
[1005] = Z 7
[1006] = S 8
[1007] = Z 8
[1008] = S 9
[1009] = S 10
[1010] = Z 11
[1011] = S 13
[1012] = S 14
[1013] = S 17
[1014] = S 1
[1015] = Z 1
[1016] = CNOT 1 2
[1017] = CNOT 1 3
[1018] = S 1
[1019] = CNOT 1 3
[1020] = CNOT 1 4
[1021] = S 1
[1022] = Z 1
[1023] = CNOT 1 4
[1024] = CNOT 1 5
[1025] = Z 1
[1026] = CNOT 1 5
[1027] = CNOT 1 8
[1028] = Z 1
[1029] = CNOT 1 8
[1030] = CNOT 1 9
[1031] = S 1
[1032] = Z 1
[1033] = CNOT 1 9
[1034] = CNOT 1 10
[1035] = S 1
[1036] = CNOT 1 10
[1037] = CNOT 1 11
[1038] = S 1
[1039] = Z 1
[1040] = CNOT 1 11
[1041] = CNOT 1 12
[1042] = Z 1
[1043] = CNOT 1 12
[1044] = CNOT 1 13
[1045] = Z 1
[1046] = CNOT 1 13
[1047] = CNOT 1 14
[1048] = S 1
[1049] = Z 1
[1050] = CNOT 1 14
[1051] = CNOT 1 15
[1052] = S 1
[1053] = Z 1
[1054] = CNOT 1 15
[1055] = CNOT 1 16
[1056] = Z 1
[1057] = CNOT 1 16
[1058] = CNOT 1 18
[1059] = S 1
[1060] = CNOT 1 18
[1061] = CNOT 2 3
[1062] = S 2
[1063] = CNOT 2 3
[1064] = CNOT 2 4
[1065] = Z 2
[1066] = CNOT 2 4
[1067] = CNOT 2 5
[1068] = S 2
[1069] = Z 2
[1070] = CNOT 2 5
[1071] = CNOT 2 8
[1072] = S 2
[1073] = Z 2
[1074] = CNOT 2 8
[1075] = CNOT 2 9
[1076] = Z 2
[1077] = CNOT 2 9
[1078] = CNOT 2 10
[1079] = S 2
[1080] = CNOT 2 10
[1081] = CNOT 2 11
[1082] = Z 2
[1083] = CNOT 2 11
[1084] = CNOT 2 14
[1085] = S 2
[1086] = Z 2
[1087] = CNOT 2 14
[1088] = CNOT 2 15
[1089] = S 2
[1090] = Z 2
[1091] = CNOT 2 15
[1092] = CNOT 2 16
[1093] = S 2
[1094] = CNOT 2 16
[1095] = CNOT 2 17
[1096] = Z 2
[1097] = CNOT 2 17
[1098] = CNOT 3 4
[1099] = Z 3
[1100] = CNOT 3 4
[1101] = CNOT 3 5
[1102] = S 3
[1103] = Z 3
[1104] = CNOT 3 5
[1105] = CNOT 3 6
[1106] = Z 3
[1107] = CNOT 3 6
[1108] = CNOT 3 7
[1109] = Z 3
[1110] = CNOT 3 7
[1111] = CNOT 3 8
[1112] = S 3
[1113] = Z 3
[1114] = CNOT 3 8
[1115] = CNOT 3 9
[1116] = Z 3
[1117] = CNOT 3 9
[1118] = CNOT 3 15
[1119] = S 3
[1120] = CNOT 3 15
[1121] = CNOT 3 16
[1122] = S 3
[1123] = Z 3
[1124] = CNOT 3 16
[1125] = CNOT 3 17
[1126] = Z 3
[1127] = CNOT 3 17
[1128] = CNOT 4 6
[1129] = S 4
[1130] = CNOT 4 6
[1131] = CNOT 4 7
[1132] = S 4
[1133] = CNOT 4 7
[1134] = CNOT 4 9
[1135] = S 4
[1136] = Z 4
[1137] = CNOT 4 9
[1138] = CNOT 4 13
[1139] = S 4
[1140] = CNOT 4 13
[1141] = CNOT 4 14
[1142] = Z 4
[1143] = CNOT 4 14
[1144] = CNOT 4 15
[1145] = S 4
[1146] = Z 4
[1147] = CNOT 4 15
[1148] = CNOT 4 16
[1149] = S 4
[1150] = CNOT 4 16
[1151] = CNOT 4 17
[1152] = S 4
[1153] = Z 4
[1154] = CNOT 4 17
[1155] = CNOT 4 18
[1156] = S 4
[1157] = CNOT 4 18
[1158] = CNOT 5 6
[1159] = S 5
[1160] = Z 5
[1161] = CNOT 5 6
[1162] = CNOT 5 7
[1163] = S 5
[1164] = Z 5
[1165] = CNOT 5 7
[1166] = CNOT 5 8
[1167] = S 5
[1168] = Z 5
[1169] = CNOT 5 8
[1170] = CNOT 5 9
[1171] = S 5
[1172] = CNOT 5 9
[1173] = CNOT 5 14
[1174] = S 5
[1175] = Z 5
[1176] = CNOT 5 14
[1177] = CNOT 5 15
[1178] = Z 5
[1179] = CNOT 5 15
[1180] = CNOT 5 16
[1181] = S 5
[1182] = Z 5
[1183] = CNOT 5 16
[1184] = CNOT 5 17
[1185] = Z 5
[1186] = CNOT 5 17
[1187] = CNOT 6 9
[1188] = S 6
[1189] = CNOT 6 9
[1190] = CNOT 6 13
[1191] = S 6
[1192] = Z 6
[1193] = CNOT 6 13
[1194] = CNOT 6 15
[1195] = S 6
[1196] = Z 6
[1197] = CNOT 6 15
[1198] = CNOT 6 17
[1199] = S 6
[1200] = CNOT 6 17
[1201] = CNOT 7 9
[1202] = S 7
[1203] = CNOT 7 9
[1204] = CNOT 7 13
[1205] = S 7
[1206] = Z 7
[1207] = CNOT 7 13
[1208] = CNOT 7 15
[1209] = S 7
[1210] = Z 7
[1211] = CNOT 7 15
[1212] = CNOT 7 17
[1213] = S 7
[1214] = CNOT 7 17
[1215] = CNOT 8 9
[1216] = S 8
[1217] = CNOT 8 9
[1218] = CNOT 8 14
[1219] = S 8
[1220] = Z 8
[1221] = CNOT 8 14
[1222] = CNOT 8 15
[1223] = Z 8
[1224] = CNOT 8 15
[1225] = CNOT 8 16
[1226] = S 8
[1227] = Z 8
[1228] = CNOT 8 16
[1229] = CNOT 9 13
[1230] = S 9
[1231] = CNOT 9 13
[1232] = CNOT 9 14
[1233] = Z 9
[1234] = CNOT 9 14
[1235] = CNOT 9 15
[1236] = S 9
[1237] = Z 9
[1238] = CNOT 9 15
[1239] = CNOT 9 16
[1240] = Z 9
[1241] = CNOT 9 16
[1242] = CNOT 10 16
[1243] = S 10
[1244] = CNOT 10 16
[1245] = CNOT 10 17
[1246] = S 10
[1247] = CNOT 10 17
[1248] = CNOT 11 17
[1249] = S 11
[1250] = Z 11
[1251] = CNOT 11 17
[1252] = CNOT 13 15
[1253] = S 13
[1254] = CNOT 13 15
[1255] = CNOT 13 17
[1256] = S 13
[1257] = CNOT 13 17
[1258] = CNOT 13 18
[1259] = S 13
[1260] = CNOT 13 18
[1261] = CNOT 14 15
[1262] = Z 14
[1263] = CNOT 14 15
[1264] = CNOT 14 17
[1265] = Z 14
[1266] = CNOT 14 17
[1267] = CNOT 14 18
[1268] = Z 14
[1269] = CNOT 14 18
[1270] = CNOT 15 16
[1271] = S 15
[1272] = CNOT 15 16
[1273] = CNOT 15 17
[1274] = S 15
[1275] = Z 15
[1276] = CNOT 15 17
[1277] = CNOT 15 18
[1278] = S 15
[1279] = Z 15
[1280] = CNOT 15 18
[1281] = CNOT 16 17
[1282] = S 16
[1283] = Z 16
[1284] = CNOT 16 17
[1285] = CNOT 16 18
[1286] = S 16
[1287] = Z 16
[1288] = CNOT 16 18
[1289] = CNOT 17 18
[1290] = Z 17
[1291] = CNOT 17 18
[1292] = CNOT 1 2
[1293] = CNOT 1 3
[1294] = S 1
[1295] = Z 1
[1296] = CNOT 1 3
[1297] = CNOT 1 4
[1298] = S 1
[1299] = CNOT 1 4
[1300] = CNOT 1 5
[1301] = S 1
[1302] = Z 1
[1303] = CNOT 1 5
[1304] = CNOT 1 6
[1305] = S 1
[1306] = Z 1
[1307] = CNOT 1 6
[1308] = CNOT 1 7
[1309] = S 1
[1310] = Z 1
[1311] = CNOT 1 7
[1312] = CNOT 1 8
[1313] = S 1
[1314] = Z 1
[1315] = CNOT 1 8
[1316] = CNOT 1 9
[1317] = S 1
[1318] = CNOT 1 9
[1319] = CNOT 1 10
[1320] = S 1
[1321] = Z 1
[1322] = CNOT 1 10
[1323] = CNOT 1 11
[1324] = S 1
[1325] = Z 1
[1326] = CNOT 1 11
[1327] = CNOT 1 14
[1328] = S 1
[1329] = Z 1
[1330] = CNOT 1 14
[1331] = CNOT 1 15
[1332] = Z 1
[1333] = CNOT 1 15
[1334] = CNOT 1 16
[1335] = S 1
[1336] = Z 1
[1337] = CNOT 1 16
[1338] = CNOT 1 18
[1339] = S 1
[1340] = Z 1
[1341] = CNOT 1 18
[1342] = CNOT 1 2
[1343] = CNOT 1 3
[1344] = CNOT 1 10
[1345] = S 1
[1346] = Z 1
[1347] = CNOT 1 10
[1348] = CNOT 1 17
[1349] = S 1
[1350] = Z 1
[1351] = CNOT 1 17
[1352] = CNOT 1 18
[1353] = S 1
[1354] = Z 1
[1355] = CNOT 1 18
[1356] = CNOT 1 3
[1357] = CNOT 1 4
[1358] = CNOT 1 5
[1359] = Z 1
[1360] = CNOT 1 5
[1361] = CNOT 1 6
[1362] = Z 1
[1363] = CNOT 1 6
[1364] = CNOT 1 7
[1365] = Z 1
[1366] = CNOT 1 7
[1367] = CNOT 1 8
[1368] = Z 1
[1369] = CNOT 1 8
[1370] = CNOT 1 9
[1371] = Z 1
[1372] = CNOT 1 9
[1373] = CNOT 1 13
[1374] = S 1
[1375] = Z 1
[1376] = CNOT 1 13
[1377] = CNOT 1 14
[1378] = Z 1
[1379] = CNOT 1 14
[1380] = CNOT 1 16
[1381] = S 1
[1382] = Z 1
[1383] = CNOT 1 16
[1384] = CNOT 1 17
[1385] = Z 1
[1386] = CNOT 1 17
[1387] = CNOT 1 18
[1388] = Z 1
[1389] = CNOT 1 18
[1390] = CNOT 1 4
[1391] = CNOT 1 5
[1392] = CNOT 1 8
[1393] = Z 1
[1394] = CNOT 1 8
[1395] = CNOT 1 9
[1396] = Z 1
[1397] = CNOT 1 9
[1398] = CNOT 1 15
[1399] = S 1
[1400] = Z 1
[1401] = CNOT 1 15
[1402] = CNOT 1 17
[1403] = Z 1
[1404] = CNOT 1 17
[1405] = CNOT 1 18
[1406] = Z 1
[1407] = CNOT 1 18
[1408] = CNOT 1 5
[1409] = CNOT 1 6
[1410] = CNOT 1 7
[1411] = Z 1
[1412] = CNOT 1 7
[1413] = CNOT 1 9
[1414] = Z 1
[1415] = CNOT 1 9
[1416] = CNOT 1 14
[1417] = S 1
[1418] = Z 1
[1419] = CNOT 1 14
[1420] = CNOT 1 15
[1421] = Z 1
[1422] = CNOT 1 15
[1423] = CNOT 1 17
[1424] = Z 1
[1425] = CNOT 1 17
[1426] = CNOT 1 18
[1427] = Z 1
[1428] = CNOT 1 18
[1429] = CNOT 1 6
[1430] = CNOT 1 7
[1431] = CNOT 1 9
[1432] = Z 1
[1433] = CNOT 1 9
[1434] = CNOT 1 14
[1435] = S 1
[1436] = Z 1
[1437] = CNOT 1 14
[1438] = CNOT 1 15
[1439] = Z 1
[1440] = CNOT 1 15
[1441] = CNOT 1 17
[1442] = Z 1
[1443] = CNOT 1 17
[1444] = CNOT 1 18
[1445] = Z 1
[1446] = CNOT 1 18
[1447] = CNOT 1 7
[1448] = CNOT 1 8
[1449] = CNOT 1 9
[1450] = Z 1
[1451] = CNOT 1 9
[1452] = CNOT 1 15
[1453] = S 1
[1454] = Z 1
[1455] = CNOT 1 15
[1456] = CNOT 1 17
[1457] = Z 1
[1458] = CNOT 1 17
[1459] = CNOT 1 18
[1460] = Z 1
[1461] = CNOT 1 18
[1462] = CNOT 1 8
[1463] = CNOT 1 9
[1464] = CNOT 1 13
[1465] = S 1
[1466] = Z 1
[1467] = CNOT 1 13
[1468] = CNOT 1 14
[1469] = Z 1
[1470] = CNOT 1 14
[1471] = CNOT 1 16
[1472] = S 1
[1473] = Z 1
[1474] = CNOT 1 16
[1475] = CNOT 1 17
[1476] = Z 1
[1477] = CNOT 1 17
[1478] = CNOT 1 18
[1479] = Z 1
[1480] = CNOT 1 18
[1481] = CNOT 1 9
[1482] = CNOT 1 10
[1483] = CNOT 1 17
[1484] = S 1
[1485] = Z 1
[1486] = CNOT 1 17
[1487] = CNOT 1 18
[1488] = S 1
[1489] = Z 1
[1490] = CNOT 1 10
[1491] = CNOT 1 11
[1492] = S 1
[1493] = Z 1
[1494] = CNOT 1 18
[1495] = CNOT 1 11
[1496] = CNOT 1 13
[1497] = CNOT 1 15
[1498] = S 1
[1499] = Z 1
[1500] = CNOT 1 15
[1501] = CNOT 1 17
[1502] = S 1
[1503] = Z 1
[1504] = CNOT 1 17
[1505] = CNOT 1 18
[1506] = S 1
[1507] = Z 1
[1508] = CNOT 1 18
[1509] = CNOT 1 13
[1510] = CNOT 1 14
[1511] = CNOT 1 15
[1512] = Z 1
[1513] = CNOT 1 15
[1514] = CNOT 1 17
[1515] = Z 1
[1516] = CNOT 1 17
[1517] = CNOT 1 18
[1518] = Z 1
[1519] = CNOT 1 18
[1520] = CNOT 1 14
[1521] = CNOT 1 15
[1522] = CNOT 1 16
[1523] = S 1
[1524] = Z 1
[1525] = CNOT 1 16
[1526] = CNOT 1 17
[1527] = S 1
[1528] = Z 1
[1529] = CNOT 1 17
[1530] = CNOT 1 18
[1531] = S 1
[1532] = Z 1
[1533] = CNOT 1 18
[1534] = CNOT 1 15
[1535] = CNOT 1 16
[1536] = CNOT 1 17
[1537] = Z 1
[1538] = CNOT 1 17
[1539] = CNOT 1 18
[1540] = Z 1
[1541] = CNOT 1 18
[1542] = CNOT 1 16
[1543] = CNOT 2 3
[1544] = CNOT 2 10
[1545] = Z 2
[1546] = CNOT 2 10
[1547] = CNOT 2 16
[1548] = S 2
[1549] = Z 2
[1550] = CNOT 2 16
[1551] = CNOT 2 17
[1552] = S 2
[1553] = Z 2
[1554] = CNOT 2 17
[1555] = CNOT 2 18
[1556] = Z 2
[1557] = CNOT 2 18
[1558] = CNOT 2 3
[1559] = CNOT 2 4
[1560] = CNOT 2 5
[1561] = S 2
[1562] = Z 2
[1563] = CNOT 2 5
[1564] = CNOT 2 6
[1565] = S 2
[1566] = Z 2
[1567] = CNOT 2 6
[1568] = CNOT 2 7
[1569] = S 2
[1570] = Z 2
[1571] = CNOT 2 7
[1572] = CNOT 2 8
[1573] = S 2
[1574] = Z 2
[1575] = CNOT 2 8
[1576] = CNOT 2 9
[1577] = S 2
[1578] = CNOT 2 9
[1579] = CNOT 2 14
[1580] = S 2
[1581] = Z 2
[1582] = CNOT 2 14
[1583] = CNOT 2 15
[1584] = Z 2
[1585] = CNOT 2 15
[1586] = CNOT 2 17
[1587] = S 2
[1588] = CNOT 2 17
[1589] = CNOT 2 18
[1590] = S 2
[1591] = CNOT 2 18
[1592] = CNOT 2 4
[1593] = CNOT 2 5
[1594] = CNOT 2 8
[1595] = S 2
[1596] = Z 2
[1597] = CNOT 2 8
[1598] = CNOT 2 9
[1599] = S 2
[1600] = Z 2
[1601] = CNOT 2 9
[1602] = CNOT 2 17
[1603] = S 2
[1604] = Z 2
[1605] = CNOT 2 17
[1606] = CNOT 2 18
[1607] = S 2
[1608] = Z 2
[1609] = CNOT 2 18
[1610] = CNOT 2 5
[1611] = CNOT 2 6
[1612] = CNOT 2 7
[1613] = S 2
[1614] = Z 2
[1615] = CNOT 2 7
[1616] = CNOT 2 9
[1617] = S 2
[1618] = Z 2
[1619] = CNOT 2 9
[1620] = CNOT 2 15
[1621] = S 2
[1622] = Z 2
[1623] = CNOT 2 15
[1624] = CNOT 2 17
[1625] = S 2
[1626] = Z 2
[1627] = CNOT 2 17
[1628] = CNOT 2 18
[1629] = S 2
[1630] = Z 2
[1631] = CNOT 2 18
[1632] = CNOT 2 6
[1633] = CNOT 2 7
[1634] = CNOT 2 9
[1635] = S 2
[1636] = Z 2
[1637] = CNOT 2 9
[1638] = CNOT 2 15
[1639] = S 2
[1640] = Z 2
[1641] = CNOT 2 15
[1642] = CNOT 2 17
[1643] = S 2
[1644] = Z 2
[1645] = CNOT 2 17
[1646] = CNOT 2 18
[1647] = S 2
[1648] = Z 2
[1649] = CNOT 2 18
[1650] = CNOT 2 7
[1651] = CNOT 2 8
[1652] = CNOT 2 9
[1653] = S 2
[1654] = Z 2
[1655] = CNOT 2 9
[1656] = CNOT 2 17
[1657] = S 2
[1658] = Z 2
[1659] = CNOT 2 17
[1660] = CNOT 2 18
[1661] = S 2
[1662] = Z 2
[1663] = CNOT 2 18
[1664] = CNOT 2 8
[1665] = CNOT 2 9
[1666] = CNOT 2 14
[1667] = S 2
[1668] = Z 2
[1669] = CNOT 2 14
[1670] = CNOT 2 15
[1671] = Z 2
[1672] = CNOT 2 15
[1673] = CNOT 2 17
[1674] = S 2
[1675] = CNOT 2 17
[1676] = CNOT 2 18
[1677] = S 2
[1678] = CNOT 2 18
[1679] = CNOT 2 9
[1680] = CNOT 2 10
[1681] = CNOT 2 16
[1682] = S 2
[1683] = Z 2
[1684] = CNOT 2 16
[1685] = CNOT 2 17
[1686] = S 2
[1687] = Z 2
[1688] = CNOT 2 17
[1689] = CNOT 2 18
[1690] = Z 2
[1691] = CNOT 2 18
[1692] = CNOT 2 10
[1693] = CNOT 2 11
[1694] = CNOT 2 17
[1695] = S 2
[1696] = Z 2
[1697] = CNOT 2 17
[1698] = CNOT 2 18
[1699] = Z 2
[1700] = CNOT 2 18
[1701] = CNOT 2 11
[1702] = CNOT 2 14
[1703] = CNOT 2 15
[1704] = S 2
[1705] = Z 2
[1706] = CNOT 2 15
[1707] = CNOT 2 17
[1708] = S 2
[1709] = Z 2
[1710] = CNOT 2 17
[1711] = CNOT 2 18
[1712] = S 2
[1713] = Z 2
[1714] = CNOT 2 18
[1715] = CNOT 2 14
[1716] = CNOT 2 15
[1717] = CNOT 2 17
[1718] = Z 2
[1719] = CNOT 2 17
[1720] = CNOT 2 18
[1721] = Z 2
[1722] = CNOT 2 18
[1723] = CNOT 2 15
[1724] = CNOT 2 16
[1725] = CNOT 2 17
[1726] = Z 2
[1727] = CNOT 2 17
[1728] = CNOT 2 18
[1729] = Z 2
[1730] = CNOT 2 16
[1731] = CNOT 2 17
[1732] = Z 2
[1733] = CNOT 2 18
[1734] = CNOT 2 17
[1735] = CNOT 3 4
[1736] = CNOT 3 5
[1737] = S 3
[1738] = Z 3
[1739] = CNOT 3 5
[1740] = CNOT 3 6
[1741] = S 3
[1742] = Z 3
[1743] = CNOT 3 6
[1744] = CNOT 3 7
[1745] = S 3
[1746] = Z 3
[1747] = CNOT 3 7
[1748] = CNOT 3 8
[1749] = S 3
[1750] = Z 3
[1751] = CNOT 3 8
[1752] = CNOT 3 9
[1753] = S 3
[1754] = CNOT 3 9
[1755] = CNOT 3 15
[1756] = Z 3
[1757] = CNOT 3 15
[1758] = CNOT 3 16
[1759] = S 3
[1760] = Z 3
[1761] = CNOT 3 16
[1762] = CNOT 3 17
[1763] = Z 3
[1764] = CNOT 3 17
[1765] = CNOT 3 18
[1766] = S 3
[1767] = CNOT 3 18
[1768] = CNOT 3 4
[1769] = CNOT 3 5
[1770] = CNOT 3 8
[1771] = S 3
[1772] = Z 3
[1773] = CNOT 3 8
[1774] = CNOT 3 9
[1775] = S 3
[1776] = Z 3
[1777] = CNOT 3 9
[1778] = CNOT 3 15
[1779] = S 3
[1780] = Z 3
[1781] = CNOT 3 15
[1782] = CNOT 3 17
[1783] = S 3
[1784] = Z 3
[1785] = CNOT 3 17
[1786] = CNOT 3 18
[1787] = S 3
[1788] = Z 3
[1789] = CNOT 3 18
[1790] = CNOT 3 5
[1791] = CNOT 3 6
[1792] = CNOT 3 7
[1793] = S 3
[1794] = Z 3
[1795] = CNOT 3 7
[1796] = CNOT 3 9
[1797] = S 3
[1798] = Z 3
[1799] = CNOT 3 9
[1800] = CNOT 3 17
[1801] = S 3
[1802] = Z 3
[1803] = CNOT 3 17
[1804] = CNOT 3 18
[1805] = S 3
[1806] = Z 3
[1807] = CNOT 3 18
[1808] = CNOT 3 6
[1809] = CNOT 3 7
[1810] = CNOT 3 9
[1811] = S 3
[1812] = Z 3
[1813] = CNOT 3 9
[1814] = CNOT 3 17
[1815] = S 3
[1816] = Z 3
[1817] = CNOT 3 17
[1818] = CNOT 3 18
[1819] = S 3
[1820] = Z 3
[1821] = CNOT 3 18
[1822] = CNOT 3 7
[1823] = CNOT 3 8
[1824] = CNOT 3 9
[1825] = S 3
[1826] = Z 3
[1827] = CNOT 3 9
[1828] = CNOT 3 15
[1829] = S 3
[1830] = Z 3
[1831] = CNOT 3 15
[1832] = CNOT 3 17
[1833] = S 3
[1834] = Z 3
[1835] = CNOT 3 17
[1836] = CNOT 3 18
[1837] = S 3
[1838] = Z 3
[1839] = CNOT 3 18
[1840] = CNOT 3 8
[1841] = CNOT 3 9
[1842] = CNOT 3 15
[1843] = Z 3
[1844] = CNOT 3 15
[1845] = CNOT 3 16
[1846] = S 3
[1847] = Z 3
[1848] = CNOT 3 16
[1849] = CNOT 3 17
[1850] = Z 3
[1851] = CNOT 3 17
[1852] = CNOT 3 18
[1853] = S 3
[1854] = CNOT 3 18
[1855] = CNOT 3 9
[1856] = CNOT 3 10
[1857] = CNOT 3 16
[1858] = S 3
[1859] = Z 3
[1860] = CNOT 3 16
[1861] = CNOT 3 17
[1862] = Z 3
[1863] = CNOT 3 17
[1864] = CNOT 3 18
[1865] = S 3
[1866] = CNOT 3 18
[1867] = CNOT 3 10
[1868] = CNOT 3 15
[1869] = CNOT 3 16
[1870] = S 3
[1871] = Z 3
[1872] = CNOT 3 16
[1873] = CNOT 3 17
[1874] = Z 3
[1875] = CNOT 3 17
[1876] = CNOT 3 18
[1877] = Z 3
[1878] = CNOT 3 18
[1879] = CNOT 3 15
[1880] = CNOT 3 16
[1881] = CNOT 3 17
[1882] = Z 3
[1883] = CNOT 3 17
[1884] = CNOT 3 18
[1885] = Z 3
[1886] = CNOT 3 18
[1887] = CNOT 3 16
[1888] = CNOT 4 5
[1889] = CNOT 4 8
[1890] = S 4
[1891] = Z 4
[1892] = CNOT 4 8
[1893] = CNOT 4 14
[1894] = S 4
[1895] = Z 4
[1896] = CNOT 4 14
[1897] = CNOT 4 15
[1898] = S 4
[1899] = CNOT 4 15
[1900] = CNOT 4 16
[1901] = S 4
[1902] = Z 4
[1903] = CNOT 4 16
[1904] = CNOT 4 18
[1905] = S 4
[1906] = Z 4
[1907] = CNOT 4 18
[1908] = CNOT 4 5
[1909] = CNOT 4 6
[1910] = CNOT 4 7
[1911] = S 4
[1912] = Z 4
[1913] = CNOT 4 7
[1914] = CNOT 4 13
[1915] = S 4
[1916] = Z 4
[1917] = CNOT 4 13
[1918] = CNOT 4 14
[1919] = S 4
[1920] = Z 4
[1921] = CNOT 4 14
[1922] = CNOT 4 15
[1923] = S 4
[1924] = CNOT 4 15
[1925] = CNOT 4 17
[1926] = S 4
[1927] = Z 4
[1928] = CNOT 4 17
[1929] = CNOT 4 18
[1930] = S 4
[1931] = Z 4
[1932] = CNOT 4 18
[1933] = CNOT 4 6
[1934] = CNOT 4 7
[1935] = CNOT 4 13
[1936] = S 4
[1937] = Z 4
[1938] = CNOT 4 13
[1939] = CNOT 4 14
[1940] = S 4
[1941] = Z 4
[1942] = CNOT 4 14
[1943] = CNOT 4 15
[1944] = S 4
[1945] = CNOT 4 15
[1946] = CNOT 4 17
[1947] = S 4
[1948] = Z 4
[1949] = CNOT 4 17
[1950] = CNOT 4 18
[1951] = S 4
[1952] = Z 4
[1953] = CNOT 4 18
[1954] = CNOT 4 7
[1955] = CNOT 4 8
[1956] = CNOT 4 14
[1957] = S 4
[1958] = Z 4
[1959] = CNOT 4 14
[1960] = CNOT 4 15
[1961] = S 4
[1962] = CNOT 4 15
[1963] = CNOT 4 16
[1964] = S 4
[1965] = Z 4
[1966] = CNOT 4 16
[1967] = CNOT 4 18
[1968] = S 4
[1969] = Z 4
[1970] = CNOT 4 18
[1971] = CNOT 4 8
[1972] = CNOT 4 9
[1973] = CNOT 4 13
[1974] = Z 4
[1975] = CNOT 4 13
[1976] = CNOT 4 14
[1977] = S 4
[1978] = CNOT 4 14
[1979] = CNOT 4 15
[1980] = S 4
[1981] = Z 4
[1982] = CNOT 4 15
[1983] = CNOT 4 16
[1984] = S 4
[1985] = CNOT 4 16
[1986] = CNOT 4 18
[1987] = S 4
[1988] = Z 4
[1989] = CNOT 4 18
[1990] = CNOT 4 9
[1991] = CNOT 4 13
[1992] = CNOT 4 15
[1993] = Z 4
[1994] = CNOT 4 15
[1995] = CNOT 4 17
[1996] = Z 4
[1997] = CNOT 4 17
[1998] = CNOT 4 18
[1999] = Z 4
[2000] = CNOT 4 18
[2001] = CNOT 4 13
[2002] = CNOT 4 14
[2003] = CNOT 4 15
[2004] = S 4
[2005] = CNOT 4 15
[2006] = CNOT 4 17
[2007] = S 4
[2008] = CNOT 4 17
[2009] = CNOT 4 18
[2010] = S 4
[2011] = CNOT 4 18
[2012] = CNOT 4 14
[2013] = CNOT 4 15
[2014] = CNOT 4 16
[2015] = Z 4
[2016] = CNOT 4 16
[2017] = CNOT 4 17
[2018] = S 4
[2019] = Z 4
[2020] = CNOT 4 17
[2021] = CNOT 4 18
[2022] = S 4
[2023] = Z 4
[2024] = CNOT 4 15
[2025] = CNOT 4 17
[2026] = Z 4
[2027] = CNOT 4 18
[2028] = CNOT 4 17
[2029] = CNOT 5 6
[2030] = CNOT 5 7
[2031] = S 5
[2032] = Z 5
[2033] = CNOT 5 7
[2034] = CNOT 5 18
[2035] = S 5
[2036] = Z 5
[2037] = CNOT 5 6
[2038] = CNOT 5 7
[2039] = S 5
[2040] = Z 5
[2041] = CNOT 5 18
[2042] = CNOT 5 7
[2043] = CNOT 5 8
[2044] = CNOT 5 14
[2045] = S 5
[2046] = Z 5
[2047] = CNOT 5 14
[2048] = CNOT 5 15
[2049] = S 5
[2050] = CNOT 5 15
[2051] = CNOT 5 16
[2052] = S 5
[2053] = Z 5
[2054] = CNOT 5 16
[2055] = CNOT 5 17
[2056] = S 5
[2057] = Z 5
[2058] = CNOT 5 17
[2059] = CNOT 5 18
[2060] = Z 5
[2061] = CNOT 5 18
[2062] = CNOT 5 8
[2063] = CNOT 5 9
[2064] = CNOT 5 14
[2065] = S 5
[2066] = Z 5
[2067] = CNOT 5 14
[2068] = CNOT 5 15
[2069] = S 5
[2070] = CNOT 5 15
[2071] = CNOT 5 16
[2072] = S 5
[2073] = Z 5
[2074] = CNOT 5 16
[2075] = CNOT 5 9
[2076] = CNOT 5 14
[2077] = CNOT 5 15
[2078] = S 5
[2079] = Z 5
[2080] = CNOT 5 15
[2081] = CNOT 5 17
[2082] = S 5
[2083] = Z 5
[2084] = CNOT 5 17
[2085] = CNOT 5 18
[2086] = S 5
[2087] = Z 5
[2088] = CNOT 5 18
[2089] = CNOT 5 14
[2090] = CNOT 5 15
[2091] = CNOT 5 16
[2092] = S 5
[2093] = Z 5
[2094] = CNOT 5 16
[2095] = CNOT 5 17
[2096] = S 5
[2097] = CNOT 5 17
[2098] = CNOT 5 18
[2099] = S 5
[2100] = CNOT 5 18
[2101] = CNOT 5 15
[2102] = CNOT 5 16
[2103] = CNOT 5 17
[2104] = S 5
[2105] = Z 5
[2106] = CNOT 5 17
[2107] = CNOT 5 18
[2108] = S 5
[2109] = Z 5
[2110] = CNOT 5 18
[2111] = CNOT 5 16
[2112] = CNOT 6 7
[2113] = CNOT 6 13
[2114] = S 6
[2115] = Z 6
[2116] = CNOT 6 13
[2117] = CNOT 6 14
[2118] = S 6
[2119] = Z 6
[2120] = CNOT 6 14
[2121] = CNOT 6 15
[2122] = S 6
[2123] = CNOT 6 15
[2124] = CNOT 6 16
[2125] = S 6
[2126] = Z 6
[2127] = CNOT 6 16
[2128] = CNOT 6 17
[2129] = Z 6
[2130] = CNOT 6 17
[2131] = CNOT 6 18
[2132] = S 6
[2133] = CNOT 6 18
[2134] = CNOT 6 7
[2135] = CNOT 6 9
[2136] = CNOT 6 13
[2137] = S 6
[2138] = Z 6
[2139] = CNOT 6 13
[2140] = CNOT 6 14
[2141] = S 6
[2142] = Z 6
[2143] = CNOT 6 14
[2144] = CNOT 6 15
[2145] = S 6
[2146] = CNOT 6 9
[2147] = CNOT 6 13
[2148] = S 6
[2149] = Z 6
[2150] = CNOT 6 15
[2151] = CNOT 6 17
[2152] = S 6
[2153] = Z 6
[2154] = CNOT 6 17
[2155] = CNOT 6 18
[2156] = S 6
[2157] = Z 6
[2158] = CNOT 6 18
[2159] = CNOT 6 13
[2160] = CNOT 6 14
[2161] = CNOT 6 15
[2162] = S 6
[2163] = Z 6
[2164] = CNOT 6 15
[2165] = CNOT 6 17
[2166] = S 6
[2167] = Z 6
[2168] = CNOT 6 17
[2169] = CNOT 6 18
[2170] = S 6
[2171] = Z 6
[2172] = CNOT 6 18
[2173] = CNOT 6 14
[2174] = CNOT 6 15
[2175] = CNOT 6 17
[2176] = S 6
[2177] = CNOT 6 17
[2178] = CNOT 6 18
[2179] = S 6
[2180] = CNOT 6 18
[2181] = CNOT 6 15
[2182] = CNOT 6 16
[2183] = CNOT 6 17
[2184] = S 6
[2185] = Z 6
[2186] = CNOT 6 17
[2187] = CNOT 6 18
[2188] = S 6
[2189] = Z 6
[2190] = CNOT 6 16
[2191] = CNOT 6 17
[2192] = Z 6
[2193] = CNOT 6 18
[2194] = CNOT 6 17
[2195] = CNOT 7 9
[2196] = CNOT 7 13
[2197] = S 7
[2198] = Z 7
[2199] = CNOT 7 13
[2200] = CNOT 7 14
[2201] = S 7
[2202] = Z 7
[2203] = CNOT 7 14
[2204] = CNOT 7 15
[2205] = S 7
[2206] = CNOT 7 9
[2207] = CNOT 7 13
[2208] = S 7
[2209] = Z 7
[2210] = CNOT 7 15
[2211] = CNOT 7 17
[2212] = S 7
[2213] = Z 7
[2214] = CNOT 7 17
[2215] = CNOT 7 18
[2216] = S 7
[2217] = Z 7
[2218] = CNOT 7 18
[2219] = CNOT 7 13
[2220] = CNOT 7 14
[2221] = CNOT 7 15
[2222] = S 7
[2223] = Z 7
[2224] = CNOT 7 15
[2225] = CNOT 7 17
[2226] = S 7
[2227] = Z 7
[2228] = CNOT 7 17
[2229] = CNOT 7 18
[2230] = S 7
[2231] = Z 7
[2232] = CNOT 7 18
[2233] = CNOT 7 14
[2234] = CNOT 7 15
[2235] = CNOT 7 17
[2236] = S 7
[2237] = CNOT 7 17
[2238] = CNOT 7 18
[2239] = S 7
[2240] = CNOT 7 18
[2241] = CNOT 7 15
[2242] = CNOT 7 16
[2243] = CNOT 7 17
[2244] = S 7
[2245] = Z 7
[2246] = CNOT 7 17
[2247] = CNOT 7 18
[2248] = S 7
[2249] = Z 7
[2250] = CNOT 7 16
[2251] = CNOT 7 17
[2252] = Z 7
[2253] = CNOT 7 18
[2254] = CNOT 7 17
[2255] = CNOT 8 9
[2256] = CNOT 8 14
[2257] = S 8
[2258] = Z 8
[2259] = CNOT 8 14
[2260] = CNOT 8 15
[2261] = S 8
[2262] = CNOT 8 15
[2263] = CNOT 8 16
[2264] = S 8
[2265] = Z 8
[2266] = CNOT 8 16
[2267] = CNOT 8 9
[2268] = CNOT 8 14
[2269] = CNOT 8 15
[2270] = S 8
[2271] = Z 8
[2272] = CNOT 8 15
[2273] = CNOT 8 17
[2274] = S 8
[2275] = Z 8
[2276] = CNOT 8 17
[2277] = CNOT 8 18
[2278] = S 8
[2279] = Z 8
[2280] = CNOT 8 18
[2281] = CNOT 8 14
[2282] = CNOT 8 15
[2283] = CNOT 8 16
[2284] = S 8
[2285] = Z 8
[2286] = CNOT 8 16
[2287] = CNOT 8 17
[2288] = S 8
[2289] = CNOT 8 17
[2290] = CNOT 8 18
[2291] = S 8
[2292] = CNOT 8 18
[2293] = CNOT 8 15
[2294] = CNOT 8 16
[2295] = CNOT 8 17
[2296] = S 8
[2297] = Z 8
[2298] = CNOT 8 17
[2299] = CNOT 8 18
[2300] = S 8
[2301] = Z 8
[2302] = CNOT 8 16
[2303] = CNOT 8 17
[2304] = S 8
[2305] = Z 8
[2306] = CNOT 8 18
[2307] = CNOT 8 17
[2308] = CNOT 9 13
[2309] = CNOT 9 15
[2310] = Z 9
[2311] = CNOT 9 15
[2312] = CNOT 9 17
[2313] = Z 9
[2314] = CNOT 9 17
[2315] = CNOT 9 18
[2316] = Z 9
[2317] = CNOT 9 18
[2318] = CNOT 9 13
[2319] = CNOT 9 14
[2320] = CNOT 9 15
[2321] = S 9
[2322] = CNOT 9 15
[2323] = CNOT 9 17
[2324] = S 9
[2325] = CNOT 9 17
[2326] = CNOT 9 18
[2327] = S 9
[2328] = CNOT 9 18
[2329] = CNOT 9 14
[2330] = CNOT 9 15
[2331] = CNOT 9 16
[2332] = Z 9
[2333] = CNOT 9 16
[2334] = CNOT 9 17
[2335] = S 9
[2336] = Z 9
[2337] = CNOT 9 17
[2338] = CNOT 9 18
[2339] = S 9
[2340] = Z 9
[2341] = CNOT 9 18
[2342] = CNOT 9 15
[2343] = CNOT 9 16
[2344] = CNOT 9 17
[2345] = S 9
[2346] = CNOT 9 17
[2347] = CNOT 9 18
[2348] = S 9
[2349] = CNOT 9 18
[2350] = CNOT 9 16
[2351] = CNOT 10 16
[2352] = CNOT 10 17
[2353] = S 10
[2354] = Z 10
[2355] = CNOT 10 17
[2356] = CNOT 10 18
[2357] = S 10
[2358] = Z 10
[2359] = CNOT 10 16
[2360] = CNOT 10 17
[2361] = Z 10
[2362] = CNOT 10 18
[2363] = CNOT 10 17
[2364] = CNOT 11 17
[2365] = CNOT 11 18
[2366] = S 11
[2367] = Z 11
[2368] = CNOT 11 18
[2369] = CNOT 11 17
[2370] = CNOT 13 15
[2371] = CNOT 13 17
[2372] = Z 13
[2373] = CNOT 13 17
[2374] = CNOT 13 18
[2375] = Z 13
[2376] = CNOT 13 15
[2377] = CNOT 13 17
[2378] = Z 13
[2379] = CNOT 13 18
[2380] = CNOT 13 17
[2381] = CNOT 14 15
[2382] = CNOT 14 17
[2383] = S 14
[2384] = CNOT 14 17
[2385] = CNOT 14 18
[2386] = S 14
[2387] = CNOT 14 15
[2388] = CNOT 14 17
[2389] = S 14
[2390] = CNOT 14 18
[2391] = CNOT 14 17
[2392] = CNOT 15 16
[2393] = CNOT 15 17
[2394] = S 15
[2395] = CNOT 15 17
[2396] = CNOT 15 18
[2397] = S 15
[2398] = CNOT 15 16
[2399] = CNOT 15 17
[2400] = Z 15
[2401] = CNOT 15 18
[2402] = CNOT 15 17
[2403] = CNOT 16 17
[2404] = CNOT 16 18
[2405] = S 16
[2406] = CNOT 16 18
[2407] = CNOT 16 17
[2408] = CNOT 7 6
[2409] = CNOT 8 5
[2410] = CNOT 9 4
[2411] = CNOT 10 3
[2412] = CNOT 11 2
[2413] = CNOT 12 1
[2414] = H 13
[2415] = H 14
[2416] = H 15
[2417] = H 16
[2418] = H 17
[2419] = H 18
Gate distributions:
Input:
Operator distribution:
Total number of qubits = 18
Number of `data' qubits = 18
Number of `Toff_n' ancillas = 0
Number of Hadamard ancillas = 0
Hadamard ancilla cap = 0
Number of {CNOT,T} partitions = 3
T count = 252
Cost estimation = 126027
	id	Count
	0	0
	1	0
	2	0
	3	22
	4	5
	5	0
	6	0
	7	0
	8	0
	9	0
	10	36
	11	0
	12	0
	13	0
	14	0
	15	0
	16	0
	17	0
	18	0
Output:
Operator distribution:
Total number of qubits = 18
Number of `data' qubits = 18
Number of `Toff_n' ancillas = 0
Number of Hadamard ancillas = 0
Hadamard ancilla cap = 0
Number of {CNOT,T} partitions = 3
T count = 120
Cost estimation = 62300
	id	Count
	0	0
	1	0
	2	0
	3	22
	4	1523
	5	120
	6	0
	7	0
	8	0
	9	0
	10	0
	11	362
	12	0
	13	393
	14	0
	15	0
	16	0
	17	0
	18	0
Output T Count (SQC_Circuit) = 120
Output T Count (PhasePolynomial) = 120
Fail count = 0

Execution time: 3.16476s
Number of LCL errors: 0
Number of LCL warnings: 0
