Optimize a Clifford + T circuit.
Input filename = /home/ryo-mtmt/TOpt/forme/tpar_benchmark/ham15-med.tfc
Number of unknown gates = 0
Number of unknown qubit labels = 0
Circuit filename: /home/ryo-mtmt/TOpt/forme/tpar_benchmark/ham15-med.tfc

n 17
n_x 17
n_y 0
n_z 0
m 301
[0] = CNOT 10 15
[1] = CNOT 15 14
[2] = H 17
[3] = CCZ 12 13 17
[4] = H 17
[5] = H 16
[6] = CCZ 17 14 16
[7] = H 16
[8] = H 5
[9] = CCZ 16 15 5
[10] = H 5
[11] = H 16
[12] = CCZ 17 14 16
[13] = H 16
[14] = H 17
[15] = CCZ 12 13 17
[16] = H 17
[17] = CNOT 12 15
[18] = H 15
[19] = CCZ 13 14 15
[20] = H 15
[21] = H 14
[22] = CCZ 12 15 14
[23] = H 14
[24] = H 17
[25] = CCZ 12 13 17
[26] = H 17
[27] = H 16
[28] = CCZ 17 14 16
[29] = H 16
[30] = H 2
[31] = CCZ 16 15 2
[32] = H 2
[33] = H 16
[34] = CCZ 17 14 16
[35] = H 16
[36] = H 17
[37] = CCZ 12 13 17
[38] = H 17
[39] = CNOT 11 15
[40] = H 16
[41] = CCZ 12 13 16
[42] = H 16
[43] = H 15
[44] = CCZ 16 14 15
[45] = H 15
[46] = H 16
[47] = CCZ 12 13 16
[48] = H 16
[49] = H 10
[50] = CCZ 12 15 10
[51] = H 10
[52] = H 17
[53] = CCZ 12 13 17
[54] = H 17
[55] = H 16
[56] = CCZ 17 14 16
[57] = H 16
[58] = H 6
[59] = CCZ 16 15 6
[60] = H 6
[61] = H 16
[62] = CCZ 17 14 16
[63] = H 16
[64] = H 17
[65] = CCZ 12 13 17
[66] = H 17
[67] = H 1
[68] = CCZ 13 15 1
[69] = H 1
[70] = H 1
[71] = CCZ 14 15 1
[72] = H 1
[73] = H 17
[74] = CCZ 12 13 17
[75] = H 17
[76] = H 16
[77] = CCZ 17 14 16
[78] = H 16
[79] = H 1
[80] = CCZ 16 15 1
[81] = H 1
[82] = H 16
[83] = CCZ 17 14 16
[84] = H 16
[85] = H 17
[86] = CCZ 12 13 17
[87] = H 17
[88] = CNOT 13 15
[89] = H 17
[90] = CCZ 12 13 17
[91] = H 17
[92] = H 16
[93] = CCZ 17 14 16
[94] = H 16
[95] = H 4
[96] = CCZ 16 15 4
[97] = H 4
[98] = H 16
[99] = CCZ 17 14 16
[100] = H 16
[101] = H 17
[102] = CCZ 12 13 17
[103] = H 17
[104] = H 10
[105] = CCZ 13 15 10
[106] = H 10
[107] = H 3
[108] = CCZ 13 15 3
[109] = H 3
[110] = H 17
[111] = CCZ 12 13 17
[112] = H 17
[113] = H 16
[114] = CCZ 17 14 16
[115] = H 16
[116] = H 3
[117] = CCZ 16 15 3
[118] = H 3
[119] = H 16
[120] = CCZ 17 14 16
[121] = H 16
[122] = H 17
[123] = CCZ 12 13 17
[124] = H 17
[125] = H 16
[126] = CCZ 12 13 16
[127] = H 16
[128] = H 14
[129] = CCZ 16 15 14
[130] = H 14
[131] = H 16
[132] = CCZ 12 13 16
[133] = H 16
[134] = H 16
[135] = CCZ 13 14 16
[136] = H 16
[137] = H 3
[138] = CCZ 16 15 3
[139] = H 3
[140] = H 16
[141] = CCZ 13 14 16
[142] = H 16
[143] = H 16
[144] = CCZ 13 14 16
[145] = H 16
[146] = H 12
[147] = CCZ 16 15 12
[148] = H 12
[149] = H 16
[150] = CCZ 13 14 16
[151] = H 16
[152] = H 1
[153] = CCZ 12 15 1
[154] = H 1
[155] = H 17
[156] = CCZ 12 13 17
[157] = H 17
[158] = H 16
[159] = CCZ 17 14 16
[160] = H 16
[161] = H 7
[162] = CCZ 16 15 7
[163] = H 7
[164] = H 16
[165] = CCZ 17 14 16
[166] = H 16
[167] = H 17
[168] = CCZ 12 13 17
[169] = H 17
[170] = H 14
[171] = CCZ 12 15 14
[172] = H 14
[173] = H 12
[174] = CCZ 14 15 12
[175] = H 12
[176] = H 17
[177] = CCZ 12 13 17
[178] = H 17
[179] = H 16
[180] = CCZ 17 14 16
[181] = H 16
[182] = H 8
[183] = CCZ 16 15 8
[184] = H 8
[185] = H 16
[186] = CCZ 17 14 16
[187] = H 16
[188] = H 17
[189] = CCZ 12 13 17
[190] = H 17
[191] = H 16
[192] = CCZ 12 14 16
[193] = H 16
[194] = H 13
[195] = CCZ 16 15 13
[196] = H 13
[197] = H 16
[198] = CCZ 12 14 16
[199] = H 16
[200] = H 17
[201] = CCZ 12 13 17
[202] = H 17
[203] = H 16
[204] = CCZ 17 14 16
[205] = H 16
[206] = H 10
[207] = CCZ 16 15 10
[208] = H 10
[209] = H 16
[210] = CCZ 17 14 16
[211] = H 16
[212] = H 17
[213] = CCZ 12 13 17
[214] = H 17
[215] = H 17
[216] = CCZ 12 13 17
[217] = H 17
[218] = H 16
[219] = CCZ 17 14 16
[220] = H 16
[221] = H 11
[222] = CCZ 16 15 11
[223] = H 11
[224] = H 16
[225] = CCZ 17 14 16
[226] = H 16
[227] = H 17
[228] = CCZ 12 13 17
[229] = H 17
[230] = H 15
[231] = CCZ 12 13 15
[232] = H 15
[233] = H 11
[234] = CCZ 12 14 11
[235] = H 11
[236] = CNOT 14 15
[237] = H 17
[238] = CCZ 12 13 17
[239] = H 17
[240] = H 16
[241] = CCZ 17 14 16
[242] = H 16
[243] = H 9
[244] = CCZ 16 15 9
[245] = H 9
[246] = H 16
[247] = CCZ 17 14 16
[248] = H 16
[249] = H 17
[250] = CCZ 12 13 17
[251] = H 17
[252] = CNOT 14 13
[253] = CNOT 10 11
[254] = CNOT 14 10
[255] = CNOT 13 14
[256] = CNOT 9 13
[257] = CNOT 13 9
[258] = CNOT 15 12
[259] = CNOT 12 13
[260] = CNOT 12 15
[261] = CNOT 15 11
[262] = CNOT 12 10
[263] = CNOT 8 12
[264] = CNOT 12 8
[265] = CNOT 14 11
[266] = CNOT 11 8
[267] = CNOT 7 11
[268] = CNOT 11 7
[269] = CNOT 10 7
[270] = CNOT 6 10
[271] = CNOT 9 6
[272] = CNOT 5 9
[273] = CNOT 8 5
[274] = CNOT 4 8
[275] = CNOT 7 4
[276] = CNOT 3 7
[277] = CNOT 7 3
[278] = CNOT 10 6
[279] = CNOT 6 3
[280] = CNOT 2 6
[281] = CNOT 9 5
[282] = CNOT 5 2
[283] = CNOT 6 2
[284] = CNOT 1 5
[285] = CNOT 8 4
[286] = CNOT 4 1
[287] = CNOT 5 1

Algorithm used: todd

UniversalOptimize begin.
	Gate synthesis begin.

--- Testing Hamming Distance Version ---
in LempelX2_M4RI_Hamming　安定版　m4ri
		Round = 0 (Start m: 16)
--- Hamming Distance Stats ---
 Dist 1: 5 pairs
 Dist 2: 68 pairs
 Dist 3: 33 pairs
 Dist 4: 13 pairs
 Dist 5: 1 pairs
-------------------------------
>> Round 0 Result: Hit Rate = 0% (0/120)

=== Final Performance Statistics ===
Hamming time:   0 ms
Chi time:       3 ms
Nullspace time: 22 ms
Total attempts: 120 (Success: 0)
END OF LEMPELX2 安定版
Total LempelX2_M4RI_Hamming time: 26 ms
Hamming result size: 16 columns
		TODD executed in 0.026799 seconds.
		Total time: 0.026846s
	Gate synthesis end.
	Gate synthesis begin.

--- Testing Hamming Distance Version ---
in LempelX2_M4RI_Hamming　安定版　m4ri
		Round = 0 (Start m: 5)
--- Hamming Distance Stats ---
 Dist 1: 3 pairs
 Dist 2: 3 pairs
 Dist 3: 3 pairs
 Dist 4: 1 pairs
-------------------------------
>> Round 0 Result: Hit Rate = 0% (0/10)

=== Final Performance Statistics ===
Hamming time:   0 ms
Chi time:       0 ms
Nullspace time: 0 ms
Total attempts: 10 (Success: 0)
END OF LEMPELX2 安定版
Total LempelX2_M4RI_Hamming time: 1 ms
Hamming result size: 5 columns
		TODD executed in 0.00133 seconds.
		Total time: 0.001351s
	Gate synthesis end.
	Gate synthesis begin.

--- Testing Hamming Distance Version ---
in LempelX2_M4RI_Hamming　安定版　m4ri
		Round = 0 (Start m: 5)
--- Hamming Distance Stats ---
 Dist 1: 5 pairs
 Dist 2: 4 pairs
 Dist 3: 1 pairs
-------------------------------
>> Round 0 Result: Hit Rate = 0% (0/10)

=== Final Performance Statistics ===
Hamming time:   0 ms
Chi time:       0 ms
Nullspace time: 0 ms
Total attempts: 10 (Success: 0)
END OF LEMPELX2 安定版
Total LempelX2_M4RI_Hamming time: 1 ms
Hamming result size: 5 columns
		TODD executed in 0.001303 seconds.
		Total time: 0.00132s
	Gate synthesis end.
	Gate synthesis begin.

--- Testing Hamming Distance Version ---
in LempelX2_M4RI_Hamming　安定版　m4ri
		Round = 0 (Start m: 4)
--- Hamming Distance Stats ---
 Dist 1: 3 pairs
 Dist 2: 3 pairs
-------------------------------
>> Round 0 Result: Hit Rate = 0% (0/6)

=== Final Performance Statistics ===
Hamming time:   0 ms
Chi time:       0 ms
Nullspace time: 0 ms
Total attempts: 6 (Success: 0)
END OF LEMPELX2 安定版
Total LempelX2_M4RI_Hamming time: 0 ms
Hamming result size: 4 columns
		TODD executed in 0.000809 seconds.
		Total time: 0.000824s
	Gate synthesis end.
	Gate synthesis begin.

--- Testing Hamming Distance Version ---
in LempelX2_M4RI_Hamming　安定版　m4ri
		Round = 0 (Start m: 4)
--- Hamming Distance Stats ---
 Dist 1: 2 pairs
 Dist 2: 2 pairs
 Dist 3: 2 pairs
-------------------------------
>> Round 0 Result: Hit Rate = 0% (0/6)

=== Final Performance Statistics ===
Hamming time:   0 ms
Chi time:       0 ms
Nullspace time: 0 ms
Total attempts: 6 (Success: 0)
END OF LEMPELX2 安定版
Total LempelX2_M4RI_Hamming time: 0 ms
Hamming result size: 4 columns
		TODD executed in 0.000784 seconds.
		Total time: 0.000799s
	Gate synthesis end.
	Gate synthesis begin.

--- Testing Hamming Distance Version ---
in LempelX2_M4RI_Hamming　安定版　m4ri
		Round = 0 (Start m: 8)
--- Hamming Distance Stats ---
 Dist 1: 8 pairs
 Dist 2: 7 pairs
 Dist 3: 6 pairs
 Dist 4: 5 pairs
 Dist 5: 2 pairs
-------------------------------
>> Round 0 Result: Hit Rate = 0% (0/28)

=== Final Performance Statistics ===
Hamming time:   0 ms
Chi time:       0 ms
Nullspace time: 3 ms
Total attempts: 28 (Success: 0)
END OF LEMPELX2 安定版
Total LempelX2_M4RI_Hamming time: 4 ms
Hamming result size: 8 columns
		TODD executed in 0.004575 seconds.
		Total time: 0.004602s
	Gate synthesis end.
	Gate synthesis begin.

--- Testing Hamming Distance Version ---
in LempelX2_M4RI_Hamming　安定版　m4ri
		Round = 0 (Start m: 5)
--- Hamming Distance Stats ---
 Dist 1: 5 pairs
 Dist 2: 4 pairs
 Dist 3: 1 pairs
-------------------------------
>> Round 0 Result: Hit Rate = 0% (0/10)

=== Final Performance Statistics ===
Hamming time:   0 ms
Chi time:       0 ms
Nullspace time: 0 ms
Total attempts: 10 (Success: 0)
END OF LEMPELX2 安定版
Total LempelX2_M4RI_Hamming time: 1 ms
Hamming result size: 5 columns
		TODD executed in 0.001334 seconds.
		Total time: 0.001352s
	Gate synthesis end.
	Gate synthesis begin.

--- Testing Hamming Distance Version ---
in LempelX2_M4RI_Hamming　安定版　m4ri
		Round = 0 (Start m: 3)
--- Hamming Distance Stats ---
 Dist 1: 2 pairs
 Dist 2: 1 pairs
-------------------------------
>> Round 0 Result: Hit Rate = 0% (0/3)

=== Final Performance Statistics ===
Hamming time:   0 ms
Chi time:       0 ms
Nullspace time: 0 ms
Total attempts: 3 (Success: 0)
END OF LEMPELX2 安定版
Total LempelX2_M4RI_Hamming time: 0 ms
Hamming result size: 3 columns
		TODD executed in 0.000388 seconds.
		Total time: 0.0004s
	Gate synthesis end.
	Gate synthesis begin.

--- Testing Hamming Distance Version ---
in LempelX2_M4RI_Hamming　安定版　m4ri
		Round = 0 (Start m: 5)
--- Hamming Distance Stats ---
 Dist 1: 5 pairs
 Dist 2: 4 pairs
 Dist 3: 1 pairs
-------------------------------
>> Round 0 Result: Hit Rate = 0% (0/10)

=== Final Performance Statistics ===
Hamming time:   0 ms
Chi time:       0 ms
Nullspace time: 0 ms
Total attempts: 10 (Success: 0)
END OF LEMPELX2 安定版
Total LempelX2_M4RI_Hamming time: 1 ms
Hamming result size: 5 columns
		TODD executed in 0.001254 seconds.
		Total time: 0.001273s
	Gate synthesis end.
	Gate synthesis begin.

--- Testing Hamming Distance Version ---
in LempelX2_M4RI_Hamming　安定版　m4ri
		Round = 0 (Start m: 6)
--- Hamming Distance Stats ---
 Dist 1: 3 pairs
 Dist 2: 4 pairs
 Dist 3: 6 pairs
 Dist 4: 2 pairs
-------------------------------
>> Round 0 Result: Hit Rate = 0% (0/15)

=== Final Performance Statistics ===
Hamming time:   0 ms
Chi time:       0 ms
Nullspace time: 1 ms
Total attempts: 15 (Success: 0)
END OF LEMPELX2 安定版
Total LempelX2_M4RI_Hamming time: 2 ms
Hamming result size: 6 columns
		TODD executed in 0.002151 seconds.
		Total time: 0.002174s
	Gate synthesis end.
	Gate synthesis begin.

--- Testing Hamming Distance Version ---
in LempelX2_M4RI_Hamming　安定版　m4ri
		Round = 0 (Start m: 6)
--- Hamming Distance Stats ---
 Dist 1: 4 pairs
 Dist 2: 5 pairs
 Dist 3: 4 pairs
 Dist 4: 2 pairs
-------------------------------
>> Round 0 Result: Hit Rate = 0% (0/15)

=== Final Performance Statistics ===
Hamming time:   0 ms
Chi time:       0 ms
Nullspace time: 1 ms
Total attempts: 15 (Success: 0)
END OF LEMPELX2 安定版
Total LempelX2_M4RI_Hamming time: 2 ms
Hamming result size: 6 columns
		TODD executed in 0.002117 seconds.
		Total time: 0.002136s
	Gate synthesis end.
	Gate synthesis begin.

--- Testing Hamming Distance Version ---
in LempelX2_M4RI_Hamming　安定版　m4ri
		Round = 0 (Start m: 6)
--- Hamming Distance Stats ---
 Dist 1: 7 pairs
 Dist 2: 6 pairs
 Dist 3: 2 pairs
-------------------------------
>> Round 0 Result: Hit Rate = 0% (0/15)

=== Final Performance Statistics ===
Hamming time:   0 ms
Chi time:       0 ms
Nullspace time: 1 ms
Total attempts: 15 (Success: 0)
END OF LEMPELX2 安定版
Total LempelX2_M4RI_Hamming time: 2 ms
Hamming result size: 6 columns
		TODD executed in 0.00225 seconds.
		Total time: 0.002271s
	Gate synthesis end.
	Gate synthesis begin.

--- Testing Hamming Distance Version ---
in LempelX2_M4RI_Hamming　安定版　m4ri
		Round = 0 (Start m: 11)
--- Hamming Distance Stats ---
 Dist 1: 9 pairs
 Dist 2: 13 pairs
 Dist 3: 15 pairs
 Dist 4: 14 pairs
 Dist 5: 4 pairs
-------------------------------
>> Round 0 Result: Hit Rate = 0% (0/55)

=== Final Performance Statistics ===
Hamming time:   0 ms
Chi time:       1 ms
Nullspace time: 8 ms
Total attempts: 55 (Success: 0)
END OF LEMPELX2 安定版
Total LempelX2_M4RI_Hamming time: 10 ms
Hamming result size: 11 columns
		TODD executed in 0.010813 seconds.
		Total time: 0.010849s
	Gate synthesis end.
	Gate synthesis begin.

--- Testing Hamming Distance Version ---
in LempelX2_M4RI_Hamming　安定版　m4ri
		Round = 0 (Start m: 4)
--- Hamming Distance Stats ---
 Dist 1: 3 pairs
 Dist 2: 2 pairs
 Dist 3: 1 pairs
-------------------------------
>> Round 0 Result: Hit Rate = 0% (0/6)

=== Final Performance Statistics ===
Hamming time:   0 ms
Chi time:       0 ms
Nullspace time: 0 ms
Total attempts: 6 (Success: 0)
END OF LEMPELX2 安定版
Total LempelX2_M4RI_Hamming time: 0 ms
Hamming result size: 4 columns
		TODD executed in 0.000795 seconds.
		Total time: 0.000811s
	Gate synthesis end.
	Gate synthesis begin.

--- Testing Hamming Distance Version ---
in LempelX2_M4RI_Hamming　安定版　m4ri
		Round = 0 (Start m: 6)
--- Hamming Distance Stats ---
 Dist 1: 7 pairs
 Dist 2: 6 pairs
 Dist 3: 2 pairs
-------------------------------
>> Round 0 Result: Hit Rate = 0% (0/15)

=== Final Performance Statistics ===
Hamming time:   0 ms
Chi time:       0 ms
Nullspace time: 1 ms
Total attempts: 15 (Success: 0)
END OF LEMPELX2 安定版
Total LempelX2_M4RI_Hamming time: 2 ms
Hamming result size: 6 columns
		TODD executed in 0.002065 seconds.
		Total time: 0.002087s
	Gate synthesis end.
	Gate synthesis begin.

--- Testing Hamming Distance Version ---
in LempelX2_M4RI_Hamming　安定版　m4ri
		Round = 0 (Start m: 3)
--- Hamming Distance Stats ---
 Dist 1: 2 pairs
 Dist 2: 1 pairs
-------------------------------
>> Round 0 Result: Hit Rate = 0% (0/3)

=== Final Performance Statistics ===
Hamming time:   0 ms
Chi time:       0 ms
Nullspace time: 0 ms
Total attempts: 3 (Success: 0)
END OF LEMPELX2 安定版
Total LempelX2_M4RI_Hamming time: 0 ms
Hamming result size: 3 columns
		TODD executed in 0.000378 seconds.
		Total time: 0.000392s
	Gate synthesis end.
	Gate synthesis begin.

--- Testing Hamming Distance Version ---
in LempelX2_M4RI_Hamming　安定版　m4ri
		Round = 0 (Start m: 7)
--- Hamming Distance Stats ---
 Dist 1: 6 pairs
 Dist 2: 3 pairs
 Dist 3: 3 pairs
 Dist 4: 6 pairs
 Dist 5: 3 pairs
-------------------------------
>> Round 0 Result: Hit Rate = 0% (0/21)

=== Final Performance Statistics ===
Hamming time:   0 ms
Chi time:       0 ms
Nullspace time: 1 ms
Total attempts: 21 (Success: 0)
END OF LEMPELX2 安定版
Total LempelX2_M4RI_Hamming time: 2 ms
Hamming result size: 7 columns
		TODD executed in 0.002671 seconds.
		Total time: 0.002694s
	Gate synthesis end.
	Gate synthesis begin.

--- Testing Hamming Distance Version ---
in LempelX2_M4RI_Hamming　安定版　m4ri
		Round = 0 (Start m: 4)
--- Hamming Distance Stats ---
 Dist 1: 3 pairs
 Dist 2: 2 pairs
 Dist 3: 1 pairs
-------------------------------
>> Round 0 Result: Hit Rate = 0% (0/6)

=== Final Performance Statistics ===
Hamming time:   0 ms
Chi time:       0 ms
Nullspace time: 0 ms
Total attempts: 6 (Success: 0)
END OF LEMPELX2 安定版
Total LempelX2_M4RI_Hamming time: 0 ms
Hamming result size: 4 columns
		TODD executed in 0.000779 seconds.
		Total time: 0.000794s
	Gate synthesis end.
	Gate synthesis begin.

--- Testing Hamming Distance Version ---
in LempelX2_M4RI_Hamming　安定版　m4ri
		Round = 0 (Start m: 7)
--- Hamming Distance Stats ---
 Dist 1: 9 pairs
 Dist 2: 9 pairs
 Dist 3: 3 pairs
-------------------------------
>> Round 0 Result: Hit Rate = 0% (0/21)

=== Final Performance Statistics ===
Hamming time:   0 ms
Chi time:       0 ms
Nullspace time: 2 ms
Total attempts: 21 (Success: 0)
END OF LEMPELX2 安定版
Total LempelX2_M4RI_Hamming time: 2 ms
Hamming result size: 7 columns
		TODD executed in 0.002859 seconds.
		Total time: 0.002883s
	Gate synthesis end.
	Gate synthesis begin.

--- Testing Hamming Distance Version ---
in LempelX2_M4RI_Hamming　安定版　m4ri
		Round = 0 (Start m: 4)
--- Hamming Distance Stats ---
 Dist 1: 3 pairs
 Dist 2: 3 pairs
-------------------------------
>> Round 0 Result: Hit Rate = 0% (0/6)

=== Final Performance Statistics ===
Hamming time:   0 ms
Chi time:       0 ms
Nullspace time: 0 ms
Total attempts: 6 (Success: 0)
END OF LEMPELX2 安定版
Total LempelX2_M4RI_Hamming time: 0 ms
Hamming result size: 4 columns
		TODD executed in 0.000788 seconds.
		Total time: 0.000804s
	Gate synthesis end.
	Gate synthesis begin.

--- Testing Hamming Distance Version ---
in LempelX2_M4RI_Hamming　安定版　m4ri
		Round = 0 (Start m: 4)
--- Hamming Distance Stats ---
 Dist 1: 4 pairs
 Dist 2: 2 pairs
-------------------------------
>> Round 0 Result: Hit Rate = 0% (0/6)

=== Final Performance Statistics ===
Hamming time:   0 ms
Chi time:       0 ms
Nullspace time: 0 ms
Total attempts: 6 (Success: 0)
END OF LEMPELX2 安定版
Total LempelX2_M4RI_Hamming time: 0 ms
Hamming result size: 4 columns
		TODD executed in 0.000723 seconds.
		Total time: 0.00074s
	Gate synthesis end.
	Gate synthesis begin.

--- Testing Hamming Distance Version ---
in LempelX2_M4RI_Hamming　安定版　m4ri
		Round = 0 (Start m: 4)
--- Hamming Distance Stats ---
 Dist 1: 3 pairs
 Dist 2: 2 pairs
 Dist 3: 1 pairs
-------------------------------
>> Round 0 Result: Hit Rate = 0% (0/6)

=== Final Performance Statistics ===
Hamming time:   0 ms
Chi time:       0 ms
Nullspace time: 0 ms
Total attempts: 6 (Success: 0)
END OF LEMPELX2 安定版
Total LempelX2_M4RI_Hamming time: 0 ms
Hamming result size: 4 columns
		TODD executed in 0.000779 seconds.
		Total time: 0.000795s
	Gate synthesis end.
	Gate synthesis begin.

--- Testing Hamming Distance Version ---
in LempelX2_M4RI_Hamming　安定版　m4ri
		Round = 0 (Start m: 6)
--- Hamming Distance Stats ---
 Dist 1: 7 pairs
 Dist 2: 6 pairs
 Dist 3: 2 pairs
-------------------------------
>> Round 0 Result: Hit Rate = 0% (0/15)

=== Final Performance Statistics ===
Hamming time:   0 ms
Chi time:       0 ms
Nullspace time: 1 ms
Total attempts: 15 (Success: 0)
END OF LEMPELX2 安定版
Total LempelX2_M4RI_Hamming time: 2 ms
Hamming result size: 6 columns
		TODD executed in 0.002005 seconds.
		Total time: 0.002026s
	Gate synthesis end.
	Gate synthesis begin.

--- Testing Hamming Distance Version ---
in LempelX2_M4RI_Hamming　安定版　m4ri
		Round = 0 (Start m: 4)
--- Hamming Distance Stats ---
 Dist 1: 3 pairs
 Dist 2: 3 pairs
-------------------------------
>> Round 0 Result: Hit Rate = 0% (0/6)

=== Final Performance Statistics ===
Hamming time:   0 ms
Chi time:       0 ms
Nullspace time: 0 ms
Total attempts: 6 (Success: 0)
END OF LEMPELX2 安定版
Total LempelX2_M4RI_Hamming time: 0 ms
Hamming result size: 4 columns
		TODD executed in 0.000803 seconds.
		Total time: 0.000827s
	Gate synthesis end.
	Gate synthesis begin.

--- Testing Hamming Distance Version ---
in LempelX2_M4RI_Hamming　安定版　m4ri
		Round = 0 (Start m: 8)
--- Hamming Distance Stats ---
 Dist 1: 4 pairs
 Dist 2: 8 pairs
 Dist 3: 8 pairs
 Dist 4: 4 pairs
 Dist 5: 4 pairs
-------------------------------
>> Round 0 Result: Hit Rate = 0% (0/28)

=== Final Performance Statistics ===
Hamming time:   0 ms
Chi time:       0 ms
Nullspace time: 3 ms
Total attempts: 28 (Success: 0)
END OF LEMPELX2 安定版
Total LempelX2_M4RI_Hamming time: 4 ms
Hamming result size: 8 columns
		TODD executed in 0.004245 seconds.
		Total time: 0.004271s
	Gate synthesis end.
	Gate synthesis begin.

--- Testing Hamming Distance Version ---
in LempelX2_M4RI_Hamming　安定版　m4ri
		Round = 0 (Start m: 4)
--- Hamming Distance Stats ---
 Dist 1: 3 pairs
 Dist 2: 2 pairs
 Dist 3: 1 pairs
-------------------------------
>> Round 0 Result: Hit Rate = 0% (0/6)

=== Final Performance Statistics ===
Hamming time:   0 ms
Chi time:       0 ms
Nullspace time: 0 ms
Total attempts: 6 (Success: 0)
END OF LEMPELX2 安定版
Total LempelX2_M4RI_Hamming time: 0 ms
Hamming result size: 4 columns
		TODD executed in 0.000795 seconds.
		Total time: 0.000817s
	Gate synthesis end.
	Gate synthesis begin.

--- Testing Hamming Distance Version ---
in LempelX2_M4RI_Hamming　安定版　m4ri
		Round = 0 (Start m: 7)
--- Hamming Distance Stats ---
 Dist 1: 9 pairs
 Dist 2: 9 pairs
 Dist 3: 3 pairs
-------------------------------
>> Round 0 Result: Hit Rate = 0% (0/21)

=== Final Performance Statistics ===
Hamming time:   0 ms
Chi time:       0 ms
Nullspace time: 2 ms
Total attempts: 21 (Success: 0)
END OF LEMPELX2 安定版
Total LempelX2_M4RI_Hamming time: 2 ms
Hamming result size: 7 columns
		TODD executed in 0.002924 seconds.
		Total time: 0.002948s
	Gate synthesis end.
	Gate synthesis begin.

--- Testing Hamming Distance Version ---
in LempelX2_M4RI_Hamming　安定版　m4ri
		Round = 0 (Start m: 3)
--- Hamming Distance Stats ---
 Dist 1: 2 pairs
 Dist 2: 1 pairs
-------------------------------
>> Round 0 Result: Hit Rate = 0% (0/3)

=== Final Performance Statistics ===
Hamming time:   0 ms
Chi time:       0 ms
Nullspace time: 0 ms
Total attempts: 3 (Success: 0)
END OF LEMPELX2 安定版
Total LempelX2_M4RI_Hamming time: 0 ms
Hamming result size: 3 columns
		TODD executed in 0.000383 seconds.
		Total time: 0.000396s
	Gate synthesis end.
	Gate synthesis begin.

--- Testing Hamming Distance Version ---
in LempelX2_M4RI_Hamming　安定版　m4ri
		Round = 0 (Start m: 7)
--- Hamming Distance Stats ---
 Dist 1: 4 pairs
 Dist 2: 5 pairs
 Dist 3: 8 pairs
 Dist 4: 4 pairs
-------------------------------
>> Round 0 Result: Hit Rate = 0% (0/21)

=== Final Performance Statistics ===
Hamming time:   0 ms
Chi time:       0 ms
Nullspace time: 2 ms
Total attempts: 21 (Success: 0)
END OF LEMPELX2 安定版
Total LempelX2_M4RI_Hamming time: 3 ms
Hamming result size: 7 columns
		TODD executed in 0.003155 seconds.
		Total time: 0.003181s
	Gate synthesis end.
	Gate synthesis begin.

--- Testing Hamming Distance Version ---
in LempelX2_M4RI_Hamming　安定版　m4ri
		Round = 0 (Start m: 6)
--- Hamming Distance Stats ---
 Dist 1: 7 pairs
 Dist 2: 6 pairs
 Dist 3: 2 pairs
-------------------------------
>> Round 0 Result: Hit Rate = 0% (0/15)

=== Final Performance Statistics ===
Hamming time:   0 ms
Chi time:       0 ms
Nullspace time: 1 ms
Total attempts: 15 (Success: 0)
END OF LEMPELX2 安定版
Total LempelX2_M4RI_Hamming time: 2 ms
Hamming result size: 6 columns
		TODD executed in 0.002249 seconds.
		Total time: 0.002268s
	Gate synthesis end.
	Gate synthesis begin.

--- Testing Hamming Distance Version ---
in LempelX2_M4RI_Hamming　安定版　m4ri
		Round = 0 (Start m: 5)
--- Hamming Distance Stats ---
 Dist 2: 9 pairs
 Dist 4: 1 pairs
-------------------------------
>> Round 0 Result: Hit Rate = 0% (0/10)

=== Final Performance Statistics ===
Hamming time:   0 ms
Chi time:       0 ms
Nullspace time: 0 ms
Total attempts: 10 (Success: 0)
END OF LEMPELX2 安定版
Total LempelX2_M4RI_Hamming time: 1 ms
Hamming result size: 5 columns
		TODD executed in 0.00131 seconds.
		Total time: 0.001331s
	Gate synthesis end.
	Gate synthesis begin.

--- Testing Hamming Distance Version ---
in LempelX2_M4RI_Hamming　安定版　m4ri
		Round = 0 (Start m: 7)
--- Hamming Distance Stats ---
 Dist 1: 7 pairs
 Dist 2: 8 pairs
 Dist 3: 5 pairs
 Dist 4: 1 pairs
-------------------------------
>> Round 0 Result: Hit Rate = 0% (0/21)

=== Final Performance Statistics ===
Hamming time:   0 ms
Chi time:       0 ms
Nullspace time: 2 ms
Total attempts: 21 (Success: 0)
END OF LEMPELX2 安定版
Total LempelX2_M4RI_Hamming time: 2 ms
Hamming result size: 7 columns
		TODD executed in 0.002795 seconds.
		Total time: 0.002819s
	Gate synthesis end.
	Input has T-Count zero. Outputting the input.
	Gate synthesis begin.

--- Testing Hamming Distance Version ---
in LempelX2_M4RI_Hamming　安定版　m4ri
		Round = 0 (Start m: 6)
--- Hamming Distance Stats ---
 Dist 1: 7 pairs
 Dist 2: 6 pairs
 Dist 3: 2 pairs
-------------------------------
>> Round 0 Result: Hit Rate = 0% (0/15)

=== Final Performance Statistics ===
Hamming time:   0 ms
Chi time:       0 ms
Nullspace time: 1 ms
Total attempts: 15 (Success: 0)
END OF LEMPELX2 安定版
Total LempelX2_M4RI_Hamming time: 2 ms
Hamming result size: 6 columns
		TODD executed in 0.002176 seconds.
		Total time: 0.002196s
	Gate synthesis end.
	Gate synthesis begin.

--- Testing Hamming Distance Version ---
in LempelX2_M4RI_Hamming　安定版　m4ri
		Round = 0 (Start m: 13)
--- Hamming Distance Stats ---
 Dist 1: 13 pairs
 Dist 2: 15 pairs
 Dist 3: 17 pairs
 Dist 4: 22 pairs
 Dist 5: 10 pairs
 Dist 6: 1 pairs
-------------------------------
>> Round 0 Result: Hit Rate = 0% (0/78)

=== Final Performance Statistics ===
Hamming time:   0 ms
Chi time:       2 ms
Nullspace time: 12 ms
Total attempts: 78 (Success: 0)
END OF LEMPELX2 安定版
Total LempelX2_M4RI_Hamming time: 15 ms
Hamming result size: 13 columns
		TODD executed in 0.015329 seconds.
		Total time: 0.01537s
	Gate synthesis end.
	Gate synthesis begin.

--- Testing Hamming Distance Version ---
in LempelX2_M4RI_Hamming　安定版　m4ri
		Round = 0 (Start m: 4)
--- Hamming Distance Stats ---
 Dist 1: 3 pairs
 Dist 2: 2 pairs
 Dist 3: 1 pairs
-------------------------------
>> Round 0 Result: Hit Rate = 0% (0/6)

=== Final Performance Statistics ===
Hamming time:   0 ms
Chi time:       0 ms
Nullspace time: 0 ms
Total attempts: 6 (Success: 0)
END OF LEMPELX2 安定版
Total LempelX2_M4RI_Hamming time: 0 ms
Hamming result size: 4 columns
		TODD executed in 0.000772 seconds.
		Total time: 0.00079s
	Gate synthesis end.
	Gate synthesis begin.

--- Testing Hamming Distance Version ---
in LempelX2_M4RI_Hamming　安定版　m4ri
		Round = 0 (Start m: 7)
--- Hamming Distance Stats ---
 Dist 1: 8 pairs
 Dist 2: 8 pairs
 Dist 3: 4 pairs
 Dist 4: 1 pairs
-------------------------------
>> Round 0 Result: Hit Rate = 0% (0/21)

=== Final Performance Statistics ===
Hamming time:   0 ms
Chi time:       0 ms
Nullspace time: 2 ms
Total attempts: 21 (Success: 0)
END OF LEMPELX2 安定版
Total LempelX2_M4RI_Hamming time: 2 ms
Hamming result size: 7 columns
		TODD executed in 0.002933 seconds.
		Total time: 0.002954s
	Gate synthesis end.
	Gate synthesis begin.

--- Testing Hamming Distance Version ---
in LempelX2_M4RI_Hamming　安定版　m4ri
		Round = 0 (Start m: 3)
--- Hamming Distance Stats ---
 Dist 1: 2 pairs
 Dist 2: 1 pairs
-------------------------------
>> Round 0 Result: Hit Rate = 0% (0/3)

=== Final Performance Statistics ===
Hamming time:   0 ms
Chi time:       0 ms
Nullspace time: 0 ms
Total attempts: 3 (Success: 0)
END OF LEMPELX2 安定版
Total LempelX2_M4RI_Hamming time: 0 ms
Hamming result size: 3 columns
		TODD executed in 0.000417 seconds.
		Total time: 0.000446s
	Gate synthesis end.
	Gate synthesis begin.

--- Testing Hamming Distance Version ---
in LempelX2_M4RI_Hamming　安定版　m4ri
		Round = 0 (Start m: 9)
--- Hamming Distance Stats ---
 Dist 1: 8 pairs
 Dist 2: 11 pairs
 Dist 3: 8 pairs
 Dist 4: 7 pairs
 Dist 5: 2 pairs
-------------------------------
>> Round 0 Result: Hit Rate = 0% (0/36)

=== Final Performance Statistics ===
Hamming time:   0 ms
Chi time:       1 ms
Nullspace time: 4 ms
Total attempts: 36 (Success: 0)
END OF LEMPELX2 安定版
Total LempelX2_M4RI_Hamming time: 6 ms
Hamming result size: 9 columns
		TODD executed in 0.006271 seconds.
		Total time: 0.006302s
	Gate synthesis end.
	Gate synthesis begin.

--- Testing Hamming Distance Version ---
in LempelX2_M4RI_Hamming　安定版　m4ri
		Round = 0 (Start m: 6)
--- Hamming Distance Stats ---
 Dist 1: 7 pairs
 Dist 2: 6 pairs
 Dist 3: 2 pairs
-------------------------------
>> Round 0 Result: Hit Rate = 0% (0/15)

=== Final Performance Statistics ===
Hamming time:   0 ms
Chi time:       0 ms
Nullspace time: 1 ms
Total attempts: 15 (Success: 0)
END OF LEMPELX2 安定版
Total LempelX2_M4RI_Hamming time: 2 ms
Hamming result size: 6 columns
		TODD executed in 0.002135 seconds.
		Total time: 0.002157s
	Gate synthesis end.
	Gate synthesis begin.

--- Testing Hamming Distance Version ---
in LempelX2_M4RI_Hamming　安定版　m4ri
		Round = 0 (Start m: 4)
--- Hamming Distance Stats ---
 Dist 1: 3 pairs
 Dist 2: 2 pairs
 Dist 3: 1 pairs
-------------------------------
>> Round 0 Result: Hit Rate = 0% (0/6)

=== Final Performance Statistics ===
Hamming time:   0 ms
Chi time:       0 ms
Nullspace time: 0 ms
Total attempts: 6 (Success: 0)
END OF LEMPELX2 安定版
Total LempelX2_M4RI_Hamming time: 0 ms
Hamming result size: 4 columns
		TODD executed in 0.000743 seconds.
		Total time: 0.000759s
	Gate synthesis end.
	Gate synthesis begin.

--- Testing Hamming Distance Version ---
in LempelX2_M4RI_Hamming　安定版　m4ri
		Round = 0 (Start m: 4)
--- Hamming Distance Stats ---
 Dist 1: 3 pairs
 Dist 2: 2 pairs
 Dist 3: 1 pairs
-------------------------------
>> Round 0 Result: Hit Rate = 0% (0/6)

=== Final Performance Statistics ===
Hamming time:   0 ms
Chi time:       0 ms
Nullspace time: 0 ms
Total attempts: 6 (Success: 0)
END OF LEMPELX2 安定版
Total LempelX2_M4RI_Hamming time: 0 ms
Hamming result size: 4 columns
		TODD executed in 0.000806 seconds.
		Total time: 0.000828s
	Gate synthesis end.
	Gate synthesis begin.

--- Testing Hamming Distance Version ---
in LempelX2_M4RI_Hamming　安定版　m4ri
		Round = 0 (Start m: 6)
--- Hamming Distance Stats ---
 Dist 1: 7 pairs
 Dist 2: 6 pairs
 Dist 3: 2 pairs
-------------------------------
>> Round 0 Result: Hit Rate = 0% (0/15)

=== Final Performance Statistics ===
Hamming time:   0 ms
Chi time:       0 ms
Nullspace time: 1 ms
Total attempts: 15 (Success: 0)
END OF LEMPELX2 安定版
Total LempelX2_M4RI_Hamming time: 2 ms
Hamming result size: 6 columns
		TODD executed in 0.002092 seconds.
		Total time: 0.002115s
	Gate synthesis end.
	Gate synthesis begin.

--- Testing Hamming Distance Version ---
in LempelX2_M4RI_Hamming　安定版　m4ri
		Round = 0 (Start m: 4)
--- Hamming Distance Stats ---
 Dist 2: 6 pairs
-------------------------------
>> Round 0 Result: Hit Rate = 0% (0/6)

=== Final Performance Statistics ===
Hamming time:   0 ms
Chi time:       0 ms
Nullspace time: 0 ms
Total attempts: 6 (Success: 0)
END OF LEMPELX2 安定版
Total LempelX2_M4RI_Hamming time: 0 ms
Hamming result size: 4 columns
		TODD executed in 0.000784 seconds.
		Total time: 0.000814s
	Gate synthesis end.
	Gate synthesis begin.

--- Testing Hamming Distance Version ---
in LempelX2_M4RI_Hamming　安定版　m4ri
		Round = 0 (Start m: 5)
--- Hamming Distance Stats ---
 Dist 1: 3 pairs
 Dist 2: 1 pairs
 Dist 3: 2 pairs
 Dist 4: 3 pairs
 Dist 5: 1 pairs
-------------------------------
>> Round 0 Result: Hit Rate = 0% (0/10)

=== Final Performance Statistics ===
Hamming time:   0 ms
Chi time:       0 ms
Nullspace time: 0 ms
Total attempts: 10 (Success: 0)
END OF LEMPELX2 安定版
Total LempelX2_M4RI_Hamming time: 1 ms
Hamming result size: 5 columns
		TODD executed in 0.001374 seconds.
		Total time: 0.001394s
	Gate synthesis end.
	Gate synthesis begin.

--- Testing Hamming Distance Version ---
in LempelX2_M4RI_Hamming　安定版　m4ri
		Round = 0 (Start m: 5)
--- Hamming Distance Stats ---
 Dist 1: 5 pairs
 Dist 2: 4 pairs
 Dist 3: 1 pairs
-------------------------------
>> Round 0 Result: Hit Rate = 0% (0/10)

=== Final Performance Statistics ===
Hamming time:   0 ms
Chi time:       0 ms
Nullspace time: 0 ms
Total attempts: 10 (Success: 0)
END OF LEMPELX2 安定版
Total LempelX2_M4RI_Hamming time: 1 ms
Hamming result size: 5 columns
		TODD executed in 0.001345 seconds.
		Total time: 0.001363s
	Gate synthesis end.
	Gate synthesis begin.

--- Testing Hamming Distance Version ---
in LempelX2_M4RI_Hamming　安定版　m4ri
		Round = 0 (Start m: 7)
--- Hamming Distance Stats ---
 Dist 1: 5 pairs
 Dist 2: 6 pairs
 Dist 3: 3 pairs
 Dist 4: 5 pairs
 Dist 5: 2 pairs
-------------------------------
>> Round 0 Result: Hit Rate = 0% (0/21)

=== Final Performance Statistics ===
Hamming time:   0 ms
Chi time:       0 ms
Nullspace time: 2 ms
Total attempts: 21 (Success: 0)
END OF LEMPELX2 安定版
Total LempelX2_M4RI_Hamming time: 3 ms
Hamming result size: 7 columns
		TODD executed in 0.00317 seconds.
		Total time: 0.003195s
	Gate synthesis end.
	Gate synthesis begin.

--- Testing Hamming Distance Version ---
in LempelX2_M4RI_Hamming　安定版　m4ri
		Round = 0 (Start m: 4)
--- Hamming Distance Stats ---
 Dist 1: 3 pairs
 Dist 2: 2 pairs
 Dist 3: 1 pairs
-------------------------------
>> Round 0 Result: Hit Rate = 0% (0/6)

=== Final Performance Statistics ===
Hamming time:   0 ms
Chi time:       0 ms
Nullspace time: 0 ms
Total attempts: 6 (Success: 0)
END OF LEMPELX2 安定版
Total LempelX2_M4RI_Hamming time: 0 ms
Hamming result size: 4 columns
		TODD executed in 0.000783 seconds.
		Total time: 0.000799s
	Gate synthesis end.
	Gate synthesis begin.

--- Testing Hamming Distance Version ---
in LempelX2_M4RI_Hamming　安定版　m4ri
		Round = 0 (Start m: 6)
--- Hamming Distance Stats ---
 Dist 1: 7 pairs
 Dist 2: 6 pairs
 Dist 3: 2 pairs
-------------------------------
>> Round 0 Result: Hit Rate = 0% (0/15)

=== Final Performance Statistics ===
Hamming time:   0 ms
Chi time:       0 ms
Nullspace time: 1 ms
Total attempts: 15 (Success: 0)
END OF LEMPELX2 安定版
Total LempelX2_M4RI_Hamming time: 2 ms
Hamming result size: 6 columns
		TODD executed in 0.002124 seconds.
		Total time: 0.002142s
	Gate synthesis end.
	Gate synthesis begin.

--- Testing Hamming Distance Version ---
in LempelX2_M4RI_Hamming　安定版　m4ri
		Round = 0 (Start m: 4)
--- Hamming Distance Stats ---
 Dist 1: 3 pairs
 Dist 2: 3 pairs
-------------------------------
>> Round 0 Result: Hit Rate = 0% (0/6)

=== Final Performance Statistics ===
Hamming time:   0 ms
Chi time:       0 ms
Nullspace time: 0 ms
Total attempts: 6 (Success: 0)
END OF LEMPELX2 安定版
Total LempelX2_M4RI_Hamming time: 0 ms
Hamming result size: 4 columns
		TODD executed in 0.000776 seconds.
		Total time: 0.000792s
	Gate synthesis end.
	Input has T-Count zero. Outputting the input.
	Gate synthesis begin.

--- Testing Hamming Distance Version ---
in LempelX2_M4RI_Hamming　安定版　m4ri
		Round = 0 (Start m: 4)
--- Hamming Distance Stats ---
 Dist 1: 3 pairs
 Dist 2: 2 pairs
 Dist 3: 1 pairs
-------------------------------
>> Round 0 Result: Hit Rate = 0% (0/6)

=== Final Performance Statistics ===
Hamming time:   0 ms
Chi time:       0 ms
Nullspace time: 0 ms
Total attempts: 6 (Success: 0)
END OF LEMPELX2 安定版
Total LempelX2_M4RI_Hamming time: 0 ms
Hamming result size: 4 columns
		TODD executed in 0.000766 seconds.
		Total time: 0.000782s
	Gate synthesis end.
	Gate synthesis begin.

--- Testing Hamming Distance Version ---
in LempelX2_M4RI_Hamming　安定版　m4ri
		Round = 0 (Start m: 6)
--- Hamming Distance Stats ---
 Dist 1: 7 pairs
 Dist 2: 6 pairs
 Dist 3: 2 pairs
-------------------------------
>> Round 0 Result: Hit Rate = 0% (0/15)

=== Final Performance Statistics ===
Hamming time:   0 ms
Chi time:       0 ms
Nullspace time: 1 ms
Total attempts: 15 (Success: 0)
END OF LEMPELX2 安定版
Total LempelX2_M4RI_Hamming time: 2 ms
Hamming result size: 6 columns
		TODD executed in 0.002165 seconds.
		Total time: 0.002186s
	Gate synthesis end.
	Gate synthesis begin.

--- Testing Hamming Distance Version ---
in LempelX2_M4RI_Hamming　安定版　m4ri
		Round = 0 (Start m: 9)
--- Hamming Distance Stats ---
 Dist 1: 7 pairs
 Dist 2: 8 pairs
 Dist 3: 11 pairs
 Dist 4: 8 pairs
 Dist 5: 2 pairs
-------------------------------
>> Round 0 Result: Hit Rate = 0% (0/36)

=== Final Performance Statistics ===
Hamming time:   0 ms
Chi time:       1 ms
Nullspace time: 4 ms
Total attempts: 36 (Success: 0)
END OF LEMPELX2 安定版
Total LempelX2_M4RI_Hamming time: 6 ms
Hamming result size: 9 columns
		TODD executed in 0.006276 seconds.
		Total time: 0.006306s
	Gate synthesis end.
	Gate synthesis begin.

--- Testing Hamming Distance Version ---
in LempelX2_M4RI_Hamming　安定版　m4ri
		Round = 0 (Start m: 5)
--- Hamming Distance Stats ---
 Dist 1: 5 pairs
 Dist 2: 4 pairs
 Dist 3: 1 pairs
-------------------------------
>> Round 0 Result: Hit Rate = 0% (0/10)

=== Final Performance Statistics ===
Hamming time:   0 ms
Chi time:       0 ms
Nullspace time: 0 ms
Total attempts: 10 (Success: 0)
END OF LEMPELX2 安定版
Total LempelX2_M4RI_Hamming time: 1 ms
Hamming result size: 5 columns
		TODD executed in 0.001304 seconds.
		Total time: 0.001323s
	Gate synthesis end.
	Gate synthesis begin.

--- Testing Hamming Distance Version ---
in LempelX2_M4RI_Hamming　安定版　m4ri
		Round = 0 (Start m: 4)
--- Hamming Distance Stats ---
 Dist 1: 1 pairs
 Dist 2: 2 pairs
 Dist 3: 3 pairs
-------------------------------
>> Round 0 Result: Hit Rate = 0% (0/6)

=== Final Performance Statistics ===
Hamming time:   0 ms
Chi time:       0 ms
Nullspace time: 0 ms
Total attempts: 6 (Success: 0)
END OF LEMPELX2 安定版
Total LempelX2_M4RI_Hamming time: 0 ms
Hamming result size: 4 columns
		TODD executed in 0.000764 seconds.
		Total time: 0.00078s
	Gate synthesis end.
	Gate synthesis begin.

--- Testing Hamming Distance Version ---
in LempelX2_M4RI_Hamming　安定版　m4ri
		Round = 0 (Start m: 5)
--- Hamming Distance Stats ---
 Dist 1: 5 pairs
 Dist 2: 4 pairs
 Dist 3: 1 pairs
-------------------------------
>> Round 0 Result: Hit Rate = 0% (0/10)

=== Final Performance Statistics ===
Hamming time:   0 ms
Chi time:       0 ms
Nullspace time: 0 ms
Total attempts: 10 (Success: 0)
END OF LEMPELX2 安定版
Total LempelX2_M4RI_Hamming time: 1 ms
Hamming result size: 5 columns
		TODD executed in 0.001332 seconds.
		Total time: 0.001349s
	Gate synthesis end.
	Gate synthesis begin.

--- Testing Hamming Distance Version ---
in LempelX2_M4RI_Hamming　安定版　m4ri
		Round = 0 (Start m: 4)
--- Hamming Distance Stats ---
 Dist 1: 4 pairs
 Dist 2: 2 pairs
-------------------------------
>> Round 0 Result: Hit Rate = 0% (0/6)

=== Final Performance Statistics ===
Hamming time:   0 ms
Chi time:       0 ms
Nullspace time: 0 ms
Total attempts: 6 (Success: 0)
END OF LEMPELX2 安定版
Total LempelX2_M4RI_Hamming time: 0 ms
Hamming result size: 4 columns
		TODD executed in 0.000752 seconds.
		Total time: 0.000768s
	Gate synthesis end.
	Gate synthesis begin.

--- Testing Hamming Distance Version ---
in LempelX2_M4RI_Hamming　安定版　m4ri
		Round = 0 (Start m: 4)
--- Hamming Distance Stats ---
 Dist 1: 4 pairs
 Dist 2: 2 pairs
-------------------------------
>> Round 0 Result: Hit Rate = 0% (0/6)

=== Final Performance Statistics ===
Hamming time:   0 ms
Chi time:       0 ms
Nullspace time: 0 ms
Total attempts: 6 (Success: 0)
END OF LEMPELX2 安定版
Total LempelX2_M4RI_Hamming time: 0 ms
Hamming result size: 4 columns
		TODD executed in 0.000736 seconds.
		Total time: 0.00075s
	Gate synthesis end.
	Total time: 1.49153s
UniversalOptimize end.
Output circuit:
n 17
n_x 17
n_y 0
n_z 0
m 1701
[0] = H 17
[1] = H 16
[2] = H 5
[3] = H 2
[4] = H 6
[5] = H 1
[6] = H 4
[7] = H 3
[8] = H 7
[9] = H 8
[10] = H 9
[11] = T 17
[12] = CNOT 12 13
[13] = CNOT 12 17
[14] = T 12
[15] = CNOT 12 13
[16] = CNOT 13 17
[17] = T 13
[18] = S 13
[19] = CNOT 13 17
[20] = T 12
[21] = S 12
[22] = CNOT 12 17
[23] = T 14
[24] = T 16
[25] = CNOT 14 15
[26] = T 14
[27] = CNOT 14 15
[28] = T 5
[29] = T 2
[30] = T 6
[31] = T 1
[32] = T 4
[33] = T 3
[34] = T 7
[35] = T 8
[36] = T 9
[37] = S 12
[38] = S 13
[39] = CNOT 12 13
[40] = S 12
[41] = CNOT 12 13
[42] = CNOT 10 15
[43] = CNOT 15 14
[44] = CNOT 13 12
[45] = H 17
[46] = H 10
[47] = CNOT 14 16
[48] = CNOT 14 17
[49] = T 14
[50] = CNOT 14 17
[51] = T 14
[52] = S 14
[53] = CNOT 14 16
[54] = CNOT 16 17
[55] = T 16
[56] = S 16
[57] = CNOT 16 17
[58] = T 14
[59] = T 10
[60] = S 17
[61] = CNOT 14 17
[62] = S 14
[63] = H 16
[64] = T 16
[65] = CNOT 15 16
[66] = T 15
[67] = S 15
[68] = CNOT 15 16
[69] = CNOT 5 15
[70] = CNOT 5 16
[71] = T 5
[72] = CNOT 5 16
[73] = T 5
[74] = S 5
[75] = CNOT 5 15
[76] = CNOT 5 16
[77] = T 5
[78] = S 5
[79] = CNOT 5 16
[80] = H 5
[81] = H 16
[82] = CNOT 14 16
[83] = T 14
[84] = Z 14
[85] = CNOT 14 17
[86] = T 14
[87] = S 14
[88] = Z 14
[89] = CNOT 14 16
[90] = CNOT 16 17
[91] = T 16
[92] = S 16
[93] = Z 16
[94] = CNOT 16 17
[95] = T 14
[96] = Z 14
[97] = S 16
[98] = Z 16
[99] = Z 17
[100] = H 17
[101] = CNOT 13 17
[102] = T 13
[103] = Z 13
[104] = CNOT 13 17
[105] = CNOT 12 13
[106] = CNOT 12 17
[107] = T 12
[108] = S 12
[109] = Z 12
[110] = CNOT 12 13
[111] = T 12
[112] = S 12
[113] = Z 12
[114] = CNOT 12 17
[115] = CNOT 12 13
[116] = CNOT 12 14
[117] = T 12
[118] = S 12
[119] = Z 12
[120] = CNOT 12 14
[121] = Z 13
[122] = S 17
[123] = Z 17
[124] = S 12
[125] = Z 12
[126] = CNOT 12 13
[127] = CNOT 12 14
[128] = Z 12
[129] = CNOT 12 14
[130] = CNOT 13 14
[131] = Z 13
[132] = CNOT 13 14
[133] = CNOT 13 15
[134] = CNOT 12 15
[135] = CNOT 14 13
[136] = CNOT 14 12
[137] = CNOT 13 12
[138] = H 15
[139] = T 15
[140] = Z 15
[141] = CNOT 14 15
[142] = T 14
[143] = Z 14
[144] = CNOT 14 15
[145] = CNOT 13 14
[146] = CNOT 13 15
[147] = T 13
[148] = S 13
[149] = Z 13
[150] = CNOT 13 14
[151] = T 13
[152] = S 13
[153] = Z 13
[154] = CNOT 13 15
[155] = CNOT 12 13
[156] = CNOT 12 17
[157] = T 12
[158] = CNOT 12 13
[159] = CNOT 13 17
[160] = T 13
[161] = S 13
[162] = CNOT 13 17
[163] = T 12
[164] = S 12
[165] = CNOT 12 17
[166] = T 13
[167] = Z 13
[168] = CNOT 12 13
[169] = S 12
[170] = CNOT 12 13
[171] = CNOT 13 14
[172] = Z 13
[173] = CNOT 13 14
[174] = CNOT 14 13
[175] = CNOT 13 12
[176] = H 15
[177] = H 14
[178] = H 17
[179] = T 14
[180] = CNOT 12 15
[181] = T 12
[182] = S 12
[183] = CNOT 12 14
[184] = T 12
[185] = CNOT 12 15
[186] = CNOT 12 14
[187] = CNOT 14 15
[188] = T 14
[189] = S 14
[190] = CNOT 14 15
[191] = CNOT 12 14
[192] = T 12
[193] = S 12
[194] = CNOT 12 14
[195] = S 15
[196] = S 17
[197] = H 14
[198] = CNOT 14 16
[199] = CNOT 14 17
[200] = T 14
[201] = CNOT 14 17
[202] = T 14
[203] = S 14
[204] = CNOT 14 16
[205] = CNOT 16 17
[206] = T 16
[207] = S 16
[208] = CNOT 16 17
[209] = S 14
[210] = CNOT 14 17
[211] = S 14
[212] = H 16
[213] = T 16
[214] = CNOT 15 16
[215] = T 15
[216] = S 15
[217] = CNOT 15 16
[218] = CNOT 2 15
[219] = CNOT 2 16
[220] = T 2
[221] = CNOT 2 16
[222] = T 2
[223] = S 2
[224] = CNOT 2 15
[225] = CNOT 2 16
[226] = T 2
[227] = S 2
[228] = CNOT 2 16
[229] = CNOT 11 15
[230] = H 2
[231] = H 16
[232] = H 15
[233] = H 11
[234] = CNOT 14 16
[235] = T 14
[236] = Z 14
[237] = CNOT 14 17
[238] = T 14
[239] = S 14
[240] = Z 14
[241] = CNOT 14 16
[242] = CNOT 16 17
[243] = T 16
[244] = S 16
[245] = Z 16
[246] = CNOT 16 17
[247] = T 14
[248] = Z 14
[249] = T 15
[250] = T 11
[251] = S 16
[252] = Z 16
[253] = Z 17
[254] = H 17
[255] = CNOT 13 17
[256] = T 13
[257] = Z 13
[258] = CNOT 13 17
[259] = CNOT 12 13
[260] = CNOT 12 17
[261] = T 12
[262] = S 12
[263] = Z 12
[264] = CNOT 12 13
[265] = T 12
[266] = S 12
[267] = Z 12
[268] = CNOT 12 17
[269] = CNOT 13 16
[270] = T 13
[271] = Z 13
[272] = CNOT 13 16
[273] = CNOT 12 13
[274] = CNOT 12 16
[275] = T 12
[276] = S 12
[277] = Z 12
[278] = CNOT 12 13
[279] = T 12
[280] = S 12
[281] = Z 12
[282] = CNOT 12 16
[283] = Z 12
[284] = S 13
[285] = Z 16
[286] = S 17
[287] = Z 17
[288] = CNOT 12 13
[289] = S 12
[290] = Z 12
[291] = CNOT 12 13
[292] = H 16
[293] = T 16
[294] = CNOT 14 16
[295] = T 14
[296] = S 14
[297] = CNOT 14 15
[298] = T 14
[299] = CNOT 14 16
[300] = T 14
[301] = S 14
[302] = CNOT 14 15
[303] = CNOT 15 16
[304] = T 15
[305] = S 15
[306] = CNOT 15 16
[307] = T 14
[308] = H 15
[309] = H 16
[310] = CNOT 13 16
[311] = T 13
[312] = Z 13
[313] = CNOT 13 16
[314] = CNOT 12 13
[315] = CNOT 12 16
[316] = T 12
[317] = S 12
[318] = Z 12
[319] = CNOT 12 13
[320] = T 12
[321] = S 12
[322] = Z 12
[323] = CNOT 12 16
[324] = CNOT 12 15
[325] = T 12
[326] = S 12
[327] = CNOT 12 15
[328] = CNOT 10 12
[329] = CNOT 10 15
[330] = T 10
[331] = CNOT 10 12
[332] = T 10
[333] = S 10
[334] = CNOT 10 15
[335] = CNOT 10 12
[336] = T 10
[337] = S 10
[338] = CNOT 10 12
[339] = CNOT 13 17
[340] = T 13
[341] = Z 13
[342] = CNOT 13 17
[343] = CNOT 12 13
[344] = CNOT 12 17
[345] = T 12
[346] = S 12
[347] = Z 12
[348] = CNOT 12 13
[349] = T 12
[350] = S 12
[351] = Z 12
[352] = CNOT 12 17
[353] = T 10
[354] = Z 12
[355] = S 13
[356] = S 15
[357] = S 16
[358] = Z 16
[359] = Z 17
[360] = CNOT 12 13
[361] = S 12
[362] = Z 12
[363] = CNOT 12 13
[364] = H 17
[365] = CNOT 14 16
[366] = CNOT 14 17
[367] = T 14
[368] = CNOT 14 17
[369] = T 14
[370] = S 14
[371] = CNOT 14 16
[372] = CNOT 16 17
[373] = T 16
[374] = S 16
[375] = CNOT 16 17
[376] = T 14
[377] = S 17
[378] = CNOT 14 17
[379] = S 14
[380] = H 16
[381] = T 16
[382] = CNOT 15 16
[383] = T 15
[384] = S 15
[385] = CNOT 15 16
[386] = CNOT 6 15
[387] = CNOT 6 16
[388] = T 6
[389] = CNOT 6 16
[390] = T 6
[391] = S 6
[392] = CNOT 6 15
[393] = CNOT 6 16
[394] = T 6
[395] = S 6
[396] = CNOT 6 16
[397] = T 15
[398] = H 6
[399] = H 16
[400] = CNOT 14 16
[401] = T 14
[402] = Z 14
[403] = CNOT 14 17
[404] = T 14
[405] = S 14
[406] = Z 14
[407] = CNOT 14 17
[408] = CNOT 14 16
[409] = CNOT 16 17
[410] = T 16
[411] = S 16
[412] = Z 16
[413] = CNOT 16 17
[414] = Z 14
[415] = S 16
[416] = Z 16
[417] = CNOT 14 17
[418] = S 14
[419] = H 17
[420] = CNOT 12 13
[421] = T 12
[422] = S 12
[423] = CNOT 12 15
[424] = T 12
[425] = S 12
[426] = Z 12
[427] = CNOT 12 15
[428] = CNOT 12 13
[429] = CNOT 1 12
[430] = CNOT 1 13
[431] = CNOT 1 15
[432] = T 1
[433] = CNOT 1 15
[434] = T 1
[435] = S 1
[436] = Z 1
[437] = CNOT 1 13
[438] = CNOT 1 12
[439] = CNOT 14 15
[440] = T 14
[441] = S 14
[442] = CNOT 14 15
[443] = CNOT 1 14
[444] = CNOT 1 15
[445] = T 1
[446] = CNOT 1 15
[447] = T 1
[448] = S 1
[449] = CNOT 1 14
[450] = S 1
[451] = S 13
[452] = Z 13
[453] = S 15
[454] = S 17
[455] = CNOT 1 12
[456] = Z 1
[457] = CNOT 1 12
[458] = CNOT 1 13
[459] = Z 1
[460] = CNOT 1 13
[461] = CNOT 1 15
[462] = S 1
[463] = CNOT 1 15
[464] = CNOT 12 15
[465] = Z 12
[466] = CNOT 12 15
[467] = CNOT 12 17
[468] = S 12
[469] = Z 12
[470] = CNOT 13 15
[471] = Z 13
[472] = CNOT 13 15
[473] = CNOT 13 17
[474] = S 13
[475] = CNOT 13 17
[476] = CNOT 12 13
[477] = S 12
[478] = Z 12
[479] = CNOT 12 17
[480] = CNOT 12 13
[481] = H 17
[482] = CNOT 14 16
[483] = CNOT 14 17
[484] = T 14
[485] = CNOT 14 17
[486] = T 14
[487] = S 14
[488] = CNOT 14 16
[489] = CNOT 16 17
[490] = T 16
[491] = S 16
[492] = CNOT 16 17
[493] = T 14
[494] = S 17
[495] = CNOT 14 17
[496] = S 14
[497] = H 16
[498] = T 16
[499] = CNOT 15 16
[500] = T 15
[501] = S 15
[502] = CNOT 15 16
[503] = CNOT 1 15
[504] = CNOT 1 16
[505] = T 1
[506] = CNOT 1 16
[507] = T 1
[508] = S 1
[509] = CNOT 1 15
[510] = CNOT 1 16
[511] = T 1
[512] = S 1
[513] = CNOT 1 16
[514] = T 15
[515] = T 1
[516] = H 16
[517] = CNOT 14 16
[518] = T 14
[519] = Z 14
[520] = CNOT 14 17
[521] = T 14
[522] = S 14
[523] = Z 14
[524] = CNOT 14 16
[525] = CNOT 16 17
[526] = T 16
[527] = S 16
[528] = Z 16
[529] = CNOT 16 17
[530] = T 14
[531] = Z 14
[532] = S 16
[533] = Z 16
[534] = Z 17
[535] = H 17
[536] = CNOT 13 17
[537] = T 13
[538] = S 13
[539] = CNOT 13 17
[540] = CNOT 12 13
[541] = CNOT 12 17
[542] = T 12
[543] = Z 12
[544] = CNOT 12 13
[545] = CNOT 13 15
[546] = CNOT 13 17
[547] = T 13
[548] = S 13
[549] = Z 13
[550] = CNOT 13 17
[551] = CNOT 13 15
[552] = CNOT 12 13
[553] = CNOT 12 15
[554] = T 12
[555] = CNOT 12 17
[556] = CNOT 12 15
[557] = CNOT 12 13
[558] = S 12
[559] = Z 12
[560] = S 13
[561] = Z 13
[562] = S 15
[563] = Z 15
[564] = CNOT 12 13
[565] = S 12
[566] = Z 12
[567] = CNOT 12 13
[568] = CNOT 12 15
[569] = S 12
[570] = CNOT 12 15
[571] = CNOT 12 17
[572] = Z 12
[573] = CNOT 13 15
[574] = Z 13
[575] = CNOT 13 15
[576] = CNOT 15 17
[577] = S 15
[578] = Z 15
[579] = CNOT 15 17
[580] = CNOT 12 15
[581] = S 12
[582] = Z 12
[583] = CNOT 12 17
[584] = CNOT 12 15
[585] = CNOT 13 15
[586] = H 17
[587] = CNOT 14 16
[588] = CNOT 14 17
[589] = T 14
[590] = CNOT 14 17
[591] = T 14
[592] = S 14
[593] = CNOT 14 16
[594] = CNOT 16 17
[595] = T 16
[596] = S 16
[597] = CNOT 16 17
[598] = T 14
[599] = S 17
[600] = CNOT 14 17
[601] = S 14
[602] = H 16
[603] = T 16
[604] = CNOT 15 16
[605] = T 15
[606] = S 15
[607] = CNOT 15 16
[608] = CNOT 4 15
[609] = CNOT 4 16
[610] = T 4
[611] = CNOT 4 16
[612] = T 4
[613] = S 4
[614] = CNOT 4 15
[615] = CNOT 4 16
[616] = T 4
[617] = S 4
[618] = CNOT 4 16
[619] = T 15
[620] = H 4
[621] = H 16
[622] = CNOT 14 16
[623] = T 14
[624] = Z 14
[625] = CNOT 14 17
[626] = T 14
[627] = S 14
[628] = Z 14
[629] = CNOT 14 16
[630] = CNOT 16 17
[631] = T 16
[632] = S 16
[633] = Z 16
[634] = CNOT 16 17
[635] = T 14
[636] = Z 14
[637] = S 16
[638] = Z 16
[639] = Z 17
[640] = H 17
[641] = CNOT 10 12
[642] = CNOT 10 13
[643] = CNOT 10 15
[644] = T 10
[645] = CNOT 10 13
[646] = CNOT 10 12
[647] = T 10
[648] = S 10
[649] = CNOT 10 15
[650] = CNOT 10 12
[651] = CNOT 10 13
[652] = T 10
[653] = S 10
[654] = Z 10
[655] = CNOT 10 13
[656] = CNOT 10 12
[657] = CNOT 3 12
[658] = CNOT 3 13
[659] = CNOT 3 15
[660] = T 3
[661] = CNOT 3 13
[662] = CNOT 3 12
[663] = T 3
[664] = S 3
[665] = CNOT 3 15
[666] = CNOT 3 12
[667] = CNOT 3 13
[668] = T 3
[669] = S 3
[670] = Z 3
[671] = CNOT 3 13
[672] = CNOT 3 12
[673] = T 3
[674] = Z 3
[675] = T 10
[676] = Z 10
[677] = Z 12
[678] = S 13
[679] = S 15
[680] = S 17
[681] = CNOT 3 12
[682] = Z 3
[683] = CNOT 3 12
[684] = CNOT 3 13
[685] = Z 3
[686] = CNOT 3 13
[687] = CNOT 10 12
[688] = Z 10
[689] = CNOT 10 12
[690] = CNOT 10 13
[691] = Z 10
[692] = CNOT 10 13
[693] = CNOT 12 13
[694] = Z 12
[695] = CNOT 12 13
[696] = CNOT 12 15
[697] = Z 12
[698] = CNOT 12 15
[699] = CNOT 12 17
[700] = S 12
[701] = Z 12
[702] = CNOT 12 17
[703] = CNOT 13 15
[704] = Z 13
[705] = CNOT 13 15
[706] = CNOT 13 17
[707] = S 13
[708] = CNOT 13 17
[709] = CNOT 12 13
[710] = CNOT 12 15
[711] = S 12
[712] = Z 12
[713] = CNOT 12 15
[714] = CNOT 12 17
[715] = S 12
[716] = Z 12
[717] = CNOT 12 17
[718] = CNOT 12 13
[719] = H 17
[720] = CNOT 14 16
[721] = CNOT 14 17
[722] = T 14
[723] = CNOT 14 17
[724] = T 14
[725] = S 14
[726] = CNOT 14 16
[727] = CNOT 16 17
[728] = T 16
[729] = S 16
[730] = CNOT 16 17
[731] = T 14
[732] = S 17
[733] = CNOT 14 17
[734] = S 14
[735] = H 16
[736] = T 16
[737] = CNOT 15 16
[738] = T 15
[739] = S 15
[740] = CNOT 15 16
[741] = CNOT 3 15
[742] = CNOT 3 16
[743] = T 3
[744] = CNOT 3 16
[745] = T 3
[746] = S 3
[747] = CNOT 3 15
[748] = CNOT 3 16
[749] = T 3
[750] = S 3
[751] = CNOT 3 16
[752] = T 15
[753] = T 3
[754] = H 16
[755] = CNOT 14 16
[756] = T 14
[757] = Z 14
[758] = CNOT 14 17
[759] = T 14
[760] = S 14
[761] = Z 14
[762] = CNOT 14 16
[763] = CNOT 16 17
[764] = T 16
[765] = S 16
[766] = Z 16
[767] = CNOT 16 17
[768] = S 16
[769] = Z 16
[770] = Z 17
[771] = Z 14
[772] = H 17
[773] = H 14
[774] = CNOT 13 17
[775] = T 13
[776] = Z 13
[777] = CNOT 13 17
[778] = CNOT 12 13
[779] = CNOT 12 17
[780] = T 12
[781] = S 12
[782] = Z 12
[783] = CNOT 12 13
[784] = T 12
[785] = S 12
[786] = Z 12
[787] = CNOT 12 17
[788] = CNOT 13 16
[789] = T 13
[790] = Z 13
[791] = CNOT 13 16
[792] = CNOT 12 13
[793] = CNOT 12 16
[794] = T 12
[795] = S 12
[796] = Z 12
[797] = CNOT 12 13
[798] = T 12
[799] = S 12
[800] = Z 12
[801] = CNOT 12 16
[802] = T 14
[803] = Z 12
[804] = S 13
[805] = Z 16
[806] = S 17
[807] = Z 17
[808] = CNOT 12 13
[809] = S 12
[810] = Z 12
[811] = CNOT 12 13
[812] = H 16
[813] = T 16
[814] = CNOT 15 16
[815] = T 15
[816] = S 15
[817] = CNOT 15 16
[818] = CNOT 14 15
[819] = CNOT 14 16
[820] = T 14
[821] = CNOT 14 16
[822] = T 14
[823] = S 14
[824] = CNOT 14 15
[825] = CNOT 14 16
[826] = T 14
[827] = S 14
[828] = CNOT 14 16
[829] = T 15
[830] = H 14
[831] = H 16
[832] = CNOT 13 16
[833] = T 13
[834] = Z 13
[835] = CNOT 13 16
[836] = CNOT 12 16
[837] = T 12
[838] = S 12
[839] = Z 12
[840] = CNOT 12 16
[841] = CNOT 12 13
[842] = T 12
[843] = Z 12
[844] = CNOT 12 14
[845] = CNOT 12 16
[846] = T 12
[847] = CNOT 12 16
[848] = CNOT 12 14
[849] = CNOT 12 13
[850] = CNOT 14 16
[851] = T 14
[852] = S 14
[853] = CNOT 14 16
[854] = Z 12
[855] = S 14
[856] = Z 14
[857] = S 16
[858] = CNOT 12 14
[859] = Z 12
[860] = CNOT 13 14
[861] = Z 13
[862] = CNOT 13 14
[863] = CNOT 12 13
[864] = S 12
[865] = Z 12
[866] = CNOT 12 14
[867] = CNOT 12 16
[868] = S 12
[869] = Z 12
[870] = CNOT 12 16
[871] = CNOT 12 13
[872] = CNOT 14 13
[873] = CNOT 14 12
[874] = CNOT 13 12
[875] = H 16
[876] = H 12
[877] = T 16
[878] = CNOT 15 16
[879] = T 15
[880] = S 15
[881] = CNOT 15 16
[882] = CNOT 3 15
[883] = CNOT 3 16
[884] = T 3
[885] = CNOT 3 16
[886] = T 3
[887] = S 3
[888] = CNOT 3 15
[889] = CNOT 3 16
[890] = T 3
[891] = S 3
[892] = CNOT 3 16
[893] = T 15
[894] = T 12
[895] = H 3
[896] = H 16
[897] = S 14
[898] = Z 14
[899] = S 16
[900] = CNOT 13 14
[901] = S 13
[902] = CNOT 13 14
[903] = CNOT 13 16
[904] = S 13
[905] = Z 13
[906] = CNOT 14 16
[907] = S 14
[908] = CNOT 14 16
[909] = CNOT 13 14
[910] = S 13
[911] = Z 13
[912] = CNOT 13 16
[913] = CNOT 13 14
[914] = H 16
[915] = T 16
[916] = CNOT 15 16
[917] = T 15
[918] = S 15
[919] = CNOT 15 16
[920] = CNOT 12 15
[921] = CNOT 12 16
[922] = T 12
[923] = CNOT 12 16
[924] = T 12
[925] = S 12
[926] = CNOT 12 15
[927] = CNOT 12 16
[928] = T 12
[929] = S 12
[930] = CNOT 12 16
[931] = T 15
[932] = H 12
[933] = H 16
[934] = CNOT 14 16
[935] = T 14
[936] = Z 14
[937] = CNOT 14 16
[938] = CNOT 13 14
[939] = CNOT 13 16
[940] = T 13
[941] = S 13
[942] = Z 13
[943] = CNOT 13 14
[944] = T 13
[945] = S 13
[946] = Z 13
[947] = CNOT 13 16
[948] = CNOT 12 15
[949] = T 12
[950] = S 12
[951] = CNOT 12 15
[952] = CNOT 1 12
[953] = CNOT 1 15
[954] = T 1
[955] = CNOT 1 12
[956] = T 1
[957] = S 1
[958] = CNOT 1 15
[959] = CNOT 1 12
[960] = T 1
[961] = S 1
[962] = CNOT 1 12
[963] = CNOT 12 13
[964] = CNOT 12 17
[965] = T 12
[966] = CNOT 12 13
[967] = CNOT 13 17
[968] = T 13
[969] = S 13
[970] = CNOT 13 17
[971] = T 12
[972] = S 12
[973] = CNOT 12 17
[974] = CNOT 13 14
[975] = T 13
[976] = Z 13
[977] = CNOT 13 14
[978] = T 15
[979] = T 13
[980] = Z 13
[981] = Z 12
[982] = S 16
[983] = Z 16
[984] = CNOT 12 13
[985] = S 12
[986] = CNOT 12 13
[987] = CNOT 14 13
[988] = CNOT 13 12
[989] = H 1
[990] = H 17
[991] = CNOT 14 16
[992] = CNOT 14 17
[993] = T 14
[994] = CNOT 14 17
[995] = T 14
[996] = S 14
[997] = CNOT 14 16
[998] = CNOT 16 17
[999] = T 16
[1000] = S 16
[1001] = CNOT 16 17
[1002] = T 14
[1003] = S 17
[1004] = CNOT 14 17
[1005] = S 14
[1006] = H 16
[1007] = T 16
[1008] = CNOT 15 16
[1009] = T 15
[1010] = S 15
[1011] = CNOT 15 16
[1012] = CNOT 7 15
[1013] = CNOT 7 16
[1014] = T 7
[1015] = CNOT 7 16
[1016] = T 7
[1017] = S 7
[1018] = CNOT 7 15
[1019] = CNOT 7 16
[1020] = T 7
[1021] = S 7
[1022] = CNOT 7 16
[1023] = T 15
[1024] = Z 15
[1025] = CNOT 12 15
[1026] = T 12
[1027] = S 12
[1028] = CNOT 12 15
[1029] = Z 12
[1030] = CNOT 15 12
[1031] = H 7
[1032] = H 16
[1033] = CNOT 14 16
[1034] = T 14
[1035] = Z 14
[1036] = CNOT 14 17
[1037] = T 14
[1038] = S 14
[1039] = Z 14
[1040] = CNOT 14 16
[1041] = CNOT 16 17
[1042] = T 16
[1043] = S 16
[1044] = Z 16
[1045] = CNOT 16 17
[1046] = S 16
[1047] = Z 16
[1048] = Z 17
[1049] = Z 14
[1050] = H 17
[1051] = H 14
[1052] = CNOT 13 17
[1053] = T 13
[1054] = Z 13
[1055] = CNOT 13 17
[1056] = CNOT 12 13
[1057] = CNOT 12 17
[1058] = T 12
[1059] = S 12
[1060] = Z 12
[1061] = CNOT 12 13
[1062] = T 12
[1063] = S 12
[1064] = Z 12
[1065] = CNOT 12 17
[1066] = T 14
[1067] = Z 14
[1068] = CNOT 14 15
[1069] = T 14
[1070] = Z 14
[1071] = CNOT 14 15
[1072] = CNOT 12 14
[1073] = CNOT 12 15
[1074] = T 12
[1075] = S 12
[1076] = Z 12
[1077] = CNOT 12 15
[1078] = T 12
[1079] = S 12
[1080] = Z 12
[1081] = CNOT 12 14
[1082] = CNOT 12 15
[1083] = T 12
[1084] = Z 12
[1085] = CNOT 12 15
[1086] = CNOT 12 13
[1087] = T 12
[1088] = Z 12
[1089] = CNOT 12 13
[1090] = S 17
[1091] = Z 17
[1092] = CNOT 15 12
[1093] = CNOT 13 12
[1094] = H 14
[1095] = H 12
[1096] = T 12
[1097] = CNOT 14 15
[1098] = T 14
[1099] = S 14
[1100] = CNOT 14 15
[1101] = CNOT 12 14
[1102] = CNOT 12 15
[1103] = T 12
[1104] = CNOT 12 14
[1105] = T 12
[1106] = S 12
[1107] = CNOT 12 15
[1108] = CNOT 12 14
[1109] = T 12
[1110] = S 12
[1111] = CNOT 12 14
[1112] = T 15
[1113] = S 14
[1114] = H 12
[1115] = CNOT 12 13
[1116] = CNOT 12 17
[1117] = T 12
[1118] = CNOT 12 13
[1119] = CNOT 13 17
[1120] = T 13
[1121] = S 13
[1122] = CNOT 13 17
[1123] = T 12
[1124] = S 12
[1125] = CNOT 12 17
[1126] = T 13
[1127] = Z 12
[1128] = CNOT 12 13
[1129] = S 12
[1130] = CNOT 12 13
[1131] = CNOT 13 12
[1132] = H 17
[1133] = CNOT 14 16
[1134] = CNOT 14 17
[1135] = T 14
[1136] = CNOT 14 17
[1137] = T 14
[1138] = S 14
[1139] = CNOT 14 16
[1140] = CNOT 16 17
[1141] = T 16
[1142] = S 16
[1143] = CNOT 16 17
[1144] = T 14
[1145] = S 17
[1146] = CNOT 14 17
[1147] = S 14
[1148] = H 16
[1149] = T 16
[1150] = CNOT 15 16
[1151] = T 15
[1152] = S 15
[1153] = CNOT 15 16
[1154] = CNOT 8 15
[1155] = CNOT 8 16
[1156] = T 8
[1157] = CNOT 8 16
[1158] = T 8
[1159] = S 8
[1160] = CNOT 8 15
[1161] = CNOT 8 16
[1162] = T 8
[1163] = S 8
[1164] = CNOT 8 16
[1165] = T 15
[1166] = H 8
[1167] = H 16
[1168] = CNOT 14 16
[1169] = T 14
[1170] = Z 14
[1171] = CNOT 14 16
[1172] = CNOT 16 17
[1173] = T 16
[1174] = S 16
[1175] = Z 16
[1176] = CNOT 16 17
[1177] = CNOT 12 14
[1178] = CNOT 12 16
[1179] = CNOT 12 17
[1180] = T 12
[1181] = CNOT 12 17
[1182] = CNOT 12 14
[1183] = T 12
[1184] = S 12
[1185] = CNOT 12 16
[1186] = Z 12
[1187] = Z 14
[1188] = S 16
[1189] = CNOT 12 14
[1190] = Z 12
[1191] = CNOT 12 14
[1192] = CNOT 12 17
[1193] = Z 12
[1194] = CNOT 14 17
[1195] = S 14
[1196] = Z 14
[1197] = CNOT 14 17
[1198] = CNOT 12 14
[1199] = S 12
[1200] = Z 12
[1201] = CNOT 12 17
[1202] = CNOT 12 14
[1203] = CNOT 14 16
[1204] = CNOT 14 17
[1205] = S 14
[1206] = Z 14
[1207] = CNOT 14 16
[1208] = CNOT 14 12
[1209] = H 17
[1210] = H 16
[1211] = CNOT 13 17
[1212] = T 13
[1213] = Z 13
[1214] = CNOT 13 17
[1215] = CNOT 12 13
[1216] = CNOT 12 17
[1217] = T 12
[1218] = S 12
[1219] = Z 12
[1220] = CNOT 12 13
[1221] = T 12
[1222] = S 12
[1223] = Z 12
[1224] = CNOT 12 17
[1225] = T 16
[1226] = Z 16
[1227] = CNOT 15 16
[1228] = T 15
[1229] = S 15
[1230] = CNOT 15 16
[1231] = Z 12
[1232] = Z 15
[1233] = S 17
[1234] = Z 17
[1235] = CNOT 12 13
[1236] = Z 12
[1237] = CNOT 12 13
[1238] = CNOT 15 16
[1239] = CNOT 13 12
[1240] = H 13
[1241] = T 13
[1242] = Z 13
[1243] = CNOT 13 15
[1244] = T 13
[1245] = Z 13
[1246] = CNOT 13 16
[1247] = T 13
[1248] = S 13
[1249] = Z 13
[1250] = CNOT 13 15
[1251] = T 13
[1252] = S 13
[1253] = Z 13
[1254] = CNOT 13 16
[1255] = CNOT 15 16
[1256] = T 15
[1257] = Z 15
[1258] = Z 16
[1259] = H 13
[1260] = H 16
[1261] = CNOT 14 16
[1262] = T 14
[1263] = Z 14
[1264] = CNOT 14 16
[1265] = CNOT 12 14
[1266] = CNOT 12 16
[1267] = T 12
[1268] = S 12
[1269] = Z 12
[1270] = CNOT 12 14
[1271] = T 12
[1272] = S 12
[1273] = Z 12
[1274] = CNOT 12 16
[1275] = CNOT 12 13
[1276] = CNOT 12 17
[1277] = T 12
[1278] = CNOT 12 13
[1279] = CNOT 13 17
[1280] = T 13
[1281] = S 13
[1282] = CNOT 13 17
[1283] = T 12
[1284] = S 12
[1285] = CNOT 12 17
[1286] = CNOT 12 14
[1287] = T 12
[1288] = Z 12
[1289] = CNOT 12 14
[1290] = Z 12
[1291] = S 13
[1292] = S 16
[1293] = Z 16
[1294] = CNOT 12 13
[1295] = S 12
[1296] = CNOT 12 13
[1297] = CNOT 14 12
[1298] = CNOT 13 12
[1299] = H 17
[1300] = CNOT 14 16
[1301] = CNOT 14 17
[1302] = T 14
[1303] = CNOT 14 17
[1304] = T 14
[1305] = S 14
[1306] = CNOT 14 16
[1307] = CNOT 16 17
[1308] = T 16
[1309] = S 16
[1310] = CNOT 16 17
[1311] = T 14
[1312] = S 17
[1313] = CNOT 14 17
[1314] = S 14
[1315] = H 16
[1316] = T 16
[1317] = CNOT 15 16
[1318] = T 15
[1319] = S 15
[1320] = CNOT 15 16
[1321] = CNOT 10 15
[1322] = CNOT 10 16
[1323] = T 10
[1324] = CNOT 10 16
[1325] = T 10
[1326] = S 10
[1327] = CNOT 10 15
[1328] = CNOT 10 16
[1329] = T 10
[1330] = S 10
[1331] = CNOT 10 16
[1332] = T 15
[1333] = H 10
[1334] = H 16
[1335] = CNOT 14 16
[1336] = T 14
[1337] = Z 14
[1338] = CNOT 14 17
[1339] = T 14
[1340] = S 14
[1341] = Z 14
[1342] = CNOT 14 16
[1343] = CNOT 16 17
[1344] = T 16
[1345] = S 16
[1346] = Z 16
[1347] = CNOT 16 17
[1348] = T 14
[1349] = Z 14
[1350] = S 16
[1351] = Z 16
[1352] = Z 17
[1353] = H 17
[1354] = S 13
[1355] = Z 13
[1356] = S 17
[1357] = CNOT 12 13
[1358] = S 12
[1359] = CNOT 12 13
[1360] = CNOT 12 17
[1361] = S 12
[1362] = Z 12
[1363] = CNOT 13 17
[1364] = S 13
[1365] = CNOT 13 17
[1366] = CNOT 12 13
[1367] = S 12
[1368] = Z 12
[1369] = CNOT 12 17
[1370] = CNOT 12 13
[1371] = H 17
[1372] = CNOT 14 16
[1373] = CNOT 14 17
[1374] = T 14
[1375] = CNOT 14 17
[1376] = T 14
[1377] = S 14
[1378] = CNOT 14 16
[1379] = CNOT 16 17
[1380] = T 16
[1381] = S 16
[1382] = CNOT 16 17
[1383] = T 14
[1384] = S 17
[1385] = CNOT 14 17
[1386] = S 14
[1387] = H 16
[1388] = T 16
[1389] = CNOT 15 16
[1390] = T 15
[1391] = S 15
[1392] = CNOT 15 16
[1393] = CNOT 11 15
[1394] = CNOT 11 16
[1395] = T 11
[1396] = CNOT 11 16
[1397] = T 11
[1398] = S 11
[1399] = CNOT 11 15
[1400] = CNOT 11 16
[1401] = T 11
[1402] = S 11
[1403] = CNOT 11 16
[1404] = T 11
[1405] = H 16
[1406] = H 15
[1407] = CNOT 14 16
[1408] = T 14
[1409] = Z 14
[1410] = CNOT 14 17
[1411] = T 14
[1412] = S 14
[1413] = Z 14
[1414] = CNOT 14 16
[1415] = CNOT 16 17
[1416] = T 16
[1417] = S 16
[1418] = Z 16
[1419] = CNOT 16 17
[1420] = T 15
[1421] = T 14
[1422] = Z 14
[1423] = CNOT 14 17
[1424] = CNOT 12 14
[1425] = CNOT 12 17
[1426] = T 12
[1427] = S 12
[1428] = Z 12
[1429] = CNOT 12 17
[1430] = CNOT 12 14
[1431] = CNOT 11 12
[1432] = CNOT 11 14
[1433] = CNOT 11 17
[1434] = T 11
[1435] = CNOT 11 12
[1436] = T 11
[1437] = S 11
[1438] = Z 11
[1439] = CNOT 11 17
[1440] = CNOT 11 14
[1441] = CNOT 11 12
[1442] = T 11
[1443] = S 11
[1444] = CNOT 11 12
[1445] = Z 11
[1446] = Z 12
[1447] = S 16
[1448] = Z 16
[1449] = Z 17
[1450] = CNOT 11 14
[1451] = Z 11
[1452] = CNOT 11 14
[1453] = CNOT 11 17
[1454] = Z 11
[1455] = CNOT 11 17
[1456] = CNOT 12 14
[1457] = Z 12
[1458] = CNOT 12 14
[1459] = CNOT 12 17
[1460] = Z 12
[1461] = CNOT 12 17
[1462] = CNOT 14 17
[1463] = H 17
[1464] = H 11
[1465] = CNOT 12 13
[1466] = T 12
[1467] = S 12
[1468] = Z 12
[1469] = CNOT 12 13
[1470] = T 13
[1471] = Z 13
[1472] = CNOT 13 15
[1473] = T 13
[1474] = Z 13
[1475] = CNOT 13 15
[1476] = CNOT 12 13
[1477] = CNOT 12 15
[1478] = T 12
[1479] = S 12
[1480] = Z 12
[1481] = CNOT 12 13
[1482] = T 12
[1483] = S 12
[1484] = Z 12
[1485] = CNOT 12 15
[1486] = Z 12
[1487] = Z 15
[1488] = S 17
[1489] = CNOT 12 17
[1490] = S 12
[1491] = Z 12
[1492] = CNOT 13 17
[1493] = S 13
[1494] = CNOT 13 17
[1495] = CNOT 12 13
[1496] = S 12
[1497] = Z 12
[1498] = CNOT 12 17
[1499] = CNOT 12 13
[1500] = CNOT 10 11
[1501] = H 15
[1502] = H 17
[1503] = CNOT 14 15
[1504] = CNOT 14 16
[1505] = CNOT 14 17
[1506] = T 14
[1507] = CNOT 14 17
[1508] = T 14
[1509] = S 14
[1510] = Z 14
[1511] = CNOT 14 16
[1512] = CNOT 14 15
[1513] = CNOT 16 17
[1514] = T 16
[1515] = S 16
[1516] = CNOT 16 17
[1517] = T 15
[1518] = Z 15
[1519] = Z 14
[1520] = Z 16
[1521] = S 17
[1522] = Z 17
[1523] = CNOT 14 15
[1524] = S 14
[1525] = Z 14
[1526] = CNOT 14 15
[1527] = CNOT 14 16
[1528] = Z 14
[1529] = CNOT 14 16
[1530] = CNOT 14 17
[1531] = Z 14
[1532] = CNOT 15 16
[1533] = Z 15
[1534] = CNOT 15 16
[1535] = CNOT 15 17
[1536] = Z 15
[1537] = CNOT 15 17
[1538] = CNOT 14 15
[1539] = S 14
[1540] = Z 14
[1541] = H 16
[1542] = T 16
[1543] = CNOT 15 16
[1544] = T 15
[1545] = S 15
[1546] = CNOT 15 16
[1547] = CNOT 9 15
[1548] = CNOT 9 16
[1549] = T 9
[1550] = CNOT 9 16
[1551] = T 9
[1552] = S 9
[1553] = CNOT 9 15
[1554] = CNOT 9 16
[1555] = T 9
[1556] = S 9
[1557] = CNOT 9 16
[1558] = CNOT 15 12
[1559] = H 9
[1560] = H 16
[1561] = T 16
[1562] = Z 16
[1563] = CNOT 14 16
[1564] = T 14
[1565] = Z 14
[1566] = CNOT 14 17
[1567] = T 14
[1568] = S 14
[1569] = Z 14
[1570] = CNOT 14 16
[1571] = CNOT 16 17
[1572] = T 16
[1573] = S 16
[1574] = Z 16
[1575] = CNOT 16 17
[1576] = Z 17
[1577] = Z 14
[1578] = CNOT 14 10
[1579] = H 16
[1580] = H 17
[1581] = T 17
[1582] = Z 17
[1583] = CNOT 13 17
[1584] = T 13
[1585] = Z 13
[1586] = CNOT 13 17
[1587] = CNOT 12 13
[1588] = CNOT 12 17
[1589] = T 12
[1590] = S 12
[1591] = Z 12
[1592] = CNOT 12 13
[1593] = T 12
[1594] = S 12
[1595] = Z 12
[1596] = CNOT 12 17
[1597] = Z 12
[1598] = CNOT 12 13
[1599] = Z 12
[1600] = CNOT 12 13
[1601] = CNOT 13 15
[1602] = CNOT 12 15
[1603] = CNOT 13 14
[1604] = CNOT 12 14
[1605] = CNOT 9 14
[1606] = CNOT 14 13
[1607] = CNOT 13 14
[1608] = CNOT 14 12
[1609] = CNOT 8 12
[1610] = CNOT 15 11
[1611] = CNOT 14 11
[1612] = CNOT 7 11
[1613] = CNOT 12 10
[1614] = CNOT 8 10
[1615] = CNOT 6 10
[1616] = CNOT 13 9
[1617] = CNOT 12 9
[1618] = CNOT 8 9
[1619] = CNOT 5 9
[1620] = CNOT 12 8
[1621] = CNOT 11 8
[1622] = CNOT 7 8
[1623] = CNOT 4 8
[1624] = CNOT 11 7
[1625] = CNOT 10 7
[1626] = CNOT 6 7
[1627] = CNOT 3 7
[1628] = CNOT 10 6
[1629] = CNOT 9 6
[1630] = CNOT 5 6
[1631] = CNOT 2 6
[1632] = CNOT 9 5
[1633] = CNOT 8 5
[1634] = CNOT 4 5
[1635] = CNOT 1 5
[1636] = CNOT 8 4
[1637] = CNOT 7 4
[1638] = CNOT 3 4
[1639] = CNOT 7 3
[1640] = CNOT 6 3
[1641] = CNOT 2 3
[1642] = CNOT 6 2
[1643] = CNOT 5 2
[1644] = CNOT 1 2
[1645] = CNOT 5 1
[1646] = CNOT 4 1
[1647] = H 17
Gate distributions:
Input:
Operator distribution:
Total number of qubits = 17
Number of `data' qubits = 17
Number of `Toff_n' ancillas = 0
Number of Hadamard ancillas = 0
Hadamard ancilla cap = 0
Number of {CNOT,T} partitions = 59
T count = 574
Cost estimation = 287206
	id	Count
	0	0
	1	0
	2	0
	3	164
	4	42
	5	0
	6	0
	7	0
	8	0
	9	0
	10	82
	11	0
	12	0
	13	0
	14	0
	15	0
	16	0
	17	0
	18	0
Output:
Operator distribution:
Total number of qubits = 17
Number of `data' qubits = 17
Number of `Toff_n' ancillas = 0
Number of Hadamard ancillas = 0
Hadamard ancilla cap = 0
Number of {CNOT,T} partitions = 59
T count = 322
Cost estimation = 162326
	id	Count
	0	0
	1	0
	2	0
	3	98
	4	723
	5	322
	6	0
	7	0
	8	0
	9	0
	10	0
	11	269
	12	0
	13	236
	14	0
	15	0
	16	0
	17	0
	18	0
Output T Count (SQC_Circuit) = 322
Output T Count (PhasePolynomial) = 322
Fail count = 0

Execution time: 1.49186s
Number of LCL errors: 0
Number of LCL warnings: 0
