Optimize a Clifford + T circuit.
Input filename = /home/ryo-mtmt/TOpt/forme/tpar_benchmark/qcla_mod_7.tfc
Number of unknown gates = 0
Number of unknown qubit labels = 0
Circuit filename: /home/ryo-mtmt/TOpt/forme/tpar_benchmark/qcla_mod_7.tfc

n 26
n_x 26
n_y 0
n_z 0
m 201
[0] = H 1
[1] = H 4
[2] = H 5
[3] = H 8
[4] = H 9
[5] = H 12
[6] = H 13
[7] = H 16
[8] = H 19
[9] = H 20
[10] = H 23
[11] = H 24
[12] = CCZ 2 3 5
[13] = CCZ 6 7 9
[14] = CCZ 10 11 13
[15] = CCZ 14 15 16
[16] = CCZ 17 18 20
[17] = CCZ 21 22 24
[18] = CCZ 25 26 1
[19] = CNOT 3 2
[20] = CNOT 7 6
[21] = CNOT 11 10
[22] = CNOT 15 14
[23] = CNOT 18 17
[24] = CNOT 22 21
[25] = CNOT 26 25
[26] = CCZ 3 7 4
[27] = CCZ 11 15 12
[28] = CCZ 18 22 19
[29] = H 4
[30] = H 5
[31] = H 12
[32] = H 13
[33] = H 19
[34] = H 20
[35] = CCZ 4 12 8
[36] = CCZ 19 26 23
[37] = CCZ 5 7 9
[38] = CCZ 13 15 16
[39] = CCZ 20 22 24
[40] = H 8
[41] = H 9
[42] = H 23
[43] = H 24
[44] = CCZ 9 12 16
[45] = H 16
[46] = CCZ 8 23 1
[47] = CCZ 26 24 1
[48] = CCZ 23 16 1
[49] = H 1
[50] = H 16
[51] = CCZ 1 8 16
[52] = H 16
[53] = H 9
[54] = H 8
[55] = H 5
[56] = H 20
[57] = H 23
[58] = H 24
[59] = CCZ 1 4 9
[60] = CCZ 1 3 5
[61] = CCZ 4 12 8
[62] = CCZ 16 19 24
[63] = CCZ 16 18 20
[64] = CCZ 19 26 23
[65] = H 5
[66] = H 9
[67] = H 20
[68] = H 24
[69] = H 4
[70] = H 12
[71] = H 13
[72] = H 19
[73] = CCZ 3 7 4
[74] = CCZ 11 15 12
[75] = CCZ 9 11 13
[76] = CCZ 18 22 19
[77] = H 13
[78] = CNOT 3 1
[79] = CNOT 7 5
[80] = CNOT 11 9
[81] = CNOT 15 13
[82] = CNOT 18 16
[83] = CNOT 22 20
[84] = CNOT 26 24
[85] = CNOT 3 2
[86] = CNOT 7 6
[87] = CNOT 11 10
[88] = CNOT 15 14
[89] = CNOT 18 17
[90] = CNOT 22 21
[91] = CNOT 26 25
[92] = H 13
[93] = CCZ 3 7 4
[94] = CCZ 11 15 12
[95] = CCZ 9 11 13
[96] = CCZ 18 22 19
[97] = H 4
[98] = H 12
[99] = H 13
[100] = H 19
[101] = H 5
[102] = H 9
[103] = H 20
[104] = H 24
[105] = CCZ 1 4 9
[106] = CCZ 1 3 5
[107] = CCZ 4 12 8
[108] = CCZ 16 19 24
[109] = CCZ 16 18 20
[110] = CCZ 19 26 23
[111] = H 9
[112] = H 8
[113] = H 5
[114] = H 20
[115] = H 23
[116] = H 24
[117] = H 16
[118] = CCZ 1 8 16
[119] = H 1
[120] = H 16
[121] = CCZ 26 24 1
[122] = CCZ 23 16 1
[123] = H 16
[124] = CCZ 9 12 16
[125] = H 8
[126] = H 9
[127] = H 23
[128] = H 24
[129] = CCZ 4 12 8
[130] = CCZ 19 26 23
[131] = CCZ 5 7 9
[132] = CCZ 13 15 16
[133] = CCZ 20 22 24
[134] = H 4
[135] = H 5
[136] = H 12
[137] = H 13
[138] = H 19
[139] = H 20
[140] = CCZ 3 7 4
[141] = CCZ 11 15 12
[142] = CCZ 18 22 19
[143] = CNOT 3 2
[144] = CNOT 7 6
[145] = CNOT 11 10
[146] = CNOT 15 14
[147] = CNOT 18 17
[148] = CNOT 22 21
[149] = CNOT 26 25
[150] = CCZ 2 3 5
[151] = CCZ 6 7 9
[152] = CCZ 10 11 13
[153] = CCZ 14 15 16
[154] = CCZ 17 18 20
[155] = CCZ 21 22 24
[156] = CCZ 25 26 1
[157] = H 1
[158] = H 4
[159] = H 5
[160] = H 8
[161] = H 9
[162] = H 12
[163] = H 13
[164] = H 16
[165] = H 19
[166] = H 20
[167] = H 23
[168] = H 24

Algorithm used: todd

UniversalOptimize begin.
	Gate synthesis begin.

--- Testing Hamming Distance Version ---
in LempelX2_M4RI_Hamming　安定版　m4ri
		Round = 0 (Start m: 53)
--- Hamming Distance Stats ---
 Dist 1: 45 pairs
 Dist 2: 161 pairs
 Dist 3: 302 pairs
 Dist 4: 357 pairs
 Dist 5: 262 pairs
 Dist 6: 145 pairs
 Dist 7: 67 pairs
 Dist 8: 30 pairs
 Dist 9: 6 pairs
 Dist 10: 3 pairs
-------------------------------
  [HIT!] Dist=1 | Deleted: 2 cols
>> Round 0 Result: Hit Rate = 100% (1/1)
		Round = 1 (Start m: 51)
--- Hamming Distance Stats ---
 Dist 1: 34 pairs
 Dist 2: 129 pairs
 Dist 3: 252 pairs
 Dist 4: 291 pairs
 Dist 5: 242 pairs
 Dist 6: 153 pairs
 Dist 7: 97 pairs
 Dist 8: 49 pairs
 Dist 9: 21 pairs
 Dist 10: 5 pairs
 Dist 11: 2 pairs
-------------------------------
  [HIT!] Dist=2 | Deleted: 2 cols
>> Round 1 Result: Hit Rate = 0.689655% (1/145)
		Round = 2 (Start m: 49)
--- Hamming Distance Stats ---
 Dist 1: 32 pairs
 Dist 2: 126 pairs
 Dist 3: 245 pairs
 Dist 4: 259 pairs
 Dist 5: 203 pairs
 Dist 6: 130 pairs
 Dist 7: 92 pairs
 Dist 8: 51 pairs
 Dist 9: 24 pairs
 Dist 10: 9 pairs
 Dist 11: 4 pairs
 Dist 12: 1 pairs
-------------------------------
  [HIT!] Dist=1 | Deleted: 2 cols
>> Round 2 Result: Hit Rate = 6.66667% (1/15)
		Round = 3 (Start m: 47)
--- Hamming Distance Stats ---
 Dist 1: 28 pairs
 Dist 2: 110 pairs
 Dist 3: 192 pairs
 Dist 4: 233 pairs
 Dist 5: 203 pairs
 Dist 6: 143 pairs
 Dist 7: 92 pairs
 Dist 8: 47 pairs
 Dist 9: 22 pairs
 Dist 10: 8 pairs
 Dist 11: 3 pairs
-------------------------------
>> Round 3 Result: Hit Rate = 0% (0/1081)

=== Final Performance Statistics ===
Hamming time:   0 ms
Chi time:       91 ms
Nullspace time: 1653 ms
Total attempts: 1242 (Success: 3)
END OF LEMPELX2 安定版
Total LempelX2_M4RI_Hamming time: 1766 ms
Hamming result size: 47 columns
		TODD executed in 1.76301 seconds.
		Total time: 1.76317s
	Gate synthesis end.
	Gate synthesis begin.

--- Testing Hamming Distance Version ---
in LempelX2_M4RI_Hamming　安定版　m4ri
		Round = 0 (Start m: 28)
--- Hamming Distance Stats ---
 Dist 1: 30 pairs
 Dist 2: 45 pairs
 Dist 3: 98 pairs
 Dist 4: 131 pairs
 Dist 5: 64 pairs
 Dist 6: 10 pairs
-------------------------------
>> Round 0 Result: Hit Rate = 0% (0/378)

=== Final Performance Statistics ===
Hamming time:   0 ms
Chi time:       21 ms
Nullspace time: 237 ms
Total attempts: 378 (Success: 0)
END OF LEMPELX2 安定版
Total LempelX2_M4RI_Hamming time: 263 ms
Hamming result size: 28 columns
		TODD executed in 0.263087 seconds.
		Total time: 0.263155s
	Gate synthesis end.
	Gate synthesis begin.

--- Testing Hamming Distance Version ---
in LempelX2_M4RI_Hamming　安定版　m4ri
		Round = 0 (Start m: 18)
--- Hamming Distance Stats ---
 Dist 1: 15 pairs
 Dist 2: 31 pairs
 Dist 3: 52 pairs
 Dist 4: 39 pairs
 Dist 5: 14 pairs
 Dist 6: 2 pairs
-------------------------------
>> Round 0 Result: Hit Rate = 0% (0/153)

=== Final Performance Statistics ===
Hamming time:   0 ms
Chi time:       8 ms
Nullspace time: 50 ms
Total attempts: 153 (Success: 0)
END OF LEMPELX2 安定版
Total LempelX2_M4RI_Hamming time: 60 ms
Hamming result size: 18 columns
		TODD executed in 0.06089 seconds.
		Total time: 0.060931s
	Gate synthesis end.
	Gate synthesis begin.

--- Testing Hamming Distance Version ---
in LempelX2_M4RI_Hamming　安定版　m4ri
		Round = 0 (Start m: 7)
--- Hamming Distance Stats ---
 Dist 1: 5 pairs
 Dist 2: 7 pairs
 Dist 3: 7 pairs
 Dist 4: 2 pairs
-------------------------------
>> Round 0 Result: Hit Rate = 0% (0/21)

=== Final Performance Statistics ===
Hamming time:   0 ms
Chi time:       1 ms
Nullspace time: 3 ms
Total attempts: 21 (Success: 0)
END OF LEMPELX2 安定版
Total LempelX2_M4RI_Hamming time: 5 ms
Hamming result size: 7 columns
		TODD executed in 0.005063 seconds.
		Total time: 0.005082s
	Gate synthesis end.
	Gate synthesis begin.

--- Testing Hamming Distance Version ---
in LempelX2_M4RI_Hamming　安定版　m4ri
		Round = 0 (Start m: 18)
--- Hamming Distance Stats ---
 Dist 1: 17 pairs
 Dist 2: 34 pairs
 Dist 3: 50 pairs
 Dist 4: 42 pairs
 Dist 5: 10 pairs
-------------------------------
>> Round 0 Result: Hit Rate = 0% (0/153)

=== Final Performance Statistics ===
Hamming time:   0 ms
Chi time:       8 ms
Nullspace time: 53 ms
Total attempts: 153 (Success: 0)
END OF LEMPELX2 安定版
Total LempelX2_M4RI_Hamming time: 64 ms
Hamming result size: 18 columns
		TODD executed in 0.064131 seconds.
		Total time: 0.064172s
	Gate synthesis end.
	Gate synthesis begin.

--- Testing Hamming Distance Version ---
in LempelX2_M4RI_Hamming　安定版　m4ri
		Round = 0 (Start m: 19)
--- Hamming Distance Stats ---
 Dist 1: 20 pairs
 Dist 2: 27 pairs
 Dist 3: 36 pairs
 Dist 4: 56 pairs
 Dist 5: 28 pairs
 Dist 6: 4 pairs
-------------------------------
>> Round 0 Result: Hit Rate = 0% (0/171)

=== Final Performance Statistics ===
Hamming time:   0 ms
Chi time:       9 ms
Nullspace time: 77 ms
Total attempts: 171 (Success: 0)
END OF LEMPELX2 安定版
Total LempelX2_M4RI_Hamming time: 88 ms
Hamming result size: 19 columns
		TODD executed in 0.088813 seconds.
		Total time: 0.088859s
	Gate synthesis end.
	Gate synthesis begin.

--- Testing Hamming Distance Version ---
in LempelX2_M4RI_Hamming　安定版　m4ri
		Round = 0 (Start m: 24)
--- Hamming Distance Stats ---
 Dist 1: 11 pairs
 Dist 2: 16 pairs
 Dist 3: 13 pairs
 Dist 4: 65 pairs
 Dist 5: 46 pairs
 Dist 6: 29 pairs
 Dist 7: 44 pairs
 Dist 8: 31 pairs
 Dist 9: 10 pairs
 Dist 10: 6 pairs
 Dist 11: 4 pairs
 Dist 12: 1 pairs
-------------------------------
>> Round 0 Result: Hit Rate = 0% (0/276)

=== Final Performance Statistics ===
Hamming time:   0 ms
Chi time:       16 ms
Nullspace time: 163 ms
Total attempts: 276 (Success: 0)
END OF LEMPELX2 安定版
Total LempelX2_M4RI_Hamming time: 183 ms
Hamming result size: 24 columns
		TODD executed in 0.183507 seconds.
		Total time: 0.183564s
	Gate synthesis end.
	Gate synthesis begin.

--- Testing Hamming Distance Version ---
in LempelX2_M4RI_Hamming　安定版　m4ri
		Round = 0 (Start m: 27)
--- Hamming Distance Stats ---
 Dist 1: 25 pairs
 Dist 2: 40 pairs
 Dist 3: 76 pairs
 Dist 4: 110 pairs
 Dist 5: 71 pairs
 Dist 6: 25 pairs
 Dist 7: 4 pairs
-------------------------------
>> Round 0 Result: Hit Rate = 0% (0/351)

=== Final Performance Statistics ===
Hamming time:   0 ms
Chi time:       19 ms
Nullspace time: 220 ms
Total attempts: 351 (Success: 0)
END OF LEMPELX2 安定版
Total LempelX2_M4RI_Hamming time: 244 ms
Hamming result size: 27 columns
		TODD executed in 0.244162 seconds.
		Total time: 0.244228s
	Gate synthesis end.
	Gate synthesis begin.

--- Testing Hamming Distance Version ---
in LempelX2_M4RI_Hamming　安定版　m4ri
		Round = 0 (Start m: 14)
--- Hamming Distance Stats ---
 Dist 1: 8 pairs
 Dist 2: 25 pairs
 Dist 3: 37 pairs
 Dist 4: 18 pairs
 Dist 5: 3 pairs
-------------------------------
>> Round 0 Result: Hit Rate = 0% (0/91)

=== Final Performance Statistics ===
Hamming time:   0 ms
Chi time:       5 ms
Nullspace time: 28 ms
Total attempts: 91 (Success: 0)
END OF LEMPELX2 安定版
Total LempelX2_M4RI_Hamming time: 34 ms
Hamming result size: 14 columns
		TODD executed in 0.034297 seconds.
		Total time: 0.034329s
	Gate synthesis end.
	Gate synthesis begin.

--- Testing Hamming Distance Version ---
in LempelX2_M4RI_Hamming　安定版　m4ri
		Round = 0 (Start m: 11)
--- Hamming Distance Stats ---
 Dist 1: 8 pairs
 Dist 2: 10 pairs
 Dist 3: 16 pairs
 Dist 4: 14 pairs
 Dist 5: 6 pairs
 Dist 6: 1 pairs
-------------------------------
>> Round 0 Result: Hit Rate = 0% (0/55)

=== Final Performance Statistics ===
Hamming time:   0 ms
Chi time:       3 ms
Nullspace time: 15 ms
Total attempts: 55 (Success: 0)
END OF LEMPELX2 安定版
Total LempelX2_M4RI_Hamming time: 19 ms
Hamming result size: 11 columns
		TODD executed in 0.019502 seconds.
		Total time: 0.01953s
	Gate synthesis end.
	Gate synthesis begin.

--- Testing Hamming Distance Version ---
in LempelX2_M4RI_Hamming　安定版　m4ri
		Round = 0 (Start m: 7)
--- Hamming Distance Stats ---
 Dist 1: 6 pairs
 Dist 2: 5 pairs
 Dist 3: 5 pairs
 Dist 4: 4 pairs
 Dist 5: 1 pairs
-------------------------------
>> Round 0 Result: Hit Rate = 0% (0/21)

=== Final Performance Statistics ===
Hamming time:   0 ms
Chi time:       1 ms
Nullspace time: 4 ms
Total attempts: 21 (Success: 0)
END OF LEMPELX2 安定版
Total LempelX2_M4RI_Hamming time: 5 ms
Hamming result size: 7 columns
		TODD executed in 0.0056 seconds.
		Total time: 0.00562s
	Gate synthesis end.
	Gate synthesis begin.

--- Testing Hamming Distance Version ---
in LempelX2_M4RI_Hamming　安定版　m4ri
		Round = 0 (Start m: 11)
--- Hamming Distance Stats ---
 Dist 1: 11 pairs
 Dist 2: 15 pairs
 Dist 3: 17 pairs
 Dist 4: 10 pairs
 Dist 5: 2 pairs
-------------------------------
>> Round 0 Result: Hit Rate = 0% (0/55)

=== Final Performance Statistics ===
Hamming time:   0 ms
Chi time:       3 ms
Nullspace time: 12 ms
Total attempts: 55 (Success: 0)
END OF LEMPELX2 安定版
Total LempelX2_M4RI_Hamming time: 16 ms
Hamming result size: 11 columns
		TODD executed in 0.016162 seconds.
		Total time: 0.016187s
	Gate synthesis end.
	Gate synthesis begin.

--- Testing Hamming Distance Version ---
in LempelX2_M4RI_Hamming　安定版　m4ri
		Round = 0 (Start m: 28)
--- Hamming Distance Stats ---
 Dist 1: 28 pairs
 Dist 2: 32 pairs
 Dist 3: 44 pairs
 Dist 4: 97 pairs
 Dist 5: 106 pairs
 Dist 6: 56 pairs
 Dist 7: 14 pairs
 Dist 8: 1 pairs
-------------------------------
>> Round 0 Result: Hit Rate = 0% (0/378)

=== Final Performance Statistics ===
Hamming time:   0 ms
Chi time:       21 ms
Nullspace time: 239 ms
Total attempts: 378 (Success: 0)
END OF LEMPELX2 安定版
Total LempelX2_M4RI_Hamming time: 265 ms
Hamming result size: 28 columns
		TODD executed in 0.265283 seconds.
		Total time: 0.265347s
	Gate synthesis end.
	Gate synthesis begin.

--- Testing Hamming Distance Version ---
in LempelX2_M4RI_Hamming　安定版　m4ri
		Round = 0 (Start m: 42)
--- Hamming Distance Stats ---
 Dist 1: 42 pairs
 Dist 2: 83 pairs
 Dist 3: 180 pairs
 Dist 4: 239 pairs
 Dist 5: 185 pairs
 Dist 6: 97 pairs
 Dist 7: 30 pairs
 Dist 8: 5 pairs
-------------------------------
>> Round 0 Result: Hit Rate = 0% (0/861)

=== Final Performance Statistics ===
Hamming time:   0 ms
Chi time:       49 ms
Nullspace time: 803 ms
Total attempts: 861 (Success: 0)
END OF LEMPELX2 安定版
Total LempelX2_M4RI_Hamming time: 863 ms
Hamming result size: 42 columns
		TODD executed in 0.862932 seconds.
		Total time: 0.863028s
	Gate synthesis end.
	Gate synthesis begin.

--- Testing Hamming Distance Version ---
in LempelX2_M4RI_Hamming　安定版　m4ri
		Round = 0 (Start m: 4)
--- Hamming Distance Stats ---
 Dist 1: 4 pairs
 Dist 2: 2 pairs
-------------------------------
>> Round 0 Result: Hit Rate = 0% (0/6)

=== Final Performance Statistics ===
Hamming time:   0 ms
Chi time:       0 ms
Nullspace time: 1 ms
Total attempts: 6 (Success: 0)
END OF LEMPELX2 安定版
Total LempelX2_M4RI_Hamming time: 1 ms
Hamming result size: 4 columns
		TODD executed in 0.001437 seconds.
		Total time: 0.001449s
	Gate synthesis end.
	Total time: 6.67439s
UniversalOptimize end.
Output circuit:
n 26
n_x 26
n_y 0
n_z 0
m 2001
[0] = H 1
[1] = H 4
[2] = H 5
[3] = H 8
[4] = H 9
[5] = H 12
[6] = H 13
[7] = H 16
[8] = H 19
[9] = H 20
[10] = H 23
[11] = H 24
[12] = T 3
[13] = CNOT 17 18
[14] = CNOT 17 19
[15] = CNOT 17 21
[16] = CNOT 17 24
[17] = T 17
[18] = CNOT 17 21
[19] = CNOT 17 22
[20] = T 17
[21] = CNOT 17 19
[22] = CNOT 19 21
[23] = CNOT 19 24
[24] = T 19
[25] = S 19
[26] = Z 19
[27] = CNOT 19 21
[28] = CNOT 3 5
[29] = T 3
[30] = Z 3
[31] = CNOT 3 5
[32] = CNOT 2 5
[33] = T 2
[34] = Z 2
[35] = CNOT 2 5
[36] = T 7
[37] = CNOT 5 6
[38] = CNOT 5 7
[39] = T 5
[40] = Z 5
[41] = CNOT 5 7
[42] = CNOT 5 6
[43] = CNOT 6 7
[44] = CNOT 6 9
[45] = T 6
[46] = CNOT 6 7
[47] = CNOT 7 9
[48] = T 7
[49] = S 7
[50] = CNOT 7 9
[51] = T 6
[52] = S 6
[53] = CNOT 6 9
[54] = T 11
[55] = S 11
[56] = T 13
[57] = CNOT 10 11
[58] = CNOT 10 13
[59] = T 10
[60] = CNOT 10 11
[61] = CNOT 11 13
[62] = T 11
[63] = S 11
[64] = CNOT 11 13
[65] = T 10
[66] = S 10
[67] = CNOT 10 13
[68] = T 15
[69] = S 15
[70] = Z 15
[71] = CNOT 14 15
[72] = T 14
[73] = S 14
[74] = CNOT 14 16
[75] = T 14
[76] = CNOT 14 15
[77] = CNOT 15 16
[78] = T 15
[79] = S 15
[80] = CNOT 15 16
[81] = T 14
[82] = S 14
[83] = CNOT 14 16
[84] = T 18
[85] = S 18
[86] = T 20
[87] = T 17
[88] = CNOT 17 24
[89] = CNOT 17 22
[90] = CNOT 17 20
[91] = T 17
[92] = CNOT 17 18
[93] = CNOT 18 20
[94] = T 18
[95] = S 18
[96] = CNOT 18 20
[97] = T 17
[98] = S 17
[99] = CNOT 17 20
[100] = T 22
[101] = S 22
[102] = T 23
[103] = T 8
[104] = CNOT 17 18
[105] = CNOT 17 21
[106] = CNOT 17 24
[107] = T 17
[108] = CNOT 17 24
[109] = CNOT 17 21
[110] = CNOT 17 18
[111] = CNOT 21 22
[112] = CNOT 21 24
[113] = T 21
[114] = CNOT 21 24
[115] = CNOT 21 22
[116] = T 26
[117] = Z 26
[118] = CNOT 1 25
[119] = CNOT 1 26
[120] = T 1
[121] = CNOT 1 25
[122] = T 1
[123] = S 1
[124] = CNOT 1 26
[125] = CNOT 1 25
[126] = T 1
[127] = S 1
[128] = CNOT 1 25
[129] = CNOT 4 5
[130] = T 4
[131] = Z 4
[132] = CNOT 4 5
[133] = CNOT 2 3
[134] = CNOT 2 5
[135] = CNOT 2 6
[136] = CNOT 2 7
[137] = T 2
[138] = CNOT 2 4
[139] = T 2
[140] = CNOT 2 7
[141] = CNOT 2 6
[142] = CNOT 2 4
[143] = CNOT 4 5
[144] = CNOT 4 6
[145] = CNOT 4 7
[146] = T 4
[147] = CNOT 4 7
[148] = CNOT 4 6
[149] = CNOT 4 5
[150] = CNOT 2 4
[151] = T 2
[152] = CNOT 2 5
[153] = CNOT 2 4
[154] = CNOT 2 3
[155] = T 12
[156] = CNOT 10 11
[157] = CNOT 10 14
[158] = CNOT 10 15
[159] = T 10
[160] = CNOT 10 12
[161] = T 10
[162] = CNOT 10 15
[163] = CNOT 10 14
[164] = CNOT 10 12
[165] = CNOT 12 14
[166] = CNOT 12 15
[167] = T 12
[168] = S 12
[169] = Z 12
[170] = CNOT 12 15
[171] = CNOT 12 14
[172] = CNOT 10 12
[173] = T 10
[174] = S 10
[175] = Z 10
[176] = CNOT 10 12
[177] = CNOT 10 11
[178] = CNOT 19 22
[179] = T 19
[180] = S 19
[181] = Z 19
[182] = CNOT 19 24
[183] = CNOT 19 22
[184] = S 1
[185] = S 2
[186] = Z 4
[187] = S 5
[188] = Z 5
[189] = S 6
[190] = S 9
[191] = Z 10
[192] = S 16
[193] = Z 17
[194] = S 19
[195] = Z 19
[196] = Z 21
[197] = S 24
[198] = S 25
[199] = Z 25
[200] = CNOT 2 3
[201] = S 2
[202] = CNOT 2 3
[203] = CNOT 2 4
[204] = S 2
[205] = Z 2
[206] = CNOT 2 4
[207] = CNOT 3 4
[208] = S 3
[209] = Z 3
[210] = CNOT 3 4
[211] = CNOT 4 6
[212] = S 4
[213] = Z 4
[214] = CNOT 4 6
[215] = CNOT 4 7
[216] = S 4
[217] = Z 4
[218] = CNOT 4 7
[219] = CNOT 5 6
[220] = S 5
[221] = Z 5
[222] = CNOT 5 6
[223] = CNOT 5 7
[224] = S 5
[225] = Z 5
[226] = CNOT 5 7
[227] = CNOT 6 7
[228] = S 6
[229] = Z 6
[230] = CNOT 6 7
[231] = CNOT 10 12
[232] = Z 10
[233] = CNOT 10 12
[234] = CNOT 10 14
[235] = S 10
[236] = Z 10
[237] = CNOT 10 14
[238] = CNOT 10 15
[239] = S 10
[240] = Z 10
[241] = CNOT 10 15
[242] = CNOT 11 12
[243] = Z 11
[244] = CNOT 11 12
[245] = CNOT 11 14
[246] = S 11
[247] = Z 11
[248] = CNOT 11 14
[249] = CNOT 11 15
[250] = S 11
[251] = Z 11
[252] = CNOT 11 15
[253] = CNOT 12 14
[254] = Z 12
[255] = CNOT 12 14
[256] = CNOT 12 15
[257] = Z 12
[258] = CNOT 12 15
[259] = CNOT 17 18
[260] = S 17
[261] = Z 17
[262] = CNOT 17 18
[263] = CNOT 17 19
[264] = S 17
[265] = Z 17
[266] = CNOT 17 19
[267] = CNOT 17 21
[268] = S 17
[269] = Z 17
[270] = CNOT 17 21
[271] = CNOT 17 22
[272] = S 17
[273] = Z 17
[274] = CNOT 17 22
[275] = CNOT 17 24
[276] = S 17
[277] = Z 17
[278] = CNOT 17 24
[279] = CNOT 18 19
[280] = S 18
[281] = Z 18
[282] = CNOT 18 19
[283] = CNOT 18 21
[284] = S 18
[285] = Z 18
[286] = CNOT 18 21
[287] = CNOT 18 22
[288] = S 18
[289] = Z 18
[290] = CNOT 18 22
[291] = CNOT 18 24
[292] = S 18
[293] = Z 18
[294] = CNOT 18 24
[295] = CNOT 19 21
[296] = Z 19
[297] = CNOT 19 21
[298] = CNOT 19 22
[299] = Z 19
[300] = CNOT 19 22
[301] = CNOT 19 24
[302] = Z 19
[303] = CNOT 19 24
[304] = CNOT 21 24
[305] = S 21
[306] = CNOT 21 24
[307] = CNOT 22 24
[308] = S 22
[309] = CNOT 22 24
[310] = CNOT 2 3
[311] = CNOT 2 4
[312] = S 2
[313] = Z 2
[314] = CNOT 2 4
[315] = CNOT 2 5
[316] = S 2
[317] = Z 2
[318] = CNOT 2 5
[319] = CNOT 2 6
[320] = S 2
[321] = Z 2
[322] = CNOT 2 6
[323] = CNOT 2 7
[324] = S 2
[325] = Z 2
[326] = CNOT 2 7
[327] = CNOT 2 3
[328] = CNOT 2 4
[329] = CNOT 2 5
[330] = S 2
[331] = Z 2
[332] = CNOT 2 4
[333] = CNOT 2 6
[334] = S 2
[335] = Z 2
[336] = CNOT 2 6
[337] = CNOT 2 7
[338] = S 2
[339] = Z 2
[340] = CNOT 2 5
[341] = CNOT 2 6
[342] = S 2
[343] = Z 2
[344] = CNOT 2 7
[345] = CNOT 2 6
[346] = CNOT 3 4
[347] = CNOT 3 5
[348] = S 3
[349] = Z 3
[350] = CNOT 3 4
[351] = CNOT 3 6
[352] = S 3
[353] = Z 3
[354] = CNOT 3 6
[355] = CNOT 3 7
[356] = S 3
[357] = Z 3
[358] = CNOT 3 5
[359] = CNOT 3 6
[360] = S 3
[361] = Z 3
[362] = CNOT 3 7
[363] = CNOT 3 6
[364] = CNOT 4 5
[365] = CNOT 4 6
[366] = S 4
[367] = Z 4
[368] = CNOT 4 6
[369] = CNOT 4 7
[370] = S 4
[371] = Z 4
[372] = CNOT 4 5
[373] = CNOT 4 6
[374] = S 4
[375] = Z 4
[376] = CNOT 4 7
[377] = CNOT 4 6
[378] = CNOT 10 11
[379] = CNOT 10 14
[380] = S 10
[381] = Z 10
[382] = CNOT 10 14
[383] = CNOT 10 15
[384] = S 10
[385] = Z 10
[386] = CNOT 10 11
[387] = CNOT 10 14
[388] = S 10
[389] = Z 10
[390] = CNOT 10 15
[391] = CNOT 10 14
[392] = CNOT 11 14
[393] = CNOT 11 15
[394] = S 11
[395] = Z 11
[396] = CNOT 11 15
[397] = CNOT 11 14
[398] = CNOT 17 18
[399] = CNOT 17 19
[400] = S 17
[401] = Z 17
[402] = CNOT 17 19
[403] = CNOT 17 21
[404] = S 17
[405] = Z 17
[406] = CNOT 17 21
[407] = CNOT 17 22
[408] = S 17
[409] = Z 17
[410] = CNOT 17 22
[411] = CNOT 17 24
[412] = Z 17
[413] = CNOT 17 18
[414] = CNOT 17 19
[415] = S 17
[416] = Z 17
[417] = CNOT 17 19
[418] = CNOT 17 21
[419] = S 17
[420] = Z 17
[421] = CNOT 17 21
[422] = CNOT 17 22
[423] = S 17
[424] = Z 17
[425] = CNOT 17 24
[426] = CNOT 17 22
[427] = CNOT 18 19
[428] = CNOT 18 24
[429] = S 18
[430] = Z 18
[431] = CNOT 18 19
[432] = CNOT 18 21
[433] = S 18
[434] = Z 18
[435] = CNOT 18 21
[436] = CNOT 18 22
[437] = S 18
[438] = Z 18
[439] = CNOT 18 24
[440] = CNOT 18 22
[441] = CNOT 26 25
[442] = CNOT 22 21
[443] = CNOT 18 17
[444] = CNOT 15 14
[445] = CNOT 11 10
[446] = CNOT 7 6
[447] = CNOT 3 2
[448] = H 4
[449] = H 5
[450] = H 12
[451] = H 13
[452] = H 19
[453] = H 20
[454] = CNOT 4 12
[455] = T 4
[456] = S 4
[457] = CNOT 4 8
[458] = T 4
[459] = CNOT 4 12
[460] = CNOT 4 8
[461] = CNOT 8 12
[462] = T 8
[463] = S 8
[464] = CNOT 8 12
[465] = CNOT 4 8
[466] = T 4
[467] = S 4
[468] = CNOT 4 8
[469] = CNOT 19 26
[470] = T 19
[471] = S 19
[472] = CNOT 19 23
[473] = T 19
[474] = CNOT 19 26
[475] = CNOT 19 23
[476] = CNOT 23 26
[477] = T 23
[478] = S 23
[479] = CNOT 23 26
[480] = CNOT 19 23
[481] = T 19
[482] = S 19
[483] = CNOT 19 23
[484] = T 5
[485] = CNOT 5 7
[486] = T 5
[487] = S 5
[488] = CNOT 5 9
[489] = T 5
[490] = CNOT 5 7
[491] = CNOT 7 9
[492] = T 7
[493] = S 7
[494] = CNOT 7 9
[495] = T 5
[496] = S 5
[497] = CNOT 5 9
[498] = T 13
[499] = CNOT 13 15
[500] = T 13
[501] = S 13
[502] = CNOT 13 16
[503] = T 13
[504] = CNOT 13 15
[505] = CNOT 15 16
[506] = T 15
[507] = S 15
[508] = CNOT 15 16
[509] = T 13
[510] = S 13
[511] = CNOT 13 16
[512] = T 20
[513] = CNOT 20 22
[514] = T 20
[515] = S 20
[516] = CNOT 20 24
[517] = T 20
[518] = CNOT 20 22
[519] = CNOT 22 24
[520] = T 22
[521] = S 22
[522] = CNOT 22 24
[523] = T 20
[524] = S 20
[525] = CNOT 20 24
[526] = T 16
[527] = T 7
[528] = T 15
[529] = Z 15
[530] = CNOT 11 15
[531] = T 11
[532] = S 11
[533] = CNOT 11 15
[534] = T 22
[535] = S 4
[536] = Z 11
[537] = S 12
[538] = S 19
[539] = S 26
[540] = CNOT 15 11
[541] = H 8
[542] = H 9
[543] = H 23
[544] = H 24
[545] = H 5
[546] = H 20
[547] = H 13
[548] = T 9
[549] = CNOT 9 12
[550] = T 9
[551] = S 9
[552] = CNOT 9 16
[553] = T 9
[554] = CNOT 9 12
[555] = CNOT 12 16
[556] = T 12
[557] = S 12
[558] = CNOT 12 16
[559] = T 9
[560] = S 9
[561] = CNOT 9 16
[562] = CNOT 8 23
[563] = T 8
[564] = S 8
[565] = CNOT 8 23
[566] = CNOT 1 8
[567] = CNOT 1 23
[568] = T 1
[569] = CNOT 1 8
[570] = T 1
[571] = S 1
[572] = CNOT 1 23
[573] = CNOT 1 8
[574] = T 1
[575] = S 1
[576] = CNOT 1 8
[577] = T 24
[578] = CNOT 24 26
[579] = T 24
[580] = S 24
[581] = CNOT 24 26
[582] = CNOT 1 24
[583] = CNOT 1 26
[584] = T 1
[585] = CNOT 1 26
[586] = T 1
[587] = S 1
[588] = CNOT 1 24
[589] = CNOT 1 26
[590] = T 1
[591] = S 1
[592] = CNOT 1 26
[593] = T 5
[594] = T 12
[595] = T 20
[596] = T 13
[597] = S 1
[598] = S 8
[599] = S 23
[600] = H 16
[601] = H 9
[602] = H 24
[603] = T 16
[604] = CNOT 16 23
[605] = T 16
[606] = S 16
[607] = CNOT 16 23
[608] = CNOT 1 16
[609] = CNOT 1 23
[610] = T 1
[611] = CNOT 1 23
[612] = T 1
[613] = S 1
[614] = CNOT 1 16
[615] = CNOT 1 23
[616] = T 1
[617] = S 1
[618] = CNOT 1 23
[619] = T 9
[620] = T 24
[621] = H 1
[622] = H 16
[623] = H 23
[624] = T 16
[625] = CNOT 1 8
[626] = T 1
[627] = S 1
[628] = CNOT 1 16
[629] = T 1
[630] = CNOT 1 8
[631] = CNOT 8 16
[632] = T 8
[633] = S 8
[634] = CNOT 8 16
[635] = T 1
[636] = S 1
[637] = CNOT 1 16
[638] = CNOT 1 4
[639] = T 1
[640] = S 1
[641] = CNOT 1 9
[642] = T 1
[643] = CNOT 1 4
[644] = CNOT 4 9
[645] = T 4
[646] = S 4
[647] = CNOT 4 9
[648] = T 1
[649] = S 1
[650] = CNOT 1 9
[651] = CNOT 1 3
[652] = T 1
[653] = S 1
[654] = CNOT 1 5
[655] = T 1
[656] = CNOT 1 3
[657] = CNOT 3 5
[658] = T 3
[659] = S 3
[660] = CNOT 3 5
[661] = T 1
[662] = S 1
[663] = CNOT 1 5
[664] = T 4
[665] = Z 4
[666] = CNOT 4 12
[667] = T 4
[668] = S 4
[669] = CNOT 4 12
[670] = T 23
[671] = T 3
[672] = Z 3
[673] = CNOT 3 7
[674] = T 3
[675] = S 3
[676] = CNOT 3 7
[677] = S 1
[678] = Z 1
[679] = Z 7
[680] = Z 12
[681] = CNOT 12 4
[682] = CNOT 7 3
[683] = H 16
[684] = H 8
[685] = H 5
[686] = H 9
[687] = CNOT 8 12
[688] = T 8
[689] = Z 8
[690] = CNOT 8 12
[691] = CNOT 4 8
[692] = CNOT 4 12
[693] = T 4
[694] = S 4
[695] = Z 4
[696] = CNOT 4 12
[697] = T 4
[698] = S 4
[699] = Z 4
[700] = CNOT 4 8
[701] = CNOT 16 19
[702] = T 16
[703] = S 16
[704] = CNOT 16 24
[705] = T 16
[706] = CNOT 16 19
[707] = CNOT 19 24
[708] = T 19
[709] = S 19
[710] = CNOT 19 24
[711] = T 16
[712] = S 16
[713] = CNOT 16 24
[714] = CNOT 16 18
[715] = T 16
[716] = S 16
[717] = CNOT 16 20
[718] = T 16
[719] = CNOT 16 18
[720] = CNOT 18 20
[721] = T 18
[722] = S 18
[723] = CNOT 18 20
[724] = T 16
[725] = S 16
[726] = CNOT 16 20
[727] = T 19
[728] = CNOT 19 26
[729] = T 19
[730] = S 19
[731] = CNOT 19 23
[732] = T 19
[733] = CNOT 19 26
[734] = CNOT 19 23
[735] = CNOT 23 26
[736] = T 23
[737] = S 23
[738] = CNOT 23 26
[739] = CNOT 19 23
[740] = T 19
[741] = S 19
[742] = CNOT 19 23
[743] = T 18
[744] = Z 18
[745] = CNOT 18 22
[746] = T 18
[747] = S 18
[748] = CNOT 18 22
[749] = T 23
[750] = Z 4
[751] = S 8
[752] = Z 8
[753] = S 9
[754] = Z 16
[755] = Z 22
[756] = CNOT 4 12
[757] = Z 4
[758] = CNOT 4 12
[759] = CNOT 26 25
[760] = CNOT 22 18
[761] = CNOT 12 4
[762] = H 20
[763] = H 24
[764] = H 4
[765] = H 12
[766] = H 19
[767] = CNOT 4 7
[768] = T 4
[769] = Z 4
[770] = CNOT 4 7
[771] = CNOT 3 4
[772] = CNOT 3 7
[773] = T 3
[774] = Z 3
[775] = CNOT 3 7
[776] = T 3
[777] = Z 3
[778] = CNOT 12 15
[779] = T 12
[780] = Z 12
[781] = CNOT 12 15
[782] = CNOT 11 12
[783] = CNOT 11 15
[784] = T 11
[785] = S 11
[786] = Z 11
[787] = CNOT 11 15
[788] = T 11
[789] = S 11
[790] = Z 11
[791] = CNOT 11 12
[792] = CNOT 9 11
[793] = T 9
[794] = S 9
[795] = Z 9
[796] = CNOT 9 13
[797] = T 9
[798] = CNOT 9 11
[799] = CNOT 11 13
[800] = T 11
[801] = S 11
[802] = CNOT 11 13
[803] = T 9
[804] = S 9
[805] = CNOT 9 13
[806] = CNOT 19 22
[807] = T 19
[808] = Z 19
[809] = CNOT 19 22
[810] = CNOT 18 19
[811] = CNOT 18 22
[812] = T 18
[813] = Z 18
[814] = CNOT 18 22
[815] = T 18
[816] = Z 18
[817] = CNOT 1 2
[818] = CNOT 1 5
[819] = CNOT 1 6
[820] = CNOT 1 7
[821] = T 1
[822] = CNOT 1 4
[823] = T 1
[824] = CNOT 1 7
[825] = CNOT 1 6
[826] = CNOT 1 5
[827] = CNOT 3 5
[828] = CNOT 3 6
[829] = CNOT 3 7
[830] = T 3
[831] = CNOT 3 7
[832] = CNOT 3 6
[833] = CNOT 3 5
[834] = CNOT 3 4
[835] = CNOT 1 3
[836] = T 1
[837] = CNOT 1 4
[838] = CNOT 1 3
[839] = CNOT 1 2
[840] = CNOT 16 17
[841] = CNOT 16 20
[842] = CNOT 16 21
[843] = CNOT 16 22
[844] = T 16
[845] = CNOT 16 19
[846] = T 16
[847] = CNOT 16 22
[848] = CNOT 16 21
[849] = CNOT 16 20
[850] = CNOT 18 20
[851] = CNOT 18 21
[852] = CNOT 18 22
[853] = T 18
[854] = CNOT 18 22
[855] = CNOT 18 21
[856] = CNOT 18 20
[857] = CNOT 18 19
[858] = CNOT 16 18
[859] = T 16
[860] = CNOT 16 19
[861] = CNOT 16 18
[862] = CNOT 16 17
[863] = CNOT 2 3
[864] = T 2
[865] = Z 2
[866] = CNOT 2 3
[867] = CNOT 17 18
[868] = T 17
[869] = Z 17
[870] = CNOT 17 18
[871] = CNOT 24 26
[872] = T 24
[873] = CNOT 24 26
[874] = Z 1
[875] = S 3
[876] = S 4
[877] = S 5
[878] = S 6
[879] = S 7
[880] = Z 11
[881] = S 12
[882] = Z 12
[883] = Z 16
[884] = S 18
[885] = S 19
[886] = S 20
[887] = S 21
[888] = S 22
[889] = CNOT 1 2
[890] = S 1
[891] = CNOT 1 2
[892] = CNOT 1 3
[893] = S 1
[894] = CNOT 1 3
[895] = CNOT 1 4
[896] = S 1
[897] = Z 1
[898] = CNOT 2 4
[899] = S 2
[900] = Z 2
[901] = CNOT 2 4
[902] = CNOT 3 5
[903] = S 3
[904] = CNOT 3 5
[905] = CNOT 3 6
[906] = S 3
[907] = CNOT 3 6
[908] = CNOT 3 7
[909] = S 3
[910] = Z 3
[911] = CNOT 3 7
[912] = CNOT 5 6
[913] = S 5
[914] = CNOT 5 6
[915] = CNOT 5 7
[916] = S 5
[917] = CNOT 5 7
[918] = CNOT 6 7
[919] = S 6
[920] = CNOT 6 7
[921] = CNOT 9 10
[922] = Z 9
[923] = CNOT 9 10
[924] = CNOT 10 11
[925] = Z 10
[926] = CNOT 10 11
[927] = CNOT 11 15
[928] = Z 11
[929] = CNOT 11 15
[930] = CNOT 16 17
[931] = S 16
[932] = CNOT 16 17
[933] = CNOT 16 18
[934] = S 16
[935] = CNOT 16 18
[936] = CNOT 16 19
[937] = S 16
[938] = Z 16
[939] = CNOT 17 19
[940] = S 17
[941] = Z 17
[942] = CNOT 17 19
[943] = CNOT 18 20
[944] = S 18
[945] = CNOT 18 20
[946] = CNOT 18 21
[947] = S 18
[948] = CNOT 18 21
[949] = CNOT 18 22
[950] = S 18
[951] = Z 18
[952] = CNOT 18 22
[953] = CNOT 20 21
[954] = S 20
[955] = CNOT 20 21
[956] = CNOT 20 22
[957] = S 20
[958] = CNOT 20 22
[959] = CNOT 21 22
[960] = S 21
[961] = CNOT 21 22
[962] = CNOT 1 2
[963] = S 1
[964] = Z 1
[965] = CNOT 1 4
[966] = CNOT 1 5
[967] = S 1
[968] = Z 1
[969] = CNOT 1 5
[970] = CNOT 1 6
[971] = S 1
[972] = Z 1
[973] = CNOT 1 6
[974] = CNOT 1 7
[975] = S 1
[976] = Z 1
[977] = CNOT 1 7
[978] = CNOT 1 2
[979] = CNOT 1 3
[980] = CNOT 1 4
[981] = S 1
[982] = Z 1
[983] = CNOT 1 4
[984] = CNOT 1 3
[985] = CNOT 1 5
[986] = CNOT 1 6
[987] = S 1
[988] = Z 1
[989] = CNOT 1 6
[990] = CNOT 1 7
[991] = S 1
[992] = Z 1
[993] = CNOT 1 5
[994] = CNOT 1 6
[995] = S 1
[996] = Z 1
[997] = CNOT 1 7
[998] = CNOT 1 6
[999] = CNOT 2 3
[1000] = CNOT 2 4
[1001] = S 2
[1002] = Z 2
[1003] = CNOT 2 4
[1004] = CNOT 2 3
[1005] = CNOT 2 5
[1006] = CNOT 2 6
[1007] = S 2
[1008] = Z 2
[1009] = CNOT 2 6
[1010] = CNOT 2 7
[1011] = S 2
[1012] = Z 2
[1013] = CNOT 2 5
[1014] = CNOT 2 6
[1015] = S 2
[1016] = Z 2
[1017] = CNOT 2 7
[1018] = CNOT 2 6
[1019] = CNOT 3 4
[1020] = CNOT 3 5
[1021] = S 3
[1022] = Z 3
[1023] = CNOT 3 5
[1024] = CNOT 3 6
[1025] = S 3
[1026] = Z 3
[1027] = CNOT 3 6
[1028] = CNOT 3 4
[1029] = CNOT 4 5
[1030] = CNOT 4 6
[1031] = S 4
[1032] = Z 4
[1033] = CNOT 4 6
[1034] = CNOT 4 7
[1035] = S 4
[1036] = Z 4
[1037] = CNOT 4 5
[1038] = CNOT 4 6
[1039] = S 4
[1040] = Z 4
[1041] = CNOT 4 7
[1042] = CNOT 4 6
[1043] = CNOT 5 6
[1044] = CNOT 5 7
[1045] = S 5
[1046] = Z 5
[1047] = CNOT 5 7
[1048] = CNOT 5 6
[1049] = CNOT 9 10
[1050] = CNOT 9 11
[1051] = S 9
[1052] = CNOT 9 11
[1053] = CNOT 9 10
[1054] = CNOT 16 17
[1055] = S 16
[1056] = Z 16
[1057] = CNOT 16 19
[1058] = CNOT 16 20
[1059] = S 16
[1060] = Z 16
[1061] = CNOT 16 20
[1062] = CNOT 16 21
[1063] = S 16
[1064] = Z 16
[1065] = CNOT 16 21
[1066] = CNOT 16 22
[1067] = S 16
[1068] = Z 16
[1069] = CNOT 16 22
[1070] = CNOT 16 17
[1071] = CNOT 16 18
[1072] = CNOT 16 19
[1073] = S 16
[1074] = Z 16
[1075] = CNOT 16 19
[1076] = CNOT 16 18
[1077] = CNOT 16 20
[1078] = CNOT 16 21
[1079] = S 16
[1080] = Z 16
[1081] = CNOT 16 21
[1082] = CNOT 16 22
[1083] = S 16
[1084] = Z 16
[1085] = CNOT 16 20
[1086] = CNOT 16 21
[1087] = S 16
[1088] = Z 16
[1089] = CNOT 16 22
[1090] = CNOT 16 21
[1091] = CNOT 17 18
[1092] = CNOT 17 19
[1093] = S 17
[1094] = Z 17
[1095] = CNOT 17 19
[1096] = CNOT 17 18
[1097] = CNOT 17 20
[1098] = CNOT 17 21
[1099] = S 17
[1100] = Z 17
[1101] = CNOT 17 21
[1102] = CNOT 17 22
[1103] = S 17
[1104] = Z 17
[1105] = CNOT 17 20
[1106] = CNOT 17 21
[1107] = S 17
[1108] = Z 17
[1109] = CNOT 17 22
[1110] = CNOT 17 21
[1111] = CNOT 18 19
[1112] = CNOT 18 20
[1113] = S 18
[1114] = Z 18
[1115] = CNOT 18 20
[1116] = CNOT 18 21
[1117] = S 18
[1118] = Z 18
[1119] = CNOT 18 21
[1120] = CNOT 18 19
[1121] = CNOT 19 20
[1122] = CNOT 19 21
[1123] = S 19
[1124] = Z 19
[1125] = CNOT 19 21
[1126] = CNOT 19 22
[1127] = S 19
[1128] = Z 19
[1129] = CNOT 19 20
[1130] = CNOT 19 21
[1131] = S 19
[1132] = Z 19
[1133] = CNOT 19 22
[1134] = CNOT 19 21
[1135] = CNOT 20 21
[1136] = CNOT 20 22
[1137] = S 20
[1138] = Z 20
[1139] = CNOT 20 22
[1140] = CNOT 20 21
[1141] = CNOT 26 24
[1142] = CNOT 22 21
[1143] = CNOT 22 20
[1144] = CNOT 22 18
[1145] = CNOT 18 17
[1146] = CNOT 15 14
[1147] = CNOT 15 11
[1148] = CNOT 11 10
[1149] = CNOT 11 9
[1150] = CNOT 7 6
[1151] = CNOT 7 5
[1152] = CNOT 7 3
[1153] = CNOT 3 2
[1154] = H 13
[1155] = H 4
[1156] = H 19
[1157] = H 5
[1158] = H 20
[1159] = H 24
[1160] = CNOT 11 13
[1161] = CNOT 11 15
[1162] = T 11
[1163] = S 11
[1164] = Z 11
[1165] = CNOT 11 12
[1166] = T 11
[1167] = CNOT 11 15
[1168] = CNOT 11 13
[1169] = CNOT 11 12
[1170] = CNOT 12 13
[1171] = CNOT 12 15
[1172] = T 12
[1173] = S 12
[1174] = Z 12
[1175] = CNOT 12 15
[1176] = CNOT 12 13
[1177] = CNOT 11 12
[1178] = T 11
[1179] = S 11
[1180] = CNOT 11 12
[1181] = CNOT 9 11
[1182] = T 9
[1183] = S 9
[1184] = CNOT 9 11
[1185] = T 4
[1186] = Z 4
[1187] = CNOT 1 4
[1188] = T 1
[1189] = S 1
[1190] = CNOT 1 4
[1191] = T 5
[1192] = Z 5
[1193] = CNOT 3 5
[1194] = T 3
[1195] = Z 3
[1196] = CNOT 3 5
[1197] = CNOT 1 3
[1198] = CNOT 1 5
[1199] = T 1
[1200] = S 1
[1201] = Z 1
[1202] = CNOT 1 3
[1203] = T 1
[1204] = S 1
[1205] = Z 1
[1206] = CNOT 1 5
[1207] = T 19
[1208] = S 19
[1209] = T 24
[1210] = CNOT 16 19
[1211] = T 16
[1212] = S 16
[1213] = CNOT 16 24
[1214] = T 16
[1215] = CNOT 16 19
[1216] = CNOT 19 24
[1217] = T 19
[1218] = S 19
[1219] = CNOT 19 24
[1220] = T 16
[1221] = S 16
[1222] = CNOT 16 24
[1223] = T 20
[1224] = Z 20
[1225] = CNOT 18 20
[1226] = T 18
[1227] = Z 18
[1228] = CNOT 18 20
[1229] = CNOT 16 18
[1230] = CNOT 16 20
[1231] = T 16
[1232] = S 16
[1233] = Z 16
[1234] = CNOT 16 18
[1235] = T 16
[1236] = S 16
[1237] = Z 16
[1238] = CNOT 16 20
[1239] = CNOT 19 26
[1240] = T 19
[1241] = S 19
[1242] = CNOT 19 23
[1243] = T 19
[1244] = CNOT 19 26
[1245] = CNOT 19 23
[1246] = CNOT 23 26
[1247] = T 23
[1248] = S 23
[1249] = CNOT 23 26
[1250] = CNOT 19 23
[1251] = T 19
[1252] = S 19
[1253] = CNOT 19 23
[1254] = CNOT 1 3
[1255] = T 1
[1256] = Z 1
[1257] = CNOT 1 3
[1258] = CNOT 16 18
[1259] = T 16
[1260] = Z 16
[1261] = CNOT 16 18
[1262] = Z 9
[1263] = Z 12
[1264] = Z 13
[1265] = Z 15
[1266] = Z 16
[1267] = S 26
[1268] = CNOT 11 13
[1269] = Z 11
[1270] = CNOT 11 13
[1271] = CNOT 11 15
[1272] = Z 11
[1273] = CNOT 11 15
[1274] = CNOT 12 13
[1275] = Z 12
[1276] = CNOT 12 13
[1277] = CNOT 12 15
[1278] = Z 12
[1279] = CNOT 12 15
[1280] = CNOT 13 15
[1281] = S 13
[1282] = Z 13
[1283] = CNOT 13 15
[1284] = CNOT 18 16
[1285] = CNOT 15 13
[1286] = CNOT 11 9
[1287] = CNOT 4 1
[1288] = CNOT 3 1
[1289] = H 13
[1290] = H 12
[1291] = H 5
[1292] = H 20
[1293] = H 23
[1294] = H 24
[1295] = H 16
[1296] = T 13
[1297] = Z 13
[1298] = CNOT 11 13
[1299] = T 11
[1300] = Z 11
[1301] = CNOT 11 13
[1302] = CNOT 9 11
[1303] = CNOT 9 13
[1304] = T 9
[1305] = S 9
[1306] = Z 9
[1307] = CNOT 9 11
[1308] = T 9
[1309] = S 9
[1310] = Z 9
[1311] = CNOT 9 13
[1312] = T 12
[1313] = T 16
[1314] = T 24
[1315] = Z 24
[1316] = CNOT 24 26
[1317] = T 24
[1318] = S 24
[1319] = T 23
[1320] = T 5
[1321] = Z 5
[1322] = CNOT 5 7
[1323] = T 5
[1324] = S 5
[1325] = CNOT 5 7
[1326] = T 20
[1327] = Z 20
[1328] = CNOT 20 22
[1329] = T 20
[1330] = S 20
[1331] = CNOT 20 22
[1332] = CNOT 9 11
[1333] = T 9
[1334] = Z 9
[1335] = CNOT 9 11
[1336] = Z 7
[1337] = Z 9
[1338] = Z 22
[1339] = Z 26
[1340] = CNOT 22 20
[1341] = CNOT 11 9
[1342] = CNOT 7 5
[1343] = H 13
[1344] = H 9
[1345] = T 9
[1346] = Z 9
[1347] = CNOT 4 9
[1348] = T 4
[1349] = Z 4
[1350] = CNOT 4 9
[1351] = CNOT 1 4
[1352] = CNOT 1 9
[1353] = T 1
[1354] = S 1
[1355] = Z 1
[1356] = CNOT 1 4
[1357] = T 1
[1358] = S 1
[1359] = Z 1
[1360] = CNOT 1 9
[1361] = CNOT 1 4
[1362] = CNOT 1 12
[1363] = T 1
[1364] = S 1
[1365] = Z 1
[1366] = CNOT 1 8
[1367] = T 1
[1368] = CNOT 1 12
[1369] = CNOT 1 8
[1370] = CNOT 8 12
[1371] = T 8
[1372] = S 8
[1373] = CNOT 8 12
[1374] = CNOT 1 8
[1375] = T 1
[1376] = S 1
[1377] = Z 1
[1378] = CNOT 1 8
[1379] = T 12
[1380] = Z 12
[1381] = T 13
[1382] = Z 13
[1383] = CNOT 13 15
[1384] = T 13
[1385] = S 13
[1386] = CNOT 13 15
[1387] = Z 4
[1388] = Z 8
[1389] = Z 15
[1390] = S 1
[1391] = CNOT 1 4
[1392] = CNOT 1 8
[1393] = Z 1
[1394] = CNOT 1 8
[1395] = CNOT 1 12
[1396] = Z 1
[1397] = CNOT 1 12
[1398] = CNOT 4 8
[1399] = Z 4
[1400] = CNOT 4 8
[1401] = CNOT 4 12
[1402] = Z 4
[1403] = CNOT 4 12
[1404] = CNOT 15 13
[1405] = CNOT 4 1
[1406] = H 9
[1407] = H 8
[1408] = T 8
[1409] = CNOT 1 8
[1410] = T 1
[1411] = S 1
[1412] = CNOT 1 16
[1413] = T 1
[1414] = CNOT 1 8
[1415] = CNOT 8 16
[1416] = T 8
[1417] = S 8
[1418] = CNOT 8 16
[1419] = T 1
[1420] = S 1
[1421] = CNOT 1 16
[1422] = T 9
[1423] = Z 9
[1424] = CNOT 9 12
[1425] = T 9
[1426] = S 9
[1427] = CNOT 9 12
[1428] = Z 12
[1429] = CNOT 12 9
[1430] = H 1
[1431] = H 16
[1432] = H 8
[1433] = T 1
[1434] = S 1
[1435] = Z 1
[1436] = CNOT 1 24
[1437] = T 1
[1438] = Z 1
[1439] = CNOT 1 26
[1440] = T 1
[1441] = S 1
[1442] = Z 1
[1443] = CNOT 1 24
[1444] = T 1
[1445] = S 1
[1446] = Z 1
[1447] = CNOT 1 26
[1448] = T 16
[1449] = CNOT 16 23
[1450] = T 16
[1451] = S 16
[1452] = CNOT 16 23
[1453] = CNOT 1 16
[1454] = CNOT 1 23
[1455] = T 1
[1456] = CNOT 1 23
[1457] = T 1
[1458] = S 1
[1459] = CNOT 1 16
[1460] = CNOT 1 23
[1461] = T 1
[1462] = S 1
[1463] = CNOT 1 23
[1464] = T 8
[1465] = CNOT 19 26
[1466] = T 19
[1467] = S 19
[1468] = CNOT 19 26
[1469] = Z 19
[1470] = CNOT 24 26
[1471] = Z 24
[1472] = CNOT 26 19
[1473] = H 16
[1474] = H 23
[1475] = H 24
[1476] = T 16
[1477] = S 16
[1478] = CNOT 12 16
[1479] = T 12
[1480] = Z 12
[1481] = CNOT 12 16
[1482] = CNOT 9 12
[1483] = CNOT 9 16
[1484] = T 9
[1485] = S 9
[1486] = Z 9
[1487] = CNOT 9 12
[1488] = T 9
[1489] = S 9
[1490] = Z 9
[1491] = CNOT 9 16
[1492] = CNOT 9 12
[1493] = T 9
[1494] = Z 9
[1495] = CNOT 9 12
[1496] = CNOT 4 9
[1497] = CNOT 4 12
[1498] = T 4
[1499] = S 4
[1500] = Z 4
[1501] = CNOT 4 8
[1502] = T 4
[1503] = CNOT 4 12
[1504] = CNOT 4 9
[1505] = CNOT 4 8
[1506] = CNOT 8 9
[1507] = CNOT 8 12
[1508] = T 8
[1509] = S 8
[1510] = Z 8
[1511] = CNOT 8 12
[1512] = CNOT 8 9
[1513] = CNOT 4 8
[1514] = T 4
[1515] = S 4
[1516] = CNOT 4 8
[1517] = T 23
[1518] = Z 23
[1519] = CNOT 23 26
[1520] = T 23
[1521] = Z 23
[1522] = CNOT 23 26
[1523] = CNOT 19 23
[1524] = CNOT 19 26
[1525] = T 19
[1526] = S 19
[1527] = Z 19
[1528] = CNOT 19 26
[1529] = T 19
[1530] = S 19
[1531] = Z 19
[1532] = CNOT 19 23
[1533] = CNOT 15 16
[1534] = T 15
[1535] = Z 15
[1536] = CNOT 15 16
[1537] = CNOT 13 15
[1538] = CNOT 13 16
[1539] = T 13
[1540] = S 13
[1541] = Z 13
[1542] = CNOT 13 15
[1543] = T 13
[1544] = S 13
[1545] = Z 13
[1546] = CNOT 13 16
[1547] = CNOT 22 24
[1548] = T 22
[1549] = Z 22
[1550] = CNOT 22 24
[1551] = CNOT 20 22
[1552] = CNOT 20 24
[1553] = T 20
[1554] = S 20
[1555] = Z 20
[1556] = CNOT 20 22
[1557] = T 20
[1558] = S 20
[1559] = Z 20
[1560] = CNOT 20 24
[1561] = CNOT 13 15
[1562] = T 13
[1563] = CNOT 13 15
[1564] = CNOT 11 13
[1565] = CNOT 11 15
[1566] = T 11
[1567] = S 11
[1568] = Z 11
[1569] = CNOT 11 15
[1570] = CNOT 20 22
[1571] = T 20
[1572] = CNOT 20 22
[1573] = CNOT 18 20
[1574] = CNOT 18 22
[1575] = T 18
[1576] = S 18
[1577] = Z 18
[1578] = CNOT 18 22
[1579] = CNOT 19 25
[1580] = CNOT 19 26
[1581] = T 19
[1582] = S 19
[1583] = Z 19
[1584] = CNOT 19 25
[1585] = T 19
[1586] = Z 19
[1587] = CNOT 19 26
[1588] = CNOT 1 19
[1589] = CNOT 1 26
[1590] = T 1
[1591] = S 1
[1592] = Z 1
[1593] = CNOT 1 25
[1594] = T 1
[1595] = CNOT 1 26
[1596] = CNOT 1 19
[1597] = T 1
[1598] = CNOT 1 25
[1599] = S 1
[1600] = Z 1
[1601] = Z 4
[1602] = Z 8
[1603] = Z 9
[1604] = Z 13
[1605] = S 19
[1606] = Z 20
[1607] = S 24
[1608] = Z 24
[1609] = S 25
[1610] = Z 25
[1611] = S 26
[1612] = Z 26
[1613] = CNOT 1 19
[1614] = S 1
[1615] = Z 1
[1616] = CNOT 1 19
[1617] = CNOT 1 26
[1618] = S 1
[1619] = Z 1
[1620] = CNOT 1 26
[1621] = CNOT 4 9
[1622] = Z 4
[1623] = CNOT 4 9
[1624] = CNOT 4 12
[1625] = Z 4
[1626] = CNOT 4 12
[1627] = CNOT 8 9
[1628] = Z 8
[1629] = CNOT 8 9
[1630] = CNOT 8 12
[1631] = Z 8
[1632] = CNOT 8 12
[1633] = Z 11
[1634] = CNOT 11 13
[1635] = CNOT 11 15
[1636] = Z 11
[1637] = CNOT 11 15
[1638] = Z 18
[1639] = CNOT 18 20
[1640] = CNOT 18 22
[1641] = Z 18
[1642] = CNOT 18 22
[1643] = CNOT 19 25
[1644] = S 19
[1645] = Z 19
[1646] = CNOT 19 25
[1647] = CNOT 25 26
[1648] = S 25
[1649] = Z 25
[1650] = CNOT 25 26
[1651] = CNOT 1 19
[1652] = CNOT 1 25
[1653] = S 1
[1654] = Z 1
[1655] = CNOT 1 19
[1656] = CNOT 1 26
[1657] = S 1
[1658] = Z 1
[1659] = CNOT 1 26
[1660] = CNOT 1 25
[1661] = CNOT 26 25
[1662] = CNOT 22 20
[1663] = CNOT 26 19
[1664] = CNOT 22 18
[1665] = CNOT 15 13
[1666] = CNOT 15 11
[1667] = CNOT 12 9
[1668] = H 9
[1669] = H 4
[1670] = H 12
[1671] = H 13
[1672] = H 19
[1673] = H 20
[1674] = H 1
[1675] = H 8
[1676] = H 23
[1677] = CNOT 7 9
[1678] = T 7
[1679] = S 7
[1680] = Z 7
[1681] = CNOT 7 9
[1682] = CNOT 5 9
[1683] = T 5
[1684] = CNOT 5 9
[1685] = T 4
[1686] = Z 4
[1687] = CNOT 3 5
[1688] = CNOT 3 7
[1689] = T 3
[1690] = S 3
[1691] = Z 3
[1692] = CNOT 3 4
[1693] = T 3
[1694] = CNOT 3 7
[1695] = CNOT 3 5
[1696] = CNOT 3 4
[1697] = CNOT 4 5
[1698] = CNOT 4 7
[1699] = T 4
[1700] = S 4
[1701] = Z 4
[1702] = CNOT 4 7
[1703] = CNOT 4 5
[1704] = CNOT 3 4
[1705] = T 3
[1706] = S 3
[1707] = CNOT 3 4
[1708] = T 12
[1709] = Z 12
[1710] = CNOT 12 15
[1711] = T 12
[1712] = Z 12
[1713] = CNOT 12 15
[1714] = CNOT 11 12
[1715] = CNOT 11 15
[1716] = T 11
[1717] = S 11
[1718] = Z 11
[1719] = CNOT 11 15
[1720] = T 11
[1721] = S 11
[1722] = Z 11
[1723] = CNOT 11 12
[1724] = T 19
[1725] = Z 19
[1726] = CNOT 19 22
[1727] = T 19
[1728] = Z 19
[1729] = CNOT 19 22
[1730] = CNOT 18 19
[1731] = CNOT 18 22
[1732] = T 18
[1733] = S 18
[1734] = Z 18
[1735] = CNOT 18 22
[1736] = T 18
[1737] = S 18
[1738] = Z 18
[1739] = CNOT 18 19
[1740] = CNOT 2 3
[1741] = T 2
[1742] = CNOT 2 3
[1743] = T 3
[1744] = S 3
[1745] = CNOT 5 6
[1746] = CNOT 5 7
[1747] = T 5
[1748] = S 5
[1749] = Z 5
[1750] = CNOT 5 9
[1751] = T 5
[1752] = CNOT 5 9
[1753] = CNOT 5 7
[1754] = CNOT 5 6
[1755] = CNOT 6 9
[1756] = T 6
[1757] = CNOT 6 9
[1758] = CNOT 10 11
[1759] = T 10
[1760] = Z 10
[1761] = CNOT 10 11
[1762] = T 13
[1763] = Z 13
[1764] = T 11
[1765] = CNOT 11 13
[1766] = T 11
[1767] = Z 11
[1768] = CNOT 11 13
[1769] = CNOT 10 11
[1770] = CNOT 10 13
[1771] = T 10
[1772] = S 10
[1773] = Z 10
[1774] = CNOT 10 11
[1775] = T 10
[1776] = S 10
[1777] = Z 10
[1778] = CNOT 10 13
[1779] = CNOT 11 14
[1780] = CNOT 11 15
[1781] = T 11
[1782] = S 11
[1783] = Z 11
[1784] = CNOT 11 14
[1785] = T 11
[1786] = Z 11
[1787] = CNOT 11 16
[1788] = T 11
[1789] = S 11
[1790] = Z 11
[1791] = CNOT 11 14
[1792] = T 11
[1793] = CNOT 11 16
[1794] = CNOT 11 15
[1795] = CNOT 11 14
[1796] = CNOT 14 16
[1797] = T 14
[1798] = CNOT 14 16
[1799] = CNOT 17 18
[1800] = T 17
[1801] = Z 17
[1802] = CNOT 17 18
[1803] = T 20
[1804] = Z 20
[1805] = T 18
[1806] = CNOT 18 20
[1807] = T 18
[1808] = Z 18
[1809] = CNOT 18 20
[1810] = CNOT 17 18
[1811] = CNOT 17 20
[1812] = T 17
[1813] = S 17
[1814] = Z 17
[1815] = CNOT 17 18
[1816] = T 17
[1817] = S 17
[1818] = Z 17
[1819] = CNOT 17 20
[1820] = CNOT 18 21
[1821] = CNOT 18 22
[1822] = T 18
[1823] = S 18
[1824] = Z 18
[1825] = CNOT 18 21
[1826] = T 18
[1827] = Z 18
[1828] = CNOT 18 24
[1829] = T 18
[1830] = S 18
[1831] = Z 18
[1832] = CNOT 18 21
[1833] = T 18
[1834] = CNOT 18 24
[1835] = CNOT 18 22
[1836] = CNOT 18 21
[1837] = CNOT 21 24
[1838] = T 21
[1839] = CNOT 21 24
[1840] = S 5
[1841] = Z 5
[1842] = S 6
[1843] = Z 6
[1844] = S 7
[1845] = Z 9
[1846] = Z 10
[1847] = S 14
[1848] = Z 14
[1849] = S 15
[1850] = Z 15
[1851] = S 16
[1852] = Z 16
[1853] = Z 17
[1854] = S 21
[1855] = Z 21
[1856] = S 22
[1857] = Z 22
[1858] = S 24
[1859] = Z 24
[1860] = CNOT 3 5
[1861] = Z 3
[1862] = CNOT 3 5
[1863] = CNOT 3 7
[1864] = Z 3
[1865] = CNOT 3 7
[1866] = CNOT 4 5
[1867] = Z 4
[1868] = CNOT 4 5
[1869] = CNOT 4 7
[1870] = Z 4
[1871] = CNOT 4 7
[1872] = CNOT 5 6
[1873] = S 5
[1874] = Z 5
[1875] = CNOT 5 6
[1876] = CNOT 5 7
[1877] = S 5
[1878] = Z 5
[1879] = CNOT 5 7
[1880] = CNOT 6 7
[1881] = S 6
[1882] = Z 6
[1883] = CNOT 6 7
[1884] = CNOT 11 14
[1885] = S 11
[1886] = Z 11
[1887] = CNOT 11 14
[1888] = CNOT 11 16
[1889] = S 11
[1890] = Z 11
[1891] = CNOT 14 15
[1892] = S 14
[1893] = Z 14
[1894] = CNOT 14 15
[1895] = CNOT 15 16
[1896] = S 15
[1897] = Z 15
[1898] = CNOT 15 16
[1899] = CNOT 18 21
[1900] = S 18
[1901] = Z 18
[1902] = CNOT 18 21
[1903] = CNOT 18 24
[1904] = S 18
[1905] = Z 18
[1906] = CNOT 21 22
[1907] = S 21
[1908] = Z 21
[1909] = CNOT 21 22
[1910] = CNOT 22 24
[1911] = S 22
[1912] = Z 22
[1913] = CNOT 22 24
[1914] = CNOT 5 6
[1915] = CNOT 5 9
[1916] = S 5
[1917] = Z 5
[1918] = CNOT 5 6
[1919] = CNOT 5 7
[1920] = S 5
[1921] = Z 5
[1922] = CNOT 5 9
[1923] = CNOT 5 7
[1924] = CNOT 6 7
[1925] = CNOT 6 9
[1926] = S 6
[1927] = Z 6
[1928] = CNOT 6 9
[1929] = CNOT 6 7
[1930] = CNOT 11 14
[1931] = S 11
[1932] = Z 11
[1933] = CNOT 11 16
[1934] = CNOT 11 14
[1935] = CNOT 14 15
[1936] = CNOT 14 16
[1937] = S 14
[1938] = Z 14
[1939] = CNOT 14 16
[1940] = CNOT 14 15
[1941] = CNOT 18 21
[1942] = S 18
[1943] = Z 18
[1944] = CNOT 18 24
[1945] = CNOT 18 21
[1946] = CNOT 21 22
[1947] = CNOT 21 24
[1948] = S 21
[1949] = Z 21
[1950] = CNOT 21 24
[1951] = CNOT 21 22
[1952] = CNOT 22 21
[1953] = CNOT 22 18
[1954] = CNOT 18 17
[1955] = CNOT 15 14
[1956] = CNOT 15 11
[1957] = CNOT 11 10
[1958] = CNOT 7 6
[1959] = CNOT 7 5
[1960] = H 5
[1961] = H 4
[1962] = H 9
[1963] = H 12
[1964] = H 13
[1965] = H 16
[1966] = H 19
[1967] = H 20
[1968] = H 24
[1969] = T 5
[1970] = Z 5
[1971] = CNOT 3 5
[1972] = T 3
[1973] = Z 3
[1974] = CNOT 3 5
[1975] = CNOT 2 3
[1976] = CNOT 2 5
[1977] = T 2
[1978] = S 2
[1979] = Z 2
[1980] = CNOT 2 3
[1981] = T 2
[1982] = S 2
[1983] = Z 2
[1984] = CNOT 2 5
[1985] = Z 2
[1986] = CNOT 2 3
[1987] = Z 2
[1988] = CNOT 2 3
[1989] = CNOT 3 2
[1990] = H 5
Gate distributions:
Input:
Operator distribution:
Total number of qubits = 26
Number of `data' qubits = 26
Number of `Toff_n' ancillas = 0
Number of Hadamard ancillas = 0
Hadamard ancilla cap = 0
Number of {CNOT,T} partitions = 15
T count = 413
Cost estimation = 206610
	id	Count
	0	0
	1	0
	2	0
	3	82
	4	28
	5	0
	6	0
	7	0
	8	0
	9	0
	10	59
	11	0
	12	0
	13	0
	14	0
	15	0
	16	0
	17	0
	18	0
Output:
Operator distribution:
Total number of qubits = 26
Number of `data' qubits = 26
Number of `Toff_n' ancillas = 0
Number of Hadamard ancillas = 0
Hadamard ancilla cap = 0
Number of {CNOT,T} partitions = 15
T count = 305
Cost estimation = 154186
	id	Count
	0	0
	1	0
	2	0
	3	82
	4	956
	5	305
	6	0
	7	0
	8	0
	9	0
	10	0
	11	328
	12	0
	13	320
	14	0
	15	0
	16	0
	17	0
	18	0
Output T Count (SQC_Circuit) = 305
Output T Count (PhasePolynomial) = 305
Fail count = 0

Execution time: 6.67454s
Number of LCL errors: 0
Number of LCL warnings: 0
