Optimize a Clifford + T circuit.
Input filename = forme/tpar_benchmark/gf2^9_mult.tfc
Number of unknown gates = 0
Number of unknown qubit labels = 0
Circuit filename: forme/tpar_benchmark/gf2^9_mult.tfc

n 27
n_x 27
n_y 0
n_z 0
m 201
[0] = H 19
[1] = H 20
[2] = H 21
[3] = H 22
[4] = H 23
[5] = H 24
[6] = H 25
[7] = H 26
[8] = CCZ 9 11 19
[9] = CCZ 8 12 19
[10] = CCZ 7 13 19
[11] = CCZ 6 14 19
[12] = CCZ 5 15 19
[13] = CCZ 4 16 19
[14] = CCZ 3 17 19
[15] = CCZ 2 18 19
[16] = CCZ 9 12 20
[17] = CCZ 8 13 20
[18] = CCZ 7 14 20
[19] = CCZ 6 15 20
[20] = CCZ 5 16 20
[21] = CCZ 4 17 20
[22] = CCZ 3 18 20
[23] = CCZ 9 13 21
[24] = CCZ 8 14 21
[25] = CCZ 7 15 21
[26] = CCZ 6 16 21
[27] = CCZ 5 17 21
[28] = CCZ 4 18 21
[29] = CCZ 9 14 22
[30] = CCZ 8 15 22
[31] = CCZ 7 16 22
[32] = CCZ 6 17 22
[33] = CCZ 5 18 22
[34] = CCZ 9 15 23
[35] = CCZ 8 16 23
[36] = CCZ 7 17 23
[37] = CCZ 6 18 23
[38] = CCZ 9 16 24
[39] = CCZ 8 17 24
[40] = CCZ 7 18 24
[41] = CCZ 9 17 25
[42] = CCZ 8 18 25
[43] = CCZ 9 18 26
[44] = H 19
[45] = H 20
[46] = H 21
[47] = H 22
[48] = H 23
[49] = H 24
[50] = H 25
[51] = H 26
[52] = CNOT 21 26
[53] = CNOT 20 25
[54] = CNOT 19 24
[55] = CNOT 27 23
[56] = CNOT 26 22
[57] = CNOT 25 21
[58] = CNOT 24 20
[59] = CNOT 23 19
[60] = H 19
[61] = H 20
[62] = H 21
[63] = H 22
[64] = H 23
[65] = H 24
[66] = H 25
[67] = H 26
[68] = H 27
[69] = CCZ 9 10 27
[70] = CCZ 8 11 27
[71] = CCZ 7 12 27
[72] = CCZ 6 13 27
[73] = CCZ 5 14 27
[74] = CCZ 4 15 27
[75] = CCZ 3 16 27
[76] = CCZ 2 17 27
[77] = CCZ 1 18 27
[78] = CCZ 8 10 26
[79] = CCZ 7 11 26
[80] = CCZ 6 12 26
[81] = CCZ 5 13 26
[82] = CCZ 4 14 26
[83] = CCZ 3 15 26
[84] = CCZ 2 16 26
[85] = CCZ 1 17 26
[86] = CCZ 7 10 25
[87] = CCZ 6 11 25
[88] = CCZ 5 12 25
[89] = CCZ 4 13 25
[90] = CCZ 3 14 25
[91] = CCZ 2 15 25
[92] = CCZ 1 16 25
[93] = CCZ 6 10 24
[94] = CCZ 5 11 24
[95] = CCZ 4 12 24
[96] = CCZ 3 13 24
[97] = CCZ 2 14 24
[98] = CCZ 1 15 24
[99] = CCZ 5 10 23
[100] = CCZ 4 11 23
[101] = CCZ 3 12 23
[102] = CCZ 2 13 23
[103] = CCZ 1 14 23
[104] = CCZ 4 10 22
[105] = CCZ 3 11 22
[106] = CCZ 2 12 22
[107] = CCZ 1 13 22
[108] = CCZ 3 10 21
[109] = CCZ 2 11 21
[110] = CCZ 1 12 21
[111] = CCZ 2 10 20
[112] = CCZ 1 11 20
[113] = CCZ 1 10 19
[114] = H 19
[115] = H 20
[116] = H 21
[117] = H 22
[118] = H 23
[119] = H 24
[120] = H 25
[121] = H 26
[122] = H 27

Algorithm used: lx2_dynamic_repair_chi_packed_aa_sketch_13

UniversalOptimize begin.
	Gate synthesis begin.
A_BMS
BMSparse object. Dims: 44x351
15443 4210 4207 4206 2450 3853 15084 2448 2092 2091 4547 4546 2088 15074 15073 4192 4191 15071 4190 3836 3835 3834 3482 2426 6284 7686 7685 6280 7683 7330 1714 7329 5925 5924 7327 5923 6972 5568 5567 6970 5566 5214 6616 5212 5211 6614 5210 2079 15387 4855 1696 15384 4854 1694 4501 4500 1692 4499 14677 14676 1687 1686 3791 3790 1683 14318 2033 15426 14317 4545 3436 3435 2031 3434 2030 1327 7293 7292 6239 6238 1324 6237 6937 5884 5883 1320 5882 5529 5528 7689 6580 5527 15354 1314 15353 5174 15351 1311 1691 14999 1690 14998 4819 5927 4818 1308 1688 14996 4817 1307 1306 4463 1304 14641 1303 14289 1302 2089 14288 4109 4108 2087 14286 4107 13450 14712 3622 815 3971 15386 13168 13797 813 5141 3969 809 807 4316 806 3850 6068 2822 3849 6067 1712 2821 13437 13436 452 13783 8148 14315 5443 5003 2195 3277 2838 814 1148 7802 3478 5696 1909 2186 15440 4350 563 8151 7594 2189 5002 566 6043 2182 5969 2453 13543 7592 2187 4351 6617 2181 2425 1316 14624 2531 14815 2530 4694 14814 14321 3231 13784 14812 1152 6697 15428 14319 3229 3578 2496 3577 872 14536 15159 7044 3257 2446 228 13536 871 2523 4692 2522 2495 3604 5173 7391 1310 6855 6382 13434 15286 4318 531 14718 2519 6279 7388 4683 896 238 4145 818 6729 237 13781 4043 4272 4271 14715 2516 893 3851 6069 4270 3624 2515 892 2194 3276 5968 7077 5071 14268 2503 13864 1962 3789 6007 2445 14644 13535 551 7424 15029 2830 125 6005 549 7455 1720 2829 124 5623 1719 2828 8779 7771 7230 4582 3925 2816 5351 2524 13452 4580 15161 1716 2825 4144 817 4929 6727 1703 13902 7951 3480 5698 13799 4927 14713 3623 2514 8465 3886 2824 15429 3230 8775 13103 4317 14717 2518 895 15285 1977 14921 6730 5621 810 4056 14322 8777 1717 2826 13903 2813 2272 2085 3194 15162 14719 2520 3602 4684 1979 8431 4235 4462 2244 811 4057 5139 8778 15128 3970 6973 8082 5350 6459 13453 4581 3192 487 5276 5817 13148 2834 1146 6583 3256 5474 8085 7735 2190 6383 14146 5274 5815 7737 8118 8432 2844 1145 6975 8084 6461 7041 8150 1705 3923 2814 529 4965 4424 6694 1149 5004 2840 15283 13105 4233 14144 7111 2836 1684 7229 7804 1150 13106 4234 2837 15129 6473 6418 1711 2820 3887 3888 5073 6858 204 2506 1695 12785 6834 1965 4928 13800 1911 6347 485 14902 831 15126 4966 14163 4425 2084 3193 2845 6350 8464 1323 12413 3541 5759 6841 2808 8462 6696 7805 15081 6209 5100 6006 7043 8152 3283 7457 5658 8115 3603 6281 5172 7390 3576 4685 6349 7458 4780 3671 15031 2832 127 4550 5659 15032 2833 5660 8117 6938 2502 2191 14147 5275 5816 4856 7074 6582 5473 3255 550 7110 2504 13865 14162 1963 7738 2193 3275 4858 5967 7076 6421 1985 5312 2526 5853 2527 5854 451 4779 2507 4423 5622 7421 2498 4716 2508 12787 182 4618 6836 7423 2500 4718 7108 454 14520 184 6838 834 484 14901 1322 12412 3540 5758 6840 4146 819 821 14160 472 14538 474 2428 1319 14627 12409 5349 6458 3284 3285 5757 3539 12411 14674 4693 14522 14523 3292 15437 5456 12769 2184 3293 5457 3294 12771 7227 12772 5570 2243 15439 4349 7595 6455 6457 4464 2246 843 844 846 496 1578 2841 5059 6042 497 2842 5060 5061 6044 499 14539 149 3659 150 3660 3661 3479 5697 152 1698 12788 4619 6837 1908 6471 6935 2499 4717 6474 859 832 1941 14899 860 1942 7290 5072 1312 6857 203 862 6380 1944 512 513 4781 3672 3673 13150 515 13151 2271 2510 5837 4728 5839 2512 4730 2274 1700 2809 6136 2080 13170 6462 15334 2811 6138 13171 874 1577 7768 3332 13862 3333 2197 4415 7770 3334 4416 5498 471 1580 4964 528 5442 14919 5444 14922 4617 181 4042 4044 6208 2082 13172 15336 6210 5101 15083 8429 5102 2451 13541 233 5455 546 547 4058 5140 5313 15294 553 4205 1987 15295 4417 5499 1315 206 1318 14626 5472 1701 6137 13900 14982 565 216 1706 3924 13905 1300 7954 1326 217 1708 2817 13907 219 2818 13908 13909 1976 14710 2511 4729 5838 13533 225 14265 14643 226 14267 6420 5311 15292 1984 6196 245 6197 6198 1299 7953 234 5500 2454 13544 236 562 14979 2528 5855 14981 240 241 242 244 15337 

[Dynamic Basis Local Repair TODD + Chi Compression + Packed + AA + Sketch-before-Basis] Base: lx2_dynamic_repair_chi_packed_aa | sketch percent=13
--- Round 0 | Current Columns: 351 ---
  [HIT!] Pair(125,323) x-weight=1 | 351 -> 347 columns
--- Round 1 | Current Columns: 347 ---
  [HIT!] Pair(125,244) x-weight=1 | 347 -> 345 columns
--- Round 2 | Current Columns: 345 ---
  [HIT!] Pair(150,182) x-weight=1 | 345 -> 341 columns
--- Round 3 | Current Columns: 341 ---
  [HIT!] Pair(184,185) x-weight=1 | 341 -> 339 columns
--- Round 4 | Current Columns: 339 ---
  [HIT!] Pair(217,295) x-weight=1 | 339 -> 335 columns
--- Round 5 | Current Columns: 335 ---
  [HIT!] Pair(219,220) x-weight=1 | 335 -> 333 columns
--- Round 6 | Current Columns: 333 ---
  [HIT!] Pair(234,305) x-weight=1 | 333 -> 329 columns
--- Round 7 | Current Columns: 329 ---
  [HIT!] Pair(236,328) x-weight=1 | 329 -> 327 columns
--- Round 8 | Current Columns: 327 ---
  [HIT!] Pair(242,317) x-weight=1 | 327 -> 324 columns
--- Round 9 | Current Columns: 324 ---
  [HIT!] Pair(123,228) x-weight=1 | 324 -> 322 columns
--- Round 10 | Current Columns: 322 ---
  [HIT!] Pair(121,130) x-weight=1 | 322 -> 320 columns
--- Round 11 | Current Columns: 320 ---
  [HIT!] Pair(103,144) x-weight=1 | 320 -> 318 columns
--- Round 12 | Current Columns: 318 ---
  [HIT!] Pair(115,206) x-weight=1 | 318 -> 316 columns
--- Round 13 | Current Columns: 316 ---
  [HIT!] Pair(111,214) x-weight=1 | 316 -> 313 columns
--- Round 14 | Current Columns: 313 ---
  [HIT!] Pair(178,191) x-weight=1 | 313 -> 311 columns
--- Round 15 | Current Columns: 311 ---
  [HIT!] Pair(113,162) x-weight=1 | 311 -> 303 columns
--- Round 16 | Current Columns: 303 ---
  [HIT!] Pair(142,200) x-weight=1 | 303 -> 301 columns
--- Round 17 | Current Columns: 301 ---
  [HIT!] Pair(146,158) x-weight=1 | 301 -> 299 columns
--- Round 18 | Current Columns: 299 ---
  [HIT!] Pair(39,170) x-weight=1 | 299 -> 297 columns
--- Round 19 | Current Columns: 297 ---
  [HIT!] Pair(53,144) x-weight=1 | 297 -> 295 columns
--- Round 20 | Current Columns: 295 ---
  [HIT!] Pair(74,194) x-weight=1 | 295 -> 293 columns
--- Round 21 | Current Columns: 293 ---
  [HIT!] Pair(63,109) x-weight=2 | 293 -> 291 columns
--- Round 22 | Current Columns: 291 ---
  [HIT!] Pair(45,79) x-weight=2 | 291 -> 289 columns
--- Round 23 | Current Columns: 289 ---
  [HIT!] Pair(61,202) x-weight=2 | 289 -> 285 columns
--- Round 24 | Current Columns: 285 ---
  [HIT!] Pair(55,63) x-weight=2 | 285 -> 283 columns
--- Round 25 | Current Columns: 283 ---
  [HIT!] Pair(104,211) x-weight=3 | 283 -> 281 columns
--- Round 26 | Current Columns: 281 ---

=== Dynamic Basis Local Repair Chi Packed AA Sketch Summary ===
Algorithm       : LempelX2_DynamicBasisLocalRepairChiPackedAASketch
Initial T-count : 351
Final T-count   : 281
Total Reduced   : 70 gates
Execution Time  : 74675 ms
Pairs tested    : 42091
Sketch filtered : 38874
Sketch skip reuse: 0
Reuse mem reject: 0
Reuse NS runs   : 0
Reuse no pair y : 0
Reuse no reduce : 0
Reuse reduced   : 0
Filtered miss   : 3191
Nullspace runs  : 26
Rebuild count   : 2275
Local add count : 942
AA Table time   : 1.739 ms
Sketch time     : 63835.8 ms
Chi update time : 9797.66 ms
Basis work time : 9797.66 ms
Nullspace time  : 71.762 ms
Sketch rej rate : 92.357%
Avg sketch rows : 3857.4
Avg sketch basis: 274.313
Avg affected    : 11405.3 rows
Avg active rows : 13455
=============================================================
		TODD executed in 74.6097 seconds.
		Total time: 74.6731s
	Gate synthesis end.
	Total time: 80.476s
UniversalOptimize end.
Output circuit:
n 44
n_x 27
n_y 0
n_z 17
m 5001
[0] = H 19
[1] = H 20
[2] = H 21
[3] = H 22
[4] = H 23
[5] = H 24
[6] = H 25
[7] = H 26
[8] = H 28
[9] = H 29
[10] = H 30
[11] = H 31
[12] = H 32
[13] = H 33
[14] = H 34
[15] = H 35
[16] = H 36
[17] = H 37
[18] = H 38
[19] = H 39
[20] = H 40
[21] = H 41
[22] = H 42
[23] = H 43
[24] = H 44
[25] = CNOT 8 9
[26] = CNOT 8 18
[27] = CNOT 8 26
[28] = T 8
[29] = CNOT 8 26
[30] = T 8
[31] = S 8
[32] = Z 8
[33] = CNOT 8 9
[34] = CNOT 8 26
[35] = T 8
[36] = S 8
[37] = Z 8
[38] = CNOT 8 18
[39] = CNOT 8 9
[40] = T 8
[41] = S 8
[42] = Z 8
[43] = CNOT 8 9
[44] = T 8
[45] = CNOT 8 26
[46] = CNOT 3 9
[47] = CNOT 3 17
[48] = CNOT 3 25
[49] = T 3
[50] = CNOT 3 25
[51] = T 3
[52] = S 3
[53] = Z 3
[54] = CNOT 3 9
[55] = CNOT 3 25
[56] = T 3
[57] = S 3
[58] = Z 3
[59] = CNOT 3 17
[60] = CNOT 3 9
[61] = T 3
[62] = S 3
[63] = Z 3
[64] = CNOT 3 25
[65] = CNOT 3 9
[66] = CNOT 1 2
[67] = CNOT 1 3
[68] = CNOT 1 9
[69] = CNOT 1 16
[70] = CNOT 1 24
[71] = T 1
[72] = CNOT 1 24
[73] = T 1
[74] = CNOT 1 9
[75] = CNOT 1 24
[76] = T 1
[77] = CNOT 1 16
[78] = CNOT 1 9
[79] = T 1
[80] = CNOT 1 24
[81] = CNOT 1 3
[82] = CNOT 1 2
[83] = CNOT 2 5
[84] = CNOT 2 8
[85] = CNOT 2 9
[86] = CNOT 2 15
[87] = CNOT 2 23
[88] = T 2
[89] = CNOT 2 23
[90] = T 2
[91] = CNOT 2 9
[92] = CNOT 2 23
[93] = T 2
[94] = CNOT 2 15
[95] = CNOT 2 9
[96] = T 2
[97] = CNOT 2 23
[98] = CNOT 2 9
[99] = CNOT 2 8
[100] = CNOT 2 5
[101] = CNOT 1 2
[102] = CNOT 1 5
[103] = CNOT 1 8
[104] = CNOT 1 14
[105] = CNOT 1 22
[106] = T 1
[107] = CNOT 1 22
[108] = T 1
[109] = CNOT 1 9
[110] = CNOT 1 22
[111] = T 1
[112] = CNOT 1 14
[113] = CNOT 1 9
[114] = T 1
[115] = CNOT 1 22
[116] = CNOT 1 8
[117] = CNOT 1 5
[118] = CNOT 1 2
[119] = CNOT 1 3
[120] = CNOT 1 13
[121] = CNOT 1 21
[122] = T 1
[123] = CNOT 1 21
[124] = T 1
[125] = CNOT 1 9
[126] = CNOT 1 21
[127] = T 1
[128] = CNOT 1 13
[129] = CNOT 1 9
[130] = T 1
[131] = CNOT 1 21
[132] = CNOT 1 2
[133] = CNOT 1 12
[134] = CNOT 1 20
[135] = T 1
[136] = CNOT 1 20
[137] = T 1
[138] = CNOT 1 9
[139] = CNOT 1 20
[140] = T 1
[141] = CNOT 1 12
[142] = CNOT 1 9
[143] = T 1
[144] = CNOT 1 20
[145] = CNOT 1 3
[146] = CNOT 1 2
[147] = CNOT 1 8
[148] = CNOT 1 11
[149] = CNOT 1 19
[150] = T 1
[151] = CNOT 1 19
[152] = T 1
[153] = CNOT 1 9
[154] = CNOT 1 19
[155] = T 1
[156] = CNOT 1 11
[157] = CNOT 1 9
[158] = T 1
[159] = CNOT 1 19
[160] = CNOT 1 8
[161] = CNOT 2 3
[162] = CNOT 2 5
[163] = CNOT 2 9
[164] = CNOT 2 10
[165] = CNOT 2 44
[166] = T 2
[167] = CNOT 2 44
[168] = T 2
[169] = CNOT 2 9
[170] = CNOT 2 44
[171] = T 2
[172] = CNOT 2 10
[173] = CNOT 2 9
[174] = T 2
[175] = CNOT 2 44
[176] = CNOT 2 9
[177] = CNOT 2 5
[178] = CNOT 2 3
[179] = CNOT 1 2
[180] = CNOT 1 3
[181] = CNOT 1 5
[182] = T 1
[183] = CNOT 1 9
[184] = CNOT 1 5
[185] = CNOT 1 3
[186] = CNOT 3 8
[187] = CNOT 3 18
[188] = CNOT 3 25
[189] = T 3
[190] = CNOT 3 25
[191] = CNOT 3 18
[192] = CNOT 3 8
[193] = CNOT 1 3
[194] = CNOT 1 15
[195] = CNOT 1 19
[196] = T 1
[197] = CNOT 1 19
[198] = CNOT 1 15
[199] = CNOT 1 3
[200] = CNOT 3 18
[201] = CNOT 3 25
[202] = T 3
[203] = S 3
[204] = Z 3
[205] = CNOT 3 18
[206] = CNOT 3 8
[207] = T 3
[208] = S 3
[209] = Z 3
[210] = CNOT 3 25
[211] = CNOT 3 8
[212] = CNOT 1 3
[213] = CNOT 1 8
[214] = CNOT 1 17
[215] = CNOT 1 24
[216] = T 1
[217] = CNOT 1 24
[218] = CNOT 1 8
[219] = T 1
[220] = CNOT 1 24
[221] = T 1
[222] = CNOT 1 24
[223] = CNOT 1 17
[224] = CNOT 1 3
[225] = CNOT 1 43
[226] = T 1
[227] = S 1
[228] = CNOT 1 43
[229] = CNOT 1 2
[230] = CNOT 2 5
[231] = CNOT 2 8
[232] = CNOT 2 16
[233] = CNOT 2 23
[234] = T 2
[235] = CNOT 2 8
[236] = T 16
[237] = Z 16
[238] = T 2
[239] = CNOT 2 16
[240] = T 2
[241] = S 2
[242] = CNOT 2 23
[243] = CNOT 2 5
[244] = CNOT 1 8
[245] = CNOT 1 15
[246] = CNOT 1 22
[247] = T 1
[248] = CNOT 1 22
[249] = CNOT 1 3
[250] = T 1
[251] = CNOT 1 8
[252] = CNOT 1 3
[253] = CNOT 1 22
[254] = T 1
[255] = S 1
[256] = Z 1
[257] = CNOT 1 22
[258] = CNOT 1 2
[259] = CNOT 1 3
[260] = CNOT 1 5
[261] = CNOT 1 19
[262] = T 1
[263] = CNOT 1 19
[264] = CNOT 1 15
[265] = CNOT 1 2
[266] = CNOT 1 8
[267] = CNOT 1 14
[268] = CNOT 1 21
[269] = T 1
[270] = CNOT 1 21
[271] = CNOT 1 14
[272] = CNOT 1 8
[273] = CNOT 1 2
[274] = CNOT 1 12
[275] = CNOT 1 40
[276] = CNOT 1 41
[277] = T 1
[278] = CNOT 1 41
[279] = CNOT 1 40
[280] = CNOT 1 12
[281] = CNOT 1 2
[282] = CNOT 1 14
[283] = CNOT 1 21
[284] = T 1
[285] = CNOT 1 14
[286] = CNOT 1 8
[287] = T 1
[288] = CNOT 1 21
[289] = CNOT 1 5
[290] = CNOT 1 13
[291] = CNOT 1 20
[292] = CNOT 1 40
[293] = CNOT 1 41
[294] = T 1
[295] = CNOT 1 8
[296] = T 13
[297] = S 13
[298] = T 1
[299] = CNOT 1 41
[300] = CNOT 1 40
[301] = CNOT 1 20
[302] = CNOT 1 3
[303] = CNOT 1 5
[304] = T 1
[305] = S 1
[306] = Z 1
[307] = CNOT 1 13
[308] = CNOT 1 3
[309] = CNOT 1 8
[310] = CNOT 1 12
[311] = CNOT 1 19
[312] = T 1
[313] = CNOT 1 8
[314] = CNOT 1 3
[315] = CNOT 3 12
[316] = CNOT 3 42
[317] = T 3
[318] = S 3
[319] = Z 3
[320] = CNOT 3 42
[321] = CNOT 3 12
[322] = CNOT 1 3
[323] = T 1
[324] = CNOT 1 19
[325] = CNOT 1 12
[326] = CNOT 1 3
[327] = CNOT 2 13
[328] = CNOT 2 40
[329] = CNOT 2 41
[330] = CNOT 2 43
[331] = T 2
[332] = CNOT 2 41
[333] = CNOT 2 40
[334] = CNOT 2 13
[335] = CNOT 1 8
[336] = CNOT 1 11
[337] = CNOT 1 44
[338] = T 1
[339] = CNOT 1 8
[340] = T 11
[341] = Z 11
[342] = T 1
[343] = CNOT 1 11
[344] = T 1
[345] = S 1
[346] = Z 1
[347] = CNOT 1 44
[348] = CNOT 1 5
[349] = CNOT 2 5
[350] = CNOT 2 8
[351] = CNOT 2 10
[352] = T 2
[353] = CNOT 2 43
[354] = CNOT 2 10
[355] = CNOT 2 8
[356] = CNOT 2 5
[357] = CNOT 1 2
[358] = CNOT 1 3
[359] = CNOT 1 10
[360] = T 1
[361] = CNOT 1 10
[362] = CNOT 1 2
[363] = CNOT 2 5
[364] = CNOT 2 10
[365] = CNOT 2 43
[366] = T 2
[367] = CNOT 2 10
[368] = CNOT 2 5
[369] = CNOT 2 3
[370] = CNOT 2 8
[371] = CNOT 2 40
[372] = CNOT 2 41
[373] = T 2
[374] = CNOT 2 43
[375] = CNOT 2 41
[376] = CNOT 2 40
[377] = CNOT 2 8
[378] = CNOT 2 3
[379] = CNOT 5 44
[380] = T 5
[381] = S 5
[382] = Z 5
[383] = CNOT 5 44
[384] = CNOT 1 2
[385] = CNOT 1 7
[386] = CNOT 1 8
[387] = CNOT 1 18
[388] = CNOT 1 24
[389] = T 1
[390] = CNOT 1 24
[391] = T 1
[392] = CNOT 1 7
[393] = CNOT 1 24
[394] = T 1
[395] = CNOT 1 18
[396] = CNOT 1 7
[397] = T 1
[398] = CNOT 1 24
[399] = CNOT 1 3
[400] = CNOT 1 2
[401] = CNOT 2 5
[402] = CNOT 2 13
[403] = CNOT 2 40
[404] = CNOT 2 41
[405] = CNOT 2 43
[406] = T 2
[407] = CNOT 2 43
[408] = CNOT 2 41
[409] = CNOT 2 40
[410] = CNOT 2 13
[411] = CNOT 2 5
[412] = CNOT 2 7
[413] = CNOT 2 17
[414] = CNOT 2 23
[415] = T 2
[416] = CNOT 2 23
[417] = T 2
[418] = S 2
[419] = Z 2
[420] = CNOT 2 7
[421] = CNOT 2 23
[422] = T 2
[423] = S 2
[424] = Z 2
[425] = CNOT 2 17
[426] = CNOT 2 7
[427] = T 2
[428] = S 2
[429] = Z 2
[430] = CNOT 2 23
[431] = CNOT 2 7
[432] = CNOT 1 2
[433] = CNOT 1 5
[434] = CNOT 1 16
[435] = CNOT 1 22
[436] = T 1
[437] = CNOT 1 22
[438] = T 1
[439] = CNOT 1 7
[440] = CNOT 1 22
[441] = T 1
[442] = CNOT 1 16
[443] = CNOT 1 7
[444] = T 1
[445] = CNOT 1 22
[446] = CNOT 1 8
[447] = CNOT 1 5
[448] = CNOT 1 2
[449] = CNOT 1 3
[450] = CNOT 1 15
[451] = CNOT 1 21
[452] = T 1
[453] = CNOT 1 21
[454] = T 1
[455] = CNOT 1 7
[456] = CNOT 1 21
[457] = T 1
[458] = CNOT 1 15
[459] = CNOT 1 7
[460] = T 1
[461] = CNOT 1 21
[462] = CNOT 1 7
[463] = CNOT 1 3
[464] = CNOT 4 8
[465] = CNOT 4 11
[466] = CNOT 4 40
[467] = T 4
[468] = CNOT 4 40
[469] = T 4
[470] = S 4
[471] = Z 4
[472] = CNOT 4 11
[473] = CNOT 4 8
[474] = CNOT 8 11
[475] = CNOT 8 40
[476] = T 8
[477] = S 8
[478] = Z 8
[479] = CNOT 8 40
[480] = CNOT 8 11
[481] = CNOT 4 8
[482] = CNOT 4 40
[483] = T 4
[484] = S 4
[485] = Z 4
[486] = CNOT 4 40
[487] = CNOT 4 10
[488] = CNOT 4 39
[489] = T 4
[490] = CNOT 4 39
[491] = T 4
[492] = S 4
[493] = Z 4
[494] = CNOT 4 10
[495] = CNOT 4 8
[496] = CNOT 8 10
[497] = CNOT 8 39
[498] = T 8
[499] = S 8
[500] = Z 8
[501] = CNOT 8 39
[502] = CNOT 8 10
[503] = CNOT 4 8
[504] = CNOT 4 39
[505] = T 4
[506] = S 4
[507] = Z 4
[508] = CNOT 4 39
[509] = CNOT 4 8
[510] = CNOT 1 5
[511] = CNOT 1 8
[512] = CNOT 1 18
[513] = CNOT 1 19
[514] = T 1
[515] = CNOT 1 19
[516] = CNOT 1 5
[517] = CNOT 1 3
[518] = T 1
[519] = CNOT 1 3
[520] = CNOT 1 2
[521] = CNOT 1 5
[522] = CNOT 1 19
[523] = T 1
[524] = CNOT 1 19
[525] = CNOT 1 18
[526] = CNOT 1 8
[527] = CNOT 1 5
[528] = CNOT 1 2
[529] = CNOT 2 7
[530] = CNOT 2 10
[531] = CNOT 2 42
[532] = T 2
[533] = CNOT 2 42
[534] = CNOT 2 10
[535] = CNOT 2 7
[536] = CNOT 1 3
[537] = CNOT 1 40
[538] = T 1
[539] = S 1
[540] = Z 1
[541] = CNOT 1 3
[542] = CNOT 1 2
[543] = CNOT 1 13
[544] = CNOT 1 41
[545] = T 1
[546] = CNOT 1 41
[547] = CNOT 1 13
[548] = CNOT 1 2
[549] = CNOT 2 3
[550] = CNOT 2 5
[551] = CNOT 2 8
[552] = CNOT 2 13
[553] = CNOT 2 41
[554] = T 2
[555] = CNOT 2 13
[556] = CNOT 2 5
[557] = CNOT 1 3
[558] = CNOT 1 5
[559] = CNOT 1 8
[560] = T 1
[561] = CNOT 1 5
[562] = CNOT 1 3
[563] = CNOT 2 12
[564] = T 2
[565] = CNOT 2 41
[566] = CNOT 2 12
[567] = CNOT 2 8
[568] = CNOT 2 3
[569] = CNOT 3 14
[570] = CNOT 3 44
[571] = T 3
[572] = S 3
[573] = Z 3
[574] = CNOT 3 44
[575] = CNOT 3 14
[576] = CNOT 1 2
[577] = CNOT 1 12
[578] = T 1
[579] = CNOT 1 40
[580] = CNOT 1 12
[581] = CNOT 1 8
[582] = CNOT 1 2
[583] = CNOT 1 5
[584] = CNOT 1 22
[585] = T 1
[586] = CNOT 1 22
[587] = CNOT 1 5
[588] = CNOT 1 2
[589] = CNOT 1 8
[590] = CNOT 1 11
[591] = CNOT 1 39
[592] = T 1
[593] = CNOT 1 2
[594] = CNOT 2 21
[595] = T 2
[596] = CNOT 2 21
[597] = CNOT 1 2
[598] = CNOT 1 3
[599] = T 1
[600] = CNOT 1 39
[601] = CNOT 1 8
[602] = CNOT 1 2
[603] = CNOT 1 6
[604] = CNOT 1 42
[605] = T 1
[606] = CNOT 1 42
[607] = CNOT 1 11
[608] = CNOT 1 6
[609] = CNOT 1 3
[610] = CNOT 1 5
[611] = CNOT 1 8
[612] = CNOT 1 10
[613] = CNOT 1 38
[614] = T 1
[615] = CNOT 2 5
[616] = CNOT 2 17
[617] = CNOT 2 21
[618] = T 2
[619] = CNOT 2 21
[620] = CNOT 2 17
[621] = CNOT 2 5
[622] = CNOT 1 3
[623] = T 1
[624] = CNOT 1 10
[625] = CNOT 1 3
[626] = CNOT 1 2
[627] = T 1
[628] = CNOT 1 38
[629] = CNOT 1 8
[630] = CNOT 1 5
[631] = CNOT 1 2
[632] = CNOT 2 3
[633] = CNOT 2 5
[634] = CNOT 2 8
[635] = CNOT 2 14
[636] = CNOT 2 41
[637] = T 2
[638] = CNOT 2 41
[639] = CNOT 2 14
[640] = CNOT 2 8
[641] = CNOT 2 5
[642] = CNOT 2 3
[643] = CNOT 2 10
[644] = CNOT 2 42
[645] = T 2
[646] = S 2
[647] = Z 2
[648] = CNOT 2 42
[649] = CNOT 2 10
[650] = CNOT 3 5
[651] = CNOT 3 8
[652] = CNOT 3 14
[653] = CNOT 3 41
[654] = T 3
[655] = CNOT 3 41
[656] = CNOT 3 14
[657] = CNOT 3 8
[658] = CNOT 3 5
[659] = CNOT 1 3
[660] = CNOT 1 7
[661] = T 1
[662] = CNOT 1 7
[663] = CNOT 1 5
[664] = CNOT 1 10
[665] = CNOT 1 36
[666] = T 1
[667] = CNOT 1 36
[668] = CNOT 1 10
[669] = CNOT 1 2
[670] = CNOT 1 8
[671] = CNOT 1 12
[672] = CNOT 1 44
[673] = T 1
[674] = CNOT 1 44
[675] = CNOT 1 12
[676] = CNOT 1 8
[677] = CNOT 1 3
[678] = CNOT 1 2
[679] = CNOT 3 5
[680] = CNOT 3 10
[681] = CNOT 3 36
[682] = T 3
[683] = CNOT 3 36
[684] = CNOT 3 10
[685] = CNOT 3 5
[686] = CNOT 1 3
[687] = CNOT 1 36
[688] = T 1
[689] = CNOT 1 36
[690] = CNOT 1 3
[691] = CNOT 3 5
[692] = CNOT 3 36
[693] = T 3
[694] = Z 3
[695] = CNOT 3 36
[696] = CNOT 3 5
[697] = CNOT 1 2
[698] = CNOT 1 3
[699] = CNOT 1 8
[700] = CNOT 1 14
[701] = CNOT 1 42
[702] = T 1
[703] = CNOT 1 3
[704] = CNOT 1 2
[705] = CNOT 2 7
[706] = CNOT 2 10
[707] = T 2
[708] = S 2
[709] = Z 2
[710] = CNOT 2 10
[711] = CNOT 2 7
[712] = CNOT 1 2
[713] = T 1
[714] = CNOT 1 14
[715] = CNOT 1 2
[716] = T 1
[717] = CNOT 1 42
[718] = CNOT 1 3
[719] = CNOT 1 10
[720] = CNOT 1 37
[721] = T 1
[722] = CNOT 1 3
[723] = CNOT 3 17
[724] = T 3
[725] = CNOT 3 17
[726] = CNOT 1 2
[727] = CNOT 1 3
[728] = T 1
[729] = CNOT 1 10
[730] = CNOT 1 2
[731] = T 1
[732] = CNOT 1 37
[733] = CNOT 1 5
[734] = CNOT 1 2
[735] = CNOT 1 7
[736] = CNOT 1 13
[737] = CNOT 1 19
[738] = T 1
[739] = CNOT 1 19
[740] = T 1
[741] = CNOT 1 7
[742] = CNOT 1 19
[743] = T 1
[744] = CNOT 1 13
[745] = CNOT 1 7
[746] = T 1
[747] = CNOT 1 7
[748] = CNOT 1 17
[749] = T 1
[750] = CNOT 1 19
[751] = CNOT 1 17
[752] = CNOT 1 3
[753] = CNOT 1 16
[754] = T 1
[755] = CNOT 1 16
[756] = CNOT 1 17
[757] = CNOT 1 19
[758] = T 1
[759] = CNOT 1 19
[760] = CNOT 1 17
[761] = CNOT 1 8
[762] = CNOT 1 2
[763] = CNOT 2 6
[764] = CNOT 2 44
[765] = T 2
[766] = S 2
[767] = Z 2
[768] = CNOT 2 6
[769] = CNOT 1 5
[770] = CNOT 1 15
[771] = CNOT 1 42
[772] = T 1
[773] = CNOT 2 13
[774] = T 2
[775] = S 2
[776] = Z 2
[777] = CNOT 2 44
[778] = CNOT 2 13
[779] = CNOT 1 2
[780] = T 1
[781] = CNOT 1 15
[782] = CNOT 1 3
[783] = T 1
[784] = CNOT 1 42
[785] = CNOT 1 2
[786] = CNOT 2 3
[787] = CNOT 2 5
[788] = CNOT 2 8
[789] = CNOT 2 11
[790] = CNOT 2 37
[791] = T 2
[792] = CNOT 2 37
[793] = CNOT 2 11
[794] = CNOT 2 8
[795] = CNOT 2 5
[796] = CNOT 2 3
[797] = CNOT 1 2
[798] = CNOT 1 7
[799] = CNOT 1 8
[800] = CNOT 1 12
[801] = CNOT 1 44
[802] = T 1
[803] = CNOT 1 44
[804] = CNOT 1 12
[805] = CNOT 1 7
[806] = CNOT 1 11
[807] = CNOT 1 37
[808] = T 1
[809] = CNOT 1 37
[810] = CNOT 1 11
[811] = CNOT 1 8
[812] = CNOT 1 5
[813] = CNOT 1 2
[814] = CNOT 2 3
[815] = CNOT 2 5
[816] = CNOT 2 8
[817] = CNOT 2 37
[818] = T 2
[819] = CNOT 2 37
[820] = CNOT 2 8
[821] = CNOT 2 5
[822] = CNOT 2 3
[823] = CNOT 1 6
[824] = CNOT 1 14
[825] = CNOT 1 19
[826] = T 1
[827] = CNOT 1 19
[828] = T 1
[829] = CNOT 1 6
[830] = CNOT 1 19
[831] = T 1
[832] = CNOT 1 14
[833] = CNOT 1 6
[834] = T 1
[835] = CNOT 1 19
[836] = CNOT 1 6
[837] = CNOT 1 3
[838] = CNOT 1 8
[839] = CNOT 1 15
[840] = CNOT 1 43
[841] = T 1
[842] = CNOT 2 42
[843] = T 2
[844] = S 2
[845] = CNOT 2 42
[846] = CNOT 1 3
[847] = T 1
[848] = CNOT 1 43
[849] = CNOT 1 15
[850] = CNOT 1 3
[851] = CNOT 2 17
[852] = CNOT 2 21
[853] = T 2
[854] = S 2
[855] = Z 2
[856] = CNOT 2 21
[857] = CNOT 2 17
[858] = CNOT 2 5
[859] = CNOT 2 8
[860] = CNOT 2 11
[861] = CNOT 2 38
[862] = T 2
[863] = CNOT 2 38
[864] = CNOT 2 11
[865] = CNOT 2 8
[866] = CNOT 2 5
[867] = CNOT 1 5
[868] = CNOT 1 20
[869] = CNOT 1 40
[870] = CNOT 1 41
[871] = T 1
[872] = CNOT 1 41
[873] = CNOT 1 40
[874] = CNOT 1 5
[875] = CNOT 5 8
[876] = CNOT 5 11
[877] = CNOT 5 38
[878] = T 5
[879] = CNOT 5 38
[880] = CNOT 5 11
[881] = CNOT 5 8
[882] = CNOT 3 5
[883] = CNOT 3 8
[884] = CNOT 3 38
[885] = T 3
[886] = CNOT 3 38
[887] = CNOT 3 8
[888] = CNOT 3 5
[889] = CNOT 1 2
[890] = CNOT 1 5
[891] = CNOT 1 7
[892] = CNOT 1 14
[893] = T 1
[894] = CNOT 1 20
[895] = T 1
[896] = CNOT 1 7
[897] = CNOT 1 20
[898] = T 1
[899] = CNOT 1 14
[900] = CNOT 1 7
[901] = T 1
[902] = CNOT 1 7
[903] = CNOT 1 5
[904] = CNOT 1 18
[905] = T 1
[906] = CNOT 1 20
[907] = CNOT 1 18
[908] = CNOT 1 8
[909] = CNOT 1 15
[910] = T 1
[911] = CNOT 1 15
[912] = CNOT 1 3
[913] = CNOT 1 8
[914] = CNOT 1 18
[915] = CNOT 1 20
[916] = T 1
[917] = CNOT 1 18
[918] = CNOT 1 8
[919] = CNOT 1 3
[920] = CNOT 1 2
[921] = CNOT 1 5
[922] = CNOT 1 40
[923] = CNOT 1 41
[924] = T 1
[925] = CNOT 1 41
[926] = CNOT 1 20
[927] = CNOT 1 5
[928] = CNOT 1 3
[929] = CNOT 1 8
[930] = CNOT 1 10
[931] = T 1
[932] = CNOT 1 40
[933] = CNOT 1 2
[934] = CNOT 1 5
[935] = T 1
[936] = CNOT 1 2
[937] = CNOT 1 40
[938] = T 1
[939] = CNOT 1 10
[940] = CNOT 1 2
[941] = T 1
[942] = CNOT 1 40
[943] = CNOT 1 5
[944] = CNOT 1 2
[945] = CNOT 1 16
[946] = CNOT 1 43
[947] = T 1
[948] = CNOT 1 43
[949] = CNOT 1 16
[950] = CNOT 1 8
[951] = CNOT 1 3
[952] = CNOT 1 5
[953] = CNOT 1 18
[954] = CNOT 1 22
[955] = T 1
[956] = CNOT 1 22
[957] = CNOT 1 18
[958] = CNOT 1 5
[959] = CNOT 1 2
[960] = CNOT 1 3
[961] = CNOT 1 8
[962] = CNOT 1 16
[963] = CNOT 1 43
[964] = T 1
[965] = CNOT 1 43
[966] = CNOT 1 16
[967] = CNOT 1 2
[968] = CNOT 2 3
[969] = CNOT 2 5
[970] = CNOT 2 8
[971] = CNOT 2 40
[972] = CNOT 2 41
[973] = CNOT 2 43
[974] = T 2
[975] = CNOT 2 43
[976] = CNOT 2 41
[977] = CNOT 2 40
[978] = CNOT 2 8
[979] = CNOT 2 5
[980] = CNOT 2 3
[981] = CNOT 1 2
[982] = CNOT 1 5
[983] = CNOT 1 12
[984] = CNOT 1 38
[985] = T 1
[986] = CNOT 1 38
[987] = CNOT 1 12
[988] = CNOT 1 7
[989] = CNOT 1 44
[990] = T 1
[991] = CNOT 1 44
[992] = CNOT 1 2
[993] = CNOT 2 3
[994] = CNOT 2 5
[995] = CNOT 2 8
[996] = CNOT 2 12
[997] = CNOT 2 38
[998] = T 2
[999] = CNOT 2 38
[1000] = CNOT 2 12
[1001] = CNOT 2 8
[1002] = CNOT 2 5
[1003] = CNOT 2 3
[1004] = CNOT 1 2
[1005] = CNOT 1 11
[1006] = T 1
[1007] = CNOT 1 43
[1008] = T 1
[1009] = CNOT 1 43
[1010] = CNOT 1 11
[1011] = CNOT 1 7
[1012] = CNOT 1 3
[1013] = CNOT 1 6
[1014] = CNOT 1 15
[1015] = CNOT 1 20
[1016] = T 1
[1017] = CNOT 1 20
[1018] = T 1
[1019] = CNOT 1 6
[1020] = CNOT 1 20
[1021] = T 1
[1022] = CNOT 1 15
[1023] = CNOT 1 6
[1024] = T 1
[1025] = CNOT 1 20
[1026] = CNOT 1 8
[1027] = CNOT 1 5
[1028] = CNOT 1 2
[1029] = CNOT 8 16
[1030] = CNOT 8 44
[1031] = T 8
[1032] = S 8
[1033] = Z 8
[1034] = CNOT 8 44
[1035] = CNOT 8 16
[1036] = CNOT 1 8
[1037] = CNOT 1 12
[1038] = CNOT 1 43
[1039] = T 1
[1040] = CNOT 1 43
[1041] = CNOT 3 8
[1042] = CNOT 3 16
[1043] = CNOT 3 44
[1044] = T 3
[1045] = CNOT 3 16
[1046] = CNOT 3 8
[1047] = T 1
[1048] = CNOT 1 6
[1049] = CNOT 3 5
[1050] = CNOT 3 14
[1051] = T 3
[1052] = CNOT 3 44
[1053] = CNOT 3 14
[1054] = CNOT 3 5
[1055] = CNOT 1 39
[1056] = T 1
[1057] = CNOT 1 39
[1058] = CNOT 1 3
[1059] = CNOT 1 40
[1060] = CNOT 1 41
[1061] = T 1
[1062] = CNOT 1 41
[1063] = CNOT 1 40
[1064] = CNOT 1 3
[1065] = CNOT 1 2
[1066] = CNOT 1 39
[1067] = T 1
[1068] = CNOT 1 12
[1069] = CNOT 1 3
[1070] = T 1
[1071] = CNOT 1 39
[1072] = CNOT 1 3
[1073] = CNOT 1 2
[1074] = CNOT 1 17
[1075] = CNOT 1 44
[1076] = T 1
[1077] = CNOT 1 44
[1078] = CNOT 1 17
[1079] = CNOT 1 2
[1080] = CNOT 1 16
[1081] = CNOT 1 20
[1082] = T 1
[1083] = CNOT 1 20
[1084] = CNOT 1 16
[1085] = CNOT 1 17
[1086] = CNOT 1 44
[1087] = T 1
[1088] = CNOT 1 44
[1089] = CNOT 1 17
[1090] = CNOT 1 2
[1091] = CNOT 3 5
[1092] = CNOT 3 12
[1093] = CNOT 3 42
[1094] = T 3
[1095] = CNOT 3 42
[1096] = CNOT 3 12
[1097] = CNOT 3 5
[1098] = CNOT 1 13
[1099] = CNOT 1 39
[1100] = T 1
[1101] = CNOT 1 39
[1102] = CNOT 1 13
[1103] = CNOT 1 2
[1104] = CNOT 1 3
[1105] = CNOT 1 5
[1106] = CNOT 1 7
[1107] = CNOT 1 43
[1108] = T 1
[1109] = CNOT 1 43
[1110] = CNOT 1 8
[1111] = CNOT 1 7
[1112] = CNOT 1 5
[1113] = CNOT 1 3
[1114] = CNOT 8 13
[1115] = CNOT 8 39
[1116] = T 8
[1117] = S 8
[1118] = Z 8
[1119] = CNOT 8 39
[1120] = CNOT 8 13
[1121] = T 1
[1122] = Z 1
[1123] = CNOT 1 2
[1124] = CNOT 1 3
[1125] = CNOT 1 5
[1126] = CNOT 1 6
[1127] = CNOT 1 16
[1128] = CNOT 1 21
[1129] = T 1
[1130] = CNOT 1 21
[1131] = T 1
[1132] = CNOT 1 6
[1133] = CNOT 1 21
[1134] = T 1
[1135] = CNOT 1 16
[1136] = CNOT 1 6
[1137] = T 1
[1138] = CNOT 1 21
[1139] = CNOT 1 6
[1140] = CNOT 1 3
[1141] = CNOT 3 5
[1142] = CNOT 3 11
[1143] = CNOT 3 41
[1144] = T 3
[1145] = CNOT 3 41
[1146] = CNOT 3 11
[1147] = CNOT 3 5
[1148] = CNOT 1 8
[1149] = CNOT 1 13
[1150] = CNOT 1 40
[1151] = CNOT 1 41
[1152] = T 1
[1153] = CNOT 1 41
[1154] = CNOT 1 40
[1155] = CNOT 1 13
[1156] = CNOT 1 8
[1157] = CNOT 1 5
[1158] = CNOT 5 8
[1159] = CNOT 5 13
[1160] = CNOT 5 41
[1161] = T 5
[1162] = CNOT 5 41
[1163] = CNOT 5 13
[1164] = CNOT 5 8
[1165] = CNOT 1 18
[1166] = CNOT 1 22
[1167] = T 1
[1168] = S 1
[1169] = Z 1
[1170] = CNOT 1 22
[1171] = CNOT 1 3
[1172] = T 1
[1173] = S 1
[1174] = CNOT 1 18
[1175] = CNOT 8 14
[1176] = CNOT 8 40
[1177] = T 8
[1178] = S 8
[1179] = Z 8
[1180] = CNOT 8 40
[1181] = CNOT 8 14
[1182] = CNOT 1 2
[1183] = CNOT 1 5
[1184] = CNOT 1 8
[1185] = CNOT 1 11
[1186] = CNOT 1 43
[1187] = T 1
[1188] = CNOT 1 43
[1189] = CNOT 1 11
[1190] = CNOT 1 5
[1191] = CNOT 1 3
[1192] = CNOT 1 2
[1193] = CNOT 1 14
[1194] = CNOT 1 40
[1195] = T 1
[1196] = CNOT 1 40
[1197] = CNOT 1 14
[1198] = CNOT 2 6
[1199] = CNOT 2 13
[1200] = T 2
[1201] = S 2
[1202] = Z 2
[1203] = CNOT 2 44
[1204] = T 2
[1205] = CNOT 2 44
[1206] = CNOT 2 13
[1207] = CNOT 2 6
[1208] = CNOT 1 6
[1209] = CNOT 1 17
[1210] = CNOT 1 22
[1211] = T 1
[1212] = CNOT 1 22
[1213] = T 1
[1214] = CNOT 1 6
[1215] = CNOT 1 22
[1216] = T 1
[1217] = CNOT 1 17
[1218] = CNOT 1 6
[1219] = T 1
[1220] = CNOT 1 22
[1221] = CNOT 1 6
[1222] = CNOT 1 2
[1223] = CNOT 1 5
[1224] = CNOT 1 15
[1225] = CNOT 1 41
[1226] = T 1
[1227] = CNOT 1 41
[1228] = CNOT 1 15
[1229] = CNOT 1 8
[1230] = CNOT 1 2
[1231] = CNOT 1 3
[1232] = CNOT 1 6
[1233] = T 1
[1234] = CNOT 1 5
[1235] = CNOT 1 3
[1236] = CNOT 2 5
[1237] = CNOT 2 8
[1238] = CNOT 2 15
[1239] = CNOT 2 41
[1240] = T 2
[1241] = CNOT 2 41
[1242] = CNOT 2 15
[1243] = CNOT 2 8
[1244] = CNOT 2 5
[1245] = CNOT 2 7
[1246] = CNOT 2 42
[1247] = T 2
[1248] = S 2
[1249] = Z 2
[1250] = CNOT 2 42
[1251] = CNOT 2 7
[1252] = CNOT 2 6
[1253] = CNOT 2 18
[1254] = CNOT 2 23
[1255] = T 2
[1256] = CNOT 2 23
[1257] = T 2
[1258] = S 2
[1259] = Z 2
[1260] = CNOT 2 6
[1261] = CNOT 2 23
[1262] = T 2
[1263] = S 2
[1264] = Z 2
[1265] = CNOT 2 18
[1266] = CNOT 2 6
[1267] = T 2
[1268] = S 2
[1269] = Z 2
[1270] = CNOT 2 23
[1271] = CNOT 2 6
[1272] = CNOT 3 8
[1273] = CNOT 3 16
[1274] = CNOT 3 42
[1275] = T 3
[1276] = CNOT 3 42
[1277] = CNOT 3 16
[1278] = CNOT 3 8
[1279] = CNOT 1 8
[1280] = CNOT 1 43
[1281] = T 1
[1282] = CNOT 1 43
[1283] = CNOT 1 6
[1284] = CNOT 1 3
[1285] = CNOT 1 16
[1286] = CNOT 1 42
[1287] = T 1
[1288] = CNOT 1 16
[1289] = CNOT 1 8
[1290] = CNOT 1 6
[1291] = T 1
[1292] = CNOT 1 42
[1293] = CNOT 1 6
[1294] = CNOT 1 3
[1295] = CNOT 1 2
[1296] = CNOT 1 5
[1297] = CNOT 1 17
[1298] = CNOT 1 43
[1299] = T 1
[1300] = CNOT 1 17
[1301] = CNOT 1 5
[1302] = CNOT 1 2
[1303] = CNOT 1 8
[1304] = CNOT 1 12
[1305] = T 1
[1306] = CNOT 1 43
[1307] = CNOT 1 12
[1308] = CNOT 2 5
[1309] = CNOT 2 17
[1310] = CNOT 2 43
[1311] = T 2
[1312] = CNOT 2 43
[1313] = CNOT 2 17
[1314] = CNOT 2 5
[1315] = CNOT 1 2
[1316] = CNOT 1 5
[1317] = CNOT 1 16
[1318] = CNOT 1 20
[1319] = T 1
[1320] = CNOT 1 20
[1321] = CNOT 1 16
[1322] = CNOT 1 8
[1323] = CNOT 1 5
[1324] = CNOT 1 2
[1325] = CNOT 5 18
[1326] = CNOT 5 44
[1327] = T 5
[1328] = S 5
[1329] = Z 5
[1330] = CNOT 5 44
[1331] = CNOT 5 18
[1332] = CNOT 1 3
[1333] = CNOT 1 11
[1334] = CNOT 1 42
[1335] = T 1
[1336] = CNOT 1 42
[1337] = CNOT 1 11
[1338] = CNOT 1 3
[1339] = CNOT 1 5
[1340] = CNOT 1 18
[1341] = CNOT 1 44
[1342] = T 1
[1343] = CNOT 1 44
[1344] = CNOT 1 18
[1345] = CNOT 1 2
[1346] = CNOT 1 3
[1347] = CNOT 1 7
[1348] = CNOT 1 8
[1349] = CNOT 1 12
[1350] = T 1
[1351] = CNOT 1 12
[1352] = CNOT 1 8
[1353] = CNOT 1 7
[1354] = CNOT 1 5
[1355] = CNOT 1 2
[1356] = CNOT 1 6
[1357] = CNOT 1 11
[1358] = T 1
[1359] = CNOT 1 11
[1360] = CNOT 1 6
[1361] = CNOT 1 3
[1362] = CNOT 3 4
[1363] = CNOT 3 5
[1364] = CNOT 3 12
[1365] = CNOT 3 41
[1366] = T 3
[1367] = CNOT 3 41
[1368] = T 3
[1369] = CNOT 3 12
[1370] = CNOT 3 5
[1371] = CNOT 3 4
[1372] = CNOT 1 3
[1373] = CNOT 1 5
[1374] = CNOT 1 12
[1375] = CNOT 1 40
[1376] = T 1
[1377] = CNOT 1 40
[1378] = CNOT 1 12
[1379] = CNOT 1 3
[1380] = CNOT 3 4
[1381] = CNOT 3 5
[1382] = CNOT 3 41
[1383] = T 3
[1384] = CNOT 3 41
[1385] = CNOT 3 8
[1386] = CNOT 3 13
[1387] = CNOT 3 42
[1388] = T 3
[1389] = CNOT 3 42
[1390] = T 3
[1391] = CNOT 3 4
[1392] = CNOT 3 42
[1393] = T 3
[1394] = CNOT 3 13
[1395] = CNOT 3 4
[1396] = T 3
[1397] = CNOT 3 42
[1398] = CNOT 3 8
[1399] = CNOT 3 5
[1400] = CNOT 3 4
[1401] = CNOT 2 4
[1402] = CNOT 2 5
[1403] = CNOT 2 8
[1404] = CNOT 2 14
[1405] = CNOT 2 43
[1406] = T 2
[1407] = CNOT 2 43
[1408] = T 2
[1409] = CNOT 2 4
[1410] = CNOT 2 43
[1411] = T 2
[1412] = CNOT 2 14
[1413] = CNOT 2 4
[1414] = T 2
[1415] = CNOT 2 43
[1416] = CNOT 2 8
[1417] = CNOT 2 5
[1418] = CNOT 2 4
[1419] = CNOT 1 3
[1420] = CNOT 1 4
[1421] = CNOT 1 15
[1422] = CNOT 1 44
[1423] = T 1
[1424] = CNOT 1 44
[1425] = T 1
[1426] = CNOT 1 4
[1427] = CNOT 1 44
[1428] = T 1
[1429] = CNOT 1 15
[1430] = CNOT 1 4
[1431] = T 1
[1432] = CNOT 1 44
[1433] = CNOT 1 8
[1434] = CNOT 1 16
[1435] = CNOT 1 19
[1436] = T 1
[1437] = CNOT 1 19
[1438] = T 1
[1439] = CNOT 1 4
[1440] = CNOT 1 19
[1441] = T 1
[1442] = CNOT 1 16
[1443] = CNOT 1 4
[1444] = T 1
[1445] = CNOT 1 19
[1446] = CNOT 1 8
[1447] = CNOT 1 3
[1448] = CNOT 1 2
[1449] = CNOT 1 17
[1450] = CNOT 1 20
[1451] = T 1
[1452] = CNOT 1 20
[1453] = T 1
[1454] = CNOT 1 4
[1455] = CNOT 1 20
[1456] = T 1
[1457] = CNOT 1 17
[1458] = CNOT 1 4
[1459] = T 1
[1460] = CNOT 1 20
[1461] = CNOT 1 2
[1462] = CNOT 2 4
[1463] = CNOT 2 5
[1464] = CNOT 2 18
[1465] = CNOT 2 21
[1466] = T 2
[1467] = CNOT 2 21
[1468] = T 2
[1469] = CNOT 2 4
[1470] = CNOT 2 21
[1471] = T 2
[1472] = CNOT 2 18
[1473] = CNOT 2 4
[1474] = T 2
[1475] = CNOT 2 21
[1476] = CNOT 2 5
[1477] = CNOT 2 4
[1478] = CNOT 1 2
[1479] = CNOT 1 8
[1480] = T 1
[1481] = CNOT 1 4
[1482] = CNOT 1 6
[1483] = CNOT 1 10
[1484] = CNOT 1 41
[1485] = T 1
[1486] = CNOT 1 41
[1487] = T 1
[1488] = CNOT 1 6
[1489] = CNOT 1 41
[1490] = T 1
[1491] = CNOT 1 10
[1492] = CNOT 1 6
[1493] = T 1
[1494] = CNOT 1 41
[1495] = CNOT 1 8
[1496] = CNOT 1 6
[1497] = CNOT 1 5
[1498] = CNOT 1 2
[1499] = CNOT 3 11
[1500] = CNOT 3 41
[1501] = T 3
[1502] = S 3
[1503] = Z 3
[1504] = CNOT 3 41
[1505] = T 3
[1506] = S 3
[1507] = CNOT 3 11
[1508] = S 1
[1509] = Z 2
[1510] = S 3
[1511] = S 5
[1512] = Z 5
[1513] = S 6
[1514] = Z 6
[1515] = Z 7
[1516] = S 12
[1517] = Z 14
[1518] = S 15
[1519] = Z 15
[1520] = S 17
[1521] = Z 17
[1522] = S 18
[1523] = Z 19
[1524] = S 20
[1525] = Z 20
[1526] = Z 22
[1527] = S 24
[1528] = S 25
[1529] = S 26
[1530] = Z 26
[1531] = Z 27
[1532] = Z 28
[1533] = Z 29
[1534] = Z 30
[1535] = Z 32
[1536] = S 33
[1537] = Z 33
[1538] = S 34
[1539] = Z 34
[1540] = S 36
[1541] = Z 36
[1542] = S 37
[1543] = Z 40
[1544] = Z 41
[1545] = Z 42
[1546] = Z 43
[1547] = Z 44
[1548] = CNOT 1 4
[1549] = S 1
[1550] = Z 1
[1551] = CNOT 1 4
[1552] = CNOT 1 5
[1553] = S 1
[1554] = Z 1
[1555] = CNOT 1 5
[1556] = CNOT 1 7
[1557] = S 1
[1558] = CNOT 1 7
[1559] = CNOT 1 8
[1560] = Z 1
[1561] = CNOT 1 8
[1562] = CNOT 1 9
[1563] = S 1
[1564] = CNOT 1 9
[1565] = CNOT 1 11
[1566] = Z 1
[1567] = CNOT 1 11
[1568] = CNOT 1 12
[1569] = S 1
[1570] = CNOT 1 12
[1571] = CNOT 1 13
[1572] = S 1
[1573] = CNOT 1 13
[1574] = CNOT 1 15
[1575] = Z 1
[1576] = CNOT 1 15
[1577] = CNOT 1 16
[1578] = S 1
[1579] = CNOT 1 16
[1580] = CNOT 1 17
[1581] = S 1
[1582] = Z 1
[1583] = CNOT 1 17
[1584] = CNOT 1 18
[1585] = S 1
[1586] = Z 1
[1587] = CNOT 1 18
[1588] = CNOT 1 21
[1589] = S 1
[1590] = Z 1
[1591] = CNOT 1 21
[1592] = CNOT 1 22
[1593] = S 1
[1594] = Z 1
[1595] = CNOT 1 22
[1596] = CNOT 1 24
[1597] = S 1
[1598] = Z 1
[1599] = CNOT 1 24
[1600] = CNOT 1 36
[1601] = S 1
[1602] = Z 1
[1603] = CNOT 1 36
[1604] = CNOT 1 37
[1605] = Z 1
[1606] = CNOT 1 37
[1607] = CNOT 1 38
[1608] = S 1
[1609] = CNOT 1 38
[1610] = CNOT 1 39
[1611] = S 1
[1612] = Z 1
[1613] = CNOT 1 39
[1614] = CNOT 1 40
[1615] = S 1
[1616] = Z 1
[1617] = CNOT 1 40
[1618] = CNOT 1 41
[1619] = Z 1
[1620] = CNOT 1 41
[1621] = CNOT 1 42
[1622] = S 1
[1623] = Z 1
[1624] = CNOT 1 42
[1625] = CNOT 1 43
[1626] = S 1
[1627] = CNOT 1 43
[1628] = CNOT 1 44
[1629] = S 1
[1630] = CNOT 1 44
[1631] = CNOT 2 3
[1632] = S 2
[1633] = Z 2
[1634] = CNOT 2 3
[1635] = CNOT 2 5
[1636] = S 2
[1637] = Z 2
[1638] = CNOT 2 5
[1639] = CNOT 2 6
[1640] = S 2
[1641] = Z 2
[1642] = CNOT 2 6
[1643] = CNOT 2 7
[1644] = Z 2
[1645] = CNOT 2 7
[1646] = CNOT 2 11
[1647] = S 2
[1648] = CNOT 2 11
[1649] = CNOT 2 12
[1650] = Z 2
[1651] = CNOT 2 12
[1652] = CNOT 2 14
[1653] = Z 2
[1654] = CNOT 2 14
[1655] = CNOT 2 15
[1656] = Z 2
[1657] = CNOT 2 15
[1658] = CNOT 2 16
[1659] = Z 2
[1660] = CNOT 2 16
[1661] = CNOT 2 18
[1662] = S 2
[1663] = Z 2
[1664] = CNOT 2 18
[1665] = CNOT 2 19
[1666] = S 2
[1667] = Z 2
[1668] = CNOT 2 19
[1669] = CNOT 2 20
[1670] = Z 2
[1671] = CNOT 2 20
[1672] = CNOT 2 23
[1673] = Z 2
[1674] = CNOT 2 23
[1675] = CNOT 2 24
[1676] = S 2
[1677] = Z 2
[1678] = CNOT 2 24
[1679] = CNOT 2 37
[1680] = Z 2
[1681] = CNOT 2 37
[1682] = CNOT 2 38
[1683] = S 2
[1684] = CNOT 2 38
[1685] = CNOT 2 40
[1686] = S 2
[1687] = Z 2
[1688] = CNOT 2 40
[1689] = CNOT 2 41
[1690] = Z 2
[1691] = CNOT 2 41
[1692] = CNOT 2 44
[1693] = S 2
[1694] = CNOT 2 44
[1695] = CNOT 3 4
[1696] = Z 3
[1697] = CNOT 3 4
[1698] = CNOT 3 6
[1699] = Z 3
[1700] = CNOT 3 6
[1701] = CNOT 3 7
[1702] = S 3
[1703] = CNOT 3 7
[1704] = CNOT 3 9
[1705] = Z 3
[1706] = CNOT 3 9
[1707] = CNOT 3 10
[1708] = Z 3
[1709] = CNOT 3 10
[1710] = CNOT 3 12
[1711] = S 3
[1712] = CNOT 3 12
[1713] = CNOT 3 13
[1714] = S 3
[1715] = Z 3
[1716] = CNOT 3 13
[1717] = CNOT 3 14
[1718] = S 3
[1719] = Z 3
[1720] = CNOT 3 14
[1721] = CNOT 3 15
[1722] = S 3
[1723] = Z 3
[1724] = CNOT 3 15
[1725] = CNOT 3 16
[1726] = Z 3
[1727] = CNOT 3 16
[1728] = CNOT 3 18
[1729] = S 3
[1730] = Z 3
[1731] = CNOT 3 18
[1732] = CNOT 3 20
[1733] = Z 3
[1734] = CNOT 3 20
[1735] = CNOT 3 21
[1736] = S 3
[1737] = Z 3
[1738] = CNOT 3 21
[1739] = CNOT 3 24
[1740] = S 3
[1741] = Z 3
[1742] = CNOT 3 24
[1743] = CNOT 3 25
[1744] = S 3
[1745] = Z 3
[1746] = CNOT 3 25
[1747] = CNOT 3 36
[1748] = Z 3
[1749] = CNOT 3 36
[1750] = CNOT 3 37
[1751] = S 3
[1752] = Z 3
[1753] = CNOT 3 37
[1754] = CNOT 3 38
[1755] = S 3
[1756] = CNOT 3 38
[1757] = CNOT 3 41
[1758] = S 3
[1759] = Z 3
[1760] = CNOT 3 41
[1761] = CNOT 3 42
[1762] = Z 3
[1763] = CNOT 3 42
[1764] = CNOT 3 43
[1765] = S 3
[1766] = CNOT 3 43
[1767] = CNOT 3 44
[1768] = Z 3
[1769] = CNOT 3 44
[1770] = CNOT 4 5
[1771] = Z 4
[1772] = CNOT 4 5
[1773] = CNOT 4 8
[1774] = Z 4
[1775] = CNOT 4 8
[1776] = CNOT 4 10
[1777] = Z 4
[1778] = CNOT 4 10
[1779] = CNOT 4 11
[1780] = Z 4
[1781] = CNOT 4 11
[1782] = CNOT 4 12
[1783] = S 4
[1784] = Z 4
[1785] = CNOT 4 12
[1786] = CNOT 4 16
[1787] = S 4
[1788] = CNOT 4 16
[1789] = CNOT 4 18
[1790] = S 4
[1791] = Z 4
[1792] = CNOT 4 18
[1793] = CNOT 4 19
[1794] = S 4
[1795] = CNOT 4 19
[1796] = CNOT 4 21
[1797] = S 4
[1798] = Z 4
[1799] = CNOT 4 21
[1800] = CNOT 4 39
[1801] = Z 4
[1802] = CNOT 4 39
[1803] = CNOT 4 40
[1804] = Z 4
[1805] = CNOT 4 40
[1806] = CNOT 4 41
[1807] = S 4
[1808] = Z 4
[1809] = CNOT 4 41
[1810] = CNOT 5 7
[1811] = S 5
[1812] = Z 5
[1813] = CNOT 5 7
[1814] = CNOT 5 8
[1815] = S 5
[1816] = CNOT 5 8
[1817] = CNOT 5 9
[1818] = S 5
[1819] = Z 5
[1820] = CNOT 5 9
[1821] = CNOT 5 11
[1822] = S 5
[1823] = Z 5
[1824] = CNOT 5 11
[1825] = CNOT 5 12
[1826] = S 5
[1827] = CNOT 5 12
[1828] = CNOT 5 14
[1829] = Z 5
[1830] = CNOT 5 14
[1831] = CNOT 5 15
[1832] = S 5
[1833] = Z 5
[1834] = CNOT 5 15
[1835] = CNOT 5 17
[1836] = S 5
[1837] = Z 5
[1838] = CNOT 5 17
[1839] = CNOT 5 18
[1840] = S 5
[1841] = CNOT 5 18
[1842] = CNOT 5 19
[1843] = S 5
[1844] = Z 5
[1845] = CNOT 5 19
[1846] = CNOT 5 20
[1847] = S 5
[1848] = CNOT 5 20
[1849] = CNOT 5 21
[1850] = S 5
[1851] = Z 5
[1852] = CNOT 5 21
[1853] = CNOT 5 22
[1854] = Z 5
[1855] = CNOT 5 22
[1856] = CNOT 5 23
[1857] = S 5
[1858] = Z 5
[1859] = CNOT 5 23
[1860] = CNOT 5 36
[1861] = Z 5
[1862] = CNOT 5 36
[1863] = CNOT 5 37
[1864] = S 5
[1865] = Z 5
[1866] = CNOT 5 37
[1867] = CNOT 5 38
[1868] = S 5
[1869] = CNOT 5 38
[1870] = CNOT 5 41
[1871] = S 5
[1872] = CNOT 5 41
[1873] = CNOT 6 8
[1874] = Z 6
[1875] = CNOT 6 8
[1876] = CNOT 6 10
[1877] = S 6
[1878] = CNOT 6 10
[1879] = CNOT 6 11
[1880] = S 6
[1881] = Z 6
[1882] = CNOT 6 11
[1883] = CNOT 6 12
[1884] = S 6
[1885] = Z 6
[1886] = CNOT 6 12
[1887] = CNOT 6 13
[1888] = Z 6
[1889] = CNOT 6 13
[1890] = CNOT 6 14
[1891] = S 6
[1892] = Z 6
[1893] = CNOT 6 14
[1894] = CNOT 6 15
[1895] = S 6
[1896] = CNOT 6 15
[1897] = CNOT 6 17
[1898] = S 6
[1899] = Z 6
[1900] = CNOT 6 17
[1901] = CNOT 6 18
[1902] = Z 6
[1903] = CNOT 6 18
[1904] = CNOT 6 19
[1905] = S 6
[1906] = Z 6
[1907] = CNOT 6 19
[1908] = CNOT 6 20
[1909] = S 6
[1910] = CNOT 6 20
[1911] = CNOT 6 22
[1912] = S 6
[1913] = Z 6
[1914] = CNOT 6 22
[1915] = CNOT 6 23
[1916] = Z 6
[1917] = CNOT 6 23
[1918] = CNOT 6 41
[1919] = S 6
[1920] = CNOT 6 41
[1921] = CNOT 6 42
[1922] = S 6
[1923] = Z 6
[1924] = CNOT 6 42
[1925] = CNOT 6 43
[1926] = S 6
[1927] = Z 6
[1928] = CNOT 6 43
[1929] = CNOT 6 44
[1930] = Z 6
[1931] = CNOT 6 44
[1932] = CNOT 7 8
[1933] = S 7
[1934] = Z 7
[1935] = CNOT 7 8
[1936] = CNOT 7 10
[1937] = Z 7
[1938] = CNOT 7 10
[1939] = CNOT 7 11
[1940] = Z 7
[1941] = CNOT 7 11
[1942] = CNOT 7 12
[1943] = Z 7
[1944] = CNOT 7 12
[1945] = CNOT 7 13
[1946] = S 7
[1947] = CNOT 7 13
[1948] = CNOT 7 14
[1949] = S 7
[1950] = CNOT 7 14
[1951] = CNOT 7 15
[1952] = S 7
[1953] = Z 7
[1954] = CNOT 7 15
[1955] = CNOT 7 16
[1956] = S 7
[1957] = CNOT 7 16
[1958] = CNOT 7 17
[1959] = Z 7
[1960] = CNOT 7 17
[1961] = CNOT 7 18
[1962] = S 7
[1963] = CNOT 7 18
[1964] = CNOT 7 19
[1965] = S 7
[1966] = CNOT 7 19
[1967] = CNOT 7 20
[1968] = S 7
[1969] = CNOT 7 20
[1970] = CNOT 7 21
[1971] = S 7
[1972] = Z 7
[1973] = CNOT 7 21
[1974] = CNOT 7 22
[1975] = S 7
[1976] = CNOT 7 22
[1977] = CNOT 7 23
[1978] = Z 7
[1979] = CNOT 7 23
[1980] = CNOT 7 24
[1981] = S 7
[1982] = CNOT 7 24
[1983] = CNOT 7 42
[1984] = Z 7
[1985] = CNOT 7 42
[1986] = CNOT 7 43
[1987] = Z 7
[1988] = CNOT 7 43
[1989] = CNOT 7 44
[1990] = Z 7
[1991] = CNOT 7 44
[1992] = CNOT 8 9
[1993] = S 8
[1994] = Z 8
[1995] = CNOT 8 9
[1996] = CNOT 8 10
[1997] = Z 8
[1998] = CNOT 8 10
[1999] = CNOT 8 11
[2000] = S 8
[2001] = CNOT 8 11
[2002] = CNOT 8 13
[2003] = Z 8
[2004] = CNOT 8 13
[2005] = CNOT 8 14
[2006] = S 8
[2007] = CNOT 8 14
[2008] = CNOT 8 15
[2009] = S 8
[2010] = CNOT 8 15
[2011] = CNOT 8 16
[2012] = Z 8
[2013] = CNOT 8 16
[2014] = CNOT 8 17
[2015] = S 8
[2016] = Z 8
[2017] = CNOT 8 17
[2018] = CNOT 8 18
[2019] = S 8
[2020] = Z 8
[2021] = CNOT 8 18
[2022] = CNOT 8 20
[2023] = Z 8
[2024] = CNOT 8 20
[2025] = CNOT 8 22
[2026] = Z 8
[2027] = CNOT 8 22
[2028] = CNOT 8 24
[2029] = Z 8
[2030] = CNOT 8 24
[2031] = CNOT 8 25
[2032] = Z 8
[2033] = CNOT 8 25
[2034] = CNOT 8 37
[2035] = S 8
[2036] = Z 8
[2037] = CNOT 8 37
[2038] = CNOT 8 38
[2039] = S 8
[2040] = CNOT 8 38
[2041] = CNOT 8 40
[2042] = S 8
[2043] = CNOT 8 40
[2044] = CNOT 8 41
[2045] = S 8
[2046] = Z 8
[2047] = CNOT 8 41
[2048] = CNOT 8 42
[2049] = S 8
[2050] = CNOT 8 42
[2051] = CNOT 8 44
[2052] = S 8
[2053] = CNOT 8 44
[2054] = CNOT 9 11
[2055] = S 9
[2056] = Z 9
[2057] = CNOT 9 11
[2058] = CNOT 9 13
[2059] = S 9
[2060] = Z 9
[2061] = CNOT 9 13
[2062] = CNOT 9 14
[2063] = S 9
[2064] = CNOT 9 14
[2065] = CNOT 9 17
[2066] = Z 9
[2067] = CNOT 9 17
[2068] = CNOT 9 18
[2069] = Z 9
[2070] = CNOT 9 18
[2071] = CNOT 9 19
[2072] = S 9
[2073] = Z 9
[2074] = CNOT 9 19
[2075] = CNOT 9 21
[2076] = S 9
[2077] = Z 9
[2078] = CNOT 9 21
[2079] = CNOT 9 22
[2080] = S 9
[2081] = CNOT 9 22
[2082] = CNOT 9 25
[2083] = Z 9
[2084] = CNOT 9 25
[2085] = CNOT 9 26
[2086] = Z 9
[2087] = CNOT 9 26
[2088] = CNOT 10 36
[2089] = S 10
[2090] = Z 10
[2091] = CNOT 10 36
[2092] = CNOT 10 37
[2093] = S 10
[2094] = CNOT 10 37
[2095] = CNOT 10 39
[2096] = Z 10
[2097] = CNOT 10 39
[2098] = CNOT 10 41
[2099] = S 10
[2100] = CNOT 10 41
[2101] = CNOT 10 42
[2102] = Z 10
[2103] = CNOT 10 42
[2104] = CNOT 10 43
[2105] = S 10
[2106] = Z 10
[2107] = CNOT 10 43
[2108] = CNOT 11 19
[2109] = S 11
[2110] = Z 11
[2111] = CNOT 11 19
[2112] = CNOT 11 37
[2113] = S 11
[2114] = CNOT 11 37
[2115] = CNOT 11 38
[2116] = S 11
[2117] = Z 11
[2118] = CNOT 11 38
[2119] = CNOT 11 40
[2120] = Z 11
[2121] = CNOT 11 40
[2122] = CNOT 11 41
[2123] = Z 11
[2124] = CNOT 11 41
[2125] = CNOT 11 42
[2126] = S 11
[2127] = Z 11
[2128] = CNOT 11 42
[2129] = CNOT 11 43
[2130] = Z 11
[2131] = CNOT 11 43
[2132] = CNOT 11 44
[2133] = S 11
[2134] = Z 11
[2135] = CNOT 11 44
[2136] = CNOT 12 38
[2137] = S 12
[2138] = CNOT 12 38
[2139] = CNOT 12 39
[2140] = S 12
[2141] = Z 12
[2142] = CNOT 12 39
[2143] = CNOT 12 40
[2144] = S 12
[2145] = CNOT 12 40
[2146] = CNOT 12 41
[2147] = S 12
[2148] = CNOT 12 41
[2149] = CNOT 12 42
[2150] = Z 12
[2151] = CNOT 12 42
[2152] = CNOT 12 43
[2153] = S 12
[2154] = Z 12
[2155] = CNOT 12 43
[2156] = CNOT 12 44
[2157] = Z 12
[2158] = CNOT 12 44
[2159] = CNOT 13 19
[2160] = S 13
[2161] = CNOT 13 19
[2162] = CNOT 13 20
[2163] = S 13
[2164] = CNOT 13 20
[2165] = CNOT 13 21
[2166] = S 13
[2167] = Z 13
[2168] = CNOT 13 21
[2169] = CNOT 13 39
[2170] = Z 13
[2171] = CNOT 13 39
[2172] = CNOT 13 40
[2173] = Z 13
[2174] = CNOT 13 40
[2175] = CNOT 13 41
[2176] = Z 13
[2177] = CNOT 13 41
[2178] = CNOT 13 44
[2179] = Z 13
[2180] = CNOT 13 44
[2181] = CNOT 14 19
[2182] = S 14
[2183] = Z 14
[2184] = CNOT 14 19
[2185] = CNOT 14 20
[2186] = S 14
[2187] = CNOT 14 20
[2188] = CNOT 14 22
[2189] = S 14
[2190] = CNOT 14 22
[2191] = CNOT 14 40
[2192] = Z 14
[2193] = CNOT 14 40
[2194] = CNOT 14 42
[2195] = S 14
[2196] = CNOT 14 42
[2197] = CNOT 14 44
[2198] = Z 14
[2199] = CNOT 14 44
[2200] = CNOT 15 20
[2201] = S 15
[2202] = CNOT 15 20
[2203] = CNOT 15 21
[2204] = S 15
[2205] = Z 15
[2206] = CNOT 15 21
[2207] = CNOT 15 22
[2208] = Z 15
[2209] = CNOT 15 22
[2210] = CNOT 15 42
[2211] = S 15
[2212] = Z 15
[2213] = CNOT 15 42
[2214] = CNOT 15 43
[2215] = S 15
[2216] = Z 15
[2217] = CNOT 15 43
[2218] = CNOT 16 19
[2219] = S 16
[2220] = CNOT 16 19
[2221] = CNOT 16 22
[2222] = S 16
[2223] = CNOT 16 22
[2224] = CNOT 16 23
[2225] = S 16
[2226] = Z 16
[2227] = CNOT 16 23
[2228] = CNOT 16 42
[2229] = S 16
[2230] = Z 16
[2231] = CNOT 16 42
[2232] = CNOT 16 44
[2233] = Z 16
[2234] = CNOT 16 44
[2235] = CNOT 17 21
[2236] = Z 17
[2237] = CNOT 17 21
[2238] = CNOT 17 22
[2239] = S 17
[2240] = Z 17
[2241] = CNOT 17 22
[2242] = CNOT 17 23
[2243] = Z 17
[2244] = CNOT 17 23
[2245] = CNOT 17 25
[2246] = Z 17
[2247] = CNOT 17 25
[2248] = CNOT 17 43
[2249] = S 17
[2250] = Z 17
[2251] = CNOT 17 43
[2252] = CNOT 17 44
[2253] = S 17
[2254] = Z 17
[2255] = CNOT 17 44
[2256] = CNOT 18 21
[2257] = S 18
[2258] = Z 18
[2259] = CNOT 18 21
[2260] = CNOT 18 22
[2261] = Z 18
[2262] = CNOT 18 22
[2263] = CNOT 18 23
[2264] = Z 18
[2265] = CNOT 18 23
[2266] = CNOT 18 24
[2267] = S 18
[2268] = CNOT 18 24
[2269] = CNOT 18 25
[2270] = Z 18
[2271] = CNOT 18 25
[2272] = CNOT 18 26
[2273] = Z 18
[2274] = CNOT 18 26
[2275] = CNOT 18 44
[2276] = Z 18
[2277] = CNOT 18 44
[2278] = CNOT 19 28
[2279] = S 19
[2280] = CNOT 19 28
[2281] = CNOT 20 29
[2282] = S 20
[2283] = CNOT 20 29
[2284] = CNOT 20 40
[2285] = Z 20
[2286] = CNOT 20 40
[2287] = CNOT 20 41
[2288] = Z 20
[2289] = CNOT 20 41
[2290] = CNOT 21 30
[2291] = S 21
[2292] = CNOT 21 30
[2293] = CNOT 22 31
[2294] = S 22
[2295] = CNOT 22 31
[2296] = CNOT 23 32
[2297] = S 23
[2298] = CNOT 23 32
[2299] = CNOT 24 33
[2300] = S 24
[2301] = CNOT 24 33
[2302] = CNOT 25 34
[2303] = S 25
[2304] = CNOT 25 34
[2305] = CNOT 26 35
[2306] = S 26
[2307] = CNOT 26 35
[2308] = CNOT 27 32
[2309] = S 27
[2310] = CNOT 27 32
[2311] = CNOT 27 44
[2312] = Z 27
[2313] = CNOT 28 32
[2314] = S 28
[2315] = CNOT 28 32
[2316] = CNOT 28 33
[2317] = Z 28
[2318] = CNOT 28 33
[2319] = CNOT 28 36
[2320] = Z 28
[2321] = CNOT 28 36
[2322] = CNOT 28 40
[2323] = S 28
[2324] = Z 28
[2325] = CNOT 28 40
[2326] = CNOT 29 33
[2327] = S 29
[2328] = CNOT 29 33
[2329] = CNOT 29 34
[2330] = Z 29
[2331] = CNOT 29 34
[2332] = CNOT 29 37
[2333] = Z 29
[2334] = CNOT 29 37
[2335] = CNOT 29 41
[2336] = S 29
[2337] = Z 29
[2338] = CNOT 29 41
[2339] = CNOT 30 34
[2340] = S 30
[2341] = CNOT 30 34
[2342] = CNOT 30 35
[2343] = Z 30
[2344] = CNOT 30 35
[2345] = CNOT 30 38
[2346] = Z 30
[2347] = CNOT 30 38
[2348] = CNOT 30 42
[2349] = S 30
[2350] = Z 30
[2351] = CNOT 31 35
[2352] = S 31
[2353] = CNOT 31 35
[2354] = CNOT 31 39
[2355] = S 31
[2356] = CNOT 31 39
[2357] = CNOT 31 43
[2358] = Z 31
[2359] = CNOT 32 33
[2360] = S 32
[2361] = CNOT 32 33
[2362] = CNOT 32 40
[2363] = S 32
[2364] = Z 32
[2365] = CNOT 32 40
[2366] = CNOT 32 44
[2367] = Z 32
[2368] = CNOT 32 44
[2369] = CNOT 33 34
[2370] = S 33
[2371] = CNOT 33 34
[2372] = CNOT 33 36
[2373] = Z 33
[2374] = CNOT 33 36
[2375] = CNOT 33 40
[2376] = S 33
[2377] = Z 33
[2378] = CNOT 33 40
[2379] = CNOT 33 41
[2380] = S 33
[2381] = Z 33
[2382] = CNOT 33 41
[2383] = CNOT 34 35
[2384] = S 34
[2385] = CNOT 34 35
[2386] = CNOT 34 37
[2387] = Z 34
[2388] = CNOT 34 37
[2389] = CNOT 34 41
[2390] = S 34
[2391] = Z 34
[2392] = CNOT 34 41
[2393] = CNOT 34 42
[2394] = S 34
[2395] = Z 34
[2396] = CNOT 34 42
[2397] = CNOT 35 38
[2398] = Z 35
[2399] = CNOT 35 38
[2400] = CNOT 35 42
[2401] = S 35
[2402] = Z 35
[2403] = CNOT 35 42
[2404] = CNOT 35 43
[2405] = Z 35
[2406] = CNOT 35 43
[2407] = CNOT 40 41
[2408] = Z 40
[2409] = CNOT 40 41
[2410] = CNOT 40 43
[2411] = Z 40
[2412] = CNOT 40 43
[2413] = CNOT 41 43
[2414] = Z 41
[2415] = CNOT 41 43
[2416] = CNOT 1 2
[2417] = CNOT 1 3
[2418] = Z 1
[2419] = CNOT 1 3
[2420] = CNOT 1 4
[2421] = Z 1
[2422] = CNOT 1 4
[2423] = CNOT 1 5
[2424] = S 1
[2425] = Z 1
[2426] = CNOT 1 5
[2427] = CNOT 1 6
[2428] = S 1
[2429] = CNOT 1 6
[2430] = CNOT 1 7
[2431] = S 1
[2432] = Z 1
[2433] = CNOT 1 7
[2434] = CNOT 1 8
[2435] = S 1
[2436] = CNOT 1 8
[2437] = CNOT 1 9
[2438] = S 1
[2439] = Z 1
[2440] = CNOT 1 9
[2441] = CNOT 1 10
[2442] = S 1
[2443] = CNOT 1 10
[2444] = CNOT 1 11
[2445] = S 1
[2446] = CNOT 1 11
[2447] = CNOT 1 12
[2448] = S 1
[2449] = Z 1
[2450] = CNOT 1 12
[2451] = CNOT 1 13
[2452] = Z 1
[2453] = CNOT 1 13
[2454] = CNOT 1 16
[2455] = S 1
[2456] = Z 1
[2457] = CNOT 1 16
[2458] = CNOT 1 17
[2459] = S 1
[2460] = Z 1
[2461] = CNOT 1 17
[2462] = CNOT 1 18
[2463] = S 1
[2464] = CNOT 1 18
[2465] = CNOT 1 22
[2466] = S 1
[2467] = CNOT 1 22
[2468] = CNOT 1 37
[2469] = S 1
[2470] = Z 1
[2471] = CNOT 1 37
[2472] = CNOT 1 38
[2473] = S 1
[2474] = Z 1
[2475] = CNOT 1 38
[2476] = CNOT 1 39
[2477] = Z 1
[2478] = CNOT 1 39
[2479] = CNOT 1 40
[2480] = Z 1
[2481] = CNOT 1 40
[2482] = CNOT 1 41
[2483] = S 1
[2484] = CNOT 1 41
[2485] = CNOT 1 42
[2486] = Z 1
[2487] = CNOT 1 42
[2488] = CNOT 1 44
[2489] = Z 1
[2490] = CNOT 1 44
[2491] = CNOT 1 2
[2492] = CNOT 1 3
[2493] = CNOT 1 4
[2494] = S 1
[2495] = CNOT 1 4
[2496] = CNOT 1 5
[2497] = Z 1
[2498] = CNOT 1 5
[2499] = CNOT 1 6
[2500] = S 1
[2501] = Z 1
[2502] = CNOT 1 6
[2503] = CNOT 1 9
[2504] = S 1
[2505] = Z 1
[2506] = CNOT 1 9
[2507] = CNOT 1 12
[2508] = Z 1
[2509] = CNOT 1 12
[2510] = CNOT 1 14
[2511] = S 1
[2512] = CNOT 1 14
[2513] = CNOT 1 15
[2514] = S 1
[2515] = Z 1
[2516] = CNOT 1 15
[2517] = CNOT 1 16
[2518] = Z 1
[2519] = CNOT 1 16
[2520] = CNOT 1 17
[2521] = Z 1
[2522] = CNOT 1 17
[2523] = CNOT 1 19
[2524] = S 1
[2525] = CNOT 1 19
[2526] = CNOT 1 20
[2527] = S 1
[2528] = CNOT 1 20
[2529] = CNOT 1 21
[2530] = Z 1
[2531] = CNOT 1 21
[2532] = CNOT 1 36
[2533] = S 1
[2534] = Z 1
[2535] = CNOT 1 36
[2536] = CNOT 1 37
[2537] = Z 1
[2538] = CNOT 1 37
[2539] = CNOT 1 38
[2540] = S 1
[2541] = Z 1
[2542] = CNOT 1 38
[2543] = CNOT 1 39
[2544] = S 1
[2545] = Z 1
[2546] = CNOT 1 39
[2547] = CNOT 1 41
[2548] = Z 1
[2549] = CNOT 1 41
[2550] = CNOT 1 42
[2551] = S 1
[2552] = CNOT 1 42
[2553] = CNOT 1 43
[2554] = S 1
[2555] = CNOT 1 43
[2556] = CNOT 1 44
[2557] = S 1
[2558] = CNOT 1 44
[2559] = CNOT 1 3
[2560] = CNOT 1 4
[2561] = CNOT 1 5
[2562] = S 1
[2563] = Z 1
[2564] = CNOT 1 5
[2565] = CNOT 1 8
[2566] = Z 1
[2567] = CNOT 1 8
[2568] = CNOT 1 15
[2569] = S 1
[2570] = Z 1
[2571] = CNOT 1 15
[2572] = CNOT 1 16
[2573] = S 1
[2574] = Z 1
[2575] = CNOT 1 16
[2576] = CNOT 1 17
[2577] = S 1
[2578] = Z 1
[2579] = CNOT 1 17
[2580] = CNOT 1 19
[2581] = S 1
[2582] = Z 1
[2583] = CNOT 1 19
[2584] = CNOT 1 20
[2585] = S 1
[2586] = Z 1
[2587] = CNOT 1 20
[2588] = CNOT 1 44
[2589] = S 1
[2590] = Z 1
[2591] = CNOT 1 44
[2592] = CNOT 1 4
[2593] = CNOT 1 5
[2594] = CNOT 1 6
[2595] = S 1
[2596] = Z 1
[2597] = CNOT 1 6
[2598] = CNOT 1 7
[2599] = Z 1
[2600] = CNOT 1 7
[2601] = CNOT 1 8
[2602] = S 1
[2603] = Z 1
[2604] = CNOT 1 8
[2605] = CNOT 1 9
[2606] = Z 1
[2607] = CNOT 1 9
[2608] = CNOT 1 10
[2609] = S 1
[2610] = Z 1
[2611] = CNOT 1 10
[2612] = CNOT 1 11
[2613] = S 1
[2614] = CNOT 1 11
[2615] = CNOT 1 14
[2616] = S 1
[2617] = Z 1
[2618] = CNOT 1 14
[2619] = CNOT 1 15
[2620] = S 1
[2621] = Z 1
[2622] = CNOT 1 15
[2623] = CNOT 1 16
[2624] = S 1
[2625] = Z 1
[2626] = CNOT 1 16
[2627] = CNOT 1 17
[2628] = Z 1
[2629] = CNOT 1 17
[2630] = CNOT 1 18
[2631] = Z 1
[2632] = CNOT 1 18
[2633] = CNOT 1 20
[2634] = Z 1
[2635] = CNOT 1 20
[2636] = CNOT 1 21
[2637] = S 1
[2638] = CNOT 1 21
[2639] = CNOT 1 36
[2640] = S 1
[2641] = Z 1
[2642] = CNOT 1 36
[2643] = CNOT 1 37
[2644] = Z 1
[2645] = CNOT 1 37
[2646] = CNOT 1 38
[2647] = Z 1
[2648] = CNOT 1 38
[2649] = CNOT 1 42
[2650] = S 1
[2651] = CNOT 1 42
[2652] = CNOT 1 43
[2653] = Z 1
[2654] = CNOT 1 43
[2655] = CNOT 1 5
[2656] = CNOT 1 6
[2657] = CNOT 1 8
[2658] = Z 1
[2659] = CNOT 1 8
[2660] = CNOT 1 10
[2661] = S 1
[2662] = Z 1
[2663] = CNOT 1 10
[2664] = CNOT 1 11
[2665] = S 1
[2666] = Z 1
[2667] = CNOT 1 11
[2668] = CNOT 1 12
[2669] = S 1
[2670] = Z 1
[2671] = CNOT 1 12
[2672] = CNOT 1 14
[2673] = S 1
[2674] = Z 1
[2675] = CNOT 1 14
[2676] = CNOT 1 15
[2677] = S 1
[2678] = Z 1
[2679] = CNOT 1 15
[2680] = CNOT 1 16
[2681] = S 1
[2682] = Z 1
[2683] = CNOT 1 16
[2684] = CNOT 1 17
[2685] = S 1
[2686] = Z 1
[2687] = CNOT 1 17
[2688] = CNOT 1 19
[2689] = S 1
[2690] = Z 1
[2691] = CNOT 1 19
[2692] = CNOT 1 20
[2693] = S 1
[2694] = Z 1
[2695] = CNOT 1 20
[2696] = CNOT 1 21
[2697] = S 1
[2698] = Z 1
[2699] = CNOT 1 21
[2700] = CNOT 1 22
[2701] = S 1
[2702] = Z 1
[2703] = CNOT 1 22
[2704] = CNOT 1 41
[2705] = S 1
[2706] = Z 1
[2707] = CNOT 1 41
[2708] = CNOT 1 42
[2709] = S 1
[2710] = Z 1
[2711] = CNOT 1 42
[2712] = CNOT 1 43
[2713] = S 1
[2714] = Z 1
[2715] = CNOT 1 43
[2716] = CNOT 1 6
[2717] = CNOT 1 7
[2718] = CNOT 1 8
[2719] = S 1
[2720] = Z 1
[2721] = CNOT 1 8
[2722] = CNOT 1 11
[2723] = S 1
[2724] = Z 1
[2725] = CNOT 1 11
[2726] = CNOT 1 12
[2727] = S 1
[2728] = Z 1
[2729] = CNOT 1 12
[2730] = CNOT 1 13
[2731] = S 1
[2732] = Z 1
[2733] = CNOT 1 13
[2734] = CNOT 1 14
[2735] = S 1
[2736] = Z 1
[2737] = CNOT 1 14
[2738] = CNOT 1 15
[2739] = S 1
[2740] = Z 1
[2741] = CNOT 1 15
[2742] = CNOT 1 16
[2743] = S 1
[2744] = Z 1
[2745] = CNOT 1 16
[2746] = CNOT 1 18
[2747] = S 1
[2748] = Z 1
[2749] = CNOT 1 18
[2750] = CNOT 1 19
[2751] = S 1
[2752] = Z 1
[2753] = CNOT 1 19
[2754] = CNOT 1 20
[2755] = S 1
[2756] = Z 1
[2757] = CNOT 1 20
[2758] = CNOT 1 21
[2759] = S 1
[2760] = Z 1
[2761] = CNOT 1 21
[2762] = CNOT 1 22
[2763] = S 1
[2764] = Z 1
[2765] = CNOT 1 22
[2766] = CNOT 1 24
[2767] = S 1
[2768] = Z 1
[2769] = CNOT 1 24
[2770] = CNOT 1 43
[2771] = S 1
[2772] = Z 1
[2773] = CNOT 1 43
[2774] = CNOT 1 44
[2775] = S 1
[2776] = Z 1
[2777] = CNOT 1 44
[2778] = CNOT 1 7
[2779] = CNOT 1 8
[2780] = CNOT 1 9
[2781] = S 1
[2782] = CNOT 1 9
[2783] = CNOT 1 10
[2784] = S 1
[2785] = Z 1
[2786] = CNOT 1 10
[2787] = CNOT 1 11
[2788] = S 1
[2789] = Z 1
[2790] = CNOT 1 11
[2791] = CNOT 1 12
[2792] = Z 1
[2793] = CNOT 1 12
[2794] = CNOT 1 13
[2795] = S 1
[2796] = CNOT 1 13
[2797] = CNOT 1 14
[2798] = S 1
[2799] = Z 1
[2800] = CNOT 1 14
[2801] = CNOT 1 16
[2802] = Z 1
[2803] = CNOT 1 16
[2804] = CNOT 1 19
[2805] = S 1
[2806] = CNOT 1 19
[2807] = CNOT 1 20
[2808] = Z 1
[2809] = CNOT 1 20
[2810] = CNOT 1 21
[2811] = S 1
[2812] = Z 1
[2813] = CNOT 1 21
[2814] = CNOT 1 22
[2815] = S 1
[2816] = Z 1
[2817] = CNOT 1 22
[2818] = CNOT 1 24
[2819] = Z 1
[2820] = CNOT 1 24
[2821] = CNOT 1 37
[2822] = Z 1
[2823] = CNOT 1 37
[2824] = CNOT 1 38
[2825] = Z 1
[2826] = CNOT 1 38
[2827] = CNOT 1 39
[2828] = S 1
[2829] = CNOT 1 39
[2830] = CNOT 1 40
[2831] = S 1
[2832] = Z 1
[2833] = CNOT 1 40
[2834] = CNOT 1 42
[2835] = Z 1
[2836] = CNOT 1 42
[2837] = CNOT 1 43
[2838] = S 1
[2839] = Z 1
[2840] = CNOT 1 43
[2841] = CNOT 1 44
[2842] = S 1
[2843] = CNOT 1 44
[2844] = CNOT 1 8
[2845] = CNOT 1 9
[2846] = CNOT 1 11
[2847] = S 1
[2848] = Z 1
[2849] = CNOT 1 11
[2850] = CNOT 1 12
[2851] = S 1
[2852] = Z 1
[2853] = CNOT 1 12
[2854] = CNOT 1 13
[2855] = S 1
[2856] = Z 1
[2857] = CNOT 1 13
[2858] = CNOT 1 14
[2859] = S 1
[2860] = Z 1
[2861] = CNOT 1 14
[2862] = CNOT 1 16
[2863] = S 1
[2864] = Z 1
[2865] = CNOT 1 16
[2866] = CNOT 1 19
[2867] = S 1
[2868] = Z 1
[2869] = CNOT 1 19
[2870] = CNOT 1 20
[2871] = S 1
[2872] = Z 1
[2873] = CNOT 1 20
[2874] = CNOT 1 21
[2875] = S 1
[2876] = Z 1
[2877] = CNOT 1 21
[2878] = CNOT 1 22
[2879] = S 1
[2880] = Z 1
[2881] = CNOT 1 22
[2882] = CNOT 1 24
[2883] = S 1
[2884] = Z 1
[2885] = CNOT 1 24
[2886] = CNOT 1 9
[2887] = CNOT 1 10
[2888] = CNOT 1 37
[2889] = S 1
[2890] = Z 1
[2891] = CNOT 1 37
[2892] = CNOT 1 38
[2893] = S 1
[2894] = Z 1
[2895] = CNOT 1 38
[2896] = CNOT 1 40
[2897] = S 1
[2898] = Z 1
[2899] = CNOT 1 40
[2900] = CNOT 1 41
[2901] = S 1
[2902] = Z 1
[2903] = CNOT 1 41
[2904] = CNOT 1 10
[2905] = CNOT 1 11
[2906] = CNOT 1 19
[2907] = S 1
[2908] = Z 1
[2909] = CNOT 1 19
[2910] = CNOT 1 39
[2911] = S 1
[2912] = Z 1
[2913] = CNOT 1 39
[2914] = CNOT 1 42
[2915] = S 1
[2916] = Z 1
[2917] = CNOT 1 42
[2918] = CNOT 1 43
[2919] = S 1
[2920] = Z 1
[2921] = CNOT 1 43
[2922] = CNOT 1 44
[2923] = S 1
[2924] = Z 1
[2925] = CNOT 1 44
[2926] = CNOT 1 11
[2927] = CNOT 1 12
[2928] = CNOT 1 19
[2929] = S 1
[2930] = Z 1
[2931] = CNOT 1 19
[2932] = CNOT 1 20
[2933] = S 1
[2934] = Z 1
[2935] = CNOT 1 20
[2936] = CNOT 1 39
[2937] = S 1
[2938] = Z 1
[2939] = CNOT 1 39
[2940] = CNOT 1 40
[2941] = Z 1
[2942] = CNOT 1 40
[2943] = CNOT 1 41
[2944] = S 1
[2945] = Z 1
[2946] = CNOT 1 41
[2947] = CNOT 1 43
[2948] = S 1
[2949] = Z 1
[2950] = CNOT 1 43
[2951] = CNOT 1 44
[2952] = S 1
[2953] = Z 1
[2954] = CNOT 1 44
[2955] = CNOT 1 12
[2956] = CNOT 1 13
[2957] = CNOT 1 19
[2958] = S 1
[2959] = Z 1
[2960] = CNOT 1 19
[2961] = CNOT 1 20
[2962] = S 1
[2963] = Z 1
[2964] = CNOT 1 20
[2965] = CNOT 1 21
[2966] = S 1
[2967] = Z 1
[2968] = CNOT 1 21
[2969] = CNOT 1 40
[2970] = Z 1
[2971] = CNOT 1 40
[2972] = CNOT 1 41
[2973] = Z 1
[2974] = CNOT 1 41
[2975] = CNOT 1 13
[2976] = CNOT 1 14
[2977] = CNOT 1 19
[2978] = S 1
[2979] = Z 1
[2980] = CNOT 1 19
[2981] = CNOT 1 20
[2982] = S 1
[2983] = Z 1
[2984] = CNOT 1 20
[2985] = CNOT 1 21
[2986] = S 1
[2987] = Z 1
[2988] = CNOT 1 21
[2989] = CNOT 1 22
[2990] = S 1
[2991] = Z 1
[2992] = CNOT 1 22
[2993] = CNOT 1 42
[2994] = S 1
[2995] = Z 1
[2996] = CNOT 1 42
[2997] = CNOT 1 14
[2998] = CNOT 1 15
[2999] = CNOT 1 19
[3000] = S 1
[3001] = Z 1
[3002] = CNOT 1 19
[3003] = CNOT 1 20
[3004] = S 1
[3005] = Z 1
[3006] = CNOT 1 20
[3007] = CNOT 1 21
[3008] = S 1
[3009] = Z 1
[3010] = CNOT 1 21
[3011] = CNOT 1 42
[3012] = S 1
[3013] = Z 1
[3014] = CNOT 1 42
[3015] = CNOT 1 43
[3016] = S 1
[3017] = Z 1
[3018] = CNOT 1 43
[3019] = CNOT 1 44
[3020] = S 1
[3021] = Z 1
[3022] = CNOT 1 44
[3023] = CNOT 1 15
[3024] = CNOT 1 16
[3025] = CNOT 1 19
[3026] = S 1
[3027] = Z 1
[3028] = CNOT 1 19
[3029] = CNOT 1 20
[3030] = S 1
[3031] = Z 1
[3032] = CNOT 1 20
[3033] = CNOT 1 21
[3034] = S 1
[3035] = Z 1
[3036] = CNOT 1 21
[3037] = CNOT 1 22
[3038] = S 1
[3039] = Z 1
[3040] = CNOT 1 22
[3041] = CNOT 1 24
[3042] = S 1
[3043] = Z 1
[3044] = CNOT 1 24
[3045] = CNOT 1 43
[3046] = S 1
[3047] = Z 1
[3048] = CNOT 1 43
[3049] = CNOT 1 16
[3050] = CNOT 1 17
[3051] = CNOT 1 19
[3052] = S 1
[3053] = Z 1
[3054] = CNOT 1 19
[3055] = CNOT 1 20
[3056] = S 1
[3057] = Z 1
[3058] = CNOT 1 20
[3059] = CNOT 1 22
[3060] = S 1
[3061] = Z 1
[3062] = CNOT 1 22
[3063] = CNOT 1 24
[3064] = S 1
[3065] = Z 1
[3066] = CNOT 1 24
[3067] = CNOT 1 44
[3068] = S 1
[3069] = Z 1
[3070] = CNOT 1 44
[3071] = CNOT 1 17
[3072] = CNOT 1 18
[3073] = CNOT 1 19
[3074] = S 1
[3075] = Z 1
[3076] = CNOT 1 19
[3077] = CNOT 1 20
[3078] = S 1
[3079] = Z 1
[3080] = CNOT 1 20
[3081] = CNOT 1 24
[3082] = S 1
[3083] = Z 1
[3084] = CNOT 1 24
[3085] = CNOT 1 18
[3086] = CNOT 1 20
[3087] = CNOT 1 40
[3088] = Z 1
[3089] = CNOT 1 40
[3090] = CNOT 1 41
[3091] = Z 1
[3092] = CNOT 1 41
[3093] = CNOT 1 20
[3094] = CNOT 2 3
[3095] = CNOT 2 5
[3096] = Z 2
[3097] = CNOT 2 5
[3098] = CNOT 2 7
[3099] = Z 2
[3100] = CNOT 2 7
[3101] = CNOT 2 8
[3102] = Z 2
[3103] = CNOT 2 8
[3104] = CNOT 2 9
[3105] = S 2
[3106] = Z 2
[3107] = CNOT 2 9
[3108] = CNOT 2 10
[3109] = S 2
[3110] = CNOT 2 10
[3111] = CNOT 2 11
[3112] = S 2
[3113] = CNOT 2 11
[3114] = CNOT 2 12
[3115] = S 2
[3116] = Z 2
[3117] = CNOT 2 12
[3118] = CNOT 2 13
[3119] = Z 2
[3120] = CNOT 2 13
[3121] = CNOT 2 14
[3122] = S 2
[3123] = Z 2
[3124] = CNOT 2 14
[3125] = CNOT 2 15
[3126] = S 2
[3127] = Z 2
[3128] = CNOT 2 15
[3129] = CNOT 2 16
[3130] = Z 2
[3131] = CNOT 2 16
[3132] = CNOT 2 17
[3133] = Z 2
[3134] = CNOT 2 17
[3135] = CNOT 2 18
[3136] = Z 2
[3137] = CNOT 2 18
[3138] = CNOT 2 19
[3139] = S 2
[3140] = CNOT 2 19
[3141] = CNOT 2 20
[3142] = Z 2
[3143] = CNOT 2 20
[3144] = CNOT 2 37
[3145] = Z 2
[3146] = CNOT 2 37
[3147] = CNOT 2 38
[3148] = S 2
[3149] = Z 2
[3150] = CNOT 2 38
[3151] = CNOT 2 39
[3152] = S 2
[3153] = Z 2
[3154] = CNOT 2 39
[3155] = CNOT 2 40
[3156] = Z 2
[3157] = CNOT 2 40
[3158] = CNOT 2 41
[3159] = S 2
[3160] = CNOT 2 41
[3161] = CNOT 2 42
[3162] = S 2
[3163] = Z 2
[3164] = CNOT 2 42
[3165] = CNOT 2 43
[3166] = S 2
[3167] = CNOT 2 43
[3168] = CNOT 2 44
[3169] = S 2
[3170] = CNOT 2 44
[3171] = CNOT 2 3
[3172] = CNOT 2 4
[3173] = CNOT 2 5
[3174] = S 2
[3175] = Z 2
[3176] = CNOT 2 5
[3177] = CNOT 2 8
[3178] = Z 2
[3179] = CNOT 2 8
[3180] = CNOT 2 14
[3181] = S 2
[3182] = Z 2
[3183] = CNOT 2 14
[3184] = CNOT 2 17
[3185] = S 2
[3186] = Z 2
[3187] = CNOT 2 17
[3188] = CNOT 2 18
[3189] = S 2
[3190] = Z 2
[3191] = CNOT 2 18
[3192] = CNOT 2 20
[3193] = S 2
[3194] = Z 2
[3195] = CNOT 2 20
[3196] = CNOT 2 21
[3197] = S 2
[3198] = Z 2
[3199] = CNOT 2 21
[3200] = CNOT 2 43
[3201] = S 2
[3202] = Z 2
[3203] = CNOT 2 43
[3204] = CNOT 2 4
[3205] = CNOT 2 5
[3206] = CNOT 2 6
[3207] = S 2
[3208] = CNOT 2 6
[3209] = CNOT 2 7
[3210] = Z 2
[3211] = CNOT 2 7
[3212] = CNOT 2 8
[3213] = S 2
[3214] = Z 2
[3215] = CNOT 2 8
[3216] = CNOT 2 9
[3217] = S 2
[3218] = Z 2
[3219] = CNOT 2 9
[3220] = CNOT 2 10
[3221] = S 2
[3222] = Z 2
[3223] = CNOT 2 10
[3224] = CNOT 2 11
[3225] = S 2
[3226] = CNOT 2 11
[3227] = CNOT 2 12
[3228] = S 2
[3229] = CNOT 2 12
[3230] = CNOT 2 13
[3231] = S 2
[3232] = Z 2
[3233] = CNOT 2 13
[3234] = CNOT 2 14
[3235] = Z 2
[3236] = CNOT 2 14
[3237] = CNOT 2 15
[3238] = S 2
[3239] = Z 2
[3240] = CNOT 2 15
[3241] = CNOT 2 16
[3242] = S 2
[3243] = CNOT 2 16
[3244] = CNOT 2 17
[3245] = S 2
[3246] = CNOT 2 17
[3247] = CNOT 2 18
[3248] = Z 2
[3249] = CNOT 2 18
[3250] = CNOT 2 19
[3251] = S 2
[3252] = Z 2
[3253] = CNOT 2 19
[3254] = CNOT 2 20
[3255] = S 2
[3256] = Z 2
[3257] = CNOT 2 20
[3258] = CNOT 2 21
[3259] = Z 2
[3260] = CNOT 2 21
[3261] = CNOT 2 22
[3262] = S 2
[3263] = CNOT 2 22
[3264] = CNOT 2 37
[3265] = Z 2
[3266] = CNOT 2 37
[3267] = CNOT 2 38
[3268] = Z 2
[3269] = CNOT 2 38
[3270] = CNOT 2 40
[3271] = Z 2
[3272] = CNOT 2 40
[3273] = CNOT 2 41
[3274] = S 2
[3275] = Z 2
[3276] = CNOT 2 41
[3277] = CNOT 2 42
[3278] = Z 2
[3279] = CNOT 2 42
[3280] = CNOT 2 43
[3281] = Z 2
[3282] = CNOT 2 43
[3283] = CNOT 2 44
[3284] = S 2
[3285] = CNOT 2 44
[3286] = CNOT 2 5
[3287] = CNOT 2 6
[3288] = CNOT 2 8
[3289] = S 2
[3290] = CNOT 2 8
[3291] = CNOT 2 10
[3292] = S 2
[3293] = Z 2
[3294] = CNOT 2 10
[3295] = CNOT 2 15
[3296] = S 2
[3297] = Z 2
[3298] = CNOT 2 15
[3299] = CNOT 2 20
[3300] = S 2
[3301] = Z 2
[3302] = CNOT 2 20
[3303] = CNOT 2 41
[3304] = S 2
[3305] = Z 2
[3306] = CNOT 2 41
[3307] = CNOT 2 6
[3308] = CNOT 2 7
[3309] = CNOT 2 8
[3310] = S 2
[3311] = Z 2
[3312] = CNOT 2 8
[3313] = CNOT 2 11
[3314] = S 2
[3315] = Z 2
[3316] = CNOT 2 11
[3317] = CNOT 2 12
[3318] = S 2
[3319] = Z 2
[3320] = CNOT 2 12
[3321] = CNOT 2 13
[3322] = S 2
[3323] = Z 2
[3324] = CNOT 2 13
[3325] = CNOT 2 14
[3326] = S 2
[3327] = Z 2
[3328] = CNOT 2 14
[3329] = CNOT 2 16
[3330] = S 2
[3331] = Z 2
[3332] = CNOT 2 16
[3333] = CNOT 2 18
[3334] = S 2
[3335] = Z 2
[3336] = CNOT 2 18
[3337] = CNOT 2 19
[3338] = S 2
[3339] = Z 2
[3340] = CNOT 2 19
[3341] = CNOT 2 20
[3342] = S 2
[3343] = Z 2
[3344] = CNOT 2 20
[3345] = CNOT 2 22
[3346] = S 2
[3347] = Z 2
[3348] = CNOT 2 22
[3349] = CNOT 2 24
[3350] = S 2
[3351] = Z 2
[3352] = CNOT 2 24
[3353] = CNOT 2 43
[3354] = S 2
[3355] = Z 2
[3356] = CNOT 2 43
[3357] = CNOT 2 44
[3358] = S 2
[3359] = Z 2
[3360] = CNOT 2 44
[3361] = CNOT 2 7
[3362] = CNOT 2 8
[3363] = CNOT 2 9
[3364] = S 2
[3365] = CNOT 2 9
[3366] = CNOT 2 10
[3367] = S 2
[3368] = CNOT 2 10
[3369] = CNOT 2 13
[3370] = Z 2
[3371] = CNOT 2 13
[3372] = CNOT 2 14
[3373] = Z 2
[3374] = CNOT 2 14
[3375] = CNOT 2 17
[3376] = Z 2
[3377] = CNOT 2 17
[3378] = CNOT 2 18
[3379] = S 2
[3380] = CNOT 2 18
[3381] = CNOT 2 19
[3382] = S 2
[3383] = CNOT 2 19
[3384] = CNOT 2 20
[3385] = S 2
[3386] = Z 2
[3387] = CNOT 2 20
[3388] = CNOT 2 22
[3389] = S 2
[3390] = CNOT 2 22
[3391] = CNOT 2 23
[3392] = Z 2
[3393] = CNOT 2 23
[3394] = CNOT 2 24
[3395] = Z 2
[3396] = CNOT 2 24
[3397] = CNOT 2 37
[3398] = Z 2
[3399] = CNOT 2 37
[3400] = CNOT 2 38
[3401] = Z 2
[3402] = CNOT 2 38
[3403] = CNOT 2 39
[3404] = Z 2
[3405] = CNOT 2 39
[3406] = CNOT 2 40
[3407] = Z 2
[3408] = CNOT 2 40
[3409] = CNOT 2 41
[3410] = S 2
[3411] = Z 2
[3412] = CNOT 2 41
[3413] = CNOT 2 42
[3414] = S 2
[3415] = Z 2
[3416] = CNOT 2 42
[3417] = CNOT 2 43
[3418] = S 2
[3419] = Z 2
[3420] = CNOT 2 43
[3421] = CNOT 2 44
[3422] = Z 2
[3423] = CNOT 2 44
[3424] = CNOT 2 8
[3425] = CNOT 2 9
[3426] = CNOT 2 10
[3427] = S 2
[3428] = Z 2
[3429] = CNOT 2 10
[3430] = CNOT 2 12
[3431] = S 2
[3432] = Z 2
[3433] = CNOT 2 12
[3434] = CNOT 2 14
[3435] = S 2
[3436] = Z 2
[3437] = CNOT 2 14
[3438] = CNOT 2 15
[3439] = S 2
[3440] = Z 2
[3441] = CNOT 2 15
[3442] = CNOT 2 16
[3443] = S 2
[3444] = Z 2
[3445] = CNOT 2 16
[3446] = CNOT 2 20
[3447] = S 2
[3448] = Z 2
[3449] = CNOT 2 20
[3450] = CNOT 2 22
[3451] = S 2
[3452] = Z 2
[3453] = CNOT 2 22
[3454] = CNOT 2 23
[3455] = S 2
[3456] = Z 2
[3457] = CNOT 2 23
[3458] = CNOT 2 24
[3459] = S 2
[3460] = Z 2
[3461] = CNOT 2 24
[3462] = CNOT 2 44
[3463] = S 2
[3464] = Z 2
[3465] = CNOT 2 44
[3466] = CNOT 2 9
[3467] = CNOT 2 10
[3468] = CNOT 2 41
[3469] = S 2
[3470] = Z 2
[3471] = CNOT 2 41
[3472] = CNOT 2 43
[3473] = S 2
[3474] = Z 2
[3475] = CNOT 2 43
[3476] = CNOT 2 44
[3477] = S 2
[3478] = Z 2
[3479] = CNOT 2 44
[3480] = CNOT 2 10
[3481] = CNOT 2 11
[3482] = CNOT 2 37
[3483] = S 2
[3484] = Z 2
[3485] = CNOT 2 37
[3486] = CNOT 2 39
[3487] = S 2
[3488] = Z 2
[3489] = CNOT 2 39
[3490] = CNOT 2 43
[3491] = S 2
[3492] = Z 2
[3493] = CNOT 2 43
[3494] = CNOT 2 11
[3495] = CNOT 2 12
[3496] = CNOT 2 20
[3497] = S 2
[3498] = Z 2
[3499] = CNOT 2 20
[3500] = CNOT 2 38
[3501] = S 2
[3502] = Z 2
[3503] = CNOT 2 38
[3504] = CNOT 2 40
[3505] = S 2
[3506] = Z 2
[3507] = CNOT 2 40
[3508] = CNOT 2 41
[3509] = S 2
[3510] = Z 2
[3511] = CNOT 2 41
[3512] = CNOT 2 44
[3513] = S 2
[3514] = Z 2
[3515] = CNOT 2 44
[3516] = CNOT 2 12
[3517] = CNOT 2 13
[3518] = CNOT 2 19
[3519] = S 2
[3520] = Z 2
[3521] = CNOT 2 19
[3522] = CNOT 2 40
[3523] = S 2
[3524] = Z 2
[3525] = CNOT 2 40
[3526] = CNOT 2 41
[3527] = Z 2
[3528] = CNOT 2 41
[3529] = CNOT 2 43
[3530] = S 2
[3531] = Z 2
[3532] = CNOT 2 43
[3533] = CNOT 2 13
[3534] = CNOT 2 14
[3535] = CNOT 2 20
[3536] = S 2
[3537] = Z 2
[3538] = CNOT 2 20
[3539] = CNOT 2 22
[3540] = S 2
[3541] = Z 2
[3542] = CNOT 2 22
[3543] = CNOT 2 42
[3544] = S 2
[3545] = Z 2
[3546] = CNOT 2 42
[3547] = CNOT 2 43
[3548] = S 2
[3549] = Z 2
[3550] = CNOT 2 43
[3551] = CNOT 2 14
[3552] = CNOT 2 15
[3553] = CNOT 2 19
[3554] = S 2
[3555] = Z 2
[3556] = CNOT 2 19
[3557] = CNOT 2 20
[3558] = S 2
[3559] = Z 2
[3560] = CNOT 2 20
[3561] = CNOT 2 23
[3562] = S 2
[3563] = Z 2
[3564] = CNOT 2 23
[3565] = CNOT 2 41
[3566] = S 2
[3567] = Z 2
[3568] = CNOT 2 41
[3569] = CNOT 2 15
[3570] = CNOT 2 16
[3571] = CNOT 2 20
[3572] = S 2
[3573] = Z 2
[3574] = CNOT 2 20
[3575] = CNOT 2 22
[3576] = S 2
[3577] = Z 2
[3578] = CNOT 2 22
[3579] = CNOT 2 23
[3580] = S 2
[3581] = Z 2
[3582] = CNOT 2 23
[3583] = CNOT 2 24
[3584] = S 2
[3585] = Z 2
[3586] = CNOT 2 24
[3587] = CNOT 2 16
[3588] = CNOT 2 17
[3589] = CNOT 2 19
[3590] = S 2
[3591] = Z 2
[3592] = CNOT 2 19
[3593] = CNOT 2 20
[3594] = S 2
[3595] = Z 2
[3596] = CNOT 2 20
[3597] = CNOT 2 24
[3598] = S 2
[3599] = Z 2
[3600] = CNOT 2 24
[3601] = CNOT 2 43
[3602] = S 2
[3603] = Z 2
[3604] = CNOT 2 43
[3605] = CNOT 2 17
[3606] = CNOT 2 18
[3607] = CNOT 2 20
[3608] = S 2
[3609] = Z 2
[3610] = CNOT 2 20
[3611] = CNOT 2 21
[3612] = S 2
[3613] = Z 2
[3614] = CNOT 2 21
[3615] = CNOT 2 24
[3616] = S 2
[3617] = Z 2
[3618] = CNOT 2 24
[3619] = CNOT 2 18
[3620] = CNOT 2 40
[3621] = CNOT 2 41
[3622] = S 2
[3623] = CNOT 2 41
[3624] = CNOT 2 43
[3625] = Z 2
[3626] = CNOT 2 40
[3627] = CNOT 2 41
[3628] = Z 2
[3629] = CNOT 2 43
[3630] = CNOT 2 41
[3631] = CNOT 3 4
[3632] = CNOT 3 5
[3633] = Z 3
[3634] = CNOT 3 5
[3635] = CNOT 3 8
[3636] = S 3
[3637] = CNOT 3 8
[3638] = CNOT 3 12
[3639] = S 3
[3640] = Z 3
[3641] = CNOT 3 12
[3642] = CNOT 3 13
[3643] = S 3
[3644] = Z 3
[3645] = CNOT 3 13
[3646] = CNOT 3 15
[3647] = S 3
[3648] = Z 3
[3649] = CNOT 3 15
[3650] = CNOT 3 16
[3651] = S 3
[3652] = Z 3
[3653] = CNOT 3 16
[3654] = CNOT 3 19
[3655] = S 3
[3656] = Z 3
[3657] = CNOT 3 19
[3658] = CNOT 3 41
[3659] = S 3
[3660] = Z 3
[3661] = CNOT 3 41
[3662] = CNOT 3 42
[3663] = S 3
[3664] = Z 3
[3665] = CNOT 3 42
[3666] = CNOT 3 44
[3667] = S 3
[3668] = Z 3
[3669] = CNOT 3 44
[3670] = CNOT 3 4
[3671] = CNOT 3 5
[3672] = CNOT 3 6
[3673] = Z 3
[3674] = CNOT 3 6
[3675] = CNOT 3 7
[3676] = S 3
[3677] = CNOT 3 7
[3678] = CNOT 3 8
[3679] = S 3
[3680] = CNOT 3 8
[3681] = CNOT 3 9
[3682] = Z 3
[3683] = CNOT 3 9
[3684] = CNOT 3 10
[3685] = S 3
[3686] = Z 3
[3687] = CNOT 3 10
[3688] = CNOT 3 11
[3689] = S 3
[3690] = CNOT 3 11
[3691] = CNOT 3 12
[3692] = Z 3
[3693] = CNOT 3 12
[3694] = CNOT 3 13
[3695] = Z 3
[3696] = CNOT 3 13
[3697] = CNOT 3 14
[3698] = S 3
[3699] = CNOT 3 14
[3700] = CNOT 3 15
[3701] = Z 3
[3702] = CNOT 3 15
[3703] = CNOT 3 16
[3704] = S 3
[3705] = CNOT 3 16
[3706] = CNOT 3 19
[3707] = S 3
[3708] = CNOT 3 19
[3709] = CNOT 3 21
[3710] = S 3
[3711] = CNOT 3 21
[3712] = CNOT 3 37
[3713] = S 3
[3714] = CNOT 3 37
[3715] = CNOT 3 38
[3716] = Z 3
[3717] = CNOT 3 38
[3718] = CNOT 3 40
[3719] = S 3
[3720] = CNOT 3 40
[3721] = CNOT 3 42
[3722] = S 3
[3723] = CNOT 3 42
[3724] = CNOT 3 43
[3725] = Z 3
[3726] = CNOT 3 43
[3727] = CNOT 3 44
[3728] = S 3
[3729] = Z 3
[3730] = CNOT 3 44
[3731] = CNOT 3 5
[3732] = CNOT 3 6
[3733] = CNOT 3 11
[3734] = S 3
[3735] = Z 3
[3736] = CNOT 3 11
[3737] = CNOT 3 14
[3738] = S 3
[3739] = Z 3
[3740] = CNOT 3 14
[3741] = CNOT 3 16
[3742] = S 3
[3743] = Z 3
[3744] = CNOT 3 16
[3745] = CNOT 3 19
[3746] = S 3
[3747] = Z 3
[3748] = CNOT 3 19
[3749] = CNOT 3 21
[3750] = S 3
[3751] = Z 3
[3752] = CNOT 3 21
[3753] = CNOT 3 42
[3754] = S 3
[3755] = Z 3
[3756] = CNOT 3 42
[3757] = CNOT 3 6
[3758] = CNOT 3 7
[3759] = CNOT 3 8
[3760] = Z 3
[3761] = CNOT 3 8
[3762] = CNOT 3 11
[3763] = S 3
[3764] = Z 3
[3765] = CNOT 3 11
[3766] = CNOT 3 12
[3767] = S 3
[3768] = Z 3
[3769] = CNOT 3 12
[3770] = CNOT 3 13
[3771] = S 3
[3772] = Z 3
[3773] = CNOT 3 13
[3774] = CNOT 3 15
[3775] = S 3
[3776] = Z 3
[3777] = CNOT 3 15
[3778] = CNOT 3 18
[3779] = S 3
[3780] = Z 3
[3781] = CNOT 3 18
[3782] = CNOT 3 19
[3783] = S 3
[3784] = Z 3
[3785] = CNOT 3 19
[3786] = CNOT 3 21
[3787] = S 3
[3788] = Z 3
[3789] = CNOT 3 21
[3790] = CNOT 3 24
[3791] = S 3
[3792] = Z 3
[3793] = CNOT 3 24
[3794] = CNOT 3 43
[3795] = S 3
[3796] = Z 3
[3797] = CNOT 3 43
[3798] = CNOT 3 44
[3799] = S 3
[3800] = Z 3
[3801] = CNOT 3 44
[3802] = CNOT 3 7
[3803] = CNOT 3 8
[3804] = CNOT 3 10
[3805] = S 3
[3806] = CNOT 3 10
[3807] = CNOT 3 11
[3808] = S 3
[3809] = CNOT 3 11
[3810] = CNOT 3 14
[3811] = Z 3
[3812] = CNOT 3 14
[3813] = CNOT 3 15
[3814] = S 3
[3815] = Z 3
[3816] = CNOT 3 15
[3817] = CNOT 3 17
[3818] = S 3
[3819] = Z 3
[3820] = CNOT 3 17
[3821] = CNOT 3 18
[3822] = S 3
[3823] = CNOT 3 18
[3824] = CNOT 3 20
[3825] = S 3
[3826] = Z 3
[3827] = CNOT 3 20
[3828] = CNOT 3 21
[3829] = S 3
[3830] = Z 3
[3831] = CNOT 3 21
[3832] = CNOT 3 24
[3833] = Z 3
[3834] = CNOT 3 24
[3835] = CNOT 3 37
[3836] = S 3
[3837] = CNOT 3 37
[3838] = CNOT 3 38
[3839] = Z 3
[3840] = CNOT 3 38
[3841] = CNOT 3 39
[3842] = S 3
[3843] = Z 3
[3844] = CNOT 3 39
[3845] = CNOT 3 42
[3846] = S 3
[3847] = CNOT 3 42
[3848] = CNOT 3 44
[3849] = Z 3
[3850] = CNOT 3 44
[3851] = CNOT 3 8
[3852] = CNOT 3 9
[3853] = CNOT 3 10
[3854] = S 3
[3855] = Z 3
[3856] = CNOT 3 10
[3857] = CNOT 3 12
[3858] = S 3
[3859] = Z 3
[3860] = CNOT 3 12
[3861] = CNOT 3 13
[3862] = S 3
[3863] = Z 3
[3864] = CNOT 3 13
[3865] = CNOT 3 16
[3866] = S 3
[3867] = Z 3
[3868] = CNOT 3 16
[3869] = CNOT 3 20
[3870] = S 3
[3871] = Z 3
[3872] = CNOT 3 20
[3873] = CNOT 3 21
[3874] = S 3
[3875] = Z 3
[3876] = CNOT 3 21
[3877] = CNOT 3 24
[3878] = S 3
[3879] = Z 3
[3880] = CNOT 3 24
[3881] = CNOT 3 44
[3882] = S 3
[3883] = Z 3
[3884] = CNOT 3 44
[3885] = CNOT 3 9
[3886] = CNOT 3 10
[3887] = CNOT 3 36
[3888] = S 3
[3889] = Z 3
[3890] = CNOT 3 36
[3891] = CNOT 3 37
[3892] = S 3
[3893] = Z 3
[3894] = CNOT 3 37
[3895] = CNOT 3 40
[3896] = S 3
[3897] = Z 3
[3898] = CNOT 3 40
[3899] = CNOT 3 44
[3900] = S 3
[3901] = Z 3
[3902] = CNOT 3 44
[3903] = CNOT 3 10
[3904] = CNOT 3 11
[3905] = CNOT 3 37
[3906] = S 3
[3907] = Z 3
[3908] = CNOT 3 37
[3909] = CNOT 3 42
[3910] = S 3
[3911] = Z 3
[3912] = CNOT 3 42
[3913] = CNOT 3 43
[3914] = S 3
[3915] = Z 3
[3916] = CNOT 3 43
[3917] = CNOT 3 11
[3918] = CNOT 3 12
[3919] = CNOT 3 19
[3920] = S 3
[3921] = Z 3
[3922] = CNOT 3 19
[3923] = CNOT 3 20
[3924] = S 3
[3925] = Z 3
[3926] = CNOT 3 20
[3927] = CNOT 3 38
[3928] = S 3
[3929] = Z 3
[3930] = CNOT 3 38
[3931] = CNOT 3 40
[3932] = S 3
[3933] = Z 3
[3934] = CNOT 3 40
[3935] = CNOT 3 41
[3936] = Z 3
[3937] = CNOT 3 41
[3938] = CNOT 3 44
[3939] = S 3
[3940] = Z 3
[3941] = CNOT 3 44
[3942] = CNOT 3 12
[3943] = CNOT 3 13
[3944] = CNOT 3 19
[3945] = S 3
[3946] = Z 3
[3947] = CNOT 3 19
[3948] = CNOT 3 20
[3949] = S 3
[3950] = Z 3
[3951] = CNOT 3 20
[3952] = CNOT 3 21
[3953] = S 3
[3954] = Z 3
[3955] = CNOT 3 21
[3956] = CNOT 3 40
[3957] = S 3
[3958] = Z 3
[3959] = CNOT 3 40
[3960] = CNOT 3 41
[3961] = S 3
[3962] = Z 3
[3963] = CNOT 3 41
[3964] = CNOT 3 42
[3965] = S 3
[3966] = Z 3
[3967] = CNOT 3 42
[3968] = CNOT 3 13
[3969] = CNOT 3 14
[3970] = CNOT 3 19
[3971] = S 3
[3972] = Z 3
[3973] = CNOT 3 19
[3974] = CNOT 3 21
[3975] = S 3
[3976] = Z 3
[3977] = CNOT 3 21
[3978] = CNOT 3 41
[3979] = S 3
[3980] = Z 3
[3981] = CNOT 3 41
[3982] = CNOT 3 14
[3983] = CNOT 3 15
[3984] = CNOT 3 19
[3985] = S 3
[3986] = Z 3
[3987] = CNOT 3 19
[3988] = CNOT 3 21
[3989] = S 3
[3990] = Z 3
[3991] = CNOT 3 21
[3992] = CNOT 3 44
[3993] = S 3
[3994] = Z 3
[3995] = CNOT 3 44
[3996] = CNOT 3 15
[3997] = CNOT 3 16
[3998] = CNOT 3 19
[3999] = S 3
[4000] = Z 3
[4001] = CNOT 3 19
[4002] = CNOT 3 21
[4003] = S 3
[4004] = Z 3
[4005] = CNOT 3 21
[4006] = CNOT 3 24
[4007] = S 3
[4008] = Z 3
[4009] = CNOT 3 24
[4010] = CNOT 3 42
[4011] = S 3
[4012] = Z 3
[4013] = CNOT 3 42
[4014] = CNOT 3 43
[4015] = S 3
[4016] = Z 3
[4017] = CNOT 3 43
[4018] = CNOT 3 16
[4019] = CNOT 3 17
[4020] = CNOT 3 24
[4021] = S 3
[4022] = Z 3
[4023] = CNOT 3 17
[4024] = CNOT 3 18
[4025] = S 3
[4026] = Z 3
[4027] = CNOT 3 24
[4028] = CNOT 3 18
[4029] = CNOT 3 20
[4030] = CNOT 3 40
[4031] = S 3
[4032] = Z 3
[4033] = CNOT 3 40
[4034] = CNOT 3 41
[4035] = S 3
[4036] = Z 3
[4037] = CNOT 3 20
[4038] = CNOT 3 40
[4039] = S 3
[4040] = CNOT 3 41
[4041] = CNOT 3 43
[4042] = S 3
[4043] = Z 3
[4044] = CNOT 3 40
[4045] = CNOT 3 41
[4046] = S 3
[4047] = Z 3
[4048] = CNOT 3 43
[4049] = CNOT 3 41
[4050] = CNOT 4 5
[4051] = CNOT 4 8
[4052] = S 4
[4053] = Z 4
[4054] = CNOT 4 8
[4055] = CNOT 4 12
[4056] = S 4
[4057] = Z 4
[4058] = CNOT 4 12
[4059] = CNOT 4 13
[4060] = S 4
[4061] = Z 4
[4062] = CNOT 4 13
[4063] = CNOT 4 14
[4064] = S 4
[4065] = Z 4
[4066] = CNOT 4 14
[4067] = CNOT 4 15
[4068] = S 4
[4069] = Z 4
[4070] = CNOT 4 15
[4071] = CNOT 4 16
[4072] = S 4
[4073] = Z 4
[4074] = CNOT 4 16
[4075] = CNOT 4 17
[4076] = S 4
[4077] = Z 4
[4078] = CNOT 4 17
[4079] = CNOT 4 18
[4080] = S 4
[4081] = Z 4
[4082] = CNOT 4 18
[4083] = CNOT 4 19
[4084] = S 4
[4085] = Z 4
[4086] = CNOT 4 19
[4087] = CNOT 4 20
[4088] = S 4
[4089] = Z 4
[4090] = CNOT 4 20
[4091] = CNOT 4 21
[4092] = S 4
[4093] = Z 4
[4094] = CNOT 4 21
[4095] = CNOT 4 41
[4096] = S 4
[4097] = Z 4
[4098] = CNOT 4 41
[4099] = CNOT 4 42
[4100] = S 4
[4101] = Z 4
[4102] = CNOT 4 42
[4103] = CNOT 4 43
[4104] = S 4
[4105] = Z 4
[4106] = CNOT 4 43
[4107] = CNOT 4 44
[4108] = S 4
[4109] = Z 4
[4110] = CNOT 4 44
[4111] = CNOT 4 5
[4112] = CNOT 4 8
[4113] = CNOT 4 13
[4114] = S 4
[4115] = Z 4
[4116] = CNOT 4 13
[4117] = CNOT 4 14
[4118] = S 4
[4119] = Z 4
[4120] = CNOT 4 14
[4121] = CNOT 4 16
[4122] = S 4
[4123] = Z 4
[4124] = CNOT 4 16
[4125] = CNOT 4 19
[4126] = S 4
[4127] = Z 4
[4128] = CNOT 4 19
[4129] = CNOT 4 42
[4130] = S 4
[4131] = Z 4
[4132] = CNOT 4 42
[4133] = CNOT 4 43
[4134] = S 4
[4135] = Z 4
[4136] = CNOT 4 43
[4137] = CNOT 4 8
[4138] = CNOT 5 6
[4139] = CNOT 5 8
[4140] = S 5
[4141] = CNOT 5 8
[4142] = CNOT 5 10
[4143] = S 5
[4144] = Z 5
[4145] = CNOT 5 10
[4146] = CNOT 5 15
[4147] = S 5
[4148] = Z 5
[4149] = CNOT 5 15
[4150] = CNOT 5 16
[4151] = S 5
[4152] = Z 5
[4153] = CNOT 5 16
[4154] = CNOT 5 20
[4155] = S 5
[4156] = Z 5
[4157] = CNOT 5 20
[4158] = CNOT 5 21
[4159] = S 5
[4160] = Z 5
[4161] = CNOT 5 21
[4162] = CNOT 5 41
[4163] = S 5
[4164] = Z 5
[4165] = CNOT 5 41
[4166] = CNOT 5 6
[4167] = CNOT 5 7
[4168] = CNOT 5 8
[4169] = Z 5
[4170] = CNOT 5 8
[4171] = CNOT 5 11
[4172] = S 5
[4173] = Z 5
[4174] = CNOT 5 11
[4175] = CNOT 5 12
[4176] = S 5
[4177] = Z 5
[4178] = CNOT 5 12
[4179] = CNOT 5 14
[4180] = S 5
[4181] = Z 5
[4182] = CNOT 5 14
[4183] = CNOT 5 16
[4184] = S 5
[4185] = Z 5
[4186] = CNOT 5 16
[4187] = CNOT 5 20
[4188] = S 5
[4189] = Z 5
[4190] = CNOT 5 20
[4191] = CNOT 5 22
[4192] = S 5
[4193] = Z 5
[4194] = CNOT 5 22
[4195] = CNOT 5 43
[4196] = S 5
[4197] = Z 5
[4198] = CNOT 5 43
[4199] = CNOT 5 44
[4200] = S 5
[4201] = Z 5
[4202] = CNOT 5 44
[4203] = CNOT 5 7
[4204] = CNOT 5 8
[4205] = CNOT 5 9
[4206] = S 5
[4207] = CNOT 5 9
[4208] = CNOT 5 10
[4209] = S 5
[4210] = Z 5
[4211] = CNOT 5 10
[4212] = CNOT 5 12
[4213] = S 5
[4214] = CNOT 5 12
[4215] = CNOT 5 13
[4216] = S 5
[4217] = CNOT 5 13
[4218] = CNOT 5 14
[4219] = S 5
[4220] = CNOT 5 14
[4221] = CNOT 5 18
[4222] = S 5
[4223] = Z 5
[4224] = CNOT 5 18
[4225] = CNOT 5 19
[4226] = S 5
[4227] = CNOT 5 19
[4228] = CNOT 5 21
[4229] = S 5
[4230] = Z 5
[4231] = CNOT 5 21
[4232] = CNOT 5 22
[4233] = S 5
[4234] = CNOT 5 22
[4235] = CNOT 5 23
[4236] = Z 5
[4237] = CNOT 5 23
[4238] = CNOT 5 37
[4239] = S 5
[4240] = CNOT 5 37
[4241] = CNOT 5 40
[4242] = S 5
[4243] = CNOT 5 40
[4244] = CNOT 5 41
[4245] = Z 5
[4246] = CNOT 5 41
[4247] = CNOT 5 42
[4248] = S 5
[4249] = CNOT 5 42
[4250] = CNOT 5 44
[4251] = Z 5
[4252] = CNOT 5 44
[4253] = CNOT 5 8
[4254] = CNOT 5 9
[4255] = CNOT 5 10
[4256] = S 5
[4257] = Z 5
[4258] = CNOT 5 10
[4259] = CNOT 5 14
[4260] = S 5
[4261] = Z 5
[4262] = CNOT 5 14
[4263] = CNOT 5 15
[4264] = S 5
[4265] = Z 5
[4266] = CNOT 5 15
[4267] = CNOT 5 22
[4268] = S 5
[4269] = Z 5
[4270] = CNOT 5 22
[4271] = CNOT 5 23
[4272] = S 5
[4273] = Z 5
[4274] = CNOT 5 23
[4275] = CNOT 5 44
[4276] = S 5
[4277] = Z 5
[4278] = CNOT 5 44
[4279] = CNOT 5 9
[4280] = CNOT 5 10
[4281] = CNOT 5 36
[4282] = S 5
[4283] = Z 5
[4284] = CNOT 5 36
[4285] = CNOT 5 37
[4286] = S 5
[4287] = Z 5
[4288] = CNOT 5 37
[4289] = CNOT 5 38
[4290] = S 5
[4291] = Z 5
[4292] = CNOT 5 38
[4293] = CNOT 5 41
[4294] = S 5
[4295] = Z 5
[4296] = CNOT 5 41
[4297] = CNOT 5 43
[4298] = S 5
[4299] = Z 5
[4300] = CNOT 5 43
[4301] = CNOT 5 44
[4302] = S 5
[4303] = Z 5
[4304] = CNOT 5 44
[4305] = CNOT 5 10
[4306] = CNOT 5 11
[4307] = CNOT 5 37
[4308] = S 5
[4309] = Z 5
[4310] = CNOT 5 37
[4311] = CNOT 5 38
[4312] = S 5
[4313] = Z 5
[4314] = CNOT 5 38
[4315] = CNOT 5 43
[4316] = S 5
[4317] = Z 5
[4318] = CNOT 5 43
[4319] = CNOT 5 44
[4320] = S 5
[4321] = Z 5
[4322] = CNOT 5 44
[4323] = CNOT 5 11
[4324] = CNOT 5 12
[4325] = CNOT 5 19
[4326] = S 5
[4327] = Z 5
[4328] = CNOT 5 19
[4329] = CNOT 5 38
[4330] = S 5
[4331] = Z 5
[4332] = CNOT 5 38
[4333] = CNOT 5 40
[4334] = S 5
[4335] = Z 5
[4336] = CNOT 5 40
[4337] = CNOT 5 41
[4338] = S 5
[4339] = Z 5
[4340] = CNOT 5 41
[4341] = CNOT 5 44
[4342] = S 5
[4343] = Z 5
[4344] = CNOT 5 44
[4345] = CNOT 5 12
[4346] = CNOT 5 13
[4347] = CNOT 5 40
[4348] = S 5
[4349] = Z 5
[4350] = CNOT 5 40
[4351] = CNOT 5 41
[4352] = Z 5
[4353] = CNOT 5 41
[4354] = CNOT 5 42
[4355] = S 5
[4356] = Z 5
[4357] = CNOT 5 42
[4358] = CNOT 5 13
[4359] = CNOT 5 14
[4360] = CNOT 5 20
[4361] = S 5
[4362] = Z 5
[4363] = CNOT 5 20
[4364] = CNOT 5 21
[4365] = S 5
[4366] = Z 5
[4367] = CNOT 5 21
[4368] = CNOT 5 22
[4369] = S 5
[4370] = Z 5
[4371] = CNOT 5 22
[4372] = CNOT 5 41
[4373] = S 5
[4374] = Z 5
[4375] = CNOT 5 41
[4376] = CNOT 5 42
[4377] = S 5
[4378] = Z 5
[4379] = CNOT 5 42
[4380] = CNOT 5 43
[4381] = S 5
[4382] = Z 5
[4383] = CNOT 5 43
[4384] = CNOT 5 14
[4385] = CNOT 5 15
[4386] = CNOT 5 20
[4387] = S 5
[4388] = Z 5
[4389] = CNOT 5 20
[4390] = CNOT 5 23
[4391] = S 5
[4392] = Z 5
[4393] = CNOT 5 23
[4394] = CNOT 5 41
[4395] = S 5
[4396] = Z 5
[4397] = CNOT 5 41
[4398] = CNOT 5 42
[4399] = S 5
[4400] = Z 5
[4401] = CNOT 5 42
[4402] = CNOT 5 44
[4403] = S 5
[4404] = Z 5
[4405] = CNOT 5 44
[4406] = CNOT 5 15
[4407] = CNOT 5 16
[4408] = CNOT 5 19
[4409] = S 5
[4410] = Z 5
[4411] = CNOT 5 19
[4412] = CNOT 5 21
[4413] = S 5
[4414] = Z 5
[4415] = CNOT 5 21
[4416] = CNOT 5 22
[4417] = S 5
[4418] = Z 5
[4419] = CNOT 5 22
[4420] = CNOT 5 23
[4421] = S 5
[4422] = Z 5
[4423] = CNOT 5 23
[4424] = CNOT 5 16
[4425] = CNOT 5 17
[4426] = CNOT 5 20
[4427] = S 5
[4428] = Z 5
[4429] = CNOT 5 20
[4430] = CNOT 5 43
[4431] = S 5
[4432] = Z 5
[4433] = CNOT 5 43
[4434] = CNOT 5 17
[4435] = CNOT 5 18
[4436] = CNOT 5 19
[4437] = S 5
[4438] = Z 5
[4439] = CNOT 5 19
[4440] = CNOT 5 21
[4441] = S 5
[4442] = Z 5
[4443] = CNOT 5 21
[4444] = CNOT 5 18
[4445] = CNOT 5 20
[4446] = CNOT 5 40
[4447] = S 5
[4448] = Z 5
[4449] = CNOT 5 40
[4450] = CNOT 5 41
[4451] = S 5
[4452] = Z 5
[4453] = CNOT 5 20
[4454] = CNOT 5 40
[4455] = S 5
[4456] = CNOT 5 41
[4457] = CNOT 5 43
[4458] = S 5
[4459] = Z 5
[4460] = CNOT 5 40
[4461] = CNOT 5 41
[4462] = S 5
[4463] = Z 5
[4464] = CNOT 5 43
[4465] = CNOT 5 41
[4466] = CNOT 6 8
[4467] = CNOT 6 10
[4468] = S 6
[4469] = Z 6
[4470] = CNOT 6 10
[4471] = CNOT 6 12
[4472] = S 6
[4473] = Z 6
[4474] = CNOT 6 12
[4475] = CNOT 6 15
[4476] = S 6
[4477] = Z 6
[4478] = CNOT 6 15
[4479] = CNOT 6 17
[4480] = S 6
[4481] = Z 6
[4482] = CNOT 6 17
[4483] = CNOT 6 20
[4484] = S 6
[4485] = Z 6
[4486] = CNOT 6 20
[4487] = CNOT 6 22
[4488] = S 6
[4489] = Z 6
[4490] = CNOT 6 22
[4491] = CNOT 6 41
[4492] = S 6
[4493] = Z 6
[4494] = CNOT 6 41
[4495] = CNOT 6 43
[4496] = S 6
[4497] = Z 6
[4498] = CNOT 6 43
[4499] = CNOT 6 8
[4500] = CNOT 7 8
[4501] = CNOT 7 11
[4502] = S 7
[4503] = Z 7
[4504] = CNOT 7 11
[4505] = CNOT 7 12
[4506] = S 7
[4507] = Z 7
[4508] = CNOT 7 12
[4509] = CNOT 7 13
[4510] = S 7
[4511] = Z 7
[4512] = CNOT 7 13
[4513] = CNOT 7 14
[4514] = S 7
[4515] = Z 7
[4516] = CNOT 7 14
[4517] = CNOT 7 16
[4518] = S 7
[4519] = Z 7
[4520] = CNOT 7 16
[4521] = CNOT 7 18
[4522] = S 7
[4523] = Z 7
[4524] = CNOT 7 18
[4525] = CNOT 7 19
[4526] = S 7
[4527] = Z 7
[4528] = CNOT 7 19
[4529] = CNOT 7 20
[4530] = S 7
[4531] = Z 7
[4532] = CNOT 7 20
[4533] = CNOT 7 22
[4534] = S 7
[4535] = Z 7
[4536] = CNOT 7 22
[4537] = CNOT 7 24
[4538] = S 7
[4539] = Z 7
[4540] = CNOT 7 24
[4541] = CNOT 7 43
[4542] = S 7
[4543] = Z 7
[4544] = CNOT 7 43
[4545] = CNOT 7 44
[4546] = S 7
[4547] = Z 7
[4548] = CNOT 7 44
[4549] = CNOT 7 8
[4550] = CNOT 8 9
[4551] = CNOT 8 11
[4552] = S 8
[4553] = Z 8
[4554] = CNOT 8 11
[4555] = CNOT 8 14
[4556] = S 8
[4557] = Z 8
[4558] = CNOT 8 14
[4559] = CNOT 8 15
[4560] = S 8
[4561] = Z 8
[4562] = CNOT 8 15
[4563] = CNOT 8 19
[4564] = S 8
[4565] = Z 8
[4566] = CNOT 8 19
[4567] = CNOT 8 22
[4568] = S 8
[4569] = Z 8
[4570] = CNOT 8 22
[4571] = CNOT 8 23
[4572] = S 8
[4573] = Z 8
[4574] = CNOT 8 23
[4575] = CNOT 8 9
[4576] = CNOT 8 10
[4577] = CNOT 8 37
[4578] = S 8
[4579] = Z 8
[4580] = CNOT 8 37
[4581] = CNOT 8 38
[4582] = S 8
[4583] = Z 8
[4584] = CNOT 8 38
[4585] = CNOT 8 40
[4586] = S 8
[4587] = Z 8
[4588] = CNOT 8 40
[4589] = CNOT 8 41
[4590] = S 8
[4591] = Z 8
[4592] = CNOT 8 41
[4593] = CNOT 8 10
[4594] = CNOT 8 11
[4595] = CNOT 8 19
[4596] = S 8
[4597] = Z 8
[4598] = CNOT 8 19
[4599] = CNOT 8 37
[4600] = S 8
[4601] = Z 8
[4602] = CNOT 8 37
[4603] = CNOT 8 38
[4604] = S 8
[4605] = Z 8
[4606] = CNOT 8 38
[4607] = CNOT 8 39
[4608] = S 8
[4609] = Z 8
[4610] = CNOT 8 39
[4611] = CNOT 8 43
[4612] = S 8
[4613] = Z 8
[4614] = CNOT 8 43
[4615] = CNOT 8 11
[4616] = CNOT 8 12
[4617] = CNOT 8 38
[4618] = S 8
[4619] = Z 8
[4620] = CNOT 8 38
[4621] = CNOT 8 39
[4622] = S 8
[4623] = Z 8
[4624] = CNOT 8 39
[4625] = CNOT 8 40
[4626] = S 8
[4627] = Z 8
[4628] = CNOT 8 40
[4629] = CNOT 8 41
[4630] = S 8
[4631] = Z 8
[4632] = CNOT 8 41
[4633] = CNOT 8 43
[4634] = S 8
[4635] = Z 8
[4636] = CNOT 8 43
[4637] = CNOT 8 44
[4638] = S 8
[4639] = Z 8
[4640] = CNOT 8 44
[4641] = CNOT 8 12
[4642] = CNOT 8 13
[4643] = CNOT 8 19
[4644] = S 8
[4645] = Z 8
[4646] = CNOT 8 19
[4647] = CNOT 8 40
[4648] = S 8
[4649] = Z 8
[4650] = CNOT 8 40
[4651] = CNOT 8 41
[4652] = Z 8
[4653] = CNOT 8 41
[4654] = CNOT 8 42
[4655] = S 8
[4656] = Z 8
[4657] = CNOT 8 42
[4658] = CNOT 8 13
[4659] = CNOT 8 14
[4660] = CNOT 8 20
[4661] = S 8
[4662] = Z 8
[4663] = CNOT 8 20
[4664] = CNOT 8 22
[4665] = S 8
[4666] = Z 8
[4667] = CNOT 8 22
[4668] = CNOT 8 41
[4669] = S 8
[4670] = Z 8
[4671] = CNOT 8 41
[4672] = CNOT 8 42
[4673] = S 8
[4674] = Z 8
[4675] = CNOT 8 42
[4676] = CNOT 8 43
[4677] = S 8
[4678] = Z 8
[4679] = CNOT 8 43
[4680] = CNOT 8 14
[4681] = CNOT 8 15
[4682] = CNOT 8 20
[4683] = S 8
[4684] = Z 8
[4685] = CNOT 8 20
[4686] = CNOT 8 23
[4687] = S 8
[4688] = Z 8
[4689] = CNOT 8 23
[4690] = CNOT 8 41
[4691] = S 8
[4692] = Z 8
[4693] = CNOT 8 41
[4694] = CNOT 8 43
[4695] = S 8
[4696] = Z 8
[4697] = CNOT 8 43
[4698] = CNOT 8 15
[4699] = CNOT 8 16
[4700] = CNOT 8 19
[4701] = S 8
[4702] = Z 8
[4703] = CNOT 8 19
[4704] = CNOT 8 20
[4705] = S 8
[4706] = Z 8
[4707] = CNOT 8 20
[4708] = CNOT 8 22
[4709] = S 8
[4710] = Z 8
[4711] = CNOT 8 22
[4712] = CNOT 8 42
[4713] = S 8
[4714] = Z 8
[4715] = CNOT 8 42
[4716] = CNOT 8 43
[4717] = S 8
[4718] = Z 8
[4719] = CNOT 8 43
[4720] = CNOT 8 16
[4721] = CNOT 8 17
[4722] = CNOT 8 19
[4723] = S 8
[4724] = Z 8
[4725] = CNOT 8 19
[4726] = CNOT 8 22
[4727] = S 8
[4728] = Z 8
[4729] = CNOT 8 22
[4730] = CNOT 8 44
[4731] = S 8
[4732] = Z 8
[4733] = CNOT 8 44
[4734] = CNOT 8 17
[4735] = CNOT 8 18
[4736] = CNOT 8 19
[4737] = S 8
[4738] = Z 8
[4739] = CNOT 8 19
[4740] = CNOT 8 20
[4741] = S 8
[4742] = Z 8
[4743] = CNOT 8 20
[4744] = CNOT 8 24
[4745] = S 8
[4746] = Z 8
[4747] = CNOT 8 24
[4748] = CNOT 8 18
[4749] = CNOT 8 20
[4750] = CNOT 8 40
[4751] = S 8
[4752] = Z 8
[4753] = CNOT 8 40
[4754] = CNOT 8 41
[4755] = S 8
[4756] = Z 8
[4757] = CNOT 8 20
[4758] = CNOT 8 40
[4759] = S 8
[4760] = CNOT 8 41
[4761] = CNOT 8 43
[4762] = S 8
[4763] = Z 8
[4764] = CNOT 8 40
[4765] = CNOT 8 41
[4766] = S 8
[4767] = Z 8
[4768] = CNOT 8 43
[4769] = CNOT 8 41
[4770] = CNOT 12 40
[4771] = CNOT 12 41
[4772] = S 12
[4773] = Z 12
[4774] = CNOT 12 41
[4775] = CNOT 12 40
[4776] = CNOT 13 20
[4777] = CNOT 13 40
[4778] = S 13
[4779] = Z 13
[4780] = CNOT 13 40
[4781] = CNOT 13 41
[4782] = S 13
[4783] = Z 13
[4784] = CNOT 13 20
[4785] = CNOT 13 40
[4786] = S 13
[4787] = CNOT 13 41
[4788] = CNOT 13 43
[4789] = S 13
[4790] = Z 13
[4791] = CNOT 13 40
[4792] = CNOT 13 41
[4793] = S 13
[4794] = Z 13
[4795] = CNOT 13 43
[4796] = CNOT 13 41
[4797] = CNOT 20 40
[4798] = CNOT 20 41
[4799] = Z 20
[4800] = CNOT 20 41
[4801] = CNOT 20 40
[4802] = CNOT 27 32
[4803] = S 27
[4804] = Z 27
[4805] = CNOT 27 32
[4806] = CNOT 28 32
[4807] = CNOT 28 40
[4808] = S 28
[4809] = Z 28
[4810] = CNOT 28 40
[4811] = CNOT 28 32
[4812] = CNOT 28 33
[4813] = CNOT 28 36
[4814] = S 28
[4815] = Z 28
[4816] = CNOT 28 36
[4817] = CNOT 28 40
[4818] = S 28
[4819] = Z 28
[4820] = CNOT 28 40
[4821] = CNOT 28 33
[4822] = CNOT 29 33
[4823] = CNOT 29 41
[4824] = S 29
[4825] = Z 29
[4826] = CNOT 29 41
[4827] = CNOT 29 33
[4828] = CNOT 29 34
[4829] = CNOT 29 37
[4830] = S 29
[4831] = Z 29
[4832] = CNOT 29 37
[4833] = CNOT 29 41
[4834] = S 29
[4835] = Z 29
[4836] = CNOT 29 41
[4837] = CNOT 29 34
[4838] = CNOT 30 34
[4839] = S 30
[4840] = Z 30
[4841] = CNOT 30 42
[4842] = CNOT 30 34
[4843] = CNOT 30 35
[4844] = CNOT 30 38
[4845] = S 30
[4846] = Z 30
[4847] = CNOT 30 38
[4848] = CNOT 30 42
[4849] = S 30
[4850] = Z 30
[4851] = CNOT 30 42
[4852] = CNOT 30 35
[4853] = CNOT 31 35
[4854] = S 31
[4855] = Z 31
[4856] = CNOT 31 43
[4857] = CNOT 31 35
[4858] = CNOT 32 33
[4859] = CNOT 32 40
[4860] = S 32
[4861] = Z 32
[4862] = CNOT 32 40
[4863] = CNOT 32 33
[4864] = CNOT 33 34
[4865] = CNOT 33 41
[4866] = S 33
[4867] = Z 33
[4868] = CNOT 33 34
[4869] = CNOT 34 35
[4870] = CNOT 34 42
[4871] = S 34
[4872] = Z 34
[4873] = CNOT 34 35
[4874] = CNOT 40 41
[4875] = CNOT 40 43
[4876] = Z 40
[4877] = CNOT 40 43
[4878] = CNOT 40 41
[4879] = CNOT 35 43
[4880] = CNOT 30 43
[4881] = CNOT 26 43
[4882] = CNOT 29 42
[4883] = CNOT 25 42
[4884] = CNOT 28 41
[4885] = CNOT 24 41
[4886] = CNOT 32 40
[4887] = CNOT 27 40
[4888] = CNOT 23 40
[4889] = CNOT 35 39
[4890] = CNOT 31 39
[4891] = CNOT 30 39
[4892] = CNOT 22 39
[4893] = CNOT 34 38
[4894] = CNOT 30 38
[4895] = CNOT 29 38
[4896] = CNOT 21 38
[4897] = CNOT 33 37
[4898] = CNOT 29 37
[4899] = CNOT 28 37
[4900] = CNOT 20 37
[4901] = CNOT 32 36
[4902] = CNOT 28 36
[4903] = CNOT 27 36
[4904] = CNOT 19 36
[4905] = CNOT 43 35
[4906] = CNOT 30 35
[4907] = CNOT 35 43
[4908] = CNOT 42 34
[4909] = CNOT 29 34
[4910] = CNOT 34 42
[4911] = CNOT 41 33
[4912] = CNOT 28 33
[4913] = CNOT 33 41
[4914] = CNOT 40 32
[4915] = CNOT 27 32
[4916] = CNOT 32 40
[4917] = CNOT 43 31
[4918] = CNOT 39 31
[4919] = CNOT 31 39
[4920] = CNOT 42 30
[4921] = CNOT 38 30
[4922] = CNOT 30 38
[4923] = CNOT 41 29
[4924] = CNOT 37 29
[4925] = CNOT 29 37
[4926] = CNOT 40 28
[4927] = CNOT 36 28
[4928] = CNOT 28 36
[4929] = CNOT 44 27
[4930] = CNOT 27 44
[4931] = CNOT 35 26
[4932] = CNOT 26 35
[4933] = CNOT 34 25
[4934] = CNOT 25 34
[4935] = CNOT 33 24
[4936] = CNOT 24 33
[4937] = CNOT 32 23
[4938] = CNOT 23 32
[4939] = CNOT 31 22
[4940] = CNOT 22 31
[4941] = CNOT 30 21
[4942] = CNOT 21 30
[4943] = CNOT 29 20
[4944] = CNOT 20 29
[4945] = CNOT 28 19
[4946] = CNOT 19 28
[4947] = H 28
[4948] = M 28
[4949] = H 29
[4950] = M 29
[4951] = H 30
[4952] = M 30
[4953] = H 31
[4954] = M 31
[4955] = H 32
[4956] = M 32
[4957] = H 33
[4958] = M 33
[4959] = H 34
[4960] = M 34
[4961] = H 35
[4962] = M 35
[4963] = H 36
[4964] = M 36
[4965] = H 37
[4966] = M 37
[4967] = H 38
[4968] = M 38
[4969] = H 39
[4970] = M 39
[4971] = H 40
[4972] = M 40
[4973] = H 41
[4974] = M 41
[4975] = H 42
[4976] = M 42
[4977] = H 43
[4978] = M 43
[4979] = H 44
[4980] = M 44
[4981] = H 27
[4982] = H 26
[4983] = H 25
[4984] = H 24
[4985] = H 23
[4986] = H 22
[4987] = H 21
[4988] = H 20
[4989] = H 19
Gate distributions:
Input:
Operator distribution:
Total number of qubits = 27
Number of `data' qubits = 27
Number of `Toff_n' ancillas = 0
Number of Hadamard ancillas = 0
Hadamard ancilla cap = infinite
Number of {CNOT,T} partitions = 1
T count = 567
Cost estimation = 283542
	id	Count
	0	0
	1	0
	2	0
	3	34
	4	8
	5	0
	6	0
	7	0
	8	0
	9	0
	10	81
	11	0
	12	0
	13	0
	14	0
	15	0
	16	0
	17	0
	18	0
Output:
Operator distribution:
Total number of qubits = 44
Number of `data' qubits = 27
Number of `Toff_n' ancillas = 0
Number of Hadamard ancillas = 17
Hadamard ancilla cap = infinite
Number of {CNOT,T} partitions = 1
T count = 281
Cost estimation = 145218
	id	Count
	0	0
	1	0
	2	0
	3	51
	4	3103
	5	281
	6	0
	7	0
	8	0
	9	0
	10	0
	11	746
	12	0
	13	792
	14	0
	15	0
	16	0
	17	0
	18	17
Output T Count (SQC_Circuit) = 281
Output T Count (PhasePolynomial) = 281
Fail count = 0

Execution time: 80.4762s
Number of LCL errors: 0
Number of LCL warnings: 0
