Optimize a Clifford + T circuit.
Input filename = /home/ryo-mtmt/TOpt/forme/tpar_benchmark/gf2^8_mult.tfc
Number of unknown gates = 0
Number of unknown qubit labels = 0
Circuit filename: /home/ryo-mtmt/TOpt/forme/tpar_benchmark/gf2^8_mult.tfc

n 24
n_x 24
n_y 0
n_z 0
m 201
[0] = H 17
[1] = H 18
[2] = H 19
[3] = H 20
[4] = H 21
[5] = H 22
[6] = H 23
[7] = CCZ 8 10 17
[8] = CCZ 7 11 17
[9] = CCZ 6 12 17
[10] = CCZ 5 13 17
[11] = CCZ 4 14 17
[12] = CCZ 3 15 17
[13] = CCZ 2 16 17
[14] = CCZ 8 11 18
[15] = CCZ 7 12 18
[16] = CCZ 6 13 18
[17] = CCZ 5 14 18
[18] = CCZ 4 15 18
[19] = CCZ 3 16 18
[20] = CCZ 8 12 19
[21] = CCZ 7 13 19
[22] = CCZ 6 14 19
[23] = CCZ 5 15 19
[24] = CCZ 4 16 19
[25] = CCZ 8 13 20
[26] = CCZ 7 14 20
[27] = CCZ 6 15 20
[28] = CCZ 5 16 20
[29] = CCZ 8 14 21
[30] = CCZ 7 15 21
[31] = CCZ 6 16 21
[32] = CCZ 8 15 22
[33] = CCZ 7 16 22
[34] = CCZ 8 16 23
[35] = H 17
[36] = H 18
[37] = H 19
[38] = H 20
[39] = H 21
[40] = H 22
[41] = H 23
[42] = CNOT 19 23
[43] = CNOT 18 23
[44] = CNOT 17 23
[45] = CNOT 18 22
[46] = CNOT 17 22
[47] = CNOT 24 22
[48] = CNOT 17 21
[49] = CNOT 24 21
[50] = CNOT 23 21
[51] = CNOT 24 20
[52] = CNOT 23 20
[53] = CNOT 22 20
[54] = CNOT 23 19
[55] = CNOT 22 19
[56] = CNOT 21 19
[57] = CNOT 22 18
[58] = CNOT 21 18
[59] = CNOT 20 18
[60] = CNOT 21 17
[61] = CNOT 20 17
[62] = CNOT 19 17
[63] = H 17
[64] = H 18
[65] = H 19
[66] = H 20
[67] = H 21
[68] = H 22
[69] = H 23
[70] = H 24
[71] = CCZ 8 9 24
[72] = CCZ 7 10 24
[73] = CCZ 6 11 24
[74] = CCZ 5 12 24
[75] = CCZ 4 13 24
[76] = CCZ 3 14 24
[77] = CCZ 2 15 24
[78] = CCZ 1 16 24
[79] = CCZ 7 9 23
[80] = CCZ 6 10 23
[81] = CCZ 5 11 23
[82] = CCZ 4 12 23
[83] = CCZ 3 13 23
[84] = CCZ 2 14 23
[85] = CCZ 1 15 23
[86] = CCZ 6 9 22
[87] = CCZ 5 10 22
[88] = CCZ 4 11 22
[89] = CCZ 3 12 22
[90] = CCZ 2 13 22
[91] = CCZ 1 14 22
[92] = CCZ 5 9 21
[93] = CCZ 4 10 21
[94] = CCZ 3 11 21
[95] = CCZ 2 12 21
[96] = CCZ 1 13 21
[97] = CCZ 4 9 20
[98] = CCZ 3 10 20
[99] = CCZ 2 11 20
[100] = CCZ 1 12 20
[101] = CCZ 3 9 19
[102] = CCZ 2 10 19
[103] = CCZ 1 11 19
[104] = CCZ 2 9 18
[105] = CCZ 1 10 18
[106] = CCZ 1 9 17
[107] = H 17
[108] = H 18
[109] = H 19
[110] = H 20
[111] = H 21
[112] = H 22
[113] = H 23
[114] = H 24

Algorithm used: todd_exp_1000

UniversalOptimize begin.
	Gate synthesis begin.
A_BMS
BMSparse object. Dims: 39x264
10295 2111 10294 2374 10292 10027 10026 10025 3953 3952 256 255 5798 1838 5797 4213 4212 1836 5795 4211 1835 9490 9489 513 9488 3152 3151 511 9486 3150 510 5525 5524 1828 5523 3822 4600 4059 813 1165 596 621 3326 2217 1162 53 368 3535 3533 9869 4324 2160 4323 4058 4321 4057 2206 1704 2218 3327 672 5108 3484 8353 3257 366 258 3585 3253 4308 2685 9519 3541 4650 4307 2684 1402 3534 4305 1923 841 5882 4033 1702 2446 2987 823 8938 5347 1912 9675 5346 2983 3497 5344 3259 4287 2664 3258 4286 3758 2986 2445 1593 9584 4284 386 1468 588 4283 4363 3254 4282 4280 2406 9347 150 1232 2665 501 10117 608 2205 3287 4599 3490 5884 4775 1529 2611 815 3489 5883 4774 1528 2207 3830 4520 3981 4522 1817 3980 4034 1816 3978 4032 1814 812 5248 1921 3977 1813 8805 149 1231 1609 10265 9268 4399 4885 9213 797 3976 3821 2334 10050 1401 599 2912 605 2404 2908 9400 203 1826 3736 642 9190 4754 1168 3332 5496 3738 55 1164 2219 3328 4248 9046 390 4177 565 641 2332 3982 4523 807 2906 9398 201 606 1891 2405 1608 3728 8597 4499 1913 804 796 9286 3281 5499 2652 10226 488 2909 9401 2686 597 489 2910 9774 3282 3823 3255 4364 4905 9518 9775 3283 2879 799 10051 9881 2848 200 9348 8807 10119 2666 9270 4401 10023 8914 5587 1166 3330 1937 4250 564 2905 9559 362 1985 2526 1849 9964 1592 3756 821 2444 8936 1940 1938 491 4251 5107 3998 19 4888 9216 9271 4402 1595 567 824 10048 8939 825 8940 3729 3730 8599 827 3829 502 1611 10267 840 9988 4524 8808 9024 152 1234 3498 9990 4526 1818 9581 1466 843 4527 572 361 2904 9558 2525 2108 9871 2161 2109 9872 2162 2372 9026 9284 2373 9027 9047 364 1473 878 3096 851 4178 1851 9966 1161 52 9556 4146 9044 388 1848 820 8354 591 848 9883 2850 9516 644 1185 9884 1701 3285 4908 4869 3286 9345 4909 385 2233 1888 9651 1536 8571 3757 1539 389 849 4176 10157 10159 2610 392 365 1474 1988 3097 10160 3587 9633 2654 4872 436 2600 1186 2506 2507 2981 9635 10176 438 2602 1188 1189 1190 4887 9215 1192 1404 2513 4361 877 1986 2527 2514 4678 2515 5220 5105 3996 669 10227 3573 10173 2653 4871 435 1517 3997 670 3574 3575 10175 3737 1519 2601 5584 2257 3339 9649 8912 2258 3340 5586 2259 3341 1889 9652 1537 8600 10240 3586 4907 1476 3485 158 1240 3486 159 1241 4597 3488 161 1243 1482 1483 3331 3543 4652 1485 4653 166 10120 1248 4496 2278 3901 8350 167 1249 2279 2820 575 3902 4498 2280 2821 589 8352 3496 169 1251 2333 805 9677 1915 8569 9678 16 2234 3343 2235 17 3344 3345 9948 4403 1236 1237 2822 9950 212 1239 9951 213 4144 2982 9636 5200 4145 5202 2985 5203 2036 9772 3118 3937 2828 4676 2037 3938 2829 3939 2830 2039 5880 3662 4679 10224 880 3098 1516 2572 2573 1465 2574 9967 622 2840 2841 3951 624 2842 8915 9287 1524 573 3900 1525 5222 1527 2609 5223 2849 10242 3831 504 1531 10243 3116 4752 9188 3117 3542 215 4755 9191 5498 2913 1804 2914 1805 1807 9991 3661 8572 5245 4772 3663 1920 5247 9583 1820 2505 10268 2877 2878 1825 5521 

[Experimental TODD] Flags - Packed: 1, AA Table: 0, Memo: 0, Sketch: 0 (margin=20)
--- Round 0 | Current Columns: 264 ---
  [HIT!] Pair(2,157) Dist=1 | 264 -> 262 columns
Round 0 Finished in 19 ms.
--- Round 1 | Current Columns: 262 ---
  [HIT!] Pair(4,5) Dist=1 | 262 -> 260 columns
Round 1 Finished in 12 ms.
--- Round 2 | Current Columns: 260 ---
  [HIT!] Pair(6,10) Dist=1 | 260 -> 258 columns
Round 2 Finished in 13 ms.
--- Round 3 | Current Columns: 258 ---
  [HIT!] Pair(1,191) Dist=1 | 258 -> 254 columns
Round 3 Finished in 8 ms.
--- Round 4 | Current Columns: 254 ---
  [HIT!] Pair(7,32) Dist=1 | 254 -> 250 columns
Round 4 Finished in 15 ms.
--- Round 5 | Current Columns: 250 ---
  [HIT!] Pair(1,35) Dist=1 | 250 -> 246 columns
Round 5 Finished in 8 ms.
--- Round 6 | Current Columns: 246 ---
  [HIT!] Pair(1,126) Dist=1 | 246 -> 241 columns
Round 6 Finished in 6 ms.
--- Round 7 | Current Columns: 241 ---
  [HIT!] Pair(4,94) Dist=2 | 241 -> 239 columns
Round 7 Finished in 308 ms.
--- Round 8 | Current Columns: 239 ---
  [HIT!] Pair(37,73) Dist=1 | 239 -> 237 columns
Round 8 Finished in 50 ms.
--- Round 9 | Current Columns: 237 ---
  [HIT!] Pair(41,47) Dist=2 | 237 -> 235 columns
Round 9 Finished in 584 ms.
--- Round 10 | Current Columns: 235 ---
  [HIT!] Pair(64,65) Dist=1 | 235 -> 233 columns
Round 10 Finished in 81 ms.
--- Round 11 | Current Columns: 233 ---
  [HIT!] Pair(29,38) Dist=2 | 233 -> 231 columns
Round 11 Finished in 530 ms.
--- Round 12 | Current Columns: 231 ---
  [HIT!] Pair(15,69) Dist=4 | 231 -> 229 columns
Round 12 Finished in 5336 ms.
--- Round 13 | Current Columns: 229 ---
Round 13 Finished in 134321 ms.

=== Optimization Summary ===
Algorithm       : LempelX2_M4RI_Experimental
Initial T-count : 264
Final T-count   : 229
Total Reduced   : 35 gates
Execution Time  : 141306 ms
Chi calculation : 9390.93 ms
AA Table calc   : 0 ms
Nullspace calc  : 129912 ms
--- Sketch Statistics ---
Sketch margin   : delta = 20
Sketch time     : 0 ms
Pairs tested    : 28855
Sketch fired    : 0
Sketch skipped  : 0 (chi_rows <= m+delta)
Sketch rejected : 0 (nullspace empty)
Sketch passed   : 0 (nullspace non-empty)
Full NS empty   : 0 (of 28855 computed)
============================
		TODD executed in 141.149 seconds.
		Total time: 141.183s
	Gate synthesis end.
	Total time: 144.009s
UniversalOptimize end.
Output circuit:
n 39
n_x 24
n_y 0
n_z 15
m 4601
[0] = H 17
[1] = H 18
[2] = H 19
[3] = H 20
[4] = H 21
[5] = H 22
[6] = H 23
[7] = H 25
[8] = H 26
[9] = H 27
[10] = H 28
[11] = H 29
[12] = H 30
[13] = H 31
[14] = H 32
[15] = H 33
[16] = H 34
[17] = H 35
[18] = H 36
[19] = H 37
[20] = H 38
[21] = H 39
[22] = CNOT 8 12
[23] = CNOT 8 18
[24] = CNOT 8 19
[25] = T 8
[26] = CNOT 8 19
[27] = CNOT 8 18
[28] = CNOT 8 12
[29] = CNOT 12 15
[30] = CNOT 12 16
[31] = T 12
[32] = Z 12
[33] = CNOT 12 16
[34] = CNOT 12 15
[35] = CNOT 4 8
[36] = CNOT 4 12
[37] = CNOT 4 39
[38] = T 4
[39] = CNOT 4 8
[40] = CNOT 8 18
[41] = CNOT 8 19
[42] = T 8
[43] = S 8
[44] = Z 8
[45] = CNOT 8 19
[46] = CNOT 8 18
[47] = CNOT 2 3
[48] = CNOT 2 8
[49] = CNOT 2 12
[50] = CNOT 2 35
[51] = T 2
[52] = CNOT 2 35
[53] = CNOT 2 12
[54] = CNOT 2 3
[55] = CNOT 4 8
[56] = CNOT 4 9
[57] = T 4
[58] = CNOT 4 39
[59] = CNOT 4 12
[60] = CNOT 4 9
[61] = CNOT 4 8
[62] = CNOT 3 10
[63] = CNOT 3 36
[64] = CNOT 3 37
[65] = CNOT 3 38
[66] = T 3
[67] = CNOT 3 38
[68] = CNOT 3 37
[69] = CNOT 3 36
[70] = CNOT 3 10
[71] = CNOT 3 8
[72] = CNOT 3 12
[73] = CNOT 3 16
[74] = CNOT 3 22
[75] = T 3
[76] = CNOT 3 22
[77] = CNOT 3 16
[78] = CNOT 3 12
[79] = CNOT 3 8
[80] = CNOT 7 12
[81] = CNOT 7 18
[82] = T 7
[83] = CNOT 7 18
[84] = CNOT 1 3
[85] = CNOT 1 4
[86] = CNOT 1 8
[87] = CNOT 1 12
[88] = CNOT 1 15
[89] = T 1
[90] = CNOT 1 15
[91] = CNOT 1 8
[92] = CNOT 1 3
[93] = CNOT 1 38
[94] = T 1
[95] = CNOT 1 15
[96] = T 1
[97] = CNOT 1 38
[98] = CNOT 1 4
[99] = CNOT 4 11
[100] = CNOT 4 15
[101] = CNOT 4 36
[102] = CNOT 4 37
[103] = T 4
[104] = CNOT 4 37
[105] = CNOT 4 36
[106] = T 4
[107] = S 4
[108] = Z 4
[109] = CNOT 4 15
[110] = CNOT 4 11
[111] = CNOT 11 15
[112] = CNOT 11 36
[113] = CNOT 11 37
[114] = T 11
[115] = CNOT 11 37
[116] = CNOT 11 36
[117] = CNOT 11 15
[118] = CNOT 7 14
[119] = CNOT 7 21
[120] = T 7
[121] = CNOT 7 21
[122] = CNOT 7 14
[123] = CNOT 7 12
[124] = CNOT 1 16
[125] = CNOT 1 18
[126] = CNOT 1 39
[127] = T 1
[128] = CNOT 1 39
[129] = T 1
[130] = CNOT 1 16
[131] = CNOT 1 12
[132] = CNOT 12 15
[133] = CNOT 12 16
[134] = CNOT 12 18
[135] = CNOT 12 39
[136] = T 12
[137] = CNOT 12 39
[138] = CNOT 12 18
[139] = CNOT 12 16
[140] = CNOT 12 15
[141] = CNOT 1 12
[142] = CNOT 1 39
[143] = T 1
[144] = CNOT 1 39
[145] = CNOT 1 18
[146] = CNOT 1 12
[147] = CNOT 4 12
[148] = CNOT 4 16
[149] = CNOT 4 18
[150] = CNOT 4 19
[151] = T 4
[152] = CNOT 4 19
[153] = T 4
[154] = CNOT 4 16
[155] = CNOT 4 12
[156] = CNOT 12 16
[157] = CNOT 12 18
[158] = CNOT 12 19
[159] = T 12
[160] = CNOT 12 19
[161] = CNOT 12 18
[162] = CNOT 12 16
[163] = CNOT 4 12
[164] = CNOT 4 19
[165] = T 4
[166] = CNOT 4 19
[167] = CNOT 4 18
[168] = CNOT 4 12
[169] = CNOT 7 11
[170] = CNOT 7 17
[171] = T 7
[172] = CNOT 7 17
[173] = T 7
[174] = S 7
[175] = CNOT 7 11
[176] = CNOT 11 17
[177] = T 11
[178] = S 11
[179] = CNOT 11 17
[180] = CNOT 7 17
[181] = T 7
[182] = S 7
[183] = CNOT 7 17
[184] = CNOT 7 12
[185] = CNOT 7 15
[186] = CNOT 7 16
[187] = T 7
[188] = CNOT 7 16
[189] = CNOT 7 15
[190] = CNOT 7 20
[191] = CNOT 7 21
[192] = T 7
[193] = CNOT 7 21
[194] = CNOT 7 20
[195] = CNOT 7 12
[196] = CNOT 3 4
[197] = CNOT 3 15
[198] = CNOT 3 36
[199] = CNOT 3 37
[200] = T 3
[201] = CNOT 3 37
[202] = CNOT 3 36
[203] = CNOT 3 15
[204] = CNOT 3 4
[205] = CNOT 4 15
[206] = T 4
[207] = S 4
[208] = CNOT 4 15
[209] = CNOT 3 7
[210] = CNOT 3 8
[211] = CNOT 3 12
[212] = CNOT 3 16
[213] = T 3
[214] = CNOT 3 16
[215] = CNOT 3 12
[216] = CNOT 3 7
[217] = CNOT 3 15
[218] = CNOT 3 36
[219] = CNOT 3 38
[220] = T 3
[221] = CNOT 3 36
[222] = CNOT 3 15
[223] = CNOT 3 8
[224] = CNOT 3 4
[225] = CNOT 3 10
[226] = CNOT 3 18
[227] = CNOT 3 37
[228] = T 3
[229] = CNOT 3 38
[230] = CNOT 3 37
[231] = CNOT 3 10
[232] = CNOT 3 4
[233] = T 15
[234] = Z 15
[235] = CNOT 3 12
[236] = CNOT 3 16
[237] = T 3
[238] = CNOT 3 18
[239] = CNOT 3 16
[240] = CNOT 3 12
[241] = CNOT 2 3
[242] = CNOT 2 11
[243] = CNOT 2 12
[244] = T 2
[245] = CNOT 2 12
[246] = CNOT 2 11
[247] = CNOT 2 8
[248] = CNOT 2 3
[249] = CNOT 12 14
[250] = CNOT 12 20
[251] = CNOT 12 21
[252] = T 12
[253] = CNOT 12 21
[254] = CNOT 12 20
[255] = CNOT 12 14
[256] = CNOT 4 8
[257] = CNOT 4 12
[258] = CNOT 4 15
[259] = T 4
[260] = CNOT 4 12
[261] = CNOT 4 8
[262] = CNOT 3 12
[263] = CNOT 3 16
[264] = CNOT 3 22
[265] = T 3
[266] = CNOT 3 22
[267] = CNOT 3 16
[268] = CNOT 3 7
[269] = CNOT 3 8
[270] = CNOT 3 39
[271] = T 3
[272] = CNOT 3 39
[273] = CNOT 3 7
[274] = CNOT 3 15
[275] = CNOT 3 22
[276] = T 3
[277] = CNOT 3 8
[278] = CNOT 3 16
[279] = T 3
[280] = CNOT 3 22
[281] = CNOT 3 16
[282] = CNOT 3 15
[283] = CNOT 3 12
[284] = CNOT 8 11
[285] = CNOT 8 36
[286] = T 8
[287] = CNOT 8 36
[288] = CNOT 8 11
[289] = CNOT 3 11
[290] = T 3
[291] = S 3
[292] = CNOT 3 8
[293] = CNOT 3 36
[294] = T 3
[295] = CNOT 3 36
[296] = CNOT 3 11
[297] = CNOT 3 10
[298] = CNOT 3 12
[299] = CNOT 3 39
[300] = T 3
[301] = CNOT 3 39
[302] = CNOT 3 12
[303] = CNOT 3 10
[304] = CNOT 4 9
[305] = CNOT 4 35
[306] = CNOT 4 36
[307] = T 4
[308] = CNOT 4 36
[309] = CNOT 4 35
[310] = CNOT 4 15
[311] = CNOT 4 9
[312] = CNOT 3 4
[313] = CNOT 3 9
[314] = CNOT 3 15
[315] = CNOT 3 36
[316] = T 3
[317] = CNOT 3 36
[318] = CNOT 3 15
[319] = CNOT 3 9
[320] = CNOT 3 4
[321] = CNOT 9 15
[322] = CNOT 9 35
[323] = CNOT 9 36
[324] = T 9
[325] = CNOT 9 36
[326] = CNOT 9 35
[327] = CNOT 9 15
[328] = CNOT 4 15
[329] = CNOT 4 35
[330] = CNOT 4 36
[331] = T 4
[332] = CNOT 4 36
[333] = CNOT 4 35
[334] = CNOT 4 15
[335] = CNOT 1 14
[336] = CNOT 1 36
[337] = CNOT 1 37
[338] = T 1
[339] = CNOT 1 37
[340] = T 1
[341] = CNOT 1 14
[342] = CNOT 14 15
[343] = CNOT 14 36
[344] = CNOT 14 37
[345] = T 14
[346] = CNOT 14 37
[347] = CNOT 14 36
[348] = CNOT 14 15
[349] = CNOT 1 37
[350] = T 1
[351] = CNOT 1 37
[352] = CNOT 1 36
[353] = CNOT 1 15
[354] = CNOT 3 4
[355] = CNOT 3 12
[356] = CNOT 3 14
[357] = CNOT 3 17
[358] = T 3
[359] = CNOT 3 17
[360] = T 3
[361] = CNOT 3 4
[362] = CNOT 3 17
[363] = T 3
[364] = CNOT 3 17
[365] = CNOT 3 14
[366] = CNOT 3 12
[367] = CNOT 3 8
[368] = CNOT 2 3
[369] = CNOT 2 8
[370] = T 2
[371] = S 2
[372] = CNOT 2 8
[373] = CNOT 2 3
[374] = CNOT 8 15
[375] = CNOT 8 17
[376] = CNOT 8 38
[377] = T 8
[378] = CNOT 8 38
[379] = CNOT 8 17
[380] = CNOT 8 15
[381] = CNOT 4 8
[382] = CNOT 4 15
[383] = CNOT 4 36
[384] = CNOT 4 38
[385] = T 4
[386] = CNOT 4 38
[387] = CNOT 4 36
[388] = CNOT 4 8
[389] = CNOT 3 8
[390] = CNOT 3 15
[391] = CNOT 3 17
[392] = CNOT 3 38
[393] = T 3
[394] = CNOT 3 15
[395] = CNOT 3 8
[396] = T 3
[397] = S 3
[398] = Z 3
[399] = CNOT 3 38
[400] = CNOT 3 17
[401] = CNOT 3 7
[402] = CNOT 3 8
[403] = CNOT 3 10
[404] = CNOT 3 12
[405] = T 3
[406] = CNOT 3 39
[407] = T 3
[408] = CNOT 3 39
[409] = CNOT 3 12
[410] = CNOT 3 8
[411] = CNOT 3 7
[412] = CNOT 12 14
[413] = CNOT 12 15
[414] = CNOT 12 18
[415] = T 12
[416] = CNOT 12 18
[417] = CNOT 12 15
[418] = CNOT 12 14
[419] = CNOT 8 12
[420] = CNOT 8 15
[421] = CNOT 8 18
[422] = T 8
[423] = CNOT 8 18
[424] = CNOT 8 15
[425] = CNOT 8 12
[426] = CNOT 3 15
[427] = CNOT 3 35
[428] = CNOT 3 36
[429] = T 3
[430] = CNOT 3 10
[431] = CNOT 7 12
[432] = CNOT 7 14
[433] = CNOT 7 20
[434] = CNOT 7 21
[435] = T 7
[436] = CNOT 7 21
[437] = CNOT 7 20
[438] = CNOT 7 14
[439] = CNOT 7 12
[440] = CNOT 10 15
[441] = CNOT 10 35
[442] = CNOT 10 36
[443] = T 10
[444] = CNOT 10 35
[445] = CNOT 10 15
[446] = T 3
[447] = CNOT 3 36
[448] = CNOT 3 35
[449] = CNOT 3 12
[450] = CNOT 3 23
[451] = T 3
[452] = CNOT 3 23
[453] = CNOT 3 15
[454] = CNOT 3 12
[455] = CNOT 2 3
[456] = CNOT 2 8
[457] = CNOT 2 11
[458] = CNOT 2 12
[459] = CNOT 2 35
[460] = T 2
[461] = CNOT 2 35
[462] = CNOT 2 12
[463] = CNOT 2 11
[464] = CNOT 2 8
[465] = CNOT 2 3
[466] = CNOT 3 8
[467] = CNOT 3 12
[468] = CNOT 3 15
[469] = CNOT 3 23
[470] = T 3
[471] = CNOT 3 8
[472] = CNOT 3 16
[473] = T 3
[474] = CNOT 3 8
[475] = T 3
[476] = CNOT 3 23
[477] = CNOT 3 16
[478] = CNOT 3 8
[479] = CNOT 3 18
[480] = CNOT 3 37
[481] = T 3
[482] = CNOT 3 37
[483] = CNOT 3 12
[484] = CNOT 10 37
[485] = CNOT 10 38
[486] = T 10
[487] = CNOT 10 38
[488] = CNOT 10 37
[489] = CNOT 10 36
[490] = CNOT 4 8
[491] = CNOT 4 10
[492] = CNOT 4 18
[493] = T 4
[494] = CNOT 4 18
[495] = CNOT 4 15
[496] = CNOT 4 10
[497] = CNOT 4 8
[498] = CNOT 3 4
[499] = CNOT 3 8
[500] = CNOT 3 10
[501] = T 3
[502] = CNOT 3 10
[503] = CNOT 6 12
[504] = CNOT 6 17
[505] = T 6
[506] = CNOT 6 17
[507] = CNOT 6 12
[508] = T 6
[509] = CNOT 17 38
[510] = T 17
[511] = S 17
[512] = CNOT 17 38
[513] = CNOT 6 17
[514] = T 6
[515] = S 6
[516] = CNOT 6 17
[517] = CNOT 3 12
[518] = CNOT 3 13
[519] = CNOT 3 36
[520] = CNOT 3 39
[521] = T 3
[522] = CNOT 3 39
[523] = T 3
[524] = CNOT 3 4
[525] = CNOT 3 39
[526] = T 3
[527] = CNOT 3 39
[528] = CNOT 3 36
[529] = CNOT 3 18
[530] = CNOT 3 15
[531] = CNOT 3 13
[532] = CNOT 3 12
[533] = CNOT 3 8
[534] = CNOT 4 12
[535] = CNOT 4 15
[536] = CNOT 4 18
[537] = CNOT 4 39
[538] = T 4
[539] = CNOT 4 39
[540] = CNOT 4 18
[541] = CNOT 4 15
[542] = CNOT 4 12
[543] = CNOT 8 12
[544] = CNOT 8 13
[545] = CNOT 8 20
[546] = CNOT 8 21
[547] = T 8
[548] = CNOT 8 20
[549] = T 8
[550] = CNOT 8 13
[551] = CNOT 8 12
[552] = CNOT 12 13
[553] = CNOT 12 20
[554] = CNOT 12 21
[555] = T 12
[556] = CNOT 12 21
[557] = CNOT 12 20
[558] = CNOT 12 13
[559] = CNOT 8 12
[560] = CNOT 8 20
[561] = T 8
[562] = CNOT 8 21
[563] = CNOT 8 20
[564] = CNOT 8 12
[565] = CNOT 4 8
[566] = CNOT 4 9
[567] = CNOT 4 12
[568] = CNOT 4 34
[569] = T 4
[570] = CNOT 4 34
[571] = CNOT 4 12
[572] = CNOT 4 9
[573] = CNOT 4 8
[574] = CNOT 3 8
[575] = CNOT 3 11
[576] = CNOT 3 12
[577] = CNOT 3 35
[578] = T 3
[579] = CNOT 3 35
[580] = CNOT 3 11
[581] = CNOT 3 4
[582] = CNOT 3 9
[583] = CNOT 3 34
[584] = T 3
[585] = CNOT 3 34
[586] = CNOT 3 12
[587] = CNOT 3 9
[588] = CNOT 3 4
[589] = CNOT 4 8
[590] = CNOT 4 12
[591] = CNOT 4 34
[592] = T 4
[593] = CNOT 4 34
[594] = CNOT 4 12
[595] = CNOT 4 8
[596] = CNOT 2 12
[597] = CNOT 2 16
[598] = CNOT 2 17
[599] = T 2
[600] = CNOT 2 17
[601] = T 2
[602] = S 2
[603] = Z 2
[604] = CNOT 2 16
[605] = CNOT 2 12
[606] = CNOT 12 16
[607] = CNOT 12 17
[608] = T 12
[609] = S 12
[610] = Z 12
[611] = CNOT 12 17
[612] = CNOT 12 16
[613] = CNOT 2 12
[614] = CNOT 2 17
[615] = T 2
[616] = S 2
[617] = Z 2
[618] = CNOT 2 17
[619] = CNOT 2 14
[620] = CNOT 2 15
[621] = CNOT 2 38
[622] = T 2
[623] = CNOT 2 38
[624] = T 2
[625] = CNOT 2 14
[626] = CNOT 2 12
[627] = CNOT 12 14
[628] = CNOT 12 15
[629] = CNOT 12 38
[630] = T 12
[631] = CNOT 12 38
[632] = CNOT 12 15
[633] = CNOT 12 14
[634] = CNOT 2 12
[635] = CNOT 2 38
[636] = T 2
[637] = CNOT 2 38
[638] = CNOT 2 15
[639] = CNOT 5 9
[640] = CNOT 5 12
[641] = CNOT 5 15
[642] = CNOT 5 18
[643] = CNOT 5 36
[644] = T 5
[645] = CNOT 5 36
[646] = T 5
[647] = CNOT 5 9
[648] = CNOT 9 12
[649] = CNOT 9 15
[650] = CNOT 9 18
[651] = CNOT 9 36
[652] = T 9
[653] = CNOT 9 36
[654] = CNOT 9 18
[655] = CNOT 9 15
[656] = CNOT 9 12
[657] = CNOT 5 36
[658] = T 5
[659] = CNOT 5 36
[660] = CNOT 5 14
[661] = T 5
[662] = CNOT 5 18
[663] = T 5
[664] = CNOT 5 15
[665] = CNOT 5 14
[666] = CNOT 5 12
[667] = CNOT 14 15
[668] = CNOT 14 36
[669] = T 14
[670] = Z 14
[671] = CNOT 14 36
[672] = CNOT 14 15
[673] = CNOT 3 7
[674] = CNOT 3 12
[675] = CNOT 3 15
[676] = CNOT 3 22
[677] = T 3
[678] = CNOT 3 22
[679] = CNOT 3 15
[680] = CNOT 3 12
[681] = CNOT 3 8
[682] = CNOT 3 7
[683] = CNOT 3 13
[684] = CNOT 3 18
[685] = CNOT 3 38
[686] = T 3
[687] = CNOT 3 38
[688] = T 3
[689] = CNOT 3 18
[690] = CNOT 3 13
[691] = CNOT 13 18
[692] = CNOT 13 38
[693] = T 13
[694] = S 13
[695] = Z 13
[696] = CNOT 13 38
[697] = CNOT 13 18
[698] = CNOT 4 10
[699] = CNOT 4 18
[700] = CNOT 4 37
[701] = CNOT 4 38
[702] = T 4
[703] = CNOT 4 38
[704] = CNOT 4 37
[705] = CNOT 4 18
[706] = CNOT 7 13
[707] = CNOT 7 18
[708] = CNOT 7 19
[709] = T 7
[710] = CNOT 7 19
[711] = T 7
[712] = S 7
[713] = Z 7
[714] = CNOT 7 13
[715] = CNOT 13 18
[716] = CNOT 13 19
[717] = T 13
[718] = S 13
[719] = Z 13
[720] = CNOT 13 19
[721] = CNOT 13 18
[722] = CNOT 7 19
[723] = T 7
[724] = S 7
[725] = Z 7
[726] = CNOT 7 19
[727] = CNOT 7 18
[728] = CNOT 2 3
[729] = CNOT 2 8
[730] = CNOT 2 9
[731] = CNOT 2 33
[732] = T 2
[733] = CNOT 2 33
[734] = T 2
[735] = CNOT 2 9
[736] = CNOT 2 3
[737] = CNOT 3 8
[738] = CNOT 3 9
[739] = CNOT 3 12
[740] = CNOT 3 33
[741] = T 3
[742] = CNOT 3 33
[743] = CNOT 3 12
[744] = CNOT 3 9
[745] = CNOT 3 8
[746] = CNOT 2 3
[747] = CNOT 2 33
[748] = T 2
[749] = CNOT 2 33
[750] = CNOT 2 8
[751] = CNOT 2 3
[752] = CNOT 2 15
[753] = CNOT 2 39
[754] = T 2
[755] = CNOT 2 15
[756] = CNOT 2 12
[757] = CNOT 7 12
[758] = CNOT 7 16
[759] = T 7
[760] = Z 7
[761] = CNOT 7 16
[762] = CNOT 7 12
[763] = CNOT 12 15
[764] = CNOT 12 39
[765] = T 12
[766] = CNOT 12 39
[767] = CNOT 12 15
[768] = CNOT 2 12
[769] = T 2
[770] = S 2
[771] = Z 2
[772] = CNOT 2 39
[773] = CNOT 2 12
[774] = CNOT 3 5
[775] = CNOT 3 8
[776] = CNOT 3 10
[777] = CNOT 3 12
[778] = CNOT 3 37
[779] = T 3
[780] = CNOT 3 37
[781] = T 3
[782] = CNOT 3 5
[783] = CNOT 3 37
[784] = T 3
[785] = CNOT 3 10
[786] = CNOT 3 5
[787] = T 3
[788] = CNOT 3 37
[789] = CNOT 3 12
[790] = CNOT 3 8
[791] = CNOT 3 5
[792] = CNOT 5 12
[793] = CNOT 5 15
[794] = CNOT 5 19
[795] = T 5
[796] = CNOT 5 15
[797] = CNOT 5 12
[798] = CNOT 7 12
[799] = CNOT 7 15
[800] = CNOT 7 21
[801] = T 7
[802] = CNOT 7 21
[803] = CNOT 7 15
[804] = CNOT 7 12
[805] = CNOT 12 15
[806] = CNOT 12 19
[807] = T 12
[808] = S 12
[809] = Z 12
[810] = CNOT 12 19
[811] = CNOT 12 15
[812] = CNOT 5 12
[813] = T 5
[814] = S 5
[815] = Z 5
[816] = CNOT 5 19
[817] = CNOT 5 12
[818] = CNOT 4 8
[819] = CNOT 4 12
[820] = CNOT 4 17
[821] = T 4
[822] = CNOT 4 17
[823] = CNOT 4 12
[824] = CNOT 4 10
[825] = CNOT 4 8
[826] = CNOT 3 4
[827] = CNOT 3 10
[828] = CNOT 3 12
[829] = T 3
[830] = CNOT 3 10
[831] = CNOT 3 4
[832] = CNOT 4 10
[833] = CNOT 4 12
[834] = CNOT 4 17
[835] = T 4
[836] = CNOT 4 17
[837] = CNOT 4 12
[838] = CNOT 4 10
[839] = CNOT 3 4
[840] = CNOT 3 17
[841] = T 3
[842] = CNOT 3 17
[843] = CNOT 3 4
[844] = CNOT 8 12
[845] = CNOT 8 14
[846] = CNOT 8 39
[847] = T 8
[848] = CNOT 8 39
[849] = CNOT 8 21
[850] = T 8
[851] = CNOT 8 21
[852] = CNOT 8 14
[853] = CNOT 8 12
[854] = CNOT 3 8
[855] = CNOT 3 14
[856] = CNOT 3 39
[857] = T 3
[858] = CNOT 3 39
[859] = CNOT 3 14
[860] = CNOT 3 12
[861] = CNOT 3 8
[862] = CNOT 8 12
[863] = CNOT 8 39
[864] = T 8
[865] = S 8
[866] = CNOT 8 39
[867] = CNOT 8 12
[868] = CNOT 6 9
[869] = CNOT 6 12
[870] = CNOT 6 15
[871] = CNOT 6 18
[872] = CNOT 6 37
[873] = T 6
[874] = CNOT 6 37
[875] = T 6
[876] = CNOT 6 9
[877] = CNOT 9 12
[878] = CNOT 9 15
[879] = CNOT 9 18
[880] = CNOT 9 37
[881] = T 9
[882] = CNOT 9 37
[883] = CNOT 9 18
[884] = CNOT 9 15
[885] = CNOT 9 12
[886] = CNOT 6 37
[887] = T 6
[888] = CNOT 6 37
[889] = CNOT 6 18
[890] = CNOT 6 15
[891] = CNOT 1 3
[892] = CNOT 1 8
[893] = CNOT 1 10
[894] = CNOT 1 12
[895] = CNOT 1 33
[896] = T 1
[897] = CNOT 1 33
[898] = T 1
[899] = CNOT 1 10
[900] = CNOT 1 3
[901] = CNOT 3 8
[902] = CNOT 3 10
[903] = CNOT 3 12
[904] = CNOT 3 33
[905] = T 3
[906] = CNOT 3 33
[907] = CNOT 3 12
[908] = CNOT 3 10
[909] = CNOT 3 8
[910] = CNOT 1 3
[911] = CNOT 1 33
[912] = T 1
[913] = CNOT 1 33
[914] = CNOT 1 12
[915] = CNOT 6 14
[916] = CNOT 6 19
[917] = T 6
[918] = CNOT 6 19
[919] = T 6
[920] = S 6
[921] = Z 6
[922] = CNOT 6 14
[923] = CNOT 6 12
[924] = CNOT 12 14
[925] = CNOT 12 19
[926] = T 12
[927] = S 12
[928] = Z 12
[929] = CNOT 12 19
[930] = CNOT 12 14
[931] = CNOT 6 12
[932] = CNOT 6 19
[933] = T 6
[934] = S 6
[935] = Z 6
[936] = CNOT 6 19
[937] = CNOT 4 9
[938] = CNOT 4 12
[939] = CNOT 4 39
[940] = T 4
[941] = CNOT 4 39
[942] = CNOT 4 12
[943] = CNOT 4 9
[944] = CNOT 1 12
[945] = CNOT 1 13
[946] = CNOT 1 15
[947] = CNOT 1 18
[948] = CNOT 1 36
[949] = T 1
[950] = CNOT 1 36
[951] = T 1
[952] = CNOT 1 13
[953] = CNOT 1 8
[954] = CNOT 1 3
[955] = CNOT 3 8
[956] = CNOT 3 12
[957] = CNOT 3 13
[958] = CNOT 3 15
[959] = CNOT 3 18
[960] = T 3
[961] = CNOT 3 18
[962] = CNOT 3 15
[963] = CNOT 3 13
[964] = CNOT 3 12
[965] = CNOT 3 8
[966] = CNOT 1 36
[967] = T 1
[968] = CNOT 1 18
[969] = CNOT 1 12
[970] = CNOT 6 13
[971] = CNOT 6 18
[972] = CNOT 6 21
[973] = T 6
[974] = CNOT 6 18
[975] = T 6
[976] = CNOT 6 21
[977] = CNOT 6 13
[978] = CNOT 6 12
[979] = CNOT 12 13
[980] = CNOT 12 18
[981] = CNOT 12 21
[982] = T 12
[983] = CNOT 12 21
[984] = CNOT 12 18
[985] = CNOT 12 13
[986] = CNOT 6 12
[987] = CNOT 6 18
[988] = T 6
[989] = CNOT 6 18
[990] = CNOT 6 12
[991] = CNOT 1 3
[992] = CNOT 1 8
[993] = CNOT 1 9
[994] = CNOT 1 32
[995] = T 1
[996] = CNOT 1 32
[997] = T 1
[998] = CNOT 1 9
[999] = CNOT 1 3
[1000] = CNOT 3 8
[1001] = CNOT 3 9
[1002] = CNOT 3 15
[1003] = CNOT 3 32
[1004] = CNOT 3 36
[1005] = T 3
[1006] = CNOT 3 36
[1007] = CNOT 3 32
[1008] = CNOT 3 15
[1009] = CNOT 3 9
[1010] = CNOT 3 8
[1011] = CNOT 1 3
[1012] = CNOT 1 32
[1013] = T 1
[1014] = CNOT 1 36
[1015] = CNOT 1 32
[1016] = CNOT 1 15
[1017] = CNOT 1 8
[1018] = CNOT 1 3
[1019] = CNOT 3 8
[1020] = CNOT 3 15
[1021] = CNOT 3 32
[1022] = CNOT 3 36
[1023] = T 3
[1024] = CNOT 3 36
[1025] = CNOT 3 32
[1026] = CNOT 3 15
[1027] = CNOT 3 8
[1028] = CNOT 2 3
[1029] = CNOT 2 8
[1030] = CNOT 2 12
[1031] = CNOT 2 13
[1032] = CNOT 2 37
[1033] = T 2
[1034] = CNOT 2 37
[1035] = T 2
[1036] = CNOT 2 13
[1037] = CNOT 2 3
[1038] = CNOT 3 8
[1039] = CNOT 3 12
[1040] = CNOT 3 13
[1041] = CNOT 3 37
[1042] = T 3
[1043] = CNOT 3 37
[1044] = CNOT 3 13
[1045] = CNOT 3 12
[1046] = CNOT 3 8
[1047] = CNOT 2 3
[1048] = CNOT 2 37
[1049] = T 2
[1050] = CNOT 2 37
[1051] = CNOT 2 12
[1052] = CNOT 2 3
[1053] = CNOT 3 5
[1054] = CNOT 3 8
[1055] = CNOT 3 12
[1056] = CNOT 3 13
[1057] = CNOT 3 17
[1058] = T 3
[1059] = CNOT 3 17
[1060] = T 3
[1061] = CNOT 3 5
[1062] = CNOT 3 17
[1063] = T 3
[1064] = CNOT 3 13
[1065] = CNOT 3 5
[1066] = T 3
[1067] = CNOT 3 17
[1068] = CNOT 3 12
[1069] = CNOT 3 8
[1070] = CNOT 3 5
[1071] = CNOT 2 3
[1072] = CNOT 2 36
[1073] = T 2
[1074] = CNOT 2 8
[1075] = CNOT 2 3
[1076] = CNOT 3 5
[1077] = CNOT 3 8
[1078] = CNOT 3 11
[1079] = CNOT 3 12
[1080] = CNOT 3 36
[1081] = CNOT 3 38
[1082] = T 3
[1083] = CNOT 3 38
[1084] = T 3
[1085] = CNOT 3 5
[1086] = CNOT 3 38
[1087] = T 3
[1088] = CNOT 3 11
[1089] = CNOT 3 5
[1090] = T 3
[1091] = CNOT 3 38
[1092] = CNOT 3 36
[1093] = CNOT 3 12
[1094] = CNOT 3 8
[1095] = CNOT 3 5
[1096] = CNOT 5 12
[1097] = CNOT 5 16
[1098] = CNOT 5 20
[1099] = T 5
[1100] = CNOT 5 20
[1101] = T 5
[1102] = S 5
[1103] = Z 5
[1104] = CNOT 5 16
[1105] = CNOT 5 12
[1106] = CNOT 12 16
[1107] = CNOT 12 20
[1108] = T 12
[1109] = S 12
[1110] = Z 12
[1111] = CNOT 12 20
[1112] = CNOT 12 16
[1113] = CNOT 5 12
[1114] = CNOT 5 20
[1115] = T 5
[1116] = S 5
[1117] = Z 5
[1118] = CNOT 5 20
[1119] = CNOT 5 12
[1120] = CNOT 3 11
[1121] = CNOT 3 15
[1122] = CNOT 3 18
[1123] = T 3
[1124] = CNOT 8 11
[1125] = CNOT 8 15
[1126] = T 8
[1127] = S 8
[1128] = Z 8
[1129] = CNOT 8 15
[1130] = CNOT 8 11
[1131] = CNOT 3 8
[1132] = T 3
[1133] = CNOT 3 18
[1134] = CNOT 3 11
[1135] = CNOT 3 7
[1136] = CNOT 3 12
[1137] = CNOT 3 16
[1138] = CNOT 3 22
[1139] = T 3
[1140] = CNOT 3 22
[1141] = CNOT 3 16
[1142] = CNOT 3 15
[1143] = CNOT 3 7
[1144] = CNOT 3 5
[1145] = CNOT 3 36
[1146] = CNOT 3 39
[1147] = T 3
[1148] = CNOT 3 39
[1149] = CNOT 3 12
[1150] = T 3
[1151] = CNOT 3 5
[1152] = CNOT 3 39
[1153] = T 3
[1154] = CNOT 3 5
[1155] = T 3
[1156] = CNOT 3 39
[1157] = CNOT 3 5
[1158] = CNOT 3 4
[1159] = CNOT 3 6
[1160] = CNOT 3 10
[1161] = CNOT 3 12
[1162] = CNOT 3 38
[1163] = T 3
[1164] = CNOT 3 38
[1165] = T 3
[1166] = CNOT 3 6
[1167] = CNOT 3 38
[1168] = T 3
[1169] = CNOT 3 10
[1170] = CNOT 3 6
[1171] = T 3
[1172] = CNOT 3 38
[1173] = CNOT 3 36
[1174] = CNOT 3 12
[1175] = CNOT 3 8
[1176] = CNOT 3 6
[1177] = CNOT 3 4
[1178] = CNOT 1 3
[1179] = CNOT 1 4
[1180] = CNOT 1 8
[1181] = CNOT 1 11
[1182] = CNOT 1 12
[1183] = CNOT 1 34
[1184] = T 1
[1185] = CNOT 1 34
[1186] = T 1
[1187] = CNOT 1 11
[1188] = CNOT 1 3
[1189] = CNOT 3 4
[1190] = CNOT 3 8
[1191] = CNOT 3 11
[1192] = CNOT 3 12
[1193] = CNOT 3 34
[1194] = T 3
[1195] = CNOT 3 34
[1196] = CNOT 3 12
[1197] = CNOT 3 11
[1198] = CNOT 3 8
[1199] = CNOT 3 4
[1200] = CNOT 1 3
[1201] = CNOT 1 34
[1202] = T 1
[1203] = CNOT 1 34
[1204] = CNOT 1 12
[1205] = CNOT 1 4
[1206] = CNOT 1 3
[1207] = CNOT 6 12
[1208] = CNOT 6 15
[1209] = CNOT 6 20
[1210] = T 6
[1211] = CNOT 6 20
[1212] = CNOT 6 21
[1213] = T 6
[1214] = CNOT 6 21
[1215] = CNOT 6 15
[1216] = CNOT 6 12
[1217] = CNOT 12 15
[1218] = CNOT 12 20
[1219] = T 12
[1220] = S 12
[1221] = Z 12
[1222] = CNOT 12 20
[1223] = CNOT 12 15
[1224] = CNOT 6 12
[1225] = CNOT 6 20
[1226] = T 6
[1227] = S 6
[1228] = Z 6
[1229] = CNOT 6 20
[1230] = CNOT 6 12
[1231] = CNOT 3 4
[1232] = CNOT 3 6
[1233] = CNOT 3 8
[1234] = CNOT 3 11
[1235] = CNOT 3 12
[1236] = CNOT 3 36
[1237] = CNOT 3 39
[1238] = T 3
[1239] = CNOT 3 39
[1240] = T 3
[1241] = CNOT 3 6
[1242] = CNOT 3 39
[1243] = T 3
[1244] = CNOT 3 11
[1245] = CNOT 3 6
[1246] = T 3
[1247] = CNOT 3 39
[1248] = CNOT 3 36
[1249] = CNOT 3 12
[1250] = CNOT 3 8
[1251] = CNOT 3 6
[1252] = CNOT 3 4
[1253] = CNOT 1 3
[1254] = CNOT 1 12
[1255] = CNOT 1 35
[1256] = T 1
[1257] = CNOT 1 35
[1258] = CNOT 1 12
[1259] = CNOT 1 8
[1260] = CNOT 1 3
[1261] = T 1
[1262] = Z 1
[1263] = CNOT 3 8
[1264] = CNOT 3 35
[1265] = T 3
[1266] = S 3
[1267] = CNOT 3 35
[1268] = CNOT 3 8
[1269] = CNOT 1 3
[1270] = CNOT 1 8
[1271] = CNOT 1 35
[1272] = T 1
[1273] = CNOT 1 35
[1274] = CNOT 1 8
[1275] = CNOT 1 3
[1276] = CNOT 6 12
[1277] = CNOT 6 15
[1278] = CNOT 6 16
[1279] = CNOT 6 18
[1280] = CNOT 6 21
[1281] = T 6
[1282] = CNOT 6 21
[1283] = T 6
[1284] = CNOT 6 16
[1285] = CNOT 6 12
[1286] = CNOT 12 15
[1287] = CNOT 12 16
[1288] = CNOT 12 18
[1289] = CNOT 12 21
[1290] = T 12
[1291] = CNOT 12 21
[1292] = CNOT 12 18
[1293] = CNOT 12 16
[1294] = CNOT 12 15
[1295] = CNOT 6 12
[1296] = T 6
[1297] = CNOT 6 18
[1298] = CNOT 6 15
[1299] = CNOT 6 12
[1300] = CNOT 7 9
[1301] = CNOT 7 12
[1302] = CNOT 7 38
[1303] = T 7
[1304] = CNOT 7 38
[1305] = T 7
[1306] = S 7
[1307] = Z 7
[1308] = CNOT 7 9
[1309] = CNOT 9 12
[1310] = CNOT 9 38
[1311] = T 9
[1312] = S 9
[1313] = Z 9
[1314] = CNOT 9 38
[1315] = CNOT 9 12
[1316] = CNOT 7 38
[1317] = T 7
[1318] = S 7
[1319] = Z 7
[1320] = CNOT 7 38
[1321] = CNOT 7 12
[1322] = CNOT 2 3
[1323] = CNOT 2 8
[1324] = CNOT 2 10
[1325] = CNOT 2 12
[1326] = CNOT 2 34
[1327] = T 2
[1328] = CNOT 2 34
[1329] = T 2
[1330] = CNOT 2 10
[1331] = CNOT 2 3
[1332] = CNOT 3 8
[1333] = CNOT 3 10
[1334] = CNOT 3 12
[1335] = CNOT 3 34
[1336] = CNOT 3 36
[1337] = T 3
[1338] = CNOT 3 36
[1339] = CNOT 3 34
[1340] = CNOT 3 12
[1341] = CNOT 3 10
[1342] = CNOT 3 8
[1343] = CNOT 2 3
[1344] = CNOT 2 34
[1345] = T 2
[1346] = CNOT 2 36
[1347] = CNOT 2 34
[1348] = CNOT 2 12
[1349] = CNOT 2 8
[1350] = CNOT 2 3
[1351] = CNOT 3 8
[1352] = CNOT 3 12
[1353] = CNOT 3 34
[1354] = CNOT 3 36
[1355] = T 3
[1356] = CNOT 3 36
[1357] = CNOT 3 34
[1358] = CNOT 3 12
[1359] = CNOT 3 8
[1360] = S 2
[1361] = S 3
[1362] = S 5
[1363] = Z 7
[1364] = S 8
[1365] = Z 8
[1366] = S 9
[1367] = Z 10
[1368] = Z 11
[1369] = S 12
[1370] = S 13
[1371] = S 14
[1372] = S 16
[1373] = Z 16
[1374] = S 17
[1375] = Z 17
[1376] = S 18
[1377] = S 19
[1378] = S 20
[1379] = S 22
[1380] = S 23
[1381] = S 25
[1382] = Z 25
[1383] = S 26
[1384] = S 27
[1385] = S 28
[1386] = Z 32
[1387] = S 33
[1388] = S 34
[1389] = Z 34
[1390] = S 35
[1391] = S 37
[1392] = Z 38
[1393] = S 39
[1394] = CNOT 1 3
[1395] = S 1
[1396] = Z 1
[1397] = CNOT 1 3
[1398] = CNOT 1 4
[1399] = Z 1
[1400] = CNOT 1 4
[1401] = CNOT 1 8
[1402] = S 1
[1403] = Z 1
[1404] = CNOT 1 8
[1405] = CNOT 1 9
[1406] = S 1
[1407] = CNOT 1 9
[1408] = CNOT 1 11
[1409] = S 1
[1410] = CNOT 1 11
[1411] = CNOT 1 12
[1412] = S 1
[1413] = CNOT 1 12
[1414] = CNOT 1 13
[1415] = Z 1
[1416] = CNOT 1 13
[1417] = CNOT 1 14
[1418] = S 1
[1419] = Z 1
[1420] = CNOT 1 14
[1421] = CNOT 1 18
[1422] = S 1
[1423] = Z 1
[1424] = CNOT 1 18
[1425] = CNOT 1 32
[1426] = S 1
[1427] = CNOT 1 32
[1428] = CNOT 1 34
[1429] = S 1
[1430] = CNOT 1 34
[1431] = CNOT 1 35
[1432] = S 1
[1433] = Z 1
[1434] = CNOT 1 35
[1435] = CNOT 1 36
[1436] = Z 1
[1437] = CNOT 1 36
[1438] = CNOT 1 37
[1439] = S 1
[1440] = Z 1
[1441] = CNOT 1 37
[1442] = CNOT 1 38
[1443] = S 1
[1444] = Z 1
[1445] = CNOT 1 38
[1446] = CNOT 2 3
[1447] = Z 2
[1448] = CNOT 2 3
[1449] = CNOT 2 8
[1450] = Z 2
[1451] = CNOT 2 8
[1452] = CNOT 2 10
[1453] = S 2
[1454] = CNOT 2 10
[1455] = CNOT 2 12
[1456] = Z 2
[1457] = CNOT 2 12
[1458] = CNOT 2 14
[1459] = S 2
[1460] = Z 2
[1461] = CNOT 2 14
[1462] = CNOT 2 15
[1463] = Z 2
[1464] = CNOT 2 15
[1465] = CNOT 2 16
[1466] = Z 2
[1467] = CNOT 2 16
[1468] = CNOT 2 17
[1469] = Z 2
[1470] = CNOT 2 17
[1471] = CNOT 2 34
[1472] = S 2
[1473] = CNOT 2 34
[1474] = CNOT 2 36
[1475] = S 2
[1476] = CNOT 2 36
[1477] = CNOT 2 38
[1478] = S 2
[1479] = Z 2
[1480] = CNOT 2 38
[1481] = CNOT 2 39
[1482] = Z 2
[1483] = CNOT 2 39
[1484] = CNOT 3 4
[1485] = S 3
[1486] = CNOT 3 4
[1487] = CNOT 3 5
[1488] = S 3
[1489] = Z 3
[1490] = CNOT 3 5
[1491] = CNOT 3 6
[1492] = S 3
[1493] = Z 3
[1494] = CNOT 3 6
[1495] = CNOT 3 7
[1496] = Z 3
[1497] = CNOT 3 7
[1498] = CNOT 3 8
[1499] = S 3
[1500] = Z 3
[1501] = CNOT 3 8
[1502] = CNOT 3 9
[1503] = S 3
[1504] = Z 3
[1505] = CNOT 3 9
[1506] = CNOT 3 10
[1507] = S 3
[1508] = Z 3
[1509] = CNOT 3 10
[1510] = CNOT 3 12
[1511] = S 3
[1512] = CNOT 3 12
[1513] = CNOT 3 13
[1514] = S 3
[1515] = Z 3
[1516] = CNOT 3 13
[1517] = CNOT 3 17
[1518] = S 3
[1519] = Z 3
[1520] = CNOT 3 17
[1521] = CNOT 3 18
[1522] = Z 3
[1523] = CNOT 3 18
[1524] = CNOT 3 22
[1525] = S 3
[1526] = CNOT 3 22
[1527] = CNOT 3 32
[1528] = Z 3
[1529] = CNOT 3 32
[1530] = CNOT 3 33
[1531] = S 3
[1532] = CNOT 3 33
[1533] = CNOT 3 35
[1534] = Z 3
[1535] = CNOT 3 35
[1536] = CNOT 3 36
[1537] = S 3
[1538] = CNOT 3 36
[1539] = CNOT 3 37
[1540] = S 3
[1541] = CNOT 3 37
[1542] = CNOT 3 39
[1543] = S 3
[1544] = Z 3
[1545] = CNOT 3 39
[1546] = CNOT 4 6
[1547] = S 4
[1548] = Z 4
[1549] = CNOT 4 6
[1550] = CNOT 4 10
[1551] = S 4
[1552] = Z 4
[1553] = CNOT 4 10
[1554] = CNOT 4 12
[1555] = S 4
[1556] = Z 4
[1557] = CNOT 4 12
[1558] = CNOT 4 13
[1559] = S 4
[1560] = Z 4
[1561] = CNOT 4 13
[1562] = CNOT 4 16
[1563] = S 4
[1564] = Z 4
[1565] = CNOT 4 16
[1566] = CNOT 4 17
[1567] = S 4
[1568] = Z 4
[1569] = CNOT 4 17
[1570] = CNOT 4 18
[1571] = S 4
[1572] = Z 4
[1573] = CNOT 4 18
[1574] = CNOT 4 19
[1575] = S 4
[1576] = Z 4
[1577] = CNOT 4 19
[1578] = CNOT 4 34
[1579] = Z 4
[1580] = CNOT 4 34
[1581] = CNOT 4 35
[1582] = S 4
[1583] = Z 4
[1584] = CNOT 4 35
[1585] = CNOT 4 38
[1586] = S 4
[1587] = Z 4
[1588] = CNOT 4 38
[1589] = CNOT 5 8
[1590] = S 5
[1591] = Z 5
[1592] = CNOT 5 8
[1593] = CNOT 5 11
[1594] = S 5
[1595] = CNOT 5 11
[1596] = CNOT 5 12
[1597] = S 5
[1598] = Z 5
[1599] = CNOT 5 12
[1600] = CNOT 5 14
[1601] = S 5
[1602] = Z 5
[1603] = CNOT 5 14
[1604] = CNOT 5 15
[1605] = S 5
[1606] = Z 5
[1607] = CNOT 5 15
[1608] = CNOT 5 16
[1609] = Z 5
[1610] = CNOT 5 16
[1611] = CNOT 5 19
[1612] = Z 5
[1613] = CNOT 5 19
[1614] = CNOT 5 20
[1615] = Z 5
[1616] = CNOT 5 20
[1617] = CNOT 5 36
[1618] = Z 5
[1619] = CNOT 5 36
[1620] = CNOT 5 38
[1621] = S 5
[1622] = CNOT 5 38
[1623] = CNOT 6 8
[1624] = S 6
[1625] = Z 6
[1626] = CNOT 6 8
[1627] = CNOT 6 10
[1628] = Z 6
[1629] = CNOT 6 10
[1630] = CNOT 6 11
[1631] = Z 6
[1632] = CNOT 6 11
[1633] = CNOT 6 13
[1634] = S 6
[1635] = Z 6
[1636] = CNOT 6 13
[1637] = CNOT 6 14
[1638] = Z 6
[1639] = CNOT 6 14
[1640] = CNOT 6 15
[1641] = S 6
[1642] = Z 6
[1643] = CNOT 6 15
[1644] = CNOT 6 18
[1645] = S 6
[1646] = Z 6
[1647] = CNOT 6 18
[1648] = CNOT 6 19
[1649] = Z 6
[1650] = CNOT 6 19
[1651] = CNOT 6 20
[1652] = Z 6
[1653] = CNOT 6 20
[1654] = CNOT 6 21
[1655] = S 6
[1656] = Z 6
[1657] = CNOT 6 21
[1658] = CNOT 6 36
[1659] = S 6
[1660] = Z 6
[1661] = CNOT 6 36
[1662] = CNOT 6 38
[1663] = Z 6
[1664] = CNOT 6 38
[1665] = CNOT 6 39
[1666] = Z 6
[1667] = CNOT 6 39
[1668] = CNOT 7 8
[1669] = Z 7
[1670] = CNOT 7 8
[1671] = CNOT 7 9
[1672] = Z 7
[1673] = CNOT 7 9
[1674] = CNOT 7 12
[1675] = S 7
[1676] = Z 7
[1677] = CNOT 7 12
[1678] = CNOT 7 13
[1679] = Z 7
[1680] = CNOT 7 13
[1681] = CNOT 7 14
[1682] = S 7
[1683] = Z 7
[1684] = CNOT 7 14
[1685] = CNOT 7 16
[1686] = S 7
[1687] = Z 7
[1688] = CNOT 7 16
[1689] = CNOT 7 19
[1690] = Z 7
[1691] = CNOT 7 19
[1692] = CNOT 7 20
[1693] = S 7
[1694] = Z 7
[1695] = CNOT 7 20
[1696] = CNOT 7 21
[1697] = Z 7
[1698] = CNOT 7 21
[1699] = CNOT 7 22
[1700] = S 7
[1701] = CNOT 7 22
[1702] = CNOT 7 38
[1703] = Z 7
[1704] = CNOT 7 38
[1705] = CNOT 8 9
[1706] = S 8
[1707] = Z 8
[1708] = CNOT 8 9
[1709] = CNOT 8 10
[1710] = S 8
[1711] = Z 8
[1712] = CNOT 8 10
[1713] = CNOT 8 11
[1714] = S 8
[1715] = CNOT 8 11
[1716] = CNOT 8 12
[1717] = Z 8
[1718] = CNOT 8 12
[1719] = CNOT 8 14
[1720] = S 8
[1721] = Z 8
[1722] = CNOT 8 14
[1723] = CNOT 8 15
[1724] = S 8
[1725] = Z 8
[1726] = CNOT 8 15
[1727] = CNOT 8 16
[1728] = S 8
[1729] = CNOT 8 16
[1730] = CNOT 8 18
[1731] = Z 8
[1732] = CNOT 8 18
[1733] = CNOT 8 19
[1734] = Z 8
[1735] = CNOT 8 19
[1736] = CNOT 8 20
[1737] = S 8
[1738] = Z 8
[1739] = CNOT 8 20
[1740] = CNOT 8 21
[1741] = Z 8
[1742] = CNOT 8 21
[1743] = CNOT 8 22
[1744] = S 8
[1745] = CNOT 8 22
[1746] = CNOT 8 32
[1747] = Z 8
[1748] = CNOT 8 32
[1749] = CNOT 8 33
[1750] = S 8
[1751] = CNOT 8 33
[1752] = CNOT 8 35
[1753] = S 8
[1754] = Z 8
[1755] = CNOT 8 35
[1756] = CNOT 8 36
[1757] = S 8
[1758] = CNOT 8 36
[1759] = CNOT 8 37
[1760] = S 8
[1761] = CNOT 8 37
[1762] = CNOT 8 38
[1763] = S 8
[1764] = CNOT 8 38
[1765] = CNOT 8 39
[1766] = S 8
[1767] = CNOT 8 39
[1768] = CNOT 9 12
[1769] = S 9
[1770] = Z 9
[1771] = CNOT 9 12
[1772] = CNOT 9 15
[1773] = S 9
[1774] = Z 9
[1775] = CNOT 9 15
[1776] = CNOT 9 18
[1777] = S 9
[1778] = CNOT 9 18
[1779] = CNOT 9 32
[1780] = S 9
[1781] = CNOT 9 32
[1782] = CNOT 9 35
[1783] = S 9
[1784] = Z 9
[1785] = CNOT 9 35
[1786] = CNOT 9 36
[1787] = Z 9
[1788] = CNOT 9 36
[1789] = CNOT 9 38
[1790] = Z 9
[1791] = CNOT 9 38
[1792] = CNOT 9 39
[1793] = S 9
[1794] = Z 9
[1795] = CNOT 9 39
[1796] = CNOT 10 12
[1797] = Z 10
[1798] = CNOT 10 12
[1799] = CNOT 10 17
[1800] = S 10
[1801] = Z 10
[1802] = CNOT 10 17
[1803] = CNOT 10 18
[1804] = S 10
[1805] = CNOT 10 18
[1806] = CNOT 10 34
[1807] = S 10
[1808] = CNOT 10 34
[1809] = CNOT 10 35
[1810] = S 10
[1811] = Z 10
[1812] = CNOT 10 35
[1813] = CNOT 10 38
[1814] = Z 10
[1815] = CNOT 10 38
[1816] = CNOT 11 15
[1817] = S 11
[1818] = CNOT 11 15
[1819] = CNOT 11 18
[1820] = S 11
[1821] = Z 11
[1822] = CNOT 11 18
[1823] = CNOT 11 34
[1824] = S 11
[1825] = CNOT 11 34
[1826] = CNOT 11 36
[1827] = S 11
[1828] = Z 11
[1829] = CNOT 11 36
[1830] = CNOT 11 37
[1831] = S 11
[1832] = Z 11
[1833] = CNOT 11 37
[1834] = CNOT 11 38
[1835] = S 11
[1836] = CNOT 11 38
[1837] = CNOT 11 39
[1838] = Z 11
[1839] = CNOT 11 39
[1840] = CNOT 12 13
[1841] = S 12
[1842] = Z 12
[1843] = CNOT 12 13
[1844] = CNOT 12 14
[1845] = Z 12
[1846] = CNOT 12 14
[1847] = CNOT 12 15
[1848] = S 12
[1849] = CNOT 12 15
[1850] = CNOT 12 16
[1851] = S 12
[1852] = CNOT 12 16
[1853] = CNOT 12 18
[1854] = S 12
[1855] = Z 12
[1856] = CNOT 12 18
[1857] = CNOT 12 19
[1858] = S 12
[1859] = CNOT 12 19
[1860] = CNOT 12 20
[1861] = S 12
[1862] = CNOT 12 20
[1863] = CNOT 12 21
[1864] = S 12
[1865] = Z 12
[1866] = CNOT 12 21
[1867] = CNOT 12 22
[1868] = S 12
[1869] = CNOT 12 22
[1870] = CNOT 12 33
[1871] = S 12
[1872] = CNOT 12 33
[1873] = CNOT 12 36
[1874] = S 12
[1875] = CNOT 12 36
[1876] = CNOT 12 37
[1877] = S 12
[1878] = CNOT 12 37
[1879] = CNOT 12 38
[1880] = S 12
[1881] = CNOT 12 38
[1882] = CNOT 12 39
[1883] = S 12
[1884] = Z 12
[1885] = CNOT 12 39
[1886] = CNOT 13 18
[1887] = Z 13
[1888] = CNOT 13 18
[1889] = CNOT 13 19
[1890] = Z 13
[1891] = CNOT 13 19
[1892] = CNOT 13 20
[1893] = S 13
[1894] = Z 13
[1895] = CNOT 13 20
[1896] = CNOT 13 21
[1897] = Z 13
[1898] = CNOT 13 21
[1899] = CNOT 13 36
[1900] = Z 13
[1901] = CNOT 13 36
[1902] = CNOT 13 38
[1903] = Z 13
[1904] = CNOT 13 38
[1905] = CNOT 13 39
[1906] = S 13
[1907] = Z 13
[1908] = CNOT 13 39
[1909] = CNOT 14 18
[1910] = S 14
[1911] = Z 14
[1912] = CNOT 14 18
[1913] = CNOT 14 19
[1914] = Z 14
[1915] = CNOT 14 19
[1916] = CNOT 14 20
[1917] = S 14
[1918] = Z 14
[1919] = CNOT 14 20
[1920] = CNOT 14 21
[1921] = Z 14
[1922] = CNOT 14 21
[1923] = CNOT 14 36
[1924] = Z 14
[1925] = CNOT 14 36
[1926] = CNOT 14 37
[1927] = S 14
[1928] = Z 14
[1929] = CNOT 14 37
[1930] = CNOT 14 38
[1931] = S 14
[1932] = Z 14
[1933] = CNOT 14 38
[1934] = CNOT 14 39
[1935] = S 14
[1936] = Z 14
[1937] = CNOT 14 39
[1938] = CNOT 15 16
[1939] = S 15
[1940] = CNOT 15 16
[1941] = CNOT 15 17
[1942] = S 15
[1943] = Z 15
[1944] = CNOT 15 17
[1945] = CNOT 15 19
[1946] = Z 15
[1947] = CNOT 15 19
[1948] = CNOT 15 20
[1949] = Z 15
[1950] = CNOT 15 20
[1951] = CNOT 15 21
[1952] = S 15
[1953] = Z 15
[1954] = CNOT 15 21
[1955] = CNOT 15 22
[1956] = S 15
[1957] = CNOT 15 22
[1958] = CNOT 15 32
[1959] = Z 15
[1960] = CNOT 15 32
[1961] = CNOT 15 35
[1962] = Z 15
[1963] = CNOT 15 35
[1964] = CNOT 15 36
[1965] = S 15
[1966] = CNOT 15 36
[1967] = CNOT 15 37
[1968] = S 15
[1969] = Z 15
[1970] = CNOT 15 37
[1971] = CNOT 15 38
[1972] = Z 15
[1973] = CNOT 15 38
[1974] = CNOT 15 39
[1975] = Z 15
[1976] = CNOT 15 39
[1977] = CNOT 16 17
[1978] = Z 16
[1979] = CNOT 16 17
[1980] = CNOT 16 18
[1981] = S 16
[1982] = Z 16
[1983] = CNOT 16 18
[1984] = CNOT 16 19
[1985] = S 16
[1986] = Z 16
[1987] = CNOT 16 19
[1988] = CNOT 16 20
[1989] = Z 16
[1990] = CNOT 16 20
[1991] = CNOT 17 25
[1992] = S 17
[1993] = CNOT 17 25
[1994] = CNOT 18 19
[1995] = S 18
[1996] = Z 18
[1997] = CNOT 18 19
[1998] = CNOT 18 26
[1999] = S 18
[2000] = CNOT 18 26
[2001] = CNOT 18 36
[2002] = S 18
[2003] = Z 18
[2004] = CNOT 18 36
[2005] = CNOT 18 37
[2006] = S 18
[2007] = CNOT 18 37
[2008] = CNOT 18 38
[2009] = S 18
[2010] = Z 18
[2011] = CNOT 18 38
[2012] = CNOT 19 27
[2013] = S 19
[2014] = CNOT 19 27
[2015] = CNOT 20 21
[2016] = Z 20
[2017] = CNOT 20 21
[2018] = CNOT 20 28
[2019] = S 20
[2020] = CNOT 20 28
[2021] = CNOT 21 29
[2022] = S 21
[2023] = CNOT 21 29
[2024] = CNOT 22 30
[2025] = S 22
[2026] = CNOT 22 30
[2027] = CNOT 23 31
[2028] = S 23
[2029] = CNOT 23 31
[2030] = CNOT 24 28
[2031] = S 24
[2032] = CNOT 24 28
[2033] = CNOT 24 29
[2034] = S 24
[2035] = CNOT 24 29
[2036] = CNOT 24 30
[2037] = S 24
[2038] = CNOT 24 30
[2039] = CNOT 25 26
[2040] = Z 25
[2041] = CNOT 25 26
[2042] = CNOT 25 27
[2043] = Z 25
[2044] = CNOT 25 27
[2045] = CNOT 25 28
[2046] = S 25
[2047] = CNOT 25 28
[2048] = CNOT 25 29
[2049] = S 25
[2050] = Z 25
[2051] = CNOT 25 29
[2052] = CNOT 25 30
[2053] = Z 25
[2054] = CNOT 25 30
[2055] = CNOT 25 31
[2056] = Z 25
[2057] = CNOT 25 31
[2058] = CNOT 26 27
[2059] = Z 26
[2060] = CNOT 26 27
[2061] = CNOT 26 28
[2062] = Z 26
[2063] = CNOT 26 28
[2064] = CNOT 26 29
[2065] = S 26
[2066] = CNOT 26 29
[2067] = CNOT 26 30
[2068] = S 26
[2069] = CNOT 26 30
[2070] = CNOT 26 31
[2071] = Z 26
[2072] = CNOT 26 31
[2073] = CNOT 26 33
[2074] = S 26
[2075] = Z 26
[2076] = CNOT 26 33
[2077] = CNOT 26 37
[2078] = S 26
[2079] = Z 26
[2080] = CNOT 26 37
[2081] = CNOT 27 28
[2082] = Z 27
[2083] = CNOT 27 28
[2084] = CNOT 27 29
[2085] = Z 27
[2086] = CNOT 27 29
[2087] = CNOT 27 30
[2088] = S 27
[2089] = CNOT 27 30
[2090] = CNOT 27 31
[2091] = S 27
[2092] = CNOT 27 31
[2093] = CNOT 27 37
[2094] = S 27
[2095] = Z 27
[2096] = CNOT 27 37
[2097] = CNOT 27 38
[2098] = S 27
[2099] = Z 27
[2100] = CNOT 27 38
[2101] = CNOT 28 29
[2102] = S 28
[2103] = Z 28
[2104] = CNOT 28 29
[2105] = CNOT 28 30
[2106] = S 28
[2107] = CNOT 28 30
[2108] = CNOT 28 37
[2109] = S 28
[2110] = Z 28
[2111] = CNOT 28 37
[2112] = CNOT 28 38
[2113] = S 28
[2114] = Z 28
[2115] = CNOT 28 38
[2116] = CNOT 29 30
[2117] = S 29
[2118] = Z 29
[2119] = CNOT 29 30
[2120] = CNOT 29 31
[2121] = S 29
[2122] = CNOT 29 31
[2123] = CNOT 29 38
[2124] = S 29
[2125] = Z 29
[2126] = CNOT 29 38
[2127] = CNOT 30 31
[2128] = Z 30
[2129] = CNOT 30 31
[2130] = CNOT 30 33
[2131] = S 30
[2132] = Z 30
[2133] = CNOT 30 33
[2134] = CNOT 31 33
[2135] = S 31
[2136] = Z 31
[2137] = CNOT 31 33
[2138] = CNOT 32 36
[2139] = Z 32
[2140] = CNOT 32 36
[2141] = CNOT 34 36
[2142] = Z 34
[2143] = CNOT 34 36
[2144] = CNOT 35 36
[2145] = Z 35
[2146] = CNOT 35 36
[2147] = CNOT 36 37
[2148] = Z 36
[2149] = CNOT 36 37
[2150] = CNOT 36 38
[2151] = S 36
[2152] = CNOT 36 38
[2153] = CNOT 36 39
[2154] = S 36
[2155] = Z 36
[2156] = CNOT 36 39
[2157] = CNOT 1 3
[2158] = CNOT 1 4
[2159] = Z 1
[2160] = CNOT 1 4
[2161] = CNOT 1 8
[2162] = S 1
[2163] = CNOT 1 8
[2164] = CNOT 1 9
[2165] = S 1
[2166] = Z 1
[2167] = CNOT 1 9
[2168] = CNOT 1 10
[2169] = S 1
[2170] = Z 1
[2171] = CNOT 1 10
[2172] = CNOT 1 11
[2173] = S 1
[2174] = Z 1
[2175] = CNOT 1 11
[2176] = CNOT 1 12
[2177] = S 1
[2178] = Z 1
[2179] = CNOT 1 12
[2180] = CNOT 1 13
[2181] = S 1
[2182] = Z 1
[2183] = CNOT 1 13
[2184] = CNOT 1 15
[2185] = S 1
[2186] = CNOT 1 15
[2187] = CNOT 1 18
[2188] = S 1
[2189] = Z 1
[2190] = CNOT 1 18
[2191] = CNOT 1 32
[2192] = S 1
[2193] = Z 1
[2194] = CNOT 1 32
[2195] = CNOT 1 33
[2196] = S 1
[2197] = Z 1
[2198] = CNOT 1 33
[2199] = CNOT 1 34
[2200] = S 1
[2201] = Z 1
[2202] = CNOT 1 34
[2203] = CNOT 1 35
[2204] = S 1
[2205] = Z 1
[2206] = CNOT 1 35
[2207] = CNOT 1 36
[2208] = Z 1
[2209] = CNOT 1 36
[2210] = CNOT 1 3
[2211] = CNOT 1 4
[2212] = CNOT 1 8
[2213] = Z 1
[2214] = CNOT 1 8
[2215] = CNOT 1 11
[2216] = S 1
[2217] = Z 1
[2218] = CNOT 1 11
[2219] = CNOT 1 12
[2220] = S 1
[2221] = CNOT 1 12
[2222] = CNOT 1 15
[2223] = S 1
[2224] = Z 1
[2225] = CNOT 1 15
[2226] = CNOT 1 34
[2227] = S 1
[2228] = Z 1
[2229] = CNOT 1 34
[2230] = CNOT 1 38
[2231] = S 1
[2232] = Z 1
[2233] = CNOT 1 38
[2234] = CNOT 1 4
[2235] = CNOT 1 8
[2236] = CNOT 1 9
[2237] = S 1
[2238] = Z 1
[2239] = CNOT 1 9
[2240] = CNOT 1 10
[2241] = S 1
[2242] = Z 1
[2243] = CNOT 1 10
[2244] = CNOT 1 11
[2245] = S 1
[2246] = Z 1
[2247] = CNOT 1 11
[2248] = CNOT 1 12
[2249] = S 1
[2250] = Z 1
[2251] = CNOT 1 12
[2252] = CNOT 1 13
[2253] = S 1
[2254] = Z 1
[2255] = CNOT 1 13
[2256] = CNOT 1 15
[2257] = S 1
[2258] = CNOT 1 15
[2259] = CNOT 1 18
[2260] = S 1
[2261] = Z 1
[2262] = CNOT 1 18
[2263] = CNOT 1 32
[2264] = S 1
[2265] = Z 1
[2266] = CNOT 1 32
[2267] = CNOT 1 33
[2268] = S 1
[2269] = Z 1
[2270] = CNOT 1 33
[2271] = CNOT 1 34
[2272] = S 1
[2273] = Z 1
[2274] = CNOT 1 34
[2275] = CNOT 1 35
[2276] = S 1
[2277] = Z 1
[2278] = CNOT 1 35
[2279] = CNOT 1 36
[2280] = Z 1
[2281] = CNOT 1 36
[2282] = CNOT 1 8
[2283] = CNOT 1 9
[2284] = CNOT 1 15
[2285] = S 1
[2286] = Z 1
[2287] = CNOT 1 15
[2288] = CNOT 1 36
[2289] = S 1
[2290] = Z 1
[2291] = CNOT 1 36
[2292] = CNOT 1 9
[2293] = CNOT 1 10
[2294] = CNOT 1 12
[2295] = S 1
[2296] = Z 1
[2297] = CNOT 1 10
[2298] = CNOT 1 11
[2299] = S 1
[2300] = Z 1
[2301] = CNOT 1 11
[2302] = CNOT 1 13
[2303] = S 1
[2304] = Z 1
[2305] = CNOT 1 13
[2306] = CNOT 1 16
[2307] = S 1
[2308] = Z 1
[2309] = CNOT 1 16
[2310] = CNOT 1 18
[2311] = S 1
[2312] = CNOT 1 18
[2313] = CNOT 1 33
[2314] = S 1
[2315] = Z 1
[2316] = CNOT 1 33
[2317] = CNOT 1 34
[2318] = S 1
[2319] = Z 1
[2320] = CNOT 1 34
[2321] = CNOT 1 36
[2322] = S 1
[2323] = Z 1
[2324] = CNOT 1 36
[2325] = CNOT 1 38
[2326] = S 1
[2327] = Z 1
[2328] = CNOT 1 38
[2329] = CNOT 1 39
[2330] = S 1
[2331] = Z 1
[2332] = CNOT 1 39
[2333] = CNOT 1 12
[2334] = CNOT 1 13
[2335] = CNOT 1 15
[2336] = S 1
[2337] = Z 1
[2338] = CNOT 1 15
[2339] = CNOT 1 18
[2340] = S 1
[2341] = Z 1
[2342] = CNOT 1 18
[2343] = CNOT 1 13
[2344] = CNOT 1 14
[2345] = CNOT 1 15
[2346] = S 1
[2347] = Z 1
[2348] = CNOT 1 15
[2349] = CNOT 1 36
[2350] = S 1
[2351] = Z 1
[2352] = CNOT 1 36
[2353] = CNOT 1 14
[2354] = CNOT 1 15
[2355] = CNOT 1 16
[2356] = S 1
[2357] = Z 1
[2358] = CNOT 1 16
[2359] = CNOT 1 18
[2360] = S 1
[2361] = CNOT 1 18
[2362] = CNOT 1 32
[2363] = S 1
[2364] = Z 1
[2365] = CNOT 1 32
[2366] = CNOT 1 37
[2367] = S 1
[2368] = Z 1
[2369] = CNOT 1 37
[2370] = CNOT 1 39
[2371] = S 1
[2372] = Z 1
[2373] = CNOT 1 39
[2374] = CNOT 1 15
[2375] = CNOT 1 16
[2376] = CNOT 1 18
[2377] = S 1
[2378] = Z 1
[2379] = CNOT 1 16
[2380] = CNOT 1 36
[2381] = S 1
[2382] = Z 1
[2383] = CNOT 1 36
[2384] = CNOT 1 39
[2385] = S 1
[2386] = Z 1
[2387] = CNOT 1 39
[2388] = CNOT 1 18
[2389] = CNOT 1 32
[2390] = CNOT 1 36
[2391] = S 1
[2392] = Z 1
[2393] = CNOT 1 32
[2394] = CNOT 1 37
[2395] = S 1
[2396] = Z 1
[2397] = CNOT 1 37
[2398] = CNOT 1 36
[2399] = CNOT 2 3
[2400] = CNOT 2 9
[2401] = S 2
[2402] = Z 2
[2403] = CNOT 2 9
[2404] = CNOT 2 10
[2405] = S 2
[2406] = Z 2
[2407] = CNOT 2 10
[2408] = CNOT 2 11
[2409] = S 2
[2410] = Z 2
[2411] = CNOT 2 11
[2412] = CNOT 2 12
[2413] = Z 2
[2414] = CNOT 2 12
[2415] = CNOT 2 13
[2416] = S 2
[2417] = Z 2
[2418] = CNOT 2 13
[2419] = CNOT 2 33
[2420] = S 2
[2421] = Z 2
[2422] = CNOT 2 33
[2423] = CNOT 2 34
[2424] = S 2
[2425] = Z 2
[2426] = CNOT 2 34
[2427] = CNOT 2 35
[2428] = S 2
[2429] = Z 2
[2430] = CNOT 2 35
[2431] = CNOT 2 36
[2432] = Z 2
[2433] = CNOT 2 36
[2434] = CNOT 2 37
[2435] = S 2
[2436] = Z 2
[2437] = CNOT 2 37
[2438] = CNOT 2 3
[2439] = CNOT 2 8
[2440] = CNOT 2 9
[2441] = S 2
[2442] = Z 2
[2443] = CNOT 2 9
[2444] = CNOT 2 10
[2445] = S 2
[2446] = Z 2
[2447] = CNOT 2 10
[2448] = CNOT 2 11
[2449] = S 2
[2450] = Z 2
[2451] = CNOT 2 11
[2452] = CNOT 2 12
[2453] = Z 2
[2454] = CNOT 2 12
[2455] = CNOT 2 13
[2456] = S 2
[2457] = Z 2
[2458] = CNOT 2 13
[2459] = CNOT 2 33
[2460] = S 2
[2461] = Z 2
[2462] = CNOT 2 33
[2463] = CNOT 2 34
[2464] = S 2
[2465] = Z 2
[2466] = CNOT 2 34
[2467] = CNOT 2 35
[2468] = S 2
[2469] = Z 2
[2470] = CNOT 2 35
[2471] = CNOT 2 36
[2472] = Z 2
[2473] = CNOT 2 36
[2474] = CNOT 2 37
[2475] = S 2
[2476] = Z 2
[2477] = CNOT 2 37
[2478] = CNOT 2 8
[2479] = CNOT 2 9
[2480] = CNOT 2 12
[2481] = S 2
[2482] = Z 2
[2483] = CNOT 2 9
[2484] = CNOT 2 10
[2485] = S 2
[2486] = Z 2
[2487] = CNOT 2 12
[2488] = CNOT 2 36
[2489] = S 2
[2490] = Z 2
[2491] = CNOT 2 36
[2492] = CNOT 2 10
[2493] = CNOT 2 11
[2494] = CNOT 2 12
[2495] = S 2
[2496] = Z 2
[2497] = CNOT 2 11
[2498] = CNOT 2 13
[2499] = S 2
[2500] = Z 2
[2501] = CNOT 2 13
[2502] = CNOT 2 14
[2503] = S 2
[2504] = Z 2
[2505] = CNOT 2 14
[2506] = CNOT 2 15
[2507] = Z 2
[2508] = CNOT 2 15
[2509] = CNOT 2 33
[2510] = S 2
[2511] = Z 2
[2512] = CNOT 2 33
[2513] = CNOT 2 34
[2514] = S 2
[2515] = Z 2
[2516] = CNOT 2 34
[2517] = CNOT 2 35
[2518] = S 2
[2519] = Z 2
[2520] = CNOT 2 35
[2521] = CNOT 2 36
[2522] = S 2
[2523] = Z 2
[2524] = CNOT 2 36
[2525] = CNOT 2 37
[2526] = S 2
[2527] = Z 2
[2528] = CNOT 2 37
[2529] = CNOT 2 38
[2530] = S 2
[2531] = Z 2
[2532] = CNOT 2 38
[2533] = CNOT 2 12
[2534] = CNOT 2 14
[2535] = CNOT 2 15
[2536] = S 2
[2537] = Z 2
[2538] = CNOT 2 14
[2539] = CNOT 2 38
[2540] = S 2
[2541] = Z 2
[2542] = CNOT 2 38
[2543] = CNOT 2 15
[2544] = CNOT 2 34
[2545] = CNOT 2 36
[2546] = S 2
[2547] = Z 2
[2548] = CNOT 2 36
[2549] = CNOT 2 34
[2550] = CNOT 3 4
[2551] = CNOT 3 6
[2552] = S 3
[2553] = CNOT 3 6
[2554] = CNOT 3 8
[2555] = Z 3
[2556] = CNOT 3 8
[2557] = CNOT 3 9
[2558] = S 3
[2559] = Z 3
[2560] = CNOT 3 9
[2561] = CNOT 3 10
[2562] = S 3
[2563] = CNOT 3 10
[2564] = CNOT 3 11
[2565] = S 3
[2566] = CNOT 3 11
[2567] = CNOT 3 12
[2568] = Z 3
[2569] = CNOT 3 12
[2570] = CNOT 3 13
[2571] = S 3
[2572] = Z 3
[2573] = CNOT 3 13
[2574] = CNOT 3 14
[2575] = S 3
[2576] = Z 3
[2577] = CNOT 3 14
[2578] = CNOT 3 15
[2579] = S 3
[2580] = CNOT 3 15
[2581] = CNOT 3 17
[2582] = S 3
[2583] = Z 3
[2584] = CNOT 3 17
[2585] = CNOT 3 18
[2586] = Z 3
[2587] = CNOT 3 18
[2588] = CNOT 3 34
[2589] = Z 3
[2590] = CNOT 3 34
[2591] = CNOT 3 36
[2592] = Z 3
[2593] = CNOT 3 36
[2594] = CNOT 3 37
[2595] = S 3
[2596] = Z 3
[2597] = CNOT 3 37
[2598] = CNOT 3 38
[2599] = Z 3
[2600] = CNOT 3 38
[2601] = CNOT 3 39
[2602] = Z 3
[2603] = CNOT 3 39
[2604] = CNOT 3 4
[2605] = CNOT 3 5
[2606] = CNOT 3 8
[2607] = Z 3
[2608] = CNOT 3 8
[2609] = CNOT 3 10
[2610] = S 3
[2611] = Z 3
[2612] = CNOT 3 10
[2613] = CNOT 3 11
[2614] = S 3
[2615] = Z 3
[2616] = CNOT 3 11
[2617] = CNOT 3 12
[2618] = S 3
[2619] = Z 3
[2620] = CNOT 3 12
[2621] = CNOT 3 13
[2622] = S 3
[2623] = Z 3
[2624] = CNOT 3 13
[2625] = CNOT 3 17
[2626] = S 3
[2627] = Z 3
[2628] = CNOT 3 17
[2629] = CNOT 3 36
[2630] = S 3
[2631] = CNOT 3 36
[2632] = CNOT 3 37
[2633] = S 3
[2634] = Z 3
[2635] = CNOT 3 37
[2636] = CNOT 3 38
[2637] = S 3
[2638] = Z 3
[2639] = CNOT 3 38
[2640] = CNOT 3 39
[2641] = S 3
[2642] = Z 3
[2643] = CNOT 3 39
[2644] = CNOT 3 5
[2645] = CNOT 3 6
[2646] = CNOT 3 8
[2647] = S 3
[2648] = CNOT 3 8
[2649] = CNOT 3 10
[2650] = S 3
[2651] = Z 3
[2652] = CNOT 3 10
[2653] = CNOT 3 11
[2654] = S 3
[2655] = Z 3
[2656] = CNOT 3 11
[2657] = CNOT 3 12
[2658] = S 3
[2659] = CNOT 3 12
[2660] = CNOT 3 36
[2661] = S 3
[2662] = CNOT 3 36
[2663] = CNOT 3 38
[2664] = S 3
[2665] = Z 3
[2666] = CNOT 3 38
[2667] = CNOT 3 39
[2668] = S 3
[2669] = Z 3
[2670] = CNOT 3 39
[2671] = CNOT 3 6
[2672] = CNOT 3 7
[2673] = CNOT 3 8
[2674] = S 3
[2675] = CNOT 3 8
[2676] = CNOT 3 10
[2677] = S 3
[2678] = Z 3
[2679] = CNOT 3 10
[2680] = CNOT 3 12
[2681] = S 3
[2682] = CNOT 3 12
[2683] = CNOT 3 15
[2684] = S 3
[2685] = Z 3
[2686] = CNOT 3 15
[2687] = CNOT 3 16
[2688] = S 3
[2689] = Z 3
[2690] = CNOT 3 16
[2691] = CNOT 3 22
[2692] = S 3
[2693] = Z 3
[2694] = CNOT 3 22
[2695] = CNOT 3 39
[2696] = S 3
[2697] = Z 3
[2698] = CNOT 3 39
[2699] = CNOT 3 7
[2700] = CNOT 3 8
[2701] = CNOT 3 11
[2702] = S 3
[2703] = CNOT 3 11
[2704] = CNOT 3 12
[2705] = S 3
[2706] = CNOT 3 12
[2707] = CNOT 3 13
[2708] = Z 3
[2709] = CNOT 3 13
[2710] = CNOT 3 14
[2711] = Z 3
[2712] = CNOT 3 14
[2713] = CNOT 3 15
[2714] = S 3
[2715] = CNOT 3 15
[2716] = CNOT 3 16
[2717] = Z 3
[2718] = CNOT 3 16
[2719] = CNOT 3 17
[2720] = S 3
[2721] = CNOT 3 17
[2722] = CNOT 3 22
[2723] = Z 3
[2724] = CNOT 3 22
[2725] = CNOT 3 23
[2726] = S 3
[2727] = Z 3
[2728] = CNOT 3 23
[2729] = CNOT 3 32
[2730] = Z 3
[2731] = CNOT 3 32
[2732] = CNOT 3 33
[2733] = S 3
[2734] = CNOT 3 33
[2735] = CNOT 3 36
[2736] = S 3
[2737] = Z 3
[2738] = CNOT 3 36
[2739] = CNOT 3 37
[2740] = S 3
[2741] = CNOT 3 37
[2742] = CNOT 3 39
[2743] = Z 3
[2744] = CNOT 3 39
[2745] = CNOT 3 8
[2746] = CNOT 3 9
[2747] = CNOT 3 12
[2748] = Z 3
[2749] = CNOT 3 12
[2750] = CNOT 3 15
[2751] = Z 3
[2752] = CNOT 3 15
[2753] = CNOT 3 32
[2754] = S 3
[2755] = Z 3
[2756] = CNOT 3 32
[2757] = CNOT 3 33
[2758] = S 3
[2759] = Z 3
[2760] = CNOT 3 33
[2761] = CNOT 3 36
[2762] = Z 3
[2763] = CNOT 3 36
[2764] = CNOT 3 9
[2765] = CNOT 3 10
[2766] = CNOT 3 15
[2767] = S 3
[2768] = Z 3
[2769] = CNOT 3 15
[2770] = CNOT 3 18
[2771] = S 3
[2772] = Z 3
[2773] = CNOT 3 18
[2774] = CNOT 3 33
[2775] = S 3
[2776] = Z 3
[2777] = CNOT 3 33
[2778] = CNOT 3 34
[2779] = S 3
[2780] = Z 3
[2781] = CNOT 3 34
[2782] = CNOT 3 37
[2783] = Z 3
[2784] = CNOT 3 37
[2785] = CNOT 3 38
[2786] = Z 3
[2787] = CNOT 3 38
[2788] = CNOT 3 39
[2789] = S 3
[2790] = Z 3
[2791] = CNOT 3 39
[2792] = CNOT 3 10
[2793] = CNOT 3 11
[2794] = CNOT 3 12
[2795] = Z 3
[2796] = CNOT 3 12
[2797] = CNOT 3 15
[2798] = S 3
[2799] = Z 3
[2800] = CNOT 3 15
[2801] = CNOT 3 18
[2802] = S 3
[2803] = Z 3
[2804] = CNOT 3 18
[2805] = CNOT 3 34
[2806] = S 3
[2807] = Z 3
[2808] = CNOT 3 34
[2809] = CNOT 3 35
[2810] = S 3
[2811] = Z 3
[2812] = CNOT 3 35
[2813] = CNOT 3 36
[2814] = S 3
[2815] = CNOT 3 36
[2816] = CNOT 3 38
[2817] = S 3
[2818] = Z 3
[2819] = CNOT 3 38
[2820] = CNOT 3 39
[2821] = S 3
[2822] = Z 3
[2823] = CNOT 3 39
[2824] = CNOT 3 11
[2825] = CNOT 3 12
[2826] = CNOT 3 13
[2827] = Z 3
[2828] = CNOT 3 13
[2829] = CNOT 3 14
[2830] = Z 3
[2831] = CNOT 3 14
[2832] = CNOT 3 17
[2833] = S 3
[2834] = CNOT 3 17
[2835] = CNOT 3 22
[2836] = S 3
[2837] = CNOT 3 22
[2838] = CNOT 3 23
[2839] = Z 3
[2840] = CNOT 3 23
[2841] = CNOT 3 33
[2842] = S 3
[2843] = CNOT 3 33
[2844] = CNOT 3 35
[2845] = Z 3
[2846] = CNOT 3 35
[2847] = CNOT 3 36
[2848] = S 3
[2849] = CNOT 3 36
[2850] = CNOT 3 37
[2851] = S 3
[2852] = CNOT 3 37
[2853] = CNOT 3 38
[2854] = S 3
[2855] = CNOT 3 38
[2856] = CNOT 3 39
[2857] = S 3
[2858] = Z 3
[2859] = CNOT 3 39
[2860] = CNOT 3 12
[2861] = CNOT 3 13
[2862] = CNOT 3 15
[2863] = S 3
[2864] = CNOT 3 15
[2865] = CNOT 3 17
[2866] = S 3
[2867] = Z 3
[2868] = CNOT 3 17
[2869] = CNOT 3 36
[2870] = Z 3
[2871] = CNOT 3 36
[2872] = CNOT 3 37
[2873] = S 3
[2874] = Z 3
[2875] = CNOT 3 37
[2876] = CNOT 3 39
[2877] = S 3
[2878] = Z 3
[2879] = CNOT 3 39
[2880] = CNOT 3 13
[2881] = CNOT 3 14
[2882] = CNOT 3 17
[2883] = S 3
[2884] = Z 3
[2885] = CNOT 3 17
[2886] = CNOT 3 14
[2887] = CNOT 3 15
[2888] = CNOT 3 16
[2889] = Z 3
[2890] = CNOT 3 16
[2891] = CNOT 3 18
[2892] = S 3
[2893] = Z 3
[2894] = CNOT 3 18
[2895] = CNOT 3 22
[2896] = Z 3
[2897] = CNOT 3 22
[2898] = CNOT 3 23
[2899] = Z 3
[2900] = CNOT 3 23
[2901] = CNOT 3 32
[2902] = Z 3
[2903] = CNOT 3 32
[2904] = CNOT 3 35
[2905] = S 3
[2906] = Z 3
[2907] = CNOT 3 35
[2908] = CNOT 3 36
[2909] = S 3
[2910] = CNOT 3 36
[2911] = CNOT 3 37
[2912] = S 3
[2913] = Z 3
[2914] = CNOT 3 37
[2915] = CNOT 3 38
[2916] = S 3
[2917] = Z 3
[2918] = CNOT 3 38
[2919] = CNOT 3 39
[2920] = S 3
[2921] = Z 3
[2922] = CNOT 3 39
[2923] = CNOT 3 15
[2924] = CNOT 3 16
[2925] = CNOT 3 22
[2926] = Z 3
[2927] = CNOT 3 22
[2928] = CNOT 3 23
[2929] = S 3
[2930] = Z 3
[2931] = CNOT 3 23
[2932] = CNOT 3 16
[2933] = CNOT 3 18
[2934] = CNOT 3 36
[2935] = Z 3
[2936] = CNOT 3 36
[2937] = CNOT 3 37
[2938] = S 3
[2939] = Z 3
[2940] = CNOT 3 37
[2941] = CNOT 3 38
[2942] = S 3
[2943] = Z 3
[2944] = CNOT 3 38
[2945] = CNOT 3 39
[2946] = S 3
[2947] = Z 3
[2948] = CNOT 3 39
[2949] = CNOT 3 18
[2950] = CNOT 3 32
[2951] = CNOT 3 36
[2952] = Z 3
[2953] = CNOT 3 32
[2954] = CNOT 3 34
[2955] = Z 3
[2956] = CNOT 3 34
[2957] = CNOT 3 35
[2958] = S 3
[2959] = Z 3
[2960] = CNOT 3 35
[2961] = CNOT 3 37
[2962] = S 3
[2963] = Z 3
[2964] = CNOT 3 36
[2965] = CNOT 3 38
[2966] = S 3
[2967] = Z 3
[2968] = CNOT 3 38
[2969] = CNOT 3 37
[2970] = CNOT 4 6
[2971] = CNOT 4 8
[2972] = S 4
[2973] = CNOT 4 8
[2974] = CNOT 4 10
[2975] = S 4
[2976] = Z 4
[2977] = CNOT 4 10
[2978] = CNOT 4 11
[2979] = S 4
[2980] = Z 4
[2981] = CNOT 4 11
[2982] = CNOT 4 12
[2983] = S 4
[2984] = CNOT 4 12
[2985] = CNOT 4 36
[2986] = S 4
[2987] = CNOT 4 36
[2988] = CNOT 4 38
[2989] = S 4
[2990] = Z 4
[2991] = CNOT 4 38
[2992] = CNOT 4 39
[2993] = S 4
[2994] = Z 4
[2995] = CNOT 4 39
[2996] = CNOT 4 6
[2997] = CNOT 4 8
[2998] = CNOT 4 9
[2999] = Z 4
[3000] = CNOT 4 9
[3001] = CNOT 4 10
[3002] = S 4
[3003] = CNOT 4 10
[3004] = CNOT 4 11
[3005] = S 4
[3006] = CNOT 4 11
[3007] = CNOT 4 13
[3008] = S 4
[3009] = Z 4
[3010] = CNOT 4 13
[3011] = CNOT 4 14
[3012] = S 4
[3013] = Z 4
[3014] = CNOT 4 14
[3015] = CNOT 4 17
[3016] = S 4
[3017] = Z 4
[3018] = CNOT 4 17
[3019] = CNOT 4 18
[3020] = Z 4
[3021] = CNOT 4 18
[3022] = CNOT 4 34
[3023] = S 4
[3024] = CNOT 4 34
[3025] = CNOT 4 36
[3026] = Z 4
[3027] = CNOT 4 36
[3028] = CNOT 4 38
[3029] = Z 4
[3030] = CNOT 4 38
[3031] = CNOT 4 39
[3032] = S 4
[3033] = CNOT 4 39
[3034] = CNOT 4 8
[3035] = CNOT 4 9
[3036] = CNOT 4 12
[3037] = Z 4
[3038] = CNOT 4 12
[3039] = CNOT 4 15
[3040] = S 4
[3041] = Z 4
[3042] = CNOT 4 15
[3043] = CNOT 4 34
[3044] = S 4
[3045] = Z 4
[3046] = CNOT 4 34
[3047] = CNOT 4 36
[3048] = S 4
[3049] = Z 4
[3050] = CNOT 4 36
[3051] = CNOT 4 39
[3052] = S 4
[3053] = Z 4
[3054] = CNOT 4 39
[3055] = CNOT 4 9
[3056] = CNOT 4 10
[3057] = CNOT 4 12
[3058] = S 4
[3059] = CNOT 4 12
[3060] = CNOT 4 15
[3061] = S 4
[3062] = Z 4
[3063] = CNOT 4 15
[3064] = CNOT 4 17
[3065] = S 4
[3066] = Z 4
[3067] = CNOT 4 17
[3068] = CNOT 4 18
[3069] = Z 4
[3070] = CNOT 4 18
[3071] = CNOT 4 36
[3072] = S 4
[3073] = Z 4
[3074] = CNOT 4 36
[3075] = CNOT 4 37
[3076] = S 4
[3077] = Z 4
[3078] = CNOT 4 37
[3079] = CNOT 4 38
[3080] = Z 4
[3081] = CNOT 4 38
[3082] = CNOT 4 10
[3083] = CNOT 4 11
[3084] = CNOT 4 12
[3085] = S 4
[3086] = CNOT 4 12
[3087] = CNOT 4 34
[3088] = S 4
[3089] = Z 4
[3090] = CNOT 4 34
[3091] = CNOT 4 36
[3092] = Z 4
[3093] = CNOT 4 36
[3094] = CNOT 4 39
[3095] = S 4
[3096] = Z 4
[3097] = CNOT 4 39
[3098] = CNOT 4 11
[3099] = CNOT 4 12
[3100] = CNOT 4 13
[3101] = S 4
[3102] = Z 4
[3103] = CNOT 4 13
[3104] = CNOT 4 14
[3105] = S 4
[3106] = Z 4
[3107] = CNOT 4 14
[3108] = CNOT 4 15
[3109] = S 4
[3110] = CNOT 4 15
[3111] = CNOT 4 16
[3112] = S 4
[3113] = Z 4
[3114] = CNOT 4 16
[3115] = CNOT 4 17
[3116] = Z 4
[3117] = CNOT 4 17
[3118] = CNOT 4 18
[3119] = S 4
[3120] = CNOT 4 18
[3121] = CNOT 4 19
[3122] = S 4
[3123] = Z 4
[3124] = CNOT 4 19
[3125] = CNOT 4 34
[3126] = S 4
[3127] = CNOT 4 34
[3128] = CNOT 4 36
[3129] = S 4
[3130] = Z 4
[3131] = CNOT 4 36
[3132] = CNOT 4 38
[3133] = Z 4
[3134] = CNOT 4 38
[3135] = CNOT 4 12
[3136] = CNOT 4 13
[3137] = CNOT 4 15
[3138] = S 4
[3139] = Z 4
[3140] = CNOT 4 15
[3141] = CNOT 4 18
[3142] = S 4
[3143] = Z 4
[3144] = CNOT 4 18
[3145] = CNOT 4 36
[3146] = S 4
[3147] = Z 4
[3148] = CNOT 4 36
[3149] = CNOT 4 13
[3150] = CNOT 4 15
[3151] = CNOT 4 18
[3152] = Z 4
[3153] = CNOT 4 18
[3154] = CNOT 4 35
[3155] = S 4
[3156] = Z 4
[3157] = CNOT 4 35
[3158] = CNOT 4 37
[3159] = S 4
[3160] = Z 4
[3161] = CNOT 4 37
[3162] = CNOT 4 38
[3163] = S 4
[3164] = Z 4
[3165] = CNOT 4 38
[3166] = CNOT 4 39
[3167] = S 4
[3168] = Z 4
[3169] = CNOT 4 39
[3170] = CNOT 4 15
[3171] = CNOT 4 16
[3172] = CNOT 4 18
[3173] = S 4
[3174] = Z 4
[3175] = CNOT 4 16
[3176] = CNOT 4 19
[3177] = S 4
[3178] = Z 4
[3179] = CNOT 4 19
[3180] = CNOT 4 36
[3181] = S 4
[3182] = Z 4
[3183] = CNOT 4 36
[3184] = CNOT 4 37
[3185] = S 4
[3186] = Z 4
[3187] = CNOT 4 37
[3188] = CNOT 4 38
[3189] = S 4
[3190] = Z 4
[3191] = CNOT 4 38
[3192] = CNOT 4 39
[3193] = S 4
[3194] = Z 4
[3195] = CNOT 4 39
[3196] = CNOT 4 18
[3197] = CNOT 4 35
[3198] = CNOT 4 36
[3199] = S 4
[3200] = Z 4
[3201] = CNOT 4 35
[3202] = CNOT 4 37
[3203] = S 4
[3204] = Z 4
[3205] = CNOT 4 37
[3206] = CNOT 4 38
[3207] = Z 4
[3208] = CNOT 4 38
[3209] = CNOT 4 39
[3210] = Z 4
[3211] = CNOT 4 39
[3212] = CNOT 4 36
[3213] = CNOT 4 37
[3214] = CNOT 4 38
[3215] = S 4
[3216] = Z 4
[3217] = CNOT 4 38
[3218] = CNOT 4 37
[3219] = CNOT 5 8
[3220] = CNOT 5 10
[3221] = S 5
[3222] = Z 5
[3223] = CNOT 5 10
[3224] = CNOT 5 11
[3225] = S 5
[3226] = Z 5
[3227] = CNOT 5 11
[3228] = CNOT 5 12
[3229] = S 5
[3230] = Z 5
[3231] = CNOT 5 12
[3232] = CNOT 5 13
[3233] = S 5
[3234] = Z 5
[3235] = CNOT 5 13
[3236] = CNOT 5 17
[3237] = S 5
[3238] = Z 5
[3239] = CNOT 5 17
[3240] = CNOT 5 36
[3241] = S 5
[3242] = CNOT 5 36
[3243] = CNOT 5 37
[3244] = S 5
[3245] = Z 5
[3246] = CNOT 5 37
[3247] = CNOT 5 38
[3248] = S 5
[3249] = Z 5
[3250] = CNOT 5 38
[3251] = CNOT 5 39
[3252] = S 5
[3253] = Z 5
[3254] = CNOT 5 39
[3255] = CNOT 5 8
[3256] = CNOT 5 9
[3257] = CNOT 5 12
[3258] = S 5
[3259] = Z 5
[3260] = CNOT 5 12
[3261] = CNOT 5 15
[3262] = S 5
[3263] = Z 5
[3264] = CNOT 5 15
[3265] = CNOT 5 18
[3266] = S 5
[3267] = Z 5
[3268] = CNOT 5 18
[3269] = CNOT 5 9
[3270] = CNOT 5 10
[3271] = CNOT 5 12
[3272] = S 5
[3273] = Z 5
[3274] = CNOT 5 10
[3275] = CNOT 5 11
[3276] = S 5
[3277] = Z 5
[3278] = CNOT 5 12
[3279] = CNOT 5 36
[3280] = S 5
[3281] = Z 5
[3282] = CNOT 5 36
[3283] = CNOT 5 11
[3284] = CNOT 5 12
[3285] = CNOT 5 13
[3286] = S 5
[3287] = Z 5
[3288] = CNOT 5 13
[3289] = CNOT 5 14
[3290] = S 5
[3291] = Z 5
[3292] = CNOT 5 14
[3293] = CNOT 5 15
[3294] = S 5
[3295] = CNOT 5 15
[3296] = CNOT 5 17
[3297] = S 5
[3298] = Z 5
[3299] = CNOT 5 17
[3300] = CNOT 5 18
[3301] = Z 5
[3302] = CNOT 5 18
[3303] = CNOT 5 36
[3304] = S 5
[3305] = CNOT 5 36
[3306] = CNOT 5 37
[3307] = S 5
[3308] = Z 5
[3309] = CNOT 5 37
[3310] = CNOT 5 38
[3311] = S 5
[3312] = Z 5
[3313] = CNOT 5 38
[3314] = CNOT 5 12
[3315] = CNOT 5 14
[3316] = CNOT 5 15
[3317] = S 5
[3318] = Z 5
[3319] = CNOT 5 14
[3320] = CNOT 5 18
[3321] = Z 5
[3322] = CNOT 5 18
[3323] = CNOT 5 36
[3324] = S 5
[3325] = Z 5
[3326] = CNOT 5 15
[3327] = CNOT 5 18
[3328] = S 5
[3329] = Z 5
[3330] = CNOT 5 18
[3331] = CNOT 5 38
[3332] = S 5
[3333] = Z 5
[3334] = CNOT 5 38
[3335] = CNOT 5 39
[3336] = S 5
[3337] = Z 5
[3338] = CNOT 5 39
[3339] = CNOT 5 36
[3340] = CNOT 6 8
[3341] = CNOT 6 10
[3342] = S 6
[3343] = Z 6
[3344] = CNOT 6 10
[3345] = CNOT 6 11
[3346] = S 6
[3347] = Z 6
[3348] = CNOT 6 11
[3349] = CNOT 6 12
[3350] = S 6
[3351] = CNOT 6 12
[3352] = CNOT 6 36
[3353] = S 6
[3354] = CNOT 6 36
[3355] = CNOT 6 38
[3356] = S 6
[3357] = Z 6
[3358] = CNOT 6 38
[3359] = CNOT 6 39
[3360] = S 6
[3361] = Z 6
[3362] = CNOT 6 39
[3363] = CNOT 6 8
[3364] = CNOT 6 9
[3365] = CNOT 6 12
[3366] = S 6
[3367] = Z 6
[3368] = CNOT 6 12
[3369] = CNOT 6 15
[3370] = S 6
[3371] = Z 6
[3372] = CNOT 6 15
[3373] = CNOT 6 18
[3374] = S 6
[3375] = Z 6
[3376] = CNOT 6 18
[3377] = CNOT 6 9
[3378] = CNOT 6 10
[3379] = CNOT 6 12
[3380] = S 6
[3381] = Z 6
[3382] = CNOT 6 12
[3383] = CNOT 6 36
[3384] = S 6
[3385] = Z 6
[3386] = CNOT 6 36
[3387] = CNOT 6 10
[3388] = CNOT 6 11
[3389] = CNOT 6 12
[3390] = S 6
[3391] = Z 6
[3392] = CNOT 6 12
[3393] = CNOT 6 36
[3394] = S 6
[3395] = Z 6
[3396] = CNOT 6 36
[3397] = CNOT 6 11
[3398] = CNOT 6 12
[3399] = CNOT 6 13
[3400] = S 6
[3401] = Z 6
[3402] = CNOT 6 13
[3403] = CNOT 6 16
[3404] = S 6
[3405] = Z 6
[3406] = CNOT 6 16
[3407] = CNOT 6 21
[3408] = Z 6
[3409] = CNOT 6 21
[3410] = CNOT 6 36
[3411] = S 6
[3412] = CNOT 6 36
[3413] = CNOT 6 37
[3414] = S 6
[3415] = Z 6
[3416] = CNOT 6 37
[3417] = CNOT 6 38
[3418] = S 6
[3419] = Z 6
[3420] = CNOT 6 38
[3421] = CNOT 6 39
[3422] = S 6
[3423] = Z 6
[3424] = CNOT 6 39
[3425] = CNOT 6 12
[3426] = CNOT 6 13
[3427] = CNOT 6 21
[3428] = S 6
[3429] = Z 6
[3430] = CNOT 6 21
[3431] = CNOT 6 13
[3432] = CNOT 6 15
[3433] = CNOT 6 16
[3434] = S 6
[3435] = Z 6
[3436] = CNOT 6 16
[3437] = CNOT 6 18
[3438] = S 6
[3439] = CNOT 6 18
[3440] = CNOT 6 21
[3441] = S 6
[3442] = Z 6
[3443] = CNOT 6 21
[3444] = CNOT 6 37
[3445] = S 6
[3446] = Z 6
[3447] = CNOT 6 37
[3448] = CNOT 6 15
[3449] = CNOT 6 16
[3450] = CNOT 6 18
[3451] = S 6
[3452] = Z 6
[3453] = CNOT 6 16
[3454] = CNOT 6 21
[3455] = S 6
[3456] = Z 6
[3457] = CNOT 6 21
[3458] = CNOT 6 37
[3459] = S 6
[3460] = Z 6
[3461] = CNOT 6 37
[3462] = CNOT 6 18
[3463] = CNOT 6 36
[3464] = CNOT 6 38
[3465] = S 6
[3466] = Z 6
[3467] = CNOT 6 38
[3468] = CNOT 6 39
[3469] = S 6
[3470] = Z 6
[3471] = CNOT 6 39
[3472] = CNOT 6 36
[3473] = CNOT 7 8
[3474] = CNOT 7 10
[3475] = S 7
[3476] = Z 7
[3477] = CNOT 7 10
[3478] = CNOT 7 12
[3479] = S 7
[3480] = CNOT 7 12
[3481] = CNOT 7 15
[3482] = S 7
[3483] = Z 7
[3484] = CNOT 7 15
[3485] = CNOT 7 16
[3486] = S 7
[3487] = Z 7
[3488] = CNOT 7 16
[3489] = CNOT 7 22
[3490] = S 7
[3491] = Z 7
[3492] = CNOT 7 22
[3493] = CNOT 7 39
[3494] = S 7
[3495] = Z 7
[3496] = CNOT 7 39
[3497] = CNOT 7 8
[3498] = CNOT 7 10
[3499] = CNOT 7 12
[3500] = S 7
[3501] = Z 7
[3502] = CNOT 7 10
[3503] = CNOT 7 14
[3504] = S 7
[3505] = Z 7
[3506] = CNOT 7 14
[3507] = CNOT 7 15
[3508] = Z 7
[3509] = CNOT 7 15
[3510] = CNOT 7 20
[3511] = S 7
[3512] = Z 7
[3513] = CNOT 7 20
[3514] = CNOT 7 21
[3515] = Z 7
[3516] = CNOT 7 21
[3517] = CNOT 7 22
[3518] = S 7
[3519] = Z 7
[3520] = CNOT 7 22
[3521] = CNOT 7 39
[3522] = S 7
[3523] = Z 7
[3524] = CNOT 7 39
[3525] = CNOT 7 12
[3526] = CNOT 7 14
[3527] = CNOT 7 21
[3528] = S 7
[3529] = Z 7
[3530] = CNOT 7 21
[3531] = CNOT 7 14
[3532] = CNOT 7 15
[3533] = CNOT 7 16
[3534] = S 7
[3535] = Z 7
[3536] = CNOT 7 16
[3537] = CNOT 7 22
[3538] = S 7
[3539] = Z 7
[3540] = CNOT 7 22
[3541] = CNOT 7 15
[3542] = CNOT 7 20
[3543] = CNOT 7 21
[3544] = S 7
[3545] = Z 7
[3546] = CNOT 7 21
[3547] = CNOT 7 20
[3548] = CNOT 8 9
[3549] = CNOT 8 12
[3550] = S 8
[3551] = CNOT 8 12
[3552] = CNOT 8 15
[3553] = Z 8
[3554] = CNOT 8 15
[3555] = CNOT 8 32
[3556] = S 8
[3557] = Z 8
[3558] = CNOT 8 32
[3559] = CNOT 8 33
[3560] = S 8
[3561] = Z 8
[3562] = CNOT 8 33
[3563] = CNOT 8 34
[3564] = S 8
[3565] = Z 8
[3566] = CNOT 8 34
[3567] = CNOT 8 36
[3568] = Z 8
[3569] = CNOT 8 36
[3570] = CNOT 8 9
[3571] = CNOT 8 10
[3572] = CNOT 8 15
[3573] = S 8
[3574] = Z 8
[3575] = CNOT 8 15
[3576] = CNOT 8 18
[3577] = S 8
[3578] = Z 8
[3579] = CNOT 8 18
[3580] = CNOT 8 33
[3581] = S 8
[3582] = Z 8
[3583] = CNOT 8 33
[3584] = CNOT 8 34
[3585] = S 8
[3586] = Z 8
[3587] = CNOT 8 34
[3588] = CNOT 8 36
[3589] = S 8
[3590] = CNOT 8 36
[3591] = CNOT 8 37
[3592] = S 8
[3593] = Z 8
[3594] = CNOT 8 37
[3595] = CNOT 8 38
[3596] = S 8
[3597] = Z 8
[3598] = CNOT 8 38
[3599] = CNOT 8 39
[3600] = S 8
[3601] = Z 8
[3602] = CNOT 8 39
[3603] = CNOT 8 10
[3604] = CNOT 8 11
[3605] = CNOT 8 12
[3606] = Z 8
[3607] = CNOT 8 12
[3608] = CNOT 8 34
[3609] = S 8
[3610] = Z 8
[3611] = CNOT 8 34
[3612] = CNOT 8 35
[3613] = S 8
[3614] = Z 8
[3615] = CNOT 8 35
[3616] = CNOT 8 38
[3617] = S 8
[3618] = Z 8
[3619] = CNOT 8 38
[3620] = CNOT 8 39
[3621] = S 8
[3622] = Z 8
[3623] = CNOT 8 39
[3624] = CNOT 8 11
[3625] = CNOT 8 12
[3626] = CNOT 8 13
[3627] = S 8
[3628] = CNOT 8 13
[3629] = CNOT 8 14
[3630] = S 8
[3631] = CNOT 8 14
[3632] = CNOT 8 15
[3633] = S 8
[3634] = CNOT 8 15
[3635] = CNOT 8 16
[3636] = Z 8
[3637] = CNOT 8 16
[3638] = CNOT 8 17
[3639] = S 8
[3640] = CNOT 8 17
[3641] = CNOT 8 20
[3642] = S 8
[3643] = Z 8
[3644] = CNOT 8 20
[3645] = CNOT 8 21
[3646] = Z 8
[3647] = CNOT 8 21
[3648] = CNOT 8 22
[3649] = Z 8
[3650] = CNOT 8 22
[3651] = CNOT 8 23
[3652] = S 8
[3653] = Z 8
[3654] = CNOT 8 23
[3655] = CNOT 8 33
[3656] = S 8
[3657] = CNOT 8 33
[3658] = CNOT 8 34
[3659] = S 8
[3660] = Z 8
[3661] = CNOT 8 34
[3662] = CNOT 8 35
[3663] = Z 8
[3664] = CNOT 8 35
[3665] = CNOT 8 36
[3666] = S 8
[3667] = CNOT 8 36
[3668] = CNOT 8 37
[3669] = S 8
[3670] = CNOT 8 37
[3671] = CNOT 8 38
[3672] = S 8
[3673] = CNOT 8 38
[3674] = CNOT 8 12
[3675] = CNOT 8 13
[3676] = CNOT 8 15
[3677] = S 8
[3678] = CNOT 8 15
[3679] = CNOT 8 17
[3680] = S 8
[3681] = Z 8
[3682] = CNOT 8 17
[3683] = CNOT 8 18
[3684] = S 8
[3685] = CNOT 8 18
[3686] = CNOT 8 21
[3687] = S 8
[3688] = Z 8
[3689] = CNOT 8 21
[3690] = CNOT 8 36
[3691] = Z 8
[3692] = CNOT 8 36
[3693] = CNOT 8 37
[3694] = S 8
[3695] = Z 8
[3696] = CNOT 8 37
[3697] = CNOT 8 39
[3698] = S 8
[3699] = Z 8
[3700] = CNOT 8 39
[3701] = CNOT 8 13
[3702] = CNOT 8 14
[3703] = CNOT 8 17
[3704] = S 8
[3705] = Z 8
[3706] = CNOT 8 17
[3707] = CNOT 8 39
[3708] = S 8
[3709] = Z 8
[3710] = CNOT 8 39
[3711] = CNOT 8 14
[3712] = CNOT 8 15
[3713] = CNOT 8 16
[3714] = S 8
[3715] = Z 8
[3716] = CNOT 8 16
[3717] = CNOT 8 17
[3718] = S 8
[3719] = Z 8
[3720] = CNOT 8 17
[3721] = CNOT 8 18
[3722] = S 8
[3723] = Z 8
[3724] = CNOT 8 18
[3725] = CNOT 8 22
[3726] = S 8
[3727] = Z 8
[3728] = CNOT 8 22
[3729] = CNOT 8 23
[3730] = S 8
[3731] = Z 8
[3732] = CNOT 8 23
[3733] = CNOT 8 32
[3734] = Z 8
[3735] = CNOT 8 32
[3736] = CNOT 8 36
[3737] = Z 8
[3738] = CNOT 8 36
[3739] = CNOT 8 38
[3740] = Z 8
[3741] = CNOT 8 38
[3742] = CNOT 8 39
[3743] = S 8
[3744] = Z 8
[3745] = CNOT 8 39
[3746] = CNOT 8 15
[3747] = CNOT 8 16
[3748] = CNOT 8 22
[3749] = S 8
[3750] = Z 8
[3751] = CNOT 8 22
[3752] = CNOT 8 16
[3753] = CNOT 8 17
[3754] = CNOT 8 38
[3755] = S 8
[3756] = Z 8
[3757] = CNOT 8 38
[3758] = CNOT 8 17
[3759] = CNOT 8 18
[3760] = CNOT 8 36
[3761] = Z 8
[3762] = CNOT 8 36
[3763] = CNOT 8 39
[3764] = S 8
[3765] = Z 8
[3766] = CNOT 8 39
[3767] = CNOT 8 18
[3768] = CNOT 8 20
[3769] = CNOT 8 21
[3770] = S 8
[3771] = Z 8
[3772] = CNOT 8 21
[3773] = CNOT 8 20
[3774] = CNOT 8 32
[3775] = CNOT 8 36
[3776] = Z 8
[3777] = CNOT 8 32
[3778] = CNOT 8 34
[3779] = Z 8
[3780] = CNOT 8 36
[3781] = CNOT 8 34
[3782] = CNOT 9 12
[3783] = CNOT 9 15
[3784] = S 9
[3785] = CNOT 9 15
[3786] = CNOT 9 18
[3787] = S 9
[3788] = CNOT 9 18
[3789] = CNOT 9 33
[3790] = S 9
[3791] = Z 9
[3792] = CNOT 9 33
[3793] = CNOT 9 34
[3794] = S 9
[3795] = Z 9
[3796] = CNOT 9 34
[3797] = CNOT 9 36
[3798] = S 9
[3799] = Z 9
[3800] = CNOT 9 36
[3801] = CNOT 9 37
[3802] = S 9
[3803] = Z 9
[3804] = CNOT 9 37
[3805] = CNOT 9 39
[3806] = S 9
[3807] = Z 9
[3808] = CNOT 9 39
[3809] = CNOT 9 12
[3810] = CNOT 9 15
[3811] = CNOT 9 18
[3812] = S 9
[3813] = CNOT 9 18
[3814] = CNOT 9 32
[3815] = S 9
[3816] = Z 9
[3817] = CNOT 9 32
[3818] = CNOT 9 35
[3819] = S 9
[3820] = Z 9
[3821] = CNOT 9 35
[3822] = CNOT 9 37
[3823] = S 9
[3824] = Z 9
[3825] = CNOT 9 37
[3826] = CNOT 9 15
[3827] = CNOT 9 18
[3828] = CNOT 9 36
[3829] = S 9
[3830] = Z 9
[3831] = CNOT 9 36
[3832] = CNOT 9 37
[3833] = S 9
[3834] = Z 9
[3835] = CNOT 9 37
[3836] = CNOT 9 18
[3837] = CNOT 9 32
[3838] = CNOT 9 36
[3839] = S 9
[3840] = Z 9
[3841] = CNOT 9 32
[3842] = CNOT 9 35
[3843] = S 9
[3844] = Z 9
[3845] = CNOT 9 36
[3846] = CNOT 9 35
[3847] = CNOT 10 12
[3848] = CNOT 10 17
[3849] = S 10
[3850] = Z 10
[3851] = CNOT 10 17
[3852] = CNOT 10 33
[3853] = S 10
[3854] = Z 10
[3855] = CNOT 10 33
[3856] = CNOT 10 34
[3857] = S 10
[3858] = Z 10
[3859] = CNOT 10 34
[3860] = CNOT 10 36
[3861] = S 10
[3862] = CNOT 10 36
[3863] = CNOT 10 37
[3864] = S 10
[3865] = Z 10
[3866] = CNOT 10 37
[3867] = CNOT 10 38
[3868] = S 10
[3869] = Z 10
[3870] = CNOT 10 38
[3871] = CNOT 10 39
[3872] = S 10
[3873] = Z 10
[3874] = CNOT 10 39
[3875] = CNOT 10 12
[3876] = CNOT 10 15
[3877] = CNOT 10 18
[3878] = S 10
[3879] = Z 10
[3880] = CNOT 10 18
[3881] = CNOT 10 35
[3882] = S 10
[3883] = Z 10
[3884] = CNOT 10 35
[3885] = CNOT 10 36
[3886] = S 10
[3887] = Z 10
[3888] = CNOT 10 36
[3889] = CNOT 10 15
[3890] = CNOT 10 18
[3891] = CNOT 10 37
[3892] = S 10
[3893] = Z 10
[3894] = CNOT 10 37
[3895] = CNOT 10 38
[3896] = S 10
[3897] = Z 10
[3898] = CNOT 10 38
[3899] = CNOT 10 18
[3900] = CNOT 10 34
[3901] = CNOT 10 36
[3902] = S 10
[3903] = Z 10
[3904] = CNOT 10 34
[3905] = CNOT 10 35
[3906] = S 10
[3907] = Z 10
[3908] = CNOT 10 35
[3909] = CNOT 10 37
[3910] = S 10
[3911] = Z 10
[3912] = CNOT 10 37
[3913] = CNOT 10 38
[3914] = Z 10
[3915] = CNOT 10 36
[3916] = CNOT 10 37
[3917] = Z 10
[3918] = CNOT 10 38
[3919] = CNOT 10 37
[3920] = CNOT 11 12
[3921] = CNOT 11 34
[3922] = S 11
[3923] = Z 11
[3924] = CNOT 11 34
[3925] = CNOT 11 35
[3926] = S 11
[3927] = Z 11
[3928] = CNOT 11 35
[3929] = CNOT 11 36
[3930] = S 11
[3931] = CNOT 11 36
[3932] = CNOT 11 38
[3933] = S 11
[3934] = Z 11
[3935] = CNOT 11 38
[3936] = CNOT 11 39
[3937] = S 11
[3938] = Z 11
[3939] = CNOT 11 39
[3940] = CNOT 11 12
[3941] = CNOT 11 15
[3942] = CNOT 11 18
[3943] = S 11
[3944] = Z 11
[3945] = CNOT 11 18
[3946] = CNOT 11 36
[3947] = S 11
[3948] = Z 11
[3949] = CNOT 11 36
[3950] = CNOT 11 37
[3951] = S 11
[3952] = Z 11
[3953] = CNOT 11 15
[3954] = CNOT 11 36
[3955] = S 11
[3956] = Z 11
[3957] = CNOT 11 37
[3958] = CNOT 11 38
[3959] = S 11
[3960] = Z 11
[3961] = CNOT 11 38
[3962] = CNOT 11 39
[3963] = S 11
[3964] = Z 11
[3965] = CNOT 11 39
[3966] = CNOT 11 36
[3967] = CNOT 12 13
[3968] = CNOT 12 15
[3969] = S 12
[3970] = CNOT 12 15
[3971] = CNOT 12 17
[3972] = S 12
[3973] = Z 12
[3974] = CNOT 12 17
[3975] = CNOT 12 20
[3976] = S 12
[3977] = Z 12
[3978] = CNOT 12 20
[3979] = CNOT 12 21
[3980] = S 12
[3981] = CNOT 12 21
[3982] = CNOT 12 36
[3983] = Z 12
[3984] = CNOT 12 36
[3985] = CNOT 12 37
[3986] = S 12
[3987] = Z 12
[3988] = CNOT 12 37
[3989] = CNOT 12 39
[3990] = S 12
[3991] = Z 12
[3992] = CNOT 12 39
[3993] = CNOT 12 13
[3994] = CNOT 12 14
[3995] = CNOT 12 15
[3996] = S 12
[3997] = CNOT 12 15
[3998] = CNOT 12 17
[3999] = S 12
[4000] = Z 12
[4001] = CNOT 12 17
[4002] = CNOT 12 18
[4003] = S 12
[4004] = Z 12
[4005] = CNOT 12 18
[4006] = CNOT 12 20
[4007] = S 12
[4008] = Z 12
[4009] = CNOT 12 20
[4010] = CNOT 12 21
[4011] = Z 12
[4012] = CNOT 12 21
[4013] = CNOT 12 38
[4014] = S 12
[4015] = Z 12
[4016] = CNOT 12 38
[4017] = CNOT 12 39
[4018] = S 12
[4019] = Z 12
[4020] = CNOT 12 39
[4021] = CNOT 12 14
[4022] = CNOT 12 15
[4023] = CNOT 12 18
[4024] = Z 12
[4025] = CNOT 12 18
[4026] = CNOT 12 21
[4027] = Z 12
[4028] = CNOT 12 21
[4029] = CNOT 12 22
[4030] = Z 12
[4031] = CNOT 12 22
[4032] = CNOT 12 23
[4033] = Z 12
[4034] = CNOT 12 23
[4035] = CNOT 12 37
[4036] = Z 12
[4037] = CNOT 12 37
[4038] = CNOT 12 38
[4039] = Z 12
[4040] = CNOT 12 38
[4041] = CNOT 12 15
[4042] = CNOT 12 16
[4043] = CNOT 12 18
[4044] = S 12
[4045] = Z 12
[4046] = CNOT 12 18
[4047] = CNOT 12 19
[4048] = S 12
[4049] = Z 12
[4050] = CNOT 12 19
[4051] = CNOT 12 21
[4052] = S 12
[4053] = Z 12
[4054] = CNOT 12 21
[4055] = CNOT 12 22
[4056] = Z 12
[4057] = CNOT 12 22
[4058] = CNOT 12 23
[4059] = S 12
[4060] = Z 12
[4061] = CNOT 12 23
[4062] = CNOT 12 39
[4063] = S 12
[4064] = Z 12
[4065] = CNOT 12 39
[4066] = CNOT 12 16
[4067] = CNOT 12 18
[4068] = CNOT 12 19
[4069] = Z 12
[4070] = CNOT 12 19
[4071] = CNOT 12 21
[4072] = Z 12
[4073] = CNOT 12 21
[4074] = CNOT 12 37
[4075] = Z 12
[4076] = CNOT 12 37
[4077] = CNOT 12 39
[4078] = S 12
[4079] = CNOT 12 39
[4080] = CNOT 12 18
[4081] = CNOT 12 20
[4082] = CNOT 12 21
[4083] = S 12
[4084] = CNOT 12 21
[4085] = CNOT 12 20
[4086] = CNOT 12 34
[4087] = CNOT 12 36
[4088] = Z 12
[4089] = CNOT 12 34
[4090] = CNOT 12 38
[4091] = S 12
[4092] = CNOT 12 38
[4093] = CNOT 12 39
[4094] = S 12
[4095] = CNOT 12 39
[4096] = CNOT 12 36
[4097] = CNOT 13 15
[4098] = CNOT 13 18
[4099] = S 13
[4100] = CNOT 13 18
[4101] = CNOT 13 36
[4102] = Z 13
[4103] = CNOT 13 36
[4104] = CNOT 13 39
[4105] = S 13
[4106] = Z 13
[4107] = CNOT 13 39
[4108] = CNOT 13 15
[4109] = CNOT 13 18
[4110] = CNOT 13 21
[4111] = S 13
[4112] = Z 13
[4113] = CNOT 13 21
[4114] = CNOT 13 36
[4115] = Z 13
[4116] = CNOT 13 36
[4117] = CNOT 13 39
[4118] = S 13
[4119] = Z 13
[4120] = CNOT 13 39
[4121] = CNOT 13 18
[4122] = CNOT 13 20
[4123] = CNOT 13 21
[4124] = S 13
[4125] = Z 13
[4126] = CNOT 13 21
[4127] = CNOT 13 20
[4128] = CNOT 13 36
[4129] = CNOT 13 39
[4130] = S 13
[4131] = Z 13
[4132] = CNOT 13 39
[4133] = CNOT 13 36
[4134] = CNOT 14 15
[4135] = CNOT 14 18
[4136] = S 14
[4137] = Z 14
[4138] = CNOT 14 18
[4139] = CNOT 14 37
[4140] = S 14
[4141] = Z 14
[4142] = CNOT 14 37
[4143] = CNOT 14 38
[4144] = S 14
[4145] = Z 14
[4146] = CNOT 14 38
[4147] = CNOT 14 15
[4148] = CNOT 14 20
[4149] = CNOT 14 21
[4150] = S 14
[4151] = Z 14
[4152] = CNOT 14 21
[4153] = CNOT 14 20
[4154] = CNOT 14 36
[4155] = CNOT 14 37
[4156] = S 14
[4157] = Z 14
[4158] = CNOT 14 37
[4159] = CNOT 14 36
[4160] = CNOT 15 16
[4161] = CNOT 15 18
[4162] = S 15
[4163] = CNOT 15 18
[4164] = CNOT 15 21
[4165] = S 15
[4166] = Z 15
[4167] = CNOT 15 21
[4168] = CNOT 15 22
[4169] = S 15
[4170] = Z 15
[4171] = CNOT 15 22
[4172] = CNOT 15 23
[4173] = S 15
[4174] = Z 15
[4175] = CNOT 15 23
[4176] = CNOT 15 39
[4177] = S 15
[4178] = Z 15
[4179] = CNOT 15 39
[4180] = CNOT 15 16
[4181] = CNOT 15 17
[4182] = CNOT 15 38
[4183] = S 15
[4184] = Z 15
[4185] = CNOT 15 38
[4186] = CNOT 15 17
[4187] = CNOT 15 18
[4188] = CNOT 15 21
[4189] = S 15
[4190] = Z 15
[4191] = CNOT 15 21
[4192] = CNOT 15 37
[4193] = Z 15
[4194] = CNOT 15 37
[4195] = CNOT 15 39
[4196] = S 15
[4197] = CNOT 15 39
[4198] = CNOT 15 18
[4199] = CNOT 15 32
[4200] = CNOT 15 36
[4201] = Z 15
[4202] = CNOT 15 32
[4203] = CNOT 15 35
[4204] = S 15
[4205] = CNOT 15 35
[4206] = CNOT 15 37
[4207] = S 15
[4208] = CNOT 15 37
[4209] = CNOT 15 38
[4210] = S 15
[4211] = Z 15
[4212] = CNOT 15 38
[4213] = CNOT 15 39
[4214] = S 15
[4215] = Z 15
[4216] = CNOT 15 39
[4217] = CNOT 15 36
[4218] = CNOT 16 18
[4219] = CNOT 16 19
[4220] = S 16
[4221] = Z 16
[4222] = CNOT 16 19
[4223] = CNOT 16 21
[4224] = S 16
[4225] = Z 16
[4226] = CNOT 16 21
[4227] = CNOT 16 39
[4228] = S 16
[4229] = Z 16
[4230] = CNOT 16 39
[4231] = CNOT 16 18
[4232] = CNOT 18 36
[4233] = CNOT 18 39
[4234] = S 18
[4235] = Z 18
[4236] = CNOT 18 39
[4237] = CNOT 18 36
[4238] = CNOT 18 37
[4239] = CNOT 18 38
[4240] = S 18
[4241] = Z 18
[4242] = CNOT 18 38
[4243] = CNOT 18 37
[4244] = CNOT 24 28
[4245] = CNOT 24 39
[4246] = S 24
[4247] = Z 24
[4248] = CNOT 24 28
[4249] = CNOT 24 29
[4250] = S 24
[4251] = Z 24
[4252] = CNOT 24 29
[4253] = CNOT 24 30
[4254] = S 24
[4255] = Z 24
[4256] = CNOT 24 30
[4257] = CNOT 25 26
[4258] = CNOT 25 35
[4259] = S 25
[4260] = Z 25
[4261] = CNOT 25 35
[4262] = CNOT 25 36
[4263] = S 25
[4264] = Z 25
[4265] = CNOT 25 36
[4266] = CNOT 25 26
[4267] = CNOT 25 27
[4268] = CNOT 25 34
[4269] = S 25
[4270] = Z 25
[4271] = CNOT 25 34
[4272] = CNOT 25 36
[4273] = S 25
[4274] = Z 25
[4275] = CNOT 25 36
[4276] = CNOT 25 27
[4277] = CNOT 25 28
[4278] = CNOT 25 35
[4279] = S 25
[4280] = Z 25
[4281] = CNOT 25 35
[4282] = CNOT 25 28
[4283] = CNOT 25 29
[4284] = CNOT 25 32
[4285] = S 25
[4286] = Z 25
[4287] = CNOT 25 32
[4288] = CNOT 25 34
[4289] = S 25
[4290] = Z 25
[4291] = CNOT 25 34
[4292] = CNOT 25 35
[4293] = S 25
[4294] = Z 25
[4295] = CNOT 25 35
[4296] = CNOT 25 29
[4297] = CNOT 25 30
[4298] = CNOT 25 32
[4299] = S 25
[4300] = Z 25
[4301] = CNOT 25 32
[4302] = CNOT 25 34
[4303] = S 25
[4304] = Z 25
[4305] = CNOT 25 34
[4306] = CNOT 25 30
[4307] = CNOT 25 31
[4308] = CNOT 25 32
[4309] = S 25
[4310] = Z 25
[4311] = CNOT 25 32
[4312] = CNOT 25 36
[4313] = S 25
[4314] = Z 25
[4315] = CNOT 25 36
[4316] = CNOT 25 31
[4317] = CNOT 26 27
[4318] = CNOT 26 36
[4319] = S 26
[4320] = Z 26
[4321] = CNOT 26 36
[4322] = CNOT 26 37
[4323] = S 26
[4324] = Z 26
[4325] = CNOT 26 37
[4326] = CNOT 26 27
[4327] = CNOT 26 28
[4328] = CNOT 26 35
[4329] = S 26
[4330] = Z 26
[4331] = CNOT 26 35
[4332] = CNOT 26 37
[4333] = S 26
[4334] = Z 26
[4335] = CNOT 26 37
[4336] = CNOT 26 28
[4337] = CNOT 26 29
[4338] = CNOT 26 35
[4339] = S 26
[4340] = Z 26
[4341] = CNOT 26 35
[4342] = CNOT 26 29
[4343] = CNOT 26 30
[4344] = CNOT 26 33
[4345] = S 26
[4346] = Z 26
[4347] = CNOT 26 30
[4348] = CNOT 26 31
[4349] = S 26
[4350] = Z 26
[4351] = CNOT 26 33
[4352] = CNOT 26 36
[4353] = S 26
[4354] = Z 26
[4355] = CNOT 26 36
[4356] = CNOT 26 31
[4357] = CNOT 27 28
[4358] = CNOT 27 37
[4359] = S 27
[4360] = Z 27
[4361] = CNOT 27 37
[4362] = CNOT 27 38
[4363] = S 27
[4364] = Z 27
[4365] = CNOT 27 38
[4366] = CNOT 27 28
[4367] = CNOT 27 29
[4368] = CNOT 27 34
[4369] = S 27
[4370] = Z 27
[4371] = CNOT 27 34
[4372] = CNOT 27 38
[4373] = S 27
[4374] = Z 27
[4375] = CNOT 27 38
[4376] = CNOT 27 29
[4377] = CNOT 27 30
[4378] = CNOT 27 34
[4379] = S 27
[4380] = Z 27
[4381] = CNOT 27 34
[4382] = CNOT 27 30
[4383] = CNOT 27 31
[4384] = CNOT 27 36
[4385] = S 27
[4386] = Z 27
[4387] = CNOT 27 36
[4388] = CNOT 27 31
[4389] = CNOT 28 29
[4390] = CNOT 28 35
[4391] = S 28
[4392] = Z 28
[4393] = CNOT 28 35
[4394] = CNOT 28 38
[4395] = S 28
[4396] = Z 28
[4397] = CNOT 28 38
[4398] = CNOT 28 39
[4399] = S 28
[4400] = Z 28
[4401] = CNOT 28 29
[4402] = CNOT 28 30
[4403] = S 28
[4404] = Z 28
[4405] = CNOT 28 39
[4406] = CNOT 28 30
[4407] = CNOT 29 30
[4408] = CNOT 29 32
[4409] = S 29
[4410] = Z 29
[4411] = CNOT 29 32
[4412] = CNOT 29 34
[4413] = S 29
[4414] = Z 29
[4415] = CNOT 29 34
[4416] = CNOT 29 39
[4417] = S 29
[4418] = Z 29
[4419] = CNOT 29 39
[4420] = CNOT 29 30
[4421] = CNOT 29 31
[4422] = CNOT 29 32
[4423] = S 29
[4424] = Z 29
[4425] = CNOT 29 32
[4426] = CNOT 29 31
[4427] = CNOT 30 31
[4428] = CNOT 30 32
[4429] = S 30
[4430] = Z 30
[4431] = CNOT 30 32
[4432] = CNOT 30 33
[4433] = S 30
[4434] = Z 30
[4435] = CNOT 30 33
[4436] = CNOT 30 31
[4437] = CNOT 36 37
[4438] = CNOT 36 38
[4439] = S 36
[4440] = Z 36
[4441] = CNOT 36 38
[4442] = CNOT 36 37
[4443] = CNOT 31 38
[4444] = CNOT 27 38
[4445] = CNOT 26 38
[4446] = CNOT 25 38
[4447] = CNOT 23 38
[4448] = CNOT 30 37
[4449] = CNOT 26 37
[4450] = CNOT 25 37
[4451] = CNOT 24 37
[4452] = CNOT 22 37
[4453] = CNOT 31 36
[4454] = CNOT 29 36
[4455] = CNOT 27 36
[4456] = CNOT 26 36
[4457] = CNOT 24 36
[4458] = CNOT 21 36
[4459] = CNOT 31 35
[4460] = CNOT 30 35
[4461] = CNOT 28 35
[4462] = CNOT 27 35
[4463] = CNOT 20 35
[4464] = CNOT 30 34
[4465] = CNOT 29 34
[4466] = CNOT 27 34
[4467] = CNOT 26 34
[4468] = CNOT 19 34
[4469] = CNOT 29 33
[4470] = CNOT 28 33
[4471] = CNOT 26 33
[4472] = CNOT 25 33
[4473] = CNOT 18 33
[4474] = CNOT 28 32
[4475] = CNOT 27 32
[4476] = CNOT 25 32
[4477] = CNOT 24 32
[4478] = CNOT 17 32
[4479] = CNOT 38 31
[4480] = CNOT 27 31
[4481] = CNOT 26 31
[4482] = CNOT 25 31
[4483] = CNOT 31 38
[4484] = CNOT 37 30
[4485] = CNOT 26 30
[4486] = CNOT 25 30
[4487] = CNOT 24 30
[4488] = CNOT 30 37
[4489] = CNOT 38 29
[4490] = CNOT 36 29
[4491] = CNOT 25 29
[4492] = CNOT 24 29
[4493] = CNOT 29 36
[4494] = CNOT 38 28
[4495] = CNOT 37 28
[4496] = CNOT 35 28
[4497] = CNOT 24 28
[4498] = CNOT 28 35
[4499] = CNOT 38 27
[4500] = CNOT 37 27
[4501] = CNOT 36 27
[4502] = CNOT 34 27
[4503] = CNOT 27 34
[4504] = CNOT 37 26
[4505] = CNOT 36 26
[4506] = CNOT 35 26
[4507] = CNOT 33 26
[4508] = CNOT 26 33
[4509] = CNOT 36 25
[4510] = CNOT 35 25
[4511] = CNOT 34 25
[4512] = CNOT 32 25
[4513] = CNOT 25 32
[4514] = CNOT 39 24
[4515] = CNOT 24 39
[4516] = CNOT 31 23
[4517] = CNOT 23 31
[4518] = CNOT 30 22
[4519] = CNOT 22 30
[4520] = CNOT 29 21
[4521] = CNOT 21 29
[4522] = CNOT 28 20
[4523] = CNOT 20 28
[4524] = CNOT 27 19
[4525] = CNOT 19 27
[4526] = CNOT 26 18
[4527] = CNOT 18 26
[4528] = CNOT 25 17
[4529] = CNOT 17 25
[4530] = H 25
[4531] = M 25
[4532] = H 26
[4533] = M 26
[4534] = H 27
[4535] = M 27
[4536] = H 28
[4537] = M 28
[4538] = H 29
[4539] = M 29
[4540] = H 30
[4541] = M 30
[4542] = H 31
[4543] = M 31
[4544] = H 32
[4545] = M 32
[4546] = H 33
[4547] = M 33
[4548] = H 34
[4549] = M 34
[4550] = H 35
[4551] = M 35
[4552] = H 36
[4553] = M 36
[4554] = H 37
[4555] = M 37
[4556] = H 38
[4557] = M 38
[4558] = H 39
[4559] = M 39
[4560] = H 24
[4561] = H 23
[4562] = H 22
[4563] = H 21
[4564] = H 20
[4565] = H 19
[4566] = H 18
[4567] = H 17
Gate distributions:
Input:
Operator distribution:
Total number of qubits = 24
Number of `data' qubits = 24
Number of `Toff_n' ancillas = 0
Number of Hadamard ancillas = 0
Hadamard ancilla cap = infinite
Number of {CNOT,T} partitions = 1
T count = 448
Cost estimation = 224051
	id	Count
	0	0
	1	0
	2	0
	3	30
	4	21
	5	0
	6	0
	7	0
	8	0
	9	0
	10	64
	11	0
	12	0
	13	0
	14	0
	15	0
	16	0
	17	0
	18	0
Output:
Operator distribution:
Total number of qubits = 39
Number of `data' qubits = 24
Number of `Toff_n' ancillas = 0
Number of Hadamard ancillas = 15
Hadamard ancilla cap = infinite
Number of {CNOT,T} partitions = 1
T count = 229
Cost estimation = 118846
	id	Count
	0	0
	1	0
	2	0
	3	45
	4	2934
	5	229
	6	0
	7	0
	8	0
	9	0
	10	0
	11	670
	12	0
	13	675
	14	0
	15	0
	16	0
	17	0
	18	15
Output T Count (SQC_Circuit) = 229
Output T Count (PhasePolynomial) = 229
Fail count = 0

Execution time: 144.009s
Number of LCL errors: 0
Number of LCL warnings: 0
