Optimize a Clifford + T circuit.
Input filename = /home/rest/forpyzx/TOpt/forme/tpar_benchmark/adder_8.tfc
Number of unknown gates = 0
Number of unknown qubit labels = 0
Circuit filename: /home/rest/forpyzx/TOpt/forme/tpar_benchmark/adder_8.tfc

n 24
n_x 24
n_y 0
n_z 0
m 301
[0] = CNOT 3 4
[1] = CNOT 8 9
[2] = CNOT 14 15
[3] = CNOT 21 22
[4] = CNOT 5 4
[5] = CNOT 10 9
[6] = CNOT 16 15
[7] = CNOT 23 22
[8] = H 4
[9] = H 9
[10] = H 15
[11] = H 22
[12] = CCZ 1 2 4
[13] = CCZ 6 7 9
[14] = CCZ 12 13 15
[15] = CCZ 19 20 22
[16] = H 4
[17] = H 9
[18] = H 15
[19] = H 22
[20] = H 5
[21] = H 10
[22] = H 16
[23] = H 23
[24] = H 11
[25] = H 17
[26] = H 24
[27] = CCZ 3 4 5
[28] = CCZ 8 9 10
[29] = CCZ 8 9 11
[30] = CCZ 14 15 16
[31] = CCZ 14 15 17
[32] = CCZ 21 22 23
[33] = CCZ 21 22 24
[34] = CNOT 6 7
[35] = CNOT 12 13
[36] = CNOT 19 20
[37] = CNOT 9 6
[38] = CNOT 15 12
[39] = CNOT 22 19
[40] = CCZ 8 9 11
[41] = CCZ 14 15 17
[42] = CCZ 21 22 24
[43] = H 5
[44] = H 11
[45] = H 16
[46] = H 17
[47] = H 24
[48] = H 18
[49] = CCZ 17 24 18
[50] = CCZ 16 24 23
[51] = CCZ 5 11 10
[52] = H 18
[53] = H 10
[54] = H 16
[55] = CCZ 10 18 23
[56] = CCZ 10 17 16
[57] = H 16
[58] = H 23
[59] = H 18
[60] = CCZ 17 24 18
[61] = H 18
[62] = H 11
[63] = H 17
[64] = H 24
[65] = CCZ 8 9 11
[66] = CCZ 14 15 17
[67] = CCZ 21 22 24
[68] = CNOT 9 6
[69] = CNOT 15 12
[70] = CNOT 22 19
[71] = CNOT 6 7
[72] = CNOT 12 13
[73] = CNOT 19 20
[74] = CCZ 8 9 11
[75] = CCZ 14 15 17
[76] = CCZ 21 22 24
[77] = H 24
[78] = H 4
[79] = H 9
[80] = H 15
[81] = H 22
[82] = CCZ 1 2 4
[83] = CCZ 6 7 9
[84] = CCZ 12 13 15
[85] = CCZ 19 20 22
[86] = H 4
[87] = H 9
[88] = H 15
[89] = H 22
[90] = CNOT 3 4
[91] = CNOT 8 9
[92] = CNOT 14 15
[93] = CNOT 21 22
[94] = CNOT 6 7
[95] = CNOT 12 13
[96] = CNOT 19 20
[97] = CNOT 9 7
[98] = CNOT 15 13
[99] = CNOT 22 20
[100] = CNOT 7 5
[101] = CNOT 13 10
[102] = CNOT 20 16
[103] = H 4
[104] = H 9
[105] = H 15
[106] = H 22
[107] = CCZ 1 2 4
[108] = CCZ 6 7 9
[109] = CCZ 12 13 15
[110] = CCZ 19 20 22
[111] = H 4
[112] = H 9
[113] = H 15
[114] = H 22
[115] = CNOT 3 4
[116] = CNOT 8 9
[117] = CNOT 14 15
[118] = CNOT 21 22
[119] = H 4
[120] = H 9
[121] = H 15
[122] = H 22
[123] = CCZ 1 2 4
[124] = CCZ 6 7 9
[125] = CCZ 12 13 15
[126] = CCZ 19 20 22
[127] = H 4
[128] = H 9
[129] = H 15
[130] = H 22
[131] = CNOT 6 7
[132] = CNOT 12 13
[133] = CNOT 19 20
[134] = CNOT 7 5
[135] = CNOT 13 10
[136] = CNOT 20 16
[137] = CNOT 9 7
[138] = CNOT 15 13
[139] = CNOT 22 20
[140] = CNOT 1 2
[141] = CNOT 6 7
[142] = CNOT 12 13
[143] = CNOT 19 20
[144] = CNOT 3 4
[145] = CNOT 8 9
[146] = CNOT 14 15
[147] = H 4
[148] = H 9
[149] = H 15
[150] = CCZ 1 2 4
[151] = CCZ 6 7 9
[152] = CCZ 12 13 15
[153] = H 4
[154] = H 9
[155] = H 15
[156] = CNOT 6 7
[157] = CNOT 12 13
[158] = CCZ 8 9 11
[159] = CCZ 14 15 17
[160] = CNOT 9 6
[161] = CNOT 15 12
[162] = CCZ 8 9 11
[163] = CCZ 14 15 17
[164] = H 11
[165] = H 17
[166] = H 16
[167] = CCZ 10 17 16
[168] = H 10
[169] = CCZ 5 11 10
[170] = H 5
[171] = H 11
[172] = H 17
[173] = CCZ 8 9 11
[174] = CCZ 14 15 17
[175] = CNOT 9 6
[176] = CNOT 15 12
[177] = CCZ 8 9 11
[178] = CCZ 14 15 17
[179] = CNOT 6 7
[180] = CNOT 12 13
[181] = CCZ 8 9 10
[182] = CCZ 14 15 16
[183] = CCZ 3 4 5
[184] = H 5
[185] = H 10
[186] = H 11
[187] = H 16
[188] = H 17
[189] = H 4
[190] = H 9
[191] = H 15
[192] = CCZ 1 2 4
[193] = CCZ 6 7 9
[194] = CCZ 12 13 15
[195] = H 4
[196] = H 9
[197] = H 15
[198] = CNOT 5 4
[199] = CNOT 10 9
[200] = CNOT 16 15
[201] = CNOT 3 4
[202] = CNOT 8 9
[203] = CNOT 14 15

Algorithm used: todd

UniversalOptimize begin.
	Gate synthesis begin.

in LempelX2
		Round = 0
Round 0 | Current Columns (m): 19
nullspace time: 94 ms, chi time: 74 ms
Total LempelX2 time: 169 ms
		TODD executed in 0.169888 seconds.
		Total time: 0.169971s
	Gate synthesis end.
	Gate synthesis begin.

in LempelX2
		Round = 0
Round 0 | Current Columns (m): 25
nullspace time: 204 ms, chi time: 175 ms
Total LempelX2 time: 380 ms
		TODD executed in 0.380269 seconds.
		Total time: 0.380317s
	Gate synthesis end.
	Gate synthesis begin.

in LempelX2
		Round = 0
Round 0 | Current Columns (m): 31
		Round = 1
Round 1 | Current Columns (m): 29
		Round = 2
Round 2 | Current Columns (m): 27
nullspace time: 484 ms, chi time: 412 ms
Total LempelX2 time: 898 ms
		TODD executed in 0.899013 seconds.
		Total time: 0.899069s
	Gate synthesis end.
	Gate synthesis begin.

in LempelX2
		Round = 0
Round 0 | Current Columns (m): 22
nullspace time: 136 ms, chi time: 115 ms
Total LempelX2 time: 252 ms
		TODD executed in 0.252674 seconds.
		Total time: 0.252739s
	Gate synthesis end.
	Gate synthesis begin.

in LempelX2
		Round = 0
Round 0 | Current Columns (m): 22
nullspace time: 138 ms, chi time: 115 ms
Total LempelX2 time: 254 ms
		TODD executed in 0.254214 seconds.
		Total time: 0.254264s
	Gate synthesis end.
	Gate synthesis begin.

in LempelX2
		Round = 0
Round 0 | Current Columns (m): 14
nullspace time: 42 ms, chi time: 29 ms
Total LempelX2 time: 72 ms
		TODD executed in 0.072354 seconds.
		Total time: 0.072386s
	Gate synthesis end.
	Gate synthesis begin.

in LempelX2
		Round = 0
Round 0 | Current Columns (m): 19
nullspace time: 97 ms, chi time: 73 ms
Total LempelX2 time: 172 ms
		TODD executed in 0.172143 seconds.
		Total time: 0.172215s
	Gate synthesis end.
	Gate synthesis begin.

in LempelX2
		Round = 0
Round 0 | Current Columns (m): 20
nullspace time: 104 ms, chi time: 84 ms
Total LempelX2 time: 189 ms
		TODD executed in 0.189546 seconds.
		Total time: 0.189586s
	Gate synthesis end.
	Gate synthesis begin.

in LempelX2
		Round = 0
Round 0 | Current Columns (m): 5
nullspace time: 3 ms, chi time: 1 ms
Total LempelX2 time: 4 ms
		TODD executed in 0.004992 seconds.
		Total time: 0.005012s
	Gate synthesis end.
	Gate synthesis begin.

in LempelX2
		Round = 0
Round 0 | Current Columns (m): 24
nullspace time: 171 ms, chi time: 152 ms
Total LempelX2 time: 325 ms
		TODD executed in 0.325097 seconds.
		Total time: 0.325146s
	Gate synthesis end.
	Gate synthesis begin.

in LempelX2
		Round = 0
Round 0 | Current Columns (m): 4
nullspace time: 1 ms, chi time: 0 ms
Total LempelX2 time: 2 ms
		TODD executed in 0.002836 seconds.
		Total time: 0.002856s
	Gate synthesis end.
	Gate synthesis begin.

in LempelX2
		Round = 0
Round 0 | Current Columns (m): 15
nullspace time: 54 ms, chi time: 36 ms
Total LempelX2 time: 91 ms
		TODD executed in 0.091382 seconds.
		Total time: 0.091416s
	Gate synthesis end.
	Gate synthesis begin.

in LempelX2
		Round = 0
Round 0 | Current Columns (m): 10
nullspace time: 19 ms, chi time: 10 ms
Total LempelX2 time: 29 ms
		TODD executed in 0.029821 seconds.
		Total time: 0.029867s
	Gate synthesis end.
	Gate synthesis begin.

in LempelX2
		Round = 0
Round 0 | Current Columns (m): 7
nullspace time: 7 ms, chi time: 3 ms
Total LempelX2 time: 11 ms
		TODD executed in 0.011499 seconds.
		Total time: 0.011521s
	Gate synthesis end.
	Gate synthesis begin.

in LempelX2
		Round = 0
Round 0 | Current Columns (m): 7
nullspace time: 7 ms, chi time: 3 ms
Total LempelX2 time: 11 ms
		TODD executed in 0.011925 seconds.
		Total time: 0.011948s
	Gate synthesis end.
	Gate synthesis begin.

in LempelX2
		Round = 0
Round 0 | Current Columns (m): 6
nullspace time: 5 ms, chi time: 2 ms
Total LempelX2 time: 8 ms
		TODD executed in 0.008027 seconds.
		Total time: 0.00805s
	Gate synthesis end.
	Gate synthesis begin.

in LempelX2
		Round = 0
Round 0 | Current Columns (m): 12
nullspace time: 31 ms, chi time: 18 ms
Total LempelX2 time: 50 ms
		TODD executed in 0.050791 seconds.
		Total time: 0.050822s
	Gate synthesis end.
	Gate synthesis begin.

in LempelX2
		Round = 0
Round 0 | Current Columns (m): 17
nullspace time: 70 ms, chi time: 54 ms
Total LempelX2 time: 125 ms
		TODD executed in 0.125466 seconds.
		Total time: 0.125511s
	Gate synthesis end.
	Gate synthesis begin.

in LempelX2
		Round = 0
Round 0 | Current Columns (m): 8
nullspace time: 10 ms, chi time: 5 ms
Total LempelX2 time: 16 ms
		TODD executed in 0.016352 seconds.
		Total time: 0.01638s
	Gate synthesis end.
	Input has T-Count zero. Outputting the input.
	Total time: 4.60768s
UniversalOptimize end.
Output circuit:
n 24
n_x 24
n_y 0
n_z 0
m 1601
[0] = H 11
[1] = H 17
[2] = H 24
[3] = H 18
[4] = T 2
[5] = Z 2
[6] = CNOT 1 2
[7] = T 1
[8] = S 1
[9] = CNOT 1 2
[10] = T 6
[11] = Z 6
[12] = T 7
[13] = Z 7
[14] = CNOT 6 7
[15] = T 6
[16] = S 6
[17] = CNOT 6 7
[18] = T 12
[19] = Z 12
[20] = T 13
[21] = Z 13
[22] = CNOT 12 13
[23] = T 12
[24] = S 12
[25] = CNOT 12 13
[26] = T 19
[27] = Z 19
[28] = T 20
[29] = Z 20
[30] = CNOT 19 20
[31] = T 19
[32] = S 19
[33] = CNOT 19 20
[34] = CNOT 3 4
[35] = T 3
[36] = CNOT 8 9
[37] = T 8
[38] = Z 8
[39] = T 11
[40] = CNOT 14 15
[41] = T 14
[42] = Z 14
[43] = T 17
[44] = CNOT 21 22
[45] = T 21
[46] = Z 21
[47] = T 24
[48] = T 18
[49] = CNOT 23 22
[50] = CNOT 20 19
[51] = CNOT 16 15
[52] = CNOT 13 12
[53] = CNOT 10 9
[54] = CNOT 7 6
[55] = CNOT 5 4
[56] = CNOT 2 1
[57] = H 4
[58] = H 9
[59] = H 15
[60] = H 22
[61] = H 5
[62] = H 10
[63] = H 16
[64] = H 23
[65] = T 4
[66] = Z 4
[67] = CNOT 2 4
[68] = T 2
[69] = Z 2
[70] = CNOT 2 4
[71] = CNOT 1 2
[72] = CNOT 1 4
[73] = T 1
[74] = S 1
[75] = Z 1
[76] = CNOT 1 2
[77] = T 1
[78] = S 1
[79] = Z 1
[80] = CNOT 1 4
[81] = T 9
[82] = Z 9
[83] = CNOT 7 9
[84] = T 7
[85] = Z 7
[86] = CNOT 7 9
[87] = CNOT 6 7
[88] = CNOT 6 9
[89] = T 6
[90] = S 6
[91] = Z 6
[92] = CNOT 6 7
[93] = T 6
[94] = S 6
[95] = Z 6
[96] = CNOT 6 9
[97] = T 15
[98] = Z 15
[99] = CNOT 13 15
[100] = T 13
[101] = Z 13
[102] = CNOT 13 15
[103] = CNOT 12 13
[104] = CNOT 12 15
[105] = T 12
[106] = S 12
[107] = Z 12
[108] = CNOT 12 13
[109] = T 12
[110] = S 12
[111] = Z 12
[112] = CNOT 12 15
[113] = T 22
[114] = Z 22
[115] = CNOT 20 22
[116] = T 20
[117] = Z 20
[118] = CNOT 20 22
[119] = CNOT 19 20
[120] = CNOT 19 22
[121] = T 19
[122] = S 19
[123] = Z 19
[124] = CNOT 19 20
[125] = T 19
[126] = S 19
[127] = Z 19
[128] = CNOT 19 22
[129] = T 5
[130] = T 10
[131] = T 16
[132] = T 23
[133] = CNOT 1 2
[134] = T 1
[135] = Z 1
[136] = CNOT 1 2
[137] = T 2
[138] = S 2
[139] = Z 2
[140] = CNOT 6 7
[141] = T 6
[142] = Z 6
[143] = CNOT 6 7
[144] = CNOT 12 13
[145] = T 12
[146] = Z 12
[147] = CNOT 12 13
[148] = CNOT 19 20
[149] = T 19
[150] = Z 19
[151] = CNOT 19 20
[152] = Z 1
[153] = Z 6
[154] = Z 12
[155] = Z 19
[156] = CNOT 20 19
[157] = CNOT 19 20
[158] = CNOT 13 12
[159] = CNOT 12 13
[160] = CNOT 7 6
[161] = CNOT 6 7
[162] = H 4
[163] = H 9
[164] = H 15
[165] = H 22
[166] = T 4
[167] = CNOT 3 4
[168] = T 3
[169] = S 3
[170] = CNOT 3 5
[171] = T 3
[172] = CNOT 3 4
[173] = CNOT 4 5
[174] = T 4
[175] = S 4
[176] = CNOT 4 5
[177] = T 3
[178] = S 3
[179] = CNOT 3 5
[180] = CNOT 6 10
[181] = T 6
[182] = CNOT 6 8
[183] = T 6
[184] = S 6
[185] = Z 6
[186] = CNOT 6 8
[187] = CNOT 6 9
[188] = T 6
[189] = S 6
[190] = Z 6
[191] = CNOT 6 10
[192] = CNOT 6 9
[193] = CNOT 6 11
[194] = T 6
[195] = S 6
[196] = CNOT 6 8
[197] = T 6
[198] = CNOT 6 11
[199] = CNOT 6 8
[200] = CNOT 14 15
[201] = CNOT 14 16
[202] = T 14
[203] = CNOT 14 15
[204] = CNOT 15 16
[205] = T 15
[206] = S 15
[207] = CNOT 15 16
[208] = T 14
[209] = S 14
[210] = CNOT 14 16
[211] = CNOT 14 15
[212] = CNOT 14 17
[213] = T 14
[214] = CNOT 14 17
[215] = CNOT 14 15
[216] = CNOT 15 17
[217] = T 15
[218] = S 15
[219] = Z 15
[220] = CNOT 15 17
[221] = CNOT 19 23
[222] = T 19
[223] = CNOT 19 21
[224] = T 19
[225] = S 19
[226] = Z 19
[227] = CNOT 19 21
[228] = CNOT 19 22
[229] = T 19
[230] = S 19
[231] = Z 19
[232] = CNOT 19 23
[233] = CNOT 19 22
[234] = CNOT 19 24
[235] = T 19
[236] = S 19
[237] = CNOT 19 21
[238] = T 19
[239] = CNOT 19 24
[240] = CNOT 19 21
[241] = CNOT 21 24
[242] = T 21
[243] = CNOT 21 24
[244] = CNOT 19 21
[245] = CNOT 19 22
[246] = CNOT 19 23
[247] = T 19
[248] = CNOT 19 23
[249] = CNOT 19 21
[250] = CNOT 8 11
[251] = T 8
[252] = CNOT 8 11
[253] = T 17
[254] = CNOT 12 14
[255] = CNOT 12 15
[256] = CNOT 12 17
[257] = T 12
[258] = CNOT 12 14
[259] = T 12
[260] = S 12
[261] = Z 12
[262] = CNOT 12 17
[263] = CNOT 12 15
[264] = CNOT 6 8
[265] = CNOT 6 9
[266] = CNOT 6 10
[267] = T 6
[268] = CNOT 6 10
[269] = CNOT 6 8
[270] = Z 8
[271] = S 9
[272] = Z 9
[273] = S 11
[274] = Z 12
[275] = Z 14
[276] = S 15
[277] = Z 21
[278] = S 22
[279] = Z 22
[280] = S 24
[281] = S 6
[282] = Z 6
[283] = CNOT 6 9
[284] = CNOT 8 9
[285] = S 8
[286] = CNOT 8 9
[287] = CNOT 8 10
[288] = Z 8
[289] = CNOT 8 10
[290] = CNOT 9 10
[291] = Z 9
[292] = CNOT 9 10
[293] = CNOT 9 11
[294] = S 9
[295] = Z 9
[296] = CNOT 9 11
[297] = CNOT 12 14
[298] = Z 12
[299] = CNOT 12 14
[300] = CNOT 12 15
[301] = S 12
[302] = Z 12
[303] = CNOT 12 15
[304] = CNOT 12 17
[305] = Z 12
[306] = CNOT 12 17
[307] = CNOT 14 15
[308] = S 14
[309] = Z 14
[310] = CNOT 14 15
[311] = CNOT 14 17
[312] = S 14
[313] = CNOT 14 17
[314] = S 19
[315] = Z 19
[316] = CNOT 19 22
[317] = CNOT 21 22
[318] = S 21
[319] = CNOT 21 22
[320] = CNOT 21 23
[321] = Z 21
[322] = CNOT 21 23
[323] = CNOT 22 23
[324] = Z 22
[325] = CNOT 22 23
[326] = CNOT 22 24
[327] = S 22
[328] = Z 22
[329] = CNOT 22 24
[330] = CNOT 6 8
[331] = CNOT 6 9
[332] = S 6
[333] = Z 6
[334] = CNOT 6 9
[335] = CNOT 6 8
[336] = CNOT 8 9
[337] = CNOT 8 11
[338] = S 8
[339] = CNOT 8 11
[340] = CNOT 8 9
[341] = CNOT 12 14
[342] = CNOT 12 15
[343] = S 12
[344] = Z 12
[345] = CNOT 12 15
[346] = CNOT 12 14
[347] = CNOT 19 21
[348] = CNOT 19 22
[349] = S 19
[350] = Z 19
[351] = CNOT 19 22
[352] = CNOT 19 21
[353] = CNOT 21 22
[354] = CNOT 21 24
[355] = S 21
[356] = CNOT 21 24
[357] = CNOT 21 22
[358] = CNOT 22 21
[359] = CNOT 22 19
[360] = CNOT 15 14
[361] = CNOT 15 12
[362] = CNOT 9 8
[363] = CNOT 9 6
[364] = H 5
[365] = H 11
[366] = H 16
[367] = H 17
[368] = H 24
[369] = H 4
[370] = T 24
[371] = S 24
[372] = CNOT 17 24
[373] = T 17
[374] = S 17
[375] = CNOT 17 18
[376] = T 17
[377] = CNOT 17 24
[378] = CNOT 17 18
[379] = CNOT 18 24
[380] = T 18
[381] = S 18
[382] = CNOT 18 24
[383] = CNOT 17 18
[384] = T 17
[385] = S 17
[386] = CNOT 17 18
[387] = T 16
[388] = CNOT 16 24
[389] = T 16
[390] = S 16
[391] = CNOT 16 23
[392] = T 16
[393] = CNOT 16 24
[394] = CNOT 16 23
[395] = CNOT 23 24
[396] = T 23
[397] = S 23
[398] = CNOT 23 24
[399] = CNOT 16 23
[400] = T 16
[401] = S 16
[402] = CNOT 16 23
[403] = T 11
[404] = CNOT 5 11
[405] = T 5
[406] = S 5
[407] = CNOT 5 10
[408] = T 5
[409] = CNOT 5 11
[410] = CNOT 5 10
[411] = CNOT 10 11
[412] = T 10
[413] = S 10
[414] = CNOT 10 11
[415] = CNOT 5 10
[416] = T 5
[417] = S 5
[418] = CNOT 5 10
[419] = T 23
[420] = T 4
[421] = Z 4
[422] = CNOT 2 4
[423] = T 2
[424] = Z 2
[425] = CNOT 2 4
[426] = CNOT 1 2
[427] = CNOT 1 4
[428] = T 1
[429] = S 1
[430] = Z 1
[431] = CNOT 1 2
[432] = T 1
[433] = S 1
[434] = Z 1
[435] = CNOT 1 4
[436] = CNOT 1 2
[437] = T 1
[438] = Z 1
[439] = CNOT 1 2
[440] = T 2
[441] = S 2
[442] = Z 2
[443] = Z 1
[444] = S 5
[445] = S 17
[446] = H 18
[447] = H 10
[448] = H 16
[449] = H 11
[450] = H 4
[451] = T 10
[452] = S 10
[453] = T 18
[454] = CNOT 10 18
[455] = T 10
[456] = S 10
[457] = CNOT 10 23
[458] = T 10
[459] = CNOT 10 18
[460] = CNOT 18 23
[461] = T 18
[462] = S 18
[463] = CNOT 18 23
[464] = T 10
[465] = S 10
[466] = CNOT 10 23
[467] = T 16
[468] = CNOT 10 17
[469] = T 10
[470] = S 10
[471] = CNOT 10 16
[472] = T 10
[473] = CNOT 10 17
[474] = CNOT 10 16
[475] = CNOT 16 17
[476] = T 16
[477] = S 16
[478] = CNOT 16 17
[479] = CNOT 10 16
[480] = T 10
[481] = S 10
[482] = CNOT 10 16
[483] = T 17
[484] = Z 17
[485] = CNOT 17 24
[486] = T 17
[487] = S 17
[488] = CNOT 17 24
[489] = T 11
[490] = CNOT 9 11
[491] = T 9
[492] = S 9
[493] = CNOT 9 11
[494] = CNOT 8 9
[495] = CNOT 8 11
[496] = T 8
[497] = Z 8
[498] = CNOT 8 11
[499] = CNOT 8 9
[500] = CNOT 6 8
[501] = CNOT 6 9
[502] = T 6
[503] = S 6
[504] = Z 6
[505] = CNOT 6 8
[506] = T 6
[507] = CNOT 6 11
[508] = T 6
[509] = S 6
[510] = Z 6
[511] = CNOT 6 8
[512] = T 6
[513] = CNOT 6 11
[514] = CNOT 6 9
[515] = CNOT 6 8
[516] = CNOT 6 7
[517] = T 6
[518] = CNOT 6 7
[519] = T 6
[520] = Z 6
[521] = S 8
[522] = Z 8
[523] = S 9
[524] = Z 9
[525] = Z 24
[526] = CNOT 6 8
[527] = S 6
[528] = Z 6
[529] = CNOT 6 8
[530] = CNOT 6 11
[531] = S 6
[532] = Z 6
[533] = CNOT 8 9
[534] = S 8
[535] = CNOT 8 9
[536] = CNOT 8 11
[537] = Z 8
[538] = CNOT 8 11
[539] = CNOT 6 8
[540] = S 6
[541] = Z 6
[542] = CNOT 6 11
[543] = CNOT 6 8
[544] = CNOT 24 17
[545] = CNOT 9 8
[546] = CNOT 9 7
[547] = CNOT 6 7
[548] = CNOT 9 6
[549] = CNOT 7 6
[550] = CNOT 3 4
[551] = H 16
[552] = H 23
[553] = H 18
[554] = H 9
[555] = H 4
[556] = T 18
[557] = Z 18
[558] = CNOT 18 24
[559] = T 18
[560] = Z 18
[561] = CNOT 18 24
[562] = CNOT 17 18
[563] = CNOT 17 24
[564] = T 17
[565] = S 17
[566] = Z 17
[567] = CNOT 17 24
[568] = T 17
[569] = S 17
[570] = Z 17
[571] = CNOT 17 18
[572] = T 9
[573] = Z 9
[574] = CNOT 7 9
[575] = T 7
[576] = Z 7
[577] = CNOT 7 9
[578] = CNOT 6 7
[579] = CNOT 6 9
[580] = T 6
[581] = S 6
[582] = Z 6
[583] = CNOT 6 7
[584] = T 6
[585] = S 6
[586] = Z 6
[587] = CNOT 6 9
[588] = T 4
[589] = Z 4
[590] = CNOT 2 4
[591] = T 2
[592] = Z 2
[593] = CNOT 2 4
[594] = CNOT 1 2
[595] = CNOT 1 4
[596] = T 1
[597] = S 1
[598] = Z 1
[599] = CNOT 1 2
[600] = T 1
[601] = S 1
[602] = Z 1
[603] = CNOT 1 4
[604] = CNOT 1 2
[605] = T 1
[606] = Z 1
[607] = CNOT 1 2
[608] = T 2
[609] = S 2
[610] = Z 2
[611] = Z 1
[612] = Z 6
[613] = S 7
[614] = Z 17
[615] = CNOT 6 7
[616] = Z 6
[617] = CNOT 6 7
[618] = CNOT 17 24
[619] = Z 17
[620] = CNOT 17 24
[621] = CNOT 24 17
[622] = CNOT 7 6
[623] = CNOT 6 7
[624] = H 18
[625] = H 17
[626] = H 24
[627] = H 9
[628] = H 4
[629] = T 17
[630] = CNOT 15 17
[631] = T 15
[632] = S 15
[633] = CNOT 15 17
[634] = CNOT 14 15
[635] = CNOT 14 17
[636] = T 14
[637] = Z 14
[638] = CNOT 14 17
[639] = CNOT 14 15
[640] = CNOT 22 24
[641] = T 22
[642] = S 22
[643] = CNOT 22 24
[644] = CNOT 21 22
[645] = CNOT 21 24
[646] = T 21
[647] = Z 21
[648] = CNOT 21 24
[649] = CNOT 21 22
[650] = CNOT 12 14
[651] = CNOT 12 15
[652] = T 12
[653] = S 12
[654] = Z 12
[655] = CNOT 12 14
[656] = T 12
[657] = CNOT 12 17
[658] = T 12
[659] = S 12
[660] = Z 12
[661] = CNOT 12 14
[662] = T 12
[663] = CNOT 12 17
[664] = CNOT 12 15
[665] = CNOT 12 14
[666] = CNOT 19 21
[667] = CNOT 19 22
[668] = T 19
[669] = S 19
[670] = Z 19
[671] = CNOT 19 21
[672] = T 19
[673] = CNOT 19 24
[674] = T 19
[675] = S 19
[676] = Z 19
[677] = CNOT 19 21
[678] = T 19
[679] = CNOT 19 24
[680] = CNOT 19 22
[681] = CNOT 19 21
[682] = CNOT 12 13
[683] = T 12
[684] = CNOT 12 13
[685] = T 12
[686] = Z 12
[687] = CNOT 19 20
[688] = T 19
[689] = CNOT 19 20
[690] = T 19
[691] = Z 19
[692] = CNOT 5 7
[693] = T 5
[694] = Z 5
[695] = CNOT 5 6
[696] = T 5
[697] = S 5
[698] = Z 5
[699] = CNOT 5 7
[700] = S 14
[701] = Z 14
[702] = S 15
[703] = Z 15
[704] = S 21
[705] = Z 21
[706] = S 22
[707] = Z 22
[708] = Z 5
[709] = CNOT 5 6
[710] = CNOT 6 7
[711] = Z 6
[712] = CNOT 6 7
[713] = CNOT 12 14
[714] = S 12
[715] = Z 12
[716] = CNOT 12 14
[717] = CNOT 12 17
[718] = S 12
[719] = Z 12
[720] = CNOT 14 15
[721] = S 14
[722] = CNOT 14 15
[723] = CNOT 14 17
[724] = Z 14
[725] = CNOT 14 17
[726] = CNOT 19 21
[727] = S 19
[728] = Z 19
[729] = CNOT 19 21
[730] = CNOT 19 24
[731] = S 19
[732] = Z 19
[733] = CNOT 21 22
[734] = S 21
[735] = CNOT 21 22
[736] = CNOT 21 24
[737] = Z 21
[738] = CNOT 21 24
[739] = CNOT 12 14
[740] = S 12
[741] = Z 12
[742] = CNOT 12 17
[743] = CNOT 12 14
[744] = CNOT 19 21
[745] = S 19
[746] = Z 19
[747] = CNOT 19 24
[748] = CNOT 19 21
[749] = CNOT 22 21
[750] = CNOT 22 20
[751] = CNOT 19 20
[752] = CNOT 22 19
[753] = CNOT 20 19
[754] = CNOT 15 14
[755] = CNOT 15 13
[756] = CNOT 12 13
[757] = CNOT 15 12
[758] = CNOT 13 12
[759] = CNOT 8 9
[760] = CNOT 9 7
[761] = CNOT 7 6
[762] = CNOT 7 5
[763] = CNOT 3 4
[764] = H 24
[765] = H 15
[766] = H 22
[767] = H 9
[768] = H 4
[769] = T 15
[770] = Z 15
[771] = CNOT 13 15
[772] = T 13
[773] = Z 13
[774] = CNOT 13 15
[775] = CNOT 12 13
[776] = CNOT 12 15
[777] = T 12
[778] = S 12
[779] = Z 12
[780] = CNOT 12 13
[781] = T 12
[782] = S 12
[783] = Z 12
[784] = CNOT 12 15
[785] = T 22
[786] = Z 22
[787] = CNOT 20 22
[788] = T 20
[789] = Z 20
[790] = CNOT 20 22
[791] = CNOT 19 20
[792] = CNOT 19 22
[793] = T 19
[794] = S 19
[795] = Z 19
[796] = CNOT 19 20
[797] = T 19
[798] = S 19
[799] = Z 19
[800] = CNOT 19 22
[801] = T 9
[802] = Z 9
[803] = CNOT 7 9
[804] = T 7
[805] = Z 7
[806] = CNOT 7 9
[807] = CNOT 6 7
[808] = CNOT 6 9
[809] = T 6
[810] = S 6
[811] = Z 6
[812] = CNOT 6 7
[813] = T 6
[814] = S 6
[815] = Z 6
[816] = CNOT 6 9
[817] = T 4
[818] = Z 4
[819] = CNOT 2 4
[820] = T 2
[821] = Z 2
[822] = CNOT 2 4
[823] = CNOT 1 2
[824] = CNOT 1 4
[825] = T 1
[826] = S 1
[827] = Z 1
[828] = CNOT 1 2
[829] = T 1
[830] = S 1
[831] = Z 1
[832] = CNOT 1 4
[833] = CNOT 6 7
[834] = T 6
[835] = Z 6
[836] = CNOT 6 7
[837] = T 7
[838] = S 7
[839] = Z 7
[840] = CNOT 1 2
[841] = T 1
[842] = Z 1
[843] = CNOT 1 2
[844] = T 1
[845] = S 1
[846] = S 2
[847] = Z 6
[848] = Z 12
[849] = S 13
[850] = Z 19
[851] = S 20
[852] = CNOT 12 13
[853] = Z 12
[854] = CNOT 12 13
[855] = CNOT 19 20
[856] = Z 19
[857] = CNOT 19 20
[858] = CNOT 20 19
[859] = CNOT 19 20
[860] = CNOT 13 12
[861] = CNOT 12 13
[862] = CNOT 1 2
[863] = CNOT 2 1
[864] = CNOT 1 2
[865] = H 15
[866] = H 22
[867] = H 9
[868] = H 4
[869] = CNOT 10 13
[870] = T 10
[871] = Z 10
[872] = CNOT 10 12
[873] = T 10
[874] = S 10
[875] = Z 10
[876] = CNOT 10 13
[877] = CNOT 16 20
[878] = T 16
[879] = Z 16
[880] = CNOT 16 19
[881] = T 16
[882] = S 16
[883] = Z 16
[884] = CNOT 16 20
[885] = CNOT 3 4
[886] = T 3
[887] = Z 10
[888] = CNOT 10 12
[889] = CNOT 12 13
[890] = Z 12
[891] = CNOT 12 13
[892] = Z 16
[893] = CNOT 16 19
[894] = CNOT 19 20
[895] = Z 19
[896] = CNOT 19 20
[897] = CNOT 21 22
[898] = CNOT 22 20
[899] = CNOT 20 19
[900] = CNOT 20 16
[901] = CNOT 14 15
[902] = CNOT 15 13
[903] = CNOT 13 12
[904] = CNOT 13 10
[905] = CNOT 8 9
[906] = H 15
[907] = H 22
[908] = H 9
[909] = H 4
[910] = T 15
[911] = Z 15
[912] = CNOT 13 15
[913] = T 13
[914] = Z 13
[915] = CNOT 13 15
[916] = CNOT 12 13
[917] = CNOT 12 15
[918] = T 12
[919] = S 12
[920] = Z 12
[921] = CNOT 12 13
[922] = T 12
[923] = S 12
[924] = Z 12
[925] = CNOT 12 15
[926] = T 22
[927] = Z 22
[928] = CNOT 20 22
[929] = T 20
[930] = Z 20
[931] = CNOT 20 22
[932] = CNOT 19 20
[933] = CNOT 19 22
[934] = T 19
[935] = S 19
[936] = Z 19
[937] = CNOT 19 20
[938] = T 19
[939] = S 19
[940] = Z 19
[941] = CNOT 19 22
[942] = T 9
[943] = Z 9
[944] = CNOT 7 9
[945] = T 7
[946] = Z 7
[947] = CNOT 7 9
[948] = CNOT 6 7
[949] = CNOT 6 9
[950] = T 6
[951] = S 6
[952] = Z 6
[953] = CNOT 6 7
[954] = T 6
[955] = S 6
[956] = Z 6
[957] = CNOT 6 9
[958] = CNOT 12 13
[959] = T 12
[960] = Z 12
[961] = CNOT 12 13
[962] = T 13
[963] = S 13
[964] = Z 13
[965] = CNOT 19 20
[966] = T 19
[967] = Z 19
[968] = CNOT 19 20
[969] = T 20
[970] = S 20
[971] = Z 20
[972] = T 4
[973] = Z 4
[974] = CNOT 2 4
[975] = T 2
[976] = Z 2
[977] = CNOT 2 4
[978] = CNOT 1 2
[979] = CNOT 1 4
[980] = T 1
[981] = S 1
[982] = Z 1
[983] = CNOT 1 2
[984] = T 1
[985] = S 1
[986] = Z 1
[987] = CNOT 1 4
[988] = CNOT 5 6
[989] = T 5
[990] = CNOT 5 7
[991] = T 5
[992] = CNOT 5 7
[993] = CNOT 5 6
[994] = CNOT 1 2
[995] = T 1
[996] = Z 1
[997] = CNOT 1 2
[998] = T 2
[999] = S 2
[1000] = Z 2
[1001] = Z 1
[1002] = Z 6
[1003] = Z 12
[1004] = Z 19
[1005] = CNOT 6 7
[1006] = Z 6
[1007] = CNOT 6 7
[1008] = CNOT 7 6
[1009] = CNOT 7 5
[1010] = CNOT 6 5
[1011] = H 15
[1012] = H 22
[1013] = H 9
[1014] = H 4
[1015] = CNOT 6 7
[1016] = T 6
[1017] = S 6
[1018] = CNOT 6 7
[1019] = CNOT 7 8
[1020] = CNOT 7 9
[1021] = T 7
[1022] = Z 7
[1023] = CNOT 7 9
[1024] = CNOT 7 8
[1025] = T 4
[1026] = Z 4
[1027] = CNOT 3 4
[1028] = T 3
[1029] = S 3
[1030] = CNOT 3 4
[1031] = Z 3
[1032] = Z 6
[1033] = Z 7
[1034] = CNOT 21 22
[1035] = CNOT 14 15
[1036] = CNOT 8 9
[1037] = CNOT 9 7
[1038] = CNOT 8 7
[1039] = CNOT 7 6
[1040] = CNOT 4 3
[1041] = H 15
[1042] = H 22
[1043] = H 9
[1044] = T 15
[1045] = Z 15
[1046] = CNOT 13 15
[1047] = T 13
[1048] = Z 13
[1049] = CNOT 13 15
[1050] = CNOT 12 13
[1051] = CNOT 12 15
[1052] = T 12
[1053] = S 12
[1054] = Z 12
[1055] = CNOT 12 13
[1056] = T 12
[1057] = S 12
[1058] = Z 12
[1059] = CNOT 12 15
[1060] = T 22
[1061] = Z 22
[1062] = CNOT 20 22
[1063] = T 20
[1064] = Z 20
[1065] = CNOT 20 22
[1066] = CNOT 19 20
[1067] = CNOT 19 22
[1068] = T 19
[1069] = S 19
[1070] = Z 19
[1071] = CNOT 19 20
[1072] = T 19
[1073] = S 19
[1074] = Z 19
[1075] = CNOT 19 22
[1076] = T 9
[1077] = Z 9
[1078] = CNOT 7 9
[1079] = T 7
[1080] = Z 7
[1081] = CNOT 7 9
[1082] = CNOT 6 7
[1083] = CNOT 6 9
[1084] = T 6
[1085] = S 6
[1086] = Z 6
[1087] = CNOT 6 7
[1088] = T 6
[1089] = S 6
[1090] = Z 6
[1091] = CNOT 6 9
[1092] = CNOT 10 12
[1093] = T 10
[1094] = CNOT 10 13
[1095] = T 10
[1096] = CNOT 10 13
[1097] = CNOT 10 12
[1098] = CNOT 6 7
[1099] = T 6
[1100] = Z 6
[1101] = CNOT 6 7
[1102] = Z 6
[1103] = Z 12
[1104] = Z 19
[1105] = CNOT 12 13
[1106] = Z 12
[1107] = CNOT 12 13
[1108] = CNOT 19 20
[1109] = Z 19
[1110] = CNOT 19 20
[1111] = CNOT 20 19
[1112] = CNOT 20 16
[1113] = CNOT 19 16
[1114] = CNOT 13 12
[1115] = CNOT 13 10
[1116] = CNOT 12 10
[1117] = CNOT 7 6
[1118] = CNOT 6 7
[1119] = H 15
[1120] = H 22
[1121] = H 9
[1122] = H 16
[1123] = CNOT 12 13
[1124] = T 12
[1125] = S 12
[1126] = CNOT 12 13
[1127] = T 9
[1128] = Z 9
[1129] = CNOT 8 9
[1130] = T 8
[1131] = S 8
[1132] = Z 8
[1133] = CNOT 8 11
[1134] = T 8
[1135] = CNOT 8 11
[1136] = CNOT 8 9
[1137] = CNOT 9 11
[1138] = T 9
[1139] = S 9
[1140] = Z 9
[1141] = CNOT 9 11
[1142] = CNOT 13 14
[1143] = CNOT 13 15
[1144] = T 13
[1145] = Z 13
[1146] = CNOT 13 15
[1147] = CNOT 13 14
[1148] = T 11
[1149] = CNOT 6 8
[1150] = CNOT 6 9
[1151] = CNOT 6 11
[1152] = T 6
[1153] = CNOT 6 8
[1154] = T 6
[1155] = S 6
[1156] = Z 6
[1157] = CNOT 6 11
[1158] = CNOT 6 9
[1159] = T 16
[1160] = Z 6
[1161] = Z 12
[1162] = Z 13
[1163] = CNOT 6 8
[1164] = Z 6
[1165] = CNOT 6 8
[1166] = CNOT 6 9
[1167] = S 6
[1168] = Z 6
[1169] = CNOT 6 9
[1170] = CNOT 6 11
[1171] = Z 6
[1172] = CNOT 6 11
[1173] = CNOT 8 11
[1174] = S 8
[1175] = CNOT 8 11
[1176] = CNOT 6 8
[1177] = CNOT 6 9
[1178] = S 6
[1179] = Z 6
[1180] = CNOT 6 9
[1181] = CNOT 6 8
[1182] = CNOT 22 20
[1183] = CNOT 14 15
[1184] = CNOT 15 13
[1185] = CNOT 14 13
[1186] = CNOT 13 12
[1187] = CNOT 9 8
[1188] = CNOT 9 6
[1189] = H 15
[1190] = H 11
[1191] = T 15
[1192] = Z 15
[1193] = CNOT 13 15
[1194] = T 13
[1195] = Z 13
[1196] = CNOT 13 15
[1197] = CNOT 12 13
[1198] = CNOT 12 15
[1199] = T 12
[1200] = S 12
[1201] = Z 12
[1202] = CNOT 12 13
[1203] = T 12
[1204] = S 12
[1205] = Z 12
[1206] = CNOT 12 15
[1207] = T 11
[1208] = Z 11
[1209] = CNOT 5 11
[1210] = T 5
[1211] = S 5
[1212] = CNOT 5 11
[1213] = CNOT 12 13
[1214] = T 12
[1215] = Z 12
[1216] = CNOT 12 13
[1217] = Z 5
[1218] = Z 12
[1219] = CNOT 13 12
[1220] = CNOT 12 13
[1221] = CNOT 11 5
[1222] = H 15
[1223] = T 15
[1224] = Z 15
[1225] = CNOT 14 15
[1226] = T 14
[1227] = S 14
[1228] = Z 14
[1229] = CNOT 14 17
[1230] = T 14
[1231] = CNOT 14 17
[1232] = CNOT 14 15
[1233] = CNOT 15 17
[1234] = T 15
[1235] = S 15
[1236] = Z 15
[1237] = CNOT 15 17
[1238] = T 17
[1239] = CNOT 12 14
[1240] = CNOT 12 15
[1241] = CNOT 12 17
[1242] = T 12
[1243] = CNOT 12 14
[1244] = T 12
[1245] = S 12
[1246] = Z 12
[1247] = CNOT 12 17
[1248] = CNOT 12 15
[1249] = Z 12
[1250] = CNOT 12 14
[1251] = Z 12
[1252] = CNOT 12 14
[1253] = CNOT 12 15
[1254] = S 12
[1255] = Z 12
[1256] = CNOT 12 15
[1257] = CNOT 12 17
[1258] = Z 12
[1259] = CNOT 12 17
[1260] = CNOT 14 17
[1261] = S 14
[1262] = CNOT 14 17
[1263] = CNOT 12 14
[1264] = CNOT 12 15
[1265] = S 12
[1266] = Z 12
[1267] = CNOT 12 15
[1268] = CNOT 12 14
[1269] = CNOT 15 14
[1270] = CNOT 15 12
[1271] = H 17
[1272] = T 17
[1273] = CNOT 10 17
[1274] = T 10
[1275] = S 10
[1276] = CNOT 10 16
[1277] = T 10
[1278] = CNOT 10 17
[1279] = CNOT 10 16
[1280] = CNOT 16 17
[1281] = T 16
[1282] = S 16
[1283] = CNOT 16 17
[1284] = CNOT 10 16
[1285] = T 10
[1286] = S 10
[1287] = CNOT 10 16
[1288] = T 16
[1289] = H 10
[1290] = H 17
[1291] = CNOT 10 11
[1292] = T 10
[1293] = Z 10
[1294] = CNOT 10 11
[1295] = CNOT 5 10
[1296] = CNOT 5 11
[1297] = T 5
[1298] = S 5
[1299] = Z 5
[1300] = CNOT 5 11
[1301] = T 5
[1302] = S 5
[1303] = Z 5
[1304] = CNOT 5 10
[1305] = CNOT 15 17
[1306] = T 15
[1307] = S 15
[1308] = CNOT 15 17
[1309] = CNOT 14 15
[1310] = CNOT 14 17
[1311] = T 14
[1312] = Z 14
[1313] = CNOT 14 17
[1314] = CNOT 14 15
[1315] = CNOT 12 15
[1316] = CNOT 12 17
[1317] = T 12
[1318] = S 12
[1319] = Z 12
[1320] = CNOT 12 14
[1321] = T 12
[1322] = CNOT 12 17
[1323] = CNOT 12 14
[1324] = CNOT 12 16
[1325] = T 12
[1326] = S 12
[1327] = Z 12
[1328] = CNOT 12 14
[1329] = T 12
[1330] = CNOT 12 16
[1331] = CNOT 12 15
[1332] = CNOT 12 14
[1333] = CNOT 14 16
[1334] = T 14
[1335] = CNOT 14 16
[1336] = CNOT 12 13
[1337] = T 12
[1338] = CNOT 12 13
[1339] = T 12
[1340] = S 12
[1341] = Z 12
[1342] = Z 5
[1343] = S 10
[1344] = Z 10
[1345] = Z 14
[1346] = S 16
[1347] = Z 16
[1348] = CNOT 5 11
[1349] = Z 5
[1350] = CNOT 5 11
[1351] = CNOT 12 15
[1352] = S 12
[1353] = CNOT 12 15
[1354] = CNOT 12 16
[1355] = S 12
[1356] = Z 12
[1357] = CNOT 12 16
[1358] = CNOT 12 17
[1359] = S 12
[1360] = Z 12
[1361] = CNOT 12 17
[1362] = CNOT 14 15
[1363] = Z 14
[1364] = CNOT 14 15
[1365] = CNOT 14 17
[1366] = Z 14
[1367] = CNOT 14 17
[1368] = CNOT 15 16
[1369] = S 15
[1370] = Z 15
[1371] = CNOT 15 16
[1372] = CNOT 12 14
[1373] = CNOT 12 15
[1374] = S 12
[1375] = Z 12
[1376] = CNOT 12 15
[1377] = CNOT 12 16
[1378] = S 12
[1379] = Z 12
[1380] = CNOT 12 16
[1381] = CNOT 12 17
[1382] = S 12
[1383] = Z 12
[1384] = CNOT 12 17
[1385] = CNOT 12 14
[1386] = CNOT 14 15
[1387] = CNOT 14 16
[1388] = S 14
[1389] = Z 14
[1390] = CNOT 14 16
[1391] = CNOT 14 15
[1392] = CNOT 15 14
[1393] = CNOT 15 13
[1394] = CNOT 12 13
[1395] = CNOT 15 12
[1396] = CNOT 13 12
[1397] = CNOT 11 5
[1398] = H 5
[1399] = H 11
[1400] = H 16
[1401] = H 17
[1402] = H 15
[1403] = CNOT 9 11
[1404] = T 9
[1405] = S 9
[1406] = CNOT 9 11
[1407] = CNOT 8 9
[1408] = CNOT 8 11
[1409] = T 8
[1410] = Z 8
[1411] = CNOT 8 11
[1412] = CNOT 8 9
[1413] = CNOT 6 9
[1414] = CNOT 6 11
[1415] = T 6
[1416] = S 6
[1417] = Z 6
[1418] = CNOT 6 8
[1419] = T 6
[1420] = CNOT 6 11
[1421] = CNOT 6 8
[1422] = CNOT 6 10
[1423] = T 6
[1424] = S 6
[1425] = Z 6
[1426] = CNOT 6 8
[1427] = T 6
[1428] = CNOT 6 10
[1429] = CNOT 6 9
[1430] = CNOT 6 8
[1431] = CNOT 8 10
[1432] = T 8
[1433] = CNOT 8 10
[1434] = T 5
[1435] = Z 5
[1436] = CNOT 4 5
[1437] = T 4
[1438] = Z 4
[1439] = CNOT 4 5
[1440] = CNOT 3 4
[1441] = CNOT 3 5
[1442] = T 3
[1443] = S 3
[1444] = Z 3
[1445] = CNOT 3 4
[1446] = T 3
[1447] = S 3
[1448] = Z 3
[1449] = CNOT 3 5
[1450] = CNOT 6 7
[1451] = T 6
[1452] = CNOT 6 7
[1453] = T 6
[1454] = S 6
[1455] = Z 6
[1456] = T 15
[1457] = Z 15
[1458] = CNOT 13 15
[1459] = T 13
[1460] = Z 13
[1461] = CNOT 13 15
[1462] = CNOT 12 13
[1463] = CNOT 12 15
[1464] = T 12
[1465] = S 12
[1466] = Z 12
[1467] = CNOT 12 13
[1468] = T 12
[1469] = S 12
[1470] = Z 12
[1471] = CNOT 12 15
[1472] = Z 3
[1473] = Z 8
[1474] = S 10
[1475] = Z 10
[1476] = Z 12
[1477] = CNOT 3 4
[1478] = Z 3
[1479] = CNOT 3 4
[1480] = CNOT 6 9
[1481] = S 6
[1482] = CNOT 6 9
[1483] = CNOT 6 10
[1484] = S 6
[1485] = Z 6
[1486] = CNOT 6 10
[1487] = CNOT 6 11
[1488] = S 6
[1489] = Z 6
[1490] = CNOT 6 11
[1491] = CNOT 8 9
[1492] = Z 8
[1493] = CNOT 8 9
[1494] = CNOT 8 11
[1495] = Z 8
[1496] = CNOT 8 11
[1497] = CNOT 9 10
[1498] = S 9
[1499] = Z 9
[1500] = CNOT 9 10
[1501] = CNOT 12 13
[1502] = Z 12
[1503] = CNOT 12 13
[1504] = CNOT 6 8
[1505] = CNOT 6 9
[1506] = S 6
[1507] = Z 6
[1508] = CNOT 6 9
[1509] = CNOT 6 10
[1510] = S 6
[1511] = Z 6
[1512] = CNOT 6 10
[1513] = CNOT 6 11
[1514] = S 6
[1515] = Z 6
[1516] = CNOT 6 11
[1517] = CNOT 6 8
[1518] = CNOT 8 9
[1519] = CNOT 8 10
[1520] = S 8
[1521] = Z 8
[1522] = CNOT 8 10
[1523] = CNOT 8 9
[1524] = CNOT 13 12
[1525] = CNOT 9 8
[1526] = CNOT 9 7
[1527] = CNOT 6 7
[1528] = CNOT 9 6
[1529] = CNOT 7 6
[1530] = CNOT 4 3
[1531] = H 5
[1532] = H 10
[1533] = H 11
[1534] = H 4
[1535] = H 9
[1536] = H 15
[1537] = T 4
[1538] = Z 4
[1539] = CNOT 2 4
[1540] = T 2
[1541] = Z 2
[1542] = CNOT 2 4
[1543] = CNOT 1 2
[1544] = CNOT 1 4
[1545] = T 1
[1546] = S 1
[1547] = Z 1
[1548] = CNOT 1 2
[1549] = T 1
[1550] = S 1
[1551] = Z 1
[1552] = CNOT 1 4
[1553] = T 9
[1554] = Z 9
[1555] = CNOT 7 9
[1556] = T 7
[1557] = Z 7
[1558] = CNOT 7 9
[1559] = CNOT 6 7
[1560] = CNOT 6 9
[1561] = T 6
[1562] = S 6
[1563] = Z 6
[1564] = CNOT 6 7
[1565] = T 6
[1566] = S 6
[1567] = Z 6
[1568] = CNOT 6 9
[1569] = Z 1
[1570] = Z 6
[1571] = CNOT 1 2
[1572] = Z 1
[1573] = CNOT 1 2
[1574] = CNOT 6 7
[1575] = Z 6
[1576] = CNOT 6 7
[1577] = CNOT 16 15
[1578] = CNOT 14 15
[1579] = CNOT 7 6
[1580] = CNOT 2 1
[1581] = H 4
[1582] = H 9
[1583] = CNOT 10 9
[1584] = CNOT 8 9
[1585] = CNOT 5 4
[1586] = CNOT 3 4
Gate distributions:
Input:
Operator distribution:
Total number of qubits = 24
Number of `data' qubits = 24
Number of `Toff_n' ancillas = 0
Number of Hadamard ancillas = 0
Hadamard ancilla cap = 0
Number of {CNOT,T} partitions = 20
T count = 399
Cost estimation = 199647
	id	Count
	0	0
	1	0
	2	0
	3	80
	4	67
	5	0
	6	0
	7	0
	8	0
	9	0
	10	57
	11	0
	12	0
	13	0
	14	0
	15	0
	16	0
	17	0
	18	0
Output:
Operator distribution:
Total number of qubits = 24
Number of `data' qubits = 24
Number of `Toff_n' ancillas = 0
Number of Hadamard ancillas = 0
Hadamard ancilla cap = 0
Number of {CNOT,T} partitions = 20
T count = 283
Cost estimation = 142804
	id	Count
	0	0
	1	0
	2	0
	3	80
	4	735
	5	283
	6	0
	7	0
	8	0
	9	0
	10	0
	11	194
	12	0
	13	295
	14	0
	15	0
	16	0
	17	0
	18	0
Output T Count (SQC_Circuit) = 283
Output T Count (PhasePolynomial) = 283
Fail count = 0

Execution time: 4.60781s
Number of LCL errors: 0
Number of LCL warnings: 0
