Optimize a Clifford + T circuit.
Input filename = /home/rest/forpyzx/TOpt/forme/tpar_benchmark/gf2^5_mult.tfc
Number of unknown gates = 0
Number of unknown qubit labels = 0
Circuit filename: /home/rest/forpyzx/TOpt/forme/tpar_benchmark/gf2^5_mult.tfc

n 15
n_x 15
n_y 0
n_z 0
m 101
[0] = H 11
[1] = H 12
[2] = H 13
[3] = H 14
[4] = CCZ 5 7 11
[5] = CCZ 4 8 11
[6] = CCZ 3 9 11
[7] = CCZ 2 10 11
[8] = CCZ 5 8 12
[9] = CCZ 4 9 12
[10] = CCZ 3 10 12
[11] = CCZ 5 9 13
[12] = CCZ 4 10 13
[13] = CCZ 5 10 14
[14] = H 11
[15] = H 12
[16] = H 13
[17] = H 14
[18] = CNOT 11 14
[19] = CNOT 15 13
[20] = CNOT 14 12
[21] = CNOT 13 11
[22] = H 11
[23] = H 12
[24] = H 13
[25] = H 14
[26] = H 15
[27] = CCZ 5 6 15
[28] = CCZ 4 7 15
[29] = CCZ 3 8 15
[30] = CCZ 2 9 15
[31] = CCZ 1 10 15
[32] = CCZ 4 6 14
[33] = CCZ 3 7 14
[34] = CCZ 2 8 14
[35] = CCZ 1 9 14
[36] = CCZ 3 6 13
[37] = CCZ 2 7 13
[38] = CCZ 1 8 13
[39] = CCZ 2 6 12
[40] = CCZ 1 7 12
[41] = CCZ 1 6 11
[42] = H 11
[43] = H 12
[44] = H 13
[45] = H 14
[46] = H 15

Algorithm used: todd

UniversalOptimize begin.
	Gate synthesis begin.

in LempelX2
		Round = 0
Round 0 | Current Columns (m): 55
		Round = 1
Round 1 | Current Columns (m): 51
		Round = 2
Round 2 | Current Columns (m): 49
		Round = 3
Round 3 | Current Columns (m): 47
		Round = 4
Round 4 | Current Columns (m): 45
nullspace time: 556 ms, chi time: 330 ms
Total LempelX2 time: 889 ms
		TODD executed in 0.889363 seconds.
		Total time: 0.889491s
	Gate synthesis end.
	Input has T-Count zero. Outputting the input.
	Gate synthesis begin.

in LempelX2
		Round = 0
Round 0 | Current Columns (m): 60
		Round = 1
Round 1 | Current Columns (m): 56
		Round = 2
Round 2 | Current Columns (m): 51
		Round = 3
Round 3 | Current Columns (m): 49
		Round = 4
Round 4 | Current Columns (m): 46
		Round = 5
Round 5 | Current Columns (m): 44
nullspace time: 1201 ms, chi time: 557 ms
Total LempelX2 time: 1762 ms
		TODD executed in 1.76291 seconds.
		Total time: 1.763s
	Gate synthesis end.
	Total time: 2.67901s
UniversalOptimize end.
Output circuit:
n 15
n_x 15
n_y 0
n_z 0
m 2001
[0] = H 11
[1] = H 12
[2] = H 13
[3] = H 14
[4] = CNOT 2 5
[5] = CNOT 2 10
[6] = CNOT 2 13
[7] = CNOT 2 14
[8] = T 2
[9] = CNOT 2 14
[10] = CNOT 2 13
[11] = CNOT 2 5
[12] = CNOT 1 10
[13] = T 1
[14] = S 1
[15] = CNOT 1 10
[16] = T 1
[17] = CNOT 7 11
[18] = T 7
[19] = S 7
[20] = Z 7
[21] = CNOT 7 11
[22] = CNOT 5 11
[23] = T 5
[24] = S 5
[25] = Z 5
[26] = CNOT 5 11
[27] = CNOT 2 4
[28] = CNOT 2 5
[29] = CNOT 2 7
[30] = CNOT 2 11
[31] = T 2
[32] = CNOT 2 4
[33] = CNOT 2 8
[34] = T 2
[35] = CNOT 2 4
[36] = T 2
[37] = CNOT 2 11
[38] = CNOT 2 8
[39] = CNOT 2 7
[40] = CNOT 2 5
[41] = CNOT 2 4
[42] = CNOT 2 13
[43] = CNOT 2 14
[44] = T 2
[45] = CNOT 2 14
[46] = CNOT 2 13
[47] = CNOT 4 5
[48] = T 4
[49] = CNOT 4 5
[50] = T 6
[51] = Z 6
[52] = CNOT 2 3
[53] = CNOT 2 4
[54] = CNOT 2 7
[55] = CNOT 2 8
[56] = T 2
[57] = CNOT 2 10
[58] = CNOT 2 8
[59] = CNOT 2 4
[60] = CNOT 2 3
[61] = CNOT 3 9
[62] = T 3
[63] = S 3
[64] = CNOT 3 11
[65] = T 3
[66] = CNOT 3 9
[67] = CNOT 9 11
[68] = T 9
[69] = S 9
[70] = CNOT 9 11
[71] = T 3
[72] = S 3
[73] = CNOT 3 11
[74] = CNOT 5 7
[75] = CNOT 5 10
[76] = CNOT 5 11
[77] = T 5
[78] = CNOT 5 11
[79] = CNOT 5 10
[80] = CNOT 5 7
[81] = CNOT 2 5
[82] = CNOT 2 11
[83] = T 2
[84] = CNOT 2 11
[85] = CNOT 2 7
[86] = CNOT 2 5
[87] = CNOT 2 8
[88] = CNOT 2 10
[89] = T 2
[90] = S 2
[91] = CNOT 2 10
[92] = CNOT 3 8
[93] = T 3
[94] = S 3
[95] = Z 3
[96] = CNOT 3 8
[97] = CNOT 4 5
[98] = CNOT 4 8
[99] = CNOT 4 10
[100] = T 4
[101] = CNOT 4 10
[102] = CNOT 4 8
[103] = CNOT 4 5
[104] = CNOT 2 4
[105] = CNOT 2 5
[106] = T 2
[107] = CNOT 2 8
[108] = CNOT 2 4
[109] = CNOT 2 12
[110] = CNOT 2 13
[111] = T 2
[112] = CNOT 2 12
[113] = CNOT 2 5
[114] = CNOT 2 14
[115] = T 2
[116] = Z 2
[117] = CNOT 2 14
[118] = CNOT 2 13
[119] = CNOT 2 4
[120] = CNOT 2 5
[121] = CNOT 2 7
[122] = CNOT 2 10
[123] = CNOT 2 12
[124] = T 2
[125] = CNOT 2 5
[126] = T 2
[127] = CNOT 2 5
[128] = CNOT 2 8
[129] = T 2
[130] = CNOT 2 12
[131] = CNOT 2 10
[132] = CNOT 2 8
[133] = CNOT 2 7
[134] = CNOT 2 9
[135] = CNOT 2 13
[136] = T 2
[137] = CNOT 2 12
[138] = T 2
[139] = CNOT 2 4
[140] = T 2
[141] = CNOT 2 9
[142] = CNOT 2 4
[143] = T 2
[144] = CNOT 2 13
[145] = CNOT 2 12
[146] = CNOT 2 5
[147] = CNOT 2 3
[148] = CNOT 2 7
[149] = CNOT 2 8
[150] = T 2
[151] = CNOT 2 12
[152] = T 2
[153] = CNOT 2 3
[154] = T 2
[155] = CNOT 2 3
[156] = CNOT 2 10
[157] = T 2
[158] = CNOT 2 12
[159] = CNOT 2 10
[160] = CNOT 2 8
[161] = CNOT 2 7
[162] = CNOT 2 4
[163] = CNOT 2 3
[164] = CNOT 2 9
[165] = CNOT 2 13
[166] = T 2
[167] = Z 2
[168] = CNOT 2 13
[169] = CNOT 5 6
[170] = T 5
[171] = S 5
[172] = CNOT 5 6
[173] = CNOT 2 5
[174] = T 2
[175] = Z 2
[176] = CNOT 2 9
[177] = CNOT 4 7
[178] = CNOT 4 8
[179] = CNOT 4 10
[180] = T 4
[181] = CNOT 4 10
[182] = CNOT 4 8
[183] = CNOT 4 7
[184] = CNOT 2 4
[185] = CNOT 2 10
[186] = CNOT 2 13
[187] = T 2
[188] = CNOT 2 13
[189] = CNOT 2 5
[190] = CNOT 2 4
[191] = CNOT 5 7
[192] = CNOT 5 8
[193] = T 5
[194] = Z 5
[195] = CNOT 5 8
[196] = CNOT 5 7
[197] = CNOT 2 5
[198] = T 2
[199] = CNOT 2 10
[200] = CNOT 2 4
[201] = T 2
[202] = S 2
[203] = Z 2
[204] = CNOT 2 4
[205] = CNOT 2 13
[206] = CNOT 2 14
[207] = T 2
[208] = CNOT 2 14
[209] = CNOT 2 5
[210] = CNOT 2 10
[211] = T 2
[212] = Z 2
[213] = CNOT 2 13
[214] = CNOT 2 10
[215] = S 2
[216] = Z 4
[217] = S 7
[218] = S 8
[219] = Z 9
[220] = S 10
[221] = Z 10
[222] = Z 11
[223] = Z 12
[224] = S 13
[225] = Z 14
[226] = CNOT 2 3
[227] = Z 2
[228] = CNOT 2 3
[229] = CNOT 2 5
[230] = S 2
[231] = Z 2
[232] = CNOT 2 5
[233] = CNOT 2 7
[234] = S 2
[235] = CNOT 2 7
[236] = CNOT 2 8
[237] = S 2
[238] = Z 2
[239] = CNOT 2 8
[240] = CNOT 2 9
[241] = S 2
[242] = CNOT 2 9
[243] = CNOT 2 10
[244] = S 2
[245] = CNOT 2 10
[246] = CNOT 2 11
[247] = S 2
[248] = CNOT 2 11
[249] = CNOT 2 12
[250] = S 2
[251] = Z 2
[252] = CNOT 2 12
[253] = CNOT 2 14
[254] = Z 2
[255] = CNOT 2 14
[256] = CNOT 3 4
[257] = Z 3
[258] = CNOT 3 4
[259] = CNOT 3 7
[260] = Z 3
[261] = CNOT 3 7
[262] = CNOT 3 10
[263] = S 3
[264] = CNOT 3 10
[265] = CNOT 3 12
[266] = S 3
[267] = CNOT 3 12
[268] = CNOT 4 7
[269] = S 4
[270] = Z 4
[271] = CNOT 4 7
[272] = CNOT 4 8
[273] = Z 4
[274] = CNOT 4 8
[275] = CNOT 4 10
[276] = S 4
[277] = Z 4
[278] = CNOT 4 10
[279] = CNOT 4 11
[280] = S 4
[281] = CNOT 4 11
[282] = CNOT 4 12
[283] = S 4
[284] = Z 4
[285] = CNOT 4 12
[286] = CNOT 5 7
[287] = S 5
[288] = CNOT 5 7
[289] = CNOT 5 9
[290] = S 5
[291] = Z 5
[292] = CNOT 5 9
[293] = CNOT 5 10
[294] = S 5
[295] = CNOT 5 10
[296] = CNOT 5 12
[297] = S 5
[298] = CNOT 5 12
[299] = CNOT 5 13
[300] = S 5
[301] = Z 5
[302] = CNOT 5 13
[303] = CNOT 5 14
[304] = S 5
[305] = Z 5
[306] = CNOT 5 14
[307] = CNOT 7 8
[308] = S 7
[309] = Z 7
[310] = CNOT 7 8
[311] = CNOT 7 12
[312] = S 7
[313] = Z 7
[314] = CNOT 7 12
[315] = CNOT 8 10
[316] = Z 8
[317] = CNOT 8 10
[318] = CNOT 8 11
[319] = S 8
[320] = CNOT 8 11
[321] = CNOT 8 12
[322] = Z 8
[323] = CNOT 8 12
[324] = CNOT 9 13
[325] = S 9
[326] = Z 9
[327] = CNOT 9 13
[328] = CNOT 10 11
[329] = S 10
[330] = CNOT 10 11
[331] = CNOT 10 12
[332] = Z 10
[333] = CNOT 10 12
[334] = CNOT 10 13
[335] = Z 10
[336] = CNOT 10 13
[337] = CNOT 10 14
[338] = S 10
[339] = Z 10
[340] = CNOT 10 14
[341] = CNOT 13 14
[342] = Z 13
[343] = CNOT 13 14
[344] = CNOT 2 3
[345] = CNOT 2 4
[346] = Z 2
[347] = CNOT 2 4
[348] = CNOT 2 7
[349] = Z 2
[350] = CNOT 2 7
[351] = CNOT 2 8
[352] = Z 2
[353] = CNOT 2 8
[354] = CNOT 2 10
[355] = S 2
[356] = Z 2
[357] = CNOT 2 10
[358] = CNOT 2 12
[359] = S 2
[360] = Z 2
[361] = CNOT 2 12
[362] = CNOT 2 3
[363] = CNOT 2 4
[364] = CNOT 2 7
[365] = S 2
[366] = Z 2
[367] = CNOT 2 7
[368] = CNOT 2 9
[369] = S 2
[370] = Z 2
[371] = CNOT 2 9
[372] = CNOT 2 11
[373] = S 2
[374] = Z 2
[375] = CNOT 2 11
[376] = CNOT 2 13
[377] = Z 2
[378] = CNOT 2 13
[379] = CNOT 2 4
[380] = CNOT 2 5
[381] = CNOT 2 7
[382] = S 2
[383] = CNOT 2 7
[384] = CNOT 2 8
[385] = Z 2
[386] = CNOT 2 8
[387] = CNOT 2 11
[388] = Z 2
[389] = CNOT 2 11
[390] = CNOT 2 12
[391] = S 2
[392] = CNOT 2 12
[393] = CNOT 2 14
[394] = S 2
[395] = Z 2
[396] = CNOT 2 14
[397] = CNOT 2 5
[398] = CNOT 2 7
[399] = CNOT 2 11
[400] = Z 2
[401] = CNOT 2 11
[402] = CNOT 2 12
[403] = S 2
[404] = CNOT 2 12
[405] = CNOT 2 7
[406] = CNOT 2 8
[407] = CNOT 2 11
[408] = S 2
[409] = Z 2
[410] = CNOT 2 11
[411] = CNOT 2 12
[412] = Z 2
[413] = CNOT 2 8
[414] = CNOT 2 9
[415] = S 2
[416] = Z 2
[417] = CNOT 2 12
[418] = CNOT 2 9
[419] = CNOT 2 10
[420] = CNOT 2 11
[421] = S 2
[422] = Z 2
[423] = CNOT 2 11
[424] = CNOT 2 12
[425] = Z 2
[426] = CNOT 2 12
[427] = CNOT 2 14
[428] = S 2
[429] = Z 2
[430] = CNOT 2 14
[431] = CNOT 2 10
[432] = CNOT 2 12
[433] = CNOT 2 13
[434] = Z 2
[435] = CNOT 2 13
[436] = CNOT 2 12
[437] = CNOT 3 4
[438] = CNOT 3 7
[439] = Z 3
[440] = CNOT 3 7
[441] = CNOT 3 8
[442] = Z 3
[443] = CNOT 3 8
[444] = CNOT 3 10
[445] = S 3
[446] = Z 3
[447] = CNOT 3 10
[448] = CNOT 3 12
[449] = S 3
[450] = Z 3
[451] = CNOT 3 12
[452] = CNOT 3 4
[453] = CNOT 3 7
[454] = CNOT 3 8
[455] = Z 3
[456] = CNOT 3 8
[457] = CNOT 3 10
[458] = S 3
[459] = Z 3
[460] = CNOT 3 10
[461] = CNOT 3 12
[462] = S 3
[463] = Z 3
[464] = CNOT 3 12
[465] = CNOT 3 7
[466] = CNOT 3 8
[467] = CNOT 3 10
[468] = S 3
[469] = Z 3
[470] = CNOT 3 10
[471] = CNOT 3 12
[472] = S 3
[473] = Z 3
[474] = CNOT 3 12
[475] = CNOT 3 8
[476] = CNOT 4 5
[477] = CNOT 4 7
[478] = Z 4
[479] = CNOT 4 7
[480] = CNOT 4 8
[481] = Z 4
[482] = CNOT 4 8
[483] = CNOT 4 9
[484] = S 4
[485] = Z 4
[486] = CNOT 4 9
[487] = CNOT 4 10
[488] = S 4
[489] = CNOT 4 10
[490] = CNOT 4 11
[491] = S 4
[492] = Z 4
[493] = CNOT 4 11
[494] = CNOT 4 12
[495] = Z 4
[496] = CNOT 4 12
[497] = CNOT 4 13
[498] = Z 4
[499] = CNOT 4 13
[500] = CNOT 4 5
[501] = CNOT 4 7
[502] = CNOT 4 11
[503] = S 4
[504] = Z 4
[505] = CNOT 4 11
[506] = CNOT 4 12
[507] = S 4
[508] = CNOT 4 12
[509] = CNOT 4 7
[510] = CNOT 4 8
[511] = CNOT 4 10
[512] = S 4
[513] = CNOT 4 10
[514] = CNOT 4 12
[515] = Z 4
[516] = CNOT 4 12
[517] = CNOT 4 8
[518] = CNOT 4 9
[519] = CNOT 4 13
[520] = S 4
[521] = Z 4
[522] = CNOT 4 13
[523] = CNOT 4 9
[524] = CNOT 4 10
[525] = CNOT 4 11
[526] = S 4
[527] = Z 4
[528] = CNOT 4 11
[529] = CNOT 4 12
[530] = Z 4
[531] = CNOT 4 10
[532] = CNOT 4 13
[533] = S 4
[534] = Z 4
[535] = CNOT 4 13
[536] = CNOT 4 12
[537] = CNOT 5 7
[538] = CNOT 5 10
[539] = S 5
[540] = CNOT 5 10
[541] = CNOT 5 11
[542] = Z 5
[543] = CNOT 5 11
[544] = CNOT 5 12
[545] = S 5
[546] = Z 5
[547] = CNOT 5 12
[548] = CNOT 5 7
[549] = CNOT 5 8
[550] = CNOT 5 10
[551] = Z 5
[552] = CNOT 5 10
[553] = CNOT 5 11
[554] = S 5
[555] = Z 5
[556] = CNOT 5 11
[557] = CNOT 5 8
[558] = CNOT 5 9
[559] = CNOT 5 12
[560] = S 5
[561] = Z 5
[562] = CNOT 5 12
[563] = CNOT 5 13
[564] = S 5
[565] = Z 5
[566] = CNOT 5 13
[567] = CNOT 5 9
[568] = CNOT 5 10
[569] = CNOT 5 11
[570] = Z 5
[571] = CNOT 5 11
[572] = CNOT 5 12
[573] = S 5
[574] = Z 5
[575] = CNOT 5 12
[576] = CNOT 5 13
[577] = S 5
[578] = Z 5
[579] = CNOT 5 10
[580] = CNOT 5 12
[581] = Z 5
[582] = CNOT 5 12
[583] = CNOT 5 14
[584] = S 5
[585] = Z 5
[586] = CNOT 5 14
[587] = CNOT 5 13
[588] = CNOT 7 8
[589] = CNOT 7 10
[590] = S 7
[591] = CNOT 7 10
[592] = CNOT 7 11
[593] = S 7
[594] = Z 7
[595] = CNOT 7 11
[596] = CNOT 7 12
[597] = Z 7
[598] = CNOT 7 12
[599] = CNOT 7 8
[600] = CNOT 7 10
[601] = CNOT 7 11
[602] = Z 7
[603] = CNOT 7 11
[604] = CNOT 7 12
[605] = Z 7
[606] = CNOT 7 12
[607] = CNOT 7 10
[608] = CNOT 8 10
[609] = CNOT 8 11
[610] = S 8
[611] = Z 8
[612] = CNOT 8 11
[613] = CNOT 8 12
[614] = S 8
[615] = Z 8
[616] = CNOT 8 12
[617] = CNOT 8 10
[618] = CNOT 9 12
[619] = CNOT 9 13
[620] = S 9
[621] = Z 9
[622] = CNOT 9 13
[623] = CNOT 9 12
[624] = CNOT 10 13
[625] = CNOT 10 14
[626] = S 10
[627] = Z 10
[628] = CNOT 10 14
[629] = CNOT 10 13
[630] = CNOT 6 5
[631] = CNOT 7 4
[632] = CNOT 8 3
[633] = CNOT 9 2
[634] = CNOT 10 1
[635] = H 11
[636] = H 12
[637] = H 13
[638] = H 14
[639] = CNOT 11 14
[640] = CNOT 15 13
[641] = CNOT 14 12
[642] = CNOT 13 11
[643] = H 11
[644] = H 12
[645] = H 13
[646] = H 14
[647] = H 15
[648] = CNOT 2 4
[649] = CNOT 2 7
[650] = CNOT 2 13
[651] = CNOT 2 15
[652] = T 2
[653] = CNOT 6 15
[654] = T 6
[655] = CNOT 6 15
[656] = CNOT 2 5
[657] = CNOT 2 6
[658] = T 2
[659] = CNOT 2 15
[660] = CNOT 2 13
[661] = CNOT 2 7
[662] = CNOT 2 6
[663] = CNOT 2 5
[664] = CNOT 2 4
[665] = CNOT 5 15
[666] = T 5
[667] = S 5
[668] = T 4
[669] = CNOT 3 8
[670] = CNOT 3 9
[671] = CNOT 3 11
[672] = CNOT 3 13
[673] = CNOT 3 15
[674] = T 3
[675] = CNOT 3 13
[676] = CNOT 3 11
[677] = CNOT 3 9
[678] = CNOT 3 8
[679] = CNOT 4 15
[680] = T 4
[681] = S 4
[682] = Z 4
[683] = CNOT 4 15
[684] = CNOT 8 15
[685] = T 8
[686] = S 8
[687] = CNOT 8 15
[688] = CNOT 3 8
[689] = T 3
[690] = Z 3
[691] = CNOT 3 15
[692] = CNOT 3 8
[693] = CNOT 1 2
[694] = CNOT 1 3
[695] = CNOT 1 4
[696] = CNOT 1 7
[697] = CNOT 1 8
[698] = CNOT 1 9
[699] = CNOT 1 12
[700] = CNOT 1 15
[701] = T 1
[702] = CNOT 1 12
[703] = CNOT 1 7
[704] = CNOT 1 4
[705] = CNOT 1 14
[706] = T 1
[707] = CNOT 1 14
[708] = CNOT 1 9
[709] = CNOT 1 8
[710] = CNOT 1 3
[711] = CNOT 1 2
[712] = CNOT 2 3
[713] = CNOT 2 8
[714] = CNOT 2 9
[715] = CNOT 2 12
[716] = CNOT 2 15
[717] = T 2
[718] = CNOT 2 15
[719] = CNOT 2 12
[720] = CNOT 2 9
[721] = CNOT 2 8
[722] = CNOT 2 3
[723] = CNOT 9 13
[724] = CNOT 9 15
[725] = T 9
[726] = S 9
[727] = Z 9
[728] = CNOT 9 15
[729] = CNOT 9 13
[730] = CNOT 10 15
[731] = T 10
[732] = Z 10
[733] = CNOT 10 15
[734] = CNOT 1 10
[735] = T 1
[736] = S 1
[737] = Z 1
[738] = CNOT 1 10
[739] = CNOT 3 4
[740] = CNOT 3 7
[741] = CNOT 3 8
[742] = CNOT 3 9
[743] = CNOT 3 12
[744] = CNOT 3 15
[745] = T 3
[746] = CNOT 3 15
[747] = CNOT 3 12
[748] = CNOT 3 9
[749] = CNOT 3 8
[750] = CNOT 3 7
[751] = CNOT 3 4
[752] = CNOT 5 6
[753] = CNOT 5 7
[754] = T 5
[755] = CNOT 5 14
[756] = T 5
[757] = CNOT 5 15
[758] = CNOT 5 14
[759] = CNOT 5 7
[760] = CNOT 5 6
[761] = CNOT 4 5
[762] = CNOT 4 6
[763] = CNOT 4 7
[764] = CNOT 4 14
[765] = CNOT 4 15
[766] = T 4
[767] = CNOT 4 15
[768] = CNOT 4 14
[769] = CNOT 4 7
[770] = CNOT 4 6
[771] = CNOT 4 5
[772] = CNOT 7 14
[773] = CNOT 7 15
[774] = T 7
[775] = Z 7
[776] = CNOT 7 15
[777] = CNOT 7 14
[778] = CNOT 1 9
[779] = CNOT 1 14
[780] = T 1
[781] = CNOT 1 14
[782] = CNOT 1 2
[783] = CNOT 1 3
[784] = CNOT 1 8
[785] = CNOT 1 12
[786] = T 1
[787] = CNOT 1 12
[788] = CNOT 1 3
[789] = CNOT 1 2
[790] = CNOT 3 14
[791] = CNOT 3 15
[792] = T 3
[793] = Z 3
[794] = CNOT 3 15
[795] = CNOT 3 14
[796] = CNOT 1 3
[797] = CNOT 1 11
[798] = CNOT 1 13
[799] = T 1
[800] = CNOT 1 13
[801] = CNOT 1 11
[802] = CNOT 1 3
[803] = CNOT 3 4
[804] = CNOT 3 7
[805] = CNOT 3 14
[806] = CNOT 3 15
[807] = T 3
[808] = CNOT 3 15
[809] = CNOT 3 14
[810] = CNOT 3 7
[811] = CNOT 3 4
[812] = CNOT 1 3
[813] = CNOT 1 14
[814] = T 1
[815] = CNOT 1 9
[816] = CNOT 1 8
[817] = CNOT 1 3
[818] = CNOT 2 9
[819] = CNOT 2 14
[820] = CNOT 2 15
[821] = T 2
[822] = CNOT 2 14
[823] = CNOT 2 3
[824] = CNOT 2 4
[825] = CNOT 2 5
[826] = CNOT 2 6
[827] = CNOT 2 7
[828] = CNOT 2 8
[829] = CNOT 2 12
[830] = T 2
[831] = CNOT 2 15
[832] = CNOT 2 12
[833] = CNOT 2 9
[834] = CNOT 2 8
[835] = CNOT 2 7
[836] = CNOT 2 6
[837] = CNOT 2 5
[838] = CNOT 2 4
[839] = CNOT 2 3
[840] = CNOT 3 4
[841] = CNOT 3 5
[842] = CNOT 3 6
[843] = CNOT 3 7
[844] = CNOT 3 8
[845] = CNOT 3 9
[846] = CNOT 3 12
[847] = CNOT 3 15
[848] = T 3
[849] = CNOT 3 12
[850] = CNOT 3 7
[851] = CNOT 3 4
[852] = T 1
[853] = Z 1
[854] = CNOT 1 14
[855] = CNOT 3 11
[856] = CNOT 3 13
[857] = T 3
[858] = CNOT 3 15
[859] = CNOT 3 13
[860] = CNOT 3 11
[861] = CNOT 3 9
[862] = CNOT 3 8
[863] = CNOT 3 6
[864] = CNOT 3 5
[865] = T 2
[866] = CNOT 1 3
[867] = CNOT 1 5
[868] = CNOT 1 6
[869] = CNOT 1 8
[870] = CNOT 1 9
[871] = CNOT 1 11
[872] = CNOT 1 13
[873] = T 1
[874] = CNOT 1 11
[875] = T 1
[876] = CNOT 1 8
[877] = CNOT 1 6
[878] = CNOT 1 5
[879] = CNOT 1 3
[880] = T 1
[881] = CNOT 1 13
[882] = CNOT 3 4
[883] = CNOT 3 5
[884] = CNOT 3 6
[885] = CNOT 3 7
[886] = CNOT 3 15
[887] = T 3
[888] = CNOT 3 13
[889] = T 3
[890] = CNOT 3 6
[891] = CNOT 3 5
[892] = CNOT 2 5
[893] = CNOT 2 6
[894] = CNOT 2 15
[895] = T 2
[896] = T 3
[897] = CNOT 3 15
[898] = CNOT 3 13
[899] = CNOT 3 7
[900] = CNOT 3 4
[901] = CNOT 2 3
[902] = CNOT 2 8
[903] = CNOT 2 9
[904] = CNOT 2 13
[905] = T 2
[906] = CNOT 2 6
[907] = CNOT 2 5
[908] = CNOT 2 4
[909] = CNOT 2 7
[910] = T 2
[911] = CNOT 2 15
[912] = CNOT 2 13
[913] = CNOT 2 9
[914] = CNOT 2 8
[915] = CNOT 2 7
[916] = CNOT 2 4
[917] = CNOT 2 3
[918] = CNOT 3 4
[919] = CNOT 3 7
[920] = CNOT 3 8
[921] = CNOT 3 9
[922] = CNOT 3 13
[923] = CNOT 3 15
[924] = T 3
[925] = CNOT 3 13
[926] = T 3
[927] = CNOT 3 15
[928] = CNOT 3 9
[929] = CNOT 3 8
[930] = CNOT 3 7
[931] = CNOT 3 4
[932] = CNOT 1 2
[933] = CNOT 1 3
[934] = CNOT 1 4
[935] = CNOT 1 7
[936] = CNOT 1 8
[937] = T 1
[938] = CNOT 1 15
[939] = CNOT 1 9
[940] = CNOT 1 8
[941] = CNOT 1 7
[942] = CNOT 1 4
[943] = CNOT 1 3
[944] = CNOT 1 2
[945] = S 1
[946] = S 3
[947] = Z 3
[948] = Z 6
[949] = S 8
[950] = Z 8
[951] = S 9
[952] = S 11
[953] = Z 13
[954] = S 14
[955] = CNOT 1 2
[956] = S 1
[957] = CNOT 1 2
[958] = CNOT 1 3
[959] = Z 1
[960] = CNOT 1 3
[961] = CNOT 1 4
[962] = S 1
[963] = Z 1
[964] = CNOT 1 4
[965] = CNOT 1 5
[966] = S 1
[967] = Z 1
[968] = CNOT 1 5
[969] = CNOT 1 6
[970] = S 1
[971] = Z 1
[972] = CNOT 1 6
[973] = CNOT 1 7
[974] = S 1
[975] = Z 1
[976] = CNOT 1 7
[977] = CNOT 1 8
[978] = Z 1
[979] = CNOT 1 8
[980] = CNOT 1 9
[981] = S 1
[982] = CNOT 1 9
[983] = CNOT 1 10
[984] = Z 1
[985] = CNOT 1 10
[986] = CNOT 1 11
[987] = Z 1
[988] = CNOT 1 11
[989] = CNOT 1 12
[990] = Z 1
[991] = CNOT 1 12
[992] = CNOT 1 13
[993] = S 1
[994] = Z 1
[995] = CNOT 1 13
[996] = CNOT 1 14
[997] = S 1
[998] = Z 1
[999] = CNOT 1 14
[1000] = CNOT 1 15
[1001] = S 1
[1002] = CNOT 1 15
[1003] = CNOT 2 3
[1004] = S 2
[1005] = Z 2
[1006] = CNOT 2 3
[1007] = CNOT 2 8
[1008] = S 2
[1009] = Z 2
[1010] = CNOT 2 8
[1011] = CNOT 2 9
[1012] = Z 2
[1013] = CNOT 2 9
[1014] = CNOT 2 12
[1015] = S 2
[1016] = CNOT 2 12
[1017] = CNOT 2 13
[1018] = S 2
[1019] = Z 2
[1020] = CNOT 2 13
[1021] = CNOT 2 14
[1022] = S 2
[1023] = Z 2
[1024] = CNOT 2 14
[1025] = CNOT 2 15
[1026] = S 2
[1027] = CNOT 2 15
[1028] = CNOT 3 4
[1029] = S 3
[1030] = CNOT 3 4
[1031] = CNOT 3 7
[1032] = S 3
[1033] = CNOT 3 7
[1034] = CNOT 3 8
[1035] = S 3
[1036] = CNOT 3 8
[1037] = CNOT 3 9
[1038] = S 3
[1039] = Z 3
[1040] = CNOT 3 9
[1041] = CNOT 3 11
[1042] = S 3
[1043] = CNOT 3 11
[1044] = CNOT 3 12
[1045] = S 3
[1046] = CNOT 3 12
[1047] = CNOT 3 13
[1048] = Z 3
[1049] = CNOT 3 13
[1050] = CNOT 3 14
[1051] = S 3
[1052] = Z 3
[1053] = CNOT 3 14
[1054] = CNOT 4 5
[1055] = S 4
[1056] = Z 4
[1057] = CNOT 4 5
[1058] = CNOT 4 6
[1059] = S 4
[1060] = Z 4
[1061] = CNOT 4 6
[1062] = CNOT 4 7
[1063] = Z 4
[1064] = CNOT 4 7
[1065] = CNOT 4 12
[1066] = S 4
[1067] = Z 4
[1068] = CNOT 4 12
[1069] = CNOT 4 14
[1070] = S 4
[1071] = Z 4
[1072] = CNOT 4 14
[1073] = CNOT 5 7
[1074] = S 5
[1075] = Z 5
[1076] = CNOT 5 7
[1077] = CNOT 5 8
[1078] = S 5
[1079] = Z 5
[1080] = CNOT 5 8
[1081] = CNOT 5 9
[1082] = S 5
[1083] = Z 5
[1084] = CNOT 5 9
[1085] = CNOT 5 11
[1086] = S 5
[1087] = Z 5
[1088] = CNOT 5 11
[1089] = CNOT 6 7
[1090] = S 6
[1091] = Z 6
[1092] = CNOT 6 7
[1093] = CNOT 6 8
[1094] = S 6
[1095] = Z 6
[1096] = CNOT 6 8
[1097] = CNOT 6 9
[1098] = S 6
[1099] = Z 6
[1100] = CNOT 6 9
[1101] = CNOT 6 11
[1102] = S 6
[1103] = Z 6
[1104] = CNOT 6 11
[1105] = CNOT 7 12
[1106] = S 7
[1107] = Z 7
[1108] = CNOT 7 12
[1109] = CNOT 7 14
[1110] = S 7
[1111] = Z 7
[1112] = CNOT 7 14
[1113] = CNOT 7 15
[1114] = Z 7
[1115] = CNOT 7 15
[1116] = CNOT 8 9
[1117] = S 8
[1118] = Z 8
[1119] = CNOT 8 9
[1120] = CNOT 8 11
[1121] = S 8
[1122] = CNOT 8 11
[1123] = CNOT 8 12
[1124] = S 8
[1125] = CNOT 8 12
[1126] = CNOT 8 13
[1127] = Z 8
[1128] = CNOT 8 13
[1129] = CNOT 8 14
[1130] = S 8
[1131] = CNOT 8 14
[1132] = CNOT 9 11
[1133] = S 9
[1134] = CNOT 9 11
[1135] = CNOT 9 12
[1136] = S 9
[1137] = CNOT 9 12
[1138] = CNOT 9 13
[1139] = S 9
[1140] = CNOT 9 13
[1141] = CNOT 9 15
[1142] = S 9
[1143] = CNOT 9 15
[1144] = CNOT 11 13
[1145] = S 11
[1146] = CNOT 11 13
[1147] = CNOT 11 15
[1148] = S 11
[1149] = CNOT 11 15
[1150] = CNOT 12 15
[1151] = S 12
[1152] = CNOT 12 15
[1153] = CNOT 13 15
[1154] = S 13
[1155] = Z 13
[1156] = CNOT 13 15
[1157] = CNOT 14 15
[1158] = Z 14
[1159] = CNOT 14 15
[1160] = CNOT 1 2
[1161] = CNOT 1 3
[1162] = Z 1
[1163] = CNOT 1 3
[1164] = CNOT 1 4
[1165] = S 1
[1166] = Z 1
[1167] = CNOT 1 4
[1168] = CNOT 1 7
[1169] = S 1
[1170] = Z 1
[1171] = CNOT 1 7
[1172] = CNOT 1 8
[1173] = Z 1
[1174] = CNOT 1 8
[1175] = CNOT 1 9
[1176] = Z 1
[1177] = CNOT 1 9
[1178] = CNOT 1 12
[1179] = S 1
[1180] = Z 1
[1181] = CNOT 1 12
[1182] = CNOT 1 15
[1183] = Z 1
[1184] = CNOT 1 15
[1185] = CNOT 1 2
[1186] = CNOT 1 3
[1187] = CNOT 1 4
[1188] = S 1
[1189] = Z 1
[1190] = CNOT 1 4
[1191] = CNOT 1 5
[1192] = S 1
[1193] = Z 1
[1194] = CNOT 1 5
[1195] = CNOT 1 6
[1196] = S 1
[1197] = Z 1
[1198] = CNOT 1 6
[1199] = CNOT 1 7
[1200] = S 1
[1201] = Z 1
[1202] = CNOT 1 7
[1203] = CNOT 1 11
[1204] = S 1
[1205] = Z 1
[1206] = CNOT 1 11
[1207] = CNOT 1 12
[1208] = S 1
[1209] = Z 1
[1210] = CNOT 1 12
[1211] = CNOT 1 13
[1212] = S 1
[1213] = Z 1
[1214] = CNOT 1 13
[1215] = CNOT 1 14
[1216] = S 1
[1217] = Z 1
[1218] = CNOT 1 14
[1219] = CNOT 1 3
[1220] = CNOT 1 4
[1221] = CNOT 1 7
[1222] = S 1
[1223] = Z 1
[1224] = CNOT 1 7
[1225] = CNOT 1 8
[1226] = S 1
[1227] = Z 1
[1228] = CNOT 1 8
[1229] = CNOT 1 9
[1230] = S 1
[1231] = Z 1
[1232] = CNOT 1 9
[1233] = CNOT 1 15
[1234] = S 1
[1235] = Z 1
[1236] = CNOT 1 15
[1237] = CNOT 1 4
[1238] = CNOT 1 5
[1239] = CNOT 1 6
[1240] = S 1
[1241] = Z 1
[1242] = CNOT 1 6
[1243] = CNOT 1 8
[1244] = S 1
[1245] = Z 1
[1246] = CNOT 1 8
[1247] = CNOT 1 9
[1248] = S 1
[1249] = Z 1
[1250] = CNOT 1 9
[1251] = CNOT 1 13
[1252] = S 1
[1253] = Z 1
[1254] = CNOT 1 13
[1255] = CNOT 1 15
[1256] = S 1
[1257] = Z 1
[1258] = CNOT 1 15
[1259] = CNOT 1 5
[1260] = CNOT 1 6
[1261] = CNOT 1 8
[1262] = S 1
[1263] = Z 1
[1264] = CNOT 1 8
[1265] = CNOT 1 9
[1266] = S 1
[1267] = Z 1
[1268] = CNOT 1 9
[1269] = CNOT 1 13
[1270] = S 1
[1271] = Z 1
[1272] = CNOT 1 13
[1273] = CNOT 1 15
[1274] = S 1
[1275] = Z 1
[1276] = CNOT 1 15
[1277] = CNOT 1 6
[1278] = CNOT 1 7
[1279] = CNOT 1 8
[1280] = S 1
[1281] = Z 1
[1282] = CNOT 1 8
[1283] = CNOT 1 9
[1284] = S 1
[1285] = Z 1
[1286] = CNOT 1 9
[1287] = CNOT 1 15
[1288] = S 1
[1289] = Z 1
[1290] = CNOT 1 15
[1291] = CNOT 1 7
[1292] = CNOT 1 8
[1293] = CNOT 1 11
[1294] = S 1
[1295] = Z 1
[1296] = CNOT 1 11
[1297] = CNOT 1 12
[1298] = S 1
[1299] = Z 1
[1300] = CNOT 1 12
[1301] = CNOT 1 13
[1302] = S 1
[1303] = Z 1
[1304] = CNOT 1 13
[1305] = CNOT 1 14
[1306] = S 1
[1307] = Z 1
[1308] = CNOT 1 14
[1309] = CNOT 1 8
[1310] = CNOT 1 9
[1311] = CNOT 1 11
[1312] = S 1
[1313] = Z 1
[1314] = CNOT 1 11
[1315] = CNOT 1 12
[1316] = S 1
[1317] = Z 1
[1318] = CNOT 1 12
[1319] = CNOT 1 13
[1320] = Z 1
[1321] = CNOT 1 13
[1322] = CNOT 1 14
[1323] = S 1
[1324] = Z 1
[1325] = CNOT 1 14
[1326] = CNOT 1 15
[1327] = S 1
[1328] = Z 1
[1329] = CNOT 1 15
[1330] = CNOT 1 9
[1331] = CNOT 1 11
[1332] = CNOT 1 13
[1333] = S 1
[1334] = Z 1
[1335] = CNOT 1 13
[1336] = CNOT 1 15
[1337] = S 1
[1338] = Z 1
[1339] = CNOT 1 11
[1340] = CNOT 1 12
[1341] = S 1
[1342] = Z 1
[1343] = CNOT 1 12
[1344] = CNOT 1 13
[1345] = Z 1
[1346] = CNOT 1 15
[1347] = CNOT 1 13
[1348] = CNOT 2 3
[1349] = CNOT 2 4
[1350] = Z 2
[1351] = CNOT 2 4
[1352] = CNOT 2 5
[1353] = S 2
[1354] = Z 2
[1355] = CNOT 2 5
[1356] = CNOT 2 6
[1357] = S 2
[1358] = Z 2
[1359] = CNOT 2 6
[1360] = CNOT 2 7
[1361] = Z 2
[1362] = CNOT 2 7
[1363] = CNOT 2 12
[1364] = Z 2
[1365] = CNOT 2 12
[1366] = CNOT 2 13
[1367] = S 2
[1368] = Z 2
[1369] = CNOT 2 13
[1370] = CNOT 2 3
[1371] = CNOT 2 4
[1372] = CNOT 2 5
[1373] = S 2
[1374] = Z 2
[1375] = CNOT 2 5
[1376] = CNOT 2 6
[1377] = S 2
[1378] = Z 2
[1379] = CNOT 2 6
[1380] = CNOT 2 7
[1381] = S 2
[1382] = CNOT 2 7
[1383] = CNOT 2 8
[1384] = Z 2
[1385] = CNOT 2 8
[1386] = CNOT 2 9
[1387] = Z 2
[1388] = CNOT 2 9
[1389] = CNOT 2 12
[1390] = S 2
[1391] = Z 2
[1392] = CNOT 2 12
[1393] = CNOT 2 13
[1394] = S 2
[1395] = Z 2
[1396] = CNOT 2 13
[1397] = CNOT 2 15
[1398] = S 2
[1399] = CNOT 2 15
[1400] = CNOT 2 4
[1401] = CNOT 2 5
[1402] = CNOT 2 6
[1403] = Z 2
[1404] = CNOT 2 6
[1405] = CNOT 2 7
[1406] = S 2
[1407] = Z 2
[1408] = CNOT 2 7
[1409] = CNOT 2 8
[1410] = S 2
[1411] = Z 2
[1412] = CNOT 2 8
[1413] = CNOT 2 9
[1414] = S 2
[1415] = Z 2
[1416] = CNOT 2 9
[1417] = CNOT 2 13
[1418] = S 2
[1419] = Z 2
[1420] = CNOT 2 13
[1421] = CNOT 2 15
[1422] = Z 2
[1423] = CNOT 2 15
[1424] = CNOT 2 5
[1425] = CNOT 2 6
[1426] = CNOT 2 7
[1427] = S 2
[1428] = Z 2
[1429] = CNOT 2 7
[1430] = CNOT 2 8
[1431] = S 2
[1432] = Z 2
[1433] = CNOT 2 8
[1434] = CNOT 2 9
[1435] = S 2
[1436] = Z 2
[1437] = CNOT 2 9
[1438] = CNOT 2 13
[1439] = S 2
[1440] = Z 2
[1441] = CNOT 2 13
[1442] = CNOT 2 15
[1443] = Z 2
[1444] = CNOT 2 15
[1445] = CNOT 2 6
[1446] = CNOT 2 7
[1447] = CNOT 2 8
[1448] = Z 2
[1449] = CNOT 2 8
[1450] = CNOT 2 9
[1451] = Z 2
[1452] = CNOT 2 9
[1453] = CNOT 2 12
[1454] = S 2
[1455] = Z 2
[1456] = CNOT 2 12
[1457] = CNOT 2 13
[1458] = S 2
[1459] = Z 2
[1460] = CNOT 2 13
[1461] = CNOT 2 15
[1462] = S 2
[1463] = CNOT 2 15
[1464] = CNOT 2 7
[1465] = CNOT 2 8
[1466] = CNOT 2 12
[1467] = Z 2
[1468] = CNOT 2 12
[1469] = CNOT 2 13
[1470] = S 2
[1471] = Z 2
[1472] = CNOT 2 13
[1473] = CNOT 2 8
[1474] = CNOT 2 9
[1475] = CNOT 2 12
[1476] = Z 2
[1477] = CNOT 2 12
[1478] = CNOT 2 13
[1479] = S 2
[1480] = Z 2
[1481] = CNOT 2 13
[1482] = CNOT 2 14
[1483] = S 2
[1484] = Z 2
[1485] = CNOT 2 14
[1486] = CNOT 2 15
[1487] = S 2
[1488] = Z 2
[1489] = CNOT 2 9
[1490] = CNOT 2 12
[1491] = Z 2
[1492] = CNOT 2 12
[1493] = CNOT 2 13
[1494] = Z 2
[1495] = CNOT 2 13
[1496] = CNOT 2 14
[1497] = S 2
[1498] = Z 2
[1499] = CNOT 2 15
[1500] = CNOT 2 14
[1501] = CNOT 3 4
[1502] = CNOT 3 5
[1503] = Z 3
[1504] = CNOT 3 5
[1505] = CNOT 3 6
[1506] = Z 3
[1507] = CNOT 3 6
[1508] = CNOT 3 7
[1509] = Z 3
[1510] = CNOT 3 7
[1511] = CNOT 3 12
[1512] = Z 3
[1513] = CNOT 3 12
[1514] = CNOT 3 13
[1515] = Z 3
[1516] = CNOT 3 13
[1517] = CNOT 3 15
[1518] = Z 3
[1519] = CNOT 3 15
[1520] = CNOT 3 4
[1521] = CNOT 3 5
[1522] = CNOT 3 7
[1523] = Z 3
[1524] = CNOT 3 7
[1525] = CNOT 3 8
[1526] = S 3
[1527] = CNOT 3 8
[1528] = CNOT 3 9
[1529] = S 3
[1530] = CNOT 3 9
[1531] = CNOT 3 11
[1532] = S 3
[1533] = Z 3
[1534] = CNOT 3 11
[1535] = CNOT 3 12
[1536] = S 3
[1537] = Z 3
[1538] = CNOT 3 12
[1539] = CNOT 3 13
[1540] = Z 3
[1541] = CNOT 3 13
[1542] = CNOT 3 5
[1543] = CNOT 3 6
[1544] = CNOT 3 7
[1545] = Z 3
[1546] = CNOT 3 7
[1547] = CNOT 3 8
[1548] = S 3
[1549] = CNOT 3 8
[1550] = CNOT 3 9
[1551] = S 3
[1552] = CNOT 3 9
[1553] = CNOT 3 11
[1554] = S 3
[1555] = Z 3
[1556] = CNOT 3 11
[1557] = CNOT 3 12
[1558] = S 3
[1559] = Z 3
[1560] = CNOT 3 12
[1561] = CNOT 3 13
[1562] = Z 3
[1563] = CNOT 3 13
[1564] = CNOT 3 6
[1565] = CNOT 3 7
[1566] = CNOT 3 12
[1567] = Z 3
[1568] = CNOT 3 12
[1569] = CNOT 3 13
[1570] = Z 3
[1571] = CNOT 3 13
[1572] = CNOT 3 15
[1573] = Z 3
[1574] = CNOT 3 15
[1575] = CNOT 3 7
[1576] = CNOT 3 8
[1577] = CNOT 3 9
[1578] = S 3
[1579] = Z 3
[1580] = CNOT 3 9
[1581] = CNOT 3 11
[1582] = Z 3
[1583] = CNOT 3 11
[1584] = CNOT 3 12
[1585] = S 3
[1586] = CNOT 3 12
[1587] = CNOT 3 14
[1588] = S 3
[1589] = Z 3
[1590] = CNOT 3 14
[1591] = CNOT 3 8
[1592] = CNOT 3 9
[1593] = CNOT 3 11
[1594] = Z 3
[1595] = CNOT 3 11
[1596] = CNOT 3 12
[1597] = S 3
[1598] = CNOT 3 12
[1599] = CNOT 3 14
[1600] = S 3
[1601] = Z 3
[1602] = CNOT 3 14
[1603] = CNOT 3 15
[1604] = S 3
[1605] = Z 3
[1606] = CNOT 3 15
[1607] = CNOT 3 9
[1608] = CNOT 3 11
[1609] = CNOT 3 13
[1610] = Z 3
[1611] = CNOT 3 13
[1612] = CNOT 3 15
[1613] = Z 3
[1614] = CNOT 3 11
[1615] = CNOT 3 12
[1616] = S 3
[1617] = CNOT 3 12
[1618] = CNOT 3 13
[1619] = S 3
[1620] = Z 3
[1621] = CNOT 3 15
[1622] = CNOT 3 13
[1623] = CNOT 4 5
[1624] = CNOT 4 6
[1625] = S 4
[1626] = CNOT 4 6
[1627] = CNOT 4 7
[1628] = S 4
[1629] = CNOT 4 7
[1630] = CNOT 4 8
[1631] = S 4
[1632] = Z 4
[1633] = CNOT 4 8
[1634] = CNOT 4 9
[1635] = S 4
[1636] = Z 4
[1637] = CNOT 4 9
[1638] = CNOT 4 12
[1639] = S 4
[1640] = Z 4
[1641] = CNOT 4 12
[1642] = CNOT 4 13
[1643] = S 4
[1644] = Z 4
[1645] = CNOT 4 13
[1646] = CNOT 4 15
[1647] = S 4
[1648] = CNOT 4 15
[1649] = CNOT 4 5
[1650] = CNOT 4 6
[1651] = CNOT 4 7
[1652] = S 4
[1653] = CNOT 4 7
[1654] = CNOT 4 8
[1655] = S 4
[1656] = Z 4
[1657] = CNOT 4 8
[1658] = CNOT 4 9
[1659] = S 4
[1660] = Z 4
[1661] = CNOT 4 9
[1662] = CNOT 4 12
[1663] = S 4
[1664] = Z 4
[1665] = CNOT 4 12
[1666] = CNOT 4 13
[1667] = S 4
[1668] = Z 4
[1669] = CNOT 4 13
[1670] = CNOT 4 15
[1671] = S 4
[1672] = CNOT 4 15
[1673] = CNOT 4 6
[1674] = CNOT 4 7
[1675] = CNOT 4 12
[1676] = Z 4
[1677] = CNOT 4 12
[1678] = CNOT 4 13
[1679] = S 4
[1680] = CNOT 4 13
[1681] = CNOT 4 14
[1682] = S 4
[1683] = Z 4
[1684] = CNOT 4 14
[1685] = CNOT 4 7
[1686] = CNOT 4 8
[1687] = CNOT 4 12
[1688] = Z 4
[1689] = CNOT 4 12
[1690] = CNOT 4 13
[1691] = S 4
[1692] = Z 4
[1693] = CNOT 4 13
[1694] = CNOT 4 8
[1695] = CNOT 4 9
[1696] = CNOT 4 12
[1697] = Z 4
[1698] = CNOT 4 12
[1699] = CNOT 4 13
[1700] = S 4
[1701] = Z 4
[1702] = CNOT 4 13
[1703] = CNOT 4 9
[1704] = CNOT 4 12
[1705] = CNOT 4 15
[1706] = Z 4
[1707] = CNOT 4 12
[1708] = CNOT 4 13
[1709] = S 4
[1710] = CNOT 4 13
[1711] = CNOT 4 14
[1712] = S 4
[1713] = Z 4
[1714] = CNOT 4 15
[1715] = CNOT 4 14
[1716] = CNOT 5 6
[1717] = CNOT 5 8
[1718] = S 5
[1719] = CNOT 5 8
[1720] = CNOT 5 9
[1721] = S 5
[1722] = CNOT 5 9
[1723] = CNOT 5 11
[1724] = S 5
[1725] = Z 5
[1726] = CNOT 5 11
[1727] = CNOT 5 12
[1728] = S 5
[1729] = Z 5
[1730] = CNOT 5 12
[1731] = CNOT 5 13
[1732] = S 5
[1733] = CNOT 5 13
[1734] = CNOT 5 14
[1735] = S 5
[1736] = Z 5
[1737] = CNOT 5 14
[1738] = CNOT 5 15
[1739] = S 5
[1740] = CNOT 5 15
[1741] = CNOT 5 6
[1742] = CNOT 5 7
[1743] = CNOT 5 8
[1744] = S 5
[1745] = Z 5
[1746] = CNOT 5 8
[1747] = CNOT 5 9
[1748] = S 5
[1749] = Z 5
[1750] = CNOT 5 9
[1751] = CNOT 5 12
[1752] = S 5
[1753] = Z 5
[1754] = CNOT 5 12
[1755] = CNOT 5 13
[1756] = S 5
[1757] = Z 5
[1758] = CNOT 5 13
[1759] = CNOT 5 14
[1760] = S 5
[1761] = Z 5
[1762] = CNOT 5 14
[1763] = CNOT 5 7
[1764] = CNOT 5 8
[1765] = CNOT 5 9
[1766] = S 5
[1767] = CNOT 5 9
[1768] = CNOT 5 11
[1769] = S 5
[1770] = Z 5
[1771] = CNOT 5 11
[1772] = CNOT 5 12
[1773] = S 5
[1774] = Z 5
[1775] = CNOT 5 12
[1776] = CNOT 5 13
[1777] = Z 5
[1778] = CNOT 5 13
[1779] = CNOT 5 15
[1780] = S 5
[1781] = CNOT 5 15
[1782] = CNOT 5 8
[1783] = CNOT 5 9
[1784] = CNOT 5 11
[1785] = S 5
[1786] = Z 5
[1787] = CNOT 5 11
[1788] = CNOT 5 12
[1789] = S 5
[1790] = Z 5
[1791] = CNOT 5 12
[1792] = CNOT 5 13
[1793] = Z 5
[1794] = CNOT 5 13
[1795] = CNOT 5 15
[1796] = S 5
[1797] = CNOT 5 15
[1798] = CNOT 5 9
[1799] = CNOT 5 11
[1800] = CNOT 5 13
[1801] = S 5
[1802] = Z 5
[1803] = CNOT 5 13
[1804] = CNOT 5 15
[1805] = S 5
[1806] = Z 5
[1807] = CNOT 5 11
[1808] = CNOT 5 12
[1809] = S 5
[1810] = Z 5
[1811] = CNOT 5 12
[1812] = CNOT 5 13
[1813] = S 5
[1814] = CNOT 5 13
[1815] = CNOT 5 14
[1816] = S 5
[1817] = Z 5
[1818] = CNOT 5 15
[1819] = CNOT 5 14
[1820] = CNOT 6 7
[1821] = CNOT 6 8
[1822] = S 6
[1823] = Z 6
[1824] = CNOT 6 8
[1825] = CNOT 6 9
[1826] = S 6
[1827] = Z 6
[1828] = CNOT 6 9
[1829] = CNOT 6 12
[1830] = S 6
[1831] = Z 6
[1832] = CNOT 6 12
[1833] = CNOT 6 13
[1834] = S 6
[1835] = Z 6
[1836] = CNOT 6 13
[1837] = CNOT 6 14
[1838] = S 6
[1839] = Z 6
[1840] = CNOT 6 14
[1841] = CNOT 6 7
[1842] = CNOT 6 8
[1843] = CNOT 6 9
[1844] = S 6
[1845] = CNOT 6 9
[1846] = CNOT 6 11
[1847] = S 6
[1848] = Z 6
[1849] = CNOT 6 11
[1850] = CNOT 6 12
[1851] = S 6
[1852] = Z 6
[1853] = CNOT 6 12
[1854] = CNOT 6 13
[1855] = Z 6
[1856] = CNOT 6 13
[1857] = CNOT 6 15
[1858] = S 6
[1859] = CNOT 6 15
[1860] = CNOT 6 8
[1861] = CNOT 6 9
[1862] = CNOT 6 11
[1863] = S 6
[1864] = Z 6
[1865] = CNOT 6 11
[1866] = CNOT 6 12
[1867] = S 6
[1868] = Z 6
[1869] = CNOT 6 12
[1870] = CNOT 6 13
[1871] = Z 6
[1872] = CNOT 6 13
[1873] = CNOT 6 15
[1874] = S 6
[1875] = CNOT 6 15
[1876] = CNOT 6 9
[1877] = CNOT 6 11
[1878] = CNOT 6 13
[1879] = S 6
[1880] = Z 6
[1881] = CNOT 6 13
[1882] = CNOT 6 15
[1883] = S 6
[1884] = Z 6
[1885] = CNOT 6 11
[1886] = CNOT 6 12
[1887] = S 6
[1888] = Z 6
[1889] = CNOT 6 12
[1890] = CNOT 6 13
[1891] = S 6
[1892] = CNOT 6 13
[1893] = CNOT 6 14
[1894] = S 6
[1895] = Z 6
[1896] = CNOT 6 15
[1897] = CNOT 6 14
[1898] = CNOT 7 8
[1899] = CNOT 7 12
[1900] = Z 7
[1901] = CNOT 7 12
[1902] = CNOT 7 13
[1903] = S 7
[1904] = Z 7
[1905] = CNOT 7 13
[1906] = CNOT 7 8
[1907] = CNOT 7 9
[1908] = CNOT 7 12
[1909] = Z 7
[1910] = CNOT 7 12
[1911] = CNOT 7 13
[1912] = S 7
[1913] = Z 7
[1914] = CNOT 7 13
[1915] = CNOT 7 9
[1916] = CNOT 7 12
[1917] = CNOT 7 15
[1918] = Z 7
[1919] = CNOT 7 12
[1920] = CNOT 7 13
[1921] = S 7
[1922] = CNOT 7 15
[1923] = CNOT 7 13
[1924] = CNOT 8 9
[1925] = CNOT 8 11
[1926] = Z 8
[1927] = CNOT 8 11
[1928] = CNOT 8 12
[1929] = S 8
[1930] = CNOT 8 12
[1931] = CNOT 8 14
[1932] = S 8
[1933] = Z 8
[1934] = CNOT 8 14
[1935] = CNOT 8 15
[1936] = S 8
[1937] = Z 8
[1938] = CNOT 8 15
[1939] = CNOT 8 9
[1940] = CNOT 8 11
[1941] = CNOT 8 13
[1942] = Z 8
[1943] = CNOT 8 13
[1944] = CNOT 8 15
[1945] = Z 8
[1946] = CNOT 8 11
[1947] = CNOT 8 12
[1948] = S 8
[1949] = CNOT 8 12
[1950] = CNOT 8 14
[1951] = S 8
[1952] = Z 8
[1953] = CNOT 8 15
[1954] = CNOT 8 14
[1955] = CNOT 9 11
[1956] = CNOT 9 13
[1957] = Z 9
[1958] = CNOT 9 13
[1959] = CNOT 9 15
[1960] = Z 9
[1961] = CNOT 9 11
[1962] = CNOT 9 12
[1963] = S 9
[1964] = CNOT 9 12
[1965] = CNOT 9 14
[1966] = Z 9
[1967] = CNOT 9 15
[1968] = CNOT 9 14
[1969] = CNOT 11 13
[1970] = CNOT 11 15
[1971] = Z 11
[1972] = CNOT 11 15
[1973] = CNOT 11 13
[1974] = CNOT 6 5
[1975] = CNOT 7 4
[1976] = CNOT 8 3
[1977] = CNOT 9 2
[1978] = CNOT 10 1
[1979] = H 11
[1980] = H 12
[1981] = H 13
[1982] = H 14
[1983] = H 15
Gate distributions:
Input:
Operator distribution:
Total number of qubits = 15
Number of `data' qubits = 15
Number of `Toff_n' ancillas = 0
Number of Hadamard ancillas = 0
Hadamard ancilla cap = 0
Number of {CNOT,T} partitions = 3
T count = 175
Cost estimation = 87522
	id	Count
	0	0
	1	0
	2	0
	3	18
	4	4
	5	0
	6	0
	7	0
	8	0
	9	0
	10	25
	11	0
	12	0
	13	0
	14	0
	15	0
	16	0
	17	0
	18	0
Output:
Operator distribution:
Total number of qubits = 15
Number of `data' qubits = 15
Number of `Toff_n' ancillas = 0
Number of Hadamard ancillas = 0
Hadamard ancilla cap = 0
Number of {CNOT,T} partitions = 3
T count = 89
Cost estimation = 46395
	id	Count
	0	0
	1	0
	2	0
	3	18
	4	1268
	5	89
	6	0
	7	0
	8	0
	9	0
	10	0
	11	289
	12	0
	13	320
	14	0
	15	0
	16	0
	17	0
	18	0
Output T Count (SQC_Circuit) = 89
Output T Count (PhasePolynomial) = 89
Fail count = 0

Execution time: 2.6791s
Number of LCL errors: 0
Number of LCL warnings: 0
