Optimize a Clifford + T circuit.
Input filename = /home/rest/forpyzx/TOpt/forme/tpar_benchmark/qcla_mod_7.tfc
Number of unknown gates = 0
Number of unknown qubit labels = 0
Circuit filename: /home/rest/forpyzx/TOpt/forme/tpar_benchmark/qcla_mod_7.tfc

n 26
n_x 26
n_y 0
n_z 0
m 201
[0] = H 1
[1] = H 4
[2] = H 5
[3] = H 8
[4] = H 9
[5] = H 12
[6] = H 13
[7] = H 16
[8] = H 19
[9] = H 20
[10] = H 23
[11] = H 24
[12] = CCZ 2 3 5
[13] = CCZ 6 7 9
[14] = CCZ 10 11 13
[15] = CCZ 14 15 16
[16] = CCZ 17 18 20
[17] = CCZ 21 22 24
[18] = CCZ 25 26 1
[19] = CNOT 3 2
[20] = CNOT 7 6
[21] = CNOT 11 10
[22] = CNOT 15 14
[23] = CNOT 18 17
[24] = CNOT 22 21
[25] = CNOT 26 25
[26] = CCZ 3 7 4
[27] = CCZ 11 15 12
[28] = CCZ 18 22 19
[29] = H 4
[30] = H 5
[31] = H 12
[32] = H 13
[33] = H 19
[34] = H 20
[35] = CCZ 4 12 8
[36] = CCZ 19 26 23
[37] = CCZ 5 7 9
[38] = CCZ 13 15 16
[39] = CCZ 20 22 24
[40] = H 8
[41] = H 9
[42] = H 23
[43] = H 24
[44] = CCZ 9 12 16
[45] = H 16
[46] = CCZ 8 23 1
[47] = CCZ 26 24 1
[48] = CCZ 23 16 1
[49] = H 1
[50] = H 16
[51] = CCZ 1 8 16
[52] = H 16
[53] = H 9
[54] = H 8
[55] = H 5
[56] = H 20
[57] = H 23
[58] = H 24
[59] = CCZ 1 4 9
[60] = CCZ 1 3 5
[61] = CCZ 4 12 8
[62] = CCZ 16 19 24
[63] = CCZ 16 18 20
[64] = CCZ 19 26 23
[65] = H 5
[66] = H 9
[67] = H 20
[68] = H 24
[69] = H 4
[70] = H 12
[71] = H 13
[72] = H 19
[73] = CCZ 3 7 4
[74] = CCZ 11 15 12
[75] = CCZ 9 11 13
[76] = CCZ 18 22 19
[77] = H 13
[78] = CNOT 3 1
[79] = CNOT 7 5
[80] = CNOT 11 9
[81] = CNOT 15 13
[82] = CNOT 18 16
[83] = CNOT 22 20
[84] = CNOT 26 24
[85] = CNOT 3 2
[86] = CNOT 7 6
[87] = CNOT 11 10
[88] = CNOT 15 14
[89] = CNOT 18 17
[90] = CNOT 22 21
[91] = CNOT 26 25
[92] = H 13
[93] = CCZ 3 7 4
[94] = CCZ 11 15 12
[95] = CCZ 9 11 13
[96] = CCZ 18 22 19
[97] = H 4
[98] = H 12
[99] = H 13
[100] = H 19
[101] = H 5
[102] = H 9
[103] = H 20
[104] = H 24
[105] = CCZ 1 4 9
[106] = CCZ 1 3 5
[107] = CCZ 4 12 8
[108] = CCZ 16 19 24
[109] = CCZ 16 18 20
[110] = CCZ 19 26 23
[111] = H 9
[112] = H 8
[113] = H 5
[114] = H 20
[115] = H 23
[116] = H 24
[117] = H 16
[118] = CCZ 1 8 16
[119] = H 1
[120] = H 16
[121] = CCZ 26 24 1
[122] = CCZ 23 16 1
[123] = H 16
[124] = CCZ 9 12 16
[125] = H 8
[126] = H 9
[127] = H 23
[128] = H 24
[129] = CCZ 4 12 8
[130] = CCZ 19 26 23
[131] = CCZ 5 7 9
[132] = CCZ 13 15 16
[133] = CCZ 20 22 24
[134] = H 4
[135] = H 5
[136] = H 12
[137] = H 13
[138] = H 19
[139] = H 20
[140] = CCZ 3 7 4
[141] = CCZ 11 15 12
[142] = CCZ 18 22 19
[143] = CNOT 3 2
[144] = CNOT 7 6
[145] = CNOT 11 10
[146] = CNOT 15 14
[147] = CNOT 18 17
[148] = CNOT 22 21
[149] = CNOT 26 25
[150] = CCZ 2 3 5
[151] = CCZ 6 7 9
[152] = CCZ 10 11 13
[153] = CCZ 14 15 16
[154] = CCZ 17 18 20
[155] = CCZ 21 22 24
[156] = CCZ 25 26 1
[157] = H 1
[158] = H 4
[159] = H 5
[160] = H 8
[161] = H 9
[162] = H 12
[163] = H 13
[164] = H 16
[165] = H 19
[166] = H 20
[167] = H 23
[168] = H 24

Algorithm used: todd

UniversalOptimize begin.
	Gate synthesis begin.

in LempelX2
		Round = 0
Round 0 | Current Columns (m): 53
		Round = 1
Round 1 | Current Columns (m): 51
		Round = 2
Round 2 | Current Columns (m): 49
		Round = 3
Round 3 | Current Columns (m): 47
nullspace time: 2040 ms, chi time: 1862 ms
Total LempelX2 time: 3906 ms
		TODD executed in 3.90646 seconds.
		Total time: 3.90671s
	Gate synthesis end.
	Gate synthesis begin.

in LempelX2
		Round = 0
Round 0 | Current Columns (m): 28
nullspace time: 344 ms, chi time: 303 ms
Total LempelX2 time: 649 ms
		TODD executed in 0.649445 seconds.
		Total time: 0.649501s
	Gate synthesis end.
	Gate synthesis begin.

in LempelX2
		Round = 0
Round 0 | Current Columns (m): 18
nullspace time: 101 ms, chi time: 79 ms
Total LempelX2 time: 182 ms
		TODD executed in 0.182136 seconds.
		Total time: 0.182174s
	Gate synthesis end.
	Gate synthesis begin.

in LempelX2
		Round = 0
Round 0 | Current Columns (m): 7
nullspace time: 9 ms, chi time: 4 ms
Total LempelX2 time: 14 ms
		TODD executed in 0.014666 seconds.
		Total time: 0.014689s
	Gate synthesis end.
	Gate synthesis begin.

in LempelX2
		Round = 0
Round 0 | Current Columns (m): 18
nullspace time: 101 ms, chi time: 79 ms
Total LempelX2 time: 181 ms
		TODD executed in 0.181415 seconds.
		Total time: 0.181454s
	Gate synthesis end.
	Gate synthesis begin.

in LempelX2
		Round = 0
Round 0 | Current Columns (m): 19
nullspace time: 122 ms, chi time: 93 ms
Total LempelX2 time: 217 ms
		TODD executed in 0.217043 seconds.
		Total time: 0.217082s
	Gate synthesis end.
	Gate synthesis begin.

in LempelX2
		Round = 0
Round 0 | Current Columns (m): 24
nullspace time: 229 ms, chi time: 191 ms
Total LempelX2 time: 421 ms
		TODD executed in 0.42106 seconds.
		Total time: 0.421132s
	Gate synthesis end.
	Gate synthesis begin.

in LempelX2
		Round = 0
Round 0 | Current Columns (m): 27
nullspace time: 310 ms, chi time: 273 ms
Total LempelX2 time: 585 ms
		TODD executed in 0.585796 seconds.
		Total time: 0.585867s
	Gate synthesis end.
	Gate synthesis begin.

in LempelX2
		Round = 0
Round 0 | Current Columns (m): 14
nullspace time: 56 ms, chi time: 36 ms
Total LempelX2 time: 94 ms
		TODD executed in 0.094039 seconds.
		Total time: 0.094073s
	Gate synthesis end.
	Gate synthesis begin.

in LempelX2
		Round = 0
Round 0 | Current Columns (m): 11
nullspace time: 30 ms, chi time: 18 ms
Total LempelX2 time: 48 ms
		TODD executed in 0.04892 seconds.
		Total time: 0.04895s
	Gate synthesis end.
	Gate synthesis begin.

in LempelX2
		Round = 0
Round 0 | Current Columns (m): 7
nullspace time: 9 ms, chi time: 4 ms
Total LempelX2 time: 14 ms
		TODD executed in 0.014614 seconds.
		Total time: 0.014655s
	Gate synthesis end.
	Gate synthesis begin.

in LempelX2
		Round = 0
Round 0 | Current Columns (m): 11
nullspace time: 29 ms, chi time: 18 ms
Total LempelX2 time: 48 ms
		TODD executed in 0.04882 seconds.
		Total time: 0.048848s
	Gate synthesis end.
	Gate synthesis begin.

in LempelX2
		Round = 0
Round 0 | Current Columns (m): 28
nullspace time: 344 ms, chi time: 301 ms
Total LempelX2 time: 646 ms
		TODD executed in 0.64643 seconds.
		Total time: 0.646487s
	Gate synthesis end.
	Gate synthesis begin.

in LempelX2
		Round = 0
Round 0 | Current Columns (m): 42
nullspace time: 1139 ms, chi time: 1064 ms
Total LempelX2 time: 2205 ms
		TODD executed in 2.20575 seconds.
		Total time: 2.20584s
	Gate synthesis end.
	Gate synthesis begin.

in LempelX2
		Round = 0
Round 0 | Current Columns (m): 4
nullspace time: 2 ms, chi time: 0 ms
Total LempelX2 time: 3 ms
		TODD executed in 0.003589 seconds.
		Total time: 0.003607s
	Gate synthesis end.
	Total time: 11.1012s
UniversalOptimize end.
Output circuit:
n 26
n_x 26
n_y 0
n_z 0
m 2001
[0] = H 1
[1] = H 4
[2] = H 5
[3] = H 8
[4] = H 9
[5] = H 12
[6] = H 13
[7] = H 16
[8] = H 19
[9] = H 20
[10] = H 23
[11] = H 24
[12] = T 3
[13] = S 3
[14] = T 5
[15] = T 23
[16] = CNOT 2 3
[17] = CNOT 2 5
[18] = T 2
[19] = CNOT 2 3
[20] = CNOT 3 5
[21] = T 3
[22] = S 3
[23] = CNOT 3 5
[24] = T 2
[25] = S 2
[26] = CNOT 2 5
[27] = T 7
[28] = S 7
[29] = CNOT 2 3
[30] = CNOT 2 6
[31] = CNOT 2 9
[32] = T 2
[33] = CNOT 2 6
[34] = CNOT 6 7
[35] = CNOT 6 9
[36] = T 6
[37] = CNOT 6 9
[38] = CNOT 6 7
[39] = T 26
[40] = Z 26
[41] = CNOT 17 18
[42] = CNOT 17 19
[43] = CNOT 17 22
[44] = CNOT 17 24
[45] = T 17
[46] = CNOT 17 22
[47] = CNOT 17 19
[48] = T 11
[49] = S 11
[50] = T 13
[51] = CNOT 10 11
[52] = CNOT 10 13
[53] = T 10
[54] = CNOT 10 11
[55] = CNOT 11 13
[56] = T 11
[57] = S 11
[58] = CNOT 11 13
[59] = T 10
[60] = S 10
[61] = CNOT 10 13
[62] = T 15
[63] = S 15
[64] = Z 15
[65] = CNOT 14 15
[66] = T 14
[67] = S 14
[68] = CNOT 14 16
[69] = T 14
[70] = CNOT 14 15
[71] = CNOT 15 16
[72] = T 15
[73] = S 15
[74] = CNOT 15 16
[75] = T 14
[76] = S 14
[77] = CNOT 14 16
[78] = T 18
[79] = S 18
[80] = T 20
[81] = CNOT 17 21
[82] = T 17
[83] = CNOT 17 24
[84] = CNOT 17 21
[85] = CNOT 17 20
[86] = T 17
[87] = CNOT 17 18
[88] = CNOT 18 20
[89] = T 18
[90] = S 18
[91] = CNOT 18 20
[92] = T 17
[93] = S 17
[94] = CNOT 17 20
[95] = T 22
[96] = S 22
[97] = CNOT 17 18
[98] = CNOT 17 19
[99] = CNOT 17 21
[100] = CNOT 17 24
[101] = T 17
[102] = CNOT 17 21
[103] = CNOT 17 19
[104] = CNOT 21 22
[105] = CNOT 21 24
[106] = T 21
[107] = CNOT 21 24
[108] = CNOT 21 22
[109] = CNOT 19 22
[110] = CNOT 19 24
[111] = T 19
[112] = S 19
[113] = Z 19
[114] = CNOT 19 22
[115] = CNOT 2 7
[116] = T 2
[117] = T 8
[118] = CNOT 1 25
[119] = CNOT 1 26
[120] = T 1
[121] = CNOT 1 25
[122] = T 1
[123] = S 1
[124] = CNOT 1 26
[125] = CNOT 1 25
[126] = T 1
[127] = S 1
[128] = CNOT 1 25
[129] = CNOT 2 4
[130] = T 2
[131] = CNOT 2 7
[132] = CNOT 2 4
[133] = CNOT 17 22
[134] = T 17
[135] = CNOT 17 24
[136] = CNOT 17 22
[137] = CNOT 17 18
[138] = CNOT 4 6
[139] = CNOT 4 9
[140] = T 4
[141] = S 4
[142] = Z 4
[143] = CNOT 4 9
[144] = CNOT 4 6
[145] = CNOT 2 4
[146] = CNOT 2 6
[147] = T 2
[148] = CNOT 2 9
[149] = CNOT 2 6
[150] = CNOT 2 4
[151] = CNOT 2 3
[152] = CNOT 4 7
[153] = CNOT 4 9
[154] = T 4
[155] = S 4
[156] = Z 4
[157] = CNOT 4 9
[158] = CNOT 4 7
[159] = T 12
[160] = CNOT 10 11
[161] = CNOT 10 14
[162] = CNOT 10 15
[163] = T 10
[164] = CNOT 10 12
[165] = T 10
[166] = CNOT 10 15
[167] = CNOT 10 14
[168] = CNOT 10 12
[169] = CNOT 12 14
[170] = CNOT 12 15
[171] = T 12
[172] = S 12
[173] = Z 12
[174] = CNOT 12 15
[175] = CNOT 12 14
[176] = CNOT 10 12
[177] = T 10
[178] = S 10
[179] = Z 10
[180] = CNOT 10 12
[181] = CNOT 10 11
[182] = CNOT 19 21
[183] = T 19
[184] = S 19
[185] = Z 19
[186] = CNOT 19 24
[187] = CNOT 19 21
[188] = S 1
[189] = Z 2
[190] = S 4
[191] = Z 4
[192] = Z 6
[193] = S 9
[194] = Z 10
[195] = S 16
[196] = Z 17
[197] = S 19
[198] = Z 19
[199] = Z 21
[200] = S 24
[201] = S 25
[202] = Z 25
[203] = CNOT 2 3
[204] = S 2
[205] = Z 2
[206] = CNOT 2 3
[207] = CNOT 2 4
[208] = S 2
[209] = Z 2
[210] = CNOT 2 4
[211] = CNOT 2 6
[212] = S 2
[213] = Z 2
[214] = CNOT 2 6
[215] = CNOT 2 7
[216] = S 2
[217] = Z 2
[218] = CNOT 2 7
[219] = CNOT 2 9
[220] = S 2
[221] = Z 2
[222] = CNOT 2 9
[223] = CNOT 3 4
[224] = S 3
[225] = Z 3
[226] = CNOT 3 4
[227] = CNOT 3 6
[228] = S 3
[229] = Z 3
[230] = CNOT 3 6
[231] = CNOT 3 7
[232] = S 3
[233] = Z 3
[234] = CNOT 3 7
[235] = CNOT 3 9
[236] = S 3
[237] = Z 3
[238] = CNOT 3 9
[239] = CNOT 4 6
[240] = Z 4
[241] = CNOT 4 6
[242] = CNOT 4 7
[243] = Z 4
[244] = CNOT 4 7
[245] = CNOT 4 9
[246] = Z 4
[247] = CNOT 4 9
[248] = CNOT 6 9
[249] = S 6
[250] = CNOT 6 9
[251] = CNOT 7 9
[252] = S 7
[253] = CNOT 7 9
[254] = CNOT 10 12
[255] = Z 10
[256] = CNOT 10 12
[257] = CNOT 10 14
[258] = S 10
[259] = Z 10
[260] = CNOT 10 14
[261] = CNOT 10 15
[262] = S 10
[263] = Z 10
[264] = CNOT 10 15
[265] = CNOT 11 12
[266] = Z 11
[267] = CNOT 11 12
[268] = CNOT 11 14
[269] = S 11
[270] = Z 11
[271] = CNOT 11 14
[272] = CNOT 11 15
[273] = S 11
[274] = Z 11
[275] = CNOT 11 15
[276] = CNOT 12 14
[277] = Z 12
[278] = CNOT 12 14
[279] = CNOT 12 15
[280] = Z 12
[281] = CNOT 12 15
[282] = CNOT 17 18
[283] = S 17
[284] = Z 17
[285] = CNOT 17 18
[286] = CNOT 17 19
[287] = S 17
[288] = Z 17
[289] = CNOT 17 19
[290] = CNOT 17 21
[291] = S 17
[292] = Z 17
[293] = CNOT 17 21
[294] = CNOT 17 22
[295] = S 17
[296] = Z 17
[297] = CNOT 17 22
[298] = CNOT 17 24
[299] = S 17
[300] = Z 17
[301] = CNOT 17 24
[302] = CNOT 18 19
[303] = S 18
[304] = Z 18
[305] = CNOT 18 19
[306] = CNOT 18 21
[307] = S 18
[308] = Z 18
[309] = CNOT 18 21
[310] = CNOT 18 22
[311] = S 18
[312] = Z 18
[313] = CNOT 18 22
[314] = CNOT 18 24
[315] = S 18
[316] = Z 18
[317] = CNOT 18 24
[318] = CNOT 19 21
[319] = Z 19
[320] = CNOT 19 21
[321] = CNOT 19 22
[322] = Z 19
[323] = CNOT 19 22
[324] = CNOT 19 24
[325] = Z 19
[326] = CNOT 19 24
[327] = CNOT 21 24
[328] = S 21
[329] = CNOT 21 24
[330] = CNOT 22 24
[331] = S 22
[332] = CNOT 22 24
[333] = CNOT 2 3
[334] = CNOT 2 4
[335] = S 2
[336] = Z 2
[337] = CNOT 2 4
[338] = CNOT 2 6
[339] = S 2
[340] = Z 2
[341] = CNOT 2 6
[342] = CNOT 2 7
[343] = S 2
[344] = Z 2
[345] = CNOT 2 7
[346] = CNOT 2 9
[347] = Z 2
[348] = CNOT 2 3
[349] = CNOT 2 4
[350] = S 2
[351] = Z 2
[352] = CNOT 2 4
[353] = CNOT 2 6
[354] = S 2
[355] = Z 2
[356] = CNOT 2 6
[357] = CNOT 2 7
[358] = S 2
[359] = Z 2
[360] = CNOT 2 9
[361] = CNOT 2 7
[362] = CNOT 3 4
[363] = CNOT 3 9
[364] = S 3
[365] = Z 3
[366] = CNOT 3 4
[367] = CNOT 3 6
[368] = S 3
[369] = Z 3
[370] = CNOT 3 6
[371] = CNOT 3 7
[372] = S 3
[373] = Z 3
[374] = CNOT 3 9
[375] = CNOT 3 7
[376] = CNOT 10 11
[377] = CNOT 10 14
[378] = S 10
[379] = Z 10
[380] = CNOT 10 14
[381] = CNOT 10 15
[382] = S 10
[383] = Z 10
[384] = CNOT 10 11
[385] = CNOT 10 14
[386] = S 10
[387] = Z 10
[388] = CNOT 10 15
[389] = CNOT 10 14
[390] = CNOT 11 14
[391] = CNOT 11 15
[392] = S 11
[393] = Z 11
[394] = CNOT 11 15
[395] = CNOT 11 14
[396] = CNOT 17 18
[397] = CNOT 17 19
[398] = S 17
[399] = Z 17
[400] = CNOT 17 19
[401] = CNOT 17 21
[402] = S 17
[403] = Z 17
[404] = CNOT 17 21
[405] = CNOT 17 22
[406] = S 17
[407] = Z 17
[408] = CNOT 17 22
[409] = CNOT 17 24
[410] = Z 17
[411] = CNOT 17 18
[412] = CNOT 17 19
[413] = S 17
[414] = Z 17
[415] = CNOT 17 19
[416] = CNOT 17 21
[417] = S 17
[418] = Z 17
[419] = CNOT 17 21
[420] = CNOT 17 22
[421] = S 17
[422] = Z 17
[423] = CNOT 17 24
[424] = CNOT 17 22
[425] = CNOT 18 19
[426] = CNOT 18 24
[427] = S 18
[428] = Z 18
[429] = CNOT 18 19
[430] = CNOT 18 21
[431] = S 18
[432] = Z 18
[433] = CNOT 18 21
[434] = CNOT 18 22
[435] = S 18
[436] = Z 18
[437] = CNOT 18 24
[438] = CNOT 18 22
[439] = CNOT 26 25
[440] = CNOT 22 21
[441] = CNOT 18 17
[442] = CNOT 15 14
[443] = CNOT 11 10
[444] = CNOT 7 6
[445] = CNOT 3 2
[446] = H 4
[447] = H 5
[448] = H 12
[449] = H 13
[450] = H 19
[451] = H 20
[452] = CNOT 4 12
[453] = T 4
[454] = S 4
[455] = CNOT 4 8
[456] = T 4
[457] = CNOT 4 12
[458] = CNOT 4 8
[459] = CNOT 8 12
[460] = T 8
[461] = S 8
[462] = CNOT 8 12
[463] = CNOT 4 8
[464] = T 4
[465] = S 4
[466] = CNOT 4 8
[467] = CNOT 19 26
[468] = T 19
[469] = S 19
[470] = CNOT 19 23
[471] = T 19
[472] = CNOT 19 26
[473] = CNOT 19 23
[474] = CNOT 23 26
[475] = T 23
[476] = S 23
[477] = CNOT 23 26
[478] = CNOT 19 23
[479] = T 19
[480] = S 19
[481] = CNOT 19 23
[482] = T 5
[483] = CNOT 5 7
[484] = T 5
[485] = S 5
[486] = CNOT 5 9
[487] = T 5
[488] = CNOT 5 7
[489] = CNOT 7 9
[490] = T 7
[491] = S 7
[492] = CNOT 7 9
[493] = T 5
[494] = S 5
[495] = CNOT 5 9
[496] = T 13
[497] = CNOT 13 15
[498] = T 13
[499] = S 13
[500] = CNOT 13 16
[501] = T 13
[502] = CNOT 13 15
[503] = CNOT 15 16
[504] = T 15
[505] = S 15
[506] = CNOT 15 16
[507] = T 13
[508] = S 13
[509] = CNOT 13 16
[510] = T 20
[511] = CNOT 20 22
[512] = T 20
[513] = S 20
[514] = CNOT 20 24
[515] = T 20
[516] = CNOT 20 22
[517] = CNOT 22 24
[518] = T 22
[519] = S 22
[520] = CNOT 22 24
[521] = T 20
[522] = S 20
[523] = CNOT 20 24
[524] = T 16
[525] = T 7
[526] = T 15
[527] = Z 15
[528] = CNOT 11 15
[529] = T 11
[530] = S 11
[531] = CNOT 11 15
[532] = T 22
[533] = S 4
[534] = Z 11
[535] = S 12
[536] = S 19
[537] = S 26
[538] = CNOT 15 11
[539] = H 8
[540] = H 9
[541] = H 23
[542] = H 24
[543] = H 5
[544] = H 20
[545] = H 13
[546] = T 9
[547] = CNOT 9 12
[548] = T 9
[549] = S 9
[550] = CNOT 9 16
[551] = T 9
[552] = CNOT 9 12
[553] = CNOT 12 16
[554] = T 12
[555] = S 12
[556] = CNOT 12 16
[557] = T 9
[558] = S 9
[559] = CNOT 9 16
[560] = CNOT 8 23
[561] = T 8
[562] = S 8
[563] = CNOT 8 23
[564] = CNOT 1 8
[565] = CNOT 1 23
[566] = T 1
[567] = CNOT 1 8
[568] = T 1
[569] = S 1
[570] = CNOT 1 23
[571] = CNOT 1 8
[572] = T 1
[573] = S 1
[574] = CNOT 1 8
[575] = T 24
[576] = CNOT 24 26
[577] = T 24
[578] = S 24
[579] = CNOT 24 26
[580] = CNOT 1 24
[581] = CNOT 1 26
[582] = T 1
[583] = CNOT 1 26
[584] = T 1
[585] = S 1
[586] = CNOT 1 24
[587] = CNOT 1 26
[588] = T 1
[589] = S 1
[590] = CNOT 1 26
[591] = T 5
[592] = T 12
[593] = T 20
[594] = T 13
[595] = S 1
[596] = S 8
[597] = S 23
[598] = H 16
[599] = H 9
[600] = H 24
[601] = T 16
[602] = CNOT 16 23
[603] = T 16
[604] = S 16
[605] = CNOT 16 23
[606] = CNOT 1 16
[607] = CNOT 1 23
[608] = T 1
[609] = CNOT 1 23
[610] = T 1
[611] = S 1
[612] = CNOT 1 16
[613] = CNOT 1 23
[614] = T 1
[615] = S 1
[616] = CNOT 1 23
[617] = T 9
[618] = T 24
[619] = H 1
[620] = H 16
[621] = H 23
[622] = T 16
[623] = CNOT 1 8
[624] = T 1
[625] = S 1
[626] = CNOT 1 16
[627] = T 1
[628] = CNOT 1 8
[629] = CNOT 8 16
[630] = T 8
[631] = S 8
[632] = CNOT 8 16
[633] = T 1
[634] = S 1
[635] = CNOT 1 16
[636] = CNOT 1 4
[637] = T 1
[638] = S 1
[639] = CNOT 1 9
[640] = T 1
[641] = CNOT 1 4
[642] = CNOT 4 9
[643] = T 4
[644] = S 4
[645] = CNOT 4 9
[646] = T 1
[647] = S 1
[648] = CNOT 1 9
[649] = CNOT 1 3
[650] = T 1
[651] = S 1
[652] = CNOT 1 5
[653] = T 1
[654] = CNOT 1 3
[655] = CNOT 3 5
[656] = T 3
[657] = S 3
[658] = CNOT 3 5
[659] = T 1
[660] = S 1
[661] = CNOT 1 5
[662] = T 4
[663] = Z 4
[664] = CNOT 4 12
[665] = T 4
[666] = S 4
[667] = CNOT 4 12
[668] = T 23
[669] = T 3
[670] = Z 3
[671] = CNOT 3 7
[672] = T 3
[673] = S 3
[674] = CNOT 3 7
[675] = S 1
[676] = Z 1
[677] = Z 7
[678] = Z 12
[679] = CNOT 12 4
[680] = CNOT 7 3
[681] = H 16
[682] = H 8
[683] = H 5
[684] = H 9
[685] = CNOT 8 12
[686] = T 8
[687] = Z 8
[688] = CNOT 8 12
[689] = CNOT 4 8
[690] = CNOT 4 12
[691] = T 4
[692] = S 4
[693] = Z 4
[694] = CNOT 4 12
[695] = T 4
[696] = S 4
[697] = Z 4
[698] = CNOT 4 8
[699] = CNOT 16 19
[700] = T 16
[701] = S 16
[702] = CNOT 16 24
[703] = T 16
[704] = CNOT 16 19
[705] = CNOT 19 24
[706] = T 19
[707] = S 19
[708] = CNOT 19 24
[709] = T 16
[710] = S 16
[711] = CNOT 16 24
[712] = CNOT 16 18
[713] = T 16
[714] = S 16
[715] = CNOT 16 20
[716] = T 16
[717] = CNOT 16 18
[718] = CNOT 18 20
[719] = T 18
[720] = S 18
[721] = CNOT 18 20
[722] = T 16
[723] = S 16
[724] = CNOT 16 20
[725] = T 19
[726] = CNOT 19 26
[727] = T 19
[728] = S 19
[729] = CNOT 19 23
[730] = T 19
[731] = CNOT 19 26
[732] = CNOT 19 23
[733] = CNOT 23 26
[734] = T 23
[735] = S 23
[736] = CNOT 23 26
[737] = CNOT 19 23
[738] = T 19
[739] = S 19
[740] = CNOT 19 23
[741] = T 18
[742] = Z 18
[743] = CNOT 18 22
[744] = T 18
[745] = S 18
[746] = CNOT 18 22
[747] = T 23
[748] = Z 4
[749] = S 8
[750] = Z 8
[751] = S 9
[752] = Z 16
[753] = Z 22
[754] = CNOT 4 12
[755] = Z 4
[756] = CNOT 4 12
[757] = CNOT 26 25
[758] = CNOT 22 18
[759] = CNOT 12 4
[760] = H 20
[761] = H 24
[762] = H 4
[763] = H 12
[764] = H 19
[765] = CNOT 4 7
[766] = T 4
[767] = Z 4
[768] = CNOT 4 7
[769] = CNOT 3 4
[770] = CNOT 3 7
[771] = T 3
[772] = Z 3
[773] = CNOT 3 7
[774] = T 3
[775] = Z 3
[776] = CNOT 12 15
[777] = T 12
[778] = Z 12
[779] = CNOT 12 15
[780] = CNOT 11 12
[781] = CNOT 11 15
[782] = T 11
[783] = S 11
[784] = Z 11
[785] = CNOT 11 15
[786] = T 11
[787] = S 11
[788] = Z 11
[789] = CNOT 11 12
[790] = CNOT 9 11
[791] = T 9
[792] = S 9
[793] = Z 9
[794] = CNOT 9 13
[795] = T 9
[796] = CNOT 9 11
[797] = CNOT 11 13
[798] = T 11
[799] = S 11
[800] = CNOT 11 13
[801] = T 9
[802] = S 9
[803] = CNOT 9 13
[804] = CNOT 19 22
[805] = T 19
[806] = Z 19
[807] = CNOT 19 22
[808] = CNOT 18 19
[809] = CNOT 18 22
[810] = T 18
[811] = Z 18
[812] = CNOT 18 22
[813] = T 18
[814] = Z 18
[815] = CNOT 1 2
[816] = CNOT 1 5
[817] = CNOT 1 6
[818] = CNOT 1 7
[819] = T 1
[820] = CNOT 1 4
[821] = T 1
[822] = CNOT 1 7
[823] = CNOT 1 6
[824] = CNOT 1 5
[825] = CNOT 3 5
[826] = CNOT 3 6
[827] = CNOT 3 7
[828] = T 3
[829] = CNOT 3 7
[830] = CNOT 3 6
[831] = CNOT 3 5
[832] = CNOT 3 4
[833] = CNOT 1 3
[834] = T 1
[835] = CNOT 1 4
[836] = CNOT 1 3
[837] = CNOT 1 2
[838] = CNOT 16 17
[839] = CNOT 16 20
[840] = CNOT 16 21
[841] = CNOT 16 22
[842] = T 16
[843] = CNOT 16 19
[844] = T 16
[845] = CNOT 16 22
[846] = CNOT 16 21
[847] = CNOT 16 20
[848] = CNOT 18 20
[849] = CNOT 18 21
[850] = CNOT 18 22
[851] = T 18
[852] = CNOT 18 22
[853] = CNOT 18 21
[854] = CNOT 18 20
[855] = CNOT 18 19
[856] = CNOT 16 18
[857] = T 16
[858] = CNOT 16 19
[859] = CNOT 16 18
[860] = CNOT 16 17
[861] = CNOT 2 3
[862] = T 2
[863] = Z 2
[864] = CNOT 2 3
[865] = CNOT 17 18
[866] = T 17
[867] = Z 17
[868] = CNOT 17 18
[869] = CNOT 24 26
[870] = T 24
[871] = CNOT 24 26
[872] = Z 1
[873] = S 3
[874] = S 4
[875] = S 5
[876] = S 6
[877] = S 7
[878] = Z 11
[879] = S 12
[880] = Z 12
[881] = Z 16
[882] = S 18
[883] = S 19
[884] = S 20
[885] = S 21
[886] = S 22
[887] = CNOT 1 2
[888] = S 1
[889] = CNOT 1 2
[890] = CNOT 1 3
[891] = S 1
[892] = CNOT 1 3
[893] = CNOT 1 4
[894] = S 1
[895] = Z 1
[896] = CNOT 2 4
[897] = S 2
[898] = Z 2
[899] = CNOT 2 4
[900] = CNOT 3 5
[901] = S 3
[902] = CNOT 3 5
[903] = CNOT 3 6
[904] = S 3
[905] = CNOT 3 6
[906] = CNOT 3 7
[907] = S 3
[908] = Z 3
[909] = CNOT 3 7
[910] = CNOT 5 6
[911] = S 5
[912] = CNOT 5 6
[913] = CNOT 5 7
[914] = S 5
[915] = CNOT 5 7
[916] = CNOT 6 7
[917] = S 6
[918] = CNOT 6 7
[919] = CNOT 9 10
[920] = Z 9
[921] = CNOT 9 10
[922] = CNOT 10 11
[923] = Z 10
[924] = CNOT 10 11
[925] = CNOT 11 15
[926] = Z 11
[927] = CNOT 11 15
[928] = CNOT 16 17
[929] = S 16
[930] = CNOT 16 17
[931] = CNOT 16 18
[932] = S 16
[933] = CNOT 16 18
[934] = CNOT 16 19
[935] = S 16
[936] = Z 16
[937] = CNOT 17 19
[938] = S 17
[939] = Z 17
[940] = CNOT 17 19
[941] = CNOT 18 20
[942] = S 18
[943] = CNOT 18 20
[944] = CNOT 18 21
[945] = S 18
[946] = CNOT 18 21
[947] = CNOT 18 22
[948] = S 18
[949] = Z 18
[950] = CNOT 18 22
[951] = CNOT 20 21
[952] = S 20
[953] = CNOT 20 21
[954] = CNOT 20 22
[955] = S 20
[956] = CNOT 20 22
[957] = CNOT 21 22
[958] = S 21
[959] = CNOT 21 22
[960] = CNOT 1 2
[961] = S 1
[962] = Z 1
[963] = CNOT 1 4
[964] = CNOT 1 5
[965] = S 1
[966] = Z 1
[967] = CNOT 1 5
[968] = CNOT 1 6
[969] = S 1
[970] = Z 1
[971] = CNOT 1 6
[972] = CNOT 1 7
[973] = S 1
[974] = Z 1
[975] = CNOT 1 7
[976] = CNOT 1 2
[977] = CNOT 1 3
[978] = CNOT 1 4
[979] = S 1
[980] = Z 1
[981] = CNOT 1 4
[982] = CNOT 1 3
[983] = CNOT 1 5
[984] = CNOT 1 6
[985] = S 1
[986] = Z 1
[987] = CNOT 1 6
[988] = CNOT 1 7
[989] = S 1
[990] = Z 1
[991] = CNOT 1 5
[992] = CNOT 1 6
[993] = S 1
[994] = Z 1
[995] = CNOT 1 7
[996] = CNOT 1 6
[997] = CNOT 2 3
[998] = CNOT 2 4
[999] = S 2
[1000] = Z 2
[1001] = CNOT 2 4
[1002] = CNOT 2 3
[1003] = CNOT 2 5
[1004] = CNOT 2 6
[1005] = S 2
[1006] = Z 2
[1007] = CNOT 2 6
[1008] = CNOT 2 7
[1009] = S 2
[1010] = Z 2
[1011] = CNOT 2 5
[1012] = CNOT 2 6
[1013] = S 2
[1014] = Z 2
[1015] = CNOT 2 7
[1016] = CNOT 2 6
[1017] = CNOT 3 4
[1018] = CNOT 3 5
[1019] = S 3
[1020] = Z 3
[1021] = CNOT 3 5
[1022] = CNOT 3 6
[1023] = S 3
[1024] = Z 3
[1025] = CNOT 3 6
[1026] = CNOT 3 4
[1027] = CNOT 4 5
[1028] = CNOT 4 6
[1029] = S 4
[1030] = Z 4
[1031] = CNOT 4 6
[1032] = CNOT 4 7
[1033] = S 4
[1034] = Z 4
[1035] = CNOT 4 5
[1036] = CNOT 4 6
[1037] = S 4
[1038] = Z 4
[1039] = CNOT 4 7
[1040] = CNOT 4 6
[1041] = CNOT 5 6
[1042] = CNOT 5 7
[1043] = S 5
[1044] = Z 5
[1045] = CNOT 5 7
[1046] = CNOT 5 6
[1047] = CNOT 9 10
[1048] = CNOT 9 11
[1049] = S 9
[1050] = CNOT 9 11
[1051] = CNOT 9 10
[1052] = CNOT 16 17
[1053] = S 16
[1054] = Z 16
[1055] = CNOT 16 19
[1056] = CNOT 16 20
[1057] = S 16
[1058] = Z 16
[1059] = CNOT 16 20
[1060] = CNOT 16 21
[1061] = S 16
[1062] = Z 16
[1063] = CNOT 16 21
[1064] = CNOT 16 22
[1065] = S 16
[1066] = Z 16
[1067] = CNOT 16 22
[1068] = CNOT 16 17
[1069] = CNOT 16 18
[1070] = CNOT 16 19
[1071] = S 16
[1072] = Z 16
[1073] = CNOT 16 19
[1074] = CNOT 16 18
[1075] = CNOT 16 20
[1076] = CNOT 16 21
[1077] = S 16
[1078] = Z 16
[1079] = CNOT 16 21
[1080] = CNOT 16 22
[1081] = S 16
[1082] = Z 16
[1083] = CNOT 16 20
[1084] = CNOT 16 21
[1085] = S 16
[1086] = Z 16
[1087] = CNOT 16 22
[1088] = CNOT 16 21
[1089] = CNOT 17 18
[1090] = CNOT 17 19
[1091] = S 17
[1092] = Z 17
[1093] = CNOT 17 19
[1094] = CNOT 17 18
[1095] = CNOT 17 20
[1096] = CNOT 17 21
[1097] = S 17
[1098] = Z 17
[1099] = CNOT 17 21
[1100] = CNOT 17 22
[1101] = S 17
[1102] = Z 17
[1103] = CNOT 17 20
[1104] = CNOT 17 21
[1105] = S 17
[1106] = Z 17
[1107] = CNOT 17 22
[1108] = CNOT 17 21
[1109] = CNOT 18 19
[1110] = CNOT 18 20
[1111] = S 18
[1112] = Z 18
[1113] = CNOT 18 20
[1114] = CNOT 18 21
[1115] = S 18
[1116] = Z 18
[1117] = CNOT 18 21
[1118] = CNOT 18 19
[1119] = CNOT 19 20
[1120] = CNOT 19 21
[1121] = S 19
[1122] = Z 19
[1123] = CNOT 19 21
[1124] = CNOT 19 22
[1125] = S 19
[1126] = Z 19
[1127] = CNOT 19 20
[1128] = CNOT 19 21
[1129] = S 19
[1130] = Z 19
[1131] = CNOT 19 22
[1132] = CNOT 19 21
[1133] = CNOT 20 21
[1134] = CNOT 20 22
[1135] = S 20
[1136] = Z 20
[1137] = CNOT 20 22
[1138] = CNOT 20 21
[1139] = CNOT 26 24
[1140] = CNOT 22 21
[1141] = CNOT 22 20
[1142] = CNOT 22 18
[1143] = CNOT 18 17
[1144] = CNOT 15 14
[1145] = CNOT 15 11
[1146] = CNOT 11 10
[1147] = CNOT 11 9
[1148] = CNOT 7 6
[1149] = CNOT 7 5
[1150] = CNOT 7 3
[1151] = CNOT 3 2
[1152] = H 13
[1153] = H 4
[1154] = H 19
[1155] = H 5
[1156] = H 20
[1157] = H 24
[1158] = CNOT 11 13
[1159] = CNOT 11 15
[1160] = T 11
[1161] = S 11
[1162] = Z 11
[1163] = CNOT 11 12
[1164] = T 11
[1165] = CNOT 11 15
[1166] = CNOT 11 13
[1167] = CNOT 11 12
[1168] = CNOT 12 13
[1169] = CNOT 12 15
[1170] = T 12
[1171] = S 12
[1172] = Z 12
[1173] = CNOT 12 15
[1174] = CNOT 12 13
[1175] = CNOT 11 12
[1176] = T 11
[1177] = S 11
[1178] = CNOT 11 12
[1179] = CNOT 9 11
[1180] = T 9
[1181] = S 9
[1182] = CNOT 9 11
[1183] = T 4
[1184] = Z 4
[1185] = CNOT 1 4
[1186] = T 1
[1187] = S 1
[1188] = CNOT 1 4
[1189] = T 5
[1190] = Z 5
[1191] = CNOT 3 5
[1192] = T 3
[1193] = Z 3
[1194] = CNOT 3 5
[1195] = CNOT 1 3
[1196] = CNOT 1 5
[1197] = T 1
[1198] = S 1
[1199] = Z 1
[1200] = CNOT 1 3
[1201] = T 1
[1202] = S 1
[1203] = Z 1
[1204] = CNOT 1 5
[1205] = T 19
[1206] = S 19
[1207] = T 24
[1208] = CNOT 16 19
[1209] = T 16
[1210] = S 16
[1211] = CNOT 16 24
[1212] = T 16
[1213] = CNOT 16 19
[1214] = CNOT 19 24
[1215] = T 19
[1216] = S 19
[1217] = CNOT 19 24
[1218] = T 16
[1219] = S 16
[1220] = CNOT 16 24
[1221] = T 20
[1222] = Z 20
[1223] = CNOT 18 20
[1224] = T 18
[1225] = Z 18
[1226] = CNOT 18 20
[1227] = CNOT 16 18
[1228] = CNOT 16 20
[1229] = T 16
[1230] = S 16
[1231] = Z 16
[1232] = CNOT 16 18
[1233] = T 16
[1234] = S 16
[1235] = Z 16
[1236] = CNOT 16 20
[1237] = CNOT 19 26
[1238] = T 19
[1239] = S 19
[1240] = CNOT 19 23
[1241] = T 19
[1242] = CNOT 19 26
[1243] = CNOT 19 23
[1244] = CNOT 23 26
[1245] = T 23
[1246] = S 23
[1247] = CNOT 23 26
[1248] = CNOT 19 23
[1249] = T 19
[1250] = S 19
[1251] = CNOT 19 23
[1252] = CNOT 1 3
[1253] = T 1
[1254] = Z 1
[1255] = CNOT 1 3
[1256] = CNOT 16 18
[1257] = T 16
[1258] = Z 16
[1259] = CNOT 16 18
[1260] = Z 9
[1261] = Z 12
[1262] = Z 13
[1263] = Z 15
[1264] = Z 16
[1265] = S 26
[1266] = CNOT 11 13
[1267] = Z 11
[1268] = CNOT 11 13
[1269] = CNOT 11 15
[1270] = Z 11
[1271] = CNOT 11 15
[1272] = CNOT 12 13
[1273] = Z 12
[1274] = CNOT 12 13
[1275] = CNOT 12 15
[1276] = Z 12
[1277] = CNOT 12 15
[1278] = CNOT 13 15
[1279] = S 13
[1280] = Z 13
[1281] = CNOT 13 15
[1282] = CNOT 18 16
[1283] = CNOT 15 13
[1284] = CNOT 11 9
[1285] = CNOT 4 1
[1286] = CNOT 3 1
[1287] = H 13
[1288] = H 12
[1289] = H 5
[1290] = H 20
[1291] = H 23
[1292] = H 24
[1293] = H 16
[1294] = T 13
[1295] = Z 13
[1296] = CNOT 11 13
[1297] = T 11
[1298] = Z 11
[1299] = CNOT 11 13
[1300] = CNOT 9 11
[1301] = CNOT 9 13
[1302] = T 9
[1303] = S 9
[1304] = Z 9
[1305] = CNOT 9 11
[1306] = T 9
[1307] = S 9
[1308] = Z 9
[1309] = CNOT 9 13
[1310] = T 12
[1311] = T 16
[1312] = T 24
[1313] = Z 24
[1314] = CNOT 24 26
[1315] = T 24
[1316] = S 24
[1317] = T 23
[1318] = T 5
[1319] = Z 5
[1320] = CNOT 5 7
[1321] = T 5
[1322] = S 5
[1323] = CNOT 5 7
[1324] = T 20
[1325] = Z 20
[1326] = CNOT 20 22
[1327] = T 20
[1328] = S 20
[1329] = CNOT 20 22
[1330] = CNOT 9 11
[1331] = T 9
[1332] = Z 9
[1333] = CNOT 9 11
[1334] = Z 7
[1335] = Z 9
[1336] = Z 22
[1337] = Z 26
[1338] = CNOT 22 20
[1339] = CNOT 11 9
[1340] = CNOT 7 5
[1341] = H 13
[1342] = H 9
[1343] = T 9
[1344] = Z 9
[1345] = CNOT 4 9
[1346] = T 4
[1347] = Z 4
[1348] = CNOT 4 9
[1349] = CNOT 1 4
[1350] = CNOT 1 9
[1351] = T 1
[1352] = S 1
[1353] = Z 1
[1354] = CNOT 1 4
[1355] = T 1
[1356] = S 1
[1357] = Z 1
[1358] = CNOT 1 9
[1359] = CNOT 1 4
[1360] = CNOT 1 12
[1361] = T 1
[1362] = S 1
[1363] = Z 1
[1364] = CNOT 1 8
[1365] = T 1
[1366] = CNOT 1 12
[1367] = CNOT 1 8
[1368] = CNOT 8 12
[1369] = T 8
[1370] = S 8
[1371] = CNOT 8 12
[1372] = CNOT 1 8
[1373] = T 1
[1374] = S 1
[1375] = Z 1
[1376] = CNOT 1 8
[1377] = T 12
[1378] = Z 12
[1379] = T 13
[1380] = Z 13
[1381] = CNOT 13 15
[1382] = T 13
[1383] = S 13
[1384] = CNOT 13 15
[1385] = Z 4
[1386] = Z 8
[1387] = Z 15
[1388] = S 1
[1389] = CNOT 1 4
[1390] = CNOT 1 8
[1391] = Z 1
[1392] = CNOT 1 8
[1393] = CNOT 1 12
[1394] = Z 1
[1395] = CNOT 1 12
[1396] = CNOT 4 8
[1397] = Z 4
[1398] = CNOT 4 8
[1399] = CNOT 4 12
[1400] = Z 4
[1401] = CNOT 4 12
[1402] = CNOT 15 13
[1403] = CNOT 4 1
[1404] = H 9
[1405] = H 8
[1406] = T 8
[1407] = CNOT 1 8
[1408] = T 1
[1409] = S 1
[1410] = CNOT 1 16
[1411] = T 1
[1412] = CNOT 1 8
[1413] = CNOT 8 16
[1414] = T 8
[1415] = S 8
[1416] = CNOT 8 16
[1417] = T 1
[1418] = S 1
[1419] = CNOT 1 16
[1420] = T 9
[1421] = Z 9
[1422] = CNOT 9 12
[1423] = T 9
[1424] = S 9
[1425] = CNOT 9 12
[1426] = Z 12
[1427] = CNOT 12 9
[1428] = H 1
[1429] = H 16
[1430] = H 8
[1431] = T 1
[1432] = S 1
[1433] = Z 1
[1434] = CNOT 1 24
[1435] = T 1
[1436] = Z 1
[1437] = CNOT 1 26
[1438] = T 1
[1439] = S 1
[1440] = Z 1
[1441] = CNOT 1 24
[1442] = T 1
[1443] = S 1
[1444] = Z 1
[1445] = CNOT 1 26
[1446] = T 16
[1447] = CNOT 16 23
[1448] = T 16
[1449] = S 16
[1450] = CNOT 16 23
[1451] = CNOT 1 16
[1452] = CNOT 1 23
[1453] = T 1
[1454] = CNOT 1 23
[1455] = T 1
[1456] = S 1
[1457] = CNOT 1 16
[1458] = CNOT 1 23
[1459] = T 1
[1460] = S 1
[1461] = CNOT 1 23
[1462] = T 8
[1463] = CNOT 19 26
[1464] = T 19
[1465] = S 19
[1466] = CNOT 19 26
[1467] = Z 19
[1468] = CNOT 24 26
[1469] = Z 24
[1470] = CNOT 26 19
[1471] = H 16
[1472] = H 23
[1473] = H 24
[1474] = T 16
[1475] = S 16
[1476] = CNOT 12 16
[1477] = T 12
[1478] = Z 12
[1479] = CNOT 12 16
[1480] = CNOT 9 12
[1481] = CNOT 9 16
[1482] = T 9
[1483] = S 9
[1484] = Z 9
[1485] = CNOT 9 12
[1486] = T 9
[1487] = S 9
[1488] = Z 9
[1489] = CNOT 9 16
[1490] = CNOT 9 12
[1491] = T 9
[1492] = Z 9
[1493] = CNOT 9 12
[1494] = CNOT 4 9
[1495] = CNOT 4 12
[1496] = T 4
[1497] = S 4
[1498] = Z 4
[1499] = CNOT 4 8
[1500] = T 4
[1501] = CNOT 4 12
[1502] = CNOT 4 9
[1503] = CNOT 4 8
[1504] = CNOT 8 9
[1505] = CNOT 8 12
[1506] = T 8
[1507] = S 8
[1508] = Z 8
[1509] = CNOT 8 12
[1510] = CNOT 8 9
[1511] = CNOT 4 8
[1512] = T 4
[1513] = S 4
[1514] = CNOT 4 8
[1515] = T 23
[1516] = Z 23
[1517] = CNOT 23 26
[1518] = T 23
[1519] = Z 23
[1520] = CNOT 23 26
[1521] = CNOT 19 23
[1522] = CNOT 19 26
[1523] = T 19
[1524] = S 19
[1525] = Z 19
[1526] = CNOT 19 26
[1527] = T 19
[1528] = S 19
[1529] = Z 19
[1530] = CNOT 19 23
[1531] = CNOT 15 16
[1532] = T 15
[1533] = Z 15
[1534] = CNOT 15 16
[1535] = CNOT 13 15
[1536] = CNOT 13 16
[1537] = T 13
[1538] = S 13
[1539] = Z 13
[1540] = CNOT 13 15
[1541] = T 13
[1542] = S 13
[1543] = Z 13
[1544] = CNOT 13 16
[1545] = CNOT 22 24
[1546] = T 22
[1547] = Z 22
[1548] = CNOT 22 24
[1549] = CNOT 20 22
[1550] = CNOT 20 24
[1551] = T 20
[1552] = S 20
[1553] = Z 20
[1554] = CNOT 20 22
[1555] = T 20
[1556] = S 20
[1557] = Z 20
[1558] = CNOT 20 24
[1559] = CNOT 13 15
[1560] = T 13
[1561] = CNOT 13 15
[1562] = CNOT 11 13
[1563] = CNOT 11 15
[1564] = T 11
[1565] = S 11
[1566] = Z 11
[1567] = CNOT 11 15
[1568] = CNOT 20 22
[1569] = T 20
[1570] = CNOT 20 22
[1571] = CNOT 18 20
[1572] = CNOT 18 22
[1573] = T 18
[1574] = S 18
[1575] = Z 18
[1576] = CNOT 18 22
[1577] = CNOT 19 25
[1578] = CNOT 19 26
[1579] = T 19
[1580] = S 19
[1581] = Z 19
[1582] = CNOT 19 25
[1583] = T 19
[1584] = Z 19
[1585] = CNOT 19 26
[1586] = CNOT 1 19
[1587] = CNOT 1 26
[1588] = T 1
[1589] = S 1
[1590] = Z 1
[1591] = CNOT 1 25
[1592] = T 1
[1593] = CNOT 1 26
[1594] = CNOT 1 19
[1595] = T 1
[1596] = CNOT 1 25
[1597] = S 1
[1598] = Z 1
[1599] = Z 4
[1600] = Z 8
[1601] = Z 9
[1602] = Z 13
[1603] = S 19
[1604] = Z 20
[1605] = S 24
[1606] = Z 24
[1607] = S 25
[1608] = Z 25
[1609] = S 26
[1610] = Z 26
[1611] = CNOT 1 19
[1612] = S 1
[1613] = Z 1
[1614] = CNOT 1 19
[1615] = CNOT 1 26
[1616] = S 1
[1617] = Z 1
[1618] = CNOT 1 26
[1619] = CNOT 4 9
[1620] = Z 4
[1621] = CNOT 4 9
[1622] = CNOT 4 12
[1623] = Z 4
[1624] = CNOT 4 12
[1625] = CNOT 8 9
[1626] = Z 8
[1627] = CNOT 8 9
[1628] = CNOT 8 12
[1629] = Z 8
[1630] = CNOT 8 12
[1631] = Z 11
[1632] = CNOT 11 13
[1633] = CNOT 11 15
[1634] = Z 11
[1635] = CNOT 11 15
[1636] = Z 18
[1637] = CNOT 18 20
[1638] = CNOT 18 22
[1639] = Z 18
[1640] = CNOT 18 22
[1641] = CNOT 19 25
[1642] = S 19
[1643] = Z 19
[1644] = CNOT 19 25
[1645] = CNOT 25 26
[1646] = S 25
[1647] = Z 25
[1648] = CNOT 25 26
[1649] = CNOT 1 19
[1650] = CNOT 1 25
[1651] = S 1
[1652] = Z 1
[1653] = CNOT 1 19
[1654] = CNOT 1 26
[1655] = S 1
[1656] = Z 1
[1657] = CNOT 1 26
[1658] = CNOT 1 25
[1659] = CNOT 26 25
[1660] = CNOT 22 20
[1661] = CNOT 26 19
[1662] = CNOT 22 18
[1663] = CNOT 15 13
[1664] = CNOT 15 11
[1665] = CNOT 12 9
[1666] = H 9
[1667] = H 4
[1668] = H 12
[1669] = H 13
[1670] = H 19
[1671] = H 20
[1672] = H 1
[1673] = H 8
[1674] = H 23
[1675] = CNOT 7 9
[1676] = T 7
[1677] = S 7
[1678] = Z 7
[1679] = CNOT 7 9
[1680] = CNOT 5 9
[1681] = T 5
[1682] = CNOT 5 9
[1683] = T 4
[1684] = Z 4
[1685] = CNOT 3 5
[1686] = CNOT 3 7
[1687] = T 3
[1688] = S 3
[1689] = Z 3
[1690] = CNOT 3 4
[1691] = T 3
[1692] = CNOT 3 7
[1693] = CNOT 3 5
[1694] = CNOT 3 4
[1695] = CNOT 4 5
[1696] = CNOT 4 7
[1697] = T 4
[1698] = S 4
[1699] = Z 4
[1700] = CNOT 4 7
[1701] = CNOT 4 5
[1702] = CNOT 3 4
[1703] = T 3
[1704] = S 3
[1705] = CNOT 3 4
[1706] = T 12
[1707] = Z 12
[1708] = CNOT 12 15
[1709] = T 12
[1710] = Z 12
[1711] = CNOT 12 15
[1712] = CNOT 11 12
[1713] = CNOT 11 15
[1714] = T 11
[1715] = S 11
[1716] = Z 11
[1717] = CNOT 11 15
[1718] = T 11
[1719] = S 11
[1720] = Z 11
[1721] = CNOT 11 12
[1722] = T 19
[1723] = Z 19
[1724] = CNOT 19 22
[1725] = T 19
[1726] = Z 19
[1727] = CNOT 19 22
[1728] = CNOT 18 19
[1729] = CNOT 18 22
[1730] = T 18
[1731] = S 18
[1732] = Z 18
[1733] = CNOT 18 22
[1734] = T 18
[1735] = S 18
[1736] = Z 18
[1737] = CNOT 18 19
[1738] = CNOT 2 3
[1739] = T 2
[1740] = CNOT 2 3
[1741] = T 3
[1742] = S 3
[1743] = CNOT 5 6
[1744] = CNOT 5 7
[1745] = T 5
[1746] = S 5
[1747] = Z 5
[1748] = CNOT 5 9
[1749] = T 5
[1750] = CNOT 5 9
[1751] = CNOT 5 7
[1752] = CNOT 5 6
[1753] = CNOT 6 9
[1754] = T 6
[1755] = CNOT 6 9
[1756] = CNOT 10 11
[1757] = T 10
[1758] = Z 10
[1759] = CNOT 10 11
[1760] = T 13
[1761] = Z 13
[1762] = T 11
[1763] = CNOT 11 13
[1764] = T 11
[1765] = Z 11
[1766] = CNOT 11 13
[1767] = CNOT 10 11
[1768] = CNOT 10 13
[1769] = T 10
[1770] = S 10
[1771] = Z 10
[1772] = CNOT 10 11
[1773] = T 10
[1774] = S 10
[1775] = Z 10
[1776] = CNOT 10 13
[1777] = CNOT 11 14
[1778] = CNOT 11 15
[1779] = T 11
[1780] = S 11
[1781] = Z 11
[1782] = CNOT 11 14
[1783] = T 11
[1784] = Z 11
[1785] = CNOT 11 16
[1786] = T 11
[1787] = S 11
[1788] = Z 11
[1789] = CNOT 11 14
[1790] = T 11
[1791] = CNOT 11 16
[1792] = CNOT 11 15
[1793] = CNOT 11 14
[1794] = CNOT 14 16
[1795] = T 14
[1796] = CNOT 14 16
[1797] = CNOT 17 18
[1798] = T 17
[1799] = Z 17
[1800] = CNOT 17 18
[1801] = T 20
[1802] = Z 20
[1803] = T 18
[1804] = CNOT 18 20
[1805] = T 18
[1806] = Z 18
[1807] = CNOT 18 20
[1808] = CNOT 17 18
[1809] = CNOT 17 20
[1810] = T 17
[1811] = S 17
[1812] = Z 17
[1813] = CNOT 17 18
[1814] = T 17
[1815] = S 17
[1816] = Z 17
[1817] = CNOT 17 20
[1818] = CNOT 18 21
[1819] = CNOT 18 22
[1820] = T 18
[1821] = S 18
[1822] = Z 18
[1823] = CNOT 18 21
[1824] = T 18
[1825] = Z 18
[1826] = CNOT 18 24
[1827] = T 18
[1828] = S 18
[1829] = Z 18
[1830] = CNOT 18 21
[1831] = T 18
[1832] = CNOT 18 24
[1833] = CNOT 18 22
[1834] = CNOT 18 21
[1835] = CNOT 21 24
[1836] = T 21
[1837] = CNOT 21 24
[1838] = S 5
[1839] = Z 5
[1840] = S 6
[1841] = Z 6
[1842] = S 7
[1843] = Z 9
[1844] = Z 10
[1845] = S 14
[1846] = Z 14
[1847] = S 15
[1848] = Z 15
[1849] = S 16
[1850] = Z 16
[1851] = Z 17
[1852] = S 21
[1853] = Z 21
[1854] = S 22
[1855] = Z 22
[1856] = S 24
[1857] = Z 24
[1858] = CNOT 3 5
[1859] = Z 3
[1860] = CNOT 3 5
[1861] = CNOT 3 7
[1862] = Z 3
[1863] = CNOT 3 7
[1864] = CNOT 4 5
[1865] = Z 4
[1866] = CNOT 4 5
[1867] = CNOT 4 7
[1868] = Z 4
[1869] = CNOT 4 7
[1870] = CNOT 5 6
[1871] = S 5
[1872] = Z 5
[1873] = CNOT 5 6
[1874] = CNOT 5 7
[1875] = S 5
[1876] = Z 5
[1877] = CNOT 5 7
[1878] = CNOT 6 7
[1879] = S 6
[1880] = Z 6
[1881] = CNOT 6 7
[1882] = CNOT 11 14
[1883] = S 11
[1884] = Z 11
[1885] = CNOT 11 14
[1886] = CNOT 11 16
[1887] = S 11
[1888] = Z 11
[1889] = CNOT 14 15
[1890] = S 14
[1891] = Z 14
[1892] = CNOT 14 15
[1893] = CNOT 15 16
[1894] = S 15
[1895] = Z 15
[1896] = CNOT 15 16
[1897] = CNOT 18 21
[1898] = S 18
[1899] = Z 18
[1900] = CNOT 18 21
[1901] = CNOT 18 24
[1902] = S 18
[1903] = Z 18
[1904] = CNOT 21 22
[1905] = S 21
[1906] = Z 21
[1907] = CNOT 21 22
[1908] = CNOT 22 24
[1909] = S 22
[1910] = Z 22
[1911] = CNOT 22 24
[1912] = CNOT 5 6
[1913] = CNOT 5 9
[1914] = S 5
[1915] = Z 5
[1916] = CNOT 5 6
[1917] = CNOT 5 7
[1918] = S 5
[1919] = Z 5
[1920] = CNOT 5 9
[1921] = CNOT 5 7
[1922] = CNOT 6 7
[1923] = CNOT 6 9
[1924] = S 6
[1925] = Z 6
[1926] = CNOT 6 9
[1927] = CNOT 6 7
[1928] = CNOT 11 14
[1929] = S 11
[1930] = Z 11
[1931] = CNOT 11 16
[1932] = CNOT 11 14
[1933] = CNOT 14 15
[1934] = CNOT 14 16
[1935] = S 14
[1936] = Z 14
[1937] = CNOT 14 16
[1938] = CNOT 14 15
[1939] = CNOT 18 21
[1940] = S 18
[1941] = Z 18
[1942] = CNOT 18 24
[1943] = CNOT 18 21
[1944] = CNOT 21 22
[1945] = CNOT 21 24
[1946] = S 21
[1947] = Z 21
[1948] = CNOT 21 24
[1949] = CNOT 21 22
[1950] = CNOT 22 21
[1951] = CNOT 22 18
[1952] = CNOT 18 17
[1953] = CNOT 15 14
[1954] = CNOT 15 11
[1955] = CNOT 11 10
[1956] = CNOT 7 6
[1957] = CNOT 7 5
[1958] = H 5
[1959] = H 4
[1960] = H 9
[1961] = H 12
[1962] = H 13
[1963] = H 16
[1964] = H 19
[1965] = H 20
[1966] = H 24
[1967] = T 5
[1968] = Z 5
[1969] = CNOT 3 5
[1970] = T 3
[1971] = Z 3
[1972] = CNOT 3 5
[1973] = CNOT 2 3
[1974] = CNOT 2 5
[1975] = T 2
[1976] = S 2
[1977] = Z 2
[1978] = CNOT 2 3
[1979] = T 2
[1980] = S 2
[1981] = Z 2
[1982] = CNOT 2 5
[1983] = Z 2
[1984] = CNOT 2 3
[1985] = Z 2
[1986] = CNOT 2 3
[1987] = CNOT 3 2
[1988] = H 5
Gate distributions:
Input:
Operator distribution:
Total number of qubits = 26
Number of `data' qubits = 26
Number of `Toff_n' ancillas = 0
Number of Hadamard ancillas = 0
Hadamard ancilla cap = 0
Number of {CNOT,T} partitions = 15
T count = 413
Cost estimation = 206610
	id	Count
	0	0
	1	0
	2	0
	3	82
	4	28
	5	0
	6	0
	7	0
	8	0
	9	0
	10	59
	11	0
	12	0
	13	0
	14	0
	15	0
	16	0
	17	0
	18	0
Output:
Operator distribution:
Total number of qubits = 26
Number of `data' qubits = 26
Number of `Toff_n' ancillas = 0
Number of Hadamard ancillas = 0
Hadamard ancilla cap = 0
Number of {CNOT,T} partitions = 15
T count = 305
Cost estimation = 154184
	id	Count
	0	0
	1	0
	2	0
	3	82
	4	956
	5	305
	6	0
	7	0
	8	0
	9	0
	10	0
	11	327
	12	0
	13	319
	14	0
	15	0
	16	0
	17	0
	18	0
Output T Count (SQC_Circuit) = 305
Output T Count (PhasePolynomial) = 305
Fail count = 0

Execution time: 11.1013s
Number of LCL errors: 0
Number of LCL warnings: 0
