Optimize a Clifford + T circuit.
Input filename = /home/ryo-mtmt/TOpt/forme/tpar_benchmark/csum_mux_9.tfc
Number of unknown gates = 0
Number of unknown qubit labels = 0
Circuit filename: /home/ryo-mtmt/TOpt/forme/tpar_benchmark/csum_mux_9.tfc

n 30
n_x 30
n_y 0
n_z 0
m 101
[0] = H 5
[1] = H 6
[2] = H 11
[3] = H 12
[4] = H 19
[5] = H 20
[6] = H 25
[7] = H 26
[8] = CCZ 1 4 5
[9] = CCZ 2 3 6
[10] = CCZ 7 10 11
[11] = CCZ 8 9 12
[12] = CCZ 15 18 19
[13] = CCZ 16 17 20
[14] = CCZ 21 24 25
[15] = CCZ 22 23 26
[16] = CCZ 1 3 5
[17] = CCZ 2 4 6
[18] = CCZ 7 9 11
[19] = CCZ 8 10 12
[20] = CCZ 15 17 19
[21] = CCZ 16 18 20
[22] = CCZ 21 23 25
[23] = CCZ 22 24 26
[24] = H 5
[25] = H 6
[26] = H 11
[27] = H 12
[28] = H 19
[29] = H 20
[30] = H 25
[31] = H 26
[32] = H 13
[33] = H 14
[34] = H 27
[35] = H 28
[36] = CCZ 5 11 13
[37] = CCZ 6 12 14
[38] = CCZ 19 25 27
[39] = CCZ 20 26 28
[40] = CCZ 6 11 13
[41] = CCZ 5 12 14
[42] = CCZ 20 25 27
[43] = CCZ 19 26 28
[44] = H 13
[45] = H 14
[46] = H 27
[47] = H 28
[48] = H 29
[49] = H 30
[50] = CCZ 13 27 29
[51] = CCZ 14 28 30
[52] = CCZ 14 27 29
[53] = CCZ 13 28 30
[54] = H 29
[55] = H 30

Algorithm used: todd

UniversalOptimize begin.
	Gate synthesis begin.

in LempelX3 (Hamming Distance Version)
		Round = 0 | Current Columns: 84
  [HIT] Reduced to m = 82 using Dist = 4
		Round = 1 | Current Columns: 82
  [HIT] Reduced to m = 80 using Dist = 4
		Round = 2 | Current Columns: 80
  [HIT] Reduced to m = 78 using Dist = 4
		Round = 3 | Current Columns: 78
  [HIT] Reduced to m = 76 using Dist = 4
		Round = 4 | Current Columns: 76
  [HIT] Reduced to m = 74 using Dist = 4
		Round = 5 | Current Columns: 74
  [HIT] Reduced to m = 72 using Dist = 4
		Round = 6 | Current Columns: 72
Total LempelX2 (Hamming) time: 206296 ms
Final Nullspace total time: 152463 ms
		TODD executed in 205.924 seconds.
		Total time: 205.925s
	Gate synthesis end.
	Total time: 210.397s
UniversalOptimize end.
Output circuit:
n 42
n_x 30
n_y 0
n_z 12
m 2801
[0] = H 5
[1] = H 6
[2] = H 11
[3] = H 12
[4] = H 19
[5] = H 20
[6] = H 25
[7] = H 26
[8] = H 13
[9] = H 14
[10] = H 27
[11] = H 28
[12] = H 29
[13] = H 30
[14] = H 31
[15] = H 32
[16] = H 33
[17] = H 34
[18] = H 35
[19] = H 36
[20] = H 37
[21] = H 38
[22] = H 39
[23] = H 40
[24] = H 41
[25] = H 42
[26] = CNOT 1 2
[27] = CNOT 1 14
[28] = CNOT 1 31
[29] = CNOT 1 32
[30] = CNOT 1 34
[31] = CNOT 1 39
[32] = CNOT 1 42
[33] = T 1
[34] = CNOT 1 5
[35] = T 1
[36] = CNOT 1 5
[37] = CNOT 1 2
[38] = CNOT 2 5
[39] = CNOT 2 14
[40] = CNOT 2 31
[41] = CNOT 2 32
[42] = CNOT 2 34
[43] = CNOT 2 39
[44] = CNOT 2 42
[45] = T 2
[46] = CNOT 2 5
[47] = CNOT 3 4
[48] = CNOT 3 14
[49] = CNOT 3 31
[50] = CNOT 3 32
[51] = CNOT 3 34
[52] = CNOT 3 39
[53] = CNOT 3 42
[54] = T 3
[55] = CNOT 3 6
[56] = T 3
[57] = CNOT 3 42
[58] = CNOT 3 39
[59] = CNOT 3 34
[60] = CNOT 3 32
[61] = CNOT 3 31
[62] = CNOT 3 14
[63] = CNOT 3 6
[64] = CNOT 3 4
[65] = CNOT 2 3
[66] = CNOT 2 4
[67] = CNOT 2 6
[68] = T 2
[69] = CNOT 2 42
[70] = CNOT 2 39
[71] = CNOT 2 34
[72] = CNOT 2 32
[73] = CNOT 2 31
[74] = CNOT 2 14
[75] = CNOT 2 6
[76] = CNOT 2 4
[77] = CNOT 2 3
[78] = CNOT 7 11
[79] = CNOT 7 29
[80] = CNOT 7 40
[81] = T 7
[82] = CNOT 7 11
[83] = T 7
[84] = Z 7
[85] = CNOT 7 40
[86] = CNOT 7 29
[87] = CNOT 40 42
[88] = T 40
[89] = S 40
[90] = CNOT 40 42
[91] = CNOT 8 9
[92] = CNOT 8 10
[93] = CNOT 8 11
[94] = CNOT 8 29
[95] = CNOT 8 40
[96] = T 8
[97] = CNOT 8 12
[98] = T 8
[99] = CNOT 8 29
[100] = CNOT 8 12
[101] = CNOT 8 10
[102] = CNOT 8 9
[103] = CNOT 9 10
[104] = CNOT 9 11
[105] = CNOT 9 12
[106] = CNOT 9 29
[107] = CNOT 9 40
[108] = T 9
[109] = CNOT 9 40
[110] = CNOT 9 29
[111] = CNOT 9 12
[112] = CNOT 9 11
[113] = CNOT 9 10
[114] = CNOT 15 16
[115] = CNOT 15 17
[116] = CNOT 15 18
[117] = CNOT 15 29
[118] = CNOT 15 39
[119] = T 15
[120] = CNOT 15 19
[121] = T 15
[122] = CNOT 15 29
[123] = CNOT 15 19
[124] = CNOT 15 18
[125] = CNOT 15 17
[126] = CNOT 15 16
[127] = CNOT 16 17
[128] = CNOT 16 18
[129] = CNOT 16 19
[130] = CNOT 16 29
[131] = CNOT 16 39
[132] = T 16
[133] = CNOT 16 29
[134] = CNOT 16 19
[135] = CNOT 16 18
[136] = CNOT 16 17
[137] = CNOT 29 40
[138] = CNOT 29 41
[139] = T 29
[140] = CNOT 29 41
[141] = CNOT 29 40
[142] = CNOT 20 29
[143] = CNOT 20 39
[144] = T 20
[145] = Z 20
[146] = CNOT 20 39
[147] = CNOT 20 29
[148] = CNOT 16 20
[149] = CNOT 16 29
[150] = T 16
[151] = CNOT 16 39
[152] = CNOT 16 29
[153] = CNOT 16 20
[154] = CNOT 21 23
[155] = CNOT 21 24
[156] = CNOT 21 26
[157] = CNOT 21 27
[158] = CNOT 21 30
[159] = CNOT 21 37
[160] = CNOT 21 39
[161] = T 21
[162] = CNOT 21 25
[163] = T 21
[164] = CNOT 21 30
[165] = CNOT 21 25
[166] = CNOT 21 24
[167] = CNOT 21 23
[168] = CNOT 23 24
[169] = CNOT 23 25
[170] = CNOT 23 26
[171] = CNOT 23 27
[172] = CNOT 23 30
[173] = CNOT 23 37
[174] = CNOT 23 39
[175] = T 23
[176] = CNOT 23 39
[177] = CNOT 23 37
[178] = CNOT 23 30
[179] = CNOT 23 27
[180] = CNOT 23 26
[181] = CNOT 23 25
[182] = CNOT 23 24
[183] = CNOT 22 26
[184] = CNOT 22 27
[185] = CNOT 22 30
[186] = CNOT 22 37
[187] = CNOT 22 39
[188] = T 22
[189] = CNOT 22 26
[190] = T 22
[191] = CNOT 22 30
[192] = CNOT 30 40
[193] = T 30
[194] = S 30
[195] = CNOT 30 40
[196] = CNOT 1 2
[197] = CNOT 1 3
[198] = CNOT 1 4
[199] = T 1
[200] = CNOT 1 5
[201] = T 1
[202] = CNOT 1 42
[203] = CNOT 1 39
[204] = CNOT 1 34
[205] = CNOT 1 32
[206] = CNOT 1 31
[207] = CNOT 1 14
[208] = CNOT 1 5
[209] = CNOT 1 4
[210] = CNOT 1 3
[211] = CNOT 1 2
[212] = CNOT 2 3
[213] = CNOT 2 4
[214] = CNOT 2 5
[215] = CNOT 2 14
[216] = CNOT 2 31
[217] = CNOT 2 32
[218] = CNOT 2 34
[219] = CNOT 2 39
[220] = CNOT 2 42
[221] = T 2
[222] = CNOT 2 5
[223] = CNOT 2 4
[224] = CNOT 2 3
[225] = CNOT 29 39
[226] = CNOT 29 41
[227] = T 29
[228] = CNOT 29 41
[229] = CNOT 29 39
[230] = CNOT 6 14
[231] = CNOT 6 31
[232] = CNOT 6 32
[233] = CNOT 6 34
[234] = CNOT 6 39
[235] = CNOT 6 42
[236] = T 6
[237] = CNOT 6 42
[238] = CNOT 6 39
[239] = CNOT 6 34
[240] = CNOT 6 32
[241] = CNOT 6 31
[242] = CNOT 6 14
[243] = CNOT 2 6
[244] = T 2
[245] = CNOT 2 42
[246] = CNOT 2 39
[247] = CNOT 2 34
[248] = CNOT 2 32
[249] = CNOT 2 31
[250] = CNOT 2 14
[251] = CNOT 2 6
[252] = CNOT 7 9
[253] = CNOT 7 10
[254] = CNOT 7 11
[255] = CNOT 7 29
[256] = CNOT 7 40
[257] = T 7
[258] = CNOT 7 11
[259] = T 7
[260] = CNOT 7 40
[261] = CNOT 7 29
[262] = CNOT 7 10
[263] = CNOT 7 9
[264] = CNOT 9 10
[265] = CNOT 9 29
[266] = CNOT 9 40
[267] = T 9
[268] = CNOT 9 40
[269] = CNOT 9 29
[270] = CNOT 9 10
[271] = CNOT 8 29
[272] = T 8
[273] = CNOT 8 12
[274] = T 8
[275] = CNOT 8 40
[276] = CNOT 8 29
[277] = CNOT 8 12
[278] = CNOT 8 11
[279] = CNOT 11 12
[280] = CNOT 11 29
[281] = CNOT 11 40
[282] = T 11
[283] = CNOT 11 40
[284] = CNOT 11 29
[285] = CNOT 11 12
[286] = CNOT 15 16
[287] = CNOT 15 29
[288] = T 15
[289] = CNOT 15 19
[290] = T 15
[291] = CNOT 15 39
[292] = CNOT 15 29
[293] = CNOT 15 19
[294] = CNOT 15 16
[295] = CNOT 16 19
[296] = CNOT 16 29
[297] = CNOT 16 39
[298] = T 16
[299] = CNOT 16 19
[300] = CNOT 17 18
[301] = CNOT 17 29
[302] = CNOT 17 39
[303] = T 17
[304] = CNOT 17 20
[305] = T 17
[306] = CNOT 17 39
[307] = CNOT 17 29
[308] = CNOT 17 20
[309] = CNOT 17 18
[310] = CNOT 16 17
[311] = CNOT 16 18
[312] = CNOT 16 20
[313] = T 16
[314] = CNOT 16 39
[315] = CNOT 16 29
[316] = CNOT 16 20
[317] = CNOT 16 18
[318] = CNOT 16 17
[319] = CNOT 21 30
[320] = T 21
[321] = CNOT 21 25
[322] = T 21
[323] = CNOT 21 39
[324] = CNOT 21 37
[325] = CNOT 21 30
[326] = CNOT 21 27
[327] = CNOT 21 26
[328] = CNOT 21 25
[329] = CNOT 25 26
[330] = CNOT 25 27
[331] = CNOT 25 30
[332] = CNOT 25 37
[333] = CNOT 25 39
[334] = T 25
[335] = CNOT 25 39
[336] = CNOT 25 37
[337] = CNOT 25 30
[338] = CNOT 25 27
[339] = CNOT 25 26
[340] = CNOT 22 23
[341] = CNOT 22 24
[342] = CNOT 22 26
[343] = CNOT 22 30
[344] = T 22
[345] = CNOT 22 26
[346] = T 22
[347] = CNOT 22 39
[348] = CNOT 22 37
[349] = CNOT 22 30
[350] = CNOT 22 27
[351] = CNOT 22 24
[352] = CNOT 22 23
[353] = CNOT 23 24
[354] = CNOT 23 27
[355] = CNOT 23 30
[356] = CNOT 23 37
[357] = CNOT 23 39
[358] = T 23
[359] = CNOT 23 39
[360] = CNOT 23 37
[361] = CNOT 23 30
[362] = CNOT 23 27
[363] = CNOT 23 24
[364] = CNOT 14 33
[365] = CNOT 14 39
[366] = CNOT 14 42
[367] = T 14
[368] = CNOT 14 42
[369] = CNOT 14 39
[370] = CNOT 14 33
[371] = CNOT 13 14
[372] = CNOT 13 33
[373] = CNOT 13 39
[374] = CNOT 13 42
[375] = T 13
[376] = CNOT 13 33
[377] = T 13
[378] = CNOT 13 14
[379] = CNOT 30 39
[380] = CNOT 30 42
[381] = T 30
[382] = CNOT 30 42
[383] = CNOT 30 39
[384] = CNOT 31 32
[385] = CNOT 31 34
[386] = CNOT 31 39
[387] = CNOT 31 42
[388] = T 31
[389] = CNOT 31 34
[390] = T 31
[391] = CNOT 31 42
[392] = CNOT 31 39
[393] = CNOT 31 32
[394] = CNOT 27 30
[395] = CNOT 27 35
[396] = CNOT 27 36
[397] = CNOT 27 37
[398] = CNOT 27 39
[399] = T 27
[400] = CNOT 27 37
[401] = CNOT 27 36
[402] = CNOT 27 35
[403] = CNOT 27 30
[404] = CNOT 30 35
[405] = CNOT 30 36
[406] = CNOT 30 37
[407] = CNOT 30 39
[408] = T 30
[409] = CNOT 30 37
[410] = T 30
[411] = CNOT 30 39
[412] = CNOT 30 36
[413] = CNOT 30 35
[414] = CNOT 27 30
[415] = CNOT 27 38
[416] = T 27
[417] = CNOT 27 28
[418] = T 27
[419] = CNOT 27 38
[420] = T 27
[421] = CNOT 27 39
[422] = CNOT 27 30
[423] = CNOT 27 28
[424] = CNOT 14 31
[425] = CNOT 14 32
[426] = CNOT 14 33
[427] = CNOT 14 39
[428] = CNOT 14 42
[429] = T 14
[430] = CNOT 14 42
[431] = CNOT 14 39
[432] = CNOT 14 33
[433] = CNOT 14 32
[434] = CNOT 14 31
[435] = CNOT 13 14
[436] = CNOT 13 31
[437] = CNOT 13 32
[438] = CNOT 13 33
[439] = T 13
[440] = CNOT 13 33
[441] = T 13
[442] = CNOT 13 42
[443] = CNOT 13 39
[444] = CNOT 13 32
[445] = CNOT 13 31
[446] = CNOT 13 14
[447] = CNOT 14 34
[448] = CNOT 14 39
[449] = CNOT 14 42
[450] = T 14
[451] = CNOT 14 42
[452] = CNOT 14 39
[453] = CNOT 14 34
[454] = CNOT 34 39
[455] = CNOT 34 42
[456] = T 34
[457] = S 34
[458] = CNOT 34 42
[459] = CNOT 34 39
[460] = CNOT 30 40
[461] = CNOT 30 42
[462] = T 30
[463] = CNOT 30 42
[464] = CNOT 30 40
[465] = CNOT 40 41
[466] = T 40
[467] = S 40
[468] = CNOT 40 41
[469] = CNOT 30 37
[470] = CNOT 30 39
[471] = T 30
[472] = S 30
[473] = CNOT 30 39
[474] = CNOT 30 37
[475] = CNOT 39 41
[476] = T 39
[477] = S 39
[478] = CNOT 39 41
[479] = CNOT 27 30
[480] = CNOT 27 35
[481] = CNOT 27 36
[482] = CNOT 27 38
[483] = CNOT 27 39
[484] = T 27
[485] = CNOT 27 28
[486] = T 27
[487] = CNOT 27 38
[488] = T 27
[489] = CNOT 27 39
[490] = CNOT 27 36
[491] = CNOT 27 35
[492] = CNOT 27 30
[493] = CNOT 27 28
[494] = S 1
[495] = Z 2
[496] = S 3
[497] = Z 3
[498] = S 4
[499] = Z 4
[500] = S 6
[501] = Z 7
[502] = S 8
[503] = S 9
[504] = S 10
[505] = S 11
[506] = Z 14
[507] = S 15
[508] = Z 16
[509] = S 17
[510] = S 18
[511] = S 20
[512] = S 21
[513] = Z 22
[514] = S 26
[515] = Z 26
[516] = S 27
[517] = Z 27
[518] = S 29
[519] = S 31
[520] = S 32
[521] = Z 34
[522] = S 37
[523] = Z 37
[524] = S 40
[525] = Z 40
[526] = Z 41
[527] = Z 42
[528] = CNOT 1 2
[529] = S 1
[530] = CNOT 1 2
[531] = CNOT 1 3
[532] = S 1
[533] = CNOT 1 3
[534] = CNOT 1 4
[535] = S 1
[536] = CNOT 1 4
[537] = CNOT 1 14
[538] = S 1
[539] = CNOT 1 14
[540] = CNOT 1 31
[541] = S 1
[542] = CNOT 1 31
[543] = CNOT 1 32
[544] = S 1
[545] = CNOT 1 32
[546] = CNOT 1 34
[547] = S 1
[548] = CNOT 1 34
[549] = CNOT 1 39
[550] = S 1
[551] = CNOT 1 39
[552] = CNOT 1 42
[553] = S 1
[554] = CNOT 1 42
[555] = CNOT 2 3
[556] = Z 2
[557] = CNOT 2 3
[558] = CNOT 2 4
[559] = Z 2
[560] = CNOT 2 4
[561] = CNOT 2 5
[562] = S 2
[563] = CNOT 2 5
[564] = CNOT 2 6
[565] = S 2
[566] = Z 2
[567] = CNOT 2 6
[568] = CNOT 2 14
[569] = S 2
[570] = CNOT 2 14
[571] = CNOT 2 31
[572] = S 2
[573] = CNOT 2 31
[574] = CNOT 2 32
[575] = S 2
[576] = CNOT 2 32
[577] = CNOT 2 34
[578] = S 2
[579] = CNOT 2 34
[580] = CNOT 2 39
[581] = S 2
[582] = CNOT 2 39
[583] = CNOT 2 42
[584] = S 2
[585] = CNOT 2 42
[586] = CNOT 3 4
[587] = Z 3
[588] = CNOT 3 4
[589] = CNOT 3 5
[590] = S 3
[591] = CNOT 3 5
[592] = CNOT 3 14
[593] = Z 3
[594] = CNOT 3 14
[595] = CNOT 3 31
[596] = Z 3
[597] = CNOT 3 31
[598] = CNOT 3 32
[599] = Z 3
[600] = CNOT 3 32
[601] = CNOT 3 34
[602] = Z 3
[603] = CNOT 3 34
[604] = CNOT 3 39
[605] = Z 3
[606] = CNOT 3 39
[607] = CNOT 3 42
[608] = Z 3
[609] = CNOT 3 42
[610] = CNOT 4 5
[611] = S 4
[612] = CNOT 4 5
[613] = CNOT 4 14
[614] = Z 4
[615] = CNOT 4 14
[616] = CNOT 4 31
[617] = Z 4
[618] = CNOT 4 31
[619] = CNOT 4 32
[620] = Z 4
[621] = CNOT 4 32
[622] = CNOT 4 34
[623] = Z 4
[624] = CNOT 4 34
[625] = CNOT 4 39
[626] = Z 4
[627] = CNOT 4 39
[628] = CNOT 4 42
[629] = Z 4
[630] = CNOT 4 42
[631] = CNOT 5 14
[632] = S 5
[633] = CNOT 5 14
[634] = CNOT 5 31
[635] = Z 5
[636] = CNOT 5 31
[637] = CNOT 5 32
[638] = S 5
[639] = CNOT 5 32
[640] = CNOT 5 34
[641] = S 5
[642] = CNOT 5 34
[643] = CNOT 5 39
[644] = S 5
[645] = CNOT 5 39
[646] = CNOT 5 42
[647] = S 5
[648] = CNOT 5 42
[649] = CNOT 6 14
[650] = S 6
[651] = Z 6
[652] = CNOT 6 14
[653] = CNOT 6 31
[654] = S 6
[655] = Z 6
[656] = CNOT 6 31
[657] = CNOT 6 34
[658] = S 6
[659] = Z 6
[660] = CNOT 6 34
[661] = CNOT 6 39
[662] = S 6
[663] = Z 6
[664] = CNOT 6 39
[665] = CNOT 6 42
[666] = S 6
[667] = Z 6
[668] = CNOT 6 42
[669] = CNOT 7 11
[670] = S 7
[671] = Z 7
[672] = CNOT 7 11
[673] = CNOT 7 29
[674] = S 7
[675] = Z 7
[676] = CNOT 7 29
[677] = CNOT 7 40
[678] = S 7
[679] = Z 7
[680] = CNOT 7 40
[681] = CNOT 8 9
[682] = S 8
[683] = CNOT 8 9
[684] = CNOT 8 10
[685] = S 8
[686] = CNOT 8 10
[687] = CNOT 8 11
[688] = S 8
[689] = CNOT 8 11
[690] = CNOT 8 29
[691] = S 8
[692] = CNOT 8 29
[693] = CNOT 8 40
[694] = S 8
[695] = CNOT 8 40
[696] = CNOT 9 10
[697] = Z 9
[698] = CNOT 9 10
[699] = CNOT 9 11
[700] = Z 9
[701] = CNOT 9 11
[702] = CNOT 9 12
[703] = S 9
[704] = CNOT 9 12
[705] = CNOT 9 29
[706] = Z 9
[707] = CNOT 9 29
[708] = CNOT 9 40
[709] = Z 9
[710] = CNOT 9 40
[711] = CNOT 10 11
[712] = Z 10
[713] = CNOT 10 11
[714] = CNOT 10 12
[715] = S 10
[716] = CNOT 10 12
[717] = CNOT 10 29
[718] = Z 10
[719] = CNOT 10 29
[720] = CNOT 10 40
[721] = Z 10
[722] = CNOT 10 40
[723] = CNOT 11 12
[724] = S 11
[725] = CNOT 11 12
[726] = CNOT 11 29
[727] = S 11
[728] = CNOT 11 29
[729] = CNOT 11 33
[730] = S 11
[731] = CNOT 11 33
[732] = CNOT 11 40
[733] = S 11
[734] = CNOT 11 40
[735] = CNOT 12 29
[736] = S 12
[737] = CNOT 12 29
[738] = CNOT 12 34
[739] = S 12
[740] = CNOT 12 34
[741] = CNOT 12 40
[742] = S 12
[743] = CNOT 12 40
[744] = CNOT 13 14
[745] = S 13
[746] = CNOT 13 14
[747] = CNOT 13 31
[748] = S 13
[749] = CNOT 13 31
[750] = CNOT 13 32
[751] = S 13
[752] = CNOT 13 32
[753] = CNOT 13 39
[754] = Z 13
[755] = CNOT 13 39
[756] = CNOT 13 42
[757] = S 13
[758] = CNOT 13 42
[759] = CNOT 14 31
[760] = S 14
[761] = Z 14
[762] = CNOT 14 31
[763] = CNOT 14 32
[764] = S 14
[765] = Z 14
[766] = CNOT 14 32
[767] = CNOT 14 33
[768] = S 14
[769] = CNOT 14 33
[770] = CNOT 14 39
[771] = Z 14
[772] = CNOT 14 39
[773] = CNOT 14 40
[774] = S 14
[775] = CNOT 14 40
[776] = CNOT 14 42
[777] = Z 14
[778] = CNOT 14 42
[779] = CNOT 15 16
[780] = S 15
[781] = CNOT 15 16
[782] = CNOT 15 17
[783] = S 15
[784] = CNOT 15 17
[785] = CNOT 15 18
[786] = S 15
[787] = CNOT 15 18
[788] = CNOT 15 29
[789] = S 15
[790] = CNOT 15 29
[791] = CNOT 15 39
[792] = S 15
[793] = CNOT 15 39
[794] = CNOT 16 17
[795] = Z 16
[796] = CNOT 16 17
[797] = CNOT 16 18
[798] = Z 16
[799] = CNOT 16 18
[800] = CNOT 16 19
[801] = S 16
[802] = CNOT 16 19
[803] = CNOT 16 20
[804] = S 16
[805] = Z 16
[806] = CNOT 16 20
[807] = CNOT 16 29
[808] = S 16
[809] = CNOT 16 29
[810] = CNOT 16 39
[811] = S 16
[812] = CNOT 16 39
[813] = CNOT 17 18
[814] = Z 17
[815] = CNOT 17 18
[816] = CNOT 17 19
[817] = S 17
[818] = CNOT 17 19
[819] = CNOT 17 29
[820] = Z 17
[821] = CNOT 17 29
[822] = CNOT 17 39
[823] = Z 17
[824] = CNOT 17 39
[825] = CNOT 18 19
[826] = S 18
[827] = CNOT 18 19
[828] = CNOT 18 29
[829] = Z 18
[830] = CNOT 18 29
[831] = CNOT 18 39
[832] = Z 18
[833] = CNOT 18 39
[834] = CNOT 19 29
[835] = S 19
[836] = CNOT 19 29
[837] = CNOT 19 35
[838] = S 19
[839] = CNOT 19 35
[840] = CNOT 19 39
[841] = S 19
[842] = CNOT 19 39
[843] = CNOT 20 29
[844] = S 20
[845] = Z 20
[846] = CNOT 20 29
[847] = CNOT 20 36
[848] = S 20
[849] = CNOT 20 36
[850] = CNOT 20 39
[851] = S 20
[852] = Z 20
[853] = CNOT 20 39
[854] = CNOT 21 23
[855] = S 21
[856] = Z 21
[857] = CNOT 21 23
[858] = CNOT 21 24
[859] = S 21
[860] = Z 21
[861] = CNOT 21 24
[862] = CNOT 21 25
[863] = Z 21
[864] = CNOT 21 25
[865] = CNOT 21 26
[866] = S 21
[867] = CNOT 21 26
[868] = CNOT 21 27
[869] = S 21
[870] = CNOT 21 27
[871] = CNOT 21 30
[872] = S 21
[873] = CNOT 21 30
[874] = CNOT 21 37
[875] = S 21
[876] = CNOT 21 37
[877] = CNOT 21 39
[878] = S 21
[879] = CNOT 21 39
[880] = CNOT 22 23
[881] = Z 22
[882] = CNOT 22 23
[883] = CNOT 22 24
[884] = Z 22
[885] = CNOT 22 24
[886] = CNOT 22 26
[887] = S 22
[888] = CNOT 22 26
[889] = CNOT 22 27
[890] = S 22
[891] = Z 22
[892] = CNOT 22 27
[893] = CNOT 22 30
[894] = S 22
[895] = Z 22
[896] = CNOT 22 30
[897] = CNOT 22 37
[898] = S 22
[899] = Z 22
[900] = CNOT 22 37
[901] = CNOT 22 39
[902] = S 22
[903] = Z 22
[904] = CNOT 22 39
[905] = CNOT 23 25
[906] = S 23
[907] = Z 23
[908] = CNOT 23 25
[909] = CNOT 23 26
[910] = Z 23
[911] = CNOT 23 26
[912] = CNOT 24 25
[913] = S 24
[914] = Z 24
[915] = CNOT 24 25
[916] = CNOT 24 26
[917] = Z 24
[918] = CNOT 24 26
[919] = CNOT 25 26
[920] = S 25
[921] = CNOT 25 26
[922] = CNOT 25 27
[923] = S 25
[924] = CNOT 25 27
[925] = CNOT 25 30
[926] = S 25
[927] = CNOT 25 30
[928] = CNOT 25 37
[929] = Z 25
[930] = CNOT 25 37
[931] = CNOT 25 39
[932] = S 25
[933] = CNOT 25 39
[934] = CNOT 26 27
[935] = S 26
[936] = CNOT 26 27
[937] = CNOT 26 30
[938] = S 26
[939] = CNOT 26 30
[940] = CNOT 26 37
[941] = S 26
[942] = CNOT 26 37
[943] = CNOT 26 38
[944] = S 26
[945] = CNOT 26 38
[946] = CNOT 26 39
[947] = S 26
[948] = CNOT 26 39
[949] = CNOT 27 28
[950] = S 27
[951] = CNOT 27 28
[952] = CNOT 27 35
[953] = Z 27
[954] = CNOT 27 35
[955] = CNOT 27 36
[956] = Z 27
[957] = CNOT 27 36
[958] = CNOT 27 37
[959] = Z 27
[960] = CNOT 27 37
[961] = CNOT 27 38
[962] = S 27
[963] = CNOT 27 38
[964] = CNOT 27 41
[965] = S 27
[966] = CNOT 27 41
[967] = CNOT 28 30
[968] = S 28
[969] = CNOT 28 30
[970] = CNOT 28 35
[971] = S 28
[972] = CNOT 28 35
[973] = CNOT 28 36
[974] = S 28
[975] = CNOT 28 36
[976] = CNOT 28 39
[977] = S 28
[978] = CNOT 28 39
[979] = CNOT 28 42
[980] = S 28
[981] = CNOT 28 42
[982] = CNOT 29 39
[983] = Z 29
[984] = CNOT 29 39
[985] = CNOT 29 40
[986] = Z 29
[987] = CNOT 29 40
[988] = CNOT 29 41
[989] = S 29
[990] = CNOT 29 41
[991] = CNOT 30 35
[992] = Z 30
[993] = CNOT 30 35
[994] = CNOT 30 36
[995] = Z 30
[996] = CNOT 30 36
[997] = CNOT 30 37
[998] = Z 30
[999] = CNOT 30 37
[1000] = CNOT 30 38
[1001] = S 30
[1002] = CNOT 30 38
[1003] = CNOT 30 39
[1004] = S 30
[1005] = CNOT 30 39
[1006] = CNOT 30 42
[1007] = S 30
[1008] = CNOT 30 42
[1009] = CNOT 31 32
[1010] = S 31
[1011] = Z 31
[1012] = CNOT 31 32
[1013] = CNOT 31 33
[1014] = S 31
[1015] = CNOT 31 33
[1016] = CNOT 31 34
[1017] = S 31
[1018] = CNOT 31 34
[1019] = CNOT 31 39
[1020] = S 31
[1021] = Z 31
[1022] = CNOT 31 39
[1023] = CNOT 31 42
[1024] = S 31
[1025] = Z 31
[1026] = CNOT 31 42
[1027] = CNOT 32 33
[1028] = S 32
[1029] = CNOT 32 33
[1030] = CNOT 32 34
[1031] = S 32
[1032] = CNOT 32 34
[1033] = CNOT 32 39
[1034] = S 32
[1035] = Z 32
[1036] = CNOT 32 39
[1037] = CNOT 32 42
[1038] = S 32
[1039] = Z 32
[1040] = CNOT 32 42
[1041] = CNOT 33 39
[1042] = S 33
[1043] = CNOT 33 39
[1044] = CNOT 33 42
[1045] = S 33
[1046] = CNOT 33 42
[1047] = CNOT 35 36
[1048] = Z 35
[1049] = CNOT 35 36
[1050] = CNOT 35 38
[1051] = S 35
[1052] = CNOT 35 38
[1053] = CNOT 35 39
[1054] = Z 35
[1055] = CNOT 35 39
[1056] = CNOT 36 38
[1057] = S 36
[1058] = CNOT 36 38
[1059] = CNOT 36 39
[1060] = Z 36
[1061] = CNOT 36 39
[1062] = CNOT 37 39
[1063] = Z 37
[1064] = CNOT 37 39
[1065] = CNOT 38 39
[1066] = S 38
[1067] = CNOT 38 39
[1068] = CNOT 39 42
[1069] = S 39
[1070] = Z 39
[1071] = CNOT 39 42
[1072] = CNOT 1 2
[1073] = CNOT 1 3
[1074] = S 1
[1075] = Z 1
[1076] = CNOT 1 3
[1077] = CNOT 1 4
[1078] = S 1
[1079] = Z 1
[1080] = CNOT 1 4
[1081] = CNOT 1 5
[1082] = S 1
[1083] = Z 1
[1084] = CNOT 1 5
[1085] = CNOT 1 14
[1086] = Z 1
[1087] = CNOT 1 14
[1088] = CNOT 1 31
[1089] = Z 1
[1090] = CNOT 1 31
[1091] = CNOT 1 32
[1092] = Z 1
[1093] = CNOT 1 32
[1094] = CNOT 1 34
[1095] = Z 1
[1096] = CNOT 1 34
[1097] = CNOT 1 39
[1098] = Z 1
[1099] = CNOT 1 39
[1100] = CNOT 1 42
[1101] = Z 1
[1102] = CNOT 1 42
[1103] = CNOT 1 2
[1104] = CNOT 1 3
[1105] = CNOT 1 4
[1106] = S 1
[1107] = Z 1
[1108] = CNOT 1 4
[1109] = CNOT 1 14
[1110] = S 1
[1111] = Z 1
[1112] = CNOT 1 14
[1113] = CNOT 1 31
[1114] = S 1
[1115] = Z 1
[1116] = CNOT 1 31
[1117] = CNOT 1 32
[1118] = S 1
[1119] = Z 1
[1120] = CNOT 1 32
[1121] = CNOT 1 34
[1122] = S 1
[1123] = Z 1
[1124] = CNOT 1 34
[1125] = CNOT 1 39
[1126] = S 1
[1127] = Z 1
[1128] = CNOT 1 39
[1129] = CNOT 1 42
[1130] = S 1
[1131] = Z 1
[1132] = CNOT 1 42
[1133] = CNOT 1 3
[1134] = CNOT 1 4
[1135] = CNOT 1 14
[1136] = S 1
[1137] = Z 1
[1138] = CNOT 1 14
[1139] = CNOT 1 31
[1140] = S 1
[1141] = Z 1
[1142] = CNOT 1 31
[1143] = CNOT 1 32
[1144] = S 1
[1145] = Z 1
[1146] = CNOT 1 32
[1147] = CNOT 1 34
[1148] = S 1
[1149] = Z 1
[1150] = CNOT 1 34
[1151] = CNOT 1 39
[1152] = S 1
[1153] = Z 1
[1154] = CNOT 1 39
[1155] = CNOT 1 42
[1156] = S 1
[1157] = Z 1
[1158] = CNOT 1 42
[1159] = CNOT 1 4
[1160] = CNOT 1 5
[1161] = CNOT 1 14
[1162] = S 1
[1163] = Z 1
[1164] = CNOT 1 14
[1165] = CNOT 1 31
[1166] = S 1
[1167] = Z 1
[1168] = CNOT 1 31
[1169] = CNOT 1 32
[1170] = S 1
[1171] = Z 1
[1172] = CNOT 1 32
[1173] = CNOT 1 34
[1174] = S 1
[1175] = Z 1
[1176] = CNOT 1 34
[1177] = CNOT 1 39
[1178] = S 1
[1179] = Z 1
[1180] = CNOT 1 39
[1181] = CNOT 1 42
[1182] = S 1
[1183] = Z 1
[1184] = CNOT 1 42
[1185] = CNOT 1 5
[1186] = CNOT 1 14
[1187] = CNOT 1 31
[1188] = Z 1
[1189] = CNOT 1 31
[1190] = CNOT 1 32
[1191] = Z 1
[1192] = CNOT 1 32
[1193] = CNOT 1 34
[1194] = Z 1
[1195] = CNOT 1 34
[1196] = CNOT 1 39
[1197] = Z 1
[1198] = CNOT 1 39
[1199] = CNOT 1 42
[1200] = Z 1
[1201] = CNOT 1 42
[1202] = CNOT 1 14
[1203] = CNOT 1 31
[1204] = CNOT 1 32
[1205] = Z 1
[1206] = CNOT 1 32
[1207] = CNOT 1 34
[1208] = Z 1
[1209] = CNOT 1 34
[1210] = CNOT 1 39
[1211] = Z 1
[1212] = CNOT 1 39
[1213] = CNOT 1 42
[1214] = Z 1
[1215] = CNOT 1 42
[1216] = CNOT 1 31
[1217] = CNOT 1 32
[1218] = CNOT 1 34
[1219] = Z 1
[1220] = CNOT 1 34
[1221] = CNOT 1 39
[1222] = Z 1
[1223] = CNOT 1 39
[1224] = CNOT 1 42
[1225] = Z 1
[1226] = CNOT 1 42
[1227] = CNOT 1 32
[1228] = CNOT 1 34
[1229] = CNOT 1 39
[1230] = Z 1
[1231] = CNOT 1 39
[1232] = CNOT 1 42
[1233] = Z 1
[1234] = CNOT 1 34
[1235] = CNOT 1 39
[1236] = Z 1
[1237] = CNOT 1 42
[1238] = CNOT 1 39
[1239] = CNOT 2 3
[1240] = CNOT 2 4
[1241] = Z 2
[1242] = CNOT 2 4
[1243] = CNOT 2 5
[1244] = S 2
[1245] = Z 2
[1246] = CNOT 2 5
[1247] = CNOT 2 14
[1248] = Z 2
[1249] = CNOT 2 14
[1250] = CNOT 2 31
[1251] = Z 2
[1252] = CNOT 2 31
[1253] = CNOT 2 32
[1254] = Z 2
[1255] = CNOT 2 32
[1256] = CNOT 2 34
[1257] = Z 2
[1258] = CNOT 2 34
[1259] = CNOT 2 39
[1260] = Z 2
[1261] = CNOT 2 39
[1262] = CNOT 2 42
[1263] = Z 2
[1264] = CNOT 2 42
[1265] = CNOT 2 3
[1266] = CNOT 2 4
[1267] = CNOT 2 5
[1268] = S 2
[1269] = Z 2
[1270] = CNOT 2 5
[1271] = CNOT 2 14
[1272] = Z 2
[1273] = CNOT 2 14
[1274] = CNOT 2 31
[1275] = Z 2
[1276] = CNOT 2 31
[1277] = CNOT 2 32
[1278] = Z 2
[1279] = CNOT 2 32
[1280] = CNOT 2 34
[1281] = Z 2
[1282] = CNOT 2 34
[1283] = CNOT 2 39
[1284] = Z 2
[1285] = CNOT 2 39
[1286] = CNOT 2 42
[1287] = Z 2
[1288] = CNOT 2 42
[1289] = CNOT 2 4
[1290] = CNOT 2 5
[1291] = CNOT 2 14
[1292] = Z 2
[1293] = CNOT 2 14
[1294] = CNOT 2 31
[1295] = Z 2
[1296] = CNOT 2 31
[1297] = CNOT 2 32
[1298] = Z 2
[1299] = CNOT 2 32
[1300] = CNOT 2 34
[1301] = Z 2
[1302] = CNOT 2 34
[1303] = CNOT 2 39
[1304] = Z 2
[1305] = CNOT 2 39
[1306] = CNOT 2 42
[1307] = Z 2
[1308] = CNOT 2 42
[1309] = CNOT 2 5
[1310] = CNOT 2 6
[1311] = CNOT 2 14
[1312] = S 2
[1313] = Z 2
[1314] = CNOT 2 14
[1315] = CNOT 2 31
[1316] = S 2
[1317] = Z 2
[1318] = CNOT 2 31
[1319] = CNOT 2 32
[1320] = S 2
[1321] = Z 2
[1322] = CNOT 2 32
[1323] = CNOT 2 34
[1324] = S 2
[1325] = Z 2
[1326] = CNOT 2 34
[1327] = CNOT 2 39
[1328] = S 2
[1329] = Z 2
[1330] = CNOT 2 39
[1331] = CNOT 2 42
[1332] = S 2
[1333] = Z 2
[1334] = CNOT 2 42
[1335] = CNOT 2 6
[1336] = CNOT 3 4
[1337] = CNOT 3 5
[1338] = S 3
[1339] = Z 3
[1340] = CNOT 3 5
[1341] = CNOT 3 6
[1342] = S 3
[1343] = Z 3
[1344] = CNOT 3 6
[1345] = CNOT 3 14
[1346] = S 3
[1347] = CNOT 3 14
[1348] = CNOT 3 31
[1349] = S 3
[1350] = CNOT 3 31
[1351] = CNOT 3 32
[1352] = S 3
[1353] = CNOT 3 32
[1354] = CNOT 3 34
[1355] = S 3
[1356] = CNOT 3 34
[1357] = CNOT 3 39
[1358] = S 3
[1359] = CNOT 3 39
[1360] = CNOT 3 42
[1361] = S 3
[1362] = CNOT 3 42
[1363] = CNOT 3 4
[1364] = CNOT 3 5
[1365] = CNOT 3 14
[1366] = S 3
[1367] = Z 3
[1368] = CNOT 3 14
[1369] = CNOT 3 31
[1370] = S 3
[1371] = Z 3
[1372] = CNOT 3 31
[1373] = CNOT 3 32
[1374] = S 3
[1375] = Z 3
[1376] = CNOT 3 32
[1377] = CNOT 3 34
[1378] = S 3
[1379] = Z 3
[1380] = CNOT 3 34
[1381] = CNOT 3 39
[1382] = S 3
[1383] = Z 3
[1384] = CNOT 3 39
[1385] = CNOT 3 42
[1386] = S 3
[1387] = Z 3
[1388] = CNOT 3 42
[1389] = CNOT 3 5
[1390] = CNOT 3 6
[1391] = CNOT 3 14
[1392] = S 3
[1393] = Z 3
[1394] = CNOT 3 14
[1395] = CNOT 3 31
[1396] = S 3
[1397] = Z 3
[1398] = CNOT 3 31
[1399] = CNOT 3 32
[1400] = S 3
[1401] = Z 3
[1402] = CNOT 3 32
[1403] = CNOT 3 34
[1404] = S 3
[1405] = Z 3
[1406] = CNOT 3 34
[1407] = CNOT 3 39
[1408] = S 3
[1409] = Z 3
[1410] = CNOT 3 39
[1411] = CNOT 3 42
[1412] = S 3
[1413] = Z 3
[1414] = CNOT 3 42
[1415] = CNOT 3 6
[1416] = CNOT 3 14
[1417] = CNOT 3 31
[1418] = S 3
[1419] = CNOT 3 31
[1420] = CNOT 3 32
[1421] = S 3
[1422] = CNOT 3 32
[1423] = CNOT 3 34
[1424] = S 3
[1425] = CNOT 3 34
[1426] = CNOT 3 39
[1427] = S 3
[1428] = CNOT 3 39
[1429] = CNOT 3 42
[1430] = S 3
[1431] = CNOT 3 42
[1432] = CNOT 3 14
[1433] = CNOT 3 31
[1434] = CNOT 3 32
[1435] = S 3
[1436] = CNOT 3 32
[1437] = CNOT 3 34
[1438] = S 3
[1439] = CNOT 3 34
[1440] = CNOT 3 39
[1441] = S 3
[1442] = CNOT 3 39
[1443] = CNOT 3 42
[1444] = S 3
[1445] = CNOT 3 42
[1446] = CNOT 3 31
[1447] = CNOT 3 32
[1448] = CNOT 3 34
[1449] = S 3
[1450] = CNOT 3 34
[1451] = CNOT 3 39
[1452] = S 3
[1453] = CNOT 3 39
[1454] = CNOT 3 42
[1455] = S 3
[1456] = CNOT 3 42
[1457] = CNOT 3 32
[1458] = CNOT 3 34
[1459] = CNOT 3 39
[1460] = S 3
[1461] = CNOT 3 39
[1462] = CNOT 3 42
[1463] = S 3
[1464] = CNOT 3 34
[1465] = CNOT 3 39
[1466] = S 3
[1467] = CNOT 3 42
[1468] = CNOT 3 39
[1469] = CNOT 4 5
[1470] = CNOT 4 14
[1471] = S 4
[1472] = Z 4
[1473] = CNOT 4 14
[1474] = CNOT 4 31
[1475] = S 4
[1476] = Z 4
[1477] = CNOT 4 31
[1478] = CNOT 4 32
[1479] = S 4
[1480] = Z 4
[1481] = CNOT 4 32
[1482] = CNOT 4 34
[1483] = S 4
[1484] = Z 4
[1485] = CNOT 4 34
[1486] = CNOT 4 39
[1487] = S 4
[1488] = Z 4
[1489] = CNOT 4 39
[1490] = CNOT 4 42
[1491] = S 4
[1492] = Z 4
[1493] = CNOT 4 42
[1494] = CNOT 4 5
[1495] = CNOT 4 6
[1496] = CNOT 4 14
[1497] = S 4
[1498] = Z 4
[1499] = CNOT 4 14
[1500] = CNOT 4 31
[1501] = S 4
[1502] = Z 4
[1503] = CNOT 4 31
[1504] = CNOT 4 32
[1505] = S 4
[1506] = Z 4
[1507] = CNOT 4 32
[1508] = CNOT 4 34
[1509] = S 4
[1510] = Z 4
[1511] = CNOT 4 34
[1512] = CNOT 4 39
[1513] = S 4
[1514] = Z 4
[1515] = CNOT 4 39
[1516] = CNOT 4 42
[1517] = S 4
[1518] = Z 4
[1519] = CNOT 4 42
[1520] = CNOT 4 6
[1521] = CNOT 4 14
[1522] = CNOT 4 31
[1523] = S 4
[1524] = CNOT 4 31
[1525] = CNOT 4 32
[1526] = S 4
[1527] = CNOT 4 32
[1528] = CNOT 4 34
[1529] = S 4
[1530] = CNOT 4 34
[1531] = CNOT 4 39
[1532] = S 4
[1533] = CNOT 4 39
[1534] = CNOT 4 42
[1535] = S 4
[1536] = CNOT 4 42
[1537] = CNOT 4 14
[1538] = CNOT 4 31
[1539] = CNOT 4 32
[1540] = S 4
[1541] = CNOT 4 32
[1542] = CNOT 4 34
[1543] = S 4
[1544] = CNOT 4 34
[1545] = CNOT 4 39
[1546] = S 4
[1547] = CNOT 4 39
[1548] = CNOT 4 42
[1549] = S 4
[1550] = CNOT 4 42
[1551] = CNOT 4 31
[1552] = CNOT 4 32
[1553] = CNOT 4 34
[1554] = S 4
[1555] = CNOT 4 34
[1556] = CNOT 4 39
[1557] = S 4
[1558] = CNOT 4 39
[1559] = CNOT 4 42
[1560] = S 4
[1561] = CNOT 4 42
[1562] = CNOT 4 32
[1563] = CNOT 4 34
[1564] = CNOT 4 39
[1565] = S 4
[1566] = CNOT 4 39
[1567] = CNOT 4 42
[1568] = S 4
[1569] = CNOT 4 34
[1570] = CNOT 4 39
[1571] = S 4
[1572] = CNOT 4 42
[1573] = CNOT 4 39
[1574] = CNOT 5 14
[1575] = CNOT 5 31
[1576] = Z 5
[1577] = CNOT 5 31
[1578] = CNOT 5 32
[1579] = Z 5
[1580] = CNOT 5 32
[1581] = CNOT 5 34
[1582] = Z 5
[1583] = CNOT 5 34
[1584] = CNOT 5 39
[1585] = Z 5
[1586] = CNOT 5 39
[1587] = CNOT 5 42
[1588] = Z 5
[1589] = CNOT 5 42
[1590] = CNOT 5 14
[1591] = CNOT 5 31
[1592] = CNOT 5 32
[1593] = Z 5
[1594] = CNOT 5 32
[1595] = CNOT 5 34
[1596] = Z 5
[1597] = CNOT 5 34
[1598] = CNOT 5 39
[1599] = Z 5
[1600] = CNOT 5 39
[1601] = CNOT 5 42
[1602] = Z 5
[1603] = CNOT 5 42
[1604] = CNOT 5 31
[1605] = CNOT 5 32
[1606] = CNOT 5 34
[1607] = Z 5
[1608] = CNOT 5 34
[1609] = CNOT 5 39
[1610] = Z 5
[1611] = CNOT 5 39
[1612] = CNOT 5 42
[1613] = Z 5
[1614] = CNOT 5 42
[1615] = CNOT 5 32
[1616] = CNOT 5 34
[1617] = CNOT 5 39
[1618] = Z 5
[1619] = CNOT 5 39
[1620] = CNOT 5 42
[1621] = Z 5
[1622] = CNOT 5 34
[1623] = CNOT 5 39
[1624] = Z 5
[1625] = CNOT 5 42
[1626] = CNOT 5 39
[1627] = CNOT 6 14
[1628] = CNOT 6 31
[1629] = Z 6
[1630] = CNOT 6 31
[1631] = CNOT 6 32
[1632] = Z 6
[1633] = CNOT 6 32
[1634] = CNOT 6 34
[1635] = Z 6
[1636] = CNOT 6 34
[1637] = CNOT 6 39
[1638] = Z 6
[1639] = CNOT 6 39
[1640] = CNOT 6 42
[1641] = Z 6
[1642] = CNOT 6 42
[1643] = CNOT 6 14
[1644] = CNOT 6 31
[1645] = CNOT 6 32
[1646] = Z 6
[1647] = CNOT 6 32
[1648] = CNOT 6 34
[1649] = Z 6
[1650] = CNOT 6 34
[1651] = CNOT 6 39
[1652] = Z 6
[1653] = CNOT 6 39
[1654] = CNOT 6 42
[1655] = Z 6
[1656] = CNOT 6 42
[1657] = CNOT 6 31
[1658] = CNOT 6 32
[1659] = CNOT 6 34
[1660] = Z 6
[1661] = CNOT 6 34
[1662] = CNOT 6 39
[1663] = Z 6
[1664] = CNOT 6 39
[1665] = CNOT 6 42
[1666] = Z 6
[1667] = CNOT 6 42
[1668] = CNOT 6 32
[1669] = CNOT 6 34
[1670] = CNOT 6 39
[1671] = Z 6
[1672] = CNOT 6 39
[1673] = CNOT 6 42
[1674] = Z 6
[1675] = CNOT 6 34
[1676] = CNOT 6 39
[1677] = Z 6
[1678] = CNOT 6 42
[1679] = CNOT 6 39
[1680] = CNOT 7 9
[1681] = CNOT 7 10
[1682] = S 7
[1683] = Z 7
[1684] = CNOT 7 10
[1685] = CNOT 7 29
[1686] = S 7
[1687] = Z 7
[1688] = CNOT 7 29
[1689] = CNOT 7 40
[1690] = S 7
[1691] = Z 7
[1692] = CNOT 7 40
[1693] = CNOT 7 9
[1694] = CNOT 7 10
[1695] = CNOT 7 29
[1696] = S 7
[1697] = Z 7
[1698] = CNOT 7 29
[1699] = CNOT 7 40
[1700] = S 7
[1701] = Z 7
[1702] = CNOT 7 40
[1703] = CNOT 7 10
[1704] = CNOT 7 11
[1705] = CNOT 7 29
[1706] = S 7
[1707] = Z 7
[1708] = CNOT 7 29
[1709] = CNOT 7 40
[1710] = S 7
[1711] = Z 7
[1712] = CNOT 7 40
[1713] = CNOT 7 11
[1714] = CNOT 8 9
[1715] = CNOT 8 10
[1716] = S 8
[1717] = Z 8
[1718] = CNOT 8 10
[1719] = CNOT 8 11
[1720] = S 8
[1721] = Z 8
[1722] = CNOT 8 11
[1723] = CNOT 8 29
[1724] = S 8
[1725] = Z 8
[1726] = CNOT 8 29
[1727] = CNOT 8 40
[1728] = S 8
[1729] = Z 8
[1730] = CNOT 8 40
[1731] = CNOT 8 9
[1732] = CNOT 8 10
[1733] = CNOT 8 11
[1734] = S 8
[1735] = Z 8
[1736] = CNOT 8 11
[1737] = CNOT 8 29
[1738] = S 8
[1739] = Z 8
[1740] = CNOT 8 29
[1741] = CNOT 8 40
[1742] = S 8
[1743] = Z 8
[1744] = CNOT 8 40
[1745] = CNOT 8 10
[1746] = CNOT 8 11
[1747] = CNOT 8 12
[1748] = S 8
[1749] = Z 8
[1750] = CNOT 8 12
[1751] = CNOT 8 29
[1752] = Z 8
[1753] = CNOT 8 29
[1754] = CNOT 8 40
[1755] = Z 8
[1756] = CNOT 8 40
[1757] = CNOT 8 11
[1758] = CNOT 8 12
[1759] = CNOT 8 29
[1760] = S 8
[1761] = Z 8
[1762] = CNOT 8 29
[1763] = CNOT 8 40
[1764] = S 8
[1765] = Z 8
[1766] = CNOT 8 12
[1767] = CNOT 8 29
[1768] = Z 8
[1769] = CNOT 8 40
[1770] = CNOT 8 29
[1771] = CNOT 9 10
[1772] = CNOT 9 11
[1773] = Z 9
[1774] = CNOT 9 11
[1775] = CNOT 9 12
[1776] = S 9
[1777] = Z 9
[1778] = CNOT 9 12
[1779] = CNOT 9 29
[1780] = S 9
[1781] = CNOT 9 29
[1782] = CNOT 9 40
[1783] = S 9
[1784] = CNOT 9 40
[1785] = CNOT 9 10
[1786] = CNOT 9 11
[1787] = CNOT 9 12
[1788] = S 9
[1789] = Z 9
[1790] = CNOT 9 12
[1791] = CNOT 9 29
[1792] = Z 9
[1793] = CNOT 9 29
[1794] = CNOT 9 40
[1795] = Z 9
[1796] = CNOT 9 40
[1797] = CNOT 9 11
[1798] = CNOT 9 12
[1799] = CNOT 9 29
[1800] = S 9
[1801] = Z 9
[1802] = CNOT 9 29
[1803] = CNOT 9 40
[1804] = S 9
[1805] = Z 9
[1806] = CNOT 9 12
[1807] = CNOT 9 29
[1808] = S 9
[1809] = CNOT 9 40
[1810] = CNOT 9 29
[1811] = CNOT 10 11
[1812] = CNOT 10 12
[1813] = S 10
[1814] = Z 10
[1815] = CNOT 10 12
[1816] = CNOT 10 29
[1817] = Z 10
[1818] = CNOT 10 29
[1819] = CNOT 10 40
[1820] = Z 10
[1821] = CNOT 10 40
[1822] = CNOT 10 11
[1823] = CNOT 10 12
[1824] = CNOT 10 29
[1825] = S 10
[1826] = Z 10
[1827] = CNOT 10 29
[1828] = CNOT 10 40
[1829] = S 10
[1830] = Z 10
[1831] = CNOT 10 12
[1832] = CNOT 10 29
[1833] = S 10
[1834] = CNOT 10 40
[1835] = CNOT 10 29
[1836] = CNOT 11 12
[1837] = CNOT 11 29
[1838] = Z 11
[1839] = CNOT 11 29
[1840] = CNOT 11 40
[1841] = Z 11
[1842] = CNOT 11 40
[1843] = CNOT 11 12
[1844] = CNOT 12 29
[1845] = CNOT 12 40
[1846] = Z 12
[1847] = CNOT 12 40
[1848] = CNOT 12 29
[1849] = CNOT 13 14
[1850] = CNOT 13 31
[1851] = S 13
[1852] = Z 13
[1853] = CNOT 13 31
[1854] = CNOT 13 32
[1855] = S 13
[1856] = Z 13
[1857] = CNOT 13 32
[1858] = CNOT 13 33
[1859] = S 13
[1860] = Z 13
[1861] = CNOT 13 33
[1862] = CNOT 13 39
[1863] = Z 13
[1864] = CNOT 13 39
[1865] = CNOT 13 42
[1866] = Z 13
[1867] = CNOT 13 42
[1868] = CNOT 13 14
[1869] = CNOT 13 31
[1870] = CNOT 13 32
[1871] = S 13
[1872] = Z 13
[1873] = CNOT 13 32
[1874] = CNOT 13 39
[1875] = S 13
[1876] = Z 13
[1877] = CNOT 13 39
[1878] = CNOT 13 42
[1879] = S 13
[1880] = Z 13
[1881] = CNOT 13 42
[1882] = CNOT 13 31
[1883] = CNOT 13 32
[1884] = CNOT 13 39
[1885] = S 13
[1886] = Z 13
[1887] = CNOT 13 39
[1888] = CNOT 13 42
[1889] = S 13
[1890] = Z 13
[1891] = CNOT 13 42
[1892] = CNOT 13 32
[1893] = CNOT 13 33
[1894] = CNOT 13 39
[1895] = S 13
[1896] = Z 13
[1897] = CNOT 13 39
[1898] = CNOT 13 42
[1899] = S 13
[1900] = Z 13
[1901] = CNOT 13 33
[1902] = CNOT 13 39
[1903] = Z 13
[1904] = CNOT 13 42
[1905] = CNOT 14 31
[1906] = CNOT 14 32
[1907] = S 14
[1908] = CNOT 14 32
[1909] = CNOT 14 33
[1910] = S 14
[1911] = Z 14
[1912] = CNOT 14 33
[1913] = CNOT 14 34
[1914] = S 14
[1915] = Z 14
[1916] = CNOT 14 34
[1917] = CNOT 14 39
[1918] = S 14
[1919] = CNOT 14 39
[1920] = CNOT 14 42
[1921] = S 14
[1922] = CNOT 14 42
[1923] = CNOT 14 31
[1924] = CNOT 14 32
[1925] = CNOT 14 33
[1926] = S 14
[1927] = Z 14
[1928] = CNOT 14 33
[1929] = CNOT 14 34
[1930] = S 14
[1931] = Z 14
[1932] = CNOT 14 34
[1933] = CNOT 14 39
[1934] = S 14
[1935] = CNOT 14 39
[1936] = CNOT 14 42
[1937] = S 14
[1938] = CNOT 14 42
[1939] = CNOT 14 32
[1940] = CNOT 14 33
[1941] = CNOT 14 39
[1942] = Z 14
[1943] = CNOT 14 39
[1944] = CNOT 14 42
[1945] = Z 14
[1946] = CNOT 14 42
[1947] = CNOT 14 33
[1948] = CNOT 14 34
[1949] = CNOT 14 39
[1950] = Z 14
[1951] = CNOT 14 39
[1952] = CNOT 14 42
[1953] = Z 14
[1954] = CNOT 14 34
[1955] = CNOT 14 39
[1956] = S 14
[1957] = Z 14
[1958] = CNOT 14 42
[1959] = CNOT 14 39
[1960] = CNOT 15 16
[1961] = CNOT 15 17
[1962] = S 15
[1963] = Z 15
[1964] = CNOT 15 17
[1965] = CNOT 15 18
[1966] = S 15
[1967] = Z 15
[1968] = CNOT 15 18
[1969] = CNOT 15 19
[1970] = S 15
[1971] = Z 15
[1972] = CNOT 15 19
[1973] = CNOT 15 29
[1974] = Z 15
[1975] = CNOT 15 29
[1976] = CNOT 15 39
[1977] = Z 15
[1978] = CNOT 15 39
[1979] = CNOT 15 16
[1980] = CNOT 15 17
[1981] = CNOT 15 18
[1982] = S 15
[1983] = Z 15
[1984] = CNOT 15 18
[1985] = CNOT 15 29
[1986] = S 15
[1987] = Z 15
[1988] = CNOT 15 29
[1989] = CNOT 15 39
[1990] = S 15
[1991] = Z 15
[1992] = CNOT 15 39
[1993] = CNOT 15 17
[1994] = CNOT 15 18
[1995] = CNOT 15 29
[1996] = S 15
[1997] = Z 15
[1998] = CNOT 15 29
[1999] = CNOT 15 39
[2000] = S 15
[2001] = Z 15
[2002] = CNOT 15 39
[2003] = CNOT 15 18
[2004] = CNOT 15 19
[2005] = CNOT 15 29
[2006] = S 15
[2007] = Z 15
[2008] = CNOT 15 29
[2009] = CNOT 15 39
[2010] = S 15
[2011] = Z 15
[2012] = CNOT 15 19
[2013] = CNOT 15 29
[2014] = Z 15
[2015] = CNOT 15 39
[2016] = CNOT 15 29
[2017] = CNOT 16 17
[2018] = CNOT 16 18
[2019] = Z 16
[2020] = CNOT 16 18
[2021] = CNOT 16 19
[2022] = S 16
[2023] = Z 16
[2024] = CNOT 16 19
[2025] = CNOT 16 29
[2026] = Z 16
[2027] = CNOT 16 29
[2028] = CNOT 16 39
[2029] = Z 16
[2030] = CNOT 16 39
[2031] = CNOT 16 17
[2032] = CNOT 16 18
[2033] = CNOT 16 19
[2034] = S 16
[2035] = Z 16
[2036] = CNOT 16 19
[2037] = CNOT 16 29
[2038] = Z 16
[2039] = CNOT 16 29
[2040] = CNOT 16 39
[2041] = Z 16
[2042] = CNOT 16 39
[2043] = CNOT 16 18
[2044] = CNOT 16 19
[2045] = CNOT 16 29
[2046] = Z 16
[2047] = CNOT 16 29
[2048] = CNOT 16 39
[2049] = Z 16
[2050] = CNOT 16 39
[2051] = CNOT 16 19
[2052] = CNOT 16 20
[2053] = CNOT 16 29
[2054] = S 16
[2055] = Z 16
[2056] = CNOT 16 29
[2057] = CNOT 16 39
[2058] = S 16
[2059] = Z 16
[2060] = CNOT 16 39
[2061] = CNOT 16 20
[2062] = CNOT 17 18
[2063] = CNOT 17 19
[2064] = S 17
[2065] = Z 17
[2066] = CNOT 17 19
[2067] = CNOT 17 20
[2068] = S 17
[2069] = Z 17
[2070] = CNOT 17 20
[2071] = CNOT 17 29
[2072] = S 17
[2073] = CNOT 17 29
[2074] = CNOT 17 39
[2075] = S 17
[2076] = CNOT 17 39
[2077] = CNOT 17 18
[2078] = CNOT 17 19
[2079] = CNOT 17 29
[2080] = S 17
[2081] = Z 17
[2082] = CNOT 17 29
[2083] = CNOT 17 39
[2084] = S 17
[2085] = Z 17
[2086] = CNOT 17 39
[2087] = CNOT 17 19
[2088] = CNOT 17 20
[2089] = CNOT 17 29
[2090] = S 17
[2091] = Z 17
[2092] = CNOT 17 29
[2093] = CNOT 17 39
[2094] = S 17
[2095] = Z 17
[2096] = CNOT 17 20
[2097] = CNOT 17 29
[2098] = S 17
[2099] = CNOT 17 39
[2100] = CNOT 17 29
[2101] = CNOT 18 19
[2102] = CNOT 18 29
[2103] = S 18
[2104] = Z 18
[2105] = CNOT 18 29
[2106] = CNOT 18 39
[2107] = S 18
[2108] = Z 18
[2109] = CNOT 18 39
[2110] = CNOT 18 19
[2111] = CNOT 18 20
[2112] = CNOT 18 29
[2113] = S 18
[2114] = Z 18
[2115] = CNOT 18 29
[2116] = CNOT 18 39
[2117] = S 18
[2118] = Z 18
[2119] = CNOT 18 20
[2120] = CNOT 18 29
[2121] = S 18
[2122] = CNOT 18 39
[2123] = CNOT 18 29
[2124] = CNOT 19 29
[2125] = CNOT 19 39
[2126] = Z 19
[2127] = CNOT 19 39
[2128] = CNOT 19 29
[2129] = CNOT 21 23
[2130] = CNOT 21 24
[2131] = S 21
[2132] = Z 21
[2133] = CNOT 21 24
[2134] = CNOT 21 26
[2135] = S 21
[2136] = Z 21
[2137] = CNOT 21 26
[2138] = CNOT 21 27
[2139] = S 21
[2140] = Z 21
[2141] = CNOT 21 27
[2142] = CNOT 21 30
[2143] = S 21
[2144] = Z 21
[2145] = CNOT 21 30
[2146] = CNOT 21 37
[2147] = S 21
[2148] = Z 21
[2149] = CNOT 21 37
[2150] = CNOT 21 39
[2151] = S 21
[2152] = Z 21
[2153] = CNOT 21 39
[2154] = CNOT 21 23
[2155] = CNOT 21 24
[2156] = CNOT 21 26
[2157] = S 21
[2158] = Z 21
[2159] = CNOT 21 26
[2160] = CNOT 21 27
[2161] = S 21
[2162] = Z 21
[2163] = CNOT 21 27
[2164] = CNOT 21 30
[2165] = S 21
[2166] = Z 21
[2167] = CNOT 21 30
[2168] = CNOT 21 37
[2169] = S 21
[2170] = Z 21
[2171] = CNOT 21 37
[2172] = CNOT 21 39
[2173] = S 21
[2174] = Z 21
[2175] = CNOT 21 39
[2176] = CNOT 21 24
[2177] = CNOT 21 25
[2178] = CNOT 21 26
[2179] = S 21
[2180] = Z 21
[2181] = CNOT 21 26
[2182] = CNOT 21 27
[2183] = S 21
[2184] = Z 21
[2185] = CNOT 21 27
[2186] = CNOT 21 30
[2187] = S 21
[2188] = Z 21
[2189] = CNOT 21 30
[2190] = CNOT 21 37
[2191] = S 21
[2192] = Z 21
[2193] = CNOT 21 37
[2194] = CNOT 21 39
[2195] = S 21
[2196] = Z 21
[2197] = CNOT 21 39
[2198] = CNOT 21 25
[2199] = CNOT 21 26
[2200] = CNOT 21 27
[2201] = Z 21
[2202] = CNOT 21 27
[2203] = CNOT 21 30
[2204] = Z 21
[2205] = CNOT 21 30
[2206] = CNOT 21 37
[2207] = Z 21
[2208] = CNOT 21 37
[2209] = CNOT 21 39
[2210] = Z 21
[2211] = CNOT 21 39
[2212] = CNOT 21 26
[2213] = CNOT 21 27
[2214] = CNOT 21 30
[2215] = Z 21
[2216] = CNOT 21 30
[2217] = CNOT 21 37
[2218] = Z 21
[2219] = CNOT 21 37
[2220] = CNOT 21 39
[2221] = Z 21
[2222] = CNOT 21 39
[2223] = CNOT 21 27
[2224] = CNOT 21 30
[2225] = CNOT 21 37
[2226] = Z 21
[2227] = CNOT 21 37
[2228] = CNOT 21 39
[2229] = Z 21
[2230] = CNOT 21 30
[2231] = CNOT 21 37
[2232] = Z 21
[2233] = CNOT 21 39
[2234] = CNOT 21 37
[2235] = CNOT 22 23
[2236] = CNOT 22 24
[2237] = S 22
[2238] = Z 22
[2239] = CNOT 22 24
[2240] = CNOT 22 27
[2241] = S 22
[2242] = Z 22
[2243] = CNOT 22 27
[2244] = CNOT 22 30
[2245] = S 22
[2246] = Z 22
[2247] = CNOT 22 30
[2248] = CNOT 22 37
[2249] = S 22
[2250] = Z 22
[2251] = CNOT 22 37
[2252] = CNOT 22 39
[2253] = S 22
[2254] = Z 22
[2255] = CNOT 22 39
[2256] = CNOT 22 23
[2257] = CNOT 22 24
[2258] = CNOT 22 27
[2259] = S 22
[2260] = Z 22
[2261] = CNOT 22 27
[2262] = CNOT 22 30
[2263] = S 22
[2264] = Z 22
[2265] = CNOT 22 30
[2266] = CNOT 22 37
[2267] = S 22
[2268] = Z 22
[2269] = CNOT 22 37
[2270] = CNOT 22 39
[2271] = S 22
[2272] = Z 22
[2273] = CNOT 22 39
[2274] = CNOT 22 24
[2275] = CNOT 22 26
[2276] = CNOT 22 27
[2277] = S 22
[2278] = Z 22
[2279] = CNOT 22 27
[2280] = CNOT 22 30
[2281] = S 22
[2282] = Z 22
[2283] = CNOT 22 30
[2284] = CNOT 22 37
[2285] = S 22
[2286] = Z 22
[2287] = CNOT 22 37
[2288] = CNOT 22 39
[2289] = S 22
[2290] = Z 22
[2291] = CNOT 22 39
[2292] = CNOT 22 26
[2293] = CNOT 22 27
[2294] = CNOT 22 30
[2295] = Z 22
[2296] = CNOT 22 30
[2297] = CNOT 22 37
[2298] = Z 22
[2299] = CNOT 22 37
[2300] = CNOT 22 39
[2301] = Z 22
[2302] = CNOT 22 39
[2303] = CNOT 22 27
[2304] = CNOT 22 30
[2305] = CNOT 22 37
[2306] = Z 22
[2307] = CNOT 22 37
[2308] = CNOT 22 39
[2309] = Z 22
[2310] = CNOT 22 30
[2311] = CNOT 22 37
[2312] = Z 22
[2313] = CNOT 22 39
[2314] = CNOT 22 37
[2315] = CNOT 23 24
[2316] = CNOT 23 25
[2317] = S 23
[2318] = Z 23
[2319] = CNOT 23 25
[2320] = CNOT 23 26
[2321] = Z 23
[2322] = CNOT 23 26
[2323] = CNOT 23 27
[2324] = S 23
[2325] = CNOT 23 27
[2326] = CNOT 23 30
[2327] = S 23
[2328] = CNOT 23 30
[2329] = CNOT 23 37
[2330] = S 23
[2331] = CNOT 23 37
[2332] = CNOT 23 39
[2333] = S 23
[2334] = CNOT 23 39
[2335] = CNOT 23 24
[2336] = CNOT 23 25
[2337] = CNOT 23 26
[2338] = S 23
[2339] = Z 23
[2340] = CNOT 23 26
[2341] = CNOT 23 27
[2342] = S 23
[2343] = Z 23
[2344] = CNOT 23 27
[2345] = CNOT 23 30
[2346] = S 23
[2347] = Z 23
[2348] = CNOT 23 30
[2349] = CNOT 23 37
[2350] = S 23
[2351] = Z 23
[2352] = CNOT 23 37
[2353] = CNOT 23 39
[2354] = S 23
[2355] = Z 23
[2356] = CNOT 23 39
[2357] = CNOT 23 25
[2358] = CNOT 23 26
[2359] = CNOT 23 27
[2360] = Z 23
[2361] = CNOT 23 27
[2362] = CNOT 23 30
[2363] = Z 23
[2364] = CNOT 23 30
[2365] = CNOT 23 37
[2366] = Z 23
[2367] = CNOT 23 37
[2368] = CNOT 23 39
[2369] = Z 23
[2370] = CNOT 23 39
[2371] = CNOT 23 26
[2372] = CNOT 23 27
[2373] = CNOT 23 30
[2374] = S 23
[2375] = CNOT 23 30
[2376] = CNOT 23 37
[2377] = S 23
[2378] = CNOT 23 37
[2379] = CNOT 23 39
[2380] = S 23
[2381] = CNOT 23 39
[2382] = CNOT 23 27
[2383] = CNOT 23 30
[2384] = CNOT 23 37
[2385] = S 23
[2386] = CNOT 23 37
[2387] = CNOT 23 39
[2388] = S 23
[2389] = CNOT 23 30
[2390] = CNOT 23 37
[2391] = S 23
[2392] = CNOT 23 39
[2393] = CNOT 23 37
[2394] = CNOT 24 25
[2395] = CNOT 24 26
[2396] = S 24
[2397] = Z 24
[2398] = CNOT 24 26
[2399] = CNOT 24 27
[2400] = S 24
[2401] = Z 24
[2402] = CNOT 24 27
[2403] = CNOT 24 30
[2404] = S 24
[2405] = Z 24
[2406] = CNOT 24 30
[2407] = CNOT 24 37
[2408] = S 24
[2409] = Z 24
[2410] = CNOT 24 37
[2411] = CNOT 24 39
[2412] = S 24
[2413] = Z 24
[2414] = CNOT 24 39
[2415] = CNOT 24 25
[2416] = CNOT 24 26
[2417] = CNOT 24 27
[2418] = Z 24
[2419] = CNOT 24 27
[2420] = CNOT 24 30
[2421] = Z 24
[2422] = CNOT 24 30
[2423] = CNOT 24 37
[2424] = Z 24
[2425] = CNOT 24 37
[2426] = CNOT 24 39
[2427] = Z 24
[2428] = CNOT 24 39
[2429] = CNOT 24 26
[2430] = CNOT 24 27
[2431] = CNOT 24 30
[2432] = S 24
[2433] = CNOT 24 30
[2434] = CNOT 24 37
[2435] = S 24
[2436] = CNOT 24 37
[2437] = CNOT 24 39
[2438] = S 24
[2439] = CNOT 24 39
[2440] = CNOT 24 27
[2441] = CNOT 24 30
[2442] = CNOT 24 37
[2443] = S 24
[2444] = CNOT 24 37
[2445] = CNOT 24 39
[2446] = S 24
[2447] = CNOT 24 30
[2448] = CNOT 24 37
[2449] = S 24
[2450] = CNOT 24 39
[2451] = CNOT 24 37
[2452] = CNOT 25 26
[2453] = CNOT 25 27
[2454] = Z 25
[2455] = CNOT 25 27
[2456] = CNOT 25 30
[2457] = Z 25
[2458] = CNOT 25 30
[2459] = CNOT 25 37
[2460] = Z 25
[2461] = CNOT 25 37
[2462] = CNOT 25 39
[2463] = Z 25
[2464] = CNOT 25 39
[2465] = CNOT 25 26
[2466] = CNOT 25 27
[2467] = CNOT 25 30
[2468] = Z 25
[2469] = CNOT 25 30
[2470] = CNOT 25 37
[2471] = Z 25
[2472] = CNOT 25 37
[2473] = CNOT 25 39
[2474] = Z 25
[2475] = CNOT 25 39
[2476] = CNOT 25 27
[2477] = CNOT 25 30
[2478] = CNOT 25 37
[2479] = Z 25
[2480] = CNOT 25 37
[2481] = CNOT 25 39
[2482] = Z 25
[2483] = CNOT 25 30
[2484] = CNOT 25 37
[2485] = Z 25
[2486] = CNOT 25 39
[2487] = CNOT 27 28
[2488] = CNOT 27 30
[2489] = Z 27
[2490] = CNOT 27 30
[2491] = CNOT 27 35
[2492] = S 27
[2493] = Z 27
[2494] = CNOT 27 35
[2495] = CNOT 27 36
[2496] = S 27
[2497] = Z 27
[2498] = CNOT 27 36
[2499] = CNOT 27 38
[2500] = S 27
[2501] = Z 27
[2502] = CNOT 27 38
[2503] = CNOT 27 39
[2504] = Z 27
[2505] = CNOT 27 39
[2506] = CNOT 27 28
[2507] = CNOT 27 30
[2508] = CNOT 27 35
[2509] = Z 27
[2510] = CNOT 27 35
[2511] = CNOT 27 36
[2512] = Z 27
[2513] = CNOT 27 36
[2514] = CNOT 27 37
[2515] = Z 27
[2516] = CNOT 27 37
[2517] = CNOT 27 38
[2518] = Z 27
[2519] = CNOT 27 38
[2520] = CNOT 27 39
[2521] = S 27
[2522] = Z 27
[2523] = CNOT 27 39
[2524] = CNOT 27 30
[2525] = CNOT 27 35
[2526] = CNOT 27 36
[2527] = Z 27
[2528] = CNOT 27 36
[2529] = CNOT 27 38
[2530] = S 27
[2531] = Z 27
[2532] = CNOT 27 38
[2533] = CNOT 27 39
[2534] = Z 27
[2535] = CNOT 27 39
[2536] = CNOT 27 35
[2537] = CNOT 27 36
[2538] = CNOT 27 38
[2539] = S 27
[2540] = Z 27
[2541] = CNOT 27 38
[2542] = CNOT 27 39
[2543] = Z 27
[2544] = CNOT 27 36
[2545] = CNOT 27 37
[2546] = Z 27
[2547] = CNOT 27 37
[2548] = CNOT 27 38
[2549] = Z 27
[2550] = CNOT 27 39
[2551] = CNOT 27 38
[2552] = CNOT 28 30
[2553] = CNOT 28 35
[2554] = S 28
[2555] = Z 28
[2556] = CNOT 28 35
[2557] = CNOT 28 36
[2558] = S 28
[2559] = Z 28
[2560] = CNOT 28 36
[2561] = CNOT 28 38
[2562] = S 28
[2563] = Z 28
[2564] = CNOT 28 38
[2565] = CNOT 28 39
[2566] = Z 28
[2567] = CNOT 28 39
[2568] = CNOT 28 30
[2569] = CNOT 28 35
[2570] = CNOT 28 36
[2571] = S 28
[2572] = Z 28
[2573] = CNOT 28 36
[2574] = CNOT 28 39
[2575] = S 28
[2576] = Z 28
[2577] = CNOT 28 35
[2578] = CNOT 28 36
[2579] = S 28
[2580] = Z 28
[2581] = CNOT 28 36
[2582] = CNOT 28 38
[2583] = S 28
[2584] = Z 28
[2585] = CNOT 28 39
[2586] = CNOT 28 38
[2587] = CNOT 30 35
[2588] = CNOT 30 36
[2589] = S 30
[2590] = CNOT 30 36
[2591] = CNOT 30 37
[2592] = S 30
[2593] = Z 30
[2594] = CNOT 30 37
[2595] = CNOT 30 38
[2596] = S 30
[2597] = Z 30
[2598] = CNOT 30 38
[2599] = CNOT 30 39
[2600] = S 30
[2601] = CNOT 30 39
[2602] = CNOT 30 35
[2603] = CNOT 30 36
[2604] = CNOT 30 37
[2605] = S 30
[2606] = Z 30
[2607] = CNOT 30 37
[2608] = CNOT 30 38
[2609] = S 30
[2610] = Z 30
[2611] = CNOT 30 38
[2612] = CNOT 30 39
[2613] = S 30
[2614] = CNOT 30 36
[2615] = CNOT 30 38
[2616] = Z 30
[2617] = CNOT 30 39
[2618] = CNOT 30 38
[2619] = CNOT 31 32
[2620] = CNOT 31 33
[2621] = S 31
[2622] = Z 31
[2623] = CNOT 31 33
[2624] = CNOT 31 34
[2625] = Z 31
[2626] = CNOT 31 34
[2627] = CNOT 31 32
[2628] = CNOT 31 33
[2629] = CNOT 31 39
[2630] = S 31
[2631] = Z 31
[2632] = CNOT 31 39
[2633] = CNOT 31 42
[2634] = S 31
[2635] = Z 31
[2636] = CNOT 31 42
[2637] = CNOT 31 33
[2638] = CNOT 31 34
[2639] = CNOT 31 39
[2640] = Z 31
[2641] = CNOT 31 39
[2642] = CNOT 31 42
[2643] = Z 31
[2644] = CNOT 31 42
[2645] = CNOT 31 34
[2646] = CNOT 32 33
[2647] = CNOT 32 39
[2648] = S 32
[2649] = Z 32
[2650] = CNOT 32 39
[2651] = CNOT 32 42
[2652] = S 32
[2653] = Z 32
[2654] = CNOT 32 42
[2655] = CNOT 32 33
[2656] = CNOT 32 34
[2657] = CNOT 32 39
[2658] = Z 32
[2659] = CNOT 32 39
[2660] = CNOT 32 42
[2661] = Z 32
[2662] = CNOT 32 42
[2663] = CNOT 32 34
[2664] = CNOT 33 39
[2665] = CNOT 33 42
[2666] = Z 33
[2667] = CNOT 33 42
[2668] = CNOT 33 39
[2669] = CNOT 35 36
[2670] = CNOT 35 37
[2671] = S 35
[2672] = Z 35
[2673] = CNOT 35 37
[2674] = CNOT 35 38
[2675] = S 35
[2676] = Z 35
[2677] = CNOT 35 38
[2678] = CNOT 35 39
[2679] = S 35
[2680] = CNOT 35 36
[2681] = CNOT 35 37
[2682] = S 35
[2683] = Z 35
[2684] = CNOT 35 37
[2685] = CNOT 35 38
[2686] = S 35
[2687] = Z 35
[2688] = CNOT 35 39
[2689] = CNOT 35 38
[2690] = CNOT 36 37
[2691] = CNOT 36 39
[2692] = S 36
[2693] = Z 36
[2694] = CNOT 36 37
[2695] = CNOT 36 38
[2696] = S 36
[2697] = Z 36
[2698] = CNOT 36 39
[2699] = CNOT 36 38
[2700] = CNOT 28 42
[2701] = CNOT 27 41
[2702] = CNOT 14 40
[2703] = CNOT 26 38
[2704] = CNOT 20 36
[2705] = CNOT 19 35
[2706] = CNOT 12 34
[2707] = CNOT 11 33
[2708] = CNOT 6 32
[2709] = CNOT 5 31
[2710] = CNOT 42 28
[2711] = CNOT 28 42
[2712] = CNOT 41 27
[2713] = CNOT 27 41
[2714] = CNOT 38 26
[2715] = CNOT 26 38
[2716] = CNOT 37 25
[2717] = CNOT 25 37
[2718] = CNOT 36 20
[2719] = CNOT 20 36
[2720] = CNOT 35 19
[2721] = CNOT 19 35
[2722] = CNOT 40 14
[2723] = CNOT 14 40
[2724] = CNOT 39 13
[2725] = CNOT 13 39
[2726] = CNOT 34 12
[2727] = CNOT 12 34
[2728] = CNOT 33 11
[2729] = CNOT 11 33
[2730] = CNOT 32 6
[2731] = CNOT 6 32
[2732] = CNOT 31 5
[2733] = CNOT 5 31
[2734] = H 31
[2735] = M 31
[2736] = H 32
[2737] = M 32
[2738] = H 33
[2739] = M 33
[2740] = H 34
[2741] = M 34
[2742] = H 35
[2743] = M 35
[2744] = H 36
[2745] = M 36
[2746] = H 37
[2747] = M 37
[2748] = H 38
[2749] = M 38
[2750] = H 39
[2751] = M 39
[2752] = H 40
[2753] = M 40
[2754] = H 41
[2755] = M 41
[2756] = H 42
[2757] = M 42
[2758] = H 30
[2759] = H 29
Gate distributions:
Input:
Operator distribution:
Total number of qubits = 30
Number of `data' qubits = 30
Number of `Toff_n' ancillas = 0
Number of Hadamard ancillas = 0
Hadamard ancilla cap = infinite
Number of {CNOT,T} partitions = 1
T count = 196
Cost estimation = 98028
	id	Count
	0	0
	1	0
	2	0
	3	28
	4	0
	5	0
	6	0
	7	0
	8	0
	9	0
	10	28
	11	0
	12	0
	13	0
	14	0
	15	0
	16	0
	17	0
	18	0
Output:
Operator distribution:
Total number of qubits = 42
Number of `data' qubits = 30
Number of `Toff_n' ancillas = 0
Number of Hadamard ancillas = 12
Hadamard ancilla cap = infinite
Number of {CNOT,T} partitions = 1
T count = 72
Cost estimation = 38694
	id	Count
	0	0
	1	0
	2	0
	3	40
	4	1798
	5	72
	6	0
	7	0
	8	0
	9	0
	10	0
	11	403
	12	0
	13	435
	14	0
	15	0
	16	0
	17	0
	18	12
Output T Count (SQC_Circuit) = 72
Output T Count (PhasePolynomial) = 72
Fail count = 0

Execution time: 210.397s
Number of LCL errors: 0
Number of LCL warnings: 0
