Optimize a Clifford + T circuit.
Input filename = /home/ryo-mtmt/TOpt/forme/tpar_benchmark/gf2^6_mult.tfc
Number of unknown gates = 0
Number of unknown qubit labels = 0
Circuit filename: /home/ryo-mtmt/TOpt/forme/tpar_benchmark/gf2^6_mult.tfc

n 18
n_x 18
n_y 0
n_z 0
m 101
[0] = H 13
[1] = H 14
[2] = H 15
[3] = H 16
[4] = H 17
[5] = CCZ 6 8 13
[6] = CCZ 5 9 13
[7] = CCZ 4 10 13
[8] = CCZ 3 11 13
[9] = CCZ 2 12 13
[10] = CCZ 6 9 14
[11] = CCZ 5 10 14
[12] = CCZ 4 11 14
[13] = CCZ 3 12 14
[14] = CCZ 6 10 15
[15] = CCZ 5 11 15
[16] = CCZ 4 12 15
[17] = CCZ 6 11 16
[18] = CCZ 5 12 16
[19] = CCZ 6 12 17
[20] = H 13
[21] = H 14
[22] = H 15
[23] = H 16
[24] = H 17
[25] = CNOT 18 17
[26] = CNOT 17 16
[27] = CNOT 16 15
[28] = CNOT 15 14
[29] = CNOT 14 13
[30] = H 13
[31] = H 14
[32] = H 15
[33] = H 16
[34] = H 17
[35] = H 18
[36] = CCZ 6 7 18
[37] = CCZ 5 8 18
[38] = CCZ 4 9 18
[39] = CCZ 3 10 18
[40] = CCZ 2 11 18
[41] = CCZ 1 12 18
[42] = CCZ 5 7 17
[43] = CCZ 4 8 17
[44] = CCZ 3 9 17
[45] = CCZ 2 10 17
[46] = CCZ 1 11 17
[47] = CCZ 4 7 16
[48] = CCZ 3 8 16
[49] = CCZ 2 9 16
[50] = CCZ 1 10 16
[51] = CCZ 3 7 15
[52] = CCZ 2 8 15
[53] = CCZ 1 9 15
[54] = CCZ 2 7 14
[55] = CCZ 1 8 14
[56] = CCZ 1 7 13
[57] = H 13
[58] = H 14
[59] = H 15
[60] = H 16
[61] = H 17
[62] = H 18

Algorithm used: todd

UniversalOptimize begin.
	Gate synthesis begin.

in LempelX3 (Hamming Distance Version)
		Round = 0 | Current Columns: 150
  [HIT] Reduced to m = 146 using Dist = 1
		Round = 1 | Current Columns: 146
  [HIT] Reduced to m = 144 using Dist = 1
		Round = 2 | Current Columns: 144
  [HIT] Reduced to m = 142 using Dist = 1
		Round = 3 | Current Columns: 142
  [HIT] Reduced to m = 140 using Dist = 1
		Round = 4 | Current Columns: 140
  [HIT] Reduced to m = 136 using Dist = 1
		Round = 5 | Current Columns: 136
  [HIT] Reduced to m = 134 using Dist = 1
		Round = 6 | Current Columns: 134
  [HIT] Reduced to m = 132 using Dist = 1
		Round = 7 | Current Columns: 132
  [HIT] Reduced to m = 130 using Dist = 2
		Round = 8 | Current Columns: 130
  [HIT] Reduced to m = 128 using Dist = 2
		Round = 9 | Current Columns: 128
  [HIT] Reduced to m = 126 using Dist = 1
		Round = 10 | Current Columns: 126
Total LempelX2 (Hamming) time: 212940 ms
Final Nullspace total time: 153331 ms
		TODD executed in 212.582 seconds.
		Total time: 212.582s
	Gate synthesis end.
	Total time: 213.046s
UniversalOptimize end.
Output circuit:
n 29
n_x 18
n_y 0
n_z 11
m 2501
[0] = H 13
[1] = H 14
[2] = H 15
[3] = H 16
[4] = H 17
[5] = H 19
[6] = H 20
[7] = H 21
[8] = H 22
[9] = H 23
[10] = H 24
[11] = H 25
[12] = H 26
[13] = H 27
[14] = H 28
[15] = H 29
[16] = CNOT 1 4
[17] = CNOT 1 5
[18] = CNOT 1 6
[19] = CNOT 1 8
[20] = CNOT 1 24
[21] = T 1
[22] = CNOT 1 24
[23] = CNOT 1 8
[24] = CNOT 1 6
[25] = CNOT 1 5
[26] = CNOT 1 4
[27] = CNOT 3 6
[28] = CNOT 3 7
[29] = T 3
[30] = CNOT 3 6
[31] = CNOT 3 4
[32] = CNOT 3 13
[33] = T 3
[34] = CNOT 3 6
[35] = CNOT 3 8
[36] = T 3
[37] = CNOT 3 13
[38] = CNOT 3 8
[39] = CNOT 3 4
[40] = CNOT 4 5
[41] = CNOT 4 6
[42] = CNOT 4 7
[43] = CNOT 4 8
[44] = CNOT 4 24
[45] = T 4
[46] = CNOT 4 24
[47] = CNOT 4 8
[48] = CNOT 4 7
[49] = CNOT 4 6
[50] = CNOT 4 5
[51] = CNOT 8 9
[52] = CNOT 8 27
[53] = T 8
[54] = Z 8
[55] = CNOT 8 27
[56] = CNOT 8 9
[57] = CNOT 5 9
[58] = CNOT 5 13
[59] = CNOT 5 27
[60] = T 5
[61] = CNOT 5 27
[62] = CNOT 5 13
[63] = CNOT 5 9
[64] = CNOT 9 13
[65] = CNOT 9 27
[66] = T 9
[67] = S 9
[68] = Z 9
[69] = CNOT 9 27
[70] = CNOT 9 13
[71] = CNOT 13 27
[72] = T 13
[73] = CNOT 13 27
[74] = CNOT 3 4
[75] = CNOT 3 8
[76] = CNOT 3 10
[77] = T 3
[78] = CNOT 3 6
[79] = CNOT 3 4
[80] = CNOT 3 13
[81] = T 3
[82] = CNOT 3 4
[83] = T 3
[84] = CNOT 3 10
[85] = CNOT 3 8
[86] = CNOT 3 6
[87] = T 3
[88] = CNOT 3 7
[89] = CNOT 3 6
[90] = CNOT 3 4
[91] = CNOT 8 25
[92] = T 8
[93] = S 8
[94] = CNOT 8 25
[95] = CNOT 3 5
[96] = CNOT 3 11
[97] = CNOT 3 27
[98] = T 3
[99] = CNOT 3 11
[100] = CNOT 3 5
[101] = CNOT 5 11
[102] = CNOT 5 13
[103] = CNOT 5 27
[104] = T 5
[105] = CNOT 5 27
[106] = CNOT 5 13
[107] = CNOT 5 11
[108] = CNOT 3 5
[109] = T 3
[110] = CNOT 3 27
[111] = CNOT 3 13
[112] = CNOT 3 5
[113] = CNOT 2 3
[114] = CNOT 2 7
[115] = CNOT 2 8
[116] = CNOT 2 12
[117] = T 2
[118] = CNOT 2 13
[119] = T 2
[120] = CNOT 2 12
[121] = CNOT 2 3
[122] = CNOT 3 7
[123] = CNOT 3 8
[124] = CNOT 3 12
[125] = CNOT 3 13
[126] = T 3
[127] = CNOT 3 13
[128] = CNOT 3 12
[129] = CNOT 3 8
[130] = CNOT 3 7
[131] = CNOT 2 3
[132] = T 2
[133] = CNOT 2 13
[134] = CNOT 2 8
[135] = CNOT 2 7
[136] = CNOT 2 3
[137] = CNOT 4 5
[138] = CNOT 4 6
[139] = CNOT 4 9
[140] = CNOT 4 27
[141] = T 4
[142] = CNOT 4 27
[143] = CNOT 4 9
[144] = CNOT 4 6
[145] = CNOT 4 5
[146] = CNOT 5 9
[147] = CNOT 5 14
[148] = CNOT 5 27
[149] = T 5
[150] = CNOT 5 6
[151] = T 5
[152] = CNOT 5 14
[153] = CNOT 5 9
[154] = CNOT 1 8
[155] = CNOT 1 25
[156] = T 1
[157] = CNOT 1 25
[158] = CNOT 5 10
[159] = T 5
[160] = CNOT 5 14
[161] = T 5
[162] = CNOT 5 27
[163] = CNOT 5 14
[164] = CNOT 5 10
[165] = CNOT 5 6
[166] = CNOT 6 10
[167] = CNOT 6 14
[168] = CNOT 6 27
[169] = T 6
[170] = CNOT 6 10
[171] = T 6
[172] = Z 6
[173] = CNOT 6 27
[174] = CNOT 6 14
[175] = CNOT 7 26
[176] = T 7
[177] = S 7
[178] = CNOT 7 26
[179] = CNOT 3 5
[180] = CNOT 3 11
[181] = CNOT 3 14
[182] = CNOT 3 27
[183] = T 3
[184] = CNOT 3 4
[185] = T 3
[186] = CNOT 3 14
[187] = CNOT 3 11
[188] = T 1
[189] = S 1
[190] = Z 1
[191] = CNOT 3 12
[192] = T 3
[193] = CNOT 3 4
[194] = CNOT 3 14
[195] = T 3
[196] = CNOT 3 12
[197] = CNOT 3 5
[198] = CNOT 5 12
[199] = CNOT 5 14
[200] = CNOT 5 27
[201] = T 5
[202] = CNOT 5 27
[203] = CNOT 5 14
[204] = CNOT 5 12
[205] = CNOT 3 4
[206] = CNOT 3 5
[207] = T 3
[208] = CNOT 3 27
[209] = CNOT 3 14
[210] = CNOT 3 5
[211] = CNOT 3 4
[212] = CNOT 1 4
[213] = CNOT 1 5
[214] = CNOT 1 6
[215] = CNOT 1 7
[216] = CNOT 1 24
[217] = T 1
[218] = CNOT 1 24
[219] = CNOT 1 7
[220] = CNOT 1 4
[221] = CNOT 3 6
[222] = CNOT 3 7
[223] = CNOT 3 8
[224] = CNOT 3 10
[225] = T 3
[226] = CNOT 3 10
[227] = CNOT 3 8
[228] = CNOT 3 7
[229] = CNOT 3 6
[230] = CNOT 4 10
[231] = CNOT 4 15
[232] = CNOT 4 27
[233] = T 4
[234] = CNOT 4 6
[235] = T 4
[236] = CNOT 4 27
[237] = CNOT 4 15
[238] = CNOT 4 10
[239] = CNOT 4 6
[240] = CNOT 1 4
[241] = T 1
[242] = CNOT 1 8
[243] = CNOT 1 6
[244] = CNOT 1 5
[245] = CNOT 1 4
[246] = CNOT 6 11
[247] = CNOT 6 27
[248] = T 6
[249] = S 6
[250] = Z 6
[251] = CNOT 6 27
[252] = CNOT 6 11
[253] = CNOT 5 6
[254] = CNOT 5 11
[255] = CNOT 5 15
[256] = CNOT 5 27
[257] = T 5
[258] = CNOT 5 11
[259] = CNOT 5 6
[260] = CNOT 6 11
[261] = CNOT 6 15
[262] = CNOT 6 27
[263] = T 6
[264] = CNOT 6 27
[265] = CNOT 6 15
[266] = CNOT 6 11
[267] = CNOT 5 6
[268] = T 5
[269] = CNOT 5 27
[270] = CNOT 5 15
[271] = CNOT 5 7
[272] = CNOT 5 8
[273] = CNOT 5 12
[274] = T 5
[275] = CNOT 5 12
[276] = CNOT 5 8
[277] = CNOT 5 7
[278] = CNOT 5 6
[279] = CNOT 6 12
[280] = CNOT 6 15
[281] = CNOT 6 27
[282] = T 6
[283] = CNOT 6 27
[284] = CNOT 6 15
[285] = CNOT 6 12
[286] = CNOT 4 6
[287] = CNOT 4 12
[288] = CNOT 4 15
[289] = CNOT 4 27
[290] = T 4
[291] = CNOT 4 12
[292] = CNOT 4 6
[293] = T 4
[294] = Z 4
[295] = CNOT 4 27
[296] = CNOT 4 15
[297] = CNOT 3 4
[298] = CNOT 3 5
[299] = CNOT 3 11
[300] = CNOT 3 27
[301] = T 3
[302] = CNOT 3 27
[303] = CNOT 3 11
[304] = CNOT 3 5
[305] = CNOT 5 6
[306] = CNOT 5 11
[307] = CNOT 5 16
[308] = CNOT 5 27
[309] = T 5
[310] = CNOT 5 6
[311] = T 5
[312] = CNOT 5 11
[313] = CNOT 5 6
[314] = T 5
[315] = CNOT 5 6
[316] = CNOT 12 27
[317] = T 12
[318] = CNOT 12 27
[319] = CNOT 5 12
[320] = T 5
[321] = CNOT 5 27
[322] = CNOT 5 16
[323] = CNOT 5 12
[324] = CNOT 12 16
[325] = CNOT 12 27
[326] = T 12
[327] = S 12
[328] = Z 12
[329] = CNOT 12 27
[330] = CNOT 12 16
[331] = CNOT 16 27
[332] = T 16
[333] = CNOT 16 27
[334] = CNOT 3 7
[335] = CNOT 3 8
[336] = CNOT 3 17
[337] = T 3
[338] = CNOT 3 17
[339] = CNOT 3 6
[340] = CNOT 3 12
[341] = T 3
[342] = CNOT 3 17
[343] = T 3
[344] = CNOT 3 6
[345] = T 3
[346] = CNOT 3 12
[347] = CNOT 3 6
[348] = T 3
[349] = CNOT 3 17
[350] = CNOT 3 8
[351] = CNOT 3 7
[352] = CNOT 3 6
[353] = CNOT 3 4
[354] = CNOT 4 5
[355] = CNOT 4 6
[356] = CNOT 4 8
[357] = CNOT 4 24
[358] = T 4
[359] = CNOT 4 24
[360] = CNOT 4 8
[361] = CNOT 4 6
[362] = CNOT 1 25
[363] = T 1
[364] = S 1
[365] = CNOT 1 25
[366] = CNOT 2 3
[367] = CNOT 2 7
[368] = CNOT 2 26
[369] = T 2
[370] = CNOT 2 26
[371] = CNOT 2 7
[372] = CNOT 2 3
[373] = CNOT 6 7
[374] = CNOT 6 8
[375] = CNOT 6 27
[376] = T 6
[377] = CNOT 6 8
[378] = CNOT 6 29
[379] = T 6
[380] = CNOT 6 29
[381] = CNOT 6 27
[382] = CNOT 6 7
[383] = CNOT 4 6
[384] = CNOT 4 27
[385] = CNOT 4 29
[386] = T 4
[387] = CNOT 4 6
[388] = CNOT 4 5
[389] = CNOT 6 8
[390] = CNOT 6 27
[391] = CNOT 6 29
[392] = T 6
[393] = CNOT 6 29
[394] = CNOT 6 27
[395] = CNOT 6 8
[396] = CNOT 5 7
[397] = CNOT 5 27
[398] = T 5
[399] = CNOT 5 7
[400] = CNOT 3 26
[401] = T 3
[402] = S 3
[403] = CNOT 3 26
[404] = CNOT 7 27
[405] = CNOT 7 29
[406] = T 7
[407] = Z 7
[408] = CNOT 7 29
[409] = CNOT 7 27
[410] = CNOT 3 7
[411] = T 3
[412] = S 3
[413] = Z 3
[414] = CNOT 3 7
[415] = CNOT 2 25
[416] = T 2
[417] = S 2
[418] = CNOT 2 25
[419] = CNOT 5 6
[420] = CNOT 5 9
[421] = CNOT 5 29
[422] = T 5
[423] = CNOT 5 29
[424] = CNOT 5 27
[425] = CNOT 5 9
[426] = CNOT 5 6
[427] = CNOT 4 5
[428] = CNOT 4 6
[429] = CNOT 4 9
[430] = T 4
[431] = CNOT 4 29
[432] = CNOT 4 27
[433] = CNOT 4 9
[434] = CNOT 4 6
[435] = CNOT 4 5
[436] = CNOT 5 6
[437] = CNOT 5 8
[438] = CNOT 5 27
[439] = CNOT 5 29
[440] = T 5
[441] = CNOT 5 29
[442] = CNOT 5 27
[443] = CNOT 5 8
[444] = CNOT 5 6
[445] = CNOT 3 10
[446] = CNOT 3 27
[447] = T 3
[448] = S 3
[449] = Z 3
[450] = CNOT 3 29
[451] = T 3
[452] = CNOT 3 10
[453] = CNOT 10 27
[454] = CNOT 10 29
[455] = T 10
[456] = S 10
[457] = CNOT 10 29
[458] = CNOT 10 27
[459] = T 3
[460] = S 3
[461] = Z 3
[462] = CNOT 3 29
[463] = CNOT 3 27
[464] = CNOT 2 4
[465] = CNOT 2 5
[466] = CNOT 2 6
[467] = CNOT 2 7
[468] = CNOT 2 8
[469] = CNOT 2 11
[470] = CNOT 2 27
[471] = CNOT 2 29
[472] = T 2
[473] = CNOT 2 29
[474] = T 2
[475] = CNOT 2 11
[476] = CNOT 2 4
[477] = CNOT 4 5
[478] = CNOT 4 6
[479] = CNOT 4 7
[480] = CNOT 4 8
[481] = CNOT 4 11
[482] = CNOT 4 27
[483] = T 4
[484] = CNOT 4 27
[485] = CNOT 4 11
[486] = CNOT 4 8
[487] = CNOT 4 7
[488] = CNOT 4 6
[489] = CNOT 4 5
[490] = CNOT 2 4
[491] = T 2
[492] = CNOT 2 27
[493] = CNOT 2 6
[494] = CNOT 2 5
[495] = CNOT 2 4
[496] = CNOT 1 4
[497] = CNOT 1 5
[498] = CNOT 1 6
[499] = CNOT 1 7
[500] = CNOT 1 8
[501] = CNOT 1 12
[502] = T 1
[503] = CNOT 1 29
[504] = T 1
[505] = CNOT 1 12
[506] = CNOT 1 8
[507] = CNOT 1 7
[508] = CNOT 1 5
[509] = CNOT 1 4
[510] = CNOT 4 5
[511] = CNOT 4 6
[512] = CNOT 4 7
[513] = CNOT 4 8
[514] = CNOT 4 12
[515] = CNOT 4 29
[516] = T 4
[517] = CNOT 4 29
[518] = CNOT 4 12
[519] = CNOT 4 7
[520] = CNOT 4 6
[521] = CNOT 4 5
[522] = CNOT 2 3
[523] = CNOT 2 26
[524] = T 2
[525] = CNOT 2 26
[526] = CNOT 2 8
[527] = CNOT 2 7
[528] = CNOT 2 3
[529] = CNOT 5 27
[530] = T 5
[531] = CNOT 5 7
[532] = CNOT 5 8
[533] = CNOT 5 28
[534] = T 5
[535] = CNOT 5 28
[536] = CNOT 5 27
[537] = CNOT 5 8
[538] = CNOT 5 7
[539] = CNOT 7 8
[540] = CNOT 7 27
[541] = CNOT 7 28
[542] = T 7
[543] = CNOT 7 28
[544] = CNOT 7 27
[545] = CNOT 7 8
[546] = CNOT 3 7
[547] = CNOT 3 8
[548] = CNOT 3 26
[549] = T 3
[550] = CNOT 3 26
[551] = CNOT 3 7
[552] = CNOT 2 7
[553] = CNOT 2 25
[554] = T 2
[555] = CNOT 2 25
[556] = CNOT 4 5
[557] = CNOT 4 27
[558] = CNOT 4 28
[559] = T 4
[560] = CNOT 4 8
[561] = CNOT 4 5
[562] = CNOT 5 27
[563] = CNOT 5 28
[564] = T 5
[565] = S 5
[566] = Z 5
[567] = CNOT 5 28
[568] = CNOT 5 27
[569] = CNOT 4 5
[570] = T 4
[571] = CNOT 4 28
[572] = CNOT 4 27
[573] = CNOT 4 5
[574] = CNOT 3 9
[575] = CNOT 3 27
[576] = T 3
[577] = CNOT 3 28
[578] = T 3
[579] = CNOT 3 9
[580] = CNOT 3 8
[581] = CNOT 8 9
[582] = CNOT 8 27
[583] = CNOT 8 28
[584] = T 8
[585] = CNOT 8 28
[586] = CNOT 8 27
[587] = CNOT 8 9
[588] = CNOT 3 8
[589] = T 3
[590] = CNOT 3 28
[591] = CNOT 3 27
[592] = CNOT 2 4
[593] = CNOT 2 5
[594] = CNOT 2 6
[595] = CNOT 2 8
[596] = CNOT 2 10
[597] = CNOT 2 27
[598] = CNOT 2 29
[599] = T 2
[600] = CNOT 2 28
[601] = T 2
[602] = CNOT 2 10
[603] = CNOT 2 4
[604] = CNOT 4 5
[605] = CNOT 4 6
[606] = CNOT 4 7
[607] = CNOT 4 8
[608] = CNOT 4 10
[609] = CNOT 4 27
[610] = CNOT 4 28
[611] = CNOT 4 29
[612] = T 4
[613] = CNOT 4 29
[614] = CNOT 4 28
[615] = CNOT 4 27
[616] = CNOT 4 10
[617] = CNOT 4 8
[618] = CNOT 4 7
[619] = CNOT 4 6
[620] = CNOT 4 5
[621] = CNOT 2 4
[622] = T 2
[623] = CNOT 2 29
[624] = CNOT 2 28
[625] = CNOT 2 27
[626] = CNOT 2 8
[627] = CNOT 2 6
[628] = CNOT 2 5
[629] = CNOT 2 4
[630] = CNOT 1 4
[631] = CNOT 1 5
[632] = CNOT 1 7
[633] = CNOT 1 8
[634] = CNOT 1 11
[635] = CNOT 1 27
[636] = T 1
[637] = CNOT 1 28
[638] = T 1
[639] = CNOT 1 11
[640] = CNOT 1 4
[641] = CNOT 4 5
[642] = CNOT 4 6
[643] = CNOT 4 7
[644] = CNOT 4 8
[645] = CNOT 4 11
[646] = CNOT 4 27
[647] = CNOT 4 28
[648] = CNOT 4 29
[649] = T 4
[650] = CNOT 4 29
[651] = CNOT 4 28
[652] = CNOT 4 27
[653] = CNOT 4 11
[654] = CNOT 4 8
[655] = CNOT 4 7
[656] = CNOT 4 6
[657] = CNOT 4 5
[658] = CNOT 1 4
[659] = T 1
[660] = CNOT 1 29
[661] = CNOT 1 28
[662] = CNOT 1 27
[663] = CNOT 1 8
[664] = CNOT 1 7
[665] = CNOT 1 6
[666] = CNOT 1 5
[667] = CNOT 1 4
[668] = CNOT 5 6
[669] = CNOT 5 8
[670] = T 5
[671] = S 5
[672] = Z 5
[673] = CNOT 5 8
[674] = CNOT 5 7
[675] = CNOT 5 27
[676] = T 5
[677] = CNOT 5 27
[678] = CNOT 5 7
[679] = CNOT 5 6
[680] = CNOT 1 9
[681] = CNOT 1 26
[682] = T 1
[683] = CNOT 1 9
[684] = T 2
[685] = S 2
[686] = Z 2
[687] = CNOT 2 7
[688] = T 3
[689] = S 3
[690] = CNOT 3 8
[691] = T 1
[692] = S 1
[693] = CNOT 1 26
[694] = CNOT 1 9
[695] = T 1
[696] = S 1
[697] = CNOT 1 9
[698] = CNOT 9 26
[699] = T 9
[700] = S 9
[701] = CNOT 9 26
[702] = CNOT 2 9
[703] = T 2
[704] = S 2
[705] = CNOT 2 27
[706] = T 2
[707] = CNOT 2 9
[708] = CNOT 7 25
[709] = T 7
[710] = S 7
[711] = CNOT 7 25
[712] = T 2
[713] = CNOT 2 27
[714] = CNOT 1 4
[715] = CNOT 1 5
[716] = CNOT 1 6
[717] = CNOT 1 7
[718] = CNOT 1 8
[719] = CNOT 1 10
[720] = CNOT 1 27
[721] = CNOT 1 29
[722] = T 1
[723] = CNOT 1 27
[724] = T 1
[725] = CNOT 1 29
[726] = CNOT 1 10
[727] = CNOT 1 8
[728] = CNOT 1 7
[729] = CNOT 1 6
[730] = CNOT 1 5
[731] = CNOT 1 4
[732] = CNOT 4 5
[733] = CNOT 4 6
[734] = CNOT 4 7
[735] = CNOT 4 8
[736] = CNOT 4 10
[737] = CNOT 4 29
[738] = T 4
[739] = CNOT 4 29
[740] = CNOT 4 10
[741] = CNOT 4 8
[742] = CNOT 4 7
[743] = CNOT 4 6
[744] = CNOT 4 5
[745] = CNOT 2 3
[746] = CNOT 2 7
[747] = T 2
[748] = S 2
[749] = CNOT 2 7
[750] = CNOT 2 3
[751] = S 2
[752] = Z 3
[753] = Z 4
[754] = Z 5
[755] = S 6
[756] = Z 6
[757] = S 7
[758] = Z 7
[759] = Z 8
[760] = S 10
[761] = Z 10
[762] = S 11
[763] = Z 11
[764] = S 12
[765] = S 13
[766] = S 14
[767] = S 16
[768] = S 17
[769] = Z 17
[770] = Z 18
[771] = S 20
[772] = Z 20
[773] = S 21
[774] = Z 21
[775] = S 22
[776] = Z 22
[777] = S 23
[778] = Z 23
[779] = S 24
[780] = Z 24
[781] = Z 25
[782] = S 27
[783] = S 28
[784] = Z 28
[785] = Z 29
[786] = CNOT 1 4
[787] = Z 1
[788] = CNOT 1 4
[789] = CNOT 1 5
[790] = Z 1
[791] = CNOT 1 5
[792] = CNOT 1 6
[793] = Z 1
[794] = CNOT 1 6
[795] = CNOT 1 7
[796] = S 1
[797] = CNOT 1 7
[798] = CNOT 1 10
[799] = S 1
[800] = Z 1
[801] = CNOT 1 10
[802] = CNOT 1 12
[803] = Z 1
[804] = CNOT 1 12
[805] = CNOT 1 24
[806] = S 1
[807] = CNOT 1 24
[808] = CNOT 1 29
[809] = S 1
[810] = Z 1
[811] = CNOT 1 29
[812] = CNOT 2 3
[813] = S 2
[814] = Z 2
[815] = CNOT 2 3
[816] = CNOT 2 4
[817] = S 2
[818] = Z 2
[819] = CNOT 2 4
[820] = CNOT 2 5
[821] = S 2
[822] = Z 2
[823] = CNOT 2 5
[824] = CNOT 2 6
[825] = S 2
[826] = Z 2
[827] = CNOT 2 6
[828] = CNOT 2 8
[829] = S 2
[830] = Z 2
[831] = CNOT 2 8
[832] = CNOT 2 11
[833] = S 2
[834] = Z 2
[835] = CNOT 2 11
[836] = CNOT 2 26
[837] = S 2
[838] = Z 2
[839] = CNOT 2 26
[840] = CNOT 3 6
[841] = Z 3
[842] = CNOT 3 6
[843] = CNOT 3 9
[844] = S 3
[845] = Z 3
[846] = CNOT 3 9
[847] = CNOT 3 10
[848] = S 3
[849] = Z 3
[850] = CNOT 3 10
[851] = CNOT 3 12
[852] = Z 3
[853] = CNOT 3 12
[854] = CNOT 3 17
[855] = Z 3
[856] = CNOT 3 17
[857] = CNOT 3 28
[858] = S 3
[859] = Z 3
[860] = CNOT 3 28
[861] = CNOT 3 29
[862] = Z 3
[863] = CNOT 3 29
[864] = CNOT 4 5
[865] = S 4
[866] = CNOT 4 5
[867] = CNOT 4 7
[868] = S 4
[869] = Z 4
[870] = CNOT 4 7
[871] = CNOT 4 10
[872] = S 4
[873] = Z 4
[874] = CNOT 4 10
[875] = CNOT 4 11
[876] = S 4
[877] = Z 4
[878] = CNOT 4 11
[879] = CNOT 4 12
[880] = S 4
[881] = CNOT 4 12
[882] = CNOT 4 15
[883] = Z 4
[884] = CNOT 4 15
[885] = CNOT 4 17
[886] = Z 4
[887] = CNOT 4 17
[888] = CNOT 4 24
[889] = Z 4
[890] = CNOT 4 24
[891] = CNOT 4 27
[892] = S 4
[893] = Z 4
[894] = CNOT 4 27
[895] = CNOT 4 29
[896] = Z 4
[897] = CNOT 4 29
[898] = CNOT 5 6
[899] = Z 5
[900] = CNOT 5 6
[901] = CNOT 5 7
[902] = Z 5
[903] = CNOT 5 7
[904] = CNOT 5 8
[905] = S 5
[906] = Z 5
[907] = CNOT 5 8
[908] = CNOT 5 9
[909] = S 5
[910] = Z 5
[911] = CNOT 5 9
[912] = CNOT 5 10
[913] = Z 5
[914] = CNOT 5 10
[915] = CNOT 5 11
[916] = Z 5
[917] = CNOT 5 11
[918] = CNOT 5 12
[919] = Z 5
[920] = CNOT 5 12
[921] = CNOT 5 13
[922] = Z 5
[923] = CNOT 5 13
[924] = CNOT 5 14
[925] = S 5
[926] = Z 5
[927] = CNOT 5 14
[928] = CNOT 5 15
[929] = S 5
[930] = Z 5
[931] = CNOT 5 15
[932] = CNOT 5 16
[933] = Z 5
[934] = CNOT 5 16
[935] = CNOT 5 24
[936] = Z 5
[937] = CNOT 5 24
[938] = CNOT 5 28
[939] = S 5
[940] = Z 5
[941] = CNOT 5 28
[942] = CNOT 5 29
[943] = Z 5
[944] = CNOT 5 29
[945] = CNOT 6 8
[946] = S 6
[947] = CNOT 6 8
[948] = CNOT 6 10
[949] = Z 6
[950] = CNOT 6 10
[951] = CNOT 6 11
[952] = S 6
[953] = CNOT 6 11
[954] = CNOT 6 14
[955] = Z 6
[956] = CNOT 6 14
[957] = CNOT 6 15
[958] = Z 6
[959] = CNOT 6 15
[960] = CNOT 6 16
[961] = S 6
[962] = Z 6
[963] = CNOT 6 16
[964] = CNOT 6 17
[965] = S 6
[966] = CNOT 6 17
[967] = CNOT 6 24
[968] = Z 6
[969] = CNOT 6 24
[970] = CNOT 6 27
[971] = Z 6
[972] = CNOT 6 27
[973] = CNOT 6 28
[974] = S 6
[975] = CNOT 6 28
[976] = CNOT 6 29
[977] = S 6
[978] = CNOT 6 29
[979] = CNOT 7 8
[980] = S 7
[981] = Z 7
[982] = CNOT 7 8
[983] = CNOT 7 11
[984] = S 7
[985] = Z 7
[986] = CNOT 7 11
[987] = CNOT 7 12
[988] = Z 7
[989] = CNOT 7 12
[990] = CNOT 7 13
[991] = S 7
[992] = CNOT 7 13
[993] = CNOT 7 17
[994] = Z 7
[995] = CNOT 7 17
[996] = CNOT 7 24
[997] = S 7
[998] = CNOT 7 24
[999] = CNOT 8 9
[1000] = Z 8
[1001] = CNOT 8 9
[1002] = CNOT 8 11
[1003] = S 8
[1004] = Z 8
[1005] = CNOT 8 11
[1006] = CNOT 8 12
[1007] = Z 8
[1008] = CNOT 8 12
[1009] = CNOT 8 13
[1010] = S 8
[1011] = CNOT 8 13
[1012] = CNOT 8 17
[1013] = Z 8
[1014] = CNOT 8 17
[1015] = CNOT 8 24
[1016] = Z 8
[1017] = CNOT 8 24
[1018] = CNOT 8 26
[1019] = S 8
[1020] = Z 8
[1021] = CNOT 8 26
[1022] = CNOT 8 28
[1023] = S 8
[1024] = Z 8
[1025] = CNOT 8 28
[1026] = CNOT 8 29
[1027] = S 8
[1028] = CNOT 8 29
[1029] = CNOT 9 13
[1030] = Z 9
[1031] = CNOT 9 13
[1032] = CNOT 9 14
[1033] = S 9
[1034] = Z 9
[1035] = CNOT 9 14
[1036] = CNOT 9 27
[1037] = S 9
[1038] = Z 9
[1039] = CNOT 9 27
[1040] = CNOT 9 28
[1041] = S 9
[1042] = Z 9
[1043] = CNOT 9 28
[1044] = CNOT 10 14
[1045] = S 10
[1046] = Z 10
[1047] = CNOT 10 14
[1048] = CNOT 10 15
[1049] = S 10
[1050] = Z 10
[1051] = CNOT 10 15
[1052] = CNOT 10 29
[1053] = S 10
[1054] = CNOT 10 29
[1055] = CNOT 11 13
[1056] = S 11
[1057] = Z 11
[1058] = CNOT 11 13
[1059] = CNOT 11 15
[1060] = S 11
[1061] = Z 11
[1062] = CNOT 11 15
[1063] = CNOT 11 16
[1064] = S 11
[1065] = Z 11
[1066] = CNOT 11 16
[1067] = CNOT 11 27
[1068] = S 11
[1069] = CNOT 11 27
[1070] = CNOT 12 14
[1071] = S 12
[1072] = Z 12
[1073] = CNOT 12 14
[1074] = CNOT 12 15
[1075] = S 12
[1076] = Z 12
[1077] = CNOT 12 15
[1078] = CNOT 12 16
[1079] = Z 12
[1080] = CNOT 12 16
[1081] = CNOT 12 17
[1082] = S 12
[1083] = CNOT 12 17
[1084] = CNOT 12 29
[1085] = Z 12
[1086] = CNOT 12 29
[1087] = CNOT 13 19
[1088] = S 13
[1089] = CNOT 13 19
[1090] = CNOT 14 20
[1091] = S 14
[1092] = CNOT 14 20
[1093] = CNOT 14 27
[1094] = Z 14
[1095] = CNOT 14 27
[1096] = CNOT 15 21
[1097] = S 15
[1098] = CNOT 15 21
[1099] = CNOT 15 27
[1100] = S 15
[1101] = CNOT 15 27
[1102] = CNOT 16 22
[1103] = S 16
[1104] = CNOT 16 22
[1105] = CNOT 17 23
[1106] = S 17
[1107] = CNOT 17 23
[1108] = CNOT 18 23
[1109] = S 18
[1110] = CNOT 18 23
[1111] = CNOT 18 29
[1112] = Z 18
[1113] = CNOT 19 20
[1114] = S 19
[1115] = CNOT 19 20
[1116] = CNOT 19 24
[1117] = S 19
[1118] = CNOT 19 24
[1119] = CNOT 19 25
[1120] = Z 19
[1121] = CNOT 20 21
[1122] = S 20
[1123] = CNOT 20 21
[1124] = CNOT 20 25
[1125] = Z 20
[1126] = CNOT 20 25
[1127] = CNOT 20 26
[1128] = Z 20
[1129] = CNOT 20 26
[1130] = CNOT 21 22
[1131] = S 21
[1132] = CNOT 21 22
[1133] = CNOT 21 26
[1134] = Z 21
[1135] = CNOT 21 26
[1136] = CNOT 21 27
[1137] = Z 21
[1138] = CNOT 21 27
[1139] = CNOT 22 23
[1140] = S 22
[1141] = CNOT 22 23
[1142] = CNOT 22 27
[1143] = Z 22
[1144] = CNOT 22 27
[1145] = CNOT 22 28
[1146] = Z 22
[1147] = CNOT 22 28
[1148] = CNOT 23 28
[1149] = Z 23
[1150] = CNOT 23 28
[1151] = CNOT 23 29
[1152] = Z 23
[1153] = CNOT 23 29
[1154] = CNOT 27 28
[1155] = Z 27
[1156] = CNOT 27 28
[1157] = CNOT 27 29
[1158] = S 27
[1159] = CNOT 27 29
[1160] = CNOT 28 29
[1161] = S 28
[1162] = CNOT 28 29
[1163] = CNOT 1 4
[1164] = CNOT 1 5
[1165] = S 1
[1166] = Z 1
[1167] = CNOT 1 5
[1168] = CNOT 1 6
[1169] = S 1
[1170] = Z 1
[1171] = CNOT 1 6
[1172] = CNOT 1 8
[1173] = S 1
[1174] = Z 1
[1175] = CNOT 1 8
[1176] = CNOT 1 10
[1177] = S 1
[1178] = Z 1
[1179] = CNOT 1 10
[1180] = CNOT 1 11
[1181] = S 1
[1182] = Z 1
[1183] = CNOT 1 11
[1184] = CNOT 1 12
[1185] = S 1
[1186] = Z 1
[1187] = CNOT 1 12
[1188] = CNOT 1 24
[1189] = S 1
[1190] = Z 1
[1191] = CNOT 1 24
[1192] = CNOT 1 27
[1193] = Z 1
[1194] = CNOT 1 27
[1195] = CNOT 1 28
[1196] = S 1
[1197] = Z 1
[1198] = CNOT 1 28
[1199] = CNOT 1 29
[1200] = S 1
[1201] = CNOT 1 29
[1202] = CNOT 1 4
[1203] = CNOT 1 5
[1204] = CNOT 1 6
[1205] = S 1
[1206] = Z 1
[1207] = CNOT 1 6
[1208] = CNOT 1 8
[1209] = S 1
[1210] = Z 1
[1211] = CNOT 1 8
[1212] = CNOT 1 10
[1213] = S 1
[1214] = Z 1
[1215] = CNOT 1 10
[1216] = CNOT 1 11
[1217] = S 1
[1218] = Z 1
[1219] = CNOT 1 11
[1220] = CNOT 1 12
[1221] = S 1
[1222] = Z 1
[1223] = CNOT 1 12
[1224] = CNOT 1 24
[1225] = S 1
[1226] = Z 1
[1227] = CNOT 1 24
[1228] = CNOT 1 27
[1229] = Z 1
[1230] = CNOT 1 27
[1231] = CNOT 1 28
[1232] = S 1
[1233] = Z 1
[1234] = CNOT 1 28
[1235] = CNOT 1 29
[1236] = S 1
[1237] = CNOT 1 29
[1238] = CNOT 1 5
[1239] = CNOT 1 6
[1240] = CNOT 1 8
[1241] = S 1
[1242] = Z 1
[1243] = CNOT 1 8
[1244] = CNOT 1 10
[1245] = S 1
[1246] = Z 1
[1247] = CNOT 1 10
[1248] = CNOT 1 11
[1249] = S 1
[1250] = Z 1
[1251] = CNOT 1 11
[1252] = CNOT 1 12
[1253] = S 1
[1254] = Z 1
[1255] = CNOT 1 12
[1256] = CNOT 1 24
[1257] = S 1
[1258] = Z 1
[1259] = CNOT 1 24
[1260] = CNOT 1 27
[1261] = Z 1
[1262] = CNOT 1 27
[1263] = CNOT 1 28
[1264] = S 1
[1265] = Z 1
[1266] = CNOT 1 28
[1267] = CNOT 1 29
[1268] = S 1
[1269] = CNOT 1 29
[1270] = CNOT 1 6
[1271] = CNOT 1 7
[1272] = CNOT 1 10
[1273] = S 1
[1274] = Z 1
[1275] = CNOT 1 10
[1276] = CNOT 1 11
[1277] = S 1
[1278] = Z 1
[1279] = CNOT 1 11
[1280] = CNOT 1 12
[1281] = S 1
[1282] = Z 1
[1283] = CNOT 1 12
[1284] = CNOT 1 27
[1285] = Z 1
[1286] = CNOT 1 27
[1287] = CNOT 1 28
[1288] = S 1
[1289] = Z 1
[1290] = CNOT 1 28
[1291] = CNOT 1 29
[1292] = S 1
[1293] = CNOT 1 29
[1294] = CNOT 1 7
[1295] = CNOT 1 8
[1296] = CNOT 1 10
[1297] = S 1
[1298] = Z 1
[1299] = CNOT 1 10
[1300] = CNOT 1 11
[1301] = S 1
[1302] = Z 1
[1303] = CNOT 1 11
[1304] = CNOT 1 12
[1305] = S 1
[1306] = Z 1
[1307] = CNOT 1 12
[1308] = CNOT 1 24
[1309] = S 1
[1310] = Z 1
[1311] = CNOT 1 24
[1312] = CNOT 1 27
[1313] = Z 1
[1314] = CNOT 1 27
[1315] = CNOT 1 28
[1316] = S 1
[1317] = Z 1
[1318] = CNOT 1 28
[1319] = CNOT 1 29
[1320] = S 1
[1321] = CNOT 1 8
[1322] = CNOT 1 10
[1323] = S 1
[1324] = Z 1
[1325] = CNOT 1 29
[1326] = CNOT 1 10
[1327] = CNOT 1 11
[1328] = CNOT 1 27
[1329] = S 1
[1330] = Z 1
[1331] = CNOT 1 27
[1332] = CNOT 1 29
[1333] = S 1
[1334] = Z 1
[1335] = CNOT 1 29
[1336] = CNOT 1 11
[1337] = CNOT 1 27
[1338] = CNOT 1 28
[1339] = S 1
[1340] = Z 1
[1341] = CNOT 1 28
[1342] = CNOT 1 29
[1343] = Z 1
[1344] = CNOT 1 27
[1345] = CNOT 1 28
[1346] = S 1
[1347] = Z 1
[1348] = CNOT 1 29
[1349] = CNOT 1 28
[1350] = CNOT 2 3
[1351] = CNOT 2 8
[1352] = Z 2
[1353] = CNOT 2 8
[1354] = CNOT 2 12
[1355] = S 2
[1356] = Z 2
[1357] = CNOT 2 12
[1358] = CNOT 2 13
[1359] = S 2
[1360] = Z 2
[1361] = CNOT 2 13
[1362] = CNOT 2 26
[1363] = S 2
[1364] = Z 2
[1365] = CNOT 2 26
[1366] = CNOT 2 3
[1367] = CNOT 2 4
[1368] = CNOT 2 5
[1369] = S 2
[1370] = CNOT 2 5
[1371] = CNOT 2 6
[1372] = S 2
[1373] = CNOT 2 6
[1374] = CNOT 2 7
[1375] = S 2
[1376] = CNOT 2 7
[1377] = CNOT 2 8
[1378] = S 2
[1379] = CNOT 2 8
[1380] = CNOT 2 10
[1381] = S 2
[1382] = Z 2
[1383] = CNOT 2 10
[1384] = CNOT 2 11
[1385] = S 2
[1386] = Z 2
[1387] = CNOT 2 11
[1388] = CNOT 2 27
[1389] = S 2
[1390] = CNOT 2 27
[1391] = CNOT 2 28
[1392] = S 2
[1393] = Z 2
[1394] = CNOT 2 28
[1395] = CNOT 2 29
[1396] = Z 2
[1397] = CNOT 2 29
[1398] = CNOT 2 4
[1399] = CNOT 2 5
[1400] = CNOT 2 6
[1401] = S 2
[1402] = CNOT 2 6
[1403] = CNOT 2 7
[1404] = S 2
[1405] = CNOT 2 7
[1406] = CNOT 2 8
[1407] = S 2
[1408] = CNOT 2 8
[1409] = CNOT 2 10
[1410] = S 2
[1411] = Z 2
[1412] = CNOT 2 10
[1413] = CNOT 2 11
[1414] = S 2
[1415] = Z 2
[1416] = CNOT 2 11
[1417] = CNOT 2 27
[1418] = S 2
[1419] = CNOT 2 27
[1420] = CNOT 2 28
[1421] = S 2
[1422] = Z 2
[1423] = CNOT 2 28
[1424] = CNOT 2 29
[1425] = Z 2
[1426] = CNOT 2 29
[1427] = CNOT 2 5
[1428] = CNOT 2 6
[1429] = CNOT 2 7
[1430] = S 2
[1431] = CNOT 2 7
[1432] = CNOT 2 8
[1433] = S 2
[1434] = CNOT 2 8
[1435] = CNOT 2 10
[1436] = S 2
[1437] = Z 2
[1438] = CNOT 2 10
[1439] = CNOT 2 11
[1440] = S 2
[1441] = Z 2
[1442] = CNOT 2 11
[1443] = CNOT 2 27
[1444] = S 2
[1445] = CNOT 2 27
[1446] = CNOT 2 28
[1447] = S 2
[1448] = Z 2
[1449] = CNOT 2 28
[1450] = CNOT 2 29
[1451] = Z 2
[1452] = CNOT 2 29
[1453] = CNOT 2 6
[1454] = CNOT 2 7
[1455] = CNOT 2 8
[1456] = S 2
[1457] = Z 2
[1458] = CNOT 2 8
[1459] = CNOT 2 10
[1460] = S 2
[1461] = Z 2
[1462] = CNOT 2 10
[1463] = CNOT 2 11
[1464] = S 2
[1465] = Z 2
[1466] = CNOT 2 11
[1467] = CNOT 2 12
[1468] = S 2
[1469] = Z 2
[1470] = CNOT 2 12
[1471] = CNOT 2 13
[1472] = S 2
[1473] = Z 2
[1474] = CNOT 2 13
[1475] = CNOT 2 26
[1476] = S 2
[1477] = Z 2
[1478] = CNOT 2 26
[1479] = CNOT 2 27
[1480] = S 2
[1481] = CNOT 2 27
[1482] = CNOT 2 28
[1483] = S 2
[1484] = Z 2
[1485] = CNOT 2 28
[1486] = CNOT 2 29
[1487] = Z 2
[1488] = CNOT 2 29
[1489] = CNOT 2 7
[1490] = CNOT 2 8
[1491] = CNOT 2 10
[1492] = S 2
[1493] = Z 2
[1494] = CNOT 2 10
[1495] = CNOT 2 11
[1496] = S 2
[1497] = Z 2
[1498] = CNOT 2 11
[1499] = CNOT 2 12
[1500] = S 2
[1501] = Z 2
[1502] = CNOT 2 12
[1503] = CNOT 2 13
[1504] = S 2
[1505] = Z 2
[1506] = CNOT 2 13
[1507] = CNOT 2 27
[1508] = S 2
[1509] = CNOT 2 27
[1510] = CNOT 2 28
[1511] = S 2
[1512] = Z 2
[1513] = CNOT 2 28
[1514] = CNOT 2 29
[1515] = Z 2
[1516] = CNOT 2 29
[1517] = CNOT 2 8
[1518] = CNOT 2 10
[1519] = CNOT 2 27
[1520] = S 2
[1521] = Z 2
[1522] = CNOT 2 27
[1523] = CNOT 2 29
[1524] = S 2
[1525] = Z 2
[1526] = CNOT 2 29
[1527] = CNOT 2 10
[1528] = CNOT 2 11
[1529] = CNOT 2 27
[1530] = S 2
[1531] = Z 2
[1532] = CNOT 2 11
[1533] = CNOT 2 28
[1534] = S 2
[1535] = Z 2
[1536] = CNOT 2 28
[1537] = CNOT 2 29
[1538] = Z 2
[1539] = CNOT 2 27
[1540] = CNOT 2 28
[1541] = S 2
[1542] = Z 2
[1543] = CNOT 2 29
[1544] = CNOT 2 28
[1545] = CNOT 3 4
[1546] = CNOT 3 5
[1547] = Z 3
[1548] = CNOT 3 5
[1549] = CNOT 3 6
[1550] = S 3
[1551] = CNOT 3 6
[1552] = CNOT 3 7
[1553] = S 3
[1554] = Z 3
[1555] = CNOT 3 7
[1556] = CNOT 3 10
[1557] = S 3
[1558] = Z 3
[1559] = CNOT 3 10
[1560] = CNOT 3 11
[1561] = S 3
[1562] = Z 3
[1563] = CNOT 3 11
[1564] = CNOT 3 12
[1565] = Z 3
[1566] = CNOT 3 12
[1567] = CNOT 3 13
[1568] = Z 3
[1569] = CNOT 3 13
[1570] = CNOT 3 14
[1571] = S 3
[1572] = Z 3
[1573] = CNOT 3 14
[1574] = CNOT 3 17
[1575] = Z 3
[1576] = CNOT 3 17
[1577] = CNOT 3 27
[1578] = Z 3
[1579] = CNOT 3 27
[1580] = CNOT 3 4
[1581] = CNOT 3 5
[1582] = CNOT 3 11
[1583] = Z 3
[1584] = CNOT 3 11
[1585] = CNOT 3 12
[1586] = S 3
[1587] = Z 3
[1588] = CNOT 3 12
[1589] = CNOT 3 13
[1590] = S 3
[1591] = Z 3
[1592] = CNOT 3 13
[1593] = CNOT 3 14
[1594] = Z 3
[1595] = CNOT 3 14
[1596] = CNOT 3 5
[1597] = CNOT 3 6
[1598] = CNOT 3 8
[1599] = S 3
[1600] = CNOT 3 8
[1601] = CNOT 3 10
[1602] = S 3
[1603] = Z 3
[1604] = CNOT 3 10
[1605] = CNOT 3 12
[1606] = S 3
[1607] = Z 3
[1608] = CNOT 3 12
[1609] = CNOT 3 13
[1610] = S 3
[1611] = Z 3
[1612] = CNOT 3 13
[1613] = CNOT 3 17
[1614] = S 3
[1615] = Z 3
[1616] = CNOT 3 17
[1617] = CNOT 3 6
[1618] = CNOT 3 7
[1619] = CNOT 3 10
[1620] = Z 3
[1621] = CNOT 3 10
[1622] = CNOT 3 12
[1623] = S 3
[1624] = CNOT 3 12
[1625] = CNOT 3 17
[1626] = Z 3
[1627] = CNOT 3 17
[1628] = CNOT 3 26
[1629] = S 3
[1630] = Z 3
[1631] = CNOT 3 26
[1632] = CNOT 3 7
[1633] = CNOT 3 8
[1634] = CNOT 3 9
[1635] = S 3
[1636] = Z 3
[1637] = CNOT 3 9
[1638] = CNOT 3 10
[1639] = Z 3
[1640] = CNOT 3 10
[1641] = CNOT 3 12
[1642] = S 3
[1643] = CNOT 3 12
[1644] = CNOT 3 13
[1645] = S 3
[1646] = CNOT 3 13
[1647] = CNOT 3 17
[1648] = Z 3
[1649] = CNOT 3 17
[1650] = CNOT 3 26
[1651] = S 3
[1652] = Z 3
[1653] = CNOT 3 26
[1654] = CNOT 3 27
[1655] = S 3
[1656] = Z 3
[1657] = CNOT 3 27
[1658] = CNOT 3 28
[1659] = S 3
[1660] = Z 3
[1661] = CNOT 3 28
[1662] = CNOT 3 8
[1663] = CNOT 3 9
[1664] = CNOT 3 27
[1665] = S 3
[1666] = Z 3
[1667] = CNOT 3 27
[1668] = CNOT 3 9
[1669] = CNOT 3 10
[1670] = CNOT 3 13
[1671] = S 3
[1672] = Z 3
[1673] = CNOT 3 13
[1674] = CNOT 3 10
[1675] = CNOT 3 11
[1676] = CNOT 3 14
[1677] = S 3
[1678] = Z 3
[1679] = CNOT 3 14
[1680] = CNOT 3 27
[1681] = Z 3
[1682] = CNOT 3 27
[1683] = CNOT 3 11
[1684] = CNOT 3 12
[1685] = CNOT 3 13
[1686] = S 3
[1687] = Z 3
[1688] = CNOT 3 13
[1689] = CNOT 3 17
[1690] = S 3
[1691] = Z 3
[1692] = CNOT 3 17
[1693] = CNOT 3 27
[1694] = S 3
[1695] = Z 3
[1696] = CNOT 3 12
[1697] = CNOT 3 13
[1698] = S 3
[1699] = Z 3
[1700] = CNOT 3 13
[1701] = CNOT 3 14
[1702] = Z 3
[1703] = CNOT 3 14
[1704] = CNOT 3 28
[1705] = S 3
[1706] = Z 3
[1707] = CNOT 3 28
[1708] = CNOT 3 27
[1709] = CNOT 4 5
[1710] = CNOT 4 6
[1711] = S 4
[1712] = Z 4
[1713] = CNOT 4 6
[1714] = CNOT 4 7
[1715] = Z 4
[1716] = CNOT 4 7
[1717] = CNOT 4 9
[1718] = S 4
[1719] = Z 4
[1720] = CNOT 4 9
[1721] = CNOT 4 10
[1722] = S 4
[1723] = CNOT 4 10
[1724] = CNOT 4 12
[1725] = Z 4
[1726] = CNOT 4 12
[1727] = CNOT 4 14
[1728] = S 4
[1729] = Z 4
[1730] = CNOT 4 14
[1731] = CNOT 4 24
[1732] = Z 4
[1733] = CNOT 4 24
[1734] = CNOT 4 27
[1735] = S 4
[1736] = CNOT 4 27
[1737] = CNOT 4 5
[1738] = CNOT 4 6
[1739] = CNOT 4 7
[1740] = S 4
[1741] = Z 4
[1742] = CNOT 4 7
[1743] = CNOT 4 8
[1744] = Z 4
[1745] = CNOT 4 8
[1746] = CNOT 4 9
[1747] = S 4
[1748] = Z 4
[1749] = CNOT 4 9
[1750] = CNOT 4 11
[1751] = S 4
[1752] = CNOT 4 11
[1753] = CNOT 4 12
[1754] = S 4
[1755] = CNOT 4 12
[1756] = CNOT 4 13
[1757] = S 4
[1758] = Z 4
[1759] = CNOT 4 13
[1760] = CNOT 4 15
[1761] = S 4
[1762] = Z 4
[1763] = CNOT 4 15
[1764] = CNOT 4 17
[1765] = S 4
[1766] = Z 4
[1767] = CNOT 4 17
[1768] = CNOT 4 24
[1769] = Z 4
[1770] = CNOT 4 24
[1771] = CNOT 4 27
[1772] = S 4
[1773] = Z 4
[1774] = CNOT 4 27
[1775] = CNOT 4 28
[1776] = S 4
[1777] = CNOT 4 28
[1778] = CNOT 4 6
[1779] = CNOT 4 7
[1780] = CNOT 4 8
[1781] = Z 4
[1782] = CNOT 4 8
[1783] = CNOT 4 11
[1784] = S 4
[1785] = CNOT 4 11
[1786] = CNOT 4 12
[1787] = S 4
[1788] = CNOT 4 12
[1789] = CNOT 4 13
[1790] = Z 4
[1791] = CNOT 4 13
[1792] = CNOT 4 17
[1793] = Z 4
[1794] = CNOT 4 17
[1795] = CNOT 4 24
[1796] = S 4
[1797] = Z 4
[1798] = CNOT 4 24
[1799] = CNOT 4 27
[1800] = Z 4
[1801] = CNOT 4 27
[1802] = CNOT 4 28
[1803] = S 4
[1804] = CNOT 4 28
[1805] = CNOT 4 29
[1806] = S 4
[1807] = CNOT 4 29
[1808] = CNOT 4 7
[1809] = CNOT 4 8
[1810] = CNOT 4 11
[1811] = S 4
[1812] = CNOT 4 11
[1813] = CNOT 4 12
[1814] = S 4
[1815] = CNOT 4 12
[1816] = CNOT 4 13
[1817] = S 4
[1818] = Z 4
[1819] = CNOT 4 13
[1820] = CNOT 4 17
[1821] = Z 4
[1822] = CNOT 4 17
[1823] = CNOT 4 24
[1824] = Z 4
[1825] = CNOT 4 24
[1826] = CNOT 4 27
[1827] = S 4
[1828] = CNOT 4 27
[1829] = CNOT 4 28
[1830] = S 4
[1831] = CNOT 4 28
[1832] = CNOT 4 29
[1833] = S 4
[1834] = CNOT 4 29
[1835] = CNOT 4 8
[1836] = CNOT 4 9
[1837] = CNOT 4 27
[1838] = S 4
[1839] = Z 4
[1840] = CNOT 4 27
[1841] = CNOT 4 9
[1842] = CNOT 4 10
[1843] = CNOT 4 15
[1844] = S 4
[1845] = Z 4
[1846] = CNOT 4 15
[1847] = CNOT 4 27
[1848] = S 4
[1849] = CNOT 4 27
[1850] = CNOT 4 28
[1851] = S 4
[1852] = Z 4
[1853] = CNOT 4 28
[1854] = CNOT 4 29
[1855] = S 4
[1856] = CNOT 4 29
[1857] = CNOT 4 10
[1858] = CNOT 4 11
[1859] = CNOT 4 28
[1860] = S 4
[1861] = Z 4
[1862] = CNOT 4 28
[1863] = CNOT 4 29
[1864] = Z 4
[1865] = CNOT 4 29
[1866] = CNOT 4 11
[1867] = CNOT 4 12
[1868] = CNOT 4 17
[1869] = S 4
[1870] = Z 4
[1871] = CNOT 4 17
[1872] = CNOT 4 27
[1873] = S 4
[1874] = Z 4
[1875] = CNOT 4 27
[1876] = CNOT 4 29
[1877] = S 4
[1878] = Z 4
[1879] = CNOT 4 29
[1880] = CNOT 4 12
[1881] = CNOT 4 14
[1882] = CNOT 4 27
[1883] = S 4
[1884] = Z 4
[1885] = CNOT 4 14
[1886] = CNOT 4 29
[1887] = Z 4
[1888] = CNOT 4 27
[1889] = CNOT 4 28
[1890] = S 4
[1891] = CNOT 4 29
[1892] = CNOT 4 28
[1893] = CNOT 5 6
[1894] = CNOT 5 7
[1895] = S 5
[1896] = CNOT 5 7
[1897] = CNOT 5 9
[1898] = Z 5
[1899] = CNOT 5 9
[1900] = CNOT 5 12
[1901] = Z 5
[1902] = CNOT 5 12
[1903] = CNOT 5 14
[1904] = S 5
[1905] = Z 5
[1906] = CNOT 5 14
[1907] = CNOT 5 15
[1908] = S 5
[1909] = Z 5
[1910] = CNOT 5 15
[1911] = CNOT 5 16
[1912] = S 5
[1913] = Z 5
[1914] = CNOT 5 16
[1915] = CNOT 5 24
[1916] = Z 5
[1917] = CNOT 5 24
[1918] = CNOT 5 27
[1919] = S 5
[1920] = Z 5
[1921] = CNOT 5 27
[1922] = CNOT 5 28
[1923] = S 5
[1924] = CNOT 5 28
[1925] = CNOT 5 29
[1926] = S 5
[1927] = Z 5
[1928] = CNOT 5 29
[1929] = CNOT 5 6
[1930] = CNOT 5 7
[1931] = CNOT 5 8
[1932] = S 5
[1933] = CNOT 5 8
[1934] = CNOT 5 10
[1935] = S 5
[1936] = CNOT 5 10
[1937] = CNOT 5 11
[1938] = S 5
[1939] = CNOT 5 11
[1940] = CNOT 5 12
[1941] = Z 5
[1942] = CNOT 5 12
[1943] = CNOT 5 24
[1944] = S 5
[1945] = Z 5
[1946] = CNOT 5 24
[1947] = CNOT 5 28
[1948] = S 5
[1949] = CNOT 5 28
[1950] = CNOT 5 29
[1951] = S 5
[1952] = CNOT 5 29
[1953] = CNOT 5 7
[1954] = CNOT 5 8
[1955] = CNOT 5 10
[1956] = S 5
[1957] = CNOT 5 10
[1958] = CNOT 5 11
[1959] = S 5
[1960] = CNOT 5 11
[1961] = CNOT 5 12
[1962] = Z 5
[1963] = CNOT 5 12
[1964] = CNOT 5 24
[1965] = Z 5
[1966] = CNOT 5 24
[1967] = CNOT 5 29
[1968] = S 5
[1969] = CNOT 5 29
[1970] = CNOT 5 8
[1971] = CNOT 5 9
[1972] = CNOT 5 14
[1973] = S 5
[1974] = Z 5
[1975] = CNOT 5 14
[1976] = CNOT 5 27
[1977] = S 5
[1978] = CNOT 5 27
[1979] = CNOT 5 29
[1980] = S 5
[1981] = Z 5
[1982] = CNOT 5 29
[1983] = CNOT 5 9
[1984] = CNOT 5 10
[1985] = CNOT 5 27
[1986] = S 5
[1987] = CNOT 5 27
[1988] = CNOT 5 28
[1989] = S 5
[1990] = Z 5
[1991] = CNOT 5 28
[1992] = CNOT 5 29
[1993] = S 5
[1994] = CNOT 5 29
[1995] = CNOT 5 10
[1996] = CNOT 5 11
[1997] = CNOT 5 13
[1998] = S 5
[1999] = Z 5
[2000] = CNOT 5 13
[2001] = CNOT 5 14
[2002] = S 5
[2003] = Z 5
[2004] = CNOT 5 14
[2005] = CNOT 5 16
[2006] = S 5
[2007] = Z 5
[2008] = CNOT 5 16
[2009] = CNOT 5 27
[2010] = S 5
[2011] = CNOT 5 27
[2012] = CNOT 5 28
[2013] = S 5
[2014] = Z 5
[2015] = CNOT 5 28
[2016] = CNOT 5 29
[2017] = Z 5
[2018] = CNOT 5 29
[2019] = CNOT 5 11
[2020] = CNOT 5 12
[2021] = CNOT 5 14
[2022] = S 5
[2023] = Z 5
[2024] = CNOT 5 14
[2025] = CNOT 5 27
[2026] = Z 5
[2027] = CNOT 5 27
[2028] = CNOT 5 29
[2029] = S 5
[2030] = Z 5
[2031] = CNOT 5 29
[2032] = CNOT 5 12
[2033] = CNOT 5 13
[2034] = CNOT 5 27
[2035] = Z 5
[2036] = CNOT 5 13
[2037] = CNOT 5 15
[2038] = S 5
[2039] = Z 5
[2040] = CNOT 5 15
[2041] = CNOT 5 16
[2042] = Z 5
[2043] = CNOT 5 16
[2044] = CNOT 5 29
[2045] = S 5
[2046] = CNOT 5 27
[2047] = CNOT 5 28
[2048] = S 5
[2049] = CNOT 5 29
[2050] = CNOT 5 28
[2051] = CNOT 6 7
[2052] = CNOT 6 8
[2053] = Z 6
[2054] = CNOT 6 8
[2055] = CNOT 6 11
[2056] = S 6
[2057] = CNOT 6 11
[2058] = CNOT 6 12
[2059] = S 6
[2060] = CNOT 6 12
[2061] = CNOT 6 13
[2062] = S 6
[2063] = Z 6
[2064] = CNOT 6 13
[2065] = CNOT 6 17
[2066] = S 6
[2067] = Z 6
[2068] = CNOT 6 17
[2069] = CNOT 6 24
[2070] = S 6
[2071] = Z 6
[2072] = CNOT 6 24
[2073] = CNOT 6 28
[2074] = S 6
[2075] = CNOT 6 28
[2076] = CNOT 6 29
[2077] = S 6
[2078] = CNOT 6 29
[2079] = CNOT 6 7
[2080] = CNOT 6 8
[2081] = CNOT 6 11
[2082] = S 6
[2083] = CNOT 6 11
[2084] = CNOT 6 12
[2085] = S 6
[2086] = CNOT 6 12
[2087] = CNOT 6 17
[2088] = S 6
[2089] = Z 6
[2090] = CNOT 6 17
[2091] = CNOT 6 24
[2092] = Z 6
[2093] = CNOT 6 24
[2094] = CNOT 6 28
[2095] = S 6
[2096] = CNOT 6 28
[2097] = CNOT 6 8
[2098] = CNOT 6 9
[2099] = CNOT 6 27
[2100] = Z 6
[2101] = CNOT 6 27
[2102] = CNOT 6 29
[2103] = S 6
[2104] = Z 6
[2105] = CNOT 6 29
[2106] = CNOT 6 9
[2107] = CNOT 6 10
[2108] = CNOT 6 14
[2109] = S 6
[2110] = Z 6
[2111] = CNOT 6 14
[2112] = CNOT 6 28
[2113] = S 6
[2114] = Z 6
[2115] = CNOT 6 28
[2116] = CNOT 6 29
[2117] = S 6
[2118] = CNOT 6 29
[2119] = CNOT 6 10
[2120] = CNOT 6 11
[2121] = CNOT 6 15
[2122] = S 6
[2123] = Z 6
[2124] = CNOT 6 15
[2125] = CNOT 6 28
[2126] = S 6
[2127] = Z 6
[2128] = CNOT 6 28
[2129] = CNOT 6 29
[2130] = Z 6
[2131] = CNOT 6 29
[2132] = CNOT 6 11
[2133] = CNOT 6 12
[2134] = CNOT 6 15
[2135] = S 6
[2136] = Z 6
[2137] = CNOT 6 15
[2138] = CNOT 6 27
[2139] = S 6
[2140] = Z 6
[2141] = CNOT 6 27
[2142] = CNOT 6 29
[2143] = S 6
[2144] = Z 6
[2145] = CNOT 6 29
[2146] = CNOT 6 12
[2147] = CNOT 6 15
[2148] = CNOT 6 27
[2149] = S 6
[2150] = CNOT 6 15
[2151] = CNOT 6 16
[2152] = S 6
[2153] = Z 6
[2154] = CNOT 6 16
[2155] = CNOT 6 28
[2156] = S 6
[2157] = CNOT 6 27
[2158] = CNOT 6 29
[2159] = S 6
[2160] = CNOT 6 29
[2161] = CNOT 6 28
[2162] = CNOT 7 8
[2163] = CNOT 7 10
[2164] = S 7
[2165] = Z 7
[2166] = CNOT 7 10
[2167] = CNOT 7 11
[2168] = S 7
[2169] = CNOT 7 11
[2170] = CNOT 7 12
[2171] = S 7
[2172] = Z 7
[2173] = CNOT 7 12
[2174] = CNOT 7 13
[2175] = S 7
[2176] = CNOT 7 13
[2177] = CNOT 7 17
[2178] = Z 7
[2179] = CNOT 7 17
[2180] = CNOT 7 24
[2181] = S 7
[2182] = Z 7
[2183] = CNOT 7 24
[2184] = CNOT 7 26
[2185] = S 7
[2186] = Z 7
[2187] = CNOT 7 26
[2188] = CNOT 7 29
[2189] = S 7
[2190] = CNOT 7 29
[2191] = CNOT 7 8
[2192] = CNOT 7 10
[2193] = CNOT 7 13
[2194] = S 7
[2195] = Z 7
[2196] = CNOT 7 13
[2197] = CNOT 7 27
[2198] = Z 7
[2199] = CNOT 7 27
[2200] = CNOT 7 28
[2201] = S 7
[2202] = Z 7
[2203] = CNOT 7 28
[2204] = CNOT 7 29
[2205] = S 7
[2206] = CNOT 7 29
[2207] = CNOT 7 10
[2208] = CNOT 7 11
[2209] = CNOT 7 27
[2210] = S 7
[2211] = CNOT 7 27
[2212] = CNOT 7 28
[2213] = S 7
[2214] = Z 7
[2215] = CNOT 7 28
[2216] = CNOT 7 29
[2217] = Z 7
[2218] = CNOT 7 29
[2219] = CNOT 7 11
[2220] = CNOT 7 12
[2221] = CNOT 7 13
[2222] = S 7
[2223] = Z 7
[2224] = CNOT 7 13
[2225] = CNOT 7 17
[2226] = S 7
[2227] = Z 7
[2228] = CNOT 7 17
[2229] = CNOT 7 29
[2230] = S 7
[2231] = Z 7
[2232] = CNOT 7 12
[2233] = CNOT 7 28
[2234] = S 7
[2235] = CNOT 7 29
[2236] = CNOT 7 28
[2237] = CNOT 8 9
[2238] = CNOT 8 28
[2239] = S 8
[2240] = Z 8
[2241] = CNOT 8 28
[2242] = CNOT 8 9
[2243] = CNOT 8 10
[2244] = CNOT 8 13
[2245] = S 8
[2246] = Z 8
[2247] = CNOT 8 13
[2248] = CNOT 8 27
[2249] = Z 8
[2250] = CNOT 8 27
[2251] = CNOT 8 28
[2252] = S 8
[2253] = Z 8
[2254] = CNOT 8 28
[2255] = CNOT 8 29
[2256] = S 8
[2257] = CNOT 8 29
[2258] = CNOT 8 10
[2259] = CNOT 8 11
[2260] = CNOT 8 27
[2261] = S 8
[2262] = CNOT 8 27
[2263] = CNOT 8 28
[2264] = S 8
[2265] = Z 8
[2266] = CNOT 8 28
[2267] = CNOT 8 29
[2268] = Z 8
[2269] = CNOT 8 29
[2270] = CNOT 8 11
[2271] = CNOT 8 12
[2272] = CNOT 8 13
[2273] = S 8
[2274] = Z 8
[2275] = CNOT 8 13
[2276] = CNOT 8 17
[2277] = S 8
[2278] = Z 8
[2279] = CNOT 8 17
[2280] = CNOT 8 29
[2281] = S 8
[2282] = Z 8
[2283] = CNOT 8 29
[2284] = CNOT 8 12
[2285] = CNOT 8 27
[2286] = CNOT 8 28
[2287] = Z 8
[2288] = CNOT 8 28
[2289] = CNOT 8 29
[2290] = Z 8
[2291] = CNOT 8 27
[2292] = CNOT 8 28
[2293] = S 8
[2294] = CNOT 8 29
[2295] = CNOT 8 28
[2296] = CNOT 9 14
[2297] = CNOT 9 27
[2298] = S 9
[2299] = Z 9
[2300] = CNOT 9 14
[2301] = CNOT 9 28
[2302] = S 9
[2303] = Z 9
[2304] = CNOT 9 28
[2305] = CNOT 9 29
[2306] = S 9
[2307] = Z 9
[2308] = CNOT 9 29
[2309] = CNOT 9 27
[2310] = CNOT 10 14
[2311] = CNOT 10 27
[2312] = S 10
[2313] = Z 10
[2314] = CNOT 10 14
[2315] = CNOT 10 15
[2316] = S 10
[2317] = Z 10
[2318] = CNOT 10 15
[2319] = CNOT 10 28
[2320] = S 10
[2321] = Z 10
[2322] = CNOT 10 27
[2323] = CNOT 10 29
[2324] = S 10
[2325] = Z 10
[2326] = CNOT 10 29
[2327] = CNOT 10 28
[2328] = CNOT 11 13
[2329] = CNOT 11 27
[2330] = S 11
[2331] = Z 11
[2332] = CNOT 11 13
[2333] = CNOT 11 14
[2334] = S 11
[2335] = Z 11
[2336] = CNOT 11 14
[2337] = CNOT 11 15
[2338] = S 11
[2339] = Z 11
[2340] = CNOT 11 15
[2341] = CNOT 11 16
[2342] = S 11
[2343] = Z 11
[2344] = CNOT 11 16
[2345] = CNOT 11 28
[2346] = S 11
[2347] = Z 11
[2348] = CNOT 11 28
[2349] = CNOT 11 29
[2350] = Z 11
[2351] = CNOT 11 27
[2352] = CNOT 11 28
[2353] = S 11
[2354] = Z 11
[2355] = CNOT 11 29
[2356] = CNOT 11 28
[2357] = CNOT 12 14
[2358] = CNOT 12 27
[2359] = S 12
[2360] = Z 12
[2361] = CNOT 12 14
[2362] = CNOT 12 15
[2363] = S 12
[2364] = Z 12
[2365] = CNOT 12 27
[2366] = CNOT 12 15
[2367] = CNOT 18 23
[2368] = S 18
[2369] = Z 18
[2370] = CNOT 18 23
[2371] = CNOT 19 20
[2372] = S 19
[2373] = Z 19
[2374] = CNOT 19 25
[2375] = CNOT 19 20
[2376] = CNOT 20 21
[2377] = CNOT 20 26
[2378] = S 20
[2379] = Z 20
[2380] = CNOT 20 26
[2381] = CNOT 20 21
[2382] = CNOT 21 22
[2383] = CNOT 21 27
[2384] = S 21
[2385] = Z 21
[2386] = CNOT 21 27
[2387] = CNOT 21 22
[2388] = CNOT 22 23
[2389] = CNOT 22 28
[2390] = S 22
[2391] = Z 22
[2392] = CNOT 22 28
[2393] = CNOT 22 23
[2394] = CNOT 27 28
[2395] = CNOT 27 29
[2396] = S 27
[2397] = CNOT 27 29
[2398] = CNOT 27 28
[2399] = CNOT 23 28
[2400] = CNOT 18 28
[2401] = CNOT 17 28
[2402] = CNOT 23 27
[2403] = CNOT 22 27
[2404] = CNOT 18 27
[2405] = CNOT 16 27
[2406] = CNOT 23 26
[2407] = CNOT 22 26
[2408] = CNOT 21 26
[2409] = CNOT 18 26
[2410] = CNOT 15 26
[2411] = CNOT 23 25
[2412] = CNOT 22 25
[2413] = CNOT 21 25
[2414] = CNOT 20 25
[2415] = CNOT 18 25
[2416] = CNOT 14 25
[2417] = CNOT 23 24
[2418] = CNOT 22 24
[2419] = CNOT 21 24
[2420] = CNOT 20 24
[2421] = CNOT 19 24
[2422] = CNOT 18 24
[2423] = CNOT 13 24
[2424] = CNOT 28 23
[2425] = CNOT 18 23
[2426] = CNOT 23 28
[2427] = CNOT 28 22
[2428] = CNOT 27 22
[2429] = CNOT 22 27
[2430] = CNOT 27 21
[2431] = CNOT 26 21
[2432] = CNOT 21 26
[2433] = CNOT 26 20
[2434] = CNOT 25 20
[2435] = CNOT 20 25
[2436] = CNOT 25 19
[2437] = CNOT 24 19
[2438] = CNOT 19 24
[2439] = CNOT 29 18
[2440] = CNOT 18 29
[2441] = CNOT 23 17
[2442] = CNOT 17 23
[2443] = CNOT 22 16
[2444] = CNOT 16 22
[2445] = CNOT 21 15
[2446] = CNOT 15 21
[2447] = CNOT 20 14
[2448] = CNOT 14 20
[2449] = CNOT 19 13
[2450] = CNOT 13 19
[2451] = H 19
[2452] = M 19
[2453] = H 20
[2454] = M 20
[2455] = H 21
[2456] = M 21
[2457] = H 22
[2458] = M 22
[2459] = H 23
[2460] = M 23
[2461] = H 24
[2462] = M 24
[2463] = H 25
[2464] = M 25
[2465] = H 26
[2466] = M 26
[2467] = H 27
[2468] = M 27
[2469] = H 28
[2470] = M 28
[2471] = H 29
[2472] = M 29
[2473] = H 18
[2474] = H 17
[2475] = H 16
[2476] = H 15
[2477] = H 14
[2478] = H 13
Gate distributions:
Input:
Operator distribution:
Total number of qubits = 18
Number of `data' qubits = 18
Number of `Toff_n' ancillas = 0
Number of Hadamard ancillas = 0
Hadamard ancilla cap = infinite
Number of {CNOT,T} partitions = 1
T count = 252
Cost estimation = 126027
	id	Count
	0	0
	1	0
	2	0
	3	22
	4	5
	5	0
	6	0
	7	0
	8	0
	9	0
	10	36
	11	0
	12	0
	13	0
	14	0
	15	0
	16	0
	17	0
	18	0
Output:
Operator distribution:
Total number of qubits = 29
Number of `data' qubits = 18
Number of `Toff_n' ancillas = 0
Number of Hadamard ancillas = 11
Hadamard ancilla cap = infinite
Number of {CNOT,T} partitions = 1
T count = 126
Cost estimation = 65358.5
	id	Count
	0	0
	1	0
	2	0
	3	33
	4	1603
	5	126
	6	0
	7	0
	8	0
	9	0
	10	0
	11	357
	12	0
	13	349
	14	0
	15	0
	16	0
	17	0
	18	11
Output T Count (SQC_Circuit) = 126
Output T Count (PhasePolynomial) = 126
Fail count = 0

Execution time: 213.046s
Number of LCL errors: 0
Number of LCL warnings: 0
