Optimize a Clifford + T circuit.
Input filename = /home/ryo-mtmt/TOpt/forme/tpar_benchmark/gf2^5_mult.tfc
Number of unknown gates = 0
Number of unknown qubit labels = 0
Circuit filename: /home/ryo-mtmt/TOpt/forme/tpar_benchmark/gf2^5_mult.tfc

n 15
n_x 15
n_y 0
n_z 0
m 101
[0] = H 11
[1] = H 12
[2] = H 13
[3] = H 14
[4] = CCZ 5 7 11
[5] = CCZ 4 8 11
[6] = CCZ 3 9 11
[7] = CCZ 2 10 11
[8] = CCZ 5 8 12
[9] = CCZ 4 9 12
[10] = CCZ 3 10 12
[11] = CCZ 5 9 13
[12] = CCZ 4 10 13
[13] = CCZ 5 10 14
[14] = H 11
[15] = H 12
[16] = H 13
[17] = H 14
[18] = CNOT 11 14
[19] = CNOT 15 13
[20] = CNOT 14 12
[21] = CNOT 13 11
[22] = H 11
[23] = H 12
[24] = H 13
[25] = H 14
[26] = H 15
[27] = CCZ 5 6 15
[28] = CCZ 4 7 15
[29] = CCZ 3 8 15
[30] = CCZ 2 9 15
[31] = CCZ 1 10 15
[32] = CCZ 4 6 14
[33] = CCZ 3 7 14
[34] = CCZ 2 8 14
[35] = CCZ 1 9 14
[36] = CCZ 3 6 13
[37] = CCZ 2 7 13
[38] = CCZ 1 8 13
[39] = CCZ 2 6 12
[40] = CCZ 1 7 12
[41] = CCZ 1 6 11
[42] = H 11
[43] = H 12
[44] = H 13
[45] = H 14
[46] = H 15

Algorithm used: todd

UniversalOptimize begin.
	Gate synthesis begin.

in LempelX3 (Hamming Distance Version)
		Round = 0 | Current Columns: 115
  [HIT] Reduced to m = 110 using Dist = 1
		Round = 1 | Current Columns: 110
  [HIT] Reduced to m = 103 using Dist = 1
		Round = 2 | Current Columns: 103
  [HIT] Reduced to m = 99 using Dist = 1
		Round = 3 | Current Columns: 99
  [HIT] Reduced to m = 95 using Dist = 1
		Round = 4 | Current Columns: 95
  [HIT] Reduced to m = 93 using Dist = 1
		Round = 5 | Current Columns: 93
  [HIT] Reduced to m = 91 using Dist = 1
		Round = 6 | Current Columns: 91
  [HIT] Reduced to m = 89 using Dist = 1
		Round = 7 | Current Columns: 89
  [HIT] Reduced to m = 87 using Dist = 2
		Round = 8 | Current Columns: 87
  [HIT] Reduced to m = 85 using Dist = 2
		Round = 9 | Current Columns: 85
Total LempelX2 (Hamming) time: 27260 ms
Final Nullspace total time: 16565 ms
		TODD executed in 27.2244 seconds.
		Total time: 27.2247s
	Gate synthesis end.
	Total time: 27.371s
UniversalOptimize end.
Output circuit:
n 24
n_x 15
n_y 0
n_z 9
m 1601
[0] = H 11
[1] = H 12
[2] = H 13
[3] = H 14
[4] = H 16
[5] = H 17
[6] = H 18
[7] = H 19
[8] = H 20
[9] = H 21
[10] = H 22
[11] = H 23
[12] = H 24
[13] = CNOT 1 4
[14] = CNOT 1 8
[15] = CNOT 1 11
[16] = CNOT 1 20
[17] = T 1
[18] = CNOT 1 20
[19] = CNOT 1 8
[20] = CNOT 1 4
[21] = CNOT 3 6
[22] = CNOT 3 8
[23] = CNOT 3 11
[24] = CNOT 3 22
[25] = T 3
[26] = CNOT 3 22
[27] = CNOT 3 11
[28] = CNOT 3 6
[29] = CNOT 1 7
[30] = CNOT 1 22
[31] = T 1
[32] = CNOT 1 22
[33] = CNOT 1 7
[34] = CNOT 5 7
[35] = T 5
[36] = Z 5
[37] = CNOT 5 7
[38] = CNOT 7 11
[39] = CNOT 7 22
[40] = T 7
[41] = Z 7
[42] = CNOT 7 22
[43] = CNOT 7 11
[44] = CNOT 5 11
[45] = T 5
[46] = Z 5
[47] = CNOT 5 11
[48] = CNOT 2 7
[49] = CNOT 2 11
[50] = CNOT 2 23
[51] = T 2
[52] = CNOT 2 23
[53] = CNOT 2 7
[54] = CNOT 1 4
[55] = CNOT 1 7
[56] = CNOT 1 8
[57] = CNOT 1 20
[58] = T 1
[59] = CNOT 1 21
[60] = T 1
[61] = CNOT 1 21
[62] = CNOT 1 20
[63] = CNOT 1 4
[64] = CNOT 4 8
[65] = CNOT 4 11
[66] = CNOT 4 20
[67] = CNOT 4 21
[68] = T 4
[69] = CNOT 4 21
[70] = CNOT 4 20
[71] = CNOT 4 11
[72] = CNOT 4 8
[73] = CNOT 1 22
[74] = T 1
[75] = CNOT 1 22
[76] = CNOT 1 8
[77] = T 4
[78] = Z 4
[79] = CNOT 4 7
[80] = CNOT 4 8
[81] = CNOT 4 9
[82] = CNOT 4 11
[83] = CNOT 4 23
[84] = T 4
[85] = CNOT 4 23
[86] = CNOT 4 11
[87] = CNOT 4 9
[88] = CNOT 4 8
[89] = CNOT 4 7
[90] = CNOT 2 8
[91] = CNOT 2 22
[92] = T 2
[93] = CNOT 2 22
[94] = CNOT 2 8
[95] = CNOT 3 9
[96] = T 3
[97] = S 3
[98] = Z 3
[99] = CNOT 3 11
[100] = T 3
[101] = CNOT 3 9
[102] = CNOT 3 8
[103] = CNOT 8 9
[104] = CNOT 8 11
[105] = T 8
[106] = S 8
[107] = Z 8
[108] = CNOT 8 11
[109] = CNOT 8 9
[110] = CNOT 1 4
[111] = CNOT 1 8
[112] = CNOT 1 9
[113] = CNOT 1 23
[114] = T 1
[115] = CNOT 1 23
[116] = CNOT 1 9
[117] = CNOT 1 7
[118] = CNOT 1 4
[119] = CNOT 2 4
[120] = CNOT 2 7
[121] = CNOT 2 8
[122] = CNOT 2 21
[123] = T 2
[124] = CNOT 2 21
[125] = CNOT 2 11
[126] = CNOT 2 8
[127] = CNOT 2 4
[128] = CNOT 4 6
[129] = CNOT 4 8
[130] = CNOT 4 11
[131] = CNOT 4 20
[132] = T 4
[133] = CNOT 4 20
[134] = CNOT 4 11
[135] = CNOT 4 8
[136] = CNOT 4 6
[137] = CNOT 2 10
[138] = T 2
[139] = S 2
[140] = Z 2
[141] = CNOT 2 11
[142] = T 2
[143] = CNOT 2 11
[144] = CNOT 2 10
[145] = CNOT 2 7
[146] = CNOT 7 10
[147] = T 7
[148] = CNOT 7 10
[149] = CNOT 2 7
[150] = T 2
[151] = CNOT 1 4
[152] = CNOT 1 7
[153] = CNOT 1 12
[154] = T 1
[155] = CNOT 1 4
[156] = CNOT 2 4
[157] = CNOT 2 6
[158] = CNOT 2 8
[159] = CNOT 2 11
[160] = T 2
[161] = CNOT 2 11
[162] = CNOT 2 8
[163] = CNOT 2 7
[164] = CNOT 2 6
[165] = CNOT 2 4
[166] = CNOT 5 8
[167] = CNOT 5 12
[168] = T 5
[169] = CNOT 5 8
[170] = T 12
[171] = S 12
[172] = T 5
[173] = S 5
[174] = CNOT 5 12
[175] = CNOT 3 8
[176] = CNOT 3 22
[177] = T 3
[178] = CNOT 3 22
[179] = CNOT 3 11
[180] = CNOT 1 9
[181] = T 1
[182] = CNOT 1 4
[183] = T 1
[184] = CNOT 1 9
[185] = CNOT 1 4
[186] = T 1
[187] = CNOT 1 12
[188] = CNOT 1 8
[189] = CNOT 1 7
[190] = CNOT 3 10
[191] = T 3
[192] = S 3
[193] = Z 3
[194] = CNOT 3 12
[195] = T 3
[196] = CNOT 3 10
[197] = CNOT 3 8
[198] = CNOT 8 10
[199] = CNOT 8 12
[200] = T 8
[201] = S 8
[202] = Z 8
[203] = CNOT 8 12
[204] = CNOT 8 10
[205] = CNOT 3 8
[206] = T 3
[207] = S 3
[208] = Z 3
[209] = CNOT 3 12
[210] = CNOT 3 8
[211] = CNOT 5 8
[212] = CNOT 5 9
[213] = T 5
[214] = S 5
[215] = Z 5
[216] = CNOT 5 13
[217] = T 5
[218] = CNOT 5 9
[219] = CNOT 5 8
[220] = CNOT 8 9
[221] = CNOT 8 13
[222] = T 8
[223] = S 8
[224] = Z 8
[225] = CNOT 8 13
[226] = CNOT 8 9
[227] = CNOT 5 8
[228] = T 5
[229] = S 5
[230] = Z 5
[231] = CNOT 5 13
[232] = CNOT 5 8
[233] = CNOT 4 8
[234] = CNOT 4 10
[235] = T 4
[236] = S 4
[237] = Z 4
[238] = CNOT 4 13
[239] = T 4
[240] = CNOT 4 10
[241] = CNOT 4 8
[242] = CNOT 8 10
[243] = CNOT 8 13
[244] = T 8
[245] = S 8
[246] = Z 8
[247] = CNOT 8 13
[248] = CNOT 8 10
[249] = CNOT 4 8
[250] = T 4
[251] = S 4
[252] = Z 4
[253] = CNOT 4 13
[254] = CNOT 4 8
[255] = CNOT 7 11
[256] = CNOT 7 14
[257] = T 7
[258] = Z 7
[259] = CNOT 7 14
[260] = CNOT 7 11
[261] = CNOT 1 4
[262] = CNOT 1 6
[263] = CNOT 1 8
[264] = CNOT 1 21
[265] = T 1
[266] = CNOT 1 21
[267] = CNOT 1 6
[268] = CNOT 5 7
[269] = CNOT 5 10
[270] = CNOT 5 11
[271] = CNOT 5 14
[272] = T 5
[273] = CNOT 5 10
[274] = CNOT 5 7
[275] = CNOT 7 10
[276] = CNOT 7 11
[277] = CNOT 7 14
[278] = T 7
[279] = CNOT 7 14
[280] = CNOT 7 11
[281] = CNOT 7 10
[282] = CNOT 5 7
[283] = T 5
[284] = CNOT 5 14
[285] = CNOT 1 7
[286] = CNOT 1 23
[287] = T 1
[288] = CNOT 1 23
[289] = CNOT 1 7
[290] = CNOT 6 8
[291] = CNOT 6 11
[292] = CNOT 6 22
[293] = T 6
[294] = CNOT 6 22
[295] = CNOT 6 11
[296] = CNOT 6 8
[297] = CNOT 1 6
[298] = CNOT 1 20
[299] = CNOT 1 21
[300] = T 1
[301] = CNOT 1 21
[302] = CNOT 1 20
[303] = CNOT 1 11
[304] = CNOT 1 8
[305] = CNOT 1 6
[306] = CNOT 1 4
[307] = CNOT 6 7
[308] = CNOT 6 10
[309] = CNOT 6 11
[310] = T 6
[311] = CNOT 6 11
[312] = CNOT 6 10
[313] = CNOT 6 7
[314] = CNOT 5 6
[315] = CNOT 5 10
[316] = T 5
[317] = CNOT 5 24
[318] = T 5
[319] = CNOT 5 6
[320] = CNOT 6 7
[321] = CNOT 6 10
[322] = CNOT 6 11
[323] = CNOT 6 24
[324] = T 6
[325] = CNOT 6 24
[326] = CNOT 6 11
[327] = CNOT 6 10
[328] = CNOT 6 7
[329] = T 5
[330] = CNOT 5 24
[331] = CNOT 5 11
[332] = CNOT 5 10
[333] = CNOT 5 7
[334] = CNOT 3 6
[335] = CNOT 3 8
[336] = CNOT 3 11
[337] = T 3
[338] = CNOT 3 11
[339] = CNOT 3 6
[340] = CNOT 4 11
[341] = CNOT 4 24
[342] = T 4
[343] = S 4
[344] = CNOT 4 24
[345] = CNOT 4 11
[346] = CNOT 11 24
[347] = T 11
[348] = CNOT 11 24
[349] = CNOT 2 7
[350] = CNOT 2 8
[351] = CNOT 2 11
[352] = CNOT 2 22
[353] = T 2
[354] = CNOT 2 22
[355] = CNOT 2 7
[356] = CNOT 3 4
[357] = CNOT 3 7
[358] = CNOT 3 11
[359] = T 3
[360] = CNOT 3 24
[361] = T 3
[362] = CNOT 3 8
[363] = T 2
[364] = S 2
[365] = Z 2
[366] = T 3
[367] = CNOT 3 24
[368] = CNOT 3 11
[369] = CNOT 3 7
[370] = CNOT 3 4
[371] = CNOT 2 4
[372] = CNOT 2 7
[373] = CNOT 2 9
[374] = T 2
[375] = CNOT 2 24
[376] = T 2
[377] = CNOT 2 9
[378] = CNOT 2 4
[379] = CNOT 4 7
[380] = CNOT 4 8
[381] = CNOT 4 9
[382] = CNOT 4 11
[383] = CNOT 4 24
[384] = T 4
[385] = CNOT 4 24
[386] = CNOT 4 11
[387] = CNOT 4 9
[388] = CNOT 4 8
[389] = CNOT 4 7
[390] = CNOT 2 4
[391] = T 2
[392] = CNOT 2 24
[393] = CNOT 2 11
[394] = CNOT 2 4
[395] = CNOT 4 6
[396] = CNOT 4 7
[397] = CNOT 4 8
[398] = CNOT 4 11
[399] = CNOT 4 20
[400] = T 4
[401] = CNOT 4 20
[402] = CNOT 4 11
[403] = CNOT 4 8
[404] = CNOT 4 7
[405] = CNOT 4 6
[406] = CNOT 1 7
[407] = CNOT 1 10
[408] = CNOT 1 11
[409] = T 1
[410] = CNOT 1 24
[411] = T 1
[412] = CNOT 1 24
[413] = CNOT 1 10
[414] = CNOT 1 7
[415] = CNOT 1 4
[416] = CNOT 1 8
[417] = CNOT 1 21
[418] = T 1
[419] = CNOT 1 21
[420] = CNOT 1 8
[421] = CNOT 1 4
[422] = CNOT 1 7
[423] = CNOT 1 24
[424] = T 1
[425] = CNOT 1 24
[426] = CNOT 1 11
[427] = CNOT 4 6
[428] = CNOT 4 7
[429] = CNOT 4 8
[430] = CNOT 4 11
[431] = CNOT 4 20
[432] = CNOT 4 21
[433] = T 4
[434] = CNOT 4 21
[435] = CNOT 4 20
[436] = CNOT 4 7
[437] = CNOT 4 23
[438] = T 4
[439] = CNOT 4 23
[440] = CNOT 4 11
[441] = CNOT 4 8
[442] = CNOT 4 6
[443] = CNOT 6 8
[444] = CNOT 6 11
[445] = CNOT 6 23
[446] = T 6
[447] = CNOT 6 23
[448] = CNOT 6 11
[449] = CNOT 6 8
[450] = CNOT 11 23
[451] = T 11
[452] = S 11
[453] = Z 11
[454] = CNOT 11 23
[455] = CNOT 3 4
[456] = CNOT 3 11
[457] = T 3
[458] = S 3
[459] = CNOT 3 7
[460] = CNOT 3 23
[461] = T 3
[462] = CNOT 3 7
[463] = CNOT 1 8
[464] = CNOT 1 9
[465] = CNOT 1 11
[466] = T 1
[467] = CNOT 1 11
[468] = CNOT 1 9
[469] = CNOT 1 8
[470] = CNOT 1 7
[471] = T 3
[472] = CNOT 3 23
[473] = CNOT 3 11
[474] = CNOT 3 4
[475] = CNOT 2 4
[476] = CNOT 2 6
[477] = CNOT 2 11
[478] = CNOT 2 21
[479] = T 2
[480] = CNOT 2 21
[481] = CNOT 2 6
[482] = CNOT 2 4
[483] = CNOT 2 23
[484] = T 2
[485] = CNOT 2 23
[486] = CNOT 2 11
[487] = CNOT 2 8
[488] = CNOT 2 7
[489] = S 1
[490] = Z 1
[491] = Z 2
[492] = S 3
[493] = Z 3
[494] = Z 5
[495] = Z 8
[496] = S 9
[497] = S 10
[498] = Z 10
[499] = S 13
[500] = S 14
[501] = Z 15
[502] = Z 16
[503] = Z 18
[504] = S 21
[505] = S 22
[506] = Z 22
[507] = CNOT 1 4
[508] = Z 1
[509] = CNOT 1 4
[510] = CNOT 1 6
[511] = S 1
[512] = CNOT 1 6
[513] = CNOT 1 7
[514] = S 1
[515] = Z 1
[516] = CNOT 1 7
[517] = CNOT 1 8
[518] = Z 1
[519] = CNOT 1 8
[520] = CNOT 1 9
[521] = Z 1
[522] = CNOT 1 9
[523] = CNOT 1 10
[524] = S 1
[525] = Z 1
[526] = CNOT 1 10
[527] = CNOT 1 11
[528] = S 1
[529] = CNOT 1 11
[530] = CNOT 1 12
[531] = Z 1
[532] = CNOT 1 12
[533] = CNOT 1 20
[534] = Z 1
[535] = CNOT 1 20
[536] = CNOT 1 21
[537] = Z 1
[538] = CNOT 1 21
[539] = CNOT 1 22
[540] = S 1
[541] = Z 1
[542] = CNOT 1 22
[543] = CNOT 1 23
[544] = S 1
[545] = CNOT 1 23
[546] = CNOT 1 24
[547] = S 1
[548] = Z 1
[549] = CNOT 1 24
[550] = CNOT 2 6
[551] = S 2
[552] = CNOT 2 6
[553] = CNOT 2 8
[554] = Z 2
[555] = CNOT 2 8
[556] = CNOT 2 9
[557] = S 2
[558] = CNOT 2 9
[559] = CNOT 2 10
[560] = Z 2
[561] = CNOT 2 10
[562] = CNOT 2 11
[563] = S 2
[564] = CNOT 2 11
[565] = CNOT 2 21
[566] = S 2
[567] = CNOT 2 21
[568] = CNOT 2 22
[569] = S 2
[570] = Z 2
[571] = CNOT 2 22
[572] = CNOT 2 23
[573] = S 2
[574] = Z 2
[575] = CNOT 2 23
[576] = CNOT 2 24
[577] = S 2
[578] = CNOT 2 24
[579] = CNOT 3 4
[580] = S 3
[581] = Z 3
[582] = CNOT 3 4
[583] = CNOT 3 6
[584] = S 3
[585] = Z 3
[586] = CNOT 3 6
[587] = CNOT 3 8
[588] = S 3
[589] = Z 3
[590] = CNOT 3 8
[591] = CNOT 3 9
[592] = Z 3
[593] = CNOT 3 9
[594] = CNOT 3 10
[595] = Z 3
[596] = CNOT 3 10
[597] = CNOT 3 11
[598] = S 3
[599] = CNOT 3 11
[600] = CNOT 3 12
[601] = Z 3
[602] = CNOT 3 12
[603] = CNOT 3 22
[604] = S 3
[605] = Z 3
[606] = CNOT 3 22
[607] = CNOT 3 23
[608] = S 3
[609] = Z 3
[610] = CNOT 3 23
[611] = CNOT 4 7
[612] = S 4
[613] = Z 4
[614] = CNOT 4 7
[615] = CNOT 4 8
[616] = Z 4
[617] = CNOT 4 8
[618] = CNOT 4 10
[619] = Z 4
[620] = CNOT 4 10
[621] = CNOT 4 11
[622] = Z 4
[623] = CNOT 4 11
[624] = CNOT 4 12
[625] = S 4
[626] = CNOT 4 12
[627] = CNOT 4 13
[628] = Z 4
[629] = CNOT 4 13
[630] = CNOT 4 21
[631] = S 4
[632] = CNOT 4 21
[633] = CNOT 4 23
[634] = S 4
[635] = CNOT 4 23
[636] = CNOT 4 24
[637] = S 4
[638] = CNOT 4 24
[639] = CNOT 5 9
[640] = Z 5
[641] = CNOT 5 9
[642] = CNOT 5 13
[643] = Z 5
[644] = CNOT 5 13
[645] = CNOT 5 14
[646] = S 5
[647] = Z 5
[648] = CNOT 5 14
[649] = CNOT 6 7
[650] = S 6
[651] = Z 6
[652] = CNOT 6 7
[653] = CNOT 6 8
[654] = S 6
[655] = Z 6
[656] = CNOT 6 8
[657] = CNOT 6 11
[658] = S 6
[659] = Z 6
[660] = CNOT 6 11
[661] = CNOT 6 20
[662] = Z 6
[663] = CNOT 6 20
[664] = CNOT 6 21
[665] = S 6
[666] = Z 6
[667] = CNOT 6 21
[668] = CNOT 6 22
[669] = S 6
[670] = Z 6
[671] = CNOT 6 22
[672] = CNOT 6 23
[673] = S 6
[674] = Z 6
[675] = CNOT 6 23
[676] = CNOT 7 9
[677] = S 7
[678] = CNOT 7 9
[679] = CNOT 7 11
[680] = Z 7
[681] = CNOT 7 11
[682] = CNOT 7 12
[683] = Z 7
[684] = CNOT 7 12
[685] = CNOT 7 14
[686] = Z 7
[687] = CNOT 7 14
[688] = CNOT 7 20
[689] = S 7
[690] = Z 7
[691] = CNOT 7 20
[692] = CNOT 7 21
[693] = S 7
[694] = Z 7
[695] = CNOT 7 21
[696] = CNOT 7 22
[697] = Z 7
[698] = CNOT 7 22
[699] = CNOT 7 23
[700] = S 7
[701] = CNOT 7 23
[702] = CNOT 7 24
[703] = Z 7
[704] = CNOT 7 24
[705] = CNOT 8 10
[706] = S 8
[707] = Z 8
[708] = CNOT 8 10
[709] = CNOT 8 12
[710] = Z 8
[711] = CNOT 8 12
[712] = CNOT 8 13
[713] = S 8
[714] = Z 8
[715] = CNOT 8 13
[716] = CNOT 8 21
[717] = S 8
[718] = CNOT 8 21
[719] = CNOT 8 22
[720] = Z 8
[721] = CNOT 8 22
[722] = CNOT 8 23
[723] = S 8
[724] = CNOT 8 23
[725] = CNOT 8 24
[726] = Z 8
[727] = CNOT 8 24
[728] = CNOT 9 11
[729] = S 9
[730] = Z 9
[731] = CNOT 9 11
[732] = CNOT 9 12
[733] = S 9
[734] = CNOT 9 12
[735] = CNOT 9 13
[736] = Z 9
[737] = CNOT 9 13
[738] = CNOT 9 23
[739] = S 9
[740] = CNOT 9 23
[741] = CNOT 9 24
[742] = S 9
[743] = CNOT 9 24
[744] = CNOT 10 11
[745] = Z 10
[746] = CNOT 10 11
[747] = CNOT 10 12
[748] = Z 10
[749] = CNOT 10 12
[750] = CNOT 10 13
[751] = Z 10
[752] = CNOT 10 13
[753] = CNOT 10 14
[754] = S 10
[755] = Z 10
[756] = CNOT 10 14
[757] = CNOT 11 12
[758] = Z 11
[759] = CNOT 11 12
[760] = CNOT 11 14
[761] = Z 11
[762] = CNOT 11 14
[763] = CNOT 11 16
[764] = S 11
[765] = CNOT 11 16
[766] = CNOT 11 21
[767] = S 11
[768] = CNOT 11 21
[769] = CNOT 11 22
[770] = S 11
[771] = CNOT 11 22
[772] = CNOT 12 17
[773] = S 12
[774] = CNOT 12 17
[775] = CNOT 13 18
[776] = S 13
[777] = CNOT 13 18
[778] = CNOT 14 19
[779] = S 14
[780] = CNOT 14 19
[781] = CNOT 15 18
[782] = S 15
[783] = CNOT 15 18
[784] = CNOT 15 24
[785] = Z 15
[786] = CNOT 16 18
[787] = S 16
[788] = CNOT 16 18
[789] = CNOT 16 19
[790] = Z 16
[791] = CNOT 16 19
[792] = CNOT 16 20
[793] = Z 16
[794] = CNOT 16 20
[795] = CNOT 16 22
[796] = S 16
[797] = Z 16
[798] = CNOT 17 19
[799] = S 17
[800] = CNOT 17 19
[801] = CNOT 17 21
[802] = S 17
[803] = CNOT 17 21
[804] = CNOT 17 23
[805] = Z 17
[806] = CNOT 18 19
[807] = S 18
[808] = CNOT 18 19
[809] = CNOT 18 22
[810] = S 18
[811] = Z 18
[812] = CNOT 18 22
[813] = CNOT 18 24
[814] = Z 18
[815] = CNOT 18 24
[816] = CNOT 19 20
[817] = Z 19
[818] = CNOT 19 20
[819] = CNOT 19 22
[820] = S 19
[821] = Z 19
[822] = CNOT 19 22
[823] = CNOT 19 23
[824] = Z 19
[825] = CNOT 19 23
[826] = CNOT 20 21
[827] = S 20
[828] = Z 20
[829] = CNOT 20 21
[830] = CNOT 1 4
[831] = CNOT 1 6
[832] = S 1
[833] = Z 1
[834] = CNOT 1 6
[835] = CNOT 1 7
[836] = S 1
[837] = CNOT 1 7
[838] = CNOT 1 8
[839] = S 1
[840] = Z 1
[841] = CNOT 1 8
[842] = CNOT 1 9
[843] = S 1
[844] = Z 1
[845] = CNOT 1 9
[846] = CNOT 1 11
[847] = S 1
[848] = Z 1
[849] = CNOT 1 11
[850] = CNOT 1 12
[851] = S 1
[852] = Z 1
[853] = CNOT 1 12
[854] = CNOT 1 20
[855] = Z 1
[856] = CNOT 1 20
[857] = CNOT 1 21
[858] = Z 1
[859] = CNOT 1 21
[860] = CNOT 1 23
[861] = S 1
[862] = Z 1
[863] = CNOT 1 23
[864] = CNOT 1 4
[865] = CNOT 1 6
[866] = CNOT 1 8
[867] = S 1
[868] = Z 1
[869] = CNOT 1 8
[870] = CNOT 1 11
[871] = S 1
[872] = Z 1
[873] = CNOT 1 11
[874] = CNOT 1 21
[875] = S 1
[876] = Z 1
[877] = CNOT 1 21
[878] = CNOT 1 6
[879] = CNOT 1 7
[880] = CNOT 1 8
[881] = S 1
[882] = Z 1
[883] = CNOT 1 8
[884] = CNOT 1 9
[885] = Z 1
[886] = CNOT 1 9
[887] = CNOT 1 10
[888] = S 1
[889] = Z 1
[890] = CNOT 1 10
[891] = CNOT 1 11
[892] = S 1
[893] = CNOT 1 11
[894] = CNOT 1 12
[895] = Z 1
[896] = CNOT 1 12
[897] = CNOT 1 20
[898] = S 1
[899] = Z 1
[900] = CNOT 1 20
[901] = CNOT 1 22
[902] = S 1
[903] = Z 1
[904] = CNOT 1 22
[905] = CNOT 1 23
[906] = S 1
[907] = Z 1
[908] = CNOT 1 23
[909] = CNOT 1 24
[910] = S 1
[911] = Z 1
[912] = CNOT 1 24
[913] = CNOT 1 7
[914] = CNOT 1 8
[915] = CNOT 1 9
[916] = Z 1
[917] = CNOT 1 9
[918] = CNOT 1 11
[919] = S 1
[920] = CNOT 1 11
[921] = CNOT 1 12
[922] = Z 1
[923] = CNOT 1 12
[924] = CNOT 1 20
[925] = Z 1
[926] = CNOT 1 20
[927] = CNOT 1 21
[928] = Z 1
[929] = CNOT 1 21
[930] = CNOT 1 23
[931] = S 1
[932] = Z 1
[933] = CNOT 1 23
[934] = CNOT 1 8
[935] = CNOT 1 9
[936] = CNOT 1 11
[937] = Z 1
[938] = CNOT 1 11
[939] = CNOT 1 12
[940] = S 1
[941] = Z 1
[942] = CNOT 1 12
[943] = CNOT 1 9
[944] = CNOT 1 10
[945] = CNOT 1 11
[946] = S 1
[947] = Z 1
[948] = CNOT 1 10
[949] = CNOT 1 12
[950] = Z 1
[951] = CNOT 1 12
[952] = CNOT 1 20
[953] = Z 1
[954] = CNOT 1 20
[955] = CNOT 1 21
[956] = Z 1
[957] = CNOT 1 21
[958] = CNOT 1 22
[959] = S 1
[960] = Z 1
[961] = CNOT 1 22
[962] = CNOT 1 23
[963] = S 1
[964] = Z 1
[965] = CNOT 1 23
[966] = CNOT 1 24
[967] = S 1
[968] = Z 1
[969] = CNOT 1 24
[970] = CNOT 1 11
[971] = CNOT 1 20
[972] = CNOT 1 21
[973] = S 1
[974] = Z 1
[975] = CNOT 1 21
[976] = CNOT 1 20
[977] = CNOT 2 4
[978] = CNOT 2 6
[979] = S 2
[980] = Z 2
[981] = CNOT 2 6
[982] = CNOT 2 7
[983] = S 2
[984] = CNOT 2 7
[985] = CNOT 2 8
[986] = S 2
[987] = CNOT 2 8
[988] = CNOT 2 9
[989] = S 2
[990] = Z 2
[991] = CNOT 2 9
[992] = CNOT 2 11
[993] = S 2
[994] = CNOT 2 11
[995] = CNOT 2 21
[996] = S 2
[997] = Z 2
[998] = CNOT 2 21
[999] = CNOT 2 24
[1000] = S 2
[1001] = Z 2
[1002] = CNOT 2 24
[1003] = CNOT 2 4
[1004] = CNOT 2 6
[1005] = CNOT 2 7
[1006] = S 2
[1007] = Z 2
[1008] = CNOT 2 7
[1009] = CNOT 2 8
[1010] = S 2
[1011] = Z 2
[1012] = CNOT 2 8
[1013] = CNOT 2 11
[1014] = S 2
[1015] = Z 2
[1016] = CNOT 2 11
[1017] = CNOT 2 6
[1018] = CNOT 2 7
[1019] = CNOT 2 9
[1020] = S 2
[1021] = Z 2
[1022] = CNOT 2 9
[1023] = CNOT 2 11
[1024] = S 2
[1025] = Z 2
[1026] = CNOT 2 11
[1027] = CNOT 2 21
[1028] = S 2
[1029] = Z 2
[1030] = CNOT 2 21
[1031] = CNOT 2 23
[1032] = S 2
[1033] = Z 2
[1034] = CNOT 2 23
[1035] = CNOT 2 24
[1036] = S 2
[1037] = Z 2
[1038] = CNOT 2 24
[1039] = CNOT 2 7
[1040] = CNOT 2 8
[1041] = CNOT 2 9
[1042] = S 2
[1043] = Z 2
[1044] = CNOT 2 9
[1045] = CNOT 2 21
[1046] = S 2
[1047] = Z 2
[1048] = CNOT 2 21
[1049] = CNOT 2 22
[1050] = S 2
[1051] = Z 2
[1052] = CNOT 2 22
[1053] = CNOT 2 24
[1054] = S 2
[1055] = Z 2
[1056] = CNOT 2 24
[1057] = CNOT 2 8
[1058] = CNOT 2 9
[1059] = CNOT 2 11
[1060] = S 2
[1061] = Z 2
[1062] = CNOT 2 9
[1063] = CNOT 2 21
[1064] = S 2
[1065] = Z 2
[1066] = CNOT 2 21
[1067] = CNOT 2 22
[1068] = S 2
[1069] = Z 2
[1070] = CNOT 2 22
[1071] = CNOT 2 23
[1072] = S 2
[1073] = Z 2
[1074] = CNOT 2 23
[1075] = CNOT 2 24
[1076] = S 2
[1077] = Z 2
[1078] = CNOT 2 24
[1079] = CNOT 2 11
[1080] = CNOT 3 4
[1081] = CNOT 3 7
[1082] = Z 3
[1083] = CNOT 3 7
[1084] = CNOT 3 8
[1085] = S 3
[1086] = Z 3
[1087] = CNOT 3 8
[1088] = CNOT 3 23
[1089] = S 3
[1090] = Z 3
[1091] = CNOT 3 23
[1092] = CNOT 3 24
[1093] = S 3
[1094] = Z 3
[1095] = CNOT 3 24
[1096] = CNOT 3 4
[1097] = CNOT 3 6
[1098] = CNOT 3 8
[1099] = S 3
[1100] = Z 3
[1101] = CNOT 3 8
[1102] = CNOT 3 11
[1103] = S 3
[1104] = Z 3
[1105] = CNOT 3 11
[1106] = CNOT 3 6
[1107] = CNOT 3 7
[1108] = CNOT 3 8
[1109] = S 3
[1110] = Z 3
[1111] = CNOT 3 8
[1112] = CNOT 3 11
[1113] = Z 3
[1114] = CNOT 3 11
[1115] = CNOT 3 24
[1116] = S 3
[1117] = Z 3
[1118] = CNOT 3 24
[1119] = CNOT 3 7
[1120] = CNOT 3 8
[1121] = CNOT 3 11
[1122] = S 3
[1123] = CNOT 3 11
[1124] = CNOT 3 22
[1125] = S 3
[1126] = Z 3
[1127] = CNOT 3 8
[1128] = CNOT 3 11
[1129] = S 3
[1130] = Z 3
[1131] = CNOT 3 22
[1132] = CNOT 3 23
[1133] = S 3
[1134] = Z 3
[1135] = CNOT 3 23
[1136] = CNOT 3 24
[1137] = S 3
[1138] = Z 3
[1139] = CNOT 3 24
[1140] = CNOT 3 11
[1141] = CNOT 4 6
[1142] = CNOT 4 7
[1143] = Z 4
[1144] = CNOT 4 7
[1145] = CNOT 4 20
[1146] = Z 4
[1147] = CNOT 4 20
[1148] = CNOT 4 21
[1149] = Z 4
[1150] = CNOT 4 21
[1151] = CNOT 4 6
[1152] = CNOT 4 7
[1153] = CNOT 4 8
[1154] = S 4
[1155] = Z 4
[1156] = CNOT 4 8
[1157] = CNOT 4 9
[1158] = S 4
[1159] = CNOT 4 9
[1160] = CNOT 4 11
[1161] = Z 4
[1162] = CNOT 4 11
[1163] = CNOT 4 12
[1164] = S 4
[1165] = Z 4
[1166] = CNOT 4 12
[1167] = CNOT 4 20
[1168] = Z 4
[1169] = CNOT 4 20
[1170] = CNOT 4 21
[1171] = Z 4
[1172] = CNOT 4 21
[1173] = CNOT 4 23
[1174] = Z 4
[1175] = CNOT 4 23
[1176] = CNOT 4 24
[1177] = Z 4
[1178] = CNOT 4 24
[1179] = CNOT 4 7
[1180] = CNOT 4 8
[1181] = CNOT 4 9
[1182] = S 4
[1183] = CNOT 4 9
[1184] = CNOT 4 12
[1185] = S 4
[1186] = Z 4
[1187] = CNOT 4 12
[1188] = CNOT 4 23
[1189] = Z 4
[1190] = CNOT 4 23
[1191] = CNOT 4 24
[1192] = Z 4
[1193] = CNOT 4 24
[1194] = CNOT 4 8
[1195] = CNOT 4 9
[1196] = CNOT 4 11
[1197] = S 4
[1198] = CNOT 4 11
[1199] = CNOT 4 23
[1200] = S 4
[1201] = Z 4
[1202] = CNOT 4 23
[1203] = CNOT 4 24
[1204] = S 4
[1205] = Z 4
[1206] = CNOT 4 24
[1207] = CNOT 4 9
[1208] = CNOT 4 11
[1209] = CNOT 4 12
[1210] = S 4
[1211] = Z 4
[1212] = CNOT 4 12
[1213] = CNOT 4 23
[1214] = S 4
[1215] = CNOT 4 23
[1216] = CNOT 4 11
[1217] = CNOT 4 20
[1218] = CNOT 4 21
[1219] = Z 4
[1220] = CNOT 4 21
[1221] = CNOT 4 20
[1222] = CNOT 5 6
[1223] = CNOT 5 7
[1224] = S 5
[1225] = Z 5
[1226] = CNOT 5 7
[1227] = CNOT 5 10
[1228] = S 5
[1229] = Z 5
[1230] = CNOT 5 10
[1231] = CNOT 5 11
[1232] = S 5
[1233] = Z 5
[1234] = CNOT 5 11
[1235] = CNOT 5 6
[1236] = CNOT 5 7
[1237] = CNOT 5 10
[1238] = Z 5
[1239] = CNOT 5 10
[1240] = CNOT 5 11
[1241] = Z 5
[1242] = CNOT 5 11
[1243] = CNOT 5 14
[1244] = S 5
[1245] = Z 5
[1246] = CNOT 5 14
[1247] = CNOT 5 24
[1248] = S 5
[1249] = Z 5
[1250] = CNOT 5 24
[1251] = CNOT 5 7
[1252] = CNOT 5 10
[1253] = CNOT 5 11
[1254] = Z 5
[1255] = CNOT 5 11
[1256] = CNOT 5 24
[1257] = S 5
[1258] = Z 5
[1259] = CNOT 5 24
[1260] = CNOT 5 10
[1261] = CNOT 5 11
[1262] = CNOT 5 14
[1263] = S 5
[1264] = Z 5
[1265] = CNOT 5 14
[1266] = CNOT 5 24
[1267] = S 5
[1268] = Z 5
[1269] = CNOT 5 24
[1270] = CNOT 5 11
[1271] = CNOT 6 7
[1272] = CNOT 6 8
[1273] = Z 6
[1274] = CNOT 6 8
[1275] = CNOT 6 10
[1276] = Z 6
[1277] = CNOT 6 10
[1278] = CNOT 6 20
[1279] = S 6
[1280] = Z 6
[1281] = CNOT 6 20
[1282] = CNOT 6 21
[1283] = S 6
[1284] = Z 6
[1285] = CNOT 6 21
[1286] = CNOT 6 24
[1287] = S 6
[1288] = Z 6
[1289] = CNOT 6 24
[1290] = CNOT 6 7
[1291] = CNOT 6 8
[1292] = CNOT 6 11
[1293] = Z 6
[1294] = CNOT 6 11
[1295] = CNOT 6 20
[1296] = Z 6
[1297] = CNOT 6 20
[1298] = CNOT 6 21
[1299] = Z 6
[1300] = CNOT 6 21
[1301] = CNOT 6 22
[1302] = S 6
[1303] = Z 6
[1304] = CNOT 6 22
[1305] = CNOT 6 23
[1306] = S 6
[1307] = Z 6
[1308] = CNOT 6 23
[1309] = CNOT 6 8
[1310] = CNOT 6 10
[1311] = CNOT 6 11
[1312] = Z 6
[1313] = CNOT 6 11
[1314] = CNOT 6 24
[1315] = S 6
[1316] = Z 6
[1317] = CNOT 6 24
[1318] = CNOT 6 10
[1319] = CNOT 6 11
[1320] = CNOT 6 20
[1321] = Z 6
[1322] = CNOT 6 20
[1323] = CNOT 6 21
[1324] = Z 6
[1325] = CNOT 6 21
[1326] = CNOT 6 22
[1327] = S 6
[1328] = Z 6
[1329] = CNOT 6 22
[1330] = CNOT 6 23
[1331] = S 6
[1332] = Z 6
[1333] = CNOT 6 23
[1334] = CNOT 6 24
[1335] = S 6
[1336] = Z 6
[1337] = CNOT 6 24
[1338] = CNOT 6 11
[1339] = CNOT 6 20
[1340] = CNOT 6 21
[1341] = S 6
[1342] = Z 6
[1343] = CNOT 6 21
[1344] = CNOT 6 20
[1345] = CNOT 7 8
[1346] = CNOT 7 12
[1347] = Z 7
[1348] = CNOT 7 12
[1349] = CNOT 7 20
[1350] = Z 7
[1351] = CNOT 7 20
[1352] = CNOT 7 21
[1353] = Z 7
[1354] = CNOT 7 21
[1355] = CNOT 7 22
[1356] = S 7
[1357] = Z 7
[1358] = CNOT 7 22
[1359] = CNOT 7 23
[1360] = Z 7
[1361] = CNOT 7 23
[1362] = CNOT 7 24
[1363] = Z 7
[1364] = CNOT 7 24
[1365] = CNOT 7 8
[1366] = CNOT 7 9
[1367] = CNOT 7 12
[1368] = S 7
[1369] = Z 7
[1370] = CNOT 7 12
[1371] = CNOT 7 23
[1372] = S 7
[1373] = Z 7
[1374] = CNOT 7 23
[1375] = CNOT 7 24
[1376] = S 7
[1377] = Z 7
[1378] = CNOT 7 24
[1379] = CNOT 7 9
[1380] = CNOT 7 10
[1381] = CNOT 7 11
[1382] = S 7
[1383] = Z 7
[1384] = CNOT 7 11
[1385] = CNOT 7 14
[1386] = S 7
[1387] = Z 7
[1388] = CNOT 7 14
[1389] = CNOT 7 24
[1390] = Z 7
[1391] = CNOT 7 24
[1392] = CNOT 7 10
[1393] = CNOT 7 11
[1394] = CNOT 7 12
[1395] = Z 7
[1396] = CNOT 7 12
[1397] = CNOT 7 20
[1398] = Z 7
[1399] = CNOT 7 20
[1400] = CNOT 7 21
[1401] = Z 7
[1402] = CNOT 7 21
[1403] = CNOT 7 23
[1404] = S 7
[1405] = CNOT 7 23
[1406] = CNOT 7 24
[1407] = S 7
[1408] = Z 7
[1409] = CNOT 7 24
[1410] = CNOT 7 11
[1411] = CNOT 7 20
[1412] = CNOT 7 21
[1413] = S 7
[1414] = Z 7
[1415] = CNOT 7 21
[1416] = CNOT 7 20
[1417] = CNOT 8 9
[1418] = CNOT 8 12
[1419] = S 8
[1420] = Z 8
[1421] = CNOT 8 12
[1422] = CNOT 8 23
[1423] = S 8
[1424] = Z 8
[1425] = CNOT 8 23
[1426] = CNOT 8 24
[1427] = S 8
[1428] = Z 8
[1429] = CNOT 8 24
[1430] = CNOT 8 9
[1431] = CNOT 8 11
[1432] = CNOT 8 12
[1433] = Z 8
[1434] = CNOT 8 12
[1435] = CNOT 8 22
[1436] = S 8
[1437] = CNOT 8 22
[1438] = CNOT 8 23
[1439] = S 8
[1440] = CNOT 8 23
[1441] = CNOT 8 24
[1442] = Z 8
[1443] = CNOT 8 24
[1444] = CNOT 8 11
[1445] = CNOT 8 20
[1446] = CNOT 8 21
[1447] = Z 8
[1448] = CNOT 8 21
[1449] = CNOT 8 20
[1450] = CNOT 9 11
[1451] = CNOT 9 12
[1452] = S 9
[1453] = Z 9
[1454] = CNOT 9 12
[1455] = CNOT 9 23
[1456] = S 9
[1457] = Z 9
[1458] = CNOT 9 23
[1459] = CNOT 9 24
[1460] = S 9
[1461] = Z 9
[1462] = CNOT 9 24
[1463] = CNOT 9 11
[1464] = CNOT 10 11
[1465] = CNOT 10 14
[1466] = S 10
[1467] = Z 10
[1468] = CNOT 10 14
[1469] = CNOT 10 24
[1470] = Z 10
[1471] = CNOT 10 24
[1472] = CNOT 10 11
[1473] = CNOT 11 20
[1474] = CNOT 11 21
[1475] = Z 11
[1476] = CNOT 11 21
[1477] = CNOT 15 18
[1478] = S 15
[1479] = Z 15
[1480] = CNOT 15 18
[1481] = CNOT 16 18
[1482] = S 16
[1483] = Z 16
[1484] = CNOT 16 22
[1485] = CNOT 16 18
[1486] = CNOT 16 19
[1487] = CNOT 16 20
[1488] = S 16
[1489] = Z 16
[1490] = CNOT 16 20
[1491] = CNOT 16 22
[1492] = S 16
[1493] = Z 16
[1494] = CNOT 16 22
[1495] = CNOT 16 19
[1496] = CNOT 17 19
[1497] = S 17
[1498] = Z 17
[1499] = CNOT 17 23
[1500] = CNOT 17 19
[1501] = CNOT 18 19
[1502] = CNOT 18 22
[1503] = S 18
[1504] = Z 18
[1505] = CNOT 18 19
[1506] = CNOT 19 23
[1507] = CNOT 16 23
[1508] = CNOT 14 23
[1509] = CNOT 15 22
[1510] = CNOT 13 22
[1511] = CNOT 19 21
[1512] = CNOT 17 21
[1513] = CNOT 16 21
[1514] = CNOT 12 21
[1515] = CNOT 18 20
[1516] = CNOT 16 20
[1517] = CNOT 15 20
[1518] = CNOT 23 19
[1519] = CNOT 16 19
[1520] = CNOT 19 23
[1521] = CNOT 22 18
[1522] = CNOT 15 18
[1523] = CNOT 18 22
[1524] = CNOT 23 17
[1525] = CNOT 21 17
[1526] = CNOT 17 21
[1527] = CNOT 22 16
[1528] = CNOT 20 16
[1529] = CNOT 16 20
[1530] = CNOT 24 15
[1531] = CNOT 15 24
[1532] = CNOT 19 14
[1533] = CNOT 14 19
[1534] = CNOT 18 13
[1535] = CNOT 13 18
[1536] = CNOT 17 12
[1537] = CNOT 12 17
[1538] = CNOT 16 11
[1539] = CNOT 11 16
[1540] = H 16
[1541] = M 16
[1542] = H 17
[1543] = M 17
[1544] = H 18
[1545] = M 18
[1546] = H 19
[1547] = M 19
[1548] = H 20
[1549] = M 20
[1550] = H 21
[1551] = M 21
[1552] = H 22
[1553] = M 22
[1554] = H 23
[1555] = M 23
[1556] = H 24
[1557] = M 24
[1558] = H 15
[1559] = H 14
[1560] = H 13
[1561] = H 12
[1562] = H 11
Gate distributions:
Input:
Operator distribution:
Total number of qubits = 15
Number of `data' qubits = 15
Number of `Toff_n' ancillas = 0
Number of Hadamard ancillas = 0
Hadamard ancilla cap = infinite
Number of {CNOT,T} partitions = 1
T count = 175
Cost estimation = 87522
	id	Count
	0	0
	1	0
	2	0
	3	18
	4	4
	5	0
	6	0
	7	0
	8	0
	9	0
	10	25
	11	0
	12	0
	13	0
	14	0
	15	0
	16	0
	17	0
	18	0
Output:
Operator distribution:
Total number of qubits = 24
Number of `data' qubits = 15
Number of `Toff_n' ancillas = 0
Number of Hadamard ancillas = 9
Hadamard ancilla cap = infinite
Number of {CNOT,T} partitions = 1
T count = 85
Cost estimation = 43982.5
	id	Count
	0	0
	1	0
	2	0
	3	27
	4	997
	5	85
	6	0
	7	0
	8	0
	9	0
	10	0
	11	199
	12	0
	13	246
	14	0
	15	0
	16	0
	17	0
	18	9
Output T Count (SQC_Circuit) = 85
Output T Count (PhasePolynomial) = 85
Fail count = 0

Execution time: 27.371s
Number of LCL errors: 0
Number of LCL warnings: 0
