Optimize a Clifford + T circuit.
Input filename = /home/ryo-mtmt/TOpt/forme/tpar_benchmark/gf2^7_mult.tfc
Number of unknown gates = 0
Number of unknown qubit labels = 0
Circuit filename: /home/ryo-mtmt/TOpt/forme/tpar_benchmark/gf2^7_mult.tfc

n 21
n_x 21
n_y 0
n_z 0
m 101
[0] = H 15
[1] = H 16
[2] = H 17
[3] = H 18
[4] = H 19
[5] = H 20
[6] = CCZ 7 9 15
[7] = CCZ 6 10 15
[8] = CCZ 5 11 15
[9] = CCZ 4 12 15
[10] = CCZ 3 13 15
[11] = CCZ 2 14 15
[12] = CCZ 7 10 16
[13] = CCZ 6 11 16
[14] = CCZ 5 12 16
[15] = CCZ 4 13 16
[16] = CCZ 3 14 16
[17] = CCZ 7 11 17
[18] = CCZ 6 12 17
[19] = CCZ 5 13 17
[20] = CCZ 4 14 17
[21] = CCZ 7 12 18
[22] = CCZ 6 13 18
[23] = CCZ 5 14 18
[24] = CCZ 7 13 19
[25] = CCZ 6 14 19
[26] = CCZ 7 14 20
[27] = H 15
[28] = H 16
[29] = H 17
[30] = H 18
[31] = H 19
[32] = H 20
[33] = CNOT 21 20
[34] = CNOT 20 19
[35] = CNOT 19 18
[36] = CNOT 18 17
[37] = CNOT 17 16
[38] = CNOT 16 15
[39] = H 15
[40] = H 16
[41] = H 17
[42] = H 18
[43] = H 19
[44] = H 20
[45] = H 21
[46] = CCZ 7 8 21
[47] = CCZ 6 9 21
[48] = CCZ 5 10 21
[49] = CCZ 4 11 21
[50] = CCZ 3 12 21
[51] = CCZ 2 13 21
[52] = CCZ 1 14 21
[53] = CCZ 6 8 20
[54] = CCZ 5 9 20
[55] = CCZ 4 10 20
[56] = CCZ 3 11 20
[57] = CCZ 2 12 20
[58] = CCZ 1 13 20
[59] = CCZ 5 8 19
[60] = CCZ 4 9 19
[61] = CCZ 3 10 19
[62] = CCZ 2 11 19
[63] = CCZ 1 12 19
[64] = CCZ 4 8 18
[65] = CCZ 3 9 18
[66] = CCZ 2 10 18
[67] = CCZ 1 11 18
[68] = CCZ 3 8 17
[69] = CCZ 2 9 17
[70] = CCZ 1 10 17
[71] = CCZ 2 8 16
[72] = CCZ 1 9 16
[73] = CCZ 1 8 15
[74] = H 15
[75] = H 16
[76] = H 17
[77] = H 18
[78] = H 19
[79] = H 20
[80] = H 21

Algorithm used: todd

UniversalOptimize begin.
	Gate synthesis begin.

in LempelX3 (Hamming Distance Version)
		Round = 0 | Current Columns: 217
  [HIT] Reduced to m = 213 using Dist = 1
		Round = 1 | Current Columns: 213
  [HIT] Reduced to m = 205 using Dist = 1
		Round = 2 | Current Columns: 205
  [HIT] Reduced to m = 200 using Dist = 1
		Round = 3 | Current Columns: 200
  [HIT] Reduced to m = 198 using Dist = 1
		Round = 4 | Current Columns: 198
  [HIT] Reduced to m = 196 using Dist = 1
		Round = 5 | Current Columns: 196
  [HIT] Reduced to m = 192 using Dist = 1
		Round = 6 | Current Columns: 192
  [HIT] Reduced to m = 187 using Dist = 1
		Round = 7 | Current Columns: 187
  [HIT] Reduced to m = 183 using Dist = 1
		Round = 8 | Current Columns: 183
  [HIT] Reduced to m = 181 using Dist = 1
		Round = 9 | Current Columns: 181
  [HIT] Reduced to m = 179 using Dist = 1
		Round = 10 | Current Columns: 179
  [HIT] Reduced to m = 177 using Dist = 1
		Round = 11 | Current Columns: 177
  [HIT] Reduced to m = 175 using Dist = 1
		Round = 12 | Current Columns: 175
  [HIT] Reduced to m = 173 using Dist = 1
		Round = 13 | Current Columns: 173
  [HIT] Reduced to m = 171 using Dist = 1
		Round = 14 | Current Columns: 171
  [HIT] Reduced to m = 169 using Dist = 7
		Round = 15 | Current Columns: 169
Total LempelX2 (Hamming) time: 1933802 ms
Final Nullspace total time: 1507026 ms
		TODD executed in 1930.56 seconds.
		Total time: 1930.56s
	Gate synthesis end.
	Total time: 1931.8s
UniversalOptimize end.
Output circuit:
n 34
n_x 21
n_y 0
n_z 13
m 3201
[0] = H 15
[1] = H 16
[2] = H 17
[3] = H 18
[4] = H 19
[5] = H 20
[6] = H 22
[7] = H 23
[8] = H 24
[9] = H 25
[10] = H 26
[11] = H 27
[12] = H 28
[13] = H 29
[14] = H 30
[15] = H 31
[16] = H 32
[17] = H 33
[18] = H 34
[19] = CNOT 1 2
[20] = CNOT 1 12
[21] = CNOT 1 13
[22] = CNOT 1 32
[23] = T 1
[24] = CNOT 1 32
[25] = CNOT 1 13
[26] = CNOT 1 12
[27] = CNOT 1 28
[28] = CNOT 1 30
[29] = T 1
[30] = CNOT 1 30
[31] = CNOT 1 28
[32] = CNOT 1 2
[33] = CNOT 1 6
[34] = CNOT 1 7
[35] = CNOT 1 9
[36] = T 1
[37] = CNOT 1 15
[38] = T 1
[39] = CNOT 1 7
[40] = T 1
[41] = CNOT 1 9
[42] = T 1
[43] = CNOT 1 15
[44] = CNOT 2 13
[45] = CNOT 2 16
[46] = CNOT 2 29
[47] = T 2
[48] = CNOT 2 9
[49] = T 2
[50] = CNOT 2 29
[51] = CNOT 2 16
[52] = CNOT 2 13
[53] = CNOT 2 9
[54] = CNOT 1 2
[55] = CNOT 1 10
[56] = CNOT 1 33
[57] = T 1
[58] = CNOT 1 15
[59] = T 1
[60] = CNOT 1 6
[61] = T 1
[62] = CNOT 1 10
[63] = CNOT 1 6
[64] = T 1
[65] = CNOT 1 33
[66] = CNOT 1 15
[67] = CNOT 1 6
[68] = CNOT 1 9
[69] = CNOT 1 13
[70] = CNOT 1 16
[71] = CNOT 1 29
[72] = T 1
[73] = CNOT 1 29
[74] = CNOT 1 16
[75] = CNOT 1 9
[76] = CNOT 1 2
[77] = CNOT 2 9
[78] = CNOT 2 13
[79] = CNOT 2 16
[80] = T 2
[81] = CNOT 2 16
[82] = CNOT 2 13
[83] = CNOT 2 9
[84] = CNOT 1 2
[85] = CNOT 1 5
[86] = CNOT 1 11
[87] = CNOT 1 33
[88] = T 1
[89] = CNOT 1 13
[90] = CNOT 1 15
[91] = T 1
[92] = CNOT 1 5
[93] = T 1
[94] = CNOT 1 11
[95] = CNOT 1 5
[96] = T 1
[97] = CNOT 1 33
[98] = CNOT 1 15
[99] = CNOT 1 5
[100] = CNOT 1 4
[101] = CNOT 1 8
[102] = CNOT 1 13
[103] = CNOT 1 16
[104] = CNOT 1 31
[105] = T 1
[106] = CNOT 1 31
[107] = CNOT 1 13
[108] = CNOT 1 8
[109] = CNOT 1 2
[110] = CNOT 2 10
[111] = CNOT 2 16
[112] = CNOT 2 31
[113] = T 2
[114] = CNOT 2 31
[115] = T 2
[116] = S 2
[117] = CNOT 2 16
[118] = CNOT 2 10
[119] = CNOT 1 2
[120] = CNOT 1 12
[121] = CNOT 1 15
[122] = T 1
[123] = CNOT 1 4
[124] = T 1
[125] = CNOT 1 12
[126] = T 1
[127] = CNOT 1 16
[128] = CNOT 1 15
[129] = CNOT 1 2
[130] = CNOT 2 11
[131] = CNOT 2 16
[132] = CNOT 2 31
[133] = T 2
[134] = CNOT 2 31
[135] = CNOT 2 16
[136] = CNOT 2 11
[137] = CNOT 2 10
[138] = CNOT 2 30
[139] = T 2
[140] = S 2
[141] = Z 2
[142] = CNOT 2 30
[143] = CNOT 2 10
[144] = CNOT 1 2
[145] = CNOT 1 10
[146] = CNOT 1 30
[147] = T 1
[148] = CNOT 1 30
[149] = CNOT 1 10
[150] = CNOT 1 3
[151] = CNOT 1 4
[152] = CNOT 1 13
[153] = CNOT 1 15
[154] = CNOT 1 16
[155] = T 1
[156] = CNOT 1 3
[157] = T 1
[158] = CNOT 1 13
[159] = CNOT 1 3
[160] = T 1
[161] = CNOT 1 16
[162] = CNOT 1 15
[163] = CNOT 1 4
[164] = CNOT 1 3
[165] = CNOT 1 12
[166] = CNOT 1 13
[167] = T 1
[168] = CNOT 1 13
[169] = CNOT 1 12
[170] = CNOT 1 2
[171] = CNOT 2 8
[172] = CNOT 2 28
[173] = CNOT 2 30
[174] = T 2
[175] = CNOT 2 30
[176] = CNOT 2 28
[177] = CNOT 2 8
[178] = CNOT 1 6
[179] = CNOT 1 7
[180] = CNOT 1 14
[181] = T 1
[182] = CNOT 1 2
[183] = CNOT 1 15
[184] = T 1
[185] = CNOT 1 2
[186] = T 1
[187] = CNOT 1 14
[188] = CNOT 1 2
[189] = T 1
[190] = CNOT 1 15
[191] = CNOT 1 6
[192] = CNOT 1 2
[193] = CNOT 2 10
[194] = T 2
[195] = Z 2
[196] = CNOT 2 10
[197] = CNOT 1 2
[198] = CNOT 1 10
[199] = T 1
[200] = CNOT 1 16
[201] = T 1
[202] = CNOT 1 10
[203] = CNOT 1 7
[204] = CNOT 10 16
[205] = T 10
[206] = CNOT 10 16
[207] = T 2
[208] = CNOT 1 3
[209] = CNOT 1 9
[210] = CNOT 1 13
[211] = CNOT 1 31
[212] = T 1
[213] = CNOT 1 31
[214] = CNOT 1 16
[215] = CNOT 1 9
[216] = CNOT 1 3
[217] = CNOT 1 6
[218] = CNOT 1 11
[219] = T 1
[220] = CNOT 1 11
[221] = CNOT 1 6
[222] = CNOT 1 4
[223] = T 1
[224] = CNOT 1 4
[225] = CNOT 1 3
[226] = CNOT 1 9
[227] = CNOT 1 16
[228] = T 1
[229] = CNOT 1 13
[230] = CNOT 1 9
[231] = CNOT 1 3
[232] = CNOT 1 7
[233] = CNOT 1 12
[234] = CNOT 1 17
[235] = CNOT 1 18
[236] = T 1
[237] = CNOT 1 18
[238] = CNOT 1 17
[239] = CNOT 1 7
[240] = CNOT 1 5
[241] = CNOT 1 11
[242] = CNOT 1 13
[243] = T 1
[244] = CNOT 1 5
[245] = T 1
[246] = CNOT 1 12
[247] = CNOT 1 11
[248] = CNOT 1 4
[249] = CNOT 1 31
[250] = T 1
[251] = CNOT 1 31
[252] = CNOT 1 16
[253] = CNOT 1 3
[254] = T 1
[255] = CNOT 1 4
[256] = CNOT 1 16
[257] = CNOT 1 31
[258] = T 1
[259] = CNOT 1 3
[260] = CNOT 1 9
[261] = T 1
[262] = CNOT 1 31
[263] = CNOT 1 9
[264] = CNOT 1 4
[265] = CNOT 1 8
[266] = T 1
[267] = CNOT 1 16
[268] = CNOT 1 13
[269] = CNOT 1 8
[270] = CNOT 1 3
[271] = CNOT 1 14
[272] = T 1
[273] = CNOT 1 16
[274] = T 1
[275] = CNOT 1 16
[276] = CNOT 1 3
[277] = T 1
[278] = CNOT 1 14
[279] = CNOT 1 4
[280] = CNOT 1 2
[281] = CNOT 1 30
[282] = T 1
[283] = S 1
[284] = Z 1
[285] = CNOT 1 30
[286] = CNOT 1 2
[287] = CNOT 1 11
[288] = CNOT 1 16
[289] = CNOT 1 31
[290] = T 1
[291] = CNOT 1 31
[292] = CNOT 1 7
[293] = CNOT 1 13
[294] = CNOT 1 17
[295] = T 1
[296] = CNOT 1 17
[297] = CNOT 1 16
[298] = CNOT 1 13
[299] = CNOT 1 5
[300] = CNOT 1 18
[301] = T 1
[302] = CNOT 1 18
[303] = CNOT 1 7
[304] = CNOT 1 5
[305] = CNOT 1 2
[306] = CNOT 1 16
[307] = CNOT 1 32
[308] = T 1
[309] = CNOT 1 32
[310] = CNOT 1 11
[311] = CNOT 1 2
[312] = CNOT 1 6
[313] = CNOT 1 12
[314] = T 1
[315] = CNOT 1 17
[316] = T 1
[317] = CNOT 1 17
[318] = CNOT 1 16
[319] = CNOT 1 6
[320] = CNOT 1 5
[321] = CNOT 1 7
[322] = CNOT 1 11
[323] = CNOT 1 13
[324] = CNOT 1 18
[325] = T 1
[326] = CNOT 1 18
[327] = CNOT 1 13
[328] = CNOT 1 12
[329] = CNOT 1 11
[330] = CNOT 1 7
[331] = CNOT 1 5
[332] = CNOT 1 6
[333] = CNOT 1 16
[334] = CNOT 1 17
[335] = T 1
[336] = CNOT 1 17
[337] = CNOT 1 6
[338] = CNOT 1 8
[339] = CNOT 1 13
[340] = CNOT 1 31
[341] = T 1
[342] = CNOT 1 31
[343] = CNOT 1 8
[344] = CNOT 1 5
[345] = CNOT 1 11
[346] = CNOT 1 17
[347] = T 1
[348] = CNOT 1 13
[349] = CNOT 1 5
[350] = T 1
[351] = CNOT 1 5
[352] = T 1
[353] = CNOT 1 17
[354] = CNOT 1 16
[355] = CNOT 1 11
[356] = CNOT 1 5
[357] = CNOT 1 7
[358] = CNOT 1 14
[359] = T 1
[360] = CNOT 1 7
[361] = CNOT 1 4
[362] = CNOT 1 16
[363] = CNOT 1 17
[364] = T 1
[365] = CNOT 1 4
[366] = T 1
[367] = CNOT 1 14
[368] = CNOT 1 4
[369] = T 1
[370] = CNOT 1 17
[371] = CNOT 1 16
[372] = CNOT 1 4
[373] = CNOT 1 2
[374] = CNOT 1 9
[375] = CNOT 1 30
[376] = T 1
[377] = S 1
[378] = Z 1
[379] = CNOT 1 30
[380] = CNOT 1 9
[381] = CNOT 1 2
[382] = CNOT 1 5
[383] = CNOT 1 12
[384] = CNOT 1 16
[385] = CNOT 1 17
[386] = CNOT 1 18
[387] = T 1
[388] = CNOT 1 17
[389] = CNOT 1 16
[390] = CNOT 1 5
[391] = CNOT 1 7
[392] = CNOT 1 11
[393] = CNOT 1 13
[394] = T 1
[395] = CNOT 1 18
[396] = CNOT 1 13
[397] = CNOT 1 11
[398] = CNOT 1 5
[399] = CNOT 1 16
[400] = CNOT 1 17
[401] = T 1
[402] = CNOT 1 17
[403] = CNOT 1 16
[404] = CNOT 1 12
[405] = CNOT 1 5
[406] = CNOT 1 11
[407] = CNOT 1 13
[408] = CNOT 1 18
[409] = T 1
[410] = CNOT 1 18
[411] = CNOT 1 13
[412] = CNOT 1 7
[413] = CNOT 1 6
[414] = CNOT 1 16
[415] = T 1
[416] = CNOT 1 16
[417] = CNOT 1 13
[418] = CNOT 1 18
[419] = T 1
[420] = CNOT 1 18
[421] = CNOT 1 13
[422] = CNOT 1 11
[423] = CNOT 1 6
[424] = CNOT 1 9
[425] = CNOT 1 30
[426] = T 1
[427] = CNOT 1 30
[428] = CNOT 1 9
[429] = CNOT 1 6
[430] = CNOT 1 11
[431] = CNOT 1 18
[432] = T 1
[433] = CNOT 1 11
[434] = CNOT 1 6
[435] = CNOT 1 7
[436] = CNOT 1 13
[437] = CNOT 1 14
[438] = CNOT 1 16
[439] = CNOT 1 17
[440] = T 1
[441] = CNOT 1 18
[442] = T 1
[443] = CNOT 1 5
[444] = T 1
[445] = CNOT 1 17
[446] = CNOT 1 14
[447] = CNOT 1 13
[448] = CNOT 1 7
[449] = CNOT 1 5
[450] = CNOT 1 2
[451] = CNOT 1 11
[452] = T 1
[453] = Z 1
[454] = CNOT 1 16
[455] = CNOT 1 11
[456] = CNOT 1 2
[457] = CNOT 1 3
[458] = CNOT 1 8
[459] = CNOT 1 30
[460] = T 1
[461] = CNOT 1 30
[462] = CNOT 1 8
[463] = CNOT 1 3
[464] = CNOT 1 7
[465] = CNOT 1 13
[466] = CNOT 1 19
[467] = T 1
[468] = CNOT 1 7
[469] = T 1
[470] = CNOT 1 13
[471] = T 1
[472] = S 1
[473] = CNOT 1 19
[474] = CNOT 1 8
[475] = CNOT 1 28
[476] = CNOT 1 30
[477] = T 1
[478] = CNOT 1 30
[479] = CNOT 1 28
[480] = CNOT 1 8
[481] = CNOT 1 6
[482] = CNOT 1 7
[483] = CNOT 1 14
[484] = CNOT 1 19
[485] = T 1
[486] = CNOT 1 6
[487] = T 1
[488] = CNOT 1 14
[489] = CNOT 1 6
[490] = T 1
[491] = CNOT 1 19
[492] = CNOT 1 6
[493] = CNOT 1 5
[494] = CNOT 1 13
[495] = CNOT 1 16
[496] = CNOT 1 17
[497] = CNOT 1 18
[498] = CNOT 1 20
[499] = T 1
[500] = CNOT 1 20
[501] = CNOT 1 7
[502] = CNOT 1 14
[503] = T 1
[504] = CNOT 1 20
[505] = T 1
[506] = CNOT 1 7
[507] = T 1
[508] = CNOT 1 14
[509] = CNOT 1 7
[510] = T 1
[511] = CNOT 1 20
[512] = CNOT 1 18
[513] = CNOT 1 17
[514] = CNOT 1 16
[515] = CNOT 1 13
[516] = CNOT 1 5
[517] = CNOT 1 2
[518] = CNOT 2 28
[519] = CNOT 2 30
[520] = T 2
[521] = Z 2
[522] = CNOT 2 30
[523] = CNOT 2 28
[524] = CNOT 2 11
[525] = CNOT 2 16
[526] = T 2
[527] = Z 2
[528] = CNOT 2 16
[529] = CNOT 2 11
[530] = CNOT 1 2
[531] = CNOT 1 9
[532] = T 1
[533] = Z 1
[534] = CNOT 1 9
[535] = CNOT 1 3
[536] = CNOT 1 8
[537] = T 1
[538] = CNOT 1 3
[539] = CNOT 16 31
[540] = T 16
[541] = CNOT 16 31
[542] = CNOT 1 7
[543] = CNOT 1 11
[544] = CNOT 1 16
[545] = T 1
[546] = CNOT 1 34
[547] = T 1
[548] = CNOT 1 7
[549] = T 1
[550] = CNOT 1 8
[551] = CNOT 1 7
[552] = T 1
[553] = CNOT 1 16
[554] = CNOT 1 11
[555] = CNOT 1 7
[556] = CNOT 1 2
[557] = CNOT 2 8
[558] = CNOT 2 30
[559] = T 2
[560] = Z 2
[561] = CNOT 2 30
[562] = CNOT 2 8
[563] = CNOT 1 6
[564] = CNOT 1 9
[565] = T 1
[566] = CNOT 1 6
[567] = T 1
[568] = S 1
[569] = Z 1
[570] = CNOT 1 9
[571] = CNOT 1 6
[572] = T 1
[573] = S 1
[574] = Z 1
[575] = CNOT 1 34
[576] = CNOT 1 6
[577] = CNOT 1 2
[578] = CNOT 1 5
[579] = CNOT 1 10
[580] = T 1
[581] = CNOT 1 34
[582] = T 1
[583] = CNOT 1 5
[584] = T 1
[585] = CNOT 1 10
[586] = CNOT 1 5
[587] = T 1
[588] = CNOT 1 34
[589] = CNOT 1 5
[590] = CNOT 1 4
[591] = CNOT 1 11
[592] = CNOT 1 16
[593] = T 1
[594] = CNOT 1 34
[595] = T 1
[596] = CNOT 1 34
[597] = CNOT 1 11
[598] = CNOT 1 4
[599] = CNOT 1 31
[600] = T 1
[601] = CNOT 1 31
[602] = CNOT 1 2
[603] = CNOT 2 13
[604] = CNOT 2 32
[605] = T 2
[606] = S 2
[607] = CNOT 2 32
[608] = CNOT 2 13
[609] = CNOT 1 2
[610] = CNOT 1 3
[611] = CNOT 1 4
[612] = CNOT 1 12
[613] = T 1
[614] = CNOT 1 34
[615] = T 1
[616] = CNOT 1 3
[617] = T 1
[618] = CNOT 1 12
[619] = CNOT 1 3
[620] = T 1
[621] = CNOT 1 16
[622] = CNOT 1 4
[623] = CNOT 1 3
[624] = CNOT 13 16
[625] = T 13
[626] = CNOT 13 16
[627] = CNOT 1 13
[628] = T 1
[629] = CNOT 1 2
[630] = T 1
[631] = S 1
[632] = Z 1
[633] = CNOT 1 13
[634] = CNOT 2 12
[635] = CNOT 2 13
[636] = CNOT 2 32
[637] = T 2
[638] = CNOT 2 32
[639] = CNOT 2 13
[640] = CNOT 2 12
[641] = CNOT 10 16
[642] = CNOT 10 31
[643] = T 10
[644] = S 10
[645] = Z 10
[646] = CNOT 10 31
[647] = CNOT 10 16
[648] = CNOT 2 14
[649] = CNOT 2 16
[650] = T 2
[651] = Z 2
[652] = CNOT 2 16
[653] = CNOT 2 14
[654] = CNOT 1 2
[655] = CNOT 1 14
[656] = CNOT 1 16
[657] = T 1
[658] = CNOT 1 34
[659] = CNOT 1 16
[660] = CNOT 1 14
[661] = CNOT 1 2
[662] = CNOT 2 14
[663] = CNOT 2 16
[664] = CNOT 2 34
[665] = T 2
[666] = CNOT 2 14
[667] = T 2
[668] = S 2
[669] = Z 2
[670] = CNOT 2 34
[671] = CNOT 2 16
[672] = CNOT 1 2
[673] = CNOT 1 6
[674] = CNOT 1 8
[675] = T 1
[676] = CNOT 1 33
[677] = T 1
[678] = CNOT 1 6
[679] = T 1
[680] = CNOT 1 33
[681] = CNOT 1 8
[682] = CNOT 1 2
[683] = CNOT 1 13
[684] = CNOT 1 16
[685] = CNOT 1 29
[686] = T 1
[687] = CNOT 1 29
[688] = CNOT 1 16
[689] = CNOT 1 2
[690] = CNOT 1 5
[691] = CNOT 1 9
[692] = T 1
[693] = CNOT 1 33
[694] = T 1
[695] = CNOT 1 5
[696] = T 1
[697] = CNOT 1 33
[698] = CNOT 1 9
[699] = CNOT 1 2
[700] = CNOT 1 8
[701] = CNOT 1 16
[702] = CNOT 1 29
[703] = T 1
[704] = CNOT 1 29
[705] = CNOT 1 16
[706] = CNOT 1 13
[707] = CNOT 1 8
[708] = CNOT 1 2
[709] = CNOT 1 4
[710] = CNOT 1 10
[711] = T 1
[712] = CNOT 1 33
[713] = T 1
[714] = CNOT 1 33
[715] = CNOT 1 10
[716] = CNOT 1 4
[717] = CNOT 1 8
[718] = CNOT 1 13
[719] = CNOT 1 16
[720] = CNOT 1 29
[721] = T 1
[722] = CNOT 1 29
[723] = CNOT 1 16
[724] = CNOT 1 13
[725] = CNOT 1 8
[726] = CNOT 1 4
[727] = CNOT 1 33
[728] = T 1
[729] = CNOT 1 33
[730] = CNOT 1 4
[731] = CNOT 1 3
[732] = CNOT 1 11
[733] = CNOT 1 13
[734] = T 1
[735] = CNOT 1 33
[736] = T 1
[737] = CNOT 1 33
[738] = CNOT 1 11
[739] = CNOT 1 3
[740] = CNOT 1 2
[741] = CNOT 1 8
[742] = CNOT 1 16
[743] = T 1
[744] = CNOT 1 16
[745] = CNOT 1 8
[746] = CNOT 1 2
[747] = CNOT 1 3
[748] = CNOT 1 33
[749] = T 1
[750] = CNOT 1 33
[751] = CNOT 1 13
[752] = CNOT 1 3
[753] = CNOT 1 2
[754] = CNOT 12 13
[755] = T 12
[756] = CNOT 12 13
[757] = CNOT 2 12
[758] = CNOT 2 13
[759] = CNOT 2 33
[760] = T 2
[761] = CNOT 2 33
[762] = CNOT 2 13
[763] = CNOT 2 12
[764] = CNOT 12 13
[765] = CNOT 12 33
[766] = T 12
[767] = S 12
[768] = Z 12
[769] = CNOT 12 33
[770] = CNOT 12 13
[771] = CNOT 1 16
[772] = CNOT 1 32
[773] = T 1
[774] = CNOT 1 32
[775] = CNOT 1 2
[776] = CNOT 1 13
[777] = T 1
[778] = CNOT 1 16
[779] = CNOT 1 13
[780] = CNOT 1 3
[781] = CNOT 1 30
[782] = T 1
[783] = CNOT 1 30
[784] = CNOT 1 3
[785] = CNOT 1 2
[786] = CNOT 13 33
[787] = T 13
[788] = Z 13
[789] = CNOT 13 33
[790] = CNOT 2 33
[791] = T 2
[792] = S 2
[793] = Z 2
[794] = CNOT 2 33
[795] = CNOT 1 2
[796] = CNOT 1 5
[797] = CNOT 1 8
[798] = CNOT 1 11
[799] = CNOT 1 16
[800] = T 1
[801] = CNOT 1 32
[802] = T 1
[803] = CNOT 1 5
[804] = T 1
[805] = CNOT 1 8
[806] = CNOT 1 5
[807] = T 1
[808] = CNOT 1 32
[809] = CNOT 1 16
[810] = CNOT 1 11
[811] = CNOT 1 5
[812] = CNOT 1 4
[813] = CNOT 1 9
[814] = CNOT 1 13
[815] = T 1
[816] = CNOT 1 32
[817] = T 1
[818] = CNOT 1 4
[819] = T 1
[820] = CNOT 1 9
[821] = CNOT 1 4
[822] = T 1
[823] = CNOT 1 32
[824] = CNOT 1 13
[825] = CNOT 1 4
[826] = CNOT 1 3
[827] = CNOT 1 10
[828] = CNOT 1 16
[829] = T 1
[830] = CNOT 1 32
[831] = T 1
[832] = CNOT 1 3
[833] = T 1
[834] = CNOT 1 10
[835] = CNOT 1 3
[836] = T 1
[837] = CNOT 1 32
[838] = CNOT 1 16
[839] = CNOT 1 3
[840] = S 3
[841] = Z 4
[842] = S 5
[843] = Z 5
[844] = S 8
[845] = S 12
[846] = Z 15
[847] = S 16
[848] = S 17
[849] = Z 17
[850] = Z 19
[851] = S 20
[852] = Z 21
[853] = S 23
[854] = Z 23
[855] = S 24
[856] = Z 24
[857] = S 25
[858] = Z 25
[859] = S 26
[860] = Z 26
[861] = S 27
[862] = Z 27
[863] = S 28
[864] = S 30
[865] = Z 31
[866] = Z 32
[867] = Z 34
[868] = Z 1
[869] = CNOT 1 2
[870] = CNOT 1 3
[871] = Z 1
[872] = CNOT 1 3
[873] = CNOT 1 4
[874] = S 1
[875] = Z 1
[876] = CNOT 1 4
[877] = CNOT 1 6
[878] = Z 1
[879] = CNOT 1 6
[880] = CNOT 1 9
[881] = Z 1
[882] = CNOT 1 9
[883] = CNOT 1 10
[884] = Z 1
[885] = CNOT 1 10
[886] = CNOT 1 11
[887] = S 1
[888] = CNOT 1 11
[889] = CNOT 1 12
[890] = S 1
[891] = CNOT 1 12
[892] = CNOT 1 13
[893] = S 1
[894] = CNOT 1 13
[895] = CNOT 1 14
[896] = Z 1
[897] = CNOT 1 14
[898] = CNOT 1 15
[899] = Z 1
[900] = CNOT 1 15
[901] = CNOT 1 16
[902] = Z 1
[903] = CNOT 1 16
[904] = CNOT 1 18
[905] = S 1
[906] = CNOT 1 18
[907] = CNOT 1 19
[908] = S 1
[909] = Z 1
[910] = CNOT 1 19
[911] = CNOT 1 28
[912] = S 1
[913] = Z 1
[914] = CNOT 1 28
[915] = CNOT 1 31
[916] = S 1
[917] = Z 1
[918] = CNOT 1 31
[919] = CNOT 1 32
[920] = S 1
[921] = CNOT 1 32
[922] = CNOT 1 33
[923] = S 1
[924] = CNOT 1 33
[925] = CNOT 1 34
[926] = S 1
[927] = Z 1
[928] = CNOT 1 34
[929] = CNOT 2 3
[930] = Z 2
[931] = CNOT 2 3
[932] = CNOT 2 4
[933] = S 2
[934] = Z 2
[935] = CNOT 2 4
[936] = CNOT 2 6
[937] = Z 2
[938] = CNOT 2 6
[939] = CNOT 2 7
[940] = S 2
[941] = CNOT 2 7
[942] = CNOT 2 8
[943] = S 2
[944] = Z 2
[945] = CNOT 2 8
[946] = CNOT 2 9
[947] = S 2
[948] = CNOT 2 9
[949] = CNOT 2 11
[950] = S 2
[951] = CNOT 2 11
[952] = CNOT 2 14
[953] = S 2
[954] = CNOT 2 14
[955] = CNOT 2 15
[956] = S 2
[957] = Z 2
[958] = CNOT 2 15
[959] = CNOT 2 16
[960] = S 2
[961] = Z 2
[962] = CNOT 2 16
[963] = CNOT 2 18
[964] = S 2
[965] = CNOT 2 18
[966] = CNOT 2 19
[967] = S 2
[968] = Z 2
[969] = CNOT 2 19
[970] = CNOT 2 28
[971] = Z 2
[972] = CNOT 2 28
[973] = CNOT 2 30
[974] = Z 2
[975] = CNOT 2 30
[976] = CNOT 2 31
[977] = Z 2
[978] = CNOT 2 31
[979] = CNOT 2 32
[980] = S 2
[981] = CNOT 2 32
[982] = CNOT 2 34
[983] = S 2
[984] = CNOT 2 34
[985] = CNOT 3 8
[986] = S 3
[987] = Z 3
[988] = CNOT 3 8
[989] = CNOT 3 9
[990] = S 3
[991] = CNOT 3 9
[992] = CNOT 3 12
[993] = S 3
[994] = CNOT 3 12
[995] = CNOT 3 13
[996] = S 3
[997] = Z 3
[998] = CNOT 3 13
[999] = CNOT 3 15
[1000] = S 3
[1001] = CNOT 3 15
[1002] = CNOT 3 16
[1003] = Z 3
[1004] = CNOT 3 16
[1005] = CNOT 3 30
[1006] = S 3
[1007] = Z 3
[1008] = CNOT 3 30
[1009] = CNOT 3 31
[1010] = S 3
[1011] = CNOT 3 31
[1012] = CNOT 3 34
[1013] = S 3
[1014] = CNOT 3 34
[1015] = CNOT 4 8
[1016] = S 4
[1017] = CNOT 4 8
[1018] = CNOT 4 10
[1019] = S 4
[1020] = Z 4
[1021] = CNOT 4 10
[1022] = CNOT 4 12
[1023] = Z 4
[1024] = CNOT 4 12
[1025] = CNOT 4 13
[1026] = S 4
[1027] = Z 4
[1028] = CNOT 4 13
[1029] = CNOT 4 15
[1030] = Z 4
[1031] = CNOT 4 15
[1032] = CNOT 4 31
[1033] = S 4
[1034] = CNOT 4 31
[1035] = CNOT 4 33
[1036] = S 4
[1037] = Z 4
[1038] = CNOT 4 33
[1039] = CNOT 4 34
[1040] = Z 4
[1041] = CNOT 4 34
[1042] = CNOT 5 7
[1043] = S 5
[1044] = CNOT 5 7
[1045] = CNOT 5 8
[1046] = S 5
[1047] = CNOT 5 8
[1048] = CNOT 5 10
[1049] = S 5
[1050] = Z 5
[1051] = CNOT 5 10
[1052] = CNOT 5 11
[1053] = S 5
[1054] = Z 5
[1055] = CNOT 5 11
[1056] = CNOT 5 13
[1057] = S 5
[1058] = Z 5
[1059] = CNOT 5 13
[1060] = CNOT 5 14
[1061] = S 5
[1062] = Z 5
[1063] = CNOT 5 14
[1064] = CNOT 5 16
[1065] = S 5
[1066] = CNOT 5 16
[1067] = CNOT 5 17
[1068] = Z 5
[1069] = CNOT 5 17
[1070] = CNOT 5 32
[1071] = S 5
[1072] = CNOT 5 32
[1073] = CNOT 5 33
[1074] = S 5
[1075] = CNOT 5 33
[1076] = CNOT 5 34
[1077] = S 5
[1078] = Z 5
[1079] = CNOT 5 34
[1080] = CNOT 6 8
[1081] = S 6
[1082] = Z 6
[1083] = CNOT 6 8
[1084] = CNOT 6 9
[1085] = Z 6
[1086] = CNOT 6 9
[1087] = CNOT 6 15
[1088] = S 6
[1089] = Z 6
[1090] = CNOT 6 15
[1091] = CNOT 6 34
[1092] = Z 6
[1093] = CNOT 6 34
[1094] = CNOT 7 8
[1095] = S 7
[1096] = CNOT 7 8
[1097] = CNOT 7 9
[1098] = S 7
[1099] = Z 7
[1100] = CNOT 7 9
[1101] = CNOT 7 10
[1102] = S 7
[1103] = Z 7
[1104] = CNOT 7 10
[1105] = CNOT 7 11
[1106] = Z 7
[1107] = CNOT 7 11
[1108] = CNOT 7 14
[1109] = Z 7
[1110] = CNOT 7 14
[1111] = CNOT 7 16
[1112] = S 7
[1113] = CNOT 7 16
[1114] = CNOT 7 17
[1115] = S 7
[1116] = Z 7
[1117] = CNOT 7 17
[1118] = CNOT 7 18
[1119] = Z 7
[1120] = CNOT 7 18
[1121] = CNOT 7 34
[1122] = S 7
[1123] = CNOT 7 34
[1124] = CNOT 8 13
[1125] = Z 8
[1126] = CNOT 8 13
[1127] = CNOT 8 16
[1128] = Z 8
[1129] = CNOT 8 16
[1130] = CNOT 8 28
[1131] = S 8
[1132] = Z 8
[1133] = CNOT 8 28
[1134] = CNOT 8 30
[1135] = Z 8
[1136] = CNOT 8 30
[1137] = CNOT 8 31
[1138] = S 8
[1139] = CNOT 8 31
[1140] = CNOT 8 32
[1141] = S 8
[1142] = CNOT 8 32
[1143] = CNOT 8 33
[1144] = S 8
[1145] = Z 8
[1146] = CNOT 8 33
[1147] = CNOT 8 34
[1148] = S 8
[1149] = CNOT 8 34
[1150] = CNOT 9 13
[1151] = S 9
[1152] = Z 9
[1153] = CNOT 9 13
[1154] = CNOT 9 15
[1155] = S 9
[1156] = Z 9
[1157] = CNOT 9 15
[1158] = CNOT 9 16
[1159] = Z 9
[1160] = CNOT 9 16
[1161] = CNOT 9 30
[1162] = Z 9
[1163] = CNOT 9 30
[1164] = CNOT 9 31
[1165] = S 9
[1166] = CNOT 9 31
[1167] = CNOT 9 34
[1168] = Z 9
[1169] = CNOT 9 34
[1170] = CNOT 10 30
[1171] = Z 10
[1172] = CNOT 10 30
[1173] = CNOT 10 31
[1174] = Z 10
[1175] = CNOT 10 31
[1176] = CNOT 10 34
[1177] = S 10
[1178] = Z 10
[1179] = CNOT 10 34
[1180] = CNOT 11 16
[1181] = Z 11
[1182] = CNOT 11 16
[1183] = CNOT 11 17
[1184] = Z 11
[1185] = CNOT 11 17
[1186] = CNOT 11 31
[1187] = S 11
[1188] = Z 11
[1189] = CNOT 11 31
[1190] = CNOT 11 32
[1191] = S 11
[1192] = CNOT 11 32
[1193] = CNOT 11 33
[1194] = S 11
[1195] = CNOT 11 33
[1196] = CNOT 11 34
[1197] = Z 11
[1198] = CNOT 11 34
[1199] = CNOT 12 16
[1200] = S 12
[1201] = Z 12
[1202] = CNOT 12 16
[1203] = CNOT 12 17
[1204] = S 12
[1205] = Z 12
[1206] = CNOT 12 17
[1207] = CNOT 12 32
[1208] = S 12
[1209] = Z 12
[1210] = CNOT 12 32
[1211] = CNOT 12 33
[1212] = Z 12
[1213] = CNOT 12 33
[1214] = CNOT 12 34
[1215] = S 12
[1216] = CNOT 12 34
[1217] = CNOT 13 14
[1218] = Z 13
[1219] = CNOT 13 14
[1220] = CNOT 13 15
[1221] = S 13
[1222] = CNOT 13 15
[1223] = CNOT 13 17
[1224] = S 13
[1225] = Z 13
[1226] = CNOT 13 17
[1227] = CNOT 13 18
[1228] = Z 13
[1229] = CNOT 13 18
[1230] = CNOT 13 19
[1231] = S 13
[1232] = Z 13
[1233] = CNOT 13 19
[1234] = CNOT 13 32
[1235] = S 13
[1236] = Z 13
[1237] = CNOT 13 32
[1238] = CNOT 13 34
[1239] = Z 13
[1240] = CNOT 13 34
[1241] = CNOT 14 16
[1242] = S 14
[1243] = CNOT 14 16
[1244] = CNOT 14 17
[1245] = Z 14
[1246] = CNOT 14 17
[1247] = CNOT 14 18
[1248] = S 14
[1249] = Z 14
[1250] = CNOT 14 18
[1251] = CNOT 14 34
[1252] = S 14
[1253] = Z 14
[1254] = CNOT 14 34
[1255] = CNOT 15 16
[1256] = Z 15
[1257] = CNOT 15 16
[1258] = CNOT 15 22
[1259] = S 15
[1260] = CNOT 15 22
[1261] = CNOT 15 33
[1262] = S 15
[1263] = CNOT 15 33
[1264] = CNOT 16 18
[1265] = S 16
[1266] = CNOT 16 18
[1267] = CNOT 16 23
[1268] = S 16
[1269] = CNOT 16 23
[1270] = CNOT 16 32
[1271] = S 16
[1272] = CNOT 16 32
[1273] = CNOT 16 34
[1274] = S 16
[1275] = Z 16
[1276] = CNOT 16 34
[1277] = CNOT 17 18
[1278] = S 17
[1279] = CNOT 17 18
[1280] = CNOT 17 24
[1281] = S 17
[1282] = CNOT 17 24
[1283] = CNOT 18 25
[1284] = S 18
[1285] = CNOT 18 25
[1286] = CNOT 19 26
[1287] = S 19
[1288] = CNOT 19 26
[1289] = CNOT 20 27
[1290] = S 20
[1291] = CNOT 20 27
[1292] = CNOT 21 27
[1293] = S 21
[1294] = CNOT 21 27
[1295] = CNOT 21 34
[1296] = Z 21
[1297] = CNOT 22 23
[1298] = S 22
[1299] = CNOT 22 23
[1300] = CNOT 22 28
[1301] = S 22
[1302] = CNOT 22 28
[1303] = CNOT 22 29
[1304] = Z 22
[1305] = CNOT 23 24
[1306] = S 23
[1307] = CNOT 23 24
[1308] = CNOT 23 29
[1309] = Z 23
[1310] = CNOT 23 29
[1311] = CNOT 23 30
[1312] = Z 23
[1313] = CNOT 23 30
[1314] = CNOT 24 25
[1315] = S 24
[1316] = CNOT 24 25
[1317] = CNOT 24 30
[1318] = Z 24
[1319] = CNOT 24 30
[1320] = CNOT 24 31
[1321] = Z 24
[1322] = CNOT 24 31
[1323] = CNOT 25 26
[1324] = S 25
[1325] = CNOT 25 26
[1326] = CNOT 25 31
[1327] = Z 25
[1328] = CNOT 25 31
[1329] = CNOT 25 32
[1330] = Z 25
[1331] = CNOT 25 32
[1332] = CNOT 26 27
[1333] = S 26
[1334] = CNOT 26 27
[1335] = CNOT 26 32
[1336] = Z 26
[1337] = CNOT 26 32
[1338] = CNOT 26 33
[1339] = Z 26
[1340] = CNOT 26 33
[1341] = CNOT 27 33
[1342] = Z 27
[1343] = CNOT 27 33
[1344] = CNOT 27 34
[1345] = Z 27
[1346] = CNOT 27 34
[1347] = CNOT 28 30
[1348] = Z 28
[1349] = CNOT 28 30
[1350] = CNOT 1 2
[1351] = CNOT 1 3
[1352] = Z 1
[1353] = CNOT 1 3
[1354] = CNOT 1 4
[1355] = S 1
[1356] = Z 1
[1357] = CNOT 1 4
[1358] = CNOT 1 10
[1359] = S 1
[1360] = CNOT 1 10
[1361] = CNOT 1 11
[1362] = S 1
[1363] = CNOT 1 11
[1364] = CNOT 1 15
[1365] = S 1
[1366] = CNOT 1 15
[1367] = CNOT 1 17
[1368] = Z 1
[1369] = CNOT 1 17
[1370] = CNOT 1 18
[1371] = S 1
[1372] = CNOT 1 18
[1373] = CNOT 1 20
[1374] = Z 1
[1375] = CNOT 1 20
[1376] = CNOT 1 28
[1377] = S 1
[1378] = Z 1
[1379] = CNOT 1 28
[1380] = CNOT 1 29
[1381] = S 1
[1382] = Z 1
[1383] = CNOT 1 29
[1384] = CNOT 1 30
[1385] = S 1
[1386] = CNOT 1 30
[1387] = CNOT 1 32
[1388] = S 1
[1389] = Z 1
[1390] = CNOT 1 32
[1391] = CNOT 1 34
[1392] = Z 1
[1393] = CNOT 1 34
[1394] = CNOT 1 2
[1395] = CNOT 1 3
[1396] = CNOT 1 8
[1397] = S 1
[1398] = Z 1
[1399] = CNOT 1 8
[1400] = CNOT 1 9
[1401] = S 1
[1402] = Z 1
[1403] = CNOT 1 9
[1404] = CNOT 1 10
[1405] = S 1
[1406] = Z 1
[1407] = CNOT 1 10
[1408] = CNOT 1 11
[1409] = S 1
[1410] = Z 1
[1411] = CNOT 1 11
[1412] = CNOT 1 12
[1413] = S 1
[1414] = Z 1
[1415] = CNOT 1 12
[1416] = CNOT 1 14
[1417] = S 1
[1418] = Z 1
[1419] = CNOT 1 14
[1420] = CNOT 1 15
[1421] = S 1
[1422] = Z 1
[1423] = CNOT 1 15
[1424] = CNOT 1 16
[1425] = Z 1
[1426] = CNOT 1 16
[1427] = CNOT 1 30
[1428] = S 1
[1429] = Z 1
[1430] = CNOT 1 30
[1431] = CNOT 1 31
[1432] = S 1
[1433] = Z 1
[1434] = CNOT 1 31
[1435] = CNOT 1 32
[1436] = S 1
[1437] = Z 1
[1438] = CNOT 1 32
[1439] = CNOT 1 33
[1440] = S 1
[1441] = Z 1
[1442] = CNOT 1 33
[1443] = CNOT 1 34
[1444] = S 1
[1445] = Z 1
[1446] = CNOT 1 34
[1447] = CNOT 1 3
[1448] = CNOT 1 4
[1449] = CNOT 1 8
[1450] = S 1
[1451] = Z 1
[1452] = CNOT 1 8
[1453] = CNOT 1 9
[1454] = S 1
[1455] = Z 1
[1456] = CNOT 1 9
[1457] = CNOT 1 10
[1458] = S 1
[1459] = Z 1
[1460] = CNOT 1 10
[1461] = CNOT 1 11
[1462] = S 1
[1463] = Z 1
[1464] = CNOT 1 11
[1465] = CNOT 1 12
[1466] = Z 1
[1467] = CNOT 1 12
[1468] = CNOT 1 13
[1469] = S 1
[1470] = Z 1
[1471] = CNOT 1 13
[1472] = CNOT 1 14
[1473] = Z 1
[1474] = CNOT 1 14
[1475] = CNOT 1 15
[1476] = Z 1
[1477] = CNOT 1 15
[1478] = CNOT 1 17
[1479] = S 1
[1480] = Z 1
[1481] = CNOT 1 17
[1482] = CNOT 1 31
[1483] = S 1
[1484] = Z 1
[1485] = CNOT 1 31
[1486] = CNOT 1 32
[1487] = S 1
[1488] = Z 1
[1489] = CNOT 1 32
[1490] = CNOT 1 33
[1491] = S 1
[1492] = Z 1
[1493] = CNOT 1 33
[1494] = CNOT 1 34
[1495] = Z 1
[1496] = CNOT 1 34
[1497] = CNOT 1 4
[1498] = CNOT 1 5
[1499] = CNOT 1 7
[1500] = S 1
[1501] = CNOT 1 7
[1502] = CNOT 1 8
[1503] = S 1
[1504] = Z 1
[1505] = CNOT 1 8
[1506] = CNOT 1 9
[1507] = S 1
[1508] = Z 1
[1509] = CNOT 1 9
[1510] = CNOT 1 10
[1511] = S 1
[1512] = Z 1
[1513] = CNOT 1 10
[1514] = CNOT 1 11
[1515] = S 1
[1516] = Z 1
[1517] = CNOT 1 11
[1518] = CNOT 1 12
[1519] = Z 1
[1520] = CNOT 1 12
[1521] = CNOT 1 13
[1522] = Z 1
[1523] = CNOT 1 13
[1524] = CNOT 1 14
[1525] = Z 1
[1526] = CNOT 1 14
[1527] = CNOT 1 15
[1528] = S 1
[1529] = Z 1
[1530] = CNOT 1 15
[1531] = CNOT 1 16
[1532] = S 1
[1533] = CNOT 1 16
[1534] = CNOT 1 17
[1535] = S 1
[1536] = Z 1
[1537] = CNOT 1 17
[1538] = CNOT 1 20
[1539] = Z 1
[1540] = CNOT 1 20
[1541] = CNOT 1 32
[1542] = S 1
[1543] = Z 1
[1544] = CNOT 1 32
[1545] = CNOT 1 33
[1546] = Z 1
[1547] = CNOT 1 33
[1548] = CNOT 1 34
[1549] = S 1
[1550] = Z 1
[1551] = CNOT 1 34
[1552] = CNOT 1 5
[1553] = CNOT 1 6
[1554] = CNOT 1 8
[1555] = S 1
[1556] = Z 1
[1557] = CNOT 1 8
[1558] = CNOT 1 9
[1559] = Z 1
[1560] = CNOT 1 9
[1561] = CNOT 1 10
[1562] = S 1
[1563] = Z 1
[1564] = CNOT 1 10
[1565] = CNOT 1 11
[1566] = Z 1
[1567] = CNOT 1 11
[1568] = CNOT 1 12
[1569] = S 1
[1570] = Z 1
[1571] = CNOT 1 12
[1572] = CNOT 1 13
[1573] = S 1
[1574] = Z 1
[1575] = CNOT 1 13
[1576] = CNOT 1 14
[1577] = Z 1
[1578] = CNOT 1 14
[1579] = CNOT 1 16
[1580] = Z 1
[1581] = CNOT 1 16
[1582] = CNOT 1 17
[1583] = S 1
[1584] = Z 1
[1585] = CNOT 1 17
[1586] = CNOT 1 18
[1587] = S 1
[1588] = Z 1
[1589] = CNOT 1 18
[1590] = CNOT 1 19
[1591] = S 1
[1592] = Z 1
[1593] = CNOT 1 19
[1594] = CNOT 1 33
[1595] = Z 1
[1596] = CNOT 1 33
[1597] = CNOT 1 6
[1598] = CNOT 1 7
[1599] = CNOT 1 8
[1600] = S 1
[1601] = Z 1
[1602] = CNOT 1 8
[1603] = CNOT 1 9
[1604] = S 1
[1605] = Z 1
[1606] = CNOT 1 9
[1607] = CNOT 1 10
[1608] = S 1
[1609] = Z 1
[1610] = CNOT 1 10
[1611] = CNOT 1 12
[1612] = Z 1
[1613] = CNOT 1 12
[1614] = CNOT 1 13
[1615] = S 1
[1616] = Z 1
[1617] = CNOT 1 13
[1618] = CNOT 1 14
[1619] = S 1
[1620] = Z 1
[1621] = CNOT 1 14
[1622] = CNOT 1 15
[1623] = Z 1
[1624] = CNOT 1 15
[1625] = CNOT 1 16
[1626] = Z 1
[1627] = CNOT 1 16
[1628] = CNOT 1 19
[1629] = Z 1
[1630] = CNOT 1 19
[1631] = CNOT 1 20
[1632] = S 1
[1633] = Z 1
[1634] = CNOT 1 20
[1635] = CNOT 1 34
[1636] = S 1
[1637] = Z 1
[1638] = CNOT 1 34
[1639] = CNOT 1 7
[1640] = CNOT 1 8
[1641] = CNOT 1 11
[1642] = S 1
[1643] = CNOT 1 11
[1644] = CNOT 1 13
[1645] = S 1
[1646] = CNOT 1 13
[1647] = CNOT 1 16
[1648] = Z 1
[1649] = CNOT 1 16
[1650] = CNOT 1 29
[1651] = S 1
[1652] = Z 1
[1653] = CNOT 1 29
[1654] = CNOT 1 30
[1655] = S 1
[1656] = Z 1
[1657] = CNOT 1 30
[1658] = CNOT 1 31
[1659] = S 1
[1660] = Z 1
[1661] = CNOT 1 31
[1662] = CNOT 1 32
[1663] = S 1
[1664] = Z 1
[1665] = CNOT 1 32
[1666] = CNOT 1 33
[1667] = S 1
[1668] = Z 1
[1669] = CNOT 1 33
[1670] = CNOT 1 34
[1671] = S 1
[1672] = Z 1
[1673] = CNOT 1 34
[1674] = CNOT 1 8
[1675] = CNOT 1 9
[1676] = CNOT 1 13
[1677] = S 1
[1678] = Z 1
[1679] = CNOT 1 13
[1680] = CNOT 1 15
[1681] = S 1
[1682] = Z 1
[1683] = CNOT 1 15
[1684] = CNOT 1 16
[1685] = Z 1
[1686] = CNOT 1 16
[1687] = CNOT 1 31
[1688] = S 1
[1689] = Z 1
[1690] = CNOT 1 31
[1691] = CNOT 1 32
[1692] = S 1
[1693] = Z 1
[1694] = CNOT 1 32
[1695] = CNOT 1 33
[1696] = S 1
[1697] = Z 1
[1698] = CNOT 1 33
[1699] = CNOT 1 9
[1700] = CNOT 1 10
[1701] = CNOT 1 15
[1702] = S 1
[1703] = Z 1
[1704] = CNOT 1 15
[1705] = CNOT 1 16
[1706] = Z 1
[1707] = CNOT 1 16
[1708] = CNOT 1 32
[1709] = S 1
[1710] = Z 1
[1711] = CNOT 1 32
[1712] = CNOT 1 33
[1713] = Z 1
[1714] = CNOT 1 33
[1715] = CNOT 1 34
[1716] = S 1
[1717] = Z 1
[1718] = CNOT 1 34
[1719] = CNOT 1 10
[1720] = CNOT 1 11
[1721] = CNOT 1 12
[1722] = Z 1
[1723] = CNOT 1 12
[1724] = CNOT 1 13
[1725] = Z 1
[1726] = CNOT 1 13
[1727] = CNOT 1 15
[1728] = S 1
[1729] = Z 1
[1730] = CNOT 1 15
[1731] = CNOT 1 17
[1732] = Z 1
[1733] = CNOT 1 17
[1734] = CNOT 1 18
[1735] = S 1
[1736] = CNOT 1 18
[1737] = CNOT 1 32
[1738] = Z 1
[1739] = CNOT 1 32
[1740] = CNOT 1 33
[1741] = Z 1
[1742] = CNOT 1 33
[1743] = CNOT 1 34
[1744] = Z 1
[1745] = CNOT 1 34
[1746] = CNOT 1 11
[1747] = CNOT 1 12
[1748] = CNOT 1 13
[1749] = S 1
[1750] = CNOT 1 13
[1751] = CNOT 1 15
[1752] = S 1
[1753] = Z 1
[1754] = CNOT 1 15
[1755] = CNOT 1 16
[1756] = Z 1
[1757] = CNOT 1 16
[1758] = CNOT 1 17
[1759] = Z 1
[1760] = CNOT 1 17
[1761] = CNOT 1 18
[1762] = Z 1
[1763] = CNOT 1 18
[1764] = CNOT 1 34
[1765] = S 1
[1766] = Z 1
[1767] = CNOT 1 34
[1768] = CNOT 1 12
[1769] = CNOT 1 13
[1770] = CNOT 1 14
[1771] = S 1
[1772] = CNOT 1 14
[1773] = CNOT 1 15
[1774] = S 1
[1775] = Z 1
[1776] = CNOT 1 15
[1777] = CNOT 1 16
[1778] = Z 1
[1779] = CNOT 1 16
[1780] = CNOT 1 17
[1781] = S 1
[1782] = Z 1
[1783] = CNOT 1 17
[1784] = CNOT 1 18
[1785] = S 1
[1786] = Z 1
[1787] = CNOT 1 18
[1788] = CNOT 1 19
[1789] = S 1
[1790] = Z 1
[1791] = CNOT 1 19
[1792] = CNOT 1 20
[1793] = Z 1
[1794] = CNOT 1 20
[1795] = CNOT 1 29
[1796] = Z 1
[1797] = CNOT 1 29
[1798] = CNOT 1 31
[1799] = S 1
[1800] = CNOT 1 31
[1801] = CNOT 1 32
[1802] = Z 1
[1803] = CNOT 1 32
[1804] = CNOT 1 33
[1805] = Z 1
[1806] = CNOT 1 33
[1807] = CNOT 1 13
[1808] = CNOT 1 14
[1809] = CNOT 1 15
[1810] = S 1
[1811] = Z 1
[1812] = CNOT 1 15
[1813] = CNOT 1 16
[1814] = S 1
[1815] = Z 1
[1816] = CNOT 1 16
[1817] = CNOT 1 18
[1818] = Z 1
[1819] = CNOT 1 18
[1820] = CNOT 1 19
[1821] = S 1
[1822] = Z 1
[1823] = CNOT 1 19
[1824] = CNOT 1 20
[1825] = S 1
[1826] = Z 1
[1827] = CNOT 1 20
[1828] = CNOT 1 14
[1829] = CNOT 1 15
[1830] = CNOT 1 16
[1831] = S 1
[1832] = CNOT 1 16
[1833] = CNOT 1 33
[1834] = S 1
[1835] = CNOT 1 33
[1836] = CNOT 1 15
[1837] = CNOT 1 16
[1838] = CNOT 1 17
[1839] = Z 1
[1840] = CNOT 1 17
[1841] = CNOT 1 20
[1842] = Z 1
[1843] = CNOT 1 20
[1844] = CNOT 1 29
[1845] = Z 1
[1846] = CNOT 1 29
[1847] = CNOT 1 16
[1848] = CNOT 1 17
[1849] = CNOT 1 20
[1850] = Z 1
[1851] = CNOT 1 17
[1852] = CNOT 1 18
[1853] = Z 1
[1854] = CNOT 1 20
[1855] = CNOT 1 18
[1856] = CNOT 1 28
[1857] = CNOT 1 30
[1858] = S 1
[1859] = Z 1
[1860] = CNOT 1 30
[1861] = CNOT 1 28
[1862] = CNOT 2 3
[1863] = CNOT 2 8
[1864] = S 2
[1865] = Z 2
[1866] = CNOT 2 8
[1867] = CNOT 2 9
[1868] = S 2
[1869] = Z 2
[1870] = CNOT 2 9
[1871] = CNOT 2 10
[1872] = S 2
[1873] = Z 2
[1874] = CNOT 2 10
[1875] = CNOT 2 11
[1876] = S 2
[1877] = Z 2
[1878] = CNOT 2 11
[1879] = CNOT 2 12
[1880] = S 2
[1881] = Z 2
[1882] = CNOT 2 12
[1883] = CNOT 2 14
[1884] = S 2
[1885] = Z 2
[1886] = CNOT 2 14
[1887] = CNOT 2 15
[1888] = S 2
[1889] = Z 2
[1890] = CNOT 2 15
[1891] = CNOT 2 16
[1892] = Z 2
[1893] = CNOT 2 16
[1894] = CNOT 2 30
[1895] = S 2
[1896] = Z 2
[1897] = CNOT 2 30
[1898] = CNOT 2 31
[1899] = S 2
[1900] = Z 2
[1901] = CNOT 2 31
[1902] = CNOT 2 32
[1903] = S 2
[1904] = Z 2
[1905] = CNOT 2 32
[1906] = CNOT 2 33
[1907] = S 2
[1908] = Z 2
[1909] = CNOT 2 33
[1910] = CNOT 2 34
[1911] = S 2
[1912] = Z 2
[1913] = CNOT 2 34
[1914] = CNOT 2 3
[1915] = CNOT 2 4
[1916] = CNOT 2 8
[1917] = S 2
[1918] = Z 2
[1919] = CNOT 2 8
[1920] = CNOT 2 9
[1921] = S 2
[1922] = Z 2
[1923] = CNOT 2 9
[1924] = CNOT 2 10
[1925] = S 2
[1926] = Z 2
[1927] = CNOT 2 10
[1928] = CNOT 2 11
[1929] = S 2
[1930] = Z 2
[1931] = CNOT 2 11
[1932] = CNOT 2 12
[1933] = Z 2
[1934] = CNOT 2 12
[1935] = CNOT 2 13
[1936] = S 2
[1937] = Z 2
[1938] = CNOT 2 13
[1939] = CNOT 2 14
[1940] = Z 2
[1941] = CNOT 2 14
[1942] = CNOT 2 15
[1943] = Z 2
[1944] = CNOT 2 15
[1945] = CNOT 2 17
[1946] = S 2
[1947] = Z 2
[1948] = CNOT 2 17
[1949] = CNOT 2 31
[1950] = S 2
[1951] = Z 2
[1952] = CNOT 2 31
[1953] = CNOT 2 32
[1954] = S 2
[1955] = Z 2
[1956] = CNOT 2 32
[1957] = CNOT 2 33
[1958] = S 2
[1959] = Z 2
[1960] = CNOT 2 33
[1961] = CNOT 2 34
[1962] = Z 2
[1963] = CNOT 2 34
[1964] = CNOT 2 4
[1965] = CNOT 2 5
[1966] = CNOT 2 7
[1967] = S 2
[1968] = CNOT 2 7
[1969] = CNOT 2 8
[1970] = S 2
[1971] = Z 2
[1972] = CNOT 2 8
[1973] = CNOT 2 9
[1974] = S 2
[1975] = Z 2
[1976] = CNOT 2 9
[1977] = CNOT 2 10
[1978] = S 2
[1979] = Z 2
[1980] = CNOT 2 10
[1981] = CNOT 2 11
[1982] = S 2
[1983] = Z 2
[1984] = CNOT 2 11
[1985] = CNOT 2 12
[1986] = Z 2
[1987] = CNOT 2 12
[1988] = CNOT 2 13
[1989] = Z 2
[1990] = CNOT 2 13
[1991] = CNOT 2 14
[1992] = Z 2
[1993] = CNOT 2 14
[1994] = CNOT 2 15
[1995] = S 2
[1996] = Z 2
[1997] = CNOT 2 15
[1998] = CNOT 2 16
[1999] = S 2
[2000] = CNOT 2 16
[2001] = CNOT 2 17
[2002] = S 2
[2003] = Z 2
[2004] = CNOT 2 17
[2005] = CNOT 2 20
[2006] = Z 2
[2007] = CNOT 2 20
[2008] = CNOT 2 32
[2009] = S 2
[2010] = Z 2
[2011] = CNOT 2 32
[2012] = CNOT 2 33
[2013] = Z 2
[2014] = CNOT 2 33
[2015] = CNOT 2 34
[2016] = S 2
[2017] = Z 2
[2018] = CNOT 2 34
[2019] = CNOT 2 5
[2020] = CNOT 2 6
[2021] = CNOT 2 7
[2022] = Z 2
[2023] = CNOT 2 7
[2024] = CNOT 2 8
[2025] = S 2
[2026] = Z 2
[2027] = CNOT 2 8
[2028] = CNOT 2 10
[2029] = S 2
[2030] = Z 2
[2031] = CNOT 2 10
[2032] = CNOT 2 11
[2033] = Z 2
[2034] = CNOT 2 11
[2035] = CNOT 2 12
[2036] = S 2
[2037] = Z 2
[2038] = CNOT 2 12
[2039] = CNOT 2 13
[2040] = S 2
[2041] = Z 2
[2042] = CNOT 2 13
[2043] = CNOT 2 14
[2044] = S 2
[2045] = Z 2
[2046] = CNOT 2 14
[2047] = CNOT 2 15
[2048] = Z 2
[2049] = CNOT 2 15
[2050] = CNOT 2 16
[2051] = Z 2
[2052] = CNOT 2 16
[2053] = CNOT 2 17
[2054] = S 2
[2055] = Z 2
[2056] = CNOT 2 17
[2057] = CNOT 2 18
[2058] = S 2
[2059] = Z 2
[2060] = CNOT 2 18
[2061] = CNOT 2 19
[2062] = S 2
[2063] = Z 2
[2064] = CNOT 2 19
[2065] = CNOT 2 33
[2066] = Z 2
[2067] = CNOT 2 33
[2068] = CNOT 2 6
[2069] = CNOT 2 7
[2070] = CNOT 2 8
[2071] = S 2
[2072] = Z 2
[2073] = CNOT 2 8
[2074] = CNOT 2 10
[2075] = S 2
[2076] = Z 2
[2077] = CNOT 2 10
[2078] = CNOT 2 12
[2079] = Z 2
[2080] = CNOT 2 12
[2081] = CNOT 2 13
[2082] = S 2
[2083] = Z 2
[2084] = CNOT 2 13
[2085] = CNOT 2 15
[2086] = S 2
[2087] = Z 2
[2088] = CNOT 2 15
[2089] = CNOT 2 16
[2090] = Z 2
[2091] = CNOT 2 16
[2092] = CNOT 2 19
[2093] = Z 2
[2094] = CNOT 2 19
[2095] = CNOT 2 20
[2096] = S 2
[2097] = Z 2
[2098] = CNOT 2 20
[2099] = CNOT 2 34
[2100] = S 2
[2101] = Z 2
[2102] = CNOT 2 34
[2103] = CNOT 2 7
[2104] = CNOT 2 8
[2105] = CNOT 2 11
[2106] = S 2
[2107] = CNOT 2 11
[2108] = CNOT 2 13
[2109] = Z 2
[2110] = CNOT 2 13
[2111] = CNOT 2 16
[2112] = S 2
[2113] = Z 2
[2114] = CNOT 2 16
[2115] = CNOT 2 28
[2116] = S 2
[2117] = Z 2
[2118] = CNOT 2 28
[2119] = CNOT 2 31
[2120] = S 2
[2121] = Z 2
[2122] = CNOT 2 31
[2123] = CNOT 2 32
[2124] = S 2
[2125] = Z 2
[2126] = CNOT 2 32
[2127] = CNOT 2 33
[2128] = S 2
[2129] = Z 2
[2130] = CNOT 2 33
[2131] = CNOT 2 34
[2132] = S 2
[2133] = Z 2
[2134] = CNOT 2 34
[2135] = CNOT 2 8
[2136] = CNOT 2 9
[2137] = CNOT 2 13
[2138] = Z 2
[2139] = CNOT 2 13
[2140] = CNOT 2 16
[2141] = S 2
[2142] = CNOT 2 16
[2143] = CNOT 2 29
[2144] = S 2
[2145] = Z 2
[2146] = CNOT 2 29
[2147] = CNOT 2 31
[2148] = S 2
[2149] = Z 2
[2150] = CNOT 2 31
[2151] = CNOT 2 32
[2152] = S 2
[2153] = Z 2
[2154] = CNOT 2 32
[2155] = CNOT 2 33
[2156] = S 2
[2157] = Z 2
[2158] = CNOT 2 33
[2159] = CNOT 2 9
[2160] = CNOT 2 10
[2161] = CNOT 2 15
[2162] = S 2
[2163] = Z 2
[2164] = CNOT 2 15
[2165] = CNOT 2 32
[2166] = S 2
[2167] = Z 2
[2168] = CNOT 2 32
[2169] = CNOT 2 33
[2170] = Z 2
[2171] = CNOT 2 33
[2172] = CNOT 2 34
[2173] = S 2
[2174] = Z 2
[2175] = CNOT 2 34
[2176] = CNOT 2 10
[2177] = CNOT 2 11
[2178] = CNOT 2 12
[2179] = Z 2
[2180] = CNOT 2 12
[2181] = CNOT 2 13
[2182] = Z 2
[2183] = CNOT 2 13
[2184] = CNOT 2 15
[2185] = S 2
[2186] = Z 2
[2187] = CNOT 2 15
[2188] = CNOT 2 17
[2189] = Z 2
[2190] = CNOT 2 17
[2191] = CNOT 2 18
[2192] = S 2
[2193] = CNOT 2 18
[2194] = CNOT 2 31
[2195] = S 2
[2196] = Z 2
[2197] = CNOT 2 31
[2198] = CNOT 2 32
[2199] = S 2
[2200] = Z 2
[2201] = CNOT 2 32
[2202] = CNOT 2 33
[2203] = Z 2
[2204] = CNOT 2 33
[2205] = CNOT 2 34
[2206] = Z 2
[2207] = CNOT 2 34
[2208] = CNOT 2 11
[2209] = CNOT 2 12
[2210] = CNOT 2 15
[2211] = S 2
[2212] = Z 2
[2213] = CNOT 2 15
[2214] = CNOT 2 16
[2215] = Z 2
[2216] = CNOT 2 16
[2217] = CNOT 2 17
[2218] = Z 2
[2219] = CNOT 2 17
[2220] = CNOT 2 18
[2221] = Z 2
[2222] = CNOT 2 18
[2223] = CNOT 2 32
[2224] = S 2
[2225] = Z 2
[2226] = CNOT 2 32
[2227] = CNOT 2 34
[2228] = S 2
[2229] = Z 2
[2230] = CNOT 2 34
[2231] = CNOT 2 12
[2232] = CNOT 2 13
[2233] = CNOT 2 14
[2234] = S 2
[2235] = CNOT 2 14
[2236] = CNOT 2 15
[2237] = S 2
[2238] = Z 2
[2239] = CNOT 2 15
[2240] = CNOT 2 16
[2241] = Z 2
[2242] = CNOT 2 16
[2243] = CNOT 2 17
[2244] = S 2
[2245] = Z 2
[2246] = CNOT 2 17
[2247] = CNOT 2 18
[2248] = S 2
[2249] = Z 2
[2250] = CNOT 2 18
[2251] = CNOT 2 19
[2252] = S 2
[2253] = Z 2
[2254] = CNOT 2 19
[2255] = CNOT 2 20
[2256] = Z 2
[2257] = CNOT 2 20
[2258] = CNOT 2 29
[2259] = Z 2
[2260] = CNOT 2 29
[2261] = CNOT 2 31
[2262] = S 2
[2263] = CNOT 2 31
[2264] = CNOT 2 33
[2265] = S 2
[2266] = CNOT 2 33
[2267] = CNOT 2 13
[2268] = CNOT 2 14
[2269] = CNOT 2 18
[2270] = Z 2
[2271] = CNOT 2 18
[2272] = CNOT 2 19
[2273] = S 2
[2274] = Z 2
[2275] = CNOT 2 19
[2276] = CNOT 2 20
[2277] = S 2
[2278] = Z 2
[2279] = CNOT 2 20
[2280] = CNOT 2 34
[2281] = S 2
[2282] = Z 2
[2283] = CNOT 2 34
[2284] = CNOT 2 14
[2285] = CNOT 2 15
[2286] = CNOT 2 16
[2287] = S 2
[2288] = CNOT 2 16
[2289] = CNOT 2 33
[2290] = S 2
[2291] = CNOT 2 33
[2292] = CNOT 2 15
[2293] = CNOT 2 16
[2294] = CNOT 2 17
[2295] = Z 2
[2296] = CNOT 2 17
[2297] = CNOT 2 20
[2298] = Z 2
[2299] = CNOT 2 20
[2300] = CNOT 2 29
[2301] = Z 2
[2302] = CNOT 2 29
[2303] = CNOT 2 31
[2304] = S 2
[2305] = Z 2
[2306] = CNOT 2 31
[2307] = CNOT 2 32
[2308] = S 2
[2309] = CNOT 2 32
[2310] = CNOT 2 16
[2311] = CNOT 2 17
[2312] = CNOT 2 20
[2313] = Z 2
[2314] = CNOT 2 17
[2315] = CNOT 2 18
[2316] = Z 2
[2317] = CNOT 2 20
[2318] = CNOT 2 18
[2319] = CNOT 3 4
[2320] = CNOT 3 12
[2321] = S 3
[2322] = Z 3
[2323] = CNOT 3 12
[2324] = CNOT 3 13
[2325] = S 3
[2326] = Z 3
[2327] = CNOT 3 13
[2328] = CNOT 3 14
[2329] = S 3
[2330] = Z 3
[2331] = CNOT 3 14
[2332] = CNOT 3 15
[2333] = S 3
[2334] = Z 3
[2335] = CNOT 3 15
[2336] = CNOT 3 16
[2337] = S 3
[2338] = CNOT 3 16
[2339] = CNOT 3 34
[2340] = S 3
[2341] = Z 3
[2342] = CNOT 3 34
[2343] = CNOT 3 4
[2344] = CNOT 3 9
[2345] = CNOT 3 13
[2346] = S 3
[2347] = Z 3
[2348] = CNOT 3 13
[2349] = CNOT 3 16
[2350] = S 3
[2351] = Z 3
[2352] = CNOT 3 9
[2353] = CNOT 3 10
[2354] = S 3
[2355] = Z 3
[2356] = CNOT 3 16
[2357] = CNOT 3 10
[2358] = CNOT 3 11
[2359] = CNOT 3 13
[2360] = S 3
[2361] = Z 3
[2362] = CNOT 3 13
[2363] = CNOT 3 11
[2364] = CNOT 3 12
[2365] = CNOT 3 16
[2366] = S 3
[2367] = Z 3
[2368] = CNOT 3 12
[2369] = CNOT 3 13
[2370] = Z 3
[2371] = CNOT 3 16
[2372] = CNOT 3 31
[2373] = S 3
[2374] = Z 3
[2375] = CNOT 3 31
[2376] = CNOT 3 33
[2377] = S 3
[2378] = Z 3
[2379] = CNOT 3 33
[2380] = CNOT 3 13
[2381] = CNOT 3 15
[2382] = CNOT 3 16
[2383] = S 3
[2384] = Z 3
[2385] = CNOT 3 15
[2386] = CNOT 3 31
[2387] = S 3
[2388] = Z 3
[2389] = CNOT 3 31
[2390] = CNOT 3 32
[2391] = S 3
[2392] = Z 3
[2393] = CNOT 3 32
[2394] = CNOT 3 34
[2395] = S 3
[2396] = Z 3
[2397] = CNOT 3 34
[2398] = CNOT 3 16
[2399] = CNOT 4 8
[2400] = CNOT 4 13
[2401] = S 4
[2402] = Z 4
[2403] = CNOT 4 13
[2404] = CNOT 4 16
[2405] = S 4
[2406] = Z 4
[2407] = CNOT 4 16
[2408] = CNOT 4 8
[2409] = CNOT 4 9
[2410] = CNOT 4 13
[2411] = S 4
[2412] = Z 4
[2413] = CNOT 4 13
[2414] = CNOT 4 9
[2415] = CNOT 4 11
[2416] = CNOT 4 16
[2417] = S 4
[2418] = Z 4
[2419] = CNOT 4 11
[2420] = CNOT 4 12
[2421] = Z 4
[2422] = CNOT 4 16
[2423] = CNOT 4 34
[2424] = S 4
[2425] = Z 4
[2426] = CNOT 4 34
[2427] = CNOT 4 12
[2428] = CNOT 4 13
[2429] = CNOT 4 15
[2430] = S 4
[2431] = Z 4
[2432] = CNOT 4 15
[2433] = CNOT 4 16
[2434] = Z 4
[2435] = CNOT 4 16
[2436] = CNOT 4 31
[2437] = S 4
[2438] = Z 4
[2439] = CNOT 4 31
[2440] = CNOT 4 32
[2441] = S 4
[2442] = Z 4
[2443] = CNOT 4 32
[2444] = CNOT 4 13
[2445] = CNOT 4 14
[2446] = CNOT 4 16
[2447] = S 4
[2448] = Z 4
[2449] = CNOT 4 14
[2450] = CNOT 4 15
[2451] = Z 4
[2452] = CNOT 4 15
[2453] = CNOT 4 17
[2454] = S 4
[2455] = Z 4
[2456] = CNOT 4 17
[2457] = CNOT 4 31
[2458] = S 4
[2459] = Z 4
[2460] = CNOT 4 31
[2461] = CNOT 4 34
[2462] = Z 4
[2463] = CNOT 4 34
[2464] = CNOT 4 16
[2465] = CNOT 5 7
[2466] = CNOT 5 11
[2467] = S 5
[2468] = Z 5
[2469] = CNOT 5 11
[2470] = CNOT 5 12
[2471] = S 5
[2472] = Z 5
[2473] = CNOT 5 12
[2474] = CNOT 5 13
[2475] = Z 5
[2476] = CNOT 5 13
[2477] = CNOT 5 14
[2478] = S 5
[2479] = Z 5
[2480] = CNOT 5 14
[2481] = CNOT 5 16
[2482] = Z 5
[2483] = CNOT 5 16
[2484] = CNOT 5 17
[2485] = Z 5
[2486] = CNOT 5 17
[2487] = CNOT 5 18
[2488] = Z 5
[2489] = CNOT 5 18
[2490] = CNOT 5 20
[2491] = S 5
[2492] = Z 5
[2493] = CNOT 5 20
[2494] = CNOT 5 7
[2495] = CNOT 5 8
[2496] = CNOT 5 11
[2497] = S 5
[2498] = Z 5
[2499] = CNOT 5 11
[2500] = CNOT 5 16
[2501] = S 5
[2502] = Z 5
[2503] = CNOT 5 16
[2504] = CNOT 5 8
[2505] = CNOT 5 9
[2506] = CNOT 5 13
[2507] = S 5
[2508] = Z 5
[2509] = CNOT 5 13
[2510] = CNOT 5 9
[2511] = CNOT 5 11
[2512] = CNOT 5 12
[2513] = S 5
[2514] = Z 5
[2515] = CNOT 5 12
[2516] = CNOT 5 13
[2517] = Z 5
[2518] = CNOT 5 13
[2519] = CNOT 5 16
[2520] = S 5
[2521] = CNOT 5 16
[2522] = CNOT 5 17
[2523] = S 5
[2524] = Z 5
[2525] = CNOT 5 17
[2526] = CNOT 5 18
[2527] = S 5
[2528] = Z 5
[2529] = CNOT 5 18
[2530] = CNOT 5 32
[2531] = S 5
[2532] = Z 5
[2533] = CNOT 5 32
[2534] = CNOT 5 33
[2535] = S 5
[2536] = Z 5
[2537] = CNOT 5 33
[2538] = CNOT 5 11
[2539] = CNOT 5 12
[2540] = CNOT 5 13
[2541] = S 5
[2542] = Z 5
[2543] = CNOT 5 13
[2544] = CNOT 5 16
[2545] = S 5
[2546] = Z 5
[2547] = CNOT 5 16
[2548] = CNOT 5 17
[2549] = S 5
[2550] = Z 5
[2551] = CNOT 5 17
[2552] = CNOT 5 18
[2553] = S 5
[2554] = Z 5
[2555] = CNOT 5 18
[2556] = CNOT 5 12
[2557] = CNOT 5 13
[2558] = CNOT 5 14
[2559] = Z 5
[2560] = CNOT 5 14
[2561] = CNOT 5 17
[2562] = S 5
[2563] = CNOT 5 17
[2564] = CNOT 5 18
[2565] = S 5
[2566] = CNOT 5 18
[2567] = CNOT 5 20
[2568] = Z 5
[2569] = CNOT 5 20
[2570] = CNOT 5 33
[2571] = S 5
[2572] = Z 5
[2573] = CNOT 5 33
[2574] = CNOT 5 13
[2575] = CNOT 5 14
[2576] = CNOT 5 16
[2577] = Z 5
[2578] = CNOT 5 16
[2579] = CNOT 5 17
[2580] = Z 5
[2581] = CNOT 5 17
[2582] = CNOT 5 18
[2583] = S 5
[2584] = Z 5
[2585] = CNOT 5 18
[2586] = CNOT 5 20
[2587] = S 5
[2588] = Z 5
[2589] = CNOT 5 20
[2590] = CNOT 5 14
[2591] = CNOT 5 15
[2592] = CNOT 5 33
[2593] = S 5
[2594] = Z 5
[2595] = CNOT 5 33
[2596] = CNOT 5 15
[2597] = CNOT 5 16
[2598] = CNOT 5 17
[2599] = S 5
[2600] = Z 5
[2601] = CNOT 5 17
[2602] = CNOT 5 18
[2603] = S 5
[2604] = CNOT 5 18
[2605] = CNOT 5 20
[2606] = Z 5
[2607] = CNOT 5 20
[2608] = CNOT 5 32
[2609] = S 5
[2610] = Z 5
[2611] = CNOT 5 32
[2612] = CNOT 5 16
[2613] = CNOT 5 17
[2614] = CNOT 5 18
[2615] = S 5
[2616] = CNOT 5 18
[2617] = CNOT 5 20
[2618] = Z 5
[2619] = CNOT 5 17
[2620] = CNOT 5 18
[2621] = Z 5
[2622] = CNOT 5 20
[2623] = CNOT 5 18
[2624] = CNOT 6 7
[2625] = CNOT 6 9
[2626] = S 6
[2627] = Z 6
[2628] = CNOT 6 9
[2629] = CNOT 6 14
[2630] = Z 6
[2631] = CNOT 6 14
[2632] = CNOT 6 15
[2633] = Z 6
[2634] = CNOT 6 15
[2635] = CNOT 6 19
[2636] = S 6
[2637] = Z 6
[2638] = CNOT 6 19
[2639] = CNOT 6 7
[2640] = CNOT 6 9
[2641] = CNOT 6 15
[2642] = S 6
[2643] = Z 6
[2644] = CNOT 6 15
[2645] = CNOT 6 9
[2646] = CNOT 6 10
[2647] = CNOT 6 33
[2648] = S 6
[2649] = Z 6
[2650] = CNOT 6 33
[2651] = CNOT 6 10
[2652] = CNOT 6 11
[2653] = CNOT 6 13
[2654] = S 6
[2655] = Z 6
[2656] = CNOT 6 13
[2657] = CNOT 6 18
[2658] = S 6
[2659] = Z 6
[2660] = CNOT 6 18
[2661] = CNOT 6 11
[2662] = CNOT 6 12
[2663] = CNOT 6 16
[2664] = S 6
[2665] = Z 6
[2666] = CNOT 6 16
[2667] = CNOT 6 12
[2668] = CNOT 6 14
[2669] = CNOT 6 15
[2670] = S 6
[2671] = Z 6
[2672] = CNOT 6 14
[2673] = CNOT 6 33
[2674] = S 6
[2675] = Z 6
[2676] = CNOT 6 33
[2677] = CNOT 6 15
[2678] = CNOT 6 16
[2679] = CNOT 6 17
[2680] = S 6
[2681] = Z 6
[2682] = CNOT 6 17
[2683] = CNOT 6 16
[2684] = CNOT 7 8
[2685] = CNOT 7 11
[2686] = S 7
[2687] = Z 7
[2688] = CNOT 7 11
[2689] = CNOT 7 16
[2690] = S 7
[2691] = Z 7
[2692] = CNOT 7 16
[2693] = CNOT 7 8
[2694] = CNOT 7 11
[2695] = CNOT 7 12
[2696] = S 7
[2697] = Z 7
[2698] = CNOT 7 12
[2699] = CNOT 7 13
[2700] = Z 7
[2701] = CNOT 7 13
[2702] = CNOT 7 16
[2703] = Z 7
[2704] = CNOT 7 16
[2705] = CNOT 7 18
[2706] = Z 7
[2707] = CNOT 7 18
[2708] = CNOT 7 34
[2709] = S 7
[2710] = Z 7
[2711] = CNOT 7 34
[2712] = CNOT 7 11
[2713] = CNOT 7 12
[2714] = CNOT 7 13
[2715] = S 7
[2716] = Z 7
[2717] = CNOT 7 13
[2718] = CNOT 7 16
[2719] = S 7
[2720] = Z 7
[2721] = CNOT 7 16
[2722] = CNOT 7 17
[2723] = S 7
[2724] = Z 7
[2725] = CNOT 7 17
[2726] = CNOT 7 18
[2727] = S 7
[2728] = Z 7
[2729] = CNOT 7 18
[2730] = CNOT 7 12
[2731] = CNOT 7 13
[2732] = CNOT 7 14
[2733] = Z 7
[2734] = CNOT 7 14
[2735] = CNOT 7 16
[2736] = S 7
[2737] = CNOT 7 16
[2738] = CNOT 7 17
[2739] = S 7
[2740] = CNOT 7 17
[2741] = CNOT 7 18
[2742] = S 7
[2743] = CNOT 7 18
[2744] = CNOT 7 20
[2745] = S 7
[2746] = Z 7
[2747] = CNOT 7 20
[2748] = CNOT 7 13
[2749] = CNOT 7 14
[2750] = CNOT 7 15
[2751] = S 7
[2752] = Z 7
[2753] = CNOT 7 15
[2754] = CNOT 7 16
[2755] = Z 7
[2756] = CNOT 7 16
[2757] = CNOT 7 17
[2758] = Z 7
[2759] = CNOT 7 17
[2760] = CNOT 7 18
[2761] = S 7
[2762] = Z 7
[2763] = CNOT 7 18
[2764] = CNOT 7 19
[2765] = S 7
[2766] = Z 7
[2767] = CNOT 7 19
[2768] = CNOT 7 14
[2769] = CNOT 7 16
[2770] = CNOT 7 18
[2771] = Z 7
[2772] = CNOT 7 18
[2773] = CNOT 7 20
[2774] = S 7
[2775] = Z 7
[2776] = CNOT 7 20
[2777] = CNOT 7 34
[2778] = S 7
[2779] = Z 7
[2780] = CNOT 7 34
[2781] = CNOT 7 16
[2782] = CNOT 7 17
[2783] = CNOT 7 18
[2784] = Z 7
[2785] = CNOT 7 18
[2786] = CNOT 7 20
[2787] = S 7
[2788] = Z 7
[2789] = CNOT 7 17
[2790] = CNOT 7 18
[2791] = S 7
[2792] = Z 7
[2793] = CNOT 7 20
[2794] = CNOT 7 18
[2795] = CNOT 8 11
[2796] = CNOT 8 16
[2797] = S 8
[2798] = CNOT 8 16
[2799] = CNOT 8 32
[2800] = S 8
[2801] = Z 8
[2802] = CNOT 8 32
[2803] = CNOT 8 34
[2804] = S 8
[2805] = Z 8
[2806] = CNOT 8 34
[2807] = CNOT 8 11
[2808] = CNOT 8 13
[2809] = CNOT 8 16
[2810] = S 8
[2811] = CNOT 8 16
[2812] = CNOT 8 29
[2813] = S 8
[2814] = Z 8
[2815] = CNOT 8 29
[2816] = CNOT 8 31
[2817] = S 8
[2818] = Z 8
[2819] = CNOT 8 31
[2820] = CNOT 8 13
[2821] = CNOT 8 16
[2822] = CNOT 8 29
[2823] = S 8
[2824] = Z 8
[2825] = CNOT 8 29
[2826] = CNOT 8 31
[2827] = S 8
[2828] = Z 8
[2829] = CNOT 8 31
[2830] = CNOT 8 32
[2831] = S 8
[2832] = Z 8
[2833] = CNOT 8 32
[2834] = CNOT 8 34
[2835] = S 8
[2836] = Z 8
[2837] = CNOT 8 34
[2838] = CNOT 8 16
[2839] = CNOT 8 28
[2840] = CNOT 8 30
[2841] = S 8
[2842] = Z 8
[2843] = CNOT 8 30
[2844] = CNOT 8 28
[2845] = CNOT 9 13
[2846] = CNOT 9 16
[2847] = S 9
[2848] = CNOT 9 16
[2849] = CNOT 9 29
[2850] = S 9
[2851] = Z 9
[2852] = CNOT 9 29
[2853] = CNOT 9 31
[2854] = S 9
[2855] = Z 9
[2856] = CNOT 9 31
[2857] = CNOT 9 32
[2858] = S 9
[2859] = Z 9
[2860] = CNOT 9 32
[2861] = CNOT 9 33
[2862] = S 9
[2863] = Z 9
[2864] = CNOT 9 33
[2865] = CNOT 9 13
[2866] = CNOT 9 16
[2867] = CNOT 9 29
[2868] = S 9
[2869] = Z 9
[2870] = CNOT 9 29
[2871] = CNOT 9 31
[2872] = S 9
[2873] = Z 9
[2874] = CNOT 9 31
[2875] = CNOT 9 16
[2876] = CNOT 10 15
[2877] = CNOT 10 33
[2878] = S 10
[2879] = Z 10
[2880] = CNOT 10 33
[2881] = CNOT 10 15
[2882] = CNOT 10 16
[2883] = CNOT 10 32
[2884] = S 10
[2885] = Z 10
[2886] = CNOT 10 32
[2887] = CNOT 10 16
[2888] = CNOT 11 12
[2889] = CNOT 11 13
[2890] = Z 11
[2891] = CNOT 11 13
[2892] = CNOT 11 16
[2893] = S 11
[2894] = Z 11
[2895] = CNOT 11 16
[2896] = CNOT 11 18
[2897] = S 11
[2898] = Z 11
[2899] = CNOT 11 18
[2900] = CNOT 11 12
[2901] = CNOT 11 13
[2902] = CNOT 11 16
[2903] = Z 11
[2904] = CNOT 11 16
[2905] = CNOT 11 17
[2906] = S 11
[2907] = Z 11
[2908] = CNOT 11 17
[2909] = CNOT 11 18
[2910] = Z 11
[2911] = CNOT 11 18
[2912] = CNOT 11 33
[2913] = S 11
[2914] = Z 11
[2915] = CNOT 11 13
[2916] = CNOT 11 15
[2917] = S 11
[2918] = Z 11
[2919] = CNOT 11 33
[2920] = CNOT 11 15
[2921] = CNOT 11 16
[2922] = CNOT 11 17
[2923] = Z 11
[2924] = CNOT 11 17
[2925] = CNOT 11 31
[2926] = S 11
[2927] = Z 11
[2928] = CNOT 11 31
[2929] = CNOT 11 32
[2930] = Z 11
[2931] = CNOT 11 32
[2932] = CNOT 11 34
[2933] = Z 11
[2934] = CNOT 11 34
[2935] = CNOT 11 16
[2936] = CNOT 12 13
[2937] = CNOT 12 16
[2938] = S 12
[2939] = Z 12
[2940] = CNOT 12 16
[2941] = CNOT 12 18
[2942] = S 12
[2943] = Z 12
[2944] = CNOT 12 18
[2945] = CNOT 12 32
[2946] = S 12
[2947] = Z 12
[2948] = CNOT 12 32
[2949] = CNOT 12 13
[2950] = CNOT 12 15
[2951] = CNOT 12 16
[2952] = S 12
[2953] = Z 12
[2954] = CNOT 12 15
[2955] = CNOT 12 17
[2956] = Z 12
[2957] = CNOT 12 17
[2958] = CNOT 12 18
[2959] = S 12
[2960] = Z 12
[2961] = CNOT 12 18
[2962] = CNOT 12 34
[2963] = S 12
[2964] = Z 12
[2965] = CNOT 12 34
[2966] = CNOT 12 16
[2967] = CNOT 12 17
[2968] = CNOT 12 18
[2969] = S 12
[2970] = Z 12
[2971] = CNOT 12 18
[2972] = CNOT 12 17
[2973] = CNOT 13 14
[2974] = CNOT 13 16
[2975] = S 13
[2976] = CNOT 13 16
[2977] = CNOT 13 17
[2978] = S 13
[2979] = CNOT 13 17
[2980] = CNOT 13 18
[2981] = Z 13
[2982] = CNOT 13 18
[2983] = CNOT 13 20
[2984] = S 13
[2985] = Z 13
[2986] = CNOT 13 20
[2987] = CNOT 13 14
[2988] = CNOT 13 15
[2989] = CNOT 13 16
[2990] = S 13
[2991] = Z 13
[2992] = CNOT 13 15
[2993] = CNOT 13 17
[2994] = S 13
[2995] = Z 13
[2996] = CNOT 13 17
[2997] = CNOT 13 18
[2998] = S 13
[2999] = CNOT 13 18
[3000] = CNOT 13 20
[3001] = Z 13
[3002] = CNOT 13 20
[3003] = CNOT 13 29
[3004] = S 13
[3005] = CNOT 13 29
[3006] = CNOT 13 31
[3007] = S 13
[3008] = CNOT 13 31
[3009] = CNOT 13 16
[3010] = CNOT 13 17
[3011] = CNOT 13 18
[3012] = S 13
[3013] = CNOT 13 18
[3014] = CNOT 13 20
[3015] = Z 13
[3016] = CNOT 13 17
[3017] = CNOT 13 18
[3018] = Z 13
[3019] = CNOT 13 20
[3020] = CNOT 13 18
[3021] = CNOT 14 16
[3022] = CNOT 14 18
[3023] = Z 14
[3024] = CNOT 14 18
[3025] = CNOT 14 20
[3026] = S 14
[3027] = Z 14
[3028] = CNOT 14 20
[3029] = CNOT 14 34
[3030] = S 14
[3031] = Z 14
[3032] = CNOT 14 34
[3033] = CNOT 14 16
[3034] = CNOT 14 17
[3035] = CNOT 14 18
[3036] = Z 14
[3037] = CNOT 14 18
[3038] = CNOT 14 20
[3039] = S 14
[3040] = Z 14
[3041] = CNOT 14 17
[3042] = CNOT 14 18
[3043] = S 14
[3044] = Z 14
[3045] = CNOT 14 20
[3046] = CNOT 14 18
[3047] = CNOT 16 17
[3048] = CNOT 16 20
[3049] = Z 16
[3050] = CNOT 16 17
[3051] = CNOT 16 18
[3052] = Z 16
[3053] = CNOT 16 20
[3054] = CNOT 16 18
[3055] = CNOT 17 18
[3056] = CNOT 17 20
[3057] = Z 17
[3058] = CNOT 17 20
[3059] = CNOT 17 18
[3060] = CNOT 21 27
[3061] = S 21
[3062] = Z 21
[3063] = CNOT 21 27
[3064] = CNOT 22 23
[3065] = S 22
[3066] = Z 22
[3067] = CNOT 22 29
[3068] = CNOT 22 23
[3069] = CNOT 23 24
[3070] = CNOT 23 30
[3071] = S 23
[3072] = Z 23
[3073] = CNOT 23 30
[3074] = CNOT 23 24
[3075] = CNOT 24 25
[3076] = CNOT 24 31
[3077] = S 24
[3078] = Z 24
[3079] = CNOT 24 31
[3080] = CNOT 24 25
[3081] = CNOT 25 26
[3082] = CNOT 25 32
[3083] = S 25
[3084] = Z 25
[3085] = CNOT 25 32
[3086] = CNOT 25 26
[3087] = CNOT 26 27
[3088] = CNOT 26 33
[3089] = S 26
[3090] = Z 26
[3091] = CNOT 26 33
[3092] = CNOT 26 27
[3093] = CNOT 27 33
[3094] = CNOT 21 33
[3095] = CNOT 20 33
[3096] = CNOT 27 32
[3097] = CNOT 26 32
[3098] = CNOT 21 32
[3099] = CNOT 19 32
[3100] = CNOT 27 31
[3101] = CNOT 26 31
[3102] = CNOT 25 31
[3103] = CNOT 21 31
[3104] = CNOT 18 31
[3105] = CNOT 27 30
[3106] = CNOT 26 30
[3107] = CNOT 25 30
[3108] = CNOT 24 30
[3109] = CNOT 21 30
[3110] = CNOT 17 30
[3111] = CNOT 27 29
[3112] = CNOT 26 29
[3113] = CNOT 25 29
[3114] = CNOT 24 29
[3115] = CNOT 23 29
[3116] = CNOT 21 29
[3117] = CNOT 16 29
[3118] = CNOT 27 28
[3119] = CNOT 26 28
[3120] = CNOT 25 28
[3121] = CNOT 24 28
[3122] = CNOT 23 28
[3123] = CNOT 22 28
[3124] = CNOT 21 28
[3125] = CNOT 15 28
[3126] = CNOT 33 27
[3127] = CNOT 21 27
[3128] = CNOT 27 33
[3129] = CNOT 33 26
[3130] = CNOT 32 26
[3131] = CNOT 26 32
[3132] = CNOT 32 25
[3133] = CNOT 31 25
[3134] = CNOT 25 31
[3135] = CNOT 31 24
[3136] = CNOT 30 24
[3137] = CNOT 24 30
[3138] = CNOT 30 23
[3139] = CNOT 29 23
[3140] = CNOT 23 29
[3141] = CNOT 29 22
[3142] = CNOT 28 22
[3143] = CNOT 22 28
[3144] = CNOT 34 21
[3145] = CNOT 21 34
[3146] = CNOT 27 20
[3147] = CNOT 20 27
[3148] = CNOT 26 19
[3149] = CNOT 19 26
[3150] = CNOT 25 18
[3151] = CNOT 18 25
[3152] = CNOT 24 17
[3153] = CNOT 17 24
[3154] = CNOT 23 16
[3155] = CNOT 16 23
[3156] = CNOT 22 15
[3157] = CNOT 15 22
[3158] = H 22
[3159] = M 22
[3160] = H 23
[3161] = M 23
[3162] = H 24
[3163] = M 24
[3164] = H 25
[3165] = M 25
[3166] = H 26
[3167] = M 26
[3168] = H 27
[3169] = M 27
[3170] = H 28
[3171] = M 28
[3172] = H 29
[3173] = M 29
[3174] = H 30
[3175] = M 30
[3176] = H 31
[3177] = M 31
[3178] = H 32
[3179] = M 32
[3180] = H 33
[3181] = M 33
[3182] = H 34
[3183] = M 34
[3184] = H 21
[3185] = H 20
[3186] = H 19
[3187] = H 18
[3188] = H 17
[3189] = H 16
[3190] = H 15
Gate distributions:
Input:
Operator distribution:
Total number of qubits = 21
Number of `data' qubits = 21
Number of `Toff_n' ancillas = 0
Number of Hadamard ancillas = 0
Hadamard ancilla cap = infinite
Number of {CNOT,T} partitions = 1
T count = 343
Cost estimation = 171532
	id	Count
	0	0
	1	0
	2	0
	3	26
	4	6
	5	0
	6	0
	7	0
	8	0
	9	0
	10	49
	11	0
	12	0
	13	0
	14	0
	15	0
	16	0
	17	0
	18	0
Output:
Operator distribution:
Total number of qubits = 34
Number of `data' qubits = 21
Number of `Toff_n' ancillas = 0
Number of Hadamard ancillas = 13
Hadamard ancilla cap = infinite
Number of {CNOT,T} partitions = 1
T count = 169
Cost estimation = 87528.5
	id	Count
	0	0
	1	0
	2	0
	3	39
	4	2028
	5	169
	6	0
	7	0
	8	0
	9	0
	10	0
	11	427
	12	0
	13	515
	14	0
	15	0
	16	0
	17	0
	18	13
Output T Count (SQC_Circuit) = 169
Output T Count (PhasePolynomial) = 169
Fail count = 0

Execution time: 1931.8s
Number of LCL errors: 0
Number of LCL warnings: 0
