Optimize a Clifford + T circuit.
Input filename = /home/ryo-mtmt/TOpt/forme/tpar_benchmark/grover_5.tfc
Number of unknown gates = 0
Number of unknown qubit labels = 0
Circuit filename: /home/ryo-mtmt/TOpt/forme/tpar_benchmark/grover_5.tfc

n 9
n_x 9
n_y 0
n_z 0
m 201
[0] = H 1
[1] = H 2
[2] = H 3
[3] = H 4
[4] = H 5
[5] = H 6
[6] = H 7
[7] = CCZ 1 2 7
[8] = H 7
[9] = H 8
[10] = CCZ 3 7 8
[11] = H 8
[12] = H 9
[13] = CCZ 4 8 9
[14] = H 9
[15] = H 6
[16] = CCZ 5 9 6
[17] = H 6
[18] = H 9
[19] = CCZ 4 8 9
[20] = H 9
[21] = H 8
[22] = CCZ 3 7 8
[23] = H 8
[24] = H 7
[25] = CCZ 1 2 7
[26] = H 7
[27] = H 1
[28] = H 2
[29] = H 3
[30] = H 4
[31] = H 5
[32] = H 7
[33] = CCZ 1 2 7
[34] = H 7
[35] = H 8
[36] = CCZ 3 7 8
[37] = H 8
[38] = H 5
[39] = CCZ 4 8 5
[40] = H 5
[41] = H 8
[42] = CCZ 3 7 8
[43] = H 8
[44] = H 7
[45] = CCZ 1 2 7
[46] = H 7
[47] = H 1
[48] = H 2
[49] = H 3
[50] = H 4
[51] = H 5
[52] = H 7
[53] = CCZ 1 2 7
[54] = H 7
[55] = H 8
[56] = CCZ 3 7 8
[57] = H 8
[58] = H 9
[59] = CCZ 4 8 9
[60] = H 9
[61] = H 6
[62] = CCZ 5 9 6
[63] = H 6
[64] = H 9
[65] = CCZ 4 8 9
[66] = H 9
[67] = H 8
[68] = CCZ 3 7 8
[69] = H 8
[70] = H 7
[71] = CCZ 1 2 7
[72] = H 7
[73] = H 1
[74] = H 2
[75] = H 3
[76] = H 4
[77] = H 5
[78] = H 7
[79] = CCZ 1 2 7
[80] = H 7
[81] = H 8
[82] = CCZ 3 7 8
[83] = H 8
[84] = H 5
[85] = CCZ 4 8 5
[86] = H 5
[87] = H 8
[88] = CCZ 3 7 8
[89] = H 8
[90] = H 7
[91] = CCZ 1 2 7
[92] = H 7
[93] = H 1
[94] = H 2
[95] = H 3
[96] = H 4
[97] = H 5
[98] = H 7
[99] = CCZ 1 2 7
[100] = H 7
[101] = H 8
[102] = CCZ 3 7 8
[103] = H 8
[104] = H 9
[105] = CCZ 4 8 9
[106] = H 9
[107] = H 6
[108] = CCZ 5 9 6
[109] = H 6
[110] = H 9
[111] = CCZ 4 8 9
[112] = H 9
[113] = H 8
[114] = CCZ 3 7 8
[115] = H 8
[116] = H 7
[117] = CCZ 1 2 7
[118] = H 7
[119] = H 1
[120] = H 2
[121] = H 3
[122] = H 4
[123] = H 5
[124] = H 7
[125] = CCZ 1 2 7
[126] = H 7
[127] = H 8
[128] = CCZ 3 7 8
[129] = H 8
[130] = H 5
[131] = CCZ 4 8 5
[132] = H 5
[133] = H 8
[134] = CCZ 3 7 8
[135] = H 8
[136] = H 7
[137] = CCZ 1 2 7
[138] = H 7
[139] = H 1
[140] = H 2
[141] = H 3
[142] = H 4
[143] = H 5
[144] = H 7
[145] = CCZ 1 2 7
[146] = H 7
[147] = H 8
[148] = CCZ 3 7 8
[149] = H 8
[150] = H 9
[151] = CCZ 4 8 9
[152] = H 9
[153] = H 6
[154] = CCZ 5 9 6
[155] = H 6
[156] = H 9
[157] = CCZ 4 8 9
[158] = H 9
[159] = H 8
[160] = CCZ 3 7 8
[161] = H 8
[162] = H 7
[163] = CCZ 1 2 7
[164] = H 7
[165] = H 1
[166] = H 2
[167] = H 3
[168] = H 4
[169] = H 5
[170] = H 7
[171] = CCZ 1 2 7
[172] = H 7
[173] = H 8
[174] = CCZ 3 7 8
[175] = H 8
[176] = H 5
[177] = CCZ 4 8 5
[178] = H 5
[179] = H 8
[180] = CCZ 3 7 8
[181] = H 8
[182] = H 7
[183] = CCZ 1 2 7
[184] = H 7
[185] = H 1
[186] = H 2
[187] = H 3
[188] = H 4
[189] = H 5

Algorithm used: todd

UniversalOptimize begin.
	Gate synthesis begin.

in LempelX3 (Hamming Distance Version)
		Round = 0 | Current Columns: 166
  [HIT] Reduced to m = 164 using Dist = 2
		Round = 1 | Current Columns: 164
  [HIT] Reduced to m = 160 using Dist = 2
		Round = 2 | Current Columns: 160
  [HIT] Reduced to m = 158 using Dist = 2
		Round = 3 | Current Columns: 158
  [HIT] Reduced to m = 156 using Dist = 2
		Round = 4 | Current Columns: 156
  [HIT] Reduced to m = 152 using Dist = 2
		Round = 5 | Current Columns: 152
  [HIT] Reduced to m = 150 using Dist = 2
		Round = 6 | Current Columns: 150
  [HIT] Reduced to m = 146 using Dist = 2
		Round = 7 | Current Columns: 146
  [HIT] Reduced to m = 144 using Dist = 2
		Round = 8 | Current Columns: 144
Total LempelX2 (Hamming) time: 8766802 ms
Final Nullspace total time: 7053041 ms
		TODD executed in 8749.33 seconds.
		Total time: 8749.33s
	Gate synthesis end.
	Total time: 9005.69s
UniversalOptimize end.
Output circuit:
n 77
n_x 9
n_y 0
n_z 68
m 4901
[0] = H 1
[1] = H 2
[2] = H 3
[3] = H 4
[4] = H 5
[5] = H 7
[6] = H 8
[7] = H 9
[8] = H 10
[9] = H 11
[10] = H 12
[11] = H 13
[12] = H 14
[13] = H 15
[14] = H 16
[15] = H 17
[16] = H 18
[17] = H 19
[18] = H 20
[19] = H 21
[20] = H 22
[21] = H 23
[22] = H 24
[23] = H 25
[24] = H 26
[25] = H 27
[26] = H 28
[27] = H 29
[28] = H 30
[29] = H 31
[30] = H 32
[31] = H 33
[32] = H 34
[33] = H 35
[34] = H 36
[35] = H 37
[36] = H 38
[37] = H 39
[38] = H 40
[39] = H 41
[40] = H 42
[41] = H 43
[42] = H 44
[43] = H 45
[44] = H 46
[45] = H 47
[46] = H 48
[47] = H 49
[48] = H 50
[49] = H 51
[50] = H 52
[51] = H 53
[52] = H 54
[53] = H 55
[54] = H 56
[55] = H 57
[56] = H 58
[57] = H 59
[58] = H 60
[59] = H 61
[60] = H 62
[61] = H 63
[62] = H 64
[63] = H 65
[64] = H 66
[65] = H 67
[66] = H 68
[67] = H 69
[68] = H 70
[69] = H 71
[70] = H 72
[71] = H 73
[72] = H 74
[73] = H 75
[74] = H 76
[75] = H 77
[76] = CNOT 7 8
[77] = CNOT 7 75
[78] = CNOT 7 76
[79] = CNOT 7 77
[80] = T 7
[81] = CNOT 7 77
[82] = CNOT 7 76
[83] = CNOT 7 75
[84] = CNOT 7 8
[85] = CNOT 1 2
[86] = CNOT 1 7
[87] = CNOT 1 8
[88] = CNOT 1 75
[89] = CNOT 1 76
[90] = CNOT 1 77
[91] = T 1
[92] = CNOT 1 2
[93] = CNOT 2 7
[94] = CNOT 2 8
[95] = CNOT 2 75
[96] = CNOT 2 76
[97] = CNOT 2 77
[98] = T 2
[99] = CNOT 2 77
[100] = CNOT 2 76
[101] = CNOT 2 75
[102] = CNOT 2 8
[103] = CNOT 2 7
[104] = T 1
[105] = CNOT 1 8
[106] = CNOT 1 7
[107] = CNOT 72 74
[108] = CNOT 72 75
[109] = T 72
[110] = S 72
[111] = Z 72
[112] = CNOT 72 75
[113] = CNOT 72 74
[114] = CNOT 3 8
[115] = CNOT 3 10
[116] = CNOT 3 75
[117] = CNOT 3 76
[118] = T 3
[119] = CNOT 3 10
[120] = CNOT 3 8
[121] = CNOT 8 10
[122] = CNOT 8 75
[123] = CNOT 8 76
[124] = T 8
[125] = CNOT 8 76
[126] = CNOT 8 75
[127] = CNOT 8 10
[128] = CNOT 3 8
[129] = T 3
[130] = CNOT 3 8
[131] = CNOT 9 67
[132] = CNOT 9 75
[133] = T 9
[134] = Z 9
[135] = CNOT 9 75
[136] = CNOT 9 67
[137] = CNOT 4 9
[138] = CNOT 4 11
[139] = CNOT 4 67
[140] = CNOT 4 75
[141] = T 4
[142] = CNOT 4 11
[143] = CNOT 4 9
[144] = CNOT 9 11
[145] = CNOT 9 67
[146] = CNOT 9 75
[147] = T 9
[148] = CNOT 9 75
[149] = CNOT 9 67
[150] = CNOT 9 11
[151] = CNOT 4 9
[152] = T 4
[153] = CNOT 4 9
[154] = CNOT 12 30
[155] = CNOT 12 48
[156] = CNOT 12 55
[157] = CNOT 12 66
[158] = CNOT 12 72
[159] = CNOT 12 75
[160] = T 12
[161] = CNOT 12 75
[162] = CNOT 12 72
[163] = CNOT 12 66
[164] = CNOT 12 55
[165] = CNOT 12 48
[166] = CNOT 12 30
[167] = CNOT 5 12
[168] = CNOT 5 30
[169] = CNOT 5 48
[170] = CNOT 5 55
[171] = CNOT 5 66
[172] = CNOT 5 72
[173] = CNOT 5 75
[174] = T 5
[175] = CNOT 5 6
[176] = T 5
[177] = CNOT 5 75
[178] = CNOT 5 66
[179] = CNOT 5 55
[180] = CNOT 5 48
[181] = CNOT 5 30
[182] = CNOT 5 12
[183] = CNOT 5 6
[184] = CNOT 6 12
[185] = CNOT 6 30
[186] = CNOT 6 48
[187] = CNOT 6 55
[188] = CNOT 6 66
[189] = CNOT 6 72
[190] = CNOT 6 75
[191] = T 6
[192] = CNOT 6 75
[193] = CNOT 6 72
[194] = CNOT 6 66
[195] = CNOT 6 55
[196] = CNOT 6 48
[197] = CNOT 6 30
[198] = CNOT 6 12
[199] = CNOT 4 11
[200] = CNOT 4 13
[201] = T 4
[202] = CNOT 4 11
[203] = CNOT 11 13
[204] = CNOT 11 67
[205] = CNOT 11 75
[206] = T 11
[207] = CNOT 11 75
[208] = CNOT 11 67
[209] = CNOT 11 13
[210] = T 4
[211] = CNOT 4 75
[212] = CNOT 4 67
[213] = CNOT 4 13
[214] = CNOT 3 10
[215] = CNOT 3 14
[216] = T 3
[217] = CNOT 3 10
[218] = CNOT 10 14
[219] = CNOT 10 75
[220] = CNOT 10 76
[221] = T 10
[222] = CNOT 10 76
[223] = CNOT 10 75
[224] = CNOT 10 14
[225] = T 3
[226] = CNOT 3 76
[227] = CNOT 3 75
[228] = CNOT 3 14
[229] = CNOT 1 2
[230] = CNOT 1 8
[231] = CNOT 1 15
[232] = T 1
[233] = CNOT 1 2
[234] = CNOT 2 8
[235] = CNOT 2 15
[236] = CNOT 2 75
[237] = CNOT 2 76
[238] = CNOT 2 77
[239] = T 2
[240] = CNOT 2 77
[241] = CNOT 2 76
[242] = CNOT 2 75
[243] = CNOT 2 15
[244] = CNOT 2 8
[245] = T 1
[246] = CNOT 1 77
[247] = CNOT 1 76
[248] = CNOT 1 75
[249] = CNOT 1 15
[250] = CNOT 1 8
[251] = CNOT 8 70
[252] = CNOT 8 71
[253] = CNOT 8 75
[254] = CNOT 8 76
[255] = T 8
[256] = CNOT 8 71
[257] = CNOT 8 70
[258] = CNOT 8 15
[259] = CNOT 8 16
[260] = CNOT 8 17
[261] = CNOT 8 77
[262] = T 8
[263] = CNOT 8 16
[264] = T 8
[265] = CNOT 8 17
[266] = CNOT 8 16
[267] = T 8
[268] = CNOT 8 16
[269] = CNOT 8 15
[270] = CNOT 14 18
[271] = CNOT 14 20
[272] = CNOT 14 75
[273] = CNOT 14 76
[274] = T 14
[275] = CNOT 14 18
[276] = T 14
[277] = CNOT 14 20
[278] = CNOT 14 18
[279] = T 14
[280] = CNOT 14 76
[281] = CNOT 14 75
[282] = CNOT 14 18
[283] = CNOT 19 21
[284] = CNOT 19 57
[285] = CNOT 19 72
[286] = CNOT 19 73
[287] = T 19
[288] = CNOT 19 73
[289] = CNOT 19 72
[290] = CNOT 19 57
[291] = CNOT 19 21
[292] = CNOT 21 57
[293] = CNOT 21 72
[294] = CNOT 21 73
[295] = T 21
[296] = CNOT 21 73
[297] = CNOT 21 72
[298] = CNOT 21 57
[299] = CNOT 5 21
[300] = CNOT 5 57
[301] = CNOT 5 73
[302] = T 5
[303] = CNOT 5 19
[304] = T 5
[305] = CNOT 5 57
[306] = CNOT 5 21
[307] = CNOT 5 19
[308] = CNOT 8 69
[309] = CNOT 8 70
[310] = T 8
[311] = CNOT 8 70
[312] = CNOT 8 69
[313] = CNOT 18 20
[314] = CNOT 18 22
[315] = CNOT 18 75
[316] = CNOT 18 76
[317] = T 18
[318] = CNOT 18 20
[319] = CNOT 20 22
[320] = CNOT 20 75
[321] = CNOT 20 76
[322] = T 20
[323] = CNOT 20 76
[324] = CNOT 20 75
[325] = CNOT 20 22
[326] = T 18
[327] = CNOT 18 76
[328] = CNOT 18 75
[329] = CNOT 18 22
[330] = CNOT 8 16
[331] = CNOT 8 17
[332] = CNOT 8 23
[333] = T 8
[334] = CNOT 8 16
[335] = T 8
[336] = CNOT 8 17
[337] = CNOT 8 16
[338] = T 8
[339] = CNOT 8 16
[340] = CNOT 8 24
[341] = CNOT 8 25
[342] = T 8
[343] = CNOT 8 24
[344] = T 8
[345] = CNOT 8 25
[346] = CNOT 8 24
[347] = T 8
[348] = CNOT 8 77
[349] = CNOT 8 24
[350] = CNOT 8 23
[351] = CNOT 22 26
[352] = CNOT 22 28
[353] = CNOT 22 75
[354] = CNOT 22 76
[355] = T 22
[356] = CNOT 22 26
[357] = T 22
[358] = CNOT 22 28
[359] = CNOT 22 26
[360] = T 22
[361] = CNOT 22 76
[362] = CNOT 22 75
[363] = CNOT 22 26
[364] = CNOT 13 27
[365] = CNOT 13 29
[366] = CNOT 13 67
[367] = CNOT 13 75
[368] = T 13
[369] = CNOT 13 27
[370] = T 13
[371] = CNOT 13 29
[372] = CNOT 13 27
[373] = T 13
[374] = CNOT 13 75
[375] = CNOT 13 67
[376] = CNOT 13 27
[377] = CNOT 8 70
[378] = T 8
[379] = CNOT 8 70
[380] = CNOT 68 74
[381] = CNOT 68 75
[382] = CNOT 68 76
[383] = T 68
[384] = CNOT 68 74
[385] = CNOT 5 6
[386] = CNOT 5 75
[387] = T 5
[388] = CNOT 5 75
[389] = CNOT 5 6
[390] = CNOT 6 72
[391] = CNOT 6 73
[392] = CNOT 6 75
[393] = T 6
[394] = CNOT 6 75
[395] = CNOT 6 73
[396] = CNOT 6 72
[397] = CNOT 27 29
[398] = CNOT 27 31
[399] = CNOT 27 67
[400] = CNOT 27 75
[401] = T 27
[402] = CNOT 27 29
[403] = CNOT 29 31
[404] = CNOT 29 67
[405] = CNOT 29 75
[406] = T 29
[407] = CNOT 29 75
[408] = CNOT 29 67
[409] = CNOT 29 31
[410] = T 27
[411] = CNOT 27 75
[412] = CNOT 27 67
[413] = CNOT 27 31
[414] = CNOT 26 28
[415] = CNOT 26 32
[416] = CNOT 26 75
[417] = CNOT 26 76
[418] = T 26
[419] = CNOT 26 28
[420] = CNOT 28 32
[421] = CNOT 28 75
[422] = CNOT 28 76
[423] = T 28
[424] = CNOT 28 76
[425] = CNOT 28 75
[426] = CNOT 28 32
[427] = T 26
[428] = CNOT 26 76
[429] = CNOT 26 75
[430] = CNOT 26 32
[431] = CNOT 8 24
[432] = CNOT 8 25
[433] = CNOT 8 33
[434] = CNOT 8 77
[435] = T 8
[436] = CNOT 8 24
[437] = T 8
[438] = CNOT 8 25
[439] = CNOT 8 24
[440] = T 8
[441] = CNOT 8 24
[442] = CNOT 19 37
[443] = CNOT 19 57
[444] = CNOT 19 72
[445] = CNOT 19 73
[446] = T 19
[447] = CNOT 19 37
[448] = CNOT 8 34
[449] = CNOT 8 35
[450] = T 8
[451] = CNOT 8 34
[452] = T 8
[453] = CNOT 8 35
[454] = CNOT 8 34
[455] = T 8
[456] = CNOT 8 33
[457] = CNOT 32 36
[458] = CNOT 32 38
[459] = CNOT 32 75
[460] = CNOT 32 76
[461] = T 32
[462] = CNOT 32 36
[463] = T 32
[464] = CNOT 32 38
[465] = CNOT 32 36
[466] = T 32
[467] = CNOT 32 76
[468] = CNOT 32 75
[469] = CNOT 32 36
[470] = CNOT 19 39
[471] = T 19
[472] = CNOT 19 37
[473] = T 19
[474] = CNOT 19 73
[475] = CNOT 19 72
[476] = CNOT 19 57
[477] = CNOT 19 39
[478] = CNOT 19 37
[479] = CNOT 5 19
[480] = CNOT 5 37
[481] = CNOT 5 39
[482] = CNOT 5 57
[483] = T 5
[484] = CNOT 5 37
[485] = T 5
[486] = CNOT 5 39
[487] = CNOT 5 37
[488] = T 5
[489] = CNOT 5 73
[490] = CNOT 5 57
[491] = CNOT 5 37
[492] = CNOT 5 19
[493] = CNOT 36 38
[494] = CNOT 36 40
[495] = CNOT 36 75
[496] = CNOT 36 76
[497] = T 36
[498] = CNOT 36 38
[499] = CNOT 38 40
[500] = CNOT 38 75
[501] = CNOT 38 76
[502] = T 38
[503] = CNOT 38 76
[504] = CNOT 38 75
[505] = CNOT 38 40
[506] = T 36
[507] = CNOT 36 76
[508] = CNOT 36 75
[509] = CNOT 36 40
[510] = CNOT 8 35
[511] = CNOT 8 41
[512] = T 8
[513] = CNOT 8 34
[514] = T 8
[515] = CNOT 8 35
[516] = CNOT 8 34
[517] = T 8
[518] = CNOT 8 34
[519] = CNOT 8 42
[520] = CNOT 8 43
[521] = T 8
[522] = CNOT 8 42
[523] = T 8
[524] = CNOT 8 43
[525] = CNOT 8 42
[526] = T 8
[527] = CNOT 8 42
[528] = CNOT 8 41
[529] = CNOT 40 44
[530] = CNOT 40 46
[531] = CNOT 40 75
[532] = CNOT 40 76
[533] = T 40
[534] = CNOT 40 44
[535] = T 40
[536] = CNOT 40 46
[537] = CNOT 40 44
[538] = T 40
[539] = CNOT 40 76
[540] = CNOT 40 75
[541] = CNOT 40 44
[542] = CNOT 31 45
[543] = CNOT 31 47
[544] = CNOT 31 67
[545] = CNOT 31 75
[546] = T 31
[547] = CNOT 31 45
[548] = T 31
[549] = CNOT 31 47
[550] = CNOT 31 45
[551] = T 31
[552] = CNOT 31 75
[553] = CNOT 31 67
[554] = CNOT 31 45
[555] = CNOT 8 69
[556] = CNOT 8 71
[557] = T 8
[558] = CNOT 8 70
[559] = T 8
[560] = CNOT 8 71
[561] = CNOT 8 70
[562] = CNOT 8 69
[563] = CNOT 5 6
[564] = T 5
[565] = Z 5
[566] = CNOT 5 6
[567] = CNOT 6 72
[568] = T 6
[569] = CNOT 6 72
[570] = CNOT 45 47
[571] = CNOT 45 49
[572] = CNOT 45 67
[573] = CNOT 45 75
[574] = T 45
[575] = CNOT 45 47
[576] = CNOT 47 49
[577] = CNOT 47 67
[578] = CNOT 47 75
[579] = T 47
[580] = CNOT 47 75
[581] = CNOT 47 67
[582] = CNOT 47 49
[583] = T 45
[584] = CNOT 45 75
[585] = CNOT 45 67
[586] = CNOT 45 49
[587] = CNOT 44 46
[588] = CNOT 44 50
[589] = CNOT 44 75
[590] = CNOT 44 76
[591] = T 44
[592] = CNOT 44 46
[593] = CNOT 46 50
[594] = CNOT 46 75
[595] = CNOT 46 76
[596] = T 46
[597] = CNOT 46 76
[598] = CNOT 46 75
[599] = CNOT 46 50
[600] = T 44
[601] = CNOT 44 76
[602] = CNOT 44 75
[603] = CNOT 44 50
[604] = CNOT 8 42
[605] = CNOT 8 43
[606] = CNOT 8 51
[607] = T 8
[608] = CNOT 8 42
[609] = T 8
[610] = CNOT 8 43
[611] = CNOT 8 42
[612] = T 8
[613] = CNOT 8 42
[614] = CNOT 5 75
[615] = T 5
[616] = Z 5
[617] = CNOT 5 75
[618] = CNOT 8 52
[619] = CNOT 8 53
[620] = T 8
[621] = CNOT 8 52
[622] = T 8
[623] = CNOT 8 53
[624] = CNOT 8 52
[625] = T 8
[626] = CNOT 8 52
[627] = CNOT 8 51
[628] = CNOT 50 54
[629] = CNOT 50 56
[630] = CNOT 50 75
[631] = CNOT 50 76
[632] = T 50
[633] = CNOT 50 54
[634] = T 50
[635] = CNOT 50 56
[636] = CNOT 50 54
[637] = T 50
[638] = CNOT 50 76
[639] = CNOT 50 75
[640] = CNOT 50 54
[641] = CNOT 8 60
[642] = CNOT 8 69
[643] = T 8
[644] = CNOT 8 60
[645] = CNOT 55 57
[646] = CNOT 55 72
[647] = CNOT 55 73
[648] = T 55
[649] = CNOT 55 73
[650] = CNOT 55 72
[651] = CNOT 55 57
[652] = CNOT 5 55
[653] = CNOT 5 57
[654] = CNOT 5 73
[655] = T 5
[656] = CNOT 5 57
[657] = CNOT 74 75
[658] = T 74
[659] = S 74
[660] = CNOT 74 75
[661] = CNOT 8 61
[662] = T 8
[663] = CNOT 8 69
[664] = CNOT 8 61
[665] = CNOT 54 56
[666] = CNOT 54 58
[667] = CNOT 54 75
[668] = CNOT 54 76
[669] = T 54
[670] = CNOT 54 56
[671] = CNOT 56 58
[672] = CNOT 56 75
[673] = CNOT 56 76
[674] = T 56
[675] = CNOT 56 76
[676] = CNOT 56 75
[677] = CNOT 56 58
[678] = T 54
[679] = CNOT 54 76
[680] = CNOT 54 75
[681] = CNOT 54 58
[682] = CNOT 8 52
[683] = CNOT 8 53
[684] = CNOT 8 59
[685] = T 8
[686] = CNOT 8 52
[687] = T 8
[688] = CNOT 8 53
[689] = CNOT 8 52
[690] = T 8
[691] = CNOT 8 52
[692] = CNOT 8 60
[693] = CNOT 8 61
[694] = T 8
[695] = CNOT 8 60
[696] = T 8
[697] = CNOT 8 61
[698] = CNOT 8 60
[699] = T 8
[700] = CNOT 8 77
[701] = CNOT 8 60
[702] = CNOT 8 59
[703] = CNOT 58 62
[704] = CNOT 58 64
[705] = CNOT 58 75
[706] = CNOT 58 76
[707] = T 58
[708] = CNOT 58 62
[709] = T 58
[710] = CNOT 58 64
[711] = CNOT 58 62
[712] = T 58
[713] = CNOT 58 76
[714] = CNOT 58 75
[715] = CNOT 58 62
[716] = CNOT 49 63
[717] = CNOT 49 65
[718] = CNOT 49 67
[719] = CNOT 49 75
[720] = T 49
[721] = CNOT 49 63
[722] = T 49
[723] = CNOT 49 65
[724] = CNOT 49 63
[725] = T 49
[726] = CNOT 49 75
[727] = CNOT 49 67
[728] = CNOT 49 63
[729] = CNOT 68 72
[730] = CNOT 68 74
[731] = T 68
[732] = CNOT 68 74
[733] = T 68
[734] = CNOT 68 76
[735] = CNOT 68 75
[736] = CNOT 68 72
[737] = CNOT 5 6
[738] = T 5
[739] = CNOT 5 73
[740] = CNOT 5 72
[741] = CNOT 5 55
[742] = CNOT 5 6
[743] = CNOT 6 55
[744] = CNOT 6 72
[745] = CNOT 6 73
[746] = T 6
[747] = CNOT 6 73
[748] = CNOT 6 72
[749] = CNOT 6 55
[750] = CNOT 8 71
[751] = T 8
[752] = CNOT 8 71
[753] = CNOT 63 65
[754] = CNOT 63 75
[755] = T 63
[756] = S 63
[757] = Z 63
[758] = CNOT 63 65
[759] = CNOT 65 75
[760] = T 65
[761] = S 65
[762] = CNOT 65 75
[763] = T 63
[764] = S 63
[765] = CNOT 63 75
[766] = CNOT 62 64
[767] = CNOT 62 68
[768] = CNOT 62 75
[769] = CNOT 62 76
[770] = T 62
[771] = CNOT 62 64
[772] = CNOT 64 68
[773] = CNOT 64 75
[774] = CNOT 64 76
[775] = T 64
[776] = CNOT 64 76
[777] = CNOT 64 75
[778] = CNOT 64 68
[779] = T 62
[780] = CNOT 62 76
[781] = CNOT 62 75
[782] = CNOT 62 68
[783] = CNOT 8 60
[784] = CNOT 8 61
[785] = CNOT 8 69
[786] = CNOT 8 77
[787] = T 8
[788] = CNOT 8 77
[789] = CNOT 8 76
[790] = CNOT 8 75
[791] = CNOT 8 69
[792] = CNOT 8 61
[793] = CNOT 8 60
[794] = Z 1
[795] = Z 2
[796] = Z 3
[797] = Z 4
[798] = Z 5
[799] = S 7
[800] = Z 7
[801] = S 9
[802] = S 10
[803] = S 11
[804] = Z 13
[805] = Z 14
[806] = S 15
[807] = S 16
[808] = S 17
[809] = S 18
[810] = S 19
[811] = Z 19
[812] = S 20
[813] = Z 22
[814] = S 23
[815] = S 24
[816] = S 25
[817] = S 26
[818] = S 27
[819] = S 28
[820] = S 29
[821] = Z 31
[822] = Z 32
[823] = S 33
[824] = S 34
[825] = S 35
[826] = S 36
[827] = Z 37
[828] = S 38
[829] = Z 39
[830] = Z 40
[831] = S 41
[832] = S 42
[833] = S 43
[834] = S 44
[835] = S 45
[836] = S 46
[837] = S 47
[838] = Z 49
[839] = Z 50
[840] = S 51
[841] = S 52
[842] = S 53
[843] = S 54
[844] = Z 55
[845] = S 56
[846] = S 57
[847] = Z 58
[848] = S 59
[849] = S 60
[850] = S 61
[851] = S 62
[852] = S 63
[853] = Z 63
[854] = S 64
[855] = S 65
[856] = Z 65
[857] = Z 67
[858] = Z 68
[859] = S 69
[860] = Z 72
[861] = S 74
[862] = Z 74
[863] = Z 75
[864] = S 76
[865] = S 77
[866] = CNOT 1 2
[867] = S 1
[868] = CNOT 1 2
[869] = CNOT 1 7
[870] = S 1
[871] = CNOT 1 7
[872] = CNOT 1 8
[873] = S 1
[874] = Z 1
[875] = CNOT 1 8
[876] = CNOT 1 15
[877] = S 1
[878] = CNOT 1 15
[879] = CNOT 1 16
[880] = S 1
[881] = CNOT 1 16
[882] = CNOT 1 75
[883] = S 1
[884] = Z 1
[885] = CNOT 1 75
[886] = CNOT 1 76
[887] = S 1
[888] = Z 1
[889] = CNOT 1 76
[890] = CNOT 1 77
[891] = S 1
[892] = Z 1
[893] = CNOT 1 77
[894] = CNOT 2 7
[895] = S 2
[896] = CNOT 2 7
[897] = CNOT 2 8
[898] = S 2
[899] = Z 2
[900] = CNOT 2 8
[901] = CNOT 2 15
[902] = S 2
[903] = CNOT 2 15
[904] = CNOT 2 17
[905] = S 2
[906] = CNOT 2 17
[907] = CNOT 2 75
[908] = S 2
[909] = Z 2
[910] = CNOT 2 75
[911] = CNOT 2 76
[912] = S 2
[913] = Z 2
[914] = CNOT 2 76
[915] = CNOT 2 77
[916] = S 2
[917] = Z 2
[918] = CNOT 2 77
[919] = CNOT 3 8
[920] = S 3
[921] = Z 3
[922] = CNOT 3 8
[923] = CNOT 3 10
[924] = S 3
[925] = Z 3
[926] = CNOT 3 10
[927] = CNOT 3 14
[928] = S 3
[929] = Z 3
[930] = CNOT 3 14
[931] = CNOT 3 18
[932] = S 3
[933] = CNOT 3 18
[934] = CNOT 3 75
[935] = S 3
[936] = Z 3
[937] = CNOT 3 75
[938] = CNOT 3 76
[939] = S 3
[940] = Z 3
[941] = CNOT 3 76
[942] = CNOT 4 9
[943] = S 4
[944] = Z 4
[945] = CNOT 4 9
[946] = CNOT 4 11
[947] = S 4
[948] = Z 4
[949] = CNOT 4 11
[950] = CNOT 4 13
[951] = S 4
[952] = Z 4
[953] = CNOT 4 13
[954] = CNOT 4 19
[955] = S 4
[956] = CNOT 4 19
[957] = CNOT 4 67
[958] = S 4
[959] = Z 4
[960] = CNOT 4 67
[961] = CNOT 4 75
[962] = S 4
[963] = Z 4
[964] = CNOT 4 75
[965] = CNOT 5 6
[966] = S 5
[967] = Z 5
[968] = CNOT 5 6
[969] = CNOT 5 12
[970] = S 5
[971] = Z 5
[972] = CNOT 5 12
[973] = CNOT 5 19
[974] = Z 5
[975] = CNOT 5 19
[976] = CNOT 5 30
[977] = S 5
[978] = Z 5
[979] = CNOT 5 30
[980] = CNOT 5 37
[981] = S 5
[982] = CNOT 5 37
[983] = CNOT 5 39
[984] = S 5
[985] = CNOT 5 39
[986] = CNOT 5 48
[987] = S 5
[988] = Z 5
[989] = CNOT 5 48
[990] = CNOT 5 55
[991] = S 5
[992] = Z 5
[993] = CNOT 5 55
[994] = CNOT 5 57
[995] = Z 5
[996] = CNOT 5 57
[997] = CNOT 5 66
[998] = S 5
[999] = Z 5
[1000] = CNOT 5 66
[1001] = CNOT 5 73
[1002] = Z 5
[1003] = CNOT 5 73
[1004] = CNOT 5 75
[1005] = Z 5
[1006] = CNOT 5 75
[1007] = CNOT 6 12
[1008] = S 6
[1009] = Z 6
[1010] = CNOT 6 12
[1011] = CNOT 6 30
[1012] = S 6
[1013] = Z 6
[1014] = CNOT 6 30
[1015] = CNOT 6 48
[1016] = S 6
[1017] = Z 6
[1018] = CNOT 6 48
[1019] = CNOT 6 55
[1020] = S 6
[1021] = Z 6
[1022] = CNOT 6 55
[1023] = CNOT 6 66
[1024] = S 6
[1025] = Z 6
[1026] = CNOT 6 66
[1027] = CNOT 6 73
[1028] = S 6
[1029] = Z 6
[1030] = CNOT 6 73
[1031] = CNOT 6 75
[1032] = S 6
[1033] = Z 6
[1034] = CNOT 6 75
[1035] = CNOT 7 8
[1036] = Z 7
[1037] = CNOT 7 8
[1038] = CNOT 7 10
[1039] = S 7
[1040] = CNOT 7 10
[1041] = CNOT 7 75
[1042] = Z 7
[1043] = CNOT 7 75
[1044] = CNOT 7 76
[1045] = Z 7
[1046] = CNOT 7 76
[1047] = CNOT 7 77
[1048] = Z 7
[1049] = CNOT 7 77
[1050] = CNOT 8 10
[1051] = S 8
[1052] = Z 8
[1053] = CNOT 8 10
[1054] = CNOT 8 11
[1055] = S 8
[1056] = CNOT 8 11
[1057] = CNOT 8 16
[1058] = S 8
[1059] = Z 8
[1060] = CNOT 8 16
[1061] = CNOT 8 17
[1062] = S 8
[1063] = Z 8
[1064] = CNOT 8 17
[1065] = CNOT 8 24
[1066] = S 8
[1067] = Z 8
[1068] = CNOT 8 24
[1069] = CNOT 8 25
[1070] = S 8
[1071] = Z 8
[1072] = CNOT 8 25
[1073] = CNOT 8 34
[1074] = S 8
[1075] = Z 8
[1076] = CNOT 8 34
[1077] = CNOT 8 35
[1078] = S 8
[1079] = Z 8
[1080] = CNOT 8 35
[1081] = CNOT 8 42
[1082] = S 8
[1083] = Z 8
[1084] = CNOT 8 42
[1085] = CNOT 8 43
[1086] = S 8
[1087] = Z 8
[1088] = CNOT 8 43
[1089] = CNOT 8 52
[1090] = S 8
[1091] = Z 8
[1092] = CNOT 8 52
[1093] = CNOT 8 53
[1094] = S 8
[1095] = Z 8
[1096] = CNOT 8 53
[1097] = CNOT 8 60
[1098] = S 8
[1099] = Z 8
[1100] = CNOT 8 60
[1101] = CNOT 8 61
[1102] = S 8
[1103] = Z 8
[1104] = CNOT 8 61
[1105] = CNOT 8 70
[1106] = S 8
[1107] = CNOT 8 70
[1108] = CNOT 8 71
[1109] = S 8
[1110] = CNOT 8 71
[1111] = CNOT 8 77
[1112] = Z 8
[1113] = CNOT 8 77
[1114] = CNOT 9 11
[1115] = S 9
[1116] = Z 9
[1117] = CNOT 9 11
[1118] = CNOT 9 12
[1119] = S 9
[1120] = CNOT 9 12
[1121] = CNOT 9 67
[1122] = Z 9
[1123] = CNOT 9 67
[1124] = CNOT 9 75
[1125] = Z 9
[1126] = CNOT 9 75
[1127] = CNOT 10 14
[1128] = S 10
[1129] = Z 10
[1130] = CNOT 10 14
[1131] = CNOT 10 15
[1132] = S 10
[1133] = CNOT 10 15
[1134] = CNOT 10 75
[1135] = S 10
[1136] = Z 10
[1137] = CNOT 10 75
[1138] = CNOT 10 76
[1139] = S 10
[1140] = Z 10
[1141] = CNOT 10 76
[1142] = CNOT 11 13
[1143] = S 11
[1144] = Z 11
[1145] = CNOT 11 13
[1146] = CNOT 11 14
[1147] = S 11
[1148] = CNOT 11 14
[1149] = CNOT 11 67
[1150] = S 11
[1151] = Z 11
[1152] = CNOT 11 67
[1153] = CNOT 11 75
[1154] = S 11
[1155] = Z 11
[1156] = CNOT 11 75
[1157] = CNOT 12 13
[1158] = S 12
[1159] = CNOT 12 13
[1160] = CNOT 12 30
[1161] = Z 12
[1162] = CNOT 12 30
[1163] = CNOT 12 48
[1164] = Z 12
[1165] = CNOT 12 48
[1166] = CNOT 12 55
[1167] = Z 12
[1168] = CNOT 12 55
[1169] = CNOT 12 66
[1170] = Z 12
[1171] = CNOT 12 66
[1172] = CNOT 12 72
[1173] = Z 12
[1174] = CNOT 12 72
[1175] = CNOT 12 75
[1176] = Z 12
[1177] = CNOT 12 75
[1178] = CNOT 13 27
[1179] = S 13
[1180] = Z 13
[1181] = CNOT 13 27
[1182] = CNOT 13 29
[1183] = S 13
[1184] = Z 13
[1185] = CNOT 13 29
[1186] = CNOT 13 30
[1187] = S 13
[1188] = CNOT 13 30
[1189] = CNOT 13 67
[1190] = Z 13
[1191] = CNOT 13 67
[1192] = CNOT 13 75
[1193] = Z 13
[1194] = CNOT 13 75
[1195] = CNOT 14 18
[1196] = S 14
[1197] = Z 14
[1198] = CNOT 14 18
[1199] = CNOT 14 20
[1200] = S 14
[1201] = Z 14
[1202] = CNOT 14 20
[1203] = CNOT 14 21
[1204] = S 14
[1205] = CNOT 14 21
[1206] = CNOT 14 75
[1207] = Z 14
[1208] = CNOT 14 75
[1209] = CNOT 14 76
[1210] = Z 14
[1211] = CNOT 14 76
[1212] = CNOT 15 16
[1213] = S 15
[1214] = CNOT 15 16
[1215] = CNOT 15 17
[1216] = S 15
[1217] = CNOT 15 17
[1218] = CNOT 15 20
[1219] = S 15
[1220] = CNOT 15 20
[1221] = CNOT 16 17
[1222] = S 16
[1223] = CNOT 16 17
[1224] = CNOT 16 23
[1225] = S 16
[1226] = CNOT 16 23
[1227] = CNOT 16 24
[1228] = S 16
[1229] = CNOT 16 24
[1230] = CNOT 16 75
[1231] = S 16
[1232] = Z 16
[1233] = CNOT 16 75
[1234] = CNOT 16 76
[1235] = S 16
[1236] = Z 16
[1237] = CNOT 16 76
[1238] = CNOT 16 77
[1239] = S 16
[1240] = Z 16
[1241] = CNOT 16 77
[1242] = CNOT 17 23
[1243] = S 17
[1244] = CNOT 17 23
[1245] = CNOT 17 25
[1246] = S 17
[1247] = CNOT 17 25
[1248] = CNOT 17 75
[1249] = S 17
[1250] = Z 17
[1251] = CNOT 17 75
[1252] = CNOT 17 76
[1253] = S 17
[1254] = Z 17
[1255] = CNOT 17 76
[1256] = CNOT 17 77
[1257] = S 17
[1258] = Z 17
[1259] = CNOT 17 77
[1260] = CNOT 18 20
[1261] = S 18
[1262] = Z 18
[1263] = CNOT 18 20
[1264] = CNOT 18 22
[1265] = S 18
[1266] = Z 18
[1267] = CNOT 18 22
[1268] = CNOT 18 26
[1269] = S 18
[1270] = CNOT 18 26
[1271] = CNOT 18 75
[1272] = S 18
[1273] = Z 18
[1274] = CNOT 18 75
[1275] = CNOT 18 76
[1276] = S 18
[1277] = Z 18
[1278] = CNOT 18 76
[1279] = CNOT 19 27
[1280] = S 19
[1281] = CNOT 19 27
[1282] = CNOT 19 37
[1283] = Z 19
[1284] = CNOT 19 37
[1285] = CNOT 19 39
[1286] = Z 19
[1287] = CNOT 19 39
[1288] = CNOT 19 57
[1289] = S 19
[1290] = Z 19
[1291] = CNOT 19 57
[1292] = CNOT 19 72
[1293] = S 19
[1294] = Z 19
[1295] = CNOT 19 72
[1296] = CNOT 19 73
[1297] = S 19
[1298] = Z 19
[1299] = CNOT 19 73
[1300] = CNOT 20 22
[1301] = S 20
[1302] = Z 20
[1303] = CNOT 20 22
[1304] = CNOT 20 23
[1305] = S 20
[1306] = CNOT 20 23
[1307] = CNOT 20 75
[1308] = S 20
[1309] = Z 20
[1310] = CNOT 20 75
[1311] = CNOT 20 76
[1312] = S 20
[1313] = Z 20
[1314] = CNOT 20 76
[1315] = CNOT 21 22
[1316] = S 21
[1317] = CNOT 21 22
[1318] = CNOT 22 26
[1319] = S 22
[1320] = Z 22
[1321] = CNOT 22 26
[1322] = CNOT 22 28
[1323] = S 22
[1324] = Z 22
[1325] = CNOT 22 28
[1326] = CNOT 22 29
[1327] = S 22
[1328] = CNOT 22 29
[1329] = CNOT 22 75
[1330] = Z 22
[1331] = CNOT 22 75
[1332] = CNOT 22 76
[1333] = Z 22
[1334] = CNOT 22 76
[1335] = CNOT 23 24
[1336] = S 23
[1337] = CNOT 23 24
[1338] = CNOT 23 25
[1339] = S 23
[1340] = CNOT 23 25
[1341] = CNOT 23 28
[1342] = S 23
[1343] = CNOT 23 28
[1344] = CNOT 24 25
[1345] = S 24
[1346] = CNOT 24 25
[1347] = CNOT 24 33
[1348] = S 24
[1349] = CNOT 24 33
[1350] = CNOT 24 34
[1351] = S 24
[1352] = CNOT 24 34
[1353] = CNOT 24 75
[1354] = S 24
[1355] = Z 24
[1356] = CNOT 24 75
[1357] = CNOT 24 76
[1358] = S 24
[1359] = Z 24
[1360] = CNOT 24 76
[1361] = CNOT 24 77
[1362] = S 24
[1363] = Z 24
[1364] = CNOT 24 77
[1365] = CNOT 25 33
[1366] = S 25
[1367] = CNOT 25 33
[1368] = CNOT 25 35
[1369] = S 25
[1370] = CNOT 25 35
[1371] = CNOT 25 75
[1372] = S 25
[1373] = Z 25
[1374] = CNOT 25 75
[1375] = CNOT 25 76
[1376] = S 25
[1377] = Z 25
[1378] = CNOT 25 76
[1379] = CNOT 25 77
[1380] = S 25
[1381] = Z 25
[1382] = CNOT 25 77
[1383] = CNOT 26 28
[1384] = S 26
[1385] = Z 26
[1386] = CNOT 26 28
[1387] = CNOT 26 32
[1388] = S 26
[1389] = Z 26
[1390] = CNOT 26 32
[1391] = CNOT 26 36
[1392] = S 26
[1393] = CNOT 26 36
[1394] = CNOT 26 75
[1395] = S 26
[1396] = Z 26
[1397] = CNOT 26 75
[1398] = CNOT 26 76
[1399] = S 26
[1400] = Z 26
[1401] = CNOT 26 76
[1402] = CNOT 27 29
[1403] = S 27
[1404] = Z 27
[1405] = CNOT 27 29
[1406] = CNOT 27 31
[1407] = S 27
[1408] = Z 27
[1409] = CNOT 27 31
[1410] = CNOT 27 37
[1411] = S 27
[1412] = CNOT 27 37
[1413] = CNOT 27 67
[1414] = S 27
[1415] = Z 27
[1416] = CNOT 27 67
[1417] = CNOT 27 75
[1418] = S 27
[1419] = Z 27
[1420] = CNOT 27 75
[1421] = CNOT 28 32
[1422] = S 28
[1423] = Z 28
[1424] = CNOT 28 32
[1425] = CNOT 28 33
[1426] = S 28
[1427] = CNOT 28 33
[1428] = CNOT 28 75
[1429] = S 28
[1430] = Z 28
[1431] = CNOT 28 75
[1432] = CNOT 28 76
[1433] = S 28
[1434] = Z 28
[1435] = CNOT 28 76
[1436] = CNOT 29 31
[1437] = S 29
[1438] = Z 29
[1439] = CNOT 29 31
[1440] = CNOT 29 32
[1441] = S 29
[1442] = CNOT 29 32
[1443] = CNOT 29 67
[1444] = S 29
[1445] = Z 29
[1446] = CNOT 29 67
[1447] = CNOT 29 75
[1448] = S 29
[1449] = Z 29
[1450] = CNOT 29 75
[1451] = CNOT 30 31
[1452] = S 30
[1453] = CNOT 30 31
[1454] = CNOT 30 48
[1455] = Z 30
[1456] = CNOT 30 48
[1457] = CNOT 30 55
[1458] = Z 30
[1459] = CNOT 30 55
[1460] = CNOT 30 66
[1461] = Z 30
[1462] = CNOT 30 66
[1463] = CNOT 30 72
[1464] = Z 30
[1465] = CNOT 30 72
[1466] = CNOT 30 75
[1467] = Z 30
[1468] = CNOT 30 75
[1469] = CNOT 31 45
[1470] = S 31
[1471] = Z 31
[1472] = CNOT 31 45
[1473] = CNOT 31 47
[1474] = S 31
[1475] = Z 31
[1476] = CNOT 31 47
[1477] = CNOT 31 48
[1478] = S 31
[1479] = CNOT 31 48
[1480] = CNOT 31 67
[1481] = Z 31
[1482] = CNOT 31 67
[1483] = CNOT 31 75
[1484] = Z 31
[1485] = CNOT 31 75
[1486] = CNOT 32 36
[1487] = S 32
[1488] = Z 32
[1489] = CNOT 32 36
[1490] = CNOT 32 38
[1491] = S 32
[1492] = Z 32
[1493] = CNOT 32 38
[1494] = CNOT 32 39
[1495] = S 32
[1496] = CNOT 32 39
[1497] = CNOT 32 75
[1498] = Z 32
[1499] = CNOT 32 75
[1500] = CNOT 32 76
[1501] = Z 32
[1502] = CNOT 32 76
[1503] = CNOT 33 34
[1504] = S 33
[1505] = CNOT 33 34
[1506] = CNOT 33 35
[1507] = S 33
[1508] = CNOT 33 35
[1509] = CNOT 33 38
[1510] = S 33
[1511] = CNOT 33 38
[1512] = CNOT 34 35
[1513] = S 34
[1514] = CNOT 34 35
[1515] = CNOT 34 41
[1516] = S 34
[1517] = CNOT 34 41
[1518] = CNOT 34 42
[1519] = S 34
[1520] = CNOT 34 42
[1521] = CNOT 34 75
[1522] = S 34
[1523] = Z 34
[1524] = CNOT 34 75
[1525] = CNOT 34 76
[1526] = S 34
[1527] = Z 34
[1528] = CNOT 34 76
[1529] = CNOT 34 77
[1530] = S 34
[1531] = Z 34
[1532] = CNOT 34 77
[1533] = CNOT 35 41
[1534] = S 35
[1535] = CNOT 35 41
[1536] = CNOT 35 43
[1537] = S 35
[1538] = CNOT 35 43
[1539] = CNOT 35 75
[1540] = S 35
[1541] = Z 35
[1542] = CNOT 35 75
[1543] = CNOT 35 76
[1544] = S 35
[1545] = Z 35
[1546] = CNOT 35 76
[1547] = CNOT 35 77
[1548] = S 35
[1549] = Z 35
[1550] = CNOT 35 77
[1551] = CNOT 36 38
[1552] = S 36
[1553] = Z 36
[1554] = CNOT 36 38
[1555] = CNOT 36 40
[1556] = S 36
[1557] = Z 36
[1558] = CNOT 36 40
[1559] = CNOT 36 44
[1560] = S 36
[1561] = CNOT 36 44
[1562] = CNOT 36 75
[1563] = S 36
[1564] = Z 36
[1565] = CNOT 36 75
[1566] = CNOT 36 76
[1567] = S 36
[1568] = Z 36
[1569] = CNOT 36 76
[1570] = CNOT 37 39
[1571] = S 37
[1572] = CNOT 37 39
[1573] = CNOT 37 45
[1574] = S 37
[1575] = CNOT 37 45
[1576] = CNOT 37 57
[1577] = Z 37
[1578] = CNOT 37 57
[1579] = CNOT 37 72
[1580] = Z 37
[1581] = CNOT 37 72
[1582] = CNOT 37 73
[1583] = Z 37
[1584] = CNOT 37 73
[1585] = CNOT 38 40
[1586] = S 38
[1587] = Z 38
[1588] = CNOT 38 40
[1589] = CNOT 38 41
[1590] = S 38
[1591] = CNOT 38 41
[1592] = CNOT 38 75
[1593] = S 38
[1594] = Z 38
[1595] = CNOT 38 75
[1596] = CNOT 38 76
[1597] = S 38
[1598] = Z 38
[1599] = CNOT 38 76
[1600] = CNOT 39 40
[1601] = S 39
[1602] = CNOT 39 40
[1603] = CNOT 39 57
[1604] = Z 39
[1605] = CNOT 39 57
[1606] = CNOT 39 72
[1607] = Z 39
[1608] = CNOT 39 72
[1609] = CNOT 39 73
[1610] = Z 39
[1611] = CNOT 39 73
[1612] = CNOT 40 44
[1613] = S 40
[1614] = Z 40
[1615] = CNOT 40 44
[1616] = CNOT 40 46
[1617] = S 40
[1618] = Z 40
[1619] = CNOT 40 46
[1620] = CNOT 40 47
[1621] = S 40
[1622] = CNOT 40 47
[1623] = CNOT 40 75
[1624] = Z 40
[1625] = CNOT 40 75
[1626] = CNOT 40 76
[1627] = Z 40
[1628] = CNOT 40 76
[1629] = CNOT 41 42
[1630] = S 41
[1631] = CNOT 41 42
[1632] = CNOT 41 43
[1633] = S 41
[1634] = CNOT 41 43
[1635] = CNOT 41 46
[1636] = S 41
[1637] = CNOT 41 46
[1638] = CNOT 42 43
[1639] = S 42
[1640] = CNOT 42 43
[1641] = CNOT 42 51
[1642] = S 42
[1643] = CNOT 42 51
[1644] = CNOT 42 52
[1645] = S 42
[1646] = CNOT 42 52
[1647] = CNOT 42 75
[1648] = S 42
[1649] = Z 42
[1650] = CNOT 42 75
[1651] = CNOT 42 76
[1652] = S 42
[1653] = Z 42
[1654] = CNOT 42 76
[1655] = CNOT 42 77
[1656] = S 42
[1657] = Z 42
[1658] = CNOT 42 77
[1659] = CNOT 43 51
[1660] = S 43
[1661] = CNOT 43 51
[1662] = CNOT 43 53
[1663] = S 43
[1664] = CNOT 43 53
[1665] = CNOT 43 75
[1666] = S 43
[1667] = Z 43
[1668] = CNOT 43 75
[1669] = CNOT 43 76
[1670] = S 43
[1671] = Z 43
[1672] = CNOT 43 76
[1673] = CNOT 43 77
[1674] = S 43
[1675] = Z 43
[1676] = CNOT 43 77
[1677] = CNOT 44 46
[1678] = S 44
[1679] = Z 44
[1680] = CNOT 44 46
[1681] = CNOT 44 50
[1682] = S 44
[1683] = Z 44
[1684] = CNOT 44 50
[1685] = CNOT 44 54
[1686] = S 44
[1687] = CNOT 44 54
[1688] = CNOT 44 75
[1689] = S 44
[1690] = Z 44
[1691] = CNOT 44 75
[1692] = CNOT 44 76
[1693] = S 44
[1694] = Z 44
[1695] = CNOT 44 76
[1696] = CNOT 45 47
[1697] = S 45
[1698] = Z 45
[1699] = CNOT 45 47
[1700] = CNOT 45 49
[1701] = S 45
[1702] = Z 45
[1703] = CNOT 45 49
[1704] = CNOT 45 55
[1705] = S 45
[1706] = CNOT 45 55
[1707] = CNOT 45 67
[1708] = S 45
[1709] = Z 45
[1710] = CNOT 45 67
[1711] = CNOT 45 75
[1712] = S 45
[1713] = Z 45
[1714] = CNOT 45 75
[1715] = CNOT 46 50
[1716] = S 46
[1717] = Z 46
[1718] = CNOT 46 50
[1719] = CNOT 46 51
[1720] = S 46
[1721] = CNOT 46 51
[1722] = CNOT 46 75
[1723] = S 46
[1724] = Z 46
[1725] = CNOT 46 75
[1726] = CNOT 46 76
[1727] = S 46
[1728] = Z 46
[1729] = CNOT 46 76
[1730] = CNOT 47 49
[1731] = S 47
[1732] = Z 47
[1733] = CNOT 47 49
[1734] = CNOT 47 50
[1735] = S 47
[1736] = CNOT 47 50
[1737] = CNOT 47 67
[1738] = S 47
[1739] = Z 47
[1740] = CNOT 47 67
[1741] = CNOT 47 75
[1742] = S 47
[1743] = Z 47
[1744] = CNOT 47 75
[1745] = CNOT 48 49
[1746] = S 48
[1747] = CNOT 48 49
[1748] = CNOT 48 55
[1749] = Z 48
[1750] = CNOT 48 55
[1751] = CNOT 48 66
[1752] = Z 48
[1753] = CNOT 48 66
[1754] = CNOT 48 72
[1755] = Z 48
[1756] = CNOT 48 72
[1757] = CNOT 48 75
[1758] = Z 48
[1759] = CNOT 48 75
[1760] = CNOT 49 63
[1761] = S 49
[1762] = Z 49
[1763] = CNOT 49 63
[1764] = CNOT 49 65
[1765] = S 49
[1766] = Z 49
[1767] = CNOT 49 65
[1768] = CNOT 49 66
[1769] = S 49
[1770] = CNOT 49 66
[1771] = CNOT 49 67
[1772] = Z 49
[1773] = CNOT 49 67
[1774] = CNOT 49 75
[1775] = Z 49
[1776] = CNOT 49 75
[1777] = CNOT 50 54
[1778] = S 50
[1779] = Z 50
[1780] = CNOT 50 54
[1781] = CNOT 50 56
[1782] = S 50
[1783] = Z 50
[1784] = CNOT 50 56
[1785] = CNOT 50 57
[1786] = S 50
[1787] = CNOT 50 57
[1788] = CNOT 50 75
[1789] = Z 50
[1790] = CNOT 50 75
[1791] = CNOT 50 76
[1792] = Z 50
[1793] = CNOT 50 76
[1794] = CNOT 51 52
[1795] = S 51
[1796] = CNOT 51 52
[1797] = CNOT 51 53
[1798] = S 51
[1799] = CNOT 51 53
[1800] = CNOT 51 56
[1801] = S 51
[1802] = CNOT 51 56
[1803] = CNOT 52 53
[1804] = S 52
[1805] = CNOT 52 53
[1806] = CNOT 52 59
[1807] = S 52
[1808] = CNOT 52 59
[1809] = CNOT 52 60
[1810] = S 52
[1811] = CNOT 52 60
[1812] = CNOT 52 75
[1813] = S 52
[1814] = Z 52
[1815] = CNOT 52 75
[1816] = CNOT 52 76
[1817] = S 52
[1818] = Z 52
[1819] = CNOT 52 76
[1820] = CNOT 52 77
[1821] = S 52
[1822] = Z 52
[1823] = CNOT 52 77
[1824] = CNOT 53 59
[1825] = S 53
[1826] = CNOT 53 59
[1827] = CNOT 53 61
[1828] = S 53
[1829] = CNOT 53 61
[1830] = CNOT 53 75
[1831] = S 53
[1832] = Z 53
[1833] = CNOT 53 75
[1834] = CNOT 53 76
[1835] = S 53
[1836] = Z 53
[1837] = CNOT 53 76
[1838] = CNOT 53 77
[1839] = S 53
[1840] = Z 53
[1841] = CNOT 53 77
[1842] = CNOT 54 56
[1843] = S 54
[1844] = Z 54
[1845] = CNOT 54 56
[1846] = CNOT 54 58
[1847] = S 54
[1848] = Z 54
[1849] = CNOT 54 58
[1850] = CNOT 54 62
[1851] = S 54
[1852] = CNOT 54 62
[1853] = CNOT 54 75
[1854] = S 54
[1855] = Z 54
[1856] = CNOT 54 75
[1857] = CNOT 54 76
[1858] = S 54
[1859] = Z 54
[1860] = CNOT 54 76
[1861] = CNOT 55 57
[1862] = S 55
[1863] = Z 55
[1864] = CNOT 55 57
[1865] = CNOT 55 63
[1866] = S 55
[1867] = CNOT 55 63
[1868] = CNOT 55 66
[1869] = Z 55
[1870] = CNOT 55 66
[1871] = CNOT 55 72
[1872] = S 55
[1873] = CNOT 55 72
[1874] = CNOT 55 73
[1875] = S 55
[1876] = Z 55
[1877] = CNOT 55 73
[1878] = CNOT 55 75
[1879] = Z 55
[1880] = CNOT 55 75
[1881] = CNOT 56 58
[1882] = S 56
[1883] = Z 56
[1884] = CNOT 56 58
[1885] = CNOT 56 59
[1886] = S 56
[1887] = CNOT 56 59
[1888] = CNOT 56 75
[1889] = S 56
[1890] = Z 56
[1891] = CNOT 56 75
[1892] = CNOT 56 76
[1893] = S 56
[1894] = Z 56
[1895] = CNOT 56 76
[1896] = CNOT 57 58
[1897] = S 57
[1898] = CNOT 57 58
[1899] = CNOT 57 72
[1900] = Z 57
[1901] = CNOT 57 72
[1902] = CNOT 57 73
[1903] = Z 57
[1904] = CNOT 57 73
[1905] = CNOT 58 62
[1906] = S 58
[1907] = Z 58
[1908] = CNOT 58 62
[1909] = CNOT 58 64
[1910] = S 58
[1911] = Z 58
[1912] = CNOT 58 64
[1913] = CNOT 58 65
[1914] = S 58
[1915] = CNOT 58 65
[1916] = CNOT 58 75
[1917] = Z 58
[1918] = CNOT 58 75
[1919] = CNOT 58 76
[1920] = Z 58
[1921] = CNOT 58 76
[1922] = CNOT 59 60
[1923] = S 59
[1924] = CNOT 59 60
[1925] = CNOT 59 61
[1926] = S 59
[1927] = CNOT 59 61
[1928] = CNOT 59 64
[1929] = S 59
[1930] = CNOT 59 64
[1931] = CNOT 60 61
[1932] = S 60
[1933] = CNOT 60 61
[1934] = CNOT 60 69
[1935] = S 60
[1936] = CNOT 60 69
[1937] = CNOT 60 70
[1938] = S 60
[1939] = CNOT 60 70
[1940] = CNOT 60 75
[1941] = S 60
[1942] = Z 60
[1943] = CNOT 60 75
[1944] = CNOT 60 76
[1945] = S 60
[1946] = Z 60
[1947] = CNOT 60 76
[1948] = CNOT 60 77
[1949] = S 60
[1950] = Z 60
[1951] = CNOT 60 77
[1952] = CNOT 61 69
[1953] = S 61
[1954] = CNOT 61 69
[1955] = CNOT 61 71
[1956] = S 61
[1957] = CNOT 61 71
[1958] = CNOT 61 75
[1959] = S 61
[1960] = Z 61
[1961] = CNOT 61 75
[1962] = CNOT 61 76
[1963] = S 61
[1964] = Z 61
[1965] = CNOT 61 76
[1966] = CNOT 61 77
[1967] = S 61
[1968] = Z 61
[1969] = CNOT 61 77
[1970] = CNOT 62 64
[1971] = S 62
[1972] = Z 62
[1973] = CNOT 62 64
[1974] = CNOT 62 68
[1975] = S 62
[1976] = Z 62
[1977] = CNOT 62 68
[1978] = CNOT 62 72
[1979] = S 62
[1980] = CNOT 62 72
[1981] = CNOT 62 75
[1982] = S 62
[1983] = Z 62
[1984] = CNOT 62 75
[1985] = CNOT 62 76
[1986] = S 62
[1987] = Z 62
[1988] = CNOT 62 76
[1989] = CNOT 63 65
[1990] = Z 63
[1991] = CNOT 63 65
[1992] = CNOT 63 67
[1993] = S 63
[1994] = Z 63
[1995] = CNOT 63 67
[1996] = CNOT 63 73
[1997] = S 63
[1998] = CNOT 63 73
[1999] = CNOT 64 68
[2000] = S 64
[2001] = Z 64
[2002] = CNOT 64 68
[2003] = CNOT 64 69
[2004] = S 64
[2005] = CNOT 64 69
[2006] = CNOT 64 75
[2007] = S 64
[2008] = Z 64
[2009] = CNOT 64 75
[2010] = CNOT 64 76
[2011] = S 64
[2012] = Z 64
[2013] = CNOT 64 76
[2014] = CNOT 65 67
[2015] = S 65
[2016] = Z 65
[2017] = CNOT 65 67
[2018] = CNOT 65 68
[2019] = S 65
[2020] = CNOT 65 68
[2021] = CNOT 66 67
[2022] = S 66
[2023] = CNOT 66 67
[2024] = CNOT 66 72
[2025] = Z 66
[2026] = CNOT 66 72
[2027] = CNOT 66 75
[2028] = Z 66
[2029] = CNOT 66 75
[2030] = CNOT 68 72
[2031] = S 68
[2032] = Z 68
[2033] = CNOT 68 72
[2034] = CNOT 68 74
[2035] = S 68
[2036] = Z 68
[2037] = CNOT 68 74
[2038] = CNOT 68 75
[2039] = S 68
[2040] = Z 68
[2041] = CNOT 68 75
[2042] = CNOT 68 76
[2043] = Z 68
[2044] = CNOT 68 76
[2045] = CNOT 69 70
[2046] = S 69
[2047] = CNOT 69 70
[2048] = CNOT 69 71
[2049] = S 69
[2050] = CNOT 69 71
[2051] = CNOT 69 74
[2052] = S 69
[2053] = CNOT 69 74
[2054] = CNOT 70 75
[2055] = S 70
[2056] = CNOT 70 75
[2057] = CNOT 70 76
[2058] = S 70
[2059] = CNOT 70 76
[2060] = CNOT 70 77
[2061] = S 70
[2062] = CNOT 70 77
[2063] = CNOT 71 75
[2064] = S 71
[2065] = CNOT 71 75
[2066] = CNOT 71 76
[2067] = S 71
[2068] = CNOT 71 76
[2069] = CNOT 71 77
[2070] = S 71
[2071] = CNOT 71 77
[2072] = CNOT 72 73
[2073] = S 72
[2074] = CNOT 72 73
[2075] = CNOT 72 74
[2076] = Z 72
[2077] = CNOT 72 74
[2078] = CNOT 72 75
[2079] = S 72
[2080] = Z 72
[2081] = CNOT 72 75
[2082] = CNOT 72 76
[2083] = S 72
[2084] = Z 72
[2085] = CNOT 72 76
[2086] = CNOT 73 75
[2087] = S 73
[2088] = Z 73
[2089] = CNOT 73 75
[2090] = CNOT 74 76
[2091] = S 74
[2092] = Z 74
[2093] = CNOT 74 76
[2094] = CNOT 74 77
[2095] = S 74
[2096] = CNOT 74 77
[2097] = CNOT 75 76
[2098] = S 75
[2099] = Z 75
[2100] = CNOT 75 76
[2101] = CNOT 75 77
[2102] = Z 75
[2103] = CNOT 75 77
[2104] = CNOT 76 77
[2105] = Z 76
[2106] = CNOT 76 77
[2107] = CNOT 1 2
[2108] = CNOT 1 8
[2109] = S 1
[2110] = Z 1
[2111] = CNOT 1 8
[2112] = CNOT 1 75
[2113] = S 1
[2114] = Z 1
[2115] = CNOT 1 75
[2116] = CNOT 1 76
[2117] = S 1
[2118] = Z 1
[2119] = CNOT 1 76
[2120] = CNOT 1 77
[2121] = S 1
[2122] = Z 1
[2123] = CNOT 1 77
[2124] = CNOT 1 2
[2125] = CNOT 1 7
[2126] = CNOT 1 8
[2127] = S 1
[2128] = Z 1
[2129] = CNOT 1 8
[2130] = CNOT 1 75
[2131] = S 1
[2132] = Z 1
[2133] = CNOT 1 75
[2134] = CNOT 1 76
[2135] = S 1
[2136] = Z 1
[2137] = CNOT 1 76
[2138] = CNOT 1 77
[2139] = S 1
[2140] = Z 1
[2141] = CNOT 1 77
[2142] = CNOT 1 7
[2143] = CNOT 1 8
[2144] = CNOT 1 15
[2145] = S 1
[2146] = Z 1
[2147] = CNOT 1 15
[2148] = CNOT 1 75
[2149] = Z 1
[2150] = CNOT 1 75
[2151] = CNOT 1 76
[2152] = Z 1
[2153] = CNOT 1 76
[2154] = CNOT 1 77
[2155] = Z 1
[2156] = CNOT 1 77
[2157] = CNOT 1 8
[2158] = CNOT 1 15
[2159] = CNOT 1 75
[2160] = S 1
[2161] = Z 1
[2162] = CNOT 1 75
[2163] = CNOT 1 76
[2164] = S 1
[2165] = Z 1
[2166] = CNOT 1 76
[2167] = CNOT 1 77
[2168] = S 1
[2169] = Z 1
[2170] = CNOT 1 77
[2171] = CNOT 1 15
[2172] = CNOT 1 75
[2173] = CNOT 1 76
[2174] = Z 1
[2175] = CNOT 1 76
[2176] = CNOT 1 77
[2177] = Z 1
[2178] = CNOT 1 75
[2179] = CNOT 1 76
[2180] = Z 1
[2181] = CNOT 1 77
[2182] = CNOT 1 76
[2183] = CNOT 2 7
[2184] = CNOT 2 8
[2185] = S 2
[2186] = Z 2
[2187] = CNOT 2 8
[2188] = CNOT 2 75
[2189] = S 2
[2190] = Z 2
[2191] = CNOT 2 75
[2192] = CNOT 2 76
[2193] = S 2
[2194] = Z 2
[2195] = CNOT 2 76
[2196] = CNOT 2 77
[2197] = S 2
[2198] = Z 2
[2199] = CNOT 2 77
[2200] = CNOT 2 7
[2201] = CNOT 2 8
[2202] = CNOT 2 15
[2203] = S 2
[2204] = Z 2
[2205] = CNOT 2 15
[2206] = CNOT 2 75
[2207] = Z 2
[2208] = CNOT 2 75
[2209] = CNOT 2 76
[2210] = Z 2
[2211] = CNOT 2 76
[2212] = CNOT 2 77
[2213] = Z 2
[2214] = CNOT 2 77
[2215] = CNOT 2 8
[2216] = CNOT 2 15
[2217] = CNOT 2 75
[2218] = S 2
[2219] = Z 2
[2220] = CNOT 2 75
[2221] = CNOT 2 76
[2222] = S 2
[2223] = Z 2
[2224] = CNOT 2 76
[2225] = CNOT 2 77
[2226] = S 2
[2227] = Z 2
[2228] = CNOT 2 77
[2229] = CNOT 2 15
[2230] = CNOT 2 75
[2231] = CNOT 2 76
[2232] = Z 2
[2233] = CNOT 2 76
[2234] = CNOT 2 77
[2235] = Z 2
[2236] = CNOT 2 75
[2237] = CNOT 2 76
[2238] = Z 2
[2239] = CNOT 2 77
[2240] = CNOT 2 76
[2241] = CNOT 3 8
[2242] = CNOT 3 75
[2243] = S 3
[2244] = Z 3
[2245] = CNOT 3 75
[2246] = CNOT 3 76
[2247] = S 3
[2248] = Z 3
[2249] = CNOT 3 76
[2250] = CNOT 3 8
[2251] = CNOT 3 10
[2252] = CNOT 3 75
[2253] = S 3
[2254] = Z 3
[2255] = CNOT 3 75
[2256] = CNOT 3 76
[2257] = S 3
[2258] = Z 3
[2259] = CNOT 3 76
[2260] = CNOT 3 10
[2261] = CNOT 3 14
[2262] = CNOT 3 75
[2263] = S 3
[2264] = Z 3
[2265] = CNOT 3 75
[2266] = CNOT 3 76
[2267] = S 3
[2268] = Z 3
[2269] = CNOT 3 14
[2270] = CNOT 3 75
[2271] = Z 3
[2272] = CNOT 3 76
[2273] = CNOT 3 75
[2274] = CNOT 4 9
[2275] = CNOT 4 67
[2276] = S 4
[2277] = Z 4
[2278] = CNOT 4 67
[2279] = CNOT 4 75
[2280] = S 4
[2281] = Z 4
[2282] = CNOT 4 75
[2283] = CNOT 4 9
[2284] = CNOT 4 11
[2285] = CNOT 4 67
[2286] = S 4
[2287] = Z 4
[2288] = CNOT 4 67
[2289] = CNOT 4 75
[2290] = S 4
[2291] = Z 4
[2292] = CNOT 4 75
[2293] = CNOT 4 11
[2294] = CNOT 4 13
[2295] = CNOT 4 67
[2296] = S 4
[2297] = Z 4
[2298] = CNOT 4 67
[2299] = CNOT 4 75
[2300] = S 4
[2301] = Z 4
[2302] = CNOT 4 13
[2303] = CNOT 4 67
[2304] = Z 4
[2305] = CNOT 4 75
[2306] = CNOT 4 67
[2307] = CNOT 5 6
[2308] = CNOT 5 55
[2309] = S 5
[2310] = Z 5
[2311] = CNOT 5 55
[2312] = CNOT 5 73
[2313] = S 5
[2314] = Z 5
[2315] = CNOT 5 73
[2316] = CNOT 5 75
[2317] = S 5
[2318] = Z 5
[2319] = CNOT 5 75
[2320] = CNOT 5 6
[2321] = CNOT 5 12
[2322] = CNOT 5 30
[2323] = S 5
[2324] = Z 5
[2325] = CNOT 5 30
[2326] = CNOT 5 48
[2327] = S 5
[2328] = Z 5
[2329] = CNOT 5 48
[2330] = CNOT 5 55
[2331] = S 5
[2332] = Z 5
[2333] = CNOT 5 55
[2334] = CNOT 5 66
[2335] = S 5
[2336] = Z 5
[2337] = CNOT 5 66
[2338] = CNOT 5 72
[2339] = S 5
[2340] = Z 5
[2341] = CNOT 5 72
[2342] = CNOT 5 75
[2343] = S 5
[2344] = Z 5
[2345] = CNOT 5 75
[2346] = CNOT 5 12
[2347] = CNOT 5 19
[2348] = CNOT 5 37
[2349] = S 5
[2350] = Z 5
[2351] = CNOT 5 37
[2352] = CNOT 5 39
[2353] = S 5
[2354] = Z 5
[2355] = CNOT 5 39
[2356] = CNOT 5 57
[2357] = Z 5
[2358] = CNOT 5 57
[2359] = CNOT 5 72
[2360] = Z 5
[2361] = CNOT 5 72
[2362] = CNOT 5 73
[2363] = Z 5
[2364] = CNOT 5 73
[2365] = CNOT 5 19
[2366] = CNOT 5 21
[2367] = CNOT 5 57
[2368] = S 5
[2369] = Z 5
[2370] = CNOT 5 57
[2371] = CNOT 5 72
[2372] = S 5
[2373] = Z 5
[2374] = CNOT 5 72
[2375] = CNOT 5 73
[2376] = S 5
[2377] = Z 5
[2378] = CNOT 5 73
[2379] = CNOT 5 21
[2380] = CNOT 5 30
[2381] = CNOT 5 48
[2382] = S 5
[2383] = Z 5
[2384] = CNOT 5 48
[2385] = CNOT 5 55
[2386] = S 5
[2387] = Z 5
[2388] = CNOT 5 55
[2389] = CNOT 5 66
[2390] = S 5
[2391] = Z 5
[2392] = CNOT 5 66
[2393] = CNOT 5 72
[2394] = S 5
[2395] = Z 5
[2396] = CNOT 5 72
[2397] = CNOT 5 75
[2398] = S 5
[2399] = Z 5
[2400] = CNOT 5 75
[2401] = CNOT 5 30
[2402] = CNOT 5 37
[2403] = CNOT 5 57
[2404] = S 5
[2405] = Z 5
[2406] = CNOT 5 57
[2407] = CNOT 5 72
[2408] = S 5
[2409] = Z 5
[2410] = CNOT 5 72
[2411] = CNOT 5 73
[2412] = S 5
[2413] = Z 5
[2414] = CNOT 5 73
[2415] = CNOT 5 37
[2416] = CNOT 5 39
[2417] = CNOT 5 57
[2418] = S 5
[2419] = Z 5
[2420] = CNOT 5 57
[2421] = CNOT 5 72
[2422] = S 5
[2423] = Z 5
[2424] = CNOT 5 72
[2425] = CNOT 5 73
[2426] = S 5
[2427] = Z 5
[2428] = CNOT 5 73
[2429] = CNOT 5 39
[2430] = CNOT 5 48
[2431] = CNOT 5 55
[2432] = S 5
[2433] = Z 5
[2434] = CNOT 5 55
[2435] = CNOT 5 66
[2436] = S 5
[2437] = Z 5
[2438] = CNOT 5 66
[2439] = CNOT 5 72
[2440] = S 5
[2441] = Z 5
[2442] = CNOT 5 72
[2443] = CNOT 5 75
[2444] = S 5
[2445] = Z 5
[2446] = CNOT 5 75
[2447] = CNOT 5 48
[2448] = CNOT 5 55
[2449] = CNOT 5 66
[2450] = S 5
[2451] = Z 5
[2452] = CNOT 5 66
[2453] = CNOT 5 72
[2454] = Z 5
[2455] = CNOT 5 72
[2456] = CNOT 5 73
[2457] = S 5
[2458] = Z 5
[2459] = CNOT 5 73
[2460] = CNOT 5 75
[2461] = S 5
[2462] = Z 5
[2463] = CNOT 5 75
[2464] = CNOT 5 55
[2465] = CNOT 5 57
[2466] = CNOT 5 72
[2467] = S 5
[2468] = CNOT 5 72
[2469] = CNOT 5 73
[2470] = S 5
[2471] = CNOT 5 73
[2472] = CNOT 5 57
[2473] = CNOT 5 66
[2474] = CNOT 5 72
[2475] = S 5
[2476] = Z 5
[2477] = CNOT 5 72
[2478] = CNOT 5 75
[2479] = S 5
[2480] = Z 5
[2481] = CNOT 5 75
[2482] = CNOT 5 66
[2483] = CNOT 6 12
[2484] = CNOT 6 30
[2485] = S 6
[2486] = Z 6
[2487] = CNOT 6 30
[2488] = CNOT 6 48
[2489] = S 6
[2490] = Z 6
[2491] = CNOT 6 48
[2492] = CNOT 6 55
[2493] = S 6
[2494] = Z 6
[2495] = CNOT 6 55
[2496] = CNOT 6 66
[2497] = S 6
[2498] = Z 6
[2499] = CNOT 6 66
[2500] = CNOT 6 72
[2501] = S 6
[2502] = Z 6
[2503] = CNOT 6 72
[2504] = CNOT 6 75
[2505] = S 6
[2506] = Z 6
[2507] = CNOT 6 75
[2508] = CNOT 6 12
[2509] = CNOT 6 30
[2510] = CNOT 6 48
[2511] = S 6
[2512] = Z 6
[2513] = CNOT 6 48
[2514] = CNOT 6 55
[2515] = S 6
[2516] = Z 6
[2517] = CNOT 6 55
[2518] = CNOT 6 66
[2519] = S 6
[2520] = Z 6
[2521] = CNOT 6 66
[2522] = CNOT 6 72
[2523] = S 6
[2524] = Z 6
[2525] = CNOT 6 72
[2526] = CNOT 6 75
[2527] = S 6
[2528] = Z 6
[2529] = CNOT 6 75
[2530] = CNOT 6 30
[2531] = CNOT 6 48
[2532] = CNOT 6 55
[2533] = S 6
[2534] = Z 6
[2535] = CNOT 6 55
[2536] = CNOT 6 66
[2537] = S 6
[2538] = Z 6
[2539] = CNOT 6 66
[2540] = CNOT 6 72
[2541] = S 6
[2542] = Z 6
[2543] = CNOT 6 72
[2544] = CNOT 6 75
[2545] = S 6
[2546] = Z 6
[2547] = CNOT 6 75
[2548] = CNOT 6 48
[2549] = CNOT 6 55
[2550] = CNOT 6 66
[2551] = S 6
[2552] = Z 6
[2553] = CNOT 6 66
[2554] = CNOT 6 72
[2555] = Z 6
[2556] = CNOT 6 72
[2557] = CNOT 6 73
[2558] = S 6
[2559] = Z 6
[2560] = CNOT 6 73
[2561] = CNOT 6 75
[2562] = S 6
[2563] = Z 6
[2564] = CNOT 6 75
[2565] = CNOT 6 55
[2566] = CNOT 6 66
[2567] = CNOT 6 72
[2568] = S 6
[2569] = Z 6
[2570] = CNOT 6 72
[2571] = CNOT 6 75
[2572] = S 6
[2573] = Z 6
[2574] = CNOT 6 75
[2575] = CNOT 6 66
[2576] = CNOT 6 72
[2577] = CNOT 6 73
[2578] = Z 6
[2579] = CNOT 6 73
[2580] = CNOT 6 75
[2581] = Z 6
[2582] = CNOT 6 72
[2583] = CNOT 6 73
[2584] = S 6
[2585] = Z 6
[2586] = CNOT 6 75
[2587] = CNOT 6 73
[2588] = CNOT 7 8
[2589] = CNOT 7 75
[2590] = Z 7
[2591] = CNOT 7 75
[2592] = CNOT 7 76
[2593] = Z 7
[2594] = CNOT 7 76
[2595] = CNOT 7 77
[2596] = Z 7
[2597] = CNOT 7 77
[2598] = CNOT 7 8
[2599] = CNOT 7 75
[2600] = CNOT 7 76
[2601] = Z 7
[2602] = CNOT 7 76
[2603] = CNOT 7 77
[2604] = Z 7
[2605] = CNOT 7 75
[2606] = CNOT 7 76
[2607] = Z 7
[2608] = CNOT 7 76
[2609] = CNOT 8 10
[2610] = CNOT 8 75
[2611] = S 8
[2612] = Z 8
[2613] = CNOT 8 75
[2614] = CNOT 8 76
[2615] = S 8
[2616] = Z 8
[2617] = CNOT 8 76
[2618] = CNOT 8 10
[2619] = CNOT 8 15
[2620] = CNOT 8 16
[2621] = S 8
[2622] = Z 8
[2623] = CNOT 8 16
[2624] = CNOT 8 17
[2625] = S 8
[2626] = Z 8
[2627] = CNOT 8 17
[2628] = CNOT 8 75
[2629] = S 8
[2630] = CNOT 8 75
[2631] = CNOT 8 76
[2632] = S 8
[2633] = CNOT 8 76
[2634] = CNOT 8 77
[2635] = S 8
[2636] = CNOT 8 77
[2637] = CNOT 8 15
[2638] = CNOT 8 16
[2639] = CNOT 8 17
[2640] = S 8
[2641] = Z 8
[2642] = CNOT 8 17
[2643] = CNOT 8 23
[2644] = S 8
[2645] = Z 8
[2646] = CNOT 8 23
[2647] = CNOT 8 75
[2648] = Z 8
[2649] = CNOT 8 75
[2650] = CNOT 8 76
[2651] = Z 8
[2652] = CNOT 8 76
[2653] = CNOT 8 77
[2654] = Z 8
[2655] = CNOT 8 77
[2656] = CNOT 8 16
[2657] = CNOT 8 17
[2658] = CNOT 8 23
[2659] = S 8
[2660] = Z 8
[2661] = CNOT 8 23
[2662] = CNOT 8 75
[2663] = Z 8
[2664] = CNOT 8 75
[2665] = CNOT 8 76
[2666] = Z 8
[2667] = CNOT 8 76
[2668] = CNOT 8 77
[2669] = Z 8
[2670] = CNOT 8 77
[2671] = CNOT 8 17
[2672] = CNOT 8 23
[2673] = CNOT 8 24
[2674] = S 8
[2675] = Z 8
[2676] = CNOT 8 24
[2677] = CNOT 8 25
[2678] = S 8
[2679] = Z 8
[2680] = CNOT 8 25
[2681] = CNOT 8 75
[2682] = S 8
[2683] = CNOT 8 75
[2684] = CNOT 8 76
[2685] = S 8
[2686] = CNOT 8 76
[2687] = CNOT 8 77
[2688] = S 8
[2689] = CNOT 8 77
[2690] = CNOT 8 23
[2691] = CNOT 8 24
[2692] = CNOT 8 25
[2693] = S 8
[2694] = Z 8
[2695] = CNOT 8 25
[2696] = CNOT 8 33
[2697] = S 8
[2698] = Z 8
[2699] = CNOT 8 33
[2700] = CNOT 8 75
[2701] = Z 8
[2702] = CNOT 8 75
[2703] = CNOT 8 76
[2704] = Z 8
[2705] = CNOT 8 76
[2706] = CNOT 8 77
[2707] = Z 8
[2708] = CNOT 8 77
[2709] = CNOT 8 24
[2710] = CNOT 8 25
[2711] = CNOT 8 33
[2712] = S 8
[2713] = Z 8
[2714] = CNOT 8 33
[2715] = CNOT 8 75
[2716] = Z 8
[2717] = CNOT 8 75
[2718] = CNOT 8 76
[2719] = Z 8
[2720] = CNOT 8 76
[2721] = CNOT 8 77
[2722] = Z 8
[2723] = CNOT 8 77
[2724] = CNOT 8 25
[2725] = CNOT 8 33
[2726] = CNOT 8 34
[2727] = S 8
[2728] = Z 8
[2729] = CNOT 8 34
[2730] = CNOT 8 35
[2731] = S 8
[2732] = Z 8
[2733] = CNOT 8 35
[2734] = CNOT 8 75
[2735] = S 8
[2736] = CNOT 8 75
[2737] = CNOT 8 76
[2738] = S 8
[2739] = CNOT 8 76
[2740] = CNOT 8 77
[2741] = S 8
[2742] = CNOT 8 77
[2743] = CNOT 8 33
[2744] = CNOT 8 34
[2745] = CNOT 8 35
[2746] = S 8
[2747] = Z 8
[2748] = CNOT 8 35
[2749] = CNOT 8 41
[2750] = S 8
[2751] = Z 8
[2752] = CNOT 8 41
[2753] = CNOT 8 75
[2754] = Z 8
[2755] = CNOT 8 75
[2756] = CNOT 8 76
[2757] = Z 8
[2758] = CNOT 8 76
[2759] = CNOT 8 77
[2760] = Z 8
[2761] = CNOT 8 77
[2762] = CNOT 8 34
[2763] = CNOT 8 35
[2764] = CNOT 8 41
[2765] = S 8
[2766] = Z 8
[2767] = CNOT 8 41
[2768] = CNOT 8 75
[2769] = Z 8
[2770] = CNOT 8 75
[2771] = CNOT 8 76
[2772] = Z 8
[2773] = CNOT 8 76
[2774] = CNOT 8 77
[2775] = Z 8
[2776] = CNOT 8 77
[2777] = CNOT 8 35
[2778] = CNOT 8 41
[2779] = CNOT 8 42
[2780] = S 8
[2781] = Z 8
[2782] = CNOT 8 42
[2783] = CNOT 8 43
[2784] = S 8
[2785] = Z 8
[2786] = CNOT 8 43
[2787] = CNOT 8 75
[2788] = S 8
[2789] = CNOT 8 75
[2790] = CNOT 8 76
[2791] = S 8
[2792] = CNOT 8 76
[2793] = CNOT 8 77
[2794] = S 8
[2795] = CNOT 8 77
[2796] = CNOT 8 41
[2797] = CNOT 8 42
[2798] = CNOT 8 43
[2799] = S 8
[2800] = Z 8
[2801] = CNOT 8 43
[2802] = CNOT 8 51
[2803] = S 8
[2804] = Z 8
[2805] = CNOT 8 51
[2806] = CNOT 8 75
[2807] = Z 8
[2808] = CNOT 8 75
[2809] = CNOT 8 76
[2810] = Z 8
[2811] = CNOT 8 76
[2812] = CNOT 8 77
[2813] = Z 8
[2814] = CNOT 8 77
[2815] = CNOT 8 42
[2816] = CNOT 8 43
[2817] = CNOT 8 51
[2818] = S 8
[2819] = Z 8
[2820] = CNOT 8 51
[2821] = CNOT 8 75
[2822] = Z 8
[2823] = CNOT 8 75
[2824] = CNOT 8 76
[2825] = Z 8
[2826] = CNOT 8 76
[2827] = CNOT 8 77
[2828] = Z 8
[2829] = CNOT 8 77
[2830] = CNOT 8 43
[2831] = CNOT 8 51
[2832] = CNOT 8 52
[2833] = S 8
[2834] = Z 8
[2835] = CNOT 8 52
[2836] = CNOT 8 53
[2837] = S 8
[2838] = Z 8
[2839] = CNOT 8 53
[2840] = CNOT 8 75
[2841] = S 8
[2842] = CNOT 8 75
[2843] = CNOT 8 76
[2844] = S 8
[2845] = CNOT 8 76
[2846] = CNOT 8 77
[2847] = S 8
[2848] = CNOT 8 77
[2849] = CNOT 8 51
[2850] = CNOT 8 52
[2851] = CNOT 8 53
[2852] = S 8
[2853] = Z 8
[2854] = CNOT 8 53
[2855] = CNOT 8 59
[2856] = S 8
[2857] = Z 8
[2858] = CNOT 8 59
[2859] = CNOT 8 75
[2860] = Z 8
[2861] = CNOT 8 75
[2862] = CNOT 8 76
[2863] = Z 8
[2864] = CNOT 8 76
[2865] = CNOT 8 77
[2866] = Z 8
[2867] = CNOT 8 77
[2868] = CNOT 8 52
[2869] = CNOT 8 53
[2870] = CNOT 8 59
[2871] = S 8
[2872] = Z 8
[2873] = CNOT 8 59
[2874] = CNOT 8 75
[2875] = Z 8
[2876] = CNOT 8 75
[2877] = CNOT 8 76
[2878] = Z 8
[2879] = CNOT 8 76
[2880] = CNOT 8 77
[2881] = Z 8
[2882] = CNOT 8 77
[2883] = CNOT 8 53
[2884] = CNOT 8 59
[2885] = CNOT 8 60
[2886] = S 8
[2887] = Z 8
[2888] = CNOT 8 60
[2889] = CNOT 8 61
[2890] = S 8
[2891] = Z 8
[2892] = CNOT 8 61
[2893] = CNOT 8 75
[2894] = S 8
[2895] = CNOT 8 75
[2896] = CNOT 8 76
[2897] = S 8
[2898] = CNOT 8 76
[2899] = CNOT 8 77
[2900] = S 8
[2901] = CNOT 8 77
[2902] = CNOT 8 59
[2903] = CNOT 8 60
[2904] = CNOT 8 61
[2905] = S 8
[2906] = Z 8
[2907] = CNOT 8 61
[2908] = CNOT 8 69
[2909] = S 8
[2910] = Z 8
[2911] = CNOT 8 69
[2912] = CNOT 8 75
[2913] = Z 8
[2914] = CNOT 8 75
[2915] = CNOT 8 76
[2916] = Z 8
[2917] = CNOT 8 76
[2918] = CNOT 8 77
[2919] = Z 8
[2920] = CNOT 8 77
[2921] = CNOT 8 60
[2922] = CNOT 8 61
[2923] = CNOT 8 69
[2924] = S 8
[2925] = Z 8
[2926] = CNOT 8 69
[2927] = CNOT 8 75
[2928] = Z 8
[2929] = CNOT 8 75
[2930] = CNOT 8 76
[2931] = Z 8
[2932] = CNOT 8 76
[2933] = CNOT 8 77
[2934] = Z 8
[2935] = CNOT 8 77
[2936] = CNOT 8 61
[2937] = CNOT 8 69
[2938] = CNOT 8 70
[2939] = S 8
[2940] = Z 8
[2941] = CNOT 8 70
[2942] = CNOT 8 71
[2943] = S 8
[2944] = Z 8
[2945] = CNOT 8 71
[2946] = CNOT 8 75
[2947] = S 8
[2948] = CNOT 8 75
[2949] = CNOT 8 76
[2950] = S 8
[2951] = CNOT 8 76
[2952] = CNOT 8 77
[2953] = S 8
[2954] = CNOT 8 77
[2955] = CNOT 8 69
[2956] = CNOT 8 70
[2957] = CNOT 8 71
[2958] = S 8
[2959] = Z 8
[2960] = CNOT 8 71
[2961] = CNOT 8 75
[2962] = Z 8
[2963] = CNOT 8 75
[2964] = CNOT 8 76
[2965] = Z 8
[2966] = CNOT 8 76
[2967] = CNOT 8 77
[2968] = S 8
[2969] = Z 8
[2970] = CNOT 8 77
[2971] = CNOT 8 70
[2972] = CNOT 8 71
[2973] = CNOT 8 75
[2974] = Z 8
[2975] = CNOT 8 75
[2976] = CNOT 8 76
[2977] = Z 8
[2978] = CNOT 8 76
[2979] = CNOT 8 77
[2980] = S 8
[2981] = Z 8
[2982] = CNOT 8 77
[2983] = CNOT 8 71
[2984] = CNOT 8 75
[2985] = CNOT 8 76
[2986] = Z 8
[2987] = CNOT 8 76
[2988] = CNOT 8 77
[2989] = S 8
[2990] = CNOT 8 75
[2991] = CNOT 8 76
[2992] = S 8
[2993] = CNOT 8 77
[2994] = CNOT 9 11
[2995] = CNOT 9 67
[2996] = S 9
[2997] = Z 9
[2998] = CNOT 9 67
[2999] = CNOT 9 75
[3000] = S 9
[3001] = Z 9
[3002] = CNOT 9 75
[3003] = CNOT 9 11
[3004] = CNOT 10 14
[3005] = CNOT 10 75
[3006] = S 10
[3007] = Z 10
[3008] = CNOT 10 75
[3009] = CNOT 10 76
[3010] = S 10
[3011] = Z 10
[3012] = CNOT 10 14
[3013] = CNOT 10 75
[3014] = Z 10
[3015] = CNOT 10 76
[3016] = CNOT 10 75
[3017] = CNOT 11 13
[3018] = CNOT 11 67
[3019] = S 11
[3020] = Z 11
[3021] = CNOT 11 67
[3022] = CNOT 11 75
[3023] = S 11
[3024] = Z 11
[3025] = CNOT 11 13
[3026] = CNOT 11 67
[3027] = Z 11
[3028] = CNOT 11 75
[3029] = CNOT 11 67
[3030] = CNOT 12 30
[3031] = CNOT 12 48
[3032] = Z 12
[3033] = CNOT 12 48
[3034] = CNOT 12 55
[3035] = Z 12
[3036] = CNOT 12 55
[3037] = CNOT 12 66
[3038] = Z 12
[3039] = CNOT 12 66
[3040] = CNOT 12 72
[3041] = Z 12
[3042] = CNOT 12 72
[3043] = CNOT 12 75
[3044] = Z 12
[3045] = CNOT 12 75
[3046] = CNOT 12 30
[3047] = CNOT 12 48
[3048] = CNOT 12 55
[3049] = Z 12
[3050] = CNOT 12 55
[3051] = CNOT 12 66
[3052] = Z 12
[3053] = CNOT 12 66
[3054] = CNOT 12 72
[3055] = Z 12
[3056] = CNOT 12 72
[3057] = CNOT 12 75
[3058] = Z 12
[3059] = CNOT 12 75
[3060] = CNOT 12 48
[3061] = CNOT 12 55
[3062] = CNOT 12 66
[3063] = Z 12
[3064] = CNOT 12 66
[3065] = CNOT 12 72
[3066] = Z 12
[3067] = CNOT 12 72
[3068] = CNOT 12 75
[3069] = Z 12
[3070] = CNOT 12 75
[3071] = CNOT 12 55
[3072] = CNOT 12 66
[3073] = CNOT 12 72
[3074] = Z 12
[3075] = CNOT 12 72
[3076] = CNOT 12 75
[3077] = Z 12
[3078] = CNOT 12 66
[3079] = CNOT 12 72
[3080] = Z 12
[3081] = CNOT 12 75
[3082] = CNOT 12 72
[3083] = CNOT 13 27
[3084] = CNOT 13 67
[3085] = S 13
[3086] = Z 13
[3087] = CNOT 13 67
[3088] = CNOT 13 75
[3089] = S 13
[3090] = Z 13
[3091] = CNOT 13 75
[3092] = CNOT 13 27
[3093] = CNOT 13 29
[3094] = CNOT 13 67
[3095] = S 13
[3096] = Z 13
[3097] = CNOT 13 67
[3098] = CNOT 13 75
[3099] = S 13
[3100] = Z 13
[3101] = CNOT 13 29
[3102] = CNOT 13 67
[3103] = S 13
[3104] = CNOT 13 75
[3105] = CNOT 14 18
[3106] = CNOT 14 75
[3107] = S 14
[3108] = Z 14
[3109] = CNOT 14 75
[3110] = CNOT 14 76
[3111] = S 14
[3112] = Z 14
[3113] = CNOT 14 76
[3114] = CNOT 14 18
[3115] = CNOT 14 20
[3116] = CNOT 14 75
[3117] = S 14
[3118] = Z 14
[3119] = CNOT 14 75
[3120] = CNOT 14 76
[3121] = S 14
[3122] = Z 14
[3123] = CNOT 14 20
[3124] = CNOT 14 75
[3125] = S 14
[3126] = CNOT 14 75
[3127] = CNOT 15 16
[3128] = CNOT 15 75
[3129] = S 15
[3130] = Z 15
[3131] = CNOT 15 75
[3132] = CNOT 15 76
[3133] = S 15
[3134] = Z 15
[3135] = CNOT 15 76
[3136] = CNOT 15 77
[3137] = S 15
[3138] = Z 15
[3139] = CNOT 15 77
[3140] = CNOT 15 16
[3141] = CNOT 15 17
[3142] = CNOT 15 75
[3143] = S 15
[3144] = Z 15
[3145] = CNOT 15 75
[3146] = CNOT 15 76
[3147] = S 15
[3148] = Z 15
[3149] = CNOT 15 76
[3150] = CNOT 15 77
[3151] = S 15
[3152] = Z 15
[3153] = CNOT 15 77
[3154] = CNOT 15 17
[3155] = CNOT 15 75
[3156] = CNOT 15 76
[3157] = S 15
[3158] = CNOT 15 76
[3159] = CNOT 15 77
[3160] = S 15
[3161] = CNOT 15 75
[3162] = CNOT 15 76
[3163] = S 15
[3164] = CNOT 15 76
[3165] = CNOT 16 17
[3166] = CNOT 16 75
[3167] = S 16
[3168] = Z 16
[3169] = CNOT 16 75
[3170] = CNOT 16 76
[3171] = S 16
[3172] = Z 16
[3173] = CNOT 16 76
[3174] = CNOT 16 77
[3175] = S 16
[3176] = Z 16
[3177] = CNOT 16 77
[3178] = CNOT 16 17
[3179] = CNOT 16 23
[3180] = CNOT 16 75
[3181] = S 16
[3182] = Z 16
[3183] = CNOT 16 75
[3184] = CNOT 16 76
[3185] = S 16
[3186] = Z 16
[3187] = CNOT 16 76
[3188] = CNOT 16 77
[3189] = S 16
[3190] = Z 16
[3191] = CNOT 16 77
[3192] = CNOT 16 23
[3193] = CNOT 16 75
[3194] = CNOT 16 76
[3195] = Z 16
[3196] = CNOT 16 76
[3197] = CNOT 16 77
[3198] = Z 16
[3199] = CNOT 16 75
[3200] = CNOT 16 76
[3201] = Z 16
[3202] = CNOT 16 77
[3203] = CNOT 16 76
[3204] = CNOT 17 23
[3205] = CNOT 17 75
[3206] = S 17
[3207] = Z 17
[3208] = CNOT 17 75
[3209] = CNOT 17 76
[3210] = S 17
[3211] = Z 17
[3212] = CNOT 17 76
[3213] = CNOT 17 77
[3214] = S 17
[3215] = Z 17
[3216] = CNOT 17 77
[3217] = CNOT 17 23
[3218] = CNOT 17 75
[3219] = CNOT 17 76
[3220] = Z 17
[3221] = CNOT 17 76
[3222] = CNOT 17 77
[3223] = Z 17
[3224] = CNOT 17 75
[3225] = CNOT 17 76
[3226] = Z 17
[3227] = CNOT 17 77
[3228] = CNOT 17 76
[3229] = CNOT 18 20
[3230] = CNOT 18 75
[3231] = S 18
[3232] = Z 18
[3233] = CNOT 18 75
[3234] = CNOT 18 76
[3235] = S 18
[3236] = Z 18
[3237] = CNOT 18 76
[3238] = CNOT 18 20
[3239] = CNOT 18 22
[3240] = CNOT 18 75
[3241] = S 18
[3242] = Z 18
[3243] = CNOT 18 75
[3244] = CNOT 18 76
[3245] = S 18
[3246] = Z 18
[3247] = CNOT 18 22
[3248] = CNOT 18 75
[3249] = Z 18
[3250] = CNOT 18 76
[3251] = CNOT 18 75
[3252] = CNOT 19 21
[3253] = CNOT 19 57
[3254] = S 19
[3255] = Z 19
[3256] = CNOT 19 57
[3257] = CNOT 19 72
[3258] = S 19
[3259] = Z 19
[3260] = CNOT 19 72
[3261] = CNOT 19 73
[3262] = S 19
[3263] = Z 19
[3264] = CNOT 19 73
[3265] = CNOT 19 21
[3266] = CNOT 19 37
[3267] = CNOT 19 39
[3268] = S 19
[3269] = Z 19
[3270] = CNOT 19 39
[3271] = CNOT 19 57
[3272] = Z 19
[3273] = CNOT 19 57
[3274] = CNOT 19 72
[3275] = Z 19
[3276] = CNOT 19 72
[3277] = CNOT 19 73
[3278] = Z 19
[3279] = CNOT 19 73
[3280] = CNOT 19 37
[3281] = CNOT 19 39
[3282] = CNOT 19 57
[3283] = Z 19
[3284] = CNOT 19 57
[3285] = CNOT 19 72
[3286] = Z 19
[3287] = CNOT 19 72
[3288] = CNOT 19 73
[3289] = Z 19
[3290] = CNOT 19 39
[3291] = CNOT 20 22
[3292] = CNOT 20 75
[3293] = S 20
[3294] = Z 20
[3295] = CNOT 20 75
[3296] = CNOT 20 76
[3297] = S 20
[3298] = Z 20
[3299] = CNOT 20 22
[3300] = CNOT 20 75
[3301] = Z 20
[3302] = CNOT 20 76
[3303] = CNOT 20 75
[3304] = CNOT 21 57
[3305] = CNOT 21 72
[3306] = Z 21
[3307] = CNOT 21 72
[3308] = CNOT 21 73
[3309] = Z 21
[3310] = CNOT 21 57
[3311] = CNOT 21 72
[3312] = Z 21
[3313] = CNOT 21 73
[3314] = CNOT 21 72
[3315] = CNOT 22 26
[3316] = CNOT 22 75
[3317] = S 22
[3318] = Z 22
[3319] = CNOT 22 75
[3320] = CNOT 22 76
[3321] = S 22
[3322] = Z 22
[3323] = CNOT 22 76
[3324] = CNOT 22 26
[3325] = CNOT 22 28
[3326] = CNOT 22 75
[3327] = S 22
[3328] = Z 22
[3329] = CNOT 22 75
[3330] = CNOT 22 76
[3331] = S 22
[3332] = Z 22
[3333] = CNOT 22 28
[3334] = CNOT 22 75
[3335] = S 22
[3336] = CNOT 22 75
[3337] = CNOT 23 24
[3338] = CNOT 23 75
[3339] = S 23
[3340] = Z 23
[3341] = CNOT 23 75
[3342] = CNOT 23 76
[3343] = S 23
[3344] = Z 23
[3345] = CNOT 23 76
[3346] = CNOT 23 77
[3347] = S 23
[3348] = Z 23
[3349] = CNOT 23 77
[3350] = CNOT 23 24
[3351] = CNOT 23 25
[3352] = CNOT 23 75
[3353] = S 23
[3354] = Z 23
[3355] = CNOT 23 75
[3356] = CNOT 23 76
[3357] = S 23
[3358] = Z 23
[3359] = CNOT 23 76
[3360] = CNOT 23 77
[3361] = S 23
[3362] = Z 23
[3363] = CNOT 23 77
[3364] = CNOT 23 25
[3365] = CNOT 23 75
[3366] = CNOT 23 76
[3367] = S 23
[3368] = CNOT 23 76
[3369] = CNOT 23 77
[3370] = S 23
[3371] = CNOT 23 75
[3372] = CNOT 23 76
[3373] = S 23
[3374] = CNOT 23 76
[3375] = CNOT 24 25
[3376] = CNOT 24 75
[3377] = S 24
[3378] = Z 24
[3379] = CNOT 24 75
[3380] = CNOT 24 76
[3381] = S 24
[3382] = Z 24
[3383] = CNOT 24 76
[3384] = CNOT 24 77
[3385] = S 24
[3386] = Z 24
[3387] = CNOT 24 77
[3388] = CNOT 24 25
[3389] = CNOT 24 33
[3390] = CNOT 24 75
[3391] = S 24
[3392] = Z 24
[3393] = CNOT 24 75
[3394] = CNOT 24 76
[3395] = S 24
[3396] = Z 24
[3397] = CNOT 24 76
[3398] = CNOT 24 77
[3399] = S 24
[3400] = Z 24
[3401] = CNOT 24 77
[3402] = CNOT 24 33
[3403] = CNOT 24 75
[3404] = CNOT 24 76
[3405] = Z 24
[3406] = CNOT 24 76
[3407] = CNOT 24 77
[3408] = Z 24
[3409] = CNOT 24 75
[3410] = CNOT 24 76
[3411] = Z 24
[3412] = CNOT 24 77
[3413] = CNOT 24 76
[3414] = CNOT 25 33
[3415] = CNOT 25 75
[3416] = S 25
[3417] = Z 25
[3418] = CNOT 25 75
[3419] = CNOT 25 76
[3420] = S 25
[3421] = Z 25
[3422] = CNOT 25 76
[3423] = CNOT 25 77
[3424] = S 25
[3425] = Z 25
[3426] = CNOT 25 77
[3427] = CNOT 25 33
[3428] = CNOT 25 75
[3429] = CNOT 25 76
[3430] = Z 25
[3431] = CNOT 25 76
[3432] = CNOT 25 77
[3433] = Z 25
[3434] = CNOT 25 75
[3435] = CNOT 25 76
[3436] = Z 25
[3437] = CNOT 25 77
[3438] = CNOT 25 76
[3439] = CNOT 26 28
[3440] = CNOT 26 75
[3441] = S 26
[3442] = Z 26
[3443] = CNOT 26 75
[3444] = CNOT 26 76
[3445] = S 26
[3446] = Z 26
[3447] = CNOT 26 76
[3448] = CNOT 26 28
[3449] = CNOT 26 32
[3450] = CNOT 26 75
[3451] = S 26
[3452] = Z 26
[3453] = CNOT 26 75
[3454] = CNOT 26 76
[3455] = S 26
[3456] = Z 26
[3457] = CNOT 26 32
[3458] = CNOT 26 75
[3459] = Z 26
[3460] = CNOT 26 76
[3461] = CNOT 26 75
[3462] = CNOT 27 29
[3463] = CNOT 27 67
[3464] = S 27
[3465] = Z 27
[3466] = CNOT 27 67
[3467] = CNOT 27 75
[3468] = S 27
[3469] = Z 27
[3470] = CNOT 27 75
[3471] = CNOT 27 29
[3472] = CNOT 27 31
[3473] = CNOT 27 67
[3474] = S 27
[3475] = Z 27
[3476] = CNOT 27 67
[3477] = CNOT 27 75
[3478] = S 27
[3479] = Z 27
[3480] = CNOT 27 31
[3481] = CNOT 27 67
[3482] = Z 27
[3483] = CNOT 27 75
[3484] = CNOT 27 67
[3485] = CNOT 28 32
[3486] = CNOT 28 75
[3487] = S 28
[3488] = Z 28
[3489] = CNOT 28 75
[3490] = CNOT 28 76
[3491] = S 28
[3492] = Z 28
[3493] = CNOT 28 32
[3494] = CNOT 28 75
[3495] = Z 28
[3496] = CNOT 28 76
[3497] = CNOT 28 75
[3498] = CNOT 29 31
[3499] = CNOT 29 67
[3500] = S 29
[3501] = Z 29
[3502] = CNOT 29 67
[3503] = CNOT 29 75
[3504] = S 29
[3505] = Z 29
[3506] = CNOT 29 31
[3507] = CNOT 29 67
[3508] = Z 29
[3509] = CNOT 29 75
[3510] = CNOT 29 67
[3511] = CNOT 30 48
[3512] = CNOT 30 55
[3513] = Z 30
[3514] = CNOT 30 55
[3515] = CNOT 30 66
[3516] = Z 30
[3517] = CNOT 30 66
[3518] = CNOT 30 72
[3519] = Z 30
[3520] = CNOT 30 72
[3521] = CNOT 30 75
[3522] = Z 30
[3523] = CNOT 30 75
[3524] = CNOT 30 48
[3525] = CNOT 30 55
[3526] = CNOT 30 66
[3527] = Z 30
[3528] = CNOT 30 66
[3529] = CNOT 30 72
[3530] = Z 30
[3531] = CNOT 30 72
[3532] = CNOT 30 75
[3533] = Z 30
[3534] = CNOT 30 75
[3535] = CNOT 30 55
[3536] = CNOT 30 66
[3537] = CNOT 30 72
[3538] = Z 30
[3539] = CNOT 30 72
[3540] = CNOT 30 75
[3541] = Z 30
[3542] = CNOT 30 66
[3543] = CNOT 30 72
[3544] = Z 30
[3545] = CNOT 30 75
[3546] = CNOT 30 72
[3547] = CNOT 31 45
[3548] = CNOT 31 67
[3549] = S 31
[3550] = Z 31
[3551] = CNOT 31 67
[3552] = CNOT 31 75
[3553] = S 31
[3554] = Z 31
[3555] = CNOT 31 75
[3556] = CNOT 31 45
[3557] = CNOT 31 47
[3558] = CNOT 31 67
[3559] = S 31
[3560] = Z 31
[3561] = CNOT 31 67
[3562] = CNOT 31 75
[3563] = S 31
[3564] = Z 31
[3565] = CNOT 31 47
[3566] = CNOT 31 67
[3567] = S 31
[3568] = CNOT 31 75
[3569] = CNOT 32 36
[3570] = CNOT 32 75
[3571] = S 32
[3572] = Z 32
[3573] = CNOT 32 75
[3574] = CNOT 32 76
[3575] = S 32
[3576] = Z 32
[3577] = CNOT 32 76
[3578] = CNOT 32 36
[3579] = CNOT 32 38
[3580] = CNOT 32 75
[3581] = S 32
[3582] = Z 32
[3583] = CNOT 32 75
[3584] = CNOT 32 76
[3585] = S 32
[3586] = Z 32
[3587] = CNOT 32 38
[3588] = CNOT 32 75
[3589] = S 32
[3590] = CNOT 32 75
[3591] = CNOT 33 34
[3592] = CNOT 33 75
[3593] = S 33
[3594] = Z 33
[3595] = CNOT 33 75
[3596] = CNOT 33 76
[3597] = S 33
[3598] = Z 33
[3599] = CNOT 33 76
[3600] = CNOT 33 77
[3601] = S 33
[3602] = Z 33
[3603] = CNOT 33 77
[3604] = CNOT 33 34
[3605] = CNOT 33 35
[3606] = CNOT 33 75
[3607] = S 33
[3608] = Z 33
[3609] = CNOT 33 75
[3610] = CNOT 33 76
[3611] = S 33
[3612] = Z 33
[3613] = CNOT 33 76
[3614] = CNOT 33 77
[3615] = S 33
[3616] = Z 33
[3617] = CNOT 33 77
[3618] = CNOT 33 35
[3619] = CNOT 33 75
[3620] = CNOT 33 76
[3621] = S 33
[3622] = CNOT 33 76
[3623] = CNOT 33 77
[3624] = S 33
[3625] = CNOT 33 75
[3626] = CNOT 33 76
[3627] = S 33
[3628] = CNOT 33 76
[3629] = CNOT 34 35
[3630] = CNOT 34 75
[3631] = S 34
[3632] = Z 34
[3633] = CNOT 34 75
[3634] = CNOT 34 76
[3635] = S 34
[3636] = Z 34
[3637] = CNOT 34 76
[3638] = CNOT 34 77
[3639] = S 34
[3640] = Z 34
[3641] = CNOT 34 77
[3642] = CNOT 34 35
[3643] = CNOT 34 41
[3644] = CNOT 34 75
[3645] = S 34
[3646] = Z 34
[3647] = CNOT 34 75
[3648] = CNOT 34 76
[3649] = S 34
[3650] = Z 34
[3651] = CNOT 34 76
[3652] = CNOT 34 77
[3653] = S 34
[3654] = Z 34
[3655] = CNOT 34 77
[3656] = CNOT 34 41
[3657] = CNOT 34 75
[3658] = CNOT 34 76
[3659] = Z 34
[3660] = CNOT 34 76
[3661] = CNOT 34 77
[3662] = Z 34
[3663] = CNOT 34 75
[3664] = CNOT 34 76
[3665] = Z 34
[3666] = CNOT 34 77
[3667] = CNOT 34 76
[3668] = CNOT 35 41
[3669] = CNOT 35 75
[3670] = S 35
[3671] = Z 35
[3672] = CNOT 35 75
[3673] = CNOT 35 76
[3674] = S 35
[3675] = Z 35
[3676] = CNOT 35 76
[3677] = CNOT 35 77
[3678] = S 35
[3679] = Z 35
[3680] = CNOT 35 77
[3681] = CNOT 35 41
[3682] = CNOT 35 75
[3683] = CNOT 35 76
[3684] = Z 35
[3685] = CNOT 35 76
[3686] = CNOT 35 77
[3687] = Z 35
[3688] = CNOT 35 75
[3689] = CNOT 35 76
[3690] = Z 35
[3691] = CNOT 35 77
[3692] = CNOT 35 76
[3693] = CNOT 36 38
[3694] = CNOT 36 75
[3695] = S 36
[3696] = Z 36
[3697] = CNOT 36 75
[3698] = CNOT 36 76
[3699] = S 36
[3700] = Z 36
[3701] = CNOT 36 76
[3702] = CNOT 36 38
[3703] = CNOT 36 40
[3704] = CNOT 36 75
[3705] = S 36
[3706] = Z 36
[3707] = CNOT 36 75
[3708] = CNOT 36 76
[3709] = S 36
[3710] = Z 36
[3711] = CNOT 36 40
[3712] = CNOT 36 75
[3713] = Z 36
[3714] = CNOT 36 76
[3715] = CNOT 36 75
[3716] = CNOT 37 39
[3717] = CNOT 37 57
[3718] = S 37
[3719] = Z 37
[3720] = CNOT 37 57
[3721] = CNOT 37 72
[3722] = S 37
[3723] = Z 37
[3724] = CNOT 37 72
[3725] = CNOT 37 73
[3726] = S 37
[3727] = Z 37
[3728] = CNOT 37 73
[3729] = CNOT 37 39
[3730] = CNOT 37 57
[3731] = CNOT 37 72
[3732] = Z 37
[3733] = CNOT 37 72
[3734] = CNOT 37 73
[3735] = Z 37
[3736] = CNOT 37 57
[3737] = CNOT 37 72
[3738] = Z 37
[3739] = CNOT 37 72
[3740] = CNOT 38 40
[3741] = CNOT 38 75
[3742] = S 38
[3743] = Z 38
[3744] = CNOT 38 75
[3745] = CNOT 38 76
[3746] = S 38
[3747] = Z 38
[3748] = CNOT 38 40
[3749] = CNOT 38 75
[3750] = Z 38
[3751] = CNOT 38 76
[3752] = CNOT 38 75
[3753] = CNOT 39 57
[3754] = CNOT 39 72
[3755] = Z 39
[3756] = CNOT 39 72
[3757] = CNOT 39 73
[3758] = Z 39
[3759] = CNOT 39 57
[3760] = CNOT 39 72
[3761] = Z 39
[3762] = CNOT 39 73
[3763] = CNOT 39 72
[3764] = CNOT 40 44
[3765] = CNOT 40 75
[3766] = S 40
[3767] = Z 40
[3768] = CNOT 40 75
[3769] = CNOT 40 76
[3770] = S 40
[3771] = Z 40
[3772] = CNOT 40 76
[3773] = CNOT 40 44
[3774] = CNOT 40 46
[3775] = CNOT 40 75
[3776] = S 40
[3777] = Z 40
[3778] = CNOT 40 75
[3779] = CNOT 40 76
[3780] = S 40
[3781] = Z 40
[3782] = CNOT 40 46
[3783] = CNOT 40 75
[3784] = S 40
[3785] = CNOT 40 75
[3786] = CNOT 41 42
[3787] = CNOT 41 75
[3788] = S 41
[3789] = Z 41
[3790] = CNOT 41 75
[3791] = CNOT 41 76
[3792] = S 41
[3793] = Z 41
[3794] = CNOT 41 76
[3795] = CNOT 41 77
[3796] = S 41
[3797] = Z 41
[3798] = CNOT 41 77
[3799] = CNOT 41 42
[3800] = CNOT 41 43
[3801] = CNOT 41 75
[3802] = S 41
[3803] = Z 41
[3804] = CNOT 41 75
[3805] = CNOT 41 76
[3806] = S 41
[3807] = Z 41
[3808] = CNOT 41 76
[3809] = CNOT 41 77
[3810] = S 41
[3811] = Z 41
[3812] = CNOT 41 77
[3813] = CNOT 41 43
[3814] = CNOT 41 75
[3815] = CNOT 41 76
[3816] = S 41
[3817] = CNOT 41 76
[3818] = CNOT 41 77
[3819] = S 41
[3820] = CNOT 41 75
[3821] = CNOT 41 76
[3822] = S 41
[3823] = CNOT 41 76
[3824] = CNOT 42 43
[3825] = CNOT 42 75
[3826] = S 42
[3827] = Z 42
[3828] = CNOT 42 75
[3829] = CNOT 42 76
[3830] = S 42
[3831] = Z 42
[3832] = CNOT 42 76
[3833] = CNOT 42 77
[3834] = S 42
[3835] = Z 42
[3836] = CNOT 42 77
[3837] = CNOT 42 43
[3838] = CNOT 42 51
[3839] = CNOT 42 75
[3840] = S 42
[3841] = Z 42
[3842] = CNOT 42 75
[3843] = CNOT 42 76
[3844] = S 42
[3845] = Z 42
[3846] = CNOT 42 76
[3847] = CNOT 42 77
[3848] = S 42
[3849] = Z 42
[3850] = CNOT 42 77
[3851] = CNOT 42 51
[3852] = CNOT 42 75
[3853] = CNOT 42 76
[3854] = Z 42
[3855] = CNOT 42 76
[3856] = CNOT 42 77
[3857] = Z 42
[3858] = CNOT 42 75
[3859] = CNOT 42 76
[3860] = Z 42
[3861] = CNOT 42 77
[3862] = CNOT 42 76
[3863] = CNOT 43 51
[3864] = CNOT 43 75
[3865] = S 43
[3866] = Z 43
[3867] = CNOT 43 75
[3868] = CNOT 43 76
[3869] = S 43
[3870] = Z 43
[3871] = CNOT 43 76
[3872] = CNOT 43 77
[3873] = S 43
[3874] = Z 43
[3875] = CNOT 43 77
[3876] = CNOT 43 51
[3877] = CNOT 43 75
[3878] = CNOT 43 76
[3879] = Z 43
[3880] = CNOT 43 76
[3881] = CNOT 43 77
[3882] = Z 43
[3883] = CNOT 43 75
[3884] = CNOT 43 76
[3885] = Z 43
[3886] = CNOT 43 77
[3887] = CNOT 43 76
[3888] = CNOT 44 46
[3889] = CNOT 44 75
[3890] = S 44
[3891] = Z 44
[3892] = CNOT 44 75
[3893] = CNOT 44 76
[3894] = S 44
[3895] = Z 44
[3896] = CNOT 44 76
[3897] = CNOT 44 46
[3898] = CNOT 44 50
[3899] = CNOT 44 75
[3900] = S 44
[3901] = Z 44
[3902] = CNOT 44 75
[3903] = CNOT 44 76
[3904] = S 44
[3905] = Z 44
[3906] = CNOT 44 50
[3907] = CNOT 44 75
[3908] = Z 44
[3909] = CNOT 44 76
[3910] = CNOT 44 75
[3911] = CNOT 45 47
[3912] = CNOT 45 67
[3913] = S 45
[3914] = Z 45
[3915] = CNOT 45 67
[3916] = CNOT 45 75
[3917] = S 45
[3918] = Z 45
[3919] = CNOT 45 75
[3920] = CNOT 45 47
[3921] = CNOT 45 49
[3922] = CNOT 45 67
[3923] = S 45
[3924] = Z 45
[3925] = CNOT 45 67
[3926] = CNOT 45 75
[3927] = S 45
[3928] = Z 45
[3929] = CNOT 45 49
[3930] = CNOT 45 67
[3931] = Z 45
[3932] = CNOT 45 75
[3933] = CNOT 45 67
[3934] = CNOT 46 50
[3935] = CNOT 46 75
[3936] = S 46
[3937] = Z 46
[3938] = CNOT 46 75
[3939] = CNOT 46 76
[3940] = S 46
[3941] = Z 46
[3942] = CNOT 46 50
[3943] = CNOT 46 75
[3944] = Z 46
[3945] = CNOT 46 76
[3946] = CNOT 46 75
[3947] = CNOT 47 49
[3948] = CNOT 47 67
[3949] = S 47
[3950] = Z 47
[3951] = CNOT 47 67
[3952] = CNOT 47 75
[3953] = S 47
[3954] = Z 47
[3955] = CNOT 47 49
[3956] = CNOT 47 67
[3957] = Z 47
[3958] = CNOT 47 75
[3959] = CNOT 47 67
[3960] = CNOT 48 55
[3961] = CNOT 48 66
[3962] = Z 48
[3963] = CNOT 48 66
[3964] = CNOT 48 72
[3965] = Z 48
[3966] = CNOT 48 72
[3967] = CNOT 48 75
[3968] = Z 48
[3969] = CNOT 48 75
[3970] = CNOT 48 55
[3971] = CNOT 48 66
[3972] = CNOT 48 72
[3973] = Z 48
[3974] = CNOT 48 72
[3975] = CNOT 48 75
[3976] = Z 48
[3977] = CNOT 48 66
[3978] = CNOT 48 72
[3979] = Z 48
[3980] = CNOT 48 75
[3981] = CNOT 48 72
[3982] = CNOT 49 63
[3983] = CNOT 49 67
[3984] = S 49
[3985] = Z 49
[3986] = CNOT 49 67
[3987] = CNOT 49 75
[3988] = S 49
[3989] = Z 49
[3990] = CNOT 49 75
[3991] = CNOT 49 63
[3992] = CNOT 49 65
[3993] = CNOT 49 67
[3994] = S 49
[3995] = Z 49
[3996] = CNOT 49 67
[3997] = CNOT 49 75
[3998] = S 49
[3999] = Z 49
[4000] = CNOT 49 65
[4001] = CNOT 49 67
[4002] = S 49
[4003] = CNOT 49 75
[4004] = CNOT 50 54
[4005] = CNOT 50 75
[4006] = S 50
[4007] = Z 50
[4008] = CNOT 50 75
[4009] = CNOT 50 76
[4010] = S 50
[4011] = Z 50
[4012] = CNOT 50 76
[4013] = CNOT 50 54
[4014] = CNOT 50 56
[4015] = CNOT 50 75
[4016] = S 50
[4017] = Z 50
[4018] = CNOT 50 75
[4019] = CNOT 50 76
[4020] = S 50
[4021] = Z 50
[4022] = CNOT 50 56
[4023] = CNOT 50 75
[4024] = S 50
[4025] = CNOT 50 75
[4026] = CNOT 51 52
[4027] = CNOT 51 75
[4028] = S 51
[4029] = Z 51
[4030] = CNOT 51 75
[4031] = CNOT 51 76
[4032] = S 51
[4033] = Z 51
[4034] = CNOT 51 76
[4035] = CNOT 51 77
[4036] = S 51
[4037] = Z 51
[4038] = CNOT 51 77
[4039] = CNOT 51 52
[4040] = CNOT 51 53
[4041] = CNOT 51 75
[4042] = S 51
[4043] = Z 51
[4044] = CNOT 51 75
[4045] = CNOT 51 76
[4046] = S 51
[4047] = Z 51
[4048] = CNOT 51 76
[4049] = CNOT 51 77
[4050] = S 51
[4051] = Z 51
[4052] = CNOT 51 77
[4053] = CNOT 51 53
[4054] = CNOT 51 75
[4055] = CNOT 51 76
[4056] = S 51
[4057] = CNOT 51 76
[4058] = CNOT 51 77
[4059] = S 51
[4060] = CNOT 51 75
[4061] = CNOT 51 76
[4062] = S 51
[4063] = CNOT 51 76
[4064] = CNOT 52 53
[4065] = CNOT 52 75
[4066] = S 52
[4067] = Z 52
[4068] = CNOT 52 75
[4069] = CNOT 52 76
[4070] = S 52
[4071] = Z 52
[4072] = CNOT 52 76
[4073] = CNOT 52 77
[4074] = S 52
[4075] = Z 52
[4076] = CNOT 52 77
[4077] = CNOT 52 53
[4078] = CNOT 52 59
[4079] = CNOT 52 75
[4080] = S 52
[4081] = Z 52
[4082] = CNOT 52 75
[4083] = CNOT 52 76
[4084] = S 52
[4085] = Z 52
[4086] = CNOT 52 76
[4087] = CNOT 52 77
[4088] = S 52
[4089] = Z 52
[4090] = CNOT 52 77
[4091] = CNOT 52 59
[4092] = CNOT 52 75
[4093] = CNOT 52 76
[4094] = Z 52
[4095] = CNOT 52 76
[4096] = CNOT 52 77
[4097] = Z 52
[4098] = CNOT 52 75
[4099] = CNOT 52 76
[4100] = Z 52
[4101] = CNOT 52 77
[4102] = CNOT 52 76
[4103] = CNOT 53 59
[4104] = CNOT 53 75
[4105] = S 53
[4106] = Z 53
[4107] = CNOT 53 75
[4108] = CNOT 53 76
[4109] = S 53
[4110] = Z 53
[4111] = CNOT 53 76
[4112] = CNOT 53 77
[4113] = S 53
[4114] = Z 53
[4115] = CNOT 53 77
[4116] = CNOT 53 59
[4117] = CNOT 53 75
[4118] = CNOT 53 76
[4119] = Z 53
[4120] = CNOT 53 76
[4121] = CNOT 53 77
[4122] = Z 53
[4123] = CNOT 53 75
[4124] = CNOT 53 76
[4125] = Z 53
[4126] = CNOT 53 77
[4127] = CNOT 53 76
[4128] = CNOT 54 56
[4129] = CNOT 54 75
[4130] = S 54
[4131] = Z 54
[4132] = CNOT 54 75
[4133] = CNOT 54 76
[4134] = S 54
[4135] = Z 54
[4136] = CNOT 54 76
[4137] = CNOT 54 56
[4138] = CNOT 54 58
[4139] = CNOT 54 75
[4140] = S 54
[4141] = Z 54
[4142] = CNOT 54 75
[4143] = CNOT 54 76
[4144] = S 54
[4145] = Z 54
[4146] = CNOT 54 58
[4147] = CNOT 54 75
[4148] = Z 54
[4149] = CNOT 54 76
[4150] = CNOT 54 75
[4151] = CNOT 55 57
[4152] = CNOT 55 72
[4153] = S 55
[4154] = Z 55
[4155] = CNOT 55 72
[4156] = CNOT 55 73
[4157] = S 55
[4158] = Z 55
[4159] = CNOT 55 73
[4160] = CNOT 55 57
[4161] = CNOT 55 66
[4162] = CNOT 55 72
[4163] = Z 55
[4164] = CNOT 55 72
[4165] = CNOT 55 75
[4166] = Z 55
[4167] = CNOT 55 75
[4168] = CNOT 55 66
[4169] = CNOT 55 72
[4170] = CNOT 55 73
[4171] = Z 55
[4172] = CNOT 55 73
[4173] = CNOT 55 75
[4174] = Z 55
[4175] = CNOT 55 75
[4176] = CNOT 55 72
[4177] = CNOT 56 58
[4178] = CNOT 56 75
[4179] = S 56
[4180] = Z 56
[4181] = CNOT 56 75
[4182] = CNOT 56 76
[4183] = S 56
[4184] = Z 56
[4185] = CNOT 56 58
[4186] = CNOT 56 75
[4187] = Z 56
[4188] = CNOT 56 76
[4189] = CNOT 56 75
[4190] = CNOT 57 72
[4191] = CNOT 57 73
[4192] = Z 57
[4193] = CNOT 57 73
[4194] = CNOT 57 72
[4195] = CNOT 58 62
[4196] = CNOT 58 75
[4197] = S 58
[4198] = Z 58
[4199] = CNOT 58 75
[4200] = CNOT 58 76
[4201] = S 58
[4202] = Z 58
[4203] = CNOT 58 76
[4204] = CNOT 58 62
[4205] = CNOT 58 64
[4206] = CNOT 58 75
[4207] = S 58
[4208] = Z 58
[4209] = CNOT 58 75
[4210] = CNOT 58 76
[4211] = S 58
[4212] = Z 58
[4213] = CNOT 58 64
[4214] = CNOT 58 75
[4215] = S 58
[4216] = CNOT 58 75
[4217] = CNOT 59 60
[4218] = CNOT 59 75
[4219] = S 59
[4220] = Z 59
[4221] = CNOT 59 75
[4222] = CNOT 59 76
[4223] = S 59
[4224] = Z 59
[4225] = CNOT 59 76
[4226] = CNOT 59 77
[4227] = S 59
[4228] = Z 59
[4229] = CNOT 59 77
[4230] = CNOT 59 60
[4231] = CNOT 59 61
[4232] = CNOT 59 75
[4233] = S 59
[4234] = Z 59
[4235] = CNOT 59 75
[4236] = CNOT 59 76
[4237] = S 59
[4238] = Z 59
[4239] = CNOT 59 76
[4240] = CNOT 59 77
[4241] = S 59
[4242] = Z 59
[4243] = CNOT 59 77
[4244] = CNOT 59 61
[4245] = CNOT 59 75
[4246] = CNOT 59 76
[4247] = S 59
[4248] = CNOT 59 76
[4249] = CNOT 59 77
[4250] = S 59
[4251] = CNOT 59 75
[4252] = CNOT 59 76
[4253] = S 59
[4254] = CNOT 59 76
[4255] = CNOT 60 61
[4256] = CNOT 60 75
[4257] = S 60
[4258] = Z 60
[4259] = CNOT 60 75
[4260] = CNOT 60 76
[4261] = S 60
[4262] = Z 60
[4263] = CNOT 60 76
[4264] = CNOT 60 77
[4265] = S 60
[4266] = Z 60
[4267] = CNOT 60 77
[4268] = CNOT 60 61
[4269] = CNOT 60 69
[4270] = CNOT 60 75
[4271] = S 60
[4272] = Z 60
[4273] = CNOT 60 75
[4274] = CNOT 60 76
[4275] = S 60
[4276] = Z 60
[4277] = CNOT 60 76
[4278] = CNOT 60 77
[4279] = S 60
[4280] = Z 60
[4281] = CNOT 60 77
[4282] = CNOT 60 69
[4283] = CNOT 60 75
[4284] = CNOT 60 76
[4285] = Z 60
[4286] = CNOT 60 76
[4287] = CNOT 60 77
[4288] = Z 60
[4289] = CNOT 60 75
[4290] = CNOT 60 76
[4291] = Z 60
[4292] = CNOT 60 77
[4293] = CNOT 60 76
[4294] = CNOT 61 69
[4295] = CNOT 61 75
[4296] = S 61
[4297] = Z 61
[4298] = CNOT 61 75
[4299] = CNOT 61 76
[4300] = S 61
[4301] = Z 61
[4302] = CNOT 61 76
[4303] = CNOT 61 77
[4304] = S 61
[4305] = Z 61
[4306] = CNOT 61 77
[4307] = CNOT 61 69
[4308] = CNOT 61 75
[4309] = CNOT 61 76
[4310] = Z 61
[4311] = CNOT 61 76
[4312] = CNOT 61 77
[4313] = Z 61
[4314] = CNOT 61 75
[4315] = CNOT 61 76
[4316] = Z 61
[4317] = CNOT 61 77
[4318] = CNOT 61 76
[4319] = CNOT 62 64
[4320] = CNOT 62 75
[4321] = S 62
[4322] = Z 62
[4323] = CNOT 62 75
[4324] = CNOT 62 76
[4325] = S 62
[4326] = Z 62
[4327] = CNOT 62 76
[4328] = CNOT 62 64
[4329] = CNOT 62 68
[4330] = CNOT 62 75
[4331] = S 62
[4332] = Z 62
[4333] = CNOT 62 75
[4334] = CNOT 62 76
[4335] = S 62
[4336] = Z 62
[4337] = CNOT 62 68
[4338] = CNOT 62 75
[4339] = Z 62
[4340] = CNOT 62 76
[4341] = CNOT 62 75
[4342] = CNOT 63 67
[4343] = CNOT 63 75
[4344] = S 63
[4345] = Z 63
[4346] = CNOT 63 75
[4347] = CNOT 63 67
[4348] = CNOT 64 68
[4349] = CNOT 64 75
[4350] = S 64
[4351] = Z 64
[4352] = CNOT 64 75
[4353] = CNOT 64 76
[4354] = S 64
[4355] = Z 64
[4356] = CNOT 64 68
[4357] = CNOT 64 75
[4358] = Z 64
[4359] = CNOT 64 76
[4360] = CNOT 64 75
[4361] = CNOT 65 67
[4362] = CNOT 65 75
[4363] = S 65
[4364] = Z 65
[4365] = CNOT 65 75
[4366] = CNOT 65 67
[4367] = CNOT 66 72
[4368] = CNOT 66 75
[4369] = Z 66
[4370] = CNOT 66 75
[4371] = CNOT 66 72
[4372] = CNOT 68 72
[4373] = CNOT 68 75
[4374] = S 68
[4375] = Z 68
[4376] = CNOT 68 75
[4377] = CNOT 68 76
[4378] = S 68
[4379] = Z 68
[4380] = CNOT 68 76
[4381] = CNOT 68 72
[4382] = CNOT 68 74
[4383] = CNOT 68 75
[4384] = S 68
[4385] = Z 68
[4386] = CNOT 68 75
[4387] = CNOT 68 76
[4388] = S 68
[4389] = Z 68
[4390] = CNOT 68 74
[4391] = CNOT 68 75
[4392] = S 68
[4393] = CNOT 68 75
[4394] = CNOT 69 70
[4395] = CNOT 69 75
[4396] = S 69
[4397] = Z 69
[4398] = CNOT 69 75
[4399] = CNOT 69 76
[4400] = S 69
[4401] = Z 69
[4402] = CNOT 69 76
[4403] = CNOT 69 77
[4404] = S 69
[4405] = Z 69
[4406] = CNOT 69 77
[4407] = CNOT 69 70
[4408] = CNOT 69 71
[4409] = CNOT 69 75
[4410] = S 69
[4411] = Z 69
[4412] = CNOT 69 75
[4413] = CNOT 69 76
[4414] = S 69
[4415] = Z 69
[4416] = CNOT 69 76
[4417] = CNOT 69 77
[4418] = S 69
[4419] = Z 69
[4420] = CNOT 69 77
[4421] = CNOT 69 71
[4422] = CNOT 69 75
[4423] = CNOT 69 76
[4424] = S 69
[4425] = CNOT 69 76
[4426] = CNOT 69 77
[4427] = S 69
[4428] = CNOT 69 75
[4429] = CNOT 69 76
[4430] = S 69
[4431] = CNOT 69 76
[4432] = CNOT 70 71
[4433] = CNOT 70 75
[4434] = S 70
[4435] = Z 70
[4436] = CNOT 70 75
[4437] = CNOT 70 76
[4438] = S 70
[4439] = Z 70
[4440] = CNOT 70 71
[4441] = CNOT 70 75
[4442] = Z 70
[4443] = CNOT 70 76
[4444] = CNOT 70 77
[4445] = S 70
[4446] = Z 70
[4447] = CNOT 70 75
[4448] = CNOT 70 76
[4449] = S 70
[4450] = Z 70
[4451] = CNOT 70 77
[4452] = CNOT 70 76
[4453] = CNOT 71 75
[4454] = CNOT 71 76
[4455] = Z 71
[4456] = CNOT 71 76
[4457] = CNOT 71 77
[4458] = S 71
[4459] = Z 71
[4460] = CNOT 71 75
[4461] = CNOT 71 76
[4462] = S 71
[4463] = Z 71
[4464] = CNOT 71 77
[4465] = CNOT 71 76
[4466] = CNOT 72 73
[4467] = CNOT 72 75
[4468] = S 72
[4469] = Z 72
[4470] = CNOT 72 73
[4471] = CNOT 72 76
[4472] = S 72
[4473] = Z 72
[4474] = CNOT 72 76
[4475] = CNOT 72 75
[4476] = CNOT 74 75
[4477] = CNOT 74 76
[4478] = S 74
[4479] = Z 74
[4480] = CNOT 74 76
[4481] = CNOT 74 75
[4482] = CNOT 75 76
[4483] = CNOT 75 77
[4484] = S 75
[4485] = CNOT 75 77
[4486] = CNOT 74 77
[4487] = CNOT 64 77
[4488] = CNOT 56 77
[4489] = CNOT 46 77
[4490] = CNOT 38 77
[4491] = CNOT 28 77
[4492] = CNOT 20 77
[4493] = CNOT 10 77
[4494] = CNOT 65 76
[4495] = CNOT 57 76
[4496] = CNOT 47 76
[4497] = CNOT 39 76
[4498] = CNOT 29 76
[4499] = CNOT 21 76
[4500] = CNOT 11 76
[4501] = CNOT 76 75
[4502] = CNOT 75 76
[4503] = CNOT 77 74
[4504] = CNOT 74 77
[4505] = CNOT 63 73
[4506] = CNOT 55 73
[4507] = CNOT 45 73
[4508] = CNOT 27 73
[4509] = CNOT 4 73
[4510] = CNOT 62 72
[4511] = CNOT 54 72
[4512] = CNOT 44 72
[4513] = CNOT 36 72
[4514] = CNOT 26 72
[4515] = CNOT 18 72
[4516] = CNOT 3 72
[4517] = CNOT 61 71
[4518] = CNOT 53 71
[4519] = CNOT 43 71
[4520] = CNOT 35 71
[4521] = CNOT 25 71
[4522] = CNOT 17 71
[4523] = CNOT 2 71
[4524] = CNOT 60 70
[4525] = CNOT 52 70
[4526] = CNOT 42 70
[4527] = CNOT 34 70
[4528] = CNOT 24 70
[4529] = CNOT 16 70
[4530] = CNOT 1 70
[4531] = CNOT 74 69
[4532] = CNOT 69 74
[4533] = CNOT 75 68
[4534] = CNOT 68 75
[4535] = CNOT 66 67
[4536] = CNOT 48 67
[4537] = CNOT 30 67
[4538] = CNOT 12 67
[4539] = CNOT 9 67
[4540] = CNOT 67 66
[4541] = CNOT 66 67
[4542] = CNOT 68 65
[4543] = CNOT 65 68
[4544] = CNOT 69 64
[4545] = CNOT 64 69
[4546] = CNOT 73 63
[4547] = CNOT 63 73
[4548] = CNOT 72 62
[4549] = CNOT 62 72
[4550] = CNOT 71 61
[4551] = CNOT 61 71
[4552] = CNOT 70 60
[4553] = CNOT 60 70
[4554] = CNOT 64 59
[4555] = CNOT 59 64
[4556] = CNOT 65 58
[4557] = CNOT 58 65
[4558] = CNOT 58 57
[4559] = CNOT 57 58
[4560] = CNOT 59 56
[4561] = CNOT 56 59
[4562] = CNOT 63 55
[4563] = CNOT 55 63
[4564] = CNOT 62 54
[4565] = CNOT 54 62
[4566] = CNOT 61 53
[4567] = CNOT 53 61
[4568] = CNOT 60 52
[4569] = CNOT 52 60
[4570] = CNOT 56 51
[4571] = CNOT 51 56
[4572] = CNOT 57 50
[4573] = CNOT 50 57
[4574] = CNOT 66 49
[4575] = CNOT 49 66
[4576] = CNOT 49 48
[4577] = CNOT 48 49
[4578] = CNOT 50 47
[4579] = CNOT 47 50
[4580] = CNOT 51 46
[4581] = CNOT 46 51
[4582] = CNOT 55 45
[4583] = CNOT 45 55
[4584] = CNOT 54 44
[4585] = CNOT 44 54
[4586] = CNOT 53 43
[4587] = CNOT 43 53
[4588] = CNOT 52 42
[4589] = CNOT 42 52
[4590] = CNOT 46 41
[4591] = CNOT 41 46
[4592] = CNOT 47 40
[4593] = CNOT 40 47
[4594] = CNOT 40 39
[4595] = CNOT 39 40
[4596] = CNOT 41 38
[4597] = CNOT 38 41
[4598] = CNOT 45 37
[4599] = CNOT 37 45
[4600] = CNOT 44 36
[4601] = CNOT 36 44
[4602] = CNOT 43 35
[4603] = CNOT 35 43
[4604] = CNOT 42 34
[4605] = CNOT 34 42
[4606] = CNOT 38 33
[4607] = CNOT 33 38
[4608] = CNOT 39 32
[4609] = CNOT 32 39
[4610] = CNOT 48 31
[4611] = CNOT 31 48
[4612] = CNOT 31 30
[4613] = CNOT 30 31
[4614] = CNOT 32 29
[4615] = CNOT 29 32
[4616] = CNOT 33 28
[4617] = CNOT 28 33
[4618] = CNOT 37 27
[4619] = CNOT 27 37
[4620] = CNOT 36 26
[4621] = CNOT 26 36
[4622] = CNOT 35 25
[4623] = CNOT 25 35
[4624] = CNOT 34 24
[4625] = CNOT 24 34
[4626] = CNOT 28 23
[4627] = CNOT 23 28
[4628] = CNOT 29 22
[4629] = CNOT 22 29
[4630] = CNOT 22 21
[4631] = CNOT 21 22
[4632] = CNOT 23 20
[4633] = CNOT 20 23
[4634] = CNOT 27 19
[4635] = CNOT 19 27
[4636] = CNOT 26 18
[4637] = CNOT 18 26
[4638] = CNOT 25 17
[4639] = CNOT 17 25
[4640] = CNOT 24 16
[4641] = CNOT 16 24
[4642] = CNOT 20 15
[4643] = CNOT 15 20
[4644] = CNOT 21 14
[4645] = CNOT 14 21
[4646] = CNOT 30 13
[4647] = CNOT 13 30
[4648] = CNOT 13 12
[4649] = CNOT 12 13
[4650] = CNOT 14 11
[4651] = CNOT 11 14
[4652] = CNOT 15 10
[4653] = CNOT 10 15
[4654] = CNOT 12 9
[4655] = CNOT 9 12
[4656] = CNOT 11 8
[4657] = CNOT 8 11
[4658] = CNOT 10 7
[4659] = CNOT 7 10
[4660] = CNOT 19 4
[4661] = CNOT 4 19
[4662] = CNOT 18 3
[4663] = CNOT 3 18
[4664] = CNOT 17 2
[4665] = CNOT 2 17
[4666] = CNOT 16 1
[4667] = CNOT 1 16
[4668] = H 10
[4669] = M 10
[4670] = H 11
[4671] = M 11
[4672] = H 12
[4673] = M 12
[4674] = H 13
[4675] = M 13
[4676] = H 14
[4677] = M 14
[4678] = H 15
[4679] = M 15
[4680] = H 16
[4681] = M 16
[4682] = H 17
[4683] = M 17
[4684] = H 18
[4685] = M 18
[4686] = H 19
[4687] = M 19
[4688] = H 20
[4689] = M 20
[4690] = H 21
[4691] = M 21
[4692] = H 22
[4693] = M 22
[4694] = H 23
[4695] = M 23
[4696] = H 24
[4697] = M 24
[4698] = H 25
[4699] = M 25
[4700] = H 26
[4701] = M 26
[4702] = H 27
[4703] = M 27
[4704] = H 28
[4705] = M 28
[4706] = H 29
[4707] = M 29
[4708] = H 30
[4709] = M 30
[4710] = H 31
[4711] = M 31
[4712] = H 32
[4713] = M 32
[4714] = H 33
[4715] = M 33
[4716] = H 34
[4717] = M 34
[4718] = H 35
[4719] = M 35
[4720] = H 36
[4721] = M 36
[4722] = H 37
[4723] = M 37
[4724] = H 38
[4725] = M 38
[4726] = H 39
[4727] = M 39
[4728] = H 40
[4729] = M 40
[4730] = H 41
[4731] = M 41
[4732] = H 42
[4733] = M 42
[4734] = H 43
[4735] = M 43
[4736] = H 44
[4737] = M 44
[4738] = H 45
[4739] = M 45
[4740] = H 46
[4741] = M 46
[4742] = H 47
[4743] = M 47
[4744] = H 48
[4745] = M 48
[4746] = H 49
[4747] = M 49
[4748] = H 50
[4749] = M 50
[4750] = H 51
[4751] = M 51
[4752] = H 52
[4753] = M 52
[4754] = H 53
[4755] = M 53
[4756] = H 54
[4757] = M 54
[4758] = H 55
[4759] = M 55
[4760] = H 56
[4761] = M 56
[4762] = H 57
[4763] = M 57
[4764] = H 58
[4765] = M 58
[4766] = H 59
[4767] = M 59
[4768] = H 60
[4769] = M 60
[4770] = H 61
[4771] = M 61
[4772] = H 62
[4773] = M 62
[4774] = H 63
[4775] = M 63
[4776] = H 64
[4777] = M 64
[4778] = H 65
[4779] = M 65
[4780] = H 66
[4781] = M 66
[4782] = H 67
[4783] = M 67
[4784] = H 68
[4785] = M 68
[4786] = H 69
[4787] = M 69
[4788] = H 70
[4789] = M 70
[4790] = H 71
[4791] = M 71
[4792] = H 72
[4793] = M 72
[4794] = H 73
[4795] = M 73
[4796] = H 74
[4797] = M 74
[4798] = H 75
[4799] = M 75
[4800] = H 76
[4801] = M 76
[4802] = H 77
[4803] = M 77
[4804] = H 4
[4805] = H 3
[4806] = H 2
[4807] = H 1
[4808] = H 7
[4809] = H 8
[4810] = H 9
[4811] = H 6
Gate distributions:
Input:
Operator distribution:
Total number of qubits = 9
Number of `data' qubits = 9
Number of `Toff_n' ancillas = 0
Number of Hadamard ancillas = 0
Hadamard ancilla cap = infinite
Number of {CNOT,T} partitions = 1
T count = 336
Cost estimation = 168142
	id	Count
	0	0
	1	0
	2	0
	3	142
	4	0
	5	0
	6	0
	7	0
	8	0
	9	0
	10	48
	11	0
	12	0
	13	0
	14	0
	15	0
	16	0
	17	0
	18	0
Output:
Operator distribution:
Total number of qubits = 77
Number of `data' qubits = 9
Number of `Toff_n' ancillas = 0
Number of Hadamard ancillas = 68
Hadamard ancilla cap = infinite
Number of {CNOT,T} partitions = 1
T count = 144
Cost estimation = 76702
	id	Count
	0	0
	1	0
	2	0
	3	152
	4	2934
	5	144
	6	0
	7	0
	8	0
	9	0
	10	0
	11	734
	12	0
	13	780
	14	0
	15	0
	16	0
	17	0
	18	68
Output T Count (SQC_Circuit) = 144
Output T Count (PhasePolynomial) = 144
Fail count = 0

Execution time: 9005.69s
Number of LCL errors: 0
Number of LCL warnings: 0
