Optimize a Clifford + T circuit.
Input filename = /home/ryo-mtmt/TOpt/forme/tpar_benchmark/ham15-low.tfc
Number of unknown gates = 0
Number of unknown qubit labels = 0
Circuit filename: /home/ryo-mtmt/TOpt/forme/tpar_benchmark/ham15-low.tfc

n 17
n_x 17
n_y 0
n_z 0
m 201
[0] = CNOT 12 14
[1] = CNOT 1 11
[2] = CNOT 6 11
[3] = CNOT 7 11
[4] = CNOT 8 11
[5] = CNOT 14 12
[6] = CNOT 9 13
[7] = CNOT 12 13
[8] = CNOT 8 9
[9] = CNOT 5 9
[10] = H 9
[11] = CCZ 12 13 9
[12] = H 9
[13] = CNOT 5 9
[14] = CNOT 8 9
[15] = CNOT 1 15
[16] = CNOT 7 15
[17] = CNOT 9 15
[18] = CNOT 14 15
[19] = CNOT 4 13
[20] = H 13
[21] = CCZ 14 15 13
[22] = H 13
[23] = CNOT 14 13
[24] = CNOT 4 13
[25] = H 15
[26] = CCZ 13 14 15
[27] = H 15
[28] = CNOT 11 13
[29] = H 13
[30] = CCZ 14 15 13
[31] = H 13
[32] = CNOT 9 11
[33] = CNOT 10 11
[34] = CNOT 5 11
[35] = CNOT 11 13
[36] = CNOT 4 11
[37] = CNOT 3 11
[38] = CNOT 2 11
[39] = H 17
[40] = CCZ 12 13 17
[41] = H 17
[42] = H 16
[43] = CCZ 17 14 16
[44] = H 16
[45] = H 11
[46] = CCZ 16 15 11
[47] = H 11
[48] = H 16
[49] = CCZ 17 14 16
[50] = H 16
[51] = H 17
[52] = CCZ 12 13 17
[53] = H 17
[54] = CNOT 10 11
[55] = CNOT 7 11
[56] = CNOT 5 11
[57] = CNOT 4 11
[58] = CNOT 3 11
[59] = CNOT 2 11
[60] = CNOT 11 12
[61] = H 16
[62] = CCZ 13 14 16
[63] = H 16
[64] = H 12
[65] = CCZ 16 15 12
[66] = H 12
[67] = H 16
[68] = CCZ 13 14 16
[69] = H 16
[70] = CNOT 6 11
[71] = CNOT 11 12
[72] = CNOT 8 13
[73] = CNOT 11 14
[74] = CNOT 13 12
[75] = H 16
[76] = CCZ 13 14 16
[77] = H 16
[78] = H 12
[79] = CCZ 16 15 12
[80] = H 12
[81] = H 16
[82] = CCZ 13 14 16
[83] = H 16
[84] = CNOT 13 12
[85] = CNOT 6 12
[86] = CNOT 10 13
[87] = CNOT 5 14
[88] = CNOT 4 14
[89] = CNOT 3 14
[90] = H 16
[91] = CCZ 12 13 16
[92] = H 16
[93] = H 14
[94] = CCZ 16 15 14
[95] = H 14
[96] = H 16
[97] = CCZ 12 13 16
[98] = H 16
[99] = CNOT 11 14
[100] = CNOT 1 11
[101] = CNOT 9 11
[102] = CNOT 4 14
[103] = CNOT 3 14
[104] = CNOT 3 13
[105] = CNOT 1 13
[106] = H 13
[107] = CCZ 12 15 13
[108] = H 13
[109] = CNOT 8 13
[110] = CNOT 3 13
[111] = CNOT 14 15
[112] = CNOT 5 14
[113] = CNOT 11 15
[114] = CNOT 8 11
[115] = CNOT 7 15
[116] = H 16
[117] = CCZ 12 13 16
[118] = H 16
[119] = H 15
[120] = CCZ 16 14 15
[121] = H 15
[122] = H 16
[123] = CCZ 12 13 16
[124] = H 16
[125] = CNOT 13 15
[126] = CNOT 5 13
[127] = CNOT 1 13
[128] = CNOT 12 15
[129] = CNOT 11 15
[130] = CNOT 7 15
[131] = H 15
[132] = CCZ 12 14 15
[133] = H 15
[134] = CNOT 14 15
[135] = CNOT 12 15
[136] = CNOT 15 11
[137] = CNOT 11 14
[138] = CNOT 14 11
[139] = CNOT 7 14
[140] = CNOT 10 14
[141] = CNOT 14 10
[142] = CNOT 13 9
[143] = CNOT 9 10
[144] = CNOT 12 8
[145] = CNOT 8 9
[146] = CNOT 11 7
[147] = CNOT 7 8
[148] = CNOT 10 7
[149] = CNOT 6 10
[150] = CNOT 10 6
[151] = CNOT 9 6
[152] = CNOT 5 9
[153] = CNOT 9 5
[154] = CNOT 8 5
[155] = CNOT 4 8
[156] = CNOT 8 4
[157] = CNOT 7 4
[158] = CNOT 3 7
[159] = CNOT 7 3
[160] = CNOT 6 3
[161] = CNOT 2 6
[162] = CNOT 6 2
[163] = CNOT 5 2
[164] = CNOT 1 5
[165] = CNOT 5 1
[166] = CNOT 4 1

Algorithm used: todd

UniversalOptimize begin.
	Gate synthesis begin.

in LempelX3 (Hamming Distance Version)
		Round = 0 | Current Columns: 97
  [HIT] Reduced to m = 95 using Dist = 1
		Round = 1 | Current Columns: 95
  [HIT] Reduced to m = 92 using Dist = 1
		Round = 2 | Current Columns: 92
  [HIT] Reduced to m = 90 using Dist = 2
		Round = 3 | Current Columns: 90
  [HIT] Reduced to m = 88 using Dist = 2
		Round = 4 | Current Columns: 88
  [HIT] Reduced to m = 86 using Dist = 2
		Round = 5 | Current Columns: 86
  [HIT] Reduced to m = 84 using Dist = 2
		Round = 6 | Current Columns: 84
  [HIT] Reduced to m = 82 using Dist = 3
		Round = 7 | Current Columns: 82
  [HIT] Reduced to m = 80 using Dist = 5
		Round = 8 | Current Columns: 80
Total LempelX2 (Hamming) time: 441283 ms
Final Nullspace total time: 329343 ms
		TODD executed in 440.414 seconds.
		Total time: 440.416s
	Gate synthesis end.
	Total time: 456.376s
UniversalOptimize end.
Output circuit:
n 51
n_x 17
n_y 0
n_z 34
m 2601
[0] = H 17
[1] = H 16
[2] = H 18
[3] = H 19
[4] = H 20
[5] = H 21
[6] = H 22
[7] = H 23
[8] = H 24
[9] = H 25
[10] = H 26
[11] = H 27
[12] = H 28
[13] = H 29
[14] = H 30
[15] = H 31
[16] = H 32
[17] = H 33
[18] = H 34
[19] = H 35
[20] = H 36
[21] = H 37
[22] = H 38
[23] = H 39
[24] = H 40
[25] = H 41
[26] = H 42
[27] = H 43
[28] = H 44
[29] = H 45
[30] = H 46
[31] = H 47
[32] = H 48
[33] = H 49
[34] = H 50
[35] = H 51
[36] = CNOT 18 30
[37] = CNOT 18 47
[38] = CNOT 18 49
[39] = T 18
[40] = CNOT 18 49
[41] = CNOT 18 47
[42] = CNOT 18 30
[43] = CNOT 23 38
[44] = CNOT 23 42
[45] = CNOT 23 48
[46] = CNOT 23 50
[47] = T 23
[48] = CNOT 23 50
[49] = CNOT 23 48
[50] = CNOT 23 42
[51] = CNOT 23 38
[52] = CNOT 13 30
[53] = CNOT 13 47
[54] = CNOT 13 49
[55] = T 13
[56] = CNOT 12 14
[57] = CNOT 12 30
[58] = CNOT 12 47
[59] = CNOT 12 49
[60] = T 12
[61] = CNOT 12 18
[62] = T 12
[63] = CNOT 13 18
[64] = T 13
[65] = CNOT 13 49
[66] = CNOT 13 47
[67] = CNOT 13 30
[68] = CNOT 13 18
[69] = CNOT 12 13
[70] = T 12
[71] = CNOT 12 49
[72] = CNOT 12 47
[73] = CNOT 12 30
[74] = CNOT 12 18
[75] = CNOT 12 14
[76] = CNOT 12 13
[77] = CNOT 20 48
[78] = T 20
[79] = CNOT 20 48
[80] = CNOT 15 48
[81] = T 15
[82] = S 15
[83] = CNOT 12 48
[84] = T 12
[85] = S 12
[86] = CNOT 12 20
[87] = T 12
[88] = S 12
[89] = Z 12
[90] = CNOT 15 20
[91] = T 15
[92] = S 15
[93] = Z 15
[94] = CNOT 15 48
[95] = CNOT 15 20
[96] = CNOT 12 15
[97] = T 12
[98] = CNOT 12 20
[99] = CNOT 21 48
[100] = T 21
[101] = Z 21
[102] = CNOT 21 48
[103] = CNOT 22 48
[104] = T 22
[105] = S 22
[106] = CNOT 22 48
[107] = CNOT 12 22
[108] = T 12
[109] = CNOT 12 21
[110] = T 12
[111] = CNOT 12 22
[112] = CNOT 12 21
[113] = CNOT 21 22
[114] = CNOT 21 48
[115] = T 21
[116] = S 21
[117] = Z 21
[118] = CNOT 21 48
[119] = CNOT 21 22
[120] = CNOT 16 47
[121] = CNOT 16 49
[122] = T 16
[123] = Z 16
[124] = CNOT 16 49
[125] = CNOT 16 47
[126] = CNOT 12 21
[127] = CNOT 12 23
[128] = T 12
[129] = CNOT 12 24
[130] = T 12
[131] = CNOT 12 23
[132] = T 46
[133] = T 12
[134] = CNOT 12 48
[135] = CNOT 12 24
[136] = CNOT 12 21
[137] = CNOT 12 15
[138] = CNOT 17 30
[139] = CNOT 17 31
[140] = CNOT 17 47
[141] = CNOT 17 49
[142] = T 17
[143] = CNOT 17 49
[144] = CNOT 17 47
[145] = CNOT 17 31
[146] = CNOT 17 30
[147] = CNOT 12 13
[148] = CNOT 12 14
[149] = CNOT 12 17
[150] = CNOT 12 25
[151] = CNOT 12 30
[152] = CNOT 12 31
[153] = CNOT 12 47
[154] = CNOT 12 49
[155] = T 12
[156] = CNOT 12 25
[157] = CNOT 12 17
[158] = CNOT 17 25
[159] = CNOT 17 30
[160] = CNOT 17 31
[161] = CNOT 17 47
[162] = CNOT 17 49
[163] = T 17
[164] = CNOT 17 49
[165] = CNOT 17 47
[166] = CNOT 17 31
[167] = CNOT 17 30
[168] = CNOT 17 25
[169] = CNOT 12 17
[170] = T 12
[171] = CNOT 12 31
[172] = CNOT 12 30
[173] = CNOT 12 17
[174] = CNOT 12 14
[175] = CNOT 12 13
[176] = CNOT 45 47
[177] = T 45
[178] = S 45
[179] = CNOT 45 47
[180] = CNOT 12 15
[181] = CNOT 12 16
[182] = CNOT 12 21
[183] = CNOT 12 26
[184] = T 12
[185] = CNOT 12 26
[186] = T 12
[187] = CNOT 12 16
[188] = CNOT 16 26
[189] = CNOT 16 47
[190] = CNOT 16 49
[191] = T 16
[192] = CNOT 16 49
[193] = CNOT 16 47
[194] = CNOT 16 26
[195] = CNOT 38 45
[196] = CNOT 38 47
[197] = T 38
[198] = S 38
[199] = Z 38
[200] = CNOT 38 47
[201] = CNOT 38 45
[202] = CNOT 24 27
[203] = CNOT 24 28
[204] = CNOT 24 48
[205] = T 24
[206] = CNOT 24 48
[207] = CNOT 24 28
[208] = CNOT 24 27
[209] = CNOT 43 45
[210] = CNOT 43 47
[211] = CNOT 43 49
[212] = T 43
[213] = CNOT 43 49
[214] = CNOT 43 47
[215] = CNOT 43 45
[216] = CNOT 23 24
[217] = CNOT 23 28
[218] = CNOT 23 48
[219] = T 23
[220] = CNOT 23 27
[221] = T 23
[222] = CNOT 23 28
[223] = CNOT 23 27
[224] = CNOT 23 24
[225] = CNOT 24 28
[226] = CNOT 24 48
[227] = T 24
[228] = Z 24
[229] = CNOT 24 28
[230] = CNOT 12 26
[231] = CNOT 12 30
[232] = T 12
[233] = CNOT 12 26
[234] = CNOT 12 21
[235] = CNOT 12 15
[236] = CNOT 26 30
[237] = CNOT 26 47
[238] = CNOT 26 49
[239] = T 26
[240] = CNOT 26 49
[241] = CNOT 26 47
[242] = CNOT 26 30
[243] = CNOT 23 38
[244] = CNOT 23 42
[245] = T 23
[246] = CNOT 23 48
[247] = CNOT 23 38
[248] = CNOT 12 13
[249] = CNOT 12 14
[250] = CNOT 12 25
[251] = T 12
[252] = CNOT 12 14
[253] = CNOT 12 13
[254] = CNOT 23 47
[255] = T 23
[256] = S 23
[257] = Z 23
[258] = CNOT 23 47
[259] = CNOT 23 50
[260] = T 23
[261] = S 23
[262] = Z 23
[263] = CNOT 23 50
[264] = CNOT 23 42
[265] = CNOT 12 15
[266] = CNOT 12 21
[267] = T 12
[268] = CNOT 12 30
[269] = CNOT 38 47
[270] = T 38
[271] = Z 38
[272] = CNOT 38 47
[273] = CNOT 24 27
[274] = CNOT 24 32
[275] = T 24
[276] = CNOT 24 32
[277] = CNOT 24 33
[278] = T 24
[279] = CNOT 24 48
[280] = CNOT 24 33
[281] = CNOT 24 27
[282] = CNOT 23 24
[283] = CNOT 23 27
[284] = CNOT 23 32
[285] = CNOT 23 48
[286] = T 23
[287] = CNOT 23 33
[288] = T 23
[289] = CNOT 23 32
[290] = T 23
[291] = CNOT 23 33
[292] = CNOT 23 27
[293] = CNOT 23 24
[294] = CNOT 24 27
[295] = CNOT 24 32
[296] = CNOT 24 33
[297] = CNOT 24 48
[298] = T 24
[299] = CNOT 24 48
[300] = CNOT 24 33
[301] = CNOT 24 32
[302] = CNOT 24 27
[303] = CNOT 12 35
[304] = T 12
[305] = CNOT 12 25
[306] = CNOT 25 35
[307] = CNOT 25 47
[308] = CNOT 25 49
[309] = T 25
[310] = CNOT 25 49
[311] = CNOT 25 47
[312] = CNOT 25 35
[313] = CNOT 12 25
[314] = CNOT 12 34
[315] = T 12
[316] = CNOT 12 35
[317] = CNOT 12 25
[318] = CNOT 25 34
[319] = CNOT 25 35
[320] = CNOT 25 47
[321] = CNOT 25 49
[322] = T 25
[323] = CNOT 25 49
[324] = CNOT 25 47
[325] = CNOT 25 35
[326] = CNOT 25 34
[327] = CNOT 36 37
[328] = CNOT 36 44
[329] = CNOT 36 48
[330] = T 36
[331] = CNOT 36 48
[332] = CNOT 36 44
[333] = CNOT 36 37
[334] = CNOT 46 47
[335] = T 46
[336] = S 46
[337] = CNOT 46 47
[338] = CNOT 23 36
[339] = CNOT 23 37
[340] = CNOT 23 44
[341] = T 23
[342] = CNOT 23 37
[343] = T 23
[344] = CNOT 23 48
[345] = CNOT 23 44
[346] = CNOT 23 36
[347] = CNOT 23 42
[348] = CNOT 23 46
[349] = T 23
[350] = S 23
[351] = Z 23
[352] = CNOT 23 46
[353] = CNOT 23 42
[354] = CNOT 36 44
[355] = CNOT 36 48
[356] = T 36
[357] = Z 36
[358] = CNOT 36 48
[359] = CNOT 36 44
[360] = CNOT 38 48
[361] = CNOT 38 50
[362] = T 38
[363] = S 38
[364] = Z 38
[365] = CNOT 38 50
[366] = CNOT 38 48
[367] = CNOT 12 25
[368] = CNOT 12 39
[369] = T 12
[370] = CNOT 12 34
[371] = CNOT 12 25
[372] = T 12
[373] = CNOT 12 49
[374] = CNOT 12 47
[375] = CNOT 12 39
[376] = CNOT 12 21
[377] = CNOT 12 15
[378] = CNOT 25 34
[379] = CNOT 25 38
[380] = CNOT 25 39
[381] = CNOT 25 47
[382] = CNOT 25 49
[383] = T 25
[384] = CNOT 25 39
[385] = CNOT 25 38
[386] = CNOT 38 39
[387] = CNOT 38 47
[388] = CNOT 38 49
[389] = T 38
[390] = CNOT 38 49
[391] = CNOT 38 47
[392] = CNOT 38 39
[393] = CNOT 37 40
[394] = CNOT 37 44
[395] = CNOT 37 48
[396] = T 37
[397] = CNOT 37 40
[398] = CNOT 37 41
[399] = T 37
[400] = CNOT 37 48
[401] = CNOT 37 44
[402] = CNOT 37 41
[403] = CNOT 23 37
[404] = CNOT 23 40
[405] = CNOT 23 44
[406] = CNOT 23 48
[407] = T 23
[408] = CNOT 23 41
[409] = T 23
[410] = CNOT 23 40
[411] = T 23
[412] = CNOT 23 44
[413] = CNOT 23 41
[414] = CNOT 23 37
[415] = CNOT 37 40
[416] = CNOT 37 41
[417] = CNOT 37 44
[418] = CNOT 37 48
[419] = T 37
[420] = CNOT 37 48
[421] = CNOT 37 44
[422] = CNOT 37 41
[423] = CNOT 37 40
[424] = CNOT 25 43
[425] = T 25
[426] = CNOT 25 38
[427] = T 25
[428] = CNOT 25 49
[429] = CNOT 25 47
[430] = CNOT 25 43
[431] = CNOT 25 38
[432] = CNOT 25 34
[433] = T 50
[434] = Z 50
[435] = CNOT 23 38
[436] = T 23
[437] = Z 23
[438] = CNOT 23 44
[439] = T 23
[440] = CNOT 23 48
[441] = CNOT 23 44
[442] = CNOT 23 38
[443] = CNOT 23 42
[444] = CNOT 23 46
[445] = CNOT 23 47
[446] = T 23
[447] = CNOT 23 47
[448] = CNOT 23 46
[449] = CNOT 23 42
[450] = CNOT 38 44
[451] = CNOT 38 48
[452] = T 38
[453] = S 38
[454] = Z 38
[455] = CNOT 38 48
[456] = CNOT 38 44
[457] = CNOT 38 43
[458] = CNOT 38 45
[459] = CNOT 38 47
[460] = CNOT 38 49
[461] = T 38
[462] = CNOT 38 49
[463] = CNOT 38 47
[464] = CNOT 38 45
[465] = CNOT 38 43
[466] = Z 9
[467] = S 11
[468] = Z 12
[469] = S 13
[470] = S 14
[471] = S 15
[472] = Z 15
[473] = Z 17
[474] = Z 18
[475] = S 19
[476] = Z 19
[477] = Z 21
[478] = Z 23
[479] = Z 25
[480] = Z 27
[481] = S 28
[482] = Z 28
[483] = S 29
[484] = Z 29
[485] = S 30
[486] = Z 31
[487] = S 33
[488] = Z 33
[489] = S 34
[490] = Z 37
[491] = S 39
[492] = S 41
[493] = Z 41
[494] = Z 42
[495] = Z 43
[496] = Z 44
[497] = S 47
[498] = Z 48
[499] = S 51
[500] = Z 51
[501] = CNOT 9 13
[502] = S 9
[503] = CNOT 9 13
[504] = CNOT 9 18
[505] = Z 9
[506] = CNOT 9 18
[507] = CNOT 11 21
[508] = S 11
[509] = CNOT 11 21
[510] = CNOT 11 25
[511] = S 11
[512] = CNOT 11 25
[513] = CNOT 11 28
[514] = S 11
[515] = Z 11
[516] = CNOT 11 28
[517] = CNOT 12 13
[518] = S 12
[519] = Z 12
[520] = CNOT 12 13
[521] = CNOT 12 14
[522] = S 12
[523] = Z 12
[524] = CNOT 12 14
[525] = CNOT 12 15
[526] = S 12
[527] = CNOT 12 15
[528] = CNOT 12 16
[529] = S 12
[530] = CNOT 12 16
[531] = CNOT 12 17
[532] = S 12
[533] = Z 12
[534] = CNOT 12 17
[535] = CNOT 12 18
[536] = Z 12
[537] = CNOT 12 18
[538] = CNOT 12 20
[539] = S 12
[540] = Z 12
[541] = CNOT 12 20
[542] = CNOT 12 21
[543] = Z 12
[544] = CNOT 12 21
[545] = CNOT 12 25
[546] = S 12
[547] = CNOT 12 25
[548] = CNOT 12 26
[549] = S 12
[550] = CNOT 12 26
[551] = CNOT 12 30
[552] = S 12
[553] = Z 12
[554] = CNOT 12 30
[555] = CNOT 12 31
[556] = S 12
[557] = Z 12
[558] = CNOT 12 31
[559] = CNOT 12 33
[560] = S 12
[561] = Z 12
[562] = CNOT 12 33
[563] = CNOT 12 34
[564] = Z 12
[565] = CNOT 12 34
[566] = CNOT 12 35
[567] = S 12
[568] = CNOT 12 35
[569] = CNOT 12 39
[570] = S 12
[571] = CNOT 12 39
[572] = CNOT 12 41
[573] = S 12
[574] = Z 12
[575] = CNOT 12 41
[576] = CNOT 12 47
[577] = Z 12
[578] = CNOT 12 47
[579] = CNOT 12 49
[580] = Z 12
[581] = CNOT 12 49
[582] = CNOT 13 14
[583] = S 13
[584] = Z 13
[585] = CNOT 13 14
[586] = CNOT 13 17
[587] = S 13
[588] = Z 13
[589] = CNOT 13 17
[590] = CNOT 13 18
[591] = S 13
[592] = CNOT 13 18
[593] = CNOT 13 20
[594] = S 13
[595] = CNOT 13 20
[596] = CNOT 13 25
[597] = Z 13
[598] = CNOT 13 25
[599] = CNOT 13 30
[600] = S 13
[601] = CNOT 13 30
[602] = CNOT 13 31
[603] = S 13
[604] = Z 13
[605] = CNOT 13 31
[606] = CNOT 13 33
[607] = S 13
[608] = Z 13
[609] = CNOT 13 33
[610] = CNOT 13 47
[611] = S 13
[612] = CNOT 13 47
[613] = CNOT 13 49
[614] = S 13
[615] = CNOT 13 49
[616] = CNOT 14 17
[617] = S 14
[618] = Z 14
[619] = CNOT 14 17
[620] = CNOT 14 18
[621] = Z 14
[622] = CNOT 14 18
[623] = CNOT 14 25
[624] = Z 14
[625] = CNOT 14 25
[626] = CNOT 14 30
[627] = Z 14
[628] = CNOT 14 30
[629] = CNOT 14 31
[630] = S 14
[631] = Z 14
[632] = CNOT 14 31
[633] = CNOT 14 33
[634] = S 14
[635] = Z 14
[636] = CNOT 14 33
[637] = CNOT 14 47
[638] = Z 14
[639] = CNOT 14 47
[640] = CNOT 14 49
[641] = Z 14
[642] = CNOT 14 49
[643] = CNOT 15 16
[644] = S 15
[645] = CNOT 15 16
[646] = CNOT 15 21
[647] = Z 15
[648] = CNOT 15 21
[649] = CNOT 15 22
[650] = S 15
[651] = CNOT 15 22
[652] = CNOT 15 25
[653] = S 15
[654] = Z 15
[655] = CNOT 15 25
[656] = CNOT 15 26
[657] = S 15
[658] = CNOT 15 26
[659] = CNOT 15 30
[660] = S 15
[661] = CNOT 15 30
[662] = CNOT 15 34
[663] = Z 15
[664] = CNOT 15 34
[665] = CNOT 15 35
[666] = S 15
[667] = CNOT 15 35
[668] = CNOT 15 39
[669] = S 15
[670] = CNOT 15 39
[671] = CNOT 15 41
[672] = S 15
[673] = Z 15
[674] = CNOT 15 41
[675] = CNOT 16 21
[676] = S 16
[677] = CNOT 16 21
[678] = CNOT 16 26
[679] = S 16
[680] = Z 16
[681] = CNOT 16 26
[682] = CNOT 16 27
[683] = S 16
[684] = CNOT 16 27
[685] = CNOT 17 25
[686] = S 17
[687] = CNOT 17 25
[688] = CNOT 17 26
[689] = S 17
[690] = CNOT 17 26
[691] = CNOT 18 19
[692] = S 18
[693] = CNOT 18 19
[694] = CNOT 18 30
[695] = S 18
[696] = CNOT 18 30
[697] = CNOT 18 47
[698] = S 18
[699] = CNOT 18 47
[700] = CNOT 18 49
[701] = S 18
[702] = CNOT 18 49
[703] = CNOT 20 21
[704] = S 20
[705] = CNOT 20 21
[706] = CNOT 21 22
[707] = S 21
[708] = CNOT 21 22
[709] = CNOT 21 24
[710] = S 21
[711] = CNOT 21 24
[712] = CNOT 21 26
[713] = S 21
[714] = CNOT 21 26
[715] = CNOT 21 28
[716] = S 21
[717] = Z 21
[718] = CNOT 21 28
[719] = CNOT 21 30
[720] = S 21
[721] = CNOT 21 30
[722] = CNOT 21 34
[723] = Z 21
[724] = CNOT 21 34
[725] = CNOT 21 35
[726] = S 21
[727] = CNOT 21 35
[728] = CNOT 21 39
[729] = S 21
[730] = CNOT 21 39
[731] = CNOT 21 41
[732] = S 21
[733] = Z 21
[734] = CNOT 21 41
[735] = CNOT 22 23
[736] = S 22
[737] = CNOT 22 23
[738] = CNOT 23 24
[739] = S 23
[740] = Z 23
[741] = CNOT 23 24
[742] = CNOT 23 28
[743] = S 23
[744] = Z 23
[745] = CNOT 23 28
[746] = CNOT 23 36
[747] = S 23
[748] = Z 23
[749] = CNOT 23 36
[750] = CNOT 23 38
[751] = S 23
[752] = CNOT 23 38
[753] = CNOT 23 44
[754] = S 23
[755] = Z 23
[756] = CNOT 23 44
[757] = CNOT 23 46
[758] = Z 23
[759] = CNOT 23 46
[760] = CNOT 23 47
[761] = S 23
[762] = Z 23
[763] = CNOT 23 47
[764] = CNOT 23 48
[765] = Z 23
[766] = CNOT 23 48
[767] = CNOT 23 50
[768] = Z 23
[769] = CNOT 23 50
[770] = CNOT 24 25
[771] = S 24
[772] = CNOT 24 25
[773] = CNOT 24 27
[774] = S 24
[775] = Z 24
[776] = CNOT 24 27
[777] = CNOT 24 28
[778] = Z 24
[779] = CNOT 24 28
[780] = CNOT 24 48
[781] = Z 24
[782] = CNOT 24 48
[783] = CNOT 25 28
[784] = S 25
[785] = Z 25
[786] = CNOT 25 28
[787] = CNOT 25 30
[788] = S 25
[789] = Z 25
[790] = CNOT 25 30
[791] = CNOT 25 31
[792] = S 25
[793] = CNOT 25 31
[794] = CNOT 25 34
[795] = S 25
[796] = CNOT 25 34
[797] = CNOT 25 35
[798] = S 25
[799] = Z 25
[800] = CNOT 25 35
[801] = CNOT 25 38
[802] = S 25
[803] = Z 25
[804] = CNOT 25 38
[805] = CNOT 25 39
[806] = S 25
[807] = CNOT 25 39
[808] = CNOT 25 43
[809] = S 25
[810] = CNOT 25 43
[811] = CNOT 25 44
[812] = S 25
[813] = Z 25
[814] = CNOT 25 44
[815] = CNOT 25 47
[816] = S 25
[817] = CNOT 25 47
[818] = CNOT 25 49
[819] = S 25
[820] = CNOT 25 49
[821] = CNOT 26 30
[822] = S 26
[823] = Z 26
[824] = CNOT 26 30
[825] = CNOT 26 31
[826] = S 26
[827] = CNOT 26 31
[828] = CNOT 26 47
[829] = S 26
[830] = CNOT 26 47
[831] = CNOT 26 49
[832] = S 26
[833] = CNOT 26 49
[834] = CNOT 27 28
[835] = S 27
[836] = Z 27
[837] = CNOT 27 28
[838] = CNOT 27 30
[839] = S 27
[840] = CNOT 27 30
[841] = CNOT 27 48
[842] = S 27
[843] = Z 27
[844] = CNOT 27 48
[845] = CNOT 28 29
[846] = S 28
[847] = CNOT 28 29
[848] = CNOT 28 48
[849] = Z 28
[850] = CNOT 28 48
[851] = CNOT 30 32
[852] = S 30
[853] = CNOT 30 32
[854] = CNOT 30 47
[855] = S 30
[856] = Z 30
[857] = CNOT 30 47
[858] = CNOT 30 49
[859] = S 30
[860] = Z 30
[861] = CNOT 30 49
[862] = CNOT 32 35
[863] = S 32
[864] = CNOT 32 35
[865] = CNOT 33 34
[866] = S 33
[867] = CNOT 33 34
[868] = CNOT 34 37
[869] = S 34
[870] = CNOT 34 37
[871] = CNOT 34 38
[872] = S 34
[873] = Z 34
[874] = CNOT 34 38
[875] = CNOT 34 39
[876] = S 34
[877] = CNOT 34 39
[878] = CNOT 34 43
[879] = S 34
[880] = CNOT 34 43
[881] = CNOT 34 44
[882] = S 34
[883] = Z 34
[884] = CNOT 34 44
[885] = CNOT 35 36
[886] = S 35
[887] = CNOT 35 36
[888] = CNOT 35 47
[889] = Z 35
[890] = CNOT 35 47
[891] = CNOT 35 49
[892] = Z 35
[893] = CNOT 35 49
[894] = CNOT 36 37
[895] = S 36
[896] = Z 36
[897] = CNOT 36 37
[898] = CNOT 36 39
[899] = S 36
[900] = CNOT 36 39
[901] = CNOT 36 44
[902] = Z 36
[903] = CNOT 36 44
[904] = CNOT 36 48
[905] = Z 36
[906] = CNOT 36 48
[907] = CNOT 37 38
[908] = S 37
[909] = CNOT 37 38
[910] = CNOT 37 44
[911] = S 37
[912] = Z 37
[913] = CNOT 37 44
[914] = CNOT 37 48
[915] = S 37
[916] = Z 37
[917] = CNOT 37 48
[918] = CNOT 38 39
[919] = Z 38
[920] = CNOT 38 39
[921] = CNOT 38 42
[922] = S 38
[923] = Z 38
[924] = CNOT 38 42
[925] = CNOT 38 43
[926] = Z 38
[927] = CNOT 38 43
[928] = CNOT 38 44
[929] = S 38
[930] = CNOT 38 44
[931] = CNOT 38 45
[932] = Z 38
[933] = CNOT 38 45
[934] = CNOT 38 50
[935] = Z 38
[936] = CNOT 38 50
[937] = CNOT 39 40
[938] = S 39
[939] = CNOT 39 40
[940] = CNOT 39 47
[941] = Z 39
[942] = CNOT 39 47
[943] = CNOT 39 49
[944] = Z 39
[945] = CNOT 39 49
[946] = CNOT 40 43
[947] = S 40
[948] = CNOT 40 43
[949] = CNOT 41 42
[950] = S 41
[951] = CNOT 41 42
[952] = CNOT 42 46
[953] = Z 42
[954] = CNOT 42 46
[955] = CNOT 42 47
[956] = Z 42
[957] = CNOT 42 47
[958] = CNOT 42 48
[959] = S 42
[960] = Z 42
[961] = CNOT 42 48
[962] = CNOT 42 50
[963] = Z 42
[964] = CNOT 42 50
[965] = CNOT 43 45
[966] = S 43
[967] = Z 43
[968] = CNOT 43 45
[969] = CNOT 43 46
[970] = S 43
[971] = CNOT 43 46
[972] = CNOT 44 45
[973] = S 44
[974] = CNOT 44 45
[975] = CNOT 45 49
[976] = S 45
[977] = Z 45
[978] = CNOT 45 49
[979] = CNOT 46 49
[980] = S 46
[981] = CNOT 47 48
[982] = S 47
[983] = CNOT 47 48
[984] = CNOT 47 49
[985] = S 47
[986] = Z 47
[987] = CNOT 47 49
[988] = CNOT 48 50
[989] = S 48
[990] = Z 48
[991] = CNOT 48 50
[992] = CNOT 50 51
[993] = S 50
[994] = CNOT 9 13
[995] = CNOT 9 18
[996] = S 9
[997] = Z 9
[998] = CNOT 9 18
[999] = CNOT 9 13
[1000] = CNOT 11 21
[1001] = CNOT 11 28
[1002] = S 11
[1003] = Z 11
[1004] = CNOT 11 21
[1005] = CNOT 11 25
[1006] = S 11
[1007] = Z 11
[1008] = CNOT 11 28
[1009] = CNOT 11 25
[1010] = CNOT 12 13
[1011] = CNOT 12 14
[1012] = Z 12
[1013] = CNOT 12 14
[1014] = CNOT 12 17
[1015] = S 12
[1016] = Z 12
[1017] = CNOT 12 17
[1018] = CNOT 12 18
[1019] = S 12
[1020] = Z 12
[1021] = CNOT 12 18
[1022] = CNOT 12 25
[1023] = S 12
[1024] = Z 12
[1025] = CNOT 12 25
[1026] = CNOT 12 30
[1027] = Z 12
[1028] = CNOT 12 30
[1029] = CNOT 12 31
[1030] = S 12
[1031] = Z 12
[1032] = CNOT 12 31
[1033] = CNOT 12 33
[1034] = S 12
[1035] = Z 12
[1036] = CNOT 12 33
[1037] = CNOT 12 47
[1038] = Z 12
[1039] = CNOT 12 47
[1040] = CNOT 12 49
[1041] = Z 12
[1042] = CNOT 12 49
[1043] = CNOT 12 13
[1044] = CNOT 12 14
[1045] = CNOT 12 17
[1046] = S 12
[1047] = Z 12
[1048] = CNOT 12 17
[1049] = CNOT 12 18
[1050] = S 12
[1051] = Z 12
[1052] = CNOT 12 18
[1053] = CNOT 12 25
[1054] = S 12
[1055] = Z 12
[1056] = CNOT 12 25
[1057] = CNOT 12 30
[1058] = S 12
[1059] = CNOT 12 30
[1060] = CNOT 12 31
[1061] = S 12
[1062] = Z 12
[1063] = CNOT 12 31
[1064] = CNOT 12 33
[1065] = S 12
[1066] = Z 12
[1067] = CNOT 12 33
[1068] = CNOT 12 47
[1069] = S 12
[1070] = CNOT 12 47
[1071] = CNOT 12 49
[1072] = S 12
[1073] = CNOT 12 49
[1074] = CNOT 12 14
[1075] = CNOT 12 15
[1076] = CNOT 12 16
[1077] = S 12
[1078] = Z 12
[1079] = CNOT 12 16
[1080] = CNOT 12 20
[1081] = S 12
[1082] = Z 12
[1083] = CNOT 12 20
[1084] = CNOT 12 21
[1085] = Z 12
[1086] = CNOT 12 21
[1087] = CNOT 12 22
[1088] = S 12
[1089] = Z 12
[1090] = CNOT 12 22
[1091] = CNOT 12 23
[1092] = S 12
[1093] = Z 12
[1094] = CNOT 12 23
[1095] = CNOT 12 24
[1096] = S 12
[1097] = Z 12
[1098] = CNOT 12 24
[1099] = CNOT 12 25
[1100] = Z 12
[1101] = CNOT 12 25
[1102] = CNOT 12 26
[1103] = S 12
[1104] = Z 12
[1105] = CNOT 12 26
[1106] = CNOT 12 30
[1107] = S 12
[1108] = Z 12
[1109] = CNOT 12 30
[1110] = CNOT 12 34
[1111] = S 12
[1112] = Z 12
[1113] = CNOT 12 34
[1114] = CNOT 12 35
[1115] = S 12
[1116] = Z 12
[1117] = CNOT 12 35
[1118] = CNOT 12 39
[1119] = S 12
[1120] = Z 12
[1121] = CNOT 12 39
[1122] = CNOT 12 41
[1123] = S 12
[1124] = Z 12
[1125] = CNOT 12 41
[1126] = CNOT 12 48
[1127] = S 12
[1128] = CNOT 12 48
[1129] = CNOT 12 15
[1130] = CNOT 12 16
[1131] = CNOT 12 21
[1132] = S 12
[1133] = Z 12
[1134] = CNOT 12 21
[1135] = CNOT 12 47
[1136] = S 12
[1137] = Z 12
[1138] = CNOT 12 47
[1139] = CNOT 12 49
[1140] = S 12
[1141] = Z 12
[1142] = CNOT 12 49
[1143] = CNOT 12 16
[1144] = CNOT 12 17
[1145] = CNOT 12 30
[1146] = S 12
[1147] = Z 12
[1148] = CNOT 12 30
[1149] = CNOT 12 31
[1150] = S 12
[1151] = Z 12
[1152] = CNOT 12 31
[1153] = CNOT 12 47
[1154] = S 12
[1155] = Z 12
[1156] = CNOT 12 47
[1157] = CNOT 12 49
[1158] = S 12
[1159] = Z 12
[1160] = CNOT 12 49
[1161] = CNOT 12 17
[1162] = CNOT 12 18
[1163] = CNOT 12 30
[1164] = S 12
[1165] = Z 12
[1166] = CNOT 12 30
[1167] = CNOT 12 47
[1168] = S 12
[1169] = Z 12
[1170] = CNOT 12 47
[1171] = CNOT 12 49
[1172] = S 12
[1173] = Z 12
[1174] = CNOT 12 49
[1175] = CNOT 12 18
[1176] = CNOT 12 21
[1177] = CNOT 12 22
[1178] = S 12
[1179] = Z 12
[1180] = CNOT 12 22
[1181] = CNOT 12 23
[1182] = S 12
[1183] = Z 12
[1184] = CNOT 12 23
[1185] = CNOT 12 24
[1186] = S 12
[1187] = Z 12
[1188] = CNOT 12 24
[1189] = CNOT 12 25
[1190] = Z 12
[1191] = CNOT 12 25
[1192] = CNOT 12 26
[1193] = S 12
[1194] = Z 12
[1195] = CNOT 12 26
[1196] = CNOT 12 30
[1197] = S 12
[1198] = Z 12
[1199] = CNOT 12 30
[1200] = CNOT 12 34
[1201] = S 12
[1202] = Z 12
[1203] = CNOT 12 34
[1204] = CNOT 12 35
[1205] = S 12
[1206] = Z 12
[1207] = CNOT 12 35
[1208] = CNOT 12 39
[1209] = S 12
[1210] = Z 12
[1211] = CNOT 12 39
[1212] = CNOT 12 41
[1213] = S 12
[1214] = Z 12
[1215] = CNOT 12 41
[1216] = CNOT 12 48
[1217] = Z 12
[1218] = CNOT 12 21
[1219] = CNOT 12 22
[1220] = S 12
[1221] = Z 12
[1222] = CNOT 12 22
[1223] = CNOT 12 23
[1224] = S 12
[1225] = Z 12
[1226] = CNOT 12 23
[1227] = CNOT 12 24
[1228] = S 12
[1229] = Z 12
[1230] = CNOT 12 48
[1231] = CNOT 12 24
[1232] = CNOT 12 25
[1233] = CNOT 12 30
[1234] = S 12
[1235] = Z 12
[1236] = CNOT 12 30
[1237] = CNOT 12 34
[1238] = S 12
[1239] = Z 12
[1240] = CNOT 12 34
[1241] = CNOT 12 47
[1242] = S 12
[1243] = CNOT 12 47
[1244] = CNOT 12 49
[1245] = S 12
[1246] = CNOT 12 49
[1247] = CNOT 12 25
[1248] = CNOT 12 26
[1249] = CNOT 12 47
[1250] = S 12
[1251] = Z 12
[1252] = CNOT 12 47
[1253] = CNOT 12 49
[1254] = S 12
[1255] = Z 12
[1256] = CNOT 12 49
[1257] = CNOT 12 26
[1258] = CNOT 12 30
[1259] = CNOT 12 31
[1260] = S 12
[1261] = Z 12
[1262] = CNOT 12 30
[1263] = CNOT 12 47
[1264] = S 12
[1265] = Z 12
[1266] = CNOT 12 47
[1267] = CNOT 12 49
[1268] = S 12
[1269] = Z 12
[1270] = CNOT 12 49
[1271] = CNOT 12 31
[1272] = CNOT 12 34
[1273] = CNOT 12 47
[1274] = S 12
[1275] = Z 12
[1276] = CNOT 12 47
[1277] = CNOT 12 49
[1278] = S 12
[1279] = Z 12
[1280] = CNOT 12 49
[1281] = CNOT 12 34
[1282] = CNOT 12 35
[1283] = CNOT 12 47
[1284] = S 12
[1285] = Z 12
[1286] = CNOT 12 47
[1287] = CNOT 12 49
[1288] = S 12
[1289] = Z 12
[1290] = CNOT 12 49
[1291] = CNOT 12 35
[1292] = CNOT 12 39
[1293] = CNOT 12 47
[1294] = S 12
[1295] = Z 12
[1296] = CNOT 12 47
[1297] = CNOT 12 49
[1298] = S 12
[1299] = Z 12
[1300] = CNOT 12 39
[1301] = CNOT 12 47
[1302] = S 12
[1303] = CNOT 12 49
[1304] = CNOT 12 47
[1305] = CNOT 13 14
[1306] = CNOT 13 17
[1307] = S 13
[1308] = Z 13
[1309] = CNOT 13 17
[1310] = CNOT 13 18
[1311] = S 13
[1312] = Z 13
[1313] = CNOT 13 18
[1314] = CNOT 13 25
[1315] = S 13
[1316] = Z 13
[1317] = CNOT 13 25
[1318] = CNOT 13 30
[1319] = Z 13
[1320] = CNOT 13 30
[1321] = CNOT 13 31
[1322] = S 13
[1323] = Z 13
[1324] = CNOT 13 31
[1325] = CNOT 13 33
[1326] = S 13
[1327] = Z 13
[1328] = CNOT 13 33
[1329] = CNOT 13 47
[1330] = Z 13
[1331] = CNOT 13 47
[1332] = CNOT 13 49
[1333] = Z 13
[1334] = CNOT 13 49
[1335] = CNOT 13 14
[1336] = CNOT 13 17
[1337] = CNOT 13 30
[1338] = S 13
[1339] = Z 13
[1340] = CNOT 13 30
[1341] = CNOT 13 31
[1342] = S 13
[1343] = Z 13
[1344] = CNOT 13 31
[1345] = CNOT 13 47
[1346] = S 13
[1347] = Z 13
[1348] = CNOT 13 47
[1349] = CNOT 13 49
[1350] = S 13
[1351] = Z 13
[1352] = CNOT 13 49
[1353] = CNOT 13 17
[1354] = CNOT 13 18
[1355] = CNOT 13 30
[1356] = S 13
[1357] = Z 13
[1358] = CNOT 13 30
[1359] = CNOT 13 47
[1360] = S 13
[1361] = Z 13
[1362] = CNOT 13 47
[1363] = CNOT 13 49
[1364] = S 13
[1365] = Z 13
[1366] = CNOT 13 49
[1367] = CNOT 13 18
[1368] = CNOT 13 25
[1369] = CNOT 13 30
[1370] = S 13
[1371] = Z 13
[1372] = CNOT 13 30
[1373] = CNOT 13 47
[1374] = S 13
[1375] = Z 13
[1376] = CNOT 13 47
[1377] = CNOT 13 49
[1378] = S 13
[1379] = Z 13
[1380] = CNOT 13 49
[1381] = CNOT 13 25
[1382] = CNOT 13 30
[1383] = CNOT 13 31
[1384] = S 13
[1385] = Z 13
[1386] = CNOT 13 31
[1387] = CNOT 13 47
[1388] = S 13
[1389] = CNOT 13 47
[1390] = CNOT 13 49
[1391] = S 13
[1392] = CNOT 13 49
[1393] = CNOT 13 30
[1394] = CNOT 13 31
[1395] = CNOT 13 47
[1396] = S 13
[1397] = Z 13
[1398] = CNOT 13 47
[1399] = CNOT 13 49
[1400] = S 13
[1401] = Z 13
[1402] = CNOT 13 31
[1403] = CNOT 13 47
[1404] = S 13
[1405] = CNOT 13 49
[1406] = CNOT 13 47
[1407] = CNOT 14 17
[1408] = CNOT 14 30
[1409] = S 14
[1410] = Z 14
[1411] = CNOT 14 30
[1412] = CNOT 14 31
[1413] = S 14
[1414] = Z 14
[1415] = CNOT 14 31
[1416] = CNOT 14 47
[1417] = S 14
[1418] = Z 14
[1419] = CNOT 14 47
[1420] = CNOT 14 49
[1421] = S 14
[1422] = Z 14
[1423] = CNOT 14 49
[1424] = CNOT 14 17
[1425] = CNOT 14 18
[1426] = CNOT 14 30
[1427] = S 14
[1428] = Z 14
[1429] = CNOT 14 30
[1430] = CNOT 14 47
[1431] = S 14
[1432] = Z 14
[1433] = CNOT 14 47
[1434] = CNOT 14 49
[1435] = S 14
[1436] = Z 14
[1437] = CNOT 14 49
[1438] = CNOT 14 18
[1439] = CNOT 14 25
[1440] = CNOT 14 30
[1441] = S 14
[1442] = Z 14
[1443] = CNOT 14 30
[1444] = CNOT 14 47
[1445] = S 14
[1446] = Z 14
[1447] = CNOT 14 47
[1448] = CNOT 14 49
[1449] = S 14
[1450] = Z 14
[1451] = CNOT 14 49
[1452] = CNOT 14 25
[1453] = CNOT 14 30
[1454] = CNOT 14 31
[1455] = S 14
[1456] = Z 14
[1457] = CNOT 14 31
[1458] = CNOT 14 47
[1459] = S 14
[1460] = CNOT 14 47
[1461] = CNOT 14 49
[1462] = S 14
[1463] = CNOT 14 49
[1464] = CNOT 14 30
[1465] = CNOT 14 31
[1466] = CNOT 14 47
[1467] = S 14
[1468] = Z 14
[1469] = CNOT 14 47
[1470] = CNOT 14 49
[1471] = S 14
[1472] = Z 14
[1473] = CNOT 14 31
[1474] = CNOT 14 47
[1475] = S 14
[1476] = CNOT 14 49
[1477] = CNOT 14 47
[1478] = CNOT 15 16
[1479] = CNOT 15 21
[1480] = S 15
[1481] = Z 15
[1482] = CNOT 15 21
[1483] = CNOT 15 47
[1484] = S 15
[1485] = Z 15
[1486] = CNOT 15 47
[1487] = CNOT 15 49
[1488] = S 15
[1489] = Z 15
[1490] = CNOT 15 49
[1491] = CNOT 15 16
[1492] = CNOT 15 21
[1493] = CNOT 15 22
[1494] = S 15
[1495] = Z 15
[1496] = CNOT 15 22
[1497] = CNOT 15 23
[1498] = S 15
[1499] = Z 15
[1500] = CNOT 15 23
[1501] = CNOT 15 24
[1502] = S 15
[1503] = Z 15
[1504] = CNOT 15 24
[1505] = CNOT 15 25
[1506] = Z 15
[1507] = CNOT 15 25
[1508] = CNOT 15 26
[1509] = S 15
[1510] = Z 15
[1511] = CNOT 15 26
[1512] = CNOT 15 30
[1513] = S 15
[1514] = Z 15
[1515] = CNOT 15 30
[1516] = CNOT 15 34
[1517] = S 15
[1518] = Z 15
[1519] = CNOT 15 34
[1520] = CNOT 15 35
[1521] = S 15
[1522] = Z 15
[1523] = CNOT 15 35
[1524] = CNOT 15 39
[1525] = S 15
[1526] = Z 15
[1527] = CNOT 15 39
[1528] = CNOT 15 41
[1529] = S 15
[1530] = Z 15
[1531] = CNOT 15 41
[1532] = CNOT 15 48
[1533] = Z 15
[1534] = CNOT 15 21
[1535] = CNOT 15 22
[1536] = S 15
[1537] = Z 15
[1538] = CNOT 15 22
[1539] = CNOT 15 23
[1540] = S 15
[1541] = Z 15
[1542] = CNOT 15 23
[1543] = CNOT 15 24
[1544] = S 15
[1545] = Z 15
[1546] = CNOT 15 48
[1547] = CNOT 15 24
[1548] = CNOT 15 25
[1549] = CNOT 15 34
[1550] = S 15
[1551] = Z 15
[1552] = CNOT 15 34
[1553] = CNOT 15 47
[1554] = Z 15
[1555] = CNOT 15 47
[1556] = CNOT 15 49
[1557] = Z 15
[1558] = CNOT 15 49
[1559] = CNOT 15 25
[1560] = CNOT 15 26
[1561] = CNOT 15 47
[1562] = S 15
[1563] = Z 15
[1564] = CNOT 15 47
[1565] = CNOT 15 49
[1566] = S 15
[1567] = Z 15
[1568] = CNOT 15 49
[1569] = CNOT 15 26
[1570] = CNOT 15 30
[1571] = CNOT 15 47
[1572] = S 15
[1573] = Z 15
[1574] = CNOT 15 47
[1575] = CNOT 15 49
[1576] = S 15
[1577] = Z 15
[1578] = CNOT 15 49
[1579] = CNOT 15 30
[1580] = CNOT 15 34
[1581] = CNOT 15 47
[1582] = S 15
[1583] = Z 15
[1584] = CNOT 15 47
[1585] = CNOT 15 49
[1586] = S 15
[1587] = Z 15
[1588] = CNOT 15 49
[1589] = CNOT 15 34
[1590] = CNOT 15 35
[1591] = CNOT 15 47
[1592] = S 15
[1593] = Z 15
[1594] = CNOT 15 47
[1595] = CNOT 15 49
[1596] = S 15
[1597] = Z 15
[1598] = CNOT 15 49
[1599] = CNOT 15 35
[1600] = CNOT 15 39
[1601] = CNOT 15 47
[1602] = S 15
[1603] = Z 15
[1604] = CNOT 15 47
[1605] = CNOT 15 49
[1606] = S 15
[1607] = Z 15
[1608] = CNOT 15 49
[1609] = CNOT 15 39
[1610] = CNOT 16 21
[1611] = CNOT 16 47
[1612] = S 16
[1613] = Z 16
[1614] = CNOT 16 47
[1615] = CNOT 16 49
[1616] = S 16
[1617] = Z 16
[1618] = CNOT 16 49
[1619] = CNOT 16 21
[1620] = CNOT 16 26
[1621] = CNOT 16 47
[1622] = S 16
[1623] = Z 16
[1624] = CNOT 16 47
[1625] = CNOT 16 49
[1626] = S 16
[1627] = Z 16
[1628] = CNOT 16 26
[1629] = CNOT 17 25
[1630] = CNOT 17 30
[1631] = S 17
[1632] = Z 17
[1633] = CNOT 17 30
[1634] = CNOT 17 31
[1635] = S 17
[1636] = Z 17
[1637] = CNOT 17 31
[1638] = CNOT 17 47
[1639] = S 17
[1640] = Z 17
[1641] = CNOT 17 47
[1642] = CNOT 17 49
[1643] = S 17
[1644] = Z 17
[1645] = CNOT 17 49
[1646] = CNOT 17 25
[1647] = CNOT 17 30
[1648] = CNOT 17 31
[1649] = Z 17
[1650] = CNOT 17 31
[1651] = CNOT 17 47
[1652] = Z 17
[1653] = CNOT 17 47
[1654] = CNOT 17 49
[1655] = Z 17
[1656] = CNOT 17 49
[1657] = CNOT 17 30
[1658] = CNOT 17 31
[1659] = CNOT 17 47
[1660] = Z 17
[1661] = CNOT 17 47
[1662] = CNOT 17 49
[1663] = Z 17
[1664] = CNOT 17 31
[1665] = CNOT 17 47
[1666] = Z 17
[1667] = CNOT 17 49
[1668] = CNOT 17 47
[1669] = CNOT 18 30
[1670] = CNOT 18 47
[1671] = Z 18
[1672] = CNOT 18 47
[1673] = CNOT 18 49
[1674] = Z 18
[1675] = CNOT 18 30
[1676] = CNOT 18 47
[1677] = Z 18
[1678] = CNOT 18 49
[1679] = CNOT 18 47
[1680] = CNOT 21 23
[1681] = CNOT 21 48
[1682] = S 21
[1683] = Z 21
[1684] = CNOT 21 23
[1685] = CNOT 21 24
[1686] = S 21
[1687] = Z 21
[1688] = CNOT 21 48
[1689] = CNOT 21 24
[1690] = CNOT 21 25
[1691] = CNOT 21 28
[1692] = S 21
[1693] = Z 21
[1694] = CNOT 21 28
[1695] = CNOT 21 34
[1696] = S 21
[1697] = Z 21
[1698] = CNOT 21 34
[1699] = CNOT 21 47
[1700] = Z 21
[1701] = CNOT 21 47
[1702] = CNOT 21 49
[1703] = Z 21
[1704] = CNOT 21 49
[1705] = CNOT 21 25
[1706] = CNOT 21 26
[1707] = CNOT 21 47
[1708] = S 21
[1709] = Z 21
[1710] = CNOT 21 47
[1711] = CNOT 21 49
[1712] = S 21
[1713] = Z 21
[1714] = CNOT 21 49
[1715] = CNOT 21 26
[1716] = CNOT 21 30
[1717] = CNOT 21 47
[1718] = S 21
[1719] = Z 21
[1720] = CNOT 21 47
[1721] = CNOT 21 49
[1722] = S 21
[1723] = Z 21
[1724] = CNOT 21 49
[1725] = CNOT 21 30
[1726] = CNOT 21 34
[1727] = CNOT 21 47
[1728] = S 21
[1729] = Z 21
[1730] = CNOT 21 47
[1731] = CNOT 21 49
[1732] = S 21
[1733] = Z 21
[1734] = CNOT 21 49
[1735] = CNOT 21 34
[1736] = CNOT 21 35
[1737] = CNOT 21 47
[1738] = S 21
[1739] = Z 21
[1740] = CNOT 21 47
[1741] = CNOT 21 49
[1742] = S 21
[1743] = Z 21
[1744] = CNOT 21 49
[1745] = CNOT 21 35
[1746] = CNOT 21 39
[1747] = CNOT 21 47
[1748] = S 21
[1749] = Z 21
[1750] = CNOT 21 47
[1751] = CNOT 21 49
[1752] = S 21
[1753] = Z 21
[1754] = CNOT 21 49
[1755] = CNOT 21 39
[1756] = CNOT 23 24
[1757] = CNOT 23 27
[1758] = Z 23
[1759] = CNOT 23 27
[1760] = CNOT 23 28
[1761] = S 23
[1762] = Z 23
[1763] = CNOT 23 28
[1764] = CNOT 23 32
[1765] = S 23
[1766] = Z 23
[1767] = CNOT 23 32
[1768] = CNOT 23 33
[1769] = S 23
[1770] = Z 23
[1771] = CNOT 23 33
[1772] = CNOT 23 48
[1773] = S 23
[1774] = CNOT 23 48
[1775] = CNOT 23 24
[1776] = CNOT 23 27
[1777] = CNOT 23 32
[1778] = S 23
[1779] = Z 23
[1780] = CNOT 23 32
[1781] = CNOT 23 33
[1782] = S 23
[1783] = Z 23
[1784] = CNOT 23 33
[1785] = CNOT 23 48
[1786] = Z 23
[1787] = CNOT 23 27
[1788] = CNOT 23 28
[1789] = S 23
[1790] = Z 23
[1791] = CNOT 23 28
[1792] = CNOT 23 32
[1793] = S 23
[1794] = Z 23
[1795] = CNOT 23 32
[1796] = CNOT 23 33
[1797] = S 23
[1798] = Z 23
[1799] = CNOT 23 48
[1800] = CNOT 23 33
[1801] = CNOT 23 36
[1802] = CNOT 23 44
[1803] = S 23
[1804] = Z 23
[1805] = CNOT 23 44
[1806] = CNOT 23 48
[1807] = S 23
[1808] = Z 23
[1809] = CNOT 23 48
[1810] = CNOT 23 36
[1811] = CNOT 23 37
[1812] = CNOT 23 40
[1813] = S 23
[1814] = Z 23
[1815] = CNOT 23 40
[1816] = CNOT 23 41
[1817] = S 23
[1818] = Z 23
[1819] = CNOT 23 41
[1820] = CNOT 23 44
[1821] = Z 23
[1822] = CNOT 23 44
[1823] = CNOT 23 48
[1824] = Z 23
[1825] = CNOT 23 48
[1826] = CNOT 23 37
[1827] = CNOT 23 38
[1828] = CNOT 23 42
[1829] = S 23
[1830] = Z 23
[1831] = CNOT 23 42
[1832] = CNOT 23 38
[1833] = CNOT 23 40
[1834] = CNOT 23 44
[1835] = S 23
[1836] = Z 23
[1837] = CNOT 23 44
[1838] = CNOT 23 48
[1839] = S 23
[1840] = Z 23
[1841] = CNOT 23 48
[1842] = CNOT 23 40
[1843] = CNOT 23 41
[1844] = CNOT 23 44
[1845] = S 23
[1846] = Z 23
[1847] = CNOT 23 44
[1848] = CNOT 23 48
[1849] = S 23
[1850] = Z 23
[1851] = CNOT 23 41
[1852] = CNOT 23 42
[1853] = S 23
[1854] = Z 23
[1855] = CNOT 23 42
[1856] = CNOT 23 44
[1857] = S 23
[1858] = CNOT 23 48
[1859] = CNOT 23 44
[1860] = CNOT 24 27
[1861] = CNOT 24 28
[1862] = S 24
[1863] = Z 24
[1864] = CNOT 24 28
[1865] = CNOT 24 32
[1866] = Z 24
[1867] = CNOT 24 32
[1868] = CNOT 24 33
[1869] = Z 24
[1870] = CNOT 24 27
[1871] = CNOT 24 32
[1872] = S 24
[1873] = Z 24
[1874] = CNOT 24 33
[1875] = CNOT 24 48
[1876] = Z 24
[1877] = CNOT 24 32
[1878] = CNOT 24 33
[1879] = Z 24
[1880] = CNOT 24 48
[1881] = CNOT 24 33
[1882] = CNOT 25 30
[1883] = CNOT 25 31
[1884] = S 25
[1885] = Z 25
[1886] = CNOT 25 31
[1887] = CNOT 25 47
[1888] = Z 25
[1889] = CNOT 25 47
[1890] = CNOT 25 49
[1891] = Z 25
[1892] = CNOT 25 49
[1893] = CNOT 25 30
[1894] = CNOT 25 31
[1895] = CNOT 25 47
[1896] = S 25
[1897] = Z 25
[1898] = CNOT 25 47
[1899] = CNOT 25 49
[1900] = S 25
[1901] = Z 25
[1902] = CNOT 25 49
[1903] = CNOT 25 31
[1904] = CNOT 25 34
[1905] = CNOT 25 35
[1906] = S 25
[1907] = Z 25
[1908] = CNOT 25 35
[1909] = CNOT 25 38
[1910] = S 25
[1911] = Z 25
[1912] = CNOT 25 38
[1913] = CNOT 25 39
[1914] = S 25
[1915] = Z 25
[1916] = CNOT 25 39
[1917] = CNOT 25 43
[1918] = S 25
[1919] = Z 25
[1920] = CNOT 25 43
[1921] = CNOT 25 44
[1922] = S 25
[1923] = Z 25
[1924] = CNOT 25 44
[1925] = CNOT 25 47
[1926] = S 25
[1927] = CNOT 25 47
[1928] = CNOT 25 49
[1929] = S 25
[1930] = CNOT 25 49
[1931] = CNOT 25 34
[1932] = CNOT 25 35
[1933] = CNOT 25 47
[1934] = Z 25
[1935] = CNOT 25 47
[1936] = CNOT 25 49
[1937] = Z 25
[1938] = CNOT 25 49
[1939] = CNOT 25 35
[1940] = CNOT 25 38
[1941] = CNOT 25 39
[1942] = S 25
[1943] = Z 25
[1944] = CNOT 25 39
[1945] = CNOT 25 43
[1946] = S 25
[1947] = Z 25
[1948] = CNOT 25 43
[1949] = CNOT 25 44
[1950] = S 25
[1951] = Z 25
[1952] = CNOT 25 44
[1953] = CNOT 25 47
[1954] = S 25
[1955] = Z 25
[1956] = CNOT 25 47
[1957] = CNOT 25 49
[1958] = S 25
[1959] = Z 25
[1960] = CNOT 25 49
[1961] = CNOT 25 38
[1962] = CNOT 25 39
[1963] = CNOT 25 47
[1964] = S 25
[1965] = Z 25
[1966] = CNOT 25 47
[1967] = CNOT 25 49
[1968] = S 25
[1969] = Z 25
[1970] = CNOT 25 49
[1971] = CNOT 25 39
[1972] = CNOT 25 43
[1973] = CNOT 25 47
[1974] = S 25
[1975] = Z 25
[1976] = CNOT 25 47
[1977] = CNOT 25 49
[1978] = S 25
[1979] = Z 25
[1980] = CNOT 25 43
[1981] = CNOT 25 47
[1982] = Z 25
[1983] = CNOT 25 49
[1984] = CNOT 25 47
[1985] = CNOT 26 30
[1986] = CNOT 26 47
[1987] = S 26
[1988] = Z 26
[1989] = CNOT 26 47
[1990] = CNOT 26 49
[1991] = S 26
[1992] = Z 26
[1993] = CNOT 26 30
[1994] = CNOT 26 47
[1995] = Z 26
[1996] = CNOT 26 49
[1997] = CNOT 26 47
[1998] = CNOT 27 28
[1999] = CNOT 27 48
[2000] = S 27
[2001] = Z 27
[2002] = CNOT 27 48
[2003] = CNOT 27 28
[2004] = CNOT 27 32
[2005] = CNOT 27 33
[2006] = S 27
[2007] = Z 27
[2008] = CNOT 27 33
[2009] = CNOT 27 48
[2010] = Z 27
[2011] = CNOT 27 32
[2012] = CNOT 27 33
[2013] = Z 27
[2014] = CNOT 27 48
[2015] = CNOT 27 33
[2016] = CNOT 30 31
[2017] = CNOT 30 47
[2018] = Z 30
[2019] = CNOT 30 47
[2020] = CNOT 30 49
[2021] = Z 30
[2022] = CNOT 30 31
[2023] = CNOT 30 47
[2024] = S 30
[2025] = CNOT 30 47
[2026] = CNOT 31 47
[2027] = CNOT 31 49
[2028] = Z 31
[2029] = CNOT 31 49
[2030] = CNOT 31 47
[2031] = CNOT 32 33
[2032] = CNOT 32 48
[2033] = S 32
[2034] = Z 32
[2035] = CNOT 32 48
[2036] = CNOT 32 33
[2037] = CNOT 34 35
[2038] = CNOT 34 47
[2039] = S 34
[2040] = Z 34
[2041] = CNOT 34 47
[2042] = CNOT 34 49
[2043] = S 34
[2044] = Z 34
[2045] = CNOT 34 49
[2046] = CNOT 34 35
[2047] = CNOT 34 38
[2048] = CNOT 34 39
[2049] = S 34
[2050] = Z 34
[2051] = CNOT 34 39
[2052] = CNOT 34 43
[2053] = S 34
[2054] = Z 34
[2055] = CNOT 34 43
[2056] = CNOT 34 44
[2057] = S 34
[2058] = Z 34
[2059] = CNOT 34 44
[2060] = CNOT 34 47
[2061] = S 34
[2062] = Z 34
[2063] = CNOT 34 47
[2064] = CNOT 34 49
[2065] = S 34
[2066] = Z 34
[2067] = CNOT 34 49
[2068] = CNOT 34 38
[2069] = CNOT 34 39
[2070] = CNOT 34 47
[2071] = S 34
[2072] = Z 34
[2073] = CNOT 34 47
[2074] = CNOT 34 49
[2075] = S 34
[2076] = Z 34
[2077] = CNOT 34 49
[2078] = CNOT 34 39
[2079] = CNOT 34 43
[2080] = CNOT 34 47
[2081] = S 34
[2082] = Z 34
[2083] = CNOT 34 47
[2084] = CNOT 34 49
[2085] = S 34
[2086] = Z 34
[2087] = CNOT 34 43
[2088] = CNOT 34 47
[2089] = S 34
[2090] = CNOT 34 49
[2091] = CNOT 34 47
[2092] = CNOT 35 47
[2093] = CNOT 35 49
[2094] = Z 35
[2095] = CNOT 35 47
[2096] = CNOT 36 37
[2097] = CNOT 36 44
[2098] = S 36
[2099] = Z 36
[2100] = CNOT 36 44
[2101] = CNOT 36 48
[2102] = S 36
[2103] = Z 36
[2104] = CNOT 36 48
[2105] = CNOT 36 37
[2106] = CNOT 37 40
[2107] = CNOT 37 41
[2108] = S 37
[2109] = Z 37
[2110] = CNOT 37 41
[2111] = CNOT 37 44
[2112] = Z 37
[2113] = CNOT 37 44
[2114] = CNOT 37 48
[2115] = Z 37
[2116] = CNOT 37 48
[2117] = CNOT 37 40
[2118] = CNOT 37 41
[2119] = CNOT 37 44
[2120] = Z 37
[2121] = CNOT 37 44
[2122] = CNOT 37 48
[2123] = Z 37
[2124] = CNOT 37 48
[2125] = CNOT 37 41
[2126] = CNOT 38 39
[2127] = CNOT 38 47
[2128] = S 38
[2129] = Z 38
[2130] = CNOT 38 47
[2131] = CNOT 38 49
[2132] = S 38
[2133] = Z 38
[2134] = CNOT 38 49
[2135] = CNOT 38 39
[2136] = CNOT 38 42
[2137] = CNOT 38 48
[2138] = S 38
[2139] = Z 38
[2140] = CNOT 38 48
[2141] = CNOT 38 42
[2142] = CNOT 38 43
[2143] = CNOT 38 47
[2144] = S 38
[2145] = Z 38
[2146] = CNOT 38 47
[2147] = CNOT 38 49
[2148] = S 38
[2149] = Z 38
[2150] = CNOT 38 43
[2151] = CNOT 38 47
[2152] = Z 38
[2153] = CNOT 38 49
[2154] = CNOT 38 47
[2155] = CNOT 39 47
[2156] = CNOT 39 49
[2157] = Z 39
[2158] = CNOT 39 47
[2159] = CNOT 40 41
[2160] = CNOT 40 44
[2161] = S 40
[2162] = Z 40
[2163] = CNOT 40 44
[2164] = CNOT 40 48
[2165] = S 40
[2166] = Z 40
[2167] = CNOT 40 41
[2168] = CNOT 40 44
[2169] = Z 40
[2170] = CNOT 40 48
[2171] = CNOT 40 44
[2172] = CNOT 41 44
[2173] = CNOT 41 48
[2174] = Z 41
[2175] = CNOT 41 48
[2176] = CNOT 41 44
[2177] = CNOT 43 45
[2178] = CNOT 43 47
[2179] = S 43
[2180] = Z 43
[2181] = CNOT 43 47
[2182] = CNOT 43 49
[2183] = S 43
[2184] = Z 43
[2185] = CNOT 43 45
[2186] = CNOT 43 47
[2187] = Z 43
[2188] = CNOT 43 47
[2189] = CNOT 45 47
[2190] = CNOT 45 49
[2191] = S 45
[2192] = Z 45
[2193] = CNOT 45 49
[2194] = CNOT 45 47
[2195] = CNOT 48 51
[2196] = CNOT 47 51
[2197] = CNOT 44 51
[2198] = CNOT 42 51
[2199] = CNOT 41 51
[2200] = CNOT 38 51
[2201] = CNOT 29 51
[2202] = CNOT 28 51
[2203] = CNOT 24 51
[2204] = CNOT 23 51
[2205] = CNOT 21 51
[2206] = CNOT 20 51
[2207] = CNOT 19 51
[2208] = CNOT 18 51
[2209] = CNOT 14 51
[2210] = CNOT 13 51
[2211] = CNOT 8 51
[2212] = CNOT 5 51
[2213] = CNOT 3 51
[2214] = CNOT 1 51
[2215] = CNOT 51 50
[2216] = CNOT 50 51
[2217] = CNOT 40 49
[2218] = CNOT 36 49
[2219] = CNOT 32 49
[2220] = CNOT 27 49
[2221] = CNOT 50 48
[2222] = CNOT 45 48
[2223] = CNOT 38 48
[2224] = CNOT 29 48
[2225] = CNOT 25 48
[2226] = CNOT 11 48
[2227] = CNOT 7 48
[2228] = CNOT 6 48
[2229] = CNOT 4 48
[2230] = CNOT 2 48
[2231] = CNOT 48 50
[2232] = CNOT 48 47
[2233] = CNOT 47 48
[2234] = CNOT 49 46
[2235] = CNOT 46 49
[2236] = CNOT 47 45
[2237] = CNOT 42 45
[2238] = CNOT 41 45
[2239] = CNOT 38 45
[2240] = CNOT 29 45
[2241] = CNOT 28 45
[2242] = CNOT 25 45
[2243] = CNOT 23 45
[2244] = CNOT 18 45
[2245] = CNOT 14 45
[2246] = CNOT 12 45
[2247] = CNOT 10 45
[2248] = CNOT 9 45
[2249] = CNOT 5 45
[2250] = CNOT 3 45
[2251] = CNOT 45 47
[2252] = CNOT 45 44
[2253] = CNOT 44 45
[2254] = CNOT 46 43
[2255] = CNOT 43 46
[2256] = CNOT 47 42
[2257] = CNOT 23 42
[2258] = CNOT 19 42
[2259] = CNOT 8 42
[2260] = CNOT 7 42
[2261] = CNOT 5 42
[2262] = CNOT 4 42
[2263] = CNOT 3 42
[2264] = CNOT 1 42
[2265] = CNOT 42 47
[2266] = CNOT 42 41
[2267] = CNOT 41 42
[2268] = CNOT 43 40
[2269] = CNOT 40 43
[2270] = CNOT 40 39
[2271] = CNOT 39 40
[2272] = CNOT 47 38
[2273] = CNOT 37 38
[2274] = CNOT 34 38
[2275] = CNOT 33 38
[2276] = CNOT 29 38
[2277] = CNOT 23 38
[2278] = CNOT 19 38
[2279] = CNOT 14 38
[2280] = CNOT 10 38
[2281] = CNOT 8 38
[2282] = CNOT 6 38
[2283] = CNOT 5 38
[2284] = CNOT 4 38
[2285] = CNOT 3 38
[2286] = CNOT 2 38
[2287] = CNOT 1 38
[2288] = CNOT 38 37
[2289] = CNOT 37 38
[2290] = CNOT 39 36
[2291] = CNOT 36 39
[2292] = CNOT 36 35
[2293] = CNOT 35 36
[2294] = CNOT 37 34
[2295] = CNOT 29 34
[2296] = CNOT 25 34
[2297] = CNOT 19 34
[2298] = CNOT 11 34
[2299] = CNOT 8 34
[2300] = CNOT 5 34
[2301] = CNOT 4 34
[2302] = CNOT 3 34
[2303] = CNOT 2 34
[2304] = CNOT 1 34
[2305] = CNOT 34 37
[2306] = CNOT 34 33
[2307] = CNOT 33 34
[2308] = CNOT 35 32
[2309] = CNOT 32 35
[2310] = CNOT 26 31
[2311] = CNOT 17 31
[2312] = CNOT 32 30
[2313] = CNOT 30 32
[2314] = CNOT 41 29
[2315] = CNOT 14 29
[2316] = CNOT 12 29
[2317] = CNOT 10 29
[2318] = CNOT 7 29
[2319] = CNOT 6 29
[2320] = CNOT 2 29
[2321] = CNOT 29 41
[2322] = CNOT 29 28
[2323] = CNOT 28 29
[2324] = CNOT 30 27
[2325] = CNOT 27 30
[2326] = CNOT 31 26
[2327] = CNOT 26 31
[2328] = CNOT 44 25
[2329] = CNOT 19 25
[2330] = CNOT 11 25
[2331] = CNOT 8 25
[2332] = CNOT 7 25
[2333] = CNOT 6 25
[2334] = CNOT 3 25
[2335] = CNOT 25 44
[2336] = CNOT 25 24
[2337] = CNOT 24 25
[2338] = CNOT 47 23
[2339] = CNOT 24 23
[2340] = CNOT 22 23
[2341] = CNOT 21 23
[2342] = CNOT 20 23
[2343] = CNOT 19 23
[2344] = CNOT 15 23
[2345] = CNOT 14 23
[2346] = CNOT 13 23
[2347] = CNOT 11 23
[2348] = CNOT 10 23
[2349] = CNOT 9 23
[2350] = CNOT 8 23
[2351] = CNOT 6 23
[2352] = CNOT 23 22
[2353] = CNOT 22 23
[2354] = CNOT 24 21
[2355] = CNOT 14 21
[2356] = CNOT 12 21
[2357] = CNOT 11 21
[2358] = CNOT 8 21
[2359] = CNOT 7 21
[2360] = CNOT 6 21
[2361] = CNOT 4 21
[2362] = CNOT 1 21
[2363] = CNOT 21 24
[2364] = CNOT 21 20
[2365] = CNOT 20 21
[2366] = CNOT 28 19
[2367] = CNOT 11 19
[2368] = CNOT 10 19
[2369] = CNOT 7 19
[2370] = CNOT 6 19
[2371] = CNOT 4 19
[2372] = CNOT 3 19
[2373] = CNOT 2 19
[2374] = CNOT 1 19
[2375] = CNOT 19 28
[2376] = CNOT 19 18
[2377] = CNOT 18 19
[2378] = CNOT 26 17
[2379] = CNOT 17 26
[2380] = CNOT 27 16
[2381] = CNOT 16 27
[2382] = CNOT 28 15
[2383] = CNOT 22 15
[2384] = CNOT 14 15
[2385] = CNOT 12 15
[2386] = CNOT 11 15
[2387] = CNOT 10 15
[2388] = CNOT 8 15
[2389] = CNOT 6 15
[2390] = CNOT 5 15
[2391] = CNOT 4 15
[2392] = CNOT 3 15
[2393] = CNOT 2 15
[2394] = CNOT 15 22
[2395] = CNOT 20 14
[2396] = CNOT 13 14
[2397] = CNOT 9 14
[2398] = CNOT 4 14
[2399] = CNOT 14 20
[2400] = CNOT 33 13
[2401] = CNOT 20 13
[2402] = CNOT 18 13
[2403] = CNOT 15 13
[2404] = CNOT 14 13
[2405] = CNOT 10 13
[2406] = CNOT 8 13
[2407] = CNOT 7 13
[2408] = CNOT 6 13
[2409] = CNOT 4 13
[2410] = CNOT 1 13
[2411] = CNOT 41 12
[2412] = CNOT 33 12
[2413] = CNOT 6 12
[2414] = CNOT 5 12
[2415] = CNOT 4 12
[2416] = CNOT 3 12
[2417] = CNOT 12 33
[2418] = CNOT 28 11
[2419] = CNOT 18 11
[2420] = CNOT 13 11
[2421] = CNOT 12 11
[2422] = CNOT 10 11
[2423] = CNOT 9 11
[2424] = CNOT 8 11
[2425] = CNOT 7 11
[2426] = CNOT 6 11
[2427] = CNOT 5 11
[2428] = CNOT 4 11
[2429] = CNOT 3 11
[2430] = CNOT 2 11
[2431] = CNOT 1 11
[2432] = CNOT 11 12
[2433] = CNOT 18 10
[2434] = CNOT 14 10
[2435] = CNOT 12 10
[2436] = CNOT 9 10
[2437] = CNOT 6 10
[2438] = CNOT 18 9
[2439] = CNOT 8 9
[2440] = CNOT 5 9
[2441] = CNOT 9 18
[2442] = CNOT 12 8
[2443] = CNOT 11 8
[2444] = CNOT 7 8
[2445] = CNOT 4 8
[2446] = CNOT 11 7
[2447] = CNOT 10 7
[2448] = CNOT 6 7
[2449] = CNOT 3 7
[2450] = CNOT 10 6
[2451] = CNOT 9 6
[2452] = CNOT 5 6
[2453] = CNOT 2 6
[2454] = CNOT 9 5
[2455] = CNOT 8 5
[2456] = CNOT 4 5
[2457] = CNOT 1 5
[2458] = CNOT 8 4
[2459] = CNOT 7 4
[2460] = CNOT 3 4
[2461] = CNOT 7 3
[2462] = CNOT 6 3
[2463] = CNOT 2 3
[2464] = CNOT 6 2
[2465] = CNOT 5 2
[2466] = CNOT 1 2
[2467] = CNOT 5 1
[2468] = CNOT 4 1
[2469] = H 18
[2470] = M 18
[2471] = H 19
[2472] = M 19
[2473] = H 20
[2474] = M 20
[2475] = H 21
[2476] = M 21
[2477] = H 22
[2478] = M 22
[2479] = H 23
[2480] = M 23
[2481] = H 24
[2482] = M 24
[2483] = H 25
[2484] = M 25
[2485] = H 26
[2486] = M 26
[2487] = H 27
[2488] = M 27
[2489] = H 28
[2490] = M 28
[2491] = H 29
[2492] = M 29
[2493] = H 30
[2494] = M 30
[2495] = H 31
[2496] = M 31
[2497] = H 32
[2498] = M 32
[2499] = H 33
[2500] = M 33
[2501] = H 34
[2502] = M 34
[2503] = H 35
[2504] = M 35
[2505] = H 36
[2506] = M 36
[2507] = H 37
[2508] = M 37
[2509] = H 38
[2510] = M 38
[2511] = H 39
[2512] = M 39
[2513] = H 40
[2514] = M 40
[2515] = H 41
[2516] = M 41
[2517] = H 42
[2518] = M 42
[2519] = H 43
[2520] = M 43
[2521] = H 44
[2522] = M 44
[2523] = H 45
[2524] = M 45
[2525] = H 46
[2526] = M 46
[2527] = H 47
[2528] = M 47
[2529] = H 48
[2530] = M 48
[2531] = H 49
[2532] = M 49
[2533] = H 50
[2534] = M 50
[2535] = H 51
[2536] = M 51
[2537] = H 16
[2538] = H 17
Gate distributions:
Input:
Operator distribution:
Total number of qubits = 17
Number of `data' qubits = 17
Number of `Toff_n' ancillas = 0
Number of Hadamard ancillas = 0
Hadamard ancilla cap = infinite
Number of {CNOT,T} partitions = 1
T count = 161
Cost estimation = 80644
	id	Count
	0	0
	1	0
	2	0
	3	46
	4	98
	5	0
	6	0
	7	0
	8	0
	9	0
	10	23
	11	0
	12	0
	13	0
	14	0
	15	0
	16	0
	17	0
	18	0
Output:
Operator distribution:
Total number of qubits = 51
Number of `data' qubits = 17
Number of `Toff_n' ancillas = 0
Number of Hadamard ancillas = 34
Hadamard ancilla cap = infinite
Number of {CNOT,T} partitions = 1
T count = 80
Cost estimation = 42476
	id	Count
	0	0
	1	0
	2	0
	3	72
	4	1609
	5	80
	6	0
	7	0
	8	0
	9	0
	10	0
	11	366
	12	0
	13	378
	14	0
	15	0
	16	0
	17	0
	18	34
Output T Count (SQC_Circuit) = 80
Output T Count (PhasePolynomial) = 80
Fail count = 0

Execution time: 456.376s
Number of LCL errors: 0
Number of LCL warnings: 0
