Optimize a Clifford + T circuit.
Input filename = /home/ryo-mtmt/TOpt/forme/tpar_benchmark/qcla_com_7.tfc
Number of unknown gates = 0
Number of unknown qubit labels = 0
Circuit filename: /home/ryo-mtmt/TOpt/forme/tpar_benchmark/qcla_com_7.tfc

n 24
n_x 24
n_y 0
n_z 0
m 101
[0] = H 3
[1] = H 6
[2] = H 9
[3] = H 10
[4] = H 13
[5] = H 16
[6] = H 17
[7] = H 20
[8] = H 21
[9] = H 24
[10] = CCZ 1 2 3
[11] = CCZ 4 5 6
[12] = CCZ 7 8 10
[13] = CCZ 11 12 13
[14] = CCZ 14 15 17
[15] = CCZ 18 19 21
[16] = CCZ 22 23 24
[17] = CNOT 5 4
[18] = CNOT 8 7
[19] = CNOT 12 11
[20] = CNOT 15 14
[21] = CNOT 19 18
[22] = CNOT 23 22
[23] = CCZ 8 12 9
[24] = CCZ 15 19 16
[25] = H 3
[26] = H 9
[27] = H 10
[28] = H 16
[29] = H 17
[30] = H 20
[31] = CCZ 16 23 20
[32] = CCZ 3 5 6
[33] = CCZ 17 19 21
[34] = H 20
[35] = H 6
[36] = H 21
[37] = CCZ 10 12 13
[38] = CCZ 6 9 13
[39] = CCZ 21 23 24
[40] = H 13
[41] = CCZ 13 20 24
[42] = H 24
[43] = H 13
[44] = H 20
[45] = H 21
[46] = CCZ 6 9 13
[47] = CCZ 17 19 21
[48] = CCZ 16 23 20
[49] = H 6
[50] = CCZ 3 5 6
[51] = CCZ 10 12 13
[52] = H 3
[53] = H 9
[54] = H 10
[55] = H 16
[56] = H 17
[57] = CCZ 8 12 9
[58] = CCZ 15 19 16
[59] = CNOT 5 4
[60] = CNOT 8 7
[61] = CNOT 12 11
[62] = CNOT 15 14
[63] = CNOT 19 18
[64] = CNOT 23 22
[65] = CCZ 1 2 3
[66] = CCZ 4 5 6
[67] = CCZ 7 8 10
[68] = CCZ 11 12 13
[69] = CCZ 14 15 17
[70] = CCZ 18 19 21
[71] = H 3
[72] = H 6
[73] = H 9
[74] = H 10
[75] = H 13
[76] = H 16
[77] = H 17
[78] = H 20
[79] = H 21

Algorithm used: todd

UniversalOptimize begin.
	Gate synthesis begin.

in LempelX3 (Hamming Distance Version)
		Round = 0 | Current Columns: 95
  [HIT] Reduced to m = 91 using Dist = 1
		Round = 1 | Current Columns: 91
  [HIT] Reduced to m = 88 using Dist = 1
		Round = 2 | Current Columns: 88
  [HIT] Reduced to m = 86 using Dist = 1
		Round = 3 | Current Columns: 86
  [HIT] Reduced to m = 84 using Dist = 2
		Round = 4 | Current Columns: 84
  [HIT] Reduced to m = 80 using Dist = 2
		Round = 5 | Current Columns: 80
  [HIT] Reduced to m = 76 using Dist = 2
		Round = 6 | Current Columns: 76
  [HIT] Reduced to m = 74 using Dist = 2
		Round = 7 | Current Columns: 74
  [HIT] Reduced to m = 72 using Dist = 2
		Round = 8 | Current Columns: 72
  [HIT] Reduced to m = 70 using Dist = 3
		Round = 9 | Current Columns: 70
  [HIT] Reduced to m = 68 using Dist = 2
		Round = 10 | Current Columns: 68
  [HIT] Reduced to m = 66 using Dist = 3
		Round = 11 | Current Columns: 66
  [HIT] Reduced to m = 64 using Dist = 3
		Round = 12 | Current Columns: 64
  [HIT] Reduced to m = 62 using Dist = 4
		Round = 13 | Current Columns: 62
Total LempelX2 (Hamming) time: 109043 ms
Final Nullspace total time: 78364 ms
		TODD executed in 108.868 seconds.
		Total time: 108.869s
	Gate synthesis end.
	Total time: 113.26s
UniversalOptimize end.
Output circuit:
n 42
n_x 24
n_y 0
n_z 18
m 2301
[0] = H 3
[1] = H 6
[2] = H 9
[3] = H 10
[4] = H 13
[5] = H 16
[6] = H 17
[7] = H 21
[8] = H 24
[9] = H 25
[10] = H 26
[11] = H 27
[12] = H 28
[13] = H 29
[14] = H 30
[15] = H 31
[16] = H 32
[17] = H 33
[18] = H 34
[19] = H 35
[20] = H 36
[21] = H 37
[22] = H 38
[23] = H 39
[24] = H 40
[25] = H 41
[26] = H 42
[27] = CNOT 3 22
[28] = CNOT 3 23
[29] = CNOT 3 38
[30] = CNOT 3 39
[31] = T 3
[32] = CNOT 1 2
[33] = CNOT 1 39
[34] = T 1
[35] = S 1
[36] = Z 1
[37] = CNOT 1 2
[38] = CNOT 3 28
[39] = T 3
[40] = CNOT 3 39
[41] = CNOT 3 38
[42] = CNOT 3 28
[43] = CNOT 3 23
[44] = CNOT 3 22
[45] = T 1
[46] = S 1
[47] = CNOT 2 4
[48] = CNOT 2 5
[49] = CNOT 2 6
[50] = CNOT 2 37
[51] = CNOT 2 39
[52] = T 2
[53] = CNOT 2 5
[54] = CNOT 2 4
[55] = T 2
[56] = CNOT 2 39
[57] = CNOT 2 37
[58] = CNOT 2 6
[59] = CNOT 1 2
[60] = CNOT 1 3
[61] = CNOT 1 38
[62] = T 1
[63] = CNOT 1 3
[64] = CNOT 1 2
[65] = CNOT 9 16
[66] = CNOT 9 18
[67] = CNOT 9 29
[68] = CNOT 9 41
[69] = T 9
[70] = CNOT 9 18
[71] = CNOT 8 39
[72] = T 8
[73] = S 8
[74] = CNOT 8 39
[75] = CNOT 7 39
[76] = T 7
[77] = S 7
[78] = CNOT 7 39
[79] = CNOT 11 12
[80] = CNOT 11 13
[81] = CNOT 11 34
[82] = CNOT 11 39
[83] = T 11
[84] = CNOT 11 39
[85] = CNOT 11 34
[86] = CNOT 11 13
[87] = CNOT 11 12
[88] = CNOT 12 27
[89] = CNOT 12 39
[90] = T 12
[91] = S 12
[92] = Z 12
[93] = CNOT 12 39
[94] = CNOT 12 27
[95] = CNOT 2 5
[96] = CNOT 2 25
[97] = CNOT 2 39
[98] = T 2
[99] = CNOT 2 25
[100] = CNOT 9 17
[101] = CNOT 9 19
[102] = CNOT 9 42
[103] = T 9
[104] = CNOT 9 14
[105] = CNOT 9 15
[106] = T 9
[107] = CNOT 9 14
[108] = T 9
[109] = CNOT 9 15
[110] = CNOT 9 14
[111] = T 9
[112] = CNOT 9 42
[113] = CNOT 9 41
[114] = CNOT 9 17
[115] = CNOT 9 16
[116] = CNOT 9 14
[117] = CNOT 9 21
[118] = CNOT 9 36
[119] = T 9
[120] = CNOT 9 19
[121] = CNOT 9 18
[122] = T 9
[123] = CNOT 9 36
[124] = CNOT 9 29
[125] = CNOT 9 21
[126] = CNOT 9 18
[127] = CNOT 10 39
[128] = CNOT 10 40
[129] = T 10
[130] = Z 10
[131] = CNOT 10 40
[132] = CNOT 10 39
[133] = CNOT 3 20
[134] = CNOT 3 23
[135] = CNOT 3 32
[136] = CNOT 3 35
[137] = CNOT 3 38
[138] = CNOT 3 39
[139] = T 3
[140] = CNOT 2 4
[141] = T 2
[142] = CNOT 2 5
[143] = CNOT 2 4
[144] = CNOT 3 24
[145] = T 3
[146] = CNOT 3 32
[147] = CNOT 3 23
[148] = T 3
[149] = CNOT 3 39
[150] = CNOT 3 38
[151] = CNOT 3 35
[152] = CNOT 3 24
[153] = CNOT 3 20
[154] = CNOT 2 3
[155] = CNOT 2 38
[156] = T 2
[157] = CNOT 2 38
[158] = CNOT 2 3
[159] = CNOT 7 8
[160] = CNOT 7 9
[161] = CNOT 7 11
[162] = CNOT 7 12
[163] = T 7
[164] = CNOT 7 12
[165] = CNOT 7 11
[166] = CNOT 7 9
[167] = CNOT 9 11
[168] = CNOT 9 12
[169] = T 9
[170] = S 9
[171] = Z 9
[172] = CNOT 9 12
[173] = CNOT 9 11
[174] = CNOT 7 9
[175] = T 7
[176] = S 7
[177] = Z 7
[178] = CNOT 7 9
[179] = CNOT 1 3
[180] = T 1
[181] = CNOT 1 39
[182] = CNOT 1 38
[183] = CNOT 1 3
[184] = CNOT 9 14
[185] = CNOT 9 15
[186] = CNOT 9 18
[187] = CNOT 9 29
[188] = T 9
[189] = CNOT 9 18
[190] = CNOT 2 4
[191] = CNOT 2 25
[192] = T 2
[193] = CNOT 2 4
[194] = CNOT 9 19
[195] = T 9
[196] = CNOT 9 29
[197] = CNOT 9 15
[198] = CNOT 9 14
[199] = CNOT 7 11
[200] = CNOT 7 12
[201] = CNOT 7 39
[202] = T 7
[203] = CNOT 7 12
[204] = CNOT 7 11
[205] = CNOT 7 8
[206] = CNOT 3 20
[207] = CNOT 3 22
[208] = CNOT 3 23
[209] = CNOT 3 28
[210] = CNOT 3 35
[211] = CNOT 3 38
[212] = CNOT 3 39
[213] = T 3
[214] = CNOT 3 23
[215] = CNOT 3 22
[216] = CNOT 7 10
[217] = CNOT 7 40
[218] = T 7
[219] = T 3
[220] = CNOT 3 28
[221] = CNOT 2 5
[222] = CNOT 2 6
[223] = CNOT 2 37
[224] = T 2
[225] = CNOT 2 5
[226] = CNOT 2 4
[227] = T 2
[228] = CNOT 2 39
[229] = CNOT 2 37
[230] = CNOT 2 25
[231] = CNOT 2 6
[232] = CNOT 2 4
[233] = CNOT 9 18
[234] = CNOT 9 21
[235] = CNOT 9 36
[236] = T 9
[237] = CNOT 9 19
[238] = CNOT 9 18
[239] = T 9
[240] = Z 9
[241] = CNOT 9 36
[242] = CNOT 9 21
[243] = CNOT 3 22
[244] = CNOT 3 30
[245] = CNOT 3 32
[246] = T 3
[247] = CNOT 3 32
[248] = CNOT 3 30
[249] = CNOT 9 15
[250] = CNOT 9 16
[251] = CNOT 9 19
[252] = CNOT 9 29
[253] = CNOT 9 41
[254] = T 9
[255] = CNOT 9 19
[256] = CNOT 9 14
[257] = CNOT 9 18
[258] = T 9
[259] = CNOT 9 18
[260] = CNOT 9 15
[261] = CNOT 13 34
[262] = CNOT 13 39
[263] = T 13
[264] = S 13
[265] = CNOT 13 39
[266] = CNOT 13 34
[267] = CNOT 11 26
[268] = CNOT 11 27
[269] = CNOT 11 31
[270] = CNOT 11 39
[271] = T 11
[272] = CNOT 11 31
[273] = T 11
[274] = CNOT 11 26
[275] = CNOT 11 31
[276] = T 11
[277] = CNOT 8 10
[278] = CNOT 8 39
[279] = CNOT 8 40
[280] = T 8
[281] = CNOT 8 40
[282] = CNOT 8 39
[283] = CNOT 8 10
[284] = CNOT 3 23
[285] = CNOT 3 24
[286] = T 3
[287] = CNOT 3 24
[288] = CNOT 3 23
[289] = CNOT 12 13
[290] = CNOT 12 27
[291] = CNOT 12 34
[292] = CNOT 12 39
[293] = T 12
[294] = CNOT 12 39
[295] = CNOT 12 34
[296] = CNOT 12 27
[297] = CNOT 12 13
[298] = CNOT 3 32
[299] = CNOT 3 33
[300] = T 3
[301] = CNOT 3 30
[302] = T 3
[303] = CNOT 3 24
[304] = T 3
[305] = CNOT 3 33
[306] = T 3
[307] = CNOT 3 30
[308] = CNOT 3 33
[309] = T 3
[310] = CNOT 3 35
[311] = CNOT 3 33
[312] = CNOT 3 32
[313] = CNOT 3 24
[314] = CNOT 3 22
[315] = CNOT 3 20
[316] = CNOT 9 19
[317] = T 9
[318] = CNOT 9 41
[319] = CNOT 9 29
[320] = CNOT 9 16
[321] = CNOT 9 14
[322] = CNOT 7 8
[323] = T 7
[324] = CNOT 7 40
[325] = CNOT 7 39
[326] = CNOT 7 10
[327] = CNOT 11 13
[328] = CNOT 11 26
[329] = CNOT 11 34
[330] = T 11
[331] = CNOT 11 31
[332] = T 11
[333] = CNOT 11 26
[334] = CNOT 11 31
[335] = T 11
[336] = CNOT 11 39
[337] = CNOT 11 34
[338] = CNOT 11 31
[339] = CNOT 11 27
[340] = CNOT 11 13
[341] = CNOT 9 18
[342] = T 9
[343] = S 9
[344] = Z 9
[345] = CNOT 9 19
[346] = CNOT 9 18
[347] = CNOT 3 28
[348] = T 3
[349] = CNOT 3 39
[350] = CNOT 3 38
[351] = CNOT 3 28
[352] = S 1
[353] = S 4
[354] = Z 4
[355] = S 5
[356] = Z 5
[357] = S 6
[358] = S 9
[359] = S 10
[360] = Z 11
[361] = Z 12
[362] = S 13
[363] = Z 16
[364] = S 17
[365] = S 18
[366] = S 19
[367] = Z 19
[368] = Z 20
[369] = Z 21
[370] = Z 23
[371] = S 24
[372] = S 25
[373] = S 26
[374] = Z 26
[375] = S 27
[376] = Z 28
[377] = S 29
[378] = Z 29
[379] = S 31
[380] = Z 31
[381] = Z 32
[382] = S 34
[383] = Z 35
[384] = Z 36
[385] = S 37
[386] = S 40
[387] = Z 41
[388] = S 42
[389] = CNOT 1 2
[390] = Z 1
[391] = CNOT 1 2
[392] = CNOT 1 3
[393] = S 1
[394] = Z 1
[395] = CNOT 1 3
[396] = CNOT 1 38
[397] = S 1
[398] = Z 1
[399] = CNOT 1 38
[400] = CNOT 2 3
[401] = S 2
[402] = Z 2
[403] = CNOT 2 3
[404] = CNOT 2 6
[405] = S 2
[406] = CNOT 2 6
[407] = CNOT 2 37
[408] = S 2
[409] = CNOT 2 37
[410] = CNOT 2 38
[411] = S 2
[412] = Z 2
[413] = CNOT 2 38
[414] = CNOT 2 39
[415] = Z 2
[416] = CNOT 2 39
[417] = CNOT 3 20
[418] = Z 3
[419] = CNOT 3 20
[420] = CNOT 3 22
[421] = S 3
[422] = Z 3
[423] = CNOT 3 22
[424] = CNOT 3 23
[425] = Z 3
[426] = CNOT 3 23
[427] = CNOT 3 24
[428] = Z 3
[429] = CNOT 3 24
[430] = CNOT 3 25
[431] = S 3
[432] = CNOT 3 25
[433] = CNOT 3 28
[434] = Z 3
[435] = CNOT 3 28
[436] = CNOT 3 32
[437] = Z 3
[438] = CNOT 3 32
[439] = CNOT 3 35
[440] = Z 3
[441] = CNOT 3 35
[442] = CNOT 3 38
[443] = S 3
[444] = CNOT 3 38
[445] = CNOT 3 39
[446] = S 3
[447] = CNOT 3 39
[448] = CNOT 4 5
[449] = S 4
[450] = Z 4
[451] = CNOT 4 5
[452] = CNOT 4 25
[453] = S 4
[454] = Z 4
[455] = CNOT 4 25
[456] = CNOT 5 25
[457] = S 5
[458] = Z 5
[459] = CNOT 5 25
[460] = CNOT 6 31
[461] = S 6
[462] = CNOT 6 31
[463] = CNOT 6 37
[464] = S 6
[465] = CNOT 6 37
[466] = CNOT 6 39
[467] = S 6
[468] = CNOT 6 39
[469] = Z 7
[470] = CNOT 7 8
[471] = CNOT 7 9
[472] = Z 7
[473] = CNOT 7 9
[474] = CNOT 7 10
[475] = S 7
[476] = Z 7
[477] = CNOT 7 10
[478] = CNOT 7 11
[479] = S 7
[480] = Z 7
[481] = CNOT 7 11
[482] = CNOT 7 12
[483] = S 7
[484] = Z 7
[485] = CNOT 7 12
[486] = CNOT 7 40
[487] = S 7
[488] = Z 7
[489] = CNOT 7 40
[490] = CNOT 8 9
[491] = Z 8
[492] = CNOT 8 9
[493] = CNOT 8 10
[494] = S 8
[495] = Z 8
[496] = CNOT 8 10
[497] = CNOT 8 11
[498] = S 8
[499] = Z 8
[500] = CNOT 8 11
[501] = CNOT 8 12
[502] = S 8
[503] = Z 8
[504] = CNOT 8 12
[505] = CNOT 8 40
[506] = S 8
[507] = Z 8
[508] = CNOT 8 40
[509] = CNOT 9 11
[510] = Z 9
[511] = CNOT 9 11
[512] = CNOT 9 12
[513] = Z 9
[514] = CNOT 9 12
[515] = CNOT 9 14
[516] = S 9
[517] = CNOT 9 14
[518] = CNOT 9 15
[519] = S 9
[520] = CNOT 9 15
[521] = CNOT 9 17
[522] = Z 9
[523] = CNOT 9 17
[524] = CNOT 9 19
[525] = Z 9
[526] = CNOT 9 19
[527] = CNOT 9 21
[528] = S 9
[529] = Z 9
[530] = CNOT 9 21
[531] = CNOT 9 26
[532] = S 9
[533] = CNOT 9 26
[534] = CNOT 9 36
[535] = S 9
[536] = Z 9
[537] = CNOT 9 36
[538] = CNOT 9 42
[539] = Z 9
[540] = CNOT 9 42
[541] = CNOT 10 27
[542] = S 10
[543] = CNOT 10 27
[544] = CNOT 10 39
[545] = Z 10
[546] = CNOT 10 39
[547] = CNOT 10 40
[548] = Z 10
[549] = CNOT 10 40
[550] = CNOT 11 12
[551] = Z 11
[552] = CNOT 11 12
[553] = CNOT 11 13
[554] = S 11
[555] = CNOT 11 13
[556] = CNOT 11 26
[557] = S 11
[558] = CNOT 11 26
[559] = CNOT 11 31
[560] = S 11
[561] = CNOT 11 31
[562] = CNOT 11 34
[563] = S 11
[564] = CNOT 11 34
[565] = CNOT 12 13
[566] = S 12
[567] = Z 12
[568] = CNOT 12 13
[569] = CNOT 12 27
[570] = Z 12
[571] = CNOT 12 27
[572] = CNOT 12 34
[573] = S 12
[574] = Z 12
[575] = CNOT 12 34
[576] = CNOT 12 39
[577] = Z 12
[578] = CNOT 12 39
[579] = CNOT 13 26
[580] = S 13
[581] = CNOT 13 26
[582] = CNOT 13 27
[583] = S 13
[584] = CNOT 13 27
[585] = CNOT 13 31
[586] = S 13
[587] = CNOT 13 31
[588] = CNOT 13 33
[589] = S 13
[590] = CNOT 13 33
[591] = CNOT 13 34
[592] = S 13
[593] = CNOT 13 34
[594] = CNOT 13 39
[595] = S 13
[596] = CNOT 13 39
[597] = CNOT 14 15
[598] = Z 14
[599] = CNOT 14 15
[600] = CNOT 14 17
[601] = S 14
[602] = Z 14
[603] = CNOT 14 17
[604] = CNOT 14 19
[605] = S 14
[606] = Z 14
[607] = CNOT 14 19
[608] = CNOT 14 29
[609] = S 14
[610] = CNOT 14 29
[611] = CNOT 14 42
[612] = S 14
[613] = Z 14
[614] = CNOT 14 42
[615] = CNOT 15 17
[616] = S 15
[617] = Z 15
[618] = CNOT 15 17
[619] = CNOT 15 19
[620] = S 15
[621] = Z 15
[622] = CNOT 15 19
[623] = CNOT 15 29
[624] = S 15
[625] = CNOT 15 29
[626] = CNOT 15 42
[627] = S 15
[628] = Z 15
[629] = CNOT 15 42
[630] = CNOT 16 17
[631] = Z 16
[632] = CNOT 16 17
[633] = CNOT 16 19
[634] = Z 16
[635] = CNOT 16 19
[636] = CNOT 16 28
[637] = S 16
[638] = CNOT 16 28
[639] = CNOT 16 42
[640] = Z 16
[641] = CNOT 16 42
[642] = CNOT 17 19
[643] = Z 17
[644] = CNOT 17 19
[645] = CNOT 17 29
[646] = S 17
[647] = Z 17
[648] = CNOT 17 29
[649] = CNOT 17 41
[650] = Z 17
[651] = CNOT 17 41
[652] = CNOT 17 42
[653] = Z 17
[654] = CNOT 17 42
[655] = CNOT 18 19
[656] = Z 18
[657] = CNOT 18 19
[658] = CNOT 18 21
[659] = S 18
[660] = Z 18
[661] = CNOT 18 21
[662] = CNOT 18 36
[663] = S 18
[664] = Z 18
[665] = CNOT 18 36
[666] = CNOT 19 21
[667] = S 19
[668] = Z 19
[669] = CNOT 19 21
[670] = CNOT 19 29
[671] = Z 19
[672] = CNOT 19 29
[673] = CNOT 19 36
[674] = S 19
[675] = Z 19
[676] = CNOT 19 36
[677] = CNOT 19 41
[678] = Z 19
[679] = CNOT 19 41
[680] = CNOT 19 42
[681] = Z 19
[682] = CNOT 19 42
[683] = CNOT 20 22
[684] = Z 20
[685] = CNOT 20 22
[686] = CNOT 20 23
[687] = S 20
[688] = CNOT 20 23
[689] = CNOT 20 24
[690] = Z 20
[691] = CNOT 20 24
[692] = CNOT 20 28
[693] = S 20
[694] = CNOT 20 28
[695] = CNOT 20 30
[696] = S 20
[697] = CNOT 20 30
[698] = CNOT 20 32
[699] = Z 20
[700] = CNOT 20 32
[701] = CNOT 20 35
[702] = Z 20
[703] = CNOT 20 35
[704] = CNOT 20 38
[705] = Z 20
[706] = CNOT 20 38
[707] = CNOT 20 39
[708] = Z 20
[709] = CNOT 20 39
[710] = CNOT 21 29
[711] = S 21
[712] = Z 21
[713] = CNOT 21 29
[714] = CNOT 21 32
[715] = S 21
[716] = CNOT 21 32
[717] = CNOT 21 36
[718] = S 21
[719] = Z 21
[720] = CNOT 21 36
[721] = CNOT 22 23
[722] = S 22
[723] = Z 22
[724] = CNOT 22 23
[725] = CNOT 22 24
[726] = S 22
[727] = Z 22
[728] = CNOT 22 24
[729] = CNOT 22 28
[730] = S 22
[731] = CNOT 22 28
[732] = CNOT 22 32
[733] = S 22
[734] = Z 22
[735] = CNOT 22 32
[736] = CNOT 22 35
[737] = Z 22
[738] = CNOT 22 35
[739] = CNOT 22 38
[740] = S 22
[741] = Z 22
[742] = CNOT 22 38
[743] = CNOT 22 39
[744] = S 22
[745] = Z 22
[746] = CNOT 22 39
[747] = CNOT 23 24
[748] = Z 23
[749] = CNOT 23 24
[750] = CNOT 23 28
[751] = S 23
[752] = CNOT 23 28
[753] = CNOT 23 32
[754] = Z 23
[755] = CNOT 23 32
[756] = CNOT 23 35
[757] = S 23
[758] = CNOT 23 35
[759] = CNOT 23 38
[760] = Z 23
[761] = CNOT 23 38
[762] = CNOT 23 39
[763] = Z 23
[764] = CNOT 23 39
[765] = CNOT 24 32
[766] = S 24
[767] = Z 24
[768] = CNOT 24 32
[769] = CNOT 24 35
[770] = Z 24
[771] = CNOT 24 35
[772] = CNOT 24 38
[773] = Z 24
[774] = CNOT 24 38
[775] = CNOT 24 39
[776] = Z 24
[777] = CNOT 24 39
[778] = CNOT 25 38
[779] = S 25
[780] = CNOT 25 38
[781] = CNOT 26 27
[782] = S 26
[783] = CNOT 26 27
[784] = CNOT 26 34
[785] = S 26
[786] = CNOT 26 34
[787] = CNOT 26 39
[788] = Z 26
[789] = CNOT 26 39
[790] = CNOT 27 31
[791] = S 27
[792] = CNOT 27 31
[793] = CNOT 27 34
[794] = S 27
[795] = CNOT 27 34
[796] = CNOT 27 40
[797] = S 27
[798] = CNOT 27 40
[799] = CNOT 28 35
[800] = S 28
[801] = CNOT 28 35
[802] = CNOT 28 38
[803] = Z 28
[804] = CNOT 28 38
[805] = CNOT 28 39
[806] = Z 28
[807] = CNOT 28 39
[808] = CNOT 28 41
[809] = S 28
[810] = CNOT 28 41
[811] = CNOT 29 36
[812] = S 29
[813] = Z 29
[814] = CNOT 29 36
[815] = CNOT 29 42
[816] = S 29
[817] = Z 29
[818] = CNOT 29 42
[819] = CNOT 30 35
[820] = S 30
[821] = CNOT 30 35
[822] = CNOT 31 34
[823] = S 31
[824] = CNOT 31 34
[825] = CNOT 31 37
[826] = S 31
[827] = CNOT 31 37
[828] = CNOT 31 39
[829] = S 31
[830] = CNOT 31 39
[831] = CNOT 32 35
[832] = Z 32
[833] = CNOT 32 35
[834] = CNOT 32 36
[835] = S 32
[836] = CNOT 32 36
[837] = CNOT 32 38
[838] = Z 32
[839] = CNOT 32 38
[840] = CNOT 32 39
[841] = Z 32
[842] = CNOT 32 39
[843] = CNOT 33 34
[844] = S 33
[845] = CNOT 33 34
[846] = CNOT 34 39
[847] = S 34
[848] = CNOT 34 39
[849] = CNOT 35 38
[850] = Z 35
[851] = CNOT 35 38
[852] = CNOT 35 39
[853] = Z 35
[854] = CNOT 35 39
[855] = CNOT 37 39
[856] = S 37
[857] = CNOT 37 39
[858] = CNOT 38 39
[859] = S 38
[860] = CNOT 38 39
[861] = CNOT 39 40
[862] = Z 39
[863] = CNOT 39 40
[864] = CNOT 41 42
[865] = Z 41
[866] = CNOT 41 42
[867] = CNOT 1 3
[868] = CNOT 1 38
[869] = S 1
[870] = Z 1
[871] = CNOT 1 38
[872] = CNOT 1 39
[873] = S 1
[874] = Z 1
[875] = CNOT 1 3
[876] = CNOT 1 38
[877] = S 1
[878] = Z 1
[879] = CNOT 1 39
[880] = CNOT 1 38
[881] = CNOT 2 3
[882] = CNOT 2 38
[883] = S 2
[884] = Z 2
[885] = CNOT 2 38
[886] = CNOT 2 39
[887] = S 2
[888] = Z 2
[889] = CNOT 2 39
[890] = CNOT 2 3
[891] = CNOT 2 4
[892] = CNOT 2 5
[893] = S 2
[894] = Z 2
[895] = CNOT 2 5
[896] = CNOT 2 6
[897] = S 2
[898] = Z 2
[899] = CNOT 2 6
[900] = CNOT 2 25
[901] = S 2
[902] = Z 2
[903] = CNOT 2 25
[904] = CNOT 2 37
[905] = S 2
[906] = Z 2
[907] = CNOT 2 37
[908] = CNOT 2 39
[909] = Z 2
[910] = CNOT 2 39
[911] = CNOT 2 4
[912] = CNOT 2 5
[913] = CNOT 2 6
[914] = S 2
[915] = Z 2
[916] = CNOT 2 6
[917] = CNOT 2 25
[918] = S 2
[919] = Z 2
[920] = CNOT 2 25
[921] = CNOT 2 37
[922] = S 2
[923] = Z 2
[924] = CNOT 2 37
[925] = CNOT 2 39
[926] = Z 2
[927] = CNOT 2 39
[928] = CNOT 2 5
[929] = CNOT 2 6
[930] = CNOT 2 25
[931] = S 2
[932] = Z 2
[933] = CNOT 2 25
[934] = CNOT 2 37
[935] = Z 2
[936] = CNOT 2 37
[937] = CNOT 2 39
[938] = Z 2
[939] = CNOT 2 39
[940] = CNOT 2 6
[941] = CNOT 2 25
[942] = CNOT 2 37
[943] = S 2
[944] = Z 2
[945] = CNOT 2 37
[946] = CNOT 2 39
[947] = Z 2
[948] = CNOT 2 25
[949] = CNOT 2 37
[950] = Z 2
[951] = CNOT 2 37
[952] = CNOT 2 38
[953] = S 2
[954] = Z 2
[955] = CNOT 2 39
[956] = CNOT 2 38
[957] = CNOT 3 20
[958] = CNOT 3 23
[959] = Z 3
[960] = CNOT 3 23
[961] = CNOT 3 24
[962] = S 3
[963] = CNOT 3 24
[964] = CNOT 3 28
[965] = S 3
[966] = Z 3
[967] = CNOT 3 28
[968] = CNOT 3 30
[969] = Z 3
[970] = CNOT 3 30
[971] = CNOT 3 33
[972] = Z 3
[973] = CNOT 3 33
[974] = CNOT 3 35
[975] = Z 3
[976] = CNOT 3 35
[977] = CNOT 3 38
[978] = Z 3
[979] = CNOT 3 38
[980] = CNOT 3 39
[981] = Z 3
[982] = CNOT 3 39
[983] = CNOT 3 20
[984] = CNOT 3 22
[985] = CNOT 3 23
[986] = Z 3
[987] = CNOT 3 23
[988] = CNOT 3 24
[989] = Z 3
[990] = CNOT 3 24
[991] = CNOT 3 28
[992] = S 3
[993] = Z 3
[994] = CNOT 3 28
[995] = CNOT 3 30
[996] = Z 3
[997] = CNOT 3 30
[998] = CNOT 3 32
[999] = S 3
[1000] = CNOT 3 32
[1001] = CNOT 3 33
[1002] = Z 3
[1003] = CNOT 3 33
[1004] = CNOT 3 38
[1005] = S 3
[1006] = Z 3
[1007] = CNOT 3 38
[1008] = CNOT 3 39
[1009] = S 3
[1010] = Z 3
[1011] = CNOT 3 39
[1012] = CNOT 3 22
[1013] = CNOT 3 23
[1014] = CNOT 3 24
[1015] = S 3
[1016] = Z 3
[1017] = CNOT 3 24
[1018] = CNOT 3 28
[1019] = S 3
[1020] = Z 3
[1021] = CNOT 3 28
[1022] = CNOT 3 32
[1023] = S 3
[1024] = Z 3
[1025] = CNOT 3 32
[1026] = CNOT 3 35
[1027] = Z 3
[1028] = CNOT 3 35
[1029] = CNOT 3 38
[1030] = S 3
[1031] = CNOT 3 38
[1032] = CNOT 3 39
[1033] = S 3
[1034] = CNOT 3 39
[1035] = CNOT 3 23
[1036] = CNOT 3 24
[1037] = CNOT 3 30
[1038] = S 3
[1039] = Z 3
[1040] = CNOT 3 30
[1041] = CNOT 3 32
[1042] = Z 3
[1043] = CNOT 3 32
[1044] = CNOT 3 33
[1045] = S 3
[1046] = Z 3
[1047] = CNOT 3 33
[1048] = CNOT 3 35
[1049] = S 3
[1050] = CNOT 3 35
[1051] = CNOT 3 38
[1052] = S 3
[1053] = CNOT 3 38
[1054] = CNOT 3 39
[1055] = S 3
[1056] = CNOT 3 39
[1057] = CNOT 3 24
[1058] = CNOT 3 28
[1059] = CNOT 3 35
[1060] = S 3
[1061] = Z 3
[1062] = CNOT 3 35
[1063] = CNOT 3 38
[1064] = Z 3
[1065] = CNOT 3 38
[1066] = CNOT 3 39
[1067] = Z 3
[1068] = CNOT 3 39
[1069] = CNOT 3 28
[1070] = CNOT 3 30
[1071] = CNOT 3 32
[1072] = Z 3
[1073] = CNOT 3 32
[1074] = CNOT 3 33
[1075] = S 3
[1076] = Z 3
[1077] = CNOT 3 33
[1078] = CNOT 3 35
[1079] = Z 3
[1080] = CNOT 3 35
[1081] = CNOT 3 38
[1082] = Z 3
[1083] = CNOT 3 38
[1084] = CNOT 3 39
[1085] = Z 3
[1086] = CNOT 3 39
[1087] = CNOT 3 30
[1088] = CNOT 3 32
[1089] = CNOT 3 33
[1090] = Z 3
[1091] = CNOT 3 32
[1092] = CNOT 3 35
[1093] = Z 3
[1094] = CNOT 3 35
[1095] = CNOT 3 38
[1096] = Z 3
[1097] = CNOT 3 38
[1098] = CNOT 3 39
[1099] = Z 3
[1100] = CNOT 3 39
[1101] = CNOT 3 33
[1102] = CNOT 3 35
[1103] = CNOT 3 38
[1104] = Z 3
[1105] = CNOT 3 38
[1106] = CNOT 3 39
[1107] = Z 3
[1108] = CNOT 3 35
[1109] = CNOT 3 38
[1110] = S 3
[1111] = Z 3
[1112] = CNOT 3 39
[1113] = CNOT 4 5
[1114] = CNOT 4 39
[1115] = S 4
[1116] = Z 4
[1117] = CNOT 4 39
[1118] = CNOT 4 5
[1119] = CNOT 4 6
[1120] = CNOT 4 37
[1121] = S 4
[1122] = Z 4
[1123] = CNOT 4 37
[1124] = CNOT 4 39
[1125] = S 4
[1126] = Z 4
[1127] = CNOT 4 6
[1128] = CNOT 4 25
[1129] = S 4
[1130] = Z 4
[1131] = CNOT 4 25
[1132] = CNOT 4 37
[1133] = S 4
[1134] = Z 4
[1135] = CNOT 4 39
[1136] = CNOT 4 37
[1137] = CNOT 5 6
[1138] = CNOT 5 37
[1139] = S 5
[1140] = Z 5
[1141] = CNOT 5 37
[1142] = CNOT 5 39
[1143] = S 5
[1144] = Z 5
[1145] = CNOT 5 6
[1146] = CNOT 5 25
[1147] = S 5
[1148] = Z 5
[1149] = CNOT 5 25
[1150] = CNOT 5 37
[1151] = S 5
[1152] = Z 5
[1153] = CNOT 5 39
[1154] = CNOT 5 37
[1155] = CNOT 6 25
[1156] = CNOT 6 37
[1157] = S 6
[1158] = Z 6
[1159] = CNOT 6 37
[1160] = CNOT 6 39
[1161] = S 6
[1162] = Z 6
[1163] = CNOT 6 25
[1164] = CNOT 6 37
[1165] = Z 6
[1166] = CNOT 6 39
[1167] = CNOT 7 8
[1168] = CNOT 7 11
[1169] = S 7
[1170] = Z 7
[1171] = CNOT 7 11
[1172] = CNOT 7 12
[1173] = S 7
[1174] = Z 7
[1175] = CNOT 7 12
[1176] = CNOT 7 39
[1177] = S 7
[1178] = Z 7
[1179] = CNOT 7 8
[1180] = CNOT 7 10
[1181] = S 7
[1182] = Z 7
[1183] = CNOT 7 39
[1184] = CNOT 7 40
[1185] = S 7
[1186] = Z 7
[1187] = CNOT 7 40
[1188] = CNOT 7 10
[1189] = CNOT 7 11
[1190] = CNOT 7 12
[1191] = S 7
[1192] = Z 7
[1193] = CNOT 7 12
[1194] = CNOT 7 11
[1195] = CNOT 7 39
[1196] = CNOT 7 40
[1197] = S 7
[1198] = Z 7
[1199] = CNOT 7 40
[1200] = CNOT 7 39
[1201] = CNOT 8 10
[1202] = CNOT 8 39
[1203] = S 8
[1204] = Z 8
[1205] = CNOT 8 39
[1206] = CNOT 8 40
[1207] = S 8
[1208] = Z 8
[1209] = CNOT 8 40
[1210] = CNOT 8 10
[1211] = CNOT 8 11
[1212] = CNOT 8 12
[1213] = S 8
[1214] = Z 8
[1215] = CNOT 8 12
[1216] = CNOT 8 11
[1217] = CNOT 8 39
[1218] = CNOT 8 40
[1219] = S 8
[1220] = Z 8
[1221] = CNOT 8 40
[1222] = CNOT 8 39
[1223] = CNOT 9 14
[1224] = CNOT 9 15
[1225] = Z 9
[1226] = CNOT 9 15
[1227] = CNOT 9 16
[1228] = Z 9
[1229] = CNOT 9 16
[1230] = CNOT 9 17
[1231] = S 9
[1232] = Z 9
[1233] = CNOT 9 17
[1234] = CNOT 9 18
[1235] = S 9
[1236] = Z 9
[1237] = CNOT 9 18
[1238] = CNOT 9 19
[1239] = Z 9
[1240] = CNOT 9 19
[1241] = CNOT 9 29
[1242] = S 9
[1243] = CNOT 9 29
[1244] = CNOT 9 41
[1245] = Z 9
[1246] = CNOT 9 41
[1247] = CNOT 9 42
[1248] = S 9
[1249] = Z 9
[1250] = CNOT 9 42
[1251] = CNOT 9 14
[1252] = CNOT 9 15
[1253] = CNOT 9 16
[1254] = Z 9
[1255] = CNOT 9 16
[1256] = CNOT 9 17
[1257] = S 9
[1258] = Z 9
[1259] = CNOT 9 17
[1260] = CNOT 9 18
[1261] = S 9
[1262] = Z 9
[1263] = CNOT 9 18
[1264] = CNOT 9 19
[1265] = Z 9
[1266] = CNOT 9 19
[1267] = CNOT 9 29
[1268] = S 9
[1269] = CNOT 9 29
[1270] = CNOT 9 41
[1271] = Z 9
[1272] = CNOT 9 41
[1273] = CNOT 9 42
[1274] = S 9
[1275] = Z 9
[1276] = CNOT 9 42
[1277] = CNOT 9 15
[1278] = CNOT 9 16
[1279] = CNOT 9 17
[1280] = Z 9
[1281] = CNOT 9 17
[1282] = CNOT 9 18
[1283] = S 9
[1284] = Z 9
[1285] = CNOT 9 18
[1286] = CNOT 9 19
[1287] = S 9
[1288] = CNOT 9 19
[1289] = CNOT 9 42
[1290] = Z 9
[1291] = CNOT 9 42
[1292] = CNOT 9 16
[1293] = CNOT 9 17
[1294] = CNOT 9 19
[1295] = Z 9
[1296] = CNOT 9 19
[1297] = CNOT 9 29
[1298] = Z 9
[1299] = CNOT 9 29
[1300] = CNOT 9 41
[1301] = Z 9
[1302] = CNOT 9 41
[1303] = CNOT 9 42
[1304] = Z 9
[1305] = CNOT 9 42
[1306] = CNOT 9 17
[1307] = CNOT 9 18
[1308] = CNOT 9 21
[1309] = S 9
[1310] = Z 9
[1311] = CNOT 9 21
[1312] = CNOT 9 29
[1313] = Z 9
[1314] = CNOT 9 29
[1315] = CNOT 9 36
[1316] = S 9
[1317] = Z 9
[1318] = CNOT 9 36
[1319] = CNOT 9 41
[1320] = S 9
[1321] = Z 9
[1322] = CNOT 9 41
[1323] = CNOT 9 18
[1324] = CNOT 9 19
[1325] = CNOT 9 21
[1326] = S 9
[1327] = Z 9
[1328] = CNOT 9 21
[1329] = CNOT 9 36
[1330] = S 9
[1331] = Z 9
[1332] = CNOT 9 36
[1333] = CNOT 9 41
[1334] = S 9
[1335] = CNOT 9 41
[1336] = CNOT 9 42
[1337] = Z 9
[1338] = CNOT 9 42
[1339] = CNOT 9 19
[1340] = CNOT 9 21
[1341] = CNOT 9 29
[1342] = S 9
[1343] = Z 9
[1344] = CNOT 9 21
[1345] = CNOT 9 36
[1346] = S 9
[1347] = Z 9
[1348] = CNOT 9 36
[1349] = CNOT 9 42
[1350] = Z 9
[1351] = CNOT 9 29
[1352] = CNOT 9 41
[1353] = Z 9
[1354] = CNOT 9 42
[1355] = CNOT 9 41
[1356] = CNOT 11 12
[1357] = CNOT 11 39
[1358] = S 11
[1359] = Z 11
[1360] = CNOT 11 39
[1361] = CNOT 11 12
[1362] = CNOT 11 13
[1363] = CNOT 11 26
[1364] = S 11
[1365] = Z 11
[1366] = CNOT 11 26
[1367] = CNOT 11 27
[1368] = S 11
[1369] = Z 11
[1370] = CNOT 11 27
[1371] = CNOT 11 31
[1372] = S 11
[1373] = Z 11
[1374] = CNOT 11 31
[1375] = CNOT 11 34
[1376] = Z 11
[1377] = CNOT 11 34
[1378] = CNOT 11 39
[1379] = Z 11
[1380] = CNOT 11 39
[1381] = CNOT 11 13
[1382] = CNOT 11 26
[1383] = CNOT 11 27
[1384] = Z 11
[1385] = CNOT 11 27
[1386] = CNOT 11 31
[1387] = S 11
[1388] = Z 11
[1389] = CNOT 11 31
[1390] = CNOT 11 34
[1391] = S 11
[1392] = Z 11
[1393] = CNOT 11 34
[1394] = CNOT 11 39
[1395] = Z 11
[1396] = CNOT 11 39
[1397] = CNOT 11 26
[1398] = CNOT 11 27
[1399] = CNOT 11 31
[1400] = Z 11
[1401] = CNOT 11 31
[1402] = CNOT 11 34
[1403] = S 11
[1404] = Z 11
[1405] = CNOT 11 34
[1406] = CNOT 11 39
[1407] = S 11
[1408] = CNOT 11 39
[1409] = CNOT 11 27
[1410] = CNOT 11 31
[1411] = CNOT 11 34
[1412] = S 11
[1413] = Z 11
[1414] = CNOT 11 34
[1415] = CNOT 11 39
[1416] = Z 11
[1417] = CNOT 11 31
[1418] = CNOT 11 34
[1419] = Z 11
[1420] = CNOT 11 39
[1421] = CNOT 11 34
[1422] = CNOT 12 13
[1423] = CNOT 12 34
[1424] = S 12
[1425] = Z 12
[1426] = CNOT 12 34
[1427] = CNOT 12 39
[1428] = S 12
[1429] = Z 12
[1430] = CNOT 12 13
[1431] = CNOT 12 34
[1432] = S 12
[1433] = Z 12
[1434] = CNOT 12 39
[1435] = CNOT 12 34
[1436] = CNOT 13 26
[1437] = CNOT 13 27
[1438] = S 13
[1439] = Z 13
[1440] = CNOT 13 27
[1441] = CNOT 13 34
[1442] = S 13
[1443] = Z 13
[1444] = CNOT 13 34
[1445] = CNOT 13 39
[1446] = S 13
[1447] = Z 13
[1448] = CNOT 13 39
[1449] = CNOT 13 26
[1450] = CNOT 13 27
[1451] = CNOT 13 31
[1452] = S 13
[1453] = Z 13
[1454] = CNOT 13 31
[1455] = CNOT 13 34
[1456] = Z 13
[1457] = CNOT 13 34
[1458] = CNOT 13 39
[1459] = Z 13
[1460] = CNOT 13 39
[1461] = CNOT 13 27
[1462] = CNOT 13 31
[1463] = CNOT 13 34
[1464] = S 13
[1465] = Z 13
[1466] = CNOT 13 34
[1467] = CNOT 13 39
[1468] = S 13
[1469] = Z 13
[1470] = CNOT 13 39
[1471] = CNOT 13 31
[1472] = CNOT 14 15
[1473] = CNOT 14 16
[1474] = S 14
[1475] = Z 14
[1476] = CNOT 14 16
[1477] = CNOT 14 18
[1478] = S 14
[1479] = Z 14
[1480] = CNOT 14 18
[1481] = CNOT 14 19
[1482] = S 14
[1483] = Z 14
[1484] = CNOT 14 19
[1485] = CNOT 14 29
[1486] = Z 14
[1487] = CNOT 14 29
[1488] = CNOT 14 41
[1489] = S 14
[1490] = Z 14
[1491] = CNOT 14 41
[1492] = CNOT 14 15
[1493] = CNOT 14 16
[1494] = CNOT 14 17
[1495] = S 14
[1496] = Z 14
[1497] = CNOT 14 17
[1498] = CNOT 14 19
[1499] = S 14
[1500] = Z 14
[1501] = CNOT 14 19
[1502] = CNOT 14 29
[1503] = Z 14
[1504] = CNOT 14 29
[1505] = CNOT 14 41
[1506] = Z 14
[1507] = CNOT 14 41
[1508] = CNOT 14 42
[1509] = S 14
[1510] = Z 14
[1511] = CNOT 14 42
[1512] = CNOT 14 16
[1513] = CNOT 14 17
[1514] = CNOT 14 19
[1515] = S 14
[1516] = Z 14
[1517] = CNOT 14 19
[1518] = CNOT 14 29
[1519] = S 14
[1520] = Z 14
[1521] = CNOT 14 29
[1522] = CNOT 14 41
[1523] = S 14
[1524] = Z 14
[1525] = CNOT 14 41
[1526] = CNOT 14 42
[1527] = S 14
[1528] = Z 14
[1529] = CNOT 14 42
[1530] = CNOT 14 17
[1531] = CNOT 14 18
[1532] = CNOT 14 29
[1533] = S 14
[1534] = Z 14
[1535] = CNOT 14 18
[1536] = CNOT 14 19
[1537] = Z 14
[1538] = CNOT 14 29
[1539] = CNOT 14 41
[1540] = S 14
[1541] = Z 14
[1542] = CNOT 14 41
[1543] = CNOT 14 42
[1544] = S 14
[1545] = Z 14
[1546] = CNOT 14 42
[1547] = CNOT 14 19
[1548] = CNOT 14 29
[1549] = CNOT 14 41
[1550] = Z 14
[1551] = CNOT 14 41
[1552] = CNOT 14 42
[1553] = S 14
[1554] = Z 14
[1555] = CNOT 14 29
[1556] = CNOT 14 41
[1557] = S 14
[1558] = Z 14
[1559] = CNOT 14 42
[1560] = CNOT 14 41
[1561] = CNOT 15 16
[1562] = CNOT 15 17
[1563] = S 15
[1564] = Z 15
[1565] = CNOT 15 17
[1566] = CNOT 15 19
[1567] = S 15
[1568] = Z 15
[1569] = CNOT 15 19
[1570] = CNOT 15 29
[1571] = Z 15
[1572] = CNOT 15 29
[1573] = CNOT 15 41
[1574] = Z 15
[1575] = CNOT 15 41
[1576] = CNOT 15 42
[1577] = S 15
[1578] = Z 15
[1579] = CNOT 15 42
[1580] = CNOT 15 16
[1581] = CNOT 15 17
[1582] = CNOT 15 19
[1583] = S 15
[1584] = Z 15
[1585] = CNOT 15 19
[1586] = CNOT 15 29
[1587] = S 15
[1588] = Z 15
[1589] = CNOT 15 29
[1590] = CNOT 15 41
[1591] = S 15
[1592] = Z 15
[1593] = CNOT 15 41
[1594] = CNOT 15 42
[1595] = S 15
[1596] = Z 15
[1597] = CNOT 15 42
[1598] = CNOT 15 17
[1599] = CNOT 15 18
[1600] = CNOT 15 29
[1601] = S 15
[1602] = Z 15
[1603] = CNOT 15 18
[1604] = CNOT 15 19
[1605] = Z 15
[1606] = CNOT 15 29
[1607] = CNOT 15 41
[1608] = S 15
[1609] = Z 15
[1610] = CNOT 15 41
[1611] = CNOT 15 42
[1612] = S 15
[1613] = Z 15
[1614] = CNOT 15 42
[1615] = CNOT 15 19
[1616] = CNOT 15 29
[1617] = CNOT 15 41
[1618] = Z 15
[1619] = CNOT 15 41
[1620] = CNOT 15 42
[1621] = S 15
[1622] = Z 15
[1623] = CNOT 15 29
[1624] = CNOT 15 41
[1625] = S 15
[1626] = Z 15
[1627] = CNOT 15 42
[1628] = CNOT 15 41
[1629] = CNOT 16 17
[1630] = CNOT 16 19
[1631] = Z 16
[1632] = CNOT 16 19
[1633] = CNOT 16 29
[1634] = Z 16
[1635] = CNOT 16 29
[1636] = CNOT 16 41
[1637] = Z 16
[1638] = CNOT 16 41
[1639] = CNOT 16 42
[1640] = Z 16
[1641] = CNOT 16 42
[1642] = CNOT 16 17
[1643] = CNOT 16 18
[1644] = CNOT 16 29
[1645] = S 16
[1646] = Z 16
[1647] = CNOT 16 29
[1648] = CNOT 16 41
[1649] = S 16
[1650] = Z 16
[1651] = CNOT 16 41
[1652] = CNOT 16 18
[1653] = CNOT 16 19
[1654] = CNOT 16 29
[1655] = S 16
[1656] = CNOT 16 29
[1657] = CNOT 16 41
[1658] = S 16
[1659] = CNOT 16 41
[1660] = CNOT 16 42
[1661] = Z 16
[1662] = CNOT 16 19
[1663] = CNOT 16 29
[1664] = Z 16
[1665] = CNOT 16 29
[1666] = CNOT 16 41
[1667] = Z 16
[1668] = CNOT 16 42
[1669] = CNOT 17 19
[1670] = CNOT 17 29
[1671] = Z 17
[1672] = CNOT 17 29
[1673] = CNOT 17 41
[1674] = Z 17
[1675] = CNOT 17 41
[1676] = CNOT 17 42
[1677] = Z 17
[1678] = CNOT 17 42
[1679] = CNOT 17 19
[1680] = CNOT 17 29
[1681] = CNOT 17 41
[1682] = Z 17
[1683] = CNOT 17 41
[1684] = CNOT 17 42
[1685] = Z 17
[1686] = CNOT 17 29
[1687] = CNOT 17 41
[1688] = Z 17
[1689] = CNOT 17 41
[1690] = CNOT 18 21
[1691] = CNOT 18 36
[1692] = S 18
[1693] = Z 18
[1694] = CNOT 18 36
[1695] = CNOT 18 21
[1696] = CNOT 18 29
[1697] = CNOT 18 41
[1698] = S 18
[1699] = Z 18
[1700] = CNOT 18 41
[1701] = CNOT 18 29
[1702] = CNOT 19 21
[1703] = CNOT 19 36
[1704] = S 19
[1705] = Z 19
[1706] = CNOT 19 36
[1707] = CNOT 19 21
[1708] = CNOT 19 29
[1709] = CNOT 19 41
[1710] = S 19
[1711] = CNOT 19 41
[1712] = CNOT 19 42
[1713] = Z 19
[1714] = CNOT 19 29
[1715] = CNOT 19 41
[1716] = Z 19
[1717] = CNOT 19 42
[1718] = CNOT 19 41
[1719] = CNOT 20 22
[1720] = CNOT 20 23
[1721] = S 20
[1722] = Z 20
[1723] = CNOT 20 23
[1724] = CNOT 20 24
[1725] = Z 20
[1726] = CNOT 20 24
[1727] = CNOT 20 30
[1728] = Z 20
[1729] = CNOT 20 30
[1730] = CNOT 20 32
[1731] = S 20
[1732] = CNOT 20 32
[1733] = CNOT 20 33
[1734] = Z 20
[1735] = CNOT 20 33
[1736] = CNOT 20 22
[1737] = CNOT 20 23
[1738] = CNOT 20 24
[1739] = S 20
[1740] = Z 20
[1741] = CNOT 20 24
[1742] = CNOT 20 32
[1743] = S 20
[1744] = Z 20
[1745] = CNOT 20 32
[1746] = CNOT 20 35
[1747] = Z 20
[1748] = CNOT 20 35
[1749] = CNOT 20 38
[1750] = Z 20
[1751] = CNOT 20 38
[1752] = CNOT 20 39
[1753] = Z 20
[1754] = CNOT 20 39
[1755] = CNOT 20 23
[1756] = CNOT 20 24
[1757] = CNOT 20 30
[1758] = S 20
[1759] = Z 20
[1760] = CNOT 20 30
[1761] = CNOT 20 32
[1762] = Z 20
[1763] = CNOT 20 32
[1764] = CNOT 20 33
[1765] = S 20
[1766] = Z 20
[1767] = CNOT 20 33
[1768] = CNOT 20 35
[1769] = S 20
[1770] = CNOT 20 35
[1771] = CNOT 20 38
[1772] = S 20
[1773] = CNOT 20 38
[1774] = CNOT 20 39
[1775] = S 20
[1776] = CNOT 20 39
[1777] = CNOT 20 24
[1778] = CNOT 20 28
[1779] = CNOT 20 35
[1780] = S 20
[1781] = Z 20
[1782] = CNOT 20 35
[1783] = CNOT 20 38
[1784] = S 20
[1785] = Z 20
[1786] = CNOT 20 38
[1787] = CNOT 20 39
[1788] = S 20
[1789] = Z 20
[1790] = CNOT 20 39
[1791] = CNOT 20 28
[1792] = CNOT 20 30
[1793] = CNOT 20 32
[1794] = Z 20
[1795] = CNOT 20 32
[1796] = CNOT 20 33
[1797] = S 20
[1798] = Z 20
[1799] = CNOT 20 33
[1800] = CNOT 20 35
[1801] = Z 20
[1802] = CNOT 20 35
[1803] = CNOT 20 38
[1804] = Z 20
[1805] = CNOT 20 38
[1806] = CNOT 20 39
[1807] = Z 20
[1808] = CNOT 20 39
[1809] = CNOT 20 30
[1810] = CNOT 20 32
[1811] = CNOT 20 33
[1812] = Z 20
[1813] = CNOT 20 32
[1814] = CNOT 20 35
[1815] = Z 20
[1816] = CNOT 20 35
[1817] = CNOT 20 38
[1818] = Z 20
[1819] = CNOT 20 38
[1820] = CNOT 20 39
[1821] = Z 20
[1822] = CNOT 20 39
[1823] = CNOT 20 33
[1824] = CNOT 20 35
[1825] = CNOT 20 38
[1826] = Z 20
[1827] = CNOT 20 38
[1828] = CNOT 20 39
[1829] = Z 20
[1830] = CNOT 20 35
[1831] = CNOT 20 38
[1832] = Z 20
[1833] = CNOT 20 39
[1834] = CNOT 20 38
[1835] = CNOT 21 29
[1836] = CNOT 21 36
[1837] = S 21
[1838] = Z 21
[1839] = CNOT 21 29
[1840] = CNOT 22 23
[1841] = CNOT 22 28
[1842] = S 22
[1843] = Z 22
[1844] = CNOT 22 28
[1845] = CNOT 22 35
[1846] = S 22
[1847] = Z 22
[1848] = CNOT 22 35
[1849] = CNOT 22 38
[1850] = Z 22
[1851] = CNOT 22 38
[1852] = CNOT 22 39
[1853] = Z 22
[1854] = CNOT 22 39
[1855] = CNOT 22 23
[1856] = CNOT 22 24
[1857] = CNOT 22 30
[1858] = S 22
[1859] = Z 22
[1860] = CNOT 22 30
[1861] = CNOT 22 32
[1862] = S 22
[1863] = Z 22
[1864] = CNOT 22 32
[1865] = CNOT 22 33
[1866] = S 22
[1867] = Z 22
[1868] = CNOT 22 33
[1869] = CNOT 22 35
[1870] = Z 22
[1871] = CNOT 22 35
[1872] = CNOT 22 38
[1873] = Z 22
[1874] = CNOT 22 38
[1875] = CNOT 22 39
[1876] = Z 22
[1877] = CNOT 22 39
[1878] = CNOT 22 24
[1879] = CNOT 22 28
[1880] = CNOT 22 38
[1881] = S 22
[1882] = Z 22
[1883] = CNOT 22 38
[1884] = CNOT 22 39
[1885] = S 22
[1886] = Z 22
[1887] = CNOT 22 39
[1888] = CNOT 22 28
[1889] = CNOT 22 30
[1890] = CNOT 22 32
[1891] = Z 22
[1892] = CNOT 22 32
[1893] = CNOT 22 33
[1894] = S 22
[1895] = Z 22
[1896] = CNOT 22 33
[1897] = CNOT 22 35
[1898] = Z 22
[1899] = CNOT 22 35
[1900] = CNOT 22 38
[1901] = Z 22
[1902] = CNOT 22 38
[1903] = CNOT 22 39
[1904] = Z 22
[1905] = CNOT 22 39
[1906] = CNOT 22 30
[1907] = CNOT 22 32
[1908] = CNOT 22 33
[1909] = Z 22
[1910] = CNOT 22 33
[1911] = CNOT 22 35
[1912] = S 22
[1913] = CNOT 22 35
[1914] = CNOT 22 38
[1915] = S 22
[1916] = CNOT 22 38
[1917] = CNOT 22 39
[1918] = S 22
[1919] = CNOT 22 39
[1920] = CNOT 22 32
[1921] = CNOT 22 33
[1922] = CNOT 22 35
[1923] = Z 22
[1924] = CNOT 22 35
[1925] = CNOT 22 38
[1926] = Z 22
[1927] = CNOT 22 38
[1928] = CNOT 22 39
[1929] = Z 22
[1930] = CNOT 22 33
[1931] = CNOT 22 38
[1932] = S 22
[1933] = Z 22
[1934] = CNOT 22 39
[1935] = CNOT 22 38
[1936] = CNOT 23 24
[1937] = CNOT 23 35
[1938] = S 23
[1939] = Z 23
[1940] = CNOT 23 35
[1941] = CNOT 23 38
[1942] = S 23
[1943] = Z 23
[1944] = CNOT 23 38
[1945] = CNOT 23 39
[1946] = S 23
[1947] = Z 23
[1948] = CNOT 23 39
[1949] = CNOT 23 24
[1950] = CNOT 23 28
[1951] = CNOT 23 38
[1952] = S 23
[1953] = Z 23
[1954] = CNOT 23 38
[1955] = CNOT 23 39
[1956] = S 23
[1957] = Z 23
[1958] = CNOT 23 39
[1959] = CNOT 23 28
[1960] = CNOT 23 32
[1961] = CNOT 23 35
[1962] = S 23
[1963] = Z 23
[1964] = CNOT 23 35
[1965] = CNOT 23 38
[1966] = S 23
[1967] = Z 23
[1968] = CNOT 23 38
[1969] = CNOT 23 39
[1970] = S 23
[1971] = Z 23
[1972] = CNOT 23 39
[1973] = CNOT 23 32
[1974] = CNOT 23 35
[1975] = CNOT 23 38
[1976] = Z 23
[1977] = CNOT 23 38
[1978] = CNOT 23 39
[1979] = Z 23
[1980] = CNOT 23 35
[1981] = CNOT 23 38
[1982] = S 23
[1983] = CNOT 23 39
[1984] = CNOT 23 38
[1985] = CNOT 24 30
[1986] = CNOT 24 32
[1987] = S 24
[1988] = Z 24
[1989] = CNOT 24 32
[1990] = CNOT 24 35
[1991] = S 24
[1992] = Z 24
[1993] = CNOT 24 35
[1994] = CNOT 24 38
[1995] = S 24
[1996] = Z 24
[1997] = CNOT 24 38
[1998] = CNOT 24 39
[1999] = S 24
[2000] = Z 24
[2001] = CNOT 24 39
[2002] = CNOT 24 30
[2003] = CNOT 24 32
[2004] = CNOT 24 33
[2005] = S 24
[2006] = Z 24
[2007] = CNOT 24 33
[2008] = CNOT 24 35
[2009] = Z 24
[2010] = CNOT 24 35
[2011] = CNOT 24 38
[2012] = Z 24
[2013] = CNOT 24 38
[2014] = CNOT 24 39
[2015] = Z 24
[2016] = CNOT 24 39
[2017] = CNOT 24 32
[2018] = CNOT 24 33
[2019] = CNOT 24 35
[2020] = S 24
[2021] = Z 24
[2022] = CNOT 24 35
[2023] = CNOT 24 38
[2024] = S 24
[2025] = Z 24
[2026] = CNOT 24 38
[2027] = CNOT 24 39
[2028] = S 24
[2029] = Z 24
[2030] = CNOT 24 39
[2031] = CNOT 24 33
[2032] = CNOT 24 35
[2033] = CNOT 24 38
[2034] = S 24
[2035] = CNOT 24 38
[2036] = CNOT 24 39
[2037] = S 24
[2038] = CNOT 24 35
[2039] = CNOT 24 38
[2040] = S 24
[2041] = CNOT 24 39
[2042] = CNOT 24 38
[2043] = CNOT 25 37
[2044] = CNOT 25 39
[2045] = S 25
[2046] = Z 25
[2047] = CNOT 25 39
[2048] = CNOT 25 37
[2049] = CNOT 26 27
[2050] = CNOT 26 31
[2051] = S 26
[2052] = Z 26
[2053] = CNOT 26 31
[2054] = CNOT 26 34
[2055] = S 26
[2056] = Z 26
[2057] = CNOT 26 34
[2058] = CNOT 26 39
[2059] = Z 26
[2060] = CNOT 26 27
[2061] = CNOT 26 31
[2062] = S 26
[2063] = Z 26
[2064] = CNOT 26 31
[2065] = CNOT 26 34
[2066] = S 26
[2067] = Z 26
[2068] = CNOT 26 34
[2069] = CNOT 27 31
[2070] = CNOT 27 34
[2071] = S 27
[2072] = Z 27
[2073] = CNOT 27 34
[2074] = CNOT 27 39
[2075] = Z 27
[2076] = CNOT 27 31
[2077] = CNOT 27 34
[2078] = Z 27
[2079] = CNOT 27 39
[2080] = CNOT 27 34
[2081] = CNOT 28 35
[2082] = CNOT 28 38
[2083] = S 28
[2084] = Z 28
[2085] = CNOT 28 38
[2086] = CNOT 28 39
[2087] = S 28
[2088] = Z 28
[2089] = CNOT 28 35
[2090] = CNOT 28 38
[2091] = Z 28
[2092] = CNOT 28 39
[2093] = CNOT 28 38
[2094] = CNOT 29 41
[2095] = CNOT 29 42
[2096] = Z 29
[2097] = CNOT 29 41
[2098] = CNOT 30 32
[2099] = CNOT 30 33
[2100] = S 30
[2101] = Z 30
[2102] = CNOT 30 33
[2103] = CNOT 30 35
[2104] = Z 30
[2105] = CNOT 30 35
[2106] = CNOT 30 38
[2107] = Z 30
[2108] = CNOT 30 38
[2109] = CNOT 30 39
[2110] = Z 30
[2111] = CNOT 30 39
[2112] = CNOT 30 32
[2113] = CNOT 30 33
[2114] = CNOT 30 35
[2115] = S 30
[2116] = Z 30
[2117] = CNOT 30 35
[2118] = CNOT 30 38
[2119] = S 30
[2120] = Z 30
[2121] = CNOT 30 38
[2122] = CNOT 30 39
[2123] = S 30
[2124] = Z 30
[2125] = CNOT 30 39
[2126] = CNOT 30 33
[2127] = CNOT 30 35
[2128] = CNOT 30 38
[2129] = Z 30
[2130] = CNOT 30 38
[2131] = CNOT 30 39
[2132] = Z 30
[2133] = CNOT 30 35
[2134] = CNOT 30 38
[2135] = Z 30
[2136] = CNOT 30 39
[2137] = CNOT 30 38
[2138] = CNOT 31 34
[2139] = CNOT 31 39
[2140] = S 31
[2141] = Z 31
[2142] = CNOT 31 39
[2143] = CNOT 31 34
[2144] = CNOT 32 33
[2145] = CNOT 32 35
[2146] = Z 32
[2147] = CNOT 32 35
[2148] = CNOT 32 38
[2149] = Z 32
[2150] = CNOT 32 38
[2151] = CNOT 32 39
[2152] = Z 32
[2153] = CNOT 32 39
[2154] = CNOT 32 33
[2155] = CNOT 33 35
[2156] = CNOT 33 38
[2157] = Z 33
[2158] = CNOT 33 38
[2159] = CNOT 33 39
[2160] = Z 33
[2161] = CNOT 33 35
[2162] = CNOT 33 38
[2163] = Z 33
[2164] = CNOT 33 39
[2165] = CNOT 33 38
[2166] = CNOT 35 38
[2167] = CNOT 35 39
[2168] = Z 35
[2169] = CNOT 35 39
[2170] = CNOT 35 38
[2171] = CNOT 28 41
[2172] = CNOT 27 40
[2173] = CNOT 10 40
[2174] = CNOT 9 39
[2175] = CNOT 25 38
[2176] = CNOT 31 37
[2177] = CNOT 32 36
[2178] = CNOT 30 35
[2179] = CNOT 20 35
[2180] = CNOT 33 34
[2181] = CNOT 13 34
[2182] = CNOT 34 33
[2183] = CNOT 33 34
[2184] = CNOT 36 32
[2185] = CNOT 32 36
[2186] = CNOT 37 31
[2187] = CNOT 31 37
[2188] = CNOT 35 30
[2189] = CNOT 30 35
[2190] = CNOT 42 29
[2191] = CNOT 29 42
[2192] = CNOT 41 28
[2193] = CNOT 28 41
[2194] = CNOT 40 27
[2195] = CNOT 27 40
[2196] = CNOT 39 26
[2197] = CNOT 26 39
[2198] = CNOT 38 25
[2199] = CNOT 25 38
[2200] = CNOT 32 21
[2201] = CNOT 21 32
[2202] = CNOT 30 20
[2203] = CNOT 20 30
[2204] = CNOT 29 17
[2205] = CNOT 17 29
[2206] = CNOT 28 16
[2207] = CNOT 16 28
[2208] = CNOT 33 13
[2209] = CNOT 13 33
[2210] = CNOT 27 10
[2211] = CNOT 10 27
[2212] = CNOT 26 9
[2213] = CNOT 9 26
[2214] = CNOT 31 6
[2215] = CNOT 6 31
[2216] = CNOT 25 3
[2217] = CNOT 3 25
[2218] = H 25
[2219] = M 25
[2220] = H 26
[2221] = M 26
[2222] = H 27
[2223] = M 27
[2224] = H 28
[2225] = M 28
[2226] = H 29
[2227] = M 29
[2228] = H 30
[2229] = M 30
[2230] = H 31
[2231] = M 31
[2232] = H 32
[2233] = M 32
[2234] = H 33
[2235] = M 33
[2236] = H 34
[2237] = M 34
[2238] = H 35
[2239] = M 35
[2240] = H 36
[2241] = M 36
[2242] = H 37
[2243] = M 37
[2244] = H 38
[2245] = M 38
[2246] = H 39
[2247] = M 39
[2248] = H 40
[2249] = M 40
[2250] = H 41
[2251] = M 41
[2252] = H 42
[2253] = M 42
[2254] = H 21
[2255] = H 20
[2256] = H 17
[2257] = H 16
[2258] = H 13
[2259] = H 10
[2260] = H 9
[2261] = H 6
[2262] = H 3
[2263] = H 24
Gate distributions:
Input:
Operator distribution:
Total number of qubits = 24
Number of `data' qubits = 24
Number of `Toff_n' ancillas = 0
Number of Hadamard ancillas = 0
Hadamard ancilla cap = infinite
Number of {CNOT,T} partitions = 1
T count = 203
Cost estimation = 101551
	id	Count
	0	0
	1	0
	2	0
	3	39
	4	12
	5	0
	6	0
	7	0
	8	0
	9	0
	10	29
	11	0
	12	0
	13	0
	14	0
	15	0
	16	0
	17	0
	18	0
Output:
Operator distribution:
Total number of qubits = 42
Number of `data' qubits = 24
Number of `Toff_n' ancillas = 0
Number of Hadamard ancillas = 18
Hadamard ancilla cap = infinite
Number of {CNOT,T} partitions = 1
T count = 62
Cost estimation = 33211
	id	Count
	0	0
	1	0
	2	0
	3	55
	4	1406
	5	62
	6	0
	7	0
	8	0
	9	0
	10	0
	11	306
	12	0
	13	417
	14	0
	15	0
	16	0
	17	0
	18	18
Output T Count (SQC_Circuit) = 62
Output T Count (PhasePolynomial) = 62
Fail count = 0

Execution time: 113.26s
Number of LCL errors: 0
Number of LCL warnings: 0
