Optimize a Clifford + T circuit.
Input filename = /home/ryo-mtmt/TOpt/forme/tpar_benchmark/qft_4.tfc
Number of unknown gates = 0
Number of unknown qubit labels = 0
Circuit filename: /home/ryo-mtmt/TOpt/forme/tpar_benchmark/qft_4.tfc

n 5
n_x 5
n_y 0
n_z 0
m 101
[0] = H 1
[1] = CNOT 2 1
[2] = CNOT 2 1
[3] = H 5
[4] = CNOT 1 3
[5] = CNOT 5 1
[6] = CNOT 3 5
[7] = CNOT 3 1
[8] = CNOT 5 1
[9] = CNOT 5 3
[10] = H 3
[11] = H 3
[12] = CNOT 5 3
[13] = CNOT 5 1
[14] = CNOT 3 1
[15] = CNOT 3 5
[16] = CNOT 5 1
[17] = CNOT 1 3
[18] = H 5
[19] = CNOT 5 1
[20] = H 1
[21] = CCZ 4 5 1
[22] = H 1
[23] = CNOT 5 1
[24] = H 5
[25] = H 5
[26] = H 5
[27] = H 5
[28] = H 5
[29] = H 5
[30] = H 5
[31] = H 5
[32] = H 5
[33] = H 5
[34] = H 5
[35] = H 5
[36] = H 5
[37] = H 5
[38] = H 5
[39] = H 5
[40] = H 5
[41] = H 5
[42] = H 5
[43] = H 5
[44] = H 5
[45] = H 5
[46] = H 5
[47] = H 5
[48] = H 5
[49] = H 5
[50] = H 5
[51] = CNOT 5 1
[52] = H 1
[53] = CCZ 4 5 1
[54] = H 1
[55] = CNOT 5 1
[56] = H 2
[57] = CNOT 3 2
[58] = CNOT 3 2
[59] = H 5
[60] = CNOT 2 4
[61] = CNOT 5 2
[62] = CNOT 4 5
[63] = CNOT 4 2
[64] = CNOT 5 2
[65] = CNOT 5 4
[66] = H 4
[67] = H 4
[68] = CNOT 5 4
[69] = CNOT 5 2
[70] = CNOT 4 2
[71] = CNOT 4 5
[72] = CNOT 5 2
[73] = CNOT 2 4
[74] = H 5
[75] = H 3
[76] = CNOT 4 3
[77] = CNOT 4 3

Algorithm used: todd

UniversalOptimize begin.
	Gate synthesis begin.

in LempelX3 (Hamming Distance Version)
		Round = 0 | Current Columns: 12
Total LempelX2 (Hamming) time: 10 ms
Final Nullspace total time: 7 ms
		TODD executed in 0.010506 seconds.
		Total time: 0.010551s
	Gate synthesis end.
	Total time: 0.01269s
UniversalOptimize end.
Output circuit:
n 10
n_x 5
n_y 0
n_z 5
m 201
[0] = H 1
[1] = H 2
[2] = H 3
[3] = H 6
[4] = H 7
[5] = H 8
[6] = H 9
[7] = H 10
[8] = T 6
[9] = CNOT 1 5
[10] = T 1
[11] = S 1
[12] = CNOT 1 4
[13] = T 1
[14] = S 1
[15] = Z 1
[16] = CNOT 1 6
[17] = T 1
[18] = CNOT 1 4
[19] = T 1
[20] = S 1
[21] = Z 1
[22] = CNOT 1 6
[23] = CNOT 1 5
[24] = CNOT 4 6
[25] = T 4
[26] = S 4
[27] = CNOT 4 6
[28] = T 9
[29] = CNOT 7 8
[30] = T 7
[31] = S 7
[32] = Z 7
[33] = CNOT 7 8
[34] = CNOT 4 7
[35] = CNOT 4 8
[36] = T 4
[37] = S 4
[38] = Z 4
[39] = CNOT 4 9
[40] = T 4
[41] = CNOT 4 8
[42] = CNOT 4 7
[43] = CNOT 7 8
[44] = CNOT 7 9
[45] = T 7
[46] = S 7
[47] = Z 7
[48] = CNOT 7 9
[49] = CNOT 7 8
[50] = T 4
[51] = S 4
[52] = CNOT 4 9
[53] = S 4
[54] = S 5
[55] = S 7
[56] = Z 7
[57] = Z 8
[58] = S 10
[59] = Z 10
[60] = CNOT 1 4
[61] = Z 1
[62] = CNOT 1 4
[63] = CNOT 1 6
[64] = S 1
[65] = Z 1
[66] = CNOT 1 6
[67] = CNOT 1 7
[68] = S 1
[69] = CNOT 1 7
[70] = CNOT 1 8
[71] = S 1
[72] = Z 1
[73] = CNOT 1 8
[74] = CNOT 4 5
[75] = Z 4
[76] = CNOT 4 5
[77] = CNOT 4 7
[78] = Z 4
[79] = CNOT 4 7
[80] = CNOT 4 8
[81] = Z 4
[82] = CNOT 4 8
[83] = CNOT 5 6
[84] = Z 5
[85] = CNOT 5 6
[86] = CNOT 5 7
[87] = S 5
[88] = CNOT 5 7
[89] = CNOT 5 8
[90] = S 5
[91] = Z 5
[92] = CNOT 5 8
[93] = CNOT 6 7
[94] = S 6
[95] = CNOT 6 7
[96] = CNOT 7 9
[97] = S 7
[98] = Z 7
[99] = CNOT 7 9
[100] = CNOT 8 9
[101] = Z 8
[102] = CNOT 8 9
[103] = CNOT 9 10
[104] = S 9
[105] = CNOT 1 5
[106] = CNOT 1 8
[107] = S 1
[108] = Z 1
[109] = CNOT 1 5
[110] = CNOT 1 7
[111] = S 1
[112] = Z 1
[113] = CNOT 1 8
[114] = CNOT 1 7
[115] = CNOT 5 7
[116] = CNOT 5 8
[117] = S 5
[118] = Z 5
[119] = CNOT 5 8
[120] = CNOT 5 7
[121] = CNOT 8 10
[122] = CNOT 7 10
[123] = CNOT 6 10
[124] = CNOT 5 10
[125] = CNOT 1 10
[126] = CNOT 10 9
[127] = CNOT 9 10
[128] = CNOT 9 8
[129] = CNOT 7 8
[130] = CNOT 5 8
[131] = CNOT 8 9
[132] = CNOT 9 7
[133] = CNOT 8 7
[134] = CNOT 7 8
[135] = CNOT 7 6
[136] = CNOT 6 7
[137] = CNOT 8 5
[138] = CNOT 5 8
[139] = CNOT 8 1
[140] = CNOT 6 1
[141] = CNOT 1 6
[142] = H 6
[143] = M 6
[144] = H 7
[145] = M 7
[146] = H 8
[147] = M 8
[148] = H 9
[149] = M 9
[150] = H 10
[151] = M 10
Gate distributions:
Input:
Operator distribution:
Total number of qubits = 5
Number of `data' qubits = 5
Number of `Toff_n' ancillas = 0
Number of Hadamard ancillas = 0
Hadamard ancilla cap = infinite
Number of {CNOT,T} partitions = 1
T count = 14
Cost estimation = 7076
	id	Count
	0	0
	1	0
	2	0
	3	42
	4	34
	5	0
	6	0
	7	0
	8	0
	9	0
	10	2
	11	0
	12	0
	13	0
	14	0
	15	0
	16	0
	17	0
	18	0
Output:
Operator distribution:
Total number of qubits = 10
Number of `data' qubits = 5
Number of `Toff_n' ancillas = 0
Number of Hadamard ancillas = 5
Hadamard ancilla cap = infinite
Number of {CNOT,T} partitions = 1
T count = 12
Cost estimation = 6142.5
	id	Count
	0	0
	1	0
	2	0
	3	13
	4	78
	5	12
	6	0
	7	0
	8	0
	9	0
	10	0
	11	23
	12	0
	13	21
	14	0
	15	0
	16	0
	17	0
	18	5
Output T Count (SQC_Circuit) = 12
Output T Count (PhasePolynomial) = 12
Fail count = 0

Execution time: 0.012709s
Number of LCL errors: 0
Number of LCL warnings: 0
