Optimize a Clifford + T circuit.
Input filename = /home/ryo-mtmt/TOpt/forme/tpar_benchmark/rc_adder_6.tfc
Number of unknown gates = 0
Number of unknown qubit labels = 0
Circuit filename: /home/ryo-mtmt/TOpt/forme/tpar_benchmark/rc_adder_6.tfc

n 14
n_x 14
n_y 0
n_z 0
m 101
[0] = CNOT 4 5
[1] = CNOT 6 7
[2] = CNOT 8 9
[3] = CNOT 10 11
[4] = CNOT 12 13
[5] = CNOT 3 5
[6] = H 3
[7] = CCZ 1 2 3
[8] = H 3
[9] = CNOT 5 7
[10] = H 5
[11] = CCZ 3 4 5
[12] = H 5
[13] = CNOT 7 9
[14] = H 7
[15] = CCZ 5 6 7
[16] = H 7
[17] = CNOT 9 11
[18] = H 9
[19] = CCZ 7 8 9
[20] = H 9
[21] = CNOT 11 13
[22] = H 11
[23] = CCZ 9 10 11
[24] = H 11
[25] = CNOT 14 13
[26] = H 14
[27] = CCZ 11 12 14
[28] = H 14
[29] = CNOT 4 3
[30] = CNOT 6 5
[31] = CNOT 8 7
[32] = CNOT 10 9
[33] = CNOT 12 11
[34] = H 11
[35] = CCZ 9 10 11
[36] = H 11
[37] = H 9
[38] = CCZ 7 8 9
[39] = H 9
[40] = CNOT 11 13
[41] = H 7
[42] = CCZ 5 6 7
[43] = H 7
[44] = CNOT 9 11
[45] = H 5
[46] = CCZ 3 4 5
[47] = H 5
[48] = CNOT 7 9
[49] = H 3
[50] = CCZ 1 2 3
[51] = H 3
[52] = CNOT 5 7
[53] = CNOT 3 5
[54] = CNOT 1 2
[55] = CNOT 4 5
[56] = CNOT 6 7
[57] = CNOT 8 9
[58] = CNOT 10 11
[59] = CNOT 12 13

Algorithm used: todd

UniversalOptimize begin.
	Gate synthesis begin.

in LempelX3 (Hamming Distance Version)
		Round = 0 | Current Columns: 47
  [HIT] Reduced to m = 45 using Dist = 2
		Round = 1 | Current Columns: 45
  [HIT] Reduced to m = 43 using Dist = 2
		Round = 2 | Current Columns: 43
  [HIT] Reduced to m = 41 using Dist = 2
		Round = 3 | Current Columns: 41
  [HIT] Reduced to m = 39 using Dist = 2
		Round = 4 | Current Columns: 39
  [HIT] Reduced to m = 37 using Dist = 3
		Round = 5 | Current Columns: 37
Total LempelX2 (Hamming) time: 9327 ms
Final Nullspace total time: 6093 ms
		TODD executed in 9.31378 seconds.
		Total time: 9.31414s
	Gate synthesis end.
	Total time: 10.649s
UniversalOptimize end.
Output circuit:
n 35
n_x 14
n_y 0
n_z 21
m 1701
[0] = H 15
[1] = H 16
[2] = H 17
[3] = H 18
[4] = H 19
[5] = H 20
[6] = H 21
[7] = H 22
[8] = H 23
[9] = H 24
[10] = H 25
[11] = H 26
[12] = H 27
[13] = H 28
[14] = H 29
[15] = H 30
[16] = H 31
[17] = H 32
[18] = H 33
[19] = H 34
[20] = H 35
[21] = CNOT 15 18
[22] = CNOT 15 19
[23] = CNOT 15 24
[24] = CNOT 15 25
[25] = CNOT 15 30
[26] = CNOT 15 34
[27] = T 15
[28] = CNOT 15 34
[29] = CNOT 15 30
[30] = CNOT 15 25
[31] = CNOT 15 24
[32] = CNOT 15 19
[33] = CNOT 15 18
[34] = CNOT 1 2
[35] = CNOT 1 24
[36] = CNOT 1 25
[37] = T 1
[38] = CNOT 1 2
[39] = CNOT 2 24
[40] = CNOT 2 25
[41] = T 2
[42] = Z 2
[43] = CNOT 2 25
[44] = CNOT 2 24
[45] = T 1
[46] = Z 1
[47] = CNOT 16 25
[48] = T 16
[49] = Z 16
[50] = CNOT 16 25
[51] = CNOT 4 5
[52] = CNOT 4 16
[53] = CNOT 4 17
[54] = CNOT 4 25
[55] = CNOT 4 32
[56] = T 4
[57] = CNOT 4 16
[58] = T 4
[59] = CNOT 4 32
[60] = CNOT 4 17
[61] = CNOT 16 17
[62] = CNOT 16 25
[63] = CNOT 16 32
[64] = T 16
[65] = CNOT 16 32
[66] = CNOT 16 25
[67] = CNOT 16 17
[68] = CNOT 1 15
[69] = CNOT 1 34
[70] = T 1
[71] = CNOT 1 15
[72] = CNOT 6 7
[73] = CNOT 6 15
[74] = CNOT 6 18
[75] = CNOT 6 24
[76] = CNOT 6 25
[77] = CNOT 6 34
[78] = T 6
[79] = CNOT 6 18
[80] = T 6
[81] = CNOT 6 15
[82] = CNOT 15 18
[83] = CNOT 15 24
[84] = CNOT 15 25
[85] = CNOT 15 34
[86] = T 15
[87] = CNOT 15 34
[88] = CNOT 15 25
[89] = CNOT 15 24
[90] = CNOT 15 18
[91] = CNOT 21 24
[92] = CNOT 21 28
[93] = T 21
[94] = Z 21
[95] = CNOT 21 28
[96] = CNOT 21 24
[97] = CNOT 8 9
[98] = CNOT 8 20
[99] = CNOT 8 21
[100] = CNOT 8 24
[101] = CNOT 8 28
[102] = T 8
[103] = CNOT 8 20
[104] = T 8
[105] = CNOT 8 28
[106] = CNOT 8 21
[107] = CNOT 20 21
[108] = CNOT 20 24
[109] = CNOT 20 28
[110] = T 20
[111] = CNOT 20 28
[112] = CNOT 20 24
[113] = CNOT 20 21
[114] = CNOT 17 23
[115] = CNOT 17 25
[116] = CNOT 17 26
[117] = CNOT 17 32
[118] = T 17
[119] = CNOT 17 32
[120] = CNOT 17 26
[121] = CNOT 17 25
[122] = CNOT 17 23
[123] = CNOT 10 11
[124] = CNOT 10 17
[125] = CNOT 10 22
[126] = CNOT 10 23
[127] = CNOT 10 25
[128] = CNOT 10 26
[129] = CNOT 10 32
[130] = T 10
[131] = CNOT 10 22
[132] = T 10
[133] = CNOT 10 26
[134] = CNOT 10 23
[135] = CNOT 10 17
[136] = CNOT 17 22
[137] = CNOT 17 23
[138] = CNOT 17 25
[139] = CNOT 17 26
[140] = CNOT 17 32
[141] = T 17
[142] = CNOT 17 32
[143] = CNOT 17 26
[144] = CNOT 17 25
[145] = CNOT 17 23
[146] = CNOT 17 22
[147] = CNOT 1 2
[148] = CNOT 1 15
[149] = T 1
[150] = CNOT 1 34
[151] = CNOT 1 25
[152] = CNOT 1 24
[153] = CNOT 1 15
[154] = CNOT 1 2
[155] = T 4
[156] = Z 4
[157] = CNOT 12 13
[158] = T 12
[159] = CNOT 12 24
[160] = T 12
[161] = S 12
[162] = Z 12
[163] = CNOT 12 25
[164] = T 12
[165] = CNOT 12 24
[166] = T 12
[167] = S 12
[168] = Z 12
[169] = CNOT 12 25
[170] = CNOT 12 13
[171] = CNOT 6 15
[172] = CNOT 6 18
[173] = CNOT 6 19
[174] = CNOT 6 30
[175] = T 6
[176] = CNOT 6 18
[177] = CNOT 6 15
[178] = CNOT 4 16
[179] = T 4
[180] = CNOT 4 25
[181] = CNOT 4 16
[182] = CNOT 4 5
[183] = CNOT 10 17
[184] = T 10
[185] = CNOT 10 22
[186] = T 10
[187] = CNOT 10 32
[188] = CNOT 10 25
[189] = CNOT 10 22
[190] = CNOT 10 17
[191] = CNOT 10 11
[192] = CNOT 17 22
[193] = CNOT 17 25
[194] = CNOT 17 32
[195] = T 17
[196] = CNOT 17 32
[197] = CNOT 17 25
[198] = CNOT 17 22
[199] = CNOT 2 15
[200] = CNOT 2 24
[201] = CNOT 2 25
[202] = CNOT 2 34
[203] = T 2
[204] = CNOT 2 34
[205] = CNOT 2 25
[206] = CNOT 2 24
[207] = CNOT 2 15
[208] = T 8
[209] = Z 8
[210] = CNOT 8 20
[211] = T 8
[212] = CNOT 8 24
[213] = CNOT 8 20
[214] = CNOT 8 9
[215] = CNOT 20 24
[216] = T 20
[217] = Z 20
[218] = CNOT 20 24
[219] = CNOT 15 19
[220] = CNOT 15 24
[221] = CNOT 15 25
[222] = CNOT 15 30
[223] = CNOT 15 34
[224] = T 15
[225] = CNOT 15 34
[226] = CNOT 15 30
[227] = CNOT 15 25
[228] = CNOT 15 24
[229] = CNOT 15 19
[230] = CNOT 6 15
[231] = T 6
[232] = CNOT 6 34
[233] = CNOT 6 30
[234] = CNOT 6 25
[235] = CNOT 6 24
[236] = CNOT 6 19
[237] = CNOT 6 15
[238] = Z 1
[239] = Z 2
[240] = Z 3
[241] = S 4
[242] = S 5
[243] = S 8
[244] = S 9
[245] = S 10
[246] = S 11
[247] = Z 14
[248] = S 15
[249] = S 16
[250] = S 18
[251] = Z 18
[252] = S 19
[253] = S 20
[254] = Z 21
[255] = S 22
[256] = Z 22
[257] = Z 23
[258] = S 24
[259] = Z 25
[260] = S 26
[261] = S 27
[262] = Z 27
[263] = S 28
[264] = S 29
[265] = Z 29
[266] = S 31
[267] = Z 31
[268] = S 32
[269] = Z 32
[270] = S 33
[271] = Z 33
[272] = S 34
[273] = Z 34
[274] = S 35
[275] = Z 35
[276] = CNOT 1 2
[277] = S 1
[278] = Z 1
[279] = CNOT 1 2
[280] = CNOT 1 24
[281] = S 1
[282] = Z 1
[283] = CNOT 1 24
[284] = CNOT 1 25
[285] = S 1
[286] = Z 1
[287] = CNOT 1 25
[288] = CNOT 2 24
[289] = S 2
[290] = Z 2
[291] = CNOT 2 24
[292] = CNOT 2 25
[293] = S 2
[294] = Z 2
[295] = CNOT 2 25
[296] = CNOT 3 5
[297] = S 3
[298] = CNOT 3 5
[299] = CNOT 3 15
[300] = Z 3
[301] = CNOT 3 15
[302] = CNOT 4 5
[303] = S 4
[304] = Z 4
[305] = CNOT 4 5
[306] = CNOT 4 25
[307] = S 4
[308] = Z 4
[309] = CNOT 4 25
[310] = CNOT 4 32
[311] = S 4
[312] = CNOT 4 32
[313] = CNOT 5 7
[314] = S 5
[315] = CNOT 5 7
[316] = CNOT 5 15
[317] = Z 5
[318] = CNOT 5 15
[319] = CNOT 5 17
[320] = Z 5
[321] = CNOT 5 17
[322] = CNOT 5 25
[323] = S 5
[324] = Z 5
[325] = CNOT 5 25
[326] = CNOT 5 32
[327] = S 5
[328] = CNOT 5 32
[329] = S 6
[330] = CNOT 6 7
[331] = CNOT 6 15
[332] = S 6
[333] = CNOT 6 15
[334] = CNOT 6 18
[335] = S 6
[336] = Z 6
[337] = CNOT 6 18
[338] = CNOT 6 19
[339] = S 6
[340] = Z 6
[341] = CNOT 6 19
[342] = CNOT 6 24
[343] = S 6
[344] = CNOT 6 24
[345] = CNOT 6 25
[346] = S 6
[347] = CNOT 6 25
[348] = CNOT 6 34
[349] = S 6
[350] = CNOT 6 34
[351] = CNOT 7 9
[352] = S 7
[353] = CNOT 7 9
[354] = CNOT 7 15
[355] = S 7
[356] = CNOT 7 15
[357] = CNOT 7 17
[358] = Z 7
[359] = CNOT 7 17
[360] = CNOT 7 18
[361] = S 7
[362] = Z 7
[363] = CNOT 7 18
[364] = CNOT 7 19
[365] = S 7
[366] = CNOT 7 19
[367] = CNOT 7 24
[368] = S 7
[369] = CNOT 7 24
[370] = CNOT 7 25
[371] = S 7
[372] = CNOT 7 25
[373] = CNOT 7 34
[374] = S 7
[375] = CNOT 7 34
[376] = CNOT 8 9
[377] = S 8
[378] = Z 8
[379] = CNOT 8 9
[380] = CNOT 8 24
[381] = S 8
[382] = Z 8
[383] = CNOT 8 24
[384] = CNOT 8 28
[385] = S 8
[386] = CNOT 8 28
[387] = CNOT 9 11
[388] = S 9
[389] = CNOT 9 11
[390] = CNOT 9 19
[391] = Z 9
[392] = CNOT 9 19
[393] = CNOT 9 21
[394] = Z 9
[395] = CNOT 9 21
[396] = CNOT 9 24
[397] = S 9
[398] = Z 9
[399] = CNOT 9 24
[400] = CNOT 9 28
[401] = S 9
[402] = CNOT 9 28
[403] = CNOT 10 11
[404] = S 10
[405] = Z 10
[406] = CNOT 10 11
[407] = CNOT 10 17
[408] = S 10
[409] = Z 10
[410] = CNOT 10 17
[411] = CNOT 10 22
[412] = Z 10
[413] = CNOT 10 22
[414] = CNOT 10 23
[415] = Z 10
[416] = CNOT 10 23
[417] = CNOT 10 25
[418] = S 10
[419] = Z 10
[420] = CNOT 10 25
[421] = CNOT 10 26
[422] = S 10
[423] = Z 10
[424] = CNOT 10 26
[425] = CNOT 10 32
[426] = S 10
[427] = Z 10
[428] = CNOT 10 32
[429] = CNOT 11 13
[430] = S 11
[431] = CNOT 11 13
[432] = CNOT 11 17
[433] = S 11
[434] = Z 11
[435] = CNOT 11 17
[436] = CNOT 11 21
[437] = Z 11
[438] = CNOT 11 21
[439] = CNOT 11 22
[440] = Z 11
[441] = CNOT 11 22
[442] = CNOT 11 25
[443] = S 11
[444] = Z 11
[445] = CNOT 11 25
[446] = CNOT 11 26
[447] = S 11
[448] = Z 11
[449] = CNOT 11 26
[450] = CNOT 11 32
[451] = S 11
[452] = Z 11
[453] = CNOT 11 32
[454] = CNOT 12 24
[455] = Z 12
[456] = CNOT 12 24
[457] = CNOT 12 25
[458] = Z 12
[459] = CNOT 12 25
[460] = CNOT 13 14
[461] = S 13
[462] = CNOT 13 14
[463] = CNOT 13 23
[464] = Z 13
[465] = CNOT 13 23
[466] = CNOT 13 24
[467] = Z 13
[468] = CNOT 13 24
[469] = CNOT 14 25
[470] = Z 14
[471] = CNOT 14 25
[472] = CNOT 15 16
[473] = S 15
[474] = CNOT 15 16
[475] = CNOT 15 19
[476] = S 15
[477] = CNOT 15 19
[478] = CNOT 15 24
[479] = S 15
[480] = Z 15
[481] = CNOT 15 24
[482] = CNOT 15 25
[483] = S 15
[484] = Z 15
[485] = CNOT 15 25
[486] = CNOT 15 30
[487] = S 15
[488] = CNOT 15 30
[489] = CNOT 15 34
[490] = S 15
[491] = Z 15
[492] = CNOT 15 34
[493] = CNOT 16 17
[494] = S 16
[495] = Z 16
[496] = CNOT 16 17
[497] = CNOT 16 32
[498] = Z 16
[499] = CNOT 16 32
[500] = CNOT 16 34
[501] = S 16
[502] = CNOT 16 34
[503] = CNOT 17 18
[504] = S 17
[505] = CNOT 17 18
[506] = CNOT 17 22
[507] = Z 17
[508] = CNOT 17 22
[509] = CNOT 17 23
[510] = S 17
[511] = Z 17
[512] = CNOT 17 23
[513] = CNOT 17 25
[514] = S 17
[515] = Z 17
[516] = CNOT 17 25
[517] = CNOT 17 26
[518] = S 17
[519] = Z 17
[520] = CNOT 17 26
[521] = CNOT 17 32
[522] = S 17
[523] = Z 17
[524] = CNOT 17 32
[525] = CNOT 18 19
[526] = Z 18
[527] = CNOT 18 19
[528] = CNOT 18 30
[529] = S 18
[530] = CNOT 18 30
[531] = CNOT 18 32
[532] = S 18
[533] = CNOT 18 32
[534] = CNOT 19 20
[535] = S 19
[536] = CNOT 19 20
[537] = CNOT 19 24
[538] = S 19
[539] = CNOT 19 24
[540] = CNOT 19 25
[541] = S 19
[542] = CNOT 19 25
[543] = CNOT 19 30
[544] = S 19
[545] = CNOT 19 30
[546] = CNOT 19 34
[547] = S 19
[548] = CNOT 19 34
[549] = CNOT 20 21
[550] = S 20
[551] = Z 20
[552] = CNOT 20 21
[553] = CNOT 20 28
[554] = Z 20
[555] = CNOT 20 28
[556] = CNOT 20 30
[557] = S 20
[558] = CNOT 20 30
[559] = CNOT 21 22
[560] = S 21
[561] = CNOT 21 22
[562] = CNOT 21 24
[563] = S 21
[564] = Z 21
[565] = CNOT 21 24
[566] = CNOT 21 28
[567] = S 21
[568] = Z 21
[569] = CNOT 21 28
[570] = CNOT 22 23
[571] = S 22
[572] = CNOT 22 23
[573] = CNOT 22 25
[574] = Z 22
[575] = CNOT 22 25
[576] = CNOT 22 28
[577] = S 22
[578] = CNOT 22 28
[579] = CNOT 22 32
[580] = Z 22
[581] = CNOT 22 32
[582] = CNOT 23 24
[583] = S 23
[584] = CNOT 23 24
[585] = CNOT 23 25
[586] = S 23
[587] = Z 23
[588] = CNOT 23 25
[589] = CNOT 23 26
[590] = S 23
[591] = Z 23
[592] = CNOT 23 26
[593] = CNOT 23 32
[594] = S 23
[595] = Z 23
[596] = CNOT 23 32
[597] = CNOT 24 25
[598] = S 24
[599] = Z 24
[600] = CNOT 24 25
[601] = CNOT 24 26
[602] = S 24
[603] = CNOT 24 26
[604] = CNOT 24 28
[605] = S 24
[606] = Z 24
[607] = CNOT 24 28
[608] = CNOT 24 30
[609] = S 24
[610] = CNOT 24 30
[611] = CNOT 24 34
[612] = S 24
[613] = Z 24
[614] = CNOT 24 34
[615] = CNOT 25 26
[616] = S 25
[617] = Z 25
[618] = CNOT 25 26
[619] = CNOT 25 30
[620] = S 25
[621] = CNOT 25 30
[622] = CNOT 25 32
[623] = S 25
[624] = Z 25
[625] = CNOT 25 32
[626] = CNOT 25 34
[627] = S 25
[628] = Z 25
[629] = CNOT 25 34
[630] = CNOT 26 27
[631] = S 26
[632] = CNOT 26 27
[633] = CNOT 26 32
[634] = S 26
[635] = Z 26
[636] = CNOT 26 32
[637] = CNOT 28 29
[638] = S 28
[639] = CNOT 28 29
[640] = CNOT 30 31
[641] = S 30
[642] = CNOT 30 31
[643] = CNOT 30 34
[644] = S 30
[645] = CNOT 30 34
[646] = CNOT 32 33
[647] = S 32
[648] = CNOT 32 33
[649] = CNOT 34 35
[650] = S 34
[651] = CNOT 34 35
[652] = CNOT 1 2
[653] = CNOT 1 24
[654] = S 1
[655] = Z 1
[656] = CNOT 1 24
[657] = CNOT 1 25
[658] = S 1
[659] = Z 1
[660] = CNOT 1 25
[661] = CNOT 1 2
[662] = CNOT 1 15
[663] = CNOT 1 24
[664] = S 1
[665] = Z 1
[666] = CNOT 1 24
[667] = CNOT 1 25
[668] = S 1
[669] = Z 1
[670] = CNOT 1 25
[671] = CNOT 1 34
[672] = S 1
[673] = Z 1
[674] = CNOT 1 15
[675] = CNOT 1 24
[676] = S 1
[677] = Z 1
[678] = CNOT 1 24
[679] = CNOT 1 25
[680] = S 1
[681] = Z 1
[682] = CNOT 1 34
[683] = CNOT 1 25
[684] = CNOT 2 15
[685] = CNOT 2 24
[686] = S 2
[687] = Z 2
[688] = CNOT 2 24
[689] = CNOT 2 25
[690] = S 2
[691] = Z 2
[692] = CNOT 2 25
[693] = CNOT 2 34
[694] = S 2
[695] = Z 2
[696] = CNOT 2 15
[697] = CNOT 2 24
[698] = S 2
[699] = Z 2
[700] = CNOT 2 24
[701] = CNOT 2 25
[702] = S 2
[703] = Z 2
[704] = CNOT 2 34
[705] = CNOT 2 25
[706] = CNOT 3 5
[707] = CNOT 3 15
[708] = S 3
[709] = Z 3
[710] = CNOT 3 15
[711] = CNOT 3 5
[712] = CNOT 4 5
[713] = CNOT 4 16
[714] = S 4
[715] = Z 4
[716] = CNOT 4 16
[717] = CNOT 4 17
[718] = S 4
[719] = Z 4
[720] = CNOT 4 17
[721] = CNOT 4 32
[722] = S 4
[723] = Z 4
[724] = CNOT 4 32
[725] = CNOT 4 5
[726] = CNOT 4 16
[727] = CNOT 4 25
[728] = S 4
[729] = Z 4
[730] = CNOT 4 25
[731] = CNOT 4 32
[732] = S 4
[733] = Z 4
[734] = CNOT 4 32
[735] = CNOT 4 16
[736] = CNOT 4 17
[737] = CNOT 4 25
[738] = S 4
[739] = Z 4
[740] = CNOT 4 25
[741] = CNOT 4 32
[742] = S 4
[743] = Z 4
[744] = CNOT 4 17
[745] = CNOT 4 25
[746] = S 4
[747] = Z 4
[748] = CNOT 4 32
[749] = CNOT 4 25
[750] = CNOT 5 7
[751] = CNOT 5 17
[752] = S 5
[753] = Z 5
[754] = CNOT 5 17
[755] = CNOT 5 7
[756] = CNOT 5 16
[757] = CNOT 5 25
[758] = S 5
[759] = Z 5
[760] = CNOT 5 25
[761] = CNOT 5 32
[762] = S 5
[763] = Z 5
[764] = CNOT 5 32
[765] = CNOT 5 16
[766] = CNOT 5 17
[767] = CNOT 5 25
[768] = S 5
[769] = Z 5
[770] = CNOT 5 25
[771] = CNOT 5 32
[772] = S 5
[773] = Z 5
[774] = CNOT 5 17
[775] = CNOT 5 25
[776] = S 5
[777] = Z 5
[778] = CNOT 5 32
[779] = CNOT 5 25
[780] = CNOT 6 7
[781] = CNOT 6 15
[782] = Z 6
[783] = CNOT 6 15
[784] = CNOT 6 18
[785] = S 6
[786] = Z 6
[787] = CNOT 6 18
[788] = CNOT 6 19
[789] = S 6
[790] = Z 6
[791] = CNOT 6 19
[792] = CNOT 6 24
[793] = Z 6
[794] = CNOT 6 24
[795] = CNOT 6 25
[796] = Z 6
[797] = CNOT 6 25
[798] = CNOT 6 30
[799] = S 6
[800] = Z 6
[801] = CNOT 6 30
[802] = CNOT 6 34
[803] = Z 6
[804] = CNOT 6 34
[805] = CNOT 6 7
[806] = CNOT 6 15
[807] = CNOT 6 18
[808] = S 6
[809] = Z 6
[810] = CNOT 6 18
[811] = CNOT 6 19
[812] = S 6
[813] = Z 6
[814] = CNOT 6 19
[815] = CNOT 6 24
[816] = Z 6
[817] = CNOT 6 24
[818] = CNOT 6 25
[819] = Z 6
[820] = CNOT 6 25
[821] = CNOT 6 30
[822] = S 6
[823] = Z 6
[824] = CNOT 6 30
[825] = CNOT 6 34
[826] = Z 6
[827] = CNOT 6 34
[828] = CNOT 6 15
[829] = CNOT 6 18
[830] = CNOT 6 24
[831] = S 6
[832] = Z 6
[833] = CNOT 6 24
[834] = CNOT 6 25
[835] = S 6
[836] = Z 6
[837] = CNOT 6 25
[838] = CNOT 6 30
[839] = S 6
[840] = Z 6
[841] = CNOT 6 30
[842] = CNOT 6 34
[843] = S 6
[844] = Z 6
[845] = CNOT 6 34
[846] = CNOT 6 18
[847] = CNOT 6 19
[848] = CNOT 6 24
[849] = S 6
[850] = Z 6
[851] = CNOT 6 24
[852] = CNOT 6 25
[853] = S 6
[854] = Z 6
[855] = CNOT 6 25
[856] = CNOT 6 30
[857] = S 6
[858] = Z 6
[859] = CNOT 6 30
[860] = CNOT 6 34
[861] = S 6
[862] = Z 6
[863] = CNOT 6 34
[864] = CNOT 6 19
[865] = CNOT 6 24
[866] = CNOT 6 25
[867] = Z 6
[868] = CNOT 6 25
[869] = CNOT 6 30
[870] = S 6
[871] = Z 6
[872] = CNOT 6 30
[873] = CNOT 6 34
[874] = Z 6
[875] = CNOT 6 34
[876] = CNOT 6 24
[877] = CNOT 6 25
[878] = CNOT 6 30
[879] = S 6
[880] = Z 6
[881] = CNOT 6 30
[882] = CNOT 6 34
[883] = Z 6
[884] = CNOT 6 25
[885] = CNOT 6 30
[886] = S 6
[887] = Z 6
[888] = CNOT 6 34
[889] = CNOT 6 30
[890] = CNOT 7 9
[891] = CNOT 7 19
[892] = S 7
[893] = Z 7
[894] = CNOT 7 19
[895] = CNOT 7 9
[896] = CNOT 7 15
[897] = CNOT 7 18
[898] = S 7
[899] = Z 7
[900] = CNOT 7 18
[901] = CNOT 7 19
[902] = S 7
[903] = Z 7
[904] = CNOT 7 19
[905] = CNOT 7 24
[906] = Z 7
[907] = CNOT 7 24
[908] = CNOT 7 25
[909] = Z 7
[910] = CNOT 7 25
[911] = CNOT 7 30
[912] = S 7
[913] = Z 7
[914] = CNOT 7 30
[915] = CNOT 7 34
[916] = Z 7
[917] = CNOT 7 34
[918] = CNOT 7 15
[919] = CNOT 7 18
[920] = CNOT 7 24
[921] = S 7
[922] = Z 7
[923] = CNOT 7 24
[924] = CNOT 7 25
[925] = S 7
[926] = Z 7
[927] = CNOT 7 25
[928] = CNOT 7 30
[929] = S 7
[930] = Z 7
[931] = CNOT 7 30
[932] = CNOT 7 34
[933] = S 7
[934] = Z 7
[935] = CNOT 7 34
[936] = CNOT 7 18
[937] = CNOT 7 19
[938] = CNOT 7 24
[939] = S 7
[940] = Z 7
[941] = CNOT 7 24
[942] = CNOT 7 25
[943] = S 7
[944] = Z 7
[945] = CNOT 7 25
[946] = CNOT 7 30
[947] = S 7
[948] = Z 7
[949] = CNOT 7 30
[950] = CNOT 7 34
[951] = S 7
[952] = Z 7
[953] = CNOT 7 34
[954] = CNOT 7 19
[955] = CNOT 7 24
[956] = CNOT 7 25
[957] = Z 7
[958] = CNOT 7 25
[959] = CNOT 7 30
[960] = S 7
[961] = Z 7
[962] = CNOT 7 30
[963] = CNOT 7 34
[964] = Z 7
[965] = CNOT 7 34
[966] = CNOT 7 24
[967] = CNOT 7 25
[968] = CNOT 7 30
[969] = S 7
[970] = Z 7
[971] = CNOT 7 30
[972] = CNOT 7 34
[973] = Z 7
[974] = CNOT 7 25
[975] = CNOT 7 30
[976] = S 7
[977] = Z 7
[978] = CNOT 7 34
[979] = CNOT 7 30
[980] = CNOT 8 9
[981] = CNOT 8 20
[982] = S 8
[983] = Z 8
[984] = CNOT 8 20
[985] = CNOT 8 21
[986] = S 8
[987] = Z 8
[988] = CNOT 8 21
[989] = CNOT 8 28
[990] = S 8
[991] = Z 8
[992] = CNOT 8 28
[993] = CNOT 8 9
[994] = CNOT 8 20
[995] = CNOT 8 24
[996] = S 8
[997] = Z 8
[998] = CNOT 8 24
[999] = CNOT 8 28
[1000] = S 8
[1001] = Z 8
[1002] = CNOT 8 28
[1003] = CNOT 8 20
[1004] = CNOT 8 21
[1005] = CNOT 8 24
[1006] = S 8
[1007] = Z 8
[1008] = CNOT 8 24
[1009] = CNOT 8 28
[1010] = S 8
[1011] = Z 8
[1012] = CNOT 8 21
[1013] = CNOT 8 24
[1014] = S 8
[1015] = Z 8
[1016] = CNOT 8 28
[1017] = CNOT 8 24
[1018] = CNOT 9 11
[1019] = CNOT 9 21
[1020] = S 9
[1021] = Z 9
[1022] = CNOT 9 21
[1023] = CNOT 9 11
[1024] = CNOT 9 20
[1025] = CNOT 9 24
[1026] = S 9
[1027] = Z 9
[1028] = CNOT 9 24
[1029] = CNOT 9 28
[1030] = S 9
[1031] = Z 9
[1032] = CNOT 9 28
[1033] = CNOT 9 20
[1034] = CNOT 9 21
[1035] = CNOT 9 24
[1036] = S 9
[1037] = Z 9
[1038] = CNOT 9 24
[1039] = CNOT 9 28
[1040] = S 9
[1041] = Z 9
[1042] = CNOT 9 21
[1043] = CNOT 9 24
[1044] = S 9
[1045] = Z 9
[1046] = CNOT 9 28
[1047] = CNOT 9 24
[1048] = CNOT 10 11
[1049] = CNOT 10 17
[1050] = Z 10
[1051] = CNOT 10 17
[1052] = CNOT 10 22
[1053] = S 10
[1054] = Z 10
[1055] = CNOT 10 22
[1056] = CNOT 10 23
[1057] = S 10
[1058] = Z 10
[1059] = CNOT 10 23
[1060] = CNOT 10 25
[1061] = Z 10
[1062] = CNOT 10 25
[1063] = CNOT 10 26
[1064] = S 10
[1065] = Z 10
[1066] = CNOT 10 26
[1067] = CNOT 10 32
[1068] = Z 10
[1069] = CNOT 10 32
[1070] = CNOT 10 11
[1071] = CNOT 10 17
[1072] = CNOT 10 22
[1073] = S 10
[1074] = Z 10
[1075] = CNOT 10 22
[1076] = CNOT 10 23
[1077] = S 10
[1078] = Z 10
[1079] = CNOT 10 23
[1080] = CNOT 10 25
[1081] = Z 10
[1082] = CNOT 10 25
[1083] = CNOT 10 26
[1084] = S 10
[1085] = Z 10
[1086] = CNOT 10 26
[1087] = CNOT 10 32
[1088] = Z 10
[1089] = CNOT 10 32
[1090] = CNOT 10 17
[1091] = CNOT 10 22
[1092] = CNOT 10 25
[1093] = S 10
[1094] = Z 10
[1095] = CNOT 10 25
[1096] = CNOT 10 26
[1097] = S 10
[1098] = Z 10
[1099] = CNOT 10 26
[1100] = CNOT 10 32
[1101] = S 10
[1102] = Z 10
[1103] = CNOT 10 32
[1104] = CNOT 10 22
[1105] = CNOT 10 23
[1106] = CNOT 10 25
[1107] = S 10
[1108] = Z 10
[1109] = CNOT 10 25
[1110] = CNOT 10 26
[1111] = S 10
[1112] = Z 10
[1113] = CNOT 10 26
[1114] = CNOT 10 32
[1115] = S 10
[1116] = Z 10
[1117] = CNOT 10 32
[1118] = CNOT 10 23
[1119] = CNOT 10 25
[1120] = CNOT 10 26
[1121] = S 10
[1122] = Z 10
[1123] = CNOT 10 26
[1124] = CNOT 10 32
[1125] = Z 10
[1126] = CNOT 10 25
[1127] = CNOT 10 26
[1128] = S 10
[1129] = Z 10
[1130] = CNOT 10 32
[1131] = CNOT 10 26
[1132] = CNOT 11 13
[1133] = CNOT 11 23
[1134] = S 11
[1135] = Z 11
[1136] = CNOT 11 23
[1137] = CNOT 11 13
[1138] = CNOT 11 17
[1139] = CNOT 11 22
[1140] = S 11
[1141] = Z 11
[1142] = CNOT 11 22
[1143] = CNOT 11 23
[1144] = S 11
[1145] = Z 11
[1146] = CNOT 11 23
[1147] = CNOT 11 25
[1148] = Z 11
[1149] = CNOT 11 25
[1150] = CNOT 11 26
[1151] = S 11
[1152] = Z 11
[1153] = CNOT 11 26
[1154] = CNOT 11 32
[1155] = Z 11
[1156] = CNOT 11 32
[1157] = CNOT 11 17
[1158] = CNOT 11 22
[1159] = CNOT 11 25
[1160] = S 11
[1161] = Z 11
[1162] = CNOT 11 25
[1163] = CNOT 11 26
[1164] = S 11
[1165] = Z 11
[1166] = CNOT 11 26
[1167] = CNOT 11 32
[1168] = S 11
[1169] = Z 11
[1170] = CNOT 11 32
[1171] = CNOT 11 22
[1172] = CNOT 11 23
[1173] = CNOT 11 25
[1174] = S 11
[1175] = Z 11
[1176] = CNOT 11 25
[1177] = CNOT 11 26
[1178] = S 11
[1179] = Z 11
[1180] = CNOT 11 26
[1181] = CNOT 11 32
[1182] = S 11
[1183] = Z 11
[1184] = CNOT 11 32
[1185] = CNOT 11 23
[1186] = CNOT 11 25
[1187] = CNOT 11 26
[1188] = S 11
[1189] = Z 11
[1190] = CNOT 11 26
[1191] = CNOT 11 32
[1192] = Z 11
[1193] = CNOT 11 25
[1194] = CNOT 11 26
[1195] = S 11
[1196] = Z 11
[1197] = CNOT 11 32
[1198] = CNOT 11 26
[1199] = CNOT 13 14
[1200] = CNOT 13 25
[1201] = S 13
[1202] = Z 13
[1203] = CNOT 13 25
[1204] = CNOT 13 14
[1205] = CNOT 15 18
[1206] = CNOT 15 19
[1207] = S 15
[1208] = Z 15
[1209] = CNOT 15 19
[1210] = CNOT 15 24
[1211] = Z 15
[1212] = CNOT 15 24
[1213] = CNOT 15 25
[1214] = Z 15
[1215] = CNOT 15 25
[1216] = CNOT 15 30
[1217] = S 15
[1218] = Z 15
[1219] = CNOT 15 30
[1220] = CNOT 15 34
[1221] = Z 15
[1222] = CNOT 15 34
[1223] = CNOT 15 18
[1224] = CNOT 15 19
[1225] = CNOT 15 24
[1226] = Z 15
[1227] = CNOT 15 24
[1228] = CNOT 15 25
[1229] = Z 15
[1230] = CNOT 15 25
[1231] = CNOT 15 30
[1232] = Z 15
[1233] = CNOT 15 30
[1234] = CNOT 15 34
[1235] = Z 15
[1236] = CNOT 15 34
[1237] = CNOT 15 19
[1238] = CNOT 15 24
[1239] = CNOT 15 25
[1240] = S 15
[1241] = Z 15
[1242] = CNOT 15 25
[1243] = CNOT 15 30
[1244] = Z 15
[1245] = CNOT 15 30
[1246] = CNOT 15 34
[1247] = S 15
[1248] = Z 15
[1249] = CNOT 15 34
[1250] = CNOT 15 24
[1251] = CNOT 15 25
[1252] = CNOT 15 30
[1253] = Z 15
[1254] = CNOT 15 30
[1255] = CNOT 15 34
[1256] = S 15
[1257] = Z 15
[1258] = CNOT 15 25
[1259] = CNOT 15 30
[1260] = Z 15
[1261] = CNOT 15 34
[1262] = CNOT 15 30
[1263] = CNOT 16 17
[1264] = CNOT 16 25
[1265] = S 16
[1266] = Z 16
[1267] = CNOT 16 25
[1268] = CNOT 16 32
[1269] = S 16
[1270] = Z 16
[1271] = CNOT 16 17
[1272] = CNOT 16 25
[1273] = S 16
[1274] = Z 16
[1275] = CNOT 16 32
[1276] = CNOT 16 25
[1277] = CNOT 17 22
[1278] = CNOT 17 23
[1279] = S 17
[1280] = Z 17
[1281] = CNOT 17 23
[1282] = CNOT 17 25
[1283] = Z 17
[1284] = CNOT 17 25
[1285] = CNOT 17 26
[1286] = S 17
[1287] = Z 17
[1288] = CNOT 17 26
[1289] = CNOT 17 32
[1290] = Z 17
[1291] = CNOT 17 32
[1292] = CNOT 17 22
[1293] = CNOT 17 23
[1294] = CNOT 17 25
[1295] = Z 17
[1296] = CNOT 17 25
[1297] = CNOT 17 26
[1298] = Z 17
[1299] = CNOT 17 26
[1300] = CNOT 17 32
[1301] = Z 17
[1302] = CNOT 17 32
[1303] = CNOT 17 23
[1304] = CNOT 17 25
[1305] = CNOT 17 26
[1306] = Z 17
[1307] = CNOT 17 26
[1308] = CNOT 17 32
[1309] = S 17
[1310] = Z 17
[1311] = CNOT 17 25
[1312] = CNOT 17 26
[1313] = Z 17
[1314] = CNOT 17 32
[1315] = CNOT 17 26
[1316] = CNOT 18 19
[1317] = CNOT 18 24
[1318] = S 18
[1319] = Z 18
[1320] = CNOT 18 24
[1321] = CNOT 18 25
[1322] = S 18
[1323] = Z 18
[1324] = CNOT 18 25
[1325] = CNOT 18 30
[1326] = S 18
[1327] = Z 18
[1328] = CNOT 18 30
[1329] = CNOT 18 34
[1330] = S 18
[1331] = Z 18
[1332] = CNOT 18 34
[1333] = CNOT 18 19
[1334] = CNOT 18 24
[1335] = CNOT 18 25
[1336] = Z 18
[1337] = CNOT 18 25
[1338] = CNOT 18 30
[1339] = S 18
[1340] = Z 18
[1341] = CNOT 18 30
[1342] = CNOT 18 34
[1343] = Z 18
[1344] = CNOT 18 34
[1345] = CNOT 18 24
[1346] = CNOT 18 25
[1347] = CNOT 18 30
[1348] = S 18
[1349] = Z 18
[1350] = CNOT 18 30
[1351] = CNOT 18 34
[1352] = Z 18
[1353] = CNOT 18 25
[1354] = CNOT 18 30
[1355] = S 18
[1356] = Z 18
[1357] = CNOT 18 34
[1358] = CNOT 18 30
[1359] = CNOT 19 24
[1360] = CNOT 19 25
[1361] = Z 19
[1362] = CNOT 19 25
[1363] = CNOT 19 30
[1364] = Z 19
[1365] = CNOT 19 30
[1366] = CNOT 19 34
[1367] = Z 19
[1368] = CNOT 19 34
[1369] = CNOT 19 24
[1370] = CNOT 19 25
[1371] = CNOT 19 30
[1372] = Z 19
[1373] = CNOT 19 30
[1374] = CNOT 19 34
[1375] = Z 19
[1376] = CNOT 19 25
[1377] = CNOT 19 30
[1378] = Z 19
[1379] = CNOT 19 34
[1380] = CNOT 19 30
[1381] = CNOT 20 21
[1382] = CNOT 20 24
[1383] = S 20
[1384] = Z 20
[1385] = CNOT 20 24
[1386] = CNOT 20 28
[1387] = S 20
[1388] = Z 20
[1389] = CNOT 20 21
[1390] = CNOT 20 24
[1391] = S 20
[1392] = Z 20
[1393] = CNOT 20 28
[1394] = CNOT 20 24
[1395] = CNOT 22 23
[1396] = CNOT 22 25
[1397] = S 22
[1398] = Z 22
[1399] = CNOT 22 25
[1400] = CNOT 22 26
[1401] = S 22
[1402] = Z 22
[1403] = CNOT 22 26
[1404] = CNOT 22 32
[1405] = S 22
[1406] = Z 22
[1407] = CNOT 22 32
[1408] = CNOT 22 23
[1409] = CNOT 22 25
[1410] = CNOT 22 26
[1411] = S 22
[1412] = Z 22
[1413] = CNOT 22 26
[1414] = CNOT 22 32
[1415] = Z 22
[1416] = CNOT 22 25
[1417] = CNOT 22 26
[1418] = S 22
[1419] = Z 22
[1420] = CNOT 22 32
[1421] = CNOT 22 26
[1422] = CNOT 23 25
[1423] = CNOT 23 26
[1424] = Z 23
[1425] = CNOT 23 26
[1426] = CNOT 23 32
[1427] = Z 23
[1428] = CNOT 23 25
[1429] = CNOT 23 26
[1430] = Z 23
[1431] = CNOT 23 32
[1432] = CNOT 23 26
[1433] = CNOT 24 25
[1434] = CNOT 24 30
[1435] = Z 24
[1436] = CNOT 24 30
[1437] = CNOT 24 34
[1438] = S 24
[1439] = Z 24
[1440] = CNOT 24 25
[1441] = CNOT 24 30
[1442] = Z 24
[1443] = CNOT 24 34
[1444] = CNOT 24 30
[1445] = CNOT 25 26
[1446] = CNOT 25 32
[1447] = Z 25
[1448] = CNOT 25 32
[1449] = CNOT 25 26
[1450] = CNOT 25 30
[1451] = CNOT 25 34
[1452] = Z 25
[1453] = CNOT 25 34
[1454] = CNOT 25 30
[1455] = CNOT 34 35
[1456] = CNOT 16 35
[1457] = CNOT 15 35
[1458] = CNOT 4 35
[1459] = CNOT 3 35
[1460] = CNOT 35 34
[1461] = CNOT 34 35
[1462] = CNOT 34 33
[1463] = CNOT 32 33
[1464] = CNOT 18 33
[1465] = CNOT 17 33
[1466] = CNOT 16 33
[1467] = CNOT 15 33
[1468] = CNOT 6 33
[1469] = CNOT 5 33
[1470] = CNOT 4 33
[1471] = CNOT 33 32
[1472] = CNOT 32 33
[1473] = CNOT 34 31
[1474] = CNOT 32 31
[1475] = CNOT 30 31
[1476] = CNOT 20 31
[1477] = CNOT 19 31
[1478] = CNOT 18 31
[1479] = CNOT 17 31
[1480] = CNOT 16 31
[1481] = CNOT 15 31
[1482] = CNOT 8 31
[1483] = CNOT 7 31
[1484] = CNOT 6 31
[1485] = CNOT 3 31
[1486] = CNOT 31 30
[1487] = CNOT 30 31
[1488] = CNOT 34 29
[1489] = CNOT 32 29
[1490] = CNOT 30 29
[1491] = CNOT 28 29
[1492] = CNOT 22 29
[1493] = CNOT 21 29
[1494] = CNOT 20 29
[1495] = CNOT 19 29
[1496] = CNOT 18 29
[1497] = CNOT 17 29
[1498] = CNOT 16 29
[1499] = CNOT 15 29
[1500] = CNOT 10 29
[1501] = CNOT 9 29
[1502] = CNOT 8 29
[1503] = CNOT 5 29
[1504] = CNOT 4 29
[1505] = CNOT 29 28
[1506] = CNOT 28 29
[1507] = CNOT 34 27
[1508] = CNOT 32 27
[1509] = CNOT 30 27
[1510] = CNOT 28 27
[1511] = CNOT 26 27
[1512] = CNOT 24 27
[1513] = CNOT 23 27
[1514] = CNOT 22 27
[1515] = CNOT 21 27
[1516] = CNOT 20 27
[1517] = CNOT 19 27
[1518] = CNOT 18 27
[1519] = CNOT 17 27
[1520] = CNOT 16 27
[1521] = CNOT 15 27
[1522] = CNOT 12 27
[1523] = CNOT 11 27
[1524] = CNOT 10 27
[1525] = CNOT 7 27
[1526] = CNOT 6 27
[1527] = CNOT 3 27
[1528] = CNOT 27 26
[1529] = CNOT 26 27
[1530] = CNOT 14 25
[1531] = CNOT 26 24
[1532] = CNOT 12 24
[1533] = CNOT 24 26
[1534] = CNOT 24 23
[1535] = CNOT 23 24
[1536] = CNOT 28 22
[1537] = CNOT 10 22
[1538] = CNOT 22 28
[1539] = CNOT 22 21
[1540] = CNOT 21 22
[1541] = CNOT 30 20
[1542] = CNOT 8 20
[1543] = CNOT 20 30
[1544] = CNOT 20 19
[1545] = CNOT 19 20
[1546] = CNOT 32 18
[1547] = CNOT 6 18
[1548] = CNOT 18 32
[1549] = CNOT 18 17
[1550] = CNOT 17 18
[1551] = CNOT 34 16
[1552] = CNOT 4 16
[1553] = CNOT 16 34
[1554] = CNOT 16 15
[1555] = CNOT 15 16
[1556] = CNOT 25 14
[1557] = CNOT 14 25
[1558] = CNOT 25 13
[1559] = CNOT 23 13
[1560] = CNOT 21 13
[1561] = CNOT 19 13
[1562] = CNOT 17 13
[1563] = CNOT 15 13
[1564] = CNOT 10 13
[1565] = CNOT 9 13
[1566] = CNOT 6 13
[1567] = CNOT 5 13
[1568] = CNOT 23 11
[1569] = CNOT 10 11
[1570] = CNOT 9 11
[1571] = CNOT 8 11
[1572] = CNOT 7 11
[1573] = CNOT 6 11
[1574] = CNOT 5 11
[1575] = CNOT 4 11
[1576] = CNOT 3 11
[1577] = CNOT 11 23
[1578] = CNOT 21 9
[1579] = CNOT 8 9
[1580] = CNOT 7 9
[1581] = CNOT 6 9
[1582] = CNOT 5 9
[1583] = CNOT 4 9
[1584] = CNOT 3 9
[1585] = CNOT 9 21
[1586] = CNOT 19 7
[1587] = CNOT 6 7
[1588] = CNOT 5 7
[1589] = CNOT 4 7
[1590] = CNOT 3 7
[1591] = CNOT 7 19
[1592] = CNOT 17 5
[1593] = CNOT 4 5
[1594] = CNOT 3 5
[1595] = CNOT 5 17
[1596] = CNOT 15 3
[1597] = CNOT 3 15
[1598] = CNOT 1 2
[1599] = H 15
[1600] = M 15
[1601] = H 16
[1602] = M 16
[1603] = H 17
[1604] = M 17
[1605] = H 18
[1606] = M 18
[1607] = H 19
[1608] = M 19
[1609] = H 20
[1610] = M 20
[1611] = H 21
[1612] = M 21
[1613] = H 22
[1614] = M 22
[1615] = H 23
[1616] = M 23
[1617] = H 24
[1618] = M 24
[1619] = H 25
[1620] = M 25
[1621] = H 26
[1622] = M 26
[1623] = H 27
[1624] = M 27
[1625] = H 28
[1626] = M 28
[1627] = H 29
[1628] = M 29
[1629] = H 30
[1630] = M 30
[1631] = H 31
[1632] = M 31
[1633] = H 32
[1634] = M 32
[1635] = H 33
[1636] = M 33
[1637] = H 34
[1638] = M 34
[1639] = H 35
[1640] = M 35
[1641] = H 14
Gate distributions:
Input:
Operator distribution:
Total number of qubits = 14
Number of `data' qubits = 14
Number of `Toff_n' ancillas = 0
Number of Hadamard ancillas = 0
Hadamard ancilla cap = infinite
Number of {CNOT,T} partitions = 1
T count = 77
Cost estimation = 38549
	id	Count
	0	0
	1	0
	2	0
	3	22
	4	27
	5	0
	6	0
	7	0
	8	0
	9	0
	10	11
	11	0
	12	0
	13	0
	14	0
	15	0
	16	0
	17	0
	18	0
Output:
Operator distribution:
Total number of qubits = 35
Number of `data' qubits = 14
Number of `Toff_n' ancillas = 0
Number of Hadamard ancillas = 21
Hadamard ancilla cap = infinite
Number of {CNOT,T} partitions = 1
T count = 37
Cost estimation = 20115.5
	id	Count
	0	0
	1	0
	2	0
	3	43
	4	1024
	5	37
	6	0
	7	0
	8	0
	9	0
	10	0
	11	241
	12	0
	13	276
	14	0
	15	0
	16	0
	17	0
	18	21
Output T Count (SQC_Circuit) = 37
Output T Count (PhasePolynomial) = 37
Fail count = 0

Execution time: 10.649s
Number of LCL errors: 0
Number of LCL warnings: 0
