Optimize a Clifford + T circuit.
Input filename = /home/ryo-mtmt/TOpt/forme/tpar_benchmark/grover_5.tfc
Number of unknown gates = 0
Number of unknown qubit labels = 0
Circuit filename: /home/ryo-mtmt/TOpt/forme/tpar_benchmark/grover_5.tfc

n 9
n_x 9
n_y 0
n_z 0
m 201
[0] = H 1
[1] = H 2
[2] = H 3
[3] = H 4
[4] = H 5
[5] = H 6
[6] = H 7
[7] = CCZ 1 2 7
[8] = H 7
[9] = H 8
[10] = CCZ 3 7 8
[11] = H 8
[12] = H 9
[13] = CCZ 4 8 9
[14] = H 9
[15] = H 6
[16] = CCZ 5 9 6
[17] = H 6
[18] = H 9
[19] = CCZ 4 8 9
[20] = H 9
[21] = H 8
[22] = CCZ 3 7 8
[23] = H 8
[24] = H 7
[25] = CCZ 1 2 7
[26] = H 7
[27] = H 1
[28] = H 2
[29] = H 3
[30] = H 4
[31] = H 5
[32] = H 7
[33] = CCZ 1 2 7
[34] = H 7
[35] = H 8
[36] = CCZ 3 7 8
[37] = H 8
[38] = H 5
[39] = CCZ 4 8 5
[40] = H 5
[41] = H 8
[42] = CCZ 3 7 8
[43] = H 8
[44] = H 7
[45] = CCZ 1 2 7
[46] = H 7
[47] = H 1
[48] = H 2
[49] = H 3
[50] = H 4
[51] = H 5
[52] = H 7
[53] = CCZ 1 2 7
[54] = H 7
[55] = H 8
[56] = CCZ 3 7 8
[57] = H 8
[58] = H 9
[59] = CCZ 4 8 9
[60] = H 9
[61] = H 6
[62] = CCZ 5 9 6
[63] = H 6
[64] = H 9
[65] = CCZ 4 8 9
[66] = H 9
[67] = H 8
[68] = CCZ 3 7 8
[69] = H 8
[70] = H 7
[71] = CCZ 1 2 7
[72] = H 7
[73] = H 1
[74] = H 2
[75] = H 3
[76] = H 4
[77] = H 5
[78] = H 7
[79] = CCZ 1 2 7
[80] = H 7
[81] = H 8
[82] = CCZ 3 7 8
[83] = H 8
[84] = H 5
[85] = CCZ 4 8 5
[86] = H 5
[87] = H 8
[88] = CCZ 3 7 8
[89] = H 8
[90] = H 7
[91] = CCZ 1 2 7
[92] = H 7
[93] = H 1
[94] = H 2
[95] = H 3
[96] = H 4
[97] = H 5
[98] = H 7
[99] = CCZ 1 2 7
[100] = H 7
[101] = H 8
[102] = CCZ 3 7 8
[103] = H 8
[104] = H 9
[105] = CCZ 4 8 9
[106] = H 9
[107] = H 6
[108] = CCZ 5 9 6
[109] = H 6
[110] = H 9
[111] = CCZ 4 8 9
[112] = H 9
[113] = H 8
[114] = CCZ 3 7 8
[115] = H 8
[116] = H 7
[117] = CCZ 1 2 7
[118] = H 7
[119] = H 1
[120] = H 2
[121] = H 3
[122] = H 4
[123] = H 5
[124] = H 7
[125] = CCZ 1 2 7
[126] = H 7
[127] = H 8
[128] = CCZ 3 7 8
[129] = H 8
[130] = H 5
[131] = CCZ 4 8 5
[132] = H 5
[133] = H 8
[134] = CCZ 3 7 8
[135] = H 8
[136] = H 7
[137] = CCZ 1 2 7
[138] = H 7
[139] = H 1
[140] = H 2
[141] = H 3
[142] = H 4
[143] = H 5
[144] = H 7
[145] = CCZ 1 2 7
[146] = H 7
[147] = H 8
[148] = CCZ 3 7 8
[149] = H 8
[150] = H 9
[151] = CCZ 4 8 9
[152] = H 9
[153] = H 6
[154] = CCZ 5 9 6
[155] = H 6
[156] = H 9
[157] = CCZ 4 8 9
[158] = H 9
[159] = H 8
[160] = CCZ 3 7 8
[161] = H 8
[162] = H 7
[163] = CCZ 1 2 7
[164] = H 7
[165] = H 1
[166] = H 2
[167] = H 3
[168] = H 4
[169] = H 5
[170] = H 7
[171] = CCZ 1 2 7
[172] = H 7
[173] = H 8
[174] = CCZ 3 7 8
[175] = H 8
[176] = H 5
[177] = CCZ 4 8 5
[178] = H 5
[179] = H 8
[180] = CCZ 3 7 8
[181] = H 8
[182] = H 7
[183] = CCZ 1 2 7
[184] = H 7
[185] = H 1
[186] = H 2
[187] = H 3
[188] = H 4
[189] = H 5

Algorithm used: todd_exp_0000

UniversalOptimize begin.
	Gate synthesis begin.
A_BMS
BMSparse object. Dims: 77x166
4812 4811 4479 11947 11283 11946 11282 4141 3975 4638 4305 3641 4636 4304 1148 152 1147 1146 316 4299 2633 2631 2796 2629 2794 11284 2628 2129 635 2127 7616 3288 6620 2292 7283 2955 6619 2291 7614 3286 6618 2290 4779 2123 4446 4777 4445 4297 12412 12410 7282 2954 790 12409 788 787 8255 9250 8254 7755 5099 6032 892 8171 10342 8018 10845 7336 9649 711 5143 7848 3642 10675 8876 7847 10160 875 8328 7016 6684 7014 423 3250 6682 11308 8341 8340 7012 8339 7011 6240 12278 5245 6845 8172 7176 6364 7507 9252 8170 7506 8256 7174 2797 633 7666 9979 2464 9497 11296 2463 9496 3071 2462 9495 8661 709 3249 8659 6849 10636 1439 103 9978 726 11298 2425 11297 8017 9816 3811 10844 10303 11306 2122 5909 9654 883 9539 5145 7850 6227 10341 12119 8494 9035 12118 12280 8493 9034 11625 3401 6228 8019 10305 3640 10673 10159 8874 6561 11788 737 11139 11460 10968 10141 5244 8490 3810 10843 9815 150 10970 8657 12621 3809 10842 9814 6730 2798 7667 728 5097 12079 718 12620 8656 268 10143 5144 7849 317 11137 11458 9983 2273 735 10473 10474 11138 11463 1440 9812 6728 9366 8919 11624 2427 5897 11307 5293 424 7998 5753 9540 9981 5098 5294 11786 7999 9650 5295 8000 9651 9652 9653 12623 721 6033 893 6034 6366 723 6367 6036 6847 896 6369 12453 9207 5420 4879 3976 730 2272 11630 1892 1893 6683 732 2274 1894 1895 734 9036 9038 1585 720 12622 7753 743 3067 876 3581 4481 3399 744 10969 1772 3068 5895 3582 3069 3583 746 1149 608 6559 609 6560 3402 5566 5732 5733 6729 3404 5568 9368 1253 7421 1795 9369 1254 7422 1796 12075 1255 2128 12407 1587 12076 9371 1256 10967 1770 8327 10491 2917 8329 10493 2919 2121 5908 8492 5246 6242 11462 101 11628 267 8918 2426 3922 1609 4629 7334 4088 3793 5416 4630 4089 3794 12450 4876 5417 3924 3795 12451 4877 5418 12452 9206 4878 5419 12077 716 5585 882 9538 5751 5586 446 5421 4143 6848 10635 897 1438 1441 1608 448 

[Experimental TODD] Flags - Packed: 0, AA Table: 0, Memo: 0, Sketch: 0 (margin=20)
--- Round 0 | Current Columns: 166 ---
  [HIT!] Pair(3,7) Dist=2 | 166 -> 164 columns
Round 0 Finished in 21651 ms.
--- Round 1 | Current Columns: 164 ---
  [HIT!] Pair(14,48) Dist=2 | 164 -> 162 columns
Round 1 Finished in 24527 ms.
--- Round 2 | Current Columns: 162 ---
  [HIT!] Pair(45,52) Dist=2 | 162 -> 156 columns
Round 2 Finished in 30938 ms.
--- Round 3 | Current Columns: 156 ---
  [HIT!] Pair(55,60) Dist=2 | 156 -> 154 columns
Round 3 Finished in 30456 ms.
--- Round 4 | Current Columns: 154 ---
  [HIT!] Pair(57,64) Dist=2 | 154 -> 152 columns
Round 4 Finished in 31013 ms.
--- Round 5 | Current Columns: 152 ---
  [HIT!] Pair(57,65) Dist=2 | 152 -> 150 columns
Round 5 Finished in 29504 ms.
--- Round 6 | Current Columns: 150 ---
  [HIT!] Pair(1,74) Dist=3 | 150 -> 148 columns
Round 6 Finished in 42002 ms.
--- Round 7 | Current Columns: 148 ---
  [HIT!] Pair(69,113) Dist=4 | 148 -> 146 columns
Round 7 Finished in 176933 ms.
--- Round 8 | Current Columns: 146 ---
  [HIT!] Pair(66,71) Dist=6 | 146 -> 144 columns
Round 8 Finished in 492568 ms.
--- Round 9 | Current Columns: 144 ---
Round 9 Finished in 1061029 ms.

=== Optimization Summary ===
Algorithm       : LempelX2_M4RI_Experimental
Initial T-count : 166
Final T-count   : 144
Total Reduced   : 22 gates
Execution Time  : 1940627 ms
Chi calculation : 79019.9 ms
AA Table calc   : 0 ms
Nullspace calc  : 1.85318e+06 ms
--- Sketch Statistics ---
Sketch margin   : delta = 20
Sketch time     : 0 ms
Pairs tested    : 18019
Sketch fired    : 0
Sketch skipped  : 0 (chi_rows <= m+delta)
Sketch rejected : 0 (nullspace empty)
Sketch passed   : 0 (nullspace non-empty)
Full NS empty   : 0 (of 18019 computed)
============================
		TODD executed in 1937.51 seconds.
		Total time: 1937.53s
	Gate synthesis end.
	Total time: 2170.16s
UniversalOptimize end.
Output circuit:
n 77
n_x 9
n_y 0
n_z 68
m 3801
[0] = H 1
[1] = H 2
[2] = H 3
[3] = H 4
[4] = H 5
[5] = H 7
[6] = H 8
[7] = H 9
[8] = H 10
[9] = H 11
[10] = H 12
[11] = H 13
[12] = H 14
[13] = H 15
[14] = H 16
[15] = H 17
[16] = H 18
[17] = H 19
[18] = H 20
[19] = H 21
[20] = H 22
[21] = H 23
[22] = H 24
[23] = H 25
[24] = H 26
[25] = H 27
[26] = H 28
[27] = H 29
[28] = H 30
[29] = H 31
[30] = H 32
[31] = H 33
[32] = H 34
[33] = H 35
[34] = H 36
[35] = H 37
[36] = H 38
[37] = H 39
[38] = H 40
[39] = H 41
[40] = H 42
[41] = H 43
[42] = H 44
[43] = H 45
[44] = H 46
[45] = H 47
[46] = H 48
[47] = H 49
[48] = H 50
[49] = H 51
[50] = H 52
[51] = H 53
[52] = H 54
[53] = H 55
[54] = H 56
[55] = H 57
[56] = H 58
[57] = H 59
[58] = H 60
[59] = H 61
[60] = H 62
[61] = H 63
[62] = H 64
[63] = H 65
[64] = H 66
[65] = H 67
[66] = H 68
[67] = H 69
[68] = H 70
[69] = H 71
[70] = H 72
[71] = H 73
[72] = H 74
[73] = H 75
[74] = H 76
[75] = H 77
[76] = CNOT 72 74
[77] = CNOT 72 77
[78] = T 72
[79] = S 72
[80] = Z 72
[81] = CNOT 72 74
[82] = CNOT 26 32
[83] = CNOT 26 76
[84] = CNOT 26 77
[85] = T 26
[86] = CNOT 26 77
[87] = CNOT 26 76
[88] = CNOT 26 32
[89] = T 72
[90] = S 72
[91] = CNOT 72 77
[92] = CNOT 7 27
[93] = CNOT 7 31
[94] = CNOT 7 67
[95] = T 7
[96] = CNOT 7 27
[97] = CNOT 70 71
[98] = CNOT 70 77
[99] = T 70
[100] = CNOT 70 71
[101] = CNOT 71 77
[102] = T 71
[103] = S 71
[104] = CNOT 71 77
[105] = T 70
[106] = S 70
[107] = CNOT 70 77
[108] = CNOT 7 29
[109] = T 7
[110] = CNOT 7 67
[111] = CNOT 7 31
[112] = CNOT 7 29
[113] = CNOT 69 70
[114] = CNOT 69 71
[115] = T 69
[116] = CNOT 69 71
[117] = T 69
[118] = S 69
[119] = CNOT 69 70
[120] = CNOT 69 71
[121] = T 69
[122] = S 69
[123] = CNOT 69 71
[124] = CNOT 7 63
[125] = CNOT 7 65
[126] = T 7
[127] = S 7
[128] = Z 7
[129] = CNOT 7 63
[130] = T 7
[131] = S 7
[132] = CNOT 7 65
[133] = CNOT 7 63
[134] = T 7
[135] = S 7
[136] = CNOT 7 63
[137] = CNOT 7 27
[138] = CNOT 7 29
[139] = CNOT 7 31
[140] = CNOT 7 67
[141] = T 7
[142] = CNOT 7 31
[143] = CNOT 7 29
[144] = CNOT 7 27
[145] = CNOT 62 64
[146] = CNOT 62 68
[147] = CNOT 62 76
[148] = CNOT 62 77
[149] = T 62
[150] = CNOT 62 64
[151] = CNOT 64 68
[152] = CNOT 64 76
[153] = CNOT 64 77
[154] = T 64
[155] = CNOT 64 77
[156] = CNOT 64 76
[157] = CNOT 64 68
[158] = T 62
[159] = CNOT 62 77
[160] = CNOT 62 76
[161] = CNOT 62 68
[162] = CNOT 60 61
[163] = CNOT 60 69
[164] = T 60
[165] = CNOT 60 61
[166] = CNOT 61 69
[167] = T 61
[168] = S 61
[169] = CNOT 61 69
[170] = T 60
[171] = S 60
[172] = CNOT 60 69
[173] = CNOT 59 60
[174] = CNOT 59 61
[175] = T 59
[176] = CNOT 59 61
[177] = T 59
[178] = S 59
[179] = CNOT 59 60
[180] = CNOT 59 61
[181] = T 59
[182] = S 59
[183] = CNOT 59 61
[184] = CNOT 52 53
[185] = CNOT 52 59
[186] = T 52
[187] = CNOT 52 53
[188] = CNOT 53 59
[189] = T 53
[190] = S 53
[191] = CNOT 53 59
[192] = T 52
[193] = S 52
[194] = CNOT 52 59
[195] = CNOT 51 52
[196] = CNOT 51 53
[197] = T 51
[198] = CNOT 51 53
[199] = T 51
[200] = S 51
[201] = CNOT 51 52
[202] = CNOT 51 53
[203] = T 51
[204] = S 51
[205] = CNOT 51 53
[206] = CNOT 7 45
[207] = CNOT 7 47
[208] = CNOT 7 49
[209] = T 7
[210] = CNOT 7 45
[211] = T 7
[212] = CNOT 7 47
[213] = CNOT 7 45
[214] = T 7
[215] = CNOT 7 45
[216] = CNOT 58 62
[217] = CNOT 58 64
[218] = CNOT 58 76
[219] = CNOT 58 77
[220] = T 58
[221] = CNOT 58 64
[222] = T 58
[223] = CNOT 58 62
[224] = CNOT 58 64
[225] = T 58
[226] = CNOT 58 77
[227] = CNOT 58 76
[228] = CNOT 58 64
[229] = CNOT 44 46
[230] = CNOT 44 50
[231] = CNOT 44 76
[232] = CNOT 44 77
[233] = T 44
[234] = CNOT 44 46
[235] = CNOT 46 50
[236] = CNOT 46 76
[237] = CNOT 46 77
[238] = T 46
[239] = CNOT 46 77
[240] = CNOT 46 76
[241] = CNOT 46 50
[242] = T 44
[243] = CNOT 44 77
[244] = CNOT 44 76
[245] = CNOT 44 50
[246] = CNOT 42 43
[247] = CNOT 42 51
[248] = T 42
[249] = CNOT 42 43
[250] = CNOT 43 51
[251] = T 43
[252] = S 43
[253] = CNOT 43 51
[254] = T 42
[255] = S 42
[256] = CNOT 42 51
[257] = CNOT 41 42
[258] = CNOT 41 43
[259] = T 41
[260] = CNOT 41 43
[261] = T 41
[262] = S 41
[263] = CNOT 41 42
[264] = CNOT 41 43
[265] = T 41
[266] = S 41
[267] = CNOT 41 43
[268] = CNOT 68 72
[269] = CNOT 68 76
[270] = CNOT 68 77
[271] = T 68
[272] = CNOT 68 74
[273] = T 68
[274] = CNOT 68 72
[275] = CNOT 23 25
[276] = T 23
[277] = S 23
[278] = CNOT 23 25
[279] = T 68
[280] = CNOT 68 77
[281] = CNOT 68 76
[282] = CNOT 68 74
[283] = CNOT 7 63
[284] = CNOT 7 65
[285] = T 7
[286] = CNOT 7 65
[287] = T 7
[288] = CNOT 7 63
[289] = CNOT 7 65
[290] = T 7
[291] = CNOT 7 67
[292] = CNOT 7 65
[293] = CNOT 7 49
[294] = CNOT 23 24
[295] = T 23
[296] = S 23
[297] = CNOT 23 25
[298] = T 23
[299] = CNOT 23 25
[300] = CNOT 23 24
[301] = CNOT 22 28
[302] = CNOT 22 76
[303] = CNOT 22 77
[304] = T 22
[305] = CNOT 22 28
[306] = CNOT 22 26
[307] = T 22
[308] = CNOT 5 7
[309] = CNOT 5 9
[310] = CNOT 5 12
[311] = CNOT 5 30
[312] = CNOT 5 39
[313] = CNOT 5 48
[314] = CNOT 5 66
[315] = CNOT 5 67
[316] = T 5
[317] = CNOT 5 7
[318] = CNOT 2 7
[319] = T 2
[320] = S 2
[321] = CNOT 2 7
[322] = CNOT 7 9
[323] = CNOT 7 12
[324] = CNOT 7 30
[325] = CNOT 7 39
[326] = CNOT 7 48
[327] = CNOT 7 66
[328] = CNOT 7 67
[329] = T 7
[330] = CNOT 7 67
[331] = CNOT 7 66
[332] = CNOT 7 48
[333] = CNOT 7 39
[334] = CNOT 7 30
[335] = CNOT 7 12
[336] = CNOT 7 9
[337] = CNOT 5 7
[338] = CNOT 5 37
[339] = T 5
[340] = CNOT 5 39
[341] = CNOT 5 37
[342] = CNOT 5 7
[343] = CNOT 22 28
[344] = T 22
[345] = CNOT 22 77
[346] = CNOT 22 76
[347] = CNOT 22 28
[348] = CNOT 22 26
[349] = CNOT 7 9
[350] = CNOT 7 12
[351] = CNOT 7 30
[352] = CNOT 7 37
[353] = CNOT 7 39
[354] = CNOT 7 48
[355] = CNOT 7 66
[356] = CNOT 7 67
[357] = T 7
[358] = CNOT 7 67
[359] = CNOT 7 66
[360] = CNOT 7 48
[361] = CNOT 7 39
[362] = CNOT 7 37
[363] = CNOT 7 30
[364] = CNOT 7 12
[365] = CNOT 7 9
[366] = CNOT 5 6
[367] = CNOT 5 7
[368] = T 5
[369] = CNOT 5 66
[370] = CNOT 5 48
[371] = CNOT 5 30
[372] = CNOT 5 12
[373] = CNOT 5 6
[374] = CNOT 6 7
[375] = CNOT 6 9
[376] = CNOT 6 12
[377] = CNOT 6 30
[378] = CNOT 6 48
[379] = CNOT 6 66
[380] = CNOT 6 67
[381] = T 6
[382] = CNOT 6 67
[383] = CNOT 6 66
[384] = CNOT 6 48
[385] = CNOT 6 30
[386] = CNOT 6 12
[387] = CNOT 6 9
[388] = CNOT 6 7
[389] = CNOT 1 7
[390] = T 1
[391] = S 1
[392] = CNOT 1 2
[393] = T 1
[394] = CNOT 1 7
[395] = CNOT 40 44
[396] = CNOT 40 76
[397] = CNOT 40 77
[398] = T 40
[399] = CNOT 74 77
[400] = T 74
[401] = Z 74
[402] = CNOT 74 77
[403] = T 5
[404] = CNOT 26 28
[405] = CNOT 26 32
[406] = CNOT 26 76
[407] = CNOT 26 77
[408] = T 26
[409] = CNOT 26 77
[410] = CNOT 26 76
[411] = CNOT 26 32
[412] = CNOT 26 28
[413] = CNOT 5 6
[414] = CNOT 5 57
[415] = T 5
[416] = CNOT 5 6
[417] = CNOT 40 46
[418] = T 40
[419] = CNOT 40 77
[420] = CNOT 40 76
[421] = CNOT 40 46
[422] = CNOT 40 44
[423] = CNOT 6 7
[424] = CNOT 6 9
[425] = CNOT 6 57
[426] = CNOT 6 67
[427] = T 6
[428] = CNOT 6 67
[429] = CNOT 6 57
[430] = CNOT 6 9
[431] = CNOT 6 7
[432] = CNOT 5 6
[433] = CNOT 5 55
[434] = T 5
[435] = CNOT 5 57
[436] = CNOT 5 55
[437] = CNOT 5 6
[438] = CNOT 28 32
[439] = CNOT 28 76
[440] = CNOT 28 77
[441] = T 28
[442] = CNOT 28 77
[443] = CNOT 28 76
[444] = CNOT 28 32
[445] = CNOT 6 7
[446] = CNOT 6 9
[447] = CNOT 6 55
[448] = CNOT 6 57
[449] = CNOT 6 67
[450] = T 6
[451] = CNOT 6 67
[452] = CNOT 6 57
[453] = CNOT 6 55
[454] = CNOT 6 9
[455] = CNOT 6 7
[456] = CNOT 54 56
[457] = CNOT 54 58
[458] = CNOT 54 76
[459] = CNOT 54 77
[460] = T 54
[461] = CNOT 54 56
[462] = CNOT 56 58
[463] = CNOT 56 76
[464] = CNOT 56 77
[465] = T 56
[466] = CNOT 56 77
[467] = CNOT 56 76
[468] = CNOT 56 58
[469] = T 54
[470] = CNOT 54 77
[471] = CNOT 54 76
[472] = CNOT 54 58
[473] = CNOT 5 12
[474] = CNOT 5 19
[475] = CNOT 5 21
[476] = CNOT 5 30
[477] = CNOT 5 37
[478] = CNOT 5 48
[479] = CNOT 5 66
[480] = T 5
[481] = CNOT 5 21
[482] = T 5
[483] = CNOT 5 19
[484] = CNOT 5 7
[485] = CNOT 7 9
[486] = CNOT 7 12
[487] = CNOT 7 19
[488] = CNOT 7 21
[489] = CNOT 7 30
[490] = CNOT 7 37
[491] = CNOT 7 48
[492] = CNOT 7 66
[493] = CNOT 7 67
[494] = T 7
[495] = CNOT 7 67
[496] = CNOT 7 66
[497] = CNOT 7 48
[498] = CNOT 7 37
[499] = CNOT 7 30
[500] = CNOT 7 21
[501] = CNOT 7 19
[502] = CNOT 7 12
[503] = CNOT 7 9
[504] = CNOT 5 7
[505] = CNOT 5 21
[506] = T 5
[507] = CNOT 5 66
[508] = CNOT 5 48
[509] = CNOT 5 37
[510] = CNOT 5 30
[511] = CNOT 5 21
[512] = CNOT 5 12
[513] = CNOT 5 7
[514] = CNOT 7 9
[515] = CNOT 7 12
[516] = CNOT 7 19
[517] = CNOT 7 30
[518] = CNOT 7 37
[519] = CNOT 7 48
[520] = CNOT 7 66
[521] = CNOT 7 67
[522] = T 7
[523] = CNOT 7 19
[524] = CNOT 7 21
[525] = T 7
[526] = CNOT 7 67
[527] = CNOT 7 66
[528] = CNOT 7 48
[529] = CNOT 7 37
[530] = CNOT 7 30
[531] = CNOT 7 21
[532] = CNOT 7 12
[533] = CNOT 7 9
[534] = CNOT 36 38
[535] = CNOT 36 40
[536] = CNOT 36 76
[537] = CNOT 36 77
[538] = T 36
[539] = CNOT 36 38
[540] = CNOT 38 40
[541] = CNOT 38 76
[542] = CNOT 38 77
[543] = T 38
[544] = CNOT 38 77
[545] = CNOT 38 76
[546] = CNOT 38 40
[547] = T 36
[548] = CNOT 36 77
[549] = CNOT 36 76
[550] = CNOT 36 40
[551] = CNOT 34 35
[552] = CNOT 34 41
[553] = T 34
[554] = CNOT 34 35
[555] = CNOT 35 41
[556] = T 35
[557] = S 35
[558] = CNOT 35 41
[559] = T 34
[560] = S 34
[561] = CNOT 34 41
[562] = CNOT 3 8
[563] = CNOT 3 10
[564] = CNOT 3 76
[565] = CNOT 3 77
[566] = T 3
[567] = CNOT 3 10
[568] = T 3
[569] = CNOT 3 8
[570] = CNOT 8 10
[571] = CNOT 8 76
[572] = CNOT 8 77
[573] = T 8
[574] = CNOT 8 10
[575] = T 8
[576] = Z 8
[577] = CNOT 8 77
[578] = CNOT 8 76
[579] = CNOT 18 20
[580] = CNOT 18 22
[581] = CNOT 18 76
[582] = CNOT 18 77
[583] = T 18
[584] = CNOT 18 20
[585] = CNOT 20 22
[586] = CNOT 20 76
[587] = CNOT 20 77
[588] = T 20
[589] = CNOT 20 77
[590] = CNOT 20 76
[591] = CNOT 20 22
[592] = T 18
[593] = CNOT 18 77
[594] = CNOT 18 76
[595] = CNOT 18 22
[596] = CNOT 32 36
[597] = CNOT 32 38
[598] = CNOT 32 76
[599] = CNOT 32 77
[600] = T 32
[601] = CNOT 32 38
[602] = T 32
[603] = CNOT 32 36
[604] = CNOT 32 38
[605] = T 32
[606] = CNOT 32 77
[607] = CNOT 32 76
[608] = CNOT 32 38
[609] = CNOT 1 15
[610] = T 1
[611] = CNOT 1 2
[612] = CNOT 2 15
[613] = T 2
[614] = S 2
[615] = CNOT 2 15
[616] = T 1
[617] = S 1
[618] = CNOT 1 15
[619] = CNOT 24 25
[620] = CNOT 24 33
[621] = T 24
[622] = CNOT 24 25
[623] = CNOT 25 33
[624] = T 25
[625] = S 25
[626] = CNOT 25 33
[627] = T 24
[628] = S 24
[629] = CNOT 24 33
[630] = CNOT 33 34
[631] = CNOT 33 35
[632] = T 33
[633] = CNOT 33 35
[634] = T 33
[635] = S 33
[636] = CNOT 33 34
[637] = CNOT 33 35
[638] = T 33
[639] = S 33
[640] = CNOT 33 35
[641] = CNOT 4 7
[642] = CNOT 4 9
[643] = CNOT 4 11
[644] = CNOT 4 67
[645] = T 4
[646] = CNOT 4 11
[647] = T 4
[648] = CNOT 4 9
[649] = CNOT 4 7
[650] = CNOT 7 9
[651] = CNOT 7 11
[652] = CNOT 7 67
[653] = T 7
[654] = CNOT 7 11
[655] = CNOT 7 9
[656] = CNOT 40 46
[657] = CNOT 40 76
[658] = CNOT 40 77
[659] = T 40
[660] = CNOT 40 77
[661] = CNOT 40 76
[662] = CNOT 40 46
[663] = CNOT 3 10
[664] = CNOT 3 14
[665] = T 3
[666] = CNOT 3 10
[667] = CNOT 10 14
[668] = CNOT 10 76
[669] = CNOT 10 77
[670] = T 10
[671] = CNOT 10 77
[672] = CNOT 10 76
[673] = CNOT 10 14
[674] = T 3
[675] = CNOT 3 77
[676] = CNOT 3 76
[677] = CNOT 3 14
[678] = CNOT 7 31
[679] = CNOT 7 45
[680] = CNOT 7 47
[681] = T 7
[682] = CNOT 7 47
[683] = T 7
[684] = CNOT 7 45
[685] = CNOT 7 47
[686] = T 7
[687] = CNOT 7 67
[688] = CNOT 7 47
[689] = CNOT 7 31
[690] = CNOT 50 54
[691] = CNOT 50 56
[692] = CNOT 50 76
[693] = CNOT 50 77
[694] = T 50
[695] = CNOT 50 56
[696] = T 50
[697] = CNOT 50 54
[698] = CNOT 50 56
[699] = T 50
[700] = CNOT 50 77
[701] = CNOT 50 76
[702] = CNOT 50 56
[703] = CNOT 5 6
[704] = CNOT 5 7
[705] = CNOT 5 55
[706] = CNOT 5 73
[707] = CNOT 5 75
[708] = T 5
[709] = CNOT 5 75
[710] = T 5
[711] = CNOT 5 73
[712] = CNOT 5 6
[713] = CNOT 6 7
[714] = CNOT 6 9
[715] = CNOT 6 55
[716] = CNOT 6 67
[717] = CNOT 6 73
[718] = CNOT 6 75
[719] = T 6
[720] = CNOT 6 75
[721] = CNOT 6 73
[722] = CNOT 6 67
[723] = CNOT 6 55
[724] = CNOT 6 9
[725] = CNOT 6 7
[726] = CNOT 5 6
[727] = CNOT 5 75
[728] = T 5
[729] = CNOT 5 75
[730] = CNOT 5 67
[731] = CNOT 5 55
[732] = CNOT 5 9
[733] = CNOT 5 7
[734] = CNOT 5 6
[735] = CNOT 6 7
[736] = CNOT 6 9
[737] = CNOT 6 55
[738] = CNOT 6 67
[739] = CNOT 6 73
[740] = T 6
[741] = CNOT 6 73
[742] = CNOT 6 75
[743] = T 6
[744] = CNOT 6 75
[745] = CNOT 6 67
[746] = CNOT 6 55
[747] = CNOT 6 9
[748] = CNOT 6 7
[749] = CNOT 7 13
[750] = CNOT 7 27
[751] = CNOT 7 29
[752] = CNOT 7 67
[753] = T 7
[754] = CNOT 7 29
[755] = T 7
[756] = CNOT 7 27
[757] = CNOT 7 29
[758] = T 7
[759] = CNOT 7 67
[760] = CNOT 7 29
[761] = CNOT 7 13
[762] = CNOT 14 18
[763] = CNOT 14 20
[764] = CNOT 14 76
[765] = CNOT 14 77
[766] = T 14
[767] = CNOT 14 20
[768] = T 14
[769] = CNOT 14 18
[770] = CNOT 14 20
[771] = T 14
[772] = CNOT 14 77
[773] = CNOT 14 76
[774] = CNOT 14 20
[775] = CNOT 4 7
[776] = CNOT 4 11
[777] = CNOT 4 13
[778] = T 4
[779] = CNOT 4 11
[780] = CNOT 4 7
[781] = CNOT 7 11
[782] = CNOT 7 13
[783] = CNOT 7 67
[784] = T 7
[785] = CNOT 7 67
[786] = CNOT 7 13
[787] = CNOT 7 11
[788] = CNOT 4 7
[789] = T 4
[790] = CNOT 4 67
[791] = CNOT 4 13
[792] = CNOT 4 7
[793] = CNOT 15 16
[794] = CNOT 15 17
[795] = T 15
[796] = CNOT 15 17
[797] = T 15
[798] = S 15
[799] = CNOT 15 16
[800] = CNOT 15 17
[801] = T 15
[802] = S 15
[803] = CNOT 15 17
[804] = CNOT 16 17
[805] = CNOT 16 23
[806] = T 16
[807] = CNOT 16 17
[808] = CNOT 17 23
[809] = T 17
[810] = S 17
[811] = CNOT 17 23
[812] = T 16
[813] = S 16
[814] = CNOT 16 23
[815] = Z 1
[816] = Z 2
[817] = Z 3
[818] = Z 4
[819] = S 5
[820] = Z 5
[821] = S 6
[822] = S 7
[823] = Z 7
[824] = S 8
[825] = Z 9
[826] = S 10
[827] = S 11
[828] = S 12
[829] = Z 13
[830] = Z 14
[831] = S 15
[832] = Z 15
[833] = S 16
[834] = S 17
[835] = S 18
[836] = Z 19
[837] = S 20
[838] = Z 21
[839] = Z 22
[840] = S 23
[841] = Z 23
[842] = S 24
[843] = S 25
[844] = S 26
[845] = S 27
[846] = S 28
[847] = S 29
[848] = S 30
[849] = Z 31
[850] = Z 32
[851] = S 33
[852] = Z 33
[853] = S 34
[854] = S 35
[855] = S 36
[856] = S 37
[857] = Z 37
[858] = S 38
[859] = Z 40
[860] = S 41
[861] = Z 41
[862] = S 42
[863] = S 43
[864] = S 44
[865] = S 45
[866] = S 46
[867] = S 47
[868] = S 48
[869] = Z 49
[870] = Z 50
[871] = S 51
[872] = Z 51
[873] = S 52
[874] = S 53
[875] = S 54
[876] = S 56
[877] = Z 57
[878] = Z 58
[879] = S 59
[880] = Z 59
[881] = S 60
[882] = S 61
[883] = S 62
[884] = S 63
[885] = Z 63
[886] = S 64
[887] = S 65
[888] = Z 65
[889] = S 66
[890] = S 67
[891] = Z 67
[892] = Z 68
[893] = S 69
[894] = Z 69
[895] = Z 70
[896] = Z 71
[897] = S 73
[898] = Z 73
[899] = S 74
[900] = Z 74
[901] = Z 75
[902] = Z 76
[903] = Z 77
[904] = CNOT 1 2
[905] = S 1
[906] = CNOT 1 2
[907] = CNOT 1 16
[908] = S 1
[909] = CNOT 1 16
[910] = CNOT 2 17
[911] = S 2
[912] = CNOT 2 17
[913] = CNOT 3 8
[914] = S 3
[915] = Z 3
[916] = CNOT 3 8
[917] = CNOT 3 10
[918] = S 3
[919] = Z 3
[920] = CNOT 3 10
[921] = CNOT 3 14
[922] = S 3
[923] = Z 3
[924] = CNOT 3 14
[925] = CNOT 3 18
[926] = S 3
[927] = CNOT 3 18
[928] = CNOT 3 76
[929] = S 3
[930] = Z 3
[931] = CNOT 3 76
[932] = CNOT 3 77
[933] = S 3
[934] = Z 3
[935] = CNOT 3 77
[936] = CNOT 4 7
[937] = S 4
[938] = Z 4
[939] = CNOT 4 7
[940] = CNOT 4 9
[941] = S 4
[942] = Z 4
[943] = CNOT 4 9
[944] = CNOT 4 11
[945] = S 4
[946] = Z 4
[947] = CNOT 4 11
[948] = CNOT 4 13
[949] = S 4
[950] = Z 4
[951] = CNOT 4 13
[952] = CNOT 4 19
[953] = S 4
[954] = CNOT 4 19
[955] = CNOT 4 67
[956] = S 4
[957] = Z 4
[958] = CNOT 4 67
[959] = CNOT 5 6
[960] = S 5
[961] = CNOT 5 6
[962] = CNOT 5 7
[963] = S 5
[964] = Z 5
[965] = CNOT 5 7
[966] = CNOT 5 9
[967] = S 5
[968] = Z 5
[969] = CNOT 5 9
[970] = CNOT 5 12
[971] = Z 5
[972] = CNOT 5 12
[973] = CNOT 5 19
[974] = S 5
[975] = CNOT 5 19
[976] = CNOT 5 21
[977] = S 5
[978] = CNOT 5 21
[979] = CNOT 5 30
[980] = Z 5
[981] = CNOT 5 30
[982] = CNOT 5 37
[983] = Z 5
[984] = CNOT 5 37
[985] = CNOT 5 48
[986] = Z 5
[987] = CNOT 5 48
[988] = CNOT 5 57
[989] = S 5
[990] = CNOT 5 57
[991] = CNOT 5 66
[992] = Z 5
[993] = CNOT 5 66
[994] = CNOT 5 67
[995] = S 5
[996] = Z 5
[997] = CNOT 5 67
[998] = CNOT 5 73
[999] = Z 5
[1000] = CNOT 5 73
[1001] = CNOT 5 75
[1002] = Z 5
[1003] = CNOT 5 75
[1004] = CNOT 6 7
[1005] = S 6
[1006] = Z 6
[1007] = CNOT 6 7
[1008] = CNOT 6 9
[1009] = S 6
[1010] = Z 6
[1011] = CNOT 6 9
[1012] = CNOT 6 12
[1013] = S 6
[1014] = Z 6
[1015] = CNOT 6 12
[1016] = CNOT 6 30
[1017] = S 6
[1018] = Z 6
[1019] = CNOT 6 30
[1020] = CNOT 6 48
[1021] = S 6
[1022] = Z 6
[1023] = CNOT 6 48
[1024] = CNOT 6 55
[1025] = S 6
[1026] = Z 6
[1027] = CNOT 6 55
[1028] = CNOT 6 57
[1029] = Z 6
[1030] = CNOT 6 57
[1031] = CNOT 6 66
[1032] = S 6
[1033] = Z 6
[1034] = CNOT 6 66
[1035] = CNOT 6 67
[1036] = S 6
[1037] = Z 6
[1038] = CNOT 6 67
[1039] = CNOT 7 10
[1040] = S 7
[1041] = CNOT 7 10
[1042] = CNOT 7 11
[1043] = S 7
[1044] = Z 7
[1045] = CNOT 7 11
[1046] = CNOT 7 12
[1047] = Z 7
[1048] = CNOT 7 12
[1049] = CNOT 7 13
[1050] = Z 7
[1051] = CNOT 7 13
[1052] = CNOT 7 19
[1053] = Z 7
[1054] = CNOT 7 19
[1055] = CNOT 7 21
[1056] = Z 7
[1057] = CNOT 7 21
[1058] = CNOT 7 27
[1059] = S 7
[1060] = Z 7
[1061] = CNOT 7 27
[1062] = CNOT 7 29
[1063] = S 7
[1064] = Z 7
[1065] = CNOT 7 29
[1066] = CNOT 7 30
[1067] = Z 7
[1068] = CNOT 7 30
[1069] = CNOT 7 31
[1070] = Z 7
[1071] = CNOT 7 31
[1072] = CNOT 7 37
[1073] = S 7
[1074] = Z 7
[1075] = CNOT 7 37
[1076] = CNOT 7 45
[1077] = S 7
[1078] = Z 7
[1079] = CNOT 7 45
[1080] = CNOT 7 47
[1081] = S 7
[1082] = Z 7
[1083] = CNOT 7 47
[1084] = CNOT 7 48
[1085] = Z 7
[1086] = CNOT 7 48
[1087] = CNOT 7 49
[1088] = Z 7
[1089] = CNOT 7 49
[1090] = CNOT 7 55
[1091] = S 7
[1092] = Z 7
[1093] = CNOT 7 55
[1094] = CNOT 7 57
[1095] = Z 7
[1096] = CNOT 7 57
[1097] = CNOT 7 66
[1098] = Z 7
[1099] = CNOT 7 66
[1100] = CNOT 7 67
[1101] = Z 7
[1102] = CNOT 7 67
[1103] = CNOT 8 10
[1104] = S 8
[1105] = Z 8
[1106] = CNOT 8 10
[1107] = CNOT 8 11
[1108] = S 8
[1109] = CNOT 8 11
[1110] = CNOT 8 76
[1111] = Z 8
[1112] = CNOT 8 76
[1113] = CNOT 8 77
[1114] = Z 8
[1115] = CNOT 8 77
[1116] = CNOT 9 11
[1117] = S 9
[1118] = Z 9
[1119] = CNOT 9 11
[1120] = CNOT 9 12
[1121] = S 9
[1122] = Z 9
[1123] = CNOT 9 12
[1124] = CNOT 9 19
[1125] = Z 9
[1126] = CNOT 9 19
[1127] = CNOT 9 21
[1128] = Z 9
[1129] = CNOT 9 21
[1130] = CNOT 9 30
[1131] = Z 9
[1132] = CNOT 9 30
[1133] = CNOT 9 37
[1134] = S 9
[1135] = Z 9
[1136] = CNOT 9 37
[1137] = CNOT 9 48
[1138] = Z 9
[1139] = CNOT 9 48
[1140] = CNOT 9 55
[1141] = S 9
[1142] = Z 9
[1143] = CNOT 9 55
[1144] = CNOT 9 57
[1145] = Z 9
[1146] = CNOT 9 57
[1147] = CNOT 9 66
[1148] = Z 9
[1149] = CNOT 9 66
[1150] = CNOT 10 14
[1151] = S 10
[1152] = Z 10
[1153] = CNOT 10 14
[1154] = CNOT 10 15
[1155] = S 10
[1156] = CNOT 10 15
[1157] = CNOT 10 76
[1158] = S 10
[1159] = Z 10
[1160] = CNOT 10 76
[1161] = CNOT 10 77
[1162] = S 10
[1163] = Z 10
[1164] = CNOT 10 77
[1165] = CNOT 11 13
[1166] = S 11
[1167] = Z 11
[1168] = CNOT 11 13
[1169] = CNOT 11 14
[1170] = S 11
[1171] = CNOT 11 14
[1172] = CNOT 11 67
[1173] = S 11
[1174] = Z 11
[1175] = CNOT 11 67
[1176] = CNOT 12 13
[1177] = S 12
[1178] = CNOT 12 13
[1179] = CNOT 12 19
[1180] = Z 12
[1181] = CNOT 12 19
[1182] = CNOT 12 21
[1183] = Z 12
[1184] = CNOT 12 21
[1185] = CNOT 12 30
[1186] = Z 12
[1187] = CNOT 12 30
[1188] = CNOT 12 37
[1189] = S 12
[1190] = Z 12
[1191] = CNOT 12 37
[1192] = CNOT 12 48
[1193] = Z 12
[1194] = CNOT 12 48
[1195] = CNOT 12 66
[1196] = Z 12
[1197] = CNOT 12 66
[1198] = CNOT 12 67
[1199] = Z 12
[1200] = CNOT 12 67
[1201] = CNOT 13 27
[1202] = S 13
[1203] = Z 13
[1204] = CNOT 13 27
[1205] = CNOT 13 29
[1206] = S 13
[1207] = Z 13
[1208] = CNOT 13 29
[1209] = CNOT 13 30
[1210] = S 13
[1211] = CNOT 13 30
[1212] = CNOT 13 67
[1213] = Z 13
[1214] = CNOT 13 67
[1215] = CNOT 14 18
[1216] = S 14
[1217] = Z 14
[1218] = CNOT 14 18
[1219] = CNOT 14 20
[1220] = S 14
[1221] = Z 14
[1222] = CNOT 14 20
[1223] = CNOT 14 21
[1224] = S 14
[1225] = CNOT 14 21
[1226] = CNOT 14 76
[1227] = Z 14
[1228] = CNOT 14 76
[1229] = CNOT 14 77
[1230] = Z 14
[1231] = CNOT 14 77
[1232] = CNOT 15 20
[1233] = S 15
[1234] = CNOT 15 20
[1235] = CNOT 16 17
[1236] = S 16
[1237] = CNOT 16 17
[1238] = CNOT 16 24
[1239] = S 16
[1240] = CNOT 16 24
[1241] = CNOT 17 25
[1242] = S 17
[1243] = CNOT 17 25
[1244] = CNOT 18 20
[1245] = S 18
[1246] = Z 18
[1247] = CNOT 18 20
[1248] = CNOT 18 22
[1249] = S 18
[1250] = Z 18
[1251] = CNOT 18 22
[1252] = CNOT 18 26
[1253] = S 18
[1254] = CNOT 18 26
[1255] = CNOT 18 76
[1256] = S 18
[1257] = Z 18
[1258] = CNOT 18 76
[1259] = CNOT 18 77
[1260] = S 18
[1261] = Z 18
[1262] = CNOT 18 77
[1263] = CNOT 19 21
[1264] = S 19
[1265] = CNOT 19 21
[1266] = CNOT 19 27
[1267] = S 19
[1268] = CNOT 19 27
[1269] = CNOT 19 30
[1270] = Z 19
[1271] = CNOT 19 30
[1272] = CNOT 19 37
[1273] = Z 19
[1274] = CNOT 19 37
[1275] = CNOT 19 48
[1276] = Z 19
[1277] = CNOT 19 48
[1278] = CNOT 19 66
[1279] = Z 19
[1280] = CNOT 19 66
[1281] = CNOT 19 67
[1282] = Z 19
[1283] = CNOT 19 67
[1284] = CNOT 20 22
[1285] = S 20
[1286] = Z 20
[1287] = CNOT 20 22
[1288] = CNOT 20 23
[1289] = S 20
[1290] = CNOT 20 23
[1291] = CNOT 20 76
[1292] = S 20
[1293] = Z 20
[1294] = CNOT 20 76
[1295] = CNOT 20 77
[1296] = S 20
[1297] = Z 20
[1298] = CNOT 20 77
[1299] = CNOT 21 22
[1300] = S 21
[1301] = CNOT 21 22
[1302] = CNOT 21 30
[1303] = Z 21
[1304] = CNOT 21 30
[1305] = CNOT 21 37
[1306] = Z 21
[1307] = CNOT 21 37
[1308] = CNOT 21 48
[1309] = Z 21
[1310] = CNOT 21 48
[1311] = CNOT 21 66
[1312] = Z 21
[1313] = CNOT 21 66
[1314] = CNOT 21 67
[1315] = Z 21
[1316] = CNOT 21 67
[1317] = CNOT 22 26
[1318] = S 22
[1319] = Z 22
[1320] = CNOT 22 26
[1321] = CNOT 22 28
[1322] = S 22
[1323] = Z 22
[1324] = CNOT 22 28
[1325] = CNOT 22 29
[1326] = S 22
[1327] = CNOT 22 29
[1328] = CNOT 22 76
[1329] = Z 22
[1330] = CNOT 22 76
[1331] = CNOT 22 77
[1332] = Z 22
[1333] = CNOT 22 77
[1334] = CNOT 23 28
[1335] = S 23
[1336] = CNOT 23 28
[1337] = CNOT 24 25
[1338] = S 24
[1339] = CNOT 24 25
[1340] = CNOT 24 34
[1341] = S 24
[1342] = CNOT 24 34
[1343] = CNOT 25 35
[1344] = S 25
[1345] = CNOT 25 35
[1346] = CNOT 26 28
[1347] = S 26
[1348] = Z 26
[1349] = CNOT 26 28
[1350] = CNOT 26 32
[1351] = S 26
[1352] = Z 26
[1353] = CNOT 26 32
[1354] = CNOT 26 36
[1355] = S 26
[1356] = CNOT 26 36
[1357] = CNOT 26 76
[1358] = S 26
[1359] = Z 26
[1360] = CNOT 26 76
[1361] = CNOT 26 77
[1362] = S 26
[1363] = Z 26
[1364] = CNOT 26 77
[1365] = CNOT 27 29
[1366] = S 27
[1367] = Z 27
[1368] = CNOT 27 29
[1369] = CNOT 27 31
[1370] = S 27
[1371] = Z 27
[1372] = CNOT 27 31
[1373] = CNOT 27 37
[1374] = S 27
[1375] = CNOT 27 37
[1376] = CNOT 27 67
[1377] = S 27
[1378] = Z 27
[1379] = CNOT 27 67
[1380] = CNOT 28 32
[1381] = S 28
[1382] = Z 28
[1383] = CNOT 28 32
[1384] = CNOT 28 33
[1385] = S 28
[1386] = CNOT 28 33
[1387] = CNOT 28 76
[1388] = S 28
[1389] = Z 28
[1390] = CNOT 28 76
[1391] = CNOT 28 77
[1392] = S 28
[1393] = Z 28
[1394] = CNOT 28 77
[1395] = CNOT 29 31
[1396] = S 29
[1397] = Z 29
[1398] = CNOT 29 31
[1399] = CNOT 29 32
[1400] = S 29
[1401] = CNOT 29 32
[1402] = CNOT 29 67
[1403] = S 29
[1404] = Z 29
[1405] = CNOT 29 67
[1406] = CNOT 30 31
[1407] = S 30
[1408] = CNOT 30 31
[1409] = CNOT 30 37
[1410] = S 30
[1411] = Z 30
[1412] = CNOT 30 37
[1413] = CNOT 30 48
[1414] = Z 30
[1415] = CNOT 30 48
[1416] = CNOT 30 66
[1417] = Z 30
[1418] = CNOT 30 66
[1419] = CNOT 30 67
[1420] = Z 30
[1421] = CNOT 30 67
[1422] = CNOT 31 45
[1423] = S 31
[1424] = Z 31
[1425] = CNOT 31 45
[1426] = CNOT 31 47
[1427] = S 31
[1428] = Z 31
[1429] = CNOT 31 47
[1430] = CNOT 31 48
[1431] = S 31
[1432] = CNOT 31 48
[1433] = CNOT 31 67
[1434] = Z 31
[1435] = CNOT 31 67
[1436] = CNOT 32 36
[1437] = S 32
[1438] = Z 32
[1439] = CNOT 32 36
[1440] = CNOT 32 38
[1441] = S 32
[1442] = Z 32
[1443] = CNOT 32 38
[1444] = CNOT 32 39
[1445] = S 32
[1446] = CNOT 32 39
[1447] = CNOT 32 76
[1448] = Z 32
[1449] = CNOT 32 76
[1450] = CNOT 32 77
[1451] = Z 32
[1452] = CNOT 32 77
[1453] = CNOT 33 38
[1454] = S 33
[1455] = CNOT 33 38
[1456] = CNOT 34 35
[1457] = S 34
[1458] = CNOT 34 35
[1459] = CNOT 34 42
[1460] = S 34
[1461] = CNOT 34 42
[1462] = CNOT 35 43
[1463] = S 35
[1464] = CNOT 35 43
[1465] = CNOT 36 38
[1466] = S 36
[1467] = Z 36
[1468] = CNOT 36 38
[1469] = CNOT 36 40
[1470] = S 36
[1471] = Z 36
[1472] = CNOT 36 40
[1473] = CNOT 36 44
[1474] = S 36
[1475] = CNOT 36 44
[1476] = CNOT 36 76
[1477] = S 36
[1478] = Z 36
[1479] = CNOT 36 76
[1480] = CNOT 36 77
[1481] = S 36
[1482] = Z 36
[1483] = CNOT 36 77
[1484] = CNOT 37 45
[1485] = S 37
[1486] = CNOT 37 45
[1487] = CNOT 37 48
[1488] = S 37
[1489] = Z 37
[1490] = CNOT 37 48
[1491] = CNOT 37 66
[1492] = S 37
[1493] = Z 37
[1494] = CNOT 37 66
[1495] = CNOT 37 67
[1496] = S 37
[1497] = Z 37
[1498] = CNOT 37 67
[1499] = CNOT 38 40
[1500] = S 38
[1501] = Z 38
[1502] = CNOT 38 40
[1503] = CNOT 38 41
[1504] = S 38
[1505] = CNOT 38 41
[1506] = CNOT 38 76
[1507] = S 38
[1508] = Z 38
[1509] = CNOT 38 76
[1510] = CNOT 38 77
[1511] = S 38
[1512] = Z 38
[1513] = CNOT 38 77
[1514] = CNOT 39 40
[1515] = S 39
[1516] = CNOT 39 40
[1517] = CNOT 40 44
[1518] = S 40
[1519] = Z 40
[1520] = CNOT 40 44
[1521] = CNOT 40 46
[1522] = S 40
[1523] = Z 40
[1524] = CNOT 40 46
[1525] = CNOT 40 47
[1526] = S 40
[1527] = CNOT 40 47
[1528] = CNOT 40 76
[1529] = Z 40
[1530] = CNOT 40 76
[1531] = CNOT 40 77
[1532] = Z 40
[1533] = CNOT 40 77
[1534] = CNOT 41 46
[1535] = S 41
[1536] = CNOT 41 46
[1537] = CNOT 42 43
[1538] = S 42
[1539] = CNOT 42 43
[1540] = CNOT 42 52
[1541] = S 42
[1542] = CNOT 42 52
[1543] = CNOT 43 53
[1544] = S 43
[1545] = CNOT 43 53
[1546] = CNOT 44 46
[1547] = S 44
[1548] = Z 44
[1549] = CNOT 44 46
[1550] = CNOT 44 50
[1551] = S 44
[1552] = Z 44
[1553] = CNOT 44 50
[1554] = CNOT 44 54
[1555] = S 44
[1556] = CNOT 44 54
[1557] = CNOT 44 76
[1558] = S 44
[1559] = Z 44
[1560] = CNOT 44 76
[1561] = CNOT 44 77
[1562] = S 44
[1563] = Z 44
[1564] = CNOT 44 77
[1565] = CNOT 45 47
[1566] = S 45
[1567] = Z 45
[1568] = CNOT 45 47
[1569] = CNOT 45 49
[1570] = S 45
[1571] = Z 45
[1572] = CNOT 45 49
[1573] = CNOT 45 55
[1574] = S 45
[1575] = CNOT 45 55
[1576] = CNOT 45 67
[1577] = S 45
[1578] = Z 45
[1579] = CNOT 45 67
[1580] = CNOT 46 50
[1581] = S 46
[1582] = Z 46
[1583] = CNOT 46 50
[1584] = CNOT 46 51
[1585] = S 46
[1586] = CNOT 46 51
[1587] = CNOT 46 76
[1588] = S 46
[1589] = Z 46
[1590] = CNOT 46 76
[1591] = CNOT 46 77
[1592] = S 46
[1593] = Z 46
[1594] = CNOT 46 77
[1595] = CNOT 47 49
[1596] = S 47
[1597] = Z 47
[1598] = CNOT 47 49
[1599] = CNOT 47 50
[1600] = S 47
[1601] = CNOT 47 50
[1602] = CNOT 47 67
[1603] = S 47
[1604] = Z 47
[1605] = CNOT 47 67
[1606] = CNOT 48 49
[1607] = S 48
[1608] = CNOT 48 49
[1609] = CNOT 48 66
[1610] = Z 48
[1611] = CNOT 48 66
[1612] = CNOT 48 67
[1613] = Z 48
[1614] = CNOT 48 67
[1615] = CNOT 49 63
[1616] = S 49
[1617] = Z 49
[1618] = CNOT 49 63
[1619] = CNOT 49 65
[1620] = S 49
[1621] = Z 49
[1622] = CNOT 49 65
[1623] = CNOT 49 66
[1624] = S 49
[1625] = CNOT 49 66
[1626] = CNOT 49 67
[1627] = Z 49
[1628] = CNOT 49 67
[1629] = CNOT 50 54
[1630] = S 50
[1631] = Z 50
[1632] = CNOT 50 54
[1633] = CNOT 50 56
[1634] = S 50
[1635] = Z 50
[1636] = CNOT 50 56
[1637] = CNOT 50 57
[1638] = S 50
[1639] = CNOT 50 57
[1640] = CNOT 50 76
[1641] = Z 50
[1642] = CNOT 50 76
[1643] = CNOT 50 77
[1644] = Z 50
[1645] = CNOT 50 77
[1646] = CNOT 51 56
[1647] = S 51
[1648] = CNOT 51 56
[1649] = CNOT 52 53
[1650] = S 52
[1651] = CNOT 52 53
[1652] = CNOT 52 60
[1653] = S 52
[1654] = CNOT 52 60
[1655] = CNOT 53 61
[1656] = S 53
[1657] = CNOT 53 61
[1658] = CNOT 54 56
[1659] = S 54
[1660] = Z 54
[1661] = CNOT 54 56
[1662] = CNOT 54 58
[1663] = S 54
[1664] = Z 54
[1665] = CNOT 54 58
[1666] = CNOT 54 62
[1667] = S 54
[1668] = CNOT 54 62
[1669] = CNOT 54 76
[1670] = S 54
[1671] = Z 54
[1672] = CNOT 54 76
[1673] = CNOT 54 77
[1674] = S 54
[1675] = Z 54
[1676] = CNOT 54 77
[1677] = CNOT 55 57
[1678] = S 55
[1679] = CNOT 55 57
[1680] = CNOT 55 63
[1681] = S 55
[1682] = CNOT 55 63
[1683] = CNOT 55 67
[1684] = S 55
[1685] = Z 55
[1686] = CNOT 55 67
[1687] = CNOT 56 58
[1688] = S 56
[1689] = Z 56
[1690] = CNOT 56 58
[1691] = CNOT 56 59
[1692] = S 56
[1693] = CNOT 56 59
[1694] = CNOT 56 76
[1695] = S 56
[1696] = Z 56
[1697] = CNOT 56 76
[1698] = CNOT 56 77
[1699] = S 56
[1700] = Z 56
[1701] = CNOT 56 77
[1702] = CNOT 57 58
[1703] = S 57
[1704] = CNOT 57 58
[1705] = CNOT 57 67
[1706] = Z 57
[1707] = CNOT 57 67
[1708] = CNOT 58 62
[1709] = S 58
[1710] = Z 58
[1711] = CNOT 58 62
[1712] = CNOT 58 64
[1713] = S 58
[1714] = Z 58
[1715] = CNOT 58 64
[1716] = CNOT 58 65
[1717] = S 58
[1718] = CNOT 58 65
[1719] = CNOT 58 76
[1720] = Z 58
[1721] = CNOT 58 76
[1722] = CNOT 58 77
[1723] = Z 58
[1724] = CNOT 58 77
[1725] = CNOT 59 64
[1726] = S 59
[1727] = CNOT 59 64
[1728] = CNOT 60 61
[1729] = S 60
[1730] = CNOT 60 61
[1731] = CNOT 60 70
[1732] = S 60
[1733] = CNOT 60 70
[1734] = CNOT 61 71
[1735] = S 61
[1736] = CNOT 62 64
[1737] = S 62
[1738] = Z 62
[1739] = CNOT 62 64
[1740] = CNOT 62 68
[1741] = S 62
[1742] = Z 62
[1743] = CNOT 62 68
[1744] = CNOT 62 72
[1745] = S 62
[1746] = CNOT 62 72
[1747] = CNOT 62 76
[1748] = S 62
[1749] = Z 62
[1750] = CNOT 62 76
[1751] = CNOT 62 77
[1752] = S 62
[1753] = Z 62
[1754] = CNOT 62 77
[1755] = CNOT 63 65
[1756] = Z 63
[1757] = CNOT 63 65
[1758] = CNOT 63 67
[1759] = S 63
[1760] = Z 63
[1761] = CNOT 63 67
[1762] = CNOT 63 73
[1763] = S 63
[1764] = CNOT 63 73
[1765] = CNOT 64 68
[1766] = S 64
[1767] = Z 64
[1768] = CNOT 64 68
[1769] = CNOT 64 69
[1770] = S 64
[1771] = CNOT 64 69
[1772] = CNOT 64 76
[1773] = S 64
[1774] = Z 64
[1775] = CNOT 64 76
[1776] = CNOT 64 77
[1777] = S 64
[1778] = Z 64
[1779] = CNOT 64 77
[1780] = CNOT 65 67
[1781] = S 65
[1782] = Z 65
[1783] = CNOT 65 67
[1784] = CNOT 65 68
[1785] = S 65
[1786] = CNOT 65 68
[1787] = CNOT 66 67
[1788] = S 66
[1789] = Z 66
[1790] = CNOT 66 67
[1791] = CNOT 68 72
[1792] = S 68
[1793] = Z 68
[1794] = CNOT 68 72
[1795] = CNOT 68 74
[1796] = S 68
[1797] = Z 68
[1798] = CNOT 68 74
[1799] = CNOT 68 75
[1800] = S 68
[1801] = CNOT 68 75
[1802] = CNOT 68 76
[1803] = Z 68
[1804] = CNOT 68 76
[1805] = CNOT 68 77
[1806] = Z 68
[1807] = CNOT 68 77
[1808] = CNOT 69 74
[1809] = S 69
[1810] = CNOT 69 74
[1811] = CNOT 70 71
[1812] = S 70
[1813] = CNOT 70 71
[1814] = CNOT 72 74
[1815] = Z 72
[1816] = CNOT 72 74
[1817] = CNOT 72 76
[1818] = S 72
[1819] = Z 72
[1820] = CNOT 72 76
[1821] = CNOT 73 75
[1822] = Z 73
[1823] = CNOT 73 75
[1824] = CNOT 74 76
[1825] = S 74
[1826] = Z 74
[1827] = CNOT 74 76
[1828] = CNOT 75 76
[1829] = S 75
[1830] = CNOT 75 76
[1831] = CNOT 3 8
[1832] = CNOT 3 76
[1833] = S 3
[1834] = Z 3
[1835] = CNOT 3 76
[1836] = CNOT 3 77
[1837] = S 3
[1838] = Z 3
[1839] = CNOT 3 77
[1840] = CNOT 3 8
[1841] = CNOT 3 10
[1842] = CNOT 3 76
[1843] = S 3
[1844] = Z 3
[1845] = CNOT 3 76
[1846] = CNOT 3 77
[1847] = S 3
[1848] = Z 3
[1849] = CNOT 3 77
[1850] = CNOT 3 10
[1851] = CNOT 3 14
[1852] = CNOT 3 76
[1853] = S 3
[1854] = Z 3
[1855] = CNOT 3 76
[1856] = CNOT 3 77
[1857] = S 3
[1858] = Z 3
[1859] = CNOT 3 14
[1860] = CNOT 3 76
[1861] = Z 3
[1862] = CNOT 3 77
[1863] = CNOT 3 76
[1864] = CNOT 4 7
[1865] = CNOT 4 9
[1866] = S 4
[1867] = Z 4
[1868] = CNOT 4 9
[1869] = CNOT 4 11
[1870] = S 4
[1871] = Z 4
[1872] = CNOT 4 11
[1873] = CNOT 4 13
[1874] = S 4
[1875] = Z 4
[1876] = CNOT 4 13
[1877] = CNOT 4 67
[1878] = Z 4
[1879] = CNOT 4 7
[1880] = CNOT 4 9
[1881] = S 4
[1882] = Z 4
[1883] = CNOT 4 9
[1884] = CNOT 4 11
[1885] = S 4
[1886] = Z 4
[1887] = CNOT 4 11
[1888] = CNOT 4 13
[1889] = S 4
[1890] = Z 4
[1891] = CNOT 4 67
[1892] = CNOT 4 13
[1893] = CNOT 5 6
[1894] = CNOT 5 7
[1895] = S 5
[1896] = CNOT 5 7
[1897] = CNOT 5 9
[1898] = S 5
[1899] = CNOT 5 9
[1900] = CNOT 5 55
[1901] = Z 5
[1902] = CNOT 5 55
[1903] = CNOT 5 57
[1904] = S 5
[1905] = Z 5
[1906] = CNOT 5 57
[1907] = CNOT 5 67
[1908] = S 5
[1909] = CNOT 5 67
[1910] = CNOT 5 73
[1911] = S 5
[1912] = Z 5
[1913] = CNOT 5 73
[1914] = CNOT 5 75
[1915] = S 5
[1916] = Z 5
[1917] = CNOT 5 75
[1918] = CNOT 5 6
[1919] = CNOT 5 7
[1920] = CNOT 5 9
[1921] = Z 5
[1922] = CNOT 5 9
[1923] = CNOT 5 12
[1924] = S 5
[1925] = CNOT 5 12
[1926] = CNOT 5 19
[1927] = S 5
[1928] = Z 5
[1929] = CNOT 5 19
[1930] = CNOT 5 21
[1931] = S 5
[1932] = Z 5
[1933] = CNOT 5 21
[1934] = CNOT 5 30
[1935] = S 5
[1936] = CNOT 5 30
[1937] = CNOT 5 37
[1938] = Z 5
[1939] = CNOT 5 37
[1940] = CNOT 5 39
[1941] = S 5
[1942] = Z 5
[1943] = CNOT 5 39
[1944] = CNOT 5 48
[1945] = S 5
[1946] = CNOT 5 48
[1947] = CNOT 5 55
[1948] = Z 5
[1949] = CNOT 5 55
[1950] = CNOT 5 57
[1951] = S 5
[1952] = Z 5
[1953] = CNOT 5 57
[1954] = CNOT 5 66
[1955] = S 5
[1956] = CNOT 5 66
[1957] = CNOT 5 67
[1958] = Z 5
[1959] = CNOT 5 67
[1960] = CNOT 5 73
[1961] = S 5
[1962] = Z 5
[1963] = CNOT 5 73
[1964] = CNOT 5 75
[1965] = S 5
[1966] = Z 5
[1967] = CNOT 5 75
[1968] = CNOT 5 7
[1969] = CNOT 5 9
[1970] = CNOT 5 12
[1971] = S 5
[1972] = CNOT 5 12
[1973] = CNOT 5 19
[1974] = S 5
[1975] = Z 5
[1976] = CNOT 5 19
[1977] = CNOT 5 21
[1978] = S 5
[1979] = Z 5
[1980] = CNOT 5 21
[1981] = CNOT 5 30
[1982] = S 5
[1983] = CNOT 5 30
[1984] = CNOT 5 37
[1985] = Z 5
[1986] = CNOT 5 37
[1987] = CNOT 5 39
[1988] = S 5
[1989] = Z 5
[1990] = CNOT 5 39
[1991] = CNOT 5 48
[1992] = S 5
[1993] = CNOT 5 48
[1994] = CNOT 5 55
[1995] = Z 5
[1996] = CNOT 5 55
[1997] = CNOT 5 57
[1998] = S 5
[1999] = Z 5
[2000] = CNOT 5 57
[2001] = CNOT 5 66
[2002] = S 5
[2003] = CNOT 5 66
[2004] = CNOT 5 67
[2005] = Z 5
[2006] = CNOT 5 67
[2007] = CNOT 5 73
[2008] = S 5
[2009] = Z 5
[2010] = CNOT 5 73
[2011] = CNOT 5 75
[2012] = S 5
[2013] = Z 5
[2014] = CNOT 5 75
[2015] = CNOT 5 9
[2016] = CNOT 5 12
[2017] = CNOT 5 19
[2018] = S 5
[2019] = Z 5
[2020] = CNOT 5 19
[2021] = CNOT 5 21
[2022] = S 5
[2023] = Z 5
[2024] = CNOT 5 21
[2025] = CNOT 5 30
[2026] = S 5
[2027] = CNOT 5 30
[2028] = CNOT 5 37
[2029] = Z 5
[2030] = CNOT 5 37
[2031] = CNOT 5 39
[2032] = S 5
[2033] = Z 5
[2034] = CNOT 5 39
[2035] = CNOT 5 48
[2036] = S 5
[2037] = CNOT 5 48
[2038] = CNOT 5 66
[2039] = S 5
[2040] = CNOT 5 66
[2041] = CNOT 5 67
[2042] = S 5
[2043] = CNOT 5 67
[2044] = CNOT 5 12
[2045] = CNOT 5 19
[2046] = CNOT 5 30
[2047] = S 5
[2048] = Z 5
[2049] = CNOT 5 30
[2050] = CNOT 5 37
[2051] = S 5
[2052] = Z 5
[2053] = CNOT 5 37
[2054] = CNOT 5 48
[2055] = S 5
[2056] = Z 5
[2057] = CNOT 5 48
[2058] = CNOT 5 66
[2059] = S 5
[2060] = Z 5
[2061] = CNOT 5 66
[2062] = CNOT 5 67
[2063] = S 5
[2064] = Z 5
[2065] = CNOT 5 67
[2066] = CNOT 5 19
[2067] = CNOT 5 21
[2068] = CNOT 5 30
[2069] = S 5
[2070] = Z 5
[2071] = CNOT 5 30
[2072] = CNOT 5 37
[2073] = S 5
[2074] = Z 5
[2075] = CNOT 5 37
[2076] = CNOT 5 48
[2077] = S 5
[2078] = Z 5
[2079] = CNOT 5 48
[2080] = CNOT 5 66
[2081] = S 5
[2082] = Z 5
[2083] = CNOT 5 66
[2084] = CNOT 5 67
[2085] = S 5
[2086] = Z 5
[2087] = CNOT 5 67
[2088] = CNOT 5 21
[2089] = CNOT 5 30
[2090] = CNOT 5 37
[2091] = Z 5
[2092] = CNOT 5 37
[2093] = CNOT 5 39
[2094] = S 5
[2095] = Z 5
[2096] = CNOT 5 39
[2097] = CNOT 5 48
[2098] = S 5
[2099] = CNOT 5 48
[2100] = CNOT 5 66
[2101] = S 5
[2102] = CNOT 5 66
[2103] = CNOT 5 67
[2104] = S 5
[2105] = CNOT 5 67
[2106] = CNOT 5 30
[2107] = CNOT 5 37
[2108] = CNOT 5 48
[2109] = Z 5
[2110] = CNOT 5 48
[2111] = CNOT 5 66
[2112] = Z 5
[2113] = CNOT 5 66
[2114] = CNOT 5 67
[2115] = Z 5
[2116] = CNOT 5 67
[2117] = CNOT 5 37
[2118] = CNOT 5 39
[2119] = CNOT 5 48
[2120] = S 5
[2121] = Z 5
[2122] = CNOT 5 48
[2123] = CNOT 5 66
[2124] = S 5
[2125] = Z 5
[2126] = CNOT 5 66
[2127] = CNOT 5 67
[2128] = S 5
[2129] = Z 5
[2130] = CNOT 5 67
[2131] = CNOT 5 39
[2132] = CNOT 5 48
[2133] = CNOT 5 66
[2134] = S 5
[2135] = CNOT 5 66
[2136] = CNOT 5 67
[2137] = S 5
[2138] = CNOT 5 48
[2139] = CNOT 5 55
[2140] = Z 5
[2141] = CNOT 5 67
[2142] = CNOT 5 73
[2143] = S 5
[2144] = Z 5
[2145] = CNOT 5 73
[2146] = CNOT 5 75
[2147] = S 5
[2148] = Z 5
[2149] = CNOT 5 75
[2150] = CNOT 5 55
[2151] = CNOT 5 57
[2152] = CNOT 5 67
[2153] = S 5
[2154] = Z 5
[2155] = CNOT 5 57
[2156] = CNOT 5 66
[2157] = S 5
[2158] = CNOT 5 66
[2159] = CNOT 5 73
[2160] = S 5
[2161] = Z 5
[2162] = CNOT 5 73
[2163] = CNOT 5 75
[2164] = S 5
[2165] = Z 5
[2166] = CNOT 5 75
[2167] = CNOT 5 67
[2168] = CNOT 6 7
[2169] = CNOT 6 9
[2170] = Z 6
[2171] = CNOT 6 9
[2172] = CNOT 6 12
[2173] = S 6
[2174] = Z 6
[2175] = CNOT 6 12
[2176] = CNOT 6 30
[2177] = S 6
[2178] = Z 6
[2179] = CNOT 6 30
[2180] = CNOT 6 48
[2181] = S 6
[2182] = Z 6
[2183] = CNOT 6 48
[2184] = CNOT 6 57
[2185] = Z 6
[2186] = CNOT 6 57
[2187] = CNOT 6 66
[2188] = S 6
[2189] = Z 6
[2190] = CNOT 6 66
[2191] = CNOT 6 67
[2192] = Z 6
[2193] = CNOT 6 67
[2194] = CNOT 6 73
[2195] = Z 6
[2196] = CNOT 6 73
[2197] = CNOT 6 75
[2198] = Z 6
[2199] = CNOT 6 75
[2200] = CNOT 6 7
[2201] = CNOT 6 9
[2202] = CNOT 6 12
[2203] = S 6
[2204] = Z 6
[2205] = CNOT 6 12
[2206] = CNOT 6 30
[2207] = S 6
[2208] = Z 6
[2209] = CNOT 6 30
[2210] = CNOT 6 48
[2211] = S 6
[2212] = Z 6
[2213] = CNOT 6 48
[2214] = CNOT 6 57
[2215] = Z 6
[2216] = CNOT 6 57
[2217] = CNOT 6 66
[2218] = S 6
[2219] = Z 6
[2220] = CNOT 6 66
[2221] = CNOT 6 67
[2222] = Z 6
[2223] = CNOT 6 67
[2224] = CNOT 6 73
[2225] = Z 6
[2226] = CNOT 6 73
[2227] = CNOT 6 75
[2228] = Z 6
[2229] = CNOT 6 75
[2230] = CNOT 6 9
[2231] = CNOT 6 12
[2232] = CNOT 6 30
[2233] = S 6
[2234] = Z 6
[2235] = CNOT 6 30
[2236] = CNOT 6 48
[2237] = S 6
[2238] = Z 6
[2239] = CNOT 6 48
[2240] = CNOT 6 66
[2241] = S 6
[2242] = Z 6
[2243] = CNOT 6 66
[2244] = CNOT 6 67
[2245] = S 6
[2246] = Z 6
[2247] = CNOT 6 67
[2248] = CNOT 6 12
[2249] = CNOT 6 30
[2250] = CNOT 6 48
[2251] = S 6
[2252] = Z 6
[2253] = CNOT 6 48
[2254] = CNOT 6 66
[2255] = S 6
[2256] = Z 6
[2257] = CNOT 6 66
[2258] = CNOT 6 67
[2259] = S 6
[2260] = Z 6
[2261] = CNOT 6 67
[2262] = CNOT 6 30
[2263] = CNOT 6 48
[2264] = CNOT 6 66
[2265] = S 6
[2266] = Z 6
[2267] = CNOT 6 66
[2268] = CNOT 6 67
[2269] = S 6
[2270] = Z 6
[2271] = CNOT 6 67
[2272] = CNOT 6 48
[2273] = CNOT 6 55
[2274] = CNOT 6 57
[2275] = S 6
[2276] = Z 6
[2277] = CNOT 6 57
[2278] = CNOT 6 73
[2279] = Z 6
[2280] = CNOT 6 73
[2281] = CNOT 6 75
[2282] = Z 6
[2283] = CNOT 6 75
[2284] = CNOT 6 55
[2285] = CNOT 6 57
[2286] = CNOT 6 67
[2287] = Z 6
[2288] = CNOT 6 57
[2289] = CNOT 6 66
[2290] = S 6
[2291] = Z 6
[2292] = CNOT 6 66
[2293] = CNOT 6 73
[2294] = Z 6
[2295] = CNOT 6 73
[2296] = CNOT 6 75
[2297] = Z 6
[2298] = CNOT 6 67
[2299] = CNOT 6 73
[2300] = S 6
[2301] = Z 6
[2302] = CNOT 6 75
[2303] = CNOT 6 73
[2304] = CNOT 7 9
[2305] = CNOT 7 11
[2306] = S 7
[2307] = Z 7
[2308] = CNOT 7 11
[2309] = CNOT 7 12
[2310] = Z 7
[2311] = CNOT 7 12
[2312] = CNOT 7 19
[2313] = Z 7
[2314] = CNOT 7 19
[2315] = CNOT 7 21
[2316] = Z 7
[2317] = CNOT 7 21
[2318] = CNOT 7 30
[2319] = Z 7
[2320] = CNOT 7 30
[2321] = CNOT 7 39
[2322] = Z 7
[2323] = CNOT 7 39
[2324] = CNOT 7 48
[2325] = Z 7
[2326] = CNOT 7 48
[2327] = CNOT 7 57
[2328] = Z 7
[2329] = CNOT 7 57
[2330] = CNOT 7 66
[2331] = Z 7
[2332] = CNOT 7 66
[2333] = CNOT 7 67
[2334] = S 7
[2335] = Z 7
[2336] = CNOT 7 67
[2337] = CNOT 7 73
[2338] = Z 7
[2339] = CNOT 7 73
[2340] = CNOT 7 75
[2341] = Z 7
[2342] = CNOT 7 75
[2343] = CNOT 7 9
[2344] = CNOT 7 11
[2345] = CNOT 7 13
[2346] = S 7
[2347] = Z 7
[2348] = CNOT 7 13
[2349] = CNOT 7 67
[2350] = Z 7
[2351] = CNOT 7 67
[2352] = CNOT 7 11
[2353] = CNOT 7 12
[2354] = CNOT 7 19
[2355] = Z 7
[2356] = CNOT 7 19
[2357] = CNOT 7 21
[2358] = Z 7
[2359] = CNOT 7 21
[2360] = CNOT 7 30
[2361] = Z 7
[2362] = CNOT 7 30
[2363] = CNOT 7 39
[2364] = Z 7
[2365] = CNOT 7 39
[2366] = CNOT 7 48
[2367] = Z 7
[2368] = CNOT 7 48
[2369] = CNOT 7 66
[2370] = Z 7
[2371] = CNOT 7 66
[2372] = CNOT 7 67
[2373] = Z 7
[2374] = CNOT 7 67
[2375] = CNOT 7 12
[2376] = CNOT 7 13
[2377] = CNOT 7 27
[2378] = S 7
[2379] = Z 7
[2380] = CNOT 7 27
[2381] = CNOT 7 29
[2382] = S 7
[2383] = Z 7
[2384] = CNOT 7 29
[2385] = CNOT 7 67
[2386] = S 7
[2387] = CNOT 7 67
[2388] = CNOT 7 13
[2389] = CNOT 7 19
[2390] = CNOT 7 21
[2391] = S 7
[2392] = Z 7
[2393] = CNOT 7 21
[2394] = CNOT 7 30
[2395] = Z 7
[2396] = CNOT 7 30
[2397] = CNOT 7 37
[2398] = Z 7
[2399] = CNOT 7 37
[2400] = CNOT 7 48
[2401] = Z 7
[2402] = CNOT 7 48
[2403] = CNOT 7 66
[2404] = Z 7
[2405] = CNOT 7 66
[2406] = CNOT 7 67
[2407] = Z 7
[2408] = CNOT 7 67
[2409] = CNOT 7 19
[2410] = CNOT 7 21
[2411] = CNOT 7 30
[2412] = Z 7
[2413] = CNOT 7 30
[2414] = CNOT 7 37
[2415] = Z 7
[2416] = CNOT 7 37
[2417] = CNOT 7 48
[2418] = Z 7
[2419] = CNOT 7 48
[2420] = CNOT 7 66
[2421] = Z 7
[2422] = CNOT 7 66
[2423] = CNOT 7 67
[2424] = Z 7
[2425] = CNOT 7 67
[2426] = CNOT 7 21
[2427] = CNOT 7 27
[2428] = CNOT 7 29
[2429] = S 7
[2430] = Z 7
[2431] = CNOT 7 29
[2432] = CNOT 7 31
[2433] = S 7
[2434] = Z 7
[2435] = CNOT 7 31
[2436] = CNOT 7 67
[2437] = Z 7
[2438] = CNOT 7 67
[2439] = CNOT 7 27
[2440] = CNOT 7 29
[2441] = CNOT 7 31
[2442] = S 7
[2443] = Z 7
[2444] = CNOT 7 31
[2445] = CNOT 7 67
[2446] = Z 7
[2447] = CNOT 7 67
[2448] = CNOT 7 29
[2449] = CNOT 7 30
[2450] = CNOT 7 39
[2451] = Z 7
[2452] = CNOT 7 39
[2453] = CNOT 7 48
[2454] = Z 7
[2455] = CNOT 7 48
[2456] = CNOT 7 66
[2457] = Z 7
[2458] = CNOT 7 66
[2459] = CNOT 7 67
[2460] = Z 7
[2461] = CNOT 7 67
[2462] = CNOT 7 30
[2463] = CNOT 7 31
[2464] = CNOT 7 45
[2465] = S 7
[2466] = Z 7
[2467] = CNOT 7 45
[2468] = CNOT 7 47
[2469] = S 7
[2470] = Z 7
[2471] = CNOT 7 47
[2472] = CNOT 7 67
[2473] = S 7
[2474] = CNOT 7 67
[2475] = CNOT 7 31
[2476] = CNOT 7 37
[2477] = CNOT 7 39
[2478] = S 7
[2479] = Z 7
[2480] = CNOT 7 37
[2481] = CNOT 7 48
[2482] = Z 7
[2483] = CNOT 7 48
[2484] = CNOT 7 66
[2485] = Z 7
[2486] = CNOT 7 66
[2487] = CNOT 7 67
[2488] = Z 7
[2489] = CNOT 7 67
[2490] = CNOT 7 39
[2491] = CNOT 7 45
[2492] = CNOT 7 47
[2493] = S 7
[2494] = Z 7
[2495] = CNOT 7 47
[2496] = CNOT 7 49
[2497] = S 7
[2498] = Z 7
[2499] = CNOT 7 49
[2500] = CNOT 7 67
[2501] = Z 7
[2502] = CNOT 7 67
[2503] = CNOT 7 45
[2504] = CNOT 7 47
[2505] = CNOT 7 49
[2506] = S 7
[2507] = Z 7
[2508] = CNOT 7 49
[2509] = CNOT 7 67
[2510] = Z 7
[2511] = CNOT 7 67
[2512] = CNOT 7 47
[2513] = CNOT 7 48
[2514] = CNOT 7 66
[2515] = Z 7
[2516] = CNOT 7 66
[2517] = CNOT 7 67
[2518] = Z 7
[2519] = CNOT 7 67
[2520] = CNOT 7 48
[2521] = CNOT 7 49
[2522] = CNOT 7 63
[2523] = S 7
[2524] = Z 7
[2525] = CNOT 7 63
[2526] = CNOT 7 65
[2527] = S 7
[2528] = Z 7
[2529] = CNOT 7 65
[2530] = CNOT 7 67
[2531] = S 7
[2532] = CNOT 7 67
[2533] = CNOT 7 49
[2534] = CNOT 7 55
[2535] = CNOT 7 57
[2536] = S 7
[2537] = Z 7
[2538] = CNOT 7 57
[2539] = CNOT 7 73
[2540] = Z 7
[2541] = CNOT 7 73
[2542] = CNOT 7 75
[2543] = Z 7
[2544] = CNOT 7 75
[2545] = CNOT 7 55
[2546] = CNOT 7 57
[2547] = CNOT 7 67
[2548] = Z 7
[2549] = CNOT 7 57
[2550] = CNOT 7 63
[2551] = S 7
[2552] = Z 7
[2553] = CNOT 7 63
[2554] = CNOT 7 65
[2555] = S 7
[2556] = Z 7
[2557] = CNOT 7 65
[2558] = CNOT 7 66
[2559] = Z 7
[2560] = CNOT 7 66
[2561] = CNOT 7 73
[2562] = Z 7
[2563] = CNOT 7 73
[2564] = CNOT 7 75
[2565] = Z 7
[2566] = CNOT 7 67
[2567] = CNOT 7 73
[2568] = S 7
[2569] = Z 7
[2570] = CNOT 7 75
[2571] = CNOT 7 73
[2572] = CNOT 8 10
[2573] = CNOT 8 76
[2574] = S 8
[2575] = Z 8
[2576] = CNOT 8 76
[2577] = CNOT 8 77
[2578] = S 8
[2579] = Z 8
[2580] = CNOT 8 77
[2581] = CNOT 8 10
[2582] = CNOT 9 11
[2583] = CNOT 9 67
[2584] = S 9
[2585] = Z 9
[2586] = CNOT 9 67
[2587] = CNOT 9 11
[2588] = CNOT 9 12
[2589] = CNOT 9 19
[2590] = Z 9
[2591] = CNOT 9 19
[2592] = CNOT 9 21
[2593] = Z 9
[2594] = CNOT 9 21
[2595] = CNOT 9 30
[2596] = Z 9
[2597] = CNOT 9 30
[2598] = CNOT 9 39
[2599] = Z 9
[2600] = CNOT 9 39
[2601] = CNOT 9 48
[2602] = Z 9
[2603] = CNOT 9 48
[2604] = CNOT 9 66
[2605] = Z 9
[2606] = CNOT 9 66
[2607] = CNOT 9 67
[2608] = Z 9
[2609] = CNOT 9 67
[2610] = CNOT 9 12
[2611] = CNOT 9 19
[2612] = CNOT 9 21
[2613] = S 9
[2614] = Z 9
[2615] = CNOT 9 21
[2616] = CNOT 9 30
[2617] = Z 9
[2618] = CNOT 9 30
[2619] = CNOT 9 37
[2620] = Z 9
[2621] = CNOT 9 37
[2622] = CNOT 9 48
[2623] = Z 9
[2624] = CNOT 9 48
[2625] = CNOT 9 66
[2626] = Z 9
[2627] = CNOT 9 66
[2628] = CNOT 9 67
[2629] = Z 9
[2630] = CNOT 9 67
[2631] = CNOT 9 19
[2632] = CNOT 9 21
[2633] = CNOT 9 30
[2634] = Z 9
[2635] = CNOT 9 30
[2636] = CNOT 9 37
[2637] = Z 9
[2638] = CNOT 9 37
[2639] = CNOT 9 48
[2640] = Z 9
[2641] = CNOT 9 48
[2642] = CNOT 9 66
[2643] = Z 9
[2644] = CNOT 9 66
[2645] = CNOT 9 67
[2646] = Z 9
[2647] = CNOT 9 67
[2648] = CNOT 9 21
[2649] = CNOT 9 30
[2650] = CNOT 9 39
[2651] = Z 9
[2652] = CNOT 9 39
[2653] = CNOT 9 48
[2654] = Z 9
[2655] = CNOT 9 48
[2656] = CNOT 9 66
[2657] = Z 9
[2658] = CNOT 9 66
[2659] = CNOT 9 67
[2660] = Z 9
[2661] = CNOT 9 67
[2662] = CNOT 9 30
[2663] = CNOT 9 37
[2664] = CNOT 9 39
[2665] = S 9
[2666] = Z 9
[2667] = CNOT 9 37
[2668] = CNOT 9 48
[2669] = Z 9
[2670] = CNOT 9 48
[2671] = CNOT 9 66
[2672] = Z 9
[2673] = CNOT 9 66
[2674] = CNOT 9 67
[2675] = Z 9
[2676] = CNOT 9 67
[2677] = CNOT 9 39
[2678] = CNOT 9 48
[2679] = CNOT 9 66
[2680] = Z 9
[2681] = CNOT 9 66
[2682] = CNOT 9 67
[2683] = Z 9
[2684] = CNOT 9 67
[2685] = CNOT 9 48
[2686] = CNOT 9 55
[2687] = CNOT 9 57
[2688] = S 9
[2689] = Z 9
[2690] = CNOT 9 57
[2691] = CNOT 9 73
[2692] = Z 9
[2693] = CNOT 9 73
[2694] = CNOT 9 75
[2695] = Z 9
[2696] = CNOT 9 75
[2697] = CNOT 9 55
[2698] = CNOT 9 57
[2699] = CNOT 9 67
[2700] = Z 9
[2701] = CNOT 9 57
[2702] = CNOT 9 66
[2703] = Z 9
[2704] = CNOT 9 66
[2705] = CNOT 9 73
[2706] = Z 9
[2707] = CNOT 9 73
[2708] = CNOT 9 75
[2709] = Z 9
[2710] = CNOT 9 67
[2711] = CNOT 9 73
[2712] = S 9
[2713] = Z 9
[2714] = CNOT 9 75
[2715] = CNOT 9 73
[2716] = CNOT 10 14
[2717] = CNOT 10 76
[2718] = S 10
[2719] = Z 10
[2720] = CNOT 10 76
[2721] = CNOT 10 77
[2722] = S 10
[2723] = Z 10
[2724] = CNOT 10 14
[2725] = CNOT 10 76
[2726] = Z 10
[2727] = CNOT 10 76
[2728] = CNOT 11 13
[2729] = CNOT 11 67
[2730] = S 11
[2731] = Z 11
[2732] = CNOT 11 67
[2733] = CNOT 11 13
[2734] = CNOT 12 19
[2735] = CNOT 12 21
[2736] = S 12
[2737] = Z 12
[2738] = CNOT 12 21
[2739] = CNOT 12 30
[2740] = Z 12
[2741] = CNOT 12 30
[2742] = CNOT 12 37
[2743] = Z 12
[2744] = CNOT 12 37
[2745] = CNOT 12 48
[2746] = Z 12
[2747] = CNOT 12 48
[2748] = CNOT 12 66
[2749] = Z 12
[2750] = CNOT 12 66
[2751] = CNOT 12 67
[2752] = Z 12
[2753] = CNOT 12 67
[2754] = CNOT 12 19
[2755] = CNOT 12 21
[2756] = CNOT 12 30
[2757] = Z 12
[2758] = CNOT 12 30
[2759] = CNOT 12 37
[2760] = Z 12
[2761] = CNOT 12 37
[2762] = CNOT 12 48
[2763] = Z 12
[2764] = CNOT 12 48
[2765] = CNOT 12 66
[2766] = Z 12
[2767] = CNOT 12 66
[2768] = CNOT 12 67
[2769] = Z 12
[2770] = CNOT 12 67
[2771] = CNOT 12 21
[2772] = CNOT 12 30
[2773] = CNOT 12 39
[2774] = Z 12
[2775] = CNOT 12 39
[2776] = CNOT 12 48
[2777] = Z 12
[2778] = CNOT 12 48
[2779] = CNOT 12 66
[2780] = Z 12
[2781] = CNOT 12 66
[2782] = CNOT 12 67
[2783] = Z 12
[2784] = CNOT 12 67
[2785] = CNOT 12 30
[2786] = CNOT 12 37
[2787] = CNOT 12 39
[2788] = S 12
[2789] = Z 12
[2790] = CNOT 12 37
[2791] = CNOT 12 48
[2792] = Z 12
[2793] = CNOT 12 48
[2794] = CNOT 12 66
[2795] = Z 12
[2796] = CNOT 12 66
[2797] = CNOT 12 67
[2798] = Z 12
[2799] = CNOT 12 67
[2800] = CNOT 12 39
[2801] = CNOT 12 48
[2802] = CNOT 12 66
[2803] = Z 12
[2804] = CNOT 12 66
[2805] = CNOT 12 67
[2806] = Z 12
[2807] = CNOT 12 48
[2808] = CNOT 12 66
[2809] = Z 12
[2810] = CNOT 12 67
[2811] = CNOT 12 66
[2812] = CNOT 13 27
[2813] = CNOT 13 67
[2814] = S 13
[2815] = Z 13
[2816] = CNOT 13 27
[2817] = CNOT 13 29
[2818] = S 13
[2819] = Z 13
[2820] = CNOT 13 67
[2821] = CNOT 13 29
[2822] = CNOT 14 18
[2823] = CNOT 14 76
[2824] = S 14
[2825] = Z 14
[2826] = CNOT 14 76
[2827] = CNOT 14 77
[2828] = S 14
[2829] = Z 14
[2830] = CNOT 14 77
[2831] = CNOT 14 18
[2832] = CNOT 14 20
[2833] = CNOT 14 76
[2834] = S 14
[2835] = Z 14
[2836] = CNOT 14 76
[2837] = CNOT 14 77
[2838] = S 14
[2839] = Z 14
[2840] = CNOT 14 20
[2841] = CNOT 14 76
[2842] = S 14
[2843] = CNOT 14 77
[2844] = CNOT 18 20
[2845] = CNOT 18 76
[2846] = S 18
[2847] = Z 18
[2848] = CNOT 18 76
[2849] = CNOT 18 77
[2850] = S 18
[2851] = Z 18
[2852] = CNOT 18 77
[2853] = CNOT 18 20
[2854] = CNOT 18 22
[2855] = CNOT 18 76
[2856] = S 18
[2857] = Z 18
[2858] = CNOT 18 76
[2859] = CNOT 18 77
[2860] = S 18
[2861] = Z 18
[2862] = CNOT 18 22
[2863] = CNOT 18 76
[2864] = Z 18
[2865] = CNOT 18 77
[2866] = CNOT 18 76
[2867] = CNOT 19 21
[2868] = CNOT 19 30
[2869] = S 19
[2870] = Z 19
[2871] = CNOT 19 30
[2872] = CNOT 19 37
[2873] = S 19
[2874] = Z 19
[2875] = CNOT 19 37
[2876] = CNOT 19 48
[2877] = S 19
[2878] = Z 19
[2879] = CNOT 19 48
[2880] = CNOT 19 66
[2881] = S 19
[2882] = Z 19
[2883] = CNOT 19 66
[2884] = CNOT 19 67
[2885] = S 19
[2886] = Z 19
[2887] = CNOT 19 67
[2888] = CNOT 19 21
[2889] = CNOT 19 30
[2890] = CNOT 19 37
[2891] = Z 19
[2892] = CNOT 19 37
[2893] = CNOT 19 48
[2894] = Z 19
[2895] = CNOT 19 48
[2896] = CNOT 19 66
[2897] = Z 19
[2898] = CNOT 19 66
[2899] = CNOT 19 67
[2900] = Z 19
[2901] = CNOT 19 67
[2902] = CNOT 19 30
[2903] = CNOT 19 37
[2904] = CNOT 19 48
[2905] = Z 19
[2906] = CNOT 19 48
[2907] = CNOT 19 66
[2908] = Z 19
[2909] = CNOT 19 66
[2910] = CNOT 19 67
[2911] = Z 19
[2912] = CNOT 19 67
[2913] = CNOT 19 37
[2914] = CNOT 19 48
[2915] = CNOT 19 66
[2916] = Z 19
[2917] = CNOT 19 66
[2918] = CNOT 19 67
[2919] = Z 19
[2920] = CNOT 19 48
[2921] = CNOT 19 66
[2922] = Z 19
[2923] = CNOT 19 67
[2924] = CNOT 19 66
[2925] = CNOT 20 22
[2926] = CNOT 20 76
[2927] = S 20
[2928] = Z 20
[2929] = CNOT 20 76
[2930] = CNOT 20 77
[2931] = S 20
[2932] = Z 20
[2933] = CNOT 20 22
[2934] = CNOT 20 76
[2935] = Z 20
[2936] = CNOT 20 76
[2937] = CNOT 21 30
[2938] = CNOT 21 37
[2939] = Z 21
[2940] = CNOT 21 37
[2941] = CNOT 21 48
[2942] = Z 21
[2943] = CNOT 21 48
[2944] = CNOT 21 66
[2945] = Z 21
[2946] = CNOT 21 66
[2947] = CNOT 21 67
[2948] = Z 21
[2949] = CNOT 21 67
[2950] = CNOT 21 30
[2951] = CNOT 21 37
[2952] = CNOT 21 48
[2953] = Z 21
[2954] = CNOT 21 48
[2955] = CNOT 21 66
[2956] = Z 21
[2957] = CNOT 21 66
[2958] = CNOT 21 67
[2959] = Z 21
[2960] = CNOT 21 67
[2961] = CNOT 21 37
[2962] = CNOT 21 48
[2963] = CNOT 21 66
[2964] = Z 21
[2965] = CNOT 21 66
[2966] = CNOT 21 67
[2967] = Z 21
[2968] = CNOT 21 48
[2969] = CNOT 21 66
[2970] = Z 21
[2971] = CNOT 21 67
[2972] = CNOT 21 66
[2973] = CNOT 22 26
[2974] = CNOT 22 76
[2975] = S 22
[2976] = Z 22
[2977] = CNOT 22 76
[2978] = CNOT 22 77
[2979] = S 22
[2980] = Z 22
[2981] = CNOT 22 77
[2982] = CNOT 22 26
[2983] = CNOT 22 28
[2984] = CNOT 22 76
[2985] = S 22
[2986] = Z 22
[2987] = CNOT 22 76
[2988] = CNOT 22 77
[2989] = S 22
[2990] = Z 22
[2991] = CNOT 22 28
[2992] = CNOT 22 76
[2993] = S 22
[2994] = CNOT 22 77
[2995] = CNOT 26 28
[2996] = CNOT 26 76
[2997] = S 26
[2998] = Z 26
[2999] = CNOT 26 76
[3000] = CNOT 26 77
[3001] = S 26
[3002] = Z 26
[3003] = CNOT 26 77
[3004] = CNOT 26 28
[3005] = CNOT 26 32
[3006] = CNOT 26 76
[3007] = S 26
[3008] = Z 26
[3009] = CNOT 26 76
[3010] = CNOT 26 77
[3011] = S 26
[3012] = Z 26
[3013] = CNOT 26 32
[3014] = CNOT 26 76
[3015] = Z 26
[3016] = CNOT 26 77
[3017] = CNOT 26 76
[3018] = CNOT 27 29
[3019] = CNOT 27 67
[3020] = S 27
[3021] = Z 27
[3022] = CNOT 27 29
[3023] = CNOT 27 31
[3024] = S 27
[3025] = Z 27
[3026] = CNOT 27 67
[3027] = CNOT 27 31
[3028] = CNOT 28 32
[3029] = CNOT 28 76
[3030] = S 28
[3031] = Z 28
[3032] = CNOT 28 76
[3033] = CNOT 28 77
[3034] = S 28
[3035] = Z 28
[3036] = CNOT 28 32
[3037] = CNOT 28 76
[3038] = Z 28
[3039] = CNOT 28 76
[3040] = CNOT 29 31
[3041] = CNOT 29 67
[3042] = S 29
[3043] = Z 29
[3044] = CNOT 29 67
[3045] = CNOT 29 31
[3046] = CNOT 30 37
[3047] = CNOT 30 39
[3048] = S 30
[3049] = Z 30
[3050] = CNOT 30 37
[3051] = CNOT 30 48
[3052] = Z 30
[3053] = CNOT 30 48
[3054] = CNOT 30 66
[3055] = Z 30
[3056] = CNOT 30 66
[3057] = CNOT 30 67
[3058] = Z 30
[3059] = CNOT 30 67
[3060] = CNOT 30 39
[3061] = CNOT 30 48
[3062] = CNOT 30 66
[3063] = Z 30
[3064] = CNOT 30 66
[3065] = CNOT 30 67
[3066] = Z 30
[3067] = CNOT 30 48
[3068] = CNOT 30 66
[3069] = Z 30
[3070] = CNOT 30 67
[3071] = CNOT 30 66
[3072] = CNOT 31 45
[3073] = CNOT 31 67
[3074] = S 31
[3075] = Z 31
[3076] = CNOT 31 45
[3077] = CNOT 31 47
[3078] = S 31
[3079] = Z 31
[3080] = CNOT 31 67
[3081] = CNOT 31 47
[3082] = CNOT 32 36
[3083] = CNOT 32 76
[3084] = S 32
[3085] = Z 32
[3086] = CNOT 32 76
[3087] = CNOT 32 77
[3088] = S 32
[3089] = Z 32
[3090] = CNOT 32 77
[3091] = CNOT 32 36
[3092] = CNOT 32 38
[3093] = CNOT 32 76
[3094] = S 32
[3095] = Z 32
[3096] = CNOT 32 76
[3097] = CNOT 32 77
[3098] = S 32
[3099] = Z 32
[3100] = CNOT 32 38
[3101] = CNOT 32 76
[3102] = S 32
[3103] = CNOT 32 77
[3104] = CNOT 36 38
[3105] = CNOT 36 76
[3106] = S 36
[3107] = Z 36
[3108] = CNOT 36 76
[3109] = CNOT 36 77
[3110] = S 36
[3111] = Z 36
[3112] = CNOT 36 77
[3113] = CNOT 36 38
[3114] = CNOT 36 40
[3115] = CNOT 36 76
[3116] = S 36
[3117] = Z 36
[3118] = CNOT 36 76
[3119] = CNOT 36 77
[3120] = S 36
[3121] = Z 36
[3122] = CNOT 36 40
[3123] = CNOT 36 76
[3124] = Z 36
[3125] = CNOT 36 77
[3126] = CNOT 36 76
[3127] = CNOT 37 39
[3128] = CNOT 37 48
[3129] = S 37
[3130] = Z 37
[3131] = CNOT 37 48
[3132] = CNOT 37 66
[3133] = S 37
[3134] = Z 37
[3135] = CNOT 37 66
[3136] = CNOT 37 67
[3137] = S 37
[3138] = Z 37
[3139] = CNOT 37 67
[3140] = CNOT 37 39
[3141] = CNOT 38 40
[3142] = CNOT 38 76
[3143] = S 38
[3144] = Z 38
[3145] = CNOT 38 76
[3146] = CNOT 38 77
[3147] = S 38
[3148] = Z 38
[3149] = CNOT 38 40
[3150] = CNOT 38 76
[3151] = Z 38
[3152] = CNOT 38 76
[3153] = CNOT 39 48
[3154] = CNOT 39 66
[3155] = Z 39
[3156] = CNOT 39 66
[3157] = CNOT 39 67
[3158] = Z 39
[3159] = CNOT 39 48
[3160] = CNOT 39 66
[3161] = Z 39
[3162] = CNOT 39 67
[3163] = CNOT 39 66
[3164] = CNOT 40 44
[3165] = CNOT 40 76
[3166] = S 40
[3167] = Z 40
[3168] = CNOT 40 76
[3169] = CNOT 40 77
[3170] = S 40
[3171] = Z 40
[3172] = CNOT 40 77
[3173] = CNOT 40 44
[3174] = CNOT 40 46
[3175] = CNOT 40 76
[3176] = S 40
[3177] = Z 40
[3178] = CNOT 40 76
[3179] = CNOT 40 77
[3180] = S 40
[3181] = Z 40
[3182] = CNOT 40 46
[3183] = CNOT 40 76
[3184] = S 40
[3185] = CNOT 40 77
[3186] = CNOT 44 46
[3187] = CNOT 44 76
[3188] = S 44
[3189] = Z 44
[3190] = CNOT 44 76
[3191] = CNOT 44 77
[3192] = S 44
[3193] = Z 44
[3194] = CNOT 44 77
[3195] = CNOT 44 46
[3196] = CNOT 44 50
[3197] = CNOT 44 76
[3198] = S 44
[3199] = Z 44
[3200] = CNOT 44 76
[3201] = CNOT 44 77
[3202] = S 44
[3203] = Z 44
[3204] = CNOT 44 50
[3205] = CNOT 44 76
[3206] = Z 44
[3207] = CNOT 44 77
[3208] = CNOT 44 76
[3209] = CNOT 45 47
[3210] = CNOT 45 67
[3211] = S 45
[3212] = Z 45
[3213] = CNOT 45 47
[3214] = CNOT 45 49
[3215] = S 45
[3216] = Z 45
[3217] = CNOT 45 67
[3218] = CNOT 45 49
[3219] = CNOT 46 50
[3220] = CNOT 46 76
[3221] = S 46
[3222] = Z 46
[3223] = CNOT 46 76
[3224] = CNOT 46 77
[3225] = S 46
[3226] = Z 46
[3227] = CNOT 46 50
[3228] = CNOT 46 76
[3229] = Z 46
[3230] = CNOT 46 76
[3231] = CNOT 47 49
[3232] = CNOT 47 67
[3233] = S 47
[3234] = Z 47
[3235] = CNOT 47 67
[3236] = CNOT 47 49
[3237] = CNOT 48 66
[3238] = CNOT 48 67
[3239] = Z 48
[3240] = CNOT 48 67
[3241] = CNOT 48 66
[3242] = CNOT 49 63
[3243] = CNOT 49 67
[3244] = S 49
[3245] = Z 49
[3246] = CNOT 49 63
[3247] = CNOT 49 65
[3248] = S 49
[3249] = Z 49
[3250] = CNOT 49 67
[3251] = CNOT 49 65
[3252] = CNOT 50 54
[3253] = CNOT 50 76
[3254] = S 50
[3255] = Z 50
[3256] = CNOT 50 76
[3257] = CNOT 50 77
[3258] = S 50
[3259] = Z 50
[3260] = CNOT 50 77
[3261] = CNOT 50 54
[3262] = CNOT 50 56
[3263] = CNOT 50 76
[3264] = S 50
[3265] = Z 50
[3266] = CNOT 50 76
[3267] = CNOT 50 77
[3268] = S 50
[3269] = Z 50
[3270] = CNOT 50 56
[3271] = CNOT 50 76
[3272] = S 50
[3273] = CNOT 50 77
[3274] = CNOT 54 56
[3275] = CNOT 54 76
[3276] = S 54
[3277] = Z 54
[3278] = CNOT 54 76
[3279] = CNOT 54 77
[3280] = S 54
[3281] = Z 54
[3282] = CNOT 54 77
[3283] = CNOT 54 56
[3284] = CNOT 54 58
[3285] = CNOT 54 76
[3286] = S 54
[3287] = Z 54
[3288] = CNOT 54 76
[3289] = CNOT 54 77
[3290] = S 54
[3291] = Z 54
[3292] = CNOT 54 58
[3293] = CNOT 54 76
[3294] = Z 54
[3295] = CNOT 54 77
[3296] = CNOT 54 76
[3297] = CNOT 55 57
[3298] = CNOT 55 67
[3299] = S 55
[3300] = Z 55
[3301] = CNOT 55 57
[3302] = CNOT 55 73
[3303] = Z 55
[3304] = CNOT 55 73
[3305] = CNOT 55 75
[3306] = Z 55
[3307] = CNOT 55 67
[3308] = CNOT 55 73
[3309] = S 55
[3310] = Z 55
[3311] = CNOT 55 75
[3312] = CNOT 56 58
[3313] = CNOT 56 76
[3314] = S 56
[3315] = Z 56
[3316] = CNOT 56 76
[3317] = CNOT 56 77
[3318] = S 56
[3319] = Z 56
[3320] = CNOT 56 58
[3321] = CNOT 56 76
[3322] = Z 56
[3323] = CNOT 56 76
[3324] = CNOT 58 62
[3325] = CNOT 58 76
[3326] = S 58
[3327] = Z 58
[3328] = CNOT 58 76
[3329] = CNOT 58 77
[3330] = S 58
[3331] = Z 58
[3332] = CNOT 58 77
[3333] = CNOT 58 62
[3334] = CNOT 58 64
[3335] = CNOT 58 76
[3336] = S 58
[3337] = Z 58
[3338] = CNOT 58 76
[3339] = CNOT 58 77
[3340] = S 58
[3341] = Z 58
[3342] = CNOT 58 64
[3343] = CNOT 58 76
[3344] = S 58
[3345] = CNOT 58 77
[3346] = CNOT 62 64
[3347] = CNOT 62 76
[3348] = S 62
[3349] = Z 62
[3350] = CNOT 62 76
[3351] = CNOT 62 77
[3352] = S 62
[3353] = Z 62
[3354] = CNOT 62 77
[3355] = CNOT 62 64
[3356] = CNOT 62 68
[3357] = CNOT 62 76
[3358] = S 62
[3359] = Z 62
[3360] = CNOT 62 76
[3361] = CNOT 62 77
[3362] = S 62
[3363] = Z 62
[3364] = CNOT 62 68
[3365] = CNOT 62 76
[3366] = Z 62
[3367] = CNOT 62 77
[3368] = CNOT 62 76
[3369] = CNOT 64 68
[3370] = CNOT 64 76
[3371] = S 64
[3372] = Z 64
[3373] = CNOT 64 76
[3374] = CNOT 64 77
[3375] = S 64
[3376] = Z 64
[3377] = CNOT 64 68
[3378] = CNOT 64 76
[3379] = Z 64
[3380] = CNOT 64 76
[3381] = CNOT 67 73
[3382] = CNOT 67 75
[3383] = S 67
[3384] = Z 67
[3385] = CNOT 67 75
[3386] = CNOT 67 73
[3387] = CNOT 68 72
[3388] = CNOT 68 76
[3389] = S 68
[3390] = Z 68
[3391] = CNOT 68 76
[3392] = CNOT 68 77
[3393] = S 68
[3394] = Z 68
[3395] = CNOT 68 77
[3396] = CNOT 68 72
[3397] = CNOT 68 74
[3398] = CNOT 68 76
[3399] = S 68
[3400] = Z 68
[3401] = CNOT 68 76
[3402] = CNOT 68 77
[3403] = S 68
[3404] = Z 68
[3405] = CNOT 68 74
[3406] = CNOT 68 76
[3407] = S 68
[3408] = CNOT 68 77
[3409] = CNOT 72 76
[3410] = CNOT 72 77
[3411] = S 72
[3412] = Z 72
[3413] = CNOT 72 77
[3414] = CNOT 72 76
[3415] = CNOT 74 76
[3416] = CNOT 74 77
[3417] = S 74
[3418] = Z 74
[3419] = CNOT 74 76
[3420] = CNOT 69 77
[3421] = CNOT 59 77
[3422] = CNOT 51 77
[3423] = CNOT 41 77
[3424] = CNOT 33 77
[3425] = CNOT 23 77
[3426] = CNOT 15 77
[3427] = CNOT 7 77
[3428] = CNOT 75 76
[3429] = CNOT 65 76
[3430] = CNOT 57 76
[3431] = CNOT 47 76
[3432] = CNOT 39 76
[3433] = CNOT 29 76
[3434] = CNOT 21 76
[3435] = CNOT 11 76
[3436] = CNOT 8 76
[3437] = CNOT 76 75
[3438] = CNOT 75 76
[3439] = CNOT 77 74
[3440] = CNOT 74 77
[3441] = CNOT 63 73
[3442] = CNOT 45 73
[3443] = CNOT 37 73
[3444] = CNOT 27 73
[3445] = CNOT 19 73
[3446] = CNOT 4 73
[3447] = CNOT 62 72
[3448] = CNOT 54 72
[3449] = CNOT 44 72
[3450] = CNOT 36 72
[3451] = CNOT 26 72
[3452] = CNOT 18 72
[3453] = CNOT 3 72
[3454] = CNOT 53 71
[3455] = CNOT 43 71
[3456] = CNOT 35 71
[3457] = CNOT 25 71
[3458] = CNOT 17 71
[3459] = CNOT 2 71
[3460] = CNOT 60 70
[3461] = CNOT 52 70
[3462] = CNOT 42 70
[3463] = CNOT 34 70
[3464] = CNOT 24 70
[3465] = CNOT 16 70
[3466] = CNOT 1 70
[3467] = CNOT 74 69
[3468] = CNOT 69 74
[3469] = CNOT 75 68
[3470] = CNOT 68 75
[3471] = CNOT 66 67
[3472] = CNOT 49 67
[3473] = CNOT 48 67
[3474] = CNOT 31 67
[3475] = CNOT 30 67
[3476] = CNOT 13 67
[3477] = CNOT 12 67
[3478] = CNOT 9 67
[3479] = CNOT 67 66
[3480] = CNOT 66 67
[3481] = CNOT 68 65
[3482] = CNOT 65 68
[3483] = CNOT 69 64
[3484] = CNOT 64 69
[3485] = CNOT 73 63
[3486] = CNOT 63 73
[3487] = CNOT 72 62
[3488] = CNOT 62 72
[3489] = CNOT 71 61
[3490] = CNOT 61 71
[3491] = CNOT 70 60
[3492] = CNOT 60 70
[3493] = CNOT 64 59
[3494] = CNOT 59 64
[3495] = CNOT 65 58
[3496] = CNOT 58 65
[3497] = CNOT 58 57
[3498] = CNOT 57 58
[3499] = CNOT 59 56
[3500] = CNOT 56 59
[3501] = CNOT 63 55
[3502] = CNOT 55 63
[3503] = CNOT 62 54
[3504] = CNOT 54 62
[3505] = CNOT 61 53
[3506] = CNOT 53 61
[3507] = CNOT 60 52
[3508] = CNOT 52 60
[3509] = CNOT 56 51
[3510] = CNOT 51 56
[3511] = CNOT 57 50
[3512] = CNOT 50 57
[3513] = CNOT 66 49
[3514] = CNOT 49 66
[3515] = CNOT 49 48
[3516] = CNOT 48 49
[3517] = CNOT 50 47
[3518] = CNOT 47 50
[3519] = CNOT 51 46
[3520] = CNOT 46 51
[3521] = CNOT 55 45
[3522] = CNOT 45 55
[3523] = CNOT 54 44
[3524] = CNOT 44 54
[3525] = CNOT 53 43
[3526] = CNOT 43 53
[3527] = CNOT 52 42
[3528] = CNOT 42 52
[3529] = CNOT 46 41
[3530] = CNOT 41 46
[3531] = CNOT 47 40
[3532] = CNOT 40 47
[3533] = CNOT 40 39
[3534] = CNOT 39 40
[3535] = CNOT 41 38
[3536] = CNOT 38 41
[3537] = CNOT 45 37
[3538] = CNOT 37 45
[3539] = CNOT 44 36
[3540] = CNOT 36 44
[3541] = CNOT 43 35
[3542] = CNOT 35 43
[3543] = CNOT 42 34
[3544] = CNOT 34 42
[3545] = CNOT 38 33
[3546] = CNOT 33 38
[3547] = CNOT 39 32
[3548] = CNOT 32 39
[3549] = CNOT 48 31
[3550] = CNOT 31 48
[3551] = CNOT 31 30
[3552] = CNOT 30 31
[3553] = CNOT 32 29
[3554] = CNOT 29 32
[3555] = CNOT 33 28
[3556] = CNOT 28 33
[3557] = CNOT 37 27
[3558] = CNOT 27 37
[3559] = CNOT 36 26
[3560] = CNOT 26 36
[3561] = CNOT 35 25
[3562] = CNOT 25 35
[3563] = CNOT 34 24
[3564] = CNOT 24 34
[3565] = CNOT 28 23
[3566] = CNOT 23 28
[3567] = CNOT 29 22
[3568] = CNOT 22 29
[3569] = CNOT 22 21
[3570] = CNOT 21 22
[3571] = CNOT 23 20
[3572] = CNOT 20 23
[3573] = CNOT 27 19
[3574] = CNOT 19 27
[3575] = CNOT 26 18
[3576] = CNOT 18 26
[3577] = CNOT 25 17
[3578] = CNOT 17 25
[3579] = CNOT 24 16
[3580] = CNOT 16 24
[3581] = CNOT 20 15
[3582] = CNOT 15 20
[3583] = CNOT 21 14
[3584] = CNOT 14 21
[3585] = CNOT 30 13
[3586] = CNOT 13 30
[3587] = CNOT 13 12
[3588] = CNOT 12 13
[3589] = CNOT 14 11
[3590] = CNOT 11 14
[3591] = CNOT 15 10
[3592] = CNOT 10 15
[3593] = CNOT 12 9
[3594] = CNOT 9 12
[3595] = CNOT 11 8
[3596] = CNOT 8 11
[3597] = CNOT 10 7
[3598] = CNOT 7 10
[3599] = CNOT 19 4
[3600] = CNOT 4 19
[3601] = CNOT 18 3
[3602] = CNOT 3 18
[3603] = CNOT 17 2
[3604] = CNOT 2 17
[3605] = CNOT 16 1
[3606] = CNOT 1 16
[3607] = H 10
[3608] = M 10
[3609] = H 11
[3610] = M 11
[3611] = H 12
[3612] = M 12
[3613] = H 13
[3614] = M 13
[3615] = H 14
[3616] = M 14
[3617] = H 15
[3618] = M 15
[3619] = H 16
[3620] = M 16
[3621] = H 17
[3622] = M 17
[3623] = H 18
[3624] = M 18
[3625] = H 19
[3626] = M 19
[3627] = H 20
[3628] = M 20
[3629] = H 21
[3630] = M 21
[3631] = H 22
[3632] = M 22
[3633] = H 23
[3634] = M 23
[3635] = H 24
[3636] = M 24
[3637] = H 25
[3638] = M 25
[3639] = H 26
[3640] = M 26
[3641] = H 27
[3642] = M 27
[3643] = H 28
[3644] = M 28
[3645] = H 29
[3646] = M 29
[3647] = H 30
[3648] = M 30
[3649] = H 31
[3650] = M 31
[3651] = H 32
[3652] = M 32
[3653] = H 33
[3654] = M 33
[3655] = H 34
[3656] = M 34
[3657] = H 35
[3658] = M 35
[3659] = H 36
[3660] = M 36
[3661] = H 37
[3662] = M 37
[3663] = H 38
[3664] = M 38
[3665] = H 39
[3666] = M 39
[3667] = H 40
[3668] = M 40
[3669] = H 41
[3670] = M 41
[3671] = H 42
[3672] = M 42
[3673] = H 43
[3674] = M 43
[3675] = H 44
[3676] = M 44
[3677] = H 45
[3678] = M 45
[3679] = H 46
[3680] = M 46
[3681] = H 47
[3682] = M 47
[3683] = H 48
[3684] = M 48
[3685] = H 49
[3686] = M 49
[3687] = H 50
[3688] = M 50
[3689] = H 51
[3690] = M 51
[3691] = H 52
[3692] = M 52
[3693] = H 53
[3694] = M 53
[3695] = H 54
[3696] = M 54
[3697] = H 55
[3698] = M 55
[3699] = H 56
[3700] = M 56
[3701] = H 57
[3702] = M 57
[3703] = H 58
[3704] = M 58
[3705] = H 59
[3706] = M 59
[3707] = H 60
[3708] = M 60
[3709] = H 61
[3710] = M 61
[3711] = H 62
[3712] = M 62
[3713] = H 63
[3714] = M 63
[3715] = H 64
[3716] = M 64
[3717] = H 65
[3718] = M 65
[3719] = H 66
[3720] = M 66
[3721] = H 67
[3722] = M 67
[3723] = H 68
[3724] = M 68
[3725] = H 69
[3726] = M 69
[3727] = H 70
[3728] = M 70
[3729] = H 71
[3730] = M 71
[3731] = H 72
[3732] = M 72
[3733] = H 73
[3734] = M 73
[3735] = H 74
[3736] = M 74
[3737] = H 75
[3738] = M 75
[3739] = H 76
[3740] = M 76
[3741] = H 77
[3742] = M 77
[3743] = H 4
[3744] = H 3
[3745] = H 2
[3746] = H 1
[3747] = H 7
[3748] = H 8
[3749] = H 9
[3750] = H 6
Gate distributions:
Input:
Operator distribution:
Total number of qubits = 9
Number of `data' qubits = 9
Number of `Toff_n' ancillas = 0
Number of Hadamard ancillas = 0
Hadamard ancilla cap = infinite
Number of {CNOT,T} partitions = 1
T count = 336
Cost estimation = 168142
	id	Count
	0	0
	1	0
	2	0
	3	142
	4	0
	5	0
	6	0
	7	0
	8	0
	9	0
	10	48
	11	0
	12	0
	13	0
	14	0
	15	0
	16	0
	17	0
	18	0
Output:
Operator distribution:
Total number of qubits = 77
Number of `data' qubits = 9
Number of `Toff_n' ancillas = 0
Number of Hadamard ancillas = 68
Hadamard ancilla cap = infinite
Number of {CNOT,T} partitions = 1
T count = 144
Cost estimation = 75641
	id	Count
	0	0
	1	0
	2	0
	3	152
	4	2278
	5	144
	6	0
	7	0
	8	0
	9	0
	10	0
	11	511
	12	0
	13	598
	14	0
	15	0
	16	0
	17	0
	18	68
Output T Count (SQC_Circuit) = 144
Output T Count (PhasePolynomial) = 144
Fail count = 0

Execution time: 2170.16s
Number of LCL errors: 0
Number of LCL warnings: 0
