Optimize a Clifford + T circuit.
Input filename = /home/ryo-mtmt/TOpt/forme/tpar_benchmark/ham15-high.tfc
Number of unknown gates = 0
Number of unknown qubit labels = 0
Circuit filename: /home/ryo-mtmt/TOpt/forme/tpar_benchmark/ham15-high.tfc

n 20
n_x 20
n_y 0
n_z 0
m 1101
[0] = H 20
[1] = CCZ 6 10 20
[2] = H 20
[3] = H 19
[4] = CCZ 20 11 19
[5] = H 19
[6] = H 18
[7] = CCZ 19 12 18
[8] = H 18
[9] = H 17
[10] = CCZ 18 13 17
[11] = H 17
[12] = H 16
[13] = CCZ 17 14 16
[14] = H 16
[15] = H 2
[16] = CCZ 16 15 2
[17] = H 2
[18] = H 16
[19] = CCZ 17 14 16
[20] = H 16
[21] = H 17
[22] = CCZ 18 13 17
[23] = H 17
[24] = H 18
[25] = CCZ 19 12 18
[26] = H 18
[27] = H 19
[28] = CCZ 20 11 19
[29] = H 19
[30] = H 20
[31] = CCZ 6 10 20
[32] = H 20
[33] = H 19
[34] = CCZ 6 10 19
[35] = H 19
[36] = H 18
[37] = CCZ 19 12 18
[38] = H 18
[39] = H 17
[40] = CCZ 18 13 17
[41] = H 17
[42] = H 16
[43] = CCZ 17 14 16
[44] = H 16
[45] = H 2
[46] = CCZ 16 15 2
[47] = H 2
[48] = H 16
[49] = CCZ 17 14 16
[50] = H 16
[51] = H 17
[52] = CCZ 18 13 17
[53] = H 17
[54] = H 18
[55] = CCZ 19 12 18
[56] = H 18
[57] = H 19
[58] = CCZ 6 10 19
[59] = H 19
[60] = H 18
[61] = CCZ 10 12 18
[62] = H 18
[63] = H 17
[64] = CCZ 18 13 17
[65] = H 17
[66] = H 16
[67] = CCZ 17 14 16
[68] = H 16
[69] = H 2
[70] = CCZ 16 15 2
[71] = H 2
[72] = H 16
[73] = CCZ 17 14 16
[74] = H 16
[75] = H 17
[76] = CCZ 18 13 17
[77] = H 17
[78] = H 18
[79] = CCZ 10 12 18
[80] = H 18
[81] = H 17
[82] = CCZ 10 13 17
[83] = H 17
[84] = H 16
[85] = CCZ 17 14 16
[86] = H 16
[87] = H 2
[88] = CCZ 16 15 2
[89] = H 2
[90] = H 16
[91] = CCZ 17 14 16
[92] = H 16
[93] = H 17
[94] = CCZ 10 13 17
[95] = H 17
[96] = H 18
[97] = CCZ 3 10 18
[98] = H 18
[99] = H 17
[100] = CCZ 18 13 17
[101] = H 17
[102] = H 16
[103] = CCZ 17 14 16
[104] = H 16
[105] = H 2
[106] = CCZ 16 15 2
[107] = H 2
[108] = H 16
[109] = CCZ 17 14 16
[110] = H 16
[111] = H 17
[112] = CCZ 18 13 17
[113] = H 17
[114] = H 18
[115] = CCZ 3 10 18
[116] = H 18
[117] = H 17
[118] = CCZ 3 13 17
[119] = H 17
[120] = H 16
[121] = CCZ 17 14 16
[122] = H 16
[123] = H 2
[124] = CCZ 16 15 2
[125] = H 2
[126] = H 16
[127] = CCZ 17 14 16
[128] = H 16
[129] = H 17
[130] = CCZ 3 13 17
[131] = H 17
[132] = H 18
[133] = CCZ 3 6 18
[134] = H 18
[135] = H 17
[136] = CCZ 18 13 17
[137] = H 17
[138] = H 16
[139] = CCZ 17 14 16
[140] = H 16
[141] = H 2
[142] = CCZ 16 15 2
[143] = H 2
[144] = H 16
[145] = CCZ 17 14 16
[146] = H 16
[147] = H 17
[148] = CCZ 18 13 17
[149] = H 17
[150] = H 18
[151] = CCZ 3 6 18
[152] = H 18
[153] = H 18
[154] = CCZ 11 12 18
[155] = H 18
[156] = H 17
[157] = CCZ 18 13 17
[158] = H 17
[159] = H 16
[160] = CCZ 17 14 16
[161] = H 16
[162] = H 3
[163] = CCZ 16 15 3
[164] = H 3
[165] = H 16
[166] = CCZ 17 14 16
[167] = H 16
[168] = H 17
[169] = CCZ 18 13 17
[170] = H 17
[171] = H 18
[172] = CCZ 11 12 18
[173] = H 18
[174] = H 17
[175] = CCZ 6 12 17
[176] = H 17
[177] = H 16
[178] = CCZ 17 14 16
[179] = H 16
[180] = H 3
[181] = CCZ 16 15 3
[182] = H 3
[183] = H 16
[184] = CCZ 17 14 16
[185] = H 16
[186] = H 17
[187] = CCZ 6 12 17
[188] = H 17
[189] = H 18
[190] = CCZ 3 10 18
[191] = H 18
[192] = H 17
[193] = CCZ 18 12 17
[194] = H 17
[195] = H 16
[196] = CCZ 17 14 16
[197] = H 16
[198] = H 2
[199] = CCZ 16 15 2
[200] = H 2
[201] = H 16
[202] = CCZ 17 14 16
[203] = H 16
[204] = H 17
[205] = CCZ 18 12 17
[206] = H 17
[207] = H 18
[208] = CCZ 3 10 18
[209] = H 18
[210] = H 17
[211] = CCZ 3 12 17
[212] = H 17
[213] = H 16
[214] = CCZ 17 14 16
[215] = H 16
[216] = H 2
[217] = CCZ 16 15 2
[218] = H 2
[219] = H 16
[220] = CCZ 17 14 16
[221] = H 16
[222] = H 17
[223] = CCZ 3 12 17
[224] = H 17
[225] = H 18
[226] = CCZ 3 6 18
[227] = H 18
[228] = H 17
[229] = CCZ 18 12 17
[230] = H 17
[231] = H 16
[232] = CCZ 17 14 16
[233] = H 16
[234] = H 2
[235] = CCZ 16 15 2
[236] = H 2
[237] = H 16
[238] = CCZ 17 14 16
[239] = H 16
[240] = H 17
[241] = CCZ 18 12 17
[242] = H 17
[243] = H 18
[244] = CCZ 3 6 18
[245] = H 18
[246] = H 17
[247] = CCZ 8 13 17
[248] = H 17
[249] = H 16
[250] = CCZ 17 14 16
[251] = H 16
[252] = H 2
[253] = CCZ 16 15 2
[254] = H 2
[255] = H 16
[256] = CCZ 17 14 16
[257] = H 16
[258] = H 17
[259] = CCZ 8 13 17
[260] = H 17
[261] = H 16
[262] = CCZ 13 14 16
[263] = H 16
[264] = H 8
[265] = CCZ 16 15 8
[266] = H 8
[267] = H 16
[268] = CCZ 13 14 16
[269] = H 16
[270] = H 17
[271] = CCZ 12 13 17
[272] = H 17
[273] = H 16
[274] = CCZ 17 14 16
[275] = H 16
[276] = H 8
[277] = CCZ 16 15 8
[278] = H 8
[279] = H 16
[280] = CCZ 17 14 16
[281] = H 16
[282] = H 17
[283] = CCZ 12 13 17
[284] = H 17
[285] = H 17
[286] = CCZ 8 13 17
[287] = H 17
[288] = H 16
[289] = CCZ 17 14 16
[290] = H 16
[291] = H 2
[292] = CCZ 16 15 2
[293] = H 2
[294] = H 16
[295] = CCZ 17 14 16
[296] = H 16
[297] = H 17
[298] = CCZ 8 13 17
[299] = H 17
[300] = H 17
[301] = CCZ 12 13 17
[302] = H 17
[303] = H 16
[304] = CCZ 17 14 16
[305] = H 16
[306] = H 4
[307] = CCZ 16 15 4
[308] = H 4
[309] = H 16
[310] = CCZ 17 14 16
[311] = H 16
[312] = H 17
[313] = CCZ 12 13 17
[314] = H 17
[315] = H 16
[316] = CCZ 12 14 16
[317] = H 16
[318] = H 4
[319] = CCZ 16 15 4
[320] = H 4
[321] = H 16
[322] = CCZ 12 14 16
[323] = H 16
[324] = H 17
[325] = CCZ 6 12 17
[326] = H 17
[327] = H 16
[328] = CCZ 17 14 16
[329] = H 16
[330] = H 4
[331] = CCZ 16 15 4
[332] = H 4
[333] = H 16
[334] = CCZ 17 14 16
[335] = H 16
[336] = H 17
[337] = CCZ 6 12 17
[338] = H 17
[339] = H 16
[340] = CCZ 12 14 16
[341] = H 16
[342] = H 13
[343] = CCZ 16 15 13
[344] = H 13
[345] = H 16
[346] = CCZ 12 14 16
[347] = H 16
[348] = H 16
[349] = CCZ 13 14 16
[350] = H 16
[351] = H 2
[352] = CCZ 16 15 2
[353] = H 2
[354] = H 16
[355] = CCZ 13 14 16
[356] = H 16
[357] = H 19
[358] = CCZ 6 10 19
[359] = H 19
[360] = H 18
[361] = CCZ 19 11 18
[362] = H 18
[363] = H 17
[364] = CCZ 18 12 17
[365] = H 17
[366] = H 16
[367] = CCZ 17 14 16
[368] = H 16
[369] = H 2
[370] = CCZ 16 15 2
[371] = H 2
[372] = H 16
[373] = CCZ 17 14 16
[374] = H 16
[375] = H 17
[376] = CCZ 18 12 17
[377] = H 17
[378] = H 18
[379] = CCZ 19 11 18
[380] = H 18
[381] = H 19
[382] = CCZ 6 10 19
[383] = H 19
[384] = H 18
[385] = CCZ 6 11 18
[386] = H 18
[387] = H 17
[388] = CCZ 18 12 17
[389] = H 17
[390] = H 16
[391] = CCZ 17 14 16
[392] = H 16
[393] = H 2
[394] = CCZ 16 15 2
[395] = H 2
[396] = H 16
[397] = CCZ 17 14 16
[398] = H 16
[399] = H 17
[400] = CCZ 18 12 17
[401] = H 17
[402] = H 18
[403] = CCZ 6 11 18
[404] = H 18
[405] = H 17
[406] = CCZ 11 12 17
[407] = H 17
[408] = H 16
[409] = CCZ 17 14 16
[410] = H 16
[411] = H 2
[412] = CCZ 16 15 2
[413] = H 2
[414] = H 16
[415] = CCZ 17 14 16
[416] = H 16
[417] = H 17
[418] = CCZ 11 12 17
[419] = H 17
[420] = H 18
[421] = CCZ 10 11 18
[422] = H 18
[423] = H 17
[424] = CCZ 18 12 17
[425] = H 17
[426] = H 16
[427] = CCZ 17 14 16
[428] = H 16
[429] = H 2
[430] = CCZ 16 15 2
[431] = H 2
[432] = H 16
[433] = CCZ 17 14 16
[434] = H 16
[435] = H 17
[436] = CCZ 18 12 17
[437] = H 17
[438] = H 18
[439] = CCZ 10 11 18
[440] = H 18
[441] = H 17
[442] = CCZ 12 13 17
[443] = H 17
[444] = H 16
[445] = CCZ 17 14 16
[446] = H 16
[447] = H 10
[448] = CCZ 16 15 10
[449] = H 10
[450] = H 16
[451] = CCZ 17 14 16
[452] = H 16
[453] = H 17
[454] = CCZ 12 13 17
[455] = H 17
[456] = H 16
[457] = CCZ 13 14 16
[458] = H 16
[459] = H 11
[460] = CCZ 16 15 11
[461] = H 11
[462] = H 16
[463] = CCZ 13 14 16
[464] = H 16
[465] = H 16
[466] = CCZ 12 14 16
[467] = H 16
[468] = H 3
[469] = CCZ 16 15 3
[470] = H 3
[471] = H 16
[472] = CCZ 12 14 16
[473] = H 16
[474] = H 16
[475] = CCZ 12 13 16
[476] = H 16
[477] = H 14
[478] = CCZ 16 15 14
[479] = H 14
[480] = H 16
[481] = CCZ 12 13 16
[482] = H 16
[483] = H 18
[484] = CCZ 6 11 18
[485] = H 18
[486] = H 17
[487] = CCZ 18 12 17
[488] = H 17
[489] = H 16
[490] = CCZ 17 13 16
[491] = H 16
[492] = H 3
[493] = CCZ 16 15 3
[494] = H 3
[495] = H 16
[496] = CCZ 17 13 16
[497] = H 16
[498] = H 17
[499] = CCZ 18 12 17
[500] = H 17
[501] = H 18
[502] = CCZ 6 11 18
[503] = H 18
[504] = H 17
[505] = CCZ 11 12 17
[506] = H 17
[507] = H 16
[508] = CCZ 17 13 16
[509] = H 16
[510] = H 3
[511] = CCZ 16 15 3
[512] = H 3
[513] = H 16
[514] = CCZ 17 13 16
[515] = H 16
[516] = H 17
[517] = CCZ 11 12 17
[518] = H 17
[519] = H 16
[520] = CCZ 12 13 16
[521] = H 16
[522] = H 4
[523] = CCZ 16 15 4
[524] = H 4
[525] = H 16
[526] = CCZ 12 13 16
[527] = H 16
[528] = H 18
[529] = CCZ 3 10 18
[530] = H 18
[531] = H 17
[532] = CCZ 18 12 17
[533] = H 17
[534] = H 16
[535] = CCZ 17 13 16
[536] = H 16
[537] = H 2
[538] = CCZ 16 15 2
[539] = H 2
[540] = H 16
[541] = CCZ 17 13 16
[542] = H 16
[543] = H 17
[544] = CCZ 18 12 17
[545] = H 17
[546] = H 18
[547] = CCZ 3 10 18
[548] = H 18
[549] = H 17
[550] = CCZ 10 12 17
[551] = H 17
[552] = H 16
[553] = CCZ 17 13 16
[554] = H 16
[555] = H 2
[556] = CCZ 16 15 2
[557] = H 2
[558] = H 16
[559] = CCZ 17 13 16
[560] = H 16
[561] = H 17
[562] = CCZ 10 12 17
[563] = H 17
[564] = H 16
[565] = CCZ 10 13 16
[566] = H 16
[567] = H 2
[568] = CCZ 16 15 2
[569] = H 2
[570] = H 16
[571] = CCZ 10 13 16
[572] = H 16
[573] = H 17
[574] = CCZ 6 12 17
[575] = H 17
[576] = H 16
[577] = CCZ 17 13 16
[578] = H 16
[579] = H 11
[580] = CCZ 16 15 11
[581] = H 11
[582] = H 16
[583] = CCZ 17 13 16
[584] = H 16
[585] = H 17
[586] = CCZ 6 12 17
[587] = H 17
[588] = H 18
[589] = CCZ 3 6 18
[590] = H 18
[591] = H 17
[592] = CCZ 18 12 17
[593] = H 17
[594] = H 16
[595] = CCZ 17 13 16
[596] = H 16
[597] = H 2
[598] = CCZ 16 15 2
[599] = H 2
[600] = H 16
[601] = CCZ 17 13 16
[602] = H 16
[603] = H 17
[604] = CCZ 18 12 17
[605] = H 17
[606] = H 18
[607] = CCZ 3 6 18
[608] = H 18
[609] = H 17
[610] = CCZ 12 13 17
[611] = H 17
[612] = H 16
[613] = CCZ 17 14 16
[614] = H 16
[615] = H 6
[616] = CCZ 16 15 6
[617] = H 6
[618] = H 16
[619] = CCZ 17 14 16
[620] = H 16
[621] = H 17
[622] = CCZ 12 13 17
[623] = H 17
[624] = H 17
[625] = CCZ 6 12 17
[626] = H 17
[627] = H 16
[628] = CCZ 17 14 16
[629] = H 16
[630] = H 3
[631] = CCZ 16 15 3
[632] = H 3
[633] = H 16
[634] = CCZ 17 14 16
[635] = H 16
[636] = H 17
[637] = CCZ 6 12 17
[638] = H 17
[639] = H 18
[640] = CCZ 3 6 18
[641] = H 18
[642] = H 17
[643] = CCZ 18 10 17
[644] = H 17
[645] = H 16
[646] = CCZ 17 13 16
[647] = H 16
[648] = H 2
[649] = CCZ 16 15 2
[650] = H 2
[651] = H 16
[652] = CCZ 17 13 16
[653] = H 16
[654] = H 17
[655] = CCZ 18 10 17
[656] = H 17
[657] = H 18
[658] = CCZ 3 6 18
[659] = H 18
[660] = H 17
[661] = CCZ 6 10 17
[662] = H 17
[663] = H 16
[664] = CCZ 17 13 16
[665] = H 16
[666] = H 2
[667] = CCZ 16 15 2
[668] = H 2
[669] = H 16
[670] = CCZ 17 13 16
[671] = H 16
[672] = H 17
[673] = CCZ 6 10 17
[674] = H 17
[675] = H 16
[676] = CCZ 3 14 16
[677] = H 16
[678] = H 2
[679] = CCZ 16 15 2
[680] = H 2
[681] = H 16
[682] = CCZ 3 14 16
[683] = H 16
[684] = H 17
[685] = CCZ 12 13 17
[686] = H 17
[687] = H 16
[688] = CCZ 17 14 16
[689] = H 16
[690] = H 1
[691] = CCZ 16 15 1
[692] = H 1
[693] = H 16
[694] = CCZ 17 14 16
[695] = H 16
[696] = H 17
[697] = CCZ 12 13 17
[698] = H 17
[699] = H 16
[700] = CCZ 6 13 16
[701] = H 16
[702] = H 14
[703] = CCZ 16 15 14
[704] = H 14
[705] = H 16
[706] = CCZ 6 13 16
[707] = H 16
[708] = H 16
[709] = CCZ 13 14 16
[710] = H 16
[711] = H 12
[712] = CCZ 16 15 12
[713] = H 12
[714] = H 16
[715] = CCZ 13 14 16
[716] = H 16
[717] = H 17
[718] = CCZ 6 12 17
[719] = H 17
[720] = H 16
[721] = CCZ 17 13 16
[722] = H 16
[723] = H 2
[724] = CCZ 16 15 2
[725] = H 2
[726] = H 16
[727] = CCZ 17 13 16
[728] = H 16
[729] = H 17
[730] = CCZ 6 12 17
[731] = H 17
[732] = H 16
[733] = CCZ 12 14 16
[734] = H 16
[735] = H 11
[736] = CCZ 16 15 11
[737] = H 11
[738] = H 16
[739] = CCZ 12 14 16
[740] = H 16
[741] = H 17
[742] = CCZ 3 10 17
[743] = H 17
[744] = H 16
[745] = CCZ 17 13 16
[746] = H 16
[747] = H 2
[748] = CCZ 16 15 2
[749] = H 2
[750] = H 16
[751] = CCZ 17 13 16
[752] = H 16
[753] = H 17
[754] = CCZ 3 10 17
[755] = H 17
[756] = H 16
[757] = CCZ 12 13 16
[758] = H 16
[759] = H 3
[760] = CCZ 16 15 3
[761] = H 3
[762] = H 16
[763] = CCZ 12 13 16
[764] = H 16
[765] = H 16
[766] = CCZ 6 13 16
[767] = H 16
[768] = H 10
[769] = CCZ 16 15 10
[770] = H 10
[771] = H 16
[772] = CCZ 6 13 16
[773] = H 16
[774] = H 13
[775] = CCZ 14 15 13
[776] = H 13
[777] = H 14
[778] = CCZ 13 15 14
[779] = H 14
[780] = H 16
[781] = CCZ 3 13 16
[782] = H 16
[783] = H 2
[784] = CCZ 16 15 2
[785] = H 2
[786] = H 16
[787] = CCZ 3 13 16
[788] = H 16
[789] = H 3
[790] = CCZ 13 15 3
[791] = H 3
[792] = H 16
[793] = CCZ 13 14 16
[794] = H 16
[795] = H 10
[796] = CCZ 16 15 10
[797] = H 10
[798] = H 16
[799] = CCZ 13 14 16
[800] = H 16
[801] = H 18
[802] = CCZ 3 10 18
[803] = H 18
[804] = H 17
[805] = CCZ 18 13 17
[806] = H 17
[807] = H 16
[808] = CCZ 17 14 16
[809] = H 16
[810] = H 2
[811] = CCZ 16 15 2
[812] = H 2
[813] = H 16
[814] = CCZ 17 14 16
[815] = H 16
[816] = H 17
[817] = CCZ 18 13 17
[818] = H 17
[819] = H 18
[820] = CCZ 3 10 18
[821] = H 18
[822] = H 16
[823] = CCZ 3 12 16
[824] = H 16
[825] = H 13
[826] = CCZ 16 15 13
[827] = H 13
[828] = H 16
[829] = CCZ 3 12 16
[830] = H 16
[831] = H 17
[832] = CCZ 3 11 17
[833] = H 17
[834] = H 16
[835] = CCZ 17 12 16
[836] = H 16
[837] = H 13
[838] = CCZ 16 15 13
[839] = H 13
[840] = H 16
[841] = CCZ 17 12 16
[842] = H 16
[843] = H 17
[844] = CCZ 3 11 17
[845] = H 17
[846] = H 16
[847] = CCZ 11 12 16
[848] = H 16
[849] = H 13
[850] = CCZ 16 15 13
[851] = H 13
[852] = H 16
[853] = CCZ 11 12 16
[854] = H 16
[855] = H 12
[856] = CCZ 13 15 12
[857] = H 12
[858] = H 3
[859] = CCZ 13 15 3
[860] = H 3
[861] = H 13
[862] = CCZ 12 15 13
[863] = H 13
[864] = H 11
[865] = CCZ 13 15 11
[866] = H 11
[867] = H 17
[868] = CCZ 11 12 17
[869] = H 17
[870] = H 16
[871] = CCZ 17 13 16
[872] = H 16
[873] = H 3
[874] = CCZ 16 15 3
[875] = H 3
[876] = H 16
[877] = CCZ 17 13 16
[878] = H 16
[879] = H 17
[880] = CCZ 11 12 17
[881] = H 17
[882] = H 17
[883] = CCZ 3 11 17
[884] = H 17
[885] = H 16
[886] = CCZ 17 13 16
[887] = H 16
[888] = H 12
[889] = CCZ 16 15 12
[890] = H 12
[891] = H 16
[892] = CCZ 17 13 16
[893] = H 16
[894] = H 17
[895] = CCZ 3 11 17
[896] = H 17
[897] = H 12
[898] = CCZ 6 15 12
[899] = H 12
[900] = H 13
[901] = CCZ 6 15 13
[902] = H 13
[903] = H 17
[904] = CCZ 6 12 17
[905] = H 17
[906] = H 16
[907] = CCZ 17 13 16
[908] = H 16
[909] = H 4
[910] = CCZ 16 15 4
[911] = H 4
[912] = H 16
[913] = CCZ 17 13 16
[914] = H 16
[915] = H 17
[916] = CCZ 6 12 17
[917] = H 17
[918] = CNOT 13 15
[919] = H 12
[920] = CCZ 13 15 12
[921] = H 12
[922] = H 16
[923] = CCZ 12 13 16
[924] = H 16
[925] = H 4
[926] = CCZ 16 15 4
[927] = H 4
[928] = H 16
[929] = CCZ 12 13 16
[930] = H 16
[931] = H 16
[932] = CCZ 12 13 16
[933] = H 16
[934] = H 15
[935] = CCZ 16 14 15
[936] = H 15
[937] = H 16
[938] = CCZ 12 13 16
[939] = H 16
[940] = H 6
[941] = CCZ 14 15 6
[942] = H 6
[943] = H 17
[944] = CCZ 12 13 17
[945] = H 17
[946] = H 16
[947] = CCZ 17 14 16
[948] = H 16
[949] = H 5
[950] = CCZ 16 15 5
[951] = H 5
[952] = H 16
[953] = CCZ 17 14 16
[954] = H 16
[955] = H 17
[956] = CCZ 12 13 17
[957] = H 17
[958] = H 16
[959] = CCZ 6 13 16
[960] = H 16
[961] = H 15
[962] = CCZ 16 14 15
[963] = H 15
[964] = H 16
[965] = CCZ 6 13 16
[966] = H 16
[967] = CNOT 13 15
[968] = H 6
[969] = CCZ 14 15 6
[970] = H 6
[971] = H 15
[972] = CCZ 13 14 15
[973] = H 15
[974] = H 16
[975] = CCZ 13 14 16
[976] = H 16
[977] = H 6
[978] = CCZ 16 15 6
[979] = H 6
[980] = H 16
[981] = CCZ 13 14 16
[982] = H 16
[983] = H 13
[984] = CCZ 6 15 13
[985] = H 13
[986] = CNOT 14 15
[987] = H 15
[988] = CCZ 12 14 15
[989] = H 15
[990] = H 11
[991] = CCZ 12 14 11
[992] = H 11
[993] = H 13
[994] = CCZ 12 14 13
[995] = H 13
[996] = H 16
[997] = CCZ 12 13 16
[998] = H 16
[999] = H 10
[1000] = CCZ 16 14 10
[1001] = H 10
[1002] = H 16
[1003] = CCZ 12 13 16
[1004] = H 16
[1005] = H 17
[1006] = CCZ 12 13 17
[1007] = H 17
[1008] = H 16
[1009] = CCZ 17 14 16
[1010] = H 16
[1011] = H 7
[1012] = CCZ 16 15 7
[1013] = H 7
[1014] = H 16
[1015] = CCZ 17 14 16
[1016] = H 16
[1017] = H 17
[1018] = CCZ 12 13 17
[1019] = H 17
[1020] = H 14
[1021] = CCZ 13 15 14
[1022] = H 14
[1023] = H 12
[1024] = CCZ 13 15 12
[1025] = H 12
[1026] = CNOT 15 14
[1027] = CNOT 12 15
[1028] = H 16
[1029] = CCZ 12 14 16
[1030] = H 16
[1031] = H 8
[1032] = CCZ 16 15 8
[1033] = H 8
[1034] = H 16
[1035] = CCZ 12 14 16
[1036] = H 16
[1037] = H 15
[1038] = CCZ 12 13 15
[1039] = H 15
[1040] = CNOT 14 15
[1041] = H 17
[1042] = CCZ 12 13 17
[1043] = H 17
[1044] = H 16
[1045] = CCZ 17 14 16
[1046] = H 16
[1047] = H 9
[1048] = CCZ 16 15 9
[1049] = H 9
[1050] = H 16
[1051] = CCZ 17 14 16
[1052] = H 16
[1053] = H 17
[1054] = CCZ 12 13 17
[1055] = H 17
[1056] = CNOT 15 12
[1057] = CNOT 12 15
[1058] = CNOT 14 13
[1059] = CNOT 15 11
[1060] = H 10
[1061] = CCZ 13 14 10
[1062] = H 10
[1063] = CNOT 13 14
[1064] = CNOT 14 11
[1065] = CNOT 10 14
[1066] = CNOT 14 10
[1067] = CNOT 13 10
[1068] = CNOT 9 13
[1069] = CNOT 13 9
[1070] = CNOT 12 13
[1071] = CNOT 12 10
[1072] = CNOT 8 12
[1073] = CNOT 12 8
[1074] = CNOT 11 8
[1075] = CNOT 7 11
[1076] = CNOT 11 7
[1077] = CNOT 10 7
[1078] = CNOT 6 10
[1079] = CNOT 10 6
[1080] = CNOT 9 6
[1081] = CNOT 5 9
[1082] = CNOT 9 5
[1083] = CNOT 8 5
[1084] = CNOT 4 8
[1085] = CNOT 8 4
[1086] = CNOT 7 4
[1087] = CNOT 3 7
[1088] = CNOT 7 3
[1089] = CNOT 6 3
[1090] = CNOT 2 6
[1091] = CNOT 6 2
[1092] = CNOT 5 2
[1093] = CNOT 1 5
[1094] = CNOT 5 1
[1095] = CNOT 4 1

Algorithm used: todd_exp_0000

UniversalOptimize begin.
	Gate synthesis begin.
A_BMS
BMSparse object. Dims: 364x1059
224506 227682 224505 267923 217091 218148 213912 218147 12134 5780 147681 147680 1538 355088 147679 145322 291456 147678 291455 127378 12980 11064 15778 272249 67189 194467 11062 319228 220234 220233 139196 139195 139194 139193 1519 12108 179215 12107 127536 332595 53405 12919 161304 212245 216959 5740 1500 3614 3612 284244 3761 184697 128129 184696 15251 5823 292707 292706 25835 25834 167254 1477 13121 128614 218566 127492 127491 325523 349093 327640 334711 277866 277865 15233 88300 34089 277863 88298 15231 347568 1536 80901 127479 384392 289159 378725 209020 289158 275016 15746 209019 352796 289157 1454 284245 1405 152298 1448 310215 360034 15672 321262 31351 222268 205829 250089 172751 90256 5673 349795 210732 84991 44922 285244 11832 285243 285242 209818 15197 15196 10857 3786 144392 140156 15235 232222 100230 357249 100229 348089 348088 1678 15820 222669 327265 327264 287422 6710 287421 174690 241804 216386 235242 376099 30183 124463 15173 275686 15172 46941 128134 168830 191010 77874 173979 46940 67095 269797 160251 272501 1446 310213 161305 293766 199486 127416 84990 44921 11923 250026 114706 1570 274982 11982 38796 11979 233537 1551 47334 293765 350333 12223 251312 127510 325522 276726 266136 272489 266135 45868 355838 292199 86101 95725 3802 1460 211061 352797 11968 353733 321195 15747 341315 369599 80900 304815 337079 183354 216351 11964 225289 241803 274785 100959 241802 15279 181489 252199 274645 15139 336066 274784 370096 131007 274715 15278 224470 361175 127832 224469 126910 96677 169744 268738 96676 127317 268737 159745 251311 15611 131622 287423 78055 96675 127316 268736 15610 169745 268739 14072 355837 14071 12065 145323 13061 11952 15244 198376 297370 127400 63761 14264 216966 173978 11951 22621 276725 12201 215853 137966 10886 164438 15119 237526 354527 164437 187775 274984 163377 15116 354524 308376 1347 79128 182598 121554 272569 352707 15113 236671 184817 272568 1513 58531 15112 236670 1345 259740 122223 259739 94749 5578 11931 73352 103993 99279 5576 146996 160189 262910 15425 182599 15252 5824 353461 162304 127357 162303 339078 154889 15826 154888 15825 270132 183653 109350 274340 77578 11919 127412 19331 165465 12260 19330 7767 165464 10856 373834 34153 26740 34152 26739 14031 38387 10103 9853 425 42851 1511 32033 317230 38386 9852 424 42850 32032 317229 14242 19329 364654 1676 86528 19328 364653 86527 63445 226350 109349 274339 1674 301012 18258 13543 28844 205619 28843 11899 258645 44158 258644 258643 12121 234208 212995 160733 11892 223308 21448 355839 91315 169096 223307 324439 222699 238400 242749 15214 272502 310214 11887 366469 127380 245230 242748 11981 242747 160252 249818 11980 14337 47335 178311 320747 14103 119902 343817 115188 11884 5674 93732 210733 119901 343816 321194 160918 14001 222668 14101 273561 48162 294632 382299 200810 369593 9182 370238 37901 370672 149114 370671 149113 49059 370669 288145 367672 257434 160054 185981 89750 288143 190585 257431 281776 196357 71436 58532 73793 305039 154191 278609 316581 160049 82268 359021 7828 5471 359375 262722 356179 127264 327434 262721 140157 366429 15236 272251 15338 127263 274347 278613 254268 325582 15262 298894 276484 274366 299746 372781 14517 249816 274365 222511 281777 257432 250063 14363 76559 12920 272242 15329 328810 255743 5901 62469 250061 283890 180182 274462 355843 292204 142366 301013 346796 250171 342094 160187 373841 154797 320953 108823 274356 6713 378064 77577 331538 1558 216387 30181 51394 6712 378063 132935 336064 282832 212247 292385 11902 428 28975 172752 262912 181520 265896 143808 337889 359200 131613 317816 22493 337887 287093 238403 341063 74722 223213 15797 12060 287092 202240 238402 273563 48164 22491 337885 321980 32021 287091 202239 136389 216506 278610 144393 257511 189158 67097 1456 345296 298529 293442 15316 67096 347566 378218 282844 22620 274363 140014 260221 302647 250031 356858 345295 285241 371720 262911 364651 181519 183876 224471 371719 15218 360117 216156 356180 127265 230973 131612 15217 11890 360116 342263 274337 274336 1521 25091 274335 276483 327353 11515 70377 190584 296613 193944 6709 245798 349506 10098 377021 127417 188461 265895 384129 341061 15015 128324 370670 1479 347565 11901 212246 232221 216960 359018 327268 379122 91568 262723 359376 351613 218470 15768 4433 308218 142368 14507 14223 344878 218469 15767 363291 318508 362209 15730 208609 15303 274647 20297 333778 283889 355842 321057 377014 162237 282833 196354 351614 14563 328044 245232 295636 183652 270131 11858 334767 372479 355090 5849 204242 127382 234209 278569 313693 379124 332598 14403 153466 277864 15031 322322 246017 12674 321982 299802 14111 311093 372774 205830 158690 179214 90261 375954 272246 127247 15333 299803 200809 4432 14606 183358 301015 331537 15221 28974 130714 11894 216953 359011 163380 382300 274342 125851 376100 128615 372773 14509 205426 130713 91316 355840 292201 86100 245796 349504 323577 316506 345294 321724 382302 94748 14610 211920 201181 191007 11875 278618 217090 44132 294634 325156 259160 206677 282842 252201 68355 10896 356812 15222 382301 245229 180181 73354 367979 156221 222700 324440 307941 15029 142367 274338 320916 127238 196356 344877 351616 12208 23993 352706 327271 1429 372780 205433 299745 278629 18257 308216 299804 157368 67191 11234 321058 377015 12124 77935 332597 35615 196355 169739 351615 23992 328045 375953 272245 311574 350334 14592 1498 32020 355848 327273 348486 164435 230975 278617 349092 232091 350742 339076 369598 13688 202248 346332 15812 280336 181488 367497 150653 63444 127241 12017 327411 355847 384131 257443 377650 33528 370579 273562 325155 294633 337884 125853 369594 299744 87614 257442 33527 320921 15276 325583 274713 128325 112588 239763 5761 122222 269745 288127 11115 25836 275099 15829 369596 227684 202249 272247 15334 357250 194466 103994 367978 172347 99280 120493 188689 371718 61411 356200 234210 11821 5759 132934 239761 192926 353731 172926 254318 160053 126915 356198 127249 359030 229944 274346 295559 235240 367502 35613 15265 5742 10829 359665 377022 188462 342261 355841 292202 11991 334710 359033 275689 158688 88301 34090 342262 98226 274648 20298 333779 15584 334712 98227 20299 333780 95723 55654 3800 229943 295635 5869 260219 320918 367496 150652 331540 1560 320922 15702 280686 163376 5679 317815 261858 427 42853 14569 328050 274350 5473 304812 67190 336801 207166 9178 167097 191008 15286 267029 127379 366468 17632 316685 125855 349683 128125 316686 222509 349684 11921 56704 13122 359038 10202 327554 281771 174944 316687 349685 11922 359039 10203 327555 281772 174945 274344 75951 278567 14583 280685 5678 367503 235241 274358 30182 124462 168829 191009 348487 192925 221209 278620 12279 9770 288129 15287 267030 359024 252202 361177 15261 305220 70376 164440 254269 254270 216558 278628 15427 366430 234168 128103 128136 280746 205425 332600 153468 302666 53403 1549 274961 15691 234170 11925 70378 14421 76560 127430 2496 216150 373839 241577 261857 317814 320999 127693 23985 216151 241578 172749 50661 15058 10108 127236 9974 79841 4429 250086 278612 49455 349588 9975 79842 216560 320749 366532 272252 71264 15307 208613 211919 211921 136838 325057 246016 322321 360033 363354 245935 349794 187010 241576 208610 15304 274348 192956 35614 15266 15047 172744 237343 13428 369606 237344 15786 172746 368907 291141 36207 90257 13952 222519 150602 257429 209817 1250 341316 350744 50660 172748 199483 66379 320748 366531 178312 250022 204239 199484 350332 198375 14529 127399 63760 216965 217228 11930 68498 245855 58533 73794 209816 15056 305040 154192 14600 212993 239760 216173 112589 93733 13595 251143 225708 12122 2694 100958 14479 1248 77553 216178 238399 14571 216179 12125 216181 118034 362210 229948 216182 160056 193945 10099 274430 250085 205618 180183 274463 311575 342097 209018 342098 2690 160060 143561 63762 342095 250172 160061 143562 63763 11909 183360 11953 378217 15445 269795 77628 375949 328809 255742 379276 187776 209021 15715 163378 316583 160051 15227 254316 15228 254317 70375 369595 339073 250033 225707 251142 127356 15442 379126 334766 37784 372478 359164 17631 87371 110941 15082 9995 127845 261738 216955 369754 261739 10897 5810 56680 2498 169738 327435 120492 369755 250346 11911 246914 192703 363008 83223 345293 321723 4217 359032 298528 69613 293441 95048 275688 158687 15337 127251 206678 15761 15213 20300 95724 336067 15586 324234 272244 197983 339075 369597 321059 137967 188690 15732 320952 14542 108822 325584 301014 331536 346797 154798 1593 15735 15274 325581 356181 127266 230974 273560 119216 129390 150603 313236 11836 333948 127408 341062 74721 15796 355845 15016 257192 104582 15245 246915 7826 353742 9707 233535 15250 5822 367673 13968 127245 289160 378726 13391 275018 308377 88299 257512 189159 305199 342260 1431 162236 368909 121552 182596 368908 15137 272050 222520 36208 13978 134185 313692 274960 234169 349505 323578 1279 211060 53404 303857 359814 307960 15692 1281 11947 27208 303858 227553 350745 350746 90260 160127 160128 172743 15046 368906 272253 71265 15308 208614 327267 11873 149543 242649 149544 242650 5781 229949 362211 118035 288144 89751 12136 127567 123671 235585 103593 127568 123672 235586 12138 127631 235587 15317 42852 373832 328049 12143 14500 95804 35612 91569 95805 12145 96997 95806 92630 274643 106772 356917 250090 31349 222266 127239 15325 111694 15326 172741 111697 319227 131008 370097 296612 1566 15708 48163 296614 1568 117061 48165 236669 53402 302665 156188 252198 165719 83224 128007 349495 156189 349496 156190 165721 3695 15344 114338 328808 255741 5899 45867 15345 292384 114339 3697 328811 62470 146738 250447 146739 12174 297371 149844 79134 11116 25837 275100 15830 149845 12176 79952 112950 79953 112951 376935 10060 10061 14299 129387 327780 87370 110940 89488 134271 89489 134272 15360 175636 14565 228219 15361 5933 7766 175637 228220 1595 14567 228221 157511 228222 333946 145727 157512 15117 345772 114246 378770 13435 15792 348949 345773 1599 15741 5939 1601 144604 93734 14311 72556 165447 312970 75733 72557 165448 312971 345969 75734 15164 10077 128137 11136 156219 280748 11137 11883 1709 156220 310212 15166 10079 122220 274830 157369 55629 13549 122221 269744 274831 55630 184818 2671 1614 15381 44157 69592 274819 15382 9708 233536 1616 13269 14330 370237 37900 152000 21856 154118 152001 321026 310852 321027 310853 364656 176437 318873 74697 298526 74698 15773 12219 117060 12220 336068 46109 2691 46110 198607 5870 142369 10107 56703 185585 246629 361282 15366 66236 68354 361283 15367 66237 11170 12229 11171 93735 144605 3759 16614 225181 16615 225182 2704 13294 359773 2705 305580 314052 314053 127537 305582 15671 317231 11181 271062 327019 12240 348950 160731 12241 11183 327021 74723 13302 14758 50367 9996 335564 249819 51426 248761 50368 15084 335565 371908 51427 15424 27209 244168 244169 15540 244170 217227 359663 165808 180634 185586 246630 165809 128097 180635 307675 246631 180636 3784 15433 15507 57933 215852 15434 119217 119218 215855 13319 101216 216709 12261 55655 203178 101217 216710 192292 76561 15517 1462 225290 195469 192293 225291 15441 327262 261131 261132 4219 15446 245856 1680 15822 15449 187007 127364 15450 187008 349793 187009 250098 5922 77934 96996 5924 96998 5925 124533 5926 124534 13755 15458 135125 15459 245937 52631 52632 52633 10169 179873 323579 3098 244172 10170 323580 3099 356918 31350 5935 31352 222269 176436 178555 5940 333947 145728 359647 109805 377651 370580 242648 13733 359649 123302 377652 123303 377653 198608 15476 253751 303859 227554 359816 307962 71434 15477 253752 15695 253753 253754 320917 15697 245227 36660 41955 36661 41956 12305 216504 185982 127738 160568 73353 12309 207165 211401 178554 15770 211402 219345 361781 378727 13392 15749 1724 346354 15699 320919 275136 361782 219346 15866 15491 15492 100344 1726 265710 5965 12320 38795 12322 45320 12324 16616 225183 133260 199485 11266 30328 315525 154119 21857 30329 11268 30330 57931 215850 349090 232090 349091 14450 214795 13393 348087 173669 68499 17629 23983 17630 210731 195470 12338 111695 81173 85409 118407 111696 81174 85410 1407 118408 11885 1711 337453 14544 341690 341691 13402 114707 28228 216788 28229 216789 14463 110832 110833 13406 28232 28233 274981 344875 343818 49058 115189 343820 378769 15791 131624 380887 9179 380889 380890 380892 42013 44131 42014 169095 177567 177568 15542 177569 135127 231780 177570 13426 270133 15783 37783 40960 40961 21446 62142 66378 62143 288128 13430 13432 14492 18255 160691 84386 5964 82269 18256 84387 13151 109804 341689 107687 15764 14496 192957 25086 14497 274351 25088 16617 274353 25090 345970 14505 349587 49454 54751 52634 54752 54753 57930 361983 54754 370603 14513 57932 60050 9181 60051 128131 6043 6044 134184 247499 198002 247500 14521 63235 65353 63236 60267 65354 14523 60268 355314 65355 69591 355315 167096 65356 275250 280337 75952 328151 79129 239758 127844 259161 259162 14534 79133 367183 82311 370360 13286 318506 1849 359772 216352 307918 372480 372481 372482 216174 226348 372483 84436 14546 84437 169289 1572 98225 72790 161747 15613 14225 344880 161748 160690 171283 15721 167255 223212 172342 299620 171284 15722 171285 172344 99277 172345 99278 359506 171287 1851 14561 92927 92928 298527 318875 74699 69612 95047 275687 158686 77876 72789 98224 15729 100345 105641 250029 356856 305986 105642 305987 105643 108820 105644 250032 356859 305989 108821 307916 6220 311094 318507 15635 15636 353462 117306 117307 275101 237525 354526 1691 256041 327260 261129 256042 327261 11867 261130 1693 256043 121551 14594 182597 121553 350299 83222 363007 364066 350300 302646 359020 313237 127913 5826 127914 307046 33664 264650 33665 316505 4430 14604 136390 264652 315522 136391 229044 315523 136392 229045 315524 370602 141687 41083 233538 45319 41084 141690 141691 174689 143809 298895 176807 321722 15674 1452 327020 297372 14620 203180 12030 363033 364092 15700 346355 320920 275137 291144 265709 15867 363034 12032 363035 114247 378771 12507 13566 76562 127432 15518 213911 13567 14627 149120 9861 152297 149121 360922 361981 355836 360923 102529 103588 102530 102531 103590 102532 103592 106769 106770 274642 106771 214791 214792 214793 15705 302694 15706 302695 302696 304814 302698 9771 304817 190579 160057 12534 15408 137496 133261 15409 137497 15505 10418 272045 10419 15716 125852 126912 15718 224507 173637 126913 159747 107893 15724 159748 159750 12550 168225 169284 15616 168226 15617 168227 169286 169287 168229 15736 203179 203181 15739 5848 250024 204241 257191 218565 335566 311553 138595 87613 6221 77552 311554 138596 229671 204237 229672 15755 376934 15757 320750 135126 231779 384389 13641 92631 107892 15762 221211 222271 272047 272048 353460 246633 129388 292172 129389 119215 292173 295560 15775 15777 248757 248758 248759 321000 15780 264648 291142 250446 265707 51393 15784 264649 265712 14730 275246 353612 61344 15810 280334 275247 280335 275248 353614 15794 353615 327597 2029 153467 2031 107686 153469 15800 291140 15801 15803 61343 127722 15808 303856 136837 299621 376933 5811 56681 356814 221207 12640 221208 12641 371909 346474 249821 15819 250028 356855 305985 307044 179872 307047 83221 307049 140015 236668 328234 325058 325059 15832 12200 337768 347299 128098 347300 128088 13394 160917 294635 197982 278619 360011 14511 141686 370601 257193 104583 384368 257194 384369 82310 128093 176808 367184 128095 217051 327017 271060 267922 217052 1450 271061 190580 173639 192702 216155 12675 128107 58534 73795 195883 198001 195884 128109 201180 360032 135128 231781 384391 360037 160567 384395 128118 116471 116472 146995 116473 15869 116475 205432 371717 61410 

[Experimental TODD] Flags - Packed: 0, AA Table: 0, Memo: 0, Sketch: 0 (margin=20)
--- Round 0 | Current Columns: 1059 ---
  [HIT!] Pair(3,1012) Dist=1 | 1059 -> 1057 columns
Round 0 Finished in 524386 ms.
--- Round 1 | Current Columns: 1057 ---
  [HIT!] Pair(1,155) Dist=1 | 1057 -> 1053 columns
Round 1 Finished in 173405 ms.
--- Round 2 | Current Columns: 1053 ---
  [HIT!] Pair(8,989) Dist=1 | 1053 -> 1051 columns
Round 2 Finished in 1032371 ms.
--- Round 3 | Current Columns: 1051 ---
  [HIT!] Pair(10,648) Dist=1 | 1051 -> 1047 columns
Round 3 Finished in 1377854 ms.
--- Round 4 | Current Columns: 1047 ---
  [HIT!] Pair(17,1032) Dist=1 | 1047 -> 1043 columns
Round 4 Finished in 2214926 ms.
--- Round 5 | Current Columns: 1043 ---
  [HIT!] Pair(20,1036) Dist=1 | 1043 -> 1038 columns
Round 5 Finished in 2727296 ms.
--- Round 6 | Current Columns: 1038 ---
  [HIT!] Pair(19,1031) Dist=1 | 1038 -> 1030 columns
Round 6 Finished in 2196602 ms.
--- Round 7 | Current Columns: 1030 ---
  [HIT!] Pair(21,647) Dist=1 | 1030 -> 1028 columns
Round 7 Finished in 3126070 ms.
--- Round 8 | Current Columns: 1028 ---
  [HIT!] Pair(34,324) Dist=1 | 1028 -> 1024 columns
Round 8 Finished in 5525018 ms.
--- Round 9 | Current Columns: 1024 ---
  [HIT!] Pair(40,204) Dist=1 | 1024 -> 1020 columns
Round 9 Finished in 5830185 ms.
--- Round 10 | Current Columns: 1020 ---
  [HIT!] Pair(43,471) Dist=1 | 1020 -> 1018 columns
Round 10 Finished in 5803539 ms.
--- Round 11 | Current Columns: 1018 ---
  [HIT!] Pair(48,997) Dist=1 | 1018 -> 1016 columns
Round 11 Finished in 6401028 ms.
--- Round 12 | Current Columns: 1016 ---
  [HIT!] Pair(55,969) Dist=1 | 1016 -> 1014 columns
Round 12 Finished in 7159349 ms.
--- Round 13 | Current Columns: 1014 ---
  [HIT!] Pair(35,118) Dist=1 | 1014 -> 1012 columns
Round 13 Finished in 5141808 ms.
--- Round 14 | Current Columns: 1012 ---
  [HIT!] Pair(54,367) Dist=1 | 1012 -> 1010 columns
Round 14 Finished in 7110674 ms.
--- Round 15 | Current Columns: 1010 ---
  [HIT!] Pair(59,967) Dist=1 | 1010 -> 1008 columns
Round 15 Finished in 7722313 ms.
--- Round 16 | Current Columns: 1008 ---
  [HIT!] Pair(60,968) Dist=1 | 1008 -> 1006 columns
Round 16 Finished in 8013384 ms.
--- Round 17 | Current Columns: 1006 ---
  [HIT!] Pair(75,538) Dist=1 | 1006 -> 1000 columns
Round 17 Finished in 10827159 ms.
--- Round 18 | Current Columns: 1000 ---
  [HIT!] Pair(65,182) Dist=1 | 1000 -> 996 columns
Round 18 Finished in 8598741 ms.
--- Round 19 | Current Columns: 996 ---
  [HIT!] Pair(110,945) Dist=1 | 996 -> 994 columns
Round 19 Finished in 14100786 ms.
--- Round 20 | Current Columns: 994 ---
  [HIT!] Pair(230,977) Dist=1 | 994 -> 989 columns
Round 20 Finished in 25331056 ms.
--- Round 21 | Current Columns: 989 ---
  [HIT!] Pair(76,232) Dist=1 | 989 -> 986 columns
Round 21 Finished in 10621537 ms.
--- Round 22 | Current Columns: 986 ---
