Optimize a Clifford + T circuit.
Input filename = forme/tpar_benchmark/gf2^7_mult.tfc
Number of unknown gates = 0
Number of unknown qubit labels = 0
Circuit filename: forme/tpar_benchmark/gf2^7_mult.tfc

n 21
n_x 21
n_y 0
n_z 0
m 101
[0] = H 15
[1] = H 16
[2] = H 17
[3] = H 18
[4] = H 19
[5] = H 20
[6] = CCZ 7 9 15
[7] = CCZ 6 10 15
[8] = CCZ 5 11 15
[9] = CCZ 4 12 15
[10] = CCZ 3 13 15
[11] = CCZ 2 14 15
[12] = CCZ 7 10 16
[13] = CCZ 6 11 16
[14] = CCZ 5 12 16
[15] = CCZ 4 13 16
[16] = CCZ 3 14 16
[17] = CCZ 7 11 17
[18] = CCZ 6 12 17
[19] = CCZ 5 13 17
[20] = CCZ 4 14 17
[21] = CCZ 7 12 18
[22] = CCZ 6 13 18
[23] = CCZ 5 14 18
[24] = CCZ 7 13 19
[25] = CCZ 6 14 19
[26] = CCZ 7 14 20
[27] = H 15
[28] = H 16
[29] = H 17
[30] = H 18
[31] = H 19
[32] = H 20
[33] = CNOT 21 20
[34] = CNOT 20 19
[35] = CNOT 19 18
[36] = CNOT 18 17
[37] = CNOT 17 16
[38] = CNOT 16 15
[39] = H 15
[40] = H 16
[41] = H 17
[42] = H 18
[43] = H 19
[44] = H 20
[45] = H 21
[46] = CCZ 7 8 21
[47] = CCZ 6 9 21
[48] = CCZ 5 10 21
[49] = CCZ 4 11 21
[50] = CCZ 3 12 21
[51] = CCZ 2 13 21
[52] = CCZ 1 14 21
[53] = CCZ 6 8 20
[54] = CCZ 5 9 20
[55] = CCZ 4 10 20
[56] = CCZ 3 11 20
[57] = CCZ 2 12 20
[58] = CCZ 1 13 20
[59] = CCZ 5 8 19
[60] = CCZ 4 9 19
[61] = CCZ 3 10 19
[62] = CCZ 2 11 19
[63] = CCZ 1 12 19
[64] = CCZ 4 8 18
[65] = CCZ 3 9 18
[66] = CCZ 2 10 18
[67] = CCZ 1 11 18
[68] = CCZ 3 8 17
[69] = CCZ 2 9 17
[70] = CCZ 1 10 17
[71] = CCZ 2 8 16
[72] = CCZ 1 9 16
[73] = CCZ 1 8 15
[74] = H 15
[75] = H 16
[76] = H 17
[77] = H 18
[78] = H 19
[79] = H 20
[80] = H 21

Algorithm used: todd_greedy_preprocess

UniversalOptimize begin.
	Gate synthesis begin.
A_BMS
BMSparse object. Dims: 34x217
6943 1730 1729 641 3461 3460 3025 3458 3024 6711 3464 6710 1718 6708 1717 849 414 413 852 3016 411 3231 410 2796 3229 625 3228 2793 3233 6479 618 6476 617 1918 1916 1915 613 1914 612 6036 176 6034 1693 622 1704 7114 604 602 7111 173 2337 601 1901 1900 815 817 1899 6238 379 1680 1679 377 1678 6237 7319 2326 2325 2324 586 6878 2103 2102 814 6224 148 6223 1883 1882 146 1881 7304 6221 7303 2529 2528 7301 2527 574 7083 790 7082 2091 7080 6428 6427 788 1870 787 1869 350 6425 1868 6424 6423 2083 2082 2081 145 6637 6636 2079 2078 2077 341 6632 128 2292 2291 2290 120 6846 6845 2288 123 2287 334 2794 1171 2657 3739 2792 1169 2869 916 808 1349 3026 321 2871 7240 806 1347 1604 2870 805 1346 3226 1603 7203 1778 1777 3696 1776 3695 638 97 3077 583 1124 637 1719 96 376 917 3076 1991 2531 1990 3074 1989 1126 3290 2202 1120 584 1125 3289 1128 3287 3503 575 1116 3740 2658 7027 3502 2417 7043 2416 7042 3500 2415 1113 1314 1313 336 2500 2286 3909 2106 1565 3737 3480 2178 2180 1564 3525 175 2339 7208 1811 1112 2911 3906 919 2090 3713 2104 1563 1306 1311 2393 1108 6478 7019 1703 6031 7113 80 2204 1122 1310 2392 620 1702 79 3926 2628 921 3715 3358 2606 1321 2604 3483 1319 922 6421 3716 1303 2605 924 342 1965 2499 1114 121 3908 3015 310 2203 1121 1309 2391 3270 1106 3741 2659 1117 6634 3929 6688 2901 1315 6835 1966 2841 1813 1317 344 1967 6890 939 2842 3482 1318 2338 7207 129 1752 349 3054 6630 2843 577 1118 1753 131 1754 7201 2629 763 7255 6843 3056 172 7205 1109 6235 7317 1366 352 3057 1691 3314 1105 3269 1110 7318 1367 3234 6480 7021 623 6033 82 2909 2089 2630 1602 764 1305 7256 6633 3928 2900 7204 3267 2239 2496 6876 925 2444 1078 7029 2701 3312 926 6837 3527 1363 2445 7315 3528 1364 2446 6879 928 1692 3315 2341 2882 853 312 938 4184 2883 2884 1302 7253 6892 3105 4187 2902 935 2237 936 615 2238 2495 6690 739 4186 940 6691 7232 740 742 7234 6893 2024 942 7235 3107 4189 2025 943 3108 2026 944 1812 946 7022 2910 7242 1168 1079 2702 7030 1172 3560 3562 3563 850 3014 309 2696 2697 2698 2700 7040 640 99 7243 751 1081 2704 752 1082 2705 2706 754 2491 2179 7048 3355 109 322 2492 2493 7050 1734 3357 111 3029 324 7051 1731 108 6838 6937 3150 2501 6939 3693 3152 1307 766 6940 3153 2497 333 

[Greedy TODD] Starting with Greedy Weight Reduction + M4RI Hamming Search
[Initial] Matrix size: 34x217
[Initial] Density: 462 ones (6.26%).
[Post-Greedy] Density: 462 ones (6.26%).
--- Round 0 | Current Columns: 217 ---
  [HIT!] Pair(113,144) Dist=1 | 217 -> 213 columns
Round 0 Finished in 32 ms.
--- Round 1 | Current Columns: 213 ---
  [HIT!] Pair(130,153) Dist=1 | 213 -> 209 columns
Round 1 Finished in 13 ms.
--- Round 2 | Current Columns: 209 ---
  [HIT!] Pair(89,165) Dist=1 | 209 -> 207 columns
Round 2 Finished in 28 ms.
--- Round 3 | Current Columns: 207 ---
  [HIT!] Pair(132,133) Dist=1 | 207 -> 203 columns
Round 3 Finished in 23 ms.
--- Round 4 | Current Columns: 203 ---
  [HIT!] Pair(70,144) Dist=1 | 203 -> 197 columns
Round 4 Finished in 26 ms.
--- Round 5 | Current Columns: 197 ---
  [HIT!] Pair(97,190) Dist=1 | 197 -> 193 columns
Round 5 Finished in 66 ms.
--- Round 6 | Current Columns: 193 ---
  [HIT!] Pair(40,42) Dist=1 | 193 -> 189 columns
Round 6 Finished in 51 ms.
--- Round 7 | Current Columns: 189 ---
  [HIT!] Pair(146,176) Dist=1 | 189 -> 186 columns
Round 7 Finished in 56 ms.
--- Round 8 | Current Columns: 186 ---
  [HIT!] Pair(77,139) Dist=1 | 186 -> 184 columns
Round 8 Finished in 269 ms.
--- Round 9 | Current Columns: 184 ---
  [HIT!] Pair(36,165) Dist=2 | 184 -> 182 columns
Round 9 Finished in 3771 ms.
--- Round 10 | Current Columns: 182 ---
  [HIT!] Pair(22,90) Dist=4 | 182 -> 178 columns
Round 10 Finished in 14285 ms.
--- Round 11 | Current Columns: 178 ---
Round 11 Finished in 147205 ms.

=== Optimization Summary ===
Algorithm       : LempelX2_M4RI_GreedyPreprocess
Initial T-count : 217
Final T-count   : 178
Total Reduced   : 39 gates
Execution Time  : 165832 ms
Chi calculation : 5126.02 ms
Nullspace calc  : 159668 ms
Preprocessing CNOTs: 0
============================
		TODD executed in 165.824 seconds.
		Total time: 165.832s
	Gate synthesis end.
	Total time: 166.911s
UniversalOptimize end.
Output circuit:
n 34
n_x 21
n_y 0
n_z 13
m 4001
[0] = H 15
[1] = H 16
[2] = H 17
[3] = H 18
[4] = H 19
[5] = H 20
[6] = H 22
[7] = H 23
[8] = H 24
[9] = H 25
[10] = H 26
[11] = H 27
[12] = H 28
[13] = H 29
[14] = H 30
[15] = H 31
[16] = H 32
[17] = H 33
[18] = H 34
[19] = CNOT 1 3
[20] = CNOT 1 4
[21] = CNOT 1 7
[22] = CNOT 1 19
[23] = T 1
[24] = CNOT 1 19
[25] = T 1
[26] = CNOT 1 7
[27] = CNOT 1 19
[28] = T 1
[29] = CNOT 1 19
[30] = CNOT 1 4
[31] = CNOT 4 6
[32] = CNOT 4 13
[33] = CNOT 4 31
[34] = T 4
[35] = CNOT 4 31
[36] = CNOT 4 13
[37] = CNOT 4 6
[38] = CNOT 1 4
[39] = CNOT 1 7
[40] = CNOT 1 12
[41] = CNOT 1 13
[42] = CNOT 1 18
[43] = T 1
[44] = CNOT 1 18
[45] = T 1
[46] = CNOT 1 7
[47] = CNOT 1 18
[48] = T 1
[49] = CNOT 1 12
[50] = CNOT 1 7
[51] = T 1
[52] = CNOT 1 18
[53] = CNOT 1 11
[54] = CNOT 1 19
[55] = T 1
[56] = CNOT 1 17
[57] = T 1
[58] = CNOT 1 17
[59] = CNOT 1 7
[60] = T 1
[61] = CNOT 1 19
[62] = CNOT 1 11
[63] = CNOT 1 4
[64] = CNOT 1 3
[65] = CNOT 3 4
[66] = CNOT 3 6
[67] = CNOT 3 9
[68] = CNOT 3 13
[69] = CNOT 3 31
[70] = T 3
[71] = CNOT 3 31
[72] = CNOT 3 7
[73] = CNOT 3 10
[74] = CNOT 3 16
[75] = T 3
[76] = CNOT 3 16
[77] = T 3
[78] = CNOT 3 7
[79] = CNOT 3 16
[80] = T 3
[81] = CNOT 3 10
[82] = CNOT 3 7
[83] = T 3
[84] = CNOT 3 16
[85] = CNOT 3 13
[86] = CNOT 3 9
[87] = CNOT 3 7
[88] = CNOT 3 6
[89] = CNOT 3 4
[90] = CNOT 4 6
[91] = CNOT 4 7
[92] = CNOT 4 9
[93] = CNOT 4 15
[94] = CNOT 4 30
[95] = T 4
[96] = CNOT 4 15
[97] = T 4
[98] = CNOT 4 7
[99] = CNOT 4 15
[100] = T 4
[101] = CNOT 4 9
[102] = CNOT 4 7
[103] = T 4
[104] = CNOT 4 30
[105] = CNOT 4 15
[106] = CNOT 4 7
[107] = CNOT 4 6
[108] = CNOT 1 3
[109] = CNOT 1 14
[110] = CNOT 1 17
[111] = T 1
[112] = CNOT 1 4
[113] = CNOT 1 6
[114] = CNOT 1 19
[115] = T 1
[116] = CNOT 1 19
[117] = CNOT 1 14
[118] = CNOT 1 6
[119] = CNOT 1 4
[120] = CNOT 4 9
[121] = CNOT 4 13
[122] = CNOT 4 30
[123] = T 4
[124] = CNOT 4 30
[125] = CNOT 4 13
[126] = CNOT 4 9
[127] = T 1
[128] = CNOT 1 17
[129] = CNOT 1 13
[130] = CNOT 1 4
[131] = CNOT 1 6
[132] = CNOT 1 18
[133] = T 1
[134] = CNOT 1 18
[135] = T 1
[136] = CNOT 1 6
[137] = CNOT 1 18
[138] = T 1
[139] = CNOT 1 6
[140] = CNOT 1 13
[141] = T 1
[142] = CNOT 1 18
[143] = CNOT 1 13
[144] = CNOT 1 6
[145] = CNOT 1 4
[146] = CNOT 1 3
[147] = CNOT 3 4
[148] = CNOT 3 6
[149] = CNOT 3 9
[150] = CNOT 3 12
[151] = CNOT 3 13
[152] = CNOT 3 17
[153] = CNOT 3 30
[154] = T 3
[155] = CNOT 3 17
[156] = T 3
[157] = CNOT 3 6
[158] = CNOT 3 17
[159] = T 3
[160] = CNOT 3 12
[161] = T 3
[162] = CNOT 3 30
[163] = CNOT 3 9
[164] = CNOT 3 11
[165] = CNOT 3 16
[166] = CNOT 3 19
[167] = T 3
[168] = CNOT 3 19
[169] = CNOT 3 17
[170] = CNOT 3 16
[171] = CNOT 3 4
[172] = T 3
[173] = S 3
[174] = Z 3
[175] = CNOT 3 4
[176] = CNOT 3 6
[177] = CNOT 3 16
[178] = CNOT 3 17
[179] = CNOT 3 19
[180] = T 3
[181] = CNOT 3 11
[182] = CNOT 3 6
[183] = T 3
[184] = CNOT 3 19
[185] = CNOT 3 17
[186] = CNOT 3 16
[187] = CNOT 3 13
[188] = CNOT 3 6
[189] = CNOT 3 8
[190] = CNOT 3 30
[191] = T 3
[192] = CNOT 3 8
[193] = CNOT 3 10
[194] = CNOT 3 13
[195] = T 3
[196] = CNOT 3 30
[197] = CNOT 3 13
[198] = CNOT 3 10
[199] = CNOT 3 6
[200] = CNOT 3 4
[201] = CNOT 4 13
[202] = CNOT 4 15
[203] = T 4
[204] = Z 4
[205] = CNOT 4 13
[206] = CNOT 4 6
[207] = CNOT 4 30
[208] = T 4
[209] = CNOT 4 30
[210] = CNOT 4 15
[211] = CNOT 4 6
[212] = CNOT 2 3
[213] = CNOT 2 13
[214] = CNOT 2 14
[215] = CNOT 2 15
[216] = T 2
[217] = CNOT 2 14
[218] = CNOT 2 3
[219] = CNOT 1 3
[220] = CNOT 1 15
[221] = CNOT 1 16
[222] = T 1
[223] = CNOT 1 16
[224] = CNOT 1 15
[225] = CNOT 1 3
[226] = CNOT 3 4
[227] = CNOT 3 13
[228] = T 3
[229] = S 3
[230] = CNOT 3 4
[231] = CNOT 4 30
[232] = CNOT 4 34
[233] = T 4
[234] = S 4
[235] = Z 4
[236] = CNOT 4 6
[237] = CNOT 4 7
[238] = CNOT 4 8
[239] = T 4
[240] = CNOT 4 34
[241] = T 4
[242] = CNOT 4 7
[243] = CNOT 4 34
[244] = T 4
[245] = CNOT 4 8
[246] = CNOT 4 7
[247] = T 4
[248] = CNOT 4 34
[249] = CNOT 4 30
[250] = CNOT 4 7
[251] = CNOT 4 6
[252] = CNOT 3 4
[253] = CNOT 3 5
[254] = CNOT 3 14
[255] = CNOT 3 18
[256] = T 3
[257] = CNOT 3 18
[258] = T 3
[259] = CNOT 3 5
[260] = CNOT 3 18
[261] = T 3
[262] = CNOT 3 14
[263] = CNOT 3 5
[264] = T 3
[265] = CNOT 3 5
[266] = T 3
[267] = CNOT 3 18
[268] = CNOT 3 13
[269] = CNOT 3 5
[270] = CNOT 3 6
[271] = CNOT 3 9
[272] = CNOT 3 17
[273] = CNOT 3 30
[274] = T 3
[275] = CNOT 3 17
[276] = T 3
[277] = CNOT 3 5
[278] = CNOT 3 17
[279] = T 3
[280] = CNOT 3 5
[281] = CNOT 3 13
[282] = T 3
[283] = CNOT 3 30
[284] = CNOT 3 17
[285] = CNOT 3 12
[286] = CNOT 3 16
[287] = T 3
[288] = CNOT 3 16
[289] = T 3
[290] = CNOT 3 5
[291] = CNOT 3 16
[292] = T 3
[293] = CNOT 3 12
[294] = CNOT 3 5
[295] = T 3
[296] = CNOT 3 16
[297] = CNOT 3 13
[298] = CNOT 3 9
[299] = CNOT 3 6
[300] = CNOT 3 5
[301] = CNOT 3 4
[302] = CNOT 1 3
[303] = CNOT 1 4
[304] = CNOT 1 7
[305] = CNOT 1 13
[306] = CNOT 1 14
[307] = CNOT 1 17
[308] = CNOT 1 19
[309] = CNOT 1 20
[310] = T 1
[311] = CNOT 1 20
[312] = T 1
[313] = CNOT 1 7
[314] = CNOT 1 20
[315] = T 1
[316] = CNOT 1 14
[317] = CNOT 1 7
[318] = T 1
[319] = CNOT 1 7
[320] = CNOT 1 3
[321] = CNOT 3 4
[322] = CNOT 3 6
[323] = CNOT 3 7
[324] = CNOT 3 9
[325] = CNOT 3 13
[326] = T 3
[327] = CNOT 3 13
[328] = CNOT 3 9
[329] = CNOT 3 7
[330] = CNOT 3 6
[331] = CNOT 3 4
[332] = CNOT 1 3
[333] = T 1
[334] = CNOT 1 20
[335] = CNOT 1 19
[336] = CNOT 1 17
[337] = CNOT 1 3
[338] = CNOT 3 4
[339] = CNOT 3 5
[340] = CNOT 3 11
[341] = CNOT 3 13
[342] = CNOT 3 15
[343] = T 3
[344] = CNOT 3 15
[345] = T 3
[346] = CNOT 3 11
[347] = CNOT 3 5
[348] = CNOT 3 4
[349] = CNOT 3 6
[350] = CNOT 3 31
[351] = T 3
[352] = CNOT 3 8
[353] = T 3
[354] = CNOT 3 31
[355] = CNOT 3 8
[356] = CNOT 3 6
[357] = CNOT 3 4
[358] = CNOT 3 5
[359] = CNOT 3 10
[360] = CNOT 3 15
[361] = CNOT 3 34
[362] = T 3
[363] = CNOT 3 34
[364] = T 3
[365] = CNOT 3 5
[366] = CNOT 3 34
[367] = T 3
[368] = CNOT 3 10
[369] = CNOT 3 5
[370] = T 3
[371] = CNOT 3 34
[372] = CNOT 3 15
[373] = CNOT 3 6
[374] = CNOT 3 9
[375] = CNOT 3 33
[376] = T 3
[377] = CNOT 3 33
[378] = CNOT 3 30
[379] = T 3
[380] = CNOT 3 30
[381] = CNOT 3 9
[382] = CNOT 3 5
[383] = CNOT 3 16
[384] = CNOT 3 17
[385] = CNOT 3 19
[386] = T 3
[387] = CNOT 3 19
[388] = CNOT 3 17
[389] = CNOT 3 16
[390] = CNOT 3 5
[391] = CNOT 3 33
[392] = T 3
[393] = CNOT 3 33
[394] = CNOT 3 13
[395] = CNOT 3 6
[396] = CNOT 3 5
[397] = CNOT 3 4
[398] = CNOT 1 3
[399] = CNOT 1 14
[400] = CNOT 1 15
[401] = CNOT 1 34
[402] = T 1
[403] = CNOT 1 14
[404] = CNOT 1 3
[405] = CNOT 2 3
[406] = CNOT 2 4
[407] = CNOT 2 6
[408] = T 2
[409] = CNOT 2 15
[410] = CNOT 2 13
[411] = CNOT 2 4
[412] = CNOT 2 3
[413] = CNOT 3 4
[414] = CNOT 3 13
[415] = CNOT 3 14
[416] = CNOT 3 15
[417] = CNOT 3 34
[418] = T 3
[419] = CNOT 3 34
[420] = CNOT 3 15
[421] = CNOT 3 14
[422] = CNOT 3 13
[423] = CNOT 3 4
[424] = CNOT 1 3
[425] = T 1
[426] = CNOT 1 34
[427] = CNOT 1 4
[428] = CNOT 1 3
[429] = CNOT 3 6
[430] = CNOT 3 8
[431] = CNOT 3 13
[432] = CNOT 3 33
[433] = T 3
[434] = CNOT 3 33
[435] = CNOT 3 6
[436] = CNOT 3 9
[437] = T 3
[438] = CNOT 3 9
[439] = CNOT 3 33
[440] = T 3
[441] = CNOT 3 8
[442] = T 3
[443] = Z 3
[444] = CNOT 3 33
[445] = CNOT 3 13
[446] = CNOT 1 3
[447] = CNOT 1 14
[448] = CNOT 1 16
[449] = T 1
[450] = CNOT 1 16
[451] = CNOT 1 15
[452] = CNOT 1 4
[453] = CNOT 1 6
[454] = CNOT 1 17
[455] = T 1
[456] = CNOT 1 14
[457] = CNOT 1 4
[458] = CNOT 1 3
[459] = CNOT 3 4
[460] = CNOT 3 5
[461] = CNOT 3 6
[462] = CNOT 3 13
[463] = CNOT 3 32
[464] = T 3
[465] = CNOT 3 32
[466] = CNOT 3 13
[467] = CNOT 3 6
[468] = CNOT 3 5
[469] = CNOT 3 4
[470] = CNOT 4 6
[471] = CNOT 4 9
[472] = CNOT 4 13
[473] = CNOT 4 31
[474] = T 4
[475] = CNOT 4 31
[476] = CNOT 4 13
[477] = CNOT 4 9
[478] = CNOT 4 6
[479] = CNOT 1 3
[480] = CNOT 1 4
[481] = T 1
[482] = CNOT 1 17
[483] = CNOT 1 13
[484] = CNOT 1 6
[485] = CNOT 1 4
[486] = CNOT 2 3
[487] = CNOT 2 4
[488] = CNOT 2 9
[489] = CNOT 2 30
[490] = CNOT 2 34
[491] = T 2
[492] = CNOT 2 34
[493] = T 2
[494] = CNOT 2 4
[495] = CNOT 4 6
[496] = CNOT 4 9
[497] = CNOT 4 13
[498] = CNOT 4 30
[499] = CNOT 4 34
[500] = T 4
[501] = CNOT 4 34
[502] = CNOT 4 30
[503] = CNOT 4 13
[504] = CNOT 4 9
[505] = CNOT 4 6
[506] = CNOT 2 4
[507] = CNOT 2 13
[508] = CNOT 2 34
[509] = T 2
[510] = CNOT 2 34
[511] = CNOT 2 30
[512] = CNOT 2 9
[513] = CNOT 2 6
[514] = CNOT 2 4
[515] = CNOT 1 4
[516] = CNOT 1 15
[517] = CNOT 1 33
[518] = T 1
[519] = CNOT 1 33
[520] = CNOT 1 3
[521] = CNOT 2 14
[522] = T 2
[523] = CNOT 2 14
[524] = CNOT 2 3
[525] = CNOT 3 4
[526] = CNOT 3 15
[527] = CNOT 3 33
[528] = T 3
[529] = CNOT 3 4
[530] = CNOT 3 13
[531] = T 3
[532] = CNOT 3 33
[533] = CNOT 3 15
[534] = CNOT 3 13
[535] = CNOT 1 3
[536] = CNOT 1 16
[537] = T 1
[538] = CNOT 1 16
[539] = CNOT 1 4
[540] = T 1
[541] = S 1
[542] = CNOT 1 3
[543] = CNOT 1 13
[544] = CNOT 1 16
[545] = T 1
[546] = CNOT 1 3
[547] = CNOT 1 4
[548] = T 1
[549] = CNOT 1 16
[550] = CNOT 1 4
[551] = CNOT 1 3
[552] = CNOT 2 3
[553] = CNOT 2 4
[554] = CNOT 2 6
[555] = CNOT 2 9
[556] = CNOT 2 12
[557] = CNOT 2 33
[558] = T 2
[559] = CNOT 2 33
[560] = T 2
[561] = CNOT 2 12
[562] = CNOT 2 3
[563] = CNOT 3 4
[564] = CNOT 3 6
[565] = CNOT 3 9
[566] = CNOT 3 12
[567] = CNOT 3 13
[568] = CNOT 3 33
[569] = T 3
[570] = CNOT 3 33
[571] = CNOT 3 13
[572] = CNOT 3 12
[573] = CNOT 3 9
[574] = CNOT 3 6
[575] = CNOT 3 4
[576] = CNOT 2 3
[577] = CNOT 2 33
[578] = T 2
[579] = CNOT 2 33
[580] = CNOT 2 9
[581] = CNOT 2 6
[582] = CNOT 2 4
[583] = CNOT 2 3
[584] = CNOT 1 3
[585] = CNOT 1 12
[586] = CNOT 1 32
[587] = T 1
[588] = CNOT 1 12
[589] = CNOT 1 3
[590] = CNOT 3 12
[591] = CNOT 3 13
[592] = CNOT 3 15
[593] = T 3
[594] = CNOT 3 32
[595] = T 3
[596] = CNOT 3 32
[597] = CNOT 3 15
[598] = CNOT 3 13
[599] = CNOT 3 12
[600] = CNOT 1 3
[601] = T 1
[602] = CNOT 1 32
[603] = CNOT 1 4
[604] = CNOT 1 12
[605] = T 1
[606] = CNOT 1 15
[607] = CNOT 1 4
[608] = CNOT 1 3
[609] = CNOT 3 4
[610] = CNOT 3 6
[611] = CNOT 3 8
[612] = CNOT 3 13
[613] = CNOT 3 32
[614] = T 3
[615] = CNOT 3 32
[616] = CNOT 3 13
[617] = CNOT 3 8
[618] = CNOT 3 6
[619] = CNOT 3 4
[620] = CNOT 1 3
[621] = T 1
[622] = CNOT 1 12
[623] = CNOT 1 3
[624] = CNOT 4 6
[625] = CNOT 4 8
[626] = T 4
[627] = S 4
[628] = Z 4
[629] = CNOT 4 8
[630] = CNOT 4 6
[631] = CNOT 2 3
[632] = CNOT 2 11
[633] = CNOT 2 15
[634] = CNOT 2 32
[635] = T 2
[636] = CNOT 2 32
[637] = T 2
[638] = CNOT 2 11
[639] = CNOT 2 3
[640] = CNOT 3 11
[641] = CNOT 3 13
[642] = CNOT 3 15
[643] = CNOT 3 32
[644] = T 3
[645] = CNOT 3 32
[646] = CNOT 3 15
[647] = CNOT 3 13
[648] = CNOT 3 11
[649] = CNOT 2 3
[650] = CNOT 2 32
[651] = T 2
[652] = CNOT 2 32
[653] = CNOT 2 3
[654] = CNOT 1 3
[655] = CNOT 1 4
[656] = CNOT 1 6
[657] = CNOT 1 11
[658] = CNOT 1 15
[659] = CNOT 1 31
[660] = T 1
[661] = CNOT 1 11
[662] = CNOT 1 3
[663] = CNOT 3 4
[664] = CNOT 3 11
[665] = CNOT 3 13
[666] = CNOT 3 15
[667] = T 3
[668] = CNOT 3 6
[669] = CNOT 3 31
[670] = T 3
[671] = CNOT 3 31
[672] = CNOT 3 15
[673] = CNOT 3 13
[674] = CNOT 3 11
[675] = CNOT 3 6
[676] = CNOT 3 4
[677] = CNOT 1 3
[678] = T 1
[679] = CNOT 1 31
[680] = CNOT 1 15
[681] = CNOT 1 3
[682] = CNOT 2 3
[683] = CNOT 2 4
[684] = CNOT 2 6
[685] = CNOT 2 10
[686] = CNOT 2 31
[687] = T 2
[688] = CNOT 2 31
[689] = T 2
[690] = CNOT 2 10
[691] = CNOT 2 3
[692] = CNOT 3 4
[693] = CNOT 3 6
[694] = CNOT 3 10
[695] = CNOT 3 13
[696] = CNOT 3 15
[697] = CNOT 3 31
[698] = T 3
[699] = CNOT 3 31
[700] = CNOT 3 15
[701] = CNOT 3 13
[702] = CNOT 3 10
[703] = CNOT 3 6
[704] = CNOT 3 4
[705] = CNOT 2 3
[706] = CNOT 2 31
[707] = T 2
[708] = CNOT 2 31
[709] = CNOT 2 15
[710] = CNOT 2 4
[711] = CNOT 2 3
[712] = CNOT 1 3
[713] = CNOT 1 10
[714] = CNOT 1 30
[715] = T 1
[716] = CNOT 1 10
[717] = CNOT 1 3
[718] = CNOT 3 4
[719] = CNOT 3 10
[720] = CNOT 3 13
[721] = T 3
[722] = CNOT 3 10
[723] = CNOT 3 5
[724] = CNOT 3 6
[725] = CNOT 3 8
[726] = T 3
[727] = CNOT 3 13
[728] = CNOT 3 8
[729] = CNOT 3 6
[730] = CNOT 3 5
[731] = CNOT 3 4
[732] = CNOT 1 3
[733] = T 1
[734] = CNOT 1 30
[735] = CNOT 1 6
[736] = CNOT 1 4
[737] = CNOT 1 3
[738] = CNOT 1 14
[739] = CNOT 1 15
[740] = T 1
[741] = CNOT 1 16
[742] = T 1
[743] = CNOT 1 16
[744] = CNOT 1 15
[745] = CNOT 1 14
[746] = CNOT 4 9
[747] = CNOT 4 30
[748] = T 4
[749] = S 4
[750] = CNOT 4 30
[751] = CNOT 4 9
[752] = CNOT 2 3
[753] = CNOT 2 4
[754] = CNOT 2 30
[755] = T 2
[756] = CNOT 2 30
[757] = CNOT 2 6
[758] = CNOT 2 4
[759] = CNOT 2 3
[760] = CNOT 1 3
[761] = CNOT 1 4
[762] = CNOT 1 6
[763] = CNOT 1 10
[764] = CNOT 1 33
[765] = T 1
[766] = CNOT 1 33
[767] = CNOT 1 4
[768] = T 1
[769] = CNOT 1 33
[770] = T 1
[771] = CNOT 1 33
[772] = CNOT 1 10
[773] = CNOT 1 6
[774] = CNOT 1 3
[775] = CNOT 3 4
[776] = CNOT 3 6
[777] = CNOT 3 8
[778] = T 3
[779] = CNOT 3 8
[780] = CNOT 3 6
[781] = CNOT 3 4
[782] = CNOT 4 9
[783] = CNOT 4 12
[784] = CNOT 4 13
[785] = CNOT 4 30
[786] = CNOT 4 34
[787] = T 4
[788] = CNOT 4 34
[789] = T 4
[790] = CNOT 4 30
[791] = CNOT 4 13
[792] = CNOT 4 12
[793] = CNOT 4 9
[794] = CNOT 3 4
[795] = CNOT 3 9
[796] = CNOT 3 12
[797] = CNOT 3 13
[798] = CNOT 3 30
[799] = CNOT 3 34
[800] = T 3
[801] = CNOT 3 13
[802] = CNOT 3 12
[803] = T 3
[804] = CNOT 3 34
[805] = CNOT 3 30
[806] = CNOT 3 9
[807] = CNOT 3 6
[808] = CNOT 3 8
[809] = CNOT 3 13
[810] = CNOT 3 31
[811] = T 3
[812] = CNOT 3 31
[813] = CNOT 3 13
[814] = CNOT 3 8
[815] = CNOT 3 6
[816] = CNOT 3 4
[817] = CNOT 1 3
[818] = CNOT 1 9
[819] = CNOT 1 29
[820] = T 1
[821] = CNOT 1 9
[822] = CNOT 1 3
[823] = CNOT 4 15
[824] = T 4
[825] = S 4
[826] = Z 4
[827] = CNOT 4 15
[828] = CNOT 3 9
[829] = CNOT 3 13
[830] = CNOT 3 29
[831] = T 3
[832] = CNOT 3 29
[833] = CNOT 3 13
[834] = CNOT 3 9
[835] = CNOT 1 3
[836] = T 1
[837] = CNOT 1 29
[838] = CNOT 1 3
[839] = CNOT 4 6
[840] = CNOT 4 9
[841] = CNOT 4 10
[842] = CNOT 4 13
[843] = CNOT 4 32
[844] = T 4
[845] = CNOT 4 32
[846] = T 4
[847] = CNOT 4 13
[848] = CNOT 4 10
[849] = CNOT 4 9
[850] = CNOT 4 6
[851] = CNOT 3 4
[852] = CNOT 3 6
[853] = CNOT 3 9
[854] = CNOT 3 10
[855] = CNOT 3 13
[856] = CNOT 3 32
[857] = T 3
[858] = CNOT 3 10
[859] = CNOT 3 9
[860] = CNOT 3 4
[861] = CNOT 4 6
[862] = CNOT 4 9
[863] = CNOT 4 13
[864] = CNOT 4 32
[865] = T 4
[866] = CNOT 4 32
[867] = CNOT 4 13
[868] = CNOT 4 9
[869] = CNOT 4 6
[870] = CNOT 3 4
[871] = CNOT 3 5
[872] = CNOT 3 8
[873] = T 3
[874] = CNOT 3 32
[875] = CNOT 3 13
[876] = CNOT 3 8
[877] = CNOT 3 6
[878] = CNOT 3 5
[879] = CNOT 3 4
[880] = CNOT 1 3
[881] = CNOT 1 4
[882] = CNOT 1 11
[883] = CNOT 1 34
[884] = T 1
[885] = CNOT 1 34
[886] = CNOT 1 6
[887] = CNOT 1 17
[888] = CNOT 1 19
[889] = T 1
[890] = CNOT 1 19
[891] = CNOT 1 17
[892] = CNOT 1 6
[893] = CNOT 1 4
[894] = CNOT 1 34
[895] = T 1
[896] = CNOT 1 11
[897] = CNOT 1 4
[898] = T 1
[899] = CNOT 1 4
[900] = T 1
[901] = CNOT 1 34
[902] = CNOT 1 3
[903] = CNOT 2 3
[904] = CNOT 2 8
[905] = CNOT 2 29
[906] = T 2
[907] = CNOT 2 29
[908] = T 2
[909] = CNOT 2 8
[910] = CNOT 2 3
[911] = CNOT 3 8
[912] = CNOT 3 13
[913] = CNOT 3 29
[914] = T 3
[915] = CNOT 3 29
[916] = CNOT 3 13
[917] = CNOT 3 8
[918] = CNOT 2 3
[919] = CNOT 2 29
[920] = T 2
[921] = CNOT 2 29
[922] = CNOT 2 3
[923] = CNOT 3 6
[924] = CNOT 3 9
[925] = CNOT 3 13
[926] = CNOT 3 32
[927] = T 3
[928] = CNOT 3 32
[929] = T 3
[930] = CNOT 3 13
[931] = CNOT 3 9
[932] = CNOT 3 4
[933] = CNOT 3 30
[934] = T 3
[935] = CNOT 3 30
[936] = CNOT 3 4
[937] = CNOT 3 13
[938] = CNOT 3 32
[939] = T 3
[940] = CNOT 3 32
[941] = CNOT 3 13
[942] = CNOT 3 6
[943] = CNOT 1 11
[944] = CNOT 1 15
[945] = CNOT 1 33
[946] = T 1
[947] = CNOT 1 33
[948] = T 1
[949] = CNOT 1 3
[950] = CNOT 1 33
[951] = T 1
[952] = CNOT 1 11
[953] = CNOT 1 3
[954] = T 1
[955] = CNOT 1 33
[956] = CNOT 1 15
[957] = CNOT 2 3
[958] = CNOT 2 4
[959] = CNOT 2 6
[960] = T 2
[961] = CNOT 2 13
[962] = CNOT 2 6
[963] = CNOT 2 4
[964] = CNOT 2 3
[965] = CNOT 1 3
[966] = CNOT 1 8
[967] = CNOT 1 9
[968] = CNOT 1 28
[969] = T 1
[970] = CNOT 1 28
[971] = T 1
[972] = CNOT 1 8
[973] = CNOT 1 3
[974] = CNOT 3 8
[975] = CNOT 3 9
[976] = CNOT 3 13
[977] = CNOT 3 28
[978] = T 3
[979] = CNOT 3 28
[980] = CNOT 3 13
[981] = CNOT 3 9
[982] = CNOT 3 8
[983] = CNOT 1 3
[984] = CNOT 1 28
[985] = T 1
[986] = CNOT 1 28
[987] = CNOT 1 13
[988] = CNOT 1 9
[989] = CNOT 1 3
[990] = CNOT 4 30
[991] = T 4
[992] = CNOT 4 30
[993] = CNOT 3 9
[994] = CNOT 3 13
[995] = CNOT 3 28
[996] = T 3
[997] = CNOT 3 28
[998] = CNOT 3 13
[999] = CNOT 3 9
[1000] = S 1
[1001] = Z 1
[1002] = S 2
[1003] = Z 2
[1004] = S 3
[1005] = S 5
[1006] = S 6
[1007] = Z 6
[1008] = S 8
[1009] = Z 11
[1010] = Z 12
[1011] = Z 13
[1012] = S 14
[1013] = Z 16
[1014] = S 17
[1015] = Z 18
[1016] = S 19
[1017] = Z 19
[1018] = S 20
[1019] = Z 21
[1020] = S 23
[1021] = Z 23
[1022] = S 24
[1023] = Z 24
[1024] = S 25
[1025] = Z 25
[1026] = S 26
[1027] = Z 26
[1028] = S 27
[1029] = Z 27
[1030] = S 28
[1031] = S 29
[1032] = S 30
[1033] = S 32
[1034] = S 33
[1035] = S 34
[1036] = CNOT 1 3
[1037] = S 1
[1038] = Z 1
[1039] = CNOT 1 3
[1040] = CNOT 1 6
[1041] = Z 1
[1042] = CNOT 1 6
[1043] = CNOT 1 7
[1044] = S 1
[1045] = CNOT 1 7
[1046] = CNOT 1 10
[1047] = Z 1
[1048] = CNOT 1 10
[1049] = CNOT 1 11
[1050] = Z 1
[1051] = CNOT 1 11
[1052] = CNOT 1 12
[1053] = Z 1
[1054] = CNOT 1 12
[1055] = CNOT 1 15
[1056] = S 1
[1057] = Z 1
[1058] = CNOT 1 15
[1059] = CNOT 1 17
[1060] = S 1
[1061] = CNOT 1 17
[1062] = CNOT 1 18
[1063] = Z 1
[1064] = CNOT 1 18
[1065] = CNOT 1 19
[1066] = S 1
[1067] = CNOT 1 19
[1068] = CNOT 1 20
[1069] = Z 1
[1070] = CNOT 1 20
[1071] = CNOT 1 29
[1072] = S 1
[1073] = Z 1
[1074] = CNOT 1 29
[1075] = CNOT 1 30
[1076] = S 1
[1077] = CNOT 1 30
[1078] = CNOT 1 31
[1079] = Z 1
[1080] = CNOT 1 31
[1081] = CNOT 1 33
[1082] = S 1
[1083] = CNOT 1 33
[1084] = CNOT 1 34
[1085] = S 1
[1086] = CNOT 1 34
[1087] = CNOT 2 3
[1088] = Z 2
[1089] = CNOT 2 3
[1090] = CNOT 2 4
[1091] = S 2
[1092] = Z 2
[1093] = CNOT 2 4
[1094] = CNOT 2 6
[1095] = S 2
[1096] = Z 2
[1097] = CNOT 2 6
[1098] = CNOT 2 8
[1099] = S 2
[1100] = Z 2
[1101] = CNOT 2 8
[1102] = CNOT 2 9
[1103] = Z 2
[1104] = CNOT 2 9
[1105] = CNOT 2 10
[1106] = Z 2
[1107] = CNOT 2 10
[1108] = CNOT 2 12
[1109] = Z 2
[1110] = CNOT 2 12
[1111] = CNOT 2 14
[1112] = S 2
[1113] = Z 2
[1114] = CNOT 2 14
[1115] = CNOT 2 29
[1116] = S 2
[1117] = Z 2
[1118] = CNOT 2 29
[1119] = CNOT 2 30
[1120] = S 2
[1121] = Z 2
[1122] = CNOT 2 30
[1123] = CNOT 2 31
[1124] = Z 2
[1125] = CNOT 2 31
[1126] = CNOT 2 33
[1127] = Z 2
[1128] = CNOT 2 33
[1129] = CNOT 2 34
[1130] = Z 2
[1131] = CNOT 2 34
[1132] = CNOT 3 5
[1133] = Z 3
[1134] = CNOT 3 5
[1135] = CNOT 3 6
[1136] = S 3
[1137] = Z 3
[1138] = CNOT 3 6
[1139] = CNOT 3 7
[1140] = S 3
[1141] = CNOT 3 7
[1142] = CNOT 3 9
[1143] = S 3
[1144] = Z 3
[1145] = CNOT 3 9
[1146] = CNOT 3 11
[1147] = Z 3
[1148] = CNOT 3 11
[1149] = CNOT 3 12
[1150] = S 3
[1151] = CNOT 3 12
[1152] = CNOT 3 14
[1153] = S 3
[1154] = CNOT 3 14
[1155] = CNOT 3 15
[1156] = S 3
[1157] = CNOT 3 15
[1158] = CNOT 3 16
[1159] = S 3
[1160] = Z 3
[1161] = CNOT 3 16
[1162] = CNOT 3 17
[1163] = S 3
[1164] = Z 3
[1165] = CNOT 3 17
[1166] = CNOT 3 18
[1167] = Z 3
[1168] = CNOT 3 18
[1169] = CNOT 3 19
[1170] = S 3
[1171] = CNOT 3 19
[1172] = CNOT 3 20
[1173] = Z 3
[1174] = CNOT 3 20
[1175] = CNOT 3 29
[1176] = Z 3
[1177] = CNOT 3 29
[1178] = CNOT 3 30
[1179] = Z 3
[1180] = CNOT 3 30
[1181] = CNOT 3 31
[1182] = S 3
[1183] = Z 3
[1184] = CNOT 3 31
[1185] = CNOT 3 32
[1186] = S 3
[1187] = Z 3
[1188] = CNOT 3 32
[1189] = CNOT 3 34
[1190] = S 3
[1191] = Z 3
[1192] = CNOT 3 34
[1193] = CNOT 4 5
[1194] = Z 4
[1195] = CNOT 4 5
[1196] = CNOT 4 7
[1197] = Z 4
[1198] = CNOT 4 7
[1199] = CNOT 4 8
[1200] = S 4
[1201] = CNOT 4 8
[1202] = CNOT 4 9
[1203] = S 4
[1204] = CNOT 4 9
[1205] = CNOT 4 11
[1206] = Z 4
[1207] = CNOT 4 11
[1208] = CNOT 4 12
[1209] = Z 4
[1210] = CNOT 4 12
[1211] = CNOT 4 13
[1212] = S 4
[1213] = Z 4
[1214] = CNOT 4 13
[1215] = CNOT 4 14
[1216] = S 4
[1217] = CNOT 4 14
[1218] = CNOT 4 16
[1219] = S 4
[1220] = Z 4
[1221] = CNOT 4 16
[1222] = CNOT 4 17
[1223] = S 4
[1224] = Z 4
[1225] = CNOT 4 17
[1226] = CNOT 4 18
[1227] = Z 4
[1228] = CNOT 4 18
[1229] = CNOT 4 19
[1230] = S 4
[1231] = CNOT 4 19
[1232] = CNOT 4 20
[1233] = Z 4
[1234] = CNOT 4 20
[1235] = CNOT 4 31
[1236] = S 4
[1237] = Z 4
[1238] = CNOT 4 31
[1239] = CNOT 4 32
[1240] = S 4
[1241] = Z 4
[1242] = CNOT 4 32
[1243] = CNOT 4 33
[1244] = S 4
[1245] = CNOT 4 33
[1246] = CNOT 5 6
[1247] = S 5
[1248] = Z 5
[1249] = CNOT 5 6
[1250] = CNOT 5 8
[1251] = S 5
[1252] = CNOT 5 8
[1253] = CNOT 5 10
[1254] = S 5
[1255] = CNOT 5 10
[1256] = CNOT 5 12
[1257] = Z 5
[1258] = CNOT 5 12
[1259] = CNOT 5 15
[1260] = Z 5
[1261] = CNOT 5 15
[1262] = CNOT 5 16
[1263] = Z 5
[1264] = CNOT 5 16
[1265] = CNOT 5 17
[1266] = Z 5
[1267] = CNOT 5 17
[1268] = CNOT 5 32
[1269] = S 5
[1270] = CNOT 5 32
[1271] = CNOT 5 33
[1272] = S 5
[1273] = CNOT 5 33
[1274] = CNOT 5 34
[1275] = S 5
[1276] = CNOT 5 34
[1277] = CNOT 6 7
[1278] = S 6
[1279] = CNOT 6 7
[1280] = CNOT 6 8
[1281] = S 6
[1282] = CNOT 6 8
[1283] = CNOT 6 9
[1284] = S 6
[1285] = Z 6
[1286] = CNOT 6 9
[1287] = CNOT 6 10
[1288] = S 6
[1289] = Z 6
[1290] = CNOT 6 10
[1291] = CNOT 6 11
[1292] = S 6
[1293] = CNOT 6 11
[1294] = CNOT 6 12
[1295] = S 6
[1296] = CNOT 6 12
[1297] = CNOT 6 13
[1298] = S 6
[1299] = CNOT 6 13
[1300] = CNOT 6 14
[1301] = Z 6
[1302] = CNOT 6 14
[1303] = CNOT 6 16
[1304] = S 6
[1305] = CNOT 6 16
[1306] = CNOT 6 17
[1307] = S 6
[1308] = Z 6
[1309] = CNOT 6 17
[1310] = CNOT 6 19
[1311] = S 6
[1312] = CNOT 6 19
[1313] = CNOT 6 30
[1314] = S 6
[1315] = CNOT 6 30
[1316] = CNOT 6 31
[1317] = S 6
[1318] = Z 6
[1319] = CNOT 6 31
[1320] = CNOT 6 32
[1321] = S 6
[1322] = Z 6
[1323] = CNOT 6 32
[1324] = CNOT 6 33
[1325] = Z 6
[1326] = CNOT 6 33
[1327] = CNOT 6 34
[1328] = S 6
[1329] = Z 6
[1330] = CNOT 6 34
[1331] = CNOT 7 10
[1332] = Z 7
[1333] = CNOT 7 10
[1334] = CNOT 7 11
[1335] = Z 7
[1336] = CNOT 7 11
[1337] = CNOT 7 12
[1338] = S 7
[1339] = CNOT 7 12
[1340] = CNOT 7 13
[1341] = S 7
[1342] = CNOT 7 13
[1343] = CNOT 7 14
[1344] = S 7
[1345] = Z 7
[1346] = CNOT 7 14
[1347] = CNOT 7 16
[1348] = Z 7
[1349] = CNOT 7 16
[1350] = CNOT 7 17
[1351] = Z 7
[1352] = CNOT 7 17
[1353] = CNOT 7 18
[1354] = S 7
[1355] = CNOT 7 18
[1356] = CNOT 7 19
[1357] = S 7
[1358] = Z 7
[1359] = CNOT 7 19
[1360] = CNOT 7 20
[1361] = S 7
[1362] = Z 7
[1363] = CNOT 7 20
[1364] = CNOT 7 30
[1365] = S 7
[1366] = CNOT 7 30
[1367] = CNOT 8 13
[1368] = S 8
[1369] = CNOT 8 13
[1370] = CNOT 8 29
[1371] = S 8
[1372] = Z 8
[1373] = CNOT 8 29
[1374] = CNOT 8 32
[1375] = S 8
[1376] = CNOT 8 32
[1377] = CNOT 8 33
[1378] = S 8
[1379] = Z 8
[1380] = CNOT 8 33
[1381] = CNOT 9 10
[1382] = S 9
[1383] = CNOT 9 10
[1384] = CNOT 9 13
[1385] = S 9
[1386] = CNOT 9 13
[1387] = CNOT 9 16
[1388] = S 9
[1389] = Z 9
[1390] = CNOT 9 16
[1391] = CNOT 9 17
[1392] = Z 9
[1393] = CNOT 9 17
[1394] = CNOT 9 29
[1395] = S 9
[1396] = Z 9
[1397] = CNOT 9 29
[1398] = CNOT 9 32
[1399] = S 9
[1400] = CNOT 9 32
[1401] = CNOT 10 13
[1402] = S 10
[1403] = CNOT 10 13
[1404] = CNOT 10 15
[1405] = S 10
[1406] = CNOT 10 15
[1407] = CNOT 10 16
[1408] = Z 10
[1409] = CNOT 10 16
[1410] = CNOT 10 30
[1411] = S 10
[1412] = CNOT 10 30
[1413] = CNOT 10 31
[1414] = Z 10
[1415] = CNOT 10 31
[1416] = CNOT 10 32
[1417] = S 10
[1418] = CNOT 10 32
[1419] = CNOT 10 33
[1420] = S 10
[1421] = CNOT 10 33
[1422] = CNOT 10 34
[1423] = S 10
[1424] = CNOT 10 34
[1425] = CNOT 11 13
[1426] = Z 11
[1427] = CNOT 11 13
[1428] = CNOT 11 15
[1429] = S 11
[1430] = Z 11
[1431] = CNOT 11 15
[1432] = CNOT 11 16
[1433] = Z 11
[1434] = CNOT 11 16
[1435] = CNOT 11 17
[1436] = S 11
[1437] = CNOT 11 17
[1438] = CNOT 11 19
[1439] = S 11
[1440] = Z 11
[1441] = CNOT 11 19
[1442] = CNOT 11 31
[1443] = Z 11
[1444] = CNOT 11 31
[1445] = CNOT 12 13
[1446] = Z 12
[1447] = CNOT 12 13
[1448] = CNOT 12 16
[1449] = Z 12
[1450] = CNOT 12 16
[1451] = CNOT 12 17
[1452] = Z 12
[1453] = CNOT 12 17
[1454] = CNOT 12 18
[1455] = S 12
[1456] = CNOT 12 18
[1457] = CNOT 12 30
[1458] = S 12
[1459] = CNOT 12 30
[1460] = CNOT 12 33
[1461] = Z 12
[1462] = CNOT 12 33
[1463] = CNOT 12 34
[1464] = S 12
[1465] = CNOT 12 34
[1466] = CNOT 13 14
[1467] = S 13
[1468] = CNOT 13 14
[1469] = CNOT 13 16
[1470] = S 13
[1471] = Z 13
[1472] = CNOT 13 16
[1473] = CNOT 13 17
[1474] = S 13
[1475] = CNOT 13 17
[1476] = CNOT 13 18
[1477] = Z 13
[1478] = CNOT 13 18
[1479] = CNOT 13 19
[1480] = S 13
[1481] = CNOT 13 19
[1482] = CNOT 13 20
[1483] = Z 13
[1484] = CNOT 13 20
[1485] = CNOT 13 29
[1486] = Z 13
[1487] = CNOT 13 29
[1488] = CNOT 13 31
[1489] = S 13
[1490] = Z 13
[1491] = CNOT 13 31
[1492] = CNOT 13 34
[1493] = S 13
[1494] = Z 13
[1495] = CNOT 13 34
[1496] = CNOT 14 15
[1497] = S 14
[1498] = CNOT 14 15
[1499] = CNOT 14 17
[1500] = S 14
[1501] = Z 14
[1502] = CNOT 14 17
[1503] = CNOT 14 19
[1504] = Z 14
[1505] = CNOT 14 19
[1506] = CNOT 14 20
[1507] = S 14
[1508] = Z 14
[1509] = CNOT 14 20
[1510] = CNOT 14 34
[1511] = S 14
[1512] = CNOT 14 34
[1513] = CNOT 15 22
[1514] = S 15
[1515] = CNOT 15 22
[1516] = CNOT 15 31
[1517] = S 15
[1518] = Z 15
[1519] = CNOT 15 31
[1520] = CNOT 15 32
[1521] = S 15
[1522] = CNOT 15 32
[1523] = CNOT 15 33
[1524] = S 15
[1525] = Z 15
[1526] = CNOT 15 33
[1527] = CNOT 16 23
[1528] = S 16
[1529] = CNOT 16 23
[1530] = CNOT 17 20
[1531] = Z 17
[1532] = CNOT 17 20
[1533] = CNOT 17 24
[1534] = S 17
[1535] = CNOT 17 24
[1536] = CNOT 17 30
[1537] = Z 17
[1538] = CNOT 17 30
[1539] = CNOT 18 25
[1540] = S 18
[1541] = CNOT 18 25
[1542] = CNOT 19 20
[1543] = Z 19
[1544] = CNOT 19 20
[1545] = CNOT 19 26
[1546] = S 19
[1547] = CNOT 19 26
[1548] = CNOT 20 27
[1549] = S 20
[1550] = CNOT 20 27
[1551] = CNOT 21 27
[1552] = S 21
[1553] = CNOT 21 27
[1554] = CNOT 21 34
[1555] = Z 21
[1556] = CNOT 22 23
[1557] = S 22
[1558] = CNOT 22 23
[1559] = CNOT 22 28
[1560] = S 22
[1561] = CNOT 22 28
[1562] = CNOT 22 29
[1563] = Z 22
[1564] = CNOT 23 24
[1565] = S 23
[1566] = CNOT 23 24
[1567] = CNOT 23 29
[1568] = Z 23
[1569] = CNOT 23 29
[1570] = CNOT 23 30
[1571] = Z 23
[1572] = CNOT 23 30
[1573] = CNOT 24 25
[1574] = S 24
[1575] = CNOT 24 25
[1576] = CNOT 24 30
[1577] = Z 24
[1578] = CNOT 24 30
[1579] = CNOT 24 31
[1580] = Z 24
[1581] = CNOT 24 31
[1582] = CNOT 25 26
[1583] = S 25
[1584] = CNOT 25 26
[1585] = CNOT 25 31
[1586] = Z 25
[1587] = CNOT 25 31
[1588] = CNOT 25 32
[1589] = Z 25
[1590] = CNOT 25 32
[1591] = CNOT 26 27
[1592] = S 26
[1593] = CNOT 26 27
[1594] = CNOT 26 32
[1595] = Z 26
[1596] = CNOT 26 32
[1597] = CNOT 26 33
[1598] = Z 26
[1599] = CNOT 26 33
[1600] = CNOT 27 33
[1601] = Z 27
[1602] = CNOT 27 33
[1603] = CNOT 27 34
[1604] = Z 27
[1605] = CNOT 27 34
[1606] = CNOT 1 3
[1607] = CNOT 1 4
[1608] = Z 1
[1609] = CNOT 1 4
[1610] = CNOT 1 6
[1611] = S 1
[1612] = CNOT 1 6
[1613] = CNOT 1 7
[1614] = S 1
[1615] = Z 1
[1616] = CNOT 1 7
[1617] = CNOT 1 8
[1618] = S 1
[1619] = Z 1
[1620] = CNOT 1 8
[1621] = CNOT 1 9
[1622] = Z 1
[1623] = CNOT 1 9
[1624] = CNOT 1 10
[1625] = Z 1
[1626] = CNOT 1 10
[1627] = CNOT 1 12
[1628] = S 1
[1629] = CNOT 1 12
[1630] = CNOT 1 13
[1631] = Z 1
[1632] = CNOT 1 13
[1633] = CNOT 1 16
[1634] = Z 1
[1635] = CNOT 1 16
[1636] = CNOT 1 17
[1637] = Z 1
[1638] = CNOT 1 17
[1639] = CNOT 1 18
[1640] = S 1
[1641] = CNOT 1 18
[1642] = CNOT 1 19
[1643] = Z 1
[1644] = CNOT 1 19
[1645] = CNOT 1 20
[1646] = Z 1
[1647] = CNOT 1 20
[1648] = CNOT 1 28
[1649] = S 1
[1650] = Z 1
[1651] = CNOT 1 28
[1652] = CNOT 1 29
[1653] = S 1
[1654] = Z 1
[1655] = CNOT 1 29
[1656] = CNOT 1 30
[1657] = S 1
[1658] = Z 1
[1659] = CNOT 1 30
[1660] = CNOT 1 31
[1661] = S 1
[1662] = Z 1
[1663] = CNOT 1 31
[1664] = CNOT 1 32
[1665] = S 1
[1666] = Z 1
[1667] = CNOT 1 32
[1668] = CNOT 1 33
[1669] = Z 1
[1670] = CNOT 1 33
[1671] = CNOT 1 34
[1672] = S 1
[1673] = CNOT 1 34
[1674] = CNOT 1 3
[1675] = CNOT 1 4
[1676] = CNOT 1 6
[1677] = Z 1
[1678] = CNOT 1 6
[1679] = CNOT 1 7
[1680] = S 1
[1681] = Z 1
[1682] = CNOT 1 7
[1683] = CNOT 1 10
[1684] = S 1
[1685] = Z 1
[1686] = CNOT 1 10
[1687] = CNOT 1 11
[1688] = S 1
[1689] = CNOT 1 11
[1690] = CNOT 1 12
[1691] = Z 1
[1692] = CNOT 1 12
[1693] = CNOT 1 13
[1694] = Z 1
[1695] = CNOT 1 13
[1696] = CNOT 1 14
[1697] = S 1
[1698] = CNOT 1 14
[1699] = CNOT 1 16
[1700] = S 1
[1701] = Z 1
[1702] = CNOT 1 16
[1703] = CNOT 1 17
[1704] = S 1
[1705] = Z 1
[1706] = CNOT 1 17
[1707] = CNOT 1 18
[1708] = S 1
[1709] = CNOT 1 18
[1710] = CNOT 1 19
[1711] = Z 1
[1712] = CNOT 1 19
[1713] = CNOT 1 20
[1714] = Z 1
[1715] = CNOT 1 20
[1716] = CNOT 1 30
[1717] = S 1
[1718] = Z 1
[1719] = CNOT 1 30
[1720] = CNOT 1 31
[1721] = S 1
[1722] = Z 1
[1723] = CNOT 1 31
[1724] = CNOT 1 33
[1725] = S 1
[1726] = Z 1
[1727] = CNOT 1 33
[1728] = CNOT 1 34
[1729] = Z 1
[1730] = CNOT 1 34
[1731] = CNOT 1 4
[1732] = CNOT 1 6
[1733] = CNOT 1 10
[1734] = Z 1
[1735] = CNOT 1 10
[1736] = CNOT 1 11
[1737] = S 1
[1738] = Z 1
[1739] = CNOT 1 11
[1740] = CNOT 1 13
[1741] = Z 1
[1742] = CNOT 1 13
[1743] = CNOT 1 14
[1744] = S 1
[1745] = Z 1
[1746] = CNOT 1 14
[1747] = CNOT 1 15
[1748] = S 1
[1749] = Z 1
[1750] = CNOT 1 15
[1751] = CNOT 1 17
[1752] = Z 1
[1753] = CNOT 1 17
[1754] = CNOT 1 18
[1755] = S 1
[1756] = Z 1
[1757] = CNOT 1 18
[1758] = CNOT 1 19
[1759] = S 1
[1760] = Z 1
[1761] = CNOT 1 19
[1762] = CNOT 1 30
[1763] = S 1
[1764] = Z 1
[1765] = CNOT 1 30
[1766] = CNOT 1 31
[1767] = S 1
[1768] = Z 1
[1769] = CNOT 1 31
[1770] = CNOT 1 33
[1771] = S 1
[1772] = Z 1
[1773] = CNOT 1 33
[1774] = CNOT 1 6
[1775] = CNOT 1 7
[1776] = CNOT 1 11
[1777] = S 1
[1778] = Z 1
[1779] = CNOT 1 11
[1780] = CNOT 1 12
[1781] = S 1
[1782] = Z 1
[1783] = CNOT 1 12
[1784] = CNOT 1 14
[1785] = S 1
[1786] = Z 1
[1787] = CNOT 1 14
[1788] = CNOT 1 17
[1789] = Z 1
[1790] = CNOT 1 17
[1791] = CNOT 1 18
[1792] = S 1
[1793] = Z 1
[1794] = CNOT 1 18
[1795] = CNOT 1 19
[1796] = S 1
[1797] = CNOT 1 19
[1798] = CNOT 1 20
[1799] = S 1
[1800] = Z 1
[1801] = CNOT 1 20
[1802] = CNOT 1 7
[1803] = CNOT 1 8
[1804] = CNOT 1 9
[1805] = S 1
[1806] = Z 1
[1807] = CNOT 1 9
[1808] = CNOT 1 13
[1809] = S 1
[1810] = Z 1
[1811] = CNOT 1 8
[1812] = CNOT 1 9
[1813] = Z 1
[1814] = CNOT 1 13
[1815] = CNOT 1 28
[1816] = S 1
[1817] = Z 1
[1818] = CNOT 1 28
[1819] = CNOT 1 9
[1820] = CNOT 1 10
[1821] = CNOT 1 13
[1822] = Z 1
[1823] = CNOT 1 13
[1824] = CNOT 1 33
[1825] = S 1
[1826] = Z 1
[1827] = CNOT 1 33
[1828] = CNOT 1 10
[1829] = CNOT 1 11
[1830] = CNOT 1 13
[1831] = S 1
[1832] = Z 1
[1833] = CNOT 1 13
[1834] = CNOT 1 15
[1835] = Z 1
[1836] = CNOT 1 15
[1837] = CNOT 1 17
[1838] = S 1
[1839] = Z 1
[1840] = CNOT 1 17
[1841] = CNOT 1 19
[1842] = Z 1
[1843] = CNOT 1 19
[1844] = CNOT 1 33
[1845] = S 1
[1846] = Z 1
[1847] = CNOT 1 33
[1848] = CNOT 1 34
[1849] = S 1
[1850] = Z 1
[1851] = CNOT 1 34
[1852] = CNOT 1 11
[1853] = CNOT 1 12
[1854] = CNOT 1 13
[1855] = S 1
[1856] = CNOT 1 13
[1857] = CNOT 1 15
[1858] = S 1
[1859] = Z 1
[1860] = CNOT 1 15
[1861] = CNOT 1 18
[1862] = S 1
[1863] = Z 1
[1864] = CNOT 1 18
[1865] = CNOT 1 12
[1866] = CNOT 1 13
[1867] = CNOT 1 14
[1868] = S 1
[1869] = Z 1
[1870] = CNOT 1 14
[1871] = CNOT 1 16
[1872] = Z 1
[1873] = CNOT 1 16
[1874] = CNOT 1 17
[1875] = Z 1
[1876] = CNOT 1 17
[1877] = CNOT 1 18
[1878] = Z 1
[1879] = CNOT 1 18
[1880] = CNOT 1 19
[1881] = S 1
[1882] = Z 1
[1883] = CNOT 1 19
[1884] = CNOT 1 20
[1885] = Z 1
[1886] = CNOT 1 20
[1887] = CNOT 1 28
[1888] = S 1
[1889] = Z 1
[1890] = CNOT 1 28
[1891] = CNOT 1 29
[1892] = S 1
[1893] = Z 1
[1894] = CNOT 1 29
[1895] = CNOT 1 30
[1896] = S 1
[1897] = Z 1
[1898] = CNOT 1 30
[1899] = CNOT 1 31
[1900] = S 1
[1901] = Z 1
[1902] = CNOT 1 31
[1903] = CNOT 1 32
[1904] = S 1
[1905] = Z 1
[1906] = CNOT 1 32
[1907] = CNOT 1 33
[1908] = Z 1
[1909] = CNOT 1 33
[1910] = CNOT 1 34
[1911] = S 1
[1912] = CNOT 1 34
[1913] = CNOT 1 13
[1914] = CNOT 1 14
[1915] = CNOT 1 15
[1916] = Z 1
[1917] = CNOT 1 15
[1918] = CNOT 1 16
[1919] = S 1
[1920] = Z 1
[1921] = CNOT 1 16
[1922] = CNOT 1 17
[1923] = S 1
[1924] = CNOT 1 17
[1925] = CNOT 1 19
[1926] = Z 1
[1927] = CNOT 1 19
[1928] = CNOT 1 20
[1929] = S 1
[1930] = Z 1
[1931] = CNOT 1 20
[1932] = CNOT 1 14
[1933] = CNOT 1 15
[1934] = CNOT 1 16
[1935] = S 1
[1936] = CNOT 1 16
[1937] = CNOT 1 31
[1938] = S 1
[1939] = Z 1
[1940] = CNOT 1 31
[1941] = CNOT 1 32
[1942] = S 1
[1943] = Z 1
[1944] = CNOT 1 32
[1945] = CNOT 1 33
[1946] = Z 1
[1947] = CNOT 1 33
[1948] = CNOT 1 34
[1949] = S 1
[1950] = Z 1
[1951] = CNOT 1 34
[1952] = CNOT 1 15
[1953] = CNOT 1 17
[1954] = CNOT 1 20
[1955] = Z 1
[1956] = CNOT 1 17
[1957] = CNOT 1 19
[1958] = Z 1
[1959] = CNOT 1 20
[1960] = CNOT 1 19
[1961] = CNOT 2 3
[1962] = CNOT 2 4
[1963] = Z 2
[1964] = CNOT 2 4
[1965] = CNOT 2 6
[1966] = Z 2
[1967] = CNOT 2 6
[1968] = CNOT 2 8
[1969] = S 2
[1970] = Z 2
[1971] = CNOT 2 8
[1972] = CNOT 2 9
[1973] = S 2
[1974] = CNOT 2 9
[1975] = CNOT 2 10
[1976] = S 2
[1977] = Z 2
[1978] = CNOT 2 10
[1979] = CNOT 2 11
[1980] = S 2
[1981] = Z 2
[1982] = CNOT 2 11
[1983] = CNOT 2 12
[1984] = S 2
[1985] = Z 2
[1986] = CNOT 2 12
[1987] = CNOT 2 13
[1988] = S 2
[1989] = Z 2
[1990] = CNOT 2 13
[1991] = CNOT 2 14
[1992] = S 2
[1993] = Z 2
[1994] = CNOT 2 14
[1995] = CNOT 2 29
[1996] = S 2
[1997] = Z 2
[1998] = CNOT 2 29
[1999] = CNOT 2 30
[2000] = Z 2
[2001] = CNOT 2 30
[2002] = CNOT 2 31
[2003] = S 2
[2004] = Z 2
[2005] = CNOT 2 31
[2006] = CNOT 2 32
[2007] = S 2
[2008] = Z 2
[2009] = CNOT 2 32
[2010] = CNOT 2 33
[2011] = S 2
[2012] = Z 2
[2013] = CNOT 2 33
[2014] = CNOT 2 34
[2015] = S 2
[2016] = Z 2
[2017] = CNOT 2 34
[2018] = CNOT 2 3
[2019] = CNOT 2 4
[2020] = CNOT 2 6
[2021] = Z 2
[2022] = CNOT 2 6
[2023] = CNOT 2 9
[2024] = S 2
[2025] = CNOT 2 9
[2026] = CNOT 2 10
[2027] = S 2
[2028] = Z 2
[2029] = CNOT 2 10
[2030] = CNOT 2 12
[2031] = S 2
[2032] = Z 2
[2033] = CNOT 2 12
[2034] = CNOT 2 13
[2035] = S 2
[2036] = Z 2
[2037] = CNOT 2 13
[2038] = CNOT 2 15
[2039] = Z 2
[2040] = CNOT 2 15
[2041] = CNOT 2 30
[2042] = Z 2
[2043] = CNOT 2 30
[2044] = CNOT 2 31
[2045] = S 2
[2046] = Z 2
[2047] = CNOT 2 31
[2048] = CNOT 2 33
[2049] = S 2
[2050] = Z 2
[2051] = CNOT 2 33
[2052] = CNOT 2 34
[2053] = S 2
[2054] = Z 2
[2055] = CNOT 2 34
[2056] = CNOT 2 4
[2057] = CNOT 2 6
[2058] = CNOT 2 9
[2059] = S 2
[2060] = CNOT 2 9
[2061] = CNOT 2 10
[2062] = S 2
[2063] = Z 2
[2064] = CNOT 2 10
[2065] = CNOT 2 12
[2066] = S 2
[2067] = Z 2
[2068] = CNOT 2 12
[2069] = CNOT 2 13
[2070] = S 2
[2071] = Z 2
[2072] = CNOT 2 13
[2073] = CNOT 2 15
[2074] = Z 2
[2075] = CNOT 2 15
[2076] = CNOT 2 30
[2077] = Z 2
[2078] = CNOT 2 30
[2079] = CNOT 2 31
[2080] = S 2
[2081] = Z 2
[2082] = CNOT 2 31
[2083] = CNOT 2 33
[2084] = S 2
[2085] = Z 2
[2086] = CNOT 2 33
[2087] = CNOT 2 34
[2088] = S 2
[2089] = Z 2
[2090] = CNOT 2 34
[2091] = CNOT 2 6
[2092] = CNOT 2 8
[2093] = CNOT 2 13
[2094] = S 2
[2095] = Z 2
[2096] = CNOT 2 13
[2097] = CNOT 2 8
[2098] = CNOT 2 9
[2099] = CNOT 2 12
[2100] = S 2
[2101] = Z 2
[2102] = CNOT 2 12
[2103] = CNOT 2 13
[2104] = Z 2
[2105] = CNOT 2 13
[2106] = CNOT 2 30
[2107] = S 2
[2108] = Z 2
[2109] = CNOT 2 30
[2110] = CNOT 2 33
[2111] = S 2
[2112] = Z 2
[2113] = CNOT 2 33
[2114] = CNOT 2 34
[2115] = S 2
[2116] = Z 2
[2117] = CNOT 2 34
[2118] = CNOT 2 9
[2119] = CNOT 2 10
[2120] = CNOT 2 13
[2121] = S 2
[2122] = Z 2
[2123] = CNOT 2 13
[2124] = CNOT 2 15
[2125] = S 2
[2126] = Z 2
[2127] = CNOT 2 15
[2128] = CNOT 2 10
[2129] = CNOT 2 11
[2130] = CNOT 2 13
[2131] = S 2
[2132] = Z 2
[2133] = CNOT 2 13
[2134] = CNOT 2 15
[2135] = S 2
[2136] = Z 2
[2137] = CNOT 2 15
[2138] = CNOT 2 11
[2139] = CNOT 2 12
[2140] = CNOT 2 13
[2141] = S 2
[2142] = Z 2
[2143] = CNOT 2 12
[2144] = CNOT 2 14
[2145] = S 2
[2146] = Z 2
[2147] = CNOT 2 14
[2148] = CNOT 2 29
[2149] = S 2
[2150] = Z 2
[2151] = CNOT 2 29
[2152] = CNOT 2 30
[2153] = S 2
[2154] = Z 2
[2155] = CNOT 2 30
[2156] = CNOT 2 31
[2157] = S 2
[2158] = Z 2
[2159] = CNOT 2 31
[2160] = CNOT 2 32
[2161] = S 2
[2162] = Z 2
[2163] = CNOT 2 32
[2164] = CNOT 2 33
[2165] = S 2
[2166] = Z 2
[2167] = CNOT 2 33
[2168] = CNOT 2 13
[2169] = CNOT 2 15
[2170] = CNOT 2 31
[2171] = S 2
[2172] = Z 2
[2173] = CNOT 2 31
[2174] = CNOT 2 32
[2175] = S 2
[2176] = Z 2
[2177] = CNOT 2 32
[2178] = CNOT 2 15
[2179] = CNOT 2 30
[2180] = CNOT 2 34
[2181] = S 2
[2182] = Z 2
[2183] = CNOT 2 34
[2184] = CNOT 2 30
[2185] = CNOT 3 4
[2186] = CNOT 3 5
[2187] = Z 3
[2188] = CNOT 3 5
[2189] = CNOT 3 6
[2190] = S 3
[2191] = Z 3
[2192] = CNOT 3 6
[2193] = CNOT 3 7
[2194] = S 3
[2195] = CNOT 3 7
[2196] = CNOT 3 8
[2197] = S 3
[2198] = CNOT 3 8
[2199] = CNOT 3 9
[2200] = S 3
[2201] = CNOT 3 9
[2202] = CNOT 3 10
[2203] = S 3
[2204] = CNOT 3 10
[2205] = CNOT 3 11
[2206] = Z 3
[2207] = CNOT 3 11
[2208] = CNOT 3 12
[2209] = S 3
[2210] = CNOT 3 12
[2211] = CNOT 3 14
[2212] = S 3
[2213] = Z 3
[2214] = CNOT 3 14
[2215] = CNOT 3 15
[2216] = S 3
[2217] = CNOT 3 15
[2218] = CNOT 3 16
[2219] = Z 3
[2220] = CNOT 3 16
[2221] = CNOT 3 17
[2222] = Z 3
[2223] = CNOT 3 17
[2224] = CNOT 3 18
[2225] = S 3
[2226] = Z 3
[2227] = CNOT 3 18
[2228] = CNOT 3 20
[2229] = Z 3
[2230] = CNOT 3 20
[2231] = CNOT 3 30
[2232] = Z 3
[2233] = CNOT 3 30
[2234] = CNOT 3 32
[2235] = Z 3
[2236] = CNOT 3 32
[2237] = CNOT 3 34
[2238] = Z 3
[2239] = CNOT 3 34
[2240] = CNOT 3 4
[2241] = CNOT 3 5
[2242] = CNOT 3 6
[2243] = Z 3
[2244] = CNOT 3 6
[2245] = CNOT 3 8
[2246] = S 3
[2247] = Z 3
[2248] = CNOT 3 8
[2249] = CNOT 3 10
[2250] = S 3
[2251] = Z 3
[2252] = CNOT 3 10
[2253] = CNOT 3 11
[2254] = S 3
[2255] = Z 3
[2256] = CNOT 3 11
[2257] = CNOT 3 12
[2258] = S 3
[2259] = Z 3
[2260] = CNOT 3 12
[2261] = CNOT 3 13
[2262] = S 3
[2263] = Z 3
[2264] = CNOT 3 13
[2265] = CNOT 3 14
[2266] = S 3
[2267] = Z 3
[2268] = CNOT 3 14
[2269] = CNOT 3 15
[2270] = Z 3
[2271] = CNOT 3 15
[2272] = CNOT 3 16
[2273] = S 3
[2274] = Z 3
[2275] = CNOT 3 16
[2276] = CNOT 3 17
[2277] = S 3
[2278] = Z 3
[2279] = CNOT 3 17
[2280] = CNOT 3 18
[2281] = S 3
[2282] = Z 3
[2283] = CNOT 3 18
[2284] = CNOT 3 30
[2285] = Z 3
[2286] = CNOT 3 30
[2287] = CNOT 3 32
[2288] = S 3
[2289] = Z 3
[2290] = CNOT 3 32
[2291] = CNOT 3 33
[2292] = S 3
[2293] = Z 3
[2294] = CNOT 3 33
[2295] = CNOT 3 34
[2296] = S 3
[2297] = Z 3
[2298] = CNOT 3 34
[2299] = CNOT 3 5
[2300] = CNOT 3 6
[2301] = CNOT 3 7
[2302] = Z 3
[2303] = CNOT 3 7
[2304] = CNOT 3 9
[2305] = Z 3
[2306] = CNOT 3 9
[2307] = CNOT 3 10
[2308] = Z 3
[2309] = CNOT 3 10
[2310] = CNOT 3 11
[2311] = Z 3
[2312] = CNOT 3 11
[2313] = CNOT 3 14
[2314] = S 3
[2315] = Z 3
[2316] = CNOT 3 14
[2317] = CNOT 3 17
[2318] = S 3
[2319] = Z 3
[2320] = CNOT 3 17
[2321] = CNOT 3 18
[2322] = S 3
[2323] = Z 3
[2324] = CNOT 3 18
[2325] = CNOT 3 19
[2326] = Z 3
[2327] = CNOT 3 19
[2328] = CNOT 3 31
[2329] = S 3
[2330] = Z 3
[2331] = CNOT 3 31
[2332] = CNOT 3 32
[2333] = S 3
[2334] = CNOT 3 32
[2335] = CNOT 3 34
[2336] = S 3
[2337] = Z 3
[2338] = CNOT 3 34
[2339] = CNOT 3 6
[2340] = CNOT 3 7
[2341] = CNOT 3 9
[2342] = Z 3
[2343] = CNOT 3 9
[2344] = CNOT 3 10
[2345] = S 3
[2346] = Z 3
[2347] = CNOT 3 10
[2348] = CNOT 3 11
[2349] = S 3
[2350] = Z 3
[2351] = CNOT 3 11
[2352] = CNOT 3 12
[2353] = S 3
[2354] = Z 3
[2355] = CNOT 3 12
[2356] = CNOT 3 13
[2357] = Z 3
[2358] = CNOT 3 13
[2359] = CNOT 3 14
[2360] = S 3
[2361] = Z 3
[2362] = CNOT 3 14
[2363] = CNOT 3 16
[2364] = S 3
[2365] = Z 3
[2366] = CNOT 3 16
[2367] = CNOT 3 17
[2368] = Z 3
[2369] = CNOT 3 17
[2370] = CNOT 3 18
[2371] = S 3
[2372] = Z 3
[2373] = CNOT 3 18
[2374] = CNOT 3 19
[2375] = S 3
[2376] = CNOT 3 19
[2377] = CNOT 3 20
[2378] = S 3
[2379] = Z 3
[2380] = CNOT 3 20
[2381] = CNOT 3 7
[2382] = CNOT 3 8
[2383] = CNOT 3 9
[2384] = Z 3
[2385] = CNOT 3 9
[2386] = CNOT 3 13
[2387] = S 3
[2388] = CNOT 3 13
[2389] = CNOT 3 28
[2390] = S 3
[2391] = Z 3
[2392] = CNOT 3 28
[2393] = CNOT 3 29
[2394] = S 3
[2395] = Z 3
[2396] = CNOT 3 29
[2397] = CNOT 3 31
[2398] = S 3
[2399] = Z 3
[2400] = CNOT 3 31
[2401] = CNOT 3 32
[2402] = S 3
[2403] = Z 3
[2404] = CNOT 3 32
[2405] = CNOT 3 33
[2406] = S 3
[2407] = Z 3
[2408] = CNOT 3 33
[2409] = CNOT 3 8
[2410] = CNOT 3 9
[2411] = CNOT 3 10
[2412] = Z 3
[2413] = CNOT 3 10
[2414] = CNOT 3 12
[2415] = S 3
[2416] = Z 3
[2417] = CNOT 3 12
[2418] = CNOT 3 13
[2419] = S 3
[2420] = Z 3
[2421] = CNOT 3 13
[2422] = CNOT 3 16
[2423] = S 3
[2424] = CNOT 3 16
[2425] = CNOT 3 17
[2426] = S 3
[2427] = CNOT 3 17
[2428] = CNOT 3 28
[2429] = Z 3
[2430] = CNOT 3 28
[2431] = CNOT 3 29
[2432] = S 3
[2433] = Z 3
[2434] = CNOT 3 29
[2435] = CNOT 3 30
[2436] = S 3
[2437] = CNOT 3 30
[2438] = CNOT 3 32
[2439] = S 3
[2440] = Z 3
[2441] = CNOT 3 32
[2442] = CNOT 3 33
[2443] = Z 3
[2444] = CNOT 3 33
[2445] = CNOT 3 34
[2446] = Z 3
[2447] = CNOT 3 34
[2448] = CNOT 3 9
[2449] = CNOT 3 10
[2450] = CNOT 3 15
[2451] = S 3
[2452] = CNOT 3 15
[2453] = CNOT 3 16
[2454] = S 3
[2455] = Z 3
[2456] = CNOT 3 16
[2457] = CNOT 3 30
[2458] = S 3
[2459] = Z 3
[2460] = CNOT 3 30
[2461] = CNOT 3 31
[2462] = S 3
[2463] = Z 3
[2464] = CNOT 3 31
[2465] = CNOT 3 33
[2466] = S 3
[2467] = Z 3
[2468] = CNOT 3 33
[2469] = CNOT 3 34
[2470] = S 3
[2471] = Z 3
[2472] = CNOT 3 34
[2473] = CNOT 3 10
[2474] = CNOT 3 11
[2475] = CNOT 3 16
[2476] = S 3
[2477] = Z 3
[2478] = CNOT 3 16
[2479] = CNOT 3 17
[2480] = Z 3
[2481] = CNOT 3 17
[2482] = CNOT 3 19
[2483] = S 3
[2484] = CNOT 3 19
[2485] = CNOT 3 31
[2486] = S 3
[2487] = Z 3
[2488] = CNOT 3 31
[2489] = CNOT 3 32
[2490] = S 3
[2491] = Z 3
[2492] = CNOT 3 32
[2493] = CNOT 3 34
[2494] = S 3
[2495] = Z 3
[2496] = CNOT 3 34
[2497] = CNOT 3 11
[2498] = CNOT 3 12
[2499] = CNOT 3 13
[2500] = S 3
[2501] = Z 3
[2502] = CNOT 3 13
[2503] = CNOT 3 15
[2504] = Z 3
[2505] = CNOT 3 15
[2506] = CNOT 3 16
[2507] = S 3
[2508] = Z 3
[2509] = CNOT 3 16
[2510] = CNOT 3 17
[2511] = S 3
[2512] = Z 3
[2513] = CNOT 3 17
[2514] = CNOT 3 18
[2515] = S 3
[2516] = Z 3
[2517] = CNOT 3 18
[2518] = CNOT 3 30
[2519] = Z 3
[2520] = CNOT 3 30
[2521] = CNOT 3 32
[2522] = S 3
[2523] = Z 3
[2524] = CNOT 3 32
[2525] = CNOT 3 33
[2526] = S 3
[2527] = Z 3
[2528] = CNOT 3 33
[2529] = CNOT 3 12
[2530] = CNOT 3 13
[2531] = CNOT 3 14
[2532] = S 3
[2533] = CNOT 3 14
[2534] = CNOT 3 15
[2535] = S 3
[2536] = CNOT 3 15
[2537] = CNOT 3 16
[2538] = Z 3
[2539] = CNOT 3 16
[2540] = CNOT 3 17
[2541] = Z 3
[2542] = CNOT 3 17
[2543] = CNOT 3 19
[2544] = S 3
[2545] = CNOT 3 19
[2546] = CNOT 3 20
[2547] = Z 3
[2548] = CNOT 3 20
[2549] = CNOT 3 28
[2550] = Z 3
[2551] = CNOT 3 28
[2552] = CNOT 3 29
[2553] = S 3
[2554] = CNOT 3 29
[2555] = CNOT 3 30
[2556] = Z 3
[2557] = CNOT 3 30
[2558] = CNOT 3 31
[2559] = S 3
[2560] = Z 3
[2561] = CNOT 3 31
[2562] = CNOT 3 32
[2563] = Z 3
[2564] = CNOT 3 32
[2565] = CNOT 3 34
[2566] = Z 3
[2567] = CNOT 3 34
[2568] = CNOT 3 13
[2569] = CNOT 3 14
[2570] = CNOT 3 15
[2571] = Z 3
[2572] = CNOT 3 15
[2573] = CNOT 3 17
[2574] = S 3
[2575] = CNOT 3 17
[2576] = CNOT 3 18
[2577] = S 3
[2578] = Z 3
[2579] = CNOT 3 18
[2580] = CNOT 3 19
[2581] = Z 3
[2582] = CNOT 3 19
[2583] = CNOT 3 20
[2584] = S 3
[2585] = Z 3
[2586] = CNOT 3 20
[2587] = CNOT 3 34
[2588] = S 3
[2589] = Z 3
[2590] = CNOT 3 34
[2591] = CNOT 3 14
[2592] = CNOT 3 15
[2593] = CNOT 3 16
[2594] = Z 3
[2595] = CNOT 3 16
[2596] = CNOT 3 31
[2597] = S 3
[2598] = CNOT 3 31
[2599] = CNOT 3 32
[2600] = S 3
[2601] = CNOT 3 32
[2602] = CNOT 3 33
[2603] = Z 3
[2604] = CNOT 3 33
[2605] = CNOT 3 34
[2606] = S 3
[2607] = CNOT 3 34
[2608] = CNOT 3 15
[2609] = CNOT 3 16
[2610] = CNOT 3 17
[2611] = Z 3
[2612] = CNOT 3 17
[2613] = CNOT 3 19
[2614] = Z 3
[2615] = CNOT 3 16
[2616] = CNOT 3 17
[2617] = Z 3
[2618] = CNOT 3 19
[2619] = CNOT 3 20
[2620] = Z 3
[2621] = CNOT 3 20
[2622] = CNOT 3 30
[2623] = S 3
[2624] = CNOT 3 30
[2625] = CNOT 3 17
[2626] = CNOT 3 19
[2627] = CNOT 3 20
[2628] = Z 3
[2629] = CNOT 3 20
[2630] = CNOT 3 19
[2631] = CNOT 3 30
[2632] = CNOT 3 34
[2633] = Z 3
[2634] = CNOT 3 34
[2635] = CNOT 3 30
[2636] = CNOT 4 5
[2637] = CNOT 4 6
[2638] = Z 4
[2639] = CNOT 4 6
[2640] = CNOT 4 8
[2641] = S 4
[2642] = Z 4
[2643] = CNOT 4 8
[2644] = CNOT 4 10
[2645] = S 4
[2646] = Z 4
[2647] = CNOT 4 10
[2648] = CNOT 4 11
[2649] = S 4
[2650] = Z 4
[2651] = CNOT 4 11
[2652] = CNOT 4 12
[2653] = S 4
[2654] = Z 4
[2655] = CNOT 4 12
[2656] = CNOT 4 13
[2657] = S 4
[2658] = Z 4
[2659] = CNOT 4 13
[2660] = CNOT 4 14
[2661] = S 4
[2662] = Z 4
[2663] = CNOT 4 14
[2664] = CNOT 4 15
[2665] = Z 4
[2666] = CNOT 4 15
[2667] = CNOT 4 16
[2668] = S 4
[2669] = Z 4
[2670] = CNOT 4 16
[2671] = CNOT 4 17
[2672] = S 4
[2673] = Z 4
[2674] = CNOT 4 17
[2675] = CNOT 4 18
[2676] = S 4
[2677] = Z 4
[2678] = CNOT 4 18
[2679] = CNOT 4 30
[2680] = Z 4
[2681] = CNOT 4 30
[2682] = CNOT 4 32
[2683] = S 4
[2684] = Z 4
[2685] = CNOT 4 32
[2686] = CNOT 4 33
[2687] = S 4
[2688] = Z 4
[2689] = CNOT 4 33
[2690] = CNOT 4 34
[2691] = S 4
[2692] = Z 4
[2693] = CNOT 4 34
[2694] = CNOT 4 5
[2695] = CNOT 4 6
[2696] = CNOT 4 7
[2697] = S 4
[2698] = Z 4
[2699] = CNOT 4 7
[2700] = CNOT 4 9
[2701] = S 4
[2702] = Z 4
[2703] = CNOT 4 9
[2704] = CNOT 4 10
[2705] = Z 4
[2706] = CNOT 4 10
[2707] = CNOT 4 11
[2708] = Z 4
[2709] = CNOT 4 11
[2710] = CNOT 4 13
[2711] = S 4
[2712] = CNOT 4 13
[2713] = CNOT 4 14
[2714] = S 4
[2715] = Z 4
[2716] = CNOT 4 14
[2717] = CNOT 4 15
[2718] = Z 4
[2719] = CNOT 4 15
[2720] = CNOT 4 17
[2721] = S 4
[2722] = Z 4
[2723] = CNOT 4 17
[2724] = CNOT 4 18
[2725] = S 4
[2726] = Z 4
[2727] = CNOT 4 18
[2728] = CNOT 4 19
[2729] = Z 4
[2730] = CNOT 4 19
[2731] = CNOT 4 30
[2732] = S 4
[2733] = Z 4
[2734] = CNOT 4 30
[2735] = CNOT 4 31
[2736] = S 4
[2737] = Z 4
[2738] = CNOT 4 31
[2739] = CNOT 4 32
[2740] = S 4
[2741] = CNOT 4 32
[2742] = CNOT 4 33
[2743] = S 4
[2744] = CNOT 4 33
[2745] = CNOT 4 34
[2746] = S 4
[2747] = CNOT 4 34
[2748] = CNOT 4 6
[2749] = CNOT 4 7
[2750] = CNOT 4 8
[2751] = S 4
[2752] = Z 4
[2753] = CNOT 4 8
[2754] = CNOT 4 9
[2755] = S 4
[2756] = CNOT 4 9
[2757] = CNOT 4 10
[2758] = S 4
[2759] = Z 4
[2760] = CNOT 4 10
[2761] = CNOT 4 11
[2762] = S 4
[2763] = Z 4
[2764] = CNOT 4 11
[2765] = CNOT 4 12
[2766] = S 4
[2767] = Z 4
[2768] = CNOT 4 12
[2769] = CNOT 4 13
[2770] = Z 4
[2771] = CNOT 4 13
[2772] = CNOT 4 14
[2773] = S 4
[2774] = Z 4
[2775] = CNOT 4 14
[2776] = CNOT 4 15
[2777] = S 4
[2778] = Z 4
[2779] = CNOT 4 15
[2780] = CNOT 4 16
[2781] = S 4
[2782] = Z 4
[2783] = CNOT 4 16
[2784] = CNOT 4 17
[2785] = Z 4
[2786] = CNOT 4 17
[2787] = CNOT 4 18
[2788] = S 4
[2789] = Z 4
[2790] = CNOT 4 18
[2791] = CNOT 4 19
[2792] = S 4
[2793] = CNOT 4 19
[2794] = CNOT 4 20
[2795] = S 4
[2796] = Z 4
[2797] = CNOT 4 20
[2798] = CNOT 4 30
[2799] = S 4
[2800] = CNOT 4 30
[2801] = CNOT 4 34
[2802] = S 4
[2803] = Z 4
[2804] = CNOT 4 34
[2805] = CNOT 4 7
[2806] = CNOT 4 8
[2807] = CNOT 4 13
[2808] = Z 4
[2809] = CNOT 4 13
[2810] = CNOT 4 30
[2811] = Z 4
[2812] = CNOT 4 30
[2813] = CNOT 4 32
[2814] = S 4
[2815] = Z 4
[2816] = CNOT 4 32
[2817] = CNOT 4 34
[2818] = S 4
[2819] = Z 4
[2820] = CNOT 4 34
[2821] = CNOT 4 8
[2822] = CNOT 4 9
[2823] = CNOT 4 10
[2824] = S 4
[2825] = CNOT 4 10
[2826] = CNOT 4 12
[2827] = Z 4
[2828] = CNOT 4 12
[2829] = CNOT 4 15
[2830] = S 4
[2831] = Z 4
[2832] = CNOT 4 15
[2833] = CNOT 4 16
[2834] = S 4
[2835] = CNOT 4 16
[2836] = CNOT 4 17
[2837] = S 4
[2838] = CNOT 4 17
[2839] = CNOT 4 31
[2840] = S 4
[2841] = Z 4
[2842] = CNOT 4 31
[2843] = CNOT 4 32
[2844] = S 4
[2845] = Z 4
[2846] = CNOT 4 32
[2847] = CNOT 4 33
[2848] = Z 4
[2849] = CNOT 4 33
[2850] = CNOT 4 34
[2851] = S 4
[2852] = CNOT 4 34
[2853] = CNOT 4 9
[2854] = CNOT 4 10
[2855] = CNOT 4 15
[2856] = S 4
[2857] = CNOT 4 15
[2858] = CNOT 4 16
[2859] = S 4
[2860] = Z 4
[2861] = CNOT 4 16
[2862] = CNOT 4 30
[2863] = S 4
[2864] = Z 4
[2865] = CNOT 4 30
[2866] = CNOT 4 31
[2867] = S 4
[2868] = Z 4
[2869] = CNOT 4 31
[2870] = CNOT 4 32
[2871] = S 4
[2872] = Z 4
[2873] = CNOT 4 32
[2874] = CNOT 4 34
[2875] = S 4
[2876] = Z 4
[2877] = CNOT 4 34
[2878] = CNOT 4 10
[2879] = CNOT 4 11
[2880] = CNOT 4 13
[2881] = Z 4
[2882] = CNOT 4 13
[2883] = CNOT 4 15
[2884] = Z 4
[2885] = CNOT 4 15
[2886] = CNOT 4 16
[2887] = S 4
[2888] = Z 4
[2889] = CNOT 4 16
[2890] = CNOT 4 17
[2891] = Z 4
[2892] = CNOT 4 17
[2893] = CNOT 4 19
[2894] = S 4
[2895] = CNOT 4 19
[2896] = CNOT 4 31
[2897] = S 4
[2898] = Z 4
[2899] = CNOT 4 31
[2900] = CNOT 4 11
[2901] = CNOT 4 12
[2902] = CNOT 4 16
[2903] = S 4
[2904] = Z 4
[2905] = CNOT 4 16
[2906] = CNOT 4 17
[2907] = S 4
[2908] = Z 4
[2909] = CNOT 4 17
[2910] = CNOT 4 18
[2911] = S 4
[2912] = Z 4
[2913] = CNOT 4 18
[2914] = CNOT 4 30
[2915] = S 4
[2916] = CNOT 4 30
[2917] = CNOT 4 33
[2918] = S 4
[2919] = Z 4
[2920] = CNOT 4 33
[2921] = CNOT 4 34
[2922] = S 4
[2923] = Z 4
[2924] = CNOT 4 34
[2925] = CNOT 4 12
[2926] = CNOT 4 13
[2927] = CNOT 4 14
[2928] = S 4
[2929] = Z 4
[2930] = CNOT 4 14
[2931] = CNOT 4 16
[2932] = S 4
[2933] = Z 4
[2934] = CNOT 4 16
[2935] = CNOT 4 17
[2936] = S 4
[2937] = Z 4
[2938] = CNOT 4 17
[2939] = CNOT 4 19
[2940] = S 4
[2941] = CNOT 4 19
[2942] = CNOT 4 20
[2943] = Z 4
[2944] = CNOT 4 20
[2945] = CNOT 4 31
[2946] = S 4
[2947] = Z 4
[2948] = CNOT 4 31
[2949] = CNOT 4 32
[2950] = S 4
[2951] = CNOT 4 32
[2952] = CNOT 4 33
[2953] = S 4
[2954] = CNOT 4 33
[2955] = CNOT 4 34
[2956] = Z 4
[2957] = CNOT 4 34
[2958] = CNOT 4 13
[2959] = CNOT 4 14
[2960] = CNOT 4 15
[2961] = S 4
[2962] = Z 4
[2963] = CNOT 4 15
[2964] = CNOT 4 17
[2965] = Z 4
[2966] = CNOT 4 17
[2967] = CNOT 4 18
[2968] = S 4
[2969] = Z 4
[2970] = CNOT 4 18
[2971] = CNOT 4 19
[2972] = Z 4
[2973] = CNOT 4 19
[2974] = CNOT 4 20
[2975] = S 4
[2976] = Z 4
[2977] = CNOT 4 20
[2978] = CNOT 4 34
[2979] = S 4
[2980] = Z 4
[2981] = CNOT 4 34
[2982] = CNOT 4 14
[2983] = CNOT 4 15
[2984] = CNOT 4 16
[2985] = S 4
[2986] = Z 4
[2987] = CNOT 4 16
[2988] = CNOT 4 30
[2989] = Z 4
[2990] = CNOT 4 30
[2991] = CNOT 4 31
[2992] = S 4
[2993] = CNOT 4 31
[2994] = CNOT 4 33
[2995] = S 4
[2996] = Z 4
[2997] = CNOT 4 33
[2998] = CNOT 4 34
[2999] = S 4
[3000] = CNOT 4 34
[3001] = CNOT 4 15
[3002] = CNOT 4 16
[3003] = CNOT 4 17
[3004] = Z 4
[3005] = CNOT 4 17
[3006] = CNOT 4 19
[3007] = Z 4
[3008] = CNOT 4 16
[3009] = CNOT 4 17
[3010] = Z 4
[3011] = CNOT 4 19
[3012] = CNOT 4 20
[3013] = Z 4
[3014] = CNOT 4 20
[3015] = CNOT 4 30
[3016] = S 4
[3017] = CNOT 4 30
[3018] = CNOT 4 17
[3019] = CNOT 4 19
[3020] = CNOT 4 20
[3021] = Z 4
[3022] = CNOT 4 20
[3023] = CNOT 4 19
[3024] = CNOT 5 6
[3025] = CNOT 5 8
[3026] = S 5
[3027] = Z 5
[3028] = CNOT 5 8
[3029] = CNOT 5 12
[3030] = S 5
[3031] = Z 5
[3032] = CNOT 5 12
[3033] = CNOT 5 13
[3034] = S 5
[3035] = Z 5
[3036] = CNOT 5 13
[3037] = CNOT 5 16
[3038] = S 5
[3039] = Z 5
[3040] = CNOT 5 16
[3041] = CNOT 5 17
[3042] = S 5
[3043] = Z 5
[3044] = CNOT 5 17
[3045] = CNOT 5 30
[3046] = Z 5
[3047] = CNOT 5 30
[3048] = CNOT 5 32
[3049] = S 5
[3050] = Z 5
[3051] = CNOT 5 32
[3052] = CNOT 5 33
[3053] = S 5
[3054] = Z 5
[3055] = CNOT 5 33
[3056] = CNOT 5 6
[3057] = CNOT 5 8
[3058] = CNOT 5 13
[3059] = S 5
[3060] = Z 5
[3061] = CNOT 5 13
[3062] = CNOT 5 8
[3063] = CNOT 5 9
[3064] = CNOT 5 12
[3065] = S 5
[3066] = Z 5
[3067] = CNOT 5 12
[3068] = CNOT 5 13
[3069] = S 5
[3070] = CNOT 5 13
[3071] = CNOT 5 16
[3072] = S 5
[3073] = Z 5
[3074] = CNOT 5 16
[3075] = CNOT 5 17
[3076] = S 5
[3077] = Z 5
[3078] = CNOT 5 17
[3079] = CNOT 5 30
[3080] = Z 5
[3081] = CNOT 5 30
[3082] = CNOT 5 9
[3083] = CNOT 5 10
[3084] = CNOT 5 13
[3085] = S 5
[3086] = Z 5
[3087] = CNOT 5 13
[3088] = CNOT 5 15
[3089] = S 5
[3090] = Z 5
[3091] = CNOT 5 15
[3092] = CNOT 5 10
[3093] = CNOT 5 11
[3094] = CNOT 5 13
[3095] = S 5
[3096] = Z 5
[3097] = CNOT 5 11
[3098] = CNOT 5 12
[3099] = S 5
[3100] = Z 5
[3101] = CNOT 5 12
[3102] = CNOT 5 14
[3103] = S 5
[3104] = Z 5
[3105] = CNOT 5 14
[3106] = CNOT 5 15
[3107] = Z 5
[3108] = CNOT 5 15
[3109] = CNOT 5 16
[3110] = S 5
[3111] = Z 5
[3112] = CNOT 5 16
[3113] = CNOT 5 18
[3114] = S 5
[3115] = Z 5
[3116] = CNOT 5 18
[3117] = CNOT 5 30
[3118] = S 5
[3119] = Z 5
[3120] = CNOT 5 30
[3121] = CNOT 5 32
[3122] = S 5
[3123] = Z 5
[3124] = CNOT 5 32
[3125] = CNOT 5 33
[3126] = S 5
[3127] = Z 5
[3128] = CNOT 5 33
[3129] = CNOT 5 34
[3130] = S 5
[3131] = Z 5
[3132] = CNOT 5 13
[3133] = CNOT 5 15
[3134] = S 5
[3135] = Z 5
[3136] = CNOT 5 34
[3137] = CNOT 5 15
[3138] = CNOT 5 17
[3139] = CNOT 5 30
[3140] = S 5
[3141] = Z 5
[3142] = CNOT 5 30
[3143] = CNOT 5 17
[3144] = CNOT 6 7
[3145] = CNOT 6 8
[3146] = S 6
[3147] = Z 6
[3148] = CNOT 6 8
[3149] = CNOT 6 9
[3150] = S 6
[3151] = CNOT 6 9
[3152] = CNOT 6 10
[3153] = S 6
[3154] = Z 6
[3155] = CNOT 6 10
[3156] = CNOT 6 13
[3157] = Z 6
[3158] = CNOT 6 13
[3159] = CNOT 6 15
[3160] = S 6
[3161] = Z 6
[3162] = CNOT 6 15
[3163] = CNOT 6 16
[3164] = S 6
[3165] = Z 6
[3166] = CNOT 6 16
[3167] = CNOT 6 30
[3168] = S 6
[3169] = CNOT 6 30
[3170] = CNOT 6 34
[3171] = S 6
[3172] = Z 6
[3173] = CNOT 6 34
[3174] = CNOT 6 7
[3175] = CNOT 6 8
[3176] = CNOT 6 13
[3177] = S 6
[3178] = CNOT 6 13
[3179] = CNOT 6 30
[3180] = Z 6
[3181] = CNOT 6 30
[3182] = CNOT 6 31
[3183] = S 6
[3184] = Z 6
[3185] = CNOT 6 31
[3186] = CNOT 6 32
[3187] = S 6
[3188] = Z 6
[3189] = CNOT 6 32
[3190] = CNOT 6 34
[3191] = S 6
[3192] = Z 6
[3193] = CNOT 6 34
[3194] = CNOT 6 8
[3195] = CNOT 6 9
[3196] = CNOT 6 10
[3197] = S 6
[3198] = CNOT 6 10
[3199] = CNOT 6 13
[3200] = Z 6
[3201] = CNOT 6 13
[3202] = CNOT 6 15
[3203] = S 6
[3204] = Z 6
[3205] = CNOT 6 15
[3206] = CNOT 6 16
[3207] = S 6
[3208] = CNOT 6 16
[3209] = CNOT 6 17
[3210] = Z 6
[3211] = CNOT 6 17
[3212] = CNOT 6 30
[3213] = S 6
[3214] = CNOT 6 30
[3215] = CNOT 6 31
[3216] = S 6
[3217] = Z 6
[3218] = CNOT 6 31
[3219] = CNOT 6 32
[3220] = Z 6
[3221] = CNOT 6 32
[3222] = CNOT 6 33
[3223] = Z 6
[3224] = CNOT 6 33
[3225] = CNOT 6 34
[3226] = S 6
[3227] = Z 6
[3228] = CNOT 6 34
[3229] = CNOT 6 9
[3230] = CNOT 6 10
[3231] = CNOT 6 13
[3232] = S 6
[3233] = CNOT 6 13
[3234] = CNOT 6 15
[3235] = S 6
[3236] = Z 6
[3237] = CNOT 6 15
[3238] = CNOT 6 16
[3239] = S 6
[3240] = Z 6
[3241] = CNOT 6 16
[3242] = CNOT 6 30
[3243] = S 6
[3244] = Z 6
[3245] = CNOT 6 30
[3246] = CNOT 6 31
[3247] = S 6
[3248] = Z 6
[3249] = CNOT 6 31
[3250] = CNOT 6 32
[3251] = S 6
[3252] = Z 6
[3253] = CNOT 6 32
[3254] = CNOT 6 33
[3255] = S 6
[3256] = Z 6
[3257] = CNOT 6 33
[3258] = CNOT 6 10
[3259] = CNOT 6 11
[3260] = CNOT 6 13
[3261] = Z 6
[3262] = CNOT 6 13
[3263] = CNOT 6 15
[3264] = S 6
[3265] = Z 6
[3266] = CNOT 6 15
[3267] = CNOT 6 17
[3268] = S 6
[3269] = Z 6
[3270] = CNOT 6 17
[3271] = CNOT 6 19
[3272] = S 6
[3273] = Z 6
[3274] = CNOT 6 19
[3275] = CNOT 6 31
[3276] = S 6
[3277] = Z 6
[3278] = CNOT 6 31
[3279] = CNOT 6 11
[3280] = CNOT 6 12
[3281] = CNOT 6 16
[3282] = S 6
[3283] = Z 6
[3284] = CNOT 6 16
[3285] = CNOT 6 30
[3286] = S 6
[3287] = Z 6
[3288] = CNOT 6 30
[3289] = CNOT 6 33
[3290] = S 6
[3291] = Z 6
[3292] = CNOT 6 33
[3293] = CNOT 6 12
[3294] = CNOT 6 13
[3295] = CNOT 6 14
[3296] = S 6
[3297] = Z 6
[3298] = CNOT 6 14
[3299] = CNOT 6 19
[3300] = Z 6
[3301] = CNOT 6 19
[3302] = CNOT 6 30
[3303] = S 6
[3304] = Z 6
[3305] = CNOT 6 30
[3306] = CNOT 6 31
[3307] = Z 6
[3308] = CNOT 6 31
[3309] = CNOT 6 34
[3310] = S 6
[3311] = Z 6
[3312] = CNOT 6 34
[3313] = CNOT 6 13
[3314] = CNOT 6 14
[3315] = CNOT 6 17
[3316] = S 6
[3317] = Z 6
[3318] = CNOT 6 17
[3319] = CNOT 6 14
[3320] = CNOT 6 15
[3321] = CNOT 6 30
[3322] = Z 6
[3323] = CNOT 6 30
[3324] = CNOT 6 31
[3325] = S 6
[3326] = CNOT 6 31
[3327] = CNOT 6 15
[3328] = CNOT 6 16
[3329] = CNOT 6 17
[3330] = S 6
[3331] = Z 6
[3332] = CNOT 6 17
[3333] = CNOT 6 19
[3334] = S 6
[3335] = Z 6
[3336] = CNOT 6 16
[3337] = CNOT 6 17
[3338] = Z 6
[3339] = CNOT 6 19
[3340] = CNOT 6 30
[3341] = Z 6
[3342] = CNOT 6 17
[3343] = CNOT 6 34
[3344] = S 6
[3345] = CNOT 6 34
[3346] = CNOT 6 30
[3347] = CNOT 7 8
[3348] = CNOT 7 30
[3349] = S 7
[3350] = Z 7
[3351] = CNOT 7 30
[3352] = CNOT 7 8
[3353] = CNOT 7 9
[3354] = CNOT 7 10
[3355] = S 7
[3356] = Z 7
[3357] = CNOT 7 10
[3358] = CNOT 7 13
[3359] = Z 7
[3360] = CNOT 7 13
[3361] = CNOT 7 16
[3362] = S 7
[3363] = Z 7
[3364] = CNOT 7 16
[3365] = CNOT 7 30
[3366] = S 7
[3367] = Z 7
[3368] = CNOT 7 30
[3369] = CNOT 7 9
[3370] = CNOT 7 10
[3371] = CNOT 7 13
[3372] = S 7
[3373] = Z 7
[3374] = CNOT 7 10
[3375] = CNOT 7 11
[3376] = S 7
[3377] = Z 7
[3378] = CNOT 7 13
[3379] = CNOT 7 19
[3380] = S 7
[3381] = Z 7
[3382] = CNOT 7 19
[3383] = CNOT 7 11
[3384] = CNOT 7 12
[3385] = CNOT 7 13
[3386] = S 7
[3387] = Z 7
[3388] = CNOT 7 12
[3389] = CNOT 7 14
[3390] = S 7
[3391] = Z 7
[3392] = CNOT 7 14
[3393] = CNOT 7 16
[3394] = S 7
[3395] = Z 7
[3396] = CNOT 7 16
[3397] = CNOT 7 17
[3398] = Z 7
[3399] = CNOT 7 17
[3400] = CNOT 7 18
[3401] = S 7
[3402] = Z 7
[3403] = CNOT 7 18
[3404] = CNOT 7 19
[3405] = Z 7
[3406] = CNOT 7 19
[3407] = CNOT 7 20
[3408] = S 7
[3409] = Z 7
[3410] = CNOT 7 20
[3411] = CNOT 7 13
[3412] = CNOT 7 14
[3413] = CNOT 7 17
[3414] = S 7
[3415] = Z 7
[3416] = CNOT 7 17
[3417] = CNOT 7 19
[3418] = S 7
[3419] = Z 7
[3420] = CNOT 7 19
[3421] = CNOT 7 14
[3422] = CNOT 7 15
[3423] = CNOT 7 30
[3424] = S 7
[3425] = Z 7
[3426] = CNOT 7 30
[3427] = CNOT 7 15
[3428] = CNOT 7 17
[3429] = CNOT 7 19
[3430] = Z 7
[3431] = CNOT 7 19
[3432] = CNOT 7 20
[3433] = S 7
[3434] = Z 7
[3435] = CNOT 7 17
[3436] = CNOT 7 19
[3437] = S 7
[3438] = Z 7
[3439] = CNOT 7 20
[3440] = CNOT 7 19
[3441] = CNOT 7 30
[3442] = CNOT 7 34
[3443] = S 7
[3444] = Z 7
[3445] = CNOT 7 34
[3446] = CNOT 7 30
[3447] = CNOT 8 9
[3448] = CNOT 8 13
[3449] = Z 8
[3450] = CNOT 8 13
[3451] = CNOT 8 28
[3452] = S 8
[3453] = Z 8
[3454] = CNOT 8 9
[3455] = CNOT 8 13
[3456] = S 8
[3457] = Z 8
[3458] = CNOT 8 28
[3459] = CNOT 8 29
[3460] = S 8
[3461] = Z 8
[3462] = CNOT 8 29
[3463] = CNOT 8 31
[3464] = S 8
[3465] = Z 8
[3466] = CNOT 8 31
[3467] = CNOT 8 32
[3468] = S 8
[3469] = Z 8
[3470] = CNOT 8 32
[3471] = CNOT 8 33
[3472] = S 8
[3473] = Z 8
[3474] = CNOT 8 33
[3475] = CNOT 8 13
[3476] = CNOT 8 30
[3477] = CNOT 8 34
[3478] = S 8
[3479] = Z 8
[3480] = CNOT 8 34
[3481] = CNOT 8 30
[3482] = CNOT 9 10
[3483] = CNOT 9 13
[3484] = S 9
[3485] = CNOT 9 13
[3486] = CNOT 9 16
[3487] = S 9
[3488] = Z 9
[3489] = CNOT 9 16
[3490] = CNOT 9 32
[3491] = S 9
[3492] = Z 9
[3493] = CNOT 9 32
[3494] = CNOT 9 10
[3495] = CNOT 9 12
[3496] = CNOT 9 13
[3497] = Z 9
[3498] = CNOT 9 13
[3499] = CNOT 9 16
[3500] = S 9
[3501] = Z 9
[3502] = CNOT 9 16
[3503] = CNOT 9 17
[3504] = S 9
[3505] = Z 9
[3506] = CNOT 9 17
[3507] = CNOT 9 30
[3508] = S 9
[3509] = CNOT 9 30
[3510] = CNOT 9 33
[3511] = S 9
[3512] = Z 9
[3513] = CNOT 9 33
[3514] = CNOT 9 34
[3515] = S 9
[3516] = Z 9
[3517] = CNOT 9 34
[3518] = CNOT 9 12
[3519] = CNOT 9 13
[3520] = CNOT 9 16
[3521] = S 9
[3522] = CNOT 9 16
[3523] = CNOT 9 17
[3524] = Z 9
[3525] = CNOT 9 17
[3526] = CNOT 9 28
[3527] = Z 9
[3528] = CNOT 9 28
[3529] = CNOT 9 29
[3530] = S 9
[3531] = Z 9
[3532] = CNOT 9 29
[3533] = CNOT 9 30
[3534] = Z 9
[3535] = CNOT 9 30
[3536] = CNOT 9 31
[3537] = S 9
[3538] = Z 9
[3539] = CNOT 9 31
[3540] = CNOT 9 32
[3541] = Z 9
[3542] = CNOT 9 32
[3543] = CNOT 9 33
[3544] = Z 9
[3545] = CNOT 9 33
[3546] = CNOT 9 34
[3547] = Z 9
[3548] = CNOT 9 34
[3549] = CNOT 9 13
[3550] = CNOT 9 15
[3551] = CNOT 9 30
[3552] = S 9
[3553] = Z 9
[3554] = CNOT 9 15
[3555] = CNOT 9 17
[3556] = S 9
[3557] = CNOT 9 17
[3558] = CNOT 9 34
[3559] = S 9
[3560] = CNOT 9 34
[3561] = CNOT 9 30
[3562] = CNOT 10 13
[3563] = CNOT 10 15
[3564] = S 10
[3565] = CNOT 10 15
[3566] = CNOT 10 16
[3567] = S 10
[3568] = Z 10
[3569] = CNOT 10 16
[3570] = CNOT 10 30
[3571] = S 10
[3572] = Z 10
[3573] = CNOT 10 30
[3574] = CNOT 10 31
[3575] = S 10
[3576] = Z 10
[3577] = CNOT 10 31
[3578] = CNOT 10 32
[3579] = S 10
[3580] = Z 10
[3581] = CNOT 10 32
[3582] = CNOT 10 33
[3583] = S 10
[3584] = Z 10
[3585] = CNOT 10 33
[3586] = CNOT 10 34
[3587] = S 10
[3588] = Z 10
[3589] = CNOT 10 34
[3590] = CNOT 10 13
[3591] = CNOT 10 15
[3592] = CNOT 10 31
[3593] = S 10
[3594] = Z 10
[3595] = CNOT 10 31
[3596] = CNOT 10 34
[3597] = S 10
[3598] = Z 10
[3599] = CNOT 10 34
[3600] = CNOT 10 15
[3601] = CNOT 11 13
[3602] = CNOT 11 15
[3603] = S 11
[3604] = Z 11
[3605] = CNOT 11 15
[3606] = CNOT 11 16
[3607] = S 11
[3608] = Z 11
[3609] = CNOT 11 16
[3610] = CNOT 11 17
[3611] = Z 11
[3612] = CNOT 11 17
[3613] = CNOT 11 19
[3614] = S 11
[3615] = CNOT 11 19
[3616] = CNOT 11 31
[3617] = S 11
[3618] = Z 11
[3619] = CNOT 11 31
[3620] = CNOT 11 32
[3621] = S 11
[3622] = Z 11
[3623] = CNOT 11 32
[3624] = CNOT 11 33
[3625] = S 11
[3626] = Z 11
[3627] = CNOT 11 33
[3628] = CNOT 11 34
[3629] = S 11
[3630] = Z 11
[3631] = CNOT 11 34
[3632] = CNOT 11 13
[3633] = CNOT 11 15
[3634] = CNOT 11 31
[3635] = S 11
[3636] = Z 11
[3637] = CNOT 11 31
[3638] = CNOT 11 32
[3639] = S 11
[3640] = Z 11
[3641] = CNOT 11 32
[3642] = CNOT 11 33
[3643] = S 11
[3644] = Z 11
[3645] = CNOT 11 33
[3646] = CNOT 11 15
[3647] = CNOT 11 16
[3648] = CNOT 11 17
[3649] = S 11
[3650] = Z 11
[3651] = CNOT 11 17
[3652] = CNOT 11 19
[3653] = S 11
[3654] = Z 11
[3655] = CNOT 11 16
[3656] = CNOT 11 17
[3657] = Z 11
[3658] = CNOT 11 19
[3659] = CNOT 11 17
[3660] = CNOT 12 13
[3661] = CNOT 12 15
[3662] = Z 12
[3663] = CNOT 12 15
[3664] = CNOT 12 16
[3665] = S 12
[3666] = Z 12
[3667] = CNOT 12 16
[3668] = CNOT 12 17
[3669] = S 12
[3670] = Z 12
[3671] = CNOT 12 17
[3672] = CNOT 12 18
[3673] = S 12
[3674] = Z 12
[3675] = CNOT 12 18
[3676] = CNOT 12 30
[3677] = S 12
[3678] = CNOT 12 30
[3679] = CNOT 12 32
[3680] = S 12
[3681] = Z 12
[3682] = CNOT 12 32
[3683] = CNOT 12 33
[3684] = S 12
[3685] = Z 12
[3686] = CNOT 12 33
[3687] = CNOT 12 34
[3688] = S 12
[3689] = Z 12
[3690] = CNOT 12 34
[3691] = CNOT 12 13
[3692] = CNOT 12 15
[3693] = CNOT 12 32
[3694] = S 12
[3695] = Z 12
[3696] = CNOT 12 32
[3697] = CNOT 12 15
[3698] = CNOT 12 17
[3699] = CNOT 12 30
[3700] = S 12
[3701] = Z 12
[3702] = CNOT 12 17
[3703] = CNOT 12 34
[3704] = S 12
[3705] = Z 12
[3706] = CNOT 12 34
[3707] = CNOT 12 30
[3708] = CNOT 13 14
[3709] = CNOT 13 15
[3710] = S 13
[3711] = CNOT 13 15
[3712] = CNOT 13 16
[3713] = S 13
[3714] = Z 13
[3715] = CNOT 13 16
[3716] = CNOT 13 17
[3717] = S 13
[3718] = CNOT 13 17
[3719] = CNOT 13 18
[3720] = S 13
[3721] = Z 13
[3722] = CNOT 13 18
[3723] = CNOT 13 19
[3724] = Z 13
[3725] = CNOT 13 19
[3726] = CNOT 13 20
[3727] = S 13
[3728] = Z 13
[3729] = CNOT 13 20
[3730] = CNOT 13 34
[3731] = S 13
[3732] = Z 13
[3733] = CNOT 13 34
[3734] = CNOT 13 14
[3735] = CNOT 13 15
[3736] = CNOT 13 16
[3737] = Z 13
[3738] = CNOT 13 16
[3739] = CNOT 13 31
[3740] = S 13
[3741] = CNOT 13 31
[3742] = CNOT 13 32
[3743] = S 13
[3744] = CNOT 13 32
[3745] = CNOT 13 33
[3746] = Z 13
[3747] = CNOT 13 33
[3748] = CNOT 13 34
[3749] = S 13
[3750] = CNOT 13 34
[3751] = CNOT 13 15
[3752] = CNOT 13 16
[3753] = CNOT 13 17
[3754] = Z 13
[3755] = CNOT 13 17
[3756] = CNOT 13 19
[3757] = Z 13
[3758] = CNOT 13 16
[3759] = CNOT 13 17
[3760] = Z 13
[3761] = CNOT 13 19
[3762] = CNOT 13 20
[3763] = Z 13
[3764] = CNOT 13 20
[3765] = CNOT 13 30
[3766] = Z 13
[3767] = CNOT 13 30
[3768] = CNOT 13 17
[3769] = CNOT 13 19
[3770] = CNOT 13 20
[3771] = Z 13
[3772] = CNOT 13 20
[3773] = CNOT 13 19
[3774] = CNOT 13 30
[3775] = CNOT 13 34
[3776] = Z 13
[3777] = CNOT 13 34
[3778] = CNOT 13 30
[3779] = CNOT 14 15
[3780] = CNOT 14 16
[3781] = S 14
[3782] = Z 14
[3783] = CNOT 14 16
[3784] = CNOT 14 34
[3785] = S 14
[3786] = Z 14
[3787] = CNOT 14 34
[3788] = CNOT 14 15
[3789] = CNOT 14 17
[3790] = CNOT 14 19
[3791] = Z 14
[3792] = CNOT 14 19
[3793] = CNOT 14 20
[3794] = S 14
[3795] = Z 14
[3796] = CNOT 14 17
[3797] = CNOT 14 19
[3798] = S 14
[3799] = Z 14
[3800] = CNOT 14 20
[3801] = CNOT 14 19
[3802] = CNOT 16 17
[3803] = CNOT 16 19
[3804] = Z 16
[3805] = CNOT 16 19
[3806] = CNOT 16 17
[3807] = CNOT 17 19
[3808] = CNOT 17 20
[3809] = Z 17
[3810] = CNOT 17 20
[3811] = CNOT 17 19
[3812] = CNOT 21 27
[3813] = S 21
[3814] = Z 21
[3815] = CNOT 21 27
[3816] = CNOT 22 23
[3817] = S 22
[3818] = Z 22
[3819] = CNOT 22 29
[3820] = CNOT 22 23
[3821] = CNOT 23 24
[3822] = CNOT 23 30
[3823] = S 23
[3824] = Z 23
[3825] = CNOT 23 30
[3826] = CNOT 23 24
[3827] = CNOT 24 25
[3828] = CNOT 24 31
[3829] = S 24
[3830] = Z 24
[3831] = CNOT 24 31
[3832] = CNOT 24 25
[3833] = CNOT 25 26
[3834] = CNOT 25 32
[3835] = S 25
[3836] = Z 25
[3837] = CNOT 25 32
[3838] = CNOT 25 26
[3839] = CNOT 26 27
[3840] = CNOT 26 33
[3841] = S 26
[3842] = Z 26
[3843] = CNOT 26 33
[3844] = CNOT 26 27
[3845] = CNOT 27 33
[3846] = CNOT 21 33
[3847] = CNOT 20 33
[3848] = CNOT 27 32
[3849] = CNOT 26 32
[3850] = CNOT 21 32
[3851] = CNOT 19 32
[3852] = CNOT 27 31
[3853] = CNOT 26 31
[3854] = CNOT 25 31
[3855] = CNOT 21 31
[3856] = CNOT 18 31
[3857] = CNOT 27 30
[3858] = CNOT 26 30
[3859] = CNOT 25 30
[3860] = CNOT 24 30
[3861] = CNOT 21 30
[3862] = CNOT 17 30
[3863] = CNOT 27 29
[3864] = CNOT 26 29
[3865] = CNOT 25 29
[3866] = CNOT 24 29
[3867] = CNOT 23 29
[3868] = CNOT 21 29
[3869] = CNOT 16 29
[3870] = CNOT 27 28
[3871] = CNOT 26 28
[3872] = CNOT 25 28
[3873] = CNOT 24 28
[3874] = CNOT 23 28
[3875] = CNOT 22 28
[3876] = CNOT 21 28
[3877] = CNOT 15 28
[3878] = CNOT 33 27
[3879] = CNOT 21 27
[3880] = CNOT 27 33
[3881] = CNOT 33 26
[3882] = CNOT 32 26
[3883] = CNOT 26 32
[3884] = CNOT 32 25
[3885] = CNOT 31 25
[3886] = CNOT 25 31
[3887] = CNOT 31 24
[3888] = CNOT 30 24
[3889] = CNOT 24 30
[3890] = CNOT 30 23
[3891] = CNOT 29 23
[3892] = CNOT 23 29
[3893] = CNOT 29 22
[3894] = CNOT 28 22
[3895] = CNOT 22 28
[3896] = CNOT 34 21
[3897] = CNOT 21 34
[3898] = CNOT 27 20
[3899] = CNOT 20 27
[3900] = CNOT 26 19
[3901] = CNOT 19 26
[3902] = CNOT 25 18
[3903] = CNOT 18 25
[3904] = CNOT 24 17
[3905] = CNOT 17 24
[3906] = CNOT 23 16
[3907] = CNOT 16 23
[3908] = CNOT 22 15
[3909] = CNOT 15 22
[3910] = H 22
[3911] = M 22
[3912] = H 23
[3913] = M 23
[3914] = H 24
[3915] = M 24
[3916] = H 25
[3917] = M 25
[3918] = H 26
[3919] = M 26
[3920] = H 27
[3921] = M 27
[3922] = H 28
[3923] = M 28
[3924] = H 29
[3925] = M 29
[3926] = H 30
[3927] = M 30
[3928] = H 31
[3929] = M 31
[3930] = H 32
[3931] = M 32
[3932] = H 33
[3933] = M 33
[3934] = H 34
[3935] = M 34
[3936] = H 21
[3937] = H 20
[3938] = H 19
[3939] = H 18
[3940] = H 17
[3941] = H 16
[3942] = H 15
Gate distributions:
Input:
Operator distribution:
Total number of qubits = 21
Number of `data' qubits = 21
Number of `Toff_n' ancillas = 0
Number of Hadamard ancillas = 0
Hadamard ancilla cap = infinite
Number of {CNOT,T} partitions = 1
T count = 343
Cost estimation = 171532
	id	Count
	0	0
	1	0
	2	0
	3	26
	4	6
	5	0
	6	0
	7	0
	8	0
	9	0
	10	49
	11	0
	12	0
	13	0
	14	0
	15	0
	16	0
	17	0
	18	0
Output:
Operator distribution:
Total number of qubits = 34
Number of `data' qubits = 21
Number of `Toff_n' ancillas = 0
Number of Hadamard ancillas = 13
Hadamard ancilla cap = infinite
Number of {CNOT,T} partitions = 1
T count = 178
Cost estimation = 92771.5
	id	Count
	0	0
	1	0
	2	0
	3	39
	4	2544
	5	178
	6	0
	7	0
	8	0
	9	0
	10	0
	11	552
	12	0
	13	617
	14	0
	15	0
	16	0
	17	0
	18	13
Output T Count (SQC_Circuit) = 178
Output T Count (PhasePolynomial) = 178
Fail count = 0

Execution time: 166.912s
Number of LCL errors: 0
Number of LCL warnings: 0
