Optimize a Clifford + T circuit.
Input filename = /home/ryo-mtmt/TOpt/forme/tpar_benchmark/qft_4.tfc
Number of unknown gates = 0
Number of unknown qubit labels = 0
Circuit filename: /home/ryo-mtmt/TOpt/forme/tpar_benchmark/qft_4.tfc

n 5
n_x 5
n_y 0
n_z 0
m 101
[0] = H 1
[1] = CNOT 2 1
[2] = CNOT 2 1
[3] = H 5
[4] = CNOT 1 3
[5] = CNOT 5 1
[6] = CNOT 3 5
[7] = CNOT 3 1
[8] = CNOT 5 1
[9] = CNOT 5 3
[10] = H 3
[11] = H 3
[12] = CNOT 5 3
[13] = CNOT 5 1
[14] = CNOT 3 1
[15] = CNOT 3 5
[16] = CNOT 5 1
[17] = CNOT 1 3
[18] = H 5
[19] = CNOT 5 1
[20] = H 1
[21] = CCZ 4 5 1
[22] = H 1
[23] = CNOT 5 1
[24] = H 5
[25] = H 5
[26] = H 5
[27] = H 5
[28] = H 5
[29] = H 5
[30] = H 5
[31] = H 5
[32] = H 5
[33] = H 5
[34] = H 5
[35] = H 5
[36] = H 5
[37] = H 5
[38] = H 5
[39] = H 5
[40] = H 5
[41] = H 5
[42] = H 5
[43] = H 5
[44] = H 5
[45] = H 5
[46] = H 5
[47] = H 5
[48] = H 5
[49] = H 5
[50] = H 5
[51] = CNOT 5 1
[52] = H 1
[53] = CCZ 4 5 1
[54] = H 1
[55] = CNOT 5 1
[56] = H 2
[57] = CNOT 3 2
[58] = CNOT 3 2
[59] = H 5
[60] = CNOT 2 4
[61] = CNOT 5 2
[62] = CNOT 4 5
[63] = CNOT 4 2
[64] = CNOT 5 2
[65] = CNOT 5 4
[66] = H 4
[67] = H 4
[68] = CNOT 5 4
[69] = CNOT 5 2
[70] = CNOT 4 2
[71] = CNOT 4 5
[72] = CNOT 5 2
[73] = CNOT 2 4
[74] = H 5
[75] = H 3
[76] = CNOT 4 3
[77] = CNOT 4 3

Algorithm used: lx2_dynamic_repair_chi_packed_aa

UniversalOptimize begin.
	Gate synthesis begin.
A_BMS
BMSparse object. Dims: 10x16
94 103 15 74 52 101 114 49 56 115 57 128 130 12 53 112 100 72 13 113 48 102 14 132 73 88 90 61 134 75 60 92 

[Dynamic Basis Local Repair TODD + Chi Compression + Packed + AA] Compare with lx2_dynamic_repair_chi_packed
--- Round 0 | Current Columns: 16 ---
  [HIT!] Pair(5,13) x-weight=2 | 16 -> 12 columns
--- Round 1 | Current Columns: 12 ---

=== Dynamic Basis Local Repair Chi Packed AA Summary ===
Algorithm       : LempelX2_DynamicBasisLocalRepairChiPackedAA
Initial T-count : 16
Final T-count   : 12
Total Reduced   : 4 gates
Execution Time  : 1 ms
Pairs tested    : 91
Filtered miss   : 90
Nullspace runs  : 1
Rebuild count   : 37
Local add count : 54
AA Table time   : 0.008 ms
Chi update time : 1.624 ms
Basis work time : 1.624 ms
Nullspace time  : 0.055 ms
Avg affected    : 266.367 rows
Avg active rows : 580.264
=======================================================
		TODD executed in 0.001957 seconds.
		Total time: 0.002054s
	Gate synthesis end.
	Total time: 0.004335s
UniversalOptimize end.
Output circuit:
n 10
n_x 5
n_y 0
n_z 5
m 201
[0] = H 1
[1] = H 2
[2] = H 3
[3] = H 6
[4] = H 7
[5] = H 8
[6] = H 9
[7] = H 10
[8] = CNOT 1 4
[9] = CNOT 1 7
[10] = CNOT 1 8
[11] = CNOT 1 9
[12] = T 1
[13] = CNOT 1 9
[14] = T 1
[15] = CNOT 1 4
[16] = CNOT 1 9
[17] = T 1
[18] = CNOT 1 9
[19] = T 1
[20] = S 1
[21] = CNOT 1 8
[22] = CNOT 1 7
[23] = CNOT 1 4
[24] = CNOT 1 9
[25] = T 1
[26] = S 1
[27] = Z 1
[28] = CNOT 1 9
[29] = CNOT 1 4
[30] = CNOT 1 6
[31] = T 1
[32] = Z 1
[33] = CNOT 1 6
[34] = CNOT 1 9
[35] = T 1
[36] = S 1
[37] = CNOT 1 9
[38] = CNOT 1 4
[39] = CNOT 1 6
[40] = T 1
[41] = CNOT 1 6
[42] = CNOT 1 4
[43] = CNOT 4 5
[44] = CNOT 4 6
[45] = T 4
[46] = CNOT 4 6
[47] = T 4
[48] = S 4
[49] = CNOT 4 5
[50] = CNOT 5 6
[51] = T 5
[52] = S 5
[53] = CNOT 5 6
[54] = T 5
[55] = S 5
[56] = Z 4
[57] = S 6
[58] = S 7
[59] = S 9
[60] = Z 9
[61] = S 10
[62] = Z 10
[63] = CNOT 1 4
[64] = S 1
[65] = CNOT 1 4
[66] = CNOT 1 5
[67] = S 1
[68] = CNOT 1 5
[69] = CNOT 1 7
[70] = S 1
[71] = Z 1
[72] = CNOT 1 7
[73] = CNOT 1 8
[74] = S 1
[75] = CNOT 1 8
[76] = CNOT 4 6
[77] = S 4
[78] = CNOT 4 6
[79] = CNOT 4 7
[80] = S 4
[81] = Z 4
[82] = CNOT 4 7
[83] = CNOT 4 8
[84] = S 4
[85] = Z 4
[86] = CNOT 4 8
[87] = CNOT 4 9
[88] = Z 4
[89] = CNOT 4 9
[90] = CNOT 5 7
[91] = S 5
[92] = CNOT 5 7
[93] = CNOT 5 8
[94] = S 5
[95] = Z 5
[96] = CNOT 5 8
[97] = CNOT 6 7
[98] = S 6
[99] = CNOT 6 7
[100] = CNOT 7 8
[101] = S 7
[102] = CNOT 7 8
[103] = CNOT 8 9
[104] = S 8
[105] = Z 8
[106] = CNOT 8 9
[107] = CNOT 9 10
[108] = S 9
[109] = CNOT 9 10
[110] = CNOT 1 4
[111] = CNOT 1 7
[112] = S 1
[113] = Z 1
[114] = CNOT 1 7
[115] = CNOT 1 8
[116] = S 1
[117] = Z 1
[118] = CNOT 1 4
[119] = CNOT 1 5
[120] = S 1
[121] = Z 1
[122] = CNOT 1 8
[123] = CNOT 1 5
[124] = CNOT 1 7
[125] = CNOT 1 9
[126] = S 1
[127] = Z 1
[128] = CNOT 1 7
[129] = CNOT 1 8
[130] = S 1
[131] = Z 1
[132] = CNOT 1 9
[133] = CNOT 1 8
[134] = CNOT 4 7
[135] = CNOT 4 8
[136] = S 4
[137] = Z 4
[138] = CNOT 4 8
[139] = CNOT 4 7
[140] = CNOT 5 7
[141] = CNOT 5 8
[142] = S 5
[143] = Z 5
[144] = CNOT 5 8
[145] = CNOT 5 7
[146] = CNOT 7 8
[147] = CNOT 7 9
[148] = S 7
[149] = Z 7
[150] = CNOT 7 9
[151] = CNOT 7 8
[152] = CNOT 9 10
[153] = CNOT 8 10
[154] = CNOT 7 10
[155] = CNOT 6 10
[156] = CNOT 5 10
[157] = CNOT 1 10
[158] = CNOT 10 9
[159] = CNOT 9 10
[160] = CNOT 9 8
[161] = CNOT 7 8
[162] = CNOT 5 8
[163] = CNOT 8 9
[164] = CNOT 9 7
[165] = CNOT 8 7
[166] = CNOT 7 8
[167] = CNOT 7 6
[168] = CNOT 6 7
[169] = CNOT 8 5
[170] = CNOT 5 8
[171] = CNOT 8 1
[172] = CNOT 6 1
[173] = CNOT 1 6
[174] = H 6
[175] = M 6
[176] = H 7
[177] = M 7
[178] = H 8
[179] = M 8
[180] = H 9
[181] = M 9
[182] = H 10
[183] = M 10
Gate distributions:
Input:
Operator distribution:
Total number of qubits = 5
Number of `data' qubits = 5
Number of `Toff_n' ancillas = 0
Number of Hadamard ancillas = 0
Hadamard ancilla cap = infinite
Number of {CNOT,T} partitions = 1
T count = 14
Cost estimation = 7076
	id	Count
	0	0
	1	0
	2	0
	3	42
	4	34
	5	0
	6	0
	7	0
	8	0
	9	0
	10	2
	11	0
	12	0
	13	0
	14	0
	15	0
	16	0
	17	0
	18	0
Output:
Operator distribution:
Total number of qubits = 10
Number of `data' qubits = 5
Number of `Toff_n' ancillas = 0
Number of Hadamard ancillas = 5
Hadamard ancilla cap = infinite
Number of {CNOT,T} partitions = 1
T count = 12
Cost estimation = 6174.5
	id	Count
	0	0
	1	0
	2	0
	3	13
	4	104
	5	12
	6	0
	7	0
	8	0
	9	0
	10	0
	11	31
	12	0
	13	19
	14	0
	15	0
	16	0
	17	0
	18	5
Output T Count (SQC_Circuit) = 12
Output T Count (PhasePolynomial) = 12
Fail count = 0

Execution time: 0.004361s
Number of LCL errors: 0
Number of LCL warnings: 0
