Optimize a Clifford + T circuit.
Input filename = /home/ryo-mtmt/TOpt/forme/tpar_benchmark/csla_mux_3.tfc
Number of unknown gates = 0
Number of unknown qubit labels = 0
Circuit filename: /home/ryo-mtmt/TOpt/forme/tpar_benchmark/csla_mux_3.tfc

n 15
n_x 15
n_y 0
n_z 0
m 101
[0] = H 4
[1] = H 8
[2] = H 13
[3] = CCZ 2 3 4
[4] = CCZ 6 7 8
[5] = CCZ 11 12 13
[6] = H 4
[7] = H 8
[8] = H 13
[9] = CNOT 3 2
[10] = CNOT 5 4
[11] = CNOT 7 6
[12] = CNOT 10 8
[13] = CNOT 12 11
[14] = CNOT 15 13
[15] = H 8
[16] = H 10
[17] = CNOT 4 3
[18] = CNOT 14 12
[19] = CCZ 4 7 8
[20] = CCZ 5 7 10
[21] = H 8
[22] = H 10
[23] = H 13
[24] = H 15
[25] = CCZ 8 12 13
[26] = CCZ 10 12 15
[27] = CNOT 9 7
[28] = CNOT 7 4
[29] = CNOT 12 8
[30] = CNOT 9 5
[31] = CNOT 14 10
[32] = H 13
[33] = H 15
[34] = CNOT 13 15
[35] = CNOT 12 14
[36] = CNOT 7 9
[37] = H 15
[38] = H 14
[39] = H 9
[40] = CCZ 1 13 15
[41] = CCZ 1 12 14
[42] = CCZ 1 7 9
[43] = H 15
[44] = H 14
[45] = H 9
[46] = CNOT 13 15
[47] = CNOT 12 14
[48] = CNOT 7 9
[49] = CNOT 3 1

Algorithm used: todd

UniversalOptimize begin.
	Gate synthesis begin.

in LempelX2
		Round = 0
Round 0 | Current Columns (m): 64
		Round = 1
Round 1 | Current Columns (m): 62
		Round = 2
Round 2 | Current Columns (m): 60
		Round = 3
Round 3 | Current Columns (m): 58
		Round = 4
Round 4 | Current Columns (m): 56
		Round = 5
Round 5 | Current Columns (m): 54
		Round = 6
Round 6 | Current Columns (m): 52
		Round = 7
Round 7 | Current Columns (m): 50
nullspace time: 10974 ms, chi time: 5494 ms
Total LempelX2 time: 16473 ms
		TODD executed in 16.4465 seconds.
		Total time: 16.4469s
	Gate synthesis end.
	Total time: 17.2689s
UniversalOptimize end.
Output circuit:
n 32
n_x 15
n_y 0
n_z 17
m 3001
[0] = H 4
[1] = H 8
[2] = H 13
[3] = H 16
[4] = H 17
[5] = H 18
[6] = H 19
[7] = H 20
[8] = H 21
[9] = H 22
[10] = H 23
[11] = H 24
[12] = H 25
[13] = H 26
[14] = H 27
[15] = H 28
[16] = H 29
[17] = H 30
[18] = H 31
[19] = H 32
[20] = CNOT 1 2
[21] = CNOT 1 6
[22] = CNOT 1 25
[23] = CNOT 1 26
[24] = T 1
[25] = CNOT 1 2
[26] = CNOT 1 3
[27] = T 1
[28] = CNOT 1 3
[29] = CNOT 1 4
[30] = T 1
[31] = CNOT 1 4
[32] = CNOT 1 2
[33] = CNOT 1 3
[34] = T 1
[35] = CNOT 1 4
[36] = T 1
[37] = CNOT 1 2
[38] = T 1
[39] = CNOT 1 3
[40] = CNOT 1 2
[41] = T 1
[42] = CNOT 1 26
[43] = CNOT 1 25
[44] = CNOT 1 6
[45] = CNOT 1 4
[46] = CNOT 1 3
[47] = CNOT 1 5
[48] = CNOT 1 9
[49] = CNOT 1 28
[50] = CNOT 1 29
[51] = T 1
[52] = CNOT 1 29
[53] = CNOT 1 28
[54] = CNOT 1 9
[55] = CNOT 1 5
[56] = CNOT 1 3
[57] = CNOT 1 2
[58] = CNOT 1 6
[59] = CNOT 1 7
[60] = CNOT 1 25
[61] = CNOT 1 26
[62] = T 1
[63] = CNOT 1 7
[64] = CNOT 1 6
[65] = CNOT 1 27
[66] = T 1
[67] = CNOT 1 27
[68] = CNOT 1 7
[69] = T 1
[70] = CNOT 1 25
[71] = CNOT 25 26
[72] = CNOT 25 27
[73] = T 25
[74] = S 25
[75] = Z 25
[76] = CNOT 25 27
[77] = CNOT 25 26
[78] = CNOT 1 6
[79] = CNOT 1 8
[80] = CNOT 1 25
[81] = T 1
[82] = CNOT 1 7
[83] = CNOT 1 6
[84] = T 1
[85] = CNOT 1 2
[86] = CNOT 1 3
[87] = CNOT 1 6
[88] = CNOT 1 12
[89] = CNOT 1 16
[90] = CNOT 1 21
[91] = CNOT 1 23
[92] = CNOT 1 24
[93] = T 1
[94] = CNOT 1 12
[95] = CNOT 1 11
[96] = T 1
[97] = CNOT 1 12
[98] = CNOT 1 13
[99] = T 1
[100] = CNOT 1 26
[101] = CNOT 1 25
[102] = CNOT 1 24
[103] = CNOT 1 23
[104] = CNOT 1 16
[105] = CNOT 1 13
[106] = CNOT 1 12
[107] = CNOT 1 11
[108] = CNOT 1 8
[109] = CNOT 1 6
[110] = CNOT 1 3
[111] = CNOT 1 2
[112] = CNOT 1 14
[113] = CNOT 1 22
[114] = T 1
[115] = CNOT 1 22
[116] = CNOT 1 14
[117] = CNOT 1 2
[118] = CNOT 1 3
[119] = CNOT 1 6
[120] = CNOT 1 8
[121] = CNOT 1 13
[122] = CNOT 1 16
[123] = CNOT 1 23
[124] = CNOT 1 24
[125] = CNOT 1 25
[126] = CNOT 1 26
[127] = T 1
[128] = CNOT 1 11
[129] = T 1
[130] = CNOT 1 11
[131] = CNOT 1 12
[132] = T 1
[133] = CNOT 1 26
[134] = CNOT 1 25
[135] = CNOT 1 24
[136] = CNOT 1 23
[137] = CNOT 1 21
[138] = CNOT 1 16
[139] = CNOT 1 13
[140] = CNOT 1 12
[141] = CNOT 1 8
[142] = CNOT 1 6
[143] = CNOT 1 3
[144] = CNOT 1 2
[145] = CNOT 1 27
[146] = T 1
[147] = S 1
[148] = CNOT 1 27
[149] = CNOT 1 2
[150] = CNOT 1 3
[151] = CNOT 1 6
[152] = CNOT 1 8
[153] = CNOT 1 16
[154] = CNOT 1 19
[155] = CNOT 1 20
[156] = CNOT 1 25
[157] = CNOT 1 26
[158] = T 1
[159] = CNOT 1 20
[160] = CNOT 1 16
[161] = CNOT 1 3
[162] = CNOT 1 2
[163] = T 1
[164] = CNOT 1 6
[165] = CNOT 1 7
[166] = T 1
[167] = CNOT 1 19
[168] = CNOT 14 21
[169] = CNOT 14 22
[170] = CNOT 14 28
[171] = T 14
[172] = CNOT 14 28
[173] = CNOT 1 2
[174] = CNOT 1 3
[175] = CNOT 1 16
[176] = T 1
[177] = CNOT 1 16
[178] = CNOT 1 7
[179] = CNOT 28 29
[180] = T 28
[181] = S 28
[182] = Z 28
[183] = CNOT 28 29
[184] = CNOT 1 5
[185] = CNOT 1 6
[186] = CNOT 1 19
[187] = T 1
[188] = CNOT 1 6
[189] = CNOT 1 7
[190] = T 1
[191] = CNOT 1 20
[192] = T 1
[193] = CNOT 1 5
[194] = CNOT 1 16
[195] = T 1
[196] = CNOT 1 16
[197] = CNOT 1 7
[198] = CNOT 1 5
[199] = CNOT 1 6
[200] = T 1
[201] = CNOT 1 20
[202] = CNOT 1 19
[203] = CNOT 1 5
[204] = CNOT 1 16
[205] = CNOT 1 23
[206] = T 1
[207] = CNOT 1 11
[208] = CNOT 1 12
[209] = CNOT 1 21
[210] = CNOT 1 22
[211] = CNOT 1 24
[212] = T 1
[213] = CNOT 1 24
[214] = CNOT 1 23
[215] = CNOT 1 22
[216] = CNOT 1 12
[217] = CNOT 1 11
[218] = T 1
[219] = CNOT 1 21
[220] = T 14
[221] = Z 14
[222] = CNOT 14 22
[223] = CNOT 14 21
[224] = CNOT 1 11
[225] = CNOT 1 12
[226] = CNOT 1 23
[227] = T 1
[228] = CNOT 1 23
[229] = T 1
[230] = CNOT 1 21
[231] = T 1
[232] = CNOT 1 12
[233] = CNOT 1 11
[234] = CNOT 1 22
[235] = CNOT 1 23
[236] = CNOT 1 24
[237] = T 1
[238] = CNOT 1 26
[239] = CNOT 1 25
[240] = CNOT 1 24
[241] = CNOT 1 23
[242] = CNOT 1 22
[243] = CNOT 1 21
[244] = CNOT 1 16
[245] = CNOT 1 8
[246] = CNOT 1 6
[247] = CNOT 1 3
[248] = CNOT 1 2
[249] = CNOT 1 28
[250] = CNOT 1 29
[251] = T 1
[252] = S 1
[253] = Z 1
[254] = CNOT 1 29
[255] = CNOT 1 28
[256] = CNOT 1 2
[257] = CNOT 1 3
[258] = CNOT 1 6
[259] = CNOT 1 8
[260] = CNOT 1 16
[261] = CNOT 1 21
[262] = CNOT 1 22
[263] = CNOT 1 23
[264] = CNOT 1 25
[265] = CNOT 1 26
[266] = T 1
[267] = CNOT 1 2
[268] = CNOT 2 3
[269] = CNOT 2 5
[270] = CNOT 2 9
[271] = CNOT 2 28
[272] = T 2
[273] = CNOT 2 28
[274] = CNOT 2 9
[275] = CNOT 2 5
[276] = CNOT 2 3
[277] = CNOT 1 2
[278] = CNOT 1 11
[279] = CNOT 1 12
[280] = T 1
[281] = CNOT 1 26
[282] = CNOT 1 25
[283] = CNOT 1 23
[284] = CNOT 1 16
[285] = CNOT 1 12
[286] = CNOT 1 11
[287] = CNOT 1 8
[288] = CNOT 1 6
[289] = CNOT 1 3
[290] = CNOT 1 2
[291] = T 27
[292] = CNOT 1 14
[293] = CNOT 1 28
[294] = T 1
[295] = CNOT 1 22
[296] = CNOT 1 21
[297] = CNOT 1 14
[298] = CNOT 2 3
[299] = CNOT 2 5
[300] = CNOT 2 9
[301] = CNOT 2 28
[302] = CNOT 2 29
[303] = T 2
[304] = CNOT 2 29
[305] = CNOT 2 28
[306] = CNOT 2 9
[307] = CNOT 2 5
[308] = CNOT 2 3
[309] = CNOT 1 2
[310] = CNOT 1 3
[311] = CNOT 1 5
[312] = CNOT 1 9
[313] = T 1
[314] = CNOT 1 28
[315] = CNOT 1 9
[316] = CNOT 1 5
[317] = CNOT 1 3
[318] = CNOT 1 2
[319] = CNOT 25 26
[320] = T 25
[321] = Z 25
[322] = CNOT 25 26
[323] = Z 1
[324] = S 2
[325] = S 3
[326] = S 4
[327] = Z 4
[328] = S 5
[329] = Z 7
[330] = S 9
[331] = Z 9
[332] = Z 10
[333] = Z 11
[334] = Z 12
[335] = S 13
[336] = Z 14
[337] = Z 15
[338] = S 16
[339] = Z 16
[340] = Z 20
[341] = S 21
[342] = Z 21
[343] = S 22
[344] = Z 22
[345] = S 25
[346] = Z 28
[347] = S 30
[348] = Z 30
[349] = S 31
[350] = Z 31
[351] = S 32
[352] = Z 32
[353] = CNOT 1 2
[354] = S 1
[355] = CNOT 1 2
[356] = CNOT 1 3
[357] = S 1
[358] = CNOT 1 3
[359] = CNOT 1 4
[360] = Z 1
[361] = CNOT 1 4
[362] = CNOT 1 5
[363] = Z 1
[364] = CNOT 1 5
[365] = CNOT 1 6
[366] = S 1
[367] = CNOT 1 6
[368] = CNOT 1 7
[369] = S 1
[370] = CNOT 1 7
[371] = CNOT 1 8
[372] = S 1
[373] = Z 1
[374] = CNOT 1 8
[375] = CNOT 1 9
[376] = S 1
[377] = CNOT 1 9
[378] = CNOT 1 11
[379] = S 1
[380] = CNOT 1 11
[381] = CNOT 1 12
[382] = S 1
[383] = CNOT 1 12
[384] = CNOT 1 14
[385] = S 1
[386] = Z 1
[387] = CNOT 1 14
[388] = CNOT 1 16
[389] = S 1
[390] = CNOT 1 16
[391] = CNOT 1 19
[392] = S 1
[393] = Z 1
[394] = CNOT 1 19
[395] = CNOT 1 20
[396] = Z 1
[397] = CNOT 1 20
[398] = CNOT 1 21
[399] = Z 1
[400] = CNOT 1 21
[401] = CNOT 1 22
[402] = Z 1
[403] = CNOT 1 22
[404] = CNOT 1 23
[405] = S 1
[406] = Z 1
[407] = CNOT 1 23
[408] = CNOT 1 24
[409] = S 1
[410] = Z 1
[411] = CNOT 1 24
[412] = CNOT 1 28
[413] = S 1
[414] = Z 1
[415] = CNOT 1 28
[416] = CNOT 1 29
[417] = Z 1
[418] = CNOT 1 29
[419] = CNOT 2 3
[420] = S 2
[421] = CNOT 2 3
[422] = CNOT 2 4
[423] = S 2
[424] = CNOT 2 4
[425] = CNOT 2 5
[426] = S 2
[427] = Z 2
[428] = CNOT 2 5
[429] = CNOT 2 6
[430] = S 2
[431] = Z 2
[432] = CNOT 2 6
[433] = CNOT 2 8
[434] = Z 2
[435] = CNOT 2 8
[436] = CNOT 2 9
[437] = Z 2
[438] = CNOT 2 9
[439] = CNOT 2 11
[440] = S 2
[441] = CNOT 2 11
[442] = CNOT 2 12
[443] = S 2
[444] = CNOT 2 12
[445] = CNOT 2 16
[446] = S 2
[447] = CNOT 2 16
[448] = CNOT 2 19
[449] = S 2
[450] = CNOT 2 19
[451] = CNOT 2 20
[452] = Z 2
[453] = CNOT 2 20
[454] = CNOT 2 21
[455] = S 2
[456] = Z 2
[457] = CNOT 2 21
[458] = CNOT 2 22
[459] = S 2
[460] = Z 2
[461] = CNOT 2 22
[462] = CNOT 2 23
[463] = S 2
[464] = Z 2
[465] = CNOT 2 23
[466] = CNOT 2 24
[467] = S 2
[468] = Z 2
[469] = CNOT 2 24
[470] = CNOT 2 28
[471] = Z 2
[472] = CNOT 2 28
[473] = CNOT 2 29
[474] = S 2
[475] = CNOT 2 29
[476] = CNOT 3 4
[477] = S 3
[478] = CNOT 3 4
[479] = CNOT 3 5
[480] = S 3
[481] = Z 3
[482] = CNOT 3 5
[483] = CNOT 3 6
[484] = S 3
[485] = Z 3
[486] = CNOT 3 6
[487] = CNOT 3 8
[488] = Z 3
[489] = CNOT 3 8
[490] = CNOT 3 9
[491] = Z 3
[492] = CNOT 3 9
[493] = CNOT 3 11
[494] = S 3
[495] = CNOT 3 11
[496] = CNOT 3 12
[497] = S 3
[498] = CNOT 3 12
[499] = CNOT 3 16
[500] = S 3
[501] = CNOT 3 16
[502] = CNOT 3 19
[503] = S 3
[504] = CNOT 3 19
[505] = CNOT 3 20
[506] = Z 3
[507] = CNOT 3 20
[508] = CNOT 3 21
[509] = S 3
[510] = Z 3
[511] = CNOT 3 21
[512] = CNOT 3 22
[513] = S 3
[514] = Z 3
[515] = CNOT 3 22
[516] = CNOT 3 23
[517] = S 3
[518] = Z 3
[519] = CNOT 3 23
[520] = CNOT 3 24
[521] = S 3
[522] = Z 3
[523] = CNOT 3 24
[524] = CNOT 3 28
[525] = Z 3
[526] = CNOT 3 28
[527] = CNOT 3 29
[528] = S 3
[529] = CNOT 3 29
[530] = CNOT 4 6
[531] = Z 4
[532] = CNOT 4 6
[533] = CNOT 4 16
[534] = S 4
[535] = CNOT 4 16
[536] = CNOT 4 25
[537] = Z 4
[538] = CNOT 4 25
[539] = CNOT 4 26
[540] = Z 4
[541] = CNOT 4 26
[542] = CNOT 5 6
[543] = S 5
[544] = CNOT 5 6
[545] = CNOT 5 7
[546] = S 5
[547] = CNOT 5 7
[548] = CNOT 5 8
[549] = S 5
[550] = CNOT 5 8
[551] = CNOT 5 9
[552] = S 5
[553] = Z 5
[554] = CNOT 5 9
[555] = CNOT 5 16
[556] = S 5
[557] = CNOT 5 16
[558] = CNOT 5 19
[559] = S 5
[560] = CNOT 5 19
[561] = CNOT 5 25
[562] = S 5
[563] = CNOT 5 25
[564] = CNOT 5 26
[565] = S 5
[566] = CNOT 5 26
[567] = CNOT 5 28
[568] = Z 5
[569] = CNOT 5 28
[570] = CNOT 5 29
[571] = Z 5
[572] = CNOT 5 29
[573] = CNOT 6 7
[574] = S 6
[575] = CNOT 6 7
[576] = CNOT 6 8
[577] = Z 6
[578] = CNOT 6 8
[579] = CNOT 6 9
[580] = S 6
[581] = CNOT 6 9
[582] = CNOT 6 11
[583] = S 6
[584] = CNOT 6 11
[585] = CNOT 6 12
[586] = S 6
[587] = CNOT 6 12
[588] = CNOT 6 16
[589] = S 6
[590] = CNOT 6 16
[591] = CNOT 6 19
[592] = Z 6
[593] = CNOT 6 19
[594] = CNOT 6 21
[595] = S 6
[596] = Z 6
[597] = CNOT 6 21
[598] = CNOT 6 22
[599] = S 6
[600] = Z 6
[601] = CNOT 6 22
[602] = CNOT 6 23
[603] = S 6
[604] = Z 6
[605] = CNOT 6 23
[606] = CNOT 6 24
[607] = S 6
[608] = Z 6
[609] = CNOT 6 24
[610] = CNOT 6 25
[611] = S 6
[612] = CNOT 6 25
[613] = CNOT 6 26
[614] = S 6
[615] = CNOT 6 26
[616] = CNOT 6 29
[617] = S 6
[618] = CNOT 6 29
[619] = CNOT 7 8
[620] = S 7
[621] = CNOT 7 8
[622] = CNOT 7 9
[623] = S 7
[624] = CNOT 7 9
[625] = CNOT 7 19
[626] = Z 7
[627] = CNOT 7 19
[628] = CNOT 7 25
[629] = S 7
[630] = CNOT 7 25
[631] = CNOT 7 26
[632] = S 7
[633] = CNOT 7 26
[634] = CNOT 7 29
[635] = S 7
[636] = CNOT 7 29
[637] = CNOT 8 11
[638] = S 8
[639] = CNOT 8 11
[640] = CNOT 8 12
[641] = S 8
[642] = CNOT 8 12
[643] = CNOT 8 16
[644] = S 8
[645] = CNOT 8 16
[646] = CNOT 8 17
[647] = S 8
[648] = CNOT 8 17
[649] = CNOT 8 19
[650] = S 8
[651] = Z 8
[652] = CNOT 8 19
[653] = CNOT 8 20
[654] = Z 8
[655] = CNOT 8 20
[656] = CNOT 8 21
[657] = S 8
[658] = Z 8
[659] = CNOT 8 21
[660] = CNOT 8 22
[661] = S 8
[662] = Z 8
[663] = CNOT 8 22
[664] = CNOT 8 23
[665] = S 8
[666] = Z 8
[667] = CNOT 8 23
[668] = CNOT 8 24
[669] = S 8
[670] = Z 8
[671] = CNOT 8 24
[672] = CNOT 8 25
[673] = S 8
[674] = Z 8
[675] = CNOT 8 25
[676] = CNOT 8 26
[677] = S 8
[678] = Z 8
[679] = CNOT 8 26
[680] = CNOT 9 16
[681] = S 9
[682] = CNOT 9 16
[683] = CNOT 9 28
[684] = Z 9
[685] = CNOT 9 28
[686] = CNOT 9 29
[687] = Z 9
[688] = CNOT 9 29
[689] = CNOT 10 17
[690] = S 10
[691] = CNOT 10 17
[692] = CNOT 10 20
[693] = Z 10
[694] = CNOT 10 20
[695] = CNOT 11 12
[696] = Z 11
[697] = CNOT 11 12
[698] = CNOT 11 14
[699] = S 11
[700] = CNOT 11 14
[701] = CNOT 11 16
[702] = S 11
[703] = CNOT 11 16
[704] = CNOT 11 21
[705] = S 11
[706] = Z 11
[707] = CNOT 11 21
[708] = CNOT 11 22
[709] = S 11
[710] = CNOT 11 22
[711] = CNOT 11 23
[712] = S 11
[713] = Z 11
[714] = CNOT 11 23
[715] = CNOT 11 25
[716] = S 11
[717] = CNOT 11 25
[718] = CNOT 11 26
[719] = S 11
[720] = CNOT 11 26
[721] = CNOT 12 14
[722] = S 12
[723] = CNOT 12 14
[724] = CNOT 12 16
[725] = S 12
[726] = CNOT 12 16
[727] = CNOT 12 21
[728] = S 12
[729] = Z 12
[730] = CNOT 12 21
[731] = CNOT 12 22
[732] = S 12
[733] = CNOT 12 22
[734] = CNOT 12 23
[735] = S 12
[736] = Z 12
[737] = CNOT 12 23
[738] = CNOT 12 25
[739] = S 12
[740] = CNOT 12 25
[741] = CNOT 12 26
[742] = S 12
[743] = CNOT 12 26
[744] = CNOT 13 18
[745] = S 13
[746] = CNOT 13 18
[747] = CNOT 14 21
[748] = Z 14
[749] = CNOT 14 21
[750] = CNOT 14 22
[751] = S 14
[752] = Z 14
[753] = CNOT 14 22
[754] = CNOT 14 28
[755] = S 14
[756] = Z 14
[757] = CNOT 14 28
[758] = CNOT 15 18
[759] = S 15
[760] = CNOT 15 18
[761] = CNOT 15 24
[762] = Z 15
[763] = CNOT 15 24
[764] = CNOT 16 21
[765] = S 16
[766] = Z 16
[767] = CNOT 16 21
[768] = CNOT 16 22
[769] = S 16
[770] = Z 16
[771] = CNOT 16 22
[772] = CNOT 16 23
[773] = S 16
[774] = Z 16
[775] = CNOT 16 23
[776] = CNOT 16 24
[777] = S 16
[778] = Z 16
[779] = CNOT 16 24
[780] = CNOT 16 25
[781] = S 16
[782] = CNOT 16 25
[783] = CNOT 16 26
[784] = S 16
[785] = CNOT 16 26
[786] = CNOT 16 29
[787] = S 16
[788] = CNOT 16 29
[789] = CNOT 17 19
[790] = S 17
[791] = CNOT 17 19
[792] = CNOT 17 20
[793] = Z 17
[794] = CNOT 17 20
[795] = CNOT 18 23
[796] = S 18
[797] = CNOT 18 23
[798] = CNOT 18 24
[799] = Z 18
[800] = CNOT 18 24
[801] = CNOT 19 20
[802] = Z 19
[803] = CNOT 19 20
[804] = CNOT 19 21
[805] = S 19
[806] = CNOT 19 21
[807] = CNOT 19 25
[808] = S 19
[809] = Z 19
[810] = CNOT 19 25
[811] = CNOT 19 26
[812] = S 19
[813] = Z 19
[814] = CNOT 19 26
[815] = CNOT 20 22
[816] = S 20
[817] = CNOT 20 22
[818] = CNOT 20 25
[819] = Z 20
[820] = CNOT 20 25
[821] = CNOT 20 26
[822] = Z 20
[823] = CNOT 20 26
[824] = CNOT 21 22
[825] = S 21
[826] = CNOT 21 22
[827] = CNOT 21 23
[828] = S 21
[829] = CNOT 21 23
[830] = CNOT 21 24
[831] = S 21
[832] = Z 21
[833] = CNOT 21 24
[834] = CNOT 21 25
[835] = S 21
[836] = Z 21
[837] = CNOT 21 25
[838] = CNOT 21 26
[839] = S 21
[840] = Z 21
[841] = CNOT 21 26
[842] = CNOT 21 28
[843] = S 21
[844] = Z 21
[845] = CNOT 21 28
[846] = CNOT 22 23
[847] = S 22
[848] = Z 22
[849] = CNOT 22 23
[850] = CNOT 22 24
[851] = S 22
[852] = Z 22
[853] = CNOT 22 24
[854] = CNOT 22 25
[855] = S 22
[856] = Z 22
[857] = CNOT 22 25
[858] = CNOT 22 26
[859] = S 22
[860] = Z 22
[861] = CNOT 22 26
[862] = CNOT 22 28
[863] = S 22
[864] = Z 22
[865] = CNOT 22 28
[866] = CNOT 23 24
[867] = S 23
[868] = Z 23
[869] = CNOT 23 24
[870] = CNOT 23 26
[871] = S 23
[872] = Z 23
[873] = CNOT 23 26
[874] = CNOT 24 25
[875] = S 24
[876] = Z 24
[877] = CNOT 24 25
[878] = CNOT 25 27
[879] = Z 25
[880] = CNOT 25 27
[881] = CNOT 26 27
[882] = S 26
[883] = Z 26
[884] = CNOT 26 27
[885] = CNOT 27 30
[886] = S 27
[887] = CNOT 28 31
[888] = S 28
[889] = CNOT 28 31
[890] = CNOT 29 32
[891] = S 29
[892] = CNOT 29 32
[893] = CNOT 1 2
[894] = CNOT 1 3
[895] = S 1
[896] = Z 1
[897] = CNOT 1 3
[898] = CNOT 1 4
[899] = S 1
[900] = Z 1
[901] = CNOT 1 4
[902] = CNOT 1 5
[903] = S 1
[904] = CNOT 1 5
[905] = CNOT 1 6
[906] = S 1
[907] = CNOT 1 6
[908] = CNOT 1 7
[909] = Z 1
[910] = CNOT 1 7
[911] = CNOT 1 8
[912] = S 1
[913] = CNOT 1 8
[914] = CNOT 1 9
[915] = S 1
[916] = Z 1
[917] = CNOT 1 9
[918] = CNOT 1 13
[919] = Z 1
[920] = CNOT 1 13
[921] = CNOT 1 16
[922] = S 1
[923] = Z 1
[924] = CNOT 1 16
[925] = CNOT 1 19
[926] = S 1
[927] = CNOT 1 19
[928] = CNOT 1 20
[929] = Z 1
[930] = CNOT 1 20
[931] = CNOT 1 21
[932] = Z 1
[933] = CNOT 1 21
[934] = CNOT 1 22
[935] = Z 1
[936] = CNOT 1 22
[937] = CNOT 1 23
[938] = Z 1
[939] = CNOT 1 23
[940] = CNOT 1 25
[941] = S 1
[942] = Z 1
[943] = CNOT 1 25
[944] = CNOT 1 26
[945] = S 1
[946] = Z 1
[947] = CNOT 1 26
[948] = CNOT 1 28
[949] = S 1
[950] = Z 1
[951] = CNOT 1 28
[952] = CNOT 1 2
[953] = CNOT 1 3
[954] = CNOT 1 4
[955] = S 1
[956] = Z 1
[957] = CNOT 1 4
[958] = CNOT 1 5
[959] = S 1
[960] = CNOT 1 5
[961] = CNOT 1 6
[962] = S 1
[963] = CNOT 1 6
[964] = CNOT 1 7
[965] = Z 1
[966] = CNOT 1 7
[967] = CNOT 1 8
[968] = S 1
[969] = CNOT 1 8
[970] = CNOT 1 9
[971] = S 1
[972] = Z 1
[973] = CNOT 1 9
[974] = CNOT 1 13
[975] = Z 1
[976] = CNOT 1 13
[977] = CNOT 1 16
[978] = S 1
[979] = Z 1
[980] = CNOT 1 16
[981] = CNOT 1 19
[982] = S 1
[983] = CNOT 1 19
[984] = CNOT 1 20
[985] = Z 1
[986] = CNOT 1 20
[987] = CNOT 1 21
[988] = Z 1
[989] = CNOT 1 21
[990] = CNOT 1 22
[991] = Z 1
[992] = CNOT 1 22
[993] = CNOT 1 23
[994] = Z 1
[995] = CNOT 1 23
[996] = CNOT 1 25
[997] = S 1
[998] = Z 1
[999] = CNOT 1 25
[1000] = CNOT 1 26
[1001] = S 1
[1002] = Z 1
[1003] = CNOT 1 26
[1004] = CNOT 1 28
[1005] = S 1
[1006] = Z 1
[1007] = CNOT 1 28
[1008] = CNOT 1 3
[1009] = CNOT 1 4
[1010] = CNOT 1 6
[1011] = Z 1
[1012] = CNOT 1 6
[1013] = CNOT 1 25
[1014] = Z 1
[1015] = CNOT 1 25
[1016] = CNOT 1 26
[1017] = Z 1
[1018] = CNOT 1 26
[1019] = CNOT 1 4
[1020] = CNOT 1 5
[1021] = CNOT 1 6
[1022] = S 1
[1023] = Z 1
[1024] = CNOT 1 6
[1025] = CNOT 1 7
[1026] = S 1
[1027] = Z 1
[1028] = CNOT 1 7
[1029] = CNOT 1 8
[1030] = Z 1
[1031] = CNOT 1 8
[1032] = CNOT 1 9
[1033] = S 1
[1034] = Z 1
[1035] = CNOT 1 9
[1036] = CNOT 1 19
[1037] = Z 1
[1038] = CNOT 1 19
[1039] = CNOT 1 20
[1040] = S 1
[1041] = Z 1
[1042] = CNOT 1 20
[1043] = CNOT 1 25
[1044] = Z 1
[1045] = CNOT 1 25
[1046] = CNOT 1 26
[1047] = Z 1
[1048] = CNOT 1 26
[1049] = CNOT 1 28
[1050] = S 1
[1051] = Z 1
[1052] = CNOT 1 28
[1053] = CNOT 1 5
[1054] = CNOT 1 6
[1055] = CNOT 1 7
[1056] = S 1
[1057] = Z 1
[1058] = CNOT 1 7
[1059] = CNOT 1 8
[1060] = Z 1
[1061] = CNOT 1 8
[1062] = CNOT 1 13
[1063] = Z 1
[1064] = CNOT 1 13
[1065] = CNOT 1 19
[1066] = Z 1
[1067] = CNOT 1 19
[1068] = CNOT 1 20
[1069] = S 1
[1070] = Z 1
[1071] = CNOT 1 20
[1072] = CNOT 1 21
[1073] = Z 1
[1074] = CNOT 1 21
[1075] = CNOT 1 22
[1076] = Z 1
[1077] = CNOT 1 22
[1078] = CNOT 1 23
[1079] = Z 1
[1080] = CNOT 1 23
[1081] = CNOT 1 25
[1082] = Z 1
[1083] = CNOT 1 25
[1084] = CNOT 1 26
[1085] = Z 1
[1086] = CNOT 1 26
[1087] = CNOT 1 6
[1088] = CNOT 1 7
[1089] = CNOT 1 8
[1090] = S 1
[1091] = CNOT 1 8
[1092] = CNOT 1 16
[1093] = S 1
[1094] = Z 1
[1095] = CNOT 1 16
[1096] = CNOT 1 19
[1097] = Z 1
[1098] = CNOT 1 19
[1099] = CNOT 1 20
[1100] = S 1
[1101] = Z 1
[1102] = CNOT 1 20
[1103] = CNOT 1 7
[1104] = CNOT 1 8
[1105] = CNOT 1 13
[1106] = Z 1
[1107] = CNOT 1 13
[1108] = CNOT 1 16
[1109] = S 1
[1110] = Z 1
[1111] = CNOT 1 16
[1112] = CNOT 1 20
[1113] = Z 1
[1114] = CNOT 1 20
[1115] = CNOT 1 21
[1116] = Z 1
[1117] = CNOT 1 21
[1118] = CNOT 1 22
[1119] = Z 1
[1120] = CNOT 1 22
[1121] = CNOT 1 23
[1122] = Z 1
[1123] = CNOT 1 23
[1124] = CNOT 1 25
[1125] = S 1
[1126] = Z 1
[1127] = CNOT 1 25
[1128] = CNOT 1 26
[1129] = S 1
[1130] = Z 1
[1131] = CNOT 1 26
[1132] = CNOT 1 8
[1133] = CNOT 1 9
[1134] = CNOT 1 28
[1135] = S 1
[1136] = Z 1
[1137] = CNOT 1 28
[1138] = CNOT 1 9
[1139] = CNOT 1 11
[1140] = CNOT 1 12
[1141] = S 1
[1142] = CNOT 1 12
[1143] = CNOT 1 13
[1144] = S 1
[1145] = Z 1
[1146] = CNOT 1 13
[1147] = CNOT 1 21
[1148] = S 1
[1149] = CNOT 1 21
[1150] = CNOT 1 22
[1151] = S 1
[1152] = Z 1
[1153] = CNOT 1 22
[1154] = CNOT 1 23
[1155] = S 1
[1156] = CNOT 1 23
[1157] = CNOT 1 24
[1158] = Z 1
[1159] = CNOT 1 24
[1160] = CNOT 1 11
[1161] = CNOT 1 12
[1162] = CNOT 1 13
[1163] = S 1
[1164] = Z 1
[1165] = CNOT 1 13
[1166] = CNOT 1 21
[1167] = S 1
[1168] = CNOT 1 21
[1169] = CNOT 1 22
[1170] = S 1
[1171] = Z 1
[1172] = CNOT 1 22
[1173] = CNOT 1 23
[1174] = S 1
[1175] = CNOT 1 23
[1176] = CNOT 1 24
[1177] = Z 1
[1178] = CNOT 1 24
[1179] = CNOT 1 12
[1180] = CNOT 1 13
[1181] = CNOT 1 16
[1182] = Z 1
[1183] = CNOT 1 16
[1184] = CNOT 1 21
[1185] = Z 1
[1186] = CNOT 1 21
[1187] = CNOT 1 23
[1188] = Z 1
[1189] = CNOT 1 23
[1190] = CNOT 1 24
[1191] = Z 1
[1192] = CNOT 1 24
[1193] = CNOT 1 25
[1194] = Z 1
[1195] = CNOT 1 25
[1196] = CNOT 1 26
[1197] = Z 1
[1198] = CNOT 1 26
[1199] = CNOT 1 13
[1200] = CNOT 1 14
[1201] = CNOT 1 21
[1202] = S 1
[1203] = Z 1
[1204] = CNOT 1 21
[1205] = CNOT 1 22
[1206] = S 1
[1207] = Z 1
[1208] = CNOT 1 22
[1209] = CNOT 1 14
[1210] = CNOT 1 16
[1211] = CNOT 1 19
[1212] = S 1
[1213] = Z 1
[1214] = CNOT 1 19
[1215] = CNOT 1 20
[1216] = S 1
[1217] = Z 1
[1218] = CNOT 1 20
[1219] = CNOT 1 21
[1220] = Z 1
[1221] = CNOT 1 21
[1222] = CNOT 1 22
[1223] = Z 1
[1224] = CNOT 1 22
[1225] = CNOT 1 23
[1226] = Z 1
[1227] = CNOT 1 23
[1228] = CNOT 1 25
[1229] = S 1
[1230] = Z 1
[1231] = CNOT 1 25
[1232] = CNOT 1 26
[1233] = S 1
[1234] = Z 1
[1235] = CNOT 1 26
[1236] = CNOT 1 16
[1237] = CNOT 1 19
[1238] = CNOT 1 20
[1239] = Z 1
[1240] = CNOT 1 19
[1241] = CNOT 1 25
[1242] = Z 1
[1243] = CNOT 1 25
[1244] = CNOT 1 26
[1245] = Z 1
[1246] = CNOT 1 26
[1247] = CNOT 1 20
[1248] = CNOT 1 21
[1249] = CNOT 1 22
[1250] = S 1
[1251] = CNOT 1 22
[1252] = CNOT 1 23
[1253] = S 1
[1254] = Z 1
[1255] = CNOT 1 23
[1256] = CNOT 1 25
[1257] = Z 1
[1258] = CNOT 1 25
[1259] = CNOT 1 26
[1260] = Z 1
[1261] = CNOT 1 26
[1262] = CNOT 1 21
[1263] = CNOT 1 22
[1264] = CNOT 1 23
[1265] = Z 1
[1266] = CNOT 1 23
[1267] = CNOT 1 24
[1268] = S 1
[1269] = Z 1
[1270] = CNOT 1 24
[1271] = CNOT 1 25
[1272] = Z 1
[1273] = CNOT 1 25
[1274] = CNOT 1 26
[1275] = Z 1
[1276] = CNOT 1 26
[1277] = CNOT 1 22
[1278] = CNOT 1 23
[1279] = CNOT 1 25
[1280] = Z 1
[1281] = CNOT 1 25
[1282] = CNOT 1 26
[1283] = Z 1
[1284] = CNOT 1 23
[1285] = CNOT 1 25
[1286] = Z 1
[1287] = CNOT 1 26
[1288] = CNOT 1 25
[1289] = CNOT 2 3
[1290] = CNOT 2 6
[1291] = Z 2
[1292] = CNOT 2 6
[1293] = CNOT 2 7
[1294] = Z 2
[1295] = CNOT 2 7
[1296] = CNOT 2 8
[1297] = S 2
[1298] = CNOT 2 8
[1299] = CNOT 2 9
[1300] = Z 2
[1301] = CNOT 2 9
[1302] = CNOT 2 13
[1303] = Z 2
[1304] = CNOT 2 13
[1305] = CNOT 2 16
[1306] = S 2
[1307] = Z 2
[1308] = CNOT 2 16
[1309] = CNOT 2 19
[1310] = S 2
[1311] = CNOT 2 19
[1312] = CNOT 2 20
[1313] = Z 2
[1314] = CNOT 2 20
[1315] = CNOT 2 21
[1316] = Z 2
[1317] = CNOT 2 21
[1318] = CNOT 2 22
[1319] = Z 2
[1320] = CNOT 2 22
[1321] = CNOT 2 23
[1322] = Z 2
[1323] = CNOT 2 23
[1324] = CNOT 2 28
[1325] = Z 2
[1326] = CNOT 2 28
[1327] = CNOT 2 29
[1328] = S 2
[1329] = Z 2
[1330] = CNOT 2 29
[1331] = CNOT 2 3
[1332] = CNOT 2 4
[1333] = CNOT 2 6
[1334] = S 2
[1335] = Z 2
[1336] = CNOT 2 6
[1337] = CNOT 2 25
[1338] = S 2
[1339] = Z 2
[1340] = CNOT 2 25
[1341] = CNOT 2 26
[1342] = S 2
[1343] = Z 2
[1344] = CNOT 2 26
[1345] = CNOT 2 4
[1346] = CNOT 2 5
[1347] = CNOT 2 6
[1348] = S 2
[1349] = Z 2
[1350] = CNOT 2 6
[1351] = CNOT 2 7
[1352] = S 2
[1353] = Z 2
[1354] = CNOT 2 7
[1355] = CNOT 2 8
[1356] = Z 2
[1357] = CNOT 2 8
[1358] = CNOT 2 9
[1359] = Z 2
[1360] = CNOT 2 9
[1361] = CNOT 2 19
[1362] = Z 2
[1363] = CNOT 2 19
[1364] = CNOT 2 20
[1365] = S 2
[1366] = Z 2
[1367] = CNOT 2 20
[1368] = CNOT 2 25
[1369] = Z 2
[1370] = CNOT 2 25
[1371] = CNOT 2 26
[1372] = Z 2
[1373] = CNOT 2 26
[1374] = CNOT 2 28
[1375] = Z 2
[1376] = CNOT 2 28
[1377] = CNOT 2 29
[1378] = S 2
[1379] = Z 2
[1380] = CNOT 2 29
[1381] = CNOT 2 5
[1382] = CNOT 2 6
[1383] = CNOT 2 8
[1384] = S 2
[1385] = Z 2
[1386] = CNOT 2 8
[1387] = CNOT 2 13
[1388] = Z 2
[1389] = CNOT 2 13
[1390] = CNOT 2 19
[1391] = S 2
[1392] = Z 2
[1393] = CNOT 2 19
[1394] = CNOT 2 20
[1395] = S 2
[1396] = Z 2
[1397] = CNOT 2 20
[1398] = CNOT 2 21
[1399] = Z 2
[1400] = CNOT 2 21
[1401] = CNOT 2 22
[1402] = Z 2
[1403] = CNOT 2 22
[1404] = CNOT 2 23
[1405] = Z 2
[1406] = CNOT 2 23
[1407] = CNOT 2 25
[1408] = S 2
[1409] = CNOT 2 25
[1410] = CNOT 2 26
[1411] = S 2
[1412] = CNOT 2 26
[1413] = CNOT 2 6
[1414] = CNOT 2 7
[1415] = CNOT 2 8
[1416] = Z 2
[1417] = CNOT 2 8
[1418] = CNOT 2 16
[1419] = S 2
[1420] = Z 2
[1421] = CNOT 2 16
[1422] = CNOT 2 19
[1423] = S 2
[1424] = Z 2
[1425] = CNOT 2 19
[1426] = CNOT 2 20
[1427] = S 2
[1428] = Z 2
[1429] = CNOT 2 20
[1430] = CNOT 2 25
[1431] = Z 2
[1432] = CNOT 2 25
[1433] = CNOT 2 26
[1434] = Z 2
[1435] = CNOT 2 26
[1436] = CNOT 2 7
[1437] = CNOT 2 8
[1438] = CNOT 2 13
[1439] = Z 2
[1440] = CNOT 2 13
[1441] = CNOT 2 16
[1442] = S 2
[1443] = Z 2
[1444] = CNOT 2 16
[1445] = CNOT 2 19
[1446] = S 2
[1447] = CNOT 2 19
[1448] = CNOT 2 20
[1449] = Z 2
[1450] = CNOT 2 20
[1451] = CNOT 2 21
[1452] = Z 2
[1453] = CNOT 2 21
[1454] = CNOT 2 22
[1455] = Z 2
[1456] = CNOT 2 22
[1457] = CNOT 2 23
[1458] = Z 2
[1459] = CNOT 2 23
[1460] = CNOT 2 25
[1461] = S 2
[1462] = CNOT 2 25
[1463] = CNOT 2 26
[1464] = S 2
[1465] = CNOT 2 26
[1466] = CNOT 2 8
[1467] = CNOT 2 9
[1468] = CNOT 2 28
[1469] = Z 2
[1470] = CNOT 2 28
[1471] = CNOT 2 29
[1472] = S 2
[1473] = Z 2
[1474] = CNOT 2 29
[1475] = CNOT 2 9
[1476] = CNOT 2 11
[1477] = CNOT 2 12
[1478] = S 2
[1479] = CNOT 2 12
[1480] = CNOT 2 13
[1481] = S 2
[1482] = Z 2
[1483] = CNOT 2 13
[1484] = CNOT 2 21
[1485] = S 2
[1486] = CNOT 2 21
[1487] = CNOT 2 22
[1488] = S 2
[1489] = Z 2
[1490] = CNOT 2 22
[1491] = CNOT 2 23
[1492] = S 2
[1493] = CNOT 2 23
[1494] = CNOT 2 24
[1495] = Z 2
[1496] = CNOT 2 24
[1497] = CNOT 2 11
[1498] = CNOT 2 12
[1499] = CNOT 2 13
[1500] = S 2
[1501] = Z 2
[1502] = CNOT 2 13
[1503] = CNOT 2 21
[1504] = S 2
[1505] = CNOT 2 21
[1506] = CNOT 2 22
[1507] = S 2
[1508] = Z 2
[1509] = CNOT 2 22
[1510] = CNOT 2 23
[1511] = S 2
[1512] = CNOT 2 23
[1513] = CNOT 2 24
[1514] = Z 2
[1515] = CNOT 2 24
[1516] = CNOT 2 12
[1517] = CNOT 2 13
[1518] = CNOT 2 16
[1519] = Z 2
[1520] = CNOT 2 16
[1521] = CNOT 2 21
[1522] = Z 2
[1523] = CNOT 2 21
[1524] = CNOT 2 23
[1525] = Z 2
[1526] = CNOT 2 23
[1527] = CNOT 2 24
[1528] = Z 2
[1529] = CNOT 2 24
[1530] = CNOT 2 25
[1531] = Z 2
[1532] = CNOT 2 25
[1533] = CNOT 2 26
[1534] = Z 2
[1535] = CNOT 2 26
[1536] = CNOT 2 13
[1537] = CNOT 2 16
[1538] = CNOT 2 19
[1539] = S 2
[1540] = Z 2
[1541] = CNOT 2 19
[1542] = CNOT 2 20
[1543] = S 2
[1544] = Z 2
[1545] = CNOT 2 20
[1546] = CNOT 2 21
[1547] = Z 2
[1548] = CNOT 2 21
[1549] = CNOT 2 22
[1550] = Z 2
[1551] = CNOT 2 22
[1552] = CNOT 2 23
[1553] = Z 2
[1554] = CNOT 2 23
[1555] = CNOT 2 25
[1556] = S 2
[1557] = Z 2
[1558] = CNOT 2 25
[1559] = CNOT 2 26
[1560] = S 2
[1561] = Z 2
[1562] = CNOT 2 26
[1563] = CNOT 2 16
[1564] = CNOT 2 19
[1565] = CNOT 2 20
[1566] = Z 2
[1567] = CNOT 2 20
[1568] = CNOT 2 25
[1569] = S 2
[1570] = CNOT 2 25
[1571] = CNOT 2 26
[1572] = S 2
[1573] = CNOT 2 26
[1574] = CNOT 2 19
[1575] = CNOT 2 20
[1576] = CNOT 2 25
[1577] = Z 2
[1578] = CNOT 2 25
[1579] = CNOT 2 26
[1580] = Z 2
[1581] = CNOT 2 26
[1582] = CNOT 2 20
[1583] = CNOT 2 21
[1584] = CNOT 2 22
[1585] = Z 2
[1586] = CNOT 2 22
[1587] = CNOT 2 23
[1588] = S 2
[1589] = Z 2
[1590] = CNOT 2 23
[1591] = CNOT 2 25
[1592] = Z 2
[1593] = CNOT 2 25
[1594] = CNOT 2 26
[1595] = Z 2
[1596] = CNOT 2 26
[1597] = CNOT 2 21
[1598] = CNOT 2 22
[1599] = CNOT 2 23
[1600] = Z 2
[1601] = CNOT 2 23
[1602] = CNOT 2 24
[1603] = S 2
[1604] = Z 2
[1605] = CNOT 2 24
[1606] = CNOT 2 25
[1607] = Z 2
[1608] = CNOT 2 25
[1609] = CNOT 2 26
[1610] = Z 2
[1611] = CNOT 2 26
[1612] = CNOT 2 22
[1613] = CNOT 2 23
[1614] = CNOT 2 25
[1615] = Z 2
[1616] = CNOT 2 25
[1617] = CNOT 2 26
[1618] = Z 2
[1619] = CNOT 2 23
[1620] = CNOT 2 25
[1621] = S 2
[1622] = Z 2
[1623] = CNOT 2 26
[1624] = CNOT 2 25
[1625] = CNOT 2 28
[1626] = CNOT 2 29
[1627] = S 2
[1628] = Z 2
[1629] = CNOT 2 29
[1630] = CNOT 2 28
[1631] = CNOT 3 4
[1632] = CNOT 3 6
[1633] = S 3
[1634] = Z 3
[1635] = CNOT 3 6
[1636] = CNOT 3 25
[1637] = S 3
[1638] = Z 3
[1639] = CNOT 3 25
[1640] = CNOT 3 26
[1641] = S 3
[1642] = Z 3
[1643] = CNOT 3 26
[1644] = CNOT 3 4
[1645] = CNOT 3 5
[1646] = CNOT 3 6
[1647] = S 3
[1648] = Z 3
[1649] = CNOT 3 6
[1650] = CNOT 3 7
[1651] = S 3
[1652] = Z 3
[1653] = CNOT 3 7
[1654] = CNOT 3 8
[1655] = Z 3
[1656] = CNOT 3 8
[1657] = CNOT 3 9
[1658] = Z 3
[1659] = CNOT 3 9
[1660] = CNOT 3 19
[1661] = Z 3
[1662] = CNOT 3 19
[1663] = CNOT 3 20
[1664] = S 3
[1665] = Z 3
[1666] = CNOT 3 20
[1667] = CNOT 3 25
[1668] = Z 3
[1669] = CNOT 3 25
[1670] = CNOT 3 26
[1671] = Z 3
[1672] = CNOT 3 26
[1673] = CNOT 3 28
[1674] = Z 3
[1675] = CNOT 3 28
[1676] = CNOT 3 29
[1677] = S 3
[1678] = Z 3
[1679] = CNOT 3 29
[1680] = CNOT 3 5
[1681] = CNOT 3 6
[1682] = CNOT 3 8
[1683] = S 3
[1684] = Z 3
[1685] = CNOT 3 8
[1686] = CNOT 3 13
[1687] = Z 3
[1688] = CNOT 3 13
[1689] = CNOT 3 19
[1690] = S 3
[1691] = Z 3
[1692] = CNOT 3 19
[1693] = CNOT 3 20
[1694] = S 3
[1695] = Z 3
[1696] = CNOT 3 20
[1697] = CNOT 3 21
[1698] = Z 3
[1699] = CNOT 3 21
[1700] = CNOT 3 22
[1701] = Z 3
[1702] = CNOT 3 22
[1703] = CNOT 3 23
[1704] = Z 3
[1705] = CNOT 3 23
[1706] = CNOT 3 25
[1707] = S 3
[1708] = CNOT 3 25
[1709] = CNOT 3 26
[1710] = S 3
[1711] = CNOT 3 26
[1712] = CNOT 3 6
[1713] = CNOT 3 7
[1714] = CNOT 3 8
[1715] = Z 3
[1716] = CNOT 3 8
[1717] = CNOT 3 16
[1718] = S 3
[1719] = Z 3
[1720] = CNOT 3 16
[1721] = CNOT 3 19
[1722] = S 3
[1723] = Z 3
[1724] = CNOT 3 19
[1725] = CNOT 3 20
[1726] = S 3
[1727] = Z 3
[1728] = CNOT 3 20
[1729] = CNOT 3 25
[1730] = Z 3
[1731] = CNOT 3 25
[1732] = CNOT 3 26
[1733] = Z 3
[1734] = CNOT 3 26
[1735] = CNOT 3 7
[1736] = CNOT 3 8
[1737] = CNOT 3 13
[1738] = Z 3
[1739] = CNOT 3 13
[1740] = CNOT 3 16
[1741] = S 3
[1742] = Z 3
[1743] = CNOT 3 16
[1744] = CNOT 3 19
[1745] = S 3
[1746] = CNOT 3 19
[1747] = CNOT 3 20
[1748] = Z 3
[1749] = CNOT 3 20
[1750] = CNOT 3 21
[1751] = Z 3
[1752] = CNOT 3 21
[1753] = CNOT 3 22
[1754] = Z 3
[1755] = CNOT 3 22
[1756] = CNOT 3 23
[1757] = Z 3
[1758] = CNOT 3 23
[1759] = CNOT 3 25
[1760] = S 3
[1761] = CNOT 3 25
[1762] = CNOT 3 26
[1763] = S 3
[1764] = CNOT 3 26
[1765] = CNOT 3 8
[1766] = CNOT 3 9
[1767] = CNOT 3 28
[1768] = Z 3
[1769] = CNOT 3 28
[1770] = CNOT 3 29
[1771] = S 3
[1772] = Z 3
[1773] = CNOT 3 29
[1774] = CNOT 3 9
[1775] = CNOT 3 11
[1776] = CNOT 3 12
[1777] = S 3
[1778] = CNOT 3 12
[1779] = CNOT 3 13
[1780] = S 3
[1781] = Z 3
[1782] = CNOT 3 13
[1783] = CNOT 3 21
[1784] = S 3
[1785] = CNOT 3 21
[1786] = CNOT 3 22
[1787] = S 3
[1788] = Z 3
[1789] = CNOT 3 22
[1790] = CNOT 3 23
[1791] = S 3
[1792] = CNOT 3 23
[1793] = CNOT 3 24
[1794] = Z 3
[1795] = CNOT 3 24
[1796] = CNOT 3 11
[1797] = CNOT 3 12
[1798] = CNOT 3 13
[1799] = S 3
[1800] = Z 3
[1801] = CNOT 3 13
[1802] = CNOT 3 21
[1803] = S 3
[1804] = CNOT 3 21
[1805] = CNOT 3 22
[1806] = S 3
[1807] = Z 3
[1808] = CNOT 3 22
[1809] = CNOT 3 23
[1810] = S 3
[1811] = CNOT 3 23
[1812] = CNOT 3 24
[1813] = Z 3
[1814] = CNOT 3 24
[1815] = CNOT 3 12
[1816] = CNOT 3 13
[1817] = CNOT 3 16
[1818] = Z 3
[1819] = CNOT 3 16
[1820] = CNOT 3 21
[1821] = Z 3
[1822] = CNOT 3 21
[1823] = CNOT 3 23
[1824] = Z 3
[1825] = CNOT 3 23
[1826] = CNOT 3 24
[1827] = Z 3
[1828] = CNOT 3 24
[1829] = CNOT 3 25
[1830] = Z 3
[1831] = CNOT 3 25
[1832] = CNOT 3 26
[1833] = Z 3
[1834] = CNOT 3 26
[1835] = CNOT 3 13
[1836] = CNOT 3 16
[1837] = CNOT 3 19
[1838] = S 3
[1839] = Z 3
[1840] = CNOT 3 19
[1841] = CNOT 3 20
[1842] = S 3
[1843] = Z 3
[1844] = CNOT 3 20
[1845] = CNOT 3 21
[1846] = Z 3
[1847] = CNOT 3 21
[1848] = CNOT 3 22
[1849] = Z 3
[1850] = CNOT 3 22
[1851] = CNOT 3 23
[1852] = Z 3
[1853] = CNOT 3 23
[1854] = CNOT 3 25
[1855] = S 3
[1856] = Z 3
[1857] = CNOT 3 25
[1858] = CNOT 3 26
[1859] = S 3
[1860] = Z 3
[1861] = CNOT 3 26
[1862] = CNOT 3 16
[1863] = CNOT 3 19
[1864] = CNOT 3 20
[1865] = Z 3
[1866] = CNOT 3 20
[1867] = CNOT 3 25
[1868] = S 3
[1869] = CNOT 3 25
[1870] = CNOT 3 26
[1871] = S 3
[1872] = CNOT 3 26
[1873] = CNOT 3 19
[1874] = CNOT 3 20
[1875] = CNOT 3 25
[1876] = Z 3
[1877] = CNOT 3 25
[1878] = CNOT 3 26
[1879] = Z 3
[1880] = CNOT 3 26
[1881] = CNOT 3 20
[1882] = CNOT 3 21
[1883] = CNOT 3 22
[1884] = Z 3
[1885] = CNOT 3 22
[1886] = CNOT 3 23
[1887] = S 3
[1888] = Z 3
[1889] = CNOT 3 23
[1890] = CNOT 3 25
[1891] = Z 3
[1892] = CNOT 3 25
[1893] = CNOT 3 26
[1894] = Z 3
[1895] = CNOT 3 26
[1896] = CNOT 3 21
[1897] = CNOT 3 22
[1898] = CNOT 3 23
[1899] = Z 3
[1900] = CNOT 3 23
[1901] = CNOT 3 24
[1902] = S 3
[1903] = Z 3
[1904] = CNOT 3 24
[1905] = CNOT 3 25
[1906] = Z 3
[1907] = CNOT 3 25
[1908] = CNOT 3 26
[1909] = Z 3
[1910] = CNOT 3 26
[1911] = CNOT 3 22
[1912] = CNOT 3 23
[1913] = CNOT 3 25
[1914] = Z 3
[1915] = CNOT 3 25
[1916] = CNOT 3 26
[1917] = Z 3
[1918] = CNOT 3 23
[1919] = CNOT 3 25
[1920] = S 3
[1921] = Z 3
[1922] = CNOT 3 26
[1923] = CNOT 3 25
[1924] = CNOT 3 28
[1925] = CNOT 3 29
[1926] = S 3
[1927] = Z 3
[1928] = CNOT 3 29
[1929] = CNOT 3 28
[1930] = CNOT 4 6
[1931] = CNOT 4 25
[1932] = Z 4
[1933] = CNOT 4 25
[1934] = CNOT 4 26
[1935] = Z 4
[1936] = CNOT 4 6
[1937] = CNOT 4 25
[1938] = Z 4
[1939] = CNOT 4 26
[1940] = CNOT 4 25
[1941] = CNOT 5 6
[1942] = CNOT 5 8
[1943] = S 5
[1944] = Z 5
[1945] = CNOT 5 8
[1946] = CNOT 5 19
[1947] = S 5
[1948] = Z 5
[1949] = CNOT 5 19
[1950] = CNOT 5 25
[1951] = S 5
[1952] = Z 5
[1953] = CNOT 5 25
[1954] = CNOT 5 26
[1955] = S 5
[1956] = Z 5
[1957] = CNOT 5 26
[1958] = CNOT 5 29
[1959] = S 5
[1960] = Z 5
[1961] = CNOT 5 29
[1962] = CNOT 5 6
[1963] = CNOT 5 7
[1964] = CNOT 5 8
[1965] = S 5
[1966] = Z 5
[1967] = CNOT 5 8
[1968] = CNOT 5 19
[1969] = S 5
[1970] = Z 5
[1971] = CNOT 5 19
[1972] = CNOT 5 25
[1973] = S 5
[1974] = Z 5
[1975] = CNOT 5 25
[1976] = CNOT 5 26
[1977] = S 5
[1978] = Z 5
[1979] = CNOT 5 26
[1980] = CNOT 5 29
[1981] = S 5
[1982] = Z 5
[1983] = CNOT 5 29
[1984] = CNOT 5 7
[1985] = CNOT 5 8
[1986] = CNOT 5 19
[1987] = Z 5
[1988] = CNOT 5 19
[1989] = CNOT 5 20
[1990] = S 5
[1991] = Z 5
[1992] = CNOT 5 20
[1993] = CNOT 5 25
[1994] = Z 5
[1995] = CNOT 5 25
[1996] = CNOT 5 26
[1997] = Z 5
[1998] = CNOT 5 26
[1999] = CNOT 5 8
[2000] = CNOT 5 9
[2001] = CNOT 5 28
[2002] = Z 5
[2003] = CNOT 5 28
[2004] = CNOT 5 29
[2005] = Z 5
[2006] = CNOT 5 9
[2007] = CNOT 5 16
[2008] = S 5
[2009] = Z 5
[2010] = CNOT 5 29
[2011] = CNOT 5 16
[2012] = CNOT 5 19
[2013] = CNOT 5 20
[2014] = S 5
[2015] = Z 5
[2016] = CNOT 5 20
[2017] = CNOT 5 25
[2018] = Z 5
[2019] = CNOT 5 25
[2020] = CNOT 5 26
[2021] = Z 5
[2022] = CNOT 5 26
[2023] = CNOT 5 19
[2024] = CNOT 5 20
[2025] = CNOT 5 25
[2026] = S 5
[2027] = Z 5
[2028] = CNOT 5 25
[2029] = CNOT 5 26
[2030] = S 5
[2031] = Z 5
[2032] = CNOT 5 20
[2033] = CNOT 5 25
[2034] = Z 5
[2035] = CNOT 5 26
[2036] = CNOT 5 25
[2037] = CNOT 5 28
[2038] = CNOT 5 29
[2039] = S 5
[2040] = Z 5
[2041] = CNOT 5 29
[2042] = CNOT 5 28
[2043] = CNOT 6 7
[2044] = CNOT 6 25
[2045] = S 6
[2046] = Z 6
[2047] = CNOT 6 25
[2048] = CNOT 6 26
[2049] = S 6
[2050] = Z 6
[2051] = CNOT 6 26
[2052] = CNOT 6 29
[2053] = S 6
[2054] = Z 6
[2055] = CNOT 6 29
[2056] = CNOT 6 7
[2057] = CNOT 6 8
[2058] = CNOT 6 13
[2059] = Z 6
[2060] = CNOT 6 13
[2061] = CNOT 6 19
[2062] = Z 6
[2063] = CNOT 6 19
[2064] = CNOT 6 20
[2065] = S 6
[2066] = Z 6
[2067] = CNOT 6 20
[2068] = CNOT 6 21
[2069] = Z 6
[2070] = CNOT 6 21
[2071] = CNOT 6 22
[2072] = Z 6
[2073] = CNOT 6 22
[2074] = CNOT 6 23
[2075] = Z 6
[2076] = CNOT 6 23
[2077] = CNOT 6 25
[2078] = Z 6
[2079] = CNOT 6 25
[2080] = CNOT 6 26
[2081] = Z 6
[2082] = CNOT 6 26
[2083] = CNOT 6 8
[2084] = CNOT 6 9
[2085] = CNOT 6 29
[2086] = S 6
[2087] = Z 6
[2088] = CNOT 6 29
[2089] = CNOT 6 9
[2090] = CNOT 6 11
[2091] = CNOT 6 12
[2092] = S 6
[2093] = CNOT 6 12
[2094] = CNOT 6 13
[2095] = S 6
[2096] = Z 6
[2097] = CNOT 6 13
[2098] = CNOT 6 21
[2099] = S 6
[2100] = CNOT 6 21
[2101] = CNOT 6 22
[2102] = S 6
[2103] = Z 6
[2104] = CNOT 6 22
[2105] = CNOT 6 23
[2106] = S 6
[2107] = CNOT 6 23
[2108] = CNOT 6 24
[2109] = Z 6
[2110] = CNOT 6 24
[2111] = CNOT 6 11
[2112] = CNOT 6 12
[2113] = CNOT 6 13
[2114] = S 6
[2115] = Z 6
[2116] = CNOT 6 13
[2117] = CNOT 6 21
[2118] = S 6
[2119] = CNOT 6 21
[2120] = CNOT 6 22
[2121] = S 6
[2122] = Z 6
[2123] = CNOT 6 22
[2124] = CNOT 6 23
[2125] = S 6
[2126] = CNOT 6 23
[2127] = CNOT 6 24
[2128] = Z 6
[2129] = CNOT 6 24
[2130] = CNOT 6 12
[2131] = CNOT 6 13
[2132] = CNOT 6 16
[2133] = Z 6
[2134] = CNOT 6 16
[2135] = CNOT 6 21
[2136] = Z 6
[2137] = CNOT 6 21
[2138] = CNOT 6 23
[2139] = Z 6
[2140] = CNOT 6 23
[2141] = CNOT 6 24
[2142] = Z 6
[2143] = CNOT 6 24
[2144] = CNOT 6 25
[2145] = Z 6
[2146] = CNOT 6 25
[2147] = CNOT 6 26
[2148] = Z 6
[2149] = CNOT 6 26
[2150] = CNOT 6 13
[2151] = CNOT 6 16
[2152] = CNOT 6 21
[2153] = Z 6
[2154] = CNOT 6 21
[2155] = CNOT 6 22
[2156] = Z 6
[2157] = CNOT 6 22
[2158] = CNOT 6 23
[2159] = Z 6
[2160] = CNOT 6 23
[2161] = CNOT 6 29
[2162] = S 6
[2163] = Z 6
[2164] = CNOT 6 29
[2165] = CNOT 6 16
[2166] = CNOT 6 19
[2167] = CNOT 6 20
[2168] = S 6
[2169] = Z 6
[2170] = CNOT 6 20
[2171] = CNOT 6 25
[2172] = Z 6
[2173] = CNOT 6 25
[2174] = CNOT 6 26
[2175] = Z 6
[2176] = CNOT 6 26
[2177] = CNOT 6 19
[2178] = CNOT 6 20
[2179] = CNOT 6 25
[2180] = S 6
[2181] = Z 6
[2182] = CNOT 6 25
[2183] = CNOT 6 26
[2184] = S 6
[2185] = Z 6
[2186] = CNOT 6 26
[2187] = CNOT 6 20
[2188] = CNOT 6 21
[2189] = CNOT 6 22
[2190] = Z 6
[2191] = CNOT 6 22
[2192] = CNOT 6 23
[2193] = S 6
[2194] = Z 6
[2195] = CNOT 6 23
[2196] = CNOT 6 25
[2197] = Z 6
[2198] = CNOT 6 25
[2199] = CNOT 6 26
[2200] = Z 6
[2201] = CNOT 6 26
[2202] = CNOT 6 21
[2203] = CNOT 6 22
[2204] = CNOT 6 23
[2205] = Z 6
[2206] = CNOT 6 23
[2207] = CNOT 6 24
[2208] = S 6
[2209] = Z 6
[2210] = CNOT 6 24
[2211] = CNOT 6 25
[2212] = Z 6
[2213] = CNOT 6 25
[2214] = CNOT 6 26
[2215] = Z 6
[2216] = CNOT 6 26
[2217] = CNOT 6 22
[2218] = CNOT 6 23
[2219] = CNOT 6 25
[2220] = Z 6
[2221] = CNOT 6 25
[2222] = CNOT 6 26
[2223] = Z 6
[2224] = CNOT 6 23
[2225] = CNOT 6 25
[2226] = Z 6
[2227] = CNOT 6 26
[2228] = CNOT 6 25
[2229] = CNOT 7 8
[2230] = CNOT 7 16
[2231] = S 7
[2232] = Z 7
[2233] = CNOT 7 16
[2234] = CNOT 7 19
[2235] = Z 7
[2236] = CNOT 7 19
[2237] = CNOT 7 20
[2238] = S 7
[2239] = Z 7
[2240] = CNOT 7 20
[2241] = CNOT 7 25
[2242] = S 7
[2243] = CNOT 7 25
[2244] = CNOT 7 26
[2245] = S 7
[2246] = CNOT 7 26
[2247] = CNOT 7 8
[2248] = CNOT 7 9
[2249] = CNOT 7 29
[2250] = S 7
[2251] = Z 7
[2252] = CNOT 7 29
[2253] = CNOT 7 9
[2254] = CNOT 7 16
[2255] = CNOT 7 25
[2256] = S 7
[2257] = Z 7
[2258] = CNOT 7 25
[2259] = CNOT 7 26
[2260] = S 7
[2261] = Z 7
[2262] = CNOT 7 26
[2263] = CNOT 7 29
[2264] = S 7
[2265] = Z 7
[2266] = CNOT 7 29
[2267] = CNOT 7 16
[2268] = CNOT 7 19
[2269] = CNOT 7 20
[2270] = S 7
[2271] = Z 7
[2272] = CNOT 7 20
[2273] = CNOT 7 25
[2274] = Z 7
[2275] = CNOT 7 25
[2276] = CNOT 7 26
[2277] = Z 7
[2278] = CNOT 7 26
[2279] = CNOT 7 19
[2280] = CNOT 7 20
[2281] = CNOT 7 25
[2282] = S 7
[2283] = Z 7
[2284] = CNOT 7 25
[2285] = CNOT 7 26
[2286] = S 7
[2287] = Z 7
[2288] = CNOT 7 26
[2289] = CNOT 7 20
[2290] = CNOT 8 11
[2291] = CNOT 8 12
[2292] = S 8
[2293] = CNOT 8 12
[2294] = CNOT 8 13
[2295] = S 8
[2296] = Z 8
[2297] = CNOT 8 13
[2298] = CNOT 8 21
[2299] = S 8
[2300] = CNOT 8 21
[2301] = CNOT 8 22
[2302] = S 8
[2303] = Z 8
[2304] = CNOT 8 22
[2305] = CNOT 8 23
[2306] = S 8
[2307] = CNOT 8 23
[2308] = CNOT 8 24
[2309] = Z 8
[2310] = CNOT 8 24
[2311] = CNOT 8 11
[2312] = CNOT 8 12
[2313] = CNOT 8 13
[2314] = S 8
[2315] = Z 8
[2316] = CNOT 8 13
[2317] = CNOT 8 21
[2318] = S 8
[2319] = CNOT 8 21
[2320] = CNOT 8 22
[2321] = S 8
[2322] = Z 8
[2323] = CNOT 8 22
[2324] = CNOT 8 23
[2325] = S 8
[2326] = CNOT 8 23
[2327] = CNOT 8 24
[2328] = Z 8
[2329] = CNOT 8 24
[2330] = CNOT 8 12
[2331] = CNOT 8 13
[2332] = CNOT 8 16
[2333] = Z 8
[2334] = CNOT 8 16
[2335] = CNOT 8 21
[2336] = Z 8
[2337] = CNOT 8 21
[2338] = CNOT 8 23
[2339] = Z 8
[2340] = CNOT 8 23
[2341] = CNOT 8 24
[2342] = Z 8
[2343] = CNOT 8 24
[2344] = CNOT 8 25
[2345] = Z 8
[2346] = CNOT 8 25
[2347] = CNOT 8 26
[2348] = Z 8
[2349] = CNOT 8 26
[2350] = CNOT 8 13
[2351] = CNOT 8 16
[2352] = CNOT 8 19
[2353] = S 8
[2354] = Z 8
[2355] = CNOT 8 19
[2356] = CNOT 8 20
[2357] = S 8
[2358] = Z 8
[2359] = CNOT 8 20
[2360] = CNOT 8 21
[2361] = Z 8
[2362] = CNOT 8 21
[2363] = CNOT 8 22
[2364] = Z 8
[2365] = CNOT 8 22
[2366] = CNOT 8 23
[2367] = Z 8
[2368] = CNOT 8 23
[2369] = CNOT 8 25
[2370] = S 8
[2371] = Z 8
[2372] = CNOT 8 25
[2373] = CNOT 8 26
[2374] = S 8
[2375] = Z 8
[2376] = CNOT 8 26
[2377] = CNOT 8 16
[2378] = CNOT 8 19
[2379] = CNOT 8 20
[2380] = Z 8
[2381] = CNOT 8 19
[2382] = CNOT 8 25
[2383] = Z 8
[2384] = CNOT 8 25
[2385] = CNOT 8 26
[2386] = Z 8
[2387] = CNOT 8 26
[2388] = CNOT 8 20
[2389] = CNOT 8 21
[2390] = CNOT 8 22
[2391] = Z 8
[2392] = CNOT 8 22
[2393] = CNOT 8 23
[2394] = S 8
[2395] = Z 8
[2396] = CNOT 8 23
[2397] = CNOT 8 25
[2398] = Z 8
[2399] = CNOT 8 25
[2400] = CNOT 8 26
[2401] = Z 8
[2402] = CNOT 8 26
[2403] = CNOT 8 21
[2404] = CNOT 8 22
[2405] = CNOT 8 23
[2406] = Z 8
[2407] = CNOT 8 23
[2408] = CNOT 8 24
[2409] = S 8
[2410] = Z 8
[2411] = CNOT 8 24
[2412] = CNOT 8 25
[2413] = Z 8
[2414] = CNOT 8 25
[2415] = CNOT 8 26
[2416] = Z 8
[2417] = CNOT 8 26
[2418] = CNOT 8 22
[2419] = CNOT 8 23
[2420] = CNOT 8 25
[2421] = Z 8
[2422] = CNOT 8 25
[2423] = CNOT 8 26
[2424] = Z 8
[2425] = CNOT 8 23
[2426] = CNOT 8 25
[2427] = S 8
[2428] = Z 8
[2429] = CNOT 8 26
[2430] = CNOT 8 25
[2431] = CNOT 9 16
[2432] = CNOT 9 29
[2433] = S 9
[2434] = Z 9
[2435] = CNOT 9 16
[2436] = CNOT 9 28
[2437] = S 9
[2438] = Z 9
[2439] = CNOT 9 29
[2440] = CNOT 9 28
[2441] = CNOT 10 17
[2442] = CNOT 10 20
[2443] = S 10
[2444] = Z 10
[2445] = CNOT 10 20
[2446] = CNOT 10 17
[2447] = CNOT 11 12
[2448] = CNOT 11 16
[2449] = S 11
[2450] = CNOT 11 16
[2451] = CNOT 11 21
[2452] = Z 11
[2453] = CNOT 11 21
[2454] = CNOT 11 22
[2455] = S 11
[2456] = Z 11
[2457] = CNOT 11 22
[2458] = CNOT 11 23
[2459] = Z 11
[2460] = CNOT 11 23
[2461] = CNOT 11 24
[2462] = S 11
[2463] = Z 11
[2464] = CNOT 11 24
[2465] = CNOT 11 25
[2466] = S 11
[2467] = CNOT 11 25
[2468] = CNOT 11 26
[2469] = S 11
[2470] = CNOT 11 26
[2471] = CNOT 11 28
[2472] = S 11
[2473] = Z 11
[2474] = CNOT 11 28
[2475] = CNOT 11 12
[2476] = CNOT 11 13
[2477] = CNOT 11 16
[2478] = S 11
[2479] = Z 11
[2480] = CNOT 11 16
[2481] = CNOT 11 21
[2482] = S 11
[2483] = Z 11
[2484] = CNOT 11 21
[2485] = CNOT 11 23
[2486] = S 11
[2487] = Z 11
[2488] = CNOT 11 23
[2489] = CNOT 11 24
[2490] = S 11
[2491] = Z 11
[2492] = CNOT 11 24
[2493] = CNOT 11 25
[2494] = S 11
[2495] = Z 11
[2496] = CNOT 11 25
[2497] = CNOT 11 26
[2498] = S 11
[2499] = Z 11
[2500] = CNOT 11 26
[2501] = CNOT 11 13
[2502] = CNOT 11 14
[2503] = CNOT 11 28
[2504] = S 11
[2505] = Z 11
[2506] = CNOT 11 28
[2507] = CNOT 11 14
[2508] = CNOT 11 16
[2509] = CNOT 11 21
[2510] = S 11
[2511] = CNOT 11 21
[2512] = CNOT 11 22
[2513] = S 11
[2514] = Z 11
[2515] = CNOT 11 22
[2516] = CNOT 11 23
[2517] = S 11
[2518] = CNOT 11 23
[2519] = CNOT 11 24
[2520] = Z 11
[2521] = CNOT 11 24
[2522] = CNOT 11 16
[2523] = CNOT 11 21
[2524] = CNOT 11 22
[2525] = S 11
[2526] = Z 11
[2527] = CNOT 11 22
[2528] = CNOT 11 23
[2529] = Z 11
[2530] = CNOT 11 23
[2531] = CNOT 11 24
[2532] = Z 11
[2533] = CNOT 11 24
[2534] = CNOT 11 25
[2535] = S 11
[2536] = CNOT 11 25
[2537] = CNOT 11 26
[2538] = S 11
[2539] = CNOT 11 26
[2540] = CNOT 11 21
[2541] = CNOT 11 22
[2542] = CNOT 11 23
[2543] = S 11
[2544] = Z 11
[2545] = CNOT 11 23
[2546] = CNOT 11 25
[2547] = S 11
[2548] = Z 11
[2549] = CNOT 11 25
[2550] = CNOT 11 26
[2551] = S 11
[2552] = Z 11
[2553] = CNOT 11 26
[2554] = CNOT 11 28
[2555] = S 11
[2556] = Z 11
[2557] = CNOT 11 28
[2558] = CNOT 11 22
[2559] = CNOT 11 23
[2560] = CNOT 11 24
[2561] = Z 11
[2562] = CNOT 11 24
[2563] = CNOT 11 25
[2564] = S 11
[2565] = CNOT 11 25
[2566] = CNOT 11 26
[2567] = S 11
[2568] = CNOT 11 26
[2569] = CNOT 11 23
[2570] = CNOT 11 24
[2571] = CNOT 11 25
[2572] = Z 11
[2573] = CNOT 11 25
[2574] = CNOT 11 26
[2575] = Z 11
[2576] = CNOT 11 26
[2577] = CNOT 11 24
[2578] = CNOT 12 13
[2579] = CNOT 12 16
[2580] = S 12
[2581] = Z 12
[2582] = CNOT 12 16
[2583] = CNOT 12 21
[2584] = S 12
[2585] = Z 12
[2586] = CNOT 12 21
[2587] = CNOT 12 23
[2588] = S 12
[2589] = Z 12
[2590] = CNOT 12 23
[2591] = CNOT 12 24
[2592] = S 12
[2593] = Z 12
[2594] = CNOT 12 24
[2595] = CNOT 12 25
[2596] = S 12
[2597] = Z 12
[2598] = CNOT 12 25
[2599] = CNOT 12 26
[2600] = S 12
[2601] = Z 12
[2602] = CNOT 12 26
[2603] = CNOT 12 13
[2604] = CNOT 12 14
[2605] = CNOT 12 28
[2606] = S 12
[2607] = Z 12
[2608] = CNOT 12 28
[2609] = CNOT 12 14
[2610] = CNOT 12 16
[2611] = CNOT 12 21
[2612] = S 12
[2613] = CNOT 12 21
[2614] = CNOT 12 22
[2615] = S 12
[2616] = Z 12
[2617] = CNOT 12 22
[2618] = CNOT 12 23
[2619] = S 12
[2620] = CNOT 12 23
[2621] = CNOT 12 24
[2622] = Z 12
[2623] = CNOT 12 24
[2624] = CNOT 12 16
[2625] = CNOT 12 21
[2626] = CNOT 12 22
[2627] = S 12
[2628] = Z 12
[2629] = CNOT 12 22
[2630] = CNOT 12 23
[2631] = Z 12
[2632] = CNOT 12 23
[2633] = CNOT 12 24
[2634] = Z 12
[2635] = CNOT 12 24
[2636] = CNOT 12 25
[2637] = S 12
[2638] = CNOT 12 25
[2639] = CNOT 12 26
[2640] = S 12
[2641] = CNOT 12 26
[2642] = CNOT 12 21
[2643] = CNOT 12 22
[2644] = CNOT 12 23
[2645] = S 12
[2646] = Z 12
[2647] = CNOT 12 23
[2648] = CNOT 12 25
[2649] = S 12
[2650] = Z 12
[2651] = CNOT 12 25
[2652] = CNOT 12 26
[2653] = S 12
[2654] = Z 12
[2655] = CNOT 12 26
[2656] = CNOT 12 28
[2657] = S 12
[2658] = Z 12
[2659] = CNOT 12 28
[2660] = CNOT 12 22
[2661] = CNOT 12 23
[2662] = CNOT 12 24
[2663] = Z 12
[2664] = CNOT 12 24
[2665] = CNOT 12 25
[2666] = S 12
[2667] = CNOT 12 25
[2668] = CNOT 12 26
[2669] = S 12
[2670] = CNOT 12 26
[2671] = CNOT 12 23
[2672] = CNOT 12 24
[2673] = CNOT 12 25
[2674] = Z 12
[2675] = CNOT 12 25
[2676] = CNOT 12 26
[2677] = Z 12
[2678] = CNOT 12 26
[2679] = CNOT 12 24
[2680] = CNOT 13 16
[2681] = CNOT 13 21
[2682] = Z 13
[2683] = CNOT 13 21
[2684] = CNOT 13 23
[2685] = Z 13
[2686] = CNOT 13 23
[2687] = CNOT 13 24
[2688] = Z 13
[2689] = CNOT 13 24
[2690] = CNOT 13 25
[2691] = Z 13
[2692] = CNOT 13 25
[2693] = CNOT 13 26
[2694] = Z 13
[2695] = CNOT 13 26
[2696] = CNOT 13 16
[2697] = CNOT 13 21
[2698] = CNOT 13 23
[2699] = Z 13
[2700] = CNOT 13 23
[2701] = CNOT 13 24
[2702] = Z 13
[2703] = CNOT 13 24
[2704] = CNOT 13 25
[2705] = Z 13
[2706] = CNOT 13 25
[2707] = CNOT 13 26
[2708] = Z 13
[2709] = CNOT 13 26
[2710] = CNOT 13 21
[2711] = CNOT 13 23
[2712] = CNOT 13 24
[2713] = Z 13
[2714] = CNOT 13 24
[2715] = CNOT 13 25
[2716] = Z 13
[2717] = CNOT 13 25
[2718] = CNOT 13 26
[2719] = Z 13
[2720] = CNOT 13 26
[2721] = CNOT 13 23
[2722] = CNOT 13 24
[2723] = CNOT 13 25
[2724] = Z 13
[2725] = CNOT 13 25
[2726] = CNOT 13 26
[2727] = Z 13
[2728] = CNOT 13 24
[2729] = CNOT 13 25
[2730] = Z 13
[2731] = CNOT 13 26
[2732] = CNOT 13 25
[2733] = CNOT 14 21
[2734] = CNOT 14 28
[2735] = S 14
[2736] = Z 14
[2737] = CNOT 14 21
[2738] = CNOT 14 22
[2739] = Z 14
[2740] = CNOT 14 28
[2741] = CNOT 14 22
[2742] = CNOT 15 18
[2743] = CNOT 15 24
[2744] = S 15
[2745] = Z 15
[2746] = CNOT 15 24
[2747] = CNOT 15 18
[2748] = CNOT 16 19
[2749] = CNOT 16 20
[2750] = S 16
[2751] = Z 16
[2752] = CNOT 16 20
[2753] = CNOT 16 25
[2754] = S 16
[2755] = Z 16
[2756] = CNOT 16 25
[2757] = CNOT 16 26
[2758] = S 16
[2759] = Z 16
[2760] = CNOT 16 26
[2761] = CNOT 16 19
[2762] = CNOT 16 20
[2763] = CNOT 16 25
[2764] = S 16
[2765] = Z 16
[2766] = CNOT 16 25
[2767] = CNOT 16 26
[2768] = S 16
[2769] = Z 16
[2770] = CNOT 16 26
[2771] = CNOT 16 20
[2772] = CNOT 16 21
[2773] = CNOT 16 22
[2774] = Z 16
[2775] = CNOT 16 22
[2776] = CNOT 16 23
[2777] = S 16
[2778] = Z 16
[2779] = CNOT 16 23
[2780] = CNOT 16 25
[2781] = Z 16
[2782] = CNOT 16 25
[2783] = CNOT 16 26
[2784] = Z 16
[2785] = CNOT 16 26
[2786] = CNOT 16 21
[2787] = CNOT 16 22
[2788] = CNOT 16 23
[2789] = Z 16
[2790] = CNOT 16 23
[2791] = CNOT 16 24
[2792] = S 16
[2793] = Z 16
[2794] = CNOT 16 24
[2795] = CNOT 16 25
[2796] = Z 16
[2797] = CNOT 16 25
[2798] = CNOT 16 26
[2799] = Z 16
[2800] = CNOT 16 26
[2801] = CNOT 16 22
[2802] = CNOT 16 23
[2803] = CNOT 16 25
[2804] = Z 16
[2805] = CNOT 16 25
[2806] = CNOT 16 26
[2807] = Z 16
[2808] = CNOT 16 23
[2809] = CNOT 16 25
[2810] = S 16
[2811] = Z 16
[2812] = CNOT 16 26
[2813] = CNOT 16 25
[2814] = CNOT 19 20
[2815] = CNOT 19 25
[2816] = Z 19
[2817] = CNOT 19 25
[2818] = CNOT 19 26
[2819] = Z 19
[2820] = CNOT 19 26
[2821] = CNOT 19 20
[2822] = CNOT 20 25
[2823] = CNOT 20 26
[2824] = Z 20
[2825] = CNOT 20 26
[2826] = CNOT 20 25
[2827] = CNOT 21 22
[2828] = CNOT 21 23
[2829] = Z 21
[2830] = CNOT 21 23
[2831] = CNOT 21 24
[2832] = S 21
[2833] = Z 21
[2834] = CNOT 21 24
[2835] = CNOT 21 25
[2836] = Z 21
[2837] = CNOT 21 25
[2838] = CNOT 21 26
[2839] = Z 21
[2840] = CNOT 21 26
[2841] = CNOT 21 28
[2842] = S 21
[2843] = Z 21
[2844] = CNOT 21 28
[2845] = CNOT 21 22
[2846] = CNOT 21 23
[2847] = CNOT 21 25
[2848] = S 21
[2849] = Z 21
[2850] = CNOT 21 25
[2851] = CNOT 21 26
[2852] = S 21
[2853] = Z 21
[2854] = CNOT 21 23
[2855] = CNOT 21 25
[2856] = Z 21
[2857] = CNOT 21 26
[2858] = CNOT 21 25
[2859] = CNOT 22 23
[2860] = CNOT 22 24
[2861] = S 22
[2862] = Z 22
[2863] = CNOT 22 24
[2864] = CNOT 22 25
[2865] = Z 22
[2866] = CNOT 22 25
[2867] = CNOT 22 26
[2868] = Z 22
[2869] = CNOT 22 26
[2870] = CNOT 22 23
[2871] = CNOT 22 24
[2872] = CNOT 22 25
[2873] = S 22
[2874] = Z 22
[2875] = CNOT 22 25
[2876] = CNOT 22 26
[2877] = S 22
[2878] = Z 22
[2879] = CNOT 22 24
[2880] = CNOT 22 25
[2881] = Z 22
[2882] = CNOT 22 26
[2883] = CNOT 22 25
[2884] = CNOT 23 25
[2885] = CNOT 23 26
[2886] = Z 23
[2887] = CNOT 23 26
[2888] = CNOT 23 25
[2889] = CNOT 29 32
[2890] = CNOT 7 32
[2891] = CNOT 28 31
[2892] = CNOT 12 31
[2893] = CNOT 26 30
[2894] = CNOT 24 30
[2895] = CNOT 15 30
[2896] = CNOT 32 29
[2897] = CNOT 29 32
[2898] = CNOT 31 28
[2899] = CNOT 28 31
[2900] = CNOT 30 27
[2901] = CNOT 27 30
[2902] = CNOT 27 26
[2903] = CNOT 25 26
[2904] = CNOT 26 27
[2905] = CNOT 23 25
[2906] = CNOT 18 25
[2907] = CNOT 15 25
[2908] = CNOT 13 25
[2909] = CNOT 26 24
[2910] = CNOT 24 26
[2911] = CNOT 25 23
[2912] = CNOT 23 25
[2913] = CNOT 20 22
[2914] = CNOT 14 22
[2915] = CNOT 10 22
[2916] = CNOT 19 21
[2917] = CNOT 17 21
[2918] = CNOT 14 21
[2919] = CNOT 12 21
[2920] = CNOT 10 21
[2921] = CNOT 8 21
[2922] = CNOT 22 20
[2923] = CNOT 20 22
[2924] = CNOT 21 19
[2925] = CNOT 19 21
[2926] = CNOT 23 18
[2927] = CNOT 15 18
[2928] = CNOT 18 23
[2929] = CNOT 19 17
[2930] = CNOT 10 17
[2931] = CNOT 17 19
[2932] = CNOT 9 16
[2933] = CNOT 7 16
[2934] = CNOT 5 16
[2935] = CNOT 4 16
[2936] = CNOT 24 15
[2937] = CNOT 15 24
[2938] = CNOT 28 14
[2939] = CNOT 14 28
[2940] = CNOT 18 13
[2941] = CNOT 13 18
[2942] = CNOT 28 12
[2943] = CNOT 12 28
[2944] = CNOT 28 11
[2945] = CNOT 20 10
[2946] = CNOT 10 20
[2947] = CNOT 29 9
[2948] = CNOT 9 29
[2949] = CNOT 17 8
[2950] = CNOT 8 17
[2951] = CNOT 29 7
[2952] = CNOT 7 29
[2953] = CNOT 29 6
[2954] = CNOT 29 5
[2955] = CNOT 7 5
[2956] = CNOT 16 4
[2957] = CNOT 4 16
[2958] = CNOT 7 3
[2959] = CNOT 4 3
[2960] = CNOT 7 2
[2961] = CNOT 4 2
[2962] = CNOT 3 2
[2963] = CNOT 3 1
[2964] = H 16
[2965] = M 16
[2966] = H 17
[2967] = M 17
[2968] = H 18
[2969] = M 18
[2970] = H 19
[2971] = M 19
[2972] = H 20
[2973] = M 20
[2974] = H 21
[2975] = M 21
[2976] = H 22
[2977] = M 22
[2978] = H 23
[2979] = M 23
[2980] = H 24
[2981] = M 24
[2982] = H 25
[2983] = M 25
[2984] = H 26
[2985] = M 26
[2986] = H 27
[2987] = M 27
[2988] = H 28
[2989] = M 28
[2990] = H 29
[2991] = M 29
[2992] = H 30
[2993] = M 30
[2994] = H 31
[2995] = M 31
[2996] = H 32
[2997] = M 32
Gate distributions:
Input:
Operator distribution:
Total number of qubits = 15
Number of `data' qubits = 15
Number of `Toff_n' ancillas = 0
Number of Hadamard ancillas = 0
Hadamard ancilla cap = infinite
Number of {CNOT,T} partitions = 1
T count = 70
Cost estimation = 35040
	id	Count
	0	0
	1	0
	2	0
	3	20
	4	20
	5	0
	6	0
	7	0
	8	0
	9	0
	10	10
	11	0
	12	0
	13	0
	14	0
	15	0
	16	0
	17	0
	18	0
Output:
Operator distribution:
Total number of qubits = 32
Number of `data' qubits = 15
Number of `Toff_n' ancillas = 0
Number of Hadamard ancillas = 17
Hadamard ancilla cap = infinite
Number of {CNOT,T} partitions = 1
T count = 50
Cost estimation = 27956.5
	id	Count
	0	0
	1	0
	2	0
	3	37
	4	1922
	5	50
	6	0
	7	0
	8	0
	9	0
	10	0
	11	406
	12	0
	13	566
	14	0
	15	0
	16	0
	17	0
	18	17
Output T Count (SQC_Circuit) = 50
Output T Count (PhasePolynomial) = 50
Fail count = 0

Execution time: 17.269s
Number of LCL errors: 0
Number of LCL warnings: 0
