Optimize a Clifford + T circuit.
Input filename = /home/ryo-mtmt/TOpt/forme/tpar_benchmark/ham15-low.tfc
Number of unknown gates = 0
Number of unknown qubit labels = 0
Circuit filename: /home/ryo-mtmt/TOpt/forme/tpar_benchmark/ham15-low.tfc

n 17
n_x 17
n_y 0
n_z 0
m 201
[0] = CNOT 12 14
[1] = CNOT 1 11
[2] = CNOT 6 11
[3] = CNOT 7 11
[4] = CNOT 8 11
[5] = CNOT 14 12
[6] = CNOT 9 13
[7] = CNOT 12 13
[8] = CNOT 8 9
[9] = CNOT 5 9
[10] = H 9
[11] = CCZ 12 13 9
[12] = H 9
[13] = CNOT 5 9
[14] = CNOT 8 9
[15] = CNOT 1 15
[16] = CNOT 7 15
[17] = CNOT 9 15
[18] = CNOT 14 15
[19] = CNOT 4 13
[20] = H 13
[21] = CCZ 14 15 13
[22] = H 13
[23] = CNOT 14 13
[24] = CNOT 4 13
[25] = H 15
[26] = CCZ 13 14 15
[27] = H 15
[28] = CNOT 11 13
[29] = H 13
[30] = CCZ 14 15 13
[31] = H 13
[32] = CNOT 9 11
[33] = CNOT 10 11
[34] = CNOT 5 11
[35] = CNOT 11 13
[36] = CNOT 4 11
[37] = CNOT 3 11
[38] = CNOT 2 11
[39] = H 17
[40] = CCZ 12 13 17
[41] = H 17
[42] = H 16
[43] = CCZ 17 14 16
[44] = H 16
[45] = H 11
[46] = CCZ 16 15 11
[47] = H 11
[48] = H 16
[49] = CCZ 17 14 16
[50] = H 16
[51] = H 17
[52] = CCZ 12 13 17
[53] = H 17
[54] = CNOT 10 11
[55] = CNOT 7 11
[56] = CNOT 5 11
[57] = CNOT 4 11
[58] = CNOT 3 11
[59] = CNOT 2 11
[60] = CNOT 11 12
[61] = H 16
[62] = CCZ 13 14 16
[63] = H 16
[64] = H 12
[65] = CCZ 16 15 12
[66] = H 12
[67] = H 16
[68] = CCZ 13 14 16
[69] = H 16
[70] = CNOT 6 11
[71] = CNOT 11 12
[72] = CNOT 8 13
[73] = CNOT 11 14
[74] = CNOT 13 12
[75] = H 16
[76] = CCZ 13 14 16
[77] = H 16
[78] = H 12
[79] = CCZ 16 15 12
[80] = H 12
[81] = H 16
[82] = CCZ 13 14 16
[83] = H 16
[84] = CNOT 13 12
[85] = CNOT 6 12
[86] = CNOT 10 13
[87] = CNOT 5 14
[88] = CNOT 4 14
[89] = CNOT 3 14
[90] = H 16
[91] = CCZ 12 13 16
[92] = H 16
[93] = H 14
[94] = CCZ 16 15 14
[95] = H 14
[96] = H 16
[97] = CCZ 12 13 16
[98] = H 16
[99] = CNOT 11 14
[100] = CNOT 1 11
[101] = CNOT 9 11
[102] = CNOT 4 14
[103] = CNOT 3 14
[104] = CNOT 3 13
[105] = CNOT 1 13
[106] = H 13
[107] = CCZ 12 15 13
[108] = H 13
[109] = CNOT 8 13
[110] = CNOT 3 13
[111] = CNOT 14 15
[112] = CNOT 5 14
[113] = CNOT 11 15
[114] = CNOT 8 11
[115] = CNOT 7 15
[116] = H 16
[117] = CCZ 12 13 16
[118] = H 16
[119] = H 15
[120] = CCZ 16 14 15
[121] = H 15
[122] = H 16
[123] = CCZ 12 13 16
[124] = H 16
[125] = CNOT 13 15
[126] = CNOT 5 13
[127] = CNOT 1 13
[128] = CNOT 12 15
[129] = CNOT 11 15
[130] = CNOT 7 15
[131] = H 15
[132] = CCZ 12 14 15
[133] = H 15
[134] = CNOT 14 15
[135] = CNOT 12 15
[136] = CNOT 15 11
[137] = CNOT 11 14
[138] = CNOT 14 11
[139] = CNOT 7 14
[140] = CNOT 10 14
[141] = CNOT 14 10
[142] = CNOT 13 9
[143] = CNOT 9 10
[144] = CNOT 12 8
[145] = CNOT 8 9
[146] = CNOT 11 7
[147] = CNOT 7 8
[148] = CNOT 10 7
[149] = CNOT 6 10
[150] = CNOT 10 6
[151] = CNOT 9 6
[152] = CNOT 5 9
[153] = CNOT 9 5
[154] = CNOT 8 5
[155] = CNOT 4 8
[156] = CNOT 8 4
[157] = CNOT 7 4
[158] = CNOT 3 7
[159] = CNOT 7 3
[160] = CNOT 6 3
[161] = CNOT 2 6
[162] = CNOT 6 2
[163] = CNOT 5 2
[164] = CNOT 1 5
[165] = CNOT 5 1
[166] = CNOT 4 1

Algorithm used: todd

UniversalOptimize begin.
	Gate synthesis begin.

in LempelX2
		Round = 0
Round 0 | Current Columns (m): 97
		Round = 1
Round 1 | Current Columns (m): 95
		Round = 2
Round 2 | Current Columns (m): 93
		Round = 3
Round 3 | Current Columns (m): 91
		Round = 4
Round 4 | Current Columns (m): 87
		Round = 5
Round 5 | Current Columns (m): 85
		Round = 6
Round 6 | Current Columns (m): 83
		Round = 7
Round 7 | Current Columns (m): 81
		Round = 8
Round 8 | Current Columns (m): 79
		Round = 9
Round 9 | Current Columns (m): 77
nullspace time: 328723 ms, chi time: 106446 ms
Total LempelX2 time: 435193 ms
		TODD executed in 434.36 seconds.
		Total time: 434.361s
	Gate synthesis end.
	Total time: 450.464s
UniversalOptimize end.
Output circuit:
n 51
n_x 17
n_y 0
n_z 34
m 3801
[0] = H 17
[1] = H 16
[2] = H 18
[3] = H 19
[4] = H 20
[5] = H 21
[6] = H 22
[7] = H 23
[8] = H 24
[9] = H 25
[10] = H 26
[11] = H 27
[12] = H 28
[13] = H 29
[14] = H 30
[15] = H 31
[16] = H 32
[17] = H 33
[18] = H 34
[19] = H 35
[20] = H 36
[21] = H 37
[22] = H 38
[23] = H 39
[24] = H 40
[25] = H 41
[26] = H 42
[27] = H 43
[28] = H 44
[29] = H 45
[30] = H 46
[31] = H 47
[32] = H 48
[33] = H 49
[34] = H 50
[35] = H 51
[36] = CNOT 14 15
[37] = CNOT 14 22
[38] = CNOT 14 23
[39] = CNOT 14 25
[40] = CNOT 14 26
[41] = T 14
[42] = CNOT 14 26
[43] = CNOT 14 25
[44] = CNOT 14 23
[45] = CNOT 14 22
[46] = CNOT 14 15
[47] = CNOT 25 30
[48] = CNOT 25 38
[49] = CNOT 25 46
[50] = CNOT 25 47
[51] = CNOT 25 49
[52] = T 25
[53] = CNOT 25 49
[54] = CNOT 25 47
[55] = CNOT 25 46
[56] = CNOT 25 38
[57] = CNOT 25 30
[58] = CNOT 13 14
[59] = CNOT 13 15
[60] = CNOT 13 18
[61] = CNOT 13 22
[62] = CNOT 13 23
[63] = CNOT 13 25
[64] = CNOT 13 26
[65] = T 13
[66] = CNOT 13 26
[67] = CNOT 13 25
[68] = CNOT 13 23
[69] = CNOT 13 22
[70] = CNOT 13 18
[71] = CNOT 13 15
[72] = CNOT 13 14
[73] = CNOT 12 15
[74] = CNOT 12 18
[75] = CNOT 12 22
[76] = CNOT 12 23
[77] = CNOT 12 25
[78] = CNOT 12 26
[79] = T 12
[80] = CNOT 12 25
[81] = CNOT 12 23
[82] = CNOT 12 18
[83] = CNOT 25 30
[84] = CNOT 25 46
[85] = CNOT 25 48
[86] = CNOT 25 49
[87] = CNOT 25 50
[88] = T 25
[89] = CNOT 25 50
[90] = CNOT 25 49
[91] = CNOT 25 48
[92] = CNOT 25 46
[93] = CNOT 25 30
[94] = CNOT 23 25
[95] = CNOT 23 30
[96] = CNOT 23 38
[97] = CNOT 23 42
[98] = CNOT 23 47
[99] = CNOT 23 49
[100] = T 23
[101] = CNOT 23 49
[102] = CNOT 23 47
[103] = CNOT 23 42
[104] = CNOT 23 38
[105] = CNOT 23 30
[106] = CNOT 23 25
[107] = CNOT 12 13
[108] = CNOT 12 23
[109] = CNOT 12 25
[110] = T 12
[111] = CNOT 12 23
[112] = CNOT 12 15
[113] = CNOT 12 13
[114] = CNOT 20 21
[115] = CNOT 20 22
[116] = CNOT 20 25
[117] = CNOT 20 26
[118] = T 20
[119] = CNOT 20 26
[120] = CNOT 20 25
[121] = CNOT 20 22
[122] = CNOT 20 21
[123] = CNOT 15 21
[124] = CNOT 15 22
[125] = CNOT 15 25
[126] = CNOT 15 26
[127] = T 15
[128] = CNOT 12 21
[129] = T 12
[130] = CNOT 12 20
[131] = T 12
[132] = CNOT 15 20
[133] = T 15
[134] = CNOT 15 26
[135] = CNOT 15 25
[136] = CNOT 15 22
[137] = CNOT 15 21
[138] = CNOT 15 20
[139] = CNOT 12 15
[140] = T 12
[141] = CNOT 12 22
[142] = CNOT 12 21
[143] = CNOT 12 20
[144] = CNOT 22 25
[145] = CNOT 22 26
[146] = T 22
[147] = CNOT 22 26
[148] = CNOT 22 25
[149] = CNOT 21 25
[150] = CNOT 21 26
[151] = T 21
[152] = CNOT 21 22
[153] = CNOT 21 28
[154] = CNOT 21 36
[155] = CNOT 21 37
[156] = T 21
[157] = CNOT 21 37
[158] = T 12
[159] = CNOT 21 33
[160] = CNOT 21 38
[161] = CNOT 21 41
[162] = CNOT 21 44
[163] = T 21
[164] = CNOT 21 44
[165] = CNOT 21 41
[166] = CNOT 21 38
[167] = CNOT 21 36
[168] = CNOT 21 33
[169] = CNOT 21 28
[170] = CNOT 21 24
[171] = T 21
[172] = CNOT 23 25
[173] = CNOT 23 30
[174] = CNOT 23 38
[175] = CNOT 23 42
[176] = CNOT 23 46
[177] = CNOT 23 49
[178] = CNOT 23 50
[179] = T 23
[180] = CNOT 23 50
[181] = CNOT 23 49
[182] = CNOT 23 46
[183] = CNOT 23 42
[184] = CNOT 23 38
[185] = CNOT 23 30
[186] = CNOT 23 25
[187] = CNOT 12 22
[188] = CNOT 12 23
[189] = CNOT 12 24
[190] = T 12
[191] = CNOT 12 23
[192] = CNOT 21 23
[193] = T 21
[194] = CNOT 21 26
[195] = CNOT 21 25
[196] = CNOT 21 24
[197] = CNOT 21 23
[198] = CNOT 21 22
[199] = T 12
[200] = CNOT 12 25
[201] = CNOT 12 24
[202] = CNOT 12 13
[203] = CNOT 12 17
[204] = CNOT 12 18
[205] = CNOT 12 23
[206] = CNOT 12 31
[207] = T 12
[208] = CNOT 14 15
[209] = CNOT 14 17
[210] = CNOT 14 18
[211] = CNOT 14 22
[212] = CNOT 14 23
[213] = CNOT 14 25
[214] = CNOT 14 26
[215] = CNOT 14 31
[216] = T 14
[217] = CNOT 14 25
[218] = CNOT 12 25
[219] = T 12
[220] = CNOT 12 31
[221] = CNOT 12 23
[222] = CNOT 12 22
[223] = CNOT 12 18
[224] = CNOT 12 17
[225] = CNOT 12 13
[226] = T 14
[227] = CNOT 14 31
[228] = CNOT 14 26
[229] = CNOT 14 23
[230] = CNOT 14 22
[231] = CNOT 14 18
[232] = CNOT 14 17
[233] = CNOT 14 15
[234] = CNOT 16 25
[235] = CNOT 16 30
[236] = T 16
[237] = Z 16
[238] = CNOT 16 30
[239] = CNOT 16 25
[240] = CNOT 12 16
[241] = CNOT 12 21
[242] = CNOT 12 30
[243] = T 12
[244] = CNOT 12 26
[245] = T 12
[246] = CNOT 12 30
[247] = CNOT 12 25
[248] = CNOT 12 21
[249] = CNOT 12 16
[250] = CNOT 16 25
[251] = CNOT 16 26
[252] = CNOT 16 30
[253] = T 16
[254] = CNOT 16 30
[255] = CNOT 16 26
[256] = CNOT 16 25
[257] = CNOT 21 22
[258] = CNOT 21 25
[259] = CNOT 21 26
[260] = CNOT 21 27
[261] = T 21
[262] = CNOT 21 25
[263] = CNOT 25 30
[264] = CNOT 25 43
[265] = CNOT 25 45
[266] = T 25
[267] = CNOT 25 45
[268] = CNOT 25 43
[269] = CNOT 25 30
[270] = CNOT 21 23
[271] = CNOT 21 25
[272] = T 21
[273] = CNOT 21 28
[274] = T 21
[275] = CNOT 21 23
[276] = CNOT 13 14
[277] = CNOT 13 15
[278] = CNOT 13 22
[279] = CNOT 13 23
[280] = CNOT 13 25
[281] = CNOT 13 26
[282] = T 13
[283] = CNOT 13 26
[284] = CNOT 13 25
[285] = CNOT 13 23
[286] = CNOT 13 22
[287] = CNOT 13 15
[288] = CNOT 13 14
[289] = T 21
[290] = CNOT 21 27
[291] = CNOT 23 25
[292] = CNOT 23 30
[293] = CNOT 23 42
[294] = CNOT 23 46
[295] = CNOT 23 48
[296] = CNOT 23 49
[297] = CNOT 23 50
[298] = T 23
[299] = CNOT 23 50
[300] = CNOT 23 49
[301] = CNOT 23 48
[302] = CNOT 23 46
[303] = CNOT 23 42
[304] = CNOT 23 30
[305] = CNOT 23 25
[306] = CNOT 21 23
[307] = CNOT 21 33
[308] = CNOT 21 36
[309] = CNOT 21 41
[310] = CNOT 21 44
[311] = T 21
[312] = CNOT 21 44
[313] = CNOT 21 41
[314] = CNOT 21 36
[315] = CNOT 21 33
[316] = CNOT 21 28
[317] = CNOT 21 26
[318] = CNOT 21 25
[319] = CNOT 21 23
[320] = CNOT 21 22
[321] = CNOT 12 13
[322] = CNOT 12 18
[323] = CNOT 12 22
[324] = CNOT 12 23
[325] = CNOT 12 26
[326] = T 12
[327] = CNOT 12 26
[328] = CNOT 12 23
[329] = CNOT 12 22
[330] = CNOT 12 18
[331] = CNOT 12 13
[332] = CNOT 25 30
[333] = CNOT 25 38
[334] = CNOT 25 47
[335] = CNOT 25 49
[336] = T 25
[337] = CNOT 25 47
[338] = CNOT 25 38
[339] = CNOT 25 46
[340] = CNOT 25 48
[341] = T 25
[342] = CNOT 25 49
[343] = CNOT 25 48
[344] = CNOT 25 46
[345] = CNOT 25 30
[346] = CNOT 14 15
[347] = CNOT 14 18
[348] = CNOT 14 22
[349] = CNOT 14 23
[350] = CNOT 14 26
[351] = T 14
[352] = CNOT 14 26
[353] = CNOT 14 23
[354] = CNOT 14 22
[355] = CNOT 14 18
[356] = CNOT 14 15
[357] = CNOT 12 21
[358] = T 12
[359] = CNOT 12 21
[360] = CNOT 23 25
[361] = CNOT 23 30
[362] = CNOT 23 38
[363] = CNOT 23 42
[364] = CNOT 23 46
[365] = CNOT 23 47
[366] = CNOT 23 49
[367] = T 23
[368] = CNOT 23 49
[369] = CNOT 23 47
[370] = CNOT 23 46
[371] = CNOT 23 42
[372] = CNOT 23 38
[373] = CNOT 23 30
[374] = CNOT 23 25
[375] = CNOT 21 22
[376] = CNOT 21 23
[377] = CNOT 21 25
[378] = CNOT 21 26
[379] = CNOT 21 28
[380] = CNOT 21 32
[381] = CNOT 21 36
[382] = T 21
[383] = CNOT 21 25
[384] = CNOT 21 23
[385] = CNOT 25 30
[386] = CNOT 25 38
[387] = CNOT 25 46
[388] = CNOT 25 49
[389] = CNOT 25 50
[390] = T 25
[391] = CNOT 25 50
[392] = CNOT 25 49
[393] = CNOT 25 46
[394] = CNOT 25 38
[395] = CNOT 25 30
[396] = CNOT 21 25
[397] = T 21
[398] = CNOT 21 33
[399] = T 21
[400] = CNOT 21 25
[401] = CNOT 25 30
[402] = CNOT 25 45
[403] = CNOT 25 49
[404] = T 25
[405] = CNOT 25 49
[406] = CNOT 25 45
[407] = CNOT 25 30
[408] = CNOT 21 23
[409] = CNOT 21 25
[410] = T 21
[411] = CNOT 21 36
[412] = CNOT 21 33
[413] = CNOT 21 32
[414] = CNOT 21 28
[415] = CNOT 21 26
[416] = CNOT 21 25
[417] = CNOT 21 23
[418] = CNOT 21 22
[419] = CNOT 12 21
[420] = CNOT 12 30
[421] = CNOT 12 35
[422] = T 12
[423] = CNOT 12 30
[424] = CNOT 30 35
[425] = T 30
[426] = Z 30
[427] = CNOT 30 35
[428] = CNOT 12 30
[429] = CNOT 12 34
[430] = T 12
[431] = CNOT 12 35
[432] = CNOT 12 30
[433] = CNOT 12 21
[434] = CNOT 30 34
[435] = CNOT 30 35
[436] = T 30
[437] = S 30
[438] = Z 30
[439] = CNOT 30 35
[440] = CNOT 30 34
[441] = CNOT 23 25
[442] = CNOT 23 30
[443] = CNOT 23 38
[444] = CNOT 23 42
[445] = CNOT 23 49
[446] = T 23
[447] = CNOT 23 49
[448] = CNOT 23 42
[449] = CNOT 23 38
[450] = CNOT 23 30
[451] = CNOT 23 25
[452] = CNOT 21 22
[453] = CNOT 21 23
[454] = CNOT 21 25
[455] = CNOT 21 26
[456] = CNOT 21 28
[457] = CNOT 21 36
[458] = CNOT 21 37
[459] = T 21
[460] = CNOT 21 36
[461] = CNOT 21 25
[462] = CNOT 21 23
[463] = CNOT 25 30
[464] = CNOT 25 38
[465] = CNOT 25 43
[466] = CNOT 25 45
[467] = T 25
[468] = CNOT 25 45
[469] = CNOT 25 43
[470] = CNOT 25 38
[471] = CNOT 25 30
[472] = CNOT 21 25
[473] = T 21
[474] = CNOT 23 25
[475] = CNOT 23 30
[476] = CNOT 23 42
[477] = CNOT 23 46
[478] = CNOT 23 48
[479] = CNOT 23 49
[480] = T 23
[481] = CNOT 23 49
[482] = CNOT 23 48
[483] = CNOT 23 46
[484] = CNOT 23 42
[485] = CNOT 23 30
[486] = CNOT 23 25
[487] = CNOT 21 23
[488] = T 21
[489] = CNOT 21 37
[490] = CNOT 21 23
[491] = CNOT 21 33
[492] = CNOT 21 36
[493] = CNOT 21 38
[494] = CNOT 21 41
[495] = T 21
[496] = CNOT 21 41
[497] = CNOT 21 38
[498] = CNOT 21 36
[499] = CNOT 21 33
[500] = CNOT 21 28
[501] = CNOT 21 26
[502] = CNOT 21 25
[503] = CNOT 21 22
[504] = CNOT 12 21
[505] = CNOT 12 30
[506] = CNOT 12 39
[507] = T 12
[508] = CNOT 12 34
[509] = CNOT 12 25
[510] = T 12
[511] = CNOT 12 39
[512] = CNOT 12 30
[513] = CNOT 12 25
[514] = CNOT 12 21
[515] = CNOT 12 15
[516] = CNOT 30 34
[517] = CNOT 30 38
[518] = CNOT 30 39
[519] = T 30
[520] = CNOT 30 39
[521] = CNOT 30 38
[522] = CNOT 30 34
[523] = CNOT 25 30
[524] = CNOT 25 38
[525] = CNOT 25 39
[526] = T 25
[527] = CNOT 25 39
[528] = CNOT 25 38
[529] = CNOT 25 30
[530] = CNOT 21 22
[531] = CNOT 21 25
[532] = CNOT 21 26
[533] = CNOT 21 28
[534] = CNOT 21 33
[535] = CNOT 21 36
[536] = CNOT 21 40
[537] = CNOT 21 41
[538] = T 21
[539] = CNOT 21 25
[540] = CNOT 25 30
[541] = CNOT 25 38
[542] = CNOT 25 45
[543] = CNOT 25 49
[544] = T 25
[545] = CNOT 25 49
[546] = CNOT 25 45
[547] = CNOT 25 38
[548] = CNOT 25 30
[549] = CNOT 21 23
[550] = CNOT 21 25
[551] = T 21
[552] = CNOT 21 41
[553] = T 21
[554] = CNOT 21 25
[555] = CNOT 21 23
[556] = CNOT 25 30
[557] = CNOT 25 49
[558] = T 25
[559] = S 25
[560] = CNOT 25 49
[561] = CNOT 25 30
[562] = CNOT 21 25
[563] = T 21
[564] = CNOT 21 40
[565] = CNOT 30 34
[566] = CNOT 30 43
[567] = T 30
[568] = S 30
[569] = Z 30
[570] = CNOT 30 38
[571] = T 30
[572] = CNOT 30 43
[573] = CNOT 30 38
[574] = CNOT 30 34
[575] = CNOT 21 41
[576] = CNOT 21 44
[577] = T 21
[578] = CNOT 21 44
[579] = CNOT 21 23
[580] = CNOT 21 38
[581] = T 21
[582] = CNOT 21 44
[583] = T 21
[584] = CNOT 21 44
[585] = CNOT 21 41
[586] = CNOT 21 38
[587] = CNOT 21 36
[588] = CNOT 21 33
[589] = CNOT 21 28
[590] = CNOT 21 26
[591] = CNOT 21 25
[592] = CNOT 21 23
[593] = CNOT 21 22
[594] = Z 9
[595] = S 11
[596] = Z 12
[597] = S 14
[598] = Z 14
[599] = Z 17
[600] = S 18
[601] = Z 18
[602] = S 19
[603] = Z 19
[604] = S 21
[605] = S 22
[606] = S 23
[607] = S 24
[608] = Z 24
[609] = Z 26
[610] = Z 27
[611] = S 28
[612] = Z 28
[613] = S 29
[614] = Z 29
[615] = S 30
[616] = Z 30
[617] = Z 31
[618] = Z 34
[619] = Z 35
[620] = Z 36
[621] = Z 37
[622] = S 38
[623] = Z 38
[624] = Z 41
[625] = S 42
[626] = Z 42
[627] = Z 43
[628] = S 44
[629] = Z 45
[630] = S 46
[631] = Z 46
[632] = S 50
[633] = Z 50
[634] = S 51
[635] = Z 51
[636] = CNOT 9 13
[637] = S 9
[638] = CNOT 9 13
[639] = CNOT 9 18
[640] = Z 9
[641] = CNOT 9 18
[642] = CNOT 11 21
[643] = S 11
[644] = CNOT 11 21
[645] = CNOT 11 25
[646] = S 11
[647] = CNOT 11 25
[648] = CNOT 11 28
[649] = S 11
[650] = Z 11
[651] = CNOT 11 28
[652] = CNOT 12 14
[653] = S 12
[654] = CNOT 12 14
[655] = CNOT 12 15
[656] = S 12
[657] = CNOT 12 15
[658] = CNOT 12 16
[659] = S 12
[660] = CNOT 12 16
[661] = CNOT 12 18
[662] = S 12
[663] = Z 12
[664] = CNOT 12 18
[665] = CNOT 12 20
[666] = Z 12
[667] = CNOT 12 20
[668] = CNOT 12 21
[669] = S 12
[670] = CNOT 12 21
[671] = CNOT 12 22
[672] = S 12
[673] = Z 12
[674] = CNOT 12 22
[675] = CNOT 12 24
[676] = S 12
[677] = CNOT 12 24
[678] = CNOT 12 25
[679] = Z 12
[680] = CNOT 12 25
[681] = CNOT 12 26
[682] = Z 12
[683] = CNOT 12 26
[684] = CNOT 12 30
[685] = Z 12
[686] = CNOT 12 30
[687] = CNOT 12 33
[688] = S 12
[689] = Z 12
[690] = CNOT 12 33
[691] = CNOT 12 35
[692] = S 12
[693] = Z 12
[694] = CNOT 12 35
[695] = CNOT 12 41
[696] = S 12
[697] = Z 12
[698] = CNOT 12 41
[699] = CNOT 13 15
[700] = S 13
[701] = CNOT 13 15
[702] = CNOT 13 18
[703] = S 13
[704] = Z 13
[705] = CNOT 13 18
[706] = CNOT 13 20
[707] = S 13
[708] = CNOT 13 20
[709] = CNOT 13 22
[710] = S 13
[711] = CNOT 13 22
[712] = CNOT 13 23
[713] = S 13
[714] = CNOT 13 23
[715] = CNOT 13 25
[716] = S 13
[717] = CNOT 13 25
[718] = CNOT 13 26
[719] = S 13
[720] = CNOT 13 26
[721] = CNOT 13 33
[722] = S 13
[723] = Z 13
[724] = CNOT 13 33
[725] = CNOT 14 15
[726] = S 14
[727] = Z 14
[728] = CNOT 14 15
[729] = CNOT 14 17
[730] = S 14
[731] = Z 14
[732] = CNOT 14 17
[733] = CNOT 14 18
[734] = Z 14
[735] = CNOT 14 18
[736] = CNOT 14 22
[737] = S 14
[738] = Z 14
[739] = CNOT 14 22
[740] = CNOT 14 23
[741] = S 14
[742] = Z 14
[743] = CNOT 14 23
[744] = CNOT 14 26
[745] = S 14
[746] = Z 14
[747] = CNOT 14 26
[748] = CNOT 14 31
[749] = S 14
[750] = Z 14
[751] = CNOT 14 31
[752] = CNOT 14 33
[753] = S 14
[754] = Z 14
[755] = CNOT 14 33
[756] = CNOT 15 16
[757] = S 15
[758] = CNOT 15 16
[759] = CNOT 15 20
[760] = S 15
[761] = Z 15
[762] = CNOT 15 20
[763] = CNOT 15 21
[764] = S 15
[765] = CNOT 15 21
[766] = CNOT 15 22
[767] = S 15
[768] = Z 15
[769] = CNOT 15 22
[770] = CNOT 15 23
[771] = S 15
[772] = Z 15
[773] = CNOT 15 23
[774] = CNOT 15 24
[775] = S 15
[776] = CNOT 15 24
[777] = CNOT 15 26
[778] = S 15
[779] = CNOT 15 26
[780] = CNOT 15 30
[781] = Z 15
[782] = CNOT 15 30
[783] = CNOT 15 35
[784] = S 15
[785] = Z 15
[786] = CNOT 15 35
[787] = CNOT 15 41
[788] = S 15
[789] = Z 15
[790] = CNOT 15 41
[791] = CNOT 16 21
[792] = S 16
[793] = CNOT 16 21
[794] = CNOT 16 26
[795] = S 16
[796] = Z 16
[797] = CNOT 16 26
[798] = CNOT 16 27
[799] = S 16
[800] = CNOT 16 27
[801] = CNOT 17 25
[802] = S 17
[803] = Z 17
[804] = CNOT 17 25
[805] = CNOT 17 26
[806] = S 17
[807] = CNOT 17 26
[808] = CNOT 18 19
[809] = S 18
[810] = CNOT 18 19
[811] = CNOT 18 25
[812] = S 18
[813] = Z 18
[814] = CNOT 18 25
[815] = CNOT 20 21
[816] = S 20
[817] = Z 20
[818] = CNOT 20 21
[819] = CNOT 20 22
[820] = Z 20
[821] = CNOT 20 22
[822] = CNOT 20 25
[823] = Z 20
[824] = CNOT 20 25
[825] = CNOT 20 26
[826] = Z 20
[827] = CNOT 20 26
[828] = CNOT 21 22
[829] = S 21
[830] = Z 21
[831] = CNOT 21 22
[832] = CNOT 21 24
[833] = S 21
[834] = CNOT 21 24
[835] = CNOT 21 25
[836] = S 21
[837] = CNOT 21 25
[838] = CNOT 21 27
[839] = Z 21
[840] = CNOT 21 27
[841] = CNOT 21 28
[842] = S 21
[843] = CNOT 21 28
[844] = CNOT 21 30
[845] = Z 21
[846] = CNOT 21 30
[847] = CNOT 21 32
[848] = Z 21
[849] = CNOT 21 32
[850] = CNOT 21 33
[851] = Z 21
[852] = CNOT 21 33
[853] = CNOT 21 35
[854] = S 21
[855] = Z 21
[856] = CNOT 21 35
[857] = CNOT 21 36
[858] = S 21
[859] = Z 21
[860] = CNOT 21 36
[861] = CNOT 21 38
[862] = Z 21
[863] = CNOT 21 38
[864] = CNOT 21 41
[865] = Z 21
[866] = CNOT 21 41
[867] = CNOT 21 44
[868] = Z 21
[869] = CNOT 21 44
[870] = CNOT 22 23
[871] = S 22
[872] = CNOT 22 23
[873] = CNOT 22 24
[874] = Z 22
[875] = CNOT 22 24
[876] = CNOT 22 25
[877] = S 22
[878] = Z 22
[879] = CNOT 22 25
[880] = CNOT 22 27
[881] = Z 22
[882] = CNOT 22 27
[883] = CNOT 22 28
[884] = Z 22
[885] = CNOT 22 28
[886] = CNOT 22 32
[887] = Z 22
[888] = CNOT 22 32
[889] = CNOT 22 33
[890] = Z 22
[891] = CNOT 22 33
[892] = CNOT 22 36
[893] = S 22
[894] = Z 22
[895] = CNOT 22 36
[896] = CNOT 22 38
[897] = Z 22
[898] = CNOT 22 38
[899] = CNOT 22 41
[900] = S 22
[901] = Z 22
[902] = CNOT 22 41
[903] = CNOT 22 44
[904] = Z 22
[905] = CNOT 22 44
[906] = CNOT 23 25
[907] = Z 23
[908] = CNOT 23 25
[909] = CNOT 23 27
[910] = S 23
[911] = CNOT 23 27
[912] = CNOT 23 28
[913] = S 23
[914] = Z 23
[915] = CNOT 23 28
[916] = CNOT 23 30
[917] = S 23
[918] = Z 23
[919] = CNOT 23 30
[920] = CNOT 23 32
[921] = S 23
[922] = Z 23
[923] = CNOT 23 32
[924] = CNOT 23 33
[925] = Z 23
[926] = CNOT 23 33
[927] = CNOT 23 36
[928] = S 23
[929] = CNOT 23 36
[930] = CNOT 23 37
[931] = Z 23
[932] = CNOT 23 37
[933] = CNOT 23 38
[934] = S 23
[935] = CNOT 23 38
[936] = CNOT 23 41
[937] = Z 23
[938] = CNOT 23 41
[939] = CNOT 23 42
[940] = S 23
[941] = Z 23
[942] = CNOT 23 42
[943] = CNOT 23 44
[944] = S 23
[945] = CNOT 23 44
[946] = CNOT 23 46
[947] = S 23
[948] = CNOT 23 46
[949] = CNOT 23 47
[950] = S 23
[951] = Z 23
[952] = CNOT 23 47
[953] = CNOT 23 48
[954] = Z 23
[955] = CNOT 23 48
[956] = CNOT 23 49
[957] = S 23
[958] = Z 23
[959] = CNOT 23 49
[960] = CNOT 23 50
[961] = Z 23
[962] = CNOT 23 50
[963] = CNOT 24 25
[964] = S 24
[965] = Z 24
[966] = CNOT 24 25
[967] = CNOT 24 26
[968] = Z 24
[969] = CNOT 24 26
[970] = CNOT 25 26
[971] = Z 25
[972] = CNOT 25 26
[973] = CNOT 25 27
[974] = Z 25
[975] = CNOT 25 27
[976] = CNOT 25 28
[977] = S 25
[978] = CNOT 25 28
[979] = CNOT 25 30
[980] = S 25
[981] = CNOT 25 30
[982] = CNOT 25 31
[983] = S 25
[984] = Z 25
[985] = CNOT 25 31
[986] = CNOT 25 32
[987] = Z 25
[988] = CNOT 25 32
[989] = CNOT 25 33
[990] = Z 25
[991] = CNOT 25 33
[992] = CNOT 25 34
[993] = S 25
[994] = CNOT 25 34
[995] = CNOT 25 35
[996] = S 25
[997] = CNOT 25 35
[998] = CNOT 25 36
[999] = S 25
[1000] = Z 25
[1001] = CNOT 25 36
[1002] = CNOT 25 38
[1003] = S 25
[1004] = CNOT 25 38
[1005] = CNOT 25 39
[1006] = S 25
[1007] = Z 25
[1008] = CNOT 25 39
[1009] = CNOT 25 41
[1010] = S 25
[1011] = Z 25
[1012] = CNOT 25 41
[1013] = CNOT 25 42
[1014] = S 25
[1015] = Z 25
[1016] = CNOT 25 42
[1017] = CNOT 25 44
[1018] = S 25
[1019] = CNOT 25 44
[1020] = CNOT 25 45
[1021] = S 25
[1022] = Z 25
[1023] = CNOT 25 45
[1024] = CNOT 25 46
[1025] = S 25
[1026] = Z 25
[1027] = CNOT 25 46
[1028] = CNOT 25 47
[1029] = S 25
[1030] = Z 25
[1031] = CNOT 25 47
[1032] = CNOT 25 48
[1033] = S 25
[1034] = Z 25
[1035] = CNOT 25 48
[1036] = CNOT 25 49
[1037] = S 25
[1038] = Z 25
[1039] = CNOT 25 49
[1040] = CNOT 26 27
[1041] = Z 26
[1042] = CNOT 26 27
[1043] = CNOT 26 28
[1044] = Z 26
[1045] = CNOT 26 28
[1046] = CNOT 26 30
[1047] = S 26
[1048] = Z 26
[1049] = CNOT 26 30
[1050] = CNOT 26 31
[1051] = S 26
[1052] = CNOT 26 31
[1053] = CNOT 26 32
[1054] = Z 26
[1055] = CNOT 26 32
[1056] = CNOT 26 33
[1057] = Z 26
[1058] = CNOT 26 33
[1059] = CNOT 26 36
[1060] = S 26
[1061] = Z 26
[1062] = CNOT 26 36
[1063] = CNOT 26 38
[1064] = Z 26
[1065] = CNOT 26 38
[1066] = CNOT 26 41
[1067] = S 26
[1068] = Z 26
[1069] = CNOT 26 41
[1070] = CNOT 26 44
[1071] = Z 26
[1072] = CNOT 26 44
[1073] = CNOT 27 28
[1074] = S 27
[1075] = CNOT 27 28
[1076] = CNOT 27 30
[1077] = S 27
[1078] = CNOT 27 30
[1079] = CNOT 28 29
[1080] = S 28
[1081] = CNOT 28 29
[1082] = CNOT 28 32
[1083] = Z 28
[1084] = CNOT 28 32
[1085] = CNOT 28 33
[1086] = Z 28
[1087] = CNOT 28 33
[1088] = CNOT 28 36
[1089] = S 28
[1090] = Z 28
[1091] = CNOT 28 36
[1092] = CNOT 28 38
[1093] = Z 28
[1094] = CNOT 28 38
[1095] = CNOT 28 41
[1096] = S 28
[1097] = Z 28
[1098] = CNOT 28 41
[1099] = CNOT 28 44
[1100] = Z 28
[1101] = CNOT 28 44
[1102] = CNOT 30 32
[1103] = S 30
[1104] = CNOT 30 32
[1105] = CNOT 30 34
[1106] = Z 30
[1107] = CNOT 30 34
[1108] = CNOT 30 42
[1109] = S 30
[1110] = Z 30
[1111] = CNOT 30 42
[1112] = CNOT 30 43
[1113] = Z 30
[1114] = CNOT 30 43
[1115] = CNOT 30 45
[1116] = S 30
[1117] = Z 30
[1118] = CNOT 30 45
[1119] = CNOT 30 46
[1120] = S 30
[1121] = Z 30
[1122] = CNOT 30 46
[1123] = CNOT 30 47
[1124] = S 30
[1125] = Z 30
[1126] = CNOT 30 47
[1127] = CNOT 30 48
[1128] = S 30
[1129] = Z 30
[1130] = CNOT 30 48
[1131] = CNOT 30 49
[1132] = S 30
[1133] = Z 30
[1134] = CNOT 30 49
[1135] = CNOT 32 33
[1136] = S 32
[1137] = Z 32
[1138] = CNOT 32 33
[1139] = CNOT 32 35
[1140] = S 32
[1141] = CNOT 32 35
[1142] = CNOT 32 36
[1143] = Z 32
[1144] = CNOT 32 36
[1145] = CNOT 33 34
[1146] = S 33
[1147] = CNOT 33 34
[1148] = CNOT 33 36
[1149] = Z 33
[1150] = CNOT 33 36
[1151] = CNOT 33 38
[1152] = Z 33
[1153] = CNOT 33 38
[1154] = CNOT 33 41
[1155] = S 33
[1156] = Z 33
[1157] = CNOT 33 41
[1158] = CNOT 33 44
[1159] = Z 33
[1160] = CNOT 33 44
[1161] = CNOT 34 35
[1162] = Z 34
[1163] = CNOT 34 35
[1164] = CNOT 34 37
[1165] = S 34
[1166] = CNOT 34 37
[1167] = CNOT 34 38
[1168] = S 34
[1169] = CNOT 34 38
[1170] = CNOT 34 39
[1171] = S 34
[1172] = Z 34
[1173] = CNOT 34 39
[1174] = CNOT 34 43
[1175] = S 34
[1176] = Z 34
[1177] = CNOT 34 43
[1178] = CNOT 34 44
[1179] = S 34
[1180] = Z 34
[1181] = CNOT 34 44
[1182] = CNOT 35 36
[1183] = S 35
[1184] = CNOT 35 36
[1185] = CNOT 36 37
[1186] = Z 36
[1187] = CNOT 36 37
[1188] = CNOT 36 38
[1189] = Z 36
[1190] = CNOT 36 38
[1191] = CNOT 36 39
[1192] = S 36
[1193] = CNOT 36 39
[1194] = CNOT 36 41
[1195] = S 36
[1196] = Z 36
[1197] = CNOT 36 41
[1198] = CNOT 36 44
[1199] = Z 36
[1200] = CNOT 36 44
[1201] = CNOT 37 38
[1202] = S 37
[1203] = CNOT 37 38
[1204] = CNOT 38 39
[1205] = S 38
[1206] = CNOT 38 39
[1207] = CNOT 38 41
[1208] = Z 38
[1209] = CNOT 38 41
[1210] = CNOT 38 43
[1211] = S 38
[1212] = CNOT 38 43
[1213] = CNOT 38 45
[1214] = S 38
[1215] = Z 38
[1216] = CNOT 38 45
[1217] = CNOT 38 47
[1218] = S 38
[1219] = Z 38
[1220] = CNOT 38 47
[1221] = CNOT 38 49
[1222] = S 38
[1223] = CNOT 38 49
[1224] = CNOT 38 50
[1225] = S 38
[1226] = CNOT 38 50
[1227] = CNOT 39 40
[1228] = S 39
[1229] = CNOT 39 40
[1230] = CNOT 40 43
[1231] = S 40
[1232] = CNOT 40 43
[1233] = CNOT 41 42
[1234] = S 41
[1235] = CNOT 41 42
[1236] = CNOT 41 44
[1237] = Z 41
[1238] = CNOT 41 44
[1239] = CNOT 42 46
[1240] = S 42
[1241] = CNOT 42 46
[1242] = CNOT 42 47
[1243] = Z 42
[1244] = CNOT 42 47
[1245] = CNOT 42 48
[1246] = Z 42
[1247] = CNOT 42 48
[1248] = CNOT 42 49
[1249] = S 42
[1250] = Z 42
[1251] = CNOT 42 49
[1252] = CNOT 42 50
[1253] = Z 42
[1254] = CNOT 42 50
[1255] = CNOT 43 45
[1256] = S 43
[1257] = Z 43
[1258] = CNOT 43 45
[1259] = CNOT 43 46
[1260] = S 43
[1261] = CNOT 43 46
[1262] = CNOT 44 45
[1263] = S 44
[1264] = CNOT 44 45
[1265] = CNOT 45 49
[1266] = S 45
[1267] = Z 45
[1268] = CNOT 45 49
[1269] = CNOT 46 47
[1270] = S 46
[1271] = CNOT 46 47
[1272] = CNOT 46 48
[1273] = S 46
[1274] = Z 46
[1275] = CNOT 46 48
[1276] = CNOT 47 48
[1277] = S 47
[1278] = CNOT 47 48
[1279] = CNOT 47 49
[1280] = S 47
[1281] = Z 47
[1282] = CNOT 47 49
[1283] = CNOT 48 49
[1284] = S 48
[1285] = Z 48
[1286] = CNOT 48 49
[1287] = CNOT 48 50
[1288] = Z 48
[1289] = CNOT 48 50
[1290] = CNOT 50 51
[1291] = S 50
[1292] = CNOT 50 51
[1293] = CNOT 9 13
[1294] = CNOT 9 18
[1295] = S 9
[1296] = Z 9
[1297] = CNOT 9 18
[1298] = CNOT 9 13
[1299] = CNOT 11 21
[1300] = CNOT 11 28
[1301] = S 11
[1302] = Z 11
[1303] = CNOT 11 21
[1304] = CNOT 11 25
[1305] = S 11
[1306] = Z 11
[1307] = CNOT 11 28
[1308] = CNOT 11 25
[1309] = CNOT 12 13
[1310] = CNOT 12 15
[1311] = Z 12
[1312] = CNOT 12 15
[1313] = CNOT 12 17
[1314] = S 12
[1315] = Z 12
[1316] = CNOT 12 17
[1317] = CNOT 12 18
[1318] = Z 12
[1319] = CNOT 12 18
[1320] = CNOT 12 22
[1321] = Z 12
[1322] = CNOT 12 22
[1323] = CNOT 12 23
[1324] = Z 12
[1325] = CNOT 12 23
[1326] = CNOT 12 25
[1327] = S 12
[1328] = Z 12
[1329] = CNOT 12 25
[1330] = CNOT 12 26
[1331] = Z 12
[1332] = CNOT 12 26
[1333] = CNOT 12 31
[1334] = S 12
[1335] = Z 12
[1336] = CNOT 12 31
[1337] = CNOT 12 33
[1338] = S 12
[1339] = Z 12
[1340] = CNOT 12 13
[1341] = CNOT 12 14
[1342] = S 12
[1343] = Z 12
[1344] = CNOT 12 33
[1345] = CNOT 12 14
[1346] = CNOT 12 15
[1347] = CNOT 12 16
[1348] = S 12
[1349] = Z 12
[1350] = CNOT 12 16
[1351] = CNOT 12 17
[1352] = S 12
[1353] = Z 12
[1354] = CNOT 12 17
[1355] = CNOT 12 18
[1356] = Z 12
[1357] = CNOT 12 18
[1358] = CNOT 12 20
[1359] = S 12
[1360] = Z 12
[1361] = CNOT 12 20
[1362] = CNOT 12 23
[1363] = S 12
[1364] = CNOT 12 23
[1365] = CNOT 12 24
[1366] = S 12
[1367] = Z 12
[1368] = CNOT 12 24
[1369] = CNOT 12 25
[1370] = S 12
[1371] = Z 12
[1372] = CNOT 12 25
[1373] = CNOT 12 26
[1374] = S 12
[1375] = Z 12
[1376] = CNOT 12 26
[1377] = CNOT 12 30
[1378] = S 12
[1379] = CNOT 12 30
[1380] = CNOT 12 31
[1381] = S 12
[1382] = Z 12
[1383] = CNOT 12 31
[1384] = CNOT 12 34
[1385] = S 12
[1386] = Z 12
[1387] = CNOT 12 34
[1388] = CNOT 12 35
[1389] = S 12
[1390] = Z 12
[1391] = CNOT 12 35
[1392] = CNOT 12 39
[1393] = S 12
[1394] = Z 12
[1395] = CNOT 12 39
[1396] = CNOT 12 41
[1397] = S 12
[1398] = Z 12
[1399] = CNOT 12 41
[1400] = CNOT 12 15
[1401] = CNOT 12 16
[1402] = CNOT 12 21
[1403] = S 12
[1404] = Z 12
[1405] = CNOT 12 21
[1406] = CNOT 12 25
[1407] = S 12
[1408] = Z 12
[1409] = CNOT 12 25
[1410] = CNOT 12 30
[1411] = S 12
[1412] = Z 12
[1413] = CNOT 12 30
[1414] = CNOT 12 16
[1415] = CNOT 12 17
[1416] = CNOT 12 18
[1417] = S 12
[1418] = Z 12
[1419] = CNOT 12 18
[1420] = CNOT 12 22
[1421] = S 12
[1422] = Z 12
[1423] = CNOT 12 22
[1424] = CNOT 12 23
[1425] = S 12
[1426] = Z 12
[1427] = CNOT 12 23
[1428] = CNOT 12 26
[1429] = S 12
[1430] = Z 12
[1431] = CNOT 12 26
[1432] = CNOT 12 31
[1433] = S 12
[1434] = Z 12
[1435] = CNOT 12 31
[1436] = CNOT 12 17
[1437] = CNOT 12 18
[1438] = CNOT 12 22
[1439] = Z 12
[1440] = CNOT 12 22
[1441] = CNOT 12 23
[1442] = Z 12
[1443] = CNOT 12 23
[1444] = CNOT 12 25
[1445] = S 12
[1446] = Z 12
[1447] = CNOT 12 25
[1448] = CNOT 12 26
[1449] = Z 12
[1450] = CNOT 12 26
[1451] = CNOT 12 31
[1452] = S 12
[1453] = Z 12
[1454] = CNOT 12 31
[1455] = CNOT 12 18
[1456] = CNOT 12 20
[1457] = CNOT 12 21
[1458] = S 12
[1459] = Z 12
[1460] = CNOT 12 21
[1461] = CNOT 12 22
[1462] = S 12
[1463] = Z 12
[1464] = CNOT 12 22
[1465] = CNOT 12 25
[1466] = S 12
[1467] = Z 12
[1468] = CNOT 12 25
[1469] = CNOT 12 26
[1470] = S 12
[1471] = Z 12
[1472] = CNOT 12 26
[1473] = CNOT 12 20
[1474] = CNOT 12 21
[1475] = CNOT 12 22
[1476] = Z 12
[1477] = CNOT 12 22
[1478] = CNOT 12 25
[1479] = S 12
[1480] = CNOT 12 25
[1481] = CNOT 12 26
[1482] = Z 12
[1483] = CNOT 12 26
[1484] = CNOT 12 30
[1485] = S 12
[1486] = CNOT 12 30
[1487] = CNOT 12 34
[1488] = S 12
[1489] = Z 12
[1490] = CNOT 12 34
[1491] = CNOT 12 35
[1492] = S 12
[1493] = Z 12
[1494] = CNOT 12 35
[1495] = CNOT 12 39
[1496] = S 12
[1497] = Z 12
[1498] = CNOT 12 39
[1499] = CNOT 12 41
[1500] = S 12
[1501] = Z 12
[1502] = CNOT 12 41
[1503] = CNOT 12 21
[1504] = CNOT 12 22
[1505] = CNOT 12 23
[1506] = S 12
[1507] = CNOT 12 23
[1508] = CNOT 12 24
[1509] = S 12
[1510] = Z 12
[1511] = CNOT 12 24
[1512] = CNOT 12 26
[1513] = S 12
[1514] = Z 12
[1515] = CNOT 12 26
[1516] = CNOT 12 31
[1517] = S 12
[1518] = Z 12
[1519] = CNOT 12 31
[1520] = CNOT 12 22
[1521] = CNOT 12 23
[1522] = CNOT 12 25
[1523] = Z 12
[1524] = CNOT 12 25
[1525] = CNOT 12 26
[1526] = S 12
[1527] = CNOT 12 26
[1528] = CNOT 12 31
[1529] = S 12
[1530] = Z 12
[1531] = CNOT 12 31
[1532] = CNOT 12 23
[1533] = CNOT 12 24
[1534] = CNOT 12 25
[1535] = S 12
[1536] = Z 12
[1537] = CNOT 12 25
[1538] = CNOT 12 26
[1539] = S 12
[1540] = Z 12
[1541] = CNOT 12 24
[1542] = CNOT 12 25
[1543] = S 12
[1544] = Z 12
[1545] = CNOT 12 26
[1546] = CNOT 12 30
[1547] = S 12
[1548] = Z 12
[1549] = CNOT 12 30
[1550] = CNOT 12 35
[1551] = S 12
[1552] = CNOT 12 35
[1553] = CNOT 12 25
[1554] = CNOT 12 26
[1555] = CNOT 12 31
[1556] = S 12
[1557] = Z 12
[1558] = CNOT 12 31
[1559] = CNOT 12 26
[1560] = CNOT 12 30
[1561] = CNOT 12 34
[1562] = S 12
[1563] = Z 12
[1564] = CNOT 12 34
[1565] = CNOT 12 35
[1566] = S 12
[1567] = Z 12
[1568] = CNOT 12 35
[1569] = CNOT 12 39
[1570] = S 12
[1571] = Z 12
[1572] = CNOT 12 39
[1573] = CNOT 12 30
[1574] = CNOT 13 14
[1575] = CNOT 13 15
[1576] = S 13
[1577] = Z 13
[1578] = CNOT 13 15
[1579] = CNOT 13 18
[1580] = S 13
[1581] = Z 13
[1582] = CNOT 13 18
[1583] = CNOT 13 22
[1584] = S 13
[1585] = Z 13
[1586] = CNOT 13 22
[1587] = CNOT 13 23
[1588] = S 13
[1589] = Z 13
[1590] = CNOT 13 23
[1591] = CNOT 13 25
[1592] = S 13
[1593] = Z 13
[1594] = CNOT 13 25
[1595] = CNOT 13 26
[1596] = S 13
[1597] = Z 13
[1598] = CNOT 13 26
[1599] = CNOT 13 33
[1600] = S 13
[1601] = Z 13
[1602] = CNOT 13 33
[1603] = CNOT 13 14
[1604] = CNOT 13 15
[1605] = CNOT 13 17
[1606] = S 13
[1607] = Z 13
[1608] = CNOT 13 17
[1609] = CNOT 13 18
[1610] = Z 13
[1611] = CNOT 13 18
[1612] = CNOT 13 22
[1613] = S 13
[1614] = CNOT 13 22
[1615] = CNOT 13 23
[1616] = S 13
[1617] = CNOT 13 23
[1618] = CNOT 13 25
[1619] = Z 13
[1620] = CNOT 13 25
[1621] = CNOT 13 26
[1622] = S 13
[1623] = CNOT 13 26
[1624] = CNOT 13 31
[1625] = S 13
[1626] = Z 13
[1627] = CNOT 13 31
[1628] = CNOT 13 15
[1629] = CNOT 13 17
[1630] = CNOT 13 18
[1631] = S 13
[1632] = Z 13
[1633] = CNOT 13 18
[1634] = CNOT 13 22
[1635] = S 13
[1636] = Z 13
[1637] = CNOT 13 22
[1638] = CNOT 13 23
[1639] = S 13
[1640] = Z 13
[1641] = CNOT 13 23
[1642] = CNOT 13 26
[1643] = S 13
[1644] = Z 13
[1645] = CNOT 13 26
[1646] = CNOT 13 31
[1647] = S 13
[1648] = Z 13
[1649] = CNOT 13 31
[1650] = CNOT 13 17
[1651] = CNOT 13 18
[1652] = CNOT 13 22
[1653] = Z 13
[1654] = CNOT 13 22
[1655] = CNOT 13 23
[1656] = Z 13
[1657] = CNOT 13 23
[1658] = CNOT 13 25
[1659] = S 13
[1660] = Z 13
[1661] = CNOT 13 25
[1662] = CNOT 13 26
[1663] = Z 13
[1664] = CNOT 13 26
[1665] = CNOT 13 31
[1666] = S 13
[1667] = Z 13
[1668] = CNOT 13 31
[1669] = CNOT 13 18
[1670] = CNOT 13 22
[1671] = CNOT 13 23
[1672] = S 13
[1673] = CNOT 13 23
[1674] = CNOT 13 25
[1675] = Z 13
[1676] = CNOT 13 25
[1677] = CNOT 13 26
[1678] = S 13
[1679] = CNOT 13 26
[1680] = CNOT 13 31
[1681] = S 13
[1682] = Z 13
[1683] = CNOT 13 31
[1684] = CNOT 13 22
[1685] = CNOT 13 23
[1686] = CNOT 13 25
[1687] = Z 13
[1688] = CNOT 13 25
[1689] = CNOT 13 26
[1690] = S 13
[1691] = CNOT 13 26
[1692] = CNOT 13 31
[1693] = S 13
[1694] = Z 13
[1695] = CNOT 13 31
[1696] = CNOT 13 23
[1697] = CNOT 13 25
[1698] = CNOT 13 26
[1699] = Z 13
[1700] = CNOT 13 25
[1701] = CNOT 13 31
[1702] = S 13
[1703] = Z 13
[1704] = CNOT 13 31
[1705] = CNOT 13 26
[1706] = CNOT 14 15
[1707] = CNOT 14 17
[1708] = S 14
[1709] = Z 14
[1710] = CNOT 14 17
[1711] = CNOT 14 18
[1712] = Z 14
[1713] = CNOT 14 18
[1714] = CNOT 14 22
[1715] = S 14
[1716] = CNOT 14 22
[1717] = CNOT 14 23
[1718] = S 14
[1719] = CNOT 14 23
[1720] = CNOT 14 25
[1721] = Z 14
[1722] = CNOT 14 25
[1723] = CNOT 14 26
[1724] = S 14
[1725] = CNOT 14 26
[1726] = CNOT 14 31
[1727] = S 14
[1728] = Z 14
[1729] = CNOT 14 31
[1730] = CNOT 14 15
[1731] = CNOT 14 17
[1732] = CNOT 14 18
[1733] = S 14
[1734] = Z 14
[1735] = CNOT 14 18
[1736] = CNOT 14 22
[1737] = S 14
[1738] = Z 14
[1739] = CNOT 14 22
[1740] = CNOT 14 23
[1741] = S 14
[1742] = Z 14
[1743] = CNOT 14 23
[1744] = CNOT 14 26
[1745] = S 14
[1746] = Z 14
[1747] = CNOT 14 26
[1748] = CNOT 14 31
[1749] = S 14
[1750] = Z 14
[1751] = CNOT 14 31
[1752] = CNOT 14 17
[1753] = CNOT 14 18
[1754] = CNOT 14 22
[1755] = Z 14
[1756] = CNOT 14 22
[1757] = CNOT 14 23
[1758] = Z 14
[1759] = CNOT 14 23
[1760] = CNOT 14 25
[1761] = S 14
[1762] = Z 14
[1763] = CNOT 14 25
[1764] = CNOT 14 26
[1765] = Z 14
[1766] = CNOT 14 26
[1767] = CNOT 14 31
[1768] = S 14
[1769] = Z 14
[1770] = CNOT 14 31
[1771] = CNOT 14 18
[1772] = CNOT 14 22
[1773] = CNOT 14 23
[1774] = S 14
[1775] = CNOT 14 23
[1776] = CNOT 14 25
[1777] = Z 14
[1778] = CNOT 14 25
[1779] = CNOT 14 26
[1780] = S 14
[1781] = CNOT 14 26
[1782] = CNOT 14 31
[1783] = S 14
[1784] = Z 14
[1785] = CNOT 14 31
[1786] = CNOT 14 22
[1787] = CNOT 14 23
[1788] = CNOT 14 25
[1789] = Z 14
[1790] = CNOT 14 25
[1791] = CNOT 14 26
[1792] = S 14
[1793] = CNOT 14 26
[1794] = CNOT 14 31
[1795] = S 14
[1796] = Z 14
[1797] = CNOT 14 31
[1798] = CNOT 14 23
[1799] = CNOT 14 25
[1800] = CNOT 14 26
[1801] = Z 14
[1802] = CNOT 14 25
[1803] = CNOT 14 31
[1804] = S 14
[1805] = Z 14
[1806] = CNOT 14 31
[1807] = CNOT 14 26
[1808] = CNOT 15 16
[1809] = CNOT 15 21
[1810] = S 15
[1811] = Z 15
[1812] = CNOT 15 21
[1813] = CNOT 15 25
[1814] = S 15
[1815] = Z 15
[1816] = CNOT 15 25
[1817] = CNOT 15 30
[1818] = S 15
[1819] = Z 15
[1820] = CNOT 15 30
[1821] = CNOT 15 16
[1822] = CNOT 15 17
[1823] = CNOT 15 18
[1824] = Z 15
[1825] = CNOT 15 18
[1826] = CNOT 15 22
[1827] = Z 15
[1828] = CNOT 15 22
[1829] = CNOT 15 23
[1830] = Z 15
[1831] = CNOT 15 23
[1832] = CNOT 15 25
[1833] = S 15
[1834] = Z 15
[1835] = CNOT 15 25
[1836] = CNOT 15 26
[1837] = Z 15
[1838] = CNOT 15 26
[1839] = CNOT 15 31
[1840] = Z 15
[1841] = CNOT 15 31
[1842] = CNOT 15 17
[1843] = CNOT 15 18
[1844] = CNOT 15 25
[1845] = Z 15
[1846] = CNOT 15 25
[1847] = CNOT 15 31
[1848] = Z 15
[1849] = CNOT 15 31
[1850] = CNOT 15 18
[1851] = CNOT 15 20
[1852] = CNOT 15 21
[1853] = S 15
[1854] = Z 15
[1855] = CNOT 15 21
[1856] = CNOT 15 22
[1857] = S 15
[1858] = Z 15
[1859] = CNOT 15 22
[1860] = CNOT 15 25
[1861] = S 15
[1862] = Z 15
[1863] = CNOT 15 25
[1864] = CNOT 15 26
[1865] = S 15
[1866] = Z 15
[1867] = CNOT 15 26
[1868] = CNOT 15 20
[1869] = CNOT 15 21
[1870] = CNOT 15 22
[1871] = Z 15
[1872] = CNOT 15 22
[1873] = CNOT 15 25
[1874] = S 15
[1875] = CNOT 15 25
[1876] = CNOT 15 26
[1877] = Z 15
[1878] = CNOT 15 26
[1879] = CNOT 15 30
[1880] = S 15
[1881] = CNOT 15 30
[1882] = CNOT 15 34
[1883] = S 15
[1884] = Z 15
[1885] = CNOT 15 34
[1886] = CNOT 15 35
[1887] = S 15
[1888] = Z 15
[1889] = CNOT 15 35
[1890] = CNOT 15 39
[1891] = S 15
[1892] = Z 15
[1893] = CNOT 15 39
[1894] = CNOT 15 41
[1895] = S 15
[1896] = Z 15
[1897] = CNOT 15 41
[1898] = CNOT 15 21
[1899] = CNOT 15 22
[1900] = CNOT 15 23
[1901] = Z 15
[1902] = CNOT 15 23
[1903] = CNOT 15 24
[1904] = S 15
[1905] = Z 15
[1906] = CNOT 15 24
[1907] = CNOT 15 25
[1908] = Z 15
[1909] = CNOT 15 25
[1910] = CNOT 15 31
[1911] = Z 15
[1912] = CNOT 15 31
[1913] = CNOT 15 22
[1914] = CNOT 15 23
[1915] = CNOT 15 26
[1916] = Z 15
[1917] = CNOT 15 26
[1918] = CNOT 15 31
[1919] = Z 15
[1920] = CNOT 15 31
[1921] = CNOT 15 23
[1922] = CNOT 15 24
[1923] = CNOT 15 25
[1924] = S 15
[1925] = Z 15
[1926] = CNOT 15 25
[1927] = CNOT 15 26
[1928] = S 15
[1929] = Z 15
[1930] = CNOT 15 24
[1931] = CNOT 15 25
[1932] = S 15
[1933] = CNOT 15 26
[1934] = CNOT 15 30
[1935] = S 15
[1936] = Z 15
[1937] = CNOT 15 30
[1938] = CNOT 15 31
[1939] = S 15
[1940] = Z 15
[1941] = CNOT 15 31
[1942] = CNOT 15 35
[1943] = S 15
[1944] = CNOT 15 35
[1945] = CNOT 15 25
[1946] = CNOT 15 26
[1947] = CNOT 15 31
[1948] = Z 15
[1949] = CNOT 15 31
[1950] = CNOT 15 26
[1951] = CNOT 15 30
[1952] = CNOT 15 34
[1953] = S 15
[1954] = Z 15
[1955] = CNOT 15 34
[1956] = CNOT 15 35
[1957] = S 15
[1958] = Z 15
[1959] = CNOT 15 35
[1960] = CNOT 15 39
[1961] = S 15
[1962] = Z 15
[1963] = CNOT 15 39
[1964] = CNOT 15 30
[1965] = CNOT 16 21
[1966] = CNOT 16 25
[1967] = S 16
[1968] = Z 16
[1969] = CNOT 16 25
[1970] = CNOT 16 30
[1971] = S 16
[1972] = Z 16
[1973] = CNOT 16 30
[1974] = CNOT 16 21
[1975] = CNOT 16 25
[1976] = CNOT 16 26
[1977] = S 16
[1978] = Z 16
[1979] = CNOT 16 25
[1980] = CNOT 16 30
[1981] = S 16
[1982] = Z 16
[1983] = CNOT 16 30
[1984] = CNOT 16 26
[1985] = CNOT 17 18
[1986] = CNOT 17 22
[1987] = Z 17
[1988] = CNOT 17 22
[1989] = CNOT 17 23
[1990] = Z 17
[1991] = CNOT 17 23
[1992] = CNOT 17 25
[1993] = S 17
[1994] = Z 17
[1995] = CNOT 17 25
[1996] = CNOT 17 26
[1997] = Z 17
[1998] = CNOT 17 26
[1999] = CNOT 17 31
[2000] = Z 17
[2001] = CNOT 17 31
[2002] = CNOT 17 18
[2003] = CNOT 17 22
[2004] = CNOT 17 23
[2005] = Z 17
[2006] = CNOT 17 23
[2007] = CNOT 17 25
[2008] = S 17
[2009] = Z 17
[2010] = CNOT 17 25
[2011] = CNOT 17 26
[2012] = Z 17
[2013] = CNOT 17 26
[2014] = CNOT 17 31
[2015] = Z 17
[2016] = CNOT 17 31
[2017] = CNOT 17 22
[2018] = CNOT 17 23
[2019] = CNOT 17 25
[2020] = S 17
[2021] = Z 17
[2022] = CNOT 17 25
[2023] = CNOT 17 26
[2024] = Z 17
[2025] = CNOT 17 26
[2026] = CNOT 17 31
[2027] = Z 17
[2028] = CNOT 17 31
[2029] = CNOT 17 23
[2030] = CNOT 17 25
[2031] = CNOT 17 26
[2032] = S 17
[2033] = Z 17
[2034] = CNOT 17 26
[2035] = CNOT 17 31
[2036] = S 17
[2037] = Z 17
[2038] = CNOT 17 25
[2039] = CNOT 17 26
[2040] = Z 17
[2041] = CNOT 17 26
[2042] = CNOT 18 22
[2043] = CNOT 18 25
[2044] = Z 18
[2045] = CNOT 18 25
[2046] = CNOT 18 31
[2047] = Z 18
[2048] = CNOT 18 31
[2049] = CNOT 18 22
[2050] = CNOT 18 23
[2051] = CNOT 18 25
[2052] = Z 18
[2053] = CNOT 18 25
[2054] = CNOT 18 31
[2055] = Z 18
[2056] = CNOT 18 31
[2057] = CNOT 18 23
[2058] = CNOT 18 25
[2059] = CNOT 18 26
[2060] = Z 18
[2061] = CNOT 18 26
[2062] = CNOT 18 31
[2063] = S 18
[2064] = Z 18
[2065] = CNOT 18 25
[2066] = CNOT 18 26
[2067] = Z 18
[2068] = CNOT 18 31
[2069] = CNOT 18 26
[2070] = CNOT 20 21
[2071] = CNOT 20 22
[2072] = Z 20
[2073] = CNOT 20 22
[2074] = CNOT 20 25
[2075] = Z 20
[2076] = CNOT 20 25
[2077] = CNOT 20 26
[2078] = Z 20
[2079] = CNOT 20 26
[2080] = CNOT 20 21
[2081] = CNOT 20 22
[2082] = CNOT 20 25
[2083] = Z 20
[2084] = CNOT 20 25
[2085] = CNOT 20 26
[2086] = Z 20
[2087] = CNOT 20 22
[2088] = CNOT 20 25
[2089] = Z 20
[2090] = CNOT 20 26
[2091] = CNOT 20 25
[2092] = CNOT 21 22
[2093] = CNOT 21 23
[2094] = Z 21
[2095] = CNOT 21 23
[2096] = CNOT 21 24
[2097] = S 21
[2098] = Z 21
[2099] = CNOT 21 24
[2100] = CNOT 21 25
[2101] = S 21
[2102] = CNOT 21 25
[2103] = CNOT 21 26
[2104] = S 21
[2105] = CNOT 21 26
[2106] = CNOT 21 27
[2107] = Z 21
[2108] = CNOT 21 27
[2109] = CNOT 21 28
[2110] = Z 21
[2111] = CNOT 21 28
[2112] = CNOT 21 32
[2113] = Z 21
[2114] = CNOT 21 32
[2115] = CNOT 21 33
[2116] = Z 21
[2117] = CNOT 21 33
[2118] = CNOT 21 37
[2119] = Z 21
[2120] = CNOT 21 37
[2121] = CNOT 21 38
[2122] = Z 21
[2123] = CNOT 21 38
[2124] = CNOT 21 40
[2125] = Z 21
[2126] = CNOT 21 40
[2127] = CNOT 21 44
[2128] = Z 21
[2129] = CNOT 21 44
[2130] = CNOT 21 22
[2131] = CNOT 21 23
[2132] = CNOT 21 25
[2133] = Z 21
[2134] = CNOT 21 25
[2135] = CNOT 21 26
[2136] = Z 21
[2137] = CNOT 21 26
[2138] = CNOT 21 27
[2139] = S 21
[2140] = Z 21
[2141] = CNOT 21 27
[2142] = CNOT 21 28
[2143] = S 21
[2144] = Z 21
[2145] = CNOT 21 28
[2146] = CNOT 21 32
[2147] = S 21
[2148] = Z 21
[2149] = CNOT 21 32
[2150] = CNOT 21 33
[2151] = S 21
[2152] = CNOT 21 33
[2153] = CNOT 21 37
[2154] = S 21
[2155] = Z 21
[2156] = CNOT 21 37
[2157] = CNOT 21 38
[2158] = S 21
[2159] = Z 21
[2160] = CNOT 21 38
[2161] = CNOT 21 40
[2162] = S 21
[2163] = Z 21
[2164] = CNOT 21 40
[2165] = CNOT 21 41
[2166] = Z 21
[2167] = CNOT 21 41
[2168] = CNOT 21 44
[2169] = S 21
[2170] = Z 21
[2171] = CNOT 21 44
[2172] = CNOT 21 23
[2173] = CNOT 21 24
[2174] = CNOT 21 25
[2175] = S 21
[2176] = Z 21
[2177] = CNOT 21 25
[2178] = CNOT 21 26
[2179] = S 21
[2180] = Z 21
[2181] = CNOT 21 26
[2182] = CNOT 21 24
[2183] = CNOT 21 25
[2184] = CNOT 21 27
[2185] = Z 21
[2186] = CNOT 21 27
[2187] = CNOT 21 28
[2188] = S 21
[2189] = CNOT 21 28
[2190] = CNOT 21 30
[2191] = S 21
[2192] = Z 21
[2193] = CNOT 21 30
[2194] = CNOT 21 32
[2195] = Z 21
[2196] = CNOT 21 32
[2197] = CNOT 21 33
[2198] = Z 21
[2199] = CNOT 21 33
[2200] = CNOT 21 35
[2201] = S 21
[2202] = CNOT 21 35
[2203] = CNOT 21 37
[2204] = Z 21
[2205] = CNOT 21 37
[2206] = CNOT 21 38
[2207] = Z 21
[2208] = CNOT 21 38
[2209] = CNOT 21 40
[2210] = Z 21
[2211] = CNOT 21 40
[2212] = CNOT 21 44
[2213] = Z 21
[2214] = CNOT 21 44
[2215] = CNOT 21 25
[2216] = CNOT 21 26
[2217] = CNOT 21 27
[2218] = Z 21
[2219] = CNOT 21 27
[2220] = CNOT 21 28
[2221] = Z 21
[2222] = CNOT 21 28
[2223] = CNOT 21 32
[2224] = Z 21
[2225] = CNOT 21 32
[2226] = CNOT 21 33
[2227] = Z 21
[2228] = CNOT 21 33
[2229] = CNOT 21 37
[2230] = Z 21
[2231] = CNOT 21 37
[2232] = CNOT 21 38
[2233] = Z 21
[2234] = CNOT 21 38
[2235] = CNOT 21 40
[2236] = Z 21
[2237] = CNOT 21 40
[2238] = CNOT 21 44
[2239] = Z 21
[2240] = CNOT 21 44
[2241] = CNOT 21 26
[2242] = CNOT 21 27
[2243] = CNOT 21 28
[2244] = S 21
[2245] = Z 21
[2246] = CNOT 21 27
[2247] = CNOT 21 32
[2248] = Z 21
[2249] = CNOT 21 32
[2250] = CNOT 21 33
[2251] = Z 21
[2252] = CNOT 21 33
[2253] = CNOT 21 37
[2254] = Z 21
[2255] = CNOT 21 37
[2256] = CNOT 21 38
[2257] = Z 21
[2258] = CNOT 21 38
[2259] = CNOT 21 40
[2260] = Z 21
[2261] = CNOT 21 40
[2262] = CNOT 21 44
[2263] = Z 21
[2264] = CNOT 21 44
[2265] = CNOT 21 28
[2266] = CNOT 21 30
[2267] = CNOT 21 34
[2268] = S 21
[2269] = Z 21
[2270] = CNOT 21 34
[2271] = CNOT 21 35
[2272] = S 21
[2273] = Z 21
[2274] = CNOT 21 35
[2275] = CNOT 21 39
[2276] = S 21
[2277] = Z 21
[2278] = CNOT 21 39
[2279] = CNOT 21 30
[2280] = CNOT 21 32
[2281] = CNOT 21 33
[2282] = S 21
[2283] = Z 21
[2284] = CNOT 21 33
[2285] = CNOT 21 36
[2286] = Z 21
[2287] = CNOT 21 32
[2288] = CNOT 21 33
[2289] = Z 21
[2290] = CNOT 21 36
[2291] = CNOT 21 38
[2292] = Z 21
[2293] = CNOT 21 38
[2294] = CNOT 21 40
[2295] = Z 21
[2296] = CNOT 21 40
[2297] = CNOT 21 44
[2298] = Z 21
[2299] = CNOT 21 44
[2300] = CNOT 21 33
[2301] = CNOT 21 36
[2302] = CNOT 21 37
[2303] = S 21
[2304] = Z 21
[2305] = CNOT 21 37
[2306] = CNOT 21 38
[2307] = Z 21
[2308] = CNOT 21 38
[2309] = CNOT 21 40
[2310] = Z 21
[2311] = CNOT 21 40
[2312] = CNOT 21 44
[2313] = Z 21
[2314] = CNOT 21 44
[2315] = CNOT 21 36
[2316] = CNOT 21 38
[2317] = CNOT 21 41
[2318] = Z 21
[2319] = CNOT 21 41
[2320] = CNOT 21 44
[2321] = S 21
[2322] = Z 21
[2323] = CNOT 21 44
[2324] = CNOT 21 38
[2325] = CNOT 21 40
[2326] = CNOT 21 41
[2327] = S 21
[2328] = Z 21
[2329] = CNOT 21 40
[2330] = CNOT 21 44
[2331] = Z 21
[2332] = CNOT 21 44
[2333] = CNOT 21 41
[2334] = CNOT 22 23
[2335] = CNOT 22 24
[2336] = S 22
[2337] = Z 22
[2338] = CNOT 22 24
[2339] = CNOT 22 25
[2340] = Z 22
[2341] = CNOT 22 25
[2342] = CNOT 22 27
[2343] = S 22
[2344] = Z 22
[2345] = CNOT 22 27
[2346] = CNOT 22 28
[2347] = S 22
[2348] = Z 22
[2349] = CNOT 22 28
[2350] = CNOT 22 31
[2351] = Z 22
[2352] = CNOT 22 31
[2353] = CNOT 22 32
[2354] = S 22
[2355] = Z 22
[2356] = CNOT 22 32
[2357] = CNOT 22 33
[2358] = S 22
[2359] = CNOT 22 33
[2360] = CNOT 22 37
[2361] = S 22
[2362] = Z 22
[2363] = CNOT 22 37
[2364] = CNOT 22 38
[2365] = S 22
[2366] = Z 22
[2367] = CNOT 22 38
[2368] = CNOT 22 40
[2369] = S 22
[2370] = Z 22
[2371] = CNOT 22 40
[2372] = CNOT 22 41
[2373] = Z 22
[2374] = CNOT 22 41
[2375] = CNOT 22 44
[2376] = S 22
[2377] = Z 22
[2378] = CNOT 22 44
[2379] = CNOT 22 23
[2380] = CNOT 22 24
[2381] = CNOT 22 25
[2382] = Z 22
[2383] = CNOT 22 25
[2384] = CNOT 22 26
[2385] = Z 22
[2386] = CNOT 22 26
[2387] = CNOT 22 24
[2388] = CNOT 22 25
[2389] = CNOT 22 27
[2390] = Z 22
[2391] = CNOT 22 27
[2392] = CNOT 22 28
[2393] = Z 22
[2394] = CNOT 22 28
[2395] = CNOT 22 31
[2396] = S 22
[2397] = Z 22
[2398] = CNOT 22 31
[2399] = CNOT 22 32
[2400] = Z 22
[2401] = CNOT 22 32
[2402] = CNOT 22 33
[2403] = Z 22
[2404] = CNOT 22 33
[2405] = CNOT 22 37
[2406] = Z 22
[2407] = CNOT 22 37
[2408] = CNOT 22 38
[2409] = Z 22
[2410] = CNOT 22 38
[2411] = CNOT 22 40
[2412] = Z 22
[2413] = CNOT 22 40
[2414] = CNOT 22 44
[2415] = Z 22
[2416] = CNOT 22 44
[2417] = CNOT 22 25
[2418] = CNOT 22 26
[2419] = CNOT 22 27
[2420] = Z 22
[2421] = CNOT 22 27
[2422] = CNOT 22 28
[2423] = Z 22
[2424] = CNOT 22 28
[2425] = CNOT 22 31
[2426] = Z 22
[2427] = CNOT 22 31
[2428] = CNOT 22 32
[2429] = Z 22
[2430] = CNOT 22 32
[2431] = CNOT 22 33
[2432] = Z 22
[2433] = CNOT 22 33
[2434] = CNOT 22 37
[2435] = Z 22
[2436] = CNOT 22 37
[2437] = CNOT 22 38
[2438] = Z 22
[2439] = CNOT 22 38
[2440] = CNOT 22 40
[2441] = Z 22
[2442] = CNOT 22 40
[2443] = CNOT 22 44
[2444] = Z 22
[2445] = CNOT 22 44
[2446] = CNOT 22 26
[2447] = CNOT 22 27
[2448] = CNOT 22 28
[2449] = S 22
[2450] = Z 22
[2451] = CNOT 22 27
[2452] = CNOT 22 32
[2453] = Z 22
[2454] = CNOT 22 32
[2455] = CNOT 22 33
[2456] = Z 22
[2457] = CNOT 22 33
[2458] = CNOT 22 37
[2459] = Z 22
[2460] = CNOT 22 37
[2461] = CNOT 22 38
[2462] = Z 22
[2463] = CNOT 22 38
[2464] = CNOT 22 40
[2465] = Z 22
[2466] = CNOT 22 40
[2467] = CNOT 22 44
[2468] = Z 22
[2469] = CNOT 22 44
[2470] = CNOT 22 28
[2471] = CNOT 22 32
[2472] = CNOT 22 33
[2473] = S 22
[2474] = Z 22
[2475] = CNOT 22 33
[2476] = CNOT 22 36
[2477] = Z 22
[2478] = CNOT 22 32
[2479] = CNOT 22 33
[2480] = Z 22
[2481] = CNOT 22 36
[2482] = CNOT 22 38
[2483] = Z 22
[2484] = CNOT 22 38
[2485] = CNOT 22 40
[2486] = Z 22
[2487] = CNOT 22 40
[2488] = CNOT 22 44
[2489] = Z 22
[2490] = CNOT 22 44
[2491] = CNOT 22 33
[2492] = CNOT 22 36
[2493] = CNOT 22 37
[2494] = S 22
[2495] = Z 22
[2496] = CNOT 22 37
[2497] = CNOT 22 38
[2498] = Z 22
[2499] = CNOT 22 38
[2500] = CNOT 22 40
[2501] = Z 22
[2502] = CNOT 22 40
[2503] = CNOT 22 44
[2504] = Z 22
[2505] = CNOT 22 44
[2506] = CNOT 22 36
[2507] = CNOT 22 38
[2508] = CNOT 22 41
[2509] = Z 22
[2510] = CNOT 22 41
[2511] = CNOT 22 44
[2512] = S 22
[2513] = Z 22
[2514] = CNOT 22 44
[2515] = CNOT 22 38
[2516] = CNOT 22 40
[2517] = CNOT 22 41
[2518] = S 22
[2519] = Z 22
[2520] = CNOT 22 40
[2521] = CNOT 22 44
[2522] = Z 22
[2523] = CNOT 22 44
[2524] = CNOT 22 41
[2525] = CNOT 23 24
[2526] = CNOT 23 25
[2527] = S 23
[2528] = Z 23
[2529] = CNOT 23 25
[2530] = CNOT 23 26
[2531] = S 23
[2532] = Z 23
[2533] = CNOT 23 24
[2534] = CNOT 23 25
[2535] = Z 23
[2536] = CNOT 23 26
[2537] = CNOT 23 27
[2538] = S 23
[2539] = Z 23
[2540] = CNOT 23 27
[2541] = CNOT 23 28
[2542] = S 23
[2543] = Z 23
[2544] = CNOT 23 28
[2545] = CNOT 23 30
[2546] = S 23
[2547] = CNOT 23 30
[2548] = CNOT 23 31
[2549] = S 23
[2550] = Z 23
[2551] = CNOT 23 31
[2552] = CNOT 23 32
[2553] = S 23
[2554] = Z 23
[2555] = CNOT 23 32
[2556] = CNOT 23 33
[2557] = S 23
[2558] = CNOT 23 33
[2559] = CNOT 23 37
[2560] = S 23
[2561] = Z 23
[2562] = CNOT 23 37
[2563] = CNOT 23 38
[2564] = S 23
[2565] = CNOT 23 38
[2566] = CNOT 23 40
[2567] = S 23
[2568] = Z 23
[2569] = CNOT 23 40
[2570] = CNOT 23 41
[2571] = Z 23
[2572] = CNOT 23 41
[2573] = CNOT 23 42
[2574] = S 23
[2575] = CNOT 23 42
[2576] = CNOT 23 44
[2577] = S 23
[2578] = Z 23
[2579] = CNOT 23 44
[2580] = CNOT 23 46
[2581] = Z 23
[2582] = CNOT 23 46
[2583] = CNOT 23 47
[2584] = S 23
[2585] = Z 23
[2586] = CNOT 23 47
[2587] = CNOT 23 48
[2588] = S 23
[2589] = Z 23
[2590] = CNOT 23 48
[2591] = CNOT 23 49
[2592] = S 23
[2593] = CNOT 23 49
[2594] = CNOT 23 50
[2595] = S 23
[2596] = Z 23
[2597] = CNOT 23 50
[2598] = CNOT 23 25
[2599] = CNOT 23 26
[2600] = CNOT 23 27
[2601] = S 23
[2602] = Z 23
[2603] = CNOT 23 27
[2604] = CNOT 23 28
[2605] = S 23
[2606] = Z 23
[2607] = CNOT 23 28
[2608] = CNOT 23 31
[2609] = Z 23
[2610] = CNOT 23 31
[2611] = CNOT 23 32
[2612] = S 23
[2613] = Z 23
[2614] = CNOT 23 32
[2615] = CNOT 23 33
[2616] = S 23
[2617] = CNOT 23 33
[2618] = CNOT 23 37
[2619] = S 23
[2620] = Z 23
[2621] = CNOT 23 37
[2622] = CNOT 23 38
[2623] = S 23
[2624] = Z 23
[2625] = CNOT 23 38
[2626] = CNOT 23 40
[2627] = S 23
[2628] = Z 23
[2629] = CNOT 23 40
[2630] = CNOT 23 41
[2631] = Z 23
[2632] = CNOT 23 41
[2633] = CNOT 23 44
[2634] = S 23
[2635] = Z 23
[2636] = CNOT 23 44
[2637] = CNOT 23 26
[2638] = CNOT 23 28
[2639] = CNOT 23 32
[2640] = S 23
[2641] = Z 23
[2642] = CNOT 23 32
[2643] = CNOT 23 33
[2644] = S 23
[2645] = CNOT 23 33
[2646] = CNOT 23 37
[2647] = S 23
[2648] = Z 23
[2649] = CNOT 23 37
[2650] = CNOT 23 38
[2651] = S 23
[2652] = Z 23
[2653] = CNOT 23 38
[2654] = CNOT 23 40
[2655] = S 23
[2656] = Z 23
[2657] = CNOT 23 40
[2658] = CNOT 23 41
[2659] = Z 23
[2660] = CNOT 23 41
[2661] = CNOT 23 44
[2662] = S 23
[2663] = Z 23
[2664] = CNOT 23 44
[2665] = CNOT 23 28
[2666] = CNOT 23 30
[2667] = CNOT 23 38
[2668] = Z 23
[2669] = CNOT 23 38
[2670] = CNOT 23 42
[2671] = S 23
[2672] = CNOT 23 42
[2673] = CNOT 23 46
[2674] = Z 23
[2675] = CNOT 23 46
[2676] = CNOT 23 47
[2677] = S 23
[2678] = Z 23
[2679] = CNOT 23 47
[2680] = CNOT 23 48
[2681] = S 23
[2682] = Z 23
[2683] = CNOT 23 48
[2684] = CNOT 23 49
[2685] = S 23
[2686] = CNOT 23 49
[2687] = CNOT 23 50
[2688] = S 23
[2689] = Z 23
[2690] = CNOT 23 50
[2691] = CNOT 23 30
[2692] = CNOT 23 32
[2693] = CNOT 23 36
[2694] = S 23
[2695] = Z 23
[2696] = CNOT 23 32
[2697] = CNOT 23 33
[2698] = S 23
[2699] = CNOT 23 36
[2700] = CNOT 23 38
[2701] = S 23
[2702] = Z 23
[2703] = CNOT 23 38
[2704] = CNOT 23 40
[2705] = S 23
[2706] = Z 23
[2707] = CNOT 23 40
[2708] = CNOT 23 41
[2709] = Z 23
[2710] = CNOT 23 41
[2711] = CNOT 23 44
[2712] = S 23
[2713] = Z 23
[2714] = CNOT 23 44
[2715] = CNOT 23 33
[2716] = CNOT 23 36
[2717] = CNOT 23 38
[2718] = S 23
[2719] = Z 23
[2720] = CNOT 23 38
[2721] = CNOT 23 40
[2722] = S 23
[2723] = Z 23
[2724] = CNOT 23 40
[2725] = CNOT 23 41
[2726] = Z 23
[2727] = CNOT 23 41
[2728] = CNOT 23 44
[2729] = S 23
[2730] = Z 23
[2731] = CNOT 23 44
[2732] = CNOT 23 36
[2733] = CNOT 23 38
[2734] = CNOT 23 41
[2735] = S 23
[2736] = Z 23
[2737] = CNOT 23 41
[2738] = CNOT 23 42
[2739] = Z 23
[2740] = CNOT 23 42
[2741] = CNOT 23 46
[2742] = S 23
[2743] = Z 23
[2744] = CNOT 23 46
[2745] = CNOT 23 47
[2746] = S 23
[2747] = Z 23
[2748] = CNOT 23 47
[2749] = CNOT 23 49
[2750] = Z 23
[2751] = CNOT 23 49
[2752] = CNOT 23 38
[2753] = CNOT 23 41
[2754] = CNOT 23 44
[2755] = S 23
[2756] = Z 23
[2757] = CNOT 23 44
[2758] = CNOT 23 41
[2759] = CNOT 23 42
[2760] = CNOT 23 46
[2761] = Z 23
[2762] = CNOT 23 46
[2763] = CNOT 23 47
[2764] = S 23
[2765] = Z 23
[2766] = CNOT 23 47
[2767] = CNOT 23 48
[2768] = S 23
[2769] = Z 23
[2770] = CNOT 23 48
[2771] = CNOT 23 49
[2772] = S 23
[2773] = CNOT 23 49
[2774] = CNOT 23 50
[2775] = S 23
[2776] = Z 23
[2777] = CNOT 23 50
[2778] = CNOT 23 42
[2779] = CNOT 23 46
[2780] = CNOT 23 48
[2781] = S 23
[2782] = Z 23
[2783] = CNOT 23 48
[2784] = CNOT 23 49
[2785] = Z 23
[2786] = CNOT 23 49
[2787] = CNOT 23 50
[2788] = S 23
[2789] = Z 23
[2790] = CNOT 23 50
[2791] = CNOT 23 46
[2792] = CNOT 23 47
[2793] = CNOT 23 49
[2794] = S 23
[2795] = Z 23
[2796] = CNOT 23 47
[2797] = CNOT 23 48
[2798] = S 23
[2799] = Z 23
[2800] = CNOT 23 48
[2801] = CNOT 23 50
[2802] = S 23
[2803] = Z 23
[2804] = CNOT 23 50
[2805] = CNOT 23 49
[2806] = CNOT 24 25
[2807] = CNOT 24 26
[2808] = Z 24
[2809] = CNOT 24 26
[2810] = CNOT 24 25
[2811] = CNOT 25 26
[2812] = CNOT 25 27
[2813] = Z 25
[2814] = CNOT 25 27
[2815] = CNOT 25 28
[2816] = Z 25
[2817] = CNOT 25 28
[2818] = CNOT 25 30
[2819] = S 25
[2820] = Z 25
[2821] = CNOT 25 30
[2822] = CNOT 25 31
[2823] = S 25
[2824] = Z 25
[2825] = CNOT 25 31
[2826] = CNOT 25 32
[2827] = Z 25
[2828] = CNOT 25 32
[2829] = CNOT 25 33
[2830] = Z 25
[2831] = CNOT 25 33
[2832] = CNOT 25 37
[2833] = Z 25
[2834] = CNOT 25 37
[2835] = CNOT 25 38
[2836] = Z 25
[2837] = CNOT 25 38
[2838] = CNOT 25 40
[2839] = Z 25
[2840] = CNOT 25 40
[2841] = CNOT 25 44
[2842] = Z 25
[2843] = CNOT 25 44
[2844] = CNOT 25 26
[2845] = CNOT 25 27
[2846] = CNOT 25 28
[2847] = S 25
[2848] = Z 25
[2849] = CNOT 25 27
[2850] = CNOT 25 32
[2851] = Z 25
[2852] = CNOT 25 32
[2853] = CNOT 25 33
[2854] = Z 25
[2855] = CNOT 25 33
[2856] = CNOT 25 37
[2857] = Z 25
[2858] = CNOT 25 37
[2859] = CNOT 25 38
[2860] = Z 25
[2861] = CNOT 25 38
[2862] = CNOT 25 40
[2863] = Z 25
[2864] = CNOT 25 40
[2865] = CNOT 25 44
[2866] = Z 25
[2867] = CNOT 25 44
[2868] = CNOT 25 28
[2869] = CNOT 25 30
[2870] = CNOT 25 38
[2871] = S 25
[2872] = Z 25
[2873] = CNOT 25 38
[2874] = CNOT 25 39
[2875] = S 25
[2876] = Z 25
[2877] = CNOT 25 39
[2878] = CNOT 25 42
[2879] = S 25
[2880] = CNOT 25 42
[2881] = CNOT 25 43
[2882] = S 25
[2883] = Z 25
[2884] = CNOT 25 43
[2885] = CNOT 25 45
[2886] = Z 25
[2887] = CNOT 25 45
[2888] = CNOT 25 47
[2889] = Z 25
[2890] = CNOT 25 47
[2891] = CNOT 25 48
[2892] = Z 25
[2893] = CNOT 25 48
[2894] = CNOT 25 50
[2895] = Z 25
[2896] = CNOT 25 50
[2897] = CNOT 25 30
[2898] = CNOT 25 32
[2899] = CNOT 25 33
[2900] = S 25
[2901] = Z 25
[2902] = CNOT 25 33
[2903] = CNOT 25 36
[2904] = Z 25
[2905] = CNOT 25 32
[2906] = CNOT 25 33
[2907] = Z 25
[2908] = CNOT 25 36
[2909] = CNOT 25 38
[2910] = Z 25
[2911] = CNOT 25 38
[2912] = CNOT 25 40
[2913] = Z 25
[2914] = CNOT 25 40
[2915] = CNOT 25 44
[2916] = Z 25
[2917] = CNOT 25 33
[2918] = CNOT 25 34
[2919] = S 25
[2920] = Z 25
[2921] = CNOT 25 44
[2922] = CNOT 25 34
[2923] = CNOT 25 36
[2924] = CNOT 25 37
[2925] = S 25
[2926] = Z 25
[2927] = CNOT 25 37
[2928] = CNOT 25 38
[2929] = Z 25
[2930] = CNOT 25 38
[2931] = CNOT 25 40
[2932] = Z 25
[2933] = CNOT 25 40
[2934] = CNOT 25 44
[2935] = Z 25
[2936] = CNOT 25 44
[2937] = CNOT 25 36
[2938] = CNOT 25 38
[2939] = CNOT 25 39
[2940] = S 25
[2941] = Z 25
[2942] = CNOT 25 39
[2943] = CNOT 25 41
[2944] = Z 25
[2945] = CNOT 25 41
[2946] = CNOT 25 42
[2947] = Z 25
[2948] = CNOT 25 42
[2949] = CNOT 25 43
[2950] = S 25
[2951] = Z 25
[2952] = CNOT 25 43
[2953] = CNOT 25 44
[2954] = Z 25
[2955] = CNOT 25 44
[2956] = CNOT 25 45
[2957] = S 25
[2958] = Z 25
[2959] = CNOT 25 45
[2960] = CNOT 25 46
[2961] = Z 25
[2962] = CNOT 25 46
[2963] = CNOT 25 47
[2964] = Z 25
[2965] = CNOT 25 47
[2966] = CNOT 25 50
[2967] = S 25
[2968] = Z 25
[2969] = CNOT 25 50
[2970] = CNOT 25 38
[2971] = CNOT 25 40
[2972] = CNOT 25 41
[2973] = S 25
[2974] = Z 25
[2975] = CNOT 25 40
[2976] = CNOT 25 44
[2977] = Z 25
[2978] = CNOT 25 44
[2979] = CNOT 25 41
[2980] = CNOT 25 42
[2981] = CNOT 25 46
[2982] = Z 25
[2983] = CNOT 25 46
[2984] = CNOT 25 47
[2985] = S 25
[2986] = Z 25
[2987] = CNOT 25 47
[2988] = CNOT 25 48
[2989] = S 25
[2990] = Z 25
[2991] = CNOT 25 48
[2992] = CNOT 25 49
[2993] = S 25
[2994] = CNOT 25 49
[2995] = CNOT 25 50
[2996] = S 25
[2997] = Z 25
[2998] = CNOT 25 50
[2999] = CNOT 25 42
[3000] = CNOT 25 43
[3001] = CNOT 25 45
[3002] = S 25
[3003] = Z 25
[3004] = CNOT 25 43
[3005] = CNOT 25 49
[3006] = S 25
[3007] = Z 25
[3008] = CNOT 25 49
[3009] = CNOT 25 45
[3010] = CNOT 25 46
[3011] = CNOT 25 47
[3012] = S 25
[3013] = Z 25
[3014] = CNOT 25 47
[3015] = CNOT 25 48
[3016] = Z 25
[3017] = CNOT 25 48
[3018] = CNOT 25 50
[3019] = Z 25
[3020] = CNOT 25 50
[3021] = CNOT 25 46
[3022] = CNOT 25 47
[3023] = CNOT 25 49
[3024] = Z 25
[3025] = CNOT 25 47
[3026] = CNOT 25 48
[3027] = Z 25
[3028] = CNOT 25 49
[3029] = CNOT 25 50
[3030] = S 25
[3031] = Z 25
[3032] = CNOT 25 48
[3033] = CNOT 25 49
[3034] = Z 25
[3035] = CNOT 25 50
[3036] = CNOT 25 49
[3037] = CNOT 26 27
[3038] = CNOT 26 28
[3039] = S 26
[3040] = Z 26
[3041] = CNOT 26 27
[3042] = CNOT 26 32
[3043] = Z 26
[3044] = CNOT 26 32
[3045] = CNOT 26 33
[3046] = Z 26
[3047] = CNOT 26 33
[3048] = CNOT 26 37
[3049] = Z 26
[3050] = CNOT 26 37
[3051] = CNOT 26 38
[3052] = Z 26
[3053] = CNOT 26 38
[3054] = CNOT 26 40
[3055] = Z 26
[3056] = CNOT 26 40
[3057] = CNOT 26 44
[3058] = Z 26
[3059] = CNOT 26 44
[3060] = CNOT 26 28
[3061] = CNOT 26 32
[3062] = CNOT 26 33
[3063] = S 26
[3064] = Z 26
[3065] = CNOT 26 33
[3066] = CNOT 26 36
[3067] = Z 26
[3068] = CNOT 26 32
[3069] = CNOT 26 33
[3070] = Z 26
[3071] = CNOT 26 36
[3072] = CNOT 26 38
[3073] = Z 26
[3074] = CNOT 26 38
[3075] = CNOT 26 40
[3076] = Z 26
[3077] = CNOT 26 40
[3078] = CNOT 26 44
[3079] = Z 26
[3080] = CNOT 26 44
[3081] = CNOT 26 33
[3082] = CNOT 26 36
[3083] = CNOT 26 37
[3084] = S 26
[3085] = Z 26
[3086] = CNOT 26 37
[3087] = CNOT 26 38
[3088] = Z 26
[3089] = CNOT 26 38
[3090] = CNOT 26 40
[3091] = Z 26
[3092] = CNOT 26 40
[3093] = CNOT 26 44
[3094] = Z 26
[3095] = CNOT 26 44
[3096] = CNOT 26 36
[3097] = CNOT 26 38
[3098] = CNOT 26 41
[3099] = Z 26
[3100] = CNOT 26 41
[3101] = CNOT 26 44
[3102] = S 26
[3103] = Z 26
[3104] = CNOT 26 44
[3105] = CNOT 26 38
[3106] = CNOT 26 40
[3107] = CNOT 26 41
[3108] = S 26
[3109] = Z 26
[3110] = CNOT 26 40
[3111] = CNOT 26 44
[3112] = Z 26
[3113] = CNOT 26 44
[3114] = CNOT 26 41
[3115] = CNOT 28 32
[3116] = CNOT 28 33
[3117] = S 28
[3118] = Z 28
[3119] = CNOT 28 33
[3120] = CNOT 28 36
[3121] = Z 28
[3122] = CNOT 28 32
[3123] = CNOT 28 33
[3124] = Z 28
[3125] = CNOT 28 36
[3126] = CNOT 28 38
[3127] = Z 28
[3128] = CNOT 28 38
[3129] = CNOT 28 40
[3130] = Z 28
[3131] = CNOT 28 40
[3132] = CNOT 28 44
[3133] = Z 28
[3134] = CNOT 28 44
[3135] = CNOT 28 33
[3136] = CNOT 28 36
[3137] = CNOT 28 37
[3138] = S 28
[3139] = Z 28
[3140] = CNOT 28 37
[3141] = CNOT 28 38
[3142] = Z 28
[3143] = CNOT 28 38
[3144] = CNOT 28 40
[3145] = Z 28
[3146] = CNOT 28 40
[3147] = CNOT 28 44
[3148] = Z 28
[3149] = CNOT 28 44
[3150] = CNOT 28 36
[3151] = CNOT 28 38
[3152] = CNOT 28 41
[3153] = Z 28
[3154] = CNOT 28 41
[3155] = CNOT 28 44
[3156] = S 28
[3157] = Z 28
[3158] = CNOT 28 44
[3159] = CNOT 28 38
[3160] = CNOT 28 40
[3161] = CNOT 28 41
[3162] = S 28
[3163] = Z 28
[3164] = CNOT 28 40
[3165] = CNOT 28 44
[3166] = Z 28
[3167] = CNOT 28 44
[3168] = CNOT 28 41
[3169] = CNOT 30 34
[3170] = CNOT 30 38
[3171] = S 30
[3172] = Z 30
[3173] = CNOT 30 38
[3174] = CNOT 30 39
[3175] = S 30
[3176] = Z 30
[3177] = CNOT 30 34
[3178] = CNOT 30 38
[3179] = S 30
[3180] = Z 30
[3181] = CNOT 30 39
[3182] = CNOT 30 42
[3183] = Z 30
[3184] = CNOT 30 42
[3185] = CNOT 30 43
[3186] = S 30
[3187] = Z 30
[3188] = CNOT 30 43
[3189] = CNOT 30 45
[3190] = S 30
[3191] = Z 30
[3192] = CNOT 30 45
[3193] = CNOT 30 46
[3194] = Z 30
[3195] = CNOT 30 46
[3196] = CNOT 30 47
[3197] = Z 30
[3198] = CNOT 30 47
[3199] = CNOT 30 50
[3200] = S 30
[3201] = Z 30
[3202] = CNOT 30 50
[3203] = CNOT 30 38
[3204] = CNOT 30 42
[3205] = CNOT 30 46
[3206] = Z 30
[3207] = CNOT 30 46
[3208] = CNOT 30 47
[3209] = S 30
[3210] = Z 30
[3211] = CNOT 30 47
[3212] = CNOT 30 48
[3213] = S 30
[3214] = Z 30
[3215] = CNOT 30 48
[3216] = CNOT 30 49
[3217] = S 30
[3218] = CNOT 30 49
[3219] = CNOT 30 50
[3220] = S 30
[3221] = Z 30
[3222] = CNOT 30 50
[3223] = CNOT 30 42
[3224] = CNOT 30 43
[3225] = CNOT 30 45
[3226] = S 30
[3227] = Z 30
[3228] = CNOT 30 43
[3229] = CNOT 30 49
[3230] = S 30
[3231] = Z 30
[3232] = CNOT 30 49
[3233] = CNOT 30 45
[3234] = CNOT 30 46
[3235] = CNOT 30 47
[3236] = S 30
[3237] = Z 30
[3238] = CNOT 30 47
[3239] = CNOT 30 48
[3240] = Z 30
[3241] = CNOT 30 48
[3242] = CNOT 30 50
[3243] = Z 30
[3244] = CNOT 30 50
[3245] = CNOT 30 46
[3246] = CNOT 30 47
[3247] = CNOT 30 49
[3248] = Z 30
[3249] = CNOT 30 47
[3250] = CNOT 30 48
[3251] = Z 30
[3252] = CNOT 30 49
[3253] = CNOT 30 50
[3254] = S 30
[3255] = Z 30
[3256] = CNOT 30 48
[3257] = CNOT 30 49
[3258] = Z 30
[3259] = CNOT 30 50
[3260] = CNOT 32 33
[3261] = CNOT 32 36
[3262] = S 32
[3263] = Z 32
[3264] = CNOT 32 36
[3265] = CNOT 32 33
[3266] = CNOT 33 36
[3267] = CNOT 33 38
[3268] = Z 33
[3269] = CNOT 33 38
[3270] = CNOT 33 40
[3271] = Z 33
[3272] = CNOT 33 40
[3273] = CNOT 33 44
[3274] = Z 33
[3275] = CNOT 33 44
[3276] = CNOT 33 36
[3277] = CNOT 33 38
[3278] = CNOT 33 41
[3279] = Z 33
[3280] = CNOT 33 41
[3281] = CNOT 33 44
[3282] = S 33
[3283] = Z 33
[3284] = CNOT 33 44
[3285] = CNOT 33 38
[3286] = CNOT 33 40
[3287] = CNOT 33 41
[3288] = S 33
[3289] = Z 33
[3290] = CNOT 33 40
[3291] = CNOT 33 44
[3292] = Z 33
[3293] = CNOT 33 44
[3294] = CNOT 33 41
[3295] = CNOT 34 38
[3296] = CNOT 34 39
[3297] = S 34
[3298] = Z 34
[3299] = CNOT 34 39
[3300] = CNOT 34 43
[3301] = S 34
[3302] = Z 34
[3303] = CNOT 34 43
[3304] = CNOT 34 44
[3305] = S 34
[3306] = Z 34
[3307] = CNOT 34 44
[3308] = CNOT 34 38
[3309] = CNOT 36 38
[3310] = CNOT 36 41
[3311] = Z 36
[3312] = CNOT 36 41
[3313] = CNOT 36 44
[3314] = S 36
[3315] = Z 36
[3316] = CNOT 36 44
[3317] = CNOT 36 38
[3318] = CNOT 36 40
[3319] = CNOT 36 41
[3320] = S 36
[3321] = Z 36
[3322] = CNOT 36 40
[3323] = CNOT 36 44
[3324] = Z 36
[3325] = CNOT 36 44
[3326] = CNOT 36 41
[3327] = CNOT 38 41
[3328] = CNOT 38 44
[3329] = S 38
[3330] = Z 38
[3331] = CNOT 38 44
[3332] = CNOT 38 41
[3333] = CNOT 38 42
[3334] = CNOT 38 46
[3335] = S 38
[3336] = Z 38
[3337] = CNOT 38 46
[3338] = CNOT 38 47
[3339] = S 38
[3340] = Z 38
[3341] = CNOT 38 47
[3342] = CNOT 38 49
[3343] = Z 38
[3344] = CNOT 38 49
[3345] = CNOT 38 42
[3346] = CNOT 38 46
[3347] = CNOT 38 47
[3348] = S 38
[3349] = Z 38
[3350] = CNOT 38 47
[3351] = CNOT 38 49
[3352] = Z 38
[3353] = CNOT 38 49
[3354] = CNOT 38 50
[3355] = S 38
[3356] = Z 38
[3357] = CNOT 38 50
[3358] = CNOT 38 46
[3359] = CNOT 38 47
[3360] = CNOT 38 49
[3361] = Z 38
[3362] = CNOT 38 47
[3363] = CNOT 38 50
[3364] = S 38
[3365] = Z 38
[3366] = CNOT 38 50
[3367] = CNOT 38 49
[3368] = CNOT 42 46
[3369] = CNOT 42 48
[3370] = S 42
[3371] = Z 42
[3372] = CNOT 42 48
[3373] = CNOT 42 49
[3374] = Z 42
[3375] = CNOT 42 49
[3376] = CNOT 42 50
[3377] = S 42
[3378] = Z 42
[3379] = CNOT 42 50
[3380] = CNOT 42 46
[3381] = CNOT 42 47
[3382] = CNOT 42 49
[3383] = S 42
[3384] = Z 42
[3385] = CNOT 42 47
[3386] = CNOT 42 48
[3387] = S 42
[3388] = Z 42
[3389] = CNOT 42 48
[3390] = CNOT 42 50
[3391] = S 42
[3392] = Z 42
[3393] = CNOT 42 50
[3394] = CNOT 42 49
[3395] = CNOT 46 47
[3396] = CNOT 46 49
[3397] = S 46
[3398] = Z 46
[3399] = CNOT 46 47
[3400] = CNOT 46 48
[3401] = Z 46
[3402] = CNOT 46 49
[3403] = CNOT 46 50
[3404] = S 46
[3405] = Z 46
[3406] = CNOT 46 48
[3407] = CNOT 46 49
[3408] = Z 46
[3409] = CNOT 46 50
[3410] = CNOT 48 49
[3411] = CNOT 48 50
[3412] = S 48
[3413] = Z 48
[3414] = CNOT 48 50
[3415] = CNOT 48 49
[3416] = CNOT 50 51
[3417] = CNOT 48 51
[3418] = CNOT 47 51
[3419] = CNOT 44 51
[3420] = CNOT 42 51
[3421] = CNOT 41 51
[3422] = CNOT 38 51
[3423] = CNOT 29 51
[3424] = CNOT 28 51
[3425] = CNOT 24 51
[3426] = CNOT 23 51
[3427] = CNOT 21 51
[3428] = CNOT 20 51
[3429] = CNOT 19 51
[3430] = CNOT 18 51
[3431] = CNOT 14 51
[3432] = CNOT 13 51
[3433] = CNOT 8 51
[3434] = CNOT 5 51
[3435] = CNOT 3 51
[3436] = CNOT 1 51
[3437] = CNOT 51 50
[3438] = CNOT 50 51
[3439] = CNOT 43 49
[3440] = CNOT 40 49
[3441] = CNOT 39 49
[3442] = CNOT 36 49
[3443] = CNOT 35 49
[3444] = CNOT 32 49
[3445] = CNOT 27 49
[3446] = CNOT 16 49
[3447] = CNOT 50 48
[3448] = CNOT 45 48
[3449] = CNOT 38 48
[3450] = CNOT 29 48
[3451] = CNOT 25 48
[3452] = CNOT 11 48
[3453] = CNOT 7 48
[3454] = CNOT 6 48
[3455] = CNOT 4 48
[3456] = CNOT 2 48
[3457] = CNOT 48 50
[3458] = CNOT 48 47
[3459] = CNOT 47 48
[3460] = CNOT 49 46
[3461] = CNOT 46 49
[3462] = CNOT 47 45
[3463] = CNOT 42 45
[3464] = CNOT 41 45
[3465] = CNOT 38 45
[3466] = CNOT 29 45
[3467] = CNOT 28 45
[3468] = CNOT 25 45
[3469] = CNOT 23 45
[3470] = CNOT 18 45
[3471] = CNOT 14 45
[3472] = CNOT 12 45
[3473] = CNOT 10 45
[3474] = CNOT 9 45
[3475] = CNOT 5 45
[3476] = CNOT 3 45
[3477] = CNOT 45 47
[3478] = CNOT 45 44
[3479] = CNOT 44 45
[3480] = CNOT 46 43
[3481] = CNOT 43 46
[3482] = CNOT 47 42
[3483] = CNOT 23 42
[3484] = CNOT 19 42
[3485] = CNOT 8 42
[3486] = CNOT 7 42
[3487] = CNOT 5 42
[3488] = CNOT 4 42
[3489] = CNOT 3 42
[3490] = CNOT 1 42
[3491] = CNOT 42 47
[3492] = CNOT 42 41
[3493] = CNOT 41 42
[3494] = CNOT 43 40
[3495] = CNOT 40 43
[3496] = CNOT 40 39
[3497] = CNOT 39 40
[3498] = CNOT 47 38
[3499] = CNOT 37 38
[3500] = CNOT 34 38
[3501] = CNOT 33 38
[3502] = CNOT 29 38
[3503] = CNOT 23 38
[3504] = CNOT 19 38
[3505] = CNOT 14 38
[3506] = CNOT 10 38
[3507] = CNOT 8 38
[3508] = CNOT 6 38
[3509] = CNOT 5 38
[3510] = CNOT 4 38
[3511] = CNOT 3 38
[3512] = CNOT 2 38
[3513] = CNOT 1 38
[3514] = CNOT 38 37
[3515] = CNOT 37 38
[3516] = CNOT 39 36
[3517] = CNOT 36 39
[3518] = CNOT 36 35
[3519] = CNOT 35 36
[3520] = CNOT 37 34
[3521] = CNOT 29 34
[3522] = CNOT 25 34
[3523] = CNOT 19 34
[3524] = CNOT 11 34
[3525] = CNOT 8 34
[3526] = CNOT 5 34
[3527] = CNOT 4 34
[3528] = CNOT 3 34
[3529] = CNOT 2 34
[3530] = CNOT 1 34
[3531] = CNOT 34 37
[3532] = CNOT 34 33
[3533] = CNOT 33 34
[3534] = CNOT 35 32
[3535] = CNOT 32 35
[3536] = CNOT 26 31
[3537] = CNOT 32 30
[3538] = CNOT 30 32
[3539] = CNOT 41 29
[3540] = CNOT 14 29
[3541] = CNOT 12 29
[3542] = CNOT 10 29
[3543] = CNOT 7 29
[3544] = CNOT 6 29
[3545] = CNOT 2 29
[3546] = CNOT 29 41
[3547] = CNOT 29 28
[3548] = CNOT 28 29
[3549] = CNOT 30 27
[3550] = CNOT 27 30
[3551] = CNOT 31 26
[3552] = CNOT 26 31
[3553] = CNOT 44 25
[3554] = CNOT 19 25
[3555] = CNOT 11 25
[3556] = CNOT 8 25
[3557] = CNOT 7 25
[3558] = CNOT 6 25
[3559] = CNOT 3 25
[3560] = CNOT 25 44
[3561] = CNOT 25 24
[3562] = CNOT 24 25
[3563] = CNOT 47 23
[3564] = CNOT 24 23
[3565] = CNOT 22 23
[3566] = CNOT 21 23
[3567] = CNOT 20 23
[3568] = CNOT 19 23
[3569] = CNOT 15 23
[3570] = CNOT 14 23
[3571] = CNOT 13 23
[3572] = CNOT 11 23
[3573] = CNOT 10 23
[3574] = CNOT 9 23
[3575] = CNOT 8 23
[3576] = CNOT 6 23
[3577] = CNOT 23 22
[3578] = CNOT 22 23
[3579] = CNOT 24 21
[3580] = CNOT 14 21
[3581] = CNOT 12 21
[3582] = CNOT 11 21
[3583] = CNOT 8 21
[3584] = CNOT 7 21
[3585] = CNOT 6 21
[3586] = CNOT 4 21
[3587] = CNOT 1 21
[3588] = CNOT 21 24
[3589] = CNOT 21 20
[3590] = CNOT 20 21
[3591] = CNOT 28 19
[3592] = CNOT 11 19
[3593] = CNOT 10 19
[3594] = CNOT 7 19
[3595] = CNOT 6 19
[3596] = CNOT 4 19
[3597] = CNOT 3 19
[3598] = CNOT 2 19
[3599] = CNOT 1 19
[3600] = CNOT 19 28
[3601] = CNOT 19 18
[3602] = CNOT 18 19
[3603] = CNOT 26 17
[3604] = CNOT 17 26
[3605] = CNOT 27 16
[3606] = CNOT 16 27
[3607] = CNOT 28 15
[3608] = CNOT 22 15
[3609] = CNOT 14 15
[3610] = CNOT 12 15
[3611] = CNOT 11 15
[3612] = CNOT 10 15
[3613] = CNOT 8 15
[3614] = CNOT 6 15
[3615] = CNOT 5 15
[3616] = CNOT 4 15
[3617] = CNOT 3 15
[3618] = CNOT 2 15
[3619] = CNOT 15 22
[3620] = CNOT 20 14
[3621] = CNOT 13 14
[3622] = CNOT 9 14
[3623] = CNOT 4 14
[3624] = CNOT 14 20
[3625] = CNOT 33 13
[3626] = CNOT 20 13
[3627] = CNOT 18 13
[3628] = CNOT 15 13
[3629] = CNOT 14 13
[3630] = CNOT 10 13
[3631] = CNOT 8 13
[3632] = CNOT 7 13
[3633] = CNOT 6 13
[3634] = CNOT 4 13
[3635] = CNOT 1 13
[3636] = CNOT 41 12
[3637] = CNOT 33 12
[3638] = CNOT 6 12
[3639] = CNOT 5 12
[3640] = CNOT 4 12
[3641] = CNOT 3 12
[3642] = CNOT 12 33
[3643] = CNOT 28 11
[3644] = CNOT 18 11
[3645] = CNOT 13 11
[3646] = CNOT 12 11
[3647] = CNOT 10 11
[3648] = CNOT 9 11
[3649] = CNOT 8 11
[3650] = CNOT 7 11
[3651] = CNOT 6 11
[3652] = CNOT 5 11
[3653] = CNOT 4 11
[3654] = CNOT 3 11
[3655] = CNOT 2 11
[3656] = CNOT 1 11
[3657] = CNOT 11 12
[3658] = CNOT 18 10
[3659] = CNOT 14 10
[3660] = CNOT 12 10
[3661] = CNOT 9 10
[3662] = CNOT 6 10
[3663] = CNOT 18 9
[3664] = CNOT 8 9
[3665] = CNOT 5 9
[3666] = CNOT 9 18
[3667] = CNOT 12 8
[3668] = CNOT 11 8
[3669] = CNOT 7 8
[3670] = CNOT 4 8
[3671] = CNOT 11 7
[3672] = CNOT 10 7
[3673] = CNOT 6 7
[3674] = CNOT 3 7
[3675] = CNOT 10 6
[3676] = CNOT 9 6
[3677] = CNOT 5 6
[3678] = CNOT 2 6
[3679] = CNOT 9 5
[3680] = CNOT 8 5
[3681] = CNOT 4 5
[3682] = CNOT 1 5
[3683] = CNOT 8 4
[3684] = CNOT 7 4
[3685] = CNOT 3 4
[3686] = CNOT 7 3
[3687] = CNOT 6 3
[3688] = CNOT 2 3
[3689] = CNOT 6 2
[3690] = CNOT 5 2
[3691] = CNOT 1 2
[3692] = CNOT 5 1
[3693] = CNOT 4 1
[3694] = H 18
[3695] = M 18
[3696] = H 19
[3697] = M 19
[3698] = H 20
[3699] = M 20
[3700] = H 21
[3701] = M 21
[3702] = H 22
[3703] = M 22
[3704] = H 23
[3705] = M 23
[3706] = H 24
[3707] = M 24
[3708] = H 25
[3709] = M 25
[3710] = H 26
[3711] = M 26
[3712] = H 27
[3713] = M 27
[3714] = H 28
[3715] = M 28
[3716] = H 29
[3717] = M 29
[3718] = H 30
[3719] = M 30
[3720] = H 31
[3721] = M 31
[3722] = H 32
[3723] = M 32
[3724] = H 33
[3725] = M 33
[3726] = H 34
[3727] = M 34
[3728] = H 35
[3729] = M 35
[3730] = H 36
[3731] = M 36
[3732] = H 37
[3733] = M 37
[3734] = H 38
[3735] = M 38
[3736] = H 39
[3737] = M 39
[3738] = H 40
[3739] = M 40
[3740] = H 41
[3741] = M 41
[3742] = H 42
[3743] = M 42
[3744] = H 43
[3745] = M 43
[3746] = H 44
[3747] = M 44
[3748] = H 45
[3749] = M 45
[3750] = H 46
[3751] = M 46
[3752] = H 47
[3753] = M 47
[3754] = H 48
[3755] = M 48
[3756] = H 49
[3757] = M 49
[3758] = H 50
[3759] = M 50
[3760] = H 51
[3761] = M 51
[3762] = H 16
[3763] = H 17
Gate distributions:
Input:
Operator distribution:
Total number of qubits = 17
Number of `data' qubits = 17
Number of `Toff_n' ancillas = 0
Number of Hadamard ancillas = 0
Hadamard ancilla cap = infinite
Number of {CNOT,T} partitions = 1
T count = 161
Cost estimation = 80644
	id	Count
	0	0
	1	0
	2	0
	3	46
	4	98
	5	0
	6	0
	7	0
	8	0
	9	0
	10	23
	11	0
	12	0
	13	0
	14	0
	15	0
	16	0
	17	0
	18	0
Output:
Operator distribution:
Total number of qubits = 51
Number of `data' qubits = 17
Number of `Toff_n' ancillas = 0
Number of Hadamard ancillas = 34
Hadamard ancilla cap = infinite
Number of {CNOT,T} partitions = 1
T count = 77
Cost estimation = 42204
	id	Count
	0	0
	1	0
	2	0
	3	72
	4	2467
	5	77
	6	0
	7	0
	8	0
	9	0
	10	0
	11	451
	12	0
	13	663
	14	0
	15	0
	16	0
	17	0
	18	34
Output T Count (SQC_Circuit) = 77
Output T Count (PhasePolynomial) = 77
Fail count = 0

Execution time: 450.464s
Number of LCL errors: 0
Number of LCL warnings: 0
