Optimize a Clifford + T circuit.
Input filename = /home/ryo-mtmt/TOpt/forme/tpar_benchmark/mod_red_21.tfc
Number of unknown gates = 0
Number of unknown qubit labels = 0
Circuit filename: /home/ryo-mtmt/TOpt/forme/tpar_benchmark/mod_red_21.tfc

n 11
n_x 11
n_y 0
n_z 0
m 101
[0] = H 5
[1] = CCZ 2 4 5
[2] = H 5
[3] = H 7
[4] = CCZ 5 6 7
[5] = H 7
[6] = H 10
[7] = CCZ 7 8 10
[8] = H 10
[9] = H 7
[10] = H 9
[11] = CCZ 5 6 7
[12] = CCZ 11 10 9
[13] = H 9
[14] = H 5
[15] = H 3
[16] = CCZ 2 4 5
[17] = CNOT 1 9
[18] = CNOT 2 9
[19] = CNOT 6 9
[20] = CCZ 1 2 3
[21] = H 3
[22] = CCZ 3 4 5
[23] = H 5
[24] = CCZ 5 6 7
[25] = H 7
[26] = H 8
[27] = CCZ 7 9 8
[28] = H 8
[29] = H 7
[30] = CCZ 5 6 7
[31] = H 7
[32] = H 6
[33] = CCZ 5 9 6
[34] = H 6
[35] = H 5
[36] = CCZ 3 4 5
[37] = H 5
[38] = H 4
[39] = CCZ 3 9 4
[40] = H 4
[41] = H 3
[42] = CCZ 1 2 3
[43] = H 3
[44] = H 2
[45] = CCZ 1 9 2
[46] = H 2
[47] = H 9
[48] = CCZ 11 10 9
[49] = H 9

Algorithm used: todd

UniversalOptimize begin.
	Gate synthesis begin.

in LempelX2
		Round = 0
Round 0 | Current Columns (m): 73
		Round = 1
Round 1 | Current Columns (m): 71
		Round = 2
Round 2 | Current Columns (m): 69
		Round = 3
Round 3 | Current Columns (m): 67
		Round = 4
Round 4 | Current Columns (m): 63
		Round = 5
Round 5 | Current Columns (m): 61
		Round = 6
Round 6 | Current Columns (m): 59
		Round = 7
Round 7 | Current Columns (m): 57
		Round = 8
Round 8 | Current Columns (m): 55
		Round = 9
Round 9 | Current Columns (m): 53
		Round = 10
Round 10 | Current Columns (m): 51
nullspace time: 14133 ms, chi time: 7109 ms
Total LempelX2 time: 21248 ms
		TODD executed in 21.222 seconds.
		Total time: 21.2223s
	Gate synthesis end.
	Total time: 21.9581s
UniversalOptimize end.
Output circuit:
n 28
n_x 11
n_y 0
n_z 17
m 5401
[0] = H 5
[1] = H 7
[2] = H 10
[3] = H 9
[4] = H 3
[5] = H 12
[6] = H 13
[7] = H 14
[8] = H 15
[9] = H 16
[10] = H 17
[11] = H 18
[12] = H 19
[13] = H 20
[14] = H 21
[15] = H 22
[16] = H 23
[17] = H 24
[18] = H 25
[19] = H 26
[20] = H 27
[21] = H 28
[22] = CNOT 1 2
[23] = CNOT 1 4
[24] = CNOT 1 8
[25] = CNOT 1 9
[26] = CNOT 1 11
[27] = CNOT 1 13
[28] = CNOT 1 14
[29] = CNOT 1 18
[30] = CNOT 1 19
[31] = CNOT 1 21
[32] = CNOT 1 27
[33] = CNOT 1 28
[34] = T 1
[35] = CNOT 1 18
[36] = CNOT 1 4
[37] = CNOT 1 2
[38] = CNOT 2 8
[39] = CNOT 2 9
[40] = CNOT 2 11
[41] = CNOT 2 13
[42] = CNOT 2 14
[43] = CNOT 2 16
[44] = CNOT 2 18
[45] = CNOT 2 19
[46] = CNOT 2 21
[47] = CNOT 2 27
[48] = CNOT 2 28
[49] = T 2
[50] = CNOT 2 28
[51] = CNOT 2 27
[52] = CNOT 2 21
[53] = CNOT 2 19
[54] = CNOT 2 18
[55] = CNOT 2 16
[56] = CNOT 2 14
[57] = CNOT 2 13
[58] = CNOT 2 11
[59] = CNOT 2 9
[60] = CNOT 2 8
[61] = CNOT 1 2
[62] = CNOT 1 5
[63] = CNOT 1 24
[64] = T 1
[65] = CNOT 1 24
[66] = CNOT 1 5
[67] = CNOT 1 2
[68] = CNOT 1 4
[69] = CNOT 1 18
[70] = T 1
[71] = CNOT 1 18
[72] = CNOT 1 8
[73] = CNOT 6 7
[74] = CNOT 6 8
[75] = CNOT 6 9
[76] = CNOT 6 11
[77] = CNOT 6 13
[78] = CNOT 6 14
[79] = CNOT 6 15
[80] = CNOT 6 16
[81] = CNOT 6 18
[82] = CNOT 6 19
[83] = CNOT 6 20
[84] = CNOT 6 23
[85] = CNOT 6 25
[86] = CNOT 6 28
[87] = T 6
[88] = CNOT 6 8
[89] = CNOT 6 7
[90] = CNOT 7 8
[91] = CNOT 7 9
[92] = CNOT 7 11
[93] = CNOT 7 12
[94] = CNOT 7 13
[95] = CNOT 7 14
[96] = CNOT 7 15
[97] = CNOT 7 16
[98] = CNOT 7 18
[99] = CNOT 7 19
[100] = CNOT 7 20
[101] = CNOT 7 23
[102] = CNOT 7 25
[103] = CNOT 7 28
[104] = T 7
[105] = CNOT 7 12
[106] = T 7
[107] = CNOT 7 28
[108] = CNOT 7 25
[109] = CNOT 7 23
[110] = CNOT 7 20
[111] = CNOT 7 19
[112] = CNOT 7 18
[113] = CNOT 7 16
[114] = CNOT 7 15
[115] = CNOT 7 14
[116] = CNOT 7 13
[117] = CNOT 7 11
[118] = CNOT 7 9
[119] = CNOT 7 8
[120] = CNOT 8 9
[121] = CNOT 8 11
[122] = CNOT 8 13
[123] = CNOT 8 14
[124] = CNOT 8 19
[125] = CNOT 8 21
[126] = CNOT 8 25
[127] = CNOT 8 28
[128] = T 8
[129] = CNOT 8 28
[130] = CNOT 8 25
[131] = CNOT 8 21
[132] = CNOT 8 19
[133] = CNOT 8 14
[134] = CNOT 8 13
[135] = CNOT 8 11
[136] = CNOT 8 9
[137] = T 13
[138] = S 13
[139] = T 8
[140] = Z 8
[141] = T 10
[142] = S 10
[143] = Z 10
[144] = CNOT 2 3
[145] = CNOT 2 8
[146] = CNOT 2 9
[147] = CNOT 2 11
[148] = CNOT 2 13
[149] = CNOT 2 14
[150] = CNOT 2 16
[151] = CNOT 2 18
[152] = CNOT 2 19
[153] = CNOT 2 21
[154] = CNOT 2 26
[155] = CNOT 2 27
[156] = CNOT 2 28
[157] = T 2
[158] = CNOT 2 28
[159] = CNOT 2 27
[160] = CNOT 2 26
[161] = CNOT 2 21
[162] = CNOT 2 19
[163] = CNOT 2 18
[164] = CNOT 2 16
[165] = CNOT 2 14
[166] = CNOT 2 13
[167] = CNOT 2 11
[168] = CNOT 2 9
[169] = CNOT 2 8
[170] = CNOT 2 3
[171] = CNOT 8 10
[172] = CNOT 8 13
[173] = T 8
[174] = CNOT 8 13
[175] = T 8
[176] = S 8
[177] = CNOT 8 10
[178] = CNOT 10 13
[179] = T 10
[180] = S 10
[181] = CNOT 10 13
[182] = CNOT 8 9
[183] = CNOT 8 11
[184] = CNOT 8 12
[185] = CNOT 8 13
[186] = CNOT 8 14
[187] = CNOT 8 16
[188] = CNOT 8 18
[189] = CNOT 8 19
[190] = CNOT 8 20
[191] = CNOT 8 23
[192] = CNOT 8 25
[193] = CNOT 8 28
[194] = T 8
[195] = CNOT 8 25
[196] = CNOT 8 23
[197] = CNOT 8 18
[198] = CNOT 8 16
[199] = CNOT 8 12
[200] = T 8
[201] = CNOT 8 20
[202] = CNOT 8 19
[203] = CNOT 8 14
[204] = T 8
[205] = CNOT 8 28
[206] = CNOT 8 13
[207] = CNOT 8 11
[208] = CNOT 8 9
[209] = CNOT 1 2
[210] = CNOT 1 5
[211] = CNOT 1 8
[212] = CNOT 1 24
[213] = T 1
[214] = CNOT 1 24
[215] = CNOT 1 8
[216] = CNOT 1 4
[217] = CNOT 1 2
[218] = CNOT 8 11
[219] = CNOT 8 13
[220] = CNOT 8 14
[221] = T 8
[222] = CNOT 8 11
[223] = T 8
[224] = S 8
[225] = Z 8
[226] = CNOT 8 14
[227] = CNOT 8 11
[228] = T 8
[229] = S 8
[230] = Z 8
[231] = CNOT 8 13
[232] = CNOT 8 11
[233] = CNOT 1 8
[234] = CNOT 1 17
[235] = CNOT 1 18
[236] = T 1
[237] = CNOT 1 4
[238] = T 1
[239] = CNOT 1 27
[240] = CNOT 1 17
[241] = CNOT 1 5
[242] = CNOT 1 4
[243] = T 1
[244] = CNOT 1 3
[245] = CNOT 1 16
[246] = CNOT 1 26
[247] = CNOT 1 27
[248] = T 1
[249] = CNOT 1 26
[250] = CNOT 1 18
[251] = CNOT 1 16
[252] = CNOT 1 8
[253] = CNOT 1 3
[254] = CNOT 8 9
[255] = CNOT 8 11
[256] = CNOT 8 13
[257] = CNOT 8 14
[258] = CNOT 8 16
[259] = CNOT 8 19
[260] = CNOT 8 21
[261] = CNOT 8 25
[262] = CNOT 8 28
[263] = T 8
[264] = CNOT 8 25
[265] = CNOT 8 18
[266] = CNOT 8 27
[267] = T 8
[268] = CNOT 8 28
[269] = CNOT 8 27
[270] = CNOT 8 21
[271] = CNOT 8 19
[272] = CNOT 8 18
[273] = CNOT 8 16
[274] = CNOT 8 14
[275] = CNOT 8 13
[276] = CNOT 8 11
[277] = CNOT 8 9
[278] = CNOT 3 8
[279] = CNOT 3 9
[280] = CNOT 3 11
[281] = CNOT 3 13
[282] = CNOT 3 14
[283] = CNOT 3 18
[284] = CNOT 3 19
[285] = CNOT 3 21
[286] = CNOT 3 26
[287] = CNOT 3 27
[288] = CNOT 3 28
[289] = T 3
[290] = CNOT 3 28
[291] = CNOT 3 27
[292] = CNOT 3 26
[293] = CNOT 3 21
[294] = CNOT 3 19
[295] = CNOT 3 18
[296] = CNOT 3 14
[297] = CNOT 3 13
[298] = CNOT 3 11
[299] = CNOT 3 9
[300] = CNOT 3 8
[301] = CNOT 6 7
[302] = CNOT 6 8
[303] = CNOT 6 12
[304] = T 6
[305] = CNOT 6 19
[306] = CNOT 6 15
[307] = CNOT 6 12
[308] = CNOT 6 8
[309] = CNOT 6 7
[310] = CNOT 1 2
[311] = CNOT 1 5
[312] = CNOT 1 8
[313] = CNOT 1 17
[314] = T 1
[315] = CNOT 1 4
[316] = T 1
[317] = CNOT 1 27
[318] = CNOT 1 17
[319] = CNOT 1 5
[320] = CNOT 1 4
[321] = CNOT 1 2
[322] = CNOT 1 16
[323] = CNOT 1 18
[324] = T 1
[325] = CNOT 1 16
[326] = CNOT 1 2
[327] = CNOT 1 5
[328] = CNOT 1 24
[329] = CNOT 1 27
[330] = T 1
[331] = CNOT 1 24
[332] = CNOT 1 8
[333] = CNOT 1 5
[334] = CNOT 8 9
[335] = CNOT 8 11
[336] = CNOT 8 13
[337] = CNOT 8 14
[338] = CNOT 8 16
[339] = CNOT 8 19
[340] = CNOT 8 20
[341] = CNOT 8 28
[342] = T 8
[343] = CNOT 8 28
[344] = CNOT 8 20
[345] = CNOT 8 19
[346] = CNOT 8 16
[347] = CNOT 8 14
[348] = CNOT 8 13
[349] = CNOT 8 11
[350] = CNOT 8 9
[351] = CNOT 6 8
[352] = T 6
[353] = CNOT 6 8
[354] = CNOT 8 9
[355] = CNOT 8 11
[356] = CNOT 8 13
[357] = CNOT 8 14
[358] = CNOT 8 20
[359] = CNOT 8 21
[360] = CNOT 8 28
[361] = T 8
[362] = CNOT 8 21
[363] = CNOT 8 20
[364] = CNOT 8 14
[365] = CNOT 8 11
[366] = T 8
[367] = CNOT 8 11
[368] = CNOT 8 14
[369] = CNOT 8 16
[370] = CNOT 8 20
[371] = CNOT 8 21
[372] = T 8
[373] = CNOT 8 21
[374] = CNOT 8 20
[375] = CNOT 8 16
[376] = CNOT 8 11
[377] = T 8
[378] = CNOT 8 11
[379] = CNOT 8 16
[380] = T 8
[381] = CNOT 8 18
[382] = CNOT 8 20
[383] = CNOT 8 23
[384] = CNOT 8 25
[385] = T 8
[386] = CNOT 8 28
[387] = CNOT 8 25
[388] = CNOT 8 23
[389] = CNOT 8 20
[390] = CNOT 8 18
[391] = CNOT 8 16
[392] = CNOT 8 14
[393] = CNOT 8 13
[394] = CNOT 8 11
[395] = CNOT 8 9
[396] = CNOT 6 8
[397] = CNOT 6 15
[398] = CNOT 6 19
[399] = CNOT 6 22
[400] = T 6
[401] = CNOT 6 19
[402] = CNOT 6 8
[403] = CNOT 8 9
[404] = CNOT 8 11
[405] = CNOT 8 13
[406] = CNOT 8 14
[407] = CNOT 8 15
[408] = CNOT 8 18
[409] = CNOT 8 20
[410] = CNOT 8 22
[411] = CNOT 8 23
[412] = CNOT 8 25
[413] = CNOT 8 28
[414] = T 8
[415] = CNOT 8 19
[416] = T 8
[417] = CNOT 8 28
[418] = CNOT 8 25
[419] = CNOT 8 23
[420] = CNOT 8 22
[421] = CNOT 8 20
[422] = CNOT 8 19
[423] = CNOT 8 18
[424] = CNOT 8 15
[425] = CNOT 8 14
[426] = CNOT 8 13
[427] = CNOT 8 11
[428] = CNOT 8 9
[429] = CNOT 6 8
[430] = T 6
[431] = CNOT 6 22
[432] = CNOT 6 15
[433] = CNOT 6 8
[434] = CNOT 8 9
[435] = CNOT 8 11
[436] = CNOT 8 13
[437] = CNOT 8 14
[438] = CNOT 8 16
[439] = CNOT 8 18
[440] = CNOT 8 21
[441] = CNOT 8 25
[442] = CNOT 8 28
[443] = T 8
[444] = CNOT 8 28
[445] = CNOT 8 25
[446] = CNOT 8 21
[447] = CNOT 8 18
[448] = CNOT 8 16
[449] = CNOT 8 14
[450] = CNOT 8 13
[451] = CNOT 8 11
[452] = CNOT 8 9
[453] = CNOT 1 3
[454] = CNOT 1 8
[455] = CNOT 1 26
[456] = T 1
[457] = CNOT 1 26
[458] = CNOT 1 3
[459] = CNOT 1 4
[460] = CNOT 1 5
[461] = CNOT 1 24
[462] = T 1
[463] = CNOT 1 28
[464] = CNOT 1 27
[465] = CNOT 1 24
[466] = CNOT 1 21
[467] = CNOT 1 19
[468] = CNOT 1 18
[469] = CNOT 1 14
[470] = CNOT 1 13
[471] = CNOT 1 11
[472] = CNOT 1 9
[473] = CNOT 1 8
[474] = CNOT 1 5
[475] = CNOT 1 4
[476] = CNOT 8 9
[477] = CNOT 8 11
[478] = CNOT 8 13
[479] = CNOT 8 14
[480] = CNOT 8 18
[481] = CNOT 8 21
[482] = CNOT 8 25
[483] = CNOT 8 28
[484] = T 8
[485] = CNOT 8 28
[486] = CNOT 8 25
[487] = CNOT 8 21
[488] = CNOT 8 18
[489] = CNOT 8 14
[490] = CNOT 8 13
[491] = CNOT 8 11
[492] = CNOT 8 9
[493] = CNOT 6 8
[494] = CNOT 6 12
[495] = CNOT 6 19
[496] = T 6
[497] = CNOT 6 28
[498] = CNOT 6 25
[499] = CNOT 6 23
[500] = CNOT 6 20
[501] = CNOT 6 19
[502] = CNOT 6 18
[503] = CNOT 6 16
[504] = CNOT 6 14
[505] = CNOT 6 13
[506] = CNOT 6 12
[507] = CNOT 6 11
[508] = CNOT 6 9
[509] = CNOT 6 8
[510] = Z 3
[511] = S 4
[512] = S 7
[513] = Z 7
[514] = S 9
[515] = Z 11
[516] = S 14
[517] = S 15
[518] = Z 15
[519] = S 16
[520] = S 18
[521] = S 19
[522] = Z 19
[523] = S 20
[524] = S 21
[525] = Z 21
[526] = Z 23
[527] = S 24
[528] = Z 24
[529] = S 25
[530] = Z 26
[531] = Z 27
[532] = S 28
[533] = Z 1
[534] = CNOT 1 2
[535] = CNOT 1 3
[536] = S 1
[537] = CNOT 1 3
[538] = CNOT 1 4
[539] = Z 1
[540] = CNOT 1 4
[541] = CNOT 1 5
[542] = S 1
[543] = Z 1
[544] = CNOT 1 5
[545] = CNOT 1 8
[546] = S 1
[547] = CNOT 1 8
[548] = CNOT 1 9
[549] = S 1
[550] = CNOT 1 9
[551] = CNOT 1 11
[552] = S 1
[553] = CNOT 1 11
[554] = CNOT 1 13
[555] = S 1
[556] = CNOT 1 13
[557] = CNOT 1 14
[558] = S 1
[559] = CNOT 1 14
[560] = CNOT 1 16
[561] = S 1
[562] = CNOT 1 16
[563] = CNOT 1 17
[564] = S 1
[565] = CNOT 1 17
[566] = CNOT 1 19
[567] = S 1
[568] = CNOT 1 19
[569] = CNOT 1 21
[570] = S 1
[571] = CNOT 1 21
[572] = CNOT 1 24
[573] = Z 1
[574] = CNOT 1 24
[575] = CNOT 1 26
[576] = S 1
[577] = CNOT 1 26
[578] = CNOT 1 28
[579] = S 1
[580] = CNOT 1 28
[581] = CNOT 2 3
[582] = S 2
[583] = CNOT 2 3
[584] = CNOT 2 4
[585] = S 2
[586] = CNOT 2 4
[587] = CNOT 2 5
[588] = Z 2
[589] = CNOT 2 5
[590] = CNOT 2 8
[591] = S 2
[592] = Z 2
[593] = CNOT 2 8
[594] = CNOT 2 9
[595] = S 2
[596] = Z 2
[597] = CNOT 2 9
[598] = CNOT 2 11
[599] = S 2
[600] = Z 2
[601] = CNOT 2 11
[602] = CNOT 2 13
[603] = S 2
[604] = Z 2
[605] = CNOT 2 13
[606] = CNOT 2 14
[607] = S 2
[608] = Z 2
[609] = CNOT 2 14
[610] = CNOT 2 16
[611] = Z 2
[612] = CNOT 2 16
[613] = CNOT 2 18
[614] = Z 2
[615] = CNOT 2 18
[616] = CNOT 2 19
[617] = S 2
[618] = Z 2
[619] = CNOT 2 19
[620] = CNOT 2 21
[621] = S 2
[622] = Z 2
[623] = CNOT 2 21
[624] = CNOT 2 24
[625] = Z 2
[626] = CNOT 2 24
[627] = CNOT 2 26
[628] = S 2
[629] = CNOT 2 26
[630] = CNOT 2 27
[631] = S 2
[632] = CNOT 2 27
[633] = CNOT 2 28
[634] = S 2
[635] = Z 2
[636] = CNOT 2 28
[637] = CNOT 3 8
[638] = S 3
[639] = CNOT 3 8
[640] = CNOT 3 9
[641] = S 3
[642] = CNOT 3 9
[643] = CNOT 3 11
[644] = S 3
[645] = CNOT 3 11
[646] = CNOT 3 13
[647] = S 3
[648] = CNOT 3 13
[649] = CNOT 3 14
[650] = S 3
[651] = CNOT 3 14
[652] = CNOT 3 16
[653] = S 3
[654] = Z 3
[655] = CNOT 3 16
[656] = CNOT 3 18
[657] = Z 3
[658] = CNOT 3 18
[659] = CNOT 3 19
[660] = S 3
[661] = CNOT 3 19
[662] = CNOT 3 21
[663] = S 3
[664] = CNOT 3 21
[665] = CNOT 3 26
[666] = S 3
[667] = CNOT 3 26
[668] = CNOT 3 27
[669] = S 3
[670] = CNOT 3 27
[671] = CNOT 3 28
[672] = S 3
[673] = CNOT 3 28
[674] = CNOT 4 5
[675] = Z 4
[676] = CNOT 4 5
[677] = CNOT 4 8
[678] = Z 4
[679] = CNOT 4 8
[680] = CNOT 4 9
[681] = Z 4
[682] = CNOT 4 9
[683] = CNOT 4 11
[684] = Z 4
[685] = CNOT 4 11
[686] = CNOT 4 13
[687] = Z 4
[688] = CNOT 4 13
[689] = CNOT 4 14
[690] = Z 4
[691] = CNOT 4 14
[692] = CNOT 4 19
[693] = Z 4
[694] = CNOT 4 19
[695] = CNOT 4 21
[696] = Z 4
[697] = CNOT 4 21
[698] = CNOT 4 24
[699] = S 4
[700] = CNOT 4 24
[701] = CNOT 4 25
[702] = S 4
[703] = CNOT 4 25
[704] = CNOT 4 27
[705] = Z 4
[706] = CNOT 4 27
[707] = CNOT 4 28
[708] = Z 4
[709] = CNOT 4 28
[710] = CNOT 5 8
[711] = S 5
[712] = Z 5
[713] = CNOT 5 8
[714] = CNOT 5 9
[715] = S 5
[716] = Z 5
[717] = CNOT 5 9
[718] = CNOT 5 11
[719] = S 5
[720] = Z 5
[721] = CNOT 5 11
[722] = CNOT 5 12
[723] = S 5
[724] = CNOT 5 12
[725] = CNOT 5 13
[726] = S 5
[727] = Z 5
[728] = CNOT 5 13
[729] = CNOT 5 14
[730] = S 5
[731] = Z 5
[732] = CNOT 5 14
[733] = CNOT 5 17
[734] = S 5
[735] = CNOT 5 17
[736] = CNOT 5 18
[737] = Z 5
[738] = CNOT 5 18
[739] = CNOT 5 19
[740] = S 5
[741] = Z 5
[742] = CNOT 5 19
[743] = CNOT 5 21
[744] = S 5
[745] = Z 5
[746] = CNOT 5 21
[747] = CNOT 5 24
[748] = Z 5
[749] = CNOT 5 24
[750] = CNOT 5 27
[751] = S 5
[752] = Z 5
[753] = CNOT 5 27
[754] = CNOT 5 28
[755] = S 5
[756] = Z 5
[757] = CNOT 5 28
[758] = CNOT 6 7
[759] = Z 6
[760] = CNOT 6 7
[761] = CNOT 6 12
[762] = S 6
[763] = CNOT 6 12
[764] = CNOT 6 15
[765] = S 6
[766] = Z 6
[767] = CNOT 6 15
[768] = CNOT 6 16
[769] = S 6
[770] = CNOT 6 16
[771] = CNOT 6 19
[772] = S 6
[773] = Z 6
[774] = CNOT 6 19
[775] = CNOT 6 22
[776] = S 6
[777] = CNOT 6 22
[778] = CNOT 6 23
[779] = Z 6
[780] = CNOT 6 23
[781] = CNOT 7 12
[782] = Z 7
[783] = CNOT 7 12
[784] = CNOT 7 13
[785] = S 7
[786] = CNOT 7 13
[787] = CNOT 8 11
[788] = S 8
[789] = Z 8
[790] = CNOT 8 11
[791] = CNOT 8 12
[792] = S 8
[793] = Z 8
[794] = CNOT 8 12
[795] = CNOT 8 14
[796] = S 8
[797] = Z 8
[798] = CNOT 8 14
[799] = CNOT 8 15
[800] = S 8
[801] = CNOT 8 15
[802] = CNOT 8 16
[803] = S 8
[804] = CNOT 8 16
[805] = CNOT 8 17
[806] = S 8
[807] = CNOT 8 17
[808] = CNOT 8 18
[809] = S 8
[810] = Z 8
[811] = CNOT 8 18
[812] = CNOT 8 19
[813] = S 8
[814] = CNOT 8 19
[815] = CNOT 8 20
[816] = S 8
[817] = Z 8
[818] = CNOT 8 20
[819] = CNOT 8 21
[820] = S 8
[821] = CNOT 8 21
[822] = CNOT 8 22
[823] = S 8
[824] = CNOT 8 22
[825] = CNOT 8 24
[826] = Z 8
[827] = CNOT 8 24
[828] = CNOT 8 25
[829] = S 8
[830] = CNOT 8 25
[831] = CNOT 8 26
[832] = S 8
[833] = CNOT 8 26
[834] = CNOT 8 27
[835] = Z 8
[836] = CNOT 8 27
[837] = CNOT 9 12
[838] = S 9
[839] = Z 9
[840] = CNOT 9 12
[841] = CNOT 9 15
[842] = S 9
[843] = CNOT 9 15
[844] = CNOT 9 16
[845] = Z 9
[846] = CNOT 9 16
[847] = CNOT 9 17
[848] = S 9
[849] = CNOT 9 17
[850] = CNOT 9 18
[851] = S 9
[852] = Z 9
[853] = CNOT 9 18
[854] = CNOT 9 19
[855] = S 9
[856] = CNOT 9 19
[857] = CNOT 9 20
[858] = S 9
[859] = Z 9
[860] = CNOT 9 20
[861] = CNOT 9 22
[862] = S 9
[863] = CNOT 9 22
[864] = CNOT 9 24
[865] = Z 9
[866] = CNOT 9 24
[867] = CNOT 9 25
[868] = S 9
[869] = CNOT 9 25
[870] = CNOT 9 26
[871] = S 9
[872] = CNOT 9 26
[873] = CNOT 9 27
[874] = Z 9
[875] = CNOT 9 27
[876] = CNOT 10 14
[877] = S 10
[878] = CNOT 10 14
[879] = CNOT 11 12
[880] = S 11
[881] = Z 11
[882] = CNOT 11 12
[883] = CNOT 11 13
[884] = S 11
[885] = Z 11
[886] = CNOT 11 13
[887] = CNOT 11 14
[888] = S 11
[889] = Z 11
[890] = CNOT 11 14
[891] = CNOT 11 15
[892] = S 11
[893] = CNOT 11 15
[894] = CNOT 11 16
[895] = S 11
[896] = CNOT 11 16
[897] = CNOT 11 17
[898] = S 11
[899] = CNOT 11 17
[900] = CNOT 11 18
[901] = S 11
[902] = Z 11
[903] = CNOT 11 18
[904] = CNOT 11 19
[905] = S 11
[906] = CNOT 11 19
[907] = CNOT 11 20
[908] = S 11
[909] = Z 11
[910] = CNOT 11 20
[911] = CNOT 11 22
[912] = S 11
[913] = CNOT 11 22
[914] = CNOT 11 24
[915] = Z 11
[916] = CNOT 11 24
[917] = CNOT 11 25
[918] = S 11
[919] = CNOT 11 25
[920] = CNOT 11 26
[921] = S 11
[922] = CNOT 11 26
[923] = CNOT 11 27
[924] = Z 11
[925] = CNOT 11 27
[926] = CNOT 12 13
[927] = S 12
[928] = Z 12
[929] = CNOT 12 13
[930] = CNOT 12 14
[931] = S 12
[932] = Z 12
[933] = CNOT 12 14
[934] = CNOT 12 15
[935] = Z 12
[936] = CNOT 12 15
[937] = CNOT 12 16
[938] = S 12
[939] = Z 12
[940] = CNOT 12 16
[941] = CNOT 12 17
[942] = S 12
[943] = CNOT 12 17
[944] = CNOT 12 18
[945] = S 12
[946] = Z 12
[947] = CNOT 12 18
[948] = CNOT 12 19
[949] = S 12
[950] = Z 12
[951] = CNOT 12 19
[952] = CNOT 12 20
[953] = S 12
[954] = Z 12
[955] = CNOT 12 20
[956] = CNOT 12 23
[957] = S 12
[958] = Z 12
[959] = CNOT 12 23
[960] = CNOT 12 25
[961] = S 12
[962] = Z 12
[963] = CNOT 12 25
[964] = CNOT 12 28
[965] = S 12
[966] = Z 12
[967] = CNOT 12 28
[968] = CNOT 13 14
[969] = S 13
[970] = Z 13
[971] = CNOT 13 14
[972] = CNOT 13 15
[973] = Z 13
[974] = CNOT 13 15
[975] = CNOT 13 16
[976] = S 13
[977] = CNOT 13 16
[978] = CNOT 13 17
[979] = S 13
[980] = CNOT 13 17
[981] = CNOT 13 18
[982] = S 13
[983] = Z 13
[984] = CNOT 13 18
[985] = CNOT 13 19
[986] = S 13
[987] = CNOT 13 19
[988] = CNOT 13 20
[989] = S 13
[990] = Z 13
[991] = CNOT 13 20
[992] = CNOT 13 22
[993] = S 13
[994] = CNOT 13 22
[995] = CNOT 13 24
[996] = Z 13
[997] = CNOT 13 24
[998] = CNOT 13 25
[999] = S 13
[1000] = CNOT 13 25
[1001] = CNOT 13 26
[1002] = S 13
[1003] = CNOT 13 26
[1004] = CNOT 13 27
[1005] = Z 13
[1006] = CNOT 13 27
[1007] = CNOT 14 15
[1008] = S 14
[1009] = CNOT 14 15
[1010] = CNOT 14 16
[1011] = S 14
[1012] = CNOT 14 16
[1013] = CNOT 14 17
[1014] = S 14
[1015] = CNOT 14 17
[1016] = CNOT 14 18
[1017] = S 14
[1018] = Z 14
[1019] = CNOT 14 18
[1020] = CNOT 14 19
[1021] = S 14
[1022] = CNOT 14 19
[1023] = CNOT 14 20
[1024] = S 14
[1025] = Z 14
[1026] = CNOT 14 20
[1027] = CNOT 14 22
[1028] = S 14
[1029] = CNOT 14 22
[1030] = CNOT 14 24
[1031] = Z 14
[1032] = CNOT 14 24
[1033] = CNOT 14 25
[1034] = S 14
[1035] = CNOT 14 25
[1036] = CNOT 14 26
[1037] = S 14
[1038] = CNOT 14 26
[1039] = CNOT 14 27
[1040] = Z 14
[1041] = CNOT 14 27
[1042] = CNOT 15 16
[1043] = S 15
[1044] = CNOT 15 16
[1045] = CNOT 15 18
[1046] = S 15
[1047] = CNOT 15 18
[1048] = CNOT 15 20
[1049] = Z 15
[1050] = CNOT 15 20
[1051] = CNOT 15 22
[1052] = S 15
[1053] = CNOT 15 22
[1054] = CNOT 15 23
[1055] = S 15
[1056] = CNOT 15 23
[1057] = CNOT 15 25
[1058] = S 15
[1059] = CNOT 15 25
[1060] = CNOT 15 28
[1061] = S 15
[1062] = CNOT 15 28
[1063] = CNOT 16 18
[1064] = S 16
[1065] = CNOT 16 18
[1066] = CNOT 16 19
[1067] = S 16
[1068] = Z 16
[1069] = CNOT 16 19
[1070] = CNOT 16 21
[1071] = S 16
[1072] = CNOT 16 21
[1073] = CNOT 16 22
[1074] = S 16
[1075] = CNOT 16 22
[1076] = CNOT 16 23
[1077] = Z 16
[1078] = CNOT 16 23
[1079] = CNOT 16 25
[1080] = S 16
[1081] = CNOT 16 25
[1082] = CNOT 16 26
[1083] = S 16
[1084] = Z 16
[1085] = CNOT 16 26
[1086] = CNOT 16 27
[1087] = S 16
[1088] = Z 16
[1089] = CNOT 16 27
[1090] = CNOT 16 28
[1091] = Z 16
[1092] = CNOT 16 28
[1093] = CNOT 17 19
[1094] = Z 17
[1095] = CNOT 17 19
[1096] = CNOT 17 21
[1097] = S 17
[1098] = CNOT 17 21
[1099] = CNOT 17 27
[1100] = S 17
[1101] = CNOT 17 27
[1102] = CNOT 17 28
[1103] = S 17
[1104] = CNOT 17 28
[1105] = CNOT 18 21
[1106] = S 18
[1107] = Z 18
[1108] = CNOT 18 21
[1109] = CNOT 18 22
[1110] = S 18
[1111] = CNOT 18 22
[1112] = CNOT 18 24
[1113] = S 18
[1114] = CNOT 18 24
[1115] = CNOT 18 26
[1116] = Z 18
[1117] = CNOT 18 26
[1118] = CNOT 18 27
[1119] = S 18
[1120] = CNOT 18 27
[1121] = CNOT 18 28
[1122] = S 18
[1123] = Z 18
[1124] = CNOT 18 28
[1125] = CNOT 19 20
[1126] = S 19
[1127] = CNOT 19 20
[1128] = CNOT 19 23
[1129] = S 19
[1130] = CNOT 19 23
[1131] = CNOT 19 24
[1132] = S 19
[1133] = Z 19
[1134] = CNOT 19 24
[1135] = CNOT 19 25
[1136] = Z 19
[1137] = CNOT 19 25
[1138] = CNOT 19 26
[1139] = S 19
[1140] = CNOT 19 26
[1141] = CNOT 19 27
[1142] = Z 19
[1143] = CNOT 19 27
[1144] = CNOT 19 28
[1145] = S 19
[1146] = CNOT 19 28
[1147] = CNOT 20 21
[1148] = S 20
[1149] = Z 20
[1150] = CNOT 20 21
[1151] = CNOT 20 22
[1152] = Z 20
[1153] = CNOT 20 22
[1154] = CNOT 20 28
[1155] = S 20
[1156] = Z 20
[1157] = CNOT 20 28
[1158] = CNOT 21 24
[1159] = Z 21
[1160] = CNOT 21 24
[1161] = CNOT 21 25
[1162] = S 21
[1163] = CNOT 21 25
[1164] = CNOT 21 26
[1165] = S 21
[1166] = CNOT 21 26
[1167] = CNOT 21 27
[1168] = Z 21
[1169] = CNOT 21 27
[1170] = CNOT 22 23
[1171] = S 22
[1172] = CNOT 22 23
[1173] = CNOT 22 25
[1174] = S 22
[1175] = CNOT 22 25
[1176] = CNOT 22 28
[1177] = S 22
[1178] = CNOT 22 28
[1179] = CNOT 24 27
[1180] = Z 24
[1181] = CNOT 24 27
[1182] = CNOT 24 28
[1183] = Z 24
[1184] = CNOT 24 28
[1185] = CNOT 25 28
[1186] = S 25
[1187] = CNOT 25 28
[1188] = CNOT 26 27
[1189] = S 26
[1190] = CNOT 26 27
[1191] = CNOT 26 28
[1192] = S 26
[1193] = CNOT 26 28
[1194] = CNOT 27 28
[1195] = Z 27
[1196] = CNOT 27 28
[1197] = CNOT 1 2
[1198] = CNOT 1 4
[1199] = Z 1
[1200] = CNOT 1 4
[1201] = CNOT 1 5
[1202] = S 1
[1203] = CNOT 1 5
[1204] = CNOT 1 17
[1205] = S 1
[1206] = Z 1
[1207] = CNOT 1 17
[1208] = CNOT 1 18
[1209] = Z 1
[1210] = CNOT 1 18
[1211] = CNOT 1 24
[1212] = Z 1
[1213] = CNOT 1 24
[1214] = CNOT 1 2
[1215] = CNOT 1 3
[1216] = CNOT 1 8
[1217] = S 1
[1218] = Z 1
[1219] = CNOT 1 8
[1220] = CNOT 1 9
[1221] = S 1
[1222] = Z 1
[1223] = CNOT 1 9
[1224] = CNOT 1 11
[1225] = S 1
[1226] = Z 1
[1227] = CNOT 1 11
[1228] = CNOT 1 13
[1229] = S 1
[1230] = Z 1
[1231] = CNOT 1 13
[1232] = CNOT 1 14
[1233] = S 1
[1234] = Z 1
[1235] = CNOT 1 14
[1236] = CNOT 1 16
[1237] = S 1
[1238] = Z 1
[1239] = CNOT 1 16
[1240] = CNOT 1 18
[1241] = S 1
[1242] = Z 1
[1243] = CNOT 1 18
[1244] = CNOT 1 19
[1245] = S 1
[1246] = Z 1
[1247] = CNOT 1 19
[1248] = CNOT 1 21
[1249] = S 1
[1250] = Z 1
[1251] = CNOT 1 21
[1252] = CNOT 1 26
[1253] = S 1
[1254] = Z 1
[1255] = CNOT 1 26
[1256] = CNOT 1 27
[1257] = S 1
[1258] = Z 1
[1259] = CNOT 1 27
[1260] = CNOT 1 28
[1261] = S 1
[1262] = Z 1
[1263] = CNOT 1 28
[1264] = CNOT 1 3
[1265] = CNOT 1 4
[1266] = CNOT 1 5
[1267] = Z 1
[1268] = CNOT 1 5
[1269] = CNOT 1 8
[1270] = S 1
[1271] = CNOT 1 8
[1272] = CNOT 1 9
[1273] = S 1
[1274] = CNOT 1 9
[1275] = CNOT 1 11
[1276] = S 1
[1277] = CNOT 1 11
[1278] = CNOT 1 13
[1279] = S 1
[1280] = CNOT 1 13
[1281] = CNOT 1 14
[1282] = S 1
[1283] = CNOT 1 14
[1284] = CNOT 1 17
[1285] = S 1
[1286] = Z 1
[1287] = CNOT 1 17
[1288] = CNOT 1 18
[1289] = Z 1
[1290] = CNOT 1 18
[1291] = CNOT 1 19
[1292] = S 1
[1293] = CNOT 1 19
[1294] = CNOT 1 21
[1295] = S 1
[1296] = CNOT 1 21
[1297] = CNOT 1 24
[1298] = S 1
[1299] = Z 1
[1300] = CNOT 1 24
[1301] = CNOT 1 27
[1302] = S 1
[1303] = CNOT 1 27
[1304] = CNOT 1 28
[1305] = S 1
[1306] = CNOT 1 28
[1307] = CNOT 1 4
[1308] = CNOT 1 5
[1309] = CNOT 1 17
[1310] = Z 1
[1311] = CNOT 1 17
[1312] = CNOT 1 18
[1313] = Z 1
[1314] = CNOT 1 18
[1315] = CNOT 1 24
[1316] = Z 1
[1317] = CNOT 1 24
[1318] = CNOT 1 5
[1319] = CNOT 1 8
[1320] = CNOT 1 9
[1321] = S 1
[1322] = CNOT 1 9
[1323] = CNOT 1 11
[1324] = S 1
[1325] = CNOT 1 11
[1326] = CNOT 1 13
[1327] = S 1
[1328] = CNOT 1 13
[1329] = CNOT 1 14
[1330] = S 1
[1331] = CNOT 1 14
[1332] = CNOT 1 16
[1333] = S 1
[1334] = Z 1
[1335] = CNOT 1 16
[1336] = CNOT 1 17
[1337] = Z 1
[1338] = CNOT 1 17
[1339] = CNOT 1 18
[1340] = S 1
[1341] = Z 1
[1342] = CNOT 1 18
[1343] = CNOT 1 19
[1344] = S 1
[1345] = CNOT 1 19
[1346] = CNOT 1 21
[1347] = S 1
[1348] = CNOT 1 21
[1349] = CNOT 1 24
[1350] = Z 1
[1351] = CNOT 1 24
[1352] = CNOT 1 26
[1353] = S 1
[1354] = Z 1
[1355] = CNOT 1 26
[1356] = CNOT 1 27
[1357] = Z 1
[1358] = CNOT 1 27
[1359] = CNOT 1 28
[1360] = S 1
[1361] = CNOT 1 28
[1362] = CNOT 1 8
[1363] = CNOT 1 9
[1364] = CNOT 1 11
[1365] = S 1
[1366] = CNOT 1 11
[1367] = CNOT 1 13
[1368] = S 1
[1369] = CNOT 1 13
[1370] = CNOT 1 14
[1371] = S 1
[1372] = CNOT 1 14
[1373] = CNOT 1 16
[1374] = S 1
[1375] = Z 1
[1376] = CNOT 1 16
[1377] = CNOT 1 17
[1378] = Z 1
[1379] = CNOT 1 17
[1380] = CNOT 1 18
[1381] = S 1
[1382] = Z 1
[1383] = CNOT 1 18
[1384] = CNOT 1 19
[1385] = S 1
[1386] = CNOT 1 19
[1387] = CNOT 1 21
[1388] = S 1
[1389] = CNOT 1 21
[1390] = CNOT 1 24
[1391] = Z 1
[1392] = CNOT 1 24
[1393] = CNOT 1 26
[1394] = S 1
[1395] = Z 1
[1396] = CNOT 1 26
[1397] = CNOT 1 27
[1398] = Z 1
[1399] = CNOT 1 27
[1400] = CNOT 1 28
[1401] = S 1
[1402] = CNOT 1 28
[1403] = CNOT 1 9
[1404] = CNOT 1 11
[1405] = CNOT 1 13
[1406] = S 1
[1407] = CNOT 1 13
[1408] = CNOT 1 14
[1409] = S 1
[1410] = CNOT 1 14
[1411] = CNOT 1 16
[1412] = S 1
[1413] = Z 1
[1414] = CNOT 1 16
[1415] = CNOT 1 17
[1416] = Z 1
[1417] = CNOT 1 17
[1418] = CNOT 1 18
[1419] = S 1
[1420] = Z 1
[1421] = CNOT 1 18
[1422] = CNOT 1 19
[1423] = S 1
[1424] = CNOT 1 19
[1425] = CNOT 1 21
[1426] = S 1
[1427] = CNOT 1 21
[1428] = CNOT 1 24
[1429] = Z 1
[1430] = CNOT 1 24
[1431] = CNOT 1 26
[1432] = S 1
[1433] = Z 1
[1434] = CNOT 1 26
[1435] = CNOT 1 27
[1436] = Z 1
[1437] = CNOT 1 27
[1438] = CNOT 1 28
[1439] = S 1
[1440] = CNOT 1 28
[1441] = CNOT 1 11
[1442] = CNOT 1 13
[1443] = CNOT 1 14
[1444] = S 1
[1445] = CNOT 1 14
[1446] = CNOT 1 16
[1447] = S 1
[1448] = Z 1
[1449] = CNOT 1 16
[1450] = CNOT 1 17
[1451] = Z 1
[1452] = CNOT 1 17
[1453] = CNOT 1 18
[1454] = S 1
[1455] = Z 1
[1456] = CNOT 1 18
[1457] = CNOT 1 19
[1458] = S 1
[1459] = CNOT 1 19
[1460] = CNOT 1 21
[1461] = S 1
[1462] = CNOT 1 21
[1463] = CNOT 1 24
[1464] = Z 1
[1465] = CNOT 1 24
[1466] = CNOT 1 26
[1467] = S 1
[1468] = Z 1
[1469] = CNOT 1 26
[1470] = CNOT 1 27
[1471] = Z 1
[1472] = CNOT 1 27
[1473] = CNOT 1 28
[1474] = S 1
[1475] = CNOT 1 28
[1476] = CNOT 1 13
[1477] = CNOT 1 14
[1478] = CNOT 1 16
[1479] = S 1
[1480] = Z 1
[1481] = CNOT 1 16
[1482] = CNOT 1 17
[1483] = Z 1
[1484] = CNOT 1 17
[1485] = CNOT 1 18
[1486] = S 1
[1487] = Z 1
[1488] = CNOT 1 18
[1489] = CNOT 1 19
[1490] = S 1
[1491] = CNOT 1 19
[1492] = CNOT 1 21
[1493] = S 1
[1494] = CNOT 1 21
[1495] = CNOT 1 24
[1496] = Z 1
[1497] = CNOT 1 24
[1498] = CNOT 1 26
[1499] = S 1
[1500] = Z 1
[1501] = CNOT 1 26
[1502] = CNOT 1 27
[1503] = Z 1
[1504] = CNOT 1 27
[1505] = CNOT 1 28
[1506] = S 1
[1507] = CNOT 1 28
[1508] = CNOT 1 14
[1509] = CNOT 1 16
[1510] = CNOT 1 18
[1511] = S 1
[1512] = Z 1
[1513] = CNOT 1 18
[1514] = CNOT 1 19
[1515] = S 1
[1516] = Z 1
[1517] = CNOT 1 19
[1518] = CNOT 1 21
[1519] = S 1
[1520] = Z 1
[1521] = CNOT 1 21
[1522] = CNOT 1 26
[1523] = S 1
[1524] = Z 1
[1525] = CNOT 1 26
[1526] = CNOT 1 27
[1527] = S 1
[1528] = Z 1
[1529] = CNOT 1 27
[1530] = CNOT 1 28
[1531] = S 1
[1532] = Z 1
[1533] = CNOT 1 28
[1534] = CNOT 1 16
[1535] = CNOT 1 17
[1536] = CNOT 1 18
[1537] = S 1
[1538] = Z 1
[1539] = CNOT 1 18
[1540] = CNOT 1 19
[1541] = Z 1
[1542] = CNOT 1 19
[1543] = CNOT 1 21
[1544] = Z 1
[1545] = CNOT 1 21
[1546] = CNOT 1 27
[1547] = Z 1
[1548] = CNOT 1 27
[1549] = CNOT 1 28
[1550] = Z 1
[1551] = CNOT 1 28
[1552] = CNOT 1 17
[1553] = CNOT 1 18
[1554] = CNOT 1 19
[1555] = S 1
[1556] = Z 1
[1557] = CNOT 1 19
[1558] = CNOT 1 21
[1559] = S 1
[1560] = Z 1
[1561] = CNOT 1 21
[1562] = CNOT 1 24
[1563] = S 1
[1564] = Z 1
[1565] = CNOT 1 24
[1566] = CNOT 1 26
[1567] = S 1
[1568] = Z 1
[1569] = CNOT 1 26
[1570] = CNOT 1 28
[1571] = S 1
[1572] = Z 1
[1573] = CNOT 1 28
[1574] = CNOT 1 18
[1575] = CNOT 1 19
[1576] = CNOT 1 21
[1577] = S 1
[1578] = CNOT 1 21
[1579] = CNOT 1 24
[1580] = Z 1
[1581] = CNOT 1 24
[1582] = CNOT 1 26
[1583] = S 1
[1584] = Z 1
[1585] = CNOT 1 26
[1586] = CNOT 1 27
[1587] = Z 1
[1588] = CNOT 1 27
[1589] = CNOT 1 28
[1590] = S 1
[1591] = CNOT 1 28
[1592] = CNOT 1 19
[1593] = CNOT 1 21
[1594] = CNOT 1 24
[1595] = Z 1
[1596] = CNOT 1 24
[1597] = CNOT 1 26
[1598] = S 1
[1599] = Z 1
[1600] = CNOT 1 26
[1601] = CNOT 1 27
[1602] = Z 1
[1603] = CNOT 1 27
[1604] = CNOT 1 28
[1605] = S 1
[1606] = CNOT 1 28
[1607] = CNOT 1 21
[1608] = CNOT 1 24
[1609] = CNOT 1 27
[1610] = Z 1
[1611] = CNOT 1 27
[1612] = CNOT 1 28
[1613] = Z 1
[1614] = CNOT 1 28
[1615] = CNOT 1 24
[1616] = CNOT 1 26
[1617] = CNOT 1 27
[1618] = S 1
[1619] = Z 1
[1620] = CNOT 1 27
[1621] = CNOT 1 28
[1622] = S 1
[1623] = Z 1
[1624] = CNOT 1 26
[1625] = CNOT 1 27
[1626] = Z 1
[1627] = CNOT 1 27
[1628] = CNOT 2 3
[1629] = CNOT 2 8
[1630] = S 2
[1631] = Z 2
[1632] = CNOT 2 8
[1633] = CNOT 2 9
[1634] = S 2
[1635] = Z 2
[1636] = CNOT 2 9
[1637] = CNOT 2 11
[1638] = S 2
[1639] = Z 2
[1640] = CNOT 2 11
[1641] = CNOT 2 13
[1642] = S 2
[1643] = Z 2
[1644] = CNOT 2 13
[1645] = CNOT 2 14
[1646] = S 2
[1647] = Z 2
[1648] = CNOT 2 14
[1649] = CNOT 2 16
[1650] = S 2
[1651] = Z 2
[1652] = CNOT 2 16
[1653] = CNOT 2 18
[1654] = S 2
[1655] = Z 2
[1656] = CNOT 2 18
[1657] = CNOT 2 19
[1658] = S 2
[1659] = Z 2
[1660] = CNOT 2 19
[1661] = CNOT 2 21
[1662] = S 2
[1663] = Z 2
[1664] = CNOT 2 21
[1665] = CNOT 2 26
[1666] = S 2
[1667] = Z 2
[1668] = CNOT 2 26
[1669] = CNOT 2 27
[1670] = S 2
[1671] = Z 2
[1672] = CNOT 2 27
[1673] = CNOT 2 28
[1674] = S 2
[1675] = Z 2
[1676] = CNOT 2 28
[1677] = CNOT 2 3
[1678] = CNOT 2 4
[1679] = CNOT 2 5
[1680] = S 2
[1681] = Z 2
[1682] = CNOT 2 5
[1683] = CNOT 2 8
[1684] = Z 2
[1685] = CNOT 2 8
[1686] = CNOT 2 9
[1687] = Z 2
[1688] = CNOT 2 9
[1689] = CNOT 2 11
[1690] = Z 2
[1691] = CNOT 2 11
[1692] = CNOT 2 13
[1693] = Z 2
[1694] = CNOT 2 13
[1695] = CNOT 2 14
[1696] = Z 2
[1697] = CNOT 2 14
[1698] = CNOT 2 18
[1699] = S 2
[1700] = Z 2
[1701] = CNOT 2 18
[1702] = CNOT 2 19
[1703] = Z 2
[1704] = CNOT 2 19
[1705] = CNOT 2 21
[1706] = Z 2
[1707] = CNOT 2 21
[1708] = CNOT 2 24
[1709] = S 2
[1710] = Z 2
[1711] = CNOT 2 24
[1712] = CNOT 2 27
[1713] = Z 2
[1714] = CNOT 2 27
[1715] = CNOT 2 28
[1716] = Z 2
[1717] = CNOT 2 28
[1718] = CNOT 2 4
[1719] = CNOT 2 5
[1720] = CNOT 2 8
[1721] = S 2
[1722] = CNOT 2 8
[1723] = CNOT 2 9
[1724] = S 2
[1725] = CNOT 2 9
[1726] = CNOT 2 11
[1727] = S 2
[1728] = CNOT 2 11
[1729] = CNOT 2 13
[1730] = S 2
[1731] = CNOT 2 13
[1732] = CNOT 2 14
[1733] = S 2
[1734] = CNOT 2 14
[1735] = CNOT 2 17
[1736] = S 2
[1737] = Z 2
[1738] = CNOT 2 17
[1739] = CNOT 2 18
[1740] = S 2
[1741] = Z 2
[1742] = CNOT 2 18
[1743] = CNOT 2 19
[1744] = S 2
[1745] = CNOT 2 19
[1746] = CNOT 2 21
[1747] = S 2
[1748] = CNOT 2 21
[1749] = CNOT 2 24
[1750] = Z 2
[1751] = CNOT 2 24
[1752] = CNOT 2 27
[1753] = S 2
[1754] = CNOT 2 27
[1755] = CNOT 2 28
[1756] = S 2
[1757] = CNOT 2 28
[1758] = CNOT 2 5
[1759] = CNOT 2 8
[1760] = CNOT 2 9
[1761] = S 2
[1762] = Z 2
[1763] = CNOT 2 9
[1764] = CNOT 2 11
[1765] = S 2
[1766] = Z 2
[1767] = CNOT 2 11
[1768] = CNOT 2 13
[1769] = S 2
[1770] = Z 2
[1771] = CNOT 2 13
[1772] = CNOT 2 14
[1773] = S 2
[1774] = Z 2
[1775] = CNOT 2 14
[1776] = CNOT 2 16
[1777] = S 2
[1778] = Z 2
[1779] = CNOT 2 16
[1780] = CNOT 2 17
[1781] = S 2
[1782] = Z 2
[1783] = CNOT 2 17
[1784] = CNOT 2 18
[1785] = S 2
[1786] = CNOT 2 18
[1787] = CNOT 2 19
[1788] = S 2
[1789] = Z 2
[1790] = CNOT 2 19
[1791] = CNOT 2 21
[1792] = S 2
[1793] = Z 2
[1794] = CNOT 2 21
[1795] = CNOT 2 24
[1796] = Z 2
[1797] = CNOT 2 24
[1798] = CNOT 2 26
[1799] = S 2
[1800] = Z 2
[1801] = CNOT 2 26
[1802] = CNOT 2 27
[1803] = S 2
[1804] = Z 2
[1805] = CNOT 2 27
[1806] = CNOT 2 28
[1807] = S 2
[1808] = Z 2
[1809] = CNOT 2 28
[1810] = CNOT 2 8
[1811] = CNOT 2 9
[1812] = CNOT 2 11
[1813] = S 2
[1814] = Z 2
[1815] = CNOT 2 11
[1816] = CNOT 2 13
[1817] = S 2
[1818] = Z 2
[1819] = CNOT 2 13
[1820] = CNOT 2 14
[1821] = S 2
[1822] = Z 2
[1823] = CNOT 2 14
[1824] = CNOT 2 16
[1825] = S 2
[1826] = Z 2
[1827] = CNOT 2 16
[1828] = CNOT 2 17
[1829] = S 2
[1830] = Z 2
[1831] = CNOT 2 17
[1832] = CNOT 2 18
[1833] = S 2
[1834] = CNOT 2 18
[1835] = CNOT 2 19
[1836] = S 2
[1837] = Z 2
[1838] = CNOT 2 19
[1839] = CNOT 2 21
[1840] = S 2
[1841] = Z 2
[1842] = CNOT 2 21
[1843] = CNOT 2 24
[1844] = Z 2
[1845] = CNOT 2 24
[1846] = CNOT 2 26
[1847] = S 2
[1848] = Z 2
[1849] = CNOT 2 26
[1850] = CNOT 2 27
[1851] = S 2
[1852] = Z 2
[1853] = CNOT 2 27
[1854] = CNOT 2 28
[1855] = S 2
[1856] = Z 2
[1857] = CNOT 2 28
[1858] = CNOT 2 9
[1859] = CNOT 2 11
[1860] = CNOT 2 13
[1861] = S 2
[1862] = Z 2
[1863] = CNOT 2 13
[1864] = CNOT 2 14
[1865] = S 2
[1866] = Z 2
[1867] = CNOT 2 14
[1868] = CNOT 2 16
[1869] = S 2
[1870] = Z 2
[1871] = CNOT 2 16
[1872] = CNOT 2 17
[1873] = S 2
[1874] = Z 2
[1875] = CNOT 2 17
[1876] = CNOT 2 18
[1877] = S 2
[1878] = CNOT 2 18
[1879] = CNOT 2 19
[1880] = S 2
[1881] = Z 2
[1882] = CNOT 2 19
[1883] = CNOT 2 21
[1884] = S 2
[1885] = Z 2
[1886] = CNOT 2 21
[1887] = CNOT 2 24
[1888] = Z 2
[1889] = CNOT 2 24
[1890] = CNOT 2 26
[1891] = S 2
[1892] = Z 2
[1893] = CNOT 2 26
[1894] = CNOT 2 27
[1895] = S 2
[1896] = Z 2
[1897] = CNOT 2 27
[1898] = CNOT 2 28
[1899] = S 2
[1900] = Z 2
[1901] = CNOT 2 28
[1902] = CNOT 2 11
[1903] = CNOT 2 13
[1904] = CNOT 2 14
[1905] = S 2
[1906] = Z 2
[1907] = CNOT 2 14
[1908] = CNOT 2 16
[1909] = S 2
[1910] = Z 2
[1911] = CNOT 2 16
[1912] = CNOT 2 17
[1913] = S 2
[1914] = Z 2
[1915] = CNOT 2 17
[1916] = CNOT 2 18
[1917] = S 2
[1918] = CNOT 2 18
[1919] = CNOT 2 19
[1920] = S 2
[1921] = Z 2
[1922] = CNOT 2 19
[1923] = CNOT 2 21
[1924] = S 2
[1925] = Z 2
[1926] = CNOT 2 21
[1927] = CNOT 2 24
[1928] = Z 2
[1929] = CNOT 2 24
[1930] = CNOT 2 26
[1931] = S 2
[1932] = Z 2
[1933] = CNOT 2 26
[1934] = CNOT 2 27
[1935] = S 2
[1936] = Z 2
[1937] = CNOT 2 27
[1938] = CNOT 2 28
[1939] = S 2
[1940] = Z 2
[1941] = CNOT 2 28
[1942] = CNOT 2 13
[1943] = CNOT 2 14
[1944] = CNOT 2 16
[1945] = S 2
[1946] = Z 2
[1947] = CNOT 2 16
[1948] = CNOT 2 17
[1949] = S 2
[1950] = Z 2
[1951] = CNOT 2 17
[1952] = CNOT 2 18
[1953] = S 2
[1954] = CNOT 2 18
[1955] = CNOT 2 19
[1956] = S 2
[1957] = Z 2
[1958] = CNOT 2 19
[1959] = CNOT 2 21
[1960] = S 2
[1961] = Z 2
[1962] = CNOT 2 21
[1963] = CNOT 2 24
[1964] = Z 2
[1965] = CNOT 2 24
[1966] = CNOT 2 26
[1967] = S 2
[1968] = Z 2
[1969] = CNOT 2 26
[1970] = CNOT 2 27
[1971] = S 2
[1972] = Z 2
[1973] = CNOT 2 27
[1974] = CNOT 2 28
[1975] = S 2
[1976] = Z 2
[1977] = CNOT 2 28
[1978] = CNOT 2 14
[1979] = CNOT 2 16
[1980] = CNOT 2 18
[1981] = S 2
[1982] = Z 2
[1983] = CNOT 2 18
[1984] = CNOT 2 19
[1985] = S 2
[1986] = Z 2
[1987] = CNOT 2 19
[1988] = CNOT 2 21
[1989] = S 2
[1990] = Z 2
[1991] = CNOT 2 21
[1992] = CNOT 2 26
[1993] = S 2
[1994] = Z 2
[1995] = CNOT 2 26
[1996] = CNOT 2 27
[1997] = Z 2
[1998] = CNOT 2 27
[1999] = CNOT 2 28
[2000] = S 2
[2001] = Z 2
[2002] = CNOT 2 28
[2003] = CNOT 2 16
[2004] = CNOT 2 17
[2005] = CNOT 2 19
[2006] = S 2
[2007] = Z 2
[2008] = CNOT 2 19
[2009] = CNOT 2 21
[2010] = S 2
[2011] = Z 2
[2012] = CNOT 2 21
[2013] = CNOT 2 27
[2014] = S 2
[2015] = Z 2
[2016] = CNOT 2 27
[2017] = CNOT 2 28
[2018] = S 2
[2019] = Z 2
[2020] = CNOT 2 28
[2021] = CNOT 2 17
[2022] = CNOT 2 18
[2023] = CNOT 2 19
[2024] = S 2
[2025] = CNOT 2 19
[2026] = CNOT 2 21
[2027] = S 2
[2028] = CNOT 2 21
[2029] = CNOT 2 24
[2030] = S 2
[2031] = Z 2
[2032] = CNOT 2 24
[2033] = CNOT 2 26
[2034] = S 2
[2035] = Z 2
[2036] = CNOT 2 26
[2037] = CNOT 2 27
[2038] = S 2
[2039] = CNOT 2 27
[2040] = CNOT 2 28
[2041] = S 2
[2042] = CNOT 2 28
[2043] = CNOT 2 18
[2044] = CNOT 2 19
[2045] = CNOT 2 21
[2046] = S 2
[2047] = Z 2
[2048] = CNOT 2 21
[2049] = CNOT 2 24
[2050] = Z 2
[2051] = CNOT 2 24
[2052] = CNOT 2 26
[2053] = S 2
[2054] = Z 2
[2055] = CNOT 2 26
[2056] = CNOT 2 27
[2057] = S 2
[2058] = Z 2
[2059] = CNOT 2 27
[2060] = CNOT 2 28
[2061] = S 2
[2062] = Z 2
[2063] = CNOT 2 28
[2064] = CNOT 2 19
[2065] = CNOT 2 21
[2066] = CNOT 2 24
[2067] = Z 2
[2068] = CNOT 2 24
[2069] = CNOT 2 26
[2070] = S 2
[2071] = Z 2
[2072] = CNOT 2 26
[2073] = CNOT 2 27
[2074] = S 2
[2075] = Z 2
[2076] = CNOT 2 27
[2077] = CNOT 2 28
[2078] = S 2
[2079] = Z 2
[2080] = CNOT 2 28
[2081] = CNOT 2 21
[2082] = CNOT 2 24
[2083] = CNOT 2 27
[2084] = Z 2
[2085] = CNOT 2 27
[2086] = CNOT 2 28
[2087] = Z 2
[2088] = CNOT 2 28
[2089] = CNOT 2 24
[2090] = CNOT 2 26
[2091] = CNOT 2 27
[2092] = S 2
[2093] = Z 2
[2094] = CNOT 2 27
[2095] = CNOT 2 28
[2096] = S 2
[2097] = Z 2
[2098] = CNOT 2 26
[2099] = CNOT 2 27
[2100] = S 2
[2101] = Z 2
[2102] = CNOT 3 8
[2103] = CNOT 3 9
[2104] = Z 3
[2105] = CNOT 3 9
[2106] = CNOT 3 11
[2107] = Z 3
[2108] = CNOT 3 11
[2109] = CNOT 3 13
[2110] = Z 3
[2111] = CNOT 3 13
[2112] = CNOT 3 14
[2113] = Z 3
[2114] = CNOT 3 14
[2115] = CNOT 3 16
[2116] = S 3
[2117] = Z 3
[2118] = CNOT 3 16
[2119] = CNOT 3 18
[2120] = Z 3
[2121] = CNOT 3 18
[2122] = CNOT 3 19
[2123] = Z 3
[2124] = CNOT 3 19
[2125] = CNOT 3 21
[2126] = Z 3
[2127] = CNOT 3 21
[2128] = CNOT 3 26
[2129] = Z 3
[2130] = CNOT 3 26
[2131] = CNOT 3 27
[2132] = Z 3
[2133] = CNOT 3 27
[2134] = CNOT 3 28
[2135] = Z 3
[2136] = CNOT 3 28
[2137] = CNOT 3 8
[2138] = CNOT 3 9
[2139] = CNOT 3 11
[2140] = Z 3
[2141] = CNOT 3 11
[2142] = CNOT 3 13
[2143] = Z 3
[2144] = CNOT 3 13
[2145] = CNOT 3 14
[2146] = Z 3
[2147] = CNOT 3 14
[2148] = CNOT 3 16
[2149] = S 3
[2150] = Z 3
[2151] = CNOT 3 16
[2152] = CNOT 3 18
[2153] = Z 3
[2154] = CNOT 3 18
[2155] = CNOT 3 19
[2156] = Z 3
[2157] = CNOT 3 19
[2158] = CNOT 3 21
[2159] = Z 3
[2160] = CNOT 3 21
[2161] = CNOT 3 26
[2162] = Z 3
[2163] = CNOT 3 26
[2164] = CNOT 3 27
[2165] = Z 3
[2166] = CNOT 3 27
[2167] = CNOT 3 28
[2168] = Z 3
[2169] = CNOT 3 28
[2170] = CNOT 3 9
[2171] = CNOT 3 11
[2172] = CNOT 3 13
[2173] = Z 3
[2174] = CNOT 3 13
[2175] = CNOT 3 14
[2176] = Z 3
[2177] = CNOT 3 14
[2178] = CNOT 3 16
[2179] = S 3
[2180] = Z 3
[2181] = CNOT 3 16
[2182] = CNOT 3 18
[2183] = Z 3
[2184] = CNOT 3 18
[2185] = CNOT 3 19
[2186] = Z 3
[2187] = CNOT 3 19
[2188] = CNOT 3 21
[2189] = Z 3
[2190] = CNOT 3 21
[2191] = CNOT 3 26
[2192] = Z 3
[2193] = CNOT 3 26
[2194] = CNOT 3 27
[2195] = Z 3
[2196] = CNOT 3 27
[2197] = CNOT 3 28
[2198] = Z 3
[2199] = CNOT 3 28
[2200] = CNOT 3 11
[2201] = CNOT 3 13
[2202] = CNOT 3 14
[2203] = Z 3
[2204] = CNOT 3 14
[2205] = CNOT 3 16
[2206] = S 3
[2207] = Z 3
[2208] = CNOT 3 16
[2209] = CNOT 3 18
[2210] = Z 3
[2211] = CNOT 3 18
[2212] = CNOT 3 19
[2213] = Z 3
[2214] = CNOT 3 19
[2215] = CNOT 3 21
[2216] = Z 3
[2217] = CNOT 3 21
[2218] = CNOT 3 26
[2219] = Z 3
[2220] = CNOT 3 26
[2221] = CNOT 3 27
[2222] = Z 3
[2223] = CNOT 3 27
[2224] = CNOT 3 28
[2225] = Z 3
[2226] = CNOT 3 28
[2227] = CNOT 3 13
[2228] = CNOT 3 14
[2229] = CNOT 3 16
[2230] = S 3
[2231] = Z 3
[2232] = CNOT 3 16
[2233] = CNOT 3 18
[2234] = Z 3
[2235] = CNOT 3 18
[2236] = CNOT 3 19
[2237] = Z 3
[2238] = CNOT 3 19
[2239] = CNOT 3 21
[2240] = Z 3
[2241] = CNOT 3 21
[2242] = CNOT 3 26
[2243] = Z 3
[2244] = CNOT 3 26
[2245] = CNOT 3 27
[2246] = Z 3
[2247] = CNOT 3 27
[2248] = CNOT 3 28
[2249] = Z 3
[2250] = CNOT 3 28
[2251] = CNOT 3 14
[2252] = CNOT 3 16
[2253] = CNOT 3 18
[2254] = S 3
[2255] = Z 3
[2256] = CNOT 3 18
[2257] = CNOT 3 19
[2258] = S 3
[2259] = Z 3
[2260] = CNOT 3 19
[2261] = CNOT 3 21
[2262] = S 3
[2263] = Z 3
[2264] = CNOT 3 21
[2265] = CNOT 3 26
[2266] = S 3
[2267] = Z 3
[2268] = CNOT 3 26
[2269] = CNOT 3 27
[2270] = S 3
[2271] = Z 3
[2272] = CNOT 3 27
[2273] = CNOT 3 28
[2274] = S 3
[2275] = Z 3
[2276] = CNOT 3 28
[2277] = CNOT 3 16
[2278] = CNOT 3 18
[2279] = CNOT 3 19
[2280] = Z 3
[2281] = CNOT 3 19
[2282] = CNOT 3 21
[2283] = Z 3
[2284] = CNOT 3 21
[2285] = CNOT 3 26
[2286] = Z 3
[2287] = CNOT 3 26
[2288] = CNOT 3 27
[2289] = Z 3
[2290] = CNOT 3 27
[2291] = CNOT 3 28
[2292] = Z 3
[2293] = CNOT 3 28
[2294] = CNOT 3 18
[2295] = CNOT 3 19
[2296] = CNOT 3 21
[2297] = Z 3
[2298] = CNOT 3 21
[2299] = CNOT 3 26
[2300] = Z 3
[2301] = CNOT 3 26
[2302] = CNOT 3 27
[2303] = Z 3
[2304] = CNOT 3 27
[2305] = CNOT 3 28
[2306] = Z 3
[2307] = CNOT 3 28
[2308] = CNOT 3 19
[2309] = CNOT 3 21
[2310] = CNOT 3 26
[2311] = Z 3
[2312] = CNOT 3 26
[2313] = CNOT 3 27
[2314] = Z 3
[2315] = CNOT 3 27
[2316] = CNOT 3 28
[2317] = Z 3
[2318] = CNOT 3 28
[2319] = CNOT 3 21
[2320] = CNOT 3 26
[2321] = CNOT 3 27
[2322] = Z 3
[2323] = CNOT 3 27
[2324] = CNOT 3 28
[2325] = Z 3
[2326] = CNOT 3 26
[2327] = CNOT 3 27
[2328] = Z 3
[2329] = CNOT 3 28
[2330] = CNOT 3 27
[2331] = CNOT 4 5
[2332] = CNOT 4 8
[2333] = Z 4
[2334] = CNOT 4 8
[2335] = CNOT 4 9
[2336] = Z 4
[2337] = CNOT 4 9
[2338] = CNOT 4 11
[2339] = Z 4
[2340] = CNOT 4 11
[2341] = CNOT 4 13
[2342] = Z 4
[2343] = CNOT 4 13
[2344] = CNOT 4 14
[2345] = Z 4
[2346] = CNOT 4 14
[2347] = CNOT 4 17
[2348] = S 4
[2349] = Z 4
[2350] = CNOT 4 17
[2351] = CNOT 4 18
[2352] = S 4
[2353] = Z 4
[2354] = CNOT 4 18
[2355] = CNOT 4 19
[2356] = Z 4
[2357] = CNOT 4 19
[2358] = CNOT 4 21
[2359] = Z 4
[2360] = CNOT 4 21
[2361] = CNOT 4 24
[2362] = S 4
[2363] = Z 4
[2364] = CNOT 4 24
[2365] = CNOT 4 27
[2366] = Z 4
[2367] = CNOT 4 27
[2368] = CNOT 4 28
[2369] = Z 4
[2370] = CNOT 4 28
[2371] = CNOT 4 5
[2372] = CNOT 4 8
[2373] = CNOT 4 9
[2374] = S 4
[2375] = CNOT 4 9
[2376] = CNOT 4 11
[2377] = S 4
[2378] = CNOT 4 11
[2379] = CNOT 4 13
[2380] = S 4
[2381] = CNOT 4 13
[2382] = CNOT 4 14
[2383] = S 4
[2384] = CNOT 4 14
[2385] = CNOT 4 17
[2386] = S 4
[2387] = Z 4
[2388] = CNOT 4 17
[2389] = CNOT 4 18
[2390] = Z 4
[2391] = CNOT 4 18
[2392] = CNOT 4 19
[2393] = S 4
[2394] = CNOT 4 19
[2395] = CNOT 4 21
[2396] = S 4
[2397] = CNOT 4 21
[2398] = CNOT 4 24
[2399] = S 4
[2400] = Z 4
[2401] = CNOT 4 24
[2402] = CNOT 4 27
[2403] = S 4
[2404] = CNOT 4 27
[2405] = CNOT 4 28
[2406] = S 4
[2407] = CNOT 4 28
[2408] = CNOT 4 8
[2409] = CNOT 4 9
[2410] = CNOT 4 11
[2411] = S 4
[2412] = CNOT 4 11
[2413] = CNOT 4 13
[2414] = S 4
[2415] = CNOT 4 13
[2416] = CNOT 4 14
[2417] = S 4
[2418] = CNOT 4 14
[2419] = CNOT 4 17
[2420] = S 4
[2421] = Z 4
[2422] = CNOT 4 17
[2423] = CNOT 4 18
[2424] = Z 4
[2425] = CNOT 4 18
[2426] = CNOT 4 19
[2427] = S 4
[2428] = CNOT 4 19
[2429] = CNOT 4 21
[2430] = S 4
[2431] = CNOT 4 21
[2432] = CNOT 4 24
[2433] = S 4
[2434] = Z 4
[2435] = CNOT 4 24
[2436] = CNOT 4 27
[2437] = S 4
[2438] = CNOT 4 27
[2439] = CNOT 4 28
[2440] = S 4
[2441] = CNOT 4 28
[2442] = CNOT 4 9
[2443] = CNOT 4 11
[2444] = CNOT 4 13
[2445] = S 4
[2446] = CNOT 4 13
[2447] = CNOT 4 14
[2448] = S 4
[2449] = CNOT 4 14
[2450] = CNOT 4 17
[2451] = S 4
[2452] = Z 4
[2453] = CNOT 4 17
[2454] = CNOT 4 18
[2455] = Z 4
[2456] = CNOT 4 18
[2457] = CNOT 4 19
[2458] = S 4
[2459] = CNOT 4 19
[2460] = CNOT 4 21
[2461] = S 4
[2462] = CNOT 4 21
[2463] = CNOT 4 24
[2464] = S 4
[2465] = Z 4
[2466] = CNOT 4 24
[2467] = CNOT 4 27
[2468] = S 4
[2469] = CNOT 4 27
[2470] = CNOT 4 28
[2471] = S 4
[2472] = CNOT 4 28
[2473] = CNOT 4 11
[2474] = CNOT 4 13
[2475] = CNOT 4 14
[2476] = S 4
[2477] = CNOT 4 14
[2478] = CNOT 4 17
[2479] = S 4
[2480] = Z 4
[2481] = CNOT 4 17
[2482] = CNOT 4 18
[2483] = Z 4
[2484] = CNOT 4 18
[2485] = CNOT 4 19
[2486] = S 4
[2487] = CNOT 4 19
[2488] = CNOT 4 21
[2489] = S 4
[2490] = CNOT 4 21
[2491] = CNOT 4 24
[2492] = S 4
[2493] = Z 4
[2494] = CNOT 4 24
[2495] = CNOT 4 27
[2496] = S 4
[2497] = CNOT 4 27
[2498] = CNOT 4 28
[2499] = S 4
[2500] = CNOT 4 28
[2501] = CNOT 4 13
[2502] = CNOT 4 14
[2503] = CNOT 4 17
[2504] = S 4
[2505] = Z 4
[2506] = CNOT 4 17
[2507] = CNOT 4 18
[2508] = Z 4
[2509] = CNOT 4 18
[2510] = CNOT 4 19
[2511] = S 4
[2512] = CNOT 4 19
[2513] = CNOT 4 21
[2514] = S 4
[2515] = CNOT 4 21
[2516] = CNOT 4 24
[2517] = S 4
[2518] = Z 4
[2519] = CNOT 4 24
[2520] = CNOT 4 27
[2521] = S 4
[2522] = CNOT 4 27
[2523] = CNOT 4 28
[2524] = S 4
[2525] = CNOT 4 28
[2526] = CNOT 4 14
[2527] = CNOT 4 17
[2528] = CNOT 4 19
[2529] = S 4
[2530] = Z 4
[2531] = CNOT 4 19
[2532] = CNOT 4 21
[2533] = S 4
[2534] = Z 4
[2535] = CNOT 4 21
[2536] = CNOT 4 27
[2537] = S 4
[2538] = Z 4
[2539] = CNOT 4 27
[2540] = CNOT 4 28
[2541] = S 4
[2542] = Z 4
[2543] = CNOT 4 28
[2544] = CNOT 4 17
[2545] = CNOT 4 18
[2546] = CNOT 4 19
[2547] = Z 4
[2548] = CNOT 4 19
[2549] = CNOT 4 21
[2550] = Z 4
[2551] = CNOT 4 21
[2552] = CNOT 4 27
[2553] = Z 4
[2554] = CNOT 4 27
[2555] = CNOT 4 28
[2556] = Z 4
[2557] = CNOT 4 28
[2558] = CNOT 4 18
[2559] = CNOT 4 19
[2560] = CNOT 4 21
[2561] = S 4
[2562] = CNOT 4 21
[2563] = CNOT 4 24
[2564] = S 4
[2565] = Z 4
[2566] = CNOT 4 24
[2567] = CNOT 4 27
[2568] = S 4
[2569] = CNOT 4 27
[2570] = CNOT 4 28
[2571] = S 4
[2572] = CNOT 4 28
[2573] = CNOT 4 19
[2574] = CNOT 4 21
[2575] = CNOT 4 24
[2576] = S 4
[2577] = Z 4
[2578] = CNOT 4 24
[2579] = CNOT 4 27
[2580] = S 4
[2581] = CNOT 4 27
[2582] = CNOT 4 28
[2583] = S 4
[2584] = CNOT 4 28
[2585] = CNOT 4 21
[2586] = CNOT 4 24
[2587] = CNOT 4 27
[2588] = S 4
[2589] = Z 4
[2590] = CNOT 4 27
[2591] = CNOT 4 28
[2592] = S 4
[2593] = Z 4
[2594] = CNOT 4 24
[2595] = CNOT 4 27
[2596] = S 4
[2597] = CNOT 4 28
[2598] = CNOT 4 27
[2599] = CNOT 5 8
[2600] = CNOT 5 17
[2601] = Z 5
[2602] = CNOT 5 17
[2603] = CNOT 5 18
[2604] = Z 5
[2605] = CNOT 5 18
[2606] = CNOT 5 24
[2607] = Z 5
[2608] = CNOT 5 24
[2609] = CNOT 5 8
[2610] = CNOT 5 9
[2611] = CNOT 5 17
[2612] = Z 5
[2613] = CNOT 5 17
[2614] = CNOT 5 18
[2615] = Z 5
[2616] = CNOT 5 18
[2617] = CNOT 5 24
[2618] = Z 5
[2619] = CNOT 5 24
[2620] = CNOT 5 9
[2621] = CNOT 5 11
[2622] = CNOT 5 17
[2623] = Z 5
[2624] = CNOT 5 17
[2625] = CNOT 5 18
[2626] = Z 5
[2627] = CNOT 5 18
[2628] = CNOT 5 24
[2629] = Z 5
[2630] = CNOT 5 24
[2631] = CNOT 5 11
[2632] = CNOT 5 13
[2633] = CNOT 5 17
[2634] = Z 5
[2635] = CNOT 5 17
[2636] = CNOT 5 18
[2637] = Z 5
[2638] = CNOT 5 18
[2639] = CNOT 5 24
[2640] = Z 5
[2641] = CNOT 5 24
[2642] = CNOT 5 13
[2643] = CNOT 5 14
[2644] = CNOT 5 17
[2645] = Z 5
[2646] = CNOT 5 17
[2647] = CNOT 5 18
[2648] = Z 5
[2649] = CNOT 5 18
[2650] = CNOT 5 24
[2651] = Z 5
[2652] = CNOT 5 24
[2653] = CNOT 5 14
[2654] = CNOT 5 17
[2655] = CNOT 5 18
[2656] = S 5
[2657] = Z 5
[2658] = CNOT 5 18
[2659] = CNOT 5 19
[2660] = Z 5
[2661] = CNOT 5 19
[2662] = CNOT 5 21
[2663] = Z 5
[2664] = CNOT 5 21
[2665] = CNOT 5 27
[2666] = Z 5
[2667] = CNOT 5 27
[2668] = CNOT 5 28
[2669] = Z 5
[2670] = CNOT 5 28
[2671] = CNOT 5 17
[2672] = CNOT 5 18
[2673] = CNOT 5 19
[2674] = Z 5
[2675] = CNOT 5 19
[2676] = CNOT 5 21
[2677] = Z 5
[2678] = CNOT 5 21
[2679] = CNOT 5 24
[2680] = S 5
[2681] = Z 5
[2682] = CNOT 5 24
[2683] = CNOT 5 27
[2684] = Z 5
[2685] = CNOT 5 27
[2686] = CNOT 5 28
[2687] = Z 5
[2688] = CNOT 5 28
[2689] = CNOT 5 18
[2690] = CNOT 5 19
[2691] = CNOT 5 24
[2692] = Z 5
[2693] = CNOT 5 19
[2694] = CNOT 5 21
[2695] = Z 5
[2696] = CNOT 5 21
[2697] = CNOT 5 27
[2698] = Z 5
[2699] = CNOT 5 27
[2700] = CNOT 5 28
[2701] = Z 5
[2702] = CNOT 5 28
[2703] = CNOT 5 24
[2704] = CNOT 6 7
[2705] = CNOT 6 8
[2706] = S 6
[2707] = Z 6
[2708] = CNOT 6 8
[2709] = CNOT 6 9
[2710] = S 6
[2711] = Z 6
[2712] = CNOT 6 9
[2713] = CNOT 6 11
[2714] = S 6
[2715] = Z 6
[2716] = CNOT 6 11
[2717] = CNOT 6 13
[2718] = S 6
[2719] = Z 6
[2720] = CNOT 6 13
[2721] = CNOT 6 14
[2722] = S 6
[2723] = Z 6
[2724] = CNOT 6 14
[2725] = CNOT 6 15
[2726] = S 6
[2727] = Z 6
[2728] = CNOT 6 15
[2729] = CNOT 6 16
[2730] = S 6
[2731] = Z 6
[2732] = CNOT 6 16
[2733] = CNOT 6 18
[2734] = S 6
[2735] = Z 6
[2736] = CNOT 6 18
[2737] = CNOT 6 19
[2738] = S 6
[2739] = Z 6
[2740] = CNOT 6 19
[2741] = CNOT 6 20
[2742] = S 6
[2743] = Z 6
[2744] = CNOT 6 20
[2745] = CNOT 6 23
[2746] = S 6
[2747] = Z 6
[2748] = CNOT 6 23
[2749] = CNOT 6 25
[2750] = S 6
[2751] = Z 6
[2752] = CNOT 6 25
[2753] = CNOT 6 28
[2754] = S 6
[2755] = Z 6
[2756] = CNOT 6 28
[2757] = CNOT 6 7
[2758] = CNOT 6 8
[2759] = CNOT 6 9
[2760] = S 6
[2761] = CNOT 6 9
[2762] = CNOT 6 11
[2763] = S 6
[2764] = CNOT 6 11
[2765] = CNOT 6 12
[2766] = S 6
[2767] = Z 6
[2768] = CNOT 6 12
[2769] = CNOT 6 13
[2770] = S 6
[2771] = CNOT 6 13
[2772] = CNOT 6 14
[2773] = S 6
[2774] = CNOT 6 14
[2775] = CNOT 6 15
[2776] = Z 6
[2777] = CNOT 6 15
[2778] = CNOT 6 16
[2779] = S 6
[2780] = CNOT 6 16
[2781] = CNOT 6 18
[2782] = S 6
[2783] = CNOT 6 18
[2784] = CNOT 6 19
[2785] = Z 6
[2786] = CNOT 6 19
[2787] = CNOT 6 20
[2788] = S 6
[2789] = CNOT 6 20
[2790] = CNOT 6 22
[2791] = S 6
[2792] = Z 6
[2793] = CNOT 6 22
[2794] = CNOT 6 23
[2795] = S 6
[2796] = CNOT 6 23
[2797] = CNOT 6 25
[2798] = S 6
[2799] = CNOT 6 25
[2800] = CNOT 6 28
[2801] = S 6
[2802] = CNOT 6 28
[2803] = CNOT 6 8
[2804] = CNOT 6 9
[2805] = CNOT 6 11
[2806] = S 6
[2807] = CNOT 6 11
[2808] = CNOT 6 12
[2809] = S 6
[2810] = Z 6
[2811] = CNOT 6 12
[2812] = CNOT 6 13
[2813] = S 6
[2814] = CNOT 6 13
[2815] = CNOT 6 14
[2816] = S 6
[2817] = CNOT 6 14
[2818] = CNOT 6 15
[2819] = Z 6
[2820] = CNOT 6 15
[2821] = CNOT 6 16
[2822] = S 6
[2823] = CNOT 6 16
[2824] = CNOT 6 18
[2825] = S 6
[2826] = CNOT 6 18
[2827] = CNOT 6 19
[2828] = Z 6
[2829] = CNOT 6 19
[2830] = CNOT 6 20
[2831] = S 6
[2832] = CNOT 6 20
[2833] = CNOT 6 22
[2834] = S 6
[2835] = Z 6
[2836] = CNOT 6 22
[2837] = CNOT 6 23
[2838] = S 6
[2839] = CNOT 6 23
[2840] = CNOT 6 25
[2841] = S 6
[2842] = CNOT 6 25
[2843] = CNOT 6 28
[2844] = S 6
[2845] = CNOT 6 28
[2846] = CNOT 6 9
[2847] = CNOT 6 11
[2848] = CNOT 6 12
[2849] = S 6
[2850] = Z 6
[2851] = CNOT 6 12
[2852] = CNOT 6 13
[2853] = S 6
[2854] = CNOT 6 13
[2855] = CNOT 6 14
[2856] = S 6
[2857] = CNOT 6 14
[2858] = CNOT 6 15
[2859] = Z 6
[2860] = CNOT 6 15
[2861] = CNOT 6 16
[2862] = S 6
[2863] = CNOT 6 16
[2864] = CNOT 6 18
[2865] = S 6
[2866] = CNOT 6 18
[2867] = CNOT 6 19
[2868] = Z 6
[2869] = CNOT 6 19
[2870] = CNOT 6 20
[2871] = S 6
[2872] = CNOT 6 20
[2873] = CNOT 6 22
[2874] = S 6
[2875] = Z 6
[2876] = CNOT 6 22
[2877] = CNOT 6 23
[2878] = S 6
[2879] = CNOT 6 23
[2880] = CNOT 6 25
[2881] = S 6
[2882] = CNOT 6 25
[2883] = CNOT 6 28
[2884] = S 6
[2885] = CNOT 6 28
[2886] = CNOT 6 11
[2887] = CNOT 6 12
[2888] = CNOT 6 13
[2889] = S 6
[2890] = Z 6
[2891] = CNOT 6 13
[2892] = CNOT 6 14
[2893] = S 6
[2894] = Z 6
[2895] = CNOT 6 14
[2896] = CNOT 6 16
[2897] = S 6
[2898] = Z 6
[2899] = CNOT 6 16
[2900] = CNOT 6 18
[2901] = S 6
[2902] = Z 6
[2903] = CNOT 6 18
[2904] = CNOT 6 19
[2905] = S 6
[2906] = Z 6
[2907] = CNOT 6 19
[2908] = CNOT 6 20
[2909] = S 6
[2910] = Z 6
[2911] = CNOT 6 20
[2912] = CNOT 6 23
[2913] = S 6
[2914] = Z 6
[2915] = CNOT 6 23
[2916] = CNOT 6 25
[2917] = S 6
[2918] = Z 6
[2919] = CNOT 6 25
[2920] = CNOT 6 28
[2921] = S 6
[2922] = Z 6
[2923] = CNOT 6 28
[2924] = CNOT 6 12
[2925] = CNOT 6 13
[2926] = CNOT 6 14
[2927] = S 6
[2928] = CNOT 6 14
[2929] = CNOT 6 15
[2930] = Z 6
[2931] = CNOT 6 15
[2932] = CNOT 6 16
[2933] = S 6
[2934] = CNOT 6 16
[2935] = CNOT 6 18
[2936] = S 6
[2937] = CNOT 6 18
[2938] = CNOT 6 19
[2939] = Z 6
[2940] = CNOT 6 19
[2941] = CNOT 6 20
[2942] = S 6
[2943] = CNOT 6 20
[2944] = CNOT 6 22
[2945] = S 6
[2946] = Z 6
[2947] = CNOT 6 22
[2948] = CNOT 6 23
[2949] = S 6
[2950] = CNOT 6 23
[2951] = CNOT 6 25
[2952] = S 6
[2953] = CNOT 6 25
[2954] = CNOT 6 28
[2955] = S 6
[2956] = CNOT 6 28
[2957] = CNOT 6 13
[2958] = CNOT 6 14
[2959] = CNOT 6 15
[2960] = Z 6
[2961] = CNOT 6 15
[2962] = CNOT 6 16
[2963] = S 6
[2964] = CNOT 6 16
[2965] = CNOT 6 18
[2966] = S 6
[2967] = CNOT 6 18
[2968] = CNOT 6 19
[2969] = Z 6
[2970] = CNOT 6 19
[2971] = CNOT 6 20
[2972] = S 6
[2973] = CNOT 6 20
[2974] = CNOT 6 22
[2975] = S 6
[2976] = Z 6
[2977] = CNOT 6 22
[2978] = CNOT 6 23
[2979] = S 6
[2980] = CNOT 6 23
[2981] = CNOT 6 25
[2982] = S 6
[2983] = CNOT 6 25
[2984] = CNOT 6 28
[2985] = S 6
[2986] = CNOT 6 28
[2987] = CNOT 6 14
[2988] = CNOT 6 15
[2989] = CNOT 6 16
[2990] = Z 6
[2991] = CNOT 6 16
[2992] = CNOT 6 18
[2993] = Z 6
[2994] = CNOT 6 18
[2995] = CNOT 6 19
[2996] = S 6
[2997] = Z 6
[2998] = CNOT 6 19
[2999] = CNOT 6 20
[3000] = Z 6
[3001] = CNOT 6 20
[3002] = CNOT 6 22
[3003] = S 6
[3004] = Z 6
[3005] = CNOT 6 22
[3006] = CNOT 6 23
[3007] = Z 6
[3008] = CNOT 6 23
[3009] = CNOT 6 25
[3010] = Z 6
[3011] = CNOT 6 25
[3012] = CNOT 6 28
[3013] = Z 6
[3014] = CNOT 6 28
[3015] = CNOT 6 15
[3016] = CNOT 6 16
[3017] = CNOT 6 18
[3018] = S 6
[3019] = CNOT 6 18
[3020] = CNOT 6 19
[3021] = Z 6
[3022] = CNOT 6 19
[3023] = CNOT 6 20
[3024] = S 6
[3025] = CNOT 6 20
[3026] = CNOT 6 22
[3027] = S 6
[3028] = Z 6
[3029] = CNOT 6 22
[3030] = CNOT 6 25
[3031] = S 6
[3032] = CNOT 6 25
[3033] = CNOT 6 28
[3034] = S 6
[3035] = CNOT 6 28
[3036] = CNOT 6 16
[3037] = CNOT 6 18
[3038] = CNOT 6 19
[3039] = Z 6
[3040] = CNOT 6 19
[3041] = CNOT 6 20
[3042] = S 6
[3043] = CNOT 6 20
[3044] = CNOT 6 22
[3045] = S 6
[3046] = Z 6
[3047] = CNOT 6 22
[3048] = CNOT 6 23
[3049] = S 6
[3050] = CNOT 6 23
[3051] = CNOT 6 25
[3052] = S 6
[3053] = CNOT 6 25
[3054] = CNOT 6 28
[3055] = S 6
[3056] = CNOT 6 28
[3057] = CNOT 6 18
[3058] = CNOT 6 19
[3059] = CNOT 6 20
[3060] = Z 6
[3061] = CNOT 6 20
[3062] = CNOT 6 23
[3063] = Z 6
[3064] = CNOT 6 23
[3065] = CNOT 6 25
[3066] = Z 6
[3067] = CNOT 6 25
[3068] = CNOT 6 28
[3069] = Z 6
[3070] = CNOT 6 28
[3071] = CNOT 6 19
[3072] = CNOT 6 20
[3073] = CNOT 6 22
[3074] = S 6
[3075] = Z 6
[3076] = CNOT 6 22
[3077] = CNOT 6 23
[3078] = S 6
[3079] = CNOT 6 23
[3080] = CNOT 6 25
[3081] = S 6
[3082] = CNOT 6 25
[3083] = CNOT 6 28
[3084] = S 6
[3085] = CNOT 6 28
[3086] = CNOT 6 20
[3087] = CNOT 6 22
[3088] = CNOT 6 23
[3089] = S 6
[3090] = Z 6
[3091] = CNOT 6 23
[3092] = CNOT 6 25
[3093] = S 6
[3094] = Z 6
[3095] = CNOT 6 25
[3096] = CNOT 6 28
[3097] = S 6
[3098] = Z 6
[3099] = CNOT 6 28
[3100] = CNOT 6 22
[3101] = CNOT 6 23
[3102] = CNOT 6 25
[3103] = S 6
[3104] = CNOT 6 25
[3105] = CNOT 6 28
[3106] = S 6
[3107] = CNOT 6 23
[3108] = CNOT 6 25
[3109] = S 6
[3110] = CNOT 6 25
[3111] = CNOT 7 8
[3112] = CNOT 7 9
[3113] = Z 7
[3114] = CNOT 7 9
[3115] = CNOT 7 11
[3116] = Z 7
[3117] = CNOT 7 11
[3118] = CNOT 7 12
[3119] = S 7
[3120] = Z 7
[3121] = CNOT 7 12
[3122] = CNOT 7 13
[3123] = Z 7
[3124] = CNOT 7 13
[3125] = CNOT 7 14
[3126] = Z 7
[3127] = CNOT 7 14
[3128] = CNOT 7 15
[3129] = Z 7
[3130] = CNOT 7 15
[3131] = CNOT 7 16
[3132] = Z 7
[3133] = CNOT 7 16
[3134] = CNOT 7 18
[3135] = Z 7
[3136] = CNOT 7 18
[3137] = CNOT 7 19
[3138] = Z 7
[3139] = CNOT 7 19
[3140] = CNOT 7 20
[3141] = Z 7
[3142] = CNOT 7 20
[3143] = CNOT 7 23
[3144] = Z 7
[3145] = CNOT 7 23
[3146] = CNOT 7 25
[3147] = Z 7
[3148] = CNOT 7 25
[3149] = CNOT 7 28
[3150] = Z 7
[3151] = CNOT 7 28
[3152] = CNOT 7 8
[3153] = CNOT 7 9
[3154] = CNOT 7 11
[3155] = Z 7
[3156] = CNOT 7 11
[3157] = CNOT 7 12
[3158] = S 7
[3159] = Z 7
[3160] = CNOT 7 12
[3161] = CNOT 7 13
[3162] = Z 7
[3163] = CNOT 7 13
[3164] = CNOT 7 14
[3165] = Z 7
[3166] = CNOT 7 14
[3167] = CNOT 7 15
[3168] = Z 7
[3169] = CNOT 7 15
[3170] = CNOT 7 16
[3171] = Z 7
[3172] = CNOT 7 16
[3173] = CNOT 7 18
[3174] = Z 7
[3175] = CNOT 7 18
[3176] = CNOT 7 19
[3177] = Z 7
[3178] = CNOT 7 19
[3179] = CNOT 7 20
[3180] = Z 7
[3181] = CNOT 7 20
[3182] = CNOT 7 23
[3183] = Z 7
[3184] = CNOT 7 23
[3185] = CNOT 7 25
[3186] = Z 7
[3187] = CNOT 7 25
[3188] = CNOT 7 28
[3189] = Z 7
[3190] = CNOT 7 28
[3191] = CNOT 7 9
[3192] = CNOT 7 11
[3193] = CNOT 7 12
[3194] = S 7
[3195] = Z 7
[3196] = CNOT 7 12
[3197] = CNOT 7 13
[3198] = Z 7
[3199] = CNOT 7 13
[3200] = CNOT 7 14
[3201] = Z 7
[3202] = CNOT 7 14
[3203] = CNOT 7 15
[3204] = Z 7
[3205] = CNOT 7 15
[3206] = CNOT 7 16
[3207] = Z 7
[3208] = CNOT 7 16
[3209] = CNOT 7 18
[3210] = Z 7
[3211] = CNOT 7 18
[3212] = CNOT 7 19
[3213] = Z 7
[3214] = CNOT 7 19
[3215] = CNOT 7 20
[3216] = Z 7
[3217] = CNOT 7 20
[3218] = CNOT 7 23
[3219] = Z 7
[3220] = CNOT 7 23
[3221] = CNOT 7 25
[3222] = Z 7
[3223] = CNOT 7 25
[3224] = CNOT 7 28
[3225] = Z 7
[3226] = CNOT 7 28
[3227] = CNOT 7 11
[3228] = CNOT 7 12
[3229] = CNOT 7 13
[3230] = S 7
[3231] = Z 7
[3232] = CNOT 7 13
[3233] = CNOT 7 14
[3234] = S 7
[3235] = Z 7
[3236] = CNOT 7 14
[3237] = CNOT 7 15
[3238] = S 7
[3239] = Z 7
[3240] = CNOT 7 15
[3241] = CNOT 7 16
[3242] = S 7
[3243] = Z 7
[3244] = CNOT 7 16
[3245] = CNOT 7 18
[3246] = S 7
[3247] = Z 7
[3248] = CNOT 7 18
[3249] = CNOT 7 19
[3250] = S 7
[3251] = Z 7
[3252] = CNOT 7 19
[3253] = CNOT 7 20
[3254] = S 7
[3255] = Z 7
[3256] = CNOT 7 20
[3257] = CNOT 7 23
[3258] = S 7
[3259] = Z 7
[3260] = CNOT 7 23
[3261] = CNOT 7 25
[3262] = S 7
[3263] = Z 7
[3264] = CNOT 7 25
[3265] = CNOT 7 28
[3266] = S 7
[3267] = Z 7
[3268] = CNOT 7 28
[3269] = CNOT 7 12
[3270] = CNOT 7 13
[3271] = CNOT 7 14
[3272] = Z 7
[3273] = CNOT 7 14
[3274] = CNOT 7 15
[3275] = Z 7
[3276] = CNOT 7 15
[3277] = CNOT 7 16
[3278] = Z 7
[3279] = CNOT 7 16
[3280] = CNOT 7 18
[3281] = Z 7
[3282] = CNOT 7 18
[3283] = CNOT 7 19
[3284] = Z 7
[3285] = CNOT 7 19
[3286] = CNOT 7 20
[3287] = Z 7
[3288] = CNOT 7 20
[3289] = CNOT 7 23
[3290] = Z 7
[3291] = CNOT 7 23
[3292] = CNOT 7 25
[3293] = Z 7
[3294] = CNOT 7 25
[3295] = CNOT 7 28
[3296] = Z 7
[3297] = CNOT 7 28
[3298] = CNOT 7 13
[3299] = CNOT 7 14
[3300] = CNOT 7 15
[3301] = Z 7
[3302] = CNOT 7 15
[3303] = CNOT 7 16
[3304] = Z 7
[3305] = CNOT 7 16
[3306] = CNOT 7 18
[3307] = Z 7
[3308] = CNOT 7 18
[3309] = CNOT 7 19
[3310] = Z 7
[3311] = CNOT 7 19
[3312] = CNOT 7 20
[3313] = Z 7
[3314] = CNOT 7 20
[3315] = CNOT 7 23
[3316] = Z 7
[3317] = CNOT 7 23
[3318] = CNOT 7 25
[3319] = Z 7
[3320] = CNOT 7 25
[3321] = CNOT 7 28
[3322] = Z 7
[3323] = CNOT 7 28
[3324] = CNOT 7 14
[3325] = CNOT 7 15
[3326] = CNOT 7 16
[3327] = Z 7
[3328] = CNOT 7 16
[3329] = CNOT 7 18
[3330] = Z 7
[3331] = CNOT 7 18
[3332] = CNOT 7 19
[3333] = Z 7
[3334] = CNOT 7 19
[3335] = CNOT 7 20
[3336] = Z 7
[3337] = CNOT 7 20
[3338] = CNOT 7 23
[3339] = Z 7
[3340] = CNOT 7 23
[3341] = CNOT 7 25
[3342] = Z 7
[3343] = CNOT 7 25
[3344] = CNOT 7 28
[3345] = Z 7
[3346] = CNOT 7 28
[3347] = CNOT 7 15
[3348] = CNOT 7 16
[3349] = CNOT 7 18
[3350] = Z 7
[3351] = CNOT 7 18
[3352] = CNOT 7 19
[3353] = Z 7
[3354] = CNOT 7 19
[3355] = CNOT 7 20
[3356] = Z 7
[3357] = CNOT 7 20
[3358] = CNOT 7 23
[3359] = Z 7
[3360] = CNOT 7 23
[3361] = CNOT 7 25
[3362] = Z 7
[3363] = CNOT 7 25
[3364] = CNOT 7 28
[3365] = Z 7
[3366] = CNOT 7 28
[3367] = CNOT 7 16
[3368] = CNOT 7 18
[3369] = CNOT 7 19
[3370] = Z 7
[3371] = CNOT 7 19
[3372] = CNOT 7 20
[3373] = Z 7
[3374] = CNOT 7 20
[3375] = CNOT 7 23
[3376] = Z 7
[3377] = CNOT 7 23
[3378] = CNOT 7 25
[3379] = Z 7
[3380] = CNOT 7 25
[3381] = CNOT 7 28
[3382] = Z 7
[3383] = CNOT 7 28
[3384] = CNOT 7 18
[3385] = CNOT 7 19
[3386] = CNOT 7 20
[3387] = Z 7
[3388] = CNOT 7 20
[3389] = CNOT 7 23
[3390] = Z 7
[3391] = CNOT 7 23
[3392] = CNOT 7 25
[3393] = Z 7
[3394] = CNOT 7 25
[3395] = CNOT 7 28
[3396] = Z 7
[3397] = CNOT 7 28
[3398] = CNOT 7 19
[3399] = CNOT 7 20
[3400] = CNOT 7 23
[3401] = Z 7
[3402] = CNOT 7 23
[3403] = CNOT 7 25
[3404] = Z 7
[3405] = CNOT 7 25
[3406] = CNOT 7 28
[3407] = Z 7
[3408] = CNOT 7 28
[3409] = CNOT 7 20
[3410] = CNOT 7 23
[3411] = CNOT 7 25
[3412] = Z 7
[3413] = CNOT 7 25
[3414] = CNOT 7 28
[3415] = Z 7
[3416] = CNOT 7 23
[3417] = CNOT 7 25
[3418] = Z 7
[3419] = CNOT 7 28
[3420] = CNOT 7 25
[3421] = CNOT 8 9
[3422] = CNOT 8 12
[3423] = Z 8
[3424] = CNOT 8 12
[3425] = CNOT 8 13
[3426] = S 8
[3427] = Z 8
[3428] = CNOT 8 13
[3429] = CNOT 8 16
[3430] = Z 8
[3431] = CNOT 8 16
[3432] = CNOT 8 17
[3433] = Z 8
[3434] = CNOT 8 17
[3435] = CNOT 8 18
[3436] = Z 8
[3437] = CNOT 8 18
[3438] = CNOT 8 19
[3439] = S 8
[3440] = CNOT 8 19
[3441] = CNOT 8 22
[3442] = Z 8
[3443] = CNOT 8 22
[3444] = CNOT 8 23
[3445] = Z 8
[3446] = CNOT 8 23
[3447] = CNOT 8 24
[3448] = Z 8
[3449] = CNOT 8 24
[3450] = CNOT 8 26
[3451] = Z 8
[3452] = CNOT 8 26
[3453] = CNOT 8 28
[3454] = S 8
[3455] = Z 8
[3456] = CNOT 8 28
[3457] = CNOT 8 9
[3458] = CNOT 8 11
[3459] = CNOT 8 12
[3460] = Z 8
[3461] = CNOT 8 12
[3462] = CNOT 8 16
[3463] = Z 8
[3464] = CNOT 8 16
[3465] = CNOT 8 17
[3466] = Z 8
[3467] = CNOT 8 17
[3468] = CNOT 8 18
[3469] = Z 8
[3470] = CNOT 8 18
[3471] = CNOT 8 19
[3472] = S 8
[3473] = CNOT 8 19
[3474] = CNOT 8 22
[3475] = Z 8
[3476] = CNOT 8 22
[3477] = CNOT 8 23
[3478] = Z 8
[3479] = CNOT 8 23
[3480] = CNOT 8 24
[3481] = Z 8
[3482] = CNOT 8 24
[3483] = CNOT 8 26
[3484] = Z 8
[3485] = CNOT 8 26
[3486] = CNOT 8 11
[3487] = CNOT 8 12
[3488] = CNOT 8 13
[3489] = Z 8
[3490] = CNOT 8 13
[3491] = CNOT 8 14
[3492] = Z 8
[3493] = CNOT 8 14
[3494] = CNOT 8 15
[3495] = S 8
[3496] = Z 8
[3497] = CNOT 8 15
[3498] = CNOT 8 16
[3499] = Z 8
[3500] = CNOT 8 16
[3501] = CNOT 8 18
[3502] = Z 8
[3503] = CNOT 8 18
[3504] = CNOT 8 19
[3505] = Z 8
[3506] = CNOT 8 19
[3507] = CNOT 8 20
[3508] = Z 8
[3509] = CNOT 8 20
[3510] = CNOT 8 23
[3511] = Z 8
[3512] = CNOT 8 23
[3513] = CNOT 8 25
[3514] = Z 8
[3515] = CNOT 8 25
[3516] = CNOT 8 28
[3517] = Z 8
[3518] = CNOT 8 28
[3519] = CNOT 8 12
[3520] = CNOT 8 13
[3521] = CNOT 8 16
[3522] = Z 8
[3523] = CNOT 8 16
[3524] = CNOT 8 17
[3525] = Z 8
[3526] = CNOT 8 17
[3527] = CNOT 8 18
[3528] = Z 8
[3529] = CNOT 8 18
[3530] = CNOT 8 19
[3531] = S 8
[3532] = CNOT 8 19
[3533] = CNOT 8 22
[3534] = Z 8
[3535] = CNOT 8 22
[3536] = CNOT 8 23
[3537] = Z 8
[3538] = CNOT 8 23
[3539] = CNOT 8 24
[3540] = Z 8
[3541] = CNOT 8 24
[3542] = CNOT 8 26
[3543] = Z 8
[3544] = CNOT 8 26
[3545] = CNOT 8 28
[3546] = S 8
[3547] = Z 8
[3548] = CNOT 8 28
[3549] = CNOT 8 13
[3550] = CNOT 8 14
[3551] = CNOT 8 16
[3552] = Z 8
[3553] = CNOT 8 16
[3554] = CNOT 8 17
[3555] = Z 8
[3556] = CNOT 8 17
[3557] = CNOT 8 18
[3558] = Z 8
[3559] = CNOT 8 18
[3560] = CNOT 8 19
[3561] = S 8
[3562] = CNOT 8 19
[3563] = CNOT 8 22
[3564] = Z 8
[3565] = CNOT 8 22
[3566] = CNOT 8 23
[3567] = Z 8
[3568] = CNOT 8 23
[3569] = CNOT 8 24
[3570] = Z 8
[3571] = CNOT 8 24
[3572] = CNOT 8 26
[3573] = Z 8
[3574] = CNOT 8 26
[3575] = CNOT 8 14
[3576] = CNOT 8 15
[3577] = CNOT 8 16
[3578] = S 8
[3579] = CNOT 8 16
[3580] = CNOT 8 19
[3581] = S 8
[3582] = CNOT 8 19
[3583] = CNOT 8 22
[3584] = Z 8
[3585] = CNOT 8 22
[3586] = CNOT 8 15
[3587] = CNOT 8 16
[3588] = CNOT 8 19
[3589] = S 8
[3590] = CNOT 8 19
[3591] = CNOT 8 20
[3592] = Z 8
[3593] = CNOT 8 20
[3594] = CNOT 8 22
[3595] = S 8
[3596] = Z 8
[3597] = CNOT 8 22
[3598] = CNOT 8 23
[3599] = S 8
[3600] = Z 8
[3601] = CNOT 8 23
[3602] = CNOT 8 25
[3603] = Z 8
[3604] = CNOT 8 25
[3605] = CNOT 8 26
[3606] = S 8
[3607] = Z 8
[3608] = CNOT 8 26
[3609] = CNOT 8 27
[3610] = Z 8
[3611] = CNOT 8 27
[3612] = CNOT 8 28
[3613] = Z 8
[3614] = CNOT 8 28
[3615] = CNOT 8 16
[3616] = CNOT 8 17
[3617] = CNOT 8 18
[3618] = S 8
[3619] = Z 8
[3620] = CNOT 8 18
[3621] = CNOT 8 19
[3622] = Z 8
[3623] = CNOT 8 19
[3624] = CNOT 8 21
[3625] = Z 8
[3626] = CNOT 8 21
[3627] = CNOT 8 27
[3628] = Z 8
[3629] = CNOT 8 27
[3630] = CNOT 8 28
[3631] = Z 8
[3632] = CNOT 8 28
[3633] = CNOT 8 17
[3634] = CNOT 8 18
[3635] = CNOT 8 19
[3636] = S 8
[3637] = CNOT 8 19
[3638] = CNOT 8 20
[3639] = Z 8
[3640] = CNOT 8 20
[3641] = CNOT 8 22
[3642] = Z 8
[3643] = CNOT 8 22
[3644] = CNOT 8 23
[3645] = Z 8
[3646] = CNOT 8 23
[3647] = CNOT 8 24
[3648] = S 8
[3649] = Z 8
[3650] = CNOT 8 24
[3651] = CNOT 8 25
[3652] = S 8
[3653] = CNOT 8 25
[3654] = CNOT 8 26
[3655] = Z 8
[3656] = CNOT 8 26
[3657] = CNOT 8 27
[3658] = Z 8
[3659] = CNOT 8 27
[3660] = CNOT 8 28
[3661] = Z 8
[3662] = CNOT 8 28
[3663] = CNOT 8 18
[3664] = CNOT 8 19
[3665] = CNOT 8 20
[3666] = S 8
[3667] = Z 8
[3668] = CNOT 8 20
[3669] = CNOT 8 21
[3670] = Z 8
[3671] = CNOT 8 21
[3672] = CNOT 8 22
[3673] = S 8
[3674] = Z 8
[3675] = CNOT 8 22
[3676] = CNOT 8 24
[3677] = Z 8
[3678] = CNOT 8 24
[3679] = CNOT 8 25
[3680] = S 8
[3681] = Z 8
[3682] = CNOT 8 25
[3683] = CNOT 8 26
[3684] = Z 8
[3685] = CNOT 8 26
[3686] = CNOT 8 28
[3687] = S 8
[3688] = CNOT 8 28
[3689] = CNOT 8 19
[3690] = CNOT 8 20
[3691] = CNOT 8 21
[3692] = S 8
[3693] = Z 8
[3694] = CNOT 8 21
[3695] = CNOT 8 22
[3696] = Z 8
[3697] = CNOT 8 22
[3698] = CNOT 8 23
[3699] = Z 8
[3700] = CNOT 8 23
[3701] = CNOT 8 25
[3702] = Z 8
[3703] = CNOT 8 25
[3704] = CNOT 8 20
[3705] = CNOT 8 21
[3706] = CNOT 8 24
[3707] = Z 8
[3708] = CNOT 8 24
[3709] = CNOT 8 25
[3710] = Z 8
[3711] = CNOT 8 25
[3712] = CNOT 8 26
[3713] = Z 8
[3714] = CNOT 8 26
[3715] = CNOT 8 21
[3716] = CNOT 8 22
[3717] = CNOT 8 23
[3718] = Z 8
[3719] = CNOT 8 23
[3720] = CNOT 8 25
[3721] = Z 8
[3722] = CNOT 8 25
[3723] = CNOT 8 28
[3724] = Z 8
[3725] = CNOT 8 28
[3726] = CNOT 8 22
[3727] = CNOT 8 23
[3728] = CNOT 8 25
[3729] = Z 8
[3730] = CNOT 8 25
[3731] = CNOT 8 28
[3732] = Z 8
[3733] = CNOT 8 28
[3734] = CNOT 8 23
[3735] = CNOT 8 24
[3736] = CNOT 8 27
[3737] = Z 8
[3738] = CNOT 8 27
[3739] = CNOT 8 28
[3740] = Z 8
[3741] = CNOT 8 28
[3742] = CNOT 8 24
[3743] = CNOT 8 26
[3744] = CNOT 8 27
[3745] = Z 8
[3746] = CNOT 8 27
[3747] = CNOT 8 28
[3748] = Z 8
[3749] = CNOT 8 28
[3750] = CNOT 8 26
[3751] = CNOT 9 11
[3752] = CNOT 9 12
[3753] = Z 9
[3754] = CNOT 9 12
[3755] = CNOT 9 14
[3756] = S 9
[3757] = CNOT 9 14
[3758] = CNOT 9 16
[3759] = Z 9
[3760] = CNOT 9 16
[3761] = CNOT 9 17
[3762] = Z 9
[3763] = CNOT 9 17
[3764] = CNOT 9 18
[3765] = Z 9
[3766] = CNOT 9 18
[3767] = CNOT 9 19
[3768] = S 9
[3769] = CNOT 9 19
[3770] = CNOT 9 22
[3771] = Z 9
[3772] = CNOT 9 22
[3773] = CNOT 9 23
[3774] = Z 9
[3775] = CNOT 9 23
[3776] = CNOT 9 24
[3777] = Z 9
[3778] = CNOT 9 24
[3779] = CNOT 9 26
[3780] = Z 9
[3781] = CNOT 9 26
[3782] = CNOT 9 11
[3783] = CNOT 9 12
[3784] = CNOT 9 13
[3785] = Z 9
[3786] = CNOT 9 13
[3787] = CNOT 9 14
[3788] = Z 9
[3789] = CNOT 9 14
[3790] = CNOT 9 15
[3791] = S 9
[3792] = Z 9
[3793] = CNOT 9 15
[3794] = CNOT 9 16
[3795] = Z 9
[3796] = CNOT 9 16
[3797] = CNOT 9 18
[3798] = Z 9
[3799] = CNOT 9 18
[3800] = CNOT 9 19
[3801] = Z 9
[3802] = CNOT 9 19
[3803] = CNOT 9 20
[3804] = Z 9
[3805] = CNOT 9 20
[3806] = CNOT 9 23
[3807] = Z 9
[3808] = CNOT 9 23
[3809] = CNOT 9 25
[3810] = Z 9
[3811] = CNOT 9 25
[3812] = CNOT 9 28
[3813] = Z 9
[3814] = CNOT 9 28
[3815] = CNOT 9 12
[3816] = CNOT 9 13
[3817] = CNOT 9 16
[3818] = Z 9
[3819] = CNOT 9 16
[3820] = CNOT 9 17
[3821] = Z 9
[3822] = CNOT 9 17
[3823] = CNOT 9 18
[3824] = Z 9
[3825] = CNOT 9 18
[3826] = CNOT 9 19
[3827] = S 9
[3828] = CNOT 9 19
[3829] = CNOT 9 22
[3830] = Z 9
[3831] = CNOT 9 22
[3832] = CNOT 9 23
[3833] = Z 9
[3834] = CNOT 9 23
[3835] = CNOT 9 24
[3836] = Z 9
[3837] = CNOT 9 24
[3838] = CNOT 9 26
[3839] = Z 9
[3840] = CNOT 9 26
[3841] = CNOT 9 28
[3842] = S 9
[3843] = Z 9
[3844] = CNOT 9 28
[3845] = CNOT 9 13
[3846] = CNOT 9 14
[3847] = CNOT 9 16
[3848] = Z 9
[3849] = CNOT 9 16
[3850] = CNOT 9 17
[3851] = Z 9
[3852] = CNOT 9 17
[3853] = CNOT 9 18
[3854] = Z 9
[3855] = CNOT 9 18
[3856] = CNOT 9 19
[3857] = S 9
[3858] = CNOT 9 19
[3859] = CNOT 9 22
[3860] = Z 9
[3861] = CNOT 9 22
[3862] = CNOT 9 23
[3863] = Z 9
[3864] = CNOT 9 23
[3865] = CNOT 9 24
[3866] = Z 9
[3867] = CNOT 9 24
[3868] = CNOT 9 26
[3869] = Z 9
[3870] = CNOT 9 26
[3871] = CNOT 9 14
[3872] = CNOT 9 15
[3873] = CNOT 9 16
[3874] = S 9
[3875] = CNOT 9 16
[3876] = CNOT 9 19
[3877] = S 9
[3878] = CNOT 9 19
[3879] = CNOT 9 22
[3880] = Z 9
[3881] = CNOT 9 22
[3882] = CNOT 9 15
[3883] = CNOT 9 16
[3884] = CNOT 9 19
[3885] = S 9
[3886] = CNOT 9 19
[3887] = CNOT 9 20
[3888] = Z 9
[3889] = CNOT 9 20
[3890] = CNOT 9 22
[3891] = S 9
[3892] = Z 9
[3893] = CNOT 9 22
[3894] = CNOT 9 23
[3895] = S 9
[3896] = Z 9
[3897] = CNOT 9 23
[3898] = CNOT 9 25
[3899] = Z 9
[3900] = CNOT 9 25
[3901] = CNOT 9 26
[3902] = S 9
[3903] = Z 9
[3904] = CNOT 9 26
[3905] = CNOT 9 27
[3906] = Z 9
[3907] = CNOT 9 27
[3908] = CNOT 9 28
[3909] = Z 9
[3910] = CNOT 9 28
[3911] = CNOT 9 16
[3912] = CNOT 9 17
[3913] = CNOT 9 18
[3914] = S 9
[3915] = Z 9
[3916] = CNOT 9 18
[3917] = CNOT 9 19
[3918] = Z 9
[3919] = CNOT 9 19
[3920] = CNOT 9 21
[3921] = Z 9
[3922] = CNOT 9 21
[3923] = CNOT 9 27
[3924] = Z 9
[3925] = CNOT 9 27
[3926] = CNOT 9 28
[3927] = Z 9
[3928] = CNOT 9 28
[3929] = CNOT 9 17
[3930] = CNOT 9 18
[3931] = CNOT 9 19
[3932] = S 9
[3933] = CNOT 9 19
[3934] = CNOT 9 20
[3935] = Z 9
[3936] = CNOT 9 20
[3937] = CNOT 9 22
[3938] = Z 9
[3939] = CNOT 9 22
[3940] = CNOT 9 23
[3941] = Z 9
[3942] = CNOT 9 23
[3943] = CNOT 9 24
[3944] = S 9
[3945] = Z 9
[3946] = CNOT 9 24
[3947] = CNOT 9 25
[3948] = S 9
[3949] = CNOT 9 25
[3950] = CNOT 9 26
[3951] = Z 9
[3952] = CNOT 9 26
[3953] = CNOT 9 27
[3954] = Z 9
[3955] = CNOT 9 27
[3956] = CNOT 9 28
[3957] = Z 9
[3958] = CNOT 9 28
[3959] = CNOT 9 18
[3960] = CNOT 9 19
[3961] = CNOT 9 20
[3962] = S 9
[3963] = Z 9
[3964] = CNOT 9 20
[3965] = CNOT 9 21
[3966] = Z 9
[3967] = CNOT 9 21
[3968] = CNOT 9 22
[3969] = S 9
[3970] = Z 9
[3971] = CNOT 9 22
[3972] = CNOT 9 24
[3973] = Z 9
[3974] = CNOT 9 24
[3975] = CNOT 9 25
[3976] = S 9
[3977] = Z 9
[3978] = CNOT 9 25
[3979] = CNOT 9 26
[3980] = Z 9
[3981] = CNOT 9 26
[3982] = CNOT 9 28
[3983] = S 9
[3984] = CNOT 9 28
[3985] = CNOT 9 19
[3986] = CNOT 9 20
[3987] = CNOT 9 21
[3988] = S 9
[3989] = Z 9
[3990] = CNOT 9 21
[3991] = CNOT 9 22
[3992] = Z 9
[3993] = CNOT 9 22
[3994] = CNOT 9 23
[3995] = Z 9
[3996] = CNOT 9 23
[3997] = CNOT 9 25
[3998] = Z 9
[3999] = CNOT 9 25
[4000] = CNOT 9 20
[4001] = CNOT 9 21
[4002] = CNOT 9 24
[4003] = Z 9
[4004] = CNOT 9 24
[4005] = CNOT 9 25
[4006] = Z 9
[4007] = CNOT 9 25
[4008] = CNOT 9 26
[4009] = Z 9
[4010] = CNOT 9 26
[4011] = CNOT 9 21
[4012] = CNOT 9 22
[4013] = CNOT 9 23
[4014] = Z 9
[4015] = CNOT 9 23
[4016] = CNOT 9 25
[4017] = Z 9
[4018] = CNOT 9 25
[4019] = CNOT 9 28
[4020] = Z 9
[4021] = CNOT 9 28
[4022] = CNOT 9 22
[4023] = CNOT 9 23
[4024] = CNOT 9 25
[4025] = Z 9
[4026] = CNOT 9 25
[4027] = CNOT 9 28
[4028] = Z 9
[4029] = CNOT 9 28
[4030] = CNOT 9 23
[4031] = CNOT 9 24
[4032] = CNOT 9 27
[4033] = Z 9
[4034] = CNOT 9 27
[4035] = CNOT 9 28
[4036] = Z 9
[4037] = CNOT 9 28
[4038] = CNOT 9 24
[4039] = CNOT 9 26
[4040] = CNOT 9 27
[4041] = Z 9
[4042] = CNOT 9 27
[4043] = CNOT 9 28
[4044] = Z 9
[4045] = CNOT 9 26
[4046] = CNOT 11 12
[4047] = CNOT 11 13
[4048] = Z 11
[4049] = CNOT 11 13
[4050] = CNOT 11 14
[4051] = Z 11
[4052] = CNOT 11 14
[4053] = CNOT 11 15
[4054] = S 11
[4055] = Z 11
[4056] = CNOT 11 15
[4057] = CNOT 11 16
[4058] = Z 11
[4059] = CNOT 11 16
[4060] = CNOT 11 18
[4061] = Z 11
[4062] = CNOT 11 18
[4063] = CNOT 11 19
[4064] = Z 11
[4065] = CNOT 11 19
[4066] = CNOT 11 20
[4067] = Z 11
[4068] = CNOT 11 20
[4069] = CNOT 11 23
[4070] = Z 11
[4071] = CNOT 11 23
[4072] = CNOT 11 25
[4073] = Z 11
[4074] = CNOT 11 25
[4075] = CNOT 11 28
[4076] = Z 11
[4077] = CNOT 11 28
[4078] = CNOT 11 12
[4079] = CNOT 11 13
[4080] = CNOT 11 16
[4081] = Z 11
[4082] = CNOT 11 16
[4083] = CNOT 11 17
[4084] = Z 11
[4085] = CNOT 11 17
[4086] = CNOT 11 18
[4087] = Z 11
[4088] = CNOT 11 18
[4089] = CNOT 11 19
[4090] = S 11
[4091] = CNOT 11 19
[4092] = CNOT 11 22
[4093] = Z 11
[4094] = CNOT 11 22
[4095] = CNOT 11 23
[4096] = Z 11
[4097] = CNOT 11 23
[4098] = CNOT 11 24
[4099] = Z 11
[4100] = CNOT 11 24
[4101] = CNOT 11 26
[4102] = Z 11
[4103] = CNOT 11 26
[4104] = CNOT 11 13
[4105] = CNOT 11 14
[4106] = CNOT 11 16
[4107] = Z 11
[4108] = CNOT 11 16
[4109] = CNOT 11 17
[4110] = Z 11
[4111] = CNOT 11 17
[4112] = CNOT 11 18
[4113] = Z 11
[4114] = CNOT 11 18
[4115] = CNOT 11 19
[4116] = S 11
[4117] = CNOT 11 19
[4118] = CNOT 11 22
[4119] = Z 11
[4120] = CNOT 11 22
[4121] = CNOT 11 23
[4122] = Z 11
[4123] = CNOT 11 23
[4124] = CNOT 11 24
[4125] = Z 11
[4126] = CNOT 11 24
[4127] = CNOT 11 26
[4128] = Z 11
[4129] = CNOT 11 26
[4130] = CNOT 11 28
[4131] = S 11
[4132] = CNOT 11 28
[4133] = CNOT 11 14
[4134] = CNOT 11 15
[4135] = CNOT 11 16
[4136] = S 11
[4137] = CNOT 11 16
[4138] = CNOT 11 19
[4139] = S 11
[4140] = CNOT 11 19
[4141] = CNOT 11 22
[4142] = Z 11
[4143] = CNOT 11 22
[4144] = CNOT 11 15
[4145] = CNOT 11 16
[4146] = CNOT 11 19
[4147] = S 11
[4148] = CNOT 11 19
[4149] = CNOT 11 20
[4150] = Z 11
[4151] = CNOT 11 20
[4152] = CNOT 11 22
[4153] = S 11
[4154] = Z 11
[4155] = CNOT 11 22
[4156] = CNOT 11 23
[4157] = S 11
[4158] = Z 11
[4159] = CNOT 11 23
[4160] = CNOT 11 25
[4161] = Z 11
[4162] = CNOT 11 25
[4163] = CNOT 11 26
[4164] = S 11
[4165] = Z 11
[4166] = CNOT 11 26
[4167] = CNOT 11 27
[4168] = Z 11
[4169] = CNOT 11 27
[4170] = CNOT 11 28
[4171] = Z 11
[4172] = CNOT 11 28
[4173] = CNOT 11 16
[4174] = CNOT 11 17
[4175] = CNOT 11 18
[4176] = S 11
[4177] = Z 11
[4178] = CNOT 11 18
[4179] = CNOT 11 19
[4180] = Z 11
[4181] = CNOT 11 19
[4182] = CNOT 11 21
[4183] = Z 11
[4184] = CNOT 11 21
[4185] = CNOT 11 27
[4186] = Z 11
[4187] = CNOT 11 27
[4188] = CNOT 11 28
[4189] = Z 11
[4190] = CNOT 11 28
[4191] = CNOT 11 17
[4192] = CNOT 11 18
[4193] = CNOT 11 19
[4194] = S 11
[4195] = CNOT 11 19
[4196] = CNOT 11 20
[4197] = Z 11
[4198] = CNOT 11 20
[4199] = CNOT 11 22
[4200] = Z 11
[4201] = CNOT 11 22
[4202] = CNOT 11 23
[4203] = Z 11
[4204] = CNOT 11 23
[4205] = CNOT 11 24
[4206] = S 11
[4207] = Z 11
[4208] = CNOT 11 24
[4209] = CNOT 11 25
[4210] = S 11
[4211] = CNOT 11 25
[4212] = CNOT 11 26
[4213] = Z 11
[4214] = CNOT 11 26
[4215] = CNOT 11 27
[4216] = Z 11
[4217] = CNOT 11 27
[4218] = CNOT 11 28
[4219] = Z 11
[4220] = CNOT 11 28
[4221] = CNOT 11 18
[4222] = CNOT 11 19
[4223] = CNOT 11 20
[4224] = S 11
[4225] = Z 11
[4226] = CNOT 11 20
[4227] = CNOT 11 21
[4228] = Z 11
[4229] = CNOT 11 21
[4230] = CNOT 11 22
[4231] = S 11
[4232] = Z 11
[4233] = CNOT 11 22
[4234] = CNOT 11 24
[4235] = Z 11
[4236] = CNOT 11 24
[4237] = CNOT 11 25
[4238] = S 11
[4239] = Z 11
[4240] = CNOT 11 25
[4241] = CNOT 11 26
[4242] = Z 11
[4243] = CNOT 11 26
[4244] = CNOT 11 28
[4245] = S 11
[4246] = CNOT 11 28
[4247] = CNOT 11 19
[4248] = CNOT 11 20
[4249] = CNOT 11 21
[4250] = S 11
[4251] = Z 11
[4252] = CNOT 11 21
[4253] = CNOT 11 22
[4254] = Z 11
[4255] = CNOT 11 22
[4256] = CNOT 11 23
[4257] = Z 11
[4258] = CNOT 11 23
[4259] = CNOT 11 25
[4260] = Z 11
[4261] = CNOT 11 25
[4262] = CNOT 11 20
[4263] = CNOT 11 21
[4264] = CNOT 11 24
[4265] = Z 11
[4266] = CNOT 11 24
[4267] = CNOT 11 25
[4268] = Z 11
[4269] = CNOT 11 25
[4270] = CNOT 11 26
[4271] = Z 11
[4272] = CNOT 11 26
[4273] = CNOT 11 21
[4274] = CNOT 11 22
[4275] = CNOT 11 23
[4276] = Z 11
[4277] = CNOT 11 23
[4278] = CNOT 11 25
[4279] = Z 11
[4280] = CNOT 11 25
[4281] = CNOT 11 28
[4282] = Z 11
[4283] = CNOT 11 28
[4284] = CNOT 11 22
[4285] = CNOT 11 23
[4286] = CNOT 11 25
[4287] = Z 11
[4288] = CNOT 11 25
[4289] = CNOT 11 28
[4290] = Z 11
[4291] = CNOT 11 28
[4292] = CNOT 11 23
[4293] = CNOT 11 24
[4294] = CNOT 11 27
[4295] = Z 11
[4296] = CNOT 11 27
[4297] = CNOT 11 28
[4298] = Z 11
[4299] = CNOT 11 28
[4300] = CNOT 11 24
[4301] = CNOT 11 26
[4302] = CNOT 11 27
[4303] = Z 11
[4304] = CNOT 11 27
[4305] = CNOT 11 28
[4306] = Z 11
[4307] = CNOT 11 28
[4308] = CNOT 11 26
[4309] = CNOT 12 13
[4310] = CNOT 12 14
[4311] = Z 12
[4312] = CNOT 12 14
[4313] = CNOT 12 15
[4314] = S 12
[4315] = Z 12
[4316] = CNOT 12 15
[4317] = CNOT 12 16
[4318] = Z 12
[4319] = CNOT 12 16
[4320] = CNOT 12 18
[4321] = Z 12
[4322] = CNOT 12 18
[4323] = CNOT 12 19
[4324] = Z 12
[4325] = CNOT 12 19
[4326] = CNOT 12 20
[4327] = Z 12
[4328] = CNOT 12 20
[4329] = CNOT 12 23
[4330] = Z 12
[4331] = CNOT 12 23
[4332] = CNOT 12 25
[4333] = Z 12
[4334] = CNOT 12 25
[4335] = CNOT 12 28
[4336] = Z 12
[4337] = CNOT 12 28
[4338] = CNOT 12 13
[4339] = CNOT 12 14
[4340] = CNOT 12 15
[4341] = S 12
[4342] = Z 12
[4343] = CNOT 12 15
[4344] = CNOT 12 16
[4345] = Z 12
[4346] = CNOT 12 16
[4347] = CNOT 12 18
[4348] = Z 12
[4349] = CNOT 12 18
[4350] = CNOT 12 19
[4351] = Z 12
[4352] = CNOT 12 19
[4353] = CNOT 12 20
[4354] = Z 12
[4355] = CNOT 12 20
[4356] = CNOT 12 23
[4357] = Z 12
[4358] = CNOT 12 23
[4359] = CNOT 12 25
[4360] = Z 12
[4361] = CNOT 12 25
[4362] = CNOT 12 28
[4363] = Z 12
[4364] = CNOT 12 28
[4365] = CNOT 12 14
[4366] = CNOT 12 15
[4367] = CNOT 12 16
[4368] = S 12
[4369] = Z 12
[4370] = CNOT 12 16
[4371] = CNOT 12 18
[4372] = S 12
[4373] = Z 12
[4374] = CNOT 12 18
[4375] = CNOT 12 19
[4376] = S 12
[4377] = Z 12
[4378] = CNOT 12 19
[4379] = CNOT 12 20
[4380] = S 12
[4381] = Z 12
[4382] = CNOT 12 20
[4383] = CNOT 12 23
[4384] = S 12
[4385] = Z 12
[4386] = CNOT 12 23
[4387] = CNOT 12 25
[4388] = S 12
[4389] = Z 12
[4390] = CNOT 12 25
[4391] = CNOT 12 28
[4392] = S 12
[4393] = Z 12
[4394] = CNOT 12 28
[4395] = CNOT 12 15
[4396] = CNOT 12 16
[4397] = CNOT 12 18
[4398] = Z 12
[4399] = CNOT 12 18
[4400] = CNOT 12 19
[4401] = Z 12
[4402] = CNOT 12 19
[4403] = CNOT 12 20
[4404] = Z 12
[4405] = CNOT 12 20
[4406] = CNOT 12 23
[4407] = Z 12
[4408] = CNOT 12 23
[4409] = CNOT 12 25
[4410] = Z 12
[4411] = CNOT 12 25
[4412] = CNOT 12 28
[4413] = Z 12
[4414] = CNOT 12 28
[4415] = CNOT 12 16
[4416] = CNOT 12 18
[4417] = CNOT 12 19
[4418] = Z 12
[4419] = CNOT 12 19
[4420] = CNOT 12 20
[4421] = Z 12
[4422] = CNOT 12 20
[4423] = CNOT 12 23
[4424] = Z 12
[4425] = CNOT 12 23
[4426] = CNOT 12 25
[4427] = Z 12
[4428] = CNOT 12 25
[4429] = CNOT 12 28
[4430] = Z 12
[4431] = CNOT 12 28
[4432] = CNOT 12 18
[4433] = CNOT 12 19
[4434] = CNOT 12 20
[4435] = Z 12
[4436] = CNOT 12 20
[4437] = CNOT 12 23
[4438] = Z 12
[4439] = CNOT 12 23
[4440] = CNOT 12 25
[4441] = Z 12
[4442] = CNOT 12 25
[4443] = CNOT 12 28
[4444] = Z 12
[4445] = CNOT 12 28
[4446] = CNOT 12 19
[4447] = CNOT 12 20
[4448] = CNOT 12 23
[4449] = Z 12
[4450] = CNOT 12 23
[4451] = CNOT 12 25
[4452] = Z 12
[4453] = CNOT 12 25
[4454] = CNOT 12 28
[4455] = Z 12
[4456] = CNOT 12 28
[4457] = CNOT 12 20
[4458] = CNOT 12 23
[4459] = CNOT 12 25
[4460] = Z 12
[4461] = CNOT 12 25
[4462] = CNOT 12 28
[4463] = Z 12
[4464] = CNOT 12 23
[4465] = CNOT 12 25
[4466] = Z 12
[4467] = CNOT 12 28
[4468] = CNOT 12 25
[4469] = CNOT 13 14
[4470] = CNOT 13 16
[4471] = Z 13
[4472] = CNOT 13 16
[4473] = CNOT 13 17
[4474] = Z 13
[4475] = CNOT 13 17
[4476] = CNOT 13 18
[4477] = Z 13
[4478] = CNOT 13 18
[4479] = CNOT 13 19
[4480] = S 13
[4481] = CNOT 13 19
[4482] = CNOT 13 22
[4483] = Z 13
[4484] = CNOT 13 22
[4485] = CNOT 13 23
[4486] = Z 13
[4487] = CNOT 13 23
[4488] = CNOT 13 24
[4489] = Z 13
[4490] = CNOT 13 24
[4491] = CNOT 13 26
[4492] = Z 13
[4493] = CNOT 13 26
[4494] = CNOT 13 14
[4495] = CNOT 13 15
[4496] = CNOT 13 16
[4497] = S 13
[4498] = CNOT 13 16
[4499] = CNOT 13 19
[4500] = S 13
[4501] = CNOT 13 19
[4502] = CNOT 13 22
[4503] = Z 13
[4504] = CNOT 13 22
[4505] = CNOT 13 15
[4506] = CNOT 13 16
[4507] = CNOT 13 19
[4508] = S 13
[4509] = CNOT 13 19
[4510] = CNOT 13 20
[4511] = Z 13
[4512] = CNOT 13 20
[4513] = CNOT 13 22
[4514] = S 13
[4515] = Z 13
[4516] = CNOT 13 22
[4517] = CNOT 13 23
[4518] = S 13
[4519] = Z 13
[4520] = CNOT 13 23
[4521] = CNOT 13 25
[4522] = Z 13
[4523] = CNOT 13 25
[4524] = CNOT 13 26
[4525] = S 13
[4526] = Z 13
[4527] = CNOT 13 26
[4528] = CNOT 13 27
[4529] = Z 13
[4530] = CNOT 13 27
[4531] = CNOT 13 28
[4532] = Z 13
[4533] = CNOT 13 28
[4534] = CNOT 13 16
[4535] = CNOT 13 17
[4536] = CNOT 13 18
[4537] = S 13
[4538] = Z 13
[4539] = CNOT 13 18
[4540] = CNOT 13 19
[4541] = Z 13
[4542] = CNOT 13 19
[4543] = CNOT 13 21
[4544] = Z 13
[4545] = CNOT 13 21
[4546] = CNOT 13 27
[4547] = Z 13
[4548] = CNOT 13 27
[4549] = CNOT 13 28
[4550] = Z 13
[4551] = CNOT 13 28
[4552] = CNOT 13 17
[4553] = CNOT 13 18
[4554] = CNOT 13 19
[4555] = S 13
[4556] = CNOT 13 19
[4557] = CNOT 13 20
[4558] = Z 13
[4559] = CNOT 13 20
[4560] = CNOT 13 22
[4561] = Z 13
[4562] = CNOT 13 22
[4563] = CNOT 13 23
[4564] = Z 13
[4565] = CNOT 13 23
[4566] = CNOT 13 24
[4567] = S 13
[4568] = Z 13
[4569] = CNOT 13 24
[4570] = CNOT 13 25
[4571] = S 13
[4572] = CNOT 13 25
[4573] = CNOT 13 26
[4574] = Z 13
[4575] = CNOT 13 26
[4576] = CNOT 13 27
[4577] = Z 13
[4578] = CNOT 13 27
[4579] = CNOT 13 28
[4580] = Z 13
[4581] = CNOT 13 28
[4582] = CNOT 13 18
[4583] = CNOT 13 19
[4584] = CNOT 13 20
[4585] = S 13
[4586] = Z 13
[4587] = CNOT 13 20
[4588] = CNOT 13 21
[4589] = Z 13
[4590] = CNOT 13 21
[4591] = CNOT 13 22
[4592] = S 13
[4593] = Z 13
[4594] = CNOT 13 22
[4595] = CNOT 13 24
[4596] = Z 13
[4597] = CNOT 13 24
[4598] = CNOT 13 25
[4599] = S 13
[4600] = Z 13
[4601] = CNOT 13 25
[4602] = CNOT 13 26
[4603] = Z 13
[4604] = CNOT 13 26
[4605] = CNOT 13 28
[4606] = S 13
[4607] = CNOT 13 28
[4608] = CNOT 13 19
[4609] = CNOT 13 20
[4610] = CNOT 13 21
[4611] = S 13
[4612] = Z 13
[4613] = CNOT 13 21
[4614] = CNOT 13 22
[4615] = Z 13
[4616] = CNOT 13 22
[4617] = CNOT 13 23
[4618] = Z 13
[4619] = CNOT 13 23
[4620] = CNOT 13 25
[4621] = Z 13
[4622] = CNOT 13 25
[4623] = CNOT 13 20
[4624] = CNOT 13 21
[4625] = CNOT 13 24
[4626] = Z 13
[4627] = CNOT 13 24
[4628] = CNOT 13 25
[4629] = Z 13
[4630] = CNOT 13 25
[4631] = CNOT 13 26
[4632] = Z 13
[4633] = CNOT 13 26
[4634] = CNOT 13 21
[4635] = CNOT 13 22
[4636] = CNOT 13 23
[4637] = Z 13
[4638] = CNOT 13 23
[4639] = CNOT 13 25
[4640] = Z 13
[4641] = CNOT 13 25
[4642] = CNOT 13 28
[4643] = Z 13
[4644] = CNOT 13 28
[4645] = CNOT 13 22
[4646] = CNOT 13 23
[4647] = CNOT 13 25
[4648] = Z 13
[4649] = CNOT 13 25
[4650] = CNOT 13 28
[4651] = Z 13
[4652] = CNOT 13 28
[4653] = CNOT 13 23
[4654] = CNOT 13 24
[4655] = CNOT 13 27
[4656] = Z 13
[4657] = CNOT 13 27
[4658] = CNOT 13 28
[4659] = Z 13
[4660] = CNOT 13 28
[4661] = CNOT 13 24
[4662] = CNOT 13 26
[4663] = CNOT 13 27
[4664] = Z 13
[4665] = CNOT 13 27
[4666] = CNOT 13 28
[4667] = Z 13
[4668] = CNOT 13 28
[4669] = CNOT 13 26
[4670] = CNOT 14 15
[4671] = CNOT 14 16
[4672] = S 14
[4673] = CNOT 14 16
[4674] = CNOT 14 19
[4675] = S 14
[4676] = CNOT 14 19
[4677] = CNOT 14 22
[4678] = Z 14
[4679] = CNOT 14 22
[4680] = CNOT 14 15
[4681] = CNOT 14 16
[4682] = CNOT 14 19
[4683] = S 14
[4684] = CNOT 14 19
[4685] = CNOT 14 20
[4686] = Z 14
[4687] = CNOT 14 20
[4688] = CNOT 14 22
[4689] = S 14
[4690] = Z 14
[4691] = CNOT 14 22
[4692] = CNOT 14 23
[4693] = S 14
[4694] = Z 14
[4695] = CNOT 14 23
[4696] = CNOT 14 25
[4697] = Z 14
[4698] = CNOT 14 25
[4699] = CNOT 14 26
[4700] = S 14
[4701] = Z 14
[4702] = CNOT 14 26
[4703] = CNOT 14 27
[4704] = Z 14
[4705] = CNOT 14 27
[4706] = CNOT 14 28
[4707] = Z 14
[4708] = CNOT 14 28
[4709] = CNOT 14 16
[4710] = CNOT 14 17
[4711] = CNOT 14 18
[4712] = S 14
[4713] = Z 14
[4714] = CNOT 14 18
[4715] = CNOT 14 19
[4716] = Z 14
[4717] = CNOT 14 19
[4718] = CNOT 14 21
[4719] = Z 14
[4720] = CNOT 14 21
[4721] = CNOT 14 27
[4722] = Z 14
[4723] = CNOT 14 27
[4724] = CNOT 14 28
[4725] = Z 14
[4726] = CNOT 14 28
[4727] = CNOT 14 17
[4728] = CNOT 14 18
[4729] = CNOT 14 19
[4730] = S 14
[4731] = CNOT 14 19
[4732] = CNOT 14 20
[4733] = Z 14
[4734] = CNOT 14 20
[4735] = CNOT 14 22
[4736] = Z 14
[4737] = CNOT 14 22
[4738] = CNOT 14 23
[4739] = Z 14
[4740] = CNOT 14 23
[4741] = CNOT 14 24
[4742] = S 14
[4743] = Z 14
[4744] = CNOT 14 24
[4745] = CNOT 14 25
[4746] = S 14
[4747] = CNOT 14 25
[4748] = CNOT 14 26
[4749] = Z 14
[4750] = CNOT 14 26
[4751] = CNOT 14 27
[4752] = Z 14
[4753] = CNOT 14 27
[4754] = CNOT 14 28
[4755] = Z 14
[4756] = CNOT 14 28
[4757] = CNOT 14 18
[4758] = CNOT 14 19
[4759] = CNOT 14 20
[4760] = S 14
[4761] = Z 14
[4762] = CNOT 14 20
[4763] = CNOT 14 21
[4764] = Z 14
[4765] = CNOT 14 21
[4766] = CNOT 14 22
[4767] = S 14
[4768] = Z 14
[4769] = CNOT 14 22
[4770] = CNOT 14 24
[4771] = Z 14
[4772] = CNOT 14 24
[4773] = CNOT 14 25
[4774] = S 14
[4775] = Z 14
[4776] = CNOT 14 25
[4777] = CNOT 14 26
[4778] = Z 14
[4779] = CNOT 14 26
[4780] = CNOT 14 28
[4781] = S 14
[4782] = CNOT 14 28
[4783] = CNOT 14 19
[4784] = CNOT 14 20
[4785] = CNOT 14 21
[4786] = S 14
[4787] = Z 14
[4788] = CNOT 14 21
[4789] = CNOT 14 22
[4790] = Z 14
[4791] = CNOT 14 22
[4792] = CNOT 14 23
[4793] = Z 14
[4794] = CNOT 14 23
[4795] = CNOT 14 25
[4796] = Z 14
[4797] = CNOT 14 25
[4798] = CNOT 14 20
[4799] = CNOT 14 21
[4800] = CNOT 14 24
[4801] = Z 14
[4802] = CNOT 14 24
[4803] = CNOT 14 25
[4804] = Z 14
[4805] = CNOT 14 25
[4806] = CNOT 14 26
[4807] = Z 14
[4808] = CNOT 14 26
[4809] = CNOT 14 21
[4810] = CNOT 14 22
[4811] = CNOT 14 23
[4812] = Z 14
[4813] = CNOT 14 23
[4814] = CNOT 14 25
[4815] = Z 14
[4816] = CNOT 14 25
[4817] = CNOT 14 28
[4818] = Z 14
[4819] = CNOT 14 28
[4820] = CNOT 14 22
[4821] = CNOT 14 23
[4822] = CNOT 14 25
[4823] = Z 14
[4824] = CNOT 14 25
[4825] = CNOT 14 28
[4826] = Z 14
[4827] = CNOT 14 28
[4828] = CNOT 14 23
[4829] = CNOT 14 24
[4830] = CNOT 14 27
[4831] = Z 14
[4832] = CNOT 14 27
[4833] = CNOT 14 28
[4834] = Z 14
[4835] = CNOT 14 28
[4836] = CNOT 14 24
[4837] = CNOT 14 26
[4838] = CNOT 14 27
[4839] = Z 14
[4840] = CNOT 14 27
[4841] = CNOT 14 28
[4842] = Z 14
[4843] = CNOT 14 28
[4844] = CNOT 14 26
[4845] = CNOT 15 16
[4846] = CNOT 15 18
[4847] = S 15
[4848] = CNOT 15 18
[4849] = CNOT 15 19
[4850] = Z 15
[4851] = CNOT 15 19
[4852] = CNOT 15 20
[4853] = S 15
[4854] = CNOT 15 20
[4855] = CNOT 15 22
[4856] = S 15
[4857] = Z 15
[4858] = CNOT 15 22
[4859] = CNOT 15 23
[4860] = S 15
[4861] = CNOT 15 23
[4862] = CNOT 15 25
[4863] = S 15
[4864] = CNOT 15 25
[4865] = CNOT 15 28
[4866] = S 15
[4867] = CNOT 15 28
[4868] = CNOT 15 16
[4869] = CNOT 15 18
[4870] = CNOT 15 19
[4871] = S 15
[4872] = CNOT 15 19
[4873] = CNOT 15 22
[4874] = Z 15
[4875] = CNOT 15 22
[4876] = CNOT 15 18
[4877] = CNOT 15 19
[4878] = CNOT 15 20
[4879] = S 15
[4880] = CNOT 15 20
[4881] = CNOT 15 22
[4882] = S 15
[4883] = Z 15
[4884] = CNOT 15 22
[4885] = CNOT 15 23
[4886] = S 15
[4887] = CNOT 15 23
[4888] = CNOT 15 25
[4889] = S 15
[4890] = CNOT 15 25
[4891] = CNOT 15 28
[4892] = S 15
[4893] = CNOT 15 28
[4894] = CNOT 15 19
[4895] = CNOT 15 20
[4896] = CNOT 15 22
[4897] = Z 15
[4898] = CNOT 15 20
[4899] = CNOT 15 23
[4900] = Z 15
[4901] = CNOT 15 23
[4902] = CNOT 15 25
[4903] = Z 15
[4904] = CNOT 15 25
[4905] = CNOT 15 28
[4906] = Z 15
[4907] = CNOT 15 28
[4908] = CNOT 15 22
[4909] = CNOT 16 18
[4910] = CNOT 16 19
[4911] = Z 16
[4912] = CNOT 16 19
[4913] = CNOT 16 20
[4914] = S 16
[4915] = Z 16
[4916] = CNOT 16 20
[4917] = CNOT 16 21
[4918] = S 16
[4919] = CNOT 16 21
[4920] = CNOT 16 22
[4921] = S 16
[4922] = Z 16
[4923] = CNOT 16 22
[4924] = CNOT 16 23
[4925] = S 16
[4926] = Z 16
[4927] = CNOT 16 23
[4928] = CNOT 16 25
[4929] = S 16
[4930] = Z 16
[4931] = CNOT 16 25
[4932] = CNOT 16 26
[4933] = S 16
[4934] = Z 16
[4935] = CNOT 16 26
[4936] = CNOT 16 27
[4937] = Z 16
[4938] = CNOT 16 27
[4939] = CNOT 16 18
[4940] = CNOT 16 19
[4941] = CNOT 16 21
[4942] = S 16
[4943] = CNOT 16 21
[4944] = CNOT 16 23
[4945] = S 16
[4946] = CNOT 16 23
[4947] = CNOT 16 26
[4948] = S 16
[4949] = Z 16
[4950] = CNOT 16 26
[4951] = CNOT 16 27
[4952] = Z 16
[4953] = CNOT 16 27
[4954] = CNOT 16 28
[4955] = S 16
[4956] = CNOT 16 28
[4957] = CNOT 16 19
[4958] = CNOT 16 20
[4959] = CNOT 16 22
[4960] = S 16
[4961] = Z 16
[4962] = CNOT 16 22
[4963] = CNOT 16 23
[4964] = S 16
[4965] = Z 16
[4966] = CNOT 16 23
[4967] = CNOT 16 25
[4968] = S 16
[4969] = Z 16
[4970] = CNOT 16 25
[4971] = CNOT 16 28
[4972] = Z 16
[4973] = CNOT 16 28
[4974] = CNOT 16 20
[4975] = CNOT 16 21
[4976] = CNOT 16 25
[4977] = S 16
[4978] = Z 16
[4979] = CNOT 16 25
[4980] = CNOT 16 26
[4981] = S 16
[4982] = Z 16
[4983] = CNOT 16 26
[4984] = CNOT 16 27
[4985] = Z 16
[4986] = CNOT 16 27
[4987] = CNOT 16 21
[4988] = CNOT 16 22
[4989] = CNOT 16 23
[4990] = S 16
[4991] = Z 16
[4992] = CNOT 16 23
[4993] = CNOT 16 25
[4994] = S 16
[4995] = Z 16
[4996] = CNOT 16 25
[4997] = CNOT 16 28
[4998] = S 16
[4999] = Z 16
[5000] = CNOT 16 28
[5001] = CNOT 16 22
[5002] = CNOT 16 23
[5003] = CNOT 16 25
[5004] = S 16
[5005] = Z 16
[5006] = CNOT 16 25
[5007] = CNOT 16 28
[5008] = S 16
[5009] = Z 16
[5010] = CNOT 16 23
[5011] = CNOT 16 25
[5012] = Z 16
[5013] = CNOT 16 28
[5014] = CNOT 16 25
[5015] = CNOT 16 26
[5016] = CNOT 16 27
[5017] = S 16
[5018] = Z 16
[5019] = CNOT 16 27
[5020] = CNOT 16 28
[5021] = S 16
[5022] = Z 16
[5023] = CNOT 16 26
[5024] = CNOT 16 27
[5025] = Z 16
[5026] = CNOT 16 27
[5027] = CNOT 17 18
[5028] = CNOT 17 19
[5029] = S 17
[5030] = Z 17
[5031] = CNOT 17 19
[5032] = CNOT 17 21
[5033] = S 17
[5034] = Z 17
[5035] = CNOT 17 21
[5036] = CNOT 17 27
[5037] = S 17
[5038] = Z 17
[5039] = CNOT 17 27
[5040] = CNOT 17 28
[5041] = S 17
[5042] = Z 17
[5043] = CNOT 17 28
[5044] = CNOT 17 18
[5045] = CNOT 17 19
[5046] = CNOT 17 21
[5047] = Z 17
[5048] = CNOT 17 21
[5049] = CNOT 17 27
[5050] = Z 17
[5051] = CNOT 17 27
[5052] = CNOT 17 28
[5053] = Z 17
[5054] = CNOT 17 28
[5055] = CNOT 17 19
[5056] = CNOT 17 21
[5057] = CNOT 17 27
[5058] = Z 17
[5059] = CNOT 17 27
[5060] = CNOT 17 28
[5061] = Z 17
[5062] = CNOT 17 21
[5063] = CNOT 17 27
[5064] = Z 17
[5065] = CNOT 17 28
[5066] = CNOT 17 27
[5067] = CNOT 18 19
[5068] = CNOT 18 21
[5069] = S 18
[5070] = CNOT 18 21
[5071] = CNOT 18 22
[5072] = S 18
[5073] = Z 18
[5074] = CNOT 18 22
[5075] = CNOT 18 24
[5076] = S 18
[5077] = Z 18
[5078] = CNOT 18 24
[5079] = CNOT 18 26
[5080] = Z 18
[5081] = CNOT 18 26
[5082] = CNOT 18 27
[5083] = Z 18
[5084] = CNOT 18 27
[5085] = CNOT 18 28
[5086] = S 18
[5087] = CNOT 18 28
[5088] = CNOT 18 19
[5089] = CNOT 18 20
[5090] = CNOT 18 22
[5091] = Z 18
[5092] = CNOT 18 22
[5093] = CNOT 18 23
[5094] = Z 18
[5095] = CNOT 18 23
[5096] = CNOT 18 25
[5097] = Z 18
[5098] = CNOT 18 25
[5099] = CNOT 18 28
[5100] = Z 18
[5101] = CNOT 18 28
[5102] = CNOT 18 20
[5103] = CNOT 18 21
[5104] = CNOT 18 24
[5105] = S 18
[5106] = Z 18
[5107] = CNOT 18 24
[5108] = CNOT 18 25
[5109] = S 18
[5110] = Z 18
[5111] = CNOT 18 25
[5112] = CNOT 18 26
[5113] = Z 18
[5114] = CNOT 18 26
[5115] = CNOT 18 27
[5116] = Z 18
[5117] = CNOT 18 27
[5118] = CNOT 18 21
[5119] = CNOT 18 22
[5120] = CNOT 18 23
[5121] = Z 18
[5122] = CNOT 18 23
[5123] = CNOT 18 25
[5124] = Z 18
[5125] = CNOT 18 25
[5126] = CNOT 18 28
[5127] = Z 18
[5128] = CNOT 18 28
[5129] = CNOT 18 22
[5130] = CNOT 18 23
[5131] = CNOT 18 25
[5132] = Z 18
[5133] = CNOT 18 25
[5134] = CNOT 18 28
[5135] = Z 18
[5136] = CNOT 18 28
[5137] = CNOT 18 23
[5138] = CNOT 18 24
[5139] = CNOT 18 27
[5140] = S 18
[5141] = Z 18
[5142] = CNOT 18 27
[5143] = CNOT 18 28
[5144] = S 18
[5145] = Z 18
[5146] = CNOT 18 24
[5147] = CNOT 18 25
[5148] = S 18
[5149] = CNOT 18 28
[5150] = CNOT 18 25
[5151] = CNOT 18 26
[5152] = CNOT 18 27
[5153] = Z 18
[5154] = CNOT 18 27
[5155] = CNOT 18 28
[5156] = Z 18
[5157] = CNOT 18 26
[5158] = CNOT 18 27
[5159] = Z 18
[5160] = CNOT 18 28
[5161] = CNOT 18 27
[5162] = CNOT 19 20
[5163] = CNOT 19 22
[5164] = S 19
[5165] = Z 19
[5166] = CNOT 19 22
[5167] = CNOT 19 28
[5168] = S 19
[5169] = Z 19
[5170] = CNOT 19 28
[5171] = CNOT 19 20
[5172] = CNOT 19 21
[5173] = CNOT 19 24
[5174] = Z 19
[5175] = CNOT 19 24
[5176] = CNOT 19 25
[5177] = S 19
[5178] = Z 19
[5179] = CNOT 19 25
[5180] = CNOT 19 26
[5181] = Z 19
[5182] = CNOT 19 26
[5183] = CNOT 19 28
[5184] = Z 19
[5185] = CNOT 19 28
[5186] = CNOT 19 21
[5187] = CNOT 19 22
[5188] = CNOT 19 23
[5189] = S 19
[5190] = Z 19
[5191] = CNOT 19 23
[5192] = CNOT 19 25
[5193] = S 19
[5194] = Z 19
[5195] = CNOT 19 25
[5196] = CNOT 19 28
[5197] = S 19
[5198] = Z 19
[5199] = CNOT 19 28
[5200] = CNOT 19 22
[5201] = CNOT 19 24
[5202] = CNOT 19 27
[5203] = Z 19
[5204] = CNOT 19 27
[5205] = CNOT 19 28
[5206] = Z 19
[5207] = CNOT 19 24
[5208] = CNOT 19 25
[5209] = S 19
[5210] = Z 19
[5211] = CNOT 19 28
[5212] = CNOT 19 25
[5213] = CNOT 19 26
[5214] = CNOT 19 27
[5215] = Z 19
[5216] = CNOT 19 27
[5217] = CNOT 19 28
[5218] = Z 19
[5219] = CNOT 19 28
[5220] = CNOT 19 26
[5221] = CNOT 20 21
[5222] = CNOT 20 28
[5223] = S 20
[5224] = Z 20
[5225] = CNOT 20 28
[5226] = CNOT 20 21
[5227] = CNOT 20 22
[5228] = CNOT 20 23
[5229] = Z 20
[5230] = CNOT 20 23
[5231] = CNOT 20 25
[5232] = Z 20
[5233] = CNOT 20 25
[5234] = CNOT 20 28
[5235] = Z 20
[5236] = CNOT 20 28
[5237] = CNOT 20 22
[5238] = CNOT 20 23
[5239] = CNOT 20 25
[5240] = Z 20
[5241] = CNOT 20 25
[5242] = CNOT 20 28
[5243] = Z 20
[5244] = CNOT 20 23
[5245] = CNOT 20 25
[5246] = Z 20
[5247] = CNOT 20 28
[5248] = CNOT 20 25
[5249] = CNOT 21 24
[5250] = CNOT 21 27
[5251] = Z 21
[5252] = CNOT 21 27
[5253] = CNOT 21 28
[5254] = Z 21
[5255] = CNOT 21 24
[5256] = CNOT 21 25
[5257] = Z 21
[5258] = CNOT 21 28
[5259] = CNOT 21 25
[5260] = CNOT 21 26
[5261] = CNOT 21 27
[5262] = Z 21
[5263] = CNOT 21 27
[5264] = CNOT 21 28
[5265] = Z 21
[5266] = CNOT 21 28
[5267] = CNOT 21 26
[5268] = CNOT 22 23
[5269] = CNOT 22 25
[5270] = Z 22
[5271] = CNOT 22 25
[5272] = CNOT 22 28
[5273] = Z 22
[5274] = CNOT 22 23
[5275] = CNOT 22 25
[5276] = Z 22
[5277] = CNOT 22 28
[5278] = CNOT 22 25
[5279] = CNOT 23 25
[5280] = CNOT 23 28
[5281] = Z 23
[5282] = CNOT 23 28
[5283] = CNOT 23 25
[5284] = CNOT 24 27
[5285] = CNOT 24 28
[5286] = Z 24
[5287] = CNOT 24 28
[5288] = CNOT 24 27
[5289] = CNOT 26 27
[5290] = CNOT 26 28
[5291] = Z 26
[5292] = CNOT 26 28
[5293] = CNOT 26 27
[5294] = CNOT 18 26
[5295] = CNOT 3 26
[5296] = CNOT 4 25
[5297] = CNOT 19 24
[5298] = CNOT 17 24
[5299] = CNOT 12 24
[5300] = CNOT 5 24
[5301] = CNOT 6 23
[5302] = CNOT 20 22
[5303] = CNOT 15 22
[5304] = CNOT 13 22
[5305] = CNOT 7 22
[5306] = CNOT 8 21
[5307] = CNOT 22 20
[5308] = CNOT 20 22
[5309] = CNOT 24 19
[5310] = CNOT 19 24
[5311] = CNOT 26 18
[5312] = CNOT 18 26
[5313] = CNOT 19 17
[5314] = CNOT 17 19
[5315] = CNOT 28 16
[5316] = CNOT 6 16
[5317] = CNOT 2 16
[5318] = CNOT 1 16
[5319] = CNOT 16 28
[5320] = CNOT 20 15
[5321] = CNOT 15 20
[5322] = CNOT 10 14
[5323] = CNOT 15 13
[5324] = CNOT 13 15
[5325] = CNOT 17 12
[5326] = CNOT 12 17
[5327] = CNOT 14 10
[5328] = CNOT 10 14
[5329] = CNOT 16 9
[5330] = CNOT 9 16
[5331] = CNOT 21 8
[5332] = CNOT 8 21
[5333] = CNOT 13 7
[5334] = CNOT 7 13
[5335] = CNOT 23 6
[5336] = CNOT 6 23
[5337] = CNOT 12 5
[5338] = CNOT 5 12
[5339] = CNOT 25 4
[5340] = CNOT 4 25
[5341] = CNOT 18 3
[5342] = CNOT 3 18
[5343] = CNOT 27 2
[5344] = CNOT 2 27
[5345] = H 12
[5346] = M 12
[5347] = H 13
[5348] = M 13
[5349] = H 14
[5350] = M 14
[5351] = H 15
[5352] = M 15
[5353] = H 16
[5354] = M 16
[5355] = H 17
[5356] = M 17
[5357] = H 18
[5358] = M 18
[5359] = H 19
[5360] = M 19
[5361] = H 20
[5362] = M 20
[5363] = H 21
[5364] = M 21
[5365] = H 22
[5366] = M 22
[5367] = H 23
[5368] = M 23
[5369] = H 24
[5370] = M 24
[5371] = H 25
[5372] = M 25
[5373] = H 26
[5374] = M 26
[5375] = H 27
[5376] = M 27
[5377] = H 28
[5378] = M 28
[5379] = H 9
[5380] = H 2
[5381] = H 3
[5382] = H 4
[5383] = H 5
[5384] = H 6
[5385] = H 7
[5386] = H 8
Gate distributions:
Input:
Operator distribution:
Total number of qubits = 11
Number of `data' qubits = 11
Number of `Toff_n' ancillas = 0
Number of Hadamard ancillas = 0
Hadamard ancilla cap = infinite
Number of {CNOT,T} partitions = 1
T count = 119
Cost estimation = 59533
	id	Count
	0	0
	1	0
	2	0
	3	30
	4	3
	5	0
	6	0
	7	0
	8	0
	9	0
	10	17
	11	0
	12	0
	13	0
	14	0
	15	0
	16	0
	17	0
	18	0
Output:
Operator distribution:
Total number of qubits = 28
Number of `data' qubits = 11
Number of `Toff_n' ancillas = 0
Number of Hadamard ancillas = 17
Hadamard ancilla cap = infinite
Number of {CNOT,T} partitions = 1
T count = 51
Cost estimation = 30844.5
	id	Count
	0	0
	1	0
	2	0
	3	47
	4	3535
	5	51
	6	0
	7	0
	8	0
	9	0
	10	0
	11	691
	12	0
	13	1046
	14	0
	15	0
	16	0
	17	0
	18	17
Output T Count (SQC_Circuit) = 51
Output T Count (PhasePolynomial) = 51
Fail count = 0

Execution time: 21.9582s
Number of LCL errors: 0
Number of LCL warnings: 0
