Optimize a Clifford + T circuit.
Input filename = /home/ryo-mtmt/TOpt/forme/tpar_benchmark/rc_adder_6.tfc
Number of unknown gates = 0
Number of unknown qubit labels = 0
Circuit filename: /home/ryo-mtmt/TOpt/forme/tpar_benchmark/rc_adder_6.tfc

n 14
n_x 14
n_y 0
n_z 0
m 101
[0] = CNOT 4 5
[1] = CNOT 6 7
[2] = CNOT 8 9
[3] = CNOT 10 11
[4] = CNOT 12 13
[5] = CNOT 3 5
[6] = H 3
[7] = CCZ 1 2 3
[8] = H 3
[9] = CNOT 5 7
[10] = H 5
[11] = CCZ 3 4 5
[12] = H 5
[13] = CNOT 7 9
[14] = H 7
[15] = CCZ 5 6 7
[16] = H 7
[17] = CNOT 9 11
[18] = H 9
[19] = CCZ 7 8 9
[20] = H 9
[21] = CNOT 11 13
[22] = H 11
[23] = CCZ 9 10 11
[24] = H 11
[25] = CNOT 14 13
[26] = H 14
[27] = CCZ 11 12 14
[28] = H 14
[29] = CNOT 4 3
[30] = CNOT 6 5
[31] = CNOT 8 7
[32] = CNOT 10 9
[33] = CNOT 12 11
[34] = H 11
[35] = CCZ 9 10 11
[36] = H 11
[37] = H 9
[38] = CCZ 7 8 9
[39] = H 9
[40] = CNOT 11 13
[41] = H 7
[42] = CCZ 5 6 7
[43] = H 7
[44] = CNOT 9 11
[45] = H 5
[46] = CCZ 3 4 5
[47] = H 5
[48] = CNOT 7 9
[49] = H 3
[50] = CCZ 1 2 3
[51] = H 3
[52] = CNOT 5 7
[53] = CNOT 3 5
[54] = CNOT 1 2
[55] = CNOT 4 5
[56] = CNOT 6 7
[57] = CNOT 8 9
[58] = CNOT 10 11
[59] = CNOT 12 13

Algorithm used: todd

UniversalOptimize begin.
	Gate synthesis begin.

in LempelX2
		Round = 0
Round 0 | Current Columns (m): 47
		Round = 1
Round 1 | Current Columns (m): 45
		Round = 2
Round 2 | Current Columns (m): 43
		Round = 3
Round 3 | Current Columns (m): 41
		Round = 4
Round 4 | Current Columns (m): 39
		Round = 5
Round 5 | Current Columns (m): 37
nullspace time: 4864 ms, chi time: 2640 ms
Total LempelX2 time: 7508 ms
		TODD executed in 7.4949 seconds.
		Total time: 7.49527s
	Gate synthesis end.
	Total time: 9.07352s
UniversalOptimize end.
Output circuit:
n 35
n_x 14
n_y 0
n_z 21
m 3901
[0] = H 15
[1] = H 16
[2] = H 17
[3] = H 18
[4] = H 19
[5] = H 20
[6] = H 21
[7] = H 22
[8] = H 23
[9] = H 24
[10] = H 25
[11] = H 26
[12] = H 27
[13] = H 28
[14] = H 29
[15] = H 30
[16] = H 31
[17] = H 32
[18] = H 33
[19] = H 34
[20] = H 35
[21] = CNOT 2 24
[22] = T 2
[23] = S 2
[24] = CNOT 2 24
[25] = CNOT 1 24
[26] = T 1
[27] = S 1
[28] = CNOT 1 10
[29] = CNOT 1 11
[30] = CNOT 1 15
[31] = CNOT 1 18
[32] = CNOT 1 19
[33] = CNOT 1 20
[34] = CNOT 1 23
[35] = CNOT 1 26
[36] = CNOT 1 30
[37] = CNOT 1 34
[38] = T 1
[39] = CNOT 1 34
[40] = CNOT 1 30
[41] = CNOT 1 26
[42] = CNOT 1 23
[43] = CNOT 1 20
[44] = CNOT 1 19
[45] = CNOT 1 18
[46] = CNOT 1 15
[47] = CNOT 1 11
[48] = CNOT 1 10
[49] = CNOT 1 2
[50] = T 1
[51] = S 1
[52] = Z 1
[53] = CNOT 1 2
[54] = CNOT 1 4
[55] = CNOT 1 5
[56] = CNOT 1 10
[57] = CNOT 1 11
[58] = CNOT 1 15
[59] = CNOT 1 20
[60] = CNOT 1 22
[61] = CNOT 1 23
[62] = CNOT 1 26
[63] = CNOT 1 34
[64] = T 1
[65] = CNOT 1 5
[66] = CNOT 1 4
[67] = CNOT 1 16
[68] = T 1
[69] = CNOT 1 26
[70] = CNOT 1 23
[71] = CNOT 1 22
[72] = CNOT 1 20
[73] = CNOT 1 16
[74] = CNOT 1 11
[75] = CNOT 1 10
[76] = CNOT 1 2
[77] = T 1
[78] = CNOT 1 2
[79] = CNOT 1 4
[80] = CNOT 1 5
[81] = CNOT 1 10
[82] = CNOT 1 11
[83] = CNOT 1 16
[84] = CNOT 1 20
[85] = CNOT 1 22
[86] = CNOT 1 23
[87] = CNOT 1 26
[88] = T 1
[89] = CNOT 1 17
[90] = CNOT 1 32
[91] = T 1
[92] = CNOT 1 32
[93] = CNOT 1 22
[94] = CNOT 1 17
[95] = CNOT 1 16
[96] = CNOT 1 5
[97] = CNOT 1 4
[98] = CNOT 1 6
[99] = CNOT 1 7
[100] = CNOT 1 18
[101] = T 1
[102] = CNOT 1 18
[103] = T 1
[104] = CNOT 1 7
[105] = CNOT 1 6
[106] = CNOT 1 18
[107] = T 1
[108] = CNOT 1 26
[109] = CNOT 1 23
[110] = CNOT 1 20
[111] = CNOT 1 18
[112] = CNOT 1 11
[113] = CNOT 1 10
[114] = CNOT 1 21
[115] = CNOT 1 28
[116] = T 1
[117] = CNOT 1 8
[118] = CNOT 1 9
[119] = CNOT 1 20
[120] = T 1
[121] = CNOT 1 20
[122] = T 1
[123] = CNOT 1 9
[124] = CNOT 1 8
[125] = CNOT 1 20
[126] = T 1
[127] = CNOT 1 28
[128] = CNOT 1 21
[129] = CNOT 2 15
[130] = CNOT 2 24
[131] = CNOT 2 34
[132] = T 2
[133] = CNOT 2 34
[134] = CNOT 2 24
[135] = CNOT 2 15
[136] = CNOT 1 22
[137] = CNOT 1 23
[138] = CNOT 1 26
[139] = T 1
[140] = CNOT 1 22
[141] = T 1
[142] = CNOT 1 15
[143] = CNOT 15 24
[144] = CNOT 15 34
[145] = T 15
[146] = Z 15
[147] = CNOT 15 34
[148] = CNOT 15 24
[149] = CNOT 1 6
[150] = CNOT 1 7
[151] = CNOT 1 10
[152] = CNOT 1 11
[153] = CNOT 1 15
[154] = CNOT 1 18
[155] = CNOT 1 19
[156] = CNOT 1 30
[157] = T 1
[158] = CNOT 1 30
[159] = CNOT 1 26
[160] = CNOT 1 24
[161] = CNOT 1 23
[162] = CNOT 1 19
[163] = CNOT 1 18
[164] = CNOT 1 7
[165] = CNOT 1 6
[166] = T 25
[167] = S 25
[168] = Z 25
[169] = CNOT 12 13
[170] = T 12
[171] = CNOT 12 24
[172] = T 12
[173] = S 12
[174] = Z 12
[175] = CNOT 12 25
[176] = T 12
[177] = CNOT 12 24
[178] = T 12
[179] = S 12
[180] = Z 12
[181] = CNOT 12 25
[182] = CNOT 12 13
[183] = CNOT 24 25
[184] = T 24
[185] = S 24
[186] = CNOT 24 25
[187] = CNOT 1 24
[188] = T 1
[189] = CNOT 1 17
[190] = CNOT 1 22
[191] = CNOT 1 23
[192] = CNOT 1 26
[193] = CNOT 1 32
[194] = T 1
[195] = CNOT 1 32
[196] = CNOT 1 26
[197] = CNOT 1 23
[198] = CNOT 1 17
[199] = CNOT 1 11
[200] = CNOT 1 10
[201] = T 1
[202] = CNOT 1 10
[203] = CNOT 1 11
[204] = T 1
[205] = CNOT 1 16
[206] = CNOT 1 17
[207] = CNOT 1 23
[208] = CNOT 1 26
[209] = CNOT 1 32
[210] = T 1
[211] = CNOT 1 32
[212] = CNOT 1 26
[213] = CNOT 1 23
[214] = CNOT 1 22
[215] = CNOT 1 20
[216] = CNOT 1 17
[217] = CNOT 1 16
[218] = CNOT 1 11
[219] = CNOT 1 10
[220] = CNOT 1 8
[221] = CNOT 1 9
[222] = T 1
[223] = CNOT 1 20
[224] = T 1
[225] = CNOT 1 9
[226] = CNOT 1 8
[227] = CNOT 1 4
[228] = CNOT 1 5
[229] = CNOT 1 10
[230] = CNOT 1 11
[231] = CNOT 1 17
[232] = CNOT 1 22
[233] = CNOT 1 23
[234] = CNOT 1 26
[235] = CNOT 1 32
[236] = T 1
[237] = CNOT 1 32
[238] = CNOT 1 22
[239] = CNOT 1 17
[240] = CNOT 1 5
[241] = CNOT 1 4
[242] = CNOT 1 19
[243] = CNOT 1 30
[244] = T 1
[245] = CNOT 1 6
[246] = CNOT 1 7
[247] = T 1
[248] = CNOT 1 34
[249] = CNOT 1 30
[250] = CNOT 1 26
[251] = CNOT 1 24
[252] = CNOT 1 23
[253] = CNOT 1 20
[254] = CNOT 1 19
[255] = CNOT 1 15
[256] = CNOT 1 11
[257] = CNOT 1 10
[258] = CNOT 1 7
[259] = CNOT 1 6
[260] = Z 1
[261] = S 2
[262] = Z 3
[263] = S 6
[264] = S 7
[265] = Z 10
[266] = Z 11
[267] = Z 14
[268] = S 15
[269] = Z 15
[270] = S 16
[271] = S 17
[272] = S 18
[273] = Z 19
[274] = S 20
[275] = S 21
[276] = S 22
[277] = Z 22
[278] = S 23
[279] = Z 23
[280] = S 24
[281] = Z 24
[282] = Z 26
[283] = S 27
[284] = Z 27
[285] = S 29
[286] = Z 29
[287] = S 30
[288] = S 31
[289] = Z 31
[290] = S 33
[291] = Z 33
[292] = S 34
[293] = S 35
[294] = Z 35
[295] = CNOT 1 2
[296] = Z 1
[297] = CNOT 1 2
[298] = CNOT 1 4
[299] = S 1
[300] = CNOT 1 4
[301] = CNOT 1 5
[302] = S 1
[303] = CNOT 1 5
[304] = CNOT 1 6
[305] = S 1
[306] = Z 1
[307] = CNOT 1 6
[308] = CNOT 1 7
[309] = S 1
[310] = Z 1
[311] = CNOT 1 7
[312] = CNOT 1 8
[313] = S 1
[314] = CNOT 1 8
[315] = CNOT 1 9
[316] = S 1
[317] = CNOT 1 9
[318] = CNOT 1 10
[319] = Z 1
[320] = CNOT 1 10
[321] = CNOT 1 11
[322] = Z 1
[323] = CNOT 1 11
[324] = CNOT 1 15
[325] = S 1
[326] = Z 1
[327] = CNOT 1 15
[328] = CNOT 1 17
[329] = S 1
[330] = CNOT 1 17
[331] = CNOT 1 18
[332] = Z 1
[333] = CNOT 1 18
[334] = CNOT 1 19
[335] = S 1
[336] = Z 1
[337] = CNOT 1 19
[338] = CNOT 1 20
[339] = S 1
[340] = CNOT 1 20
[341] = CNOT 1 21
[342] = S 1
[343] = CNOT 1 21
[344] = CNOT 1 22
[345] = S 1
[346] = Z 1
[347] = CNOT 1 22
[348] = CNOT 1 23
[349] = Z 1
[350] = CNOT 1 23
[351] = CNOT 1 26
[352] = Z 1
[353] = CNOT 1 26
[354] = CNOT 1 28
[355] = S 1
[356] = CNOT 1 28
[357] = CNOT 1 30
[358] = S 1
[359] = Z 1
[360] = CNOT 1 30
[361] = CNOT 1 32
[362] = S 1
[363] = CNOT 1 32
[364] = CNOT 1 34
[365] = S 1
[366] = Z 1
[367] = CNOT 1 34
[368] = CNOT 2 15
[369] = S 2
[370] = Z 2
[371] = CNOT 2 15
[372] = CNOT 2 34
[373] = S 2
[374] = Z 2
[375] = CNOT 2 34
[376] = CNOT 3 5
[377] = S 3
[378] = CNOT 3 5
[379] = CNOT 3 15
[380] = Z 3
[381] = CNOT 3 15
[382] = CNOT 4 5
[383] = S 4
[384] = CNOT 4 5
[385] = CNOT 4 10
[386] = S 4
[387] = CNOT 4 10
[388] = CNOT 4 11
[389] = S 4
[390] = CNOT 4 11
[391] = CNOT 4 15
[392] = S 4
[393] = CNOT 4 15
[394] = CNOT 4 16
[395] = S 4
[396] = CNOT 4 16
[397] = CNOT 4 17
[398] = S 4
[399] = CNOT 4 17
[400] = CNOT 4 20
[401] = S 4
[402] = CNOT 4 20
[403] = CNOT 4 22
[404] = S 4
[405] = CNOT 4 22
[406] = CNOT 4 23
[407] = S 4
[408] = CNOT 4 23
[409] = CNOT 4 24
[410] = S 4
[411] = CNOT 4 24
[412] = CNOT 4 26
[413] = S 4
[414] = CNOT 4 26
[415] = CNOT 4 32
[416] = Z 4
[417] = CNOT 4 32
[418] = CNOT 4 34
[419] = S 4
[420] = CNOT 4 34
[421] = CNOT 5 7
[422] = S 5
[423] = CNOT 5 7
[424] = CNOT 5 10
[425] = S 5
[426] = CNOT 5 10
[427] = CNOT 5 11
[428] = S 5
[429] = CNOT 5 11
[430] = CNOT 5 15
[431] = S 5
[432] = Z 5
[433] = CNOT 5 15
[434] = CNOT 5 16
[435] = S 5
[436] = CNOT 5 16
[437] = CNOT 5 17
[438] = S 5
[439] = Z 5
[440] = CNOT 5 17
[441] = CNOT 5 20
[442] = S 5
[443] = CNOT 5 20
[444] = CNOT 5 22
[445] = S 5
[446] = CNOT 5 22
[447] = CNOT 5 23
[448] = S 5
[449] = CNOT 5 23
[450] = CNOT 5 24
[451] = S 5
[452] = CNOT 5 24
[453] = CNOT 5 26
[454] = S 5
[455] = CNOT 5 26
[456] = CNOT 5 32
[457] = Z 5
[458] = CNOT 5 32
[459] = CNOT 5 34
[460] = S 5
[461] = CNOT 5 34
[462] = CNOT 6 7
[463] = S 6
[464] = Z 6
[465] = CNOT 6 7
[466] = CNOT 6 10
[467] = S 6
[468] = Z 6
[469] = CNOT 6 10
[470] = CNOT 6 11
[471] = S 6
[472] = Z 6
[473] = CNOT 6 11
[474] = CNOT 6 15
[475] = S 6
[476] = Z 6
[477] = CNOT 6 15
[478] = CNOT 6 20
[479] = S 6
[480] = Z 6
[481] = CNOT 6 20
[482] = CNOT 6 23
[483] = S 6
[484] = Z 6
[485] = CNOT 6 23
[486] = CNOT 6 24
[487] = S 6
[488] = Z 6
[489] = CNOT 6 24
[490] = CNOT 6 26
[491] = S 6
[492] = Z 6
[493] = CNOT 6 26
[494] = CNOT 6 30
[495] = S 6
[496] = CNOT 6 30
[497] = CNOT 6 34
[498] = S 6
[499] = Z 6
[500] = CNOT 6 34
[501] = CNOT 7 9
[502] = S 7
[503] = CNOT 7 9
[504] = CNOT 7 10
[505] = S 7
[506] = Z 7
[507] = CNOT 7 10
[508] = CNOT 7 11
[509] = S 7
[510] = Z 7
[511] = CNOT 7 11
[512] = CNOT 7 15
[513] = S 7
[514] = Z 7
[515] = CNOT 7 15
[516] = CNOT 7 17
[517] = Z 7
[518] = CNOT 7 17
[519] = CNOT 7 19
[520] = Z 7
[521] = CNOT 7 19
[522] = CNOT 7 20
[523] = S 7
[524] = Z 7
[525] = CNOT 7 20
[526] = CNOT 7 23
[527] = S 7
[528] = Z 7
[529] = CNOT 7 23
[530] = CNOT 7 24
[531] = S 7
[532] = Z 7
[533] = CNOT 7 24
[534] = CNOT 7 26
[535] = S 7
[536] = Z 7
[537] = CNOT 7 26
[538] = CNOT 7 30
[539] = S 7
[540] = CNOT 7 30
[541] = CNOT 7 34
[542] = S 7
[543] = Z 7
[544] = CNOT 7 34
[545] = CNOT 8 9
[546] = S 8
[547] = CNOT 8 9
[548] = CNOT 8 15
[549] = S 8
[550] = CNOT 8 15
[551] = CNOT 8 20
[552] = S 8
[553] = Z 8
[554] = CNOT 8 20
[555] = CNOT 8 21
[556] = S 8
[557] = Z 8
[558] = CNOT 8 21
[559] = CNOT 8 24
[560] = S 8
[561] = CNOT 8 24
[562] = CNOT 8 34
[563] = S 8
[564] = CNOT 8 34
[565] = CNOT 9 11
[566] = S 9
[567] = CNOT 9 11
[568] = CNOT 9 15
[569] = S 9
[570] = CNOT 9 15
[571] = CNOT 9 19
[572] = Z 9
[573] = CNOT 9 19
[574] = CNOT 9 20
[575] = S 9
[576] = Z 9
[577] = CNOT 9 20
[578] = CNOT 9 21
[579] = S 9
[580] = CNOT 9 21
[581] = CNOT 9 24
[582] = S 9
[583] = CNOT 9 24
[584] = CNOT 9 34
[585] = S 9
[586] = CNOT 9 34
[587] = CNOT 10 11
[588] = Z 10
[589] = CNOT 10 11
[590] = CNOT 10 15
[591] = Z 10
[592] = CNOT 10 15
[593] = CNOT 10 17
[594] = S 10
[595] = CNOT 10 17
[596] = CNOT 10 18
[597] = Z 10
[598] = CNOT 10 18
[599] = CNOT 10 19
[600] = S 10
[601] = Z 10
[602] = CNOT 10 19
[603] = CNOT 10 20
[604] = Z 10
[605] = CNOT 10 20
[606] = CNOT 10 22
[607] = S 10
[608] = CNOT 10 22
[609] = CNOT 10 23
[610] = S 10
[611] = Z 10
[612] = CNOT 10 23
[613] = CNOT 10 24
[614] = Z 10
[615] = CNOT 10 24
[616] = CNOT 10 30
[617] = S 10
[618] = Z 10
[619] = CNOT 10 30
[620] = CNOT 10 32
[621] = S 10
[622] = CNOT 10 32
[623] = CNOT 10 34
[624] = Z 10
[625] = CNOT 10 34
[626] = CNOT 11 13
[627] = S 11
[628] = CNOT 11 13
[629] = CNOT 11 15
[630] = Z 11
[631] = CNOT 11 15
[632] = CNOT 11 17
[633] = S 11
[634] = CNOT 11 17
[635] = CNOT 11 18
[636] = Z 11
[637] = CNOT 11 18
[638] = CNOT 11 19
[639] = S 11
[640] = Z 11
[641] = CNOT 11 19
[642] = CNOT 11 20
[643] = Z 11
[644] = CNOT 11 20
[645] = CNOT 11 21
[646] = Z 11
[647] = CNOT 11 21
[648] = CNOT 11 22
[649] = S 11
[650] = CNOT 11 22
[651] = CNOT 11 23
[652] = S 11
[653] = CNOT 11 23
[654] = CNOT 11 24
[655] = Z 11
[656] = CNOT 11 24
[657] = CNOT 11 30
[658] = S 11
[659] = Z 11
[660] = CNOT 11 30
[661] = CNOT 11 32
[662] = S 11
[663] = CNOT 11 32
[664] = CNOT 11 34
[665] = Z 11
[666] = CNOT 11 34
[667] = CNOT 12 24
[668] = Z 12
[669] = CNOT 12 24
[670] = CNOT 12 25
[671] = Z 12
[672] = CNOT 12 25
[673] = CNOT 13 14
[674] = S 13
[675] = CNOT 13 14
[676] = CNOT 13 23
[677] = Z 13
[678] = CNOT 13 23
[679] = CNOT 13 24
[680] = Z 13
[681] = CNOT 13 24
[682] = CNOT 14 25
[683] = Z 14
[684] = CNOT 14 25
[685] = CNOT 15 16
[686] = S 15
[687] = CNOT 15 16
[688] = CNOT 15 17
[689] = S 15
[690] = CNOT 15 17
[691] = CNOT 15 18
[692] = Z 15
[693] = CNOT 15 18
[694] = CNOT 15 19
[695] = S 15
[696] = Z 15
[697] = CNOT 15 19
[698] = CNOT 15 20
[699] = S 15
[700] = CNOT 15 20
[701] = CNOT 15 21
[702] = S 15
[703] = CNOT 15 21
[704] = CNOT 15 22
[705] = S 15
[706] = Z 15
[707] = CNOT 15 22
[708] = CNOT 15 23
[709] = Z 15
[710] = CNOT 15 23
[711] = CNOT 15 24
[712] = Z 15
[713] = CNOT 15 24
[714] = CNOT 15 26
[715] = Z 15
[716] = CNOT 15 26
[717] = CNOT 15 28
[718] = S 15
[719] = CNOT 15 28
[720] = CNOT 15 30
[721] = S 15
[722] = Z 15
[723] = CNOT 15 30
[724] = CNOT 15 32
[725] = S 15
[726] = CNOT 15 32
[727] = CNOT 15 34
[728] = Z 15
[729] = CNOT 15 34
[730] = CNOT 16 32
[731] = S 16
[732] = Z 16
[733] = CNOT 16 32
[734] = CNOT 16 34
[735] = S 16
[736] = CNOT 16 34
[737] = CNOT 17 18
[738] = S 17
[739] = CNOT 17 18
[740] = CNOT 17 20
[741] = S 17
[742] = CNOT 17 20
[743] = CNOT 17 22
[744] = S 17
[745] = CNOT 17 22
[746] = CNOT 17 23
[747] = S 17
[748] = CNOT 17 23
[749] = CNOT 17 24
[750] = S 17
[751] = CNOT 17 24
[752] = CNOT 17 26
[753] = S 17
[754] = CNOT 17 26
[755] = CNOT 17 32
[756] = S 17
[757] = CNOT 17 32
[758] = CNOT 17 34
[759] = S 17
[760] = CNOT 17 34
[761] = CNOT 18 19
[762] = S 18
[763] = Z 18
[764] = CNOT 18 19
[765] = CNOT 18 20
[766] = Z 18
[767] = CNOT 18 20
[768] = CNOT 18 23
[769] = Z 18
[770] = CNOT 18 23
[771] = CNOT 18 24
[772] = Z 18
[773] = CNOT 18 24
[774] = CNOT 18 26
[775] = Z 18
[776] = CNOT 18 26
[777] = CNOT 18 30
[778] = Z 18
[779] = CNOT 18 30
[780] = CNOT 18 32
[781] = S 18
[782] = CNOT 18 32
[783] = CNOT 18 34
[784] = Z 18
[785] = CNOT 18 34
[786] = CNOT 19 23
[787] = S 19
[788] = Z 19
[789] = CNOT 19 23
[790] = CNOT 19 24
[791] = S 19
[792] = Z 19
[793] = CNOT 19 24
[794] = CNOT 19 26
[795] = S 19
[796] = Z 19
[797] = CNOT 19 26
[798] = CNOT 19 30
[799] = S 19
[800] = Z 19
[801] = CNOT 19 30
[802] = CNOT 19 34
[803] = S 19
[804] = Z 19
[805] = CNOT 19 34
[806] = CNOT 20 21
[807] = Z 20
[808] = CNOT 20 21
[809] = CNOT 20 22
[810] = S 20
[811] = Z 20
[812] = CNOT 20 22
[813] = CNOT 20 23
[814] = Z 20
[815] = CNOT 20 23
[816] = CNOT 20 24
[817] = S 20
[818] = CNOT 20 24
[819] = CNOT 20 26
[820] = Z 20
[821] = CNOT 20 26
[822] = CNOT 20 28
[823] = S 20
[824] = CNOT 20 28
[825] = CNOT 20 32
[826] = S 20
[827] = CNOT 20 32
[828] = CNOT 20 34
[829] = S 20
[830] = CNOT 20 34
[831] = CNOT 21 22
[832] = S 21
[833] = CNOT 21 22
[834] = CNOT 21 24
[835] = S 21
[836] = CNOT 21 24
[837] = CNOT 21 28
[838] = S 21
[839] = CNOT 21 28
[840] = CNOT 21 34
[841] = S 21
[842] = CNOT 21 34
[843] = CNOT 22 24
[844] = S 22
[845] = Z 22
[846] = CNOT 22 24
[847] = CNOT 22 26
[848] = S 22
[849] = Z 22
[850] = CNOT 22 26
[851] = CNOT 22 28
[852] = S 22
[853] = CNOT 22 28
[854] = CNOT 22 32
[855] = S 22
[856] = CNOT 22 32
[857] = CNOT 22 34
[858] = S 22
[859] = Z 22
[860] = CNOT 22 34
[861] = CNOT 23 24
[862] = S 23
[863] = Z 23
[864] = CNOT 23 24
[865] = CNOT 23 26
[866] = Z 23
[867] = CNOT 23 26
[868] = CNOT 23 30
[869] = S 23
[870] = Z 23
[871] = CNOT 23 30
[872] = CNOT 23 32
[873] = S 23
[874] = CNOT 23 32
[875] = CNOT 23 34
[876] = Z 23
[877] = CNOT 23 34
[878] = CNOT 24 26
[879] = S 24
[880] = Z 24
[881] = CNOT 24 26
[882] = CNOT 24 28
[883] = S 24
[884] = CNOT 24 28
[885] = CNOT 24 30
[886] = S 24
[887] = Z 24
[888] = CNOT 24 30
[889] = CNOT 24 32
[890] = S 24
[891] = CNOT 24 32
[892] = CNOT 24 34
[893] = Z 24
[894] = CNOT 24 34
[895] = CNOT 26 27
[896] = S 26
[897] = CNOT 26 27
[898] = CNOT 26 30
[899] = S 26
[900] = Z 26
[901] = CNOT 26 30
[902] = CNOT 26 32
[903] = S 26
[904] = CNOT 26 32
[905] = CNOT 26 34
[906] = Z 26
[907] = CNOT 26 34
[908] = CNOT 28 29
[909] = S 28
[910] = CNOT 28 29
[911] = CNOT 28 34
[912] = S 28
[913] = CNOT 28 34
[914] = CNOT 30 31
[915] = S 30
[916] = CNOT 30 31
[917] = CNOT 30 34
[918] = S 30
[919] = Z 30
[920] = CNOT 30 34
[921] = CNOT 32 33
[922] = S 32
[923] = CNOT 32 33
[924] = CNOT 32 34
[925] = S 32
[926] = CNOT 32 34
[927] = CNOT 34 35
[928] = S 34
[929] = CNOT 34 35
[930] = CNOT 1 4
[931] = CNOT 1 5
[932] = Z 1
[933] = CNOT 1 5
[934] = CNOT 1 10
[935] = Z 1
[936] = CNOT 1 10
[937] = CNOT 1 11
[938] = Z 1
[939] = CNOT 1 11
[940] = CNOT 1 15
[941] = Z 1
[942] = CNOT 1 15
[943] = CNOT 1 16
[944] = S 1
[945] = Z 1
[946] = CNOT 1 16
[947] = CNOT 1 17
[948] = S 1
[949] = Z 1
[950] = CNOT 1 17
[951] = CNOT 1 20
[952] = Z 1
[953] = CNOT 1 20
[954] = CNOT 1 22
[955] = Z 1
[956] = CNOT 1 22
[957] = CNOT 1 23
[958] = Z 1
[959] = CNOT 1 23
[960] = CNOT 1 24
[961] = Z 1
[962] = CNOT 1 24
[963] = CNOT 1 26
[964] = Z 1
[965] = CNOT 1 26
[966] = CNOT 1 32
[967] = S 1
[968] = Z 1
[969] = CNOT 1 32
[970] = CNOT 1 34
[971] = Z 1
[972] = CNOT 1 34
[973] = CNOT 1 4
[974] = CNOT 1 5
[975] = CNOT 1 10
[976] = Z 1
[977] = CNOT 1 10
[978] = CNOT 1 11
[979] = Z 1
[980] = CNOT 1 11
[981] = CNOT 1 15
[982] = Z 1
[983] = CNOT 1 15
[984] = CNOT 1 16
[985] = S 1
[986] = Z 1
[987] = CNOT 1 16
[988] = CNOT 1 17
[989] = S 1
[990] = Z 1
[991] = CNOT 1 17
[992] = CNOT 1 20
[993] = Z 1
[994] = CNOT 1 20
[995] = CNOT 1 22
[996] = Z 1
[997] = CNOT 1 22
[998] = CNOT 1 23
[999] = Z 1
[1000] = CNOT 1 23
[1001] = CNOT 1 24
[1002] = Z 1
[1003] = CNOT 1 24
[1004] = CNOT 1 26
[1005] = Z 1
[1006] = CNOT 1 26
[1007] = CNOT 1 32
[1008] = S 1
[1009] = Z 1
[1010] = CNOT 1 32
[1011] = CNOT 1 34
[1012] = Z 1
[1013] = CNOT 1 34
[1014] = CNOT 1 5
[1015] = CNOT 1 6
[1016] = CNOT 1 7
[1017] = Z 1
[1018] = CNOT 1 7
[1019] = CNOT 1 10
[1020] = Z 1
[1021] = CNOT 1 10
[1022] = CNOT 1 11
[1023] = Z 1
[1024] = CNOT 1 11
[1025] = CNOT 1 15
[1026] = Z 1
[1027] = CNOT 1 15
[1028] = CNOT 1 18
[1029] = S 1
[1030] = Z 1
[1031] = CNOT 1 18
[1032] = CNOT 1 19
[1033] = S 1
[1034] = Z 1
[1035] = CNOT 1 19
[1036] = CNOT 1 20
[1037] = Z 1
[1038] = CNOT 1 20
[1039] = CNOT 1 23
[1040] = Z 1
[1041] = CNOT 1 23
[1042] = CNOT 1 24
[1043] = Z 1
[1044] = CNOT 1 24
[1045] = CNOT 1 26
[1046] = Z 1
[1047] = CNOT 1 26
[1048] = CNOT 1 30
[1049] = S 1
[1050] = Z 1
[1051] = CNOT 1 30
[1052] = CNOT 1 34
[1053] = Z 1
[1054] = CNOT 1 34
[1055] = CNOT 1 6
[1056] = CNOT 1 7
[1057] = CNOT 1 10
[1058] = Z 1
[1059] = CNOT 1 10
[1060] = CNOT 1 11
[1061] = Z 1
[1062] = CNOT 1 11
[1063] = CNOT 1 15
[1064] = Z 1
[1065] = CNOT 1 15
[1066] = CNOT 1 18
[1067] = S 1
[1068] = Z 1
[1069] = CNOT 1 18
[1070] = CNOT 1 19
[1071] = S 1
[1072] = Z 1
[1073] = CNOT 1 19
[1074] = CNOT 1 20
[1075] = Z 1
[1076] = CNOT 1 20
[1077] = CNOT 1 23
[1078] = Z 1
[1079] = CNOT 1 23
[1080] = CNOT 1 24
[1081] = Z 1
[1082] = CNOT 1 24
[1083] = CNOT 1 26
[1084] = Z 1
[1085] = CNOT 1 26
[1086] = CNOT 1 30
[1087] = S 1
[1088] = Z 1
[1089] = CNOT 1 30
[1090] = CNOT 1 34
[1091] = Z 1
[1092] = CNOT 1 34
[1093] = CNOT 1 7
[1094] = CNOT 1 8
[1095] = CNOT 1 9
[1096] = Z 1
[1097] = CNOT 1 9
[1098] = CNOT 1 15
[1099] = Z 1
[1100] = CNOT 1 15
[1101] = CNOT 1 20
[1102] = S 1
[1103] = Z 1
[1104] = CNOT 1 20
[1105] = CNOT 1 21
[1106] = S 1
[1107] = Z 1
[1108] = CNOT 1 21
[1109] = CNOT 1 24
[1110] = Z 1
[1111] = CNOT 1 24
[1112] = CNOT 1 28
[1113] = S 1
[1114] = Z 1
[1115] = CNOT 1 28
[1116] = CNOT 1 34
[1117] = Z 1
[1118] = CNOT 1 34
[1119] = CNOT 1 8
[1120] = CNOT 1 9
[1121] = CNOT 1 15
[1122] = Z 1
[1123] = CNOT 1 15
[1124] = CNOT 1 20
[1125] = S 1
[1126] = Z 1
[1127] = CNOT 1 20
[1128] = CNOT 1 21
[1129] = S 1
[1130] = Z 1
[1131] = CNOT 1 21
[1132] = CNOT 1 24
[1133] = Z 1
[1134] = CNOT 1 24
[1135] = CNOT 1 28
[1136] = S 1
[1137] = Z 1
[1138] = CNOT 1 28
[1139] = CNOT 1 34
[1140] = Z 1
[1141] = CNOT 1 34
[1142] = CNOT 1 9
[1143] = CNOT 1 10
[1144] = CNOT 1 16
[1145] = Z 1
[1146] = CNOT 1 16
[1147] = CNOT 1 17
[1148] = Z 1
[1149] = CNOT 1 17
[1150] = CNOT 1 18
[1151] = Z 1
[1152] = CNOT 1 18
[1153] = CNOT 1 19
[1154] = Z 1
[1155] = CNOT 1 19
[1156] = CNOT 1 23
[1157] = S 1
[1158] = CNOT 1 23
[1159] = CNOT 1 26
[1160] = S 1
[1161] = CNOT 1 26
[1162] = CNOT 1 30
[1163] = Z 1
[1164] = CNOT 1 30
[1165] = CNOT 1 32
[1166] = Z 1
[1167] = CNOT 1 32
[1168] = CNOT 1 10
[1169] = CNOT 1 11
[1170] = CNOT 1 16
[1171] = Z 1
[1172] = CNOT 1 16
[1173] = CNOT 1 17
[1174] = Z 1
[1175] = CNOT 1 17
[1176] = CNOT 1 18
[1177] = Z 1
[1178] = CNOT 1 18
[1179] = CNOT 1 19
[1180] = Z 1
[1181] = CNOT 1 19
[1182] = CNOT 1 23
[1183] = S 1
[1184] = CNOT 1 23
[1185] = CNOT 1 26
[1186] = S 1
[1187] = CNOT 1 26
[1188] = CNOT 1 30
[1189] = Z 1
[1190] = CNOT 1 30
[1191] = CNOT 1 32
[1192] = Z 1
[1193] = CNOT 1 32
[1194] = CNOT 1 11
[1195] = CNOT 1 15
[1196] = CNOT 1 16
[1197] = Z 1
[1198] = CNOT 1 16
[1199] = CNOT 1 17
[1200] = Z 1
[1201] = CNOT 1 17
[1202] = CNOT 1 18
[1203] = Z 1
[1204] = CNOT 1 18
[1205] = CNOT 1 19
[1206] = Z 1
[1207] = CNOT 1 19
[1208] = CNOT 1 20
[1209] = S 1
[1210] = CNOT 1 20
[1211] = CNOT 1 21
[1212] = Z 1
[1213] = CNOT 1 21
[1214] = CNOT 1 22
[1215] = S 1
[1216] = Z 1
[1217] = CNOT 1 22
[1218] = CNOT 1 24
[1219] = S 1
[1220] = Z 1
[1221] = CNOT 1 24
[1222] = CNOT 1 28
[1223] = Z 1
[1224] = CNOT 1 28
[1225] = CNOT 1 30
[1226] = Z 1
[1227] = CNOT 1 30
[1228] = CNOT 1 32
[1229] = Z 1
[1230] = CNOT 1 32
[1231] = CNOT 1 34
[1232] = S 1
[1233] = Z 1
[1234] = CNOT 1 34
[1235] = CNOT 1 15
[1236] = CNOT 1 16
[1237] = CNOT 1 17
[1238] = S 1
[1239] = Z 1
[1240] = CNOT 1 17
[1241] = CNOT 1 20
[1242] = Z 1
[1243] = CNOT 1 20
[1244] = CNOT 1 22
[1245] = Z 1
[1246] = CNOT 1 22
[1247] = CNOT 1 23
[1248] = Z 1
[1249] = CNOT 1 23
[1250] = CNOT 1 24
[1251] = Z 1
[1252] = CNOT 1 24
[1253] = CNOT 1 26
[1254] = Z 1
[1255] = CNOT 1 26
[1256] = CNOT 1 32
[1257] = S 1
[1258] = Z 1
[1259] = CNOT 1 32
[1260] = CNOT 1 34
[1261] = Z 1
[1262] = CNOT 1 34
[1263] = CNOT 1 16
[1264] = CNOT 1 17
[1265] = CNOT 1 20
[1266] = Z 1
[1267] = CNOT 1 20
[1268] = CNOT 1 22
[1269] = Z 1
[1270] = CNOT 1 22
[1271] = CNOT 1 23
[1272] = Z 1
[1273] = CNOT 1 23
[1274] = CNOT 1 24
[1275] = Z 1
[1276] = CNOT 1 24
[1277] = CNOT 1 26
[1278] = Z 1
[1279] = CNOT 1 26
[1280] = CNOT 1 32
[1281] = Z 1
[1282] = CNOT 1 32
[1283] = CNOT 1 34
[1284] = Z 1
[1285] = CNOT 1 34
[1286] = CNOT 1 17
[1287] = CNOT 1 18
[1288] = CNOT 1 19
[1289] = S 1
[1290] = Z 1
[1291] = CNOT 1 19
[1292] = CNOT 1 20
[1293] = Z 1
[1294] = CNOT 1 20
[1295] = CNOT 1 23
[1296] = Z 1
[1297] = CNOT 1 23
[1298] = CNOT 1 24
[1299] = Z 1
[1300] = CNOT 1 24
[1301] = CNOT 1 26
[1302] = Z 1
[1303] = CNOT 1 26
[1304] = CNOT 1 30
[1305] = S 1
[1306] = Z 1
[1307] = CNOT 1 30
[1308] = CNOT 1 34
[1309] = Z 1
[1310] = CNOT 1 34
[1311] = CNOT 1 18
[1312] = CNOT 1 19
[1313] = CNOT 1 20
[1314] = Z 1
[1315] = CNOT 1 20
[1316] = CNOT 1 23
[1317] = Z 1
[1318] = CNOT 1 23
[1319] = CNOT 1 24
[1320] = Z 1
[1321] = CNOT 1 24
[1322] = CNOT 1 26
[1323] = Z 1
[1324] = CNOT 1 26
[1325] = CNOT 1 30
[1326] = Z 1
[1327] = CNOT 1 30
[1328] = CNOT 1 34
[1329] = Z 1
[1330] = CNOT 1 34
[1331] = CNOT 1 19
[1332] = CNOT 1 20
[1333] = CNOT 1 21
[1334] = S 1
[1335] = Z 1
[1336] = CNOT 1 21
[1337] = CNOT 1 22
[1338] = S 1
[1339] = Z 1
[1340] = CNOT 1 22
[1341] = CNOT 1 24
[1342] = S 1
[1343] = CNOT 1 24
[1344] = CNOT 1 28
[1345] = S 1
[1346] = Z 1
[1347] = CNOT 1 28
[1348] = CNOT 1 30
[1349] = Z 1
[1350] = CNOT 1 30
[1351] = CNOT 1 32
[1352] = Z 1
[1353] = CNOT 1 32
[1354] = CNOT 1 34
[1355] = S 1
[1356] = CNOT 1 34
[1357] = CNOT 1 20
[1358] = CNOT 1 21
[1359] = CNOT 1 24
[1360] = Z 1
[1361] = CNOT 1 24
[1362] = CNOT 1 28
[1363] = Z 1
[1364] = CNOT 1 28
[1365] = CNOT 1 34
[1366] = Z 1
[1367] = CNOT 1 34
[1368] = CNOT 1 21
[1369] = CNOT 1 22
[1370] = CNOT 1 24
[1371] = S 1
[1372] = Z 1
[1373] = CNOT 1 24
[1374] = CNOT 1 32
[1375] = Z 1
[1376] = CNOT 1 32
[1377] = CNOT 1 34
[1378] = S 1
[1379] = Z 1
[1380] = CNOT 1 34
[1381] = CNOT 1 22
[1382] = CNOT 1 23
[1383] = CNOT 1 30
[1384] = Z 1
[1385] = CNOT 1 30
[1386] = CNOT 1 32
[1387] = Z 1
[1388] = CNOT 1 32
[1389] = CNOT 1 23
[1390] = CNOT 1 24
[1391] = CNOT 1 28
[1392] = Z 1
[1393] = CNOT 1 28
[1394] = CNOT 1 30
[1395] = Z 1
[1396] = CNOT 1 30
[1397] = CNOT 1 32
[1398] = Z 1
[1399] = CNOT 1 32
[1400] = CNOT 1 34
[1401] = S 1
[1402] = Z 1
[1403] = CNOT 1 34
[1404] = CNOT 1 24
[1405] = CNOT 1 26
[1406] = CNOT 1 30
[1407] = Z 1
[1408] = CNOT 1 30
[1409] = CNOT 1 32
[1410] = Z 1
[1411] = CNOT 1 32
[1412] = CNOT 1 26
[1413] = CNOT 1 28
[1414] = CNOT 1 34
[1415] = Z 1
[1416] = CNOT 1 28
[1417] = CNOT 1 30
[1418] = Z 1
[1419] = CNOT 1 30
[1420] = CNOT 1 32
[1421] = Z 1
[1422] = CNOT 1 34
[1423] = CNOT 1 32
[1424] = CNOT 2 15
[1425] = CNOT 2 24
[1426] = S 2
[1427] = Z 2
[1428] = CNOT 2 24
[1429] = CNOT 2 34
[1430] = S 2
[1431] = Z 2
[1432] = CNOT 2 15
[1433] = CNOT 2 24
[1434] = S 2
[1435] = Z 2
[1436] = CNOT 2 34
[1437] = CNOT 2 24
[1438] = CNOT 3 5
[1439] = CNOT 3 15
[1440] = S 3
[1441] = Z 3
[1442] = CNOT 3 15
[1443] = CNOT 3 5
[1444] = CNOT 4 5
[1445] = CNOT 4 10
[1446] = Z 4
[1447] = CNOT 4 10
[1448] = CNOT 4 11
[1449] = Z 4
[1450] = CNOT 4 11
[1451] = CNOT 4 15
[1452] = Z 4
[1453] = CNOT 4 15
[1454] = CNOT 4 16
[1455] = S 4
[1456] = Z 4
[1457] = CNOT 4 16
[1458] = CNOT 4 17
[1459] = S 4
[1460] = Z 4
[1461] = CNOT 4 17
[1462] = CNOT 4 20
[1463] = Z 4
[1464] = CNOT 4 20
[1465] = CNOT 4 22
[1466] = Z 4
[1467] = CNOT 4 22
[1468] = CNOT 4 23
[1469] = Z 4
[1470] = CNOT 4 23
[1471] = CNOT 4 24
[1472] = Z 4
[1473] = CNOT 4 24
[1474] = CNOT 4 26
[1475] = Z 4
[1476] = CNOT 4 26
[1477] = CNOT 4 32
[1478] = S 4
[1479] = Z 4
[1480] = CNOT 4 32
[1481] = CNOT 4 34
[1482] = Z 4
[1483] = CNOT 4 34
[1484] = CNOT 4 5
[1485] = CNOT 4 10
[1486] = CNOT 4 11
[1487] = Z 4
[1488] = CNOT 4 11
[1489] = CNOT 4 15
[1490] = Z 4
[1491] = CNOT 4 15
[1492] = CNOT 4 16
[1493] = S 4
[1494] = Z 4
[1495] = CNOT 4 16
[1496] = CNOT 4 17
[1497] = S 4
[1498] = Z 4
[1499] = CNOT 4 17
[1500] = CNOT 4 20
[1501] = Z 4
[1502] = CNOT 4 20
[1503] = CNOT 4 22
[1504] = Z 4
[1505] = CNOT 4 22
[1506] = CNOT 4 23
[1507] = Z 4
[1508] = CNOT 4 23
[1509] = CNOT 4 24
[1510] = Z 4
[1511] = CNOT 4 24
[1512] = CNOT 4 26
[1513] = Z 4
[1514] = CNOT 4 26
[1515] = CNOT 4 32
[1516] = S 4
[1517] = Z 4
[1518] = CNOT 4 32
[1519] = CNOT 4 34
[1520] = Z 4
[1521] = CNOT 4 34
[1522] = CNOT 4 10
[1523] = CNOT 4 11
[1524] = CNOT 4 15
[1525] = Z 4
[1526] = CNOT 4 15
[1527] = CNOT 4 16
[1528] = S 4
[1529] = Z 4
[1530] = CNOT 4 16
[1531] = CNOT 4 17
[1532] = S 4
[1533] = Z 4
[1534] = CNOT 4 17
[1535] = CNOT 4 20
[1536] = Z 4
[1537] = CNOT 4 20
[1538] = CNOT 4 22
[1539] = Z 4
[1540] = CNOT 4 22
[1541] = CNOT 4 23
[1542] = Z 4
[1543] = CNOT 4 23
[1544] = CNOT 4 24
[1545] = Z 4
[1546] = CNOT 4 24
[1547] = CNOT 4 26
[1548] = Z 4
[1549] = CNOT 4 26
[1550] = CNOT 4 32
[1551] = S 4
[1552] = Z 4
[1553] = CNOT 4 32
[1554] = CNOT 4 34
[1555] = Z 4
[1556] = CNOT 4 34
[1557] = CNOT 4 11
[1558] = CNOT 4 15
[1559] = CNOT 4 16
[1560] = S 4
[1561] = Z 4
[1562] = CNOT 4 16
[1563] = CNOT 4 17
[1564] = S 4
[1565] = Z 4
[1566] = CNOT 4 17
[1567] = CNOT 4 20
[1568] = Z 4
[1569] = CNOT 4 20
[1570] = CNOT 4 22
[1571] = Z 4
[1572] = CNOT 4 22
[1573] = CNOT 4 23
[1574] = Z 4
[1575] = CNOT 4 23
[1576] = CNOT 4 24
[1577] = Z 4
[1578] = CNOT 4 24
[1579] = CNOT 4 26
[1580] = Z 4
[1581] = CNOT 4 26
[1582] = CNOT 4 32
[1583] = S 4
[1584] = Z 4
[1585] = CNOT 4 32
[1586] = CNOT 4 34
[1587] = Z 4
[1588] = CNOT 4 34
[1589] = CNOT 4 15
[1590] = CNOT 4 16
[1591] = CNOT 4 20
[1592] = S 4
[1593] = Z 4
[1594] = CNOT 4 20
[1595] = CNOT 4 22
[1596] = S 4
[1597] = Z 4
[1598] = CNOT 4 22
[1599] = CNOT 4 23
[1600] = S 4
[1601] = Z 4
[1602] = CNOT 4 23
[1603] = CNOT 4 24
[1604] = S 4
[1605] = Z 4
[1606] = CNOT 4 24
[1607] = CNOT 4 26
[1608] = S 4
[1609] = Z 4
[1610] = CNOT 4 26
[1611] = CNOT 4 32
[1612] = S 4
[1613] = Z 4
[1614] = CNOT 4 32
[1615] = CNOT 4 34
[1616] = S 4
[1617] = Z 4
[1618] = CNOT 4 34
[1619] = CNOT 4 16
[1620] = CNOT 4 17
[1621] = CNOT 4 20
[1622] = S 4
[1623] = Z 4
[1624] = CNOT 4 20
[1625] = CNOT 4 22
[1626] = S 4
[1627] = Z 4
[1628] = CNOT 4 22
[1629] = CNOT 4 23
[1630] = S 4
[1631] = Z 4
[1632] = CNOT 4 23
[1633] = CNOT 4 24
[1634] = S 4
[1635] = Z 4
[1636] = CNOT 4 24
[1637] = CNOT 4 26
[1638] = S 4
[1639] = Z 4
[1640] = CNOT 4 26
[1641] = CNOT 4 32
[1642] = S 4
[1643] = Z 4
[1644] = CNOT 4 32
[1645] = CNOT 4 34
[1646] = S 4
[1647] = Z 4
[1648] = CNOT 4 34
[1649] = CNOT 4 17
[1650] = CNOT 4 20
[1651] = CNOT 4 22
[1652] = Z 4
[1653] = CNOT 4 22
[1654] = CNOT 4 23
[1655] = Z 4
[1656] = CNOT 4 23
[1657] = CNOT 4 24
[1658] = Z 4
[1659] = CNOT 4 24
[1660] = CNOT 4 26
[1661] = Z 4
[1662] = CNOT 4 26
[1663] = CNOT 4 32
[1664] = S 4
[1665] = Z 4
[1666] = CNOT 4 32
[1667] = CNOT 4 34
[1668] = Z 4
[1669] = CNOT 4 34
[1670] = CNOT 4 20
[1671] = CNOT 4 22
[1672] = CNOT 4 23
[1673] = Z 4
[1674] = CNOT 4 23
[1675] = CNOT 4 24
[1676] = Z 4
[1677] = CNOT 4 24
[1678] = CNOT 4 26
[1679] = Z 4
[1680] = CNOT 4 26
[1681] = CNOT 4 32
[1682] = S 4
[1683] = Z 4
[1684] = CNOT 4 32
[1685] = CNOT 4 34
[1686] = Z 4
[1687] = CNOT 4 34
[1688] = CNOT 4 22
[1689] = CNOT 4 23
[1690] = CNOT 4 24
[1691] = Z 4
[1692] = CNOT 4 24
[1693] = CNOT 4 26
[1694] = Z 4
[1695] = CNOT 4 26
[1696] = CNOT 4 32
[1697] = S 4
[1698] = Z 4
[1699] = CNOT 4 32
[1700] = CNOT 4 34
[1701] = Z 4
[1702] = CNOT 4 34
[1703] = CNOT 4 23
[1704] = CNOT 4 24
[1705] = CNOT 4 26
[1706] = Z 4
[1707] = CNOT 4 26
[1708] = CNOT 4 32
[1709] = S 4
[1710] = Z 4
[1711] = CNOT 4 32
[1712] = CNOT 4 34
[1713] = Z 4
[1714] = CNOT 4 34
[1715] = CNOT 4 24
[1716] = CNOT 4 26
[1717] = CNOT 4 32
[1718] = S 4
[1719] = Z 4
[1720] = CNOT 4 32
[1721] = CNOT 4 34
[1722] = Z 4
[1723] = CNOT 4 26
[1724] = CNOT 4 32
[1725] = S 4
[1726] = Z 4
[1727] = CNOT 4 34
[1728] = CNOT 4 32
[1729] = CNOT 5 7
[1730] = CNOT 5 17
[1731] = S 5
[1732] = Z 5
[1733] = CNOT 5 17
[1734] = CNOT 5 7
[1735] = CNOT 5 10
[1736] = CNOT 5 11
[1737] = Z 5
[1738] = CNOT 5 11
[1739] = CNOT 5 15
[1740] = Z 5
[1741] = CNOT 5 15
[1742] = CNOT 5 16
[1743] = S 5
[1744] = Z 5
[1745] = CNOT 5 16
[1746] = CNOT 5 17
[1747] = S 5
[1748] = Z 5
[1749] = CNOT 5 17
[1750] = CNOT 5 20
[1751] = Z 5
[1752] = CNOT 5 20
[1753] = CNOT 5 22
[1754] = Z 5
[1755] = CNOT 5 22
[1756] = CNOT 5 23
[1757] = Z 5
[1758] = CNOT 5 23
[1759] = CNOT 5 24
[1760] = Z 5
[1761] = CNOT 5 24
[1762] = CNOT 5 26
[1763] = Z 5
[1764] = CNOT 5 26
[1765] = CNOT 5 32
[1766] = S 5
[1767] = Z 5
[1768] = CNOT 5 32
[1769] = CNOT 5 34
[1770] = Z 5
[1771] = CNOT 5 34
[1772] = CNOT 5 10
[1773] = CNOT 5 11
[1774] = CNOT 5 15
[1775] = Z 5
[1776] = CNOT 5 15
[1777] = CNOT 5 16
[1778] = S 5
[1779] = Z 5
[1780] = CNOT 5 16
[1781] = CNOT 5 17
[1782] = S 5
[1783] = Z 5
[1784] = CNOT 5 17
[1785] = CNOT 5 20
[1786] = Z 5
[1787] = CNOT 5 20
[1788] = CNOT 5 22
[1789] = Z 5
[1790] = CNOT 5 22
[1791] = CNOT 5 23
[1792] = Z 5
[1793] = CNOT 5 23
[1794] = CNOT 5 24
[1795] = Z 5
[1796] = CNOT 5 24
[1797] = CNOT 5 26
[1798] = Z 5
[1799] = CNOT 5 26
[1800] = CNOT 5 32
[1801] = S 5
[1802] = Z 5
[1803] = CNOT 5 32
[1804] = CNOT 5 34
[1805] = Z 5
[1806] = CNOT 5 34
[1807] = CNOT 5 11
[1808] = CNOT 5 15
[1809] = CNOT 5 16
[1810] = S 5
[1811] = Z 5
[1812] = CNOT 5 16
[1813] = CNOT 5 17
[1814] = S 5
[1815] = Z 5
[1816] = CNOT 5 17
[1817] = CNOT 5 20
[1818] = Z 5
[1819] = CNOT 5 20
[1820] = CNOT 5 22
[1821] = Z 5
[1822] = CNOT 5 22
[1823] = CNOT 5 23
[1824] = Z 5
[1825] = CNOT 5 23
[1826] = CNOT 5 24
[1827] = Z 5
[1828] = CNOT 5 24
[1829] = CNOT 5 26
[1830] = Z 5
[1831] = CNOT 5 26
[1832] = CNOT 5 32
[1833] = S 5
[1834] = Z 5
[1835] = CNOT 5 32
[1836] = CNOT 5 34
[1837] = Z 5
[1838] = CNOT 5 34
[1839] = CNOT 5 15
[1840] = CNOT 5 16
[1841] = CNOT 5 20
[1842] = S 5
[1843] = Z 5
[1844] = CNOT 5 20
[1845] = CNOT 5 22
[1846] = S 5
[1847] = Z 5
[1848] = CNOT 5 22
[1849] = CNOT 5 23
[1850] = S 5
[1851] = Z 5
[1852] = CNOT 5 23
[1853] = CNOT 5 24
[1854] = S 5
[1855] = Z 5
[1856] = CNOT 5 24
[1857] = CNOT 5 26
[1858] = S 5
[1859] = Z 5
[1860] = CNOT 5 26
[1861] = CNOT 5 32
[1862] = S 5
[1863] = Z 5
[1864] = CNOT 5 32
[1865] = CNOT 5 34
[1866] = S 5
[1867] = Z 5
[1868] = CNOT 5 34
[1869] = CNOT 5 16
[1870] = CNOT 5 17
[1871] = CNOT 5 20
[1872] = S 5
[1873] = Z 5
[1874] = CNOT 5 20
[1875] = CNOT 5 22
[1876] = S 5
[1877] = Z 5
[1878] = CNOT 5 22
[1879] = CNOT 5 23
[1880] = S 5
[1881] = Z 5
[1882] = CNOT 5 23
[1883] = CNOT 5 24
[1884] = S 5
[1885] = Z 5
[1886] = CNOT 5 24
[1887] = CNOT 5 26
[1888] = S 5
[1889] = Z 5
[1890] = CNOT 5 26
[1891] = CNOT 5 32
[1892] = S 5
[1893] = Z 5
[1894] = CNOT 5 32
[1895] = CNOT 5 34
[1896] = S 5
[1897] = Z 5
[1898] = CNOT 5 34
[1899] = CNOT 5 17
[1900] = CNOT 5 20
[1901] = CNOT 5 22
[1902] = Z 5
[1903] = CNOT 5 22
[1904] = CNOT 5 23
[1905] = Z 5
[1906] = CNOT 5 23
[1907] = CNOT 5 24
[1908] = Z 5
[1909] = CNOT 5 24
[1910] = CNOT 5 26
[1911] = Z 5
[1912] = CNOT 5 26
[1913] = CNOT 5 32
[1914] = S 5
[1915] = Z 5
[1916] = CNOT 5 32
[1917] = CNOT 5 34
[1918] = Z 5
[1919] = CNOT 5 34
[1920] = CNOT 5 20
[1921] = CNOT 5 22
[1922] = CNOT 5 23
[1923] = Z 5
[1924] = CNOT 5 23
[1925] = CNOT 5 24
[1926] = Z 5
[1927] = CNOT 5 24
[1928] = CNOT 5 26
[1929] = Z 5
[1930] = CNOT 5 26
[1931] = CNOT 5 32
[1932] = S 5
[1933] = Z 5
[1934] = CNOT 5 32
[1935] = CNOT 5 34
[1936] = Z 5
[1937] = CNOT 5 34
[1938] = CNOT 5 22
[1939] = CNOT 5 23
[1940] = CNOT 5 24
[1941] = Z 5
[1942] = CNOT 5 24
[1943] = CNOT 5 26
[1944] = Z 5
[1945] = CNOT 5 26
[1946] = CNOT 5 32
[1947] = S 5
[1948] = Z 5
[1949] = CNOT 5 32
[1950] = CNOT 5 34
[1951] = Z 5
[1952] = CNOT 5 34
[1953] = CNOT 5 23
[1954] = CNOT 5 24
[1955] = CNOT 5 26
[1956] = Z 5
[1957] = CNOT 5 26
[1958] = CNOT 5 32
[1959] = S 5
[1960] = Z 5
[1961] = CNOT 5 32
[1962] = CNOT 5 34
[1963] = Z 5
[1964] = CNOT 5 34
[1965] = CNOT 5 24
[1966] = CNOT 5 26
[1967] = CNOT 5 32
[1968] = S 5
[1969] = Z 5
[1970] = CNOT 5 32
[1971] = CNOT 5 34
[1972] = Z 5
[1973] = CNOT 5 26
[1974] = CNOT 5 32
[1975] = S 5
[1976] = Z 5
[1977] = CNOT 5 34
[1978] = CNOT 5 32
[1979] = CNOT 6 7
[1980] = CNOT 6 10
[1981] = Z 6
[1982] = CNOT 6 10
[1983] = CNOT 6 11
[1984] = Z 6
[1985] = CNOT 6 11
[1986] = CNOT 6 15
[1987] = Z 6
[1988] = CNOT 6 15
[1989] = CNOT 6 18
[1990] = S 6
[1991] = Z 6
[1992] = CNOT 6 18
[1993] = CNOT 6 19
[1994] = S 6
[1995] = Z 6
[1996] = CNOT 6 19
[1997] = CNOT 6 20
[1998] = Z 6
[1999] = CNOT 6 20
[2000] = CNOT 6 23
[2001] = Z 6
[2002] = CNOT 6 23
[2003] = CNOT 6 24
[2004] = Z 6
[2005] = CNOT 6 24
[2006] = CNOT 6 26
[2007] = Z 6
[2008] = CNOT 6 26
[2009] = CNOT 6 30
[2010] = S 6
[2011] = Z 6
[2012] = CNOT 6 30
[2013] = CNOT 6 34
[2014] = Z 6
[2015] = CNOT 6 34
[2016] = CNOT 6 7
[2017] = CNOT 6 10
[2018] = CNOT 6 11
[2019] = Z 6
[2020] = CNOT 6 11
[2021] = CNOT 6 15
[2022] = Z 6
[2023] = CNOT 6 15
[2024] = CNOT 6 18
[2025] = S 6
[2026] = Z 6
[2027] = CNOT 6 18
[2028] = CNOT 6 19
[2029] = S 6
[2030] = Z 6
[2031] = CNOT 6 19
[2032] = CNOT 6 20
[2033] = Z 6
[2034] = CNOT 6 20
[2035] = CNOT 6 23
[2036] = Z 6
[2037] = CNOT 6 23
[2038] = CNOT 6 24
[2039] = Z 6
[2040] = CNOT 6 24
[2041] = CNOT 6 26
[2042] = Z 6
[2043] = CNOT 6 26
[2044] = CNOT 6 30
[2045] = S 6
[2046] = Z 6
[2047] = CNOT 6 30
[2048] = CNOT 6 34
[2049] = Z 6
[2050] = CNOT 6 34
[2051] = CNOT 6 10
[2052] = CNOT 6 11
[2053] = CNOT 6 15
[2054] = Z 6
[2055] = CNOT 6 15
[2056] = CNOT 6 18
[2057] = S 6
[2058] = Z 6
[2059] = CNOT 6 18
[2060] = CNOT 6 19
[2061] = S 6
[2062] = Z 6
[2063] = CNOT 6 19
[2064] = CNOT 6 20
[2065] = Z 6
[2066] = CNOT 6 20
[2067] = CNOT 6 23
[2068] = Z 6
[2069] = CNOT 6 23
[2070] = CNOT 6 24
[2071] = Z 6
[2072] = CNOT 6 24
[2073] = CNOT 6 26
[2074] = Z 6
[2075] = CNOT 6 26
[2076] = CNOT 6 30
[2077] = S 6
[2078] = Z 6
[2079] = CNOT 6 30
[2080] = CNOT 6 34
[2081] = Z 6
[2082] = CNOT 6 34
[2083] = CNOT 6 11
[2084] = CNOT 6 15
[2085] = CNOT 6 18
[2086] = S 6
[2087] = Z 6
[2088] = CNOT 6 18
[2089] = CNOT 6 19
[2090] = S 6
[2091] = Z 6
[2092] = CNOT 6 19
[2093] = CNOT 6 20
[2094] = Z 6
[2095] = CNOT 6 20
[2096] = CNOT 6 23
[2097] = Z 6
[2098] = CNOT 6 23
[2099] = CNOT 6 24
[2100] = Z 6
[2101] = CNOT 6 24
[2102] = CNOT 6 26
[2103] = Z 6
[2104] = CNOT 6 26
[2105] = CNOT 6 30
[2106] = S 6
[2107] = Z 6
[2108] = CNOT 6 30
[2109] = CNOT 6 34
[2110] = Z 6
[2111] = CNOT 6 34
[2112] = CNOT 6 15
[2113] = CNOT 6 18
[2114] = CNOT 6 20
[2115] = S 6
[2116] = Z 6
[2117] = CNOT 6 20
[2118] = CNOT 6 23
[2119] = S 6
[2120] = Z 6
[2121] = CNOT 6 23
[2122] = CNOT 6 24
[2123] = S 6
[2124] = Z 6
[2125] = CNOT 6 24
[2126] = CNOT 6 26
[2127] = S 6
[2128] = Z 6
[2129] = CNOT 6 26
[2130] = CNOT 6 30
[2131] = S 6
[2132] = Z 6
[2133] = CNOT 6 30
[2134] = CNOT 6 34
[2135] = S 6
[2136] = Z 6
[2137] = CNOT 6 34
[2138] = CNOT 6 18
[2139] = CNOT 6 19
[2140] = CNOT 6 20
[2141] = S 6
[2142] = Z 6
[2143] = CNOT 6 20
[2144] = CNOT 6 23
[2145] = S 6
[2146] = Z 6
[2147] = CNOT 6 23
[2148] = CNOT 6 24
[2149] = S 6
[2150] = Z 6
[2151] = CNOT 6 24
[2152] = CNOT 6 26
[2153] = S 6
[2154] = Z 6
[2155] = CNOT 6 26
[2156] = CNOT 6 30
[2157] = S 6
[2158] = Z 6
[2159] = CNOT 6 30
[2160] = CNOT 6 34
[2161] = S 6
[2162] = Z 6
[2163] = CNOT 6 34
[2164] = CNOT 6 19
[2165] = CNOT 6 20
[2166] = CNOT 6 23
[2167] = Z 6
[2168] = CNOT 6 23
[2169] = CNOT 6 24
[2170] = Z 6
[2171] = CNOT 6 24
[2172] = CNOT 6 26
[2173] = Z 6
[2174] = CNOT 6 26
[2175] = CNOT 6 30
[2176] = S 6
[2177] = Z 6
[2178] = CNOT 6 30
[2179] = CNOT 6 34
[2180] = Z 6
[2181] = CNOT 6 34
[2182] = CNOT 6 20
[2183] = CNOT 6 23
[2184] = CNOT 6 24
[2185] = Z 6
[2186] = CNOT 6 24
[2187] = CNOT 6 26
[2188] = Z 6
[2189] = CNOT 6 26
[2190] = CNOT 6 30
[2191] = S 6
[2192] = Z 6
[2193] = CNOT 6 30
[2194] = CNOT 6 34
[2195] = Z 6
[2196] = CNOT 6 34
[2197] = CNOT 6 23
[2198] = CNOT 6 24
[2199] = CNOT 6 26
[2200] = Z 6
[2201] = CNOT 6 26
[2202] = CNOT 6 30
[2203] = S 6
[2204] = Z 6
[2205] = CNOT 6 30
[2206] = CNOT 6 34
[2207] = Z 6
[2208] = CNOT 6 34
[2209] = CNOT 6 24
[2210] = CNOT 6 26
[2211] = CNOT 6 30
[2212] = S 6
[2213] = Z 6
[2214] = CNOT 6 30
[2215] = CNOT 6 34
[2216] = Z 6
[2217] = CNOT 6 26
[2218] = CNOT 6 30
[2219] = S 6
[2220] = Z 6
[2221] = CNOT 6 34
[2222] = CNOT 6 30
[2223] = CNOT 7 9
[2224] = CNOT 7 19
[2225] = S 7
[2226] = Z 7
[2227] = CNOT 7 19
[2228] = CNOT 7 9
[2229] = CNOT 7 10
[2230] = CNOT 7 11
[2231] = Z 7
[2232] = CNOT 7 11
[2233] = CNOT 7 15
[2234] = Z 7
[2235] = CNOT 7 15
[2236] = CNOT 7 18
[2237] = S 7
[2238] = Z 7
[2239] = CNOT 7 18
[2240] = CNOT 7 19
[2241] = S 7
[2242] = Z 7
[2243] = CNOT 7 19
[2244] = CNOT 7 20
[2245] = Z 7
[2246] = CNOT 7 20
[2247] = CNOT 7 23
[2248] = Z 7
[2249] = CNOT 7 23
[2250] = CNOT 7 24
[2251] = Z 7
[2252] = CNOT 7 24
[2253] = CNOT 7 26
[2254] = Z 7
[2255] = CNOT 7 26
[2256] = CNOT 7 30
[2257] = S 7
[2258] = Z 7
[2259] = CNOT 7 30
[2260] = CNOT 7 34
[2261] = Z 7
[2262] = CNOT 7 34
[2263] = CNOT 7 10
[2264] = CNOT 7 11
[2265] = CNOT 7 15
[2266] = Z 7
[2267] = CNOT 7 15
[2268] = CNOT 7 18
[2269] = S 7
[2270] = Z 7
[2271] = CNOT 7 18
[2272] = CNOT 7 19
[2273] = S 7
[2274] = Z 7
[2275] = CNOT 7 19
[2276] = CNOT 7 20
[2277] = Z 7
[2278] = CNOT 7 20
[2279] = CNOT 7 23
[2280] = Z 7
[2281] = CNOT 7 23
[2282] = CNOT 7 24
[2283] = Z 7
[2284] = CNOT 7 24
[2285] = CNOT 7 26
[2286] = Z 7
[2287] = CNOT 7 26
[2288] = CNOT 7 30
[2289] = S 7
[2290] = Z 7
[2291] = CNOT 7 30
[2292] = CNOT 7 34
[2293] = Z 7
[2294] = CNOT 7 34
[2295] = CNOT 7 11
[2296] = CNOT 7 15
[2297] = CNOT 7 18
[2298] = S 7
[2299] = Z 7
[2300] = CNOT 7 18
[2301] = CNOT 7 19
[2302] = S 7
[2303] = Z 7
[2304] = CNOT 7 19
[2305] = CNOT 7 20
[2306] = Z 7
[2307] = CNOT 7 20
[2308] = CNOT 7 23
[2309] = Z 7
[2310] = CNOT 7 23
[2311] = CNOT 7 24
[2312] = Z 7
[2313] = CNOT 7 24
[2314] = CNOT 7 26
[2315] = Z 7
[2316] = CNOT 7 26
[2317] = CNOT 7 30
[2318] = S 7
[2319] = Z 7
[2320] = CNOT 7 30
[2321] = CNOT 7 34
[2322] = Z 7
[2323] = CNOT 7 34
[2324] = CNOT 7 15
[2325] = CNOT 7 18
[2326] = CNOT 7 20
[2327] = S 7
[2328] = Z 7
[2329] = CNOT 7 20
[2330] = CNOT 7 23
[2331] = S 7
[2332] = Z 7
[2333] = CNOT 7 23
[2334] = CNOT 7 24
[2335] = S 7
[2336] = Z 7
[2337] = CNOT 7 24
[2338] = CNOT 7 26
[2339] = S 7
[2340] = Z 7
[2341] = CNOT 7 26
[2342] = CNOT 7 30
[2343] = S 7
[2344] = Z 7
[2345] = CNOT 7 30
[2346] = CNOT 7 34
[2347] = S 7
[2348] = Z 7
[2349] = CNOT 7 34
[2350] = CNOT 7 18
[2351] = CNOT 7 19
[2352] = CNOT 7 20
[2353] = S 7
[2354] = Z 7
[2355] = CNOT 7 20
[2356] = CNOT 7 23
[2357] = S 7
[2358] = Z 7
[2359] = CNOT 7 23
[2360] = CNOT 7 24
[2361] = S 7
[2362] = Z 7
[2363] = CNOT 7 24
[2364] = CNOT 7 26
[2365] = S 7
[2366] = Z 7
[2367] = CNOT 7 26
[2368] = CNOT 7 30
[2369] = S 7
[2370] = Z 7
[2371] = CNOT 7 30
[2372] = CNOT 7 34
[2373] = S 7
[2374] = Z 7
[2375] = CNOT 7 34
[2376] = CNOT 7 19
[2377] = CNOT 7 20
[2378] = CNOT 7 23
[2379] = Z 7
[2380] = CNOT 7 23
[2381] = CNOT 7 24
[2382] = Z 7
[2383] = CNOT 7 24
[2384] = CNOT 7 26
[2385] = Z 7
[2386] = CNOT 7 26
[2387] = CNOT 7 30
[2388] = S 7
[2389] = Z 7
[2390] = CNOT 7 30
[2391] = CNOT 7 34
[2392] = Z 7
[2393] = CNOT 7 34
[2394] = CNOT 7 20
[2395] = CNOT 7 23
[2396] = CNOT 7 24
[2397] = Z 7
[2398] = CNOT 7 24
[2399] = CNOT 7 26
[2400] = Z 7
[2401] = CNOT 7 26
[2402] = CNOT 7 30
[2403] = S 7
[2404] = Z 7
[2405] = CNOT 7 30
[2406] = CNOT 7 34
[2407] = Z 7
[2408] = CNOT 7 34
[2409] = CNOT 7 23
[2410] = CNOT 7 24
[2411] = CNOT 7 26
[2412] = Z 7
[2413] = CNOT 7 26
[2414] = CNOT 7 30
[2415] = S 7
[2416] = Z 7
[2417] = CNOT 7 30
[2418] = CNOT 7 34
[2419] = Z 7
[2420] = CNOT 7 34
[2421] = CNOT 7 24
[2422] = CNOT 7 26
[2423] = CNOT 7 30
[2424] = S 7
[2425] = Z 7
[2426] = CNOT 7 30
[2427] = CNOT 7 34
[2428] = Z 7
[2429] = CNOT 7 26
[2430] = CNOT 7 30
[2431] = S 7
[2432] = Z 7
[2433] = CNOT 7 34
[2434] = CNOT 7 30
[2435] = CNOT 8 9
[2436] = CNOT 8 15
[2437] = Z 8
[2438] = CNOT 8 15
[2439] = CNOT 8 20
[2440] = S 8
[2441] = Z 8
[2442] = CNOT 8 20
[2443] = CNOT 8 21
[2444] = S 8
[2445] = Z 8
[2446] = CNOT 8 21
[2447] = CNOT 8 24
[2448] = Z 8
[2449] = CNOT 8 24
[2450] = CNOT 8 28
[2451] = S 8
[2452] = Z 8
[2453] = CNOT 8 28
[2454] = CNOT 8 34
[2455] = Z 8
[2456] = CNOT 8 34
[2457] = CNOT 8 9
[2458] = CNOT 8 15
[2459] = CNOT 8 20
[2460] = S 8
[2461] = Z 8
[2462] = CNOT 8 20
[2463] = CNOT 8 21
[2464] = S 8
[2465] = Z 8
[2466] = CNOT 8 21
[2467] = CNOT 8 24
[2468] = Z 8
[2469] = CNOT 8 24
[2470] = CNOT 8 28
[2471] = S 8
[2472] = Z 8
[2473] = CNOT 8 28
[2474] = CNOT 8 34
[2475] = Z 8
[2476] = CNOT 8 34
[2477] = CNOT 8 15
[2478] = CNOT 8 20
[2479] = CNOT 8 24
[2480] = S 8
[2481] = Z 8
[2482] = CNOT 8 24
[2483] = CNOT 8 28
[2484] = S 8
[2485] = Z 8
[2486] = CNOT 8 28
[2487] = CNOT 8 34
[2488] = S 8
[2489] = Z 8
[2490] = CNOT 8 34
[2491] = CNOT 8 20
[2492] = CNOT 8 21
[2493] = CNOT 8 24
[2494] = S 8
[2495] = Z 8
[2496] = CNOT 8 24
[2497] = CNOT 8 28
[2498] = S 8
[2499] = Z 8
[2500] = CNOT 8 28
[2501] = CNOT 8 34
[2502] = S 8
[2503] = Z 8
[2504] = CNOT 8 34
[2505] = CNOT 8 21
[2506] = CNOT 8 24
[2507] = CNOT 8 28
[2508] = S 8
[2509] = Z 8
[2510] = CNOT 8 28
[2511] = CNOT 8 34
[2512] = Z 8
[2513] = CNOT 8 24
[2514] = CNOT 8 28
[2515] = S 8
[2516] = Z 8
[2517] = CNOT 8 34
[2518] = CNOT 8 28
[2519] = CNOT 9 11
[2520] = CNOT 9 21
[2521] = S 9
[2522] = Z 9
[2523] = CNOT 9 21
[2524] = CNOT 9 11
[2525] = CNOT 9 15
[2526] = CNOT 9 20
[2527] = S 9
[2528] = Z 9
[2529] = CNOT 9 20
[2530] = CNOT 9 21
[2531] = S 9
[2532] = Z 9
[2533] = CNOT 9 21
[2534] = CNOT 9 24
[2535] = Z 9
[2536] = CNOT 9 24
[2537] = CNOT 9 28
[2538] = S 9
[2539] = Z 9
[2540] = CNOT 9 28
[2541] = CNOT 9 34
[2542] = Z 9
[2543] = CNOT 9 34
[2544] = CNOT 9 15
[2545] = CNOT 9 20
[2546] = CNOT 9 24
[2547] = S 9
[2548] = Z 9
[2549] = CNOT 9 24
[2550] = CNOT 9 28
[2551] = S 9
[2552] = Z 9
[2553] = CNOT 9 28
[2554] = CNOT 9 34
[2555] = S 9
[2556] = Z 9
[2557] = CNOT 9 34
[2558] = CNOT 9 20
[2559] = CNOT 9 21
[2560] = CNOT 9 24
[2561] = S 9
[2562] = Z 9
[2563] = CNOT 9 24
[2564] = CNOT 9 28
[2565] = S 9
[2566] = Z 9
[2567] = CNOT 9 28
[2568] = CNOT 9 34
[2569] = S 9
[2570] = Z 9
[2571] = CNOT 9 34
[2572] = CNOT 9 21
[2573] = CNOT 9 24
[2574] = CNOT 9 28
[2575] = S 9
[2576] = Z 9
[2577] = CNOT 9 28
[2578] = CNOT 9 34
[2579] = Z 9
[2580] = CNOT 9 24
[2581] = CNOT 9 28
[2582] = S 9
[2583] = Z 9
[2584] = CNOT 9 34
[2585] = CNOT 9 28
[2586] = CNOT 10 11
[2587] = CNOT 10 16
[2588] = Z 10
[2589] = CNOT 10 16
[2590] = CNOT 10 17
[2591] = Z 10
[2592] = CNOT 10 17
[2593] = CNOT 10 18
[2594] = Z 10
[2595] = CNOT 10 18
[2596] = CNOT 10 19
[2597] = Z 10
[2598] = CNOT 10 19
[2599] = CNOT 10 23
[2600] = S 10
[2601] = CNOT 10 23
[2602] = CNOT 10 26
[2603] = S 10
[2604] = CNOT 10 26
[2605] = CNOT 10 30
[2606] = Z 10
[2607] = CNOT 10 30
[2608] = CNOT 10 32
[2609] = Z 10
[2610] = CNOT 10 32
[2611] = CNOT 10 11
[2612] = CNOT 10 15
[2613] = CNOT 10 16
[2614] = Z 10
[2615] = CNOT 10 16
[2616] = CNOT 10 17
[2617] = Z 10
[2618] = CNOT 10 17
[2619] = CNOT 10 18
[2620] = Z 10
[2621] = CNOT 10 18
[2622] = CNOT 10 19
[2623] = Z 10
[2624] = CNOT 10 19
[2625] = CNOT 10 23
[2626] = S 10
[2627] = CNOT 10 23
[2628] = CNOT 10 26
[2629] = S 10
[2630] = CNOT 10 26
[2631] = CNOT 10 30
[2632] = Z 10
[2633] = CNOT 10 30
[2634] = CNOT 10 32
[2635] = Z 10
[2636] = CNOT 10 32
[2637] = CNOT 10 15
[2638] = CNOT 10 16
[2639] = CNOT 10 17
[2640] = S 10
[2641] = Z 10
[2642] = CNOT 10 17
[2643] = CNOT 10 20
[2644] = Z 10
[2645] = CNOT 10 20
[2646] = CNOT 10 22
[2647] = Z 10
[2648] = CNOT 10 22
[2649] = CNOT 10 23
[2650] = Z 10
[2651] = CNOT 10 23
[2652] = CNOT 10 24
[2653] = Z 10
[2654] = CNOT 10 24
[2655] = CNOT 10 26
[2656] = Z 10
[2657] = CNOT 10 26
[2658] = CNOT 10 32
[2659] = S 10
[2660] = Z 10
[2661] = CNOT 10 32
[2662] = CNOT 10 34
[2663] = Z 10
[2664] = CNOT 10 34
[2665] = CNOT 10 16
[2666] = CNOT 10 17
[2667] = CNOT 10 20
[2668] = Z 10
[2669] = CNOT 10 20
[2670] = CNOT 10 22
[2671] = Z 10
[2672] = CNOT 10 22
[2673] = CNOT 10 23
[2674] = Z 10
[2675] = CNOT 10 23
[2676] = CNOT 10 24
[2677] = Z 10
[2678] = CNOT 10 24
[2679] = CNOT 10 26
[2680] = Z 10
[2681] = CNOT 10 26
[2682] = CNOT 10 32
[2683] = Z 10
[2684] = CNOT 10 32
[2685] = CNOT 10 34
[2686] = Z 10
[2687] = CNOT 10 34
[2688] = CNOT 10 17
[2689] = CNOT 10 18
[2690] = CNOT 10 19
[2691] = S 10
[2692] = Z 10
[2693] = CNOT 10 19
[2694] = CNOT 10 20
[2695] = Z 10
[2696] = CNOT 10 20
[2697] = CNOT 10 23
[2698] = Z 10
[2699] = CNOT 10 23
[2700] = CNOT 10 24
[2701] = Z 10
[2702] = CNOT 10 24
[2703] = CNOT 10 26
[2704] = Z 10
[2705] = CNOT 10 26
[2706] = CNOT 10 30
[2707] = S 10
[2708] = Z 10
[2709] = CNOT 10 30
[2710] = CNOT 10 34
[2711] = Z 10
[2712] = CNOT 10 34
[2713] = CNOT 10 18
[2714] = CNOT 10 19
[2715] = CNOT 10 20
[2716] = Z 10
[2717] = CNOT 10 20
[2718] = CNOT 10 23
[2719] = Z 10
[2720] = CNOT 10 23
[2721] = CNOT 10 24
[2722] = Z 10
[2723] = CNOT 10 24
[2724] = CNOT 10 26
[2725] = Z 10
[2726] = CNOT 10 26
[2727] = CNOT 10 30
[2728] = Z 10
[2729] = CNOT 10 30
[2730] = CNOT 10 34
[2731] = Z 10
[2732] = CNOT 10 34
[2733] = CNOT 10 19
[2734] = CNOT 10 20
[2735] = CNOT 10 23
[2736] = S 10
[2737] = CNOT 10 23
[2738] = CNOT 10 26
[2739] = S 10
[2740] = CNOT 10 26
[2741] = CNOT 10 30
[2742] = Z 10
[2743] = CNOT 10 30
[2744] = CNOT 10 32
[2745] = Z 10
[2746] = CNOT 10 32
[2747] = CNOT 10 20
[2748] = CNOT 10 22
[2749] = CNOT 10 23
[2750] = S 10
[2751] = CNOT 10 23
[2752] = CNOT 10 32
[2753] = Z 10
[2754] = CNOT 10 32
[2755] = CNOT 10 22
[2756] = CNOT 10 23
[2757] = CNOT 10 24
[2758] = S 10
[2759] = CNOT 10 24
[2760] = CNOT 10 26
[2761] = S 10
[2762] = CNOT 10 26
[2763] = CNOT 10 30
[2764] = Z 10
[2765] = CNOT 10 30
[2766] = CNOT 10 32
[2767] = Z 10
[2768] = CNOT 10 32
[2769] = CNOT 10 34
[2770] = S 10
[2771] = CNOT 10 34
[2772] = CNOT 10 23
[2773] = CNOT 10 24
[2774] = CNOT 10 26
[2775] = S 10
[2776] = CNOT 10 26
[2777] = CNOT 10 30
[2778] = Z 10
[2779] = CNOT 10 30
[2780] = CNOT 10 32
[2781] = Z 10
[2782] = CNOT 10 32
[2783] = CNOT 10 24
[2784] = CNOT 10 26
[2785] = CNOT 10 30
[2786] = Z 10
[2787] = CNOT 10 30
[2788] = CNOT 10 32
[2789] = Z 10
[2790] = CNOT 10 32
[2791] = CNOT 10 34
[2792] = S 10
[2793] = CNOT 10 26
[2794] = CNOT 10 30
[2795] = Z 10
[2796] = CNOT 10 30
[2797] = CNOT 10 32
[2798] = Z 10
[2799] = CNOT 10 34
[2800] = CNOT 10 32
[2801] = CNOT 11 13
[2802] = CNOT 11 23
[2803] = S 11
[2804] = Z 11
[2805] = CNOT 11 23
[2806] = CNOT 11 13
[2807] = CNOT 11 15
[2808] = CNOT 11 16
[2809] = Z 11
[2810] = CNOT 11 16
[2811] = CNOT 11 17
[2812] = Z 11
[2813] = CNOT 11 17
[2814] = CNOT 11 18
[2815] = Z 11
[2816] = CNOT 11 18
[2817] = CNOT 11 19
[2818] = Z 11
[2819] = CNOT 11 19
[2820] = CNOT 11 23
[2821] = S 11
[2822] = CNOT 11 23
[2823] = CNOT 11 26
[2824] = S 11
[2825] = CNOT 11 26
[2826] = CNOT 11 30
[2827] = Z 11
[2828] = CNOT 11 30
[2829] = CNOT 11 32
[2830] = Z 11
[2831] = CNOT 11 32
[2832] = CNOT 11 15
[2833] = CNOT 11 16
[2834] = CNOT 11 17
[2835] = S 11
[2836] = Z 11
[2837] = CNOT 11 17
[2838] = CNOT 11 20
[2839] = Z 11
[2840] = CNOT 11 20
[2841] = CNOT 11 22
[2842] = Z 11
[2843] = CNOT 11 22
[2844] = CNOT 11 23
[2845] = Z 11
[2846] = CNOT 11 23
[2847] = CNOT 11 24
[2848] = Z 11
[2849] = CNOT 11 24
[2850] = CNOT 11 26
[2851] = Z 11
[2852] = CNOT 11 26
[2853] = CNOT 11 32
[2854] = S 11
[2855] = Z 11
[2856] = CNOT 11 32
[2857] = CNOT 11 34
[2858] = Z 11
[2859] = CNOT 11 34
[2860] = CNOT 11 16
[2861] = CNOT 11 17
[2862] = CNOT 11 20
[2863] = Z 11
[2864] = CNOT 11 20
[2865] = CNOT 11 22
[2866] = Z 11
[2867] = CNOT 11 22
[2868] = CNOT 11 23
[2869] = Z 11
[2870] = CNOT 11 23
[2871] = CNOT 11 24
[2872] = Z 11
[2873] = CNOT 11 24
[2874] = CNOT 11 26
[2875] = Z 11
[2876] = CNOT 11 26
[2877] = CNOT 11 32
[2878] = Z 11
[2879] = CNOT 11 32
[2880] = CNOT 11 34
[2881] = Z 11
[2882] = CNOT 11 34
[2883] = CNOT 11 17
[2884] = CNOT 11 18
[2885] = CNOT 11 19
[2886] = S 11
[2887] = Z 11
[2888] = CNOT 11 19
[2889] = CNOT 11 20
[2890] = Z 11
[2891] = CNOT 11 20
[2892] = CNOT 11 23
[2893] = Z 11
[2894] = CNOT 11 23
[2895] = CNOT 11 24
[2896] = Z 11
[2897] = CNOT 11 24
[2898] = CNOT 11 26
[2899] = Z 11
[2900] = CNOT 11 26
[2901] = CNOT 11 30
[2902] = S 11
[2903] = Z 11
[2904] = CNOT 11 30
[2905] = CNOT 11 34
[2906] = Z 11
[2907] = CNOT 11 34
[2908] = CNOT 11 18
[2909] = CNOT 11 19
[2910] = CNOT 11 20
[2911] = Z 11
[2912] = CNOT 11 20
[2913] = CNOT 11 23
[2914] = Z 11
[2915] = CNOT 11 23
[2916] = CNOT 11 24
[2917] = Z 11
[2918] = CNOT 11 24
[2919] = CNOT 11 26
[2920] = Z 11
[2921] = CNOT 11 26
[2922] = CNOT 11 30
[2923] = Z 11
[2924] = CNOT 11 30
[2925] = CNOT 11 34
[2926] = Z 11
[2927] = CNOT 11 34
[2928] = CNOT 11 19
[2929] = CNOT 11 20
[2930] = CNOT 11 23
[2931] = S 11
[2932] = CNOT 11 23
[2933] = CNOT 11 26
[2934] = S 11
[2935] = CNOT 11 26
[2936] = CNOT 11 30
[2937] = Z 11
[2938] = CNOT 11 30
[2939] = CNOT 11 32
[2940] = Z 11
[2941] = CNOT 11 32
[2942] = CNOT 11 20
[2943] = CNOT 11 22
[2944] = CNOT 11 23
[2945] = S 11
[2946] = CNOT 11 23
[2947] = CNOT 11 32
[2948] = Z 11
[2949] = CNOT 11 32
[2950] = CNOT 11 22
[2951] = CNOT 11 23
[2952] = CNOT 11 24
[2953] = S 11
[2954] = CNOT 11 24
[2955] = CNOT 11 26
[2956] = S 11
[2957] = CNOT 11 26
[2958] = CNOT 11 30
[2959] = Z 11
[2960] = CNOT 11 30
[2961] = CNOT 11 32
[2962] = Z 11
[2963] = CNOT 11 32
[2964] = CNOT 11 34
[2965] = S 11
[2966] = CNOT 11 34
[2967] = CNOT 11 23
[2968] = CNOT 11 24
[2969] = CNOT 11 26
[2970] = S 11
[2971] = CNOT 11 26
[2972] = CNOT 11 30
[2973] = Z 11
[2974] = CNOT 11 30
[2975] = CNOT 11 32
[2976] = Z 11
[2977] = CNOT 11 32
[2978] = CNOT 11 24
[2979] = CNOT 11 26
[2980] = CNOT 11 30
[2981] = Z 11
[2982] = CNOT 11 30
[2983] = CNOT 11 32
[2984] = Z 11
[2985] = CNOT 11 32
[2986] = CNOT 11 34
[2987] = S 11
[2988] = CNOT 11 26
[2989] = CNOT 11 30
[2990] = Z 11
[2991] = CNOT 11 30
[2992] = CNOT 11 32
[2993] = Z 11
[2994] = CNOT 11 34
[2995] = CNOT 11 32
[2996] = CNOT 13 14
[2997] = CNOT 13 25
[2998] = S 13
[2999] = Z 13
[3000] = CNOT 13 25
[3001] = CNOT 13 14
[3002] = CNOT 15 16
[3003] = CNOT 15 17
[3004] = S 15
[3005] = Z 15
[3006] = CNOT 15 17
[3007] = CNOT 15 20
[3008] = Z 15
[3009] = CNOT 15 20
[3010] = CNOT 15 22
[3011] = Z 15
[3012] = CNOT 15 22
[3013] = CNOT 15 23
[3014] = Z 15
[3015] = CNOT 15 23
[3016] = CNOT 15 24
[3017] = Z 15
[3018] = CNOT 15 24
[3019] = CNOT 15 26
[3020] = Z 15
[3021] = CNOT 15 26
[3022] = CNOT 15 32
[3023] = S 15
[3024] = Z 15
[3025] = CNOT 15 32
[3026] = CNOT 15 34
[3027] = Z 15
[3028] = CNOT 15 34
[3029] = CNOT 15 16
[3030] = CNOT 15 17
[3031] = CNOT 15 20
[3032] = Z 15
[3033] = CNOT 15 20
[3034] = CNOT 15 22
[3035] = Z 15
[3036] = CNOT 15 22
[3037] = CNOT 15 23
[3038] = Z 15
[3039] = CNOT 15 23
[3040] = CNOT 15 24
[3041] = Z 15
[3042] = CNOT 15 24
[3043] = CNOT 15 26
[3044] = Z 15
[3045] = CNOT 15 26
[3046] = CNOT 15 32
[3047] = Z 15
[3048] = CNOT 15 32
[3049] = CNOT 15 34
[3050] = Z 15
[3051] = CNOT 15 34
[3052] = CNOT 15 17
[3053] = CNOT 15 18
[3054] = CNOT 15 19
[3055] = S 15
[3056] = Z 15
[3057] = CNOT 15 19
[3058] = CNOT 15 20
[3059] = Z 15
[3060] = CNOT 15 20
[3061] = CNOT 15 23
[3062] = Z 15
[3063] = CNOT 15 23
[3064] = CNOT 15 24
[3065] = Z 15
[3066] = CNOT 15 24
[3067] = CNOT 15 26
[3068] = Z 15
[3069] = CNOT 15 26
[3070] = CNOT 15 30
[3071] = S 15
[3072] = Z 15
[3073] = CNOT 15 30
[3074] = CNOT 15 34
[3075] = Z 15
[3076] = CNOT 15 34
[3077] = CNOT 15 18
[3078] = CNOT 15 19
[3079] = CNOT 15 20
[3080] = Z 15
[3081] = CNOT 15 20
[3082] = CNOT 15 23
[3083] = Z 15
[3084] = CNOT 15 23
[3085] = CNOT 15 24
[3086] = Z 15
[3087] = CNOT 15 24
[3088] = CNOT 15 26
[3089] = Z 15
[3090] = CNOT 15 26
[3091] = CNOT 15 30
[3092] = Z 15
[3093] = CNOT 15 30
[3094] = CNOT 15 34
[3095] = Z 15
[3096] = CNOT 15 34
[3097] = CNOT 15 19
[3098] = CNOT 15 20
[3099] = CNOT 15 21
[3100] = S 15
[3101] = Z 15
[3102] = CNOT 15 21
[3103] = CNOT 15 22
[3104] = S 15
[3105] = Z 15
[3106] = CNOT 15 22
[3107] = CNOT 15 24
[3108] = S 15
[3109] = CNOT 15 24
[3110] = CNOT 15 28
[3111] = S 15
[3112] = Z 15
[3113] = CNOT 15 28
[3114] = CNOT 15 30
[3115] = Z 15
[3116] = CNOT 15 30
[3117] = CNOT 15 32
[3118] = Z 15
[3119] = CNOT 15 32
[3120] = CNOT 15 34
[3121] = S 15
[3122] = CNOT 15 34
[3123] = CNOT 15 20
[3124] = CNOT 15 21
[3125] = CNOT 15 24
[3126] = Z 15
[3127] = CNOT 15 24
[3128] = CNOT 15 28
[3129] = Z 15
[3130] = CNOT 15 28
[3131] = CNOT 15 34
[3132] = Z 15
[3133] = CNOT 15 34
[3134] = CNOT 15 21
[3135] = CNOT 15 22
[3136] = CNOT 15 24
[3137] = S 15
[3138] = Z 15
[3139] = CNOT 15 24
[3140] = CNOT 15 32
[3141] = Z 15
[3142] = CNOT 15 32
[3143] = CNOT 15 34
[3144] = S 15
[3145] = Z 15
[3146] = CNOT 15 34
[3147] = CNOT 15 22
[3148] = CNOT 15 23
[3149] = CNOT 15 30
[3150] = Z 15
[3151] = CNOT 15 30
[3152] = CNOT 15 32
[3153] = Z 15
[3154] = CNOT 15 32
[3155] = CNOT 15 23
[3156] = CNOT 15 24
[3157] = CNOT 15 28
[3158] = Z 15
[3159] = CNOT 15 28
[3160] = CNOT 15 30
[3161] = Z 15
[3162] = CNOT 15 30
[3163] = CNOT 15 32
[3164] = Z 15
[3165] = CNOT 15 32
[3166] = CNOT 15 24
[3167] = CNOT 15 26
[3168] = CNOT 15 30
[3169] = Z 15
[3170] = CNOT 15 30
[3171] = CNOT 15 32
[3172] = Z 15
[3173] = CNOT 15 32
[3174] = CNOT 15 26
[3175] = CNOT 15 28
[3176] = CNOT 15 34
[3177] = Z 15
[3178] = CNOT 15 28
[3179] = CNOT 15 30
[3180] = Z 15
[3181] = CNOT 15 30
[3182] = CNOT 15 32
[3183] = Z 15
[3184] = CNOT 15 34
[3185] = CNOT 15 32
[3186] = CNOT 16 17
[3187] = CNOT 16 20
[3188] = S 16
[3189] = Z 16
[3190] = CNOT 16 20
[3191] = CNOT 16 22
[3192] = S 16
[3193] = Z 16
[3194] = CNOT 16 22
[3195] = CNOT 16 23
[3196] = S 16
[3197] = Z 16
[3198] = CNOT 16 23
[3199] = CNOT 16 24
[3200] = S 16
[3201] = Z 16
[3202] = CNOT 16 24
[3203] = CNOT 16 26
[3204] = S 16
[3205] = Z 16
[3206] = CNOT 16 26
[3207] = CNOT 16 32
[3208] = S 16
[3209] = Z 16
[3210] = CNOT 16 32
[3211] = CNOT 16 34
[3212] = S 16
[3213] = Z 16
[3214] = CNOT 16 34
[3215] = CNOT 16 17
[3216] = CNOT 16 20
[3217] = CNOT 16 22
[3218] = Z 16
[3219] = CNOT 16 22
[3220] = CNOT 16 23
[3221] = Z 16
[3222] = CNOT 16 23
[3223] = CNOT 16 24
[3224] = Z 16
[3225] = CNOT 16 24
[3226] = CNOT 16 26
[3227] = Z 16
[3228] = CNOT 16 26
[3229] = CNOT 16 32
[3230] = S 16
[3231] = Z 16
[3232] = CNOT 16 32
[3233] = CNOT 16 34
[3234] = Z 16
[3235] = CNOT 16 34
[3236] = CNOT 16 20
[3237] = CNOT 16 22
[3238] = CNOT 16 23
[3239] = Z 16
[3240] = CNOT 16 23
[3241] = CNOT 16 24
[3242] = Z 16
[3243] = CNOT 16 24
[3244] = CNOT 16 26
[3245] = Z 16
[3246] = CNOT 16 26
[3247] = CNOT 16 32
[3248] = S 16
[3249] = Z 16
[3250] = CNOT 16 32
[3251] = CNOT 16 34
[3252] = Z 16
[3253] = CNOT 16 34
[3254] = CNOT 16 22
[3255] = CNOT 16 23
[3256] = CNOT 16 24
[3257] = Z 16
[3258] = CNOT 16 24
[3259] = CNOT 16 26
[3260] = Z 16
[3261] = CNOT 16 26
[3262] = CNOT 16 32
[3263] = S 16
[3264] = Z 16
[3265] = CNOT 16 32
[3266] = CNOT 16 34
[3267] = Z 16
[3268] = CNOT 16 34
[3269] = CNOT 16 23
[3270] = CNOT 16 24
[3271] = CNOT 16 26
[3272] = Z 16
[3273] = CNOT 16 26
[3274] = CNOT 16 32
[3275] = S 16
[3276] = Z 16
[3277] = CNOT 16 32
[3278] = CNOT 16 34
[3279] = Z 16
[3280] = CNOT 16 34
[3281] = CNOT 16 24
[3282] = CNOT 16 26
[3283] = CNOT 16 32
[3284] = S 16
[3285] = Z 16
[3286] = CNOT 16 32
[3287] = CNOT 16 34
[3288] = Z 16
[3289] = CNOT 16 26
[3290] = CNOT 16 32
[3291] = S 16
[3292] = Z 16
[3293] = CNOT 16 34
[3294] = CNOT 16 32
[3295] = CNOT 17 20
[3296] = CNOT 17 22
[3297] = Z 17
[3298] = CNOT 17 22
[3299] = CNOT 17 23
[3300] = Z 17
[3301] = CNOT 17 23
[3302] = CNOT 17 24
[3303] = Z 17
[3304] = CNOT 17 24
[3305] = CNOT 17 26
[3306] = Z 17
[3307] = CNOT 17 26
[3308] = CNOT 17 32
[3309] = Z 17
[3310] = CNOT 17 32
[3311] = CNOT 17 34
[3312] = Z 17
[3313] = CNOT 17 34
[3314] = CNOT 17 20
[3315] = CNOT 17 22
[3316] = CNOT 17 23
[3317] = Z 17
[3318] = CNOT 17 23
[3319] = CNOT 17 24
[3320] = Z 17
[3321] = CNOT 17 24
[3322] = CNOT 17 26
[3323] = Z 17
[3324] = CNOT 17 26
[3325] = CNOT 17 32
[3326] = Z 17
[3327] = CNOT 17 32
[3328] = CNOT 17 34
[3329] = Z 17
[3330] = CNOT 17 34
[3331] = CNOT 17 22
[3332] = CNOT 17 23
[3333] = CNOT 17 24
[3334] = Z 17
[3335] = CNOT 17 24
[3336] = CNOT 17 26
[3337] = Z 17
[3338] = CNOT 17 26
[3339] = CNOT 17 32
[3340] = Z 17
[3341] = CNOT 17 32
[3342] = CNOT 17 34
[3343] = Z 17
[3344] = CNOT 17 34
[3345] = CNOT 17 23
[3346] = CNOT 17 24
[3347] = CNOT 17 26
[3348] = Z 17
[3349] = CNOT 17 26
[3350] = CNOT 17 32
[3351] = Z 17
[3352] = CNOT 17 32
[3353] = CNOT 17 34
[3354] = Z 17
[3355] = CNOT 17 34
[3356] = CNOT 17 24
[3357] = CNOT 17 26
[3358] = CNOT 17 32
[3359] = Z 17
[3360] = CNOT 17 32
[3361] = CNOT 17 34
[3362] = Z 17
[3363] = CNOT 17 26
[3364] = CNOT 17 32
[3365] = Z 17
[3366] = CNOT 17 34
[3367] = CNOT 17 32
[3368] = CNOT 18 19
[3369] = CNOT 18 20
[3370] = S 18
[3371] = Z 18
[3372] = CNOT 18 20
[3373] = CNOT 18 23
[3374] = S 18
[3375] = Z 18
[3376] = CNOT 18 23
[3377] = CNOT 18 24
[3378] = S 18
[3379] = Z 18
[3380] = CNOT 18 24
[3381] = CNOT 18 26
[3382] = S 18
[3383] = Z 18
[3384] = CNOT 18 26
[3385] = CNOT 18 30
[3386] = S 18
[3387] = Z 18
[3388] = CNOT 18 30
[3389] = CNOT 18 34
[3390] = S 18
[3391] = Z 18
[3392] = CNOT 18 34
[3393] = CNOT 18 19
[3394] = CNOT 18 20
[3395] = CNOT 18 23
[3396] = Z 18
[3397] = CNOT 18 23
[3398] = CNOT 18 24
[3399] = Z 18
[3400] = CNOT 18 24
[3401] = CNOT 18 26
[3402] = Z 18
[3403] = CNOT 18 26
[3404] = CNOT 18 30
[3405] = S 18
[3406] = Z 18
[3407] = CNOT 18 30
[3408] = CNOT 18 34
[3409] = Z 18
[3410] = CNOT 18 34
[3411] = CNOT 18 20
[3412] = CNOT 18 23
[3413] = CNOT 18 24
[3414] = Z 18
[3415] = CNOT 18 24
[3416] = CNOT 18 26
[3417] = Z 18
[3418] = CNOT 18 26
[3419] = CNOT 18 30
[3420] = S 18
[3421] = Z 18
[3422] = CNOT 18 30
[3423] = CNOT 18 34
[3424] = Z 18
[3425] = CNOT 18 34
[3426] = CNOT 18 23
[3427] = CNOT 18 24
[3428] = CNOT 18 26
[3429] = Z 18
[3430] = CNOT 18 26
[3431] = CNOT 18 30
[3432] = S 18
[3433] = Z 18
[3434] = CNOT 18 30
[3435] = CNOT 18 34
[3436] = Z 18
[3437] = CNOT 18 34
[3438] = CNOT 18 24
[3439] = CNOT 18 26
[3440] = CNOT 18 30
[3441] = S 18
[3442] = Z 18
[3443] = CNOT 18 30
[3444] = CNOT 18 34
[3445] = Z 18
[3446] = CNOT 18 26
[3447] = CNOT 18 30
[3448] = S 18
[3449] = Z 18
[3450] = CNOT 18 34
[3451] = CNOT 18 30
[3452] = CNOT 19 20
[3453] = CNOT 19 23
[3454] = Z 19
[3455] = CNOT 19 23
[3456] = CNOT 19 24
[3457] = Z 19
[3458] = CNOT 19 24
[3459] = CNOT 19 26
[3460] = Z 19
[3461] = CNOT 19 26
[3462] = CNOT 19 30
[3463] = Z 19
[3464] = CNOT 19 30
[3465] = CNOT 19 34
[3466] = Z 19
[3467] = CNOT 19 34
[3468] = CNOT 19 20
[3469] = CNOT 19 23
[3470] = CNOT 19 24
[3471] = Z 19
[3472] = CNOT 19 24
[3473] = CNOT 19 26
[3474] = Z 19
[3475] = CNOT 19 26
[3476] = CNOT 19 30
[3477] = Z 19
[3478] = CNOT 19 30
[3479] = CNOT 19 34
[3480] = Z 19
[3481] = CNOT 19 34
[3482] = CNOT 19 23
[3483] = CNOT 19 24
[3484] = CNOT 19 26
[3485] = Z 19
[3486] = CNOT 19 26
[3487] = CNOT 19 30
[3488] = Z 19
[3489] = CNOT 19 30
[3490] = CNOT 19 34
[3491] = Z 19
[3492] = CNOT 19 34
[3493] = CNOT 19 24
[3494] = CNOT 19 26
[3495] = CNOT 19 30
[3496] = Z 19
[3497] = CNOT 19 30
[3498] = CNOT 19 34
[3499] = Z 19
[3500] = CNOT 19 26
[3501] = CNOT 19 30
[3502] = Z 19
[3503] = CNOT 19 34
[3504] = CNOT 19 30
[3505] = CNOT 20 21
[3506] = CNOT 20 24
[3507] = S 20
[3508] = Z 20
[3509] = CNOT 20 24
[3510] = CNOT 20 28
[3511] = S 20
[3512] = Z 20
[3513] = CNOT 20 28
[3514] = CNOT 20 34
[3515] = S 20
[3516] = Z 20
[3517] = CNOT 20 34
[3518] = CNOT 20 21
[3519] = CNOT 20 22
[3520] = CNOT 20 24
[3521] = S 20
[3522] = Z 20
[3523] = CNOT 20 24
[3524] = CNOT 20 32
[3525] = Z 20
[3526] = CNOT 20 32
[3527] = CNOT 20 34
[3528] = S 20
[3529] = Z 20
[3530] = CNOT 20 34
[3531] = CNOT 20 22
[3532] = CNOT 20 23
[3533] = CNOT 20 30
[3534] = Z 20
[3535] = CNOT 20 30
[3536] = CNOT 20 32
[3537] = Z 20
[3538] = CNOT 20 32
[3539] = CNOT 20 23
[3540] = CNOT 20 24
[3541] = CNOT 20 28
[3542] = S 20
[3543] = Z 20
[3544] = CNOT 20 28
[3545] = CNOT 20 30
[3546] = Z 20
[3547] = CNOT 20 30
[3548] = CNOT 20 32
[3549] = Z 20
[3550] = CNOT 20 32
[3551] = CNOT 20 34
[3552] = S 20
[3553] = CNOT 20 34
[3554] = CNOT 20 24
[3555] = CNOT 20 26
[3556] = CNOT 20 30
[3557] = Z 20
[3558] = CNOT 20 30
[3559] = CNOT 20 32
[3560] = Z 20
[3561] = CNOT 20 32
[3562] = CNOT 20 26
[3563] = CNOT 20 28
[3564] = CNOT 20 34
[3565] = S 20
[3566] = Z 20
[3567] = CNOT 20 28
[3568] = CNOT 20 30
[3569] = Z 20
[3570] = CNOT 20 30
[3571] = CNOT 20 32
[3572] = Z 20
[3573] = CNOT 20 34
[3574] = CNOT 20 32
[3575] = CNOT 21 24
[3576] = CNOT 21 28
[3577] = Z 21
[3578] = CNOT 21 28
[3579] = CNOT 21 34
[3580] = Z 21
[3581] = CNOT 21 24
[3582] = CNOT 21 28
[3583] = Z 21
[3584] = CNOT 21 34
[3585] = CNOT 21 28
[3586] = CNOT 22 23
[3587] = CNOT 22 32
[3588] = Z 22
[3589] = CNOT 22 23
[3590] = CNOT 22 24
[3591] = Z 22
[3592] = CNOT 22 32
[3593] = CNOT 22 34
[3594] = S 22
[3595] = Z 22
[3596] = CNOT 22 34
[3597] = CNOT 22 24
[3598] = CNOT 22 26
[3599] = CNOT 22 32
[3600] = Z 22
[3601] = CNOT 22 26
[3602] = CNOT 22 34
[3603] = Z 22
[3604] = CNOT 22 34
[3605] = CNOT 22 32
[3606] = CNOT 23 24
[3607] = CNOT 23 30
[3608] = Z 23
[3609] = CNOT 23 30
[3610] = CNOT 23 32
[3611] = Z 23
[3612] = CNOT 23 32
[3613] = CNOT 23 24
[3614] = CNOT 23 26
[3615] = CNOT 23 30
[3616] = Z 23
[3617] = CNOT 23 30
[3618] = CNOT 23 32
[3619] = Z 23
[3620] = CNOT 23 32
[3621] = CNOT 23 26
[3622] = CNOT 23 30
[3623] = CNOT 23 34
[3624] = Z 23
[3625] = CNOT 23 30
[3626] = CNOT 23 32
[3627] = Z 23
[3628] = CNOT 23 34
[3629] = CNOT 23 32
[3630] = CNOT 24 26
[3631] = CNOT 24 30
[3632] = Z 24
[3633] = CNOT 24 30
[3634] = CNOT 24 32
[3635] = Z 24
[3636] = CNOT 24 32
[3637] = CNOT 24 26
[3638] = CNOT 24 28
[3639] = CNOT 24 34
[3640] = Z 24
[3641] = CNOT 24 28
[3642] = CNOT 24 30
[3643] = Z 24
[3644] = CNOT 24 30
[3645] = CNOT 24 32
[3646] = Z 24
[3647] = CNOT 24 34
[3648] = CNOT 24 32
[3649] = CNOT 26 30
[3650] = CNOT 26 34
[3651] = Z 26
[3652] = CNOT 26 30
[3653] = CNOT 26 32
[3654] = Z 26
[3655] = CNOT 26 34
[3656] = CNOT 26 32
[3657] = CNOT 34 35
[3658] = CNOT 16 35
[3659] = CNOT 15 35
[3660] = CNOT 4 35
[3661] = CNOT 3 35
[3662] = CNOT 35 34
[3663] = CNOT 34 35
[3664] = CNOT 34 33
[3665] = CNOT 32 33
[3666] = CNOT 18 33
[3667] = CNOT 17 33
[3668] = CNOT 16 33
[3669] = CNOT 15 33
[3670] = CNOT 6 33
[3671] = CNOT 5 33
[3672] = CNOT 4 33
[3673] = CNOT 33 32
[3674] = CNOT 32 33
[3675] = CNOT 34 31
[3676] = CNOT 32 31
[3677] = CNOT 30 31
[3678] = CNOT 20 31
[3679] = CNOT 19 31
[3680] = CNOT 18 31
[3681] = CNOT 17 31
[3682] = CNOT 16 31
[3683] = CNOT 15 31
[3684] = CNOT 8 31
[3685] = CNOT 7 31
[3686] = CNOT 6 31
[3687] = CNOT 3 31
[3688] = CNOT 31 30
[3689] = CNOT 30 31
[3690] = CNOT 34 29
[3691] = CNOT 32 29
[3692] = CNOT 30 29
[3693] = CNOT 28 29
[3694] = CNOT 22 29
[3695] = CNOT 21 29
[3696] = CNOT 20 29
[3697] = CNOT 19 29
[3698] = CNOT 18 29
[3699] = CNOT 17 29
[3700] = CNOT 16 29
[3701] = CNOT 15 29
[3702] = CNOT 10 29
[3703] = CNOT 9 29
[3704] = CNOT 8 29
[3705] = CNOT 5 29
[3706] = CNOT 4 29
[3707] = CNOT 29 28
[3708] = CNOT 28 29
[3709] = CNOT 34 27
[3710] = CNOT 32 27
[3711] = CNOT 30 27
[3712] = CNOT 28 27
[3713] = CNOT 26 27
[3714] = CNOT 24 27
[3715] = CNOT 23 27
[3716] = CNOT 22 27
[3717] = CNOT 21 27
[3718] = CNOT 20 27
[3719] = CNOT 19 27
[3720] = CNOT 18 27
[3721] = CNOT 17 27
[3722] = CNOT 16 27
[3723] = CNOT 15 27
[3724] = CNOT 12 27
[3725] = CNOT 11 27
[3726] = CNOT 10 27
[3727] = CNOT 7 27
[3728] = CNOT 6 27
[3729] = CNOT 3 27
[3730] = CNOT 27 26
[3731] = CNOT 26 27
[3732] = CNOT 14 25
[3733] = CNOT 26 24
[3734] = CNOT 12 24
[3735] = CNOT 24 26
[3736] = CNOT 24 23
[3737] = CNOT 23 24
[3738] = CNOT 28 22
[3739] = CNOT 10 22
[3740] = CNOT 22 28
[3741] = CNOT 22 21
[3742] = CNOT 21 22
[3743] = CNOT 30 20
[3744] = CNOT 8 20
[3745] = CNOT 20 30
[3746] = CNOT 20 19
[3747] = CNOT 19 20
[3748] = CNOT 32 18
[3749] = CNOT 6 18
[3750] = CNOT 18 32
[3751] = CNOT 18 17
[3752] = CNOT 17 18
[3753] = CNOT 34 16
[3754] = CNOT 4 16
[3755] = CNOT 16 34
[3756] = CNOT 16 15
[3757] = CNOT 15 16
[3758] = CNOT 25 14
[3759] = CNOT 14 25
[3760] = CNOT 25 13
[3761] = CNOT 23 13
[3762] = CNOT 21 13
[3763] = CNOT 19 13
[3764] = CNOT 17 13
[3765] = CNOT 15 13
[3766] = CNOT 10 13
[3767] = CNOT 9 13
[3768] = CNOT 6 13
[3769] = CNOT 5 13
[3770] = CNOT 23 11
[3771] = CNOT 10 11
[3772] = CNOT 9 11
[3773] = CNOT 8 11
[3774] = CNOT 7 11
[3775] = CNOT 6 11
[3776] = CNOT 5 11
[3777] = CNOT 4 11
[3778] = CNOT 3 11
[3779] = CNOT 11 23
[3780] = CNOT 21 9
[3781] = CNOT 8 9
[3782] = CNOT 7 9
[3783] = CNOT 6 9
[3784] = CNOT 5 9
[3785] = CNOT 4 9
[3786] = CNOT 3 9
[3787] = CNOT 9 21
[3788] = CNOT 19 7
[3789] = CNOT 6 7
[3790] = CNOT 5 7
[3791] = CNOT 4 7
[3792] = CNOT 3 7
[3793] = CNOT 7 19
[3794] = CNOT 17 5
[3795] = CNOT 4 5
[3796] = CNOT 3 5
[3797] = CNOT 5 17
[3798] = CNOT 15 3
[3799] = CNOT 3 15
[3800] = CNOT 1 2
[3801] = H 15
[3802] = M 15
[3803] = H 16
[3804] = M 16
[3805] = H 17
[3806] = M 17
[3807] = H 18
[3808] = M 18
[3809] = H 19
[3810] = M 19
[3811] = H 20
[3812] = M 20
[3813] = H 21
[3814] = M 21
[3815] = H 22
[3816] = M 22
[3817] = H 23
[3818] = M 23
[3819] = H 24
[3820] = M 24
[3821] = H 25
[3822] = M 25
[3823] = H 26
[3824] = M 26
[3825] = H 27
[3826] = M 27
[3827] = H 28
[3828] = M 28
[3829] = H 29
[3830] = M 29
[3831] = H 30
[3832] = M 30
[3833] = H 31
[3834] = M 31
[3835] = H 32
[3836] = M 32
[3837] = H 33
[3838] = M 33
[3839] = H 34
[3840] = M 34
[3841] = H 35
[3842] = M 35
[3843] = H 14
Gate distributions:
Input:
Operator distribution:
Total number of qubits = 14
Number of `data' qubits = 14
Number of `Toff_n' ancillas = 0
Number of Hadamard ancillas = 0
Hadamard ancilla cap = infinite
Number of {CNOT,T} partitions = 1
T count = 77
Cost estimation = 38549
	id	Count
	0	0
	1	0
	2	0
	3	22
	4	27
	5	0
	6	0
	7	0
	8	0
	9	0
	10	11
	11	0
	12	0
	13	0
	14	0
	15	0
	16	0
	17	0
	18	0
Output:
Operator distribution:
Total number of qubits = 35
Number of `data' qubits = 14
Number of `Toff_n' ancillas = 0
Number of Hadamard ancillas = 21
Hadamard ancilla cap = infinite
Number of {CNOT,T} partitions = 1
T count = 37
Cost estimation = 22317.5
	id	Count
	0	0
	1	0
	2	0
	3	43
	4	2480
	5	37
	6	0
	7	0
	8	0
	9	0
	10	0
	11	434
	12	0
	13	829
	14	0
	15	0
	16	0
	17	0
	18	21
Output T Count (SQC_Circuit) = 37
Output T Count (PhasePolynomial) = 37
Fail count = 0

Execution time: 9.07361s
Number of LCL errors: 0
Number of LCL warnings: 0
