Optimize a Clifford + T circuit.
Input filename = /home/ryo-mtmt/TOpt/forme/tpar_benchmark/tof_3.tfc
Number of unknown gates = 0
Number of unknown qubit labels = 0
Circuit filename: /home/ryo-mtmt/TOpt/forme/tpar_benchmark/tof_3.tfc

n 5
n_x 5
n_y 0
n_z 0
m 101
[0] = H 5
[1] = CCZ 1 2 5
[2] = H 5
[3] = H 4
[4] = CCZ 3 5 4
[5] = H 4
[6] = H 5
[7] = CCZ 1 2 5
[8] = H 5

Algorithm used: todd

UniversalOptimize begin.
	Gate synthesis begin.

in LempelX2
		Round = 0
Round 0 | Current Columns (m): 15
		Round = 1
Round 1 | Current Columns (m): 13
nullspace time: 2 ms, chi time: 0 ms
Total LempelX2 time: 3 ms
		TODD executed in 0.003392 seconds.
		Total time: 0.003421s
	Gate synthesis end.
	Total time: 0.004263s
UniversalOptimize end.
Output circuit:
n 7
n_x 5
n_y 0
n_z 2
m 301
[0] = H 5
[1] = H 4
[2] = H 6
[3] = H 7
[4] = CNOT 1 3
[5] = CNOT 1 4
[6] = CNOT 1 5
[7] = CNOT 1 6
[8] = CNOT 1 7
[9] = T 1
[10] = CNOT 1 7
[11] = CNOT 1 5
[12] = CNOT 1 2
[13] = T 1
[14] = CNOT 1 2
[15] = CNOT 2 3
[16] = CNOT 2 4
[17] = CNOT 2 6
[18] = T 2
[19] = CNOT 2 3
[20] = T 1
[21] = CNOT 1 4
[22] = CNOT 1 3
[23] = T 6
[24] = S 6
[25] = Z 6
[26] = T 3
[27] = S 3
[28] = T 4
[29] = S 4
[30] = CNOT 3 6
[31] = T 3
[32] = S 3
[33] = Z 3
[34] = CNOT 3 6
[35] = CNOT 2 3
[36] = CNOT 2 5
[37] = CNOT 2 7
[38] = T 2
[39] = CNOT 2 7
[40] = CNOT 2 6
[41] = CNOT 2 5
[42] = CNOT 2 4
[43] = CNOT 2 3
[44] = CNOT 4 6
[45] = T 4
[46] = S 4
[47] = Z 4
[48] = CNOT 4 6
[49] = CNOT 3 4
[50] = T 3
[51] = S 3
[52] = Z 3
[53] = CNOT 3 5
[54] = CNOT 3 6
[55] = CNOT 3 7
[56] = T 3
[57] = CNOT 3 7
[58] = CNOT 3 6
[59] = CNOT 3 5
[60] = CNOT 3 4
[61] = CNOT 1 2
[62] = CNOT 1 3
[63] = CNOT 1 4
[64] = CNOT 1 5
[65] = CNOT 1 7
[66] = T 1
[67] = CNOT 1 7
[68] = CNOT 1 6
[69] = CNOT 1 5
[70] = CNOT 1 4
[71] = CNOT 1 3
[72] = CNOT 1 2
[73] = S 1
[74] = S 2
[75] = S 5
[76] = Z 5
[77] = S 7
[78] = Z 7
[79] = CNOT 1 3
[80] = S 1
[81] = CNOT 1 3
[82] = CNOT 1 4
[83] = S 1
[84] = CNOT 1 4
[85] = CNOT 1 5
[86] = S 1
[87] = CNOT 1 5
[88] = CNOT 1 6
[89] = S 1
[90] = CNOT 1 6
[91] = CNOT 1 7
[92] = S 1
[93] = CNOT 1 7
[94] = CNOT 2 3
[95] = S 2
[96] = CNOT 2 3
[97] = CNOT 2 4
[98] = S 2
[99] = CNOT 2 4
[100] = CNOT 2 5
[101] = S 2
[102] = CNOT 2 5
[103] = CNOT 2 6
[104] = S 2
[105] = CNOT 2 6
[106] = CNOT 2 7
[107] = S 2
[108] = CNOT 2 7
[109] = CNOT 3 5
[110] = Z 3
[111] = CNOT 3 5
[112] = CNOT 3 7
[113] = Z 3
[114] = CNOT 3 7
[115] = CNOT 4 5
[116] = Z 4
[117] = CNOT 4 5
[118] = CNOT 4 7
[119] = Z 4
[120] = CNOT 4 7
[121] = CNOT 5 6
[122] = S 5
[123] = Z 5
[124] = CNOT 5 6
[125] = CNOT 5 7
[126] = Z 5
[127] = CNOT 5 7
[128] = CNOT 6 7
[129] = S 6
[130] = Z 6
[131] = CNOT 6 7
[132] = CNOT 1 2
[133] = CNOT 1 3
[134] = S 1
[135] = Z 1
[136] = CNOT 1 3
[137] = CNOT 1 4
[138] = S 1
[139] = Z 1
[140] = CNOT 1 4
[141] = CNOT 1 6
[142] = S 1
[143] = Z 1
[144] = CNOT 1 6
[145] = CNOT 1 2
[146] = CNOT 1 3
[147] = CNOT 1 4
[148] = Z 1
[149] = CNOT 1 4
[150] = CNOT 1 5
[151] = S 1
[152] = Z 1
[153] = CNOT 1 5
[154] = CNOT 1 6
[155] = Z 1
[156] = CNOT 1 6
[157] = CNOT 1 7
[158] = S 1
[159] = Z 1
[160] = CNOT 1 7
[161] = CNOT 1 3
[162] = CNOT 1 4
[163] = CNOT 1 5
[164] = S 1
[165] = Z 1
[166] = CNOT 1 5
[167] = CNOT 1 6
[168] = Z 1
[169] = CNOT 1 6
[170] = CNOT 1 7
[171] = S 1
[172] = Z 1
[173] = CNOT 1 7
[174] = CNOT 1 4
[175] = CNOT 1 5
[176] = CNOT 1 6
[177] = S 1
[178] = Z 1
[179] = CNOT 1 6
[180] = CNOT 1 7
[181] = S 1
[182] = Z 1
[183] = CNOT 1 5
[184] = CNOT 1 6
[185] = S 1
[186] = Z 1
[187] = CNOT 1 7
[188] = CNOT 1 6
[189] = CNOT 2 3
[190] = CNOT 2 4
[191] = Z 2
[192] = CNOT 2 4
[193] = CNOT 2 5
[194] = S 2
[195] = Z 2
[196] = CNOT 2 5
[197] = CNOT 2 6
[198] = Z 2
[199] = CNOT 2 6
[200] = CNOT 2 7
[201] = S 2
[202] = Z 2
[203] = CNOT 2 7
[204] = CNOT 2 3
[205] = CNOT 2 4
[206] = CNOT 2 5
[207] = S 2
[208] = Z 2
[209] = CNOT 2 5
[210] = CNOT 2 6
[211] = Z 2
[212] = CNOT 2 6
[213] = CNOT 2 7
[214] = S 2
[215] = Z 2
[216] = CNOT 2 7
[217] = CNOT 2 4
[218] = CNOT 2 5
[219] = CNOT 2 6
[220] = S 2
[221] = Z 2
[222] = CNOT 2 6
[223] = CNOT 2 7
[224] = S 2
[225] = Z 2
[226] = CNOT 2 5
[227] = CNOT 2 6
[228] = S 2
[229] = Z 2
[230] = CNOT 2 7
[231] = CNOT 2 6
[232] = CNOT 3 4
[233] = CNOT 3 5
[234] = Z 3
[235] = CNOT 3 5
[236] = CNOT 3 6
[237] = S 3
[238] = CNOT 3 6
[239] = CNOT 3 7
[240] = Z 3
[241] = CNOT 3 7
[242] = CNOT 3 4
[243] = CNOT 3 5
[244] = CNOT 3 6
[245] = Z 3
[246] = CNOT 3 6
[247] = CNOT 3 7
[248] = Z 3
[249] = CNOT 3 5
[250] = CNOT 3 6
[251] = Z 3
[252] = CNOT 3 7
[253] = CNOT 3 6
[254] = CNOT 4 5
[255] = CNOT 4 6
[256] = Z 4
[257] = CNOT 4 6
[258] = CNOT 4 7
[259] = Z 4
[260] = CNOT 4 5
[261] = CNOT 4 6
[262] = Z 4
[263] = CNOT 4 7
[264] = CNOT 4 6
[265] = CNOT 5 6
[266] = CNOT 5 7
[267] = Z 5
[268] = CNOT 5 6
[269] = CNOT 6 7
[270] = CNOT 7 6
[271] = CNOT 6 7
[272] = CNOT 6 5
[273] = CNOT 5 6
[274] = H 6
[275] = M 6
[276] = H 7
[277] = M 7
[278] = H 5
[279] = H 4
Gate distributions:
Input:
Operator distribution:
Total number of qubits = 5
Number of `data' qubits = 5
Number of `Toff_n' ancillas = 0
Number of Hadamard ancillas = 0
Hadamard ancilla cap = infinite
Number of {CNOT,T} partitions = 1
T count = 21
Cost estimation = 10506
	id	Count
	0	0
	1	0
	2	0
	3	6
	4	0
	5	0
	6	0
	7	0
	8	0
	9	0
	10	3
	11	0
	12	0
	13	0
	14	0
	15	0
	16	0
	17	0
	18	0
Output:
Operator distribution:
Total number of qubits = 7
Number of `data' qubits = 5
Number of `Toff_n' ancillas = 0
Number of Hadamard ancillas = 2
Hadamard ancilla cap = infinite
Number of {CNOT,T} partitions = 1
T count = 13
Cost estimation = 6768
	id	Count
	0	0
	1	0
	2	0
	3	8
	4	172
	5	13
	6	0
	7	0
	8	0
	9	0
	10	0
	11	40
	12	0
	13	45
	14	0
	15	0
	16	0
	17	0
	18	2
Output T Count (SQC_Circuit) = 13
Output T Count (PhasePolynomial) = 13
Fail count = 0

Execution time: 0.004279s
Number of LCL errors: 0
Number of LCL warnings: 0
