Optimize a Clifford + T circuit.
Input filename = /home/ryo-mtmt/TOpt/forme/tpar_benchmark/vbe_adder_3.tfc
Number of unknown gates = 0
Number of unknown qubit labels = 0
Circuit filename: /home/ryo-mtmt/TOpt/forme/tpar_benchmark/vbe_adder_3.tfc

n 10
n_x 10
n_y 0
n_z 0
m 101
[0] = H 4
[1] = H 7
[2] = H 10
[3] = CCZ 2 3 4
[4] = CNOT 3 2
[5] = CCZ 1 3 4
[6] = H 4
[7] = CCZ 5 6 7
[8] = CNOT 6 5
[9] = CCZ 4 6 7
[10] = H 7
[11] = CCZ 8 9 10
[12] = CNOT 9 8
[13] = CCZ 7 9 10
[14] = CNOT 9 7
[15] = H 10
[16] = H 7
[17] = CCZ 4 6 7
[18] = CNOT 6 5
[19] = CCZ 5 6 7
[20] = CNOT 6 4
[21] = CNOT 6 5
[22] = H 7
[23] = H 4
[24] = CCZ 1 3 4
[25] = CNOT 3 2
[26] = CCZ 2 3 4
[27] = CNOT 3 1
[28] = CNOT 3 2
[29] = H 4

Algorithm used: todd

UniversalOptimize begin.
	Gate synthesis begin.

in LempelX2
		Round = 0
Round 0 | Current Columns (m): 24
		Round = 1
Round 1 | Current Columns (m): 22
		Round = 2
Round 2 | Current Columns (m): 20
nullspace time: 59 ms, chi time: 26 ms
Total LempelX2 time: 86 ms
		TODD executed in 0.086368 seconds.
		Total time: 0.086453s
	Gate synthesis end.
	Total time: 0.103189s
UniversalOptimize end.
Output circuit:
n 14
n_x 10
n_y 0
n_z 4
m 1301
[0] = H 4
[1] = H 7
[2] = H 10
[3] = H 11
[4] = H 12
[5] = H 13
[6] = H 14
[7] = CNOT 3 4
[8] = T 3
[9] = Z 3
[10] = CNOT 3 4
[11] = CNOT 2 4
[12] = T 2
[13] = Z 2
[14] = CNOT 2 4
[15] = CNOT 2 14
[16] = T 2
[17] = S 2
[18] = CNOT 2 14
[19] = CNOT 1 4
[20] = T 1
[21] = Z 1
[22] = CNOT 1 2
[23] = CNOT 1 3
[24] = CNOT 1 5
[25] = CNOT 1 7
[26] = CNOT 1 9
[27] = CNOT 1 10
[28] = CNOT 1 11
[29] = CNOT 1 12
[30] = CNOT 1 13
[31] = T 1
[32] = CNOT 1 5
[33] = CNOT 1 6
[34] = T 1
[35] = CNOT 1 11
[36] = CNOT 1 6
[37] = T 1
[38] = CNOT 1 5
[39] = CNOT 1 6
[40] = T 1
[41] = CNOT 1 13
[42] = CNOT 1 12
[43] = CNOT 1 7
[44] = CNOT 1 6
[45] = CNOT 1 5
[46] = CNOT 1 8
[47] = T 1
[48] = CNOT 1 10
[49] = CNOT 1 9
[50] = CNOT 1 8
[51] = CNOT 1 4
[52] = CNOT 1 3
[53] = CNOT 1 2
[54] = CNOT 1 14
[55] = T 1
[56] = S 1
[57] = CNOT 1 14
[58] = CNOT 1 2
[59] = CNOT 1 3
[60] = CNOT 1 4
[61] = CNOT 1 8
[62] = CNOT 1 10
[63] = CNOT 1 12
[64] = T 1
[65] = CNOT 1 10
[66] = T 1
[67] = CNOT 1 8
[68] = CNOT 1 9
[69] = T 1
[70] = CNOT 1 12
[71] = CNOT 1 9
[72] = CNOT 1 10
[73] = T 1
[74] = CNOT 1 10
[75] = CNOT 1 3
[76] = CNOT 3 14
[77] = T 3
[78] = S 3
[79] = CNOT 3 14
[80] = CNOT 1 3
[81] = CNOT 1 8
[82] = CNOT 1 9
[83] = T 1
[84] = CNOT 1 9
[85] = CNOT 1 8
[86] = CNOT 1 4
[87] = CNOT 1 14
[88] = T 1
[89] = CNOT 1 14
[90] = CNOT 1 4
[91] = CNOT 1 5
[92] = CNOT 1 6
[93] = CNOT 1 9
[94] = CNOT 1 10
[95] = CNOT 1 12
[96] = T 1
[97] = CNOT 1 6
[98] = CNOT 1 11
[99] = T 1
[100] = CNOT 1 5
[101] = CNOT 1 6
[102] = T 1
[103] = CNOT 1 12
[104] = CNOT 1 11
[105] = CNOT 1 10
[106] = CNOT 1 9
[107] = CNOT 1 6
[108] = CNOT 1 4
[109] = CNOT 1 3
[110] = CNOT 1 2
[111] = S 1
[112] = Z 1
[113] = S 2
[114] = Z 2
[115] = S 3
[116] = Z 3
[117] = S 5
[118] = S 6
[119] = Z 7
[120] = S 8
[121] = Z 8
[122] = S 11
[123] = Z 11
[124] = Z 12
[125] = Z 13
[126] = Z 14
[127] = CNOT 1 2
[128] = S 1
[129] = Z 1
[130] = CNOT 1 2
[131] = CNOT 1 3
[132] = S 1
[133] = Z 1
[134] = CNOT 1 3
[135] = CNOT 1 5
[136] = Z 1
[137] = CNOT 1 5
[138] = CNOT 1 6
[139] = Z 1
[140] = CNOT 1 6
[141] = CNOT 1 7
[142] = S 1
[143] = Z 1
[144] = CNOT 1 7
[145] = CNOT 1 8
[146] = S 1
[147] = Z 1
[148] = CNOT 1 8
[149] = CNOT 1 9
[150] = S 1
[151] = Z 1
[152] = CNOT 1 9
[153] = CNOT 1 10
[154] = S 1
[155] = Z 1
[156] = CNOT 1 10
[157] = CNOT 1 11
[158] = Z 1
[159] = CNOT 1 11
[160] = CNOT 1 12
[161] = S 1
[162] = Z 1
[163] = CNOT 1 12
[164] = CNOT 1 13
[165] = S 1
[166] = Z 1
[167] = CNOT 1 13
[168] = CNOT 2 3
[169] = S 2
[170] = Z 2
[171] = CNOT 2 3
[172] = CNOT 2 5
[173] = Z 2
[174] = CNOT 2 5
[175] = CNOT 2 6
[176] = Z 2
[177] = CNOT 2 6
[178] = CNOT 2 7
[179] = S 2
[180] = Z 2
[181] = CNOT 2 7
[182] = CNOT 2 8
[183] = S 2
[184] = Z 2
[185] = CNOT 2 8
[186] = CNOT 2 9
[187] = S 2
[188] = Z 2
[189] = CNOT 2 9
[190] = CNOT 2 10
[191] = S 2
[192] = Z 2
[193] = CNOT 2 10
[194] = CNOT 2 11
[195] = Z 2
[196] = CNOT 2 11
[197] = CNOT 2 12
[198] = S 2
[199] = Z 2
[200] = CNOT 2 12
[201] = CNOT 2 13
[202] = S 2
[203] = Z 2
[204] = CNOT 2 13
[205] = CNOT 3 5
[206] = Z 3
[207] = CNOT 3 5
[208] = CNOT 3 6
[209] = Z 3
[210] = CNOT 3 6
[211] = CNOT 3 7
[212] = S 3
[213] = Z 3
[214] = CNOT 3 7
[215] = CNOT 3 8
[216] = S 3
[217] = Z 3
[218] = CNOT 3 8
[219] = CNOT 3 9
[220] = S 3
[221] = Z 3
[222] = CNOT 3 9
[223] = CNOT 3 10
[224] = S 3
[225] = Z 3
[226] = CNOT 3 10
[227] = CNOT 3 11
[228] = Z 3
[229] = CNOT 3 11
[230] = CNOT 3 12
[231] = S 3
[232] = Z 3
[233] = CNOT 3 12
[234] = CNOT 3 13
[235] = S 3
[236] = Z 3
[237] = CNOT 3 13
[238] = CNOT 4 5
[239] = Z 4
[240] = CNOT 4 5
[241] = CNOT 4 6
[242] = Z 4
[243] = CNOT 4 6
[244] = CNOT 4 7
[245] = S 4
[246] = Z 4
[247] = CNOT 4 7
[248] = CNOT 4 8
[249] = S 4
[250] = Z 4
[251] = CNOT 4 8
[252] = CNOT 4 9
[253] = S 4
[254] = Z 4
[255] = CNOT 4 9
[256] = CNOT 4 10
[257] = S 4
[258] = Z 4
[259] = CNOT 4 10
[260] = CNOT 4 11
[261] = S 4
[262] = Z 4
[263] = CNOT 4 11
[264] = CNOT 4 12
[265] = S 4
[266] = Z 4
[267] = CNOT 4 12
[268] = CNOT 4 13
[269] = S 4
[270] = Z 4
[271] = CNOT 4 13
[272] = CNOT 5 7
[273] = S 5
[274] = CNOT 5 7
[275] = CNOT 5 9
[276] = Z 5
[277] = CNOT 5 9
[278] = CNOT 5 10
[279] = Z 5
[280] = CNOT 5 10
[281] = CNOT 5 12
[282] = Z 5
[283] = CNOT 5 12
[284] = CNOT 5 13
[285] = S 5
[286] = CNOT 5 13
[287] = CNOT 6 7
[288] = S 6
[289] = CNOT 6 7
[290] = CNOT 6 9
[291] = Z 6
[292] = CNOT 6 9
[293] = CNOT 6 10
[294] = Z 6
[295] = CNOT 6 10
[296] = CNOT 6 12
[297] = Z 6
[298] = CNOT 6 12
[299] = CNOT 6 13
[300] = S 6
[301] = CNOT 6 13
[302] = CNOT 7 9
[303] = S 7
[304] = Z 7
[305] = CNOT 7 9
[306] = CNOT 7 10
[307] = S 7
[308] = Z 7
[309] = CNOT 7 10
[310] = CNOT 7 11
[311] = S 7
[312] = CNOT 7 11
[313] = CNOT 7 13
[314] = S 7
[315] = Z 7
[316] = CNOT 7 13
[317] = CNOT 8 9
[318] = S 8
[319] = CNOT 8 9
[320] = CNOT 8 10
[321] = S 8
[322] = CNOT 8 10
[323] = CNOT 8 12
[324] = S 8
[325] = CNOT 8 12
[326] = CNOT 9 10
[327] = S 9
[328] = CNOT 9 10
[329] = CNOT 9 11
[330] = Z 9
[331] = CNOT 9 11
[332] = CNOT 9 12
[333] = S 9
[334] = CNOT 9 12
[335] = CNOT 9 13
[336] = S 9
[337] = Z 9
[338] = CNOT 9 13
[339] = CNOT 10 11
[340] = Z 10
[341] = CNOT 10 11
[342] = CNOT 10 12
[343] = S 10
[344] = CNOT 10 12
[345] = CNOT 10 13
[346] = S 10
[347] = Z 10
[348] = CNOT 10 13
[349] = CNOT 11 12
[350] = Z 11
[351] = CNOT 11 12
[352] = CNOT 11 13
[353] = S 11
[354] = CNOT 11 13
[355] = CNOT 11 14
[356] = S 11
[357] = CNOT 11 14
[358] = CNOT 1 2
[359] = CNOT 1 3
[360] = S 1
[361] = CNOT 1 3
[362] = CNOT 1 4
[363] = Z 1
[364] = CNOT 1 4
[365] = CNOT 1 5
[366] = Z 1
[367] = CNOT 1 5
[368] = CNOT 1 6
[369] = Z 1
[370] = CNOT 1 6
[371] = CNOT 1 7
[372] = Z 1
[373] = CNOT 1 7
[374] = CNOT 1 8
[375] = Z 1
[376] = CNOT 1 8
[377] = CNOT 1 9
[378] = S 1
[379] = Z 1
[380] = CNOT 1 9
[381] = CNOT 1 10
[382] = S 1
[383] = Z 1
[384] = CNOT 1 10
[385] = CNOT 1 11
[386] = Z 1
[387] = CNOT 1 11
[388] = CNOT 1 12
[389] = S 1
[390] = Z 1
[391] = CNOT 1 12
[392] = CNOT 1 13
[393] = Z 1
[394] = CNOT 1 13
[395] = CNOT 1 2
[396] = CNOT 1 3
[397] = CNOT 1 4
[398] = Z 1
[399] = CNOT 1 4
[400] = CNOT 1 5
[401] = Z 1
[402] = CNOT 1 5
[403] = CNOT 1 6
[404] = Z 1
[405] = CNOT 1 6
[406] = CNOT 1 7
[407] = Z 1
[408] = CNOT 1 7
[409] = CNOT 1 8
[410] = Z 1
[411] = CNOT 1 8
[412] = CNOT 1 9
[413] = S 1
[414] = Z 1
[415] = CNOT 1 9
[416] = CNOT 1 10
[417] = S 1
[418] = Z 1
[419] = CNOT 1 10
[420] = CNOT 1 11
[421] = Z 1
[422] = CNOT 1 11
[423] = CNOT 1 12
[424] = S 1
[425] = Z 1
[426] = CNOT 1 12
[427] = CNOT 1 13
[428] = Z 1
[429] = CNOT 1 13
[430] = CNOT 1 3
[431] = CNOT 1 4
[432] = CNOT 1 5
[433] = Z 1
[434] = CNOT 1 5
[435] = CNOT 1 6
[436] = Z 1
[437] = CNOT 1 6
[438] = CNOT 1 7
[439] = Z 1
[440] = CNOT 1 7
[441] = CNOT 1 8
[442] = Z 1
[443] = CNOT 1 8
[444] = CNOT 1 9
[445] = S 1
[446] = Z 1
[447] = CNOT 1 9
[448] = CNOT 1 10
[449] = S 1
[450] = Z 1
[451] = CNOT 1 10
[452] = CNOT 1 11
[453] = Z 1
[454] = CNOT 1 11
[455] = CNOT 1 12
[456] = S 1
[457] = Z 1
[458] = CNOT 1 12
[459] = CNOT 1 13
[460] = Z 1
[461] = CNOT 1 13
[462] = CNOT 1 4
[463] = CNOT 1 5
[464] = CNOT 1 6
[465] = S 1
[466] = Z 1
[467] = CNOT 1 6
[468] = CNOT 1 7
[469] = S 1
[470] = Z 1
[471] = CNOT 1 7
[472] = CNOT 1 9
[473] = Z 1
[474] = CNOT 1 9
[475] = CNOT 1 10
[476] = Z 1
[477] = CNOT 1 10
[478] = CNOT 1 11
[479] = S 1
[480] = Z 1
[481] = CNOT 1 11
[482] = CNOT 1 12
[483] = Z 1
[484] = CNOT 1 12
[485] = CNOT 1 13
[486] = S 1
[487] = Z 1
[488] = CNOT 1 13
[489] = CNOT 1 5
[490] = CNOT 1 6
[491] = CNOT 1 7
[492] = S 1
[493] = Z 1
[494] = CNOT 1 7
[495] = CNOT 1 9
[496] = Z 1
[497] = CNOT 1 9
[498] = CNOT 1 10
[499] = Z 1
[500] = CNOT 1 10
[501] = CNOT 1 11
[502] = S 1
[503] = Z 1
[504] = CNOT 1 11
[505] = CNOT 1 12
[506] = Z 1
[507] = CNOT 1 12
[508] = CNOT 1 13
[509] = S 1
[510] = Z 1
[511] = CNOT 1 13
[512] = CNOT 1 6
[513] = CNOT 1 7
[514] = CNOT 1 9
[515] = Z 1
[516] = CNOT 1 9
[517] = CNOT 1 10
[518] = Z 1
[519] = CNOT 1 10
[520] = CNOT 1 11
[521] = S 1
[522] = Z 1
[523] = CNOT 1 11
[524] = CNOT 1 12
[525] = Z 1
[526] = CNOT 1 12
[527] = CNOT 1 13
[528] = Z 1
[529] = CNOT 1 13
[530] = CNOT 1 7
[531] = CNOT 1 8
[532] = CNOT 1 9
[533] = S 1
[534] = Z 1
[535] = CNOT 1 9
[536] = CNOT 1 10
[537] = S 1
[538] = Z 1
[539] = CNOT 1 10
[540] = CNOT 1 12
[541] = S 1
[542] = Z 1
[543] = CNOT 1 12
[544] = CNOT 1 8
[545] = CNOT 1 9
[546] = CNOT 1 11
[547] = Z 1
[548] = CNOT 1 11
[549] = CNOT 1 13
[550] = Z 1
[551] = CNOT 1 13
[552] = CNOT 1 9
[553] = CNOT 1 10
[554] = CNOT 1 11
[555] = Z 1
[556] = CNOT 1 11
[557] = CNOT 1 13
[558] = Z 1
[559] = CNOT 1 13
[560] = CNOT 1 10
[561] = CNOT 1 11
[562] = CNOT 1 12
[563] = Z 1
[564] = CNOT 1 12
[565] = CNOT 1 13
[566] = S 1
[567] = Z 1
[568] = CNOT 1 11
[569] = CNOT 1 12
[570] = Z 1
[571] = CNOT 1 13
[572] = CNOT 1 12
[573] = CNOT 2 3
[574] = CNOT 2 4
[575] = Z 2
[576] = CNOT 2 4
[577] = CNOT 2 5
[578] = Z 2
[579] = CNOT 2 5
[580] = CNOT 2 6
[581] = Z 2
[582] = CNOT 2 6
[583] = CNOT 2 7
[584] = Z 2
[585] = CNOT 2 7
[586] = CNOT 2 8
[587] = Z 2
[588] = CNOT 2 8
[589] = CNOT 2 9
[590] = S 2
[591] = Z 2
[592] = CNOT 2 9
[593] = CNOT 2 10
[594] = S 2
[595] = Z 2
[596] = CNOT 2 10
[597] = CNOT 2 11
[598] = Z 2
[599] = CNOT 2 11
[600] = CNOT 2 12
[601] = S 2
[602] = Z 2
[603] = CNOT 2 12
[604] = CNOT 2 13
[605] = Z 2
[606] = CNOT 2 13
[607] = CNOT 2 3
[608] = CNOT 2 4
[609] = CNOT 2 5
[610] = Z 2
[611] = CNOT 2 5
[612] = CNOT 2 6
[613] = Z 2
[614] = CNOT 2 6
[615] = CNOT 2 7
[616] = Z 2
[617] = CNOT 2 7
[618] = CNOT 2 8
[619] = Z 2
[620] = CNOT 2 8
[621] = CNOT 2 9
[622] = S 2
[623] = Z 2
[624] = CNOT 2 9
[625] = CNOT 2 10
[626] = S 2
[627] = Z 2
[628] = CNOT 2 10
[629] = CNOT 2 11
[630] = Z 2
[631] = CNOT 2 11
[632] = CNOT 2 12
[633] = S 2
[634] = Z 2
[635] = CNOT 2 12
[636] = CNOT 2 13
[637] = Z 2
[638] = CNOT 2 13
[639] = CNOT 2 4
[640] = CNOT 2 5
[641] = CNOT 2 6
[642] = S 2
[643] = Z 2
[644] = CNOT 2 6
[645] = CNOT 2 7
[646] = S 2
[647] = Z 2
[648] = CNOT 2 7
[649] = CNOT 2 9
[650] = Z 2
[651] = CNOT 2 9
[652] = CNOT 2 10
[653] = Z 2
[654] = CNOT 2 10
[655] = CNOT 2 11
[656] = S 2
[657] = Z 2
[658] = CNOT 2 11
[659] = CNOT 2 12
[660] = Z 2
[661] = CNOT 2 12
[662] = CNOT 2 13
[663] = S 2
[664] = Z 2
[665] = CNOT 2 13
[666] = CNOT 2 5
[667] = CNOT 2 6
[668] = CNOT 2 7
[669] = S 2
[670] = Z 2
[671] = CNOT 2 7
[672] = CNOT 2 9
[673] = Z 2
[674] = CNOT 2 9
[675] = CNOT 2 10
[676] = Z 2
[677] = CNOT 2 10
[678] = CNOT 2 11
[679] = S 2
[680] = Z 2
[681] = CNOT 2 11
[682] = CNOT 2 12
[683] = Z 2
[684] = CNOT 2 12
[685] = CNOT 2 13
[686] = S 2
[687] = Z 2
[688] = CNOT 2 13
[689] = CNOT 2 6
[690] = CNOT 2 7
[691] = CNOT 2 9
[692] = Z 2
[693] = CNOT 2 9
[694] = CNOT 2 10
[695] = Z 2
[696] = CNOT 2 10
[697] = CNOT 2 11
[698] = S 2
[699] = Z 2
[700] = CNOT 2 11
[701] = CNOT 2 12
[702] = Z 2
[703] = CNOT 2 12
[704] = CNOT 2 13
[705] = Z 2
[706] = CNOT 2 13
[707] = CNOT 2 7
[708] = CNOT 2 8
[709] = CNOT 2 9
[710] = S 2
[711] = Z 2
[712] = CNOT 2 9
[713] = CNOT 2 10
[714] = S 2
[715] = Z 2
[716] = CNOT 2 10
[717] = CNOT 2 12
[718] = S 2
[719] = Z 2
[720] = CNOT 2 12
[721] = CNOT 2 8
[722] = CNOT 2 9
[723] = CNOT 2 11
[724] = Z 2
[725] = CNOT 2 11
[726] = CNOT 2 13
[727] = Z 2
[728] = CNOT 2 13
[729] = CNOT 2 9
[730] = CNOT 2 10
[731] = CNOT 2 11
[732] = Z 2
[733] = CNOT 2 11
[734] = CNOT 2 13
[735] = Z 2
[736] = CNOT 2 13
[737] = CNOT 2 10
[738] = CNOT 2 11
[739] = CNOT 2 12
[740] = Z 2
[741] = CNOT 2 12
[742] = CNOT 2 13
[743] = S 2
[744] = Z 2
[745] = CNOT 2 11
[746] = CNOT 2 12
[747] = Z 2
[748] = CNOT 2 13
[749] = CNOT 2 12
[750] = CNOT 3 4
[751] = CNOT 3 5
[752] = Z 3
[753] = CNOT 3 5
[754] = CNOT 3 6
[755] = Z 3
[756] = CNOT 3 6
[757] = CNOT 3 7
[758] = Z 3
[759] = CNOT 3 7
[760] = CNOT 3 8
[761] = Z 3
[762] = CNOT 3 8
[763] = CNOT 3 9
[764] = S 3
[765] = Z 3
[766] = CNOT 3 9
[767] = CNOT 3 10
[768] = S 3
[769] = Z 3
[770] = CNOT 3 10
[771] = CNOT 3 11
[772] = Z 3
[773] = CNOT 3 11
[774] = CNOT 3 12
[775] = S 3
[776] = Z 3
[777] = CNOT 3 12
[778] = CNOT 3 13
[779] = Z 3
[780] = CNOT 3 13
[781] = CNOT 3 4
[782] = CNOT 3 5
[783] = CNOT 3 6
[784] = S 3
[785] = Z 3
[786] = CNOT 3 6
[787] = CNOT 3 7
[788] = S 3
[789] = Z 3
[790] = CNOT 3 7
[791] = CNOT 3 9
[792] = Z 3
[793] = CNOT 3 9
[794] = CNOT 3 10
[795] = Z 3
[796] = CNOT 3 10
[797] = CNOT 3 11
[798] = S 3
[799] = Z 3
[800] = CNOT 3 11
[801] = CNOT 3 12
[802] = Z 3
[803] = CNOT 3 12
[804] = CNOT 3 13
[805] = S 3
[806] = Z 3
[807] = CNOT 3 13
[808] = CNOT 3 5
[809] = CNOT 3 6
[810] = CNOT 3 7
[811] = S 3
[812] = Z 3
[813] = CNOT 3 7
[814] = CNOT 3 9
[815] = Z 3
[816] = CNOT 3 9
[817] = CNOT 3 10
[818] = Z 3
[819] = CNOT 3 10
[820] = CNOT 3 11
[821] = S 3
[822] = Z 3
[823] = CNOT 3 11
[824] = CNOT 3 12
[825] = Z 3
[826] = CNOT 3 12
[827] = CNOT 3 13
[828] = S 3
[829] = Z 3
[830] = CNOT 3 13
[831] = CNOT 3 6
[832] = CNOT 3 7
[833] = CNOT 3 9
[834] = Z 3
[835] = CNOT 3 9
[836] = CNOT 3 10
[837] = Z 3
[838] = CNOT 3 10
[839] = CNOT 3 11
[840] = S 3
[841] = Z 3
[842] = CNOT 3 11
[843] = CNOT 3 12
[844] = Z 3
[845] = CNOT 3 12
[846] = CNOT 3 13
[847] = Z 3
[848] = CNOT 3 13
[849] = CNOT 3 7
[850] = CNOT 3 8
[851] = CNOT 3 9
[852] = S 3
[853] = Z 3
[854] = CNOT 3 9
[855] = CNOT 3 10
[856] = S 3
[857] = Z 3
[858] = CNOT 3 10
[859] = CNOT 3 12
[860] = S 3
[861] = Z 3
[862] = CNOT 3 12
[863] = CNOT 3 8
[864] = CNOT 3 9
[865] = CNOT 3 11
[866] = Z 3
[867] = CNOT 3 11
[868] = CNOT 3 13
[869] = Z 3
[870] = CNOT 3 13
[871] = CNOT 3 9
[872] = CNOT 3 10
[873] = CNOT 3 11
[874] = Z 3
[875] = CNOT 3 11
[876] = CNOT 3 13
[877] = Z 3
[878] = CNOT 3 13
[879] = CNOT 3 10
[880] = CNOT 3 11
[881] = CNOT 3 12
[882] = Z 3
[883] = CNOT 3 12
[884] = CNOT 3 13
[885] = S 3
[886] = Z 3
[887] = CNOT 3 11
[888] = CNOT 3 12
[889] = Z 3
[890] = CNOT 3 13
[891] = CNOT 3 12
[892] = CNOT 4 5
[893] = CNOT 4 6
[894] = S 4
[895] = Z 4
[896] = CNOT 4 6
[897] = CNOT 4 7
[898] = S 4
[899] = Z 4
[900] = CNOT 4 7
[901] = CNOT 4 9
[902] = Z 4
[903] = CNOT 4 9
[904] = CNOT 4 10
[905] = Z 4
[906] = CNOT 4 10
[907] = CNOT 4 11
[908] = S 4
[909] = Z 4
[910] = CNOT 4 11
[911] = CNOT 4 12
[912] = Z 4
[913] = CNOT 4 12
[914] = CNOT 4 13
[915] = S 4
[916] = Z 4
[917] = CNOT 4 13
[918] = CNOT 4 5
[919] = CNOT 4 6
[920] = CNOT 4 7
[921] = S 4
[922] = Z 4
[923] = CNOT 4 7
[924] = CNOT 4 9
[925] = Z 4
[926] = CNOT 4 9
[927] = CNOT 4 10
[928] = Z 4
[929] = CNOT 4 10
[930] = CNOT 4 11
[931] = S 4
[932] = Z 4
[933] = CNOT 4 11
[934] = CNOT 4 12
[935] = Z 4
[936] = CNOT 4 12
[937] = CNOT 4 13
[938] = S 4
[939] = Z 4
[940] = CNOT 4 13
[941] = CNOT 4 6
[942] = CNOT 4 7
[943] = CNOT 4 9
[944] = Z 4
[945] = CNOT 4 9
[946] = CNOT 4 10
[947] = Z 4
[948] = CNOT 4 10
[949] = CNOT 4 11
[950] = S 4
[951] = Z 4
[952] = CNOT 4 11
[953] = CNOT 4 12
[954] = Z 4
[955] = CNOT 4 12
[956] = CNOT 4 13
[957] = Z 4
[958] = CNOT 4 13
[959] = CNOT 4 7
[960] = CNOT 4 8
[961] = CNOT 4 9
[962] = S 4
[963] = Z 4
[964] = CNOT 4 9
[965] = CNOT 4 10
[966] = S 4
[967] = Z 4
[968] = CNOT 4 10
[969] = CNOT 4 12
[970] = S 4
[971] = Z 4
[972] = CNOT 4 12
[973] = CNOT 4 8
[974] = CNOT 4 9
[975] = CNOT 4 11
[976] = Z 4
[977] = CNOT 4 11
[978] = CNOT 4 13
[979] = Z 4
[980] = CNOT 4 13
[981] = CNOT 4 9
[982] = CNOT 4 10
[983] = CNOT 4 11
[984] = Z 4
[985] = CNOT 4 11
[986] = CNOT 4 13
[987] = Z 4
[988] = CNOT 4 13
[989] = CNOT 4 10
[990] = CNOT 4 11
[991] = CNOT 4 12
[992] = Z 4
[993] = CNOT 4 12
[994] = CNOT 4 13
[995] = S 4
[996] = Z 4
[997] = CNOT 4 11
[998] = CNOT 4 12
[999] = Z 4
[1000] = CNOT 4 13
[1001] = CNOT 4 12
[1002] = CNOT 5 6
[1003] = CNOT 5 9
[1004] = S 5
[1005] = Z 5
[1006] = CNOT 5 9
[1007] = CNOT 5 10
[1008] = S 5
[1009] = Z 5
[1010] = CNOT 5 10
[1011] = CNOT 5 12
[1012] = S 5
[1013] = Z 5
[1014] = CNOT 5 12
[1015] = CNOT 5 6
[1016] = CNOT 5 7
[1017] = CNOT 5 9
[1018] = S 5
[1019] = Z 5
[1020] = CNOT 5 9
[1021] = CNOT 5 10
[1022] = S 5
[1023] = Z 5
[1024] = CNOT 5 10
[1025] = CNOT 5 12
[1026] = S 5
[1027] = Z 5
[1028] = CNOT 5 12
[1029] = CNOT 5 13
[1030] = S 5
[1031] = Z 5
[1032] = CNOT 5 13
[1033] = CNOT 5 7
[1034] = CNOT 5 9
[1035] = CNOT 5 10
[1036] = Z 5
[1037] = CNOT 5 10
[1038] = CNOT 5 11
[1039] = S 5
[1040] = Z 5
[1041] = CNOT 5 11
[1042] = CNOT 5 12
[1043] = Z 5
[1044] = CNOT 5 12
[1045] = CNOT 5 13
[1046] = S 5
[1047] = Z 5
[1048] = CNOT 5 13
[1049] = CNOT 5 9
[1050] = CNOT 5 10
[1051] = CNOT 5 11
[1052] = S 5
[1053] = Z 5
[1054] = CNOT 5 11
[1055] = CNOT 5 12
[1056] = Z 5
[1057] = CNOT 5 12
[1058] = CNOT 5 13
[1059] = S 5
[1060] = Z 5
[1061] = CNOT 5 13
[1062] = CNOT 5 10
[1063] = CNOT 5 11
[1064] = CNOT 5 12
[1065] = S 5
[1066] = Z 5
[1067] = CNOT 5 11
[1068] = CNOT 5 13
[1069] = S 5
[1070] = Z 5
[1071] = CNOT 5 13
[1072] = CNOT 5 12
[1073] = CNOT 6 7
[1074] = CNOT 6 9
[1075] = S 6
[1076] = Z 6
[1077] = CNOT 6 9
[1078] = CNOT 6 10
[1079] = S 6
[1080] = Z 6
[1081] = CNOT 6 10
[1082] = CNOT 6 12
[1083] = S 6
[1084] = Z 6
[1085] = CNOT 6 12
[1086] = CNOT 6 13
[1087] = S 6
[1088] = Z 6
[1089] = CNOT 6 13
[1090] = CNOT 6 7
[1091] = CNOT 6 9
[1092] = CNOT 6 10
[1093] = Z 6
[1094] = CNOT 6 10
[1095] = CNOT 6 11
[1096] = S 6
[1097] = Z 6
[1098] = CNOT 6 11
[1099] = CNOT 6 12
[1100] = Z 6
[1101] = CNOT 6 12
[1102] = CNOT 6 13
[1103] = S 6
[1104] = Z 6
[1105] = CNOT 6 13
[1106] = CNOT 6 9
[1107] = CNOT 6 10
[1108] = CNOT 6 11
[1109] = S 6
[1110] = Z 6
[1111] = CNOT 6 11
[1112] = CNOT 6 12
[1113] = Z 6
[1114] = CNOT 6 12
[1115] = CNOT 6 13
[1116] = S 6
[1117] = Z 6
[1118] = CNOT 6 13
[1119] = CNOT 6 10
[1120] = CNOT 6 11
[1121] = CNOT 6 12
[1122] = S 6
[1123] = Z 6
[1124] = CNOT 6 11
[1125] = CNOT 6 13
[1126] = S 6
[1127] = Z 6
[1128] = CNOT 6 13
[1129] = CNOT 6 12
[1130] = CNOT 7 9
[1131] = CNOT 7 10
[1132] = Z 7
[1133] = CNOT 7 10
[1134] = CNOT 7 11
[1135] = S 7
[1136] = Z 7
[1137] = CNOT 7 11
[1138] = CNOT 7 12
[1139] = Z 7
[1140] = CNOT 7 12
[1141] = CNOT 7 13
[1142] = Z 7
[1143] = CNOT 7 13
[1144] = CNOT 7 9
[1145] = CNOT 7 10
[1146] = CNOT 7 11
[1147] = S 7
[1148] = Z 7
[1149] = CNOT 7 11
[1150] = CNOT 7 12
[1151] = Z 7
[1152] = CNOT 7 12
[1153] = CNOT 7 13
[1154] = Z 7
[1155] = CNOT 7 13
[1156] = CNOT 7 10
[1157] = CNOT 7 11
[1158] = CNOT 7 12
[1159] = S 7
[1160] = Z 7
[1161] = CNOT 7 12
[1162] = CNOT 7 13
[1163] = S 7
[1164] = Z 7
[1165] = CNOT 7 11
[1166] = CNOT 7 12
[1167] = Z 7
[1168] = CNOT 7 12
[1169] = CNOT 9 10
[1170] = CNOT 9 11
[1171] = Z 9
[1172] = CNOT 9 11
[1173] = CNOT 9 12
[1174] = S 9
[1175] = CNOT 9 12
[1176] = CNOT 9 13
[1177] = Z 9
[1178] = CNOT 9 13
[1179] = CNOT 9 10
[1180] = CNOT 9 11
[1181] = CNOT 9 12
[1182] = Z 9
[1183] = CNOT 9 12
[1184] = CNOT 9 13
[1185] = S 9
[1186] = Z 9
[1187] = CNOT 9 11
[1188] = CNOT 9 12
[1189] = Z 9
[1190] = CNOT 9 12
[1191] = CNOT 10 11
[1192] = CNOT 10 12
[1193] = Z 10
[1194] = CNOT 10 12
[1195] = CNOT 10 13
[1196] = S 10
[1197] = Z 10
[1198] = CNOT 10 11
[1199] = CNOT 10 12
[1200] = Z 10
[1201] = CNOT 10 13
[1202] = CNOT 10 12
[1203] = CNOT 11 12
[1204] = CNOT 11 13
[1205] = S 11
[1206] = Z 11
[1207] = CNOT 11 13
[1208] = CNOT 11 12
[1209] = CNOT 11 14
[1210] = CNOT 6 14
[1211] = CNOT 4 14
[1212] = CNOT 12 13
[1213] = CNOT 13 12
[1214] = CNOT 9 12
[1215] = CNOT 12 13
[1216] = CNOT 14 11
[1217] = CNOT 6 11
[1218] = CNOT 11 14
[1219] = CNOT 9 8
[1220] = CNOT 12 7
[1221] = CNOT 7 12
[1222] = CNOT 6 5
[1223] = CNOT 11 4
[1224] = CNOT 4 11
[1225] = CNOT 3 2
[1226] = CNOT 3 1
[1227] = H 11
[1228] = M 11
[1229] = H 12
[1230] = M 12
[1231] = H 13
[1232] = M 13
[1233] = H 14
[1234] = M 14
[1235] = H 4
[1236] = H 7
[1237] = H 10
Gate distributions:
Input:
Operator distribution:
Total number of qubits = 10
Number of `data' qubits = 10
Number of `Toff_n' ancillas = 0
Number of Hadamard ancillas = 0
Hadamard ancilla cap = infinite
Number of {CNOT,T} partitions = 1
T count = 70
Cost estimation = 35020
	id	Count
	0	0
	1	0
	2	0
	3	10
	4	10
	5	0
	6	0
	7	0
	8	0
	9	0
	10	10
	11	0
	12	0
	13	0
	14	0
	15	0
	16	0
	17	0
	18	0
Output:
Operator distribution:
Total number of qubits = 14
Number of `data' qubits = 10
Number of `Toff_n' ancillas = 0
Number of Hadamard ancillas = 4
Hadamard ancilla cap = infinite
Number of {CNOT,T} partitions = 1
T count = 20
Cost estimation = 11220
	id	Count
	0	0
	1	0
	2	0
	3	14
	4	764
	5	20
	6	0
	7	0
	8	0
	9	0
	10	0
	11	154
	12	0
	13	282
	14	0
	15	0
	16	0
	17	0
	18	4
Output T Count (SQC_Circuit) = 20
Output T Count (PhasePolynomial) = 20
Fail count = 0

Execution time: 0.103216s
Number of LCL errors: 0
Number of LCL warnings: 0
