Optimize a Clifford + T circuit.
Input filename = /home/rest/forpyzx/TOpt/forme/tpar_benchmark/qcla_com_7.tfc
Number of unknown gates = 0
Number of unknown qubit labels = 0
Circuit filename: /home/rest/forpyzx/TOpt/forme/tpar_benchmark/qcla_com_7.tfc

n 24
n_x 24
n_y 0
n_z 0
m 101
[0] = H 3
[1] = H 6
[2] = H 9
[3] = H 10
[4] = H 13
[5] = H 16
[6] = H 17
[7] = H 20
[8] = H 21
[9] = H 24
[10] = CCZ 1 2 3
[11] = CCZ 4 5 6
[12] = CCZ 7 8 10
[13] = CCZ 11 12 13
[14] = CCZ 14 15 17
[15] = CCZ 18 19 21
[16] = CCZ 22 23 24
[17] = CNOT 5 4
[18] = CNOT 8 7
[19] = CNOT 12 11
[20] = CNOT 15 14
[21] = CNOT 19 18
[22] = CNOT 23 22
[23] = CCZ 8 12 9
[24] = CCZ 15 19 16
[25] = H 3
[26] = H 9
[27] = H 10
[28] = H 16
[29] = H 17
[30] = H 20
[31] = CCZ 16 23 20
[32] = CCZ 3 5 6
[33] = CCZ 17 19 21
[34] = H 20
[35] = H 6
[36] = H 21
[37] = CCZ 10 12 13
[38] = CCZ 6 9 13
[39] = CCZ 21 23 24
[40] = H 13
[41] = CCZ 13 20 24
[42] = H 24
[43] = H 13
[44] = H 20
[45] = H 21
[46] = CCZ 6 9 13
[47] = CCZ 17 19 21
[48] = CCZ 16 23 20
[49] = H 6
[50] = CCZ 3 5 6
[51] = CCZ 10 12 13
[52] = H 3
[53] = H 9
[54] = H 10
[55] = H 16
[56] = H 17
[57] = CCZ 8 12 9
[58] = CCZ 15 19 16
[59] = CNOT 5 4
[60] = CNOT 8 7
[61] = CNOT 12 11
[62] = CNOT 15 14
[63] = CNOT 19 18
[64] = CNOT 23 22
[65] = CCZ 1 2 3
[66] = CCZ 4 5 6
[67] = CCZ 7 8 10
[68] = CCZ 11 12 13
[69] = CCZ 14 15 17
[70] = CCZ 18 19 21
[71] = H 3
[72] = H 6
[73] = H 9
[74] = H 10
[75] = H 13
[76] = H 16
[77] = H 17
[78] = H 20
[79] = H 21

Algorithm used: todd

UniversalOptimize begin.
	Gate synthesis begin.

in LempelX2
		Round = 0
Round 0 | Current Columns (m): 46
		Round = 1
Round 1 | Current Columns (m): 44
		Round = 2
Round 2 | Current Columns (m): 42
		Round = 3
Round 3 | Current Columns (m): 40
nullspace time: 1195 ms, chi time: 1078 ms
Total LempelX2 time: 2276 ms
		TODD executed in 2.27652 seconds.
		Total time: 2.27662s
	Gate synthesis end.
	Gate synthesis begin.

in LempelX2
		Round = 0
Round 0 | Current Columns (m): 19
nullspace time: 96 ms, chi time: 77 ms
Total LempelX2 time: 174 ms
		TODD executed in 0.174962 seconds.
		Total time: 0.175002s
	Gate synthesis end.
	Gate synthesis begin.

in LempelX2
		Round = 0
Round 0 | Current Columns (m): 13
nullspace time: 37 ms, chi time: 24 ms
Total LempelX2 time: 62 ms
		TODD executed in 0.062564 seconds.
		Total time: 0.062597s
	Gate synthesis end.
	Gate synthesis begin.

in LempelX2
		Round = 0
Round 0 | Current Columns (m): 10
nullspace time: 20 ms, chi time: 11 ms
Total LempelX2 time: 31 ms
		TODD executed in 0.03187 seconds.
		Total time: 0.031899s
	Gate synthesis end.
	Gate synthesis begin.

in LempelX2
		Round = 0
Round 0 | Current Columns (m): 14
nullspace time: 44 ms, chi time: 30 ms
Total LempelX2 time: 75 ms
		TODD executed in 0.075346 seconds.
		Total time: 0.075379s
	Gate synthesis end.
	Gate synthesis begin.

in LempelX2
		Round = 0
Round 0 | Current Columns (m): 35
nullspace time: 517 ms, chi time: 474 ms
Total LempelX2 time: 993 ms
		TODD executed in 0.993342 seconds.
		Total time: 0.993406s
	Gate synthesis end.
	Gate synthesis begin.

in LempelX2
		Round = 0
Round 0 | Current Columns (m): 4
nullspace time: 1 ms, chi time: 0 ms
Total LempelX2 time: 3 ms
		TODD executed in 0.003029 seconds.
		Total time: 0.003046s
	Gate synthesis end.
	Total time: 4.16246s
UniversalOptimize end.
Output circuit:
n 24
n_x 24
n_y 0
n_z 0
m 1001
[0] = H 3
[1] = H 6
[2] = H 9
[3] = H 10
[4] = H 13
[5] = H 16
[6] = H 17
[7] = H 21
[8] = H 24
[9] = T 3
[10] = CNOT 1 2
[11] = CNOT 1 3
[12] = T 1
[13] = CNOT 1 2
[14] = CNOT 2 3
[15] = T 2
[16] = S 2
[17] = CNOT 2 3
[18] = T 1
[19] = S 1
[20] = CNOT 1 3
[21] = T 5
[22] = Z 5
[23] = CNOT 4 5
[24] = CNOT 4 6
[25] = T 4
[26] = CNOT 4 5
[27] = CNOT 5 6
[28] = T 5
[29] = S 5
[30] = CNOT 5 6
[31] = T 4
[32] = S 4
[33] = CNOT 4 6
[34] = T 8
[35] = CNOT 14 15
[36] = CNOT 14 16
[37] = CNOT 14 17
[38] = T 14
[39] = CNOT 14 16
[40] = CNOT 14 18
[41] = CNOT 14 19
[42] = T 14
[43] = CNOT 14 19
[44] = CNOT 14 18
[45] = CNOT 14 17
[46] = CNOT 14 15
[47] = CNOT 17 18
[48] = CNOT 17 19
[49] = T 17
[50] = Z 17
[51] = CNOT 17 19
[52] = CNOT 17 18
[53] = CNOT 8 10
[54] = T 8
[55] = Z 8
[56] = CNOT 8 10
[57] = CNOT 7 10
[58] = T 7
[59] = Z 7
[60] = CNOT 7 10
[61] = T 12
[62] = CNOT 10 11
[63] = CNOT 10 12
[64] = T 10
[65] = Z 10
[66] = CNOT 10 12
[67] = CNOT 10 11
[68] = CNOT 11 12
[69] = CNOT 11 13
[70] = T 11
[71] = CNOT 11 12
[72] = CNOT 12 13
[73] = T 12
[74] = S 12
[75] = CNOT 12 13
[76] = T 11
[77] = S 11
[78] = CNOT 11 13
[79] = T 15
[80] = CNOT 16 17
[81] = CNOT 16 18
[82] = CNOT 16 19
[83] = T 16
[84] = CNOT 16 19
[85] = CNOT 16 18
[86] = T 16
[87] = Z 16
[88] = CNOT 16 17
[89] = CNOT 22 24
[90] = T 22
[91] = S 22
[92] = CNOT 22 24
[93] = CNOT 15 17
[94] = T 15
[95] = Z 15
[96] = CNOT 15 17
[97] = CNOT 14 17
[98] = T 14
[99] = Z 14
[100] = T 19
[101] = CNOT 14 15
[102] = CNOT 14 16
[103] = CNOT 14 18
[104] = CNOT 14 19
[105] = T 14
[106] = CNOT 14 19
[107] = CNOT 14 18
[108] = CNOT 14 17
[109] = CNOT 14 16
[110] = CNOT 14 15
[111] = CNOT 18 19
[112] = CNOT 18 21
[113] = T 18
[114] = CNOT 18 19
[115] = CNOT 19 21
[116] = T 19
[117] = S 19
[118] = CNOT 19 21
[119] = T 18
[120] = S 18
[121] = CNOT 18 21
[122] = T 22
[123] = Z 22
[124] = T 23
[125] = Z 23
[126] = CNOT 22 23
[127] = CNOT 22 24
[128] = T 22
[129] = CNOT 22 24
[130] = CNOT 22 23
[131] = CNOT 23 24
[132] = T 23
[133] = S 23
[134] = CNOT 23 24
[135] = T 20
[136] = CNOT 9 10
[137] = T 9
[138] = Z 9
[139] = CNOT 9 10
[140] = CNOT 7 8
[141] = CNOT 7 10
[142] = CNOT 7 11
[143] = CNOT 7 12
[144] = T 7
[145] = CNOT 7 9
[146] = T 7
[147] = CNOT 7 12
[148] = CNOT 7 11
[149] = CNOT 7 9
[150] = CNOT 9 10
[151] = CNOT 9 11
[152] = CNOT 9 12
[153] = T 9
[154] = CNOT 9 12
[155] = CNOT 9 11
[156] = CNOT 9 10
[157] = CNOT 7 9
[158] = T 7
[159] = CNOT 7 10
[160] = CNOT 7 9
[161] = CNOT 7 8
[162] = S 1
[163] = S 2
[164] = S 4
[165] = Z 4
[166] = S 6
[167] = S 7
[168] = Z 9
[169] = S 10
[170] = Z 10
[171] = S 11
[172] = S 13
[173] = S 14
[174] = Z 16
[175] = S 17
[176] = Z 17
[177] = S 18
[178] = S 21
[179] = S 24
[180] = CNOT 1 2
[181] = S 1
[182] = CNOT 1 2
[183] = CNOT 7 8
[184] = S 7
[185] = CNOT 7 8
[186] = CNOT 7 9
[187] = S 7
[188] = Z 7
[189] = CNOT 7 9
[190] = CNOT 8 9
[191] = S 8
[192] = Z 8
[193] = CNOT 8 9
[194] = CNOT 9 11
[195] = S 9
[196] = Z 9
[197] = CNOT 9 11
[198] = CNOT 9 12
[199] = S 9
[200] = Z 9
[201] = CNOT 9 12
[202] = CNOT 10 11
[203] = S 10
[204] = Z 10
[205] = CNOT 10 11
[206] = CNOT 10 12
[207] = S 10
[208] = Z 10
[209] = CNOT 10 12
[210] = CNOT 11 12
[211] = S 11
[212] = Z 11
[213] = CNOT 11 12
[214] = CNOT 14 15
[215] = S 14
[216] = CNOT 14 15
[217] = CNOT 14 16
[218] = S 14
[219] = Z 14
[220] = CNOT 14 16
[221] = CNOT 15 16
[222] = S 15
[223] = Z 15
[224] = CNOT 15 16
[225] = CNOT 16 18
[226] = S 16
[227] = Z 16
[228] = CNOT 16 18
[229] = CNOT 16 19
[230] = S 16
[231] = Z 16
[232] = CNOT 16 19
[233] = CNOT 17 18
[234] = S 17
[235] = Z 17
[236] = CNOT 17 18
[237] = CNOT 17 19
[238] = S 17
[239] = Z 17
[240] = CNOT 17 19
[241] = CNOT 18 19
[242] = S 18
[243] = Z 18
[244] = CNOT 18 19
[245] = CNOT 7 8
[246] = CNOT 7 9
[247] = S 7
[248] = Z 7
[249] = CNOT 7 9
[250] = CNOT 7 10
[251] = S 7
[252] = Z 7
[253] = CNOT 7 10
[254] = CNOT 7 11
[255] = S 7
[256] = Z 7
[257] = CNOT 7 11
[258] = CNOT 7 12
[259] = S 7
[260] = Z 7
[261] = CNOT 7 12
[262] = CNOT 7 8
[263] = CNOT 7 9
[264] = CNOT 7 10
[265] = S 7
[266] = Z 7
[267] = CNOT 7 9
[268] = CNOT 7 11
[269] = S 7
[270] = Z 7
[271] = CNOT 7 11
[272] = CNOT 7 12
[273] = S 7
[274] = Z 7
[275] = CNOT 7 10
[276] = CNOT 7 11
[277] = S 7
[278] = Z 7
[279] = CNOT 7 12
[280] = CNOT 7 11
[281] = CNOT 8 9
[282] = CNOT 8 10
[283] = S 8
[284] = Z 8
[285] = CNOT 8 9
[286] = CNOT 8 11
[287] = S 8
[288] = Z 8
[289] = CNOT 8 11
[290] = CNOT 8 12
[291] = S 8
[292] = Z 8
[293] = CNOT 8 10
[294] = CNOT 8 11
[295] = S 8
[296] = Z 8
[297] = CNOT 8 12
[298] = CNOT 8 11
[299] = CNOT 9 10
[300] = CNOT 9 11
[301] = S 9
[302] = Z 9
[303] = CNOT 9 11
[304] = CNOT 9 12
[305] = S 9
[306] = Z 9
[307] = CNOT 9 10
[308] = CNOT 9 11
[309] = S 9
[310] = Z 9
[311] = CNOT 9 12
[312] = CNOT 9 11
[313] = CNOT 14 15
[314] = CNOT 14 16
[315] = S 14
[316] = Z 14
[317] = CNOT 14 16
[318] = CNOT 14 17
[319] = S 14
[320] = Z 14
[321] = CNOT 14 17
[322] = CNOT 14 18
[323] = S 14
[324] = Z 14
[325] = CNOT 14 18
[326] = CNOT 14 19
[327] = S 14
[328] = Z 14
[329] = CNOT 14 19
[330] = CNOT 14 15
[331] = CNOT 14 16
[332] = CNOT 14 17
[333] = S 14
[334] = Z 14
[335] = CNOT 14 16
[336] = CNOT 14 18
[337] = S 14
[338] = Z 14
[339] = CNOT 14 18
[340] = CNOT 14 19
[341] = S 14
[342] = Z 14
[343] = CNOT 14 17
[344] = CNOT 14 18
[345] = S 14
[346] = Z 14
[347] = CNOT 14 19
[348] = CNOT 14 18
[349] = CNOT 15 16
[350] = CNOT 15 17
[351] = S 15
[352] = Z 15
[353] = CNOT 15 16
[354] = CNOT 15 18
[355] = S 15
[356] = Z 15
[357] = CNOT 15 18
[358] = CNOT 15 19
[359] = S 15
[360] = Z 15
[361] = CNOT 15 17
[362] = CNOT 15 18
[363] = S 15
[364] = Z 15
[365] = CNOT 15 19
[366] = CNOT 15 18
[367] = CNOT 16 17
[368] = CNOT 16 18
[369] = S 16
[370] = Z 16
[371] = CNOT 16 18
[372] = CNOT 16 19
[373] = S 16
[374] = Z 16
[375] = CNOT 16 17
[376] = CNOT 16 18
[377] = S 16
[378] = Z 16
[379] = CNOT 16 19
[380] = CNOT 16 18
[381] = CNOT 23 22
[382] = CNOT 19 18
[383] = CNOT 15 14
[384] = CNOT 12 11
[385] = CNOT 8 7
[386] = CNOT 5 4
[387] = CNOT 2 1
[388] = H 3
[389] = H 9
[390] = H 10
[391] = H 16
[392] = H 17
[393] = CNOT 16 23
[394] = T 16
[395] = S 16
[396] = CNOT 16 20
[397] = T 16
[398] = CNOT 16 23
[399] = CNOT 16 20
[400] = CNOT 20 23
[401] = T 20
[402] = S 20
[403] = CNOT 20 23
[404] = CNOT 16 20
[405] = T 16
[406] = S 16
[407] = CNOT 16 20
[408] = CNOT 3 5
[409] = CNOT 3 6
[410] = T 3
[411] = CNOT 3 5
[412] = CNOT 5 6
[413] = T 5
[414] = S 5
[415] = CNOT 5 6
[416] = T 3
[417] = S 3
[418] = CNOT 3 6
[419] = CNOT 17 19
[420] = CNOT 17 21
[421] = T 17
[422] = CNOT 17 19
[423] = CNOT 19 21
[424] = T 19
[425] = S 19
[426] = CNOT 19 21
[427] = T 17
[428] = S 17
[429] = CNOT 17 21
[430] = CNOT 10 12
[431] = CNOT 10 13
[432] = T 10
[433] = CNOT 10 12
[434] = CNOT 12 13
[435] = T 12
[436] = S 12
[437] = CNOT 12 13
[438] = T 10
[439] = S 10
[440] = CNOT 10 13
[441] = T 9
[442] = T 13
[443] = T 23
[444] = T 19
[445] = T 5
[446] = T 12
[447] = S 3
[448] = S 10
[449] = S 16
[450] = S 17
[451] = CNOT 3 5
[452] = S 3
[453] = CNOT 3 5
[454] = CNOT 10 12
[455] = S 10
[456] = CNOT 10 12
[457] = CNOT 17 19
[458] = S 17
[459] = CNOT 17 19
[460] = CNOT 19 17
[461] = CNOT 12 10
[462] = CNOT 5 3
[463] = H 20
[464] = H 6
[465] = H 21
[466] = CNOT 6 9
[467] = CNOT 6 13
[468] = T 6
[469] = CNOT 6 9
[470] = CNOT 9 13
[471] = T 9
[472] = S 9
[473] = CNOT 9 13
[474] = T 6
[475] = S 6
[476] = CNOT 6 13
[477] = T 21
[478] = CNOT 21 23
[479] = T 21
[480] = S 21
[481] = CNOT 21 24
[482] = T 21
[483] = CNOT 21 23
[484] = CNOT 23 24
[485] = T 23
[486] = S 23
[487] = CNOT 23 24
[488] = T 21
[489] = S 21
[490] = CNOT 21 24
[491] = T 20
[492] = T 24
[493] = T 9
[494] = T 23
[495] = Z 23
[496] = CNOT 16 23
[497] = T 16
[498] = S 16
[499] = CNOT 16 23
[500] = S 6
[501] = Z 16
[502] = CNOT 6 9
[503] = S 6
[504] = CNOT 6 9
[505] = CNOT 23 16
[506] = CNOT 9 6
[507] = H 13
[508] = H 21
[509] = T 13
[510] = CNOT 13 20
[511] = T 13
[512] = S 13
[513] = CNOT 13 24
[514] = T 13
[515] = CNOT 13 20
[516] = CNOT 20 24
[517] = T 20
[518] = S 20
[519] = CNOT 20 24
[520] = T 13
[521] = S 13
[522] = CNOT 13 24
[523] = CNOT 19 21
[524] = T 19
[525] = Z 19
[526] = CNOT 19 21
[527] = CNOT 17 19
[528] = CNOT 17 21
[529] = T 17
[530] = S 17
[531] = Z 17
[532] = CNOT 17 19
[533] = T 17
[534] = S 17
[535] = Z 17
[536] = CNOT 17 21
[537] = CNOT 17 19
[538] = T 17
[539] = CNOT 17 19
[540] = CNOT 15 17
[541] = CNOT 15 19
[542] = T 15
[543] = S 15
[544] = Z 15
[545] = CNOT 15 19
[546] = Z 17
[547] = S 21
[548] = Z 21
[549] = Z 15
[550] = CNOT 15 17
[551] = CNOT 15 19
[552] = Z 15
[553] = CNOT 15 19
[554] = CNOT 19 17
[555] = CNOT 19 15
[556] = H 24
[557] = H 13
[558] = H 20
[559] = H 17
[560] = T 13
[561] = S 13
[562] = CNOT 9 13
[563] = T 9
[564] = Z 9
[565] = CNOT 9 13
[566] = CNOT 6 9
[567] = CNOT 6 13
[568] = T 6
[569] = S 6
[570] = Z 6
[571] = CNOT 6 9
[572] = T 6
[573] = S 6
[574] = Z 6
[575] = CNOT 6 13
[576] = T 20
[577] = Z 20
[578] = CNOT 20 23
[579] = T 20
[580] = Z 20
[581] = CNOT 20 23
[582] = CNOT 16 20
[583] = CNOT 16 23
[584] = T 16
[585] = S 16
[586] = Z 16
[587] = CNOT 16 23
[588] = T 16
[589] = S 16
[590] = Z 16
[591] = CNOT 16 20
[592] = CNOT 12 13
[593] = T 12
[594] = Z 12
[595] = CNOT 12 13
[596] = CNOT 10 12
[597] = CNOT 10 13
[598] = T 10
[599] = S 10
[600] = Z 10
[601] = CNOT 10 12
[602] = T 10
[603] = S 10
[604] = Z 10
[605] = CNOT 10 13
[606] = CNOT 10 12
[607] = T 10
[608] = CNOT 10 12
[609] = CNOT 8 10
[610] = CNOT 8 12
[611] = T 8
[612] = S 8
[613] = Z 8
[614] = CNOT 8 12
[615] = T 17
[616] = Z 6
[617] = Z 10
[618] = Z 16
[619] = CNOT 6 9
[620] = Z 6
[621] = CNOT 6 9
[622] = Z 8
[623] = CNOT 8 10
[624] = CNOT 8 12
[625] = Z 8
[626] = CNOT 8 12
[627] = CNOT 16 23
[628] = Z 16
[629] = CNOT 16 23
[630] = CNOT 23 22
[631] = CNOT 23 16
[632] = CNOT 12 10
[633] = CNOT 12 8
[634] = CNOT 9 6
[635] = H 6
[636] = H 9
[637] = H 10
[638] = H 16
[639] = H 20
[640] = CNOT 5 6
[641] = T 5
[642] = S 5
[643] = Z 5
[644] = CNOT 5 6
[645] = CNOT 3 6
[646] = T 3
[647] = CNOT 3 6
[648] = T 9
[649] = Z 9
[650] = CNOT 9 12
[651] = T 9
[652] = Z 9
[653] = CNOT 9 12
[654] = CNOT 8 9
[655] = CNOT 8 12
[656] = T 8
[657] = S 8
[658] = Z 8
[659] = CNOT 8 12
[660] = T 8
[661] = S 8
[662] = Z 8
[663] = CNOT 8 9
[664] = T 16
[665] = Z 16
[666] = CNOT 16 19
[667] = T 16
[668] = Z 16
[669] = CNOT 16 19
[670] = CNOT 15 16
[671] = CNOT 15 19
[672] = T 15
[673] = S 15
[674] = Z 15
[675] = CNOT 15 19
[676] = T 15
[677] = S 15
[678] = Z 15
[679] = CNOT 15 16
[680] = CNOT 3 4
[681] = CNOT 3 5
[682] = T 3
[683] = S 3
[684] = Z 3
[685] = CNOT 3 4
[686] = T 3
[687] = CNOT 3 4
[688] = CNOT 3 6
[689] = T 3
[690] = CNOT 3 6
[691] = CNOT 3 5
[692] = CNOT 3 4
[693] = CNOT 4 6
[694] = T 4
[695] = CNOT 4 6
[696] = CNOT 7 8
[697] = T 7
[698] = Z 7
[699] = CNOT 7 8
[700] = T 10
[701] = Z 10
[702] = T 8
[703] = CNOT 8 10
[704] = T 8
[705] = Z 8
[706] = CNOT 8 10
[707] = CNOT 7 8
[708] = CNOT 7 10
[709] = T 7
[710] = S 7
[711] = Z 7
[712] = CNOT 7 8
[713] = T 7
[714] = S 7
[715] = Z 7
[716] = CNOT 7 10
[717] = CNOT 8 11
[718] = CNOT 8 12
[719] = T 8
[720] = S 8
[721] = Z 8
[722] = CNOT 8 11
[723] = T 8
[724] = Z 8
[725] = CNOT 8 13
[726] = T 8
[727] = S 8
[728] = Z 8
[729] = CNOT 8 11
[730] = T 8
[731] = CNOT 8 13
[732] = CNOT 8 12
[733] = CNOT 8 11
[734] = CNOT 11 13
[735] = T 11
[736] = CNOT 11 13
[737] = CNOT 14 15
[738] = T 14
[739] = Z 14
[740] = CNOT 14 15
[741] = T 15
[742] = CNOT 15 17
[743] = T 15
[744] = Z 15
[745] = CNOT 15 17
[746] = CNOT 14 15
[747] = CNOT 14 17
[748] = T 14
[749] = S 14
[750] = Z 14
[751] = CNOT 14 15
[752] = T 14
[753] = S 14
[754] = Z 14
[755] = CNOT 14 17
[756] = CNOT 15 18
[757] = CNOT 15 19
[758] = T 15
[759] = S 15
[760] = Z 15
[761] = CNOT 15 18
[762] = T 15
[763] = Z 15
[764] = CNOT 15 21
[765] = T 15
[766] = S 15
[767] = Z 15
[768] = CNOT 15 18
[769] = T 15
[770] = CNOT 15 21
[771] = CNOT 15 19
[772] = CNOT 15 18
[773] = CNOT 18 21
[774] = T 18
[775] = CNOT 18 21
[776] = S 3
[777] = S 4
[778] = Z 4
[779] = S 5
[780] = Z 5
[781] = Z 6
[782] = Z 7
[783] = S 11
[784] = Z 11
[785] = S 12
[786] = Z 12
[787] = S 13
[788] = Z 13
[789] = Z 14
[790] = Z 17
[791] = S 18
[792] = Z 18
[793] = S 19
[794] = Z 19
[795] = S 21
[796] = Z 21
[797] = CNOT 3 4
[798] = S 3
[799] = Z 3
[800] = CNOT 3 4
[801] = CNOT 4 5
[802] = S 4
[803] = Z 4
[804] = CNOT 4 5
[805] = CNOT 8 11
[806] = S 8
[807] = Z 8
[808] = CNOT 8 11
[809] = CNOT 8 13
[810] = S 8
[811] = Z 8
[812] = CNOT 11 12
[813] = S 11
[814] = Z 11
[815] = CNOT 11 12
[816] = CNOT 12 13
[817] = S 12
[818] = Z 12
[819] = CNOT 12 13
[820] = CNOT 15 18
[821] = S 15
[822] = Z 15
[823] = CNOT 15 18
[824] = CNOT 15 21
[825] = S 15
[826] = Z 15
[827] = CNOT 18 19
[828] = S 18
[829] = Z 18
[830] = CNOT 18 19
[831] = CNOT 19 21
[832] = S 19
[833] = Z 19
[834] = CNOT 19 21
[835] = CNOT 3 4
[836] = CNOT 3 6
[837] = S 3
[838] = Z 3
[839] = CNOT 3 4
[840] = CNOT 3 5
[841] = S 3
[842] = Z 3
[843] = CNOT 3 6
[844] = CNOT 3 5
[845] = CNOT 4 5
[846] = CNOT 4 6
[847] = S 4
[848] = Z 4
[849] = CNOT 4 6
[850] = CNOT 4 5
[851] = CNOT 8 11
[852] = S 8
[853] = Z 8
[854] = CNOT 8 13
[855] = CNOT 8 11
[856] = CNOT 11 12
[857] = CNOT 11 13
[858] = S 11
[859] = Z 11
[860] = CNOT 11 13
[861] = CNOT 11 12
[862] = CNOT 15 18
[863] = S 15
[864] = Z 15
[865] = CNOT 15 21
[866] = CNOT 15 18
[867] = CNOT 18 19
[868] = CNOT 18 21
[869] = S 18
[870] = Z 18
[871] = CNOT 18 21
[872] = CNOT 18 19
[873] = CNOT 19 18
[874] = CNOT 19 15
[875] = CNOT 15 14
[876] = CNOT 12 11
[877] = CNOT 12 8
[878] = CNOT 8 7
[879] = CNOT 5 4
[880] = CNOT 5 3
[881] = H 3
[882] = H 6
[883] = H 9
[884] = H 10
[885] = H 13
[886] = H 16
[887] = H 17
[888] = H 21
[889] = T 3
[890] = Z 3
[891] = CNOT 2 3
[892] = T 2
[893] = Z 2
[894] = CNOT 2 3
[895] = CNOT 1 2
[896] = CNOT 1 3
[897] = T 1
[898] = S 1
[899] = Z 1
[900] = CNOT 1 2
[901] = T 1
[902] = S 1
[903] = Z 1
[904] = CNOT 1 3
[905] = Z 1
[906] = CNOT 1 2
[907] = Z 1
[908] = CNOT 1 2
[909] = CNOT 2 1
[910] = H 3
Gate distributions:
Input:
Operator distribution:
Total number of qubits = 24
Number of `data' qubits = 24
Number of `Toff_n' ancillas = 0
Number of Hadamard ancillas = 0
Hadamard ancilla cap = 0
Number of {CNOT,T} partitions = 7
T count = 203
Cost estimation = 101551
	id	Count
	0	0
	1	0
	2	0
	3	39
	4	12
	5	0
	6	0
	7	0
	8	0
	9	0
	10	29
	11	0
	12	0
	13	0
	14	0
	15	0
	16	0
	17	0
	18	0
Output:
Operator distribution:
Total number of qubits = 24
Number of `data' qubits = 24
Number of `Toff_n' ancillas = 0
Number of Hadamard ancillas = 0
Hadamard ancilla cap = 0
Number of {CNOT,T} partitions = 7
T count = 135
Cost estimation = 68276
	id	Count
	0	0
	1	0
	2	0
	3	37
	4	440
	5	135
	6	0
	7	0
	8	0
	9	0
	10	0
	11	151
	12	0
	13	148
	14	0
	15	0
	16	0
	17	0
	18	0
Output T Count (SQC_Circuit) = 135
Output T Count (PhasePolynomial) = 135
Fail count = 0

Execution time: 4.16254s
Number of LCL errors: 0
Number of LCL warnings: 0
