Optimize a Clifford + T circuit.
Input filename = /home/ryo-mtmt/TOpt/forme/tpar_benchmark/gf2^8_mult.tfc
Number of unknown gates = 0
Number of unknown qubit labels = 0
Circuit filename: /home/ryo-mtmt/TOpt/forme/tpar_benchmark/gf2^8_mult.tfc

n 24
n_x 24
n_y 0
n_z 0
m 201
[0] = H 17
[1] = H 18
[2] = H 19
[3] = H 20
[4] = H 21
[5] = H 22
[6] = H 23
[7] = CCZ 8 10 17
[8] = CCZ 7 11 17
[9] = CCZ 6 12 17
[10] = CCZ 5 13 17
[11] = CCZ 4 14 17
[12] = CCZ 3 15 17
[13] = CCZ 2 16 17
[14] = CCZ 8 11 18
[15] = CCZ 7 12 18
[16] = CCZ 6 13 18
[17] = CCZ 5 14 18
[18] = CCZ 4 15 18
[19] = CCZ 3 16 18
[20] = CCZ 8 12 19
[21] = CCZ 7 13 19
[22] = CCZ 6 14 19
[23] = CCZ 5 15 19
[24] = CCZ 4 16 19
[25] = CCZ 8 13 20
[26] = CCZ 7 14 20
[27] = CCZ 6 15 20
[28] = CCZ 5 16 20
[29] = CCZ 8 14 21
[30] = CCZ 7 15 21
[31] = CCZ 6 16 21
[32] = CCZ 8 15 22
[33] = CCZ 7 16 22
[34] = CCZ 8 16 23
[35] = H 17
[36] = H 18
[37] = H 19
[38] = H 20
[39] = H 21
[40] = H 22
[41] = H 23
[42] = CNOT 19 23
[43] = CNOT 18 23
[44] = CNOT 17 23
[45] = CNOT 18 22
[46] = CNOT 17 22
[47] = CNOT 24 22
[48] = CNOT 17 21
[49] = CNOT 24 21
[50] = CNOT 23 21
[51] = CNOT 24 20
[52] = CNOT 23 20
[53] = CNOT 22 20
[54] = CNOT 23 19
[55] = CNOT 22 19
[56] = CNOT 21 19
[57] = CNOT 22 18
[58] = CNOT 21 18
[59] = CNOT 20 18
[60] = CNOT 21 17
[61] = CNOT 20 17
[62] = CNOT 19 17
[63] = H 17
[64] = H 18
[65] = H 19
[66] = H 20
[67] = H 21
[68] = H 22
[69] = H 23
[70] = H 24
[71] = CCZ 8 9 24
[72] = CCZ 7 10 24
[73] = CCZ 6 11 24
[74] = CCZ 5 12 24
[75] = CCZ 4 13 24
[76] = CCZ 3 14 24
[77] = CCZ 2 15 24
[78] = CCZ 1 16 24
[79] = CCZ 7 9 23
[80] = CCZ 6 10 23
[81] = CCZ 5 11 23
[82] = CCZ 4 12 23
[83] = CCZ 3 13 23
[84] = CCZ 2 14 23
[85] = CCZ 1 15 23
[86] = CCZ 6 9 22
[87] = CCZ 5 10 22
[88] = CCZ 4 11 22
[89] = CCZ 3 12 22
[90] = CCZ 2 13 22
[91] = CCZ 1 14 22
[92] = CCZ 5 9 21
[93] = CCZ 4 10 21
[94] = CCZ 3 11 21
[95] = CCZ 2 12 21
[96] = CCZ 1 13 21
[97] = CCZ 4 9 20
[98] = CCZ 3 10 20
[99] = CCZ 2 11 20
[100] = CCZ 1 12 20
[101] = CCZ 3 9 19
[102] = CCZ 2 10 19
[103] = CCZ 1 11 19
[104] = CCZ 2 9 18
[105] = CCZ 1 10 18
[106] = CCZ 1 9 17
[107] = H 17
[108] = H 18
[109] = H 19
[110] = H 20
[111] = H 21
[112] = H 22
[113] = H 23
[114] = H 24

Algorithm used: todd

UniversalOptimize begin.
	Gate synthesis begin.

in LempelX3 (Hamming Distance Version)
		Round = 0 | Current Columns: 264
  [HIT] Reduced to m = 260 using Dist = 1
		Round = 1 | Current Columns: 260
  [HIT] Reduced to m = 258 using Dist = 1
		Round = 2 | Current Columns: 258
  [HIT] Reduced to m = 256 using Dist = 1
		Round = 3 | Current Columns: 256
  [HIT] Reduced to m = 250 using Dist = 1
		Round = 4 | Current Columns: 250
  [HIT] Reduced to m = 244 using Dist = 1
		Round = 5 | Current Columns: 244
  [HIT] Reduced to m = 238 using Dist = 1
		Round = 6 | Current Columns: 238
  [HIT] Reduced to m = 236 using Dist = 1
		Round = 7 | Current Columns: 236
  [HIT] Reduced to m = 230 using Dist = 1
		Round = 8 | Current Columns: 230
  [HIT] Reduced to m = 228 using Dist = 2
		Round = 9 | Current Columns: 228
  [HIT] Reduced to m = 226 using Dist = 3
		Round = 10 | Current Columns: 226
  [HIT] Reduced to m = 224 using Dist = 3
		Round = 11 | Current Columns: 224
Total LempelX2 (Hamming) time: 4060214 ms
Final Nullspace total time: 3211427 ms
		TODD executed in 4054 seconds.
		Total time: 4054s
	Gate synthesis end.
	Total time: 4057.13s
UniversalOptimize end.
Output circuit:
n 39
n_x 24
n_y 0
n_z 15
m 5501
[0] = H 17
[1] = H 18
[2] = H 19
[3] = H 20
[4] = H 21
[5] = H 22
[6] = H 23
[7] = H 25
[8] = H 26
[9] = H 27
[10] = H 28
[11] = H 29
[12] = H 30
[13] = H 31
[14] = H 32
[15] = H 33
[16] = H 34
[17] = H 35
[18] = H 36
[19] = H 37
[20] = H 38
[21] = H 39
[22] = CNOT 1 2
[23] = CNOT 1 8
[24] = CNOT 1 32
[25] = CNOT 1 35
[26] = CNOT 1 36
[27] = CNOT 1 37
[28] = CNOT 1 38
[29] = T 1
[30] = CNOT 1 38
[31] = CNOT 1 37
[32] = CNOT 1 32
[33] = CNOT 1 8
[34] = CNOT 1 2
[35] = CNOT 5 8
[36] = CNOT 5 10
[37] = CNOT 5 12
[38] = CNOT 5 35
[39] = CNOT 5 39
[40] = T 5
[41] = CNOT 5 17
[42] = T 5
[43] = CNOT 5 8
[44] = T 5
[45] = CNOT 5 10
[46] = CNOT 5 8
[47] = T 5
[48] = CNOT 5 8
[49] = CNOT 2 4
[50] = CNOT 2 7
[51] = CNOT 2 8
[52] = CNOT 2 11
[53] = CNOT 2 35
[54] = CNOT 2 36
[55] = CNOT 2 37
[56] = CNOT 2 38
[57] = T 2
[58] = CNOT 2 17
[59] = T 2
[60] = CNOT 2 7
[61] = T 2
[62] = CNOT 2 11
[63] = CNOT 2 7
[64] = T 2
[65] = CNOT 2 38
[66] = CNOT 2 37
[67] = CNOT 2 17
[68] = CNOT 2 8
[69] = CNOT 2 7
[70] = CNOT 2 4
[71] = CNOT 6 12
[72] = CNOT 6 35
[73] = CNOT 6 39
[74] = T 6
[75] = CNOT 6 39
[76] = CNOT 6 35
[77] = CNOT 6 12
[78] = CNOT 5 6
[79] = T 5
[80] = CNOT 5 12
[81] = CNOT 2 33
[82] = T 2
[83] = T 5
[84] = CNOT 5 6
[85] = CNOT 9 33
[86] = CNOT 9 35
[87] = CNOT 9 36
[88] = T 9
[89] = CNOT 9 36
[90] = CNOT 9 35
[91] = CNOT 9 33
[92] = CNOT 5 13
[93] = T 5
[94] = CNOT 5 17
[95] = CNOT 5 13
[96] = CNOT 13 17
[97] = CNOT 13 35
[98] = CNOT 13 39
[99] = T 13
[100] = CNOT 13 39
[101] = CNOT 13 35
[102] = CNOT 13 17
[103] = CNOT 2 9
[104] = T 2
[105] = CNOT 2 33
[106] = CNOT 2 9
[107] = CNOT 2 4
[108] = CNOT 2 8
[109] = CNOT 2 14
[110] = CNOT 2 37
[111] = CNOT 2 38
[112] = T 2
[113] = CNOT 2 17
[114] = T 2
[115] = CNOT 2 4
[116] = T 2
[117] = CNOT 2 17
[118] = CNOT 2 14
[119] = CNOT 2 9
[120] = CNOT 2 32
[121] = T 2
[122] = CNOT 2 38
[123] = CNOT 2 37
[124] = CNOT 2 32
[125] = CNOT 2 9
[126] = CNOT 2 8
[127] = CNOT 2 3
[128] = CNOT 2 34
[129] = CNOT 2 39
[130] = T 2
[131] = CNOT 2 39
[132] = CNOT 2 34
[133] = CNOT 2 3
[134] = CNOT 3 15
[135] = CNOT 3 17
[136] = CNOT 3 35
[137] = CNOT 3 39
[138] = T 3
[139] = CNOT 3 15
[140] = CNOT 15 17
[141] = CNOT 15 35
[142] = CNOT 15 39
[143] = T 15
[144] = CNOT 15 39
[145] = CNOT 15 35
[146] = CNOT 15 17
[147] = T 3
[148] = CNOT 3 17
[149] = CNOT 8 16
[150] = CNOT 8 35
[151] = CNOT 8 36
[152] = CNOT 8 37
[153] = CNOT 8 38
[154] = T 8
[155] = CNOT 8 17
[156] = T 8
[157] = CNOT 8 38
[158] = CNOT 8 37
[159] = CNOT 8 36
[160] = CNOT 8 35
[161] = CNOT 8 17
[162] = CNOT 8 16
[163] = CNOT 2 8
[164] = CNOT 2 16
[165] = CNOT 2 17
[166] = CNOT 2 37
[167] = CNOT 2 38
[168] = T 2
[169] = CNOT 2 17
[170] = CNOT 2 16
[171] = CNOT 2 8
[172] = CNOT 8 17
[173] = CNOT 8 35
[174] = CNOT 8 36
[175] = CNOT 8 37
[176] = CNOT 8 38
[177] = T 8
[178] = CNOT 8 38
[179] = CNOT 8 37
[180] = CNOT 8 36
[181] = CNOT 8 35
[182] = CNOT 8 17
[183] = CNOT 1 11
[184] = CNOT 1 34
[185] = CNOT 1 39
[186] = T 1
[187] = CNOT 1 39
[188] = CNOT 1 34
[189] = CNOT 1 11
[190] = CNOT 2 4
[191] = CNOT 2 8
[192] = CNOT 2 11
[193] = CNOT 2 18
[194] = T 2
[195] = CNOT 2 8
[196] = T 2
[197] = CNOT 2 11
[198] = T 2
[199] = CNOT 2 18
[200] = CNOT 2 7
[201] = CNOT 2 8
[202] = CNOT 2 12
[203] = T 2
[204] = CNOT 2 18
[205] = T 2
[206] = CNOT 2 7
[207] = T 2
[208] = CNOT 2 12
[209] = CNOT 2 7
[210] = T 2
[211] = CNOT 2 38
[212] = CNOT 2 37
[213] = CNOT 2 18
[214] = CNOT 2 8
[215] = CNOT 2 7
[216] = CNOT 2 4
[217] = CNOT 5 6
[218] = CNOT 5 12
[219] = CNOT 5 13
[220] = T 5
[221] = CNOT 5 18
[222] = T 5
[223] = CNOT 5 6
[224] = T 5
[225] = CNOT 5 13
[226] = CNOT 5 6
[227] = T 5
[228] = CNOT 5 18
[229] = CNOT 5 6
[230] = CNOT 5 14
[231] = T 5
[232] = CNOT 5 18
[233] = T 5
[234] = CNOT 5 39
[235] = CNOT 5 35
[236] = CNOT 5 18
[237] = CNOT 5 14
[238] = CNOT 5 12
[239] = CNOT 12 14
[240] = CNOT 12 18
[241] = CNOT 12 35
[242] = CNOT 12 39
[243] = T 12
[244] = CNOT 12 14
[245] = T 12
[246] = CNOT 12 39
[247] = CNOT 12 35
[248] = CNOT 12 18
[249] = CNOT 2 9
[250] = CNOT 2 34
[251] = CNOT 2 39
[252] = T 2
[253] = CNOT 2 39
[254] = CNOT 2 36
[255] = CNOT 2 35
[256] = CNOT 2 34
[257] = CNOT 2 9
[258] = CNOT 4 15
[259] = CNOT 4 18
[260] = CNOT 4 35
[261] = CNOT 4 39
[262] = T 4
[263] = CNOT 4 18
[264] = CNOT 4 15
[265] = CNOT 18 35
[266] = CNOT 18 39
[267] = T 18
[268] = Z 18
[269] = CNOT 18 39
[270] = CNOT 18 35
[271] = CNOT 4 18
[272] = T 4
[273] = CNOT 4 18
[274] = CNOT 3 15
[275] = CNOT 3 16
[276] = T 3
[277] = CNOT 3 18
[278] = T 3
[279] = CNOT 3 16
[280] = CNOT 3 15
[281] = CNOT 15 16
[282] = CNOT 15 18
[283] = CNOT 15 35
[284] = CNOT 15 39
[285] = T 15
[286] = CNOT 15 39
[287] = CNOT 15 35
[288] = CNOT 15 18
[289] = CNOT 15 16
[290] = CNOT 3 15
[291] = T 3
[292] = CNOT 3 39
[293] = CNOT 3 35
[294] = CNOT 3 18
[295] = CNOT 3 15
[296] = CNOT 1 2
[297] = CNOT 1 8
[298] = CNOT 1 9
[299] = CNOT 1 32
[300] = CNOT 1 37
[301] = CNOT 1 38
[302] = T 1
[303] = CNOT 1 38
[304] = CNOT 1 37
[305] = CNOT 1 32
[306] = CNOT 1 9
[307] = CNOT 1 8
[308] = CNOT 1 2
[309] = CNOT 1 11
[310] = CNOT 1 39
[311] = T 1
[312] = CNOT 1 39
[313] = CNOT 1 11
[314] = CNOT 4 5
[315] = CNOT 4 8
[316] = CNOT 4 12
[317] = CNOT 4 15
[318] = CNOT 4 19
[319] = T 4
[320] = CNOT 4 8
[321] = CNOT 4 5
[322] = T 4
[323] = CNOT 4 12
[324] = CNOT 4 5
[325] = CNOT 4 8
[326] = T 4
[327] = CNOT 4 19
[328] = CNOT 4 15
[329] = CNOT 4 8
[330] = CNOT 4 5
[331] = CNOT 5 7
[332] = CNOT 5 12
[333] = CNOT 5 13
[334] = CNOT 5 35
[335] = CNOT 5 39
[336] = T 5
[337] = CNOT 5 19
[338] = T 5
[339] = CNOT 5 7
[340] = T 5
[341] = CNOT 5 13
[342] = CNOT 5 7
[343] = T 5
[344] = CNOT 5 12
[345] = CNOT 5 7
[346] = CNOT 6 12
[347] = CNOT 6 14
[348] = CNOT 6 35
[349] = CNOT 6 39
[350] = T 6
[351] = CNOT 6 19
[352] = T 6
[353] = CNOT 6 14
[354] = CNOT 6 12
[355] = CNOT 12 14
[356] = CNOT 12 19
[357] = CNOT 12 35
[358] = CNOT 12 39
[359] = T 12
[360] = CNOT 12 39
[361] = CNOT 12 35
[362] = CNOT 12 19
[363] = CNOT 12 14
[364] = CNOT 6 12
[365] = T 6
[366] = CNOT 6 39
[367] = CNOT 6 35
[368] = CNOT 6 19
[369] = CNOT 6 12
[370] = CNOT 15 35
[371] = CNOT 15 39
[372] = T 15
[373] = S 15
[374] = CNOT 15 39
[375] = CNOT 15 35
[376] = CNOT 5 15
[377] = T 5
[378] = CNOT 5 19
[379] = CNOT 5 15
[380] = CNOT 2 3
[381] = CNOT 2 9
[382] = CNOT 2 34
[383] = CNOT 2 35
[384] = CNOT 2 36
[385] = CNOT 2 39
[386] = T 2
[387] = CNOT 2 34
[388] = T 2
[389] = CNOT 2 39
[390] = CNOT 2 36
[391] = CNOT 2 35
[392] = CNOT 2 9
[393] = CNOT 2 3
[394] = CNOT 4 15
[395] = CNOT 4 16
[396] = T 4
[397] = CNOT 4 19
[398] = T 4
[399] = CNOT 4 39
[400] = CNOT 4 35
[401] = CNOT 4 19
[402] = CNOT 4 16
[403] = CNOT 4 15
[404] = CNOT 15 16
[405] = CNOT 15 19
[406] = CNOT 15 35
[407] = CNOT 15 39
[408] = T 15
[409] = CNOT 15 39
[410] = CNOT 15 35
[411] = CNOT 15 19
[412] = CNOT 15 16
[413] = CNOT 1 2
[414] = CNOT 1 8
[415] = CNOT 1 9
[416] = CNOT 1 37
[417] = CNOT 1 38
[418] = T 1
[419] = CNOT 1 38
[420] = CNOT 1 37
[421] = CNOT 1 35
[422] = CNOT 1 9
[423] = CNOT 1 8
[424] = CNOT 1 2
[425] = CNOT 5 8
[426] = CNOT 5 13
[427] = T 5
[428] = CNOT 5 20
[429] = T 5
[430] = CNOT 5 8
[431] = T 5
[432] = CNOT 5 13
[433] = CNOT 5 8
[434] = T 5
[435] = CNOT 5 20
[436] = CNOT 5 8
[437] = CNOT 7 14
[438] = CNOT 7 35
[439] = CNOT 7 36
[440] = CNOT 7 39
[441] = T 7
[442] = CNOT 7 20
[443] = T 7
[444] = CNOT 7 14
[445] = CNOT 14 20
[446] = CNOT 14 35
[447] = CNOT 14 36
[448] = CNOT 14 39
[449] = T 14
[450] = CNOT 14 39
[451] = CNOT 14 36
[452] = CNOT 14 35
[453] = CNOT 14 20
[454] = T 7
[455] = CNOT 7 39
[456] = CNOT 7 36
[457] = CNOT 7 35
[458] = CNOT 7 20
[459] = CNOT 5 6
[460] = CNOT 5 15
[461] = T 5
[462] = CNOT 5 20
[463] = T 5
[464] = CNOT 5 6
[465] = T 5
[466] = CNOT 5 15
[467] = CNOT 5 6
[468] = T 5
[469] = CNOT 5 20
[470] = CNOT 5 6
[471] = CNOT 5 16
[472] = CNOT 5 36
[473] = T 5
[474] = CNOT 5 20
[475] = T 5
[476] = CNOT 5 16
[477] = CNOT 16 20
[478] = CNOT 16 35
[479] = CNOT 16 36
[480] = CNOT 16 39
[481] = T 16
[482] = CNOT 16 39
[483] = CNOT 16 36
[484] = CNOT 16 35
[485] = CNOT 16 20
[486] = T 5
[487] = CNOT 5 39
[488] = CNOT 5 36
[489] = CNOT 5 20
[490] = CNOT 1 12
[491] = T 1
[492] = S 1
[493] = Z 1
[494] = CNOT 1 12
[495] = CNOT 2 36
[496] = T 2
[497] = S 2
[498] = CNOT 2 8
[499] = CNOT 2 14
[500] = CNOT 2 21
[501] = CNOT 2 35
[502] = CNOT 2 37
[503] = CNOT 2 38
[504] = CNOT 2 39
[505] = T 2
[506] = CNOT 2 8
[507] = T 2
[508] = CNOT 2 21
[509] = CNOT 2 14
[510] = CNOT 10 34
[511] = CNOT 10 35
[512] = CNOT 10 36
[513] = CNOT 10 39
[514] = T 10
[515] = CNOT 10 39
[516] = CNOT 10 36
[517] = CNOT 10 35
[518] = CNOT 10 34
[519] = CNOT 2 7
[520] = CNOT 2 8
[521] = CNOT 2 15
[522] = T 2
[523] = CNOT 2 21
[524] = T 2
[525] = CNOT 2 7
[526] = T 2
[527] = CNOT 2 15
[528] = CNOT 2 7
[529] = T 2
[530] = CNOT 2 21
[531] = CNOT 2 8
[532] = CNOT 2 7
[533] = CNOT 2 6
[534] = CNOT 2 16
[535] = T 2
[536] = CNOT 2 21
[537] = T 2
[538] = CNOT 2 6
[539] = T 2
[540] = CNOT 2 16
[541] = CNOT 2 6
[542] = T 2
[543] = CNOT 2 39
[544] = CNOT 2 38
[545] = CNOT 2 37
[546] = CNOT 2 36
[547] = CNOT 2 35
[548] = CNOT 2 21
[549] = CNOT 2 6
[550] = CNOT 1 2
[551] = CNOT 1 8
[552] = CNOT 1 35
[553] = CNOT 1 39
[554] = T 1
[555] = CNOT 1 39
[556] = CNOT 1 8
[557] = CNOT 1 2
[558] = CNOT 8 15
[559] = CNOT 8 22
[560] = CNOT 8 35
[561] = CNOT 8 36
[562] = CNOT 8 39
[563] = T 8
[564] = CNOT 8 15
[565] = CNOT 15 22
[566] = CNOT 15 35
[567] = CNOT 15 36
[568] = CNOT 15 39
[569] = T 15
[570] = CNOT 15 39
[571] = CNOT 15 36
[572] = CNOT 15 35
[573] = CNOT 15 22
[574] = T 8
[575] = CNOT 8 39
[576] = CNOT 8 36
[577] = CNOT 8 35
[578] = CNOT 8 22
[579] = CNOT 7 16
[580] = CNOT 7 35
[581] = CNOT 7 36
[582] = CNOT 7 39
[583] = T 7
[584] = CNOT 7 22
[585] = T 7
[586] = CNOT 7 16
[587] = CNOT 16 22
[588] = CNOT 16 35
[589] = CNOT 16 36
[590] = CNOT 16 39
[591] = T 16
[592] = CNOT 16 39
[593] = CNOT 16 36
[594] = CNOT 16 35
[595] = CNOT 16 22
[596] = T 7
[597] = CNOT 7 39
[598] = CNOT 7 36
[599] = CNOT 7 35
[600] = CNOT 7 22
[601] = CNOT 2 23
[602] = CNOT 2 35
[603] = CNOT 2 36
[604] = CNOT 2 37
[605] = CNOT 2 38
[606] = CNOT 2 39
[607] = T 2
[608] = CNOT 11 36
[609] = T 11
[610] = S 11
[611] = CNOT 11 36
[612] = CNOT 2 8
[613] = CNOT 2 16
[614] = T 2
[615] = CNOT 2 8
[616] = T 2
[617] = CNOT 2 16
[618] = CNOT 2 8
[619] = T 2
[620] = CNOT 2 39
[621] = CNOT 2 23
[622] = CNOT 2 32
[623] = T 2
[624] = CNOT 2 38
[625] = CNOT 2 37
[626] = CNOT 2 35
[627] = CNOT 2 32
[628] = CNOT 2 8
[629] = CNOT 1 12
[630] = T 1
[631] = CNOT 1 12
[632] = CNOT 1 33
[633] = T 1
[634] = CNOT 9 35
[635] = CNOT 9 36
[636] = CNOT 9 37
[637] = CNOT 9 38
[638] = T 9
[639] = CNOT 9 38
[640] = CNOT 9 37
[641] = CNOT 2 11
[642] = T 2
[643] = CNOT 2 11
[644] = CNOT 11 35
[645] = CNOT 11 36
[646] = CNOT 11 37
[647] = CNOT 11 38
[648] = T 11
[649] = CNOT 11 38
[650] = CNOT 11 37
[651] = CNOT 11 36
[652] = CNOT 11 35
[653] = CNOT 9 12
[654] = CNOT 9 39
[655] = T 9
[656] = CNOT 9 39
[657] = CNOT 9 36
[658] = CNOT 9 35
[659] = CNOT 9 12
[660] = CNOT 2 8
[661] = CNOT 2 12
[662] = CNOT 2 15
[663] = CNOT 2 35
[664] = CNOT 2 37
[665] = CNOT 2 38
[666] = T 2
[667] = CNOT 2 8
[668] = CNOT 5 7
[669] = CNOT 5 10
[670] = CNOT 5 12
[671] = T 5
[672] = CNOT 5 39
[673] = T 5
[674] = CNOT 5 39
[675] = CNOT 5 7
[676] = T 5
[677] = CNOT 5 10
[678] = CNOT 5 7
[679] = T 5
[680] = CNOT 5 35
[681] = CNOT 5 12
[682] = CNOT 5 7
[683] = CNOT 6 11
[684] = CNOT 6 35
[685] = CNOT 6 36
[686] = T 6
[687] = CNOT 6 39
[688] = T 6
[689] = CNOT 6 39
[690] = CNOT 6 11
[691] = CNOT 11 39
[692] = T 11
[693] = CNOT 11 39
[694] = T 6
[695] = Z 6
[696] = CNOT 6 36
[697] = CNOT 6 35
[698] = CNOT 1 10
[699] = T 1
[700] = CNOT 1 33
[701] = CNOT 1 10
[702] = CNOT 2 5
[703] = T 2
[704] = CNOT 2 12
[705] = CNOT 2 5
[706] = CNOT 5 12
[707] = CNOT 5 35
[708] = T 5
[709] = S 5
[710] = Z 5
[711] = CNOT 5 35
[712] = CNOT 5 12
[713] = CNOT 2 5
[714] = T 2
[715] = CNOT 2 15
[716] = CNOT 2 5
[717] = CNOT 2 4
[718] = CNOT 2 8
[719] = CNOT 2 13
[720] = T 2
[721] = CNOT 2 39
[722] = T 2
[723] = CNOT 2 39
[724] = CNOT 2 4
[725] = T 2
[726] = CNOT 2 13
[727] = CNOT 2 4
[728] = CNOT 2 39
[729] = T 2
[730] = CNOT 2 39
[731] = CNOT 2 4
[732] = CNOT 2 3
[733] = CNOT 2 14
[734] = T 2
[735] = CNOT 2 39
[736] = T 2
[737] = CNOT 2 39
[738] = CNOT 2 14
[739] = CNOT 2 3
[740] = CNOT 3 36
[741] = CNOT 3 39
[742] = T 3
[743] = Z 3
[744] = CNOT 3 39
[745] = CNOT 3 36
[746] = CNOT 2 3
[747] = T 2
[748] = CNOT 2 38
[749] = CNOT 2 37
[750] = CNOT 2 36
[751] = CNOT 2 35
[752] = CNOT 2 8
[753] = CNOT 2 3
[754] = CNOT 8 15
[755] = CNOT 8 35
[756] = CNOT 8 36
[757] = CNOT 8 37
[758] = CNOT 8 38
[759] = T 8
[760] = CNOT 8 38
[761] = CNOT 8 37
[762] = CNOT 8 36
[763] = CNOT 8 35
[764] = CNOT 8 15
[765] = CNOT 4 9
[766] = CNOT 4 36
[767] = CNOT 4 39
[768] = T 4
[769] = CNOT 1 2
[770] = CNOT 1 8
[771] = CNOT 1 15
[772] = CNOT 1 39
[773] = T 1
[774] = CNOT 1 37
[775] = CNOT 1 38
[776] = T 1
[777] = CNOT 1 39
[778] = CNOT 1 15
[779] = CNOT 1 16
[780] = T 1
[781] = CNOT 1 39
[782] = T 1
[783] = CNOT 1 38
[784] = CNOT 1 37
[785] = CNOT 1 16
[786] = CNOT 1 8
[787] = CNOT 1 2
[788] = CNOT 3 10
[789] = CNOT 3 35
[790] = CNOT 3 39
[791] = T 3
[792] = CNOT 3 39
[793] = CNOT 3 35
[794] = CNOT 3 10
[795] = CNOT 4 35
[796] = T 4
[797] = CNOT 4 39
[798] = CNOT 4 36
[799] = CNOT 4 35
[800] = CNOT 4 9
[801] = CNOT 2 7
[802] = CNOT 2 8
[803] = CNOT 2 9
[804] = CNOT 2 35
[805] = CNOT 2 36
[806] = CNOT 2 37
[807] = CNOT 2 38
[808] = CNOT 2 39
[809] = T 2
[810] = CNOT 2 38
[811] = T 2
[812] = CNOT 2 7
[813] = T 2
[814] = CNOT 2 9
[815] = CNOT 2 7
[816] = T 2
[817] = CNOT 2 37
[818] = CNOT 2 8
[819] = CNOT 2 7
[820] = CNOT 2 6
[821] = CNOT 2 10
[822] = T 2
[823] = CNOT 2 38
[824] = T 2
[825] = CNOT 2 6
[826] = T 2
[827] = CNOT 2 39
[828] = CNOT 2 38
[829] = CNOT 2 10
[830] = CNOT 6 35
[831] = CNOT 6 36
[832] = CNOT 6 37
[833] = CNOT 6 39
[834] = T 6
[835] = CNOT 5 11
[836] = CNOT 5 35
[837] = CNOT 5 36
[838] = T 5
[839] = CNOT 5 38
[840] = T 5
[841] = CNOT 5 38
[842] = CNOT 5 36
[843] = CNOT 5 35
[844] = CNOT 5 11
[845] = CNOT 2 11
[846] = CNOT 2 37
[847] = T 2
[848] = CNOT 2 37
[849] = CNOT 2 11
[850] = CNOT 1 34
[851] = T 1
[852] = CNOT 1 34
[853] = CNOT 2 10
[854] = CNOT 2 34
[855] = CNOT 2 39
[856] = T 2
[857] = CNOT 2 39
[858] = CNOT 2 34
[859] = CNOT 2 10
[860] = CNOT 2 4
[861] = CNOT 2 5
[862] = CNOT 2 12
[863] = CNOT 2 37
[864] = T 2
[865] = CNOT 2 12
[866] = CNOT 2 5
[867] = CNOT 5 12
[868] = CNOT 5 35
[869] = CNOT 5 36
[870] = CNOT 5 38
[871] = T 5
[872] = CNOT 5 38
[873] = CNOT 5 36
[874] = CNOT 5 35
[875] = CNOT 5 12
[876] = CNOT 2 5
[877] = T 2
[878] = CNOT 2 5
[879] = CNOT 2 4
[880] = CNOT 2 3
[881] = CNOT 2 8
[882] = CNOT 2 13
[883] = CNOT 2 38
[884] = CNOT 2 39
[885] = T 2
[886] = CNOT 2 38
[887] = T 2
[888] = CNOT 2 3
[889] = T 2
[890] = CNOT 2 13
[891] = CNOT 2 3
[892] = T 2
[893] = CNOT 2 8
[894] = CNOT 2 3
[895] = CNOT 14 35
[896] = CNOT 14 36
[897] = CNOT 14 37
[898] = CNOT 14 38
[899] = CNOT 14 39
[900] = T 14
[901] = CNOT 14 39
[902] = CNOT 14 38
[903] = CNOT 14 37
[904] = CNOT 14 36
[905] = CNOT 14 35
[906] = CNOT 4 36
[907] = CNOT 4 39
[908] = T 4
[909] = S 4
[910] = CNOT 4 39
[911] = CNOT 4 36
[912] = CNOT 2 14
[913] = T 2
[914] = CNOT 2 39
[915] = CNOT 2 14
[916] = T 2
[917] = CNOT 2 37
[918] = CNOT 1 15
[919] = T 1
[920] = CNOT 1 15
[921] = CNOT 2 38
[922] = CNOT 2 39
[923] = T 2
[924] = CNOT 15 35
[925] = CNOT 15 36
[926] = CNOT 15 38
[927] = CNOT 15 39
[928] = T 15
[929] = CNOT 15 39
[930] = CNOT 15 38
[931] = CNOT 15 36
[932] = CNOT 15 35
[933] = CNOT 2 15
[934] = T 2
[935] = CNOT 2 38
[936] = CNOT 2 15
[937] = CNOT 6 9
[938] = CNOT 6 38
[939] = T 6
[940] = CNOT 6 37
[941] = T 6
[942] = CNOT 6 39
[943] = CNOT 6 38
[944] = CNOT 6 36
[945] = CNOT 6 35
[946] = CNOT 6 9
[947] = CNOT 9 35
[948] = CNOT 9 36
[949] = CNOT 9 38
[950] = CNOT 9 39
[951] = T 9
[952] = CNOT 9 38
[953] = CNOT 9 35
[954] = CNOT 2 6
[955] = CNOT 2 37
[956] = T 2
[957] = CNOT 2 39
[958] = CNOT 2 37
[959] = CNOT 2 6
[960] = CNOT 5 10
[961] = CNOT 5 35
[962] = CNOT 5 36
[963] = T 5
[964] = CNOT 5 37
[965] = T 5
[966] = CNOT 5 10
[967] = CNOT 10 35
[968] = CNOT 10 36
[969] = CNOT 10 37
[970] = T 10
[971] = CNOT 10 37
[972] = CNOT 10 36
[973] = CNOT 10 35
[974] = T 5
[975] = CNOT 5 37
[976] = CNOT 10 39
[977] = T 10
[978] = S 10
[979] = CNOT 10 39
[980] = CNOT 2 4
[981] = CNOT 2 11
[982] = CNOT 2 38
[983] = T 2
[984] = CNOT 2 11
[985] = CNOT 11 35
[986] = CNOT 11 36
[987] = CNOT 11 37
[988] = T 11
[989] = CNOT 11 37
[990] = CNOT 11 36
[991] = CNOT 11 35
[992] = T 2
[993] = CNOT 2 38
[994] = CNOT 2 4
[995] = CNOT 2 3
[996] = CNOT 2 12
[997] = CNOT 2 39
[998] = T 2
[999] = CNOT 2 37
[1000] = T 2
[1001] = CNOT 2 12
[1002] = CNOT 12 35
[1003] = CNOT 12 36
[1004] = CNOT 12 38
[1005] = CNOT 12 39
[1006] = T 12
[1007] = CNOT 12 39
[1008] = CNOT 12 38
[1009] = CNOT 12 36
[1010] = CNOT 12 35
[1011] = T 2
[1012] = CNOT 2 37
[1013] = CNOT 2 3
[1014] = CNOT 2 13
[1015] = T 2
[1016] = CNOT 2 37
[1017] = T 2
[1018] = CNOT 2 13
[1019] = CNOT 13 35
[1020] = CNOT 13 36
[1021] = CNOT 13 37
[1022] = CNOT 13 39
[1023] = T 13
[1024] = CNOT 13 39
[1025] = CNOT 13 37
[1026] = CNOT 13 36
[1027] = CNOT 13 35
[1028] = CNOT 1 15
[1029] = CNOT 1 37
[1030] = T 1
[1031] = CNOT 1 37
[1032] = CNOT 1 15
[1033] = CNOT 1 14
[1034] = T 1
[1035] = CNOT 1 37
[1036] = T 1
[1037] = CNOT 1 39
[1038] = CNOT 1 37
[1039] = CNOT 1 14
[1040] = T 9
[1041] = S 9
[1042] = CNOT 9 39
[1043] = CNOT 9 36
[1044] = CNOT 2 15
[1045] = T 2
[1046] = CNOT 2 15
[1047] = CNOT 5 9
[1048] = CNOT 5 12
[1049] = CNOT 5 39
[1050] = T 5
[1051] = CNOT 5 36
[1052] = T 5
[1053] = CNOT 5 39
[1054] = CNOT 5 35
[1055] = CNOT 5 12
[1056] = CNOT 5 9
[1057] = CNOT 9 12
[1058] = CNOT 9 35
[1059] = CNOT 9 39
[1060] = T 9
[1061] = CNOT 9 39
[1062] = CNOT 9 35
[1063] = CNOT 9 12
[1064] = CNOT 1 10
[1065] = T 1
[1066] = CNOT 1 35
[1067] = CNOT 1 10
[1068] = CNOT 4 10
[1069] = CNOT 4 35
[1070] = CNOT 4 36
[1071] = CNOT 4 39
[1072] = T 4
[1073] = CNOT 4 36
[1074] = T 4
[1075] = CNOT 4 39
[1076] = CNOT 4 35
[1077] = CNOT 4 10
[1078] = CNOT 3 10
[1079] = CNOT 3 39
[1080] = T 3
[1081] = S 3
[1082] = Z 3
[1083] = CNOT 3 10
[1084] = T 1
[1085] = S 1
[1086] = CNOT 3 11
[1087] = T 3
[1088] = S 3
[1089] = Z 3
[1090] = CNOT 3 36
[1091] = T 3
[1092] = CNOT 3 39
[1093] = CNOT 3 36
[1094] = CNOT 3 11
[1095] = CNOT 11 36
[1096] = CNOT 11 39
[1097] = T 11
[1098] = S 11
[1099] = CNOT 12 36
[1100] = T 12
[1101] = Z 12
[1102] = CNOT 12 36
[1103] = CNOT 2 12
[1104] = CNOT 2 38
[1105] = T 2
[1106] = CNOT 2 38
[1107] = CNOT 2 37
[1108] = CNOT 2 36
[1109] = T 2
[1110] = CNOT 2 12
[1111] = CNOT 10 33
[1112] = CNOT 10 35
[1113] = CNOT 10 36
[1114] = T 10
[1115] = CNOT 10 36
[1116] = CNOT 10 35
[1117] = CNOT 10 33
[1118] = T 2
[1119] = S 2
[1120] = Z 2
[1121] = CNOT 2 39
[1122] = CNOT 2 35
[1123] = CNOT 1 13
[1124] = CNOT 1 35
[1125] = CNOT 1 39
[1126] = T 1
[1127] = CNOT 1 36
[1128] = T 1
[1129] = CNOT 1 13
[1130] = CNOT 11 34
[1131] = CNOT 11 35
[1132] = T 11
[1133] = CNOT 11 39
[1134] = CNOT 11 36
[1135] = CNOT 11 35
[1136] = CNOT 11 34
[1137] = T 1
[1138] = S 1
[1139] = CNOT 1 39
[1140] = CNOT 1 35
[1141] = Z 1
[1142] = S 2
[1143] = Z 2
[1144] = S 3
[1145] = Z 4
[1146] = Z 7
[1147] = Z 8
[1148] = S 9
[1149] = S 10
[1150] = Z 10
[1151] = Z 12
[1152] = Z 13
[1153] = S 16
[1154] = Z 17
[1155] = S 19
[1156] = Z 19
[1157] = S 20
[1158] = Z 22
[1159] = S 23
[1160] = S 25
[1161] = Z 25
[1162] = S 26
[1163] = S 27
[1164] = S 28
[1165] = Z 33
[1166] = S 35
[1167] = Z 35
[1168] = S 36
[1169] = S 37
[1170] = Z 37
[1171] = S 38
[1172] = S 39
[1173] = Z 39
[1174] = CNOT 1 9
[1175] = S 1
[1176] = Z 1
[1177] = CNOT 1 9
[1178] = CNOT 1 10
[1179] = S 1
[1180] = Z 1
[1181] = CNOT 1 10
[1182] = CNOT 1 12
[1183] = Z 1
[1184] = CNOT 1 12
[1185] = CNOT 1 13
[1186] = S 1
[1187] = Z 1
[1188] = CNOT 1 13
[1189] = CNOT 1 15
[1190] = S 1
[1191] = Z 1
[1192] = CNOT 1 15
[1193] = CNOT 1 16
[1194] = S 1
[1195] = Z 1
[1196] = CNOT 1 16
[1197] = CNOT 1 32
[1198] = S 1
[1199] = Z 1
[1200] = CNOT 1 32
[1201] = CNOT 1 33
[1202] = S 1
[1203] = Z 1
[1204] = CNOT 1 33
[1205] = CNOT 1 35
[1206] = Z 1
[1207] = CNOT 1 35
[1208] = CNOT 1 37
[1209] = S 1
[1210] = Z 1
[1211] = CNOT 1 37
[1212] = CNOT 1 38
[1213] = Z 1
[1214] = CNOT 1 38
[1215] = CNOT 1 39
[1216] = S 1
[1217] = CNOT 1 39
[1218] = CNOT 2 3
[1219] = S 2
[1220] = CNOT 2 3
[1221] = CNOT 2 6
[1222] = S 2
[1223] = Z 2
[1224] = CNOT 2 6
[1225] = CNOT 2 8
[1226] = S 2
[1227] = CNOT 2 8
[1228] = CNOT 2 9
[1229] = S 2
[1230] = Z 2
[1231] = CNOT 2 9
[1232] = CNOT 2 10
[1233] = Z 2
[1234] = CNOT 2 10
[1235] = CNOT 2 11
[1236] = S 2
[1237] = CNOT 2 11
[1238] = CNOT 2 13
[1239] = S 2
[1240] = CNOT 2 13
[1241] = CNOT 2 15
[1242] = Z 2
[1243] = CNOT 2 15
[1244] = CNOT 2 16
[1245] = S 2
[1246] = CNOT 2 16
[1247] = CNOT 2 17
[1248] = S 2
[1249] = Z 2
[1250] = CNOT 2 17
[1251] = CNOT 2 18
[1252] = S 2
[1253] = Z 2
[1254] = CNOT 2 18
[1255] = CNOT 2 21
[1256] = S 2
[1257] = Z 2
[1258] = CNOT 2 21
[1259] = CNOT 2 23
[1260] = Z 2
[1261] = CNOT 2 23
[1262] = CNOT 2 32
[1263] = Z 2
[1264] = CNOT 2 32
[1265] = CNOT 2 33
[1266] = S 2
[1267] = Z 2
[1268] = CNOT 2 33
[1269] = CNOT 2 34
[1270] = Z 2
[1271] = CNOT 2 34
[1272] = CNOT 2 35
[1273] = Z 2
[1274] = CNOT 2 35
[1275] = CNOT 2 38
[1276] = S 2
[1277] = Z 2
[1278] = CNOT 2 38
[1279] = CNOT 2 39
[1280] = S 2
[1281] = Z 2
[1282] = CNOT 2 39
[1283] = CNOT 3 8
[1284] = S 3
[1285] = CNOT 3 8
[1286] = CNOT 3 9
[1287] = S 3
[1288] = CNOT 3 9
[1289] = CNOT 3 10
[1290] = Z 3
[1291] = CNOT 3 10
[1292] = CNOT 3 11
[1293] = Z 3
[1294] = CNOT 3 11
[1295] = CNOT 3 12
[1296] = S 3
[1297] = CNOT 3 12
[1298] = CNOT 3 13
[1299] = S 3
[1300] = Z 3
[1301] = CNOT 3 13
[1302] = CNOT 3 14
[1303] = S 3
[1304] = Z 3
[1305] = CNOT 3 14
[1306] = CNOT 3 17
[1307] = S 3
[1308] = Z 3
[1309] = CNOT 3 17
[1310] = CNOT 3 34
[1311] = S 3
[1312] = CNOT 3 34
[1313] = CNOT 3 36
[1314] = S 3
[1315] = Z 3
[1316] = CNOT 3 36
[1317] = CNOT 3 37
[1318] = Z 3
[1319] = CNOT 3 37
[1320] = CNOT 3 38
[1321] = Z 3
[1322] = CNOT 3 38
[1323] = CNOT 3 39
[1324] = Z 3
[1325] = CNOT 3 39
[1326] = CNOT 4 7
[1327] = S 4
[1328] = CNOT 4 7
[1329] = CNOT 4 8
[1330] = Z 4
[1331] = CNOT 4 8
[1332] = CNOT 4 9
[1333] = S 4
[1334] = Z 4
[1335] = CNOT 4 9
[1336] = CNOT 4 10
[1337] = S 4
[1338] = Z 4
[1339] = CNOT 4 10
[1340] = CNOT 4 11
[1341] = Z 4
[1342] = CNOT 4 11
[1343] = CNOT 4 12
[1344] = S 4
[1345] = CNOT 4 12
[1346] = CNOT 4 13
[1347] = S 4
[1348] = Z 4
[1349] = CNOT 4 13
[1350] = CNOT 4 14
[1351] = S 4
[1352] = Z 4
[1353] = CNOT 4 14
[1354] = CNOT 4 15
[1355] = S 4
[1356] = Z 4
[1357] = CNOT 4 15
[1358] = CNOT 4 18
[1359] = Z 4
[1360] = CNOT 4 18
[1361] = CNOT 4 19
[1362] = S 4
[1363] = Z 4
[1364] = CNOT 4 19
[1365] = CNOT 4 35
[1366] = Z 4
[1367] = CNOT 4 35
[1368] = CNOT 4 36
[1369] = Z 4
[1370] = CNOT 4 36
[1371] = CNOT 4 37
[1372] = S 4
[1373] = Z 4
[1374] = CNOT 4 37
[1375] = CNOT 4 38
[1376] = Z 4
[1377] = CNOT 4 38
[1378] = CNOT 5 6
[1379] = S 5
[1380] = Z 5
[1381] = CNOT 5 6
[1382] = CNOT 5 7
[1383] = Z 5
[1384] = CNOT 5 7
[1385] = CNOT 5 8
[1386] = S 5
[1387] = CNOT 5 8
[1388] = CNOT 5 10
[1389] = S 5
[1390] = CNOT 5 10
[1391] = CNOT 5 11
[1392] = S 5
[1393] = Z 5
[1394] = CNOT 5 11
[1395] = CNOT 5 12
[1396] = S 5
[1397] = Z 5
[1398] = CNOT 5 12
[1399] = CNOT 5 15
[1400] = S 5
[1401] = CNOT 5 15
[1402] = CNOT 5 17
[1403] = Z 5
[1404] = CNOT 5 17
[1405] = CNOT 5 18
[1406] = Z 5
[1407] = CNOT 5 18
[1408] = CNOT 5 20
[1409] = S 5
[1410] = CNOT 5 20
[1411] = CNOT 5 35
[1412] = Z 5
[1413] = CNOT 5 35
[1414] = CNOT 5 36
[1415] = S 5
[1416] = Z 5
[1417] = CNOT 5 36
[1418] = CNOT 5 37
[1419] = S 5
[1420] = Z 5
[1421] = CNOT 5 37
[1422] = CNOT 5 38
[1423] = Z 5
[1424] = CNOT 5 38
[1425] = CNOT 5 39
[1426] = S 5
[1427] = CNOT 5 39
[1428] = CNOT 6 9
[1429] = S 6
[1430] = CNOT 6 9
[1431] = CNOT 6 10
[1432] = S 6
[1433] = CNOT 6 10
[1434] = CNOT 6 11
[1435] = S 6
[1436] = Z 6
[1437] = CNOT 6 11
[1438] = CNOT 6 12
[1439] = Z 6
[1440] = CNOT 6 12
[1441] = CNOT 6 13
[1442] = S 6
[1443] = CNOT 6 13
[1444] = CNOT 6 16
[1445] = S 6
[1446] = Z 6
[1447] = CNOT 6 16
[1448] = CNOT 6 18
[1449] = S 6
[1450] = CNOT 6 18
[1451] = CNOT 6 21
[1452] = S 6
[1453] = Z 6
[1454] = CNOT 6 21
[1455] = CNOT 6 35
[1456] = Z 6
[1457] = CNOT 6 35
[1458] = CNOT 6 36
[1459] = S 6
[1460] = Z 6
[1461] = CNOT 6 36
[1462] = CNOT 6 37
[1463] = Z 6
[1464] = CNOT 6 37
[1465] = CNOT 6 38
[1466] = S 6
[1467] = Z 6
[1468] = CNOT 6 38
[1469] = CNOT 6 39
[1470] = S 6
[1471] = Z 6
[1472] = CNOT 6 39
[1473] = CNOT 7 9
[1474] = S 7
[1475] = Z 7
[1476] = CNOT 7 9
[1477] = CNOT 7 12
[1478] = Z 7
[1479] = CNOT 7 12
[1480] = CNOT 7 13
[1481] = S 7
[1482] = CNOT 7 13
[1483] = CNOT 7 19
[1484] = S 7
[1485] = CNOT 7 19
[1486] = CNOT 7 35
[1487] = S 7
[1488] = Z 7
[1489] = CNOT 7 35
[1490] = CNOT 7 36
[1491] = S 7
[1492] = CNOT 7 36
[1493] = CNOT 7 38
[1494] = S 7
[1495] = CNOT 7 38
[1496] = CNOT 7 39
[1497] = Z 7
[1498] = CNOT 7 39
[1499] = CNOT 8 9
[1500] = S 8
[1501] = CNOT 8 9
[1502] = CNOT 8 10
[1503] = S 8
[1504] = CNOT 8 10
[1505] = CNOT 8 12
[1506] = S 8
[1507] = Z 8
[1508] = CNOT 8 12
[1509] = CNOT 8 13
[1510] = S 8
[1511] = CNOT 8 13
[1512] = CNOT 8 14
[1513] = Z 8
[1514] = CNOT 8 14
[1515] = CNOT 8 15
[1516] = Z 8
[1517] = CNOT 8 15
[1518] = CNOT 8 17
[1519] = Z 8
[1520] = CNOT 8 17
[1521] = CNOT 8 19
[1522] = Z 8
[1523] = CNOT 8 19
[1524] = CNOT 8 23
[1525] = S 8
[1526] = Z 8
[1527] = CNOT 8 23
[1528] = CNOT 8 32
[1529] = Z 8
[1530] = CNOT 8 32
[1531] = CNOT 8 35
[1532] = S 8
[1533] = CNOT 8 35
[1534] = CNOT 8 37
[1535] = Z 8
[1536] = CNOT 8 37
[1537] = CNOT 8 38
[1538] = S 8
[1539] = Z 8
[1540] = CNOT 8 38
[1541] = CNOT 8 39
[1542] = S 8
[1543] = CNOT 8 39
[1544] = CNOT 9 32
[1545] = S 9
[1546] = Z 9
[1547] = CNOT 9 32
[1548] = CNOT 9 33
[1549] = S 9
[1550] = Z 9
[1551] = CNOT 9 33
[1552] = CNOT 9 34
[1553] = S 9
[1554] = CNOT 9 34
[1555] = CNOT 9 36
[1556] = S 9
[1557] = Z 9
[1558] = CNOT 9 36
[1559] = CNOT 9 37
[1560] = Z 9
[1561] = CNOT 9 37
[1562] = CNOT 9 39
[1563] = Z 9
[1564] = CNOT 9 39
[1565] = CNOT 10 12
[1566] = Z 10
[1567] = CNOT 10 12
[1568] = CNOT 10 17
[1569] = S 10
[1570] = CNOT 10 17
[1571] = CNOT 10 33
[1572] = S 10
[1573] = Z 10
[1574] = CNOT 10 33
[1575] = CNOT 10 35
[1576] = S 10
[1577] = CNOT 10 35
[1578] = CNOT 10 37
[1579] = S 10
[1580] = Z 10
[1581] = CNOT 10 37
[1582] = CNOT 10 38
[1583] = S 10
[1584] = CNOT 10 38
[1585] = CNOT 11 18
[1586] = S 11
[1587] = Z 11
[1588] = CNOT 11 18
[1589] = CNOT 11 35
[1590] = S 11
[1591] = CNOT 11 35
[1592] = CNOT 11 37
[1593] = S 11
[1594] = CNOT 11 37
[1595] = CNOT 11 38
[1596] = Z 11
[1597] = CNOT 11 38
[1598] = CNOT 12 14
[1599] = S 12
[1600] = CNOT 12 14
[1601] = CNOT 12 15
[1602] = S 12
[1603] = CNOT 12 15
[1604] = CNOT 12 17
[1605] = Z 12
[1606] = CNOT 12 17
[1607] = CNOT 12 18
[1608] = Z 12
[1609] = CNOT 12 18
[1610] = CNOT 12 38
[1611] = Z 12
[1612] = CNOT 12 38
[1613] = CNOT 13 17
[1614] = S 13
[1615] = Z 13
[1616] = CNOT 13 17
[1617] = CNOT 13 18
[1618] = S 13
[1619] = CNOT 13 18
[1620] = CNOT 13 19
[1621] = S 13
[1622] = CNOT 13 19
[1623] = CNOT 13 35
[1624] = S 13
[1625] = CNOT 13 35
[1626] = CNOT 13 36
[1627] = S 13
[1628] = CNOT 13 36
[1629] = CNOT 13 37
[1630] = S 13
[1631] = CNOT 13 37
[1632] = CNOT 13 38
[1633] = Z 13
[1634] = CNOT 13 38
[1635] = CNOT 13 39
[1636] = Z 13
[1637] = CNOT 13 39
[1638] = CNOT 14 17
[1639] = S 14
[1640] = Z 14
[1641] = CNOT 14 17
[1642] = CNOT 14 21
[1643] = S 14
[1644] = Z 14
[1645] = CNOT 14 21
[1646] = CNOT 14 35
[1647] = S 14
[1648] = Z 14
[1649] = CNOT 14 35
[1650] = CNOT 14 36
[1651] = Z 14
[1652] = CNOT 14 36
[1653] = CNOT 14 37
[1654] = S 14
[1655] = CNOT 14 37
[1656] = CNOT 15 16
[1657] = S 15
[1658] = CNOT 15 16
[1659] = CNOT 15 17
[1660] = S 15
[1661] = Z 15
[1662] = CNOT 15 17
[1663] = CNOT 15 19
[1664] = S 15
[1665] = Z 15
[1666] = CNOT 15 19
[1667] = CNOT 15 35
[1668] = S 15
[1669] = Z 15
[1670] = CNOT 15 35
[1671] = CNOT 15 37
[1672] = Z 15
[1673] = CNOT 15 37
[1674] = CNOT 15 38
[1675] = S 15
[1676] = CNOT 15 38
[1677] = CNOT 15 39
[1678] = Z 15
[1679] = CNOT 15 39
[1680] = CNOT 16 17
[1681] = Z 16
[1682] = CNOT 16 17
[1683] = CNOT 16 21
[1684] = S 16
[1685] = Z 16
[1686] = CNOT 16 21
[1687] = CNOT 16 23
[1688] = S 16
[1689] = Z 16
[1690] = CNOT 16 23
[1691] = CNOT 16 35
[1692] = S 16
[1693] = CNOT 16 35
[1694] = CNOT 16 37
[1695] = S 16
[1696] = Z 16
[1697] = CNOT 16 37
[1698] = CNOT 16 38
[1699] = S 16
[1700] = Z 16
[1701] = CNOT 16 38
[1702] = CNOT 17 25
[1703] = S 17
[1704] = CNOT 17 25
[1705] = CNOT 17 35
[1706] = Z 17
[1707] = CNOT 17 35
[1708] = CNOT 17 36
[1709] = S 17
[1710] = CNOT 17 36
[1711] = CNOT 17 37
[1712] = S 17
[1713] = CNOT 17 37
[1714] = CNOT 17 38
[1715] = S 17
[1716] = CNOT 17 38
[1717] = CNOT 17 39
[1718] = S 17
[1719] = CNOT 17 39
[1720] = CNOT 18 26
[1721] = S 18
[1722] = CNOT 18 26
[1723] = CNOT 18 36
[1724] = S 18
[1725] = Z 18
[1726] = CNOT 18 36
[1727] = CNOT 18 37
[1728] = S 18
[1729] = Z 18
[1730] = CNOT 18 37
[1731] = CNOT 18 38
[1732] = S 18
[1733] = Z 18
[1734] = CNOT 18 38
[1735] = CNOT 18 39
[1736] = S 18
[1737] = CNOT 18 39
[1738] = CNOT 19 27
[1739] = S 19
[1740] = CNOT 19 27
[1741] = CNOT 19 35
[1742] = Z 19
[1743] = CNOT 19 35
[1744] = CNOT 19 39
[1745] = Z 19
[1746] = CNOT 19 39
[1747] = CNOT 20 28
[1748] = S 20
[1749] = CNOT 20 28
[1750] = CNOT 20 35
[1751] = Z 20
[1752] = CNOT 20 35
[1753] = CNOT 20 36
[1754] = S 20
[1755] = CNOT 20 36
[1756] = CNOT 20 39
[1757] = Z 20
[1758] = CNOT 20 39
[1759] = CNOT 21 29
[1760] = S 21
[1761] = CNOT 21 29
[1762] = CNOT 21 35
[1763] = S 21
[1764] = Z 21
[1765] = CNOT 21 35
[1766] = CNOT 21 36
[1767] = S 21
[1768] = Z 21
[1769] = CNOT 21 36
[1770] = CNOT 21 37
[1771] = S 21
[1772] = Z 21
[1773] = CNOT 21 37
[1774] = CNOT 21 38
[1775] = S 21
[1776] = Z 21
[1777] = CNOT 21 38
[1778] = CNOT 21 39
[1779] = S 21
[1780] = Z 21
[1781] = CNOT 21 39
[1782] = CNOT 22 30
[1783] = S 22
[1784] = CNOT 22 30
[1785] = CNOT 22 35
[1786] = S 22
[1787] = CNOT 22 35
[1788] = CNOT 22 36
[1789] = S 22
[1790] = CNOT 22 36
[1791] = CNOT 22 39
[1792] = S 22
[1793] = CNOT 22 39
[1794] = CNOT 23 31
[1795] = S 23
[1796] = CNOT 23 31
[1797] = CNOT 23 35
[1798] = Z 23
[1799] = CNOT 23 35
[1800] = CNOT 23 36
[1801] = Z 23
[1802] = CNOT 23 36
[1803] = CNOT 23 37
[1804] = Z 23
[1805] = CNOT 23 37
[1806] = CNOT 23 38
[1807] = Z 23
[1808] = CNOT 23 38
[1809] = CNOT 23 39
[1810] = Z 23
[1811] = CNOT 23 39
[1812] = CNOT 24 28
[1813] = S 24
[1814] = CNOT 24 28
[1815] = CNOT 24 29
[1816] = S 24
[1817] = CNOT 24 29
[1818] = CNOT 24 30
[1819] = S 24
[1820] = CNOT 24 30
[1821] = CNOT 25 26
[1822] = Z 25
[1823] = CNOT 25 26
[1824] = CNOT 25 27
[1825] = Z 25
[1826] = CNOT 25 27
[1827] = CNOT 25 28
[1828] = S 25
[1829] = CNOT 25 28
[1830] = CNOT 25 29
[1831] = S 25
[1832] = Z 25
[1833] = CNOT 25 29
[1834] = CNOT 25 30
[1835] = Z 25
[1836] = CNOT 25 30
[1837] = CNOT 25 31
[1838] = Z 25
[1839] = CNOT 25 31
[1840] = CNOT 26 27
[1841] = Z 26
[1842] = CNOT 26 27
[1843] = CNOT 26 28
[1844] = Z 26
[1845] = CNOT 26 28
[1846] = CNOT 26 29
[1847] = S 26
[1848] = CNOT 26 29
[1849] = CNOT 26 30
[1850] = S 26
[1851] = CNOT 26 30
[1852] = CNOT 26 31
[1853] = Z 26
[1854] = CNOT 26 31
[1855] = CNOT 26 33
[1856] = S 26
[1857] = Z 26
[1858] = CNOT 26 33
[1859] = CNOT 26 37
[1860] = S 26
[1861] = Z 26
[1862] = CNOT 26 37
[1863] = CNOT 27 28
[1864] = Z 27
[1865] = CNOT 27 28
[1866] = CNOT 27 29
[1867] = Z 27
[1868] = CNOT 27 29
[1869] = CNOT 27 30
[1870] = S 27
[1871] = CNOT 27 30
[1872] = CNOT 27 31
[1873] = S 27
[1874] = CNOT 27 31
[1875] = CNOT 27 37
[1876] = S 27
[1877] = Z 27
[1878] = CNOT 27 37
[1879] = CNOT 27 38
[1880] = S 27
[1881] = Z 27
[1882] = CNOT 27 38
[1883] = CNOT 28 29
[1884] = S 28
[1885] = Z 28
[1886] = CNOT 28 29
[1887] = CNOT 28 30
[1888] = S 28
[1889] = CNOT 28 30
[1890] = CNOT 28 37
[1891] = S 28
[1892] = Z 28
[1893] = CNOT 28 37
[1894] = CNOT 28 38
[1895] = S 28
[1896] = Z 28
[1897] = CNOT 28 38
[1898] = CNOT 29 30
[1899] = S 29
[1900] = Z 29
[1901] = CNOT 29 30
[1902] = CNOT 29 31
[1903] = S 29
[1904] = CNOT 29 31
[1905] = CNOT 29 38
[1906] = S 29
[1907] = Z 29
[1908] = CNOT 29 38
[1909] = CNOT 30 31
[1910] = Z 30
[1911] = CNOT 30 31
[1912] = CNOT 30 33
[1913] = S 30
[1914] = Z 30
[1915] = CNOT 30 33
[1916] = CNOT 31 33
[1917] = S 31
[1918] = Z 31
[1919] = CNOT 31 33
[1920] = CNOT 32 35
[1921] = Z 32
[1922] = CNOT 32 35
[1923] = CNOT 32 36
[1924] = Z 32
[1925] = CNOT 32 36
[1926] = CNOT 32 37
[1927] = Z 32
[1928] = CNOT 32 37
[1929] = CNOT 32 38
[1930] = Z 32
[1931] = CNOT 32 38
[1932] = CNOT 33 35
[1933] = Z 33
[1934] = CNOT 33 35
[1935] = CNOT 33 36
[1936] = Z 33
[1937] = CNOT 33 36
[1938] = CNOT 34 35
[1939] = S 34
[1940] = Z 34
[1941] = CNOT 34 35
[1942] = CNOT 34 36
[1943] = S 34
[1944] = Z 34
[1945] = CNOT 34 36
[1946] = CNOT 34 39
[1947] = S 34
[1948] = Z 34
[1949] = CNOT 34 39
[1950] = CNOT 35 36
[1951] = Z 35
[1952] = CNOT 35 36
[1953] = CNOT 36 39
[1954] = Z 36
[1955] = CNOT 36 39
[1956] = CNOT 37 38
[1957] = S 37
[1958] = CNOT 37 38
[1959] = CNOT 38 39
[1960] = S 38
[1961] = Z 38
[1962] = CNOT 38 39
[1963] = CNOT 1 2
[1964] = CNOT 1 9
[1965] = S 1
[1966] = Z 1
[1967] = CNOT 1 9
[1968] = CNOT 1 15
[1969] = S 1
[1970] = Z 1
[1971] = CNOT 1 15
[1972] = CNOT 1 16
[1973] = S 1
[1974] = Z 1
[1975] = CNOT 1 16
[1976] = CNOT 1 32
[1977] = S 1
[1978] = Z 1
[1979] = CNOT 1 32
[1980] = CNOT 1 37
[1981] = S 1
[1982] = CNOT 1 37
[1983] = CNOT 1 38
[1984] = S 1
[1985] = CNOT 1 38
[1986] = CNOT 1 39
[1987] = Z 1
[1988] = CNOT 1 39
[1989] = CNOT 1 2
[1990] = CNOT 1 8
[1991] = CNOT 1 9
[1992] = S 1
[1993] = Z 1
[1994] = CNOT 1 9
[1995] = CNOT 1 15
[1996] = S 1
[1997] = Z 1
[1998] = CNOT 1 15
[1999] = CNOT 1 16
[2000] = S 1
[2001] = Z 1
[2002] = CNOT 1 16
[2003] = CNOT 1 32
[2004] = S 1
[2005] = Z 1
[2006] = CNOT 1 32
[2007] = CNOT 1 37
[2008] = S 1
[2009] = CNOT 1 37
[2010] = CNOT 1 38
[2011] = S 1
[2012] = CNOT 1 38
[2013] = CNOT 1 39
[2014] = Z 1
[2015] = CNOT 1 39
[2016] = CNOT 1 8
[2017] = CNOT 1 9
[2018] = CNOT 1 35
[2019] = S 1
[2020] = Z 1
[2021] = CNOT 1 35
[2022] = CNOT 1 36
[2023] = S 1
[2024] = Z 1
[2025] = CNOT 1 36
[2026] = CNOT 1 37
[2027] = S 1
[2028] = Z 1
[2029] = CNOT 1 37
[2030] = CNOT 1 38
[2031] = S 1
[2032] = Z 1
[2033] = CNOT 1 38
[2034] = CNOT 1 9
[2035] = CNOT 1 10
[2036] = CNOT 1 35
[2037] = S 1
[2038] = Z 1
[2039] = CNOT 1 35
[2040] = CNOT 1 36
[2041] = S 1
[2042] = Z 1
[2043] = CNOT 1 36
[2044] = CNOT 1 10
[2045] = CNOT 1 11
[2046] = CNOT 1 35
[2047] = S 1
[2048] = Z 1
[2049] = CNOT 1 35
[2050] = CNOT 1 36
[2051] = S 1
[2052] = Z 1
[2053] = CNOT 1 36
[2054] = CNOT 1 39
[2055] = S 1
[2056] = Z 1
[2057] = CNOT 1 39
[2058] = CNOT 1 11
[2059] = CNOT 1 13
[2060] = CNOT 1 35
[2061] = S 1
[2062] = Z 1
[2063] = CNOT 1 35
[2064] = CNOT 1 39
[2065] = S 1
[2066] = Z 1
[2067] = CNOT 1 39
[2068] = CNOT 1 13
[2069] = CNOT 1 14
[2070] = CNOT 1 35
[2071] = S 1
[2072] = Z 1
[2073] = CNOT 1 35
[2074] = CNOT 1 36
[2075] = S 1
[2076] = Z 1
[2077] = CNOT 1 36
[2078] = CNOT 1 39
[2079] = S 1
[2080] = Z 1
[2081] = CNOT 1 39
[2082] = CNOT 1 14
[2083] = CNOT 1 15
[2084] = CNOT 1 35
[2085] = Z 1
[2086] = CNOT 1 35
[2087] = CNOT 1 36
[2088] = Z 1
[2089] = CNOT 1 36
[2090] = CNOT 1 37
[2091] = S 1
[2092] = Z 1
[2093] = CNOT 1 37
[2094] = CNOT 1 39
[2095] = Z 1
[2096] = CNOT 1 39
[2097] = CNOT 1 15
[2098] = CNOT 1 16
[2099] = CNOT 1 35
[2100] = S 1
[2101] = Z 1
[2102] = CNOT 1 35
[2103] = CNOT 1 36
[2104] = S 1
[2105] = Z 1
[2106] = CNOT 1 36
[2107] = CNOT 1 37
[2108] = S 1
[2109] = Z 1
[2110] = CNOT 1 37
[2111] = CNOT 1 38
[2112] = S 1
[2113] = Z 1
[2114] = CNOT 1 38
[2115] = CNOT 1 16
[2116] = CNOT 1 32
[2117] = CNOT 1 35
[2118] = S 1
[2119] = Z 1
[2120] = CNOT 1 35
[2121] = CNOT 1 36
[2122] = S 1
[2123] = Z 1
[2124] = CNOT 1 36
[2125] = CNOT 1 37
[2126] = S 1
[2127] = Z 1
[2128] = CNOT 1 37
[2129] = CNOT 1 38
[2130] = S 1
[2131] = Z 1
[2132] = CNOT 1 38
[2133] = CNOT 1 32
[2134] = CNOT 1 33
[2135] = CNOT 1 35
[2136] = S 1
[2137] = Z 1
[2138] = CNOT 1 35
[2139] = CNOT 1 36
[2140] = S 1
[2141] = Z 1
[2142] = CNOT 1 36
[2143] = CNOT 1 33
[2144] = CNOT 1 34
[2145] = CNOT 1 35
[2146] = S 1
[2147] = Z 1
[2148] = CNOT 1 35
[2149] = CNOT 1 36
[2150] = S 1
[2151] = Z 1
[2152] = CNOT 1 36
[2153] = CNOT 1 39
[2154] = S 1
[2155] = Z 1
[2156] = CNOT 1 39
[2157] = CNOT 1 34
[2158] = CNOT 1 35
[2159] = CNOT 1 36
[2160] = Z 1
[2161] = CNOT 1 36
[2162] = CNOT 1 38
[2163] = S 1
[2164] = CNOT 1 35
[2165] = CNOT 1 36
[2166] = S 1
[2167] = CNOT 1 38
[2168] = CNOT 1 39
[2169] = Z 1
[2170] = CNOT 1 39
[2171] = CNOT 1 36
[2172] = CNOT 1 37
[2173] = CNOT 1 38
[2174] = S 1
[2175] = CNOT 1 38
[2176] = CNOT 1 39
[2177] = Z 1
[2178] = CNOT 1 37
[2179] = CNOT 1 38
[2180] = S 1
[2181] = Z 1
[2182] = CNOT 1 39
[2183] = CNOT 1 38
[2184] = CNOT 2 3
[2185] = CNOT 2 8
[2186] = S 2
[2187] = CNOT 2 8
[2188] = CNOT 2 9
[2189] = S 2
[2190] = Z 2
[2191] = CNOT 2 9
[2192] = CNOT 2 12
[2193] = S 2
[2194] = Z 2
[2195] = CNOT 2 12
[2196] = CNOT 2 13
[2197] = S 2
[2198] = Z 2
[2199] = CNOT 2 13
[2200] = CNOT 2 14
[2201] = S 2
[2202] = Z 2
[2203] = CNOT 2 14
[2204] = CNOT 2 34
[2205] = S 2
[2206] = Z 2
[2207] = CNOT 2 34
[2208] = CNOT 2 35
[2209] = Z 2
[2210] = CNOT 2 35
[2211] = CNOT 2 36
[2212] = Z 2
[2213] = CNOT 2 36
[2214] = CNOT 2 38
[2215] = Z 2
[2216] = CNOT 2 38
[2217] = CNOT 2 39
[2218] = S 2
[2219] = Z 2
[2220] = CNOT 2 39
[2221] = CNOT 2 3
[2222] = CNOT 2 4
[2223] = CNOT 2 5
[2224] = S 2
[2225] = Z 2
[2226] = CNOT 2 5
[2227] = CNOT 2 7
[2228] = S 2
[2229] = CNOT 2 7
[2230] = CNOT 2 8
[2231] = S 2
[2232] = CNOT 2 8
[2233] = CNOT 2 11
[2234] = S 2
[2235] = CNOT 2 11
[2236] = CNOT 2 12
[2237] = Z 2
[2238] = CNOT 2 12
[2239] = CNOT 2 13
[2240] = S 2
[2241] = Z 2
[2242] = CNOT 2 13
[2243] = CNOT 2 14
[2244] = S 2
[2245] = Z 2
[2246] = CNOT 2 14
[2247] = CNOT 2 17
[2248] = Z 2
[2249] = CNOT 2 17
[2250] = CNOT 2 18
[2251] = S 2
[2252] = CNOT 2 18
[2253] = CNOT 2 35
[2254] = Z 2
[2255] = CNOT 2 35
[2256] = CNOT 2 36
[2257] = Z 2
[2258] = CNOT 2 36
[2259] = CNOT 2 37
[2260] = S 2
[2261] = Z 2
[2262] = CNOT 2 37
[2263] = CNOT 2 38
[2264] = S 2
[2265] = Z 2
[2266] = CNOT 2 38
[2267] = CNOT 2 39
[2268] = S 2
[2269] = Z 2
[2270] = CNOT 2 39
[2271] = CNOT 2 4
[2272] = CNOT 2 5
[2273] = CNOT 2 12
[2274] = S 2
[2275] = Z 2
[2276] = CNOT 2 12
[2277] = CNOT 2 15
[2278] = S 2
[2279] = Z 2
[2280] = CNOT 2 15
[2281] = CNOT 2 35
[2282] = Z 2
[2283] = CNOT 2 35
[2284] = CNOT 2 36
[2285] = Z 2
[2286] = CNOT 2 36
[2287] = CNOT 2 37
[2288] = Z 2
[2289] = CNOT 2 37
[2290] = CNOT 2 38
[2291] = S 2
[2292] = Z 2
[2293] = CNOT 2 38
[2294] = CNOT 2 5
[2295] = CNOT 2 6
[2296] = CNOT 2 10
[2297] = S 2
[2298] = Z 2
[2299] = CNOT 2 10
[2300] = CNOT 2 16
[2301] = S 2
[2302] = Z 2
[2303] = CNOT 2 16
[2304] = CNOT 2 21
[2305] = S 2
[2306] = Z 2
[2307] = CNOT 2 21
[2308] = CNOT 2 35
[2309] = S 2
[2310] = CNOT 2 35
[2311] = CNOT 2 36
[2312] = S 2
[2313] = CNOT 2 36
[2314] = CNOT 2 37
[2315] = Z 2
[2316] = CNOT 2 37
[2317] = CNOT 2 38
[2318] = Z 2
[2319] = CNOT 2 38
[2320] = CNOT 2 39
[2321] = S 2
[2322] = CNOT 2 39
[2323] = CNOT 2 6
[2324] = CNOT 2 7
[2325] = CNOT 2 8
[2326] = Z 2
[2327] = CNOT 2 8
[2328] = CNOT 2 9
[2329] = S 2
[2330] = Z 2
[2331] = CNOT 2 9
[2332] = CNOT 2 11
[2333] = S 2
[2334] = Z 2
[2335] = CNOT 2 11
[2336] = CNOT 2 12
[2337] = S 2
[2338] = Z 2
[2339] = CNOT 2 12
[2340] = CNOT 2 15
[2341] = S 2
[2342] = Z 2
[2343] = CNOT 2 15
[2344] = CNOT 2 17
[2345] = S 2
[2346] = Z 2
[2347] = CNOT 2 17
[2348] = CNOT 2 18
[2349] = S 2
[2350] = Z 2
[2351] = CNOT 2 18
[2352] = CNOT 2 21
[2353] = S 2
[2354] = Z 2
[2355] = CNOT 2 21
[2356] = CNOT 2 35
[2357] = Z 2
[2358] = CNOT 2 35
[2359] = CNOT 2 36
[2360] = Z 2
[2361] = CNOT 2 36
[2362] = CNOT 2 37
[2363] = Z 2
[2364] = CNOT 2 37
[2365] = CNOT 2 38
[2366] = S 2
[2367] = Z 2
[2368] = CNOT 2 38
[2369] = CNOT 2 39
[2370] = S 2
[2371] = CNOT 2 39
[2372] = CNOT 2 7
[2373] = CNOT 2 8
[2374] = CNOT 2 9
[2375] = S 2
[2376] = CNOT 2 9
[2377] = CNOT 2 11
[2378] = Z 2
[2379] = CNOT 2 11
[2380] = CNOT 2 12
[2381] = Z 2
[2382] = CNOT 2 12
[2383] = CNOT 2 13
[2384] = S 2
[2385] = CNOT 2 13
[2386] = CNOT 2 14
[2387] = S 2
[2388] = CNOT 2 14
[2389] = CNOT 2 15
[2390] = S 2
[2391] = CNOT 2 15
[2392] = CNOT 2 16
[2393] = Z 2
[2394] = CNOT 2 16
[2395] = CNOT 2 17
[2396] = S 2
[2397] = CNOT 2 17
[2398] = CNOT 2 18
[2399] = Z 2
[2400] = CNOT 2 18
[2401] = CNOT 2 21
[2402] = Z 2
[2403] = CNOT 2 21
[2404] = CNOT 2 23
[2405] = S 2
[2406] = Z 2
[2407] = CNOT 2 23
[2408] = CNOT 2 32
[2409] = Z 2
[2410] = CNOT 2 32
[2411] = CNOT 2 35
[2412] = S 2
[2413] = CNOT 2 35
[2414] = CNOT 2 36
[2415] = S 2
[2416] = CNOT 2 36
[2417] = CNOT 2 37
[2418] = Z 2
[2419] = CNOT 2 37
[2420] = CNOT 2 38
[2421] = S 2
[2422] = CNOT 2 38
[2423] = CNOT 2 39
[2424] = S 2
[2425] = CNOT 2 39
[2426] = CNOT 2 8
[2427] = CNOT 2 9
[2428] = CNOT 2 32
[2429] = S 2
[2430] = Z 2
[2431] = CNOT 2 32
[2432] = CNOT 2 34
[2433] = S 2
[2434] = Z 2
[2435] = CNOT 2 34
[2436] = CNOT 2 35
[2437] = S 2
[2438] = Z 2
[2439] = CNOT 2 35
[2440] = CNOT 2 36
[2441] = S 2
[2442] = Z 2
[2443] = CNOT 2 36
[2444] = CNOT 2 37
[2445] = S 2
[2446] = CNOT 2 37
[2447] = CNOT 2 38
[2448] = Z 2
[2449] = CNOT 2 38
[2450] = CNOT 2 39
[2451] = S 2
[2452] = CNOT 2 39
[2453] = CNOT 2 9
[2454] = CNOT 2 10
[2455] = CNOT 2 35
[2456] = Z 2
[2457] = CNOT 2 35
[2458] = CNOT 2 36
[2459] = Z 2
[2460] = CNOT 2 36
[2461] = CNOT 2 38
[2462] = S 2
[2463] = Z 2
[2464] = CNOT 2 38
[2465] = CNOT 2 39
[2466] = Z 2
[2467] = CNOT 2 39
[2468] = CNOT 2 10
[2469] = CNOT 2 11
[2470] = CNOT 2 17
[2471] = S 2
[2472] = Z 2
[2473] = CNOT 2 17
[2474] = CNOT 2 18
[2475] = S 2
[2476] = Z 2
[2477] = CNOT 2 18
[2478] = CNOT 2 35
[2479] = S 2
[2480] = CNOT 2 35
[2481] = CNOT 2 37
[2482] = S 2
[2483] = CNOT 2 37
[2484] = CNOT 2 38
[2485] = S 2
[2486] = CNOT 2 38
[2487] = CNOT 2 11
[2488] = CNOT 2 12
[2489] = CNOT 2 15
[2490] = S 2
[2491] = Z 2
[2492] = CNOT 2 15
[2493] = CNOT 2 18
[2494] = S 2
[2495] = Z 2
[2496] = CNOT 2 18
[2497] = CNOT 2 35
[2498] = S 2
[2499] = Z 2
[2500] = CNOT 2 35
[2501] = CNOT 2 38
[2502] = S 2
[2503] = CNOT 2 38
[2504] = CNOT 2 39
[2505] = Z 2
[2506] = CNOT 2 39
[2507] = CNOT 2 12
[2508] = CNOT 2 13
[2509] = CNOT 2 37
[2510] = S 2
[2511] = CNOT 2 37
[2512] = CNOT 2 38
[2513] = Z 2
[2514] = CNOT 2 38
[2515] = CNOT 2 39
[2516] = S 2
[2517] = CNOT 2 39
[2518] = CNOT 2 13
[2519] = CNOT 2 14
[2520] = CNOT 2 17
[2521] = S 2
[2522] = Z 2
[2523] = CNOT 2 17
[2524] = CNOT 2 21
[2525] = S 2
[2526] = Z 2
[2527] = CNOT 2 21
[2528] = CNOT 2 38
[2529] = S 2
[2530] = CNOT 2 38
[2531] = CNOT 2 39
[2532] = Z 2
[2533] = CNOT 2 39
[2534] = CNOT 2 14
[2535] = CNOT 2 15
[2536] = CNOT 2 21
[2537] = S 2
[2538] = Z 2
[2539] = CNOT 2 21
[2540] = CNOT 2 35
[2541] = S 2
[2542] = Z 2
[2543] = CNOT 2 35
[2544] = CNOT 2 36
[2545] = S 2
[2546] = Z 2
[2547] = CNOT 2 36
[2548] = CNOT 2 39
[2549] = S 2
[2550] = CNOT 2 39
[2551] = CNOT 2 15
[2552] = CNOT 2 16
[2553] = CNOT 2 21
[2554] = S 2
[2555] = Z 2
[2556] = CNOT 2 21
[2557] = CNOT 2 23
[2558] = S 2
[2559] = Z 2
[2560] = CNOT 2 23
[2561] = CNOT 2 39
[2562] = S 2
[2563] = CNOT 2 39
[2564] = CNOT 2 16
[2565] = CNOT 2 17
[2566] = CNOT 2 35
[2567] = S 2
[2568] = CNOT 2 35
[2569] = CNOT 2 36
[2570] = S 2
[2571] = CNOT 2 36
[2572] = CNOT 2 37
[2573] = S 2
[2574] = CNOT 2 37
[2575] = CNOT 2 38
[2576] = S 2
[2577] = CNOT 2 38
[2578] = CNOT 2 17
[2579] = CNOT 2 18
[2580] = CNOT 2 35
[2581] = S 2
[2582] = CNOT 2 35
[2583] = CNOT 2 36
[2584] = S 2
[2585] = CNOT 2 36
[2586] = CNOT 2 37
[2587] = S 2
[2588] = CNOT 2 37
[2589] = CNOT 2 38
[2590] = S 2
[2591] = CNOT 2 38
[2592] = CNOT 2 18
[2593] = CNOT 2 23
[2594] = CNOT 2 35
[2595] = Z 2
[2596] = CNOT 2 35
[2597] = CNOT 2 36
[2598] = Z 2
[2599] = CNOT 2 36
[2600] = CNOT 2 37
[2601] = Z 2
[2602] = CNOT 2 37
[2603] = CNOT 2 38
[2604] = Z 2
[2605] = CNOT 2 38
[2606] = CNOT 2 39
[2607] = Z 2
[2608] = CNOT 2 39
[2609] = CNOT 2 23
[2610] = CNOT 2 32
[2611] = CNOT 2 35
[2612] = Z 2
[2613] = CNOT 2 35
[2614] = CNOT 2 36
[2615] = Z 2
[2616] = CNOT 2 36
[2617] = CNOT 2 37
[2618] = Z 2
[2619] = CNOT 2 37
[2620] = CNOT 2 38
[2621] = Z 2
[2622] = CNOT 2 38
[2623] = CNOT 2 32
[2624] = CNOT 2 33
[2625] = CNOT 2 35
[2626] = S 2
[2627] = Z 2
[2628] = CNOT 2 35
[2629] = CNOT 2 36
[2630] = S 2
[2631] = Z 2
[2632] = CNOT 2 36
[2633] = CNOT 2 33
[2634] = CNOT 2 34
[2635] = CNOT 2 35
[2636] = Z 2
[2637] = CNOT 2 35
[2638] = CNOT 2 36
[2639] = Z 2
[2640] = CNOT 2 36
[2641] = CNOT 2 39
[2642] = Z 2
[2643] = CNOT 2 39
[2644] = CNOT 2 34
[2645] = CNOT 2 35
[2646] = CNOT 2 36
[2647] = Z 2
[2648] = CNOT 2 36
[2649] = CNOT 2 37
[2650] = S 2
[2651] = Z 2
[2652] = CNOT 2 35
[2653] = CNOT 2 36
[2654] = S 2
[2655] = Z 2
[2656] = CNOT 2 36
[2657] = CNOT 2 38
[2658] = S 2
[2659] = Z 2
[2660] = CNOT 2 38
[2661] = CNOT 2 39
[2662] = S 2
[2663] = Z 2
[2664] = CNOT 2 37
[2665] = CNOT 2 38
[2666] = S 2
[2667] = Z 2
[2668] = CNOT 2 39
[2669] = CNOT 2 38
[2670] = CNOT 3 8
[2671] = CNOT 3 13
[2672] = S 3
[2673] = Z 3
[2674] = CNOT 3 13
[2675] = CNOT 3 14
[2676] = S 3
[2677] = Z 3
[2678] = CNOT 3 14
[2679] = CNOT 3 35
[2680] = S 3
[2681] = CNOT 3 35
[2682] = CNOT 3 36
[2683] = S 3
[2684] = CNOT 3 36
[2685] = CNOT 3 37
[2686] = S 3
[2687] = CNOT 3 37
[2688] = CNOT 3 38
[2689] = Z 3
[2690] = CNOT 3 38
[2691] = CNOT 3 39
[2692] = Z 3
[2693] = CNOT 3 39
[2694] = CNOT 3 8
[2695] = CNOT 3 9
[2696] = CNOT 3 35
[2697] = S 3
[2698] = Z 3
[2699] = CNOT 3 35
[2700] = CNOT 3 36
[2701] = S 3
[2702] = Z 3
[2703] = CNOT 3 36
[2704] = CNOT 3 39
[2705] = S 3
[2706] = Z 3
[2707] = CNOT 3 39
[2708] = CNOT 3 9
[2709] = CNOT 3 12
[2710] = CNOT 3 35
[2711] = S 3
[2712] = Z 3
[2713] = CNOT 3 35
[2714] = CNOT 3 36
[2715] = S 3
[2716] = Z 3
[2717] = CNOT 3 36
[2718] = CNOT 3 39
[2719] = S 3
[2720] = Z 3
[2721] = CNOT 3 39
[2722] = CNOT 3 12
[2723] = CNOT 3 13
[2724] = CNOT 3 35
[2725] = S 3
[2726] = Z 3
[2727] = CNOT 3 35
[2728] = CNOT 3 36
[2729] = S 3
[2730] = Z 3
[2731] = CNOT 3 36
[2732] = CNOT 3 37
[2733] = S 3
[2734] = Z 3
[2735] = CNOT 3 37
[2736] = CNOT 3 39
[2737] = S 3
[2738] = Z 3
[2739] = CNOT 3 39
[2740] = CNOT 3 13
[2741] = CNOT 3 14
[2742] = CNOT 3 35
[2743] = S 3
[2744] = Z 3
[2745] = CNOT 3 35
[2746] = CNOT 3 36
[2747] = S 3
[2748] = Z 3
[2749] = CNOT 3 36
[2750] = CNOT 3 37
[2751] = S 3
[2752] = Z 3
[2753] = CNOT 3 37
[2754] = CNOT 3 38
[2755] = S 3
[2756] = Z 3
[2757] = CNOT 3 38
[2758] = CNOT 3 14
[2759] = CNOT 3 15
[2760] = CNOT 3 16
[2761] = S 3
[2762] = Z 3
[2763] = CNOT 3 16
[2764] = CNOT 3 18
[2765] = S 3
[2766] = Z 3
[2767] = CNOT 3 18
[2768] = CNOT 3 35
[2769] = Z 3
[2770] = CNOT 3 35
[2771] = CNOT 3 39
[2772] = Z 3
[2773] = CNOT 3 39
[2774] = CNOT 3 15
[2775] = CNOT 3 16
[2776] = CNOT 3 35
[2777] = S 3
[2778] = Z 3
[2779] = CNOT 3 35
[2780] = CNOT 3 39
[2781] = S 3
[2782] = Z 3
[2783] = CNOT 3 39
[2784] = CNOT 3 16
[2785] = CNOT 3 17
[2786] = CNOT 3 35
[2787] = S 3
[2788] = Z 3
[2789] = CNOT 3 35
[2790] = CNOT 3 39
[2791] = S 3
[2792] = Z 3
[2793] = CNOT 3 39
[2794] = CNOT 3 17
[2795] = CNOT 3 18
[2796] = CNOT 3 35
[2797] = S 3
[2798] = Z 3
[2799] = CNOT 3 35
[2800] = CNOT 3 39
[2801] = S 3
[2802] = Z 3
[2803] = CNOT 3 39
[2804] = CNOT 3 18
[2805] = CNOT 3 34
[2806] = CNOT 3 35
[2807] = S 3
[2808] = Z 3
[2809] = CNOT 3 35
[2810] = CNOT 3 36
[2811] = S 3
[2812] = Z 3
[2813] = CNOT 3 36
[2814] = CNOT 3 39
[2815] = S 3
[2816] = Z 3
[2817] = CNOT 3 39
[2818] = CNOT 3 34
[2819] = CNOT 3 35
[2820] = CNOT 3 36
[2821] = Z 3
[2822] = CNOT 3 36
[2823] = CNOT 3 38
[2824] = Z 3
[2825] = CNOT 3 35
[2826] = CNOT 3 36
[2827] = Z 3
[2828] = CNOT 3 36
[2829] = CNOT 3 37
[2830] = Z 3
[2831] = CNOT 3 38
[2832] = CNOT 3 39
[2833] = S 3
[2834] = CNOT 3 37
[2835] = CNOT 3 38
[2836] = S 3
[2837] = Z 3
[2838] = CNOT 3 39
[2839] = CNOT 3 38
[2840] = CNOT 4 5
[2841] = CNOT 4 8
[2842] = S 4
[2843] = Z 4
[2844] = CNOT 4 8
[2845] = CNOT 4 12
[2846] = S 4
[2847] = Z 4
[2848] = CNOT 4 12
[2849] = CNOT 4 15
[2850] = S 4
[2851] = Z 4
[2852] = CNOT 4 15
[2853] = CNOT 4 19
[2854] = S 4
[2855] = Z 4
[2856] = CNOT 4 19
[2857] = CNOT 4 35
[2858] = Z 4
[2859] = CNOT 4 35
[2860] = CNOT 4 36
[2861] = S 4
[2862] = Z 4
[2863] = CNOT 4 36
[2864] = CNOT 4 37
[2865] = S 4
[2866] = Z 4
[2867] = CNOT 4 37
[2868] = CNOT 4 39
[2869] = S 4
[2870] = Z 4
[2871] = CNOT 4 39
[2872] = CNOT 4 5
[2873] = CNOT 4 7
[2874] = CNOT 4 8
[2875] = S 4
[2876] = CNOT 4 8
[2877] = CNOT 4 11
[2878] = S 4
[2879] = Z 4
[2880] = CNOT 4 11
[2881] = CNOT 4 12
[2882] = S 4
[2883] = Z 4
[2884] = CNOT 4 12
[2885] = CNOT 4 17
[2886] = S 4
[2887] = Z 4
[2888] = CNOT 4 17
[2889] = CNOT 4 18
[2890] = S 4
[2891] = Z 4
[2892] = CNOT 4 18
[2893] = CNOT 4 35
[2894] = S 4
[2895] = CNOT 4 35
[2896] = CNOT 4 36
[2897] = S 4
[2898] = CNOT 4 36
[2899] = CNOT 4 37
[2900] = S 4
[2901] = CNOT 4 37
[2902] = CNOT 4 38
[2903] = S 4
[2904] = CNOT 4 38
[2905] = CNOT 4 7
[2906] = CNOT 4 8
[2907] = CNOT 4 11
[2908] = Z 4
[2909] = CNOT 4 11
[2910] = CNOT 4 12
[2911] = Z 4
[2912] = CNOT 4 12
[2913] = CNOT 4 13
[2914] = S 4
[2915] = Z 4
[2916] = CNOT 4 13
[2917] = CNOT 4 14
[2918] = S 4
[2919] = Z 4
[2920] = CNOT 4 14
[2921] = CNOT 4 15
[2922] = S 4
[2923] = Z 4
[2924] = CNOT 4 15
[2925] = CNOT 4 17
[2926] = Z 4
[2927] = CNOT 4 17
[2928] = CNOT 4 18
[2929] = Z 4
[2930] = CNOT 4 18
[2931] = CNOT 4 19
[2932] = S 4
[2933] = Z 4
[2934] = CNOT 4 19
[2935] = CNOT 4 36
[2936] = S 4
[2937] = CNOT 4 36
[2938] = CNOT 4 37
[2939] = S 4
[2940] = CNOT 4 37
[2941] = CNOT 4 38
[2942] = S 4
[2943] = CNOT 4 38
[2944] = CNOT 4 39
[2945] = Z 4
[2946] = CNOT 4 39
[2947] = CNOT 4 8
[2948] = CNOT 4 9
[2949] = CNOT 4 36
[2950] = S 4
[2951] = Z 4
[2952] = CNOT 4 36
[2953] = CNOT 4 39
[2954] = S 4
[2955] = Z 4
[2956] = CNOT 4 39
[2957] = CNOT 4 9
[2958] = CNOT 4 10
[2959] = CNOT 4 35
[2960] = S 4
[2961] = Z 4
[2962] = CNOT 4 35
[2963] = CNOT 4 39
[2964] = S 4
[2965] = Z 4
[2966] = CNOT 4 39
[2967] = CNOT 4 10
[2968] = CNOT 4 11
[2969] = CNOT 4 17
[2970] = S 4
[2971] = Z 4
[2972] = CNOT 4 17
[2973] = CNOT 4 18
[2974] = S 4
[2975] = Z 4
[2976] = CNOT 4 18
[2977] = CNOT 4 35
[2978] = S 4
[2979] = CNOT 4 35
[2980] = CNOT 4 36
[2981] = S 4
[2982] = CNOT 4 36
[2983] = CNOT 4 37
[2984] = Z 4
[2985] = CNOT 4 37
[2986] = CNOT 4 38
[2987] = S 4
[2988] = CNOT 4 38
[2989] = CNOT 4 11
[2990] = CNOT 4 12
[2991] = CNOT 4 15
[2992] = S 4
[2993] = Z 4
[2994] = CNOT 4 15
[2995] = CNOT 4 18
[2996] = S 4
[2997] = Z 4
[2998] = CNOT 4 18
[2999] = CNOT 4 19
[3000] = S 4
[3001] = Z 4
[3002] = CNOT 4 19
[3003] = CNOT 4 35
[3004] = S 4
[3005] = CNOT 4 35
[3006] = CNOT 4 36
[3007] = Z 4
[3008] = CNOT 4 36
[3009] = CNOT 4 37
[3010] = Z 4
[3011] = CNOT 4 37
[3012] = CNOT 4 38
[3013] = S 4
[3014] = Z 4
[3015] = CNOT 4 38
[3016] = CNOT 4 39
[3017] = S 4
[3018] = Z 4
[3019] = CNOT 4 39
[3020] = CNOT 4 12
[3021] = CNOT 4 13
[3022] = CNOT 4 35
[3023] = S 4
[3024] = Z 4
[3025] = CNOT 4 35
[3026] = CNOT 4 36
[3027] = S 4
[3028] = Z 4
[3029] = CNOT 4 36
[3030] = CNOT 4 37
[3031] = S 4
[3032] = Z 4
[3033] = CNOT 4 37
[3034] = CNOT 4 38
[3035] = S 4
[3036] = Z 4
[3037] = CNOT 4 38
[3038] = CNOT 4 13
[3039] = CNOT 4 14
[3040] = CNOT 4 35
[3041] = S 4
[3042] = Z 4
[3043] = CNOT 4 35
[3044] = CNOT 4 36
[3045] = S 4
[3046] = Z 4
[3047] = CNOT 4 36
[3048] = CNOT 4 37
[3049] = S 4
[3050] = Z 4
[3051] = CNOT 4 37
[3052] = CNOT 4 38
[3053] = S 4
[3054] = Z 4
[3055] = CNOT 4 38
[3056] = CNOT 4 14
[3057] = CNOT 4 15
[3058] = CNOT 4 16
[3059] = S 4
[3060] = Z 4
[3061] = CNOT 4 16
[3062] = CNOT 4 19
[3063] = Z 4
[3064] = CNOT 4 19
[3065] = CNOT 4 35
[3066] = S 4
[3067] = CNOT 4 35
[3068] = CNOT 4 39
[3069] = S 4
[3070] = CNOT 4 39
[3071] = CNOT 4 15
[3072] = CNOT 4 16
[3073] = CNOT 4 35
[3074] = S 4
[3075] = Z 4
[3076] = CNOT 4 35
[3077] = CNOT 4 39
[3078] = S 4
[3079] = Z 4
[3080] = CNOT 4 39
[3081] = CNOT 4 16
[3082] = CNOT 4 17
[3083] = CNOT 4 35
[3084] = Z 4
[3085] = CNOT 4 35
[3086] = CNOT 4 36
[3087] = Z 4
[3088] = CNOT 4 36
[3089] = CNOT 4 37
[3090] = Z 4
[3091] = CNOT 4 37
[3092] = CNOT 4 38
[3093] = Z 4
[3094] = CNOT 4 38
[3095] = CNOT 4 17
[3096] = CNOT 4 18
[3097] = CNOT 4 36
[3098] = S 4
[3099] = CNOT 4 36
[3100] = CNOT 4 37
[3101] = S 4
[3102] = CNOT 4 37
[3103] = CNOT 4 38
[3104] = S 4
[3105] = CNOT 4 38
[3106] = CNOT 4 39
[3107] = S 4
[3108] = Z 4
[3109] = CNOT 4 39
[3110] = CNOT 4 18
[3111] = CNOT 4 19
[3112] = CNOT 4 35
[3113] = Z 4
[3114] = CNOT 4 35
[3115] = CNOT 4 39
[3116] = Z 4
[3117] = CNOT 4 39
[3118] = CNOT 4 19
[3119] = CNOT 4 35
[3120] = CNOT 4 36
[3121] = S 4
[3122] = CNOT 4 36
[3123] = CNOT 4 37
[3124] = S 4
[3125] = Z 4
[3126] = CNOT 4 37
[3127] = CNOT 4 38
[3128] = S 4
[3129] = Z 4
[3130] = CNOT 4 38
[3131] = CNOT 4 39
[3132] = Z 4
[3133] = CNOT 4 39
[3134] = CNOT 4 35
[3135] = CNOT 4 36
[3136] = CNOT 4 37
[3137] = S 4
[3138] = Z 4
[3139] = CNOT 4 37
[3140] = CNOT 4 38
[3141] = S 4
[3142] = Z 4
[3143] = CNOT 4 38
[3144] = CNOT 4 36
[3145] = CNOT 4 37
[3146] = CNOT 4 39
[3147] = S 4
[3148] = Z 4
[3149] = CNOT 4 37
[3150] = CNOT 4 38
[3151] = S 4
[3152] = Z 4
[3153] = CNOT 4 39
[3154] = CNOT 4 38
[3155] = CNOT 5 6
[3156] = CNOT 5 12
[3157] = Z 5
[3158] = CNOT 5 12
[3159] = CNOT 5 13
[3160] = S 5
[3161] = Z 5
[3162] = CNOT 5 13
[3163] = CNOT 5 15
[3164] = S 5
[3165] = Z 5
[3166] = CNOT 5 15
[3167] = CNOT 5 17
[3168] = S 5
[3169] = Z 5
[3170] = CNOT 5 17
[3171] = CNOT 5 18
[3172] = S 5
[3173] = Z 5
[3174] = CNOT 5 18
[3175] = CNOT 5 20
[3176] = S 5
[3177] = Z 5
[3178] = CNOT 5 20
[3179] = CNOT 5 6
[3180] = CNOT 5 7
[3181] = CNOT 5 10
[3182] = S 5
[3183] = Z 5
[3184] = CNOT 5 10
[3185] = CNOT 5 12
[3186] = S 5
[3187] = CNOT 5 12
[3188] = CNOT 5 13
[3189] = S 5
[3190] = Z 5
[3191] = CNOT 5 13
[3192] = CNOT 5 19
[3193] = S 5
[3194] = Z 5
[3195] = CNOT 5 19
[3196] = CNOT 5 35
[3197] = S 5
[3198] = CNOT 5 35
[3199] = CNOT 5 39
[3200] = Z 5
[3201] = CNOT 5 39
[3202] = CNOT 5 7
[3203] = CNOT 5 8
[3204] = CNOT 5 10
[3205] = S 5
[3206] = Z 5
[3207] = CNOT 5 10
[3208] = CNOT 5 12
[3209] = Z 5
[3210] = CNOT 5 12
[3211] = CNOT 5 13
[3212] = S 5
[3213] = Z 5
[3214] = CNOT 5 13
[3215] = CNOT 5 15
[3216] = S 5
[3217] = Z 5
[3218] = CNOT 5 15
[3219] = CNOT 5 17
[3220] = S 5
[3221] = Z 5
[3222] = CNOT 5 17
[3223] = CNOT 5 19
[3224] = S 5
[3225] = Z 5
[3226] = CNOT 5 19
[3227] = CNOT 5 20
[3228] = S 5
[3229] = Z 5
[3230] = CNOT 5 20
[3231] = CNOT 5 8
[3232] = CNOT 5 9
[3233] = CNOT 5 12
[3234] = S 5
[3235] = Z 5
[3236] = CNOT 5 12
[3237] = CNOT 5 35
[3238] = S 5
[3239] = Z 5
[3240] = CNOT 5 35
[3241] = CNOT 5 39
[3242] = S 5
[3243] = Z 5
[3244] = CNOT 5 39
[3245] = CNOT 5 9
[3246] = CNOT 5 10
[3247] = CNOT 5 12
[3248] = S 5
[3249] = CNOT 5 12
[3250] = CNOT 5 17
[3251] = S 5
[3252] = Z 5
[3253] = CNOT 5 17
[3254] = CNOT 5 36
[3255] = S 5
[3256] = Z 5
[3257] = CNOT 5 36
[3258] = CNOT 5 39
[3259] = Z 5
[3260] = CNOT 5 39
[3261] = CNOT 5 10
[3262] = CNOT 5 11
[3263] = CNOT 5 35
[3264] = S 5
[3265] = Z 5
[3266] = CNOT 5 35
[3267] = CNOT 5 36
[3268] = S 5
[3269] = Z 5
[3270] = CNOT 5 36
[3271] = CNOT 5 11
[3272] = CNOT 5 12
[3273] = CNOT 5 13
[3274] = S 5
[3275] = CNOT 5 13
[3276] = CNOT 5 14
[3277] = S 5
[3278] = Z 5
[3279] = CNOT 5 14
[3280] = CNOT 5 15
[3281] = S 5
[3282] = Z 5
[3283] = CNOT 5 15
[3284] = CNOT 5 17
[3285] = Z 5
[3286] = CNOT 5 17
[3287] = CNOT 5 18
[3288] = Z 5
[3289] = CNOT 5 18
[3290] = CNOT 5 19
[3291] = Z 5
[3292] = CNOT 5 19
[3293] = CNOT 5 36
[3294] = Z 5
[3295] = CNOT 5 36
[3296] = CNOT 5 37
[3297] = S 5
[3298] = Z 5
[3299] = CNOT 5 37
[3300] = CNOT 5 38
[3301] = S 5
[3302] = Z 5
[3303] = CNOT 5 38
[3304] = CNOT 5 39
[3305] = S 5
[3306] = Z 5
[3307] = CNOT 5 39
[3308] = CNOT 5 12
[3309] = CNOT 5 13
[3310] = CNOT 5 18
[3311] = S 5
[3312] = Z 5
[3313] = CNOT 5 18
[3314] = CNOT 5 19
[3315] = S 5
[3316] = Z 5
[3317] = CNOT 5 19
[3318] = CNOT 5 20
[3319] = S 5
[3320] = Z 5
[3321] = CNOT 5 20
[3322] = CNOT 5 35
[3323] = S 5
[3324] = Z 5
[3325] = CNOT 5 35
[3326] = CNOT 5 39
[3327] = S 5
[3328] = Z 5
[3329] = CNOT 5 39
[3330] = CNOT 5 13
[3331] = CNOT 5 14
[3332] = CNOT 5 35
[3333] = S 5
[3334] = Z 5
[3335] = CNOT 5 35
[3336] = CNOT 5 39
[3337] = S 5
[3338] = Z 5
[3339] = CNOT 5 39
[3340] = CNOT 5 14
[3341] = CNOT 5 15
[3342] = CNOT 5 19
[3343] = S 5
[3344] = Z 5
[3345] = CNOT 5 19
[3346] = CNOT 5 20
[3347] = S 5
[3348] = Z 5
[3349] = CNOT 5 20
[3350] = CNOT 5 36
[3351] = S 5
[3352] = Z 5
[3353] = CNOT 5 36
[3354] = CNOT 5 37
[3355] = S 5
[3356] = Z 5
[3357] = CNOT 5 37
[3358] = CNOT 5 38
[3359] = S 5
[3360] = Z 5
[3361] = CNOT 5 38
[3362] = CNOT 5 39
[3363] = S 5
[3364] = CNOT 5 39
[3365] = CNOT 5 15
[3366] = CNOT 5 16
[3367] = CNOT 5 35
[3368] = S 5
[3369] = Z 5
[3370] = CNOT 5 35
[3371] = CNOT 5 36
[3372] = S 5
[3373] = Z 5
[3374] = CNOT 5 36
[3375] = CNOT 5 39
[3376] = S 5
[3377] = Z 5
[3378] = CNOT 5 39
[3379] = CNOT 5 16
[3380] = CNOT 5 17
[3381] = CNOT 5 35
[3382] = S 5
[3383] = CNOT 5 35
[3384] = CNOT 5 39
[3385] = S 5
[3386] = CNOT 5 39
[3387] = CNOT 5 17
[3388] = CNOT 5 18
[3389] = CNOT 5 35
[3390] = Z 5
[3391] = CNOT 5 35
[3392] = CNOT 5 39
[3393] = Z 5
[3394] = CNOT 5 39
[3395] = CNOT 5 18
[3396] = CNOT 5 19
[3397] = CNOT 5 35
[3398] = S 5
[3399] = CNOT 5 35
[3400] = CNOT 5 39
[3401] = S 5
[3402] = CNOT 5 39
[3403] = CNOT 5 19
[3404] = CNOT 5 20
[3405] = CNOT 5 36
[3406] = S 5
[3407] = Z 5
[3408] = CNOT 5 20
[3409] = CNOT 5 35
[3410] = S 5
[3411] = CNOT 5 36
[3412] = CNOT 5 37
[3413] = S 5
[3414] = CNOT 5 37
[3415] = CNOT 5 38
[3416] = Z 5
[3417] = CNOT 5 38
[3418] = CNOT 5 39
[3419] = S 5
[3420] = Z 5
[3421] = CNOT 5 39
[3422] = CNOT 5 35
[3423] = CNOT 5 36
[3424] = CNOT 5 37
[3425] = S 5
[3426] = CNOT 5 37
[3427] = CNOT 5 38
[3428] = Z 5
[3429] = CNOT 5 38
[3430] = CNOT 5 39
[3431] = Z 5
[3432] = CNOT 5 39
[3433] = CNOT 5 36
[3434] = CNOT 5 37
[3435] = CNOT 5 38
[3436] = S 5
[3437] = Z 5
[3438] = CNOT 5 38
[3439] = CNOT 5 37
[3440] = CNOT 6 9
[3441] = CNOT 6 35
[3442] = S 6
[3443] = Z 6
[3444] = CNOT 6 35
[3445] = CNOT 6 36
[3446] = S 6
[3447] = Z 6
[3448] = CNOT 6 36
[3449] = CNOT 6 38
[3450] = S 6
[3451] = Z 6
[3452] = CNOT 6 38
[3453] = CNOT 6 39
[3454] = S 6
[3455] = Z 6
[3456] = CNOT 6 39
[3457] = CNOT 6 9
[3458] = CNOT 6 10
[3459] = CNOT 6 35
[3460] = S 6
[3461] = Z 6
[3462] = CNOT 6 35
[3463] = CNOT 6 36
[3464] = S 6
[3465] = Z 6
[3466] = CNOT 6 36
[3467] = CNOT 6 39
[3468] = S 6
[3469] = Z 6
[3470] = CNOT 6 39
[3471] = CNOT 6 10
[3472] = CNOT 6 11
[3473] = CNOT 6 35
[3474] = S 6
[3475] = Z 6
[3476] = CNOT 6 35
[3477] = CNOT 6 36
[3478] = S 6
[3479] = Z 6
[3480] = CNOT 6 36
[3481] = CNOT 6 11
[3482] = CNOT 6 12
[3483] = CNOT 6 13
[3484] = S 6
[3485] = Z 6
[3486] = CNOT 6 13
[3487] = CNOT 6 14
[3488] = S 6
[3489] = Z 6
[3490] = CNOT 6 14
[3491] = CNOT 6 18
[3492] = S 6
[3493] = Z 6
[3494] = CNOT 6 18
[3495] = CNOT 6 19
[3496] = S 6
[3497] = Z 6
[3498] = CNOT 6 19
[3499] = CNOT 6 12
[3500] = CNOT 6 13
[3501] = CNOT 6 35
[3502] = S 6
[3503] = Z 6
[3504] = CNOT 6 35
[3505] = CNOT 6 39
[3506] = S 6
[3507] = Z 6
[3508] = CNOT 6 39
[3509] = CNOT 6 13
[3510] = CNOT 6 14
[3511] = CNOT 6 35
[3512] = S 6
[3513] = Z 6
[3514] = CNOT 6 35
[3515] = CNOT 6 39
[3516] = S 6
[3517] = Z 6
[3518] = CNOT 6 39
[3519] = CNOT 6 14
[3520] = CNOT 6 15
[3521] = CNOT 6 35
[3522] = S 6
[3523] = Z 6
[3524] = CNOT 6 35
[3525] = CNOT 6 39
[3526] = S 6
[3527] = Z 6
[3528] = CNOT 6 39
[3529] = CNOT 6 15
[3530] = CNOT 6 16
[3531] = CNOT 6 35
[3532] = S 6
[3533] = Z 6
[3534] = CNOT 6 35
[3535] = CNOT 6 36
[3536] = S 6
[3537] = Z 6
[3538] = CNOT 6 36
[3539] = CNOT 6 37
[3540] = S 6
[3541] = Z 6
[3542] = CNOT 6 37
[3543] = CNOT 6 38
[3544] = S 6
[3545] = Z 6
[3546] = CNOT 6 38
[3547] = CNOT 6 39
[3548] = S 6
[3549] = Z 6
[3550] = CNOT 6 39
[3551] = CNOT 6 16
[3552] = CNOT 6 17
[3553] = CNOT 6 35
[3554] = S 6
[3555] = Z 6
[3556] = CNOT 6 35
[3557] = CNOT 6 39
[3558] = S 6
[3559] = Z 6
[3560] = CNOT 6 39
[3561] = CNOT 6 17
[3562] = CNOT 6 18
[3563] = CNOT 6 35
[3564] = S 6
[3565] = Z 6
[3566] = CNOT 6 35
[3567] = CNOT 6 39
[3568] = S 6
[3569] = Z 6
[3570] = CNOT 6 39
[3571] = CNOT 6 18
[3572] = CNOT 6 19
[3573] = CNOT 6 35
[3574] = S 6
[3575] = Z 6
[3576] = CNOT 6 35
[3577] = CNOT 6 39
[3578] = S 6
[3579] = Z 6
[3580] = CNOT 6 39
[3581] = CNOT 6 19
[3582] = CNOT 6 20
[3583] = CNOT 6 35
[3584] = S 6
[3585] = Z 6
[3586] = CNOT 6 35
[3587] = CNOT 6 39
[3588] = S 6
[3589] = Z 6
[3590] = CNOT 6 39
[3591] = CNOT 6 20
[3592] = CNOT 6 21
[3593] = CNOT 6 35
[3594] = S 6
[3595] = Z 6
[3596] = CNOT 6 35
[3597] = CNOT 6 36
[3598] = S 6
[3599] = Z 6
[3600] = CNOT 6 36
[3601] = CNOT 6 37
[3602] = S 6
[3603] = Z 6
[3604] = CNOT 6 37
[3605] = CNOT 6 38
[3606] = S 6
[3607] = Z 6
[3608] = CNOT 6 38
[3609] = CNOT 6 39
[3610] = S 6
[3611] = Z 6
[3612] = CNOT 6 39
[3613] = CNOT 6 21
[3614] = CNOT 6 35
[3615] = CNOT 6 37
[3616] = S 6
[3617] = CNOT 6 37
[3618] = CNOT 6 38
[3619] = S 6
[3620] = CNOT 6 38
[3621] = CNOT 6 39
[3622] = S 6
[3623] = CNOT 6 39
[3624] = CNOT 6 35
[3625] = CNOT 6 36
[3626] = CNOT 6 37
[3627] = S 6
[3628] = CNOT 6 37
[3629] = CNOT 6 38
[3630] = S 6
[3631] = CNOT 6 38
[3632] = CNOT 6 39
[3633] = S 6
[3634] = Z 6
[3635] = CNOT 6 39
[3636] = CNOT 6 36
[3637] = CNOT 6 37
[3638] = CNOT 6 38
[3639] = Z 6
[3640] = CNOT 6 38
[3641] = CNOT 6 39
[3642] = S 6
[3643] = CNOT 6 37
[3644] = CNOT 6 38
[3645] = S 6
[3646] = CNOT 6 39
[3647] = CNOT 6 38
[3648] = CNOT 7 8
[3649] = CNOT 7 9
[3650] = S 7
[3651] = Z 7
[3652] = CNOT 7 9
[3653] = CNOT 7 11
[3654] = S 7
[3655] = Z 7
[3656] = CNOT 7 11
[3657] = CNOT 7 12
[3658] = S 7
[3659] = Z 7
[3660] = CNOT 7 12
[3661] = CNOT 7 15
[3662] = S 7
[3663] = Z 7
[3664] = CNOT 7 15
[3665] = CNOT 7 17
[3666] = S 7
[3667] = Z 7
[3668] = CNOT 7 17
[3669] = CNOT 7 18
[3670] = S 7
[3671] = Z 7
[3672] = CNOT 7 18
[3673] = CNOT 7 21
[3674] = S 7
[3675] = Z 7
[3676] = CNOT 7 21
[3677] = CNOT 7 35
[3678] = Z 7
[3679] = CNOT 7 35
[3680] = CNOT 7 36
[3681] = Z 7
[3682] = CNOT 7 36
[3683] = CNOT 7 37
[3684] = Z 7
[3685] = CNOT 7 37
[3686] = CNOT 7 38
[3687] = S 7
[3688] = Z 7
[3689] = CNOT 7 38
[3690] = CNOT 7 39
[3691] = S 7
[3692] = CNOT 7 39
[3693] = CNOT 7 8
[3694] = CNOT 7 9
[3695] = CNOT 7 35
[3696] = S 7
[3697] = Z 7
[3698] = CNOT 7 35
[3699] = CNOT 7 36
[3700] = S 7
[3701] = Z 7
[3702] = CNOT 7 36
[3703] = CNOT 7 37
[3704] = S 7
[3705] = Z 7
[3706] = CNOT 7 37
[3707] = CNOT 7 39
[3708] = S 7
[3709] = Z 7
[3710] = CNOT 7 39
[3711] = CNOT 7 9
[3712] = CNOT 7 10
[3713] = CNOT 7 12
[3714] = S 7
[3715] = Z 7
[3716] = CNOT 7 12
[3717] = CNOT 7 35
[3718] = S 7
[3719] = Z 7
[3720] = CNOT 7 10
[3721] = CNOT 7 11
[3722] = S 7
[3723] = Z 7
[3724] = CNOT 7 35
[3725] = CNOT 7 36
[3726] = S 7
[3727] = Z 7
[3728] = CNOT 7 36
[3729] = CNOT 7 37
[3730] = S 7
[3731] = Z 7
[3732] = CNOT 7 37
[3733] = CNOT 7 38
[3734] = S 7
[3735] = Z 7
[3736] = CNOT 7 38
[3737] = CNOT 7 11
[3738] = CNOT 7 12
[3739] = CNOT 7 13
[3740] = S 7
[3741] = Z 7
[3742] = CNOT 7 13
[3743] = CNOT 7 19
[3744] = S 7
[3745] = Z 7
[3746] = CNOT 7 19
[3747] = CNOT 7 36
[3748] = S 7
[3749] = Z 7
[3750] = CNOT 7 36
[3751] = CNOT 7 37
[3752] = S 7
[3753] = Z 7
[3754] = CNOT 7 37
[3755] = CNOT 7 38
[3756] = S 7
[3757] = Z 7
[3758] = CNOT 7 38
[3759] = CNOT 7 39
[3760] = Z 7
[3761] = CNOT 7 39
[3762] = CNOT 7 12
[3763] = CNOT 7 13
[3764] = CNOT 7 35
[3765] = S 7
[3766] = Z 7
[3767] = CNOT 7 35
[3768] = CNOT 7 39
[3769] = S 7
[3770] = Z 7
[3771] = CNOT 7 39
[3772] = CNOT 7 13
[3773] = CNOT 7 14
[3774] = CNOT 7 35
[3775] = S 7
[3776] = Z 7
[3777] = CNOT 7 35
[3778] = CNOT 7 36
[3779] = S 7
[3780] = Z 7
[3781] = CNOT 7 36
[3782] = CNOT 7 39
[3783] = S 7
[3784] = Z 7
[3785] = CNOT 7 39
[3786] = CNOT 7 14
[3787] = CNOT 7 15
[3788] = CNOT 7 35
[3789] = S 7
[3790] = Z 7
[3791] = CNOT 7 35
[3792] = CNOT 7 36
[3793] = S 7
[3794] = Z 7
[3795] = CNOT 7 36
[3796] = CNOT 7 37
[3797] = S 7
[3798] = Z 7
[3799] = CNOT 7 37
[3800] = CNOT 7 38
[3801] = S 7
[3802] = Z 7
[3803] = CNOT 7 38
[3804] = CNOT 7 39
[3805] = S 7
[3806] = Z 7
[3807] = CNOT 7 39
[3808] = CNOT 7 15
[3809] = CNOT 7 16
[3810] = CNOT 7 35
[3811] = S 7
[3812] = Z 7
[3813] = CNOT 7 35
[3814] = CNOT 7 36
[3815] = S 7
[3816] = Z 7
[3817] = CNOT 7 36
[3818] = CNOT 7 39
[3819] = S 7
[3820] = Z 7
[3821] = CNOT 7 39
[3822] = CNOT 7 16
[3823] = CNOT 7 17
[3824] = CNOT 7 35
[3825] = S 7
[3826] = Z 7
[3827] = CNOT 7 35
[3828] = CNOT 7 36
[3829] = S 7
[3830] = Z 7
[3831] = CNOT 7 36
[3832] = CNOT 7 37
[3833] = S 7
[3834] = Z 7
[3835] = CNOT 7 37
[3836] = CNOT 7 38
[3837] = S 7
[3838] = Z 7
[3839] = CNOT 7 38
[3840] = CNOT 7 17
[3841] = CNOT 7 18
[3842] = CNOT 7 35
[3843] = S 7
[3844] = Z 7
[3845] = CNOT 7 35
[3846] = CNOT 7 36
[3847] = S 7
[3848] = Z 7
[3849] = CNOT 7 36
[3850] = CNOT 7 37
[3851] = S 7
[3852] = Z 7
[3853] = CNOT 7 37
[3854] = CNOT 7 38
[3855] = S 7
[3856] = Z 7
[3857] = CNOT 7 38
[3858] = CNOT 7 18
[3859] = CNOT 7 19
[3860] = CNOT 7 35
[3861] = S 7
[3862] = Z 7
[3863] = CNOT 7 35
[3864] = CNOT 7 39
[3865] = S 7
[3866] = Z 7
[3867] = CNOT 7 39
[3868] = CNOT 7 19
[3869] = CNOT 7 20
[3870] = CNOT 7 35
[3871] = S 7
[3872] = Z 7
[3873] = CNOT 7 35
[3874] = CNOT 7 36
[3875] = S 7
[3876] = Z 7
[3877] = CNOT 7 36
[3878] = CNOT 7 39
[3879] = S 7
[3880] = Z 7
[3881] = CNOT 7 39
[3882] = CNOT 7 20
[3883] = CNOT 7 21
[3884] = CNOT 7 35
[3885] = S 7
[3886] = Z 7
[3887] = CNOT 7 35
[3888] = CNOT 7 36
[3889] = S 7
[3890] = Z 7
[3891] = CNOT 7 36
[3892] = CNOT 7 37
[3893] = S 7
[3894] = Z 7
[3895] = CNOT 7 37
[3896] = CNOT 7 38
[3897] = S 7
[3898] = Z 7
[3899] = CNOT 7 38
[3900] = CNOT 7 39
[3901] = S 7
[3902] = Z 7
[3903] = CNOT 7 39
[3904] = CNOT 7 21
[3905] = CNOT 7 22
[3906] = CNOT 7 35
[3907] = S 7
[3908] = Z 7
[3909] = CNOT 7 35
[3910] = CNOT 7 36
[3911] = S 7
[3912] = Z 7
[3913] = CNOT 7 36
[3914] = CNOT 7 39
[3915] = S 7
[3916] = Z 7
[3917] = CNOT 7 39
[3918] = CNOT 7 22
[3919] = CNOT 7 35
[3920] = CNOT 7 36
[3921] = S 7
[3922] = Z 7
[3923] = CNOT 7 36
[3924] = CNOT 7 37
[3925] = Z 7
[3926] = CNOT 7 37
[3927] = CNOT 7 38
[3928] = S 7
[3929] = Z 7
[3930] = CNOT 7 38
[3931] = CNOT 7 35
[3932] = CNOT 7 36
[3933] = CNOT 7 37
[3934] = Z 7
[3935] = CNOT 7 37
[3936] = CNOT 7 38
[3937] = S 7
[3938] = Z 7
[3939] = CNOT 7 38
[3940] = CNOT 7 39
[3941] = Z 7
[3942] = CNOT 7 39
[3943] = CNOT 7 36
[3944] = CNOT 7 37
[3945] = CNOT 7 38
[3946] = S 7
[3947] = Z 7
[3948] = CNOT 7 38
[3949] = CNOT 7 39
[3950] = S 7
[3951] = CNOT 7 37
[3952] = CNOT 7 38
[3953] = Z 7
[3954] = CNOT 7 39
[3955] = CNOT 7 38
[3956] = CNOT 8 9
[3957] = CNOT 8 32
[3958] = S 8
[3959] = Z 8
[3960] = CNOT 8 32
[3961] = CNOT 8 35
[3962] = S 8
[3963] = CNOT 8 35
[3964] = CNOT 8 36
[3965] = S 8
[3966] = CNOT 8 36
[3967] = CNOT 8 37
[3968] = S 8
[3969] = CNOT 8 37
[3970] = CNOT 8 38
[3971] = Z 8
[3972] = CNOT 8 38
[3973] = CNOT 8 39
[3974] = S 8
[3975] = Z 8
[3976] = CNOT 8 39
[3977] = CNOT 8 9
[3978] = CNOT 8 10
[3979] = CNOT 8 12
[3980] = S 8
[3981] = Z 8
[3982] = CNOT 8 12
[3983] = CNOT 8 35
[3984] = S 8
[3985] = Z 8
[3986] = CNOT 8 35
[3987] = CNOT 8 39
[3988] = S 8
[3989] = Z 8
[3990] = CNOT 8 39
[3991] = CNOT 8 10
[3992] = CNOT 8 11
[3993] = CNOT 8 17
[3994] = S 8
[3995] = Z 8
[3996] = CNOT 8 17
[3997] = CNOT 8 35
[3998] = Z 8
[3999] = CNOT 8 35
[4000] = CNOT 8 36
[4001] = Z 8
[4002] = CNOT 8 36
[4003] = CNOT 8 37
[4004] = Z 8
[4005] = CNOT 8 37
[4006] = CNOT 8 38
[4007] = Z 8
[4008] = CNOT 8 38
[4009] = CNOT 8 11
[4010] = CNOT 8 12
[4011] = CNOT 8 15
[4012] = S 8
[4013] = Z 8
[4014] = CNOT 8 15
[4015] = CNOT 8 17
[4016] = S 8
[4017] = Z 8
[4018] = CNOT 8 17
[4019] = CNOT 8 18
[4020] = S 8
[4021] = Z 8
[4022] = CNOT 8 18
[4023] = CNOT 8 36
[4024] = Z 8
[4025] = CNOT 8 36
[4026] = CNOT 8 37
[4027] = Z 8
[4028] = CNOT 8 37
[4029] = CNOT 8 38
[4030] = Z 8
[4031] = CNOT 8 38
[4032] = CNOT 8 39
[4033] = Z 8
[4034] = CNOT 8 39
[4035] = CNOT 8 12
[4036] = CNOT 8 13
[4037] = CNOT 8 36
[4038] = S 8
[4039] = CNOT 8 36
[4040] = CNOT 8 37
[4041] = S 8
[4042] = CNOT 8 37
[4043] = CNOT 8 38
[4044] = Z 8
[4045] = CNOT 8 38
[4046] = CNOT 8 39
[4047] = S 8
[4048] = CNOT 8 39
[4049] = CNOT 8 13
[4050] = CNOT 8 14
[4051] = CNOT 8 17
[4052] = S 8
[4053] = Z 8
[4054] = CNOT 8 17
[4055] = CNOT 8 35
[4056] = S 8
[4057] = CNOT 8 35
[4058] = CNOT 8 36
[4059] = S 8
[4060] = CNOT 8 36
[4061] = CNOT 8 37
[4062] = S 8
[4063] = CNOT 8 37
[4064] = CNOT 8 38
[4065] = S 8
[4066] = CNOT 8 38
[4067] = CNOT 8 39
[4068] = S 8
[4069] = Z 8
[4070] = CNOT 8 39
[4071] = CNOT 8 14
[4072] = CNOT 8 15
[4073] = CNOT 8 19
[4074] = S 8
[4075] = Z 8
[4076] = CNOT 8 19
[4077] = CNOT 8 21
[4078] = S 8
[4079] = Z 8
[4080] = CNOT 8 21
[4081] = CNOT 8 35
[4082] = S 8
[4083] = Z 8
[4084] = CNOT 8 35
[4085] = CNOT 8 37
[4086] = S 8
[4087] = CNOT 8 37
[4088] = CNOT 8 38
[4089] = S 8
[4090] = CNOT 8 38
[4091] = CNOT 8 15
[4092] = CNOT 8 16
[4093] = CNOT 8 17
[4094] = S 8
[4095] = Z 8
[4096] = CNOT 8 17
[4097] = CNOT 8 35
[4098] = S 8
[4099] = CNOT 8 35
[4100] = CNOT 8 36
[4101] = S 8
[4102] = CNOT 8 36
[4103] = CNOT 8 37
[4104] = S 8
[4105] = CNOT 8 37
[4106] = CNOT 8 38
[4107] = S 8
[4108] = CNOT 8 38
[4109] = CNOT 8 39
[4110] = S 8
[4111] = Z 8
[4112] = CNOT 8 39
[4113] = CNOT 8 16
[4114] = CNOT 8 17
[4115] = CNOT 8 35
[4116] = S 8
[4117] = Z 8
[4118] = CNOT 8 35
[4119] = CNOT 8 39
[4120] = S 8
[4121] = Z 8
[4122] = CNOT 8 39
[4123] = CNOT 8 17
[4124] = CNOT 8 18
[4125] = CNOT 8 35
[4126] = Z 8
[4127] = CNOT 8 35
[4128] = CNOT 8 36
[4129] = Z 8
[4130] = CNOT 8 36
[4131] = CNOT 8 37
[4132] = Z 8
[4133] = CNOT 8 37
[4134] = CNOT 8 38
[4135] = Z 8
[4136] = CNOT 8 38
[4137] = CNOT 8 18
[4138] = CNOT 8 19
[4139] = CNOT 8 35
[4140] = S 8
[4141] = Z 8
[4142] = CNOT 8 35
[4143] = CNOT 8 39
[4144] = S 8
[4145] = Z 8
[4146] = CNOT 8 39
[4147] = CNOT 8 19
[4148] = CNOT 8 20
[4149] = CNOT 8 35
[4150] = S 8
[4151] = Z 8
[4152] = CNOT 8 35
[4153] = CNOT 8 39
[4154] = S 8
[4155] = Z 8
[4156] = CNOT 8 39
[4157] = CNOT 8 20
[4158] = CNOT 8 21
[4159] = CNOT 8 35
[4160] = Z 8
[4161] = CNOT 8 35
[4162] = CNOT 8 36
[4163] = Z 8
[4164] = CNOT 8 36
[4165] = CNOT 8 37
[4166] = Z 8
[4167] = CNOT 8 37
[4168] = CNOT 8 38
[4169] = Z 8
[4170] = CNOT 8 38
[4171] = CNOT 8 39
[4172] = Z 8
[4173] = CNOT 8 39
[4174] = CNOT 8 21
[4175] = CNOT 8 22
[4176] = CNOT 8 35
[4177] = S 8
[4178] = Z 8
[4179] = CNOT 8 35
[4180] = CNOT 8 36
[4181] = S 8
[4182] = Z 8
[4183] = CNOT 8 36
[4184] = CNOT 8 39
[4185] = S 8
[4186] = Z 8
[4187] = CNOT 8 39
[4188] = CNOT 8 22
[4189] = CNOT 8 23
[4190] = CNOT 8 35
[4191] = S 8
[4192] = Z 8
[4193] = CNOT 8 35
[4194] = CNOT 8 36
[4195] = S 8
[4196] = Z 8
[4197] = CNOT 8 36
[4198] = CNOT 8 37
[4199] = S 8
[4200] = Z 8
[4201] = CNOT 8 37
[4202] = CNOT 8 38
[4203] = S 8
[4204] = Z 8
[4205] = CNOT 8 38
[4206] = CNOT 8 39
[4207] = S 8
[4208] = Z 8
[4209] = CNOT 8 39
[4210] = CNOT 8 23
[4211] = CNOT 8 32
[4212] = CNOT 8 35
[4213] = Z 8
[4214] = CNOT 8 35
[4215] = CNOT 8 36
[4216] = Z 8
[4217] = CNOT 8 36
[4218] = CNOT 8 37
[4219] = Z 8
[4220] = CNOT 8 37
[4221] = CNOT 8 38
[4222] = Z 8
[4223] = CNOT 8 38
[4224] = CNOT 8 32
[4225] = CNOT 8 35
[4226] = CNOT 8 36
[4227] = Z 8
[4228] = CNOT 8 36
[4229] = CNOT 8 38
[4230] = S 8
[4231] = Z 8
[4232] = CNOT 8 35
[4233] = CNOT 8 36
[4234] = S 8
[4235] = Z 8
[4236] = CNOT 8 36
[4237] = CNOT 8 37
[4238] = S 8
[4239] = Z 8
[4240] = CNOT 8 38
[4241] = CNOT 8 39
[4242] = Z 8
[4243] = CNOT 8 37
[4244] = CNOT 8 38
[4245] = S 8
[4246] = CNOT 8 39
[4247] = CNOT 8 38
[4248] = CNOT 9 12
[4249] = CNOT 9 35
[4250] = Z 9
[4251] = CNOT 9 35
[4252] = CNOT 9 36
[4253] = S 9
[4254] = Z 9
[4255] = CNOT 9 36
[4256] = CNOT 9 39
[4257] = Z 9
[4258] = CNOT 9 39
[4259] = CNOT 9 12
[4260] = CNOT 9 32
[4261] = CNOT 9 35
[4262] = S 9
[4263] = Z 9
[4264] = CNOT 9 35
[4265] = CNOT 9 36
[4266] = S 9
[4267] = Z 9
[4268] = CNOT 9 36
[4269] = CNOT 9 37
[4270] = S 9
[4271] = Z 9
[4272] = CNOT 9 37
[4273] = CNOT 9 38
[4274] = S 9
[4275] = Z 9
[4276] = CNOT 9 38
[4277] = CNOT 9 32
[4278] = CNOT 9 33
[4279] = CNOT 9 35
[4280] = S 9
[4281] = Z 9
[4282] = CNOT 9 35
[4283] = CNOT 9 36
[4284] = S 9
[4285] = Z 9
[4286] = CNOT 9 36
[4287] = CNOT 9 33
[4288] = CNOT 9 34
[4289] = CNOT 9 35
[4290] = S 9
[4291] = Z 9
[4292] = CNOT 9 35
[4293] = CNOT 9 36
[4294] = S 9
[4295] = Z 9
[4296] = CNOT 9 36
[4297] = CNOT 9 39
[4298] = S 9
[4299] = Z 9
[4300] = CNOT 9 39
[4301] = CNOT 9 34
[4302] = CNOT 9 35
[4303] = CNOT 9 36
[4304] = S 9
[4305] = Z 9
[4306] = CNOT 9 36
[4307] = CNOT 9 39
[4308] = S 9
[4309] = CNOT 9 39
[4310] = CNOT 9 35
[4311] = CNOT 9 37
[4312] = CNOT 9 38
[4313] = S 9
[4314] = CNOT 9 38
[4315] = CNOT 9 39
[4316] = Z 9
[4317] = CNOT 9 37
[4318] = CNOT 9 38
[4319] = Z 9
[4320] = CNOT 9 39
[4321] = CNOT 9 38
[4322] = CNOT 10 12
[4323] = CNOT 10 17
[4324] = S 10
[4325] = Z 10
[4326] = CNOT 10 17
[4327] = CNOT 10 35
[4328] = S 10
[4329] = CNOT 10 35
[4330] = CNOT 10 39
[4331] = Z 10
[4332] = CNOT 10 39
[4333] = CNOT 10 12
[4334] = CNOT 10 17
[4335] = CNOT 10 35
[4336] = S 10
[4337] = Z 10
[4338] = CNOT 10 35
[4339] = CNOT 10 39
[4340] = S 10
[4341] = Z 10
[4342] = CNOT 10 39
[4343] = CNOT 10 17
[4344] = CNOT 10 33
[4345] = CNOT 10 35
[4346] = S 10
[4347] = Z 10
[4348] = CNOT 10 35
[4349] = CNOT 10 36
[4350] = S 10
[4351] = Z 10
[4352] = CNOT 10 36
[4353] = CNOT 10 33
[4354] = CNOT 10 34
[4355] = CNOT 10 35
[4356] = S 10
[4357] = Z 10
[4358] = CNOT 10 35
[4359] = CNOT 10 36
[4360] = S 10
[4361] = Z 10
[4362] = CNOT 10 36
[4363] = CNOT 10 39
[4364] = S 10
[4365] = Z 10
[4366] = CNOT 10 39
[4367] = CNOT 10 34
[4368] = CNOT 10 35
[4369] = CNOT 10 36
[4370] = Z 10
[4371] = CNOT 10 36
[4372] = CNOT 10 37
[4373] = S 10
[4374] = Z 10
[4375] = CNOT 10 37
[4376] = CNOT 10 38
[4377] = S 10
[4378] = Z 10
[4379] = CNOT 10 38
[4380] = CNOT 10 39
[4381] = Z 10
[4382] = CNOT 10 39
[4383] = CNOT 10 35
[4384] = CNOT 10 36
[4385] = CNOT 10 37
[4386] = S 10
[4387] = Z 10
[4388] = CNOT 10 37
[4389] = CNOT 10 38
[4390] = S 10
[4391] = Z 10
[4392] = CNOT 10 38
[4393] = CNOT 10 39
[4394] = S 10
[4395] = CNOT 10 36
[4396] = CNOT 10 38
[4397] = S 10
[4398] = Z 10
[4399] = CNOT 10 39
[4400] = CNOT 10 38
[4401] = CNOT 11 17
[4402] = CNOT 11 35
[4403] = S 11
[4404] = Z 11
[4405] = CNOT 11 35
[4406] = CNOT 11 36
[4407] = S 11
[4408] = Z 11
[4409] = CNOT 11 36
[4410] = CNOT 11 37
[4411] = S 11
[4412] = Z 11
[4413] = CNOT 11 37
[4414] = CNOT 11 38
[4415] = S 11
[4416] = Z 11
[4417] = CNOT 11 38
[4418] = CNOT 11 17
[4419] = CNOT 11 18
[4420] = CNOT 11 35
[4421] = S 11
[4422] = Z 11
[4423] = CNOT 11 35
[4424] = CNOT 11 36
[4425] = S 11
[4426] = Z 11
[4427] = CNOT 11 36
[4428] = CNOT 11 37
[4429] = S 11
[4430] = Z 11
[4431] = CNOT 11 37
[4432] = CNOT 11 38
[4433] = S 11
[4434] = Z 11
[4435] = CNOT 11 38
[4436] = CNOT 11 18
[4437] = CNOT 11 34
[4438] = CNOT 11 35
[4439] = S 11
[4440] = Z 11
[4441] = CNOT 11 35
[4442] = CNOT 11 36
[4443] = S 11
[4444] = Z 11
[4445] = CNOT 11 36
[4446] = CNOT 11 39
[4447] = S 11
[4448] = Z 11
[4449] = CNOT 11 34
[4450] = CNOT 11 35
[4451] = Z 11
[4452] = CNOT 11 39
[4453] = CNOT 11 35
[4454] = CNOT 11 37
[4455] = CNOT 11 38
[4456] = S 11
[4457] = CNOT 11 38
[4458] = CNOT 11 37
[4459] = CNOT 12 13
[4460] = CNOT 12 18
[4461] = S 12
[4462] = Z 12
[4463] = CNOT 12 18
[4464] = CNOT 12 19
[4465] = S 12
[4466] = Z 12
[4467] = CNOT 12 19
[4468] = CNOT 12 35
[4469] = S 12
[4470] = CNOT 12 35
[4471] = CNOT 12 39
[4472] = S 12
[4473] = CNOT 12 39
[4474] = CNOT 12 13
[4475] = CNOT 12 14
[4476] = CNOT 12 18
[4477] = S 12
[4478] = Z 12
[4479] = CNOT 12 18
[4480] = CNOT 12 19
[4481] = S 12
[4482] = Z 12
[4483] = CNOT 12 19
[4484] = CNOT 12 35
[4485] = S 12
[4486] = CNOT 12 35
[4487] = CNOT 12 39
[4488] = S 12
[4489] = CNOT 12 39
[4490] = CNOT 12 14
[4491] = CNOT 12 15
[4492] = CNOT 12 19
[4493] = S 12
[4494] = Z 12
[4495] = CNOT 12 19
[4496] = CNOT 12 35
[4497] = Z 12
[4498] = CNOT 12 35
[4499] = CNOT 12 36
[4500] = S 12
[4501] = Z 12
[4502] = CNOT 12 36
[4503] = CNOT 12 37
[4504] = S 12
[4505] = Z 12
[4506] = CNOT 12 37
[4507] = CNOT 12 38
[4508] = S 12
[4509] = Z 12
[4510] = CNOT 12 38
[4511] = CNOT 12 39
[4512] = S 12
[4513] = Z 12
[4514] = CNOT 12 39
[4515] = CNOT 12 15
[4516] = CNOT 12 17
[4517] = CNOT 12 35
[4518] = Z 12
[4519] = CNOT 12 35
[4520] = CNOT 12 39
[4521] = Z 12
[4522] = CNOT 12 39
[4523] = CNOT 12 17
[4524] = CNOT 12 18
[4525] = CNOT 12 36
[4526] = S 12
[4527] = Z 12
[4528] = CNOT 12 36
[4529] = CNOT 12 37
[4530] = S 12
[4531] = Z 12
[4532] = CNOT 12 37
[4533] = CNOT 12 38
[4534] = S 12
[4535] = Z 12
[4536] = CNOT 12 38
[4537] = CNOT 12 39
[4538] = S 12
[4539] = CNOT 12 39
[4540] = CNOT 12 18
[4541] = CNOT 12 35
[4542] = CNOT 12 36
[4543] = S 12
[4544] = CNOT 12 36
[4545] = CNOT 12 39
[4546] = S 12
[4547] = Z 12
[4548] = CNOT 12 35
[4549] = CNOT 12 36
[4550] = S 12
[4551] = CNOT 12 39
[4552] = CNOT 12 36
[4553] = CNOT 12 37
[4554] = CNOT 12 38
[4555] = S 12
[4556] = CNOT 12 38
[4557] = CNOT 12 39
[4558] = S 12
[4559] = Z 12
[4560] = CNOT 12 37
[4561] = CNOT 12 38
[4562] = S 12
[4563] = Z 12
[4564] = CNOT 12 39
[4565] = CNOT 12 38
[4566] = CNOT 13 17
[4567] = CNOT 13 35
[4568] = S 13
[4569] = Z 13
[4570] = CNOT 13 35
[4571] = CNOT 13 39
[4572] = S 13
[4573] = Z 13
[4574] = CNOT 13 39
[4575] = CNOT 13 17
[4576] = CNOT 13 18
[4577] = CNOT 13 35
[4578] = S 13
[4579] = Z 13
[4580] = CNOT 13 35
[4581] = CNOT 13 39
[4582] = S 13
[4583] = Z 13
[4584] = CNOT 13 39
[4585] = CNOT 13 18
[4586] = CNOT 13 19
[4587] = CNOT 13 35
[4588] = S 13
[4589] = Z 13
[4590] = CNOT 13 35
[4591] = CNOT 13 39
[4592] = S 13
[4593] = Z 13
[4594] = CNOT 13 39
[4595] = CNOT 13 19
[4596] = CNOT 13 20
[4597] = CNOT 13 35
[4598] = S 13
[4599] = Z 13
[4600] = CNOT 13 35
[4601] = CNOT 13 39
[4602] = S 13
[4603] = Z 13
[4604] = CNOT 13 39
[4605] = CNOT 13 20
[4606] = CNOT 13 35
[4607] = CNOT 13 36
[4608] = S 13
[4609] = Z 13
[4610] = CNOT 13 36
[4611] = CNOT 13 38
[4612] = Z 13
[4613] = CNOT 13 38
[4614] = CNOT 13 39
[4615] = Z 13
[4616] = CNOT 13 39
[4617] = CNOT 13 35
[4618] = CNOT 13 36
[4619] = CNOT 13 38
[4620] = Z 13
[4621] = CNOT 13 36
[4622] = CNOT 13 37
[4623] = Z 13
[4624] = CNOT 13 38
[4625] = CNOT 13 39
[4626] = S 13
[4627] = CNOT 13 37
[4628] = CNOT 13 38
[4629] = S 13
[4630] = Z 13
[4631] = CNOT 13 39
[4632] = CNOT 13 38
[4633] = CNOT 14 17
[4634] = CNOT 14 35
[4635] = S 14
[4636] = Z 14
[4637] = CNOT 14 35
[4638] = CNOT 14 36
[4639] = S 14
[4640] = Z 14
[4641] = CNOT 14 36
[4642] = CNOT 14 37
[4643] = S 14
[4644] = Z 14
[4645] = CNOT 14 37
[4646] = CNOT 14 38
[4647] = S 14
[4648] = Z 14
[4649] = CNOT 14 38
[4650] = CNOT 14 17
[4651] = CNOT 14 18
[4652] = CNOT 14 35
[4653] = S 14
[4654] = Z 14
[4655] = CNOT 14 35
[4656] = CNOT 14 39
[4657] = S 14
[4658] = Z 14
[4659] = CNOT 14 39
[4660] = CNOT 14 18
[4661] = CNOT 14 19
[4662] = CNOT 14 35
[4663] = S 14
[4664] = Z 14
[4665] = CNOT 14 35
[4666] = CNOT 14 39
[4667] = S 14
[4668] = Z 14
[4669] = CNOT 14 39
[4670] = CNOT 14 19
[4671] = CNOT 14 20
[4672] = CNOT 14 35
[4673] = S 14
[4674] = Z 14
[4675] = CNOT 14 35
[4676] = CNOT 14 36
[4677] = S 14
[4678] = Z 14
[4679] = CNOT 14 36
[4680] = CNOT 14 39
[4681] = S 14
[4682] = Z 14
[4683] = CNOT 14 39
[4684] = CNOT 14 20
[4685] = CNOT 14 21
[4686] = CNOT 14 35
[4687] = S 14
[4688] = Z 14
[4689] = CNOT 14 35
[4690] = CNOT 14 36
[4691] = S 14
[4692] = Z 14
[4693] = CNOT 14 36
[4694] = CNOT 14 37
[4695] = S 14
[4696] = Z 14
[4697] = CNOT 14 37
[4698] = CNOT 14 38
[4699] = S 14
[4700] = Z 14
[4701] = CNOT 14 38
[4702] = CNOT 14 39
[4703] = S 14
[4704] = Z 14
[4705] = CNOT 14 39
[4706] = CNOT 14 21
[4707] = CNOT 14 35
[4708] = CNOT 14 36
[4709] = S 14
[4710] = CNOT 14 36
[4711] = CNOT 14 37
[4712] = S 14
[4713] = Z 14
[4714] = CNOT 14 35
[4715] = CNOT 14 36
[4716] = S 14
[4717] = Z 14
[4718] = CNOT 14 37
[4719] = CNOT 14 39
[4720] = S 14
[4721] = Z 14
[4722] = CNOT 14 36
[4723] = CNOT 14 37
[4724] = S 14
[4725] = CNOT 14 37
[4726] = CNOT 14 38
[4727] = Z 14
[4728] = CNOT 14 39
[4729] = CNOT 14 38
[4730] = CNOT 15 16
[4731] = CNOT 15 18
[4732] = S 15
[4733] = Z 15
[4734] = CNOT 15 18
[4735] = CNOT 15 19
[4736] = S 15
[4737] = Z 15
[4738] = CNOT 15 19
[4739] = CNOT 15 35
[4740] = S 15
[4741] = CNOT 15 35
[4742] = CNOT 15 39
[4743] = S 15
[4744] = CNOT 15 39
[4745] = CNOT 15 16
[4746] = CNOT 15 17
[4747] = CNOT 15 35
[4748] = S 15
[4749] = Z 15
[4750] = CNOT 15 35
[4751] = CNOT 15 39
[4752] = S 15
[4753] = Z 15
[4754] = CNOT 15 39
[4755] = CNOT 15 17
[4756] = CNOT 15 18
[4757] = CNOT 15 35
[4758] = Z 15
[4759] = CNOT 15 35
[4760] = CNOT 15 39
[4761] = Z 15
[4762] = CNOT 15 39
[4763] = CNOT 15 18
[4764] = CNOT 15 19
[4765] = CNOT 15 35
[4766] = S 15
[4767] = CNOT 15 35
[4768] = CNOT 15 39
[4769] = S 15
[4770] = CNOT 15 39
[4771] = CNOT 15 19
[4772] = CNOT 15 20
[4773] = CNOT 15 35
[4774] = S 15
[4775] = Z 15
[4776] = CNOT 15 35
[4777] = CNOT 15 39
[4778] = S 15
[4779] = Z 15
[4780] = CNOT 15 39
[4781] = CNOT 15 20
[4782] = CNOT 15 21
[4783] = CNOT 15 35
[4784] = S 15
[4785] = Z 15
[4786] = CNOT 15 35
[4787] = CNOT 15 36
[4788] = S 15
[4789] = Z 15
[4790] = CNOT 15 36
[4791] = CNOT 15 37
[4792] = S 15
[4793] = Z 15
[4794] = CNOT 15 37
[4795] = CNOT 15 38
[4796] = S 15
[4797] = Z 15
[4798] = CNOT 15 38
[4799] = CNOT 15 39
[4800] = S 15
[4801] = Z 15
[4802] = CNOT 15 39
[4803] = CNOT 15 21
[4804] = CNOT 15 22
[4805] = CNOT 15 35
[4806] = S 15
[4807] = Z 15
[4808] = CNOT 15 35
[4809] = CNOT 15 36
[4810] = S 15
[4811] = Z 15
[4812] = CNOT 15 36
[4813] = CNOT 15 39
[4814] = S 15
[4815] = Z 15
[4816] = CNOT 15 39
[4817] = CNOT 15 22
[4818] = CNOT 15 35
[4819] = CNOT 15 37
[4820] = S 15
[4821] = Z 15
[4822] = CNOT 15 37
[4823] = CNOT 15 38
[4824] = S 15
[4825] = Z 15
[4826] = CNOT 15 38
[4827] = CNOT 15 35
[4828] = CNOT 15 36
[4829] = CNOT 15 37
[4830] = S 15
[4831] = Z 15
[4832] = CNOT 15 37
[4833] = CNOT 15 38
[4834] = S 15
[4835] = Z 15
[4836] = CNOT 15 38
[4837] = CNOT 15 39
[4838] = Z 15
[4839] = CNOT 15 36
[4840] = CNOT 15 37
[4841] = S 15
[4842] = CNOT 15 37
[4843] = CNOT 15 38
[4844] = S 15
[4845] = CNOT 15 39
[4846] = CNOT 15 38
[4847] = CNOT 16 17
[4848] = CNOT 16 35
[4849] = S 16
[4850] = Z 16
[4851] = CNOT 16 35
[4852] = CNOT 16 36
[4853] = S 16
[4854] = Z 16
[4855] = CNOT 16 36
[4856] = CNOT 16 37
[4857] = S 16
[4858] = Z 16
[4859] = CNOT 16 37
[4860] = CNOT 16 38
[4861] = S 16
[4862] = Z 16
[4863] = CNOT 16 38
[4864] = CNOT 16 17
[4865] = CNOT 16 18
[4866] = CNOT 16 35
[4867] = S 16
[4868] = Z 16
[4869] = CNOT 16 35
[4870] = CNOT 16 39
[4871] = S 16
[4872] = Z 16
[4873] = CNOT 16 39
[4874] = CNOT 16 18
[4875] = CNOT 16 19
[4876] = CNOT 16 35
[4877] = S 16
[4878] = Z 16
[4879] = CNOT 16 35
[4880] = CNOT 16 39
[4881] = S 16
[4882] = Z 16
[4883] = CNOT 16 39
[4884] = CNOT 16 19
[4885] = CNOT 16 20
[4886] = CNOT 16 35
[4887] = S 16
[4888] = Z 16
[4889] = CNOT 16 35
[4890] = CNOT 16 36
[4891] = S 16
[4892] = Z 16
[4893] = CNOT 16 36
[4894] = CNOT 16 39
[4895] = S 16
[4896] = Z 16
[4897] = CNOT 16 39
[4898] = CNOT 16 20
[4899] = CNOT 16 21
[4900] = CNOT 16 35
[4901] = S 16
[4902] = Z 16
[4903] = CNOT 16 35
[4904] = CNOT 16 36
[4905] = S 16
[4906] = Z 16
[4907] = CNOT 16 36
[4908] = CNOT 16 37
[4909] = S 16
[4910] = Z 16
[4911] = CNOT 16 37
[4912] = CNOT 16 38
[4913] = S 16
[4914] = Z 16
[4915] = CNOT 16 38
[4916] = CNOT 16 39
[4917] = S 16
[4918] = Z 16
[4919] = CNOT 16 39
[4920] = CNOT 16 21
[4921] = CNOT 16 22
[4922] = CNOT 16 35
[4923] = S 16
[4924] = Z 16
[4925] = CNOT 16 35
[4926] = CNOT 16 36
[4927] = S 16
[4928] = Z 16
[4929] = CNOT 16 36
[4930] = CNOT 16 39
[4931] = S 16
[4932] = Z 16
[4933] = CNOT 16 39
[4934] = CNOT 16 22
[4935] = CNOT 16 23
[4936] = CNOT 16 35
[4937] = S 16
[4938] = Z 16
[4939] = CNOT 16 35
[4940] = CNOT 16 36
[4941] = S 16
[4942] = Z 16
[4943] = CNOT 16 36
[4944] = CNOT 16 37
[4945] = S 16
[4946] = Z 16
[4947] = CNOT 16 37
[4948] = CNOT 16 38
[4949] = S 16
[4950] = Z 16
[4951] = CNOT 16 38
[4952] = CNOT 16 39
[4953] = S 16
[4954] = Z 16
[4955] = CNOT 16 39
[4956] = CNOT 16 23
[4957] = CNOT 16 35
[4958] = CNOT 16 37
[4959] = S 16
[4960] = Z 16
[4961] = CNOT 16 37
[4962] = CNOT 16 38
[4963] = S 16
[4964] = Z 16
[4965] = CNOT 16 38
[4966] = CNOT 16 39
[4967] = S 16
[4968] = Z 16
[4969] = CNOT 16 39
[4970] = CNOT 16 35
[4971] = CNOT 16 36
[4972] = CNOT 16 37
[4973] = S 16
[4974] = Z 16
[4975] = CNOT 16 37
[4976] = CNOT 16 38
[4977] = S 16
[4978] = Z 16
[4979] = CNOT 16 38
[4980] = CNOT 16 39
[4981] = Z 16
[4982] = CNOT 16 39
[4983] = CNOT 16 36
[4984] = CNOT 16 37
[4985] = CNOT 16 38
[4986] = S 16
[4987] = Z 16
[4988] = CNOT 16 38
[4989] = CNOT 16 39
[4990] = S 16
[4991] = CNOT 16 37
[4992] = CNOT 16 38
[4993] = S 16
[4994] = CNOT 16 39
[4995] = CNOT 16 38
[4996] = CNOT 17 35
[4997] = CNOT 17 39
[4998] = S 17
[4999] = Z 17
[5000] = CNOT 17 39
[5001] = CNOT 17 35
[5002] = CNOT 18 35
[5003] = CNOT 18 36
[5004] = S 18
[5005] = CNOT 18 36
[5006] = CNOT 18 37
[5007] = S 18
[5008] = CNOT 18 37
[5009] = CNOT 18 38
[5010] = S 18
[5011] = CNOT 18 38
[5012] = CNOT 18 35
[5013] = CNOT 18 36
[5014] = CNOT 18 37
[5015] = S 18
[5016] = CNOT 18 37
[5017] = CNOT 18 38
[5018] = S 18
[5019] = CNOT 18 36
[5020] = CNOT 18 37
[5021] = S 18
[5022] = CNOT 18 38
[5023] = CNOT 18 37
[5024] = CNOT 19 35
[5025] = CNOT 19 39
[5026] = Z 19
[5027] = CNOT 19 39
[5028] = CNOT 19 35
[5029] = CNOT 20 35
[5030] = CNOT 20 36
[5031] = S 20
[5032] = CNOT 20 36
[5033] = CNOT 20 39
[5034] = Z 20
[5035] = CNOT 20 35
[5036] = CNOT 20 36
[5037] = S 20
[5038] = CNOT 20 39
[5039] = CNOT 20 36
[5040] = CNOT 22 35
[5041] = CNOT 22 36
[5042] = S 22
[5043] = CNOT 22 36
[5044] = CNOT 22 39
[5045] = S 22
[5046] = CNOT 22 35
[5047] = CNOT 22 36
[5048] = S 22
[5049] = CNOT 22 39
[5050] = CNOT 22 36
[5051] = CNOT 23 35
[5052] = CNOT 23 36
[5053] = Z 23
[5054] = CNOT 23 36
[5055] = CNOT 23 37
[5056] = Z 23
[5057] = CNOT 23 37
[5058] = CNOT 23 38
[5059] = Z 23
[5060] = CNOT 23 38
[5061] = CNOT 23 39
[5062] = Z 23
[5063] = CNOT 23 39
[5064] = CNOT 23 35
[5065] = CNOT 23 36
[5066] = CNOT 23 37
[5067] = Z 23
[5068] = CNOT 23 37
[5069] = CNOT 23 38
[5070] = Z 23
[5071] = CNOT 23 38
[5072] = CNOT 23 39
[5073] = Z 23
[5074] = CNOT 23 39
[5075] = CNOT 23 36
[5076] = CNOT 23 37
[5077] = CNOT 23 38
[5078] = Z 23
[5079] = CNOT 23 38
[5080] = CNOT 23 39
[5081] = Z 23
[5082] = CNOT 23 37
[5083] = CNOT 23 38
[5084] = Z 23
[5085] = CNOT 23 39
[5086] = CNOT 24 28
[5087] = CNOT 24 39
[5088] = S 24
[5089] = Z 24
[5090] = CNOT 24 28
[5091] = CNOT 24 29
[5092] = S 24
[5093] = Z 24
[5094] = CNOT 24 29
[5095] = CNOT 24 30
[5096] = S 24
[5097] = Z 24
[5098] = CNOT 24 30
[5099] = CNOT 25 26
[5100] = CNOT 25 35
[5101] = S 25
[5102] = Z 25
[5103] = CNOT 25 35
[5104] = CNOT 25 36
[5105] = S 25
[5106] = Z 25
[5107] = CNOT 25 36
[5108] = CNOT 25 26
[5109] = CNOT 25 27
[5110] = CNOT 25 34
[5111] = S 25
[5112] = Z 25
[5113] = CNOT 25 34
[5114] = CNOT 25 36
[5115] = S 25
[5116] = Z 25
[5117] = CNOT 25 36
[5118] = CNOT 25 27
[5119] = CNOT 25 28
[5120] = CNOT 25 35
[5121] = S 25
[5122] = Z 25
[5123] = CNOT 25 35
[5124] = CNOT 25 28
[5125] = CNOT 25 29
[5126] = CNOT 25 32
[5127] = S 25
[5128] = Z 25
[5129] = CNOT 25 32
[5130] = CNOT 25 34
[5131] = S 25
[5132] = Z 25
[5133] = CNOT 25 34
[5134] = CNOT 25 35
[5135] = S 25
[5136] = Z 25
[5137] = CNOT 25 35
[5138] = CNOT 25 29
[5139] = CNOT 25 30
[5140] = CNOT 25 32
[5141] = S 25
[5142] = Z 25
[5143] = CNOT 25 32
[5144] = CNOT 25 34
[5145] = S 25
[5146] = Z 25
[5147] = CNOT 25 34
[5148] = CNOT 25 30
[5149] = CNOT 25 31
[5150] = CNOT 25 32
[5151] = S 25
[5152] = Z 25
[5153] = CNOT 25 32
[5154] = CNOT 25 36
[5155] = S 25
[5156] = Z 25
[5157] = CNOT 25 36
[5158] = CNOT 25 31
[5159] = CNOT 26 27
[5160] = CNOT 26 36
[5161] = S 26
[5162] = Z 26
[5163] = CNOT 26 36
[5164] = CNOT 26 37
[5165] = S 26
[5166] = Z 26
[5167] = CNOT 26 37
[5168] = CNOT 26 27
[5169] = CNOT 26 28
[5170] = CNOT 26 35
[5171] = S 26
[5172] = Z 26
[5173] = CNOT 26 35
[5174] = CNOT 26 37
[5175] = S 26
[5176] = Z 26
[5177] = CNOT 26 37
[5178] = CNOT 26 28
[5179] = CNOT 26 29
[5180] = CNOT 26 35
[5181] = S 26
[5182] = Z 26
[5183] = CNOT 26 35
[5184] = CNOT 26 29
[5185] = CNOT 26 30
[5186] = CNOT 26 33
[5187] = S 26
[5188] = Z 26
[5189] = CNOT 26 30
[5190] = CNOT 26 31
[5191] = S 26
[5192] = Z 26
[5193] = CNOT 26 33
[5194] = CNOT 26 36
[5195] = S 26
[5196] = Z 26
[5197] = CNOT 26 36
[5198] = CNOT 26 31
[5199] = CNOT 27 28
[5200] = CNOT 27 37
[5201] = S 27
[5202] = Z 27
[5203] = CNOT 27 37
[5204] = CNOT 27 38
[5205] = S 27
[5206] = Z 27
[5207] = CNOT 27 38
[5208] = CNOT 27 28
[5209] = CNOT 27 29
[5210] = CNOT 27 34
[5211] = S 27
[5212] = Z 27
[5213] = CNOT 27 34
[5214] = CNOT 27 38
[5215] = S 27
[5216] = Z 27
[5217] = CNOT 27 38
[5218] = CNOT 27 29
[5219] = CNOT 27 30
[5220] = CNOT 27 34
[5221] = S 27
[5222] = Z 27
[5223] = CNOT 27 34
[5224] = CNOT 27 30
[5225] = CNOT 27 31
[5226] = CNOT 27 36
[5227] = S 27
[5228] = Z 27
[5229] = CNOT 27 36
[5230] = CNOT 27 31
[5231] = CNOT 28 29
[5232] = CNOT 28 35
[5233] = S 28
[5234] = Z 28
[5235] = CNOT 28 35
[5236] = CNOT 28 38
[5237] = S 28
[5238] = Z 28
[5239] = CNOT 28 38
[5240] = CNOT 28 39
[5241] = S 28
[5242] = Z 28
[5243] = CNOT 28 29
[5244] = CNOT 28 30
[5245] = S 28
[5246] = Z 28
[5247] = CNOT 28 39
[5248] = CNOT 28 30
[5249] = CNOT 29 30
[5250] = CNOT 29 32
[5251] = S 29
[5252] = Z 29
[5253] = CNOT 29 32
[5254] = CNOT 29 34
[5255] = S 29
[5256] = Z 29
[5257] = CNOT 29 34
[5258] = CNOT 29 39
[5259] = S 29
[5260] = Z 29
[5261] = CNOT 29 39
[5262] = CNOT 29 30
[5263] = CNOT 29 31
[5264] = CNOT 29 32
[5265] = S 29
[5266] = Z 29
[5267] = CNOT 29 32
[5268] = CNOT 29 31
[5269] = CNOT 30 31
[5270] = CNOT 30 32
[5271] = S 30
[5272] = Z 30
[5273] = CNOT 30 32
[5274] = CNOT 30 33
[5275] = S 30
[5276] = Z 30
[5277] = CNOT 30 33
[5278] = CNOT 30 31
[5279] = CNOT 32 35
[5280] = CNOT 32 36
[5281] = Z 32
[5282] = CNOT 32 36
[5283] = CNOT 32 37
[5284] = Z 32
[5285] = CNOT 32 37
[5286] = CNOT 32 38
[5287] = Z 32
[5288] = CNOT 32 38
[5289] = CNOT 32 35
[5290] = CNOT 32 36
[5291] = CNOT 32 37
[5292] = Z 32
[5293] = CNOT 32 37
[5294] = CNOT 32 38
[5295] = Z 32
[5296] = CNOT 32 36
[5297] = CNOT 32 37
[5298] = Z 32
[5299] = CNOT 32 38
[5300] = CNOT 32 37
[5301] = CNOT 33 35
[5302] = CNOT 33 36
[5303] = S 33
[5304] = CNOT 33 36
[5305] = CNOT 33 35
[5306] = CNOT 35 36
[5307] = CNOT 35 37
[5308] = S 35
[5309] = Z 35
[5310] = CNOT 35 37
[5311] = CNOT 35 38
[5312] = S 35
[5313] = CNOT 35 38
[5314] = CNOT 35 39
[5315] = S 35
[5316] = CNOT 35 39
[5317] = CNOT 35 36
[5318] = CNOT 35 37
[5319] = CNOT 35 38
[5320] = S 35
[5321] = Z 35
[5322] = CNOT 35 38
[5323] = CNOT 35 37
[5324] = CNOT 36 37
[5325] = CNOT 36 38
[5326] = S 36
[5327] = Z 36
[5328] = CNOT 36 38
[5329] = CNOT 36 37
[5330] = CNOT 31 38
[5331] = CNOT 27 38
[5332] = CNOT 26 38
[5333] = CNOT 25 38
[5334] = CNOT 30 37
[5335] = CNOT 26 37
[5336] = CNOT 25 37
[5337] = CNOT 24 37
[5338] = CNOT 22 37
[5339] = CNOT 31 36
[5340] = CNOT 29 36
[5341] = CNOT 27 36
[5342] = CNOT 26 36
[5343] = CNOT 24 36
[5344] = CNOT 21 36
[5345] = CNOT 31 35
[5346] = CNOT 30 35
[5347] = CNOT 28 35
[5348] = CNOT 27 35
[5349] = CNOT 20 35
[5350] = CNOT 30 34
[5351] = CNOT 29 34
[5352] = CNOT 27 34
[5353] = CNOT 26 34
[5354] = CNOT 19 34
[5355] = CNOT 29 33
[5356] = CNOT 28 33
[5357] = CNOT 26 33
[5358] = CNOT 25 33
[5359] = CNOT 18 33
[5360] = CNOT 28 32
[5361] = CNOT 27 32
[5362] = CNOT 25 32
[5363] = CNOT 24 32
[5364] = CNOT 17 32
[5365] = CNOT 38 31
[5366] = CNOT 27 31
[5367] = CNOT 26 31
[5368] = CNOT 25 31
[5369] = CNOT 31 38
[5370] = CNOT 37 30
[5371] = CNOT 26 30
[5372] = CNOT 25 30
[5373] = CNOT 24 30
[5374] = CNOT 30 37
[5375] = CNOT 38 29
[5376] = CNOT 36 29
[5377] = CNOT 25 29
[5378] = CNOT 24 29
[5379] = CNOT 29 36
[5380] = CNOT 38 28
[5381] = CNOT 37 28
[5382] = CNOT 35 28
[5383] = CNOT 24 28
[5384] = CNOT 28 35
[5385] = CNOT 38 27
[5386] = CNOT 37 27
[5387] = CNOT 36 27
[5388] = CNOT 34 27
[5389] = CNOT 27 34
[5390] = CNOT 37 26
[5391] = CNOT 36 26
[5392] = CNOT 35 26
[5393] = CNOT 33 26
[5394] = CNOT 26 33
[5395] = CNOT 36 25
[5396] = CNOT 35 25
[5397] = CNOT 34 25
[5398] = CNOT 32 25
[5399] = CNOT 25 32
[5400] = CNOT 39 24
[5401] = CNOT 24 39
[5402] = CNOT 31 23
[5403] = CNOT 23 31
[5404] = CNOT 30 22
[5405] = CNOT 22 30
[5406] = CNOT 29 21
[5407] = CNOT 21 29
[5408] = CNOT 28 20
[5409] = CNOT 20 28
[5410] = CNOT 27 19
[5411] = CNOT 19 27
[5412] = CNOT 26 18
[5413] = CNOT 18 26
[5414] = CNOT 25 17
[5415] = CNOT 17 25
[5416] = H 25
[5417] = M 25
[5418] = H 26
[5419] = M 26
[5420] = H 27
[5421] = M 27
[5422] = H 28
[5423] = M 28
[5424] = H 29
[5425] = M 29
[5426] = H 30
[5427] = M 30
[5428] = H 31
[5429] = M 31
[5430] = H 32
[5431] = M 32
[5432] = H 33
[5433] = M 33
[5434] = H 34
[5435] = M 34
[5436] = H 35
[5437] = M 35
[5438] = H 36
[5439] = M 36
[5440] = H 37
[5441] = M 37
[5442] = H 38
[5443] = M 38
[5444] = H 39
[5445] = M 39
[5446] = H 24
[5447] = H 23
[5448] = H 22
[5449] = H 21
[5450] = H 20
[5451] = H 19
[5452] = H 18
[5453] = H 17
Gate distributions:
Input:
Operator distribution:
Total number of qubits = 24
Number of `data' qubits = 24
Number of `Toff_n' ancillas = 0
Number of Hadamard ancillas = 0
Hadamard ancilla cap = infinite
Number of {CNOT,T} partitions = 1
T count = 448
Cost estimation = 224051
	id	Count
	0	0
	1	0
	2	0
	3	30
	4	21
	5	0
	6	0
	7	0
	8	0
	9	0
	10	64
	11	0
	12	0
	13	0
	14	0
	15	0
	16	0
	17	0
	18	0
Output:
Operator distribution:
Total number of qubits = 39
Number of `data' qubits = 24
Number of `Toff_n' ancillas = 0
Number of Hadamard ancillas = 15
Hadamard ancilla cap = infinite
Number of {CNOT,T} partitions = 1
T count = 224
Cost estimation = 117238
	id	Count
	0	0
	1	0
	2	0
	3	45
	4	3480
	5	224
	6	0
	7	0
	8	0
	9	0
	10	0
	11	837
	12	0
	13	853
	14	0
	15	0
	16	0
	17	0
	18	15
Output T Count (SQC_Circuit) = 224
Output T Count (PhasePolynomial) = 224
Fail count = 0

Execution time: 4057.13s
Number of LCL errors: 0
Number of LCL warnings: 0
