Optimize a Clifford + T circuit.
Input filename = /home/ryo-mtmt/TOpt/forme/tpar_benchmark/qcla_adder_10.tfc
Number of unknown gates = 0
Number of unknown qubit labels = 0
Circuit filename: /home/ryo-mtmt/TOpt/forme/tpar_benchmark/qcla_adder_10.tfc

n 36
n_x 36
n_y 0
n_z 0
m 201
[0] = H 3
[1] = H 6
[2] = H 9
[3] = H 10
[4] = H 13
[5] = H 16
[6] = H 17
[7] = H 20
[8] = H 21
[9] = H 24
[10] = H 25
[11] = H 28
[12] = H 31
[13] = H 32
[14] = H 35
[15] = CCZ 1 2 3
[16] = CCZ 4 5 6
[17] = CCZ 7 8 10
[18] = CCZ 11 12 13
[19] = CCZ 14 15 17
[20] = CCZ 18 19 21
[21] = CCZ 22 23 25
[22] = CCZ 26 27 28
[23] = CCZ 29 30 32
[24] = CCZ 33 34 35
[25] = CNOT 5 4
[26] = CNOT 8 7
[27] = CNOT 12 11
[28] = CNOT 15 14
[29] = CNOT 19 18
[30] = CNOT 23 22
[31] = CNOT 27 26
[32] = CNOT 30 29
[33] = CNOT 34 33
[34] = CCZ 8 12 9
[35] = CCZ 15 19 16
[36] = CCZ 23 27 24
[37] = CCZ 30 34 31
[38] = H 3
[39] = H 9
[40] = H 10
[41] = H 16
[42] = H 17
[43] = H 24
[44] = H 25
[45] = H 31
[46] = H 32
[47] = CCZ 3 5 6
[48] = CCZ 10 12 13
[49] = CCZ 17 19 21
[50] = CCZ 25 27 28
[51] = CCZ 32 34 35
[52] = CCZ 16 24 20
[53] = H 6
[54] = H 20
[55] = H 21
[56] = CCZ 6 9 13
[57] = CCZ 21 24 28
[58] = H 13
[59] = H 21
[60] = CCZ 13 20 28
[61] = CCZ 13 16 21
[62] = H 28
[63] = H 21
[64] = H 10
[65] = H 17
[66] = H 25
[67] = H 32
[68] = H 20
[69] = CCZ 6 8 10
[70] = CCZ 13 15 17
[71] = CCZ 21 23 25
[72] = CCZ 28 30 32
[73] = CCZ 28 31 35
[74] = CCZ 16 24 20
[75] = H 10
[76] = H 17
[77] = H 25
[78] = H 32
[79] = H 35
[80] = H 20
[81] = H 9
[82] = H 16
[83] = H 24
[84] = H 31
[85] = CCZ 8 12 9
[86] = CCZ 15 19 16
[87] = CCZ 23 27 24
[88] = CCZ 30 34 31
[89] = CNOT 36 2
[90] = CNOT 3 5
[91] = CNOT 6 8
[92] = CNOT 10 12
[93] = CNOT 13 15
[94] = CNOT 17 19
[95] = CNOT 21 23
[96] = CNOT 25 27
[97] = CNOT 28 30
[98] = CNOT 31 34
[99] = CNOT 36 1
[100] = CNOT 5 4
[101] = CNOT 8 7
[102] = CNOT 12 11
[103] = CNOT 15 14
[104] = CNOT 19 18
[105] = CNOT 23 22
[106] = CNOT 27 26
[107] = CNOT 30 29
[108] = CNOT 34 33
[109] = H 9
[110] = H 16
[111] = H 24
[112] = H 31

Algorithm used: todd

UniversalOptimize begin.
	Gate synthesis begin.

in LempelX3 (Hamming Distance Version)
		Round = 0 | Current Columns: 162
  [HIT] Reduced to m = 160 using Dist = 1
		Round = 1 | Current Columns: 160
  [HIT] Reduced to m = 158 using Dist = 1
		Round = 2 | Current Columns: 158
  [HIT] Reduced to m = 156 using Dist = 1
		Round = 3 | Current Columns: 156
  [HIT] Reduced to m = 153 using Dist = 1
		Round = 4 | Current Columns: 153
  [HIT] Reduced to m = 151 using Dist = 1
		Round = 5 | Current Columns: 151
  [HIT] Reduced to m = 149 using Dist = 1
		Round = 6 | Current Columns: 149
  [HIT] Reduced to m = 147 using Dist = 1
		Round = 7 | Current Columns: 147
  [HIT] Reduced to m = 144 using Dist = 1
		Round = 8 | Current Columns: 144
  [HIT] Reduced to m = 142 using Dist = 1
		Round = 9 | Current Columns: 142
  [HIT] Reduced to m = 140 using Dist = 1
		Round = 10 | Current Columns: 140
  [HIT] Reduced to m = 136 using Dist = 1
		Round = 11 | Current Columns: 136
  [HIT] Reduced to m = 132 using Dist = 1
		Round = 12 | Current Columns: 132
  [HIT] Reduced to m = 128 using Dist = 1
		Round = 13 | Current Columns: 128
  [HIT] Reduced to m = 126 using Dist = 2
		Round = 14 | Current Columns: 126
  [HIT] Reduced to m = 124 using Dist = 2
		Round = 15 | Current Columns: 124
  [HIT] Reduced to m = 122 using Dist = 2
		Round = 16 | Current Columns: 122
  [HIT] Reduced to m = 120 using Dist = 2
		Round = 17 | Current Columns: 120
  [HIT] Reduced to m = 118 using Dist = 2
		Round = 18 | Current Columns: 118
  [HIT] Reduced to m = 116 using Dist = 2
		Round = 19 | Current Columns: 116
  [HIT] Reduced to m = 114 using Dist = 4
		Round = 20 | Current Columns: 114
Total LempelX2 (Hamming) time: 2614584 ms
Final Nullspace total time: 2089922 ms
		TODD executed in 2608.67 seconds.
		Total time: 2608.67s
	Gate synthesis end.
	Total time: 2681.59s
UniversalOptimize end.
Output circuit:
n 64
n_x 36
n_y 0
n_z 28
m 2601
[0] = H 3
[1] = H 6
[2] = H 9
[3] = H 10
[4] = H 13
[5] = H 16
[6] = H 17
[7] = H 20
[8] = H 21
[9] = H 24
[10] = H 25
[11] = H 28
[12] = H 31
[13] = H 32
[14] = H 35
[15] = H 37
[16] = H 38
[17] = H 39
[18] = H 40
[19] = H 41
[20] = H 42
[21] = H 43
[22] = H 44
[23] = H 45
[24] = H 46
[25] = H 47
[26] = H 48
[27] = H 49
[28] = H 50
[29] = H 51
[30] = H 52
[31] = H 53
[32] = H 54
[33] = H 55
[34] = H 56
[35] = H 57
[36] = H 58
[37] = H 59
[38] = H 60
[39] = H 61
[40] = H 62
[41] = H 63
[42] = H 64
[43] = CNOT 1 17
[44] = CNOT 1 34
[45] = CNOT 1 44
[46] = CNOT 1 45
[47] = T 1
[48] = CNOT 2 17
[49] = CNOT 2 34
[50] = CNOT 2 44
[51] = CNOT 2 45
[52] = T 2
[53] = CNOT 2 45
[54] = CNOT 2 44
[55] = CNOT 2 34
[56] = CNOT 2 17
[57] = CNOT 3 17
[58] = CNOT 3 34
[59] = CNOT 3 44
[60] = CNOT 3 45
[61] = T 3
[62] = CNOT 3 45
[63] = CNOT 3 44
[64] = CNOT 3 34
[65] = CNOT 3 17
[66] = CNOT 1 2
[67] = T 1
[68] = CNOT 1 3
[69] = T 1
[70] = CNOT 1 2
[71] = CNOT 2 3
[72] = CNOT 2 17
[73] = CNOT 2 34
[74] = CNOT 2 44
[75] = CNOT 2 45
[76] = T 2
[77] = CNOT 2 45
[78] = CNOT 2 44
[79] = CNOT 2 34
[80] = CNOT 2 17
[81] = CNOT 2 3
[82] = T 1
[83] = CNOT 1 45
[84] = CNOT 1 44
[85] = CNOT 1 34
[86] = CNOT 1 17
[87] = CNOT 1 3
[88] = CNOT 4 5
[89] = CNOT 4 52
[90] = T 4
[91] = S 4
[92] = Z 4
[93] = CNOT 49 50
[94] = T 49
[95] = S 49
[96] = CNOT 49 50
[97] = CNOT 6 52
[98] = T 6
[99] = S 6
[100] = CNOT 6 52
[101] = CNOT 4 6
[102] = T 4
[103] = CNOT 4 52
[104] = CNOT 4 6
[105] = CNOT 4 5
[106] = CNOT 7 9
[107] = CNOT 7 14
[108] = CNOT 7 38
[109] = CNOT 7 61
[110] = T 7
[111] = CNOT 7 9
[112] = CNOT 8 9
[113] = CNOT 8 14
[114] = CNOT 8 38
[115] = CNOT 8 61
[116] = T 8
[117] = CNOT 8 61
[118] = CNOT 8 38
[119] = CNOT 8 14
[120] = CNOT 8 9
[121] = CNOT 9 10
[122] = CNOT 9 14
[123] = CNOT 9 38
[124] = CNOT 9 61
[125] = T 9
[126] = CNOT 9 61
[127] = CNOT 9 38
[128] = CNOT 9 14
[129] = CNOT 9 10
[130] = CNOT 7 8
[131] = CNOT 7 9
[132] = CNOT 7 10
[133] = T 7
[134] = CNOT 7 8
[135] = CNOT 8 9
[136] = CNOT 8 10
[137] = CNOT 8 14
[138] = CNOT 8 38
[139] = CNOT 8 61
[140] = T 8
[141] = CNOT 8 61
[142] = CNOT 8 38
[143] = CNOT 8 14
[144] = CNOT 8 10
[145] = CNOT 8 9
[146] = T 7
[147] = CNOT 7 61
[148] = CNOT 7 14
[149] = CNOT 7 10
[150] = CNOT 7 9
[151] = CNOT 40 42
[152] = T 40
[153] = S 40
[154] = CNOT 40 42
[155] = CNOT 14 15
[156] = CNOT 14 16
[157] = CNOT 14 54
[158] = CNOT 14 62
[159] = T 14
[160] = CNOT 40 50
[161] = T 40
[162] = S 40
[163] = CNOT 14 18
[164] = CNOT 14 19
[165] = T 14
[166] = CNOT 14 62
[167] = CNOT 14 54
[168] = CNOT 14 19
[169] = CNOT 14 18
[170] = CNOT 14 16
[171] = CNOT 14 15
[172] = CNOT 11 12
[173] = CNOT 11 13
[174] = CNOT 11 14
[175] = CNOT 11 38
[176] = T 11
[177] = CNOT 11 38
[178] = CNOT 11 14
[179] = CNOT 11 13
[180] = CNOT 11 12
[181] = T 55
[182] = CNOT 7 8
[183] = CNOT 7 14
[184] = CNOT 7 53
[185] = T 7
[186] = CNOT 7 14
[187] = CNOT 14 15
[188] = CNOT 14 49
[189] = T 14
[190] = S 14
[191] = Z 14
[192] = CNOT 14 49
[193] = CNOT 14 17
[194] = T 14
[195] = CNOT 14 15
[196] = CNOT 15 17
[197] = T 15
[198] = S 15
[199] = CNOT 15 17
[200] = T 14
[201] = S 14
[202] = CNOT 14 17
[203] = CNOT 7 14
[204] = CNOT 7 46
[205] = T 7
[206] = CNOT 7 53
[207] = CNOT 7 46
[208] = CNOT 40 49
[209] = T 40
[210] = CNOT 40 50
[211] = CNOT 40 49
[212] = CNOT 16 18
[213] = CNOT 16 19
[214] = CNOT 16 21
[215] = CNOT 16 54
[216] = CNOT 16 62
[217] = T 16
[218] = CNOT 16 19
[219] = CNOT 16 18
[220] = T 16
[221] = CNOT 16 21
[222] = CNOT 22 24
[223] = CNOT 22 63
[224] = T 22
[225] = Z 22
[226] = CNOT 22 24
[227] = CNOT 23 24
[228] = CNOT 23 63
[229] = T 23
[230] = Z 23
[231] = CNOT 23 63
[232] = CNOT 23 24
[233] = CNOT 24 25
[234] = CNOT 24 63
[235] = T 24
[236] = Z 24
[237] = CNOT 24 63
[238] = CNOT 24 25
[239] = CNOT 22 23
[240] = CNOT 22 24
[241] = CNOT 22 25
[242] = T 22
[243] = CNOT 22 23
[244] = CNOT 23 24
[245] = CNOT 23 25
[246] = CNOT 23 63
[247] = T 23
[248] = CNOT 23 63
[249] = CNOT 23 25
[250] = CNOT 23 24
[251] = T 22
[252] = CNOT 22 63
[253] = CNOT 22 25
[254] = CNOT 22 24
[255] = CNOT 26 43
[256] = T 26
[257] = S 26
[258] = CNOT 27 43
[259] = T 27
[260] = S 27
[261] = CNOT 27 28
[262] = T 27
[263] = CNOT 27 43
[264] = CNOT 27 28
[265] = CNOT 26 28
[266] = T 26
[267] = CNOT 26 43
[268] = CNOT 26 28
[269] = CNOT 17 29
[270] = CNOT 17 31
[271] = CNOT 17 44
[272] = CNOT 17 64
[273] = T 17
[274] = CNOT 17 29
[275] = CNOT 17 30
[276] = T 17
[277] = CNOT 17 30
[278] = CNOT 17 32
[279] = T 17
[280] = CNOT 17 29
[281] = CNOT 17 30
[282] = T 17
[283] = CNOT 17 29
[284] = T 17
[285] = CNOT 17 30
[286] = CNOT 17 29
[287] = T 17
[288] = CNOT 17 64
[289] = CNOT 17 44
[290] = CNOT 17 32
[291] = CNOT 17 31
[292] = CNOT 17 29
[293] = CNOT 7 11
[294] = CNOT 7 12
[295] = T 7
[296] = CNOT 17 35
[297] = T 17
[298] = S 17
[299] = CNOT 17 35
[300] = CNOT 17 29
[301] = CNOT 17 30
[302] = CNOT 17 44
[303] = CNOT 17 51
[304] = T 17
[305] = CNOT 17 51
[306] = CNOT 17 30
[307] = CNOT 17 29
[308] = CNOT 52 55
[309] = T 52
[310] = S 52
[311] = CNOT 52 55
[312] = CNOT 17 33
[313] = CNOT 17 34
[314] = CNOT 17 35
[315] = T 17
[316] = CNOT 17 35
[317] = CNOT 17 34
[318] = CNOT 17 33
[319] = CNOT 22 23
[320] = CNOT 22 52
[321] = T 22
[322] = S 22
[323] = Z 22
[324] = CNOT 22 52
[325] = CNOT 7 9
[326] = CNOT 7 61
[327] = T 7
[328] = CNOT 7 61
[329] = CNOT 7 12
[330] = CNOT 7 11
[331] = CNOT 7 9
[332] = CNOT 9 11
[333] = CNOT 9 12
[334] = CNOT 9 14
[335] = CNOT 9 38
[336] = CNOT 9 61
[337] = T 9
[338] = CNOT 9 61
[339] = CNOT 9 38
[340] = CNOT 9 14
[341] = CNOT 9 12
[342] = CNOT 9 11
[343] = CNOT 49 54
[344] = T 49
[345] = S 49
[346] = CNOT 49 54
[347] = CNOT 7 46
[348] = T 7
[349] = CNOT 7 46
[350] = CNOT 7 38
[351] = CNOT 7 14
[352] = CNOT 7 8
[353] = CNOT 14 15
[354] = CNOT 14 18
[355] = CNOT 14 19
[356] = CNOT 14 54
[357] = T 14
[358] = CNOT 14 54
[359] = CNOT 14 19
[360] = CNOT 14 18
[361] = CNOT 14 15
[362] = CNOT 18 19
[363] = CNOT 18 54
[364] = T 18
[365] = Z 18
[366] = CNOT 18 54
[367] = CNOT 18 19
[368] = CNOT 17 56
[369] = T 17
[370] = Z 17
[371] = CNOT 17 56
[372] = CNOT 17 44
[373] = CNOT 17 51
[374] = T 17
[375] = S 17
[376] = CNOT 22 24
[377] = CNOT 22 26
[378] = CNOT 22 27
[379] = CNOT 22 63
[380] = T 22
[381] = CNOT 22 63
[382] = CNOT 22 27
[383] = CNOT 22 26
[384] = CNOT 22 24
[385] = CNOT 24 26
[386] = CNOT 24 27
[387] = CNOT 24 63
[388] = T 24
[389] = CNOT 24 63
[390] = CNOT 24 27
[391] = CNOT 24 26
[392] = CNOT 17 44
[393] = CNOT 17 56
[394] = T 17
[395] = CNOT 17 56
[396] = CNOT 17 51
[397] = CNOT 22 55
[398] = T 22
[399] = S 22
[400] = Z 22
[401] = CNOT 17 29
[402] = CNOT 17 30
[403] = CNOT 17 31
[404] = CNOT 17 33
[405] = CNOT 17 34
[406] = CNOT 17 64
[407] = T 17
[408] = CNOT 17 30
[409] = CNOT 17 29
[410] = T 17
[411] = CNOT 17 64
[412] = CNOT 17 34
[413] = CNOT 17 33
[414] = CNOT 17 31
[415] = CNOT 22 52
[416] = T 22
[417] = CNOT 22 55
[418] = CNOT 22 52
[419] = CNOT 5 37
[420] = CNOT 5 52
[421] = T 5
[422] = S 5
[423] = Z 5
[424] = CNOT 14 38
[425] = CNOT 14 53
[426] = T 14
[427] = Z 14
[428] = CNOT 14 53
[429] = CNOT 14 38
[430] = CNOT 12 14
[431] = CNOT 12 38
[432] = CNOT 12 39
[433] = T 12
[434] = CNOT 12 14
[435] = CNOT 17 29
[436] = CNOT 17 30
[437] = CNOT 17 56
[438] = T 17
[439] = CNOT 17 56
[440] = CNOT 16 18
[441] = CNOT 16 41
[442] = T 16
[443] = CNOT 16 18
[444] = CNOT 17 33
[445] = CNOT 17 34
[446] = T 17
[447] = CNOT 17 34
[448] = CNOT 17 33
[449] = CNOT 17 30
[450] = CNOT 17 29
[451] = CNOT 17 35
[452] = CNOT 17 51
[453] = T 17
[454] = CNOT 17 44
[455] = CNOT 14 38
[456] = CNOT 14 46
[457] = CNOT 14 53
[458] = T 14
[459] = CNOT 14 53
[460] = CNOT 14 46
[461] = CNOT 14 38
[462] = CNOT 22 26
[463] = CNOT 22 27
[464] = T 22
[465] = CNOT 22 27
[466] = CNOT 22 26
[467] = CNOT 22 23
[468] = CNOT 4 37
[469] = CNOT 4 52
[470] = T 4
[471] = S 4
[472] = Z 4
[473] = CNOT 4 6
[474] = T 4
[475] = CNOT 4 52
[476] = CNOT 4 37
[477] = CNOT 4 6
[478] = CNOT 5 6
[479] = T 5
[480] = CNOT 5 52
[481] = CNOT 5 37
[482] = CNOT 5 6
[483] = CNOT 11 14
[484] = CNOT 11 38
[485] = CNOT 11 39
[486] = T 11
[487] = CNOT 11 13
[488] = T 11
[489] = CNOT 11 39
[490] = CNOT 11 38
[491] = CNOT 11 14
[492] = CNOT 11 13
[493] = CNOT 12 13
[494] = CNOT 12 14
[495] = T 12
[496] = CNOT 12 39
[497] = CNOT 12 38
[498] = CNOT 12 14
[499] = CNOT 12 13
[500] = CNOT 16 19
[501] = T 16
[502] = CNOT 16 21
[503] = T 16
[504] = CNOT 16 19
[505] = CNOT 16 18
[506] = T 16
[507] = CNOT 16 62
[508] = CNOT 16 54
[509] = CNOT 16 41
[510] = CNOT 16 21
[511] = CNOT 16 18
[512] = T 17
[513] = S 17
[514] = Z 17
[515] = CNOT 17 51
[516] = CNOT 17 35
[517] = CNOT 26 27
[518] = CNOT 26 28
[519] = T 26
[520] = CNOT 26 28
[521] = CNOT 26 27
[522] = T 15
[523] = CNOT 17 33
[524] = CNOT 17 44
[525] = CNOT 17 45
[526] = T 17
[527] = CNOT 17 35
[528] = T 17
[529] = CNOT 17 33
[530] = CNOT 17 34
[531] = T 17
[532] = CNOT 17 45
[533] = CNOT 17 35
[534] = CNOT 17 34
[535] = CNOT 20 57
[536] = T 20
[537] = CNOT 20 40
[538] = CNOT 20 42
[539] = T 20
[540] = CNOT 20 40
[541] = T 20
[542] = S 20
[543] = Z 20
[544] = CNOT 20 42
[545] = CNOT 20 40
[546] = T 20
[547] = S 20
[548] = Z 20
[549] = CNOT 20 57
[550] = CNOT 20 40
[551] = CNOT 47 48
[552] = T 47
[553] = CNOT 47 48
[554] = CNOT 14 15
[555] = CNOT 14 49
[556] = CNOT 14 54
[557] = T 14
[558] = CNOT 14 54
[559] = CNOT 14 49
[560] = CNOT 14 15
[561] = CNOT 14 46
[562] = T 14
[563] = S 14
[564] = CNOT 14 46
[565] = CNOT 13 14
[566] = CNOT 13 46
[567] = T 13
[568] = S 13
[569] = Z 13
[570] = CNOT 13 46
[571] = T 13
[572] = S 13
[573] = CNOT 13 38
[574] = CNOT 13 46
[575] = T 13
[576] = CNOT 13 46
[577] = CNOT 13 38
[578] = CNOT 13 14
[579] = CNOT 42 48
[580] = T 42
[581] = S 42
[582] = CNOT 42 48
[583] = CNOT 28 42
[584] = CNOT 28 48
[585] = T 28
[586] = CNOT 28 48
[587] = T 28
[588] = S 28
[589] = CNOT 28 42
[590] = CNOT 17 29
[591] = CNOT 17 30
[592] = CNOT 17 51
[593] = CNOT 17 56
[594] = T 17
[595] = CNOT 17 56
[596] = CNOT 17 51
[597] = CNOT 17 44
[598] = CNOT 17 30
[599] = CNOT 17 29
[600] = CNOT 48 49
[601] = T 48
[602] = CNOT 48 49
[603] = T 50
[604] = Z 50
[605] = CNOT 47 48
[606] = CNOT 47 49
[607] = T 47
[608] = S 47
[609] = Z 47
[610] = CNOT 47 49
[611] = CNOT 47 48
[612] = CNOT 28 47
[613] = CNOT 28 48
[614] = CNOT 28 49
[615] = T 28
[616] = CNOT 28 49
[617] = T 28
[618] = S 28
[619] = Z 28
[620] = CNOT 28 47
[621] = CNOT 28 49
[622] = T 28
[623] = S 28
[624] = Z 28
[625] = CNOT 28 49
[626] = CNOT 28 48
[627] = CNOT 40 49
[628] = T 40
[629] = S 40
[630] = CNOT 40 49
[631] = S 3
[632] = Z 3
[633] = Z 4
[634] = Z 5
[635] = S 6
[636] = S 7
[637] = S 8
[638] = S 9
[639] = Z 9
[640] = S 10
[641] = Z 10
[642] = Z 11
[643] = Z 12
[644] = Z 13
[645] = S 14
[646] = Z 14
[647] = Z 16
[648] = Z 17
[649] = S 18
[650] = Z 18
[651] = S 19
[652] = Z 19
[653] = S 20
[654] = Z 20
[655] = S 21
[656] = S 22
[657] = S 23
[658] = S 24
[659] = Z 24
[660] = S 25
[661] = S 26
[662] = Z 26
[663] = S 27
[664] = Z 27
[665] = S 28
[666] = S 29
[667] = S 30
[668] = S 31
[669] = Z 31
[670] = S 32
[671] = Z 32
[672] = Z 33
[673] = Z 34
[674] = S 35
[675] = Z 35
[676] = S 37
[677] = S 38
[678] = S 39
[679] = S 40
[680] = S 42
[681] = S 43
[682] = S 44
[683] = S 45
[684] = S 46
[685] = Z 47
[686] = Z 49
[687] = S 51
[688] = S 56
[689] = S 57
[690] = Z 57
[691] = S 58
[692] = Z 58
[693] = S 59
[694] = Z 59
[695] = S 60
[696] = Z 60
[697] = S 61
[698] = Z 61
[699] = Z 62
[700] = S 63
[701] = Z 63
[702] = S 64
[703] = Z 64
[704] = CNOT 1 2
[705] = S 1
[706] = CNOT 1 2
[707] = CNOT 1 3
[708] = S 1
[709] = CNOT 1 3
[710] = CNOT 1 17
[711] = Z 1
[712] = CNOT 1 17
[713] = CNOT 1 34
[714] = Z 1
[715] = CNOT 1 34
[716] = CNOT 1 44
[717] = Z 1
[718] = CNOT 1 44
[719] = CNOT 1 45
[720] = Z 1
[721] = CNOT 1 45
[722] = CNOT 2 3
[723] = S 2
[724] = CNOT 2 3
[725] = CNOT 2 17
[726] = Z 2
[727] = CNOT 2 17
[728] = CNOT 2 34
[729] = Z 2
[730] = CNOT 2 34
[731] = CNOT 2 44
[732] = Z 2
[733] = CNOT 2 44
[734] = CNOT 2 45
[735] = Z 2
[736] = CNOT 2 45
[737] = CNOT 3 17
[738] = Z 3
[739] = CNOT 3 17
[740] = CNOT 3 34
[741] = Z 3
[742] = CNOT 3 34
[743] = CNOT 3 37
[744] = S 3
[745] = CNOT 3 37
[746] = CNOT 3 44
[747] = Z 3
[748] = CNOT 3 44
[749] = CNOT 3 45
[750] = Z 3
[751] = CNOT 3 45
[752] = CNOT 4 5
[753] = Z 4
[754] = CNOT 4 5
[755] = CNOT 4 6
[756] = Z 4
[757] = CNOT 4 6
[758] = CNOT 4 37
[759] = Z 4
[760] = CNOT 4 37
[761] = CNOT 4 52
[762] = S 4
[763] = CNOT 5 6
[764] = Z 5
[765] = CNOT 5 6
[766] = CNOT 5 37
[767] = Z 5
[768] = CNOT 5 37
[769] = CNOT 5 52
[770] = S 5
[771] = CNOT 6 37
[772] = Z 6
[773] = CNOT 6 37
[774] = CNOT 6 46
[775] = S 6
[776] = CNOT 6 46
[777] = CNOT 7 8
[778] = S 7
[779] = Z 7
[780] = CNOT 7 8
[781] = CNOT 7 9
[782] = Z 7
[783] = CNOT 7 9
[784] = CNOT 7 10
[785] = S 7
[786] = CNOT 7 10
[787] = CNOT 7 11
[788] = S 7
[789] = CNOT 7 11
[790] = CNOT 7 12
[791] = S 7
[792] = CNOT 7 12
[793] = CNOT 7 61
[794] = Z 7
[795] = CNOT 7 61
[796] = CNOT 8 9
[797] = Z 8
[798] = CNOT 8 9
[799] = CNOT 8 10
[800] = S 8
[801] = CNOT 8 10
[802] = CNOT 8 11
[803] = S 8
[804] = CNOT 8 11
[805] = CNOT 8 12
[806] = S 8
[807] = CNOT 8 12
[808] = CNOT 8 61
[809] = Z 8
[810] = CNOT 8 61
[811] = CNOT 9 10
[812] = Z 9
[813] = CNOT 9 10
[814] = CNOT 9 11
[815] = S 9
[816] = CNOT 9 11
[817] = CNOT 9 12
[818] = S 9
[819] = CNOT 9 12
[820] = CNOT 9 38
[821] = S 9
[822] = CNOT 9 38
[823] = CNOT 10 14
[824] = Z 10
[825] = CNOT 10 14
[826] = CNOT 10 38
[827] = Z 10
[828] = CNOT 10 38
[829] = CNOT 10 39
[830] = S 10
[831] = CNOT 10 39
[832] = CNOT 10 61
[833] = Z 10
[834] = CNOT 10 61
[835] = CNOT 11 12
[836] = Z 11
[837] = CNOT 11 12
[838] = CNOT 11 13
[839] = S 11
[840] = Z 11
[841] = CNOT 11 13
[842] = CNOT 11 14
[843] = Z 11
[844] = CNOT 11 14
[845] = CNOT 11 38
[846] = Z 11
[847] = CNOT 11 38
[848] = CNOT 11 39
[849] = S 11
[850] = Z 11
[851] = CNOT 11 39
[852] = CNOT 11 61
[853] = S 11
[854] = CNOT 11 61
[855] = CNOT 12 13
[856] = S 12
[857] = Z 12
[858] = CNOT 12 13
[859] = CNOT 12 14
[860] = Z 12
[861] = CNOT 12 14
[862] = CNOT 12 38
[863] = Z 12
[864] = CNOT 12 38
[865] = CNOT 12 39
[866] = S 12
[867] = Z 12
[868] = CNOT 12 39
[869] = CNOT 12 61
[870] = S 12
[871] = CNOT 12 61
[872] = CNOT 13 38
[873] = S 13
[874] = Z 13
[875] = CNOT 13 38
[876] = CNOT 13 39
[877] = S 13
[878] = Z 13
[879] = CNOT 13 39
[880] = CNOT 13 46
[881] = Z 13
[882] = CNOT 13 46
[883] = CNOT 13 49
[884] = S 13
[885] = CNOT 13 49
[886] = CNOT 14 15
[887] = Z 14
[888] = CNOT 14 15
[889] = CNOT 14 38
[890] = Z 14
[891] = CNOT 14 38
[892] = CNOT 14 39
[893] = S 14
[894] = Z 14
[895] = CNOT 14 39
[896] = CNOT 14 49
[897] = Z 14
[898] = CNOT 14 49
[899] = CNOT 14 53
[900] = S 14
[901] = Z 14
[902] = CNOT 14 53
[903] = CNOT 15 49
[904] = Z 15
[905] = CNOT 15 49
[906] = CNOT 16 18
[907] = S 16
[908] = CNOT 16 18
[909] = CNOT 16 19
[910] = S 16
[911] = CNOT 16 19
[912] = CNOT 16 21
[913] = S 16
[914] = CNOT 16 21
[915] = CNOT 16 40
[916] = S 16
[917] = CNOT 16 40
[918] = CNOT 16 41
[919] = S 16
[920] = CNOT 16 41
[921] = CNOT 16 54
[922] = Z 16
[923] = CNOT 16 54
[924] = CNOT 16 62
[925] = Z 16
[926] = CNOT 16 62
[927] = CNOT 17 32
[928] = Z 17
[929] = CNOT 17 32
[930] = CNOT 17 33
[931] = Z 17
[932] = CNOT 17 33
[933] = CNOT 17 34
[934] = S 17
[935] = CNOT 17 34
[936] = CNOT 17 41
[937] = S 17
[938] = CNOT 17 41
[939] = CNOT 17 44
[940] = S 17
[941] = CNOT 17 44
[942] = CNOT 17 45
[943] = Z 17
[944] = CNOT 17 45
[945] = CNOT 17 56
[946] = S 17
[947] = Z 17
[948] = CNOT 17 56
[949] = CNOT 18 54
[950] = S 18
[951] = CNOT 18 54
[952] = CNOT 18 62
[953] = S 18
[954] = CNOT 18 62
[955] = CNOT 19 54
[956] = S 19
[957] = CNOT 19 54
[958] = CNOT 19 62
[959] = S 19
[960] = CNOT 19 62
[961] = CNOT 20 40
[962] = Z 20
[963] = CNOT 20 40
[964] = CNOT 20 42
[965] = Z 20
[966] = CNOT 20 42
[967] = CNOT 20 47
[968] = S 20
[969] = CNOT 20 47
[970] = CNOT 21 48
[971] = S 21
[972] = CNOT 21 48
[973] = CNOT 21 54
[974] = S 21
[975] = CNOT 21 54
[976] = CNOT 21 62
[977] = S 21
[978] = CNOT 21 62
[979] = CNOT 22 23
[980] = S 22
[981] = CNOT 22 23
[982] = CNOT 22 24
[983] = Z 22
[984] = CNOT 22 24
[985] = CNOT 22 25
[986] = S 22
[987] = Z 22
[988] = CNOT 22 25
[989] = CNOT 22 26
[990] = S 22
[991] = Z 22
[992] = CNOT 22 26
[993] = CNOT 22 27
[994] = S 22
[995] = Z 22
[996] = CNOT 22 27
[997] = CNOT 22 52
[998] = Z 22
[999] = CNOT 22 52
[1000] = CNOT 22 55
[1001] = Z 22
[1002] = CNOT 22 55
[1003] = CNOT 22 63
[1004] = Z 22
[1005] = CNOT 22 63
[1006] = CNOT 23 24
[1007] = Z 23
[1008] = CNOT 23 24
[1009] = CNOT 23 25
[1010] = S 23
[1011] = Z 23
[1012] = CNOT 23 25
[1013] = CNOT 23 26
[1014] = S 23
[1015] = Z 23
[1016] = CNOT 23 26
[1017] = CNOT 23 27
[1018] = S 23
[1019] = Z 23
[1020] = CNOT 23 27
[1021] = CNOT 23 52
[1022] = Z 23
[1023] = CNOT 23 52
[1024] = CNOT 23 55
[1025] = Z 23
[1026] = CNOT 23 55
[1027] = CNOT 23 63
[1028] = Z 23
[1029] = CNOT 23 63
[1030] = CNOT 24 25
[1031] = Z 24
[1032] = CNOT 24 25
[1033] = CNOT 24 26
[1034] = S 24
[1035] = Z 24
[1036] = CNOT 24 26
[1037] = CNOT 24 27
[1038] = S 24
[1039] = Z 24
[1040] = CNOT 24 27
[1041] = CNOT 24 42
[1042] = S 24
[1043] = CNOT 24 42
[1044] = CNOT 25 43
[1045] = S 25
[1046] = CNOT 25 43
[1047] = CNOT 25 63
[1048] = Z 25
[1049] = CNOT 25 63
[1050] = CNOT 26 27
[1051] = Z 26
[1052] = CNOT 26 27
[1053] = CNOT 26 28
[1054] = S 26
[1055] = CNOT 26 28
[1056] = CNOT 26 63
[1057] = S 26
[1058] = Z 26
[1059] = CNOT 26 63
[1060] = CNOT 27 28
[1061] = S 27
[1062] = CNOT 27 28
[1063] = CNOT 27 63
[1064] = S 27
[1065] = Z 27
[1066] = CNOT 27 63
[1067] = CNOT 28 43
[1068] = S 28
[1069] = CNOT 28 43
[1070] = CNOT 28 47
[1071] = Z 28
[1072] = CNOT 28 47
[1073] = CNOT 28 49
[1074] = Z 28
[1075] = CNOT 28 49
[1076] = CNOT 28 51
[1077] = S 28
[1078] = CNOT 28 51
[1079] = CNOT 29 30
[1080] = S 29
[1081] = Z 29
[1082] = CNOT 29 30
[1083] = CNOT 29 31
[1084] = Z 29
[1085] = CNOT 29 31
[1086] = CNOT 29 32
[1087] = S 29
[1088] = CNOT 29 32
[1089] = CNOT 29 33
[1090] = S 29
[1091] = CNOT 29 33
[1092] = CNOT 29 34
[1093] = S 29
[1094] = CNOT 29 34
[1095] = CNOT 29 64
[1096] = Z 29
[1097] = CNOT 29 64
[1098] = CNOT 30 31
[1099] = Z 30
[1100] = CNOT 30 31
[1101] = CNOT 30 32
[1102] = S 30
[1103] = CNOT 30 32
[1104] = CNOT 30 33
[1105] = S 30
[1106] = CNOT 30 33
[1107] = CNOT 30 34
[1108] = S 30
[1109] = CNOT 30 34
[1110] = CNOT 30 64
[1111] = Z 30
[1112] = CNOT 30 64
[1113] = CNOT 31 32
[1114] = Z 31
[1115] = CNOT 31 32
[1116] = CNOT 31 33
[1117] = S 31
[1118] = CNOT 31 33
[1119] = CNOT 31 34
[1120] = S 31
[1121] = CNOT 31 34
[1122] = CNOT 31 44
[1123] = S 31
[1124] = CNOT 31 44
[1125] = CNOT 32 44
[1126] = Z 32
[1127] = CNOT 32 44
[1128] = CNOT 32 45
[1129] = S 32
[1130] = CNOT 32 45
[1131] = CNOT 32 64
[1132] = Z 32
[1133] = CNOT 32 64
[1134] = CNOT 33 34
[1135] = Z 33
[1136] = CNOT 33 34
[1137] = CNOT 33 35
[1138] = S 33
[1139] = Z 33
[1140] = CNOT 33 35
[1141] = CNOT 33 44
[1142] = Z 33
[1143] = CNOT 33 44
[1144] = CNOT 33 45
[1145] = S 33
[1146] = Z 33
[1147] = CNOT 33 45
[1148] = CNOT 33 64
[1149] = S 33
[1150] = CNOT 33 64
[1151] = CNOT 34 35
[1152] = S 34
[1153] = Z 34
[1154] = CNOT 34 35
[1155] = CNOT 34 44
[1156] = S 34
[1157] = CNOT 34 44
[1158] = CNOT 34 45
[1159] = Z 34
[1160] = CNOT 34 45
[1161] = CNOT 34 64
[1162] = S 34
[1163] = CNOT 34 64
[1164] = CNOT 35 44
[1165] = S 35
[1166] = Z 35
[1167] = CNOT 35 44
[1168] = CNOT 35 45
[1169] = S 35
[1170] = Z 35
[1171] = CNOT 35 45
[1172] = CNOT 35 51
[1173] = Z 35
[1174] = CNOT 35 51
[1175] = CNOT 37 52
[1176] = S 37
[1177] = CNOT 37 52
[1178] = CNOT 38 39
[1179] = S 38
[1180] = Z 38
[1181] = CNOT 38 39
[1182] = CNOT 38 46
[1183] = S 38
[1184] = Z 38
[1185] = CNOT 38 46
[1186] = CNOT 38 53
[1187] = S 38
[1188] = Z 38
[1189] = CNOT 38 53
[1190] = CNOT 38 61
[1191] = S 38
[1192] = CNOT 38 61
[1193] = CNOT 39 53
[1194] = S 39
[1195] = CNOT 39 53
[1196] = CNOT 40 57
[1197] = Z 40
[1198] = CNOT 40 57
[1199] = CNOT 40 62
[1200] = S 40
[1201] = CNOT 41 54
[1202] = Z 41
[1203] = CNOT 41 54
[1204] = CNOT 41 62
[1205] = S 41
[1206] = CNOT 41 62
[1207] = CNOT 42 57
[1208] = Z 42
[1209] = CNOT 42 57
[1210] = CNOT 42 63
[1211] = S 42
[1212] = CNOT 43 55
[1213] = S 43
[1214] = CNOT 43 55
[1215] = CNOT 44 45
[1216] = Z 44
[1217] = CNOT 44 45
[1218] = CNOT 44 51
[1219] = S 44
[1220] = Z 44
[1221] = CNOT 44 51
[1222] = CNOT 44 56
[1223] = S 44
[1224] = Z 44
[1225] = CNOT 44 56
[1226] = CNOT 44 64
[1227] = S 44
[1228] = CNOT 44 64
[1229] = CNOT 45 56
[1230] = S 45
[1231] = CNOT 45 56
[1232] = CNOT 46 53
[1233] = S 46
[1234] = Z 46
[1235] = CNOT 46 53
[1236] = CNOT 47 49
[1237] = Z 47
[1238] = CNOT 47 49
[1239] = CNOT 47 57
[1240] = S 47
[1241] = CNOT 48 50
[1242] = S 48
[1243] = CNOT 48 50
[1244] = CNOT 50 52
[1245] = S 50
[1246] = CNOT 51 56
[1247] = S 51
[1248] = Z 51
[1249] = CNOT 51 56
[1250] = CNOT 53 58
[1251] = S 53
[1252] = CNOT 53 58
[1253] = CNOT 54 59
[1254] = S 54
[1255] = CNOT 54 59
[1256] = CNOT 54 62
[1257] = Z 54
[1258] = CNOT 54 62
[1259] = CNOT 55 60
[1260] = S 55
[1261] = CNOT 1 2
[1262] = CNOT 1 17
[1263] = S 1
[1264] = Z 1
[1265] = CNOT 1 17
[1266] = CNOT 1 34
[1267] = S 1
[1268] = Z 1
[1269] = CNOT 1 34
[1270] = CNOT 1 44
[1271] = S 1
[1272] = Z 1
[1273] = CNOT 1 44
[1274] = CNOT 1 45
[1275] = S 1
[1276] = Z 1
[1277] = CNOT 1 45
[1278] = CNOT 1 2
[1279] = CNOT 1 3
[1280] = CNOT 1 17
[1281] = S 1
[1282] = Z 1
[1283] = CNOT 1 17
[1284] = CNOT 1 34
[1285] = S 1
[1286] = Z 1
[1287] = CNOT 1 34
[1288] = CNOT 1 44
[1289] = S 1
[1290] = Z 1
[1291] = CNOT 1 44
[1292] = CNOT 1 45
[1293] = S 1
[1294] = Z 1
[1295] = CNOT 1 45
[1296] = CNOT 1 3
[1297] = CNOT 1 17
[1298] = CNOT 1 34
[1299] = Z 1
[1300] = CNOT 1 34
[1301] = CNOT 1 44
[1302] = Z 1
[1303] = CNOT 1 44
[1304] = CNOT 1 45
[1305] = Z 1
[1306] = CNOT 1 45
[1307] = CNOT 1 17
[1308] = CNOT 1 34
[1309] = CNOT 1 44
[1310] = Z 1
[1311] = CNOT 1 44
[1312] = CNOT 1 45
[1313] = Z 1
[1314] = CNOT 1 34
[1315] = CNOT 1 44
[1316] = Z 1
[1317] = CNOT 1 45
[1318] = CNOT 1 44
[1319] = CNOT 2 3
[1320] = CNOT 2 17
[1321] = S 2
[1322] = Z 2
[1323] = CNOT 2 17
[1324] = CNOT 2 34
[1325] = S 2
[1326] = Z 2
[1327] = CNOT 2 34
[1328] = CNOT 2 44
[1329] = S 2
[1330] = Z 2
[1331] = CNOT 2 44
[1332] = CNOT 2 45
[1333] = S 2
[1334] = Z 2
[1335] = CNOT 2 45
[1336] = CNOT 2 3
[1337] = CNOT 2 17
[1338] = CNOT 2 34
[1339] = Z 2
[1340] = CNOT 2 34
[1341] = CNOT 2 44
[1342] = Z 2
[1343] = CNOT 2 44
[1344] = CNOT 2 45
[1345] = Z 2
[1346] = CNOT 2 45
[1347] = CNOT 2 17
[1348] = CNOT 2 34
[1349] = CNOT 2 44
[1350] = Z 2
[1351] = CNOT 2 44
[1352] = CNOT 2 45
[1353] = Z 2
[1354] = CNOT 2 34
[1355] = CNOT 2 44
[1356] = Z 2
[1357] = CNOT 2 45
[1358] = CNOT 2 44
[1359] = CNOT 3 17
[1360] = CNOT 3 34
[1361] = Z 3
[1362] = CNOT 3 34
[1363] = CNOT 3 44
[1364] = Z 3
[1365] = CNOT 3 44
[1366] = CNOT 3 45
[1367] = Z 3
[1368] = CNOT 3 45
[1369] = CNOT 3 17
[1370] = CNOT 3 34
[1371] = CNOT 3 44
[1372] = Z 3
[1373] = CNOT 3 44
[1374] = CNOT 3 45
[1375] = Z 3
[1376] = CNOT 3 34
[1377] = CNOT 3 44
[1378] = Z 3
[1379] = CNOT 3 45
[1380] = CNOT 3 44
[1381] = CNOT 4 6
[1382] = S 4
[1383] = Z 4
[1384] = CNOT 4 52
[1385] = CNOT 4 6
[1386] = CNOT 5 6
[1387] = S 5
[1388] = Z 5
[1389] = CNOT 5 52
[1390] = CNOT 5 6
[1391] = CNOT 6 37
[1392] = CNOT 6 52
[1393] = S 6
[1394] = Z 6
[1395] = CNOT 6 52
[1396] = CNOT 6 37
[1397] = CNOT 7 8
[1398] = CNOT 7 9
[1399] = S 7
[1400] = Z 7
[1401] = CNOT 7 9
[1402] = CNOT 7 11
[1403] = S 7
[1404] = Z 7
[1405] = CNOT 7 11
[1406] = CNOT 7 12
[1407] = S 7
[1408] = Z 7
[1409] = CNOT 7 12
[1410] = CNOT 7 14
[1411] = S 7
[1412] = CNOT 7 14
[1413] = CNOT 7 38
[1414] = S 7
[1415] = CNOT 7 38
[1416] = CNOT 7 46
[1417] = S 7
[1418] = Z 7
[1419] = CNOT 7 46
[1420] = CNOT 7 53
[1421] = S 7
[1422] = Z 7
[1423] = CNOT 7 53
[1424] = CNOT 7 61
[1425] = S 7
[1426] = Z 7
[1427] = CNOT 7 61
[1428] = CNOT 7 8
[1429] = CNOT 7 9
[1430] = CNOT 7 10
[1431] = S 7
[1432] = Z 7
[1433] = CNOT 7 10
[1434] = CNOT 7 14
[1435] = Z 7
[1436] = CNOT 7 14
[1437] = CNOT 7 38
[1438] = Z 7
[1439] = CNOT 7 38
[1440] = CNOT 7 61
[1441] = Z 7
[1442] = CNOT 7 61
[1443] = CNOT 7 9
[1444] = CNOT 7 10
[1445] = CNOT 7 14
[1446] = S 7
[1447] = Z 7
[1448] = CNOT 7 14
[1449] = CNOT 7 38
[1450] = S 7
[1451] = Z 7
[1452] = CNOT 7 38
[1453] = CNOT 7 61
[1454] = S 7
[1455] = Z 7
[1456] = CNOT 7 61
[1457] = CNOT 7 10
[1458] = CNOT 7 11
[1459] = CNOT 7 12
[1460] = S 7
[1461] = Z 7
[1462] = CNOT 7 12
[1463] = CNOT 7 14
[1464] = S 7
[1465] = Z 7
[1466] = CNOT 7 14
[1467] = CNOT 7 38
[1468] = S 7
[1469] = Z 7
[1470] = CNOT 7 38
[1471] = CNOT 7 11
[1472] = CNOT 7 12
[1473] = CNOT 7 14
[1474] = S 7
[1475] = Z 7
[1476] = CNOT 7 14
[1477] = CNOT 7 38
[1478] = S 7
[1479] = Z 7
[1480] = CNOT 7 38
[1481] = CNOT 7 12
[1482] = CNOT 7 14
[1483] = CNOT 7 46
[1484] = S 7
[1485] = Z 7
[1486] = CNOT 7 46
[1487] = CNOT 7 53
[1488] = S 7
[1489] = Z 7
[1490] = CNOT 7 53
[1491] = CNOT 7 61
[1492] = Z 7
[1493] = CNOT 7 61
[1494] = CNOT 7 14
[1495] = CNOT 7 38
[1496] = CNOT 7 46
[1497] = S 7
[1498] = Z 7
[1499] = CNOT 7 46
[1500] = CNOT 7 53
[1501] = S 7
[1502] = Z 7
[1503] = CNOT 7 53
[1504] = CNOT 7 61
[1505] = Z 7
[1506] = CNOT 7 61
[1507] = CNOT 7 38
[1508] = CNOT 8 9
[1509] = CNOT 8 10
[1510] = S 8
[1511] = Z 8
[1512] = CNOT 8 10
[1513] = CNOT 8 14
[1514] = Z 8
[1515] = CNOT 8 14
[1516] = CNOT 8 38
[1517] = Z 8
[1518] = CNOT 8 38
[1519] = CNOT 8 61
[1520] = Z 8
[1521] = CNOT 8 61
[1522] = CNOT 8 9
[1523] = CNOT 8 10
[1524] = CNOT 8 14
[1525] = S 8
[1526] = Z 8
[1527] = CNOT 8 14
[1528] = CNOT 8 38
[1529] = S 8
[1530] = Z 8
[1531] = CNOT 8 38
[1532] = CNOT 8 61
[1533] = S 8
[1534] = Z 8
[1535] = CNOT 8 61
[1536] = CNOT 8 10
[1537] = CNOT 8 11
[1538] = CNOT 8 12
[1539] = S 8
[1540] = Z 8
[1541] = CNOT 8 12
[1542] = CNOT 8 14
[1543] = S 8
[1544] = Z 8
[1545] = CNOT 8 14
[1546] = CNOT 8 38
[1547] = S 8
[1548] = Z 8
[1549] = CNOT 8 38
[1550] = CNOT 8 11
[1551] = CNOT 8 12
[1552] = CNOT 8 14
[1553] = S 8
[1554] = Z 8
[1555] = CNOT 8 14
[1556] = CNOT 8 38
[1557] = S 8
[1558] = Z 8
[1559] = CNOT 8 38
[1560] = CNOT 8 12
[1561] = CNOT 8 14
[1562] = CNOT 8 46
[1563] = S 8
[1564] = Z 8
[1565] = CNOT 8 46
[1566] = CNOT 8 53
[1567] = S 8
[1568] = Z 8
[1569] = CNOT 8 53
[1570] = CNOT 8 61
[1571] = Z 8
[1572] = CNOT 8 61
[1573] = CNOT 8 14
[1574] = CNOT 8 38
[1575] = CNOT 8 46
[1576] = S 8
[1577] = Z 8
[1578] = CNOT 8 46
[1579] = CNOT 8 53
[1580] = S 8
[1581] = Z 8
[1582] = CNOT 8 53
[1583] = CNOT 8 61
[1584] = Z 8
[1585] = CNOT 8 61
[1586] = CNOT 8 38
[1587] = CNOT 9 10
[1588] = CNOT 9 14
[1589] = Z 9
[1590] = CNOT 9 14
[1591] = CNOT 9 38
[1592] = Z 9
[1593] = CNOT 9 38
[1594] = CNOT 9 61
[1595] = Z 9
[1596] = CNOT 9 61
[1597] = CNOT 9 10
[1598] = CNOT 9 11
[1599] = CNOT 9 12
[1600] = S 9
[1601] = Z 9
[1602] = CNOT 9 12
[1603] = CNOT 9 14
[1604] = S 9
[1605] = Z 9
[1606] = CNOT 9 14
[1607] = CNOT 9 38
[1608] = S 9
[1609] = Z 9
[1610] = CNOT 9 38
[1611] = CNOT 9 61
[1612] = S 9
[1613] = Z 9
[1614] = CNOT 9 61
[1615] = CNOT 9 11
[1616] = CNOT 9 12
[1617] = CNOT 9 14
[1618] = S 9
[1619] = Z 9
[1620] = CNOT 9 14
[1621] = CNOT 9 38
[1622] = S 9
[1623] = Z 9
[1624] = CNOT 9 38
[1625] = CNOT 9 61
[1626] = S 9
[1627] = Z 9
[1628] = CNOT 9 12
[1629] = CNOT 10 14
[1630] = CNOT 10 38
[1631] = Z 10
[1632] = CNOT 10 38
[1633] = CNOT 10 61
[1634] = Z 10
[1635] = CNOT 10 14
[1636] = CNOT 10 38
[1637] = Z 10
[1638] = CNOT 10 61
[1639] = CNOT 10 38
[1640] = CNOT 11 12
[1641] = CNOT 11 14
[1642] = Z 11
[1643] = CNOT 11 14
[1644] = CNOT 11 38
[1645] = Z 11
[1646] = CNOT 11 38
[1647] = CNOT 11 61
[1648] = S 11
[1649] = Z 11
[1650] = CNOT 11 61
[1651] = CNOT 11 12
[1652] = CNOT 11 13
[1653] = CNOT 11 14
[1654] = S 11
[1655] = Z 11
[1656] = CNOT 11 14
[1657] = CNOT 11 38
[1658] = S 11
[1659] = Z 11
[1660] = CNOT 11 13
[1661] = CNOT 11 14
[1662] = S 11
[1663] = CNOT 11 38
[1664] = CNOT 11 39
[1665] = S 11
[1666] = Z 11
[1667] = CNOT 11 39
[1668] = CNOT 11 61
[1669] = S 11
[1670] = Z 11
[1671] = CNOT 11 61
[1672] = CNOT 11 14
[1673] = CNOT 11 38
[1674] = CNOT 11 39
[1675] = S 11
[1676] = Z 11
[1677] = CNOT 11 39
[1678] = CNOT 11 61
[1679] = S 11
[1680] = Z 11
[1681] = CNOT 11 61
[1682] = CNOT 11 38
[1683] = CNOT 12 13
[1684] = CNOT 12 14
[1685] = S 12
[1686] = Z 12
[1687] = CNOT 12 14
[1688] = CNOT 12 38
[1689] = S 12
[1690] = Z 12
[1691] = CNOT 12 13
[1692] = CNOT 12 14
[1693] = S 12
[1694] = CNOT 12 38
[1695] = CNOT 12 39
[1696] = S 12
[1697] = Z 12
[1698] = CNOT 12 39
[1699] = CNOT 12 61
[1700] = S 12
[1701] = Z 12
[1702] = CNOT 12 61
[1703] = CNOT 12 14
[1704] = CNOT 12 38
[1705] = CNOT 12 39
[1706] = S 12
[1707] = Z 12
[1708] = CNOT 12 39
[1709] = CNOT 12 61
[1710] = S 12
[1711] = Z 12
[1712] = CNOT 12 61
[1713] = CNOT 12 38
[1714] = CNOT 13 14
[1715] = CNOT 13 38
[1716] = Z 13
[1717] = CNOT 13 38
[1718] = CNOT 13 39
[1719] = S 13
[1720] = Z 13
[1721] = CNOT 13 14
[1722] = CNOT 13 38
[1723] = S 13
[1724] = Z 13
[1725] = CNOT 13 39
[1726] = CNOT 13 38
[1727] = CNOT 14 15
[1728] = CNOT 14 16
[1729] = S 14
[1730] = Z 14
[1731] = CNOT 14 16
[1732] = CNOT 14 18
[1733] = S 14
[1734] = Z 14
[1735] = CNOT 14 18
[1736] = CNOT 14 19
[1737] = S 14
[1738] = Z 14
[1739] = CNOT 14 19
[1740] = CNOT 14 54
[1741] = Z 14
[1742] = CNOT 14 54
[1743] = CNOT 14 62
[1744] = S 14
[1745] = Z 14
[1746] = CNOT 14 62
[1747] = CNOT 14 15
[1748] = CNOT 14 16
[1749] = CNOT 14 54
[1750] = S 14
[1751] = Z 14
[1752] = CNOT 14 54
[1753] = CNOT 14 62
[1754] = S 14
[1755] = Z 14
[1756] = CNOT 14 62
[1757] = CNOT 14 16
[1758] = CNOT 14 18
[1759] = CNOT 14 19
[1760] = S 14
[1761] = Z 14
[1762] = CNOT 14 19
[1763] = CNOT 14 54
[1764] = S 14
[1765] = Z 14
[1766] = CNOT 14 18
[1767] = CNOT 14 19
[1768] = S 14
[1769] = Z 14
[1770] = CNOT 14 54
[1771] = CNOT 14 19
[1772] = CNOT 14 38
[1773] = CNOT 14 39
[1774] = Z 14
[1775] = CNOT 14 39
[1776] = CNOT 14 46
[1777] = Z 14
[1778] = CNOT 14 38
[1779] = CNOT 14 53
[1780] = S 14
[1781] = Z 14
[1782] = CNOT 14 53
[1783] = CNOT 14 46
[1784] = CNOT 14 54
[1785] = CNOT 14 62
[1786] = S 14
[1787] = Z 14
[1788] = CNOT 14 62
[1789] = CNOT 14 54
[1790] = CNOT 15 16
[1791] = CNOT 15 54
[1792] = S 15
[1793] = Z 15
[1794] = CNOT 15 54
[1795] = CNOT 15 62
[1796] = S 15
[1797] = Z 15
[1798] = CNOT 15 62
[1799] = CNOT 15 16
[1800] = CNOT 15 18
[1801] = CNOT 15 19
[1802] = S 15
[1803] = Z 15
[1804] = CNOT 15 19
[1805] = CNOT 15 54
[1806] = S 15
[1807] = Z 15
[1808] = CNOT 15 18
[1809] = CNOT 15 19
[1810] = S 15
[1811] = Z 15
[1812] = CNOT 15 19
[1813] = CNOT 15 62
[1814] = S 15
[1815] = Z 15
[1816] = CNOT 15 62
[1817] = CNOT 15 54
[1818] = CNOT 16 18
[1819] = CNOT 16 19
[1820] = S 16
[1821] = Z 16
[1822] = CNOT 16 19
[1823] = CNOT 16 21
[1824] = S 16
[1825] = Z 16
[1826] = CNOT 16 21
[1827] = CNOT 16 41
[1828] = S 16
[1829] = Z 16
[1830] = CNOT 16 41
[1831] = CNOT 16 54
[1832] = Z 16
[1833] = CNOT 16 54
[1834] = CNOT 16 62
[1835] = Z 16
[1836] = CNOT 16 62
[1837] = CNOT 16 18
[1838] = CNOT 16 19
[1839] = CNOT 16 21
[1840] = S 16
[1841] = Z 16
[1842] = CNOT 16 21
[1843] = CNOT 16 41
[1844] = S 16
[1845] = Z 16
[1846] = CNOT 16 41
[1847] = CNOT 16 54
[1848] = Z 16
[1849] = CNOT 16 54
[1850] = CNOT 16 62
[1851] = Z 16
[1852] = CNOT 16 62
[1853] = CNOT 16 19
[1854] = CNOT 16 21
[1855] = CNOT 16 41
[1856] = S 16
[1857] = Z 16
[1858] = CNOT 16 41
[1859] = CNOT 16 54
[1860] = Z 16
[1861] = CNOT 16 54
[1862] = CNOT 16 62
[1863] = Z 16
[1864] = CNOT 16 62
[1865] = CNOT 16 21
[1866] = CNOT 16 41
[1867] = CNOT 16 54
[1868] = Z 16
[1869] = CNOT 16 54
[1870] = CNOT 16 62
[1871] = Z 16
[1872] = CNOT 16 41
[1873] = CNOT 17 29
[1874] = CNOT 17 30
[1875] = S 17
[1876] = CNOT 17 30
[1877] = CNOT 17 31
[1878] = Z 17
[1879] = CNOT 17 31
[1880] = CNOT 17 32
[1881] = S 17
[1882] = Z 17
[1883] = CNOT 17 32
[1884] = CNOT 17 33
[1885] = S 17
[1886] = Z 17
[1887] = CNOT 17 33
[1888] = CNOT 17 34
[1889] = S 17
[1890] = Z 17
[1891] = CNOT 17 34
[1892] = CNOT 17 51
[1893] = S 17
[1894] = Z 17
[1895] = CNOT 17 51
[1896] = CNOT 17 56
[1897] = S 17
[1898] = Z 17
[1899] = CNOT 17 56
[1900] = CNOT 17 64
[1901] = Z 17
[1902] = CNOT 17 64
[1903] = CNOT 17 29
[1904] = CNOT 17 30
[1905] = CNOT 17 31
[1906] = Z 17
[1907] = CNOT 17 31
[1908] = CNOT 17 32
[1909] = S 17
[1910] = Z 17
[1911] = CNOT 17 32
[1912] = CNOT 17 33
[1913] = S 17
[1914] = Z 17
[1915] = CNOT 17 33
[1916] = CNOT 17 34
[1917] = S 17
[1918] = Z 17
[1919] = CNOT 17 34
[1920] = CNOT 17 51
[1921] = S 17
[1922] = Z 17
[1923] = CNOT 17 51
[1924] = CNOT 17 56
[1925] = S 17
[1926] = Z 17
[1927] = CNOT 17 56
[1928] = CNOT 17 64
[1929] = Z 17
[1930] = CNOT 17 64
[1931] = CNOT 17 30
[1932] = CNOT 17 31
[1933] = CNOT 17 32
[1934] = Z 17
[1935] = CNOT 17 32
[1936] = CNOT 17 33
[1937] = S 17
[1938] = Z 17
[1939] = CNOT 17 33
[1940] = CNOT 17 34
[1941] = S 17
[1942] = Z 17
[1943] = CNOT 17 34
[1944] = CNOT 17 31
[1945] = CNOT 17 32
[1946] = CNOT 17 44
[1947] = Z 17
[1948] = CNOT 17 44
[1949] = CNOT 17 64
[1950] = Z 17
[1951] = CNOT 17 64
[1952] = CNOT 17 32
[1953] = CNOT 17 33
[1954] = CNOT 17 34
[1955] = Z 17
[1956] = CNOT 17 34
[1957] = CNOT 17 35
[1958] = S 17
[1959] = Z 17
[1960] = CNOT 17 35
[1961] = CNOT 17 44
[1962] = S 17
[1963] = CNOT 17 44
[1964] = CNOT 17 45
[1965] = S 17
[1966] = Z 17
[1967] = CNOT 17 45
[1968] = CNOT 17 64
[1969] = S 17
[1970] = Z 17
[1971] = CNOT 17 64
[1972] = CNOT 17 33
[1973] = CNOT 17 34
[1974] = CNOT 17 35
[1975] = S 17
[1976] = Z 17
[1977] = CNOT 17 35
[1978] = CNOT 17 44
[1979] = Z 17
[1980] = CNOT 17 44
[1981] = CNOT 17 64
[1982] = S 17
[1983] = Z 17
[1984] = CNOT 17 64
[1985] = CNOT 17 34
[1986] = CNOT 17 35
[1987] = CNOT 17 44
[1988] = Z 17
[1989] = CNOT 17 44
[1990] = CNOT 17 45
[1991] = S 17
[1992] = Z 17
[1993] = CNOT 17 35
[1994] = CNOT 17 44
[1995] = S 17
[1996] = Z 17
[1997] = CNOT 17 45
[1998] = CNOT 17 51
[1999] = Z 17
[2000] = CNOT 17 44
[2001] = CNOT 17 56
[2002] = S 17
[2003] = Z 17
[2004] = CNOT 17 56
[2005] = CNOT 17 51
[2006] = CNOT 18 19
[2007] = CNOT 18 62
[2008] = S 18
[2009] = Z 18
[2010] = CNOT 18 62
[2011] = CNOT 18 19
[2012] = CNOT 18 21
[2013] = CNOT 18 54
[2014] = S 18
[2015] = Z 18
[2016] = CNOT 18 54
[2017] = CNOT 18 62
[2018] = S 18
[2019] = Z 18
[2020] = CNOT 18 62
[2021] = CNOT 18 21
[2022] = CNOT 18 41
[2023] = CNOT 18 54
[2024] = S 18
[2025] = Z 18
[2026] = CNOT 18 54
[2027] = CNOT 18 62
[2028] = S 18
[2029] = Z 18
[2030] = CNOT 18 41
[2031] = CNOT 18 54
[2032] = Z 18
[2033] = CNOT 18 62
[2034] = CNOT 18 54
[2035] = CNOT 19 21
[2036] = CNOT 19 54
[2037] = S 19
[2038] = Z 19
[2039] = CNOT 19 54
[2040] = CNOT 19 62
[2041] = S 19
[2042] = Z 19
[2043] = CNOT 19 62
[2044] = CNOT 19 21
[2045] = CNOT 19 41
[2046] = CNOT 19 54
[2047] = S 19
[2048] = Z 19
[2049] = CNOT 19 54
[2050] = CNOT 19 62
[2051] = S 19
[2052] = Z 19
[2053] = CNOT 19 41
[2054] = CNOT 19 54
[2055] = Z 19
[2056] = CNOT 19 62
[2057] = CNOT 19 54
[2058] = CNOT 21 41
[2059] = CNOT 21 54
[2060] = S 21
[2061] = Z 21
[2062] = CNOT 21 54
[2063] = CNOT 21 62
[2064] = S 21
[2065] = Z 21
[2066] = CNOT 21 41
[2067] = CNOT 21 54
[2068] = Z 21
[2069] = CNOT 21 62
[2070] = CNOT 21 54
[2071] = CNOT 22 23
[2072] = CNOT 22 24
[2073] = S 22
[2074] = Z 22
[2075] = CNOT 22 24
[2076] = CNOT 22 26
[2077] = S 22
[2078] = Z 22
[2079] = CNOT 22 26
[2080] = CNOT 22 27
[2081] = S 22
[2082] = Z 22
[2083] = CNOT 22 27
[2084] = CNOT 22 63
[2085] = S 22
[2086] = Z 22
[2087] = CNOT 22 63
[2088] = CNOT 22 23
[2089] = CNOT 22 24
[2090] = CNOT 22 25
[2091] = S 22
[2092] = Z 22
[2093] = CNOT 22 24
[2094] = CNOT 22 63
[2095] = S 22
[2096] = Z 22
[2097] = CNOT 22 63
[2098] = CNOT 22 25
[2099] = CNOT 22 26
[2100] = CNOT 22 27
[2101] = S 22
[2102] = Z 22
[2103] = CNOT 22 27
[2104] = CNOT 22 26
[2105] = CNOT 23 24
[2106] = CNOT 23 25
[2107] = S 23
[2108] = Z 23
[2109] = CNOT 23 24
[2110] = CNOT 23 63
[2111] = S 23
[2112] = Z 23
[2113] = CNOT 23 63
[2114] = CNOT 23 25
[2115] = CNOT 23 26
[2116] = CNOT 23 27
[2117] = S 23
[2118] = Z 23
[2119] = CNOT 23 27
[2120] = CNOT 23 26
[2121] = CNOT 24 26
[2122] = CNOT 24 27
[2123] = S 24
[2124] = Z 24
[2125] = CNOT 24 27
[2126] = CNOT 24 63
[2127] = S 24
[2128] = Z 24
[2129] = CNOT 24 26
[2130] = CNOT 24 27
[2131] = S 24
[2132] = Z 24
[2133] = CNOT 24 27
[2134] = CNOT 26 27
[2135] = CNOT 26 63
[2136] = S 26
[2137] = Z 26
[2138] = CNOT 26 63
[2139] = CNOT 26 27
[2140] = CNOT 29 30
[2141] = CNOT 29 31
[2142] = S 29
[2143] = Z 29
[2144] = CNOT 29 31
[2145] = CNOT 29 33
[2146] = S 29
[2147] = Z 29
[2148] = CNOT 29 33
[2149] = CNOT 29 34
[2150] = S 29
[2151] = Z 29
[2152] = CNOT 29 34
[2153] = CNOT 29 44
[2154] = S 29
[2155] = CNOT 29 44
[2156] = CNOT 29 51
[2157] = S 29
[2158] = Z 29
[2159] = CNOT 29 51
[2160] = CNOT 29 56
[2161] = S 29
[2162] = Z 29
[2163] = CNOT 29 56
[2164] = CNOT 29 64
[2165] = S 29
[2166] = Z 29
[2167] = CNOT 29 64
[2168] = CNOT 29 30
[2169] = CNOT 29 31
[2170] = CNOT 29 32
[2171] = S 29
[2172] = Z 29
[2173] = CNOT 29 32
[2174] = CNOT 29 44
[2175] = Z 29
[2176] = CNOT 29 44
[2177] = CNOT 29 64
[2178] = Z 29
[2179] = CNOT 29 64
[2180] = CNOT 29 31
[2181] = CNOT 29 32
[2182] = CNOT 29 44
[2183] = S 29
[2184] = Z 29
[2185] = CNOT 29 44
[2186] = CNOT 29 64
[2187] = S 29
[2188] = Z 29
[2189] = CNOT 29 64
[2190] = CNOT 29 32
[2191] = CNOT 29 33
[2192] = CNOT 29 34
[2193] = S 29
[2194] = Z 29
[2195] = CNOT 29 34
[2196] = CNOT 29 44
[2197] = S 29
[2198] = Z 29
[2199] = CNOT 29 33
[2200] = CNOT 29 34
[2201] = S 29
[2202] = Z 29
[2203] = CNOT 29 34
[2204] = CNOT 29 51
[2205] = S 29
[2206] = Z 29
[2207] = CNOT 29 51
[2208] = CNOT 29 56
[2209] = S 29
[2210] = Z 29
[2211] = CNOT 29 56
[2212] = CNOT 29 64
[2213] = Z 29
[2214] = CNOT 29 64
[2215] = CNOT 29 44
[2216] = CNOT 30 31
[2217] = CNOT 30 32
[2218] = S 30
[2219] = Z 30
[2220] = CNOT 30 32
[2221] = CNOT 30 44
[2222] = Z 30
[2223] = CNOT 30 44
[2224] = CNOT 30 64
[2225] = Z 30
[2226] = CNOT 30 64
[2227] = CNOT 30 31
[2228] = CNOT 30 32
[2229] = CNOT 30 44
[2230] = S 30
[2231] = Z 30
[2232] = CNOT 30 44
[2233] = CNOT 30 64
[2234] = S 30
[2235] = Z 30
[2236] = CNOT 30 64
[2237] = CNOT 30 32
[2238] = CNOT 30 33
[2239] = CNOT 30 34
[2240] = S 30
[2241] = Z 30
[2242] = CNOT 30 34
[2243] = CNOT 30 44
[2244] = S 30
[2245] = Z 30
[2246] = CNOT 30 33
[2247] = CNOT 30 34
[2248] = S 30
[2249] = Z 30
[2250] = CNOT 30 34
[2251] = CNOT 30 51
[2252] = S 30
[2253] = Z 30
[2254] = CNOT 30 51
[2255] = CNOT 30 56
[2256] = S 30
[2257] = Z 30
[2258] = CNOT 30 56
[2259] = CNOT 30 64
[2260] = Z 30
[2261] = CNOT 30 64
[2262] = CNOT 30 44
[2263] = CNOT 31 32
[2264] = CNOT 31 44
[2265] = Z 31
[2266] = CNOT 31 44
[2267] = CNOT 31 64
[2268] = Z 31
[2269] = CNOT 31 64
[2270] = CNOT 31 32
[2271] = CNOT 31 33
[2272] = CNOT 31 34
[2273] = S 31
[2274] = Z 31
[2275] = CNOT 31 34
[2276] = CNOT 31 44
[2277] = S 31
[2278] = Z 31
[2279] = CNOT 31 44
[2280] = CNOT 31 64
[2281] = S 31
[2282] = Z 31
[2283] = CNOT 31 64
[2284] = CNOT 31 33
[2285] = CNOT 31 34
[2286] = CNOT 31 44
[2287] = S 31
[2288] = Z 31
[2289] = CNOT 31 44
[2290] = CNOT 31 64
[2291] = S 31
[2292] = Z 31
[2293] = CNOT 31 34
[2294] = CNOT 32 44
[2295] = CNOT 32 64
[2296] = Z 32
[2297] = CNOT 32 64
[2298] = CNOT 32 44
[2299] = CNOT 33 34
[2300] = CNOT 33 44
[2301] = Z 33
[2302] = CNOT 33 44
[2303] = CNOT 33 64
[2304] = S 33
[2305] = Z 33
[2306] = CNOT 33 64
[2307] = CNOT 33 34
[2308] = CNOT 33 35
[2309] = CNOT 33 44
[2310] = S 33
[2311] = Z 33
[2312] = CNOT 33 35
[2313] = CNOT 33 45
[2314] = S 33
[2315] = Z 33
[2316] = CNOT 33 45
[2317] = CNOT 33 64
[2318] = S 33
[2319] = Z 33
[2320] = CNOT 33 64
[2321] = CNOT 33 44
[2322] = CNOT 34 35
[2323] = CNOT 34 44
[2324] = S 34
[2325] = Z 34
[2326] = CNOT 34 35
[2327] = CNOT 34 64
[2328] = S 34
[2329] = Z 34
[2330] = CNOT 34 64
[2331] = CNOT 34 44
[2332] = CNOT 35 44
[2333] = CNOT 35 45
[2334] = S 35
[2335] = Z 35
[2336] = CNOT 35 45
[2337] = CNOT 35 44
[2338] = CNOT 38 46
[2339] = CNOT 38 53
[2340] = S 38
[2341] = Z 38
[2342] = CNOT 38 53
[2343] = CNOT 38 46
[2344] = CNOT 41 54
[2345] = CNOT 41 62
[2346] = Z 41
[2347] = CNOT 41 62
[2348] = CNOT 41 54
[2349] = CNOT 44 51
[2350] = CNOT 44 56
[2351] = S 44
[2352] = Z 44
[2353] = CNOT 44 56
[2354] = CNOT 44 51
[2355] = CNOT 44 64
[2356] = CNOT 38 61
[2357] = CNOT 43 60
[2358] = CNOT 25 60
[2359] = CNOT 54 59
[2360] = CNOT 41 59
[2361] = CNOT 17 59
[2362] = CNOT 53 58
[2363] = CNOT 39 58
[2364] = CNOT 10 58
[2365] = CNOT 20 57
[2366] = CNOT 45 56
[2367] = CNOT 32 56
[2368] = CNOT 60 55
[2369] = CNOT 55 60
[2370] = CNOT 59 54
[2371] = CNOT 54 59
[2372] = CNOT 58 53
[2373] = CNOT 53 58
[2374] = CNOT 48 52
[2375] = CNOT 21 52
[2376] = CNOT 28 51
[2377] = CNOT 52 50
[2378] = CNOT 50 52
[2379] = CNOT 13 49
[2380] = CNOT 50 48
[2381] = CNOT 48 50
[2382] = CNOT 57 47
[2383] = CNOT 47 57
[2384] = CNOT 6 46
[2385] = CNOT 56 45
[2386] = CNOT 45 56
[2387] = CNOT 64 44
[2388] = CNOT 44 64
[2389] = CNOT 55 43
[2390] = CNOT 43 55
[2391] = CNOT 63 42
[2392] = CNOT 42 63
[2393] = CNOT 54 41
[2394] = CNOT 41 54
[2395] = CNOT 62 40
[2396] = CNOT 40 62
[2397] = CNOT 53 39
[2398] = CNOT 39 53
[2399] = CNOT 61 38
[2400] = CNOT 38 61
[2401] = CNOT 3 37
[2402] = CNOT 44 34
[2403] = CNOT 31 34
[2404] = CNOT 44 33
[2405] = CNOT 31 33
[2406] = CNOT 45 32
[2407] = CNOT 32 45
[2408] = CNOT 44 31
[2409] = CNOT 31 44
[2410] = CNOT 51 30
[2411] = CNOT 28 30
[2412] = CNOT 51 29
[2413] = CNOT 28 29
[2414] = CNOT 51 28
[2415] = CNOT 28 51
[2416] = CNOT 43 27
[2417] = CNOT 25 27
[2418] = CNOT 43 26
[2419] = CNOT 25 26
[2420] = CNOT 43 25
[2421] = CNOT 25 43
[2422] = CNOT 42 24
[2423] = CNOT 24 42
[2424] = CNOT 48 23
[2425] = CNOT 21 23
[2426] = CNOT 48 22
[2427] = CNOT 21 22
[2428] = CNOT 48 21
[2429] = CNOT 21 48
[2430] = CNOT 47 20
[2431] = CNOT 20 47
[2432] = CNOT 41 19
[2433] = CNOT 17 19
[2434] = CNOT 41 18
[2435] = CNOT 17 18
[2436] = CNOT 41 17
[2437] = CNOT 17 41
[2438] = CNOT 40 16
[2439] = CNOT 16 40
[2440] = CNOT 49 15
[2441] = CNOT 13 15
[2442] = CNOT 49 14
[2443] = CNOT 13 14
[2444] = CNOT 49 13
[2445] = CNOT 13 49
[2446] = CNOT 39 12
[2447] = CNOT 10 12
[2448] = CNOT 39 11
[2449] = CNOT 10 11
[2450] = CNOT 39 10
[2451] = CNOT 10 39
[2452] = CNOT 38 9
[2453] = CNOT 9 38
[2454] = CNOT 46 8
[2455] = CNOT 6 8
[2456] = CNOT 46 7
[2457] = CNOT 6 7
[2458] = CNOT 46 6
[2459] = CNOT 6 46
[2460] = CNOT 37 5
[2461] = CNOT 3 5
[2462] = CNOT 37 4
[2463] = CNOT 3 4
[2464] = CNOT 37 3
[2465] = CNOT 3 37
[2466] = CNOT 36 2
[2467] = CNOT 36 1
[2468] = H 37
[2469] = M 37
[2470] = H 38
[2471] = M 38
[2472] = H 39
[2473] = M 39
[2474] = H 40
[2475] = M 40
[2476] = H 41
[2477] = M 41
[2478] = H 42
[2479] = M 42
[2480] = H 43
[2481] = M 43
[2482] = H 44
[2483] = M 44
[2484] = H 45
[2485] = M 45
[2486] = H 46
[2487] = M 46
[2488] = H 47
[2489] = M 47
[2490] = H 48
[2491] = M 48
[2492] = H 49
[2493] = M 49
[2494] = H 50
[2495] = M 50
[2496] = H 51
[2497] = M 51
[2498] = H 52
[2499] = M 52
[2500] = H 53
[2501] = M 53
[2502] = H 54
[2503] = M 54
[2504] = H 55
[2505] = M 55
[2506] = H 56
[2507] = M 56
[2508] = H 57
[2509] = M 57
[2510] = H 58
[2511] = M 58
[2512] = H 59
[2513] = M 59
[2514] = H 60
[2515] = M 60
[2516] = H 61
[2517] = M 61
[2518] = H 62
[2519] = M 62
[2520] = H 63
[2521] = M 63
[2522] = H 64
[2523] = M 64
[2524] = H 31
[2525] = H 24
[2526] = H 16
[2527] = H 9
[2528] = H 20
[2529] = H 35
[2530] = H 32
Gate distributions:
Input:
Operator distribution:
Total number of qubits = 36
Number of `data' qubits = 36
Number of `Toff_n' ancillas = 0
Number of Hadamard ancillas = 0
Hadamard ancilla cap = infinite
Number of {CNOT,T} partitions = 1
T count = 238
Cost estimation = 119079
	id	Count
	0	0
	1	0
	2	0
	3	50
	4	29
	5	0
	6	0
	7	0
	8	0
	9	0
	10	34
	11	0
	12	0
	13	0
	14	0
	15	0
	16	0
	17	0
	18	0
Output:
Operator distribution:
Total number of qubits = 64
Number of `data' qubits = 36
Number of `Toff_n' ancillas = 0
Number of Hadamard ancillas = 28
Hadamard ancilla cap = infinite
Number of {CNOT,T} partitions = 1
T count = 114
Cost estimation = 59431
	id	Count
	0	0
	1	0
	2	0
	3	78
	4	1552
	5	114
	6	0
	7	0
	8	0
	9	0
	10	0
	11	355
	12	0
	13	404
	14	0
	15	0
	16	0
	17	0
	18	28
Output T Count (SQC_Circuit) = 114
Output T Count (PhasePolynomial) = 114
Fail count = 0

Execution time: 2681.59s
Number of LCL errors: 0
Number of LCL warnings: 0
