Optimize a Clifford + T circuit.
Input filename = /home/rest/forpyzx/TOpt/forme/tpar_benchmark/gf2^9_mult.tfc
Number of unknown gates = 0
Number of unknown qubit labels = 0
Circuit filename: /home/rest/forpyzx/TOpt/forme/tpar_benchmark/gf2^9_mult.tfc

n 27
n_x 27
n_y 0
n_z 0
m 201
[0] = H 19
[1] = H 20
[2] = H 21
[3] = H 22
[4] = H 23
[5] = H 24
[6] = H 25
[7] = H 26
[8] = CCZ 9 11 19
[9] = CCZ 8 12 19
[10] = CCZ 7 13 19
[11] = CCZ 6 14 19
[12] = CCZ 5 15 19
[13] = CCZ 4 16 19
[14] = CCZ 3 17 19
[15] = CCZ 2 18 19
[16] = CCZ 9 12 20
[17] = CCZ 8 13 20
[18] = CCZ 7 14 20
[19] = CCZ 6 15 20
[20] = CCZ 5 16 20
[21] = CCZ 4 17 20
[22] = CCZ 3 18 20
[23] = CCZ 9 13 21
[24] = CCZ 8 14 21
[25] = CCZ 7 15 21
[26] = CCZ 6 16 21
[27] = CCZ 5 17 21
[28] = CCZ 4 18 21
[29] = CCZ 9 14 22
[30] = CCZ 8 15 22
[31] = CCZ 7 16 22
[32] = CCZ 6 17 22
[33] = CCZ 5 18 22
[34] = CCZ 9 15 23
[35] = CCZ 8 16 23
[36] = CCZ 7 17 23
[37] = CCZ 6 18 23
[38] = CCZ 9 16 24
[39] = CCZ 8 17 24
[40] = CCZ 7 18 24
[41] = CCZ 9 17 25
[42] = CCZ 8 18 25
[43] = CCZ 9 18 26
[44] = H 19
[45] = H 20
[46] = H 21
[47] = H 22
[48] = H 23
[49] = H 24
[50] = H 25
[51] = H 26
[52] = CNOT 21 26
[53] = CNOT 20 25
[54] = CNOT 19 24
[55] = CNOT 27 23
[56] = CNOT 26 22
[57] = CNOT 25 21
[58] = CNOT 24 20
[59] = CNOT 23 19
[60] = H 19
[61] = H 20
[62] = H 21
[63] = H 22
[64] = H 23
[65] = H 24
[66] = H 25
[67] = H 26
[68] = H 27
[69] = CCZ 9 10 27
[70] = CCZ 8 11 27
[71] = CCZ 7 12 27
[72] = CCZ 6 13 27
[73] = CCZ 5 14 27
[74] = CCZ 4 15 27
[75] = CCZ 3 16 27
[76] = CCZ 2 17 27
[77] = CCZ 1 18 27
[78] = CCZ 8 10 26
[79] = CCZ 7 11 26
[80] = CCZ 6 12 26
[81] = CCZ 5 13 26
[82] = CCZ 4 14 26
[83] = CCZ 3 15 26
[84] = CCZ 2 16 26
[85] = CCZ 1 17 26
[86] = CCZ 7 10 25
[87] = CCZ 6 11 25
[88] = CCZ 5 12 25
[89] = CCZ 4 13 25
[90] = CCZ 3 14 25
[91] = CCZ 2 15 25
[92] = CCZ 1 16 25
[93] = CCZ 6 10 24
[94] = CCZ 5 11 24
[95] = CCZ 4 12 24
[96] = CCZ 3 13 24
[97] = CCZ 2 14 24
[98] = CCZ 1 15 24
[99] = CCZ 5 10 23
[100] = CCZ 4 11 23
[101] = CCZ 3 12 23
[102] = CCZ 2 13 23
[103] = CCZ 1 14 23
[104] = CCZ 4 10 22
[105] = CCZ 3 11 22
[106] = CCZ 2 12 22
[107] = CCZ 1 13 22
[108] = CCZ 3 10 21
[109] = CCZ 2 11 21
[110] = CCZ 1 12 21
[111] = CCZ 2 10 20
[112] = CCZ 1 11 20
[113] = CCZ 1 10 19
[114] = H 19
[115] = H 20
[116] = H 21
[117] = H 22
[118] = H 23
[119] = H 24
[120] = H 25
[121] = H 26
[122] = H 27

Algorithm used: todd

UniversalOptimize begin.
	Gate synthesis begin.

--- Testing Hamming Distance Version ---
in LempelX2_M4RI_Hamming
		Round = 0 (Start m: 171)
--- Hamming Distance Stats ---
 Dist 1: 266 pairs
 Dist 2: 1485 pairs
 Dist 3: 3028 pairs
 Dist 4: 6354 pairs
 Dist 5: 3024 pairs
 Dist 6: 378 pairs
-------------------------------
  [HIT!] Dist=1 | Deleted: 8 cols
>> Round 0 Result: Hit Rate = 100% (1/1)
		Round = 1 (Start m: 163)
--- Hamming Distance Stats ---
 Dist 1: 198 pairs
 Dist 2: 1137 pairs
 Dist 3: 2342 pairs
 Dist 4: 5278 pairs
 Dist 5: 3390 pairs
 Dist 6: 796 pairs
 Dist 7: 62 pairs
-------------------------------
  [HIT!] Dist=1 | Deleted: 6 cols
>> Round 1 Result: Hit Rate = 100% (1/1)
		Round = 2 (Start m: 157)
--- Hamming Distance Stats ---
 Dist 1: 159 pairs
 Dist 2: 941 pairs
 Dist 3: 2050 pairs
 Dist 4: 4567 pairs
 Dist 5: 3427 pairs
 Dist 6: 994 pairs
 Dist 7: 106 pairs
 Dist 8: 2 pairs
-------------------------------
  [HIT!] Dist=1 | Deleted: 2 cols
>> Round 2 Result: Hit Rate = 33.3333% (1/3)
		Round = 3 (Start m: 155)
--- Hamming Distance Stats ---
 Dist 1: 158 pairs
 Dist 2: 781 pairs
 Dist 3: 1743 pairs
 Dist 4: 3909 pairs
 Dist 5: 3354 pairs
 Dist 6: 1586 pairs
 Dist 7: 371 pairs
 Dist 8: 33 pairs
-------------------------------
  [HIT!] Dist=1 | Deleted: 2 cols
>> Round 3 Result: Hit Rate = 14.2857% (1/7)
		Round = 4 (Start m: 153)
--- Hamming Distance Stats ---
 Dist 1: 137 pairs
 Dist 2: 543 pairs
 Dist 3: 1372 pairs
 Dist 4: 2884 pairs
 Dist 5: 3254 pairs
 Dist 6: 2192 pairs
 Dist 7: 998 pairs
 Dist 8: 229 pairs
 Dist 9: 19 pairs
-------------------------------
  [HIT!] Dist=1 | Deleted: 2 cols
>> Round 4 Result: Hit Rate = 5% (1/20)
		Round = 5 (Start m: 151)
--- Hamming Distance Stats ---
 Dist 1: 136 pairs
 Dist 2: 468 pairs
 Dist 3: 1205 pairs
 Dist 4: 2638 pairs
 Dist 5: 2696 pairs
 Dist 6: 2181 pairs
 Dist 7: 1297 pairs
 Dist 8: 568 pairs
 Dist 9: 126 pairs
 Dist 10: 10 pairs
-------------------------------
  [HIT!] Dist=1 | Deleted: 4 cols
>> Round 5 Result: Hit Rate = 2.85714% (1/35)
		Round = 6 (Start m: 147)
--- Hamming Distance Stats ---
 Dist 1: 126 pairs
 Dist 2: 387 pairs
 Dist 3: 1124 pairs
 Dist 4: 2306 pairs
 Dist 5: 2590 pairs
 Dist 6: 2123 pairs
 Dist 7: 1319 pairs
 Dist 8: 582 pairs
 Dist 9: 152 pairs
 Dist 10: 21 pairs
 Dist 11: 1 pairs
-------------------------------
  [HIT!] Dist=2 | Deleted: 2 cols
>> Round 6 Result: Hit Rate = 0.724638% (1/138)
		Round = 7 (Start m: 145)
--- Hamming Distance Stats ---
 Dist 1: 116 pairs
 Dist 2: 346 pairs
 Dist 3: 1045 pairs
 Dist 4: 2232 pairs
 Dist 5: 2498 pairs
 Dist 6: 2056 pairs
 Dist 7: 1280 pairs
 Dist 8: 607 pairs
 Dist 9: 202 pairs
 Dist 10: 53 pairs
 Dist 11: 5 pairs
-------------------------------
  [HIT!] Dist=2 | Deleted: 2 cols
>> Round 7 Result: Hit Rate = 0.8% (1/125)
		Round = 8 (Start m: 143)
--- Hamming Distance Stats ---
 Dist 1: 111 pairs
 Dist 2: 316 pairs
 Dist 3: 943 pairs
 Dist 4: 2029 pairs
 Dist 5: 2344 pairs
 Dist 6: 1991 pairs
 Dist 7: 1317 pairs
 Dist 8: 717 pairs
 Dist 9: 299 pairs
 Dist 10: 78 pairs
 Dist 11: 8 pairs
-------------------------------
  [HIT!] Dist=1 | Deleted: 2 cols
>> Round 8 Result: Hit Rate = 1.5873% (1/63)
		Round = 9 (Start m: 141)
--- Hamming Distance Stats ---
 Dist 1: 108 pairs
 Dist 2: 310 pairs
 Dist 3: 907 pairs
 Dist 4: 1936 pairs
 Dist 5: 2415 pairs
 Dist 6: 2011 pairs
 Dist 7: 1375 pairs
 Dist 8: 633 pairs
 Dist 9: 159 pairs
 Dist 10: 16 pairs
-------------------------------
  [HIT!] Dist=2 | Deleted: 2 cols
>> Round 9 Result: Hit Rate = 0.884956% (1/113)
		Round = 10 (Start m: 139)
--- Hamming Distance Stats ---
 Dist 1: 112 pairs
 Dist 2: 295 pairs
 Dist 3: 816 pairs
 Dist 4: 1788 pairs
 Dist 5: 2309 pairs
 Dist 6: 2035 pairs
 Dist 7: 1420 pairs
 Dist 8: 638 pairs
 Dist 9: 161 pairs
 Dist 10: 17 pairs
-------------------------------
  [HIT!] Dist=2 | Deleted: 2 cols
>> Round 10 Result: Hit Rate = 0.487805% (1/205)
		Round = 11 (Start m: 137)
--- Hamming Distance Stats ---
 Dist 1: 101 pairs
 Dist 2: 280 pairs
 Dist 3: 789 pairs
 Dist 4: 1742 pairs
 Dist 5: 2258 pairs
 Dist 6: 1974 pairs
 Dist 7: 1363 pairs
 Dist 8: 631 pairs
 Dist 9: 161 pairs
 Dist 10: 17 pairs
-------------------------------
  [HIT!] Dist=2 | Deleted: 2 cols
>> Round 11 Result: Hit Rate = 0.28169% (1/355)
		Round = 12 (Start m: 135)
--- Hamming Distance Stats ---
 Dist 1: 97 pairs
 Dist 2: 260 pairs
 Dist 3: 716 pairs
 Dist 4: 1587 pairs
 Dist 5: 2170 pairs
 Dist 6: 1983 pairs
 Dist 7: 1380 pairs
 Dist 8: 643 pairs
 Dist 9: 179 pairs
 Dist 10: 28 pairs
 Dist 11: 2 pairs
-------------------------------
>> Round 12 Result: Hit Rate = 0% (0/9045)

=== Final Performance Statistics ===
Hamming time:   11 ms
Chi time:       911 ms
Nullspace time: 28897 ms
Total attempts: 10111 (Success: 12)
END OF LEMPELX2
Total LempelX2_M4RI_Hamming time: 30109 ms
Hamming result size: 135 columns
		TODD executed in 30.1086 seconds.
		Total time: 30.109s
	Gate synthesis end.
	Input has T-Count zero. Outputting the input.
	Gate synthesis begin.

--- Testing Hamming Distance Version ---
in LempelX2_M4RI_Hamming
		Round = 0 (Start m: 180)
--- Hamming Distance Stats ---
 Dist 1: 176 pairs
 Dist 2: 928 pairs
 Dist 3: 1580 pairs
 Dist 4: 2672 pairs
 Dist 5: 4464 pairs
 Dist 6: 4116 pairs
 Dist 7: 1864 pairs
 Dist 8: 310 pairs
-------------------------------
  [HIT!] Dist=1 | Deleted: 8 cols
>> Round 0 Result: Hit Rate = 33.3333% (1/3)
		Round = 1 (Start m: 172)
--- Hamming Distance Stats ---
 Dist 1: 136 pairs
 Dist 2: 736 pairs
 Dist 3: 1334 pairs
 Dist 4: 2198 pairs
 Dist 5: 3782 pairs
 Dist 6: 3886 pairs
 Dist 7: 2084 pairs
 Dist 8: 506 pairs
 Dist 9: 44 pairs
-------------------------------
  [HIT!] Dist=1 | Deleted: 2 cols
>> Round 1 Result: Hit Rate = 100% (1/1)
		Round = 2 (Start m: 170)
--- Hamming Distance Stats ---
 Dist 1: 137 pairs
 Dist 2: 621 pairs
 Dist 3: 1226 pairs
 Dist 4: 1982 pairs
 Dist 5: 3350 pairs
 Dist 6: 3760 pairs
 Dist 7: 2378 pairs
 Dist 8: 779 pairs
 Dist 9: 125 pairs
 Dist 10: 7 pairs
-------------------------------
  [HIT!] Dist=1 | Deleted: 4 cols
>> Round 2 Result: Hit Rate = 25% (1/4)
		Round = 3 (Start m: 166)
--- Hamming Distance Stats ---
 Dist 1: 124 pairs
 Dist 2: 491 pairs
 Dist 3: 1053 pairs
 Dist 4: 1777 pairs
 Dist 5: 2978 pairs
 Dist 6: 3484 pairs
 Dist 7: 2513 pairs
 Dist 8: 1038 pairs
 Dist 9: 220 pairs
 Dist 10: 17 pairs
-------------------------------
  [HIT!] Dist=1 | Deleted: 2 cols
>> Round 3 Result: Hit Rate = 100% (1/1)
		Round = 4 (Start m: 164)
--- Hamming Distance Stats ---
 Dist 1: 120 pairs
 Dist 2: 463 pairs
 Dist 3: 876 pairs
 Dist 4: 1491 pairs
 Dist 5: 2727 pairs
 Dist 6: 3331 pairs
 Dist 7: 2555 pairs
 Dist 8: 1275 pairs
 Dist 9: 437 pairs
 Dist 10: 86 pairs
 Dist 11: 5 pairs
-------------------------------
  [HIT!] Dist=1 | Deleted: 4 cols
>> Round 4 Result: Hit Rate = 100% (1/1)
		Round = 5 (Start m: 160)
--- Hamming Distance Stats ---
 Dist 1: 121 pairs
 Dist 2: 413 pairs
 Dist 3: 709 pairs
 Dist 4: 1262 pairs
 Dist 5: 2192 pairs
 Dist 6: 2806 pairs
 Dist 7: 2654 pairs
 Dist 8: 1644 pairs
 Dist 9: 701 pairs
 Dist 10: 199 pairs
 Dist 11: 19 pairs
-------------------------------
  [HIT!] Dist=1 | Deleted: 4 cols
>> Round 5 Result: Hit Rate = 4.7619% (1/21)
		Round = 6 (Start m: 156)
--- Hamming Distance Stats ---
 Dist 1: 123 pairs
 Dist 2: 438 pairs
 Dist 3: 807 pairs
 Dist 4: 1455 pairs
 Dist 5: 2166 pairs
 Dist 6: 2466 pairs
 Dist 7: 2204 pairs
 Dist 8: 1470 pairs
 Dist 9: 677 pairs
 Dist 10: 236 pairs
 Dist 11: 43 pairs
 Dist 12: 5 pairs
-------------------------------
  [HIT!] Dist=1 | Deleted: 2 cols
>> Round 6 Result: Hit Rate = 33.3333% (1/3)
		Round = 7 (Start m: 154)
--- Hamming Distance Stats ---
 Dist 1: 93 pairs
 Dist 2: 384 pairs
 Dist 3: 764 pairs
 Dist 4: 1369 pairs
 Dist 5: 2145 pairs
 Dist 6: 2424 pairs
 Dist 7: 2173 pairs
 Dist 8: 1457 pairs
 Dist 9: 680 pairs
 Dist 10: 238 pairs
 Dist 11: 49 pairs
 Dist 12: 5 pairs
-------------------------------
  [HIT!] Dist=1 | Deleted: 2 cols
>> Round 7 Result: Hit Rate = 3.84615% (1/26)
		Round = 8 (Start m: 152)
--- Hamming Distance Stats ---
 Dist 1: 84 pairs
 Dist 2: 322 pairs
 Dist 3: 732 pairs
 Dist 4: 1330 pairs
 Dist 5: 2017 pairs
 Dist 6: 2279 pairs
 Dist 7: 2113 pairs
 Dist 8: 1458 pairs
 Dist 9: 726 pairs
 Dist 10: 293 pairs
 Dist 11: 97 pairs
 Dist 12: 22 pairs
 Dist 13: 3 pairs
-------------------------------
  [HIT!] Dist=2 | Deleted: 2 cols
>> Round 8 Result: Hit Rate = 1.08696% (1/92)
		Round = 9 (Start m: 150)
--- Hamming Distance Stats ---
 Dist 1: 89 pairs
 Dist 2: 272 pairs
 Dist 3: 714 pairs
 Dist 4: 1332 pairs
 Dist 5: 2043 pairs
 Dist 6: 2308 pairs
 Dist 7: 2067 pairs
 Dist 8: 1429 pairs
 Dist 9: 672 pairs
 Dist 10: 208 pairs
 Dist 11: 39 pairs
 Dist 12: 2 pairs
-------------------------------
  [HIT!] Dist=2 | Deleted: 4 cols
>> Round 9 Result: Hit Rate = 0.70922% (1/141)
		Round = 10 (Start m: 146)
--- Hamming Distance Stats ---
 Dist 1: 82 pairs
 Dist 2: 234 pairs
 Dist 3: 619 pairs
 Dist 4: 1141 pairs
 Dist 5: 1803 pairs
 Dist 6: 2135 pairs
 Dist 7: 1985 pairs
 Dist 8: 1465 pairs
 Dist 9: 764 pairs
 Dist 10: 269 pairs
 Dist 11: 74 pairs
 Dist 12: 13 pairs
 Dist 13: 1 pairs
-------------------------------
  [HIT!] Dist=3 | Deleted: 2 cols
>> Round 10 Result: Hit Rate = 0.30303% (1/330)
		Round = 11 (Start m: 144)
--- Hamming Distance Stats ---
 Dist 1: 76 pairs
 Dist 2: 206 pairs
 Dist 3: 534 pairs
 Dist 4: 1024 pairs
 Dist 5: 1687 pairs
 Dist 6: 2076 pairs
 Dist 7: 1989 pairs
 Dist 8: 1507 pairs
 Dist 9: 800 pairs
 Dist 10: 300 pairs
 Dist 11: 81 pairs
 Dist 12: 15 pairs
 Dist 13: 1 pairs
-------------------------------
  [HIT!] Dist=6 | Deleted: 2 cols
>> Round 11 Result: Hit Rate = 0.0234522% (1/4264)
		Round = 12 (Start m: 142)
--- Hamming Distance Stats ---
 Dist 1: 61 pairs
 Dist 2: 199 pairs
 Dist 3: 493 pairs
 Dist 4: 944 pairs
 Dist 5: 1493 pairs
 Dist 6: 1893 pairs
 Dist 7: 1931 pairs
 Dist 8: 1536 pairs
 Dist 9: 912 pairs
 Dist 10: 402 pairs
 Dist 11: 124 pairs
 Dist 12: 21 pairs
 Dist 13: 2 pairs
-------------------------------
>> Round 12 Result: Hit Rate = 0% (0/10011)

=== Final Performance Statistics ===
Hamming time:   13 ms
Chi time:       1288 ms
Nullspace time: 42575 ms
Total attempts: 14898 (Success: 12)
END OF LEMPELX2
Total LempelX2_M4RI_Hamming time: 44265 ms
Hamming result size: 142 columns
		TODD executed in 44.2646 seconds.
		Total time: 44.2651s
	Gate synthesis end.
	Total time: 75.0953s
UniversalOptimize end.
Output circuit:
n 27
n_x 27
n_y 0
n_z 0
m 4801
[0] = H 19
[1] = H 20
[2] = H 21
[3] = H 22
[4] = H 23
[5] = H 24
[6] = H 25
[7] = H 26
[8] = CNOT 1 18
[9] = T 1
[10] = S 1
[11] = CNOT 1 18
[12] = CNOT 9 11
[13] = T 9
[14] = S 9
[15] = CNOT 9 19
[16] = T 9
[17] = CNOT 9 19
[18] = CNOT 9 11
[19] = CNOT 11 19
[20] = T 11
[21] = S 11
[22] = CNOT 11 19
[23] = CNOT 9 25
[24] = T 9
[25] = S 9
[26] = CNOT 9 25
[27] = T 1
[28] = Z 1
[29] = CNOT 8 12
[30] = CNOT 8 18
[31] = CNOT 8 24
[32] = T 8
[33] = CNOT 8 24
[34] = CNOT 8 21
[35] = T 8
[36] = CNOT 8 21
[37] = CNOT 8 18
[38] = CNOT 8 16
[39] = CNOT 8 19
[40] = T 8
[41] = CNOT 8 16
[42] = CNOT 8 12
[43] = CNOT 16 18
[44] = CNOT 16 19
[45] = T 16
[46] = S 16
[47] = Z 16
[48] = CNOT 16 19
[49] = CNOT 16 18
[50] = CNOT 8 16
[51] = T 8
[52] = S 8
[53] = Z 8
[54] = CNOT 8 19
[55] = CNOT 8 16
[56] = CNOT 8 11
[57] = T 8
[58] = S 8
[59] = CNOT 8 11
[60] = CNOT 7 13
[61] = CNOT 7 20
[62] = T 7
[63] = S 7
[64] = Z 7
[65] = CNOT 7 19
[66] = T 7
[67] = CNOT 7 20
[68] = CNOT 7 19
[69] = CNOT 7 13
[70] = CNOT 13 19
[71] = CNOT 13 20
[72] = T 13
[73] = S 13
[74] = Z 13
[75] = CNOT 13 20
[76] = CNOT 13 19
[77] = CNOT 12 19
[78] = CNOT 12 20
[79] = T 12
[80] = Z 12
[81] = CNOT 12 20
[82] = CNOT 12 19
[83] = CNOT 7 9
[84] = CNOT 7 12
[85] = CNOT 7 16
[86] = CNOT 7 24
[87] = T 7
[88] = CNOT 7 24
[89] = CNOT 7 16
[90] = CNOT 7 12
[91] = CNOT 7 9
[92] = CNOT 7 14
[93] = T 7
[94] = S 7
[95] = CNOT 7 14
[96] = CNOT 6 9
[97] = CNOT 6 14
[98] = T 6
[99] = S 6
[100] = Z 6
[101] = CNOT 6 19
[102] = T 6
[103] = CNOT 6 14
[104] = CNOT 6 9
[105] = CNOT 9 14
[106] = CNOT 9 19
[107] = T 9
[108] = S 9
[109] = Z 9
[110] = CNOT 9 19
[111] = CNOT 9 14
[112] = CNOT 6 9
[113] = T 6
[114] = S 6
[115] = Z 6
[116] = CNOT 6 19
[117] = CNOT 6 9
[118] = CNOT 3 16
[119] = T 3
[120] = S 3
[121] = CNOT 3 16
[122] = CNOT 5 7
[123] = CNOT 5 12
[124] = CNOT 5 15
[125] = CNOT 5 16
[126] = T 5
[127] = CNOT 5 19
[128] = T 5
[129] = CNOT 5 15
[130] = CNOT 5 7
[131] = CNOT 7 12
[132] = CNOT 7 15
[133] = CNOT 7 16
[134] = CNOT 7 19
[135] = T 7
[136] = CNOT 7 19
[137] = CNOT 7 16
[138] = CNOT 7 15
[139] = CNOT 7 12
[140] = CNOT 5 7
[141] = T 5
[142] = CNOT 5 19
[143] = CNOT 5 7
[144] = CNOT 9 10
[145] = T 9
[146] = S 9
[147] = CNOT 9 10
[148] = T 10
[149] = Z 10
[150] = CNOT 4 12
[151] = CNOT 4 16
[152] = CNOT 4 18
[153] = CNOT 4 20
[154] = T 4
[155] = CNOT 4 19
[156] = T 4
[157] = CNOT 4 16
[158] = CNOT 7 12
[159] = CNOT 7 16
[160] = CNOT 7 19
[161] = CNOT 7 20
[162] = T 7
[163] = CNOT 7 20
[164] = CNOT 7 19
[165] = CNOT 7 16
[166] = CNOT 7 12
[167] = T 4
[168] = CNOT 4 20
[169] = CNOT 4 19
[170] = CNOT 4 18
[171] = CNOT 4 12
[172] = CNOT 3 7
[173] = CNOT 3 17
[174] = CNOT 3 18
[175] = T 3
[176] = CNOT 3 17
[177] = T 3
[178] = Z 3
[179] = CNOT 3 19
[180] = T 3
[181] = CNOT 3 7
[182] = CNOT 7 17
[183] = CNOT 7 19
[184] = T 7
[185] = S 7
[186] = Z 7
[187] = CNOT 7 19
[188] = CNOT 7 17
[189] = CNOT 3 7
[190] = CNOT 3 17
[191] = T 3
[192] = CNOT 3 19
[193] = CNOT 3 18
[194] = CNOT 3 17
[195] = CNOT 3 7
[196] = CNOT 2 17
[197] = CNOT 2 18
[198] = T 2
[199] = S 2
[200] = Z 2
[201] = CNOT 2 18
[202] = CNOT 8 18
[203] = CNOT 8 25
[204] = T 8
[205] = CNOT 8 18
[206] = T 16
[207] = S 16
[208] = CNOT 2 19
[209] = T 2
[210] = S 2
[211] = Z 2
[212] = CNOT 2 17
[213] = CNOT 17 25
[214] = T 17
[215] = S 17
[216] = CNOT 17 25
[217] = CNOT 2 17
[218] = CNOT 2 18
[219] = T 2
[220] = CNOT 2 19
[221] = CNOT 2 18
[222] = CNOT 2 17
[223] = T 8
[224] = S 8
[225] = CNOT 8 25
[226] = CNOT 7 9
[227] = CNOT 7 18
[228] = T 7
[229] = Z 7
[230] = CNOT 7 20
[231] = T 7
[232] = CNOT 7 18
[233] = CNOT 18 25
[234] = T 18
[235] = S 18
[236] = CNOT 18 25
[237] = CNOT 7 12
[238] = CNOT 7 18
[239] = T 7
[240] = CNOT 7 20
[241] = CNOT 7 18
[242] = CNOT 7 9
[243] = CNOT 8 13
[244] = T 8
[245] = S 8
[246] = CNOT 8 20
[247] = T 8
[248] = CNOT 8 13
[249] = CNOT 7 13
[250] = CNOT 7 16
[251] = CNOT 7 21
[252] = T 7
[253] = CNOT 7 21
[254] = CNOT 7 16
[255] = CNOT 7 13
[256] = T 8
[257] = S 8
[258] = CNOT 8 20
[259] = CNOT 7 9
[260] = CNOT 7 24
[261] = T 7
[262] = CNOT 7 24
[263] = CNOT 7 12
[264] = CNOT 7 9
[265] = CNOT 14 20
[266] = T 14
[267] = S 14
[268] = CNOT 14 20
[269] = CNOT 7 14
[270] = CNOT 7 20
[271] = T 7
[272] = CNOT 7 20
[273] = CNOT 7 14
[274] = CNOT 7 9
[275] = CNOT 7 12
[276] = CNOT 7 26
[277] = T 7
[278] = CNOT 7 26
[279] = CNOT 7 12
[280] = CNOT 7 9
[281] = CNOT 6 15
[282] = T 6
[283] = S 6
[284] = CNOT 6 20
[285] = T 6
[286] = CNOT 6 15
[287] = CNOT 15 20
[288] = T 15
[289] = S 15
[290] = CNOT 15 20
[291] = T 6
[292] = S 6
[293] = CNOT 6 20
[294] = CNOT 4 15
[295] = T 4
[296] = S 4
[297] = CNOT 4 15
[298] = CNOT 5 7
[299] = CNOT 5 20
[300] = T 5
[301] = CNOT 5 16
[302] = CNOT 5 7
[303] = CNOT 7 12
[304] = CNOT 7 18
[305] = CNOT 7 26
[306] = T 7
[307] = CNOT 7 26
[308] = CNOT 7 18
[309] = CNOT 7 12
[310] = CNOT 5 7
[311] = T 5
[312] = CNOT 5 20
[313] = CNOT 5 12
[314] = CNOT 5 7
[315] = CNOT 4 12
[316] = CNOT 4 17
[317] = CNOT 4 18
[318] = T 4
[319] = CNOT 4 20
[320] = T 4
[321] = CNOT 4 20
[322] = CNOT 4 18
[323] = CNOT 4 17
[324] = CNOT 4 12
[325] = CNOT 12 17
[326] = CNOT 12 18
[327] = CNOT 12 20
[328] = T 12
[329] = CNOT 12 20
[330] = CNOT 12 18
[331] = CNOT 12 17
[332] = CNOT 7 9
[333] = CNOT 7 12
[334] = CNOT 7 18
[335] = CNOT 7 26
[336] = T 7
[337] = CNOT 7 26
[338] = CNOT 7 18
[339] = CNOT 3 18
[340] = T 3
[341] = S 3
[342] = Z 3
[343] = CNOT 3 20
[344] = T 3
[345] = CNOT 3 18
[346] = T 20
[347] = S 20
[348] = T 3
[349] = S 3
[350] = CNOT 3 20
[351] = CNOT 7 13
[352] = CNOT 7 16
[353] = CNOT 7 21
[354] = T 7
[355] = CNOT 7 21
[356] = T 7
[357] = CNOT 7 9
[358] = T 7
[359] = CNOT 7 16
[360] = CNOT 7 13
[361] = CNOT 7 26
[362] = T 7
[363] = Z 7
[364] = CNOT 7 26
[365] = CNOT 8 14
[366] = CNOT 8 21
[367] = T 8
[368] = CNOT 8 21
[369] = T 8
[370] = S 8
[371] = CNOT 8 14
[372] = CNOT 7 16
[373] = CNOT 7 24
[374] = T 7
[375] = CNOT 7 16
[376] = CNOT 8 16
[377] = CNOT 8 18
[378] = CNOT 8 21
[379] = T 8
[380] = CNOT 8 21
[381] = CNOT 8 16
[382] = CNOT 7 18
[383] = T 7
[384] = CNOT 7 24
[385] = CNOT 7 18
[386] = CNOT 7 9
[387] = CNOT 7 15
[388] = CNOT 7 16
[389] = CNOT 7 21
[390] = T 7
[391] = CNOT 7 21
[392] = CNOT 7 16
[393] = CNOT 7 15
[394] = CNOT 7 12
[395] = CNOT 7 9
[396] = CNOT 12 15
[397] = CNOT 12 16
[398] = T 12
[399] = S 12
[400] = Z 12
[401] = CNOT 12 16
[402] = CNOT 12 15
[403] = CNOT 8 12
[404] = CNOT 8 17
[405] = CNOT 8 24
[406] = T 8
[407] = CNOT 8 24
[408] = CNOT 8 18
[409] = CNOT 8 17
[410] = CNOT 8 12
[411] = CNOT 5 14
[412] = T 5
[413] = S 5
[414] = CNOT 5 14
[415] = CNOT 6 18
[416] = CNOT 6 21
[417] = T 6
[418] = S 6
[419] = Z 6
[420] = CNOT 6 18
[421] = CNOT 18 21
[422] = T 18
[423] = S 18
[424] = Z 18
[425] = CNOT 18 21
[426] = CNOT 6 16
[427] = CNOT 6 18
[428] = T 6
[429] = CNOT 6 21
[430] = CNOT 6 18
[431] = CNOT 6 16
[432] = CNOT 5 7
[433] = CNOT 5 12
[434] = CNOT 5 17
[435] = T 5
[436] = CNOT 5 21
[437] = T 5
[438] = CNOT 5 17
[439] = CNOT 5 7
[440] = CNOT 7 12
[441] = CNOT 7 17
[442] = CNOT 7 21
[443] = T 7
[444] = CNOT 7 21
[445] = CNOT 7 17
[446] = CNOT 7 12
[447] = CNOT 5 7
[448] = T 5
[449] = CNOT 5 21
[450] = CNOT 5 12
[451] = CNOT 5 7
[452] = CNOT 4 12
[453] = T 4
[454] = S 4
[455] = CNOT 4 18
[456] = CNOT 4 21
[457] = T 4
[458] = CNOT 4 18
[459] = CNOT 4 12
[460] = CNOT 12 17
[461] = CNOT 12 18
[462] = CNOT 12 24
[463] = T 12
[464] = CNOT 12 24
[465] = CNOT 12 18
[466] = CNOT 12 17
[467] = CNOT 4 12
[468] = T 4
[469] = S 4
[470] = Z 4
[471] = CNOT 4 21
[472] = CNOT 4 12
[473] = CNOT 9 17
[474] = CNOT 9 25
[475] = T 9
[476] = CNOT 9 25
[477] = CNOT 9 17
[478] = CNOT 14 21
[479] = T 14
[480] = S 14
[481] = CNOT 14 21
[482] = CNOT 9 14
[483] = CNOT 9 22
[484] = T 9
[485] = CNOT 9 22
[486] = CNOT 9 14
[487] = CNOT 14 22
[488] = T 14
[489] = S 14
[490] = CNOT 14 22
[491] = T 17
[492] = S 17
[493] = Z 17
[494] = CNOT 8 12
[495] = CNOT 8 15
[496] = CNOT 8 16
[497] = CNOT 8 21
[498] = T 8
[499] = CNOT 8 22
[500] = T 8
[501] = CNOT 8 15
[502] = CNOT 8 12
[503] = CNOT 12 15
[504] = CNOT 12 16
[505] = CNOT 12 21
[506] = CNOT 12 22
[507] = T 12
[508] = CNOT 12 22
[509] = CNOT 12 21
[510] = CNOT 12 16
[511] = CNOT 12 15
[512] = CNOT 8 12
[513] = T 8
[514] = CNOT 8 22
[515] = CNOT 8 21
[516] = CNOT 8 12
[517] = T 8
[518] = CNOT 8 16
[519] = CNOT 7 12
[520] = CNOT 7 21
[521] = CNOT 7 22
[522] = T 7
[523] = CNOT 7 12
[524] = CNOT 12 21
[525] = CNOT 12 22
[526] = T 12
[527] = S 12
[528] = CNOT 12 22
[529] = CNOT 12 21
[530] = CNOT 7 12
[531] = CNOT 7 16
[532] = T 7
[533] = CNOT 7 22
[534] = CNOT 7 12
[535] = CNOT 6 9
[536] = CNOT 6 17
[537] = T 6
[538] = S 6
[539] = Z 6
[540] = CNOT 6 22
[541] = T 6
[542] = CNOT 6 17
[543] = CNOT 6 9
[544] = CNOT 9 17
[545] = CNOT 9 22
[546] = T 9
[547] = S 9
[548] = Z 9
[549] = CNOT 9 22
[550] = CNOT 9 17
[551] = CNOT 6 9
[552] = T 6
[553] = S 6
[554] = Z 6
[555] = CNOT 6 22
[556] = CNOT 6 9
[557] = CNOT 5 18
[558] = T 5
[559] = S 5
[560] = CNOT 5 22
[561] = T 5
[562] = CNOT 5 18
[563] = CNOT 18 22
[564] = T 18
[565] = S 18
[566] = CNOT 18 22
[567] = T 5
[568] = S 5
[569] = CNOT 5 22
[570] = CNOT 12 24
[571] = T 12
[572] = CNOT 12 24
[573] = CNOT 7 12
[574] = CNOT 7 15
[575] = CNOT 7 23
[576] = T 7
[577] = CNOT 7 9
[578] = T 7
[579] = CNOT 7 15
[580] = CNOT 7 9
[581] = T 7
[582] = CNOT 6 13
[583] = T 6
[584] = S 6
[585] = CNOT 6 13
[586] = CNOT 8 18
[587] = CNOT 8 23
[588] = T 8
[589] = S 8
[590] = Z 8
[591] = CNOT 7 9
[592] = T 7
[593] = CNOT 7 23
[594] = CNOT 7 21
[595] = CNOT 7 16
[596] = CNOT 7 9
[597] = CNOT 8 16
[598] = T 8
[599] = CNOT 8 23
[600] = CNOT 8 16
[601] = CNOT 7 17
[602] = T 7
[603] = Z 7
[604] = CNOT 7 12
[605] = CNOT 7 23
[606] = T 7
[607] = CNOT 7 17
[608] = CNOT 17 23
[609] = T 17
[610] = S 17
[611] = CNOT 17 23
[612] = T 7
[613] = S 7
[614] = Z 7
[615] = CNOT 7 23
[616] = CNOT 6 16
[617] = CNOT 6 18
[618] = T 6
[619] = S 6
[620] = Z 6
[621] = CNOT 6 18
[622] = CNOT 6 16
[623] = CNOT 6 23
[624] = T 6
[625] = S 6
[626] = CNOT 16 18
[627] = CNOT 16 23
[628] = T 16
[629] = S 16
[630] = Z 16
[631] = CNOT 16 23
[632] = CNOT 16 18
[633] = CNOT 6 18
[634] = T 6
[635] = CNOT 6 23
[636] = CNOT 6 18
[637] = CNOT 8 12
[638] = CNOT 8 17
[639] = T 8
[640] = CNOT 8 18
[641] = CNOT 8 17
[642] = CNOT 8 12
[643] = Z 5
[644] = S 6
[645] = S 7
[646] = Z 8
[647] = Z 9
[648] = S 11
[649] = Z 11
[650] = S 12
[651] = Z 12
[652] = S 13
[653] = Z 13
[654] = Z 14
[655] = Z 15
[656] = S 18
[657] = Z 18
[658] = S 21
[659] = Z 21
[660] = Z 22
[661] = S 23
[662] = Z 23
[663] = S 25
[664] = Z 26
[665] = CNOT 2 18
[666] = Z 2
[667] = CNOT 2 18
[668] = CNOT 2 19
[669] = Z 2
[670] = CNOT 2 19
[671] = CNOT 3 7
[672] = Z 3
[673] = CNOT 3 7
[674] = CNOT 3 17
[675] = S 3
[676] = Z 3
[677] = CNOT 3 17
[678] = CNOT 3 19
[679] = S 3
[680] = Z 3
[681] = CNOT 3 19
[682] = CNOT 4 17
[683] = S 4
[684] = Z 4
[685] = CNOT 4 17
[686] = CNOT 4 18
[687] = S 4
[688] = Z 4
[689] = CNOT 4 18
[690] = CNOT 4 21
[691] = Z 4
[692] = CNOT 4 21
[693] = CNOT 5 7
[694] = S 5
[695] = Z 5
[696] = CNOT 5 7
[697] = CNOT 5 12
[698] = S 5
[699] = Z 5
[700] = CNOT 5 12
[701] = CNOT 5 17
[702] = S 5
[703] = Z 5
[704] = CNOT 5 17
[705] = CNOT 5 20
[706] = S 5
[707] = Z 5
[708] = CNOT 5 20
[709] = CNOT 5 21
[710] = S 5
[711] = Z 5
[712] = CNOT 5 21
[713] = CNOT 6 9
[714] = S 6
[715] = Z 6
[716] = CNOT 6 9
[717] = CNOT 6 14
[718] = Z 6
[719] = CNOT 6 14
[720] = CNOT 6 16
[721] = Z 6
[722] = CNOT 6 16
[723] = CNOT 6 17
[724] = Z 6
[725] = CNOT 6 17
[726] = CNOT 6 19
[727] = Z 6
[728] = CNOT 6 19
[729] = CNOT 6 21
[730] = Z 6
[731] = CNOT 6 21
[732] = CNOT 6 22
[733] = Z 6
[734] = CNOT 6 22
[735] = CNOT 7 12
[736] = T 7
[737] = CNOT 7 12
[738] = CNOT 7 13
[739] = Z 7
[740] = CNOT 7 13
[741] = CNOT 7 15
[742] = Z 7
[743] = CNOT 7 15
[744] = CNOT 7 16
[745] = Z 7
[746] = CNOT 7 16
[747] = CNOT 7 17
[748] = S 7
[749] = Z 7
[750] = CNOT 7 17
[751] = CNOT 7 18
[752] = S 7
[753] = Z 7
[754] = CNOT 7 18
[755] = CNOT 7 19
[756] = Z 7
[757] = CNOT 7 19
[758] = CNOT 7 21
[759] = S 7
[760] = CNOT 7 21
[761] = CNOT 7 22
[762] = S 7
[763] = Z 7
[764] = CNOT 7 22
[765] = CNOT 7 24
[766] = Z 7
[767] = CNOT 7 24
[768] = CNOT 7 26
[769] = Z 7
[770] = CNOT 7 26
[771] = CNOT 8 12
[772] = Z 8
[773] = CNOT 8 12
[774] = CNOT 8 17
[775] = S 8
[776] = Z 8
[777] = CNOT 8 17
[778] = CNOT 8 18
[779] = S 8
[780] = Z 8
[781] = CNOT 8 18
[782] = CNOT 8 19
[783] = Z 8
[784] = CNOT 8 19
[785] = CNOT 8 21
[786] = Z 8
[787] = CNOT 8 21
[788] = CNOT 8 23
[789] = Z 8
[790] = CNOT 8 23
[791] = CNOT 8 24
[792] = S 8
[793] = Z 8
[794] = CNOT 8 24
[795] = CNOT 9 12
[796] = S 9
[797] = CNOT 9 12
[798] = CNOT 9 15
[799] = S 9
[800] = CNOT 9 15
[801] = CNOT 9 16
[802] = Z 9
[803] = CNOT 9 16
[804] = CNOT 9 18
[805] = Z 9
[806] = CNOT 9 18
[807] = CNOT 9 20
[808] = S 9
[809] = Z 9
[810] = CNOT 9 20
[811] = CNOT 9 21
[812] = Z 9
[813] = CNOT 9 21
[814] = CNOT 9 23
[815] = S 9
[816] = CNOT 9 23
[817] = CNOT 9 24
[818] = S 9
[819] = Z 9
[820] = CNOT 9 24
[821] = CNOT 9 26
[822] = S 9
[823] = Z 9
[824] = CNOT 9 26
[825] = CNOT 12 15
[826] = Z 12
[827] = CNOT 12 15
[828] = CNOT 12 16
[829] = Z 12
[830] = CNOT 12 16
[831] = CNOT 12 19
[832] = S 12
[833] = Z 12
[834] = CNOT 12 19
[835] = CNOT 12 20
[836] = Z 12
[837] = CNOT 12 20
[838] = CNOT 12 21
[839] = S 12
[840] = Z 12
[841] = CNOT 12 21
[842] = CNOT 12 22
[843] = S 12
[844] = Z 12
[845] = CNOT 12 22
[846] = CNOT 12 23
[847] = Z 12
[848] = CNOT 12 23
[849] = CNOT 12 26
[850] = Z 12
[851] = CNOT 12 26
[852] = CNOT 13 19
[853] = Z 13
[854] = CNOT 13 19
[855] = CNOT 14 19
[856] = Z 14
[857] = CNOT 14 19
[858] = CNOT 15 16
[859] = Z 15
[860] = CNOT 15 16
[861] = CNOT 15 21
[862] = Z 15
[863] = CNOT 15 21
[864] = CNOT 15 23
[865] = S 15
[866] = CNOT 15 23
[867] = CNOT 16 19
[868] = Z 16
[869] = CNOT 16 19
[870] = CNOT 16 21
[871] = Z 16
[872] = CNOT 16 21
[873] = CNOT 16 24
[874] = S 16
[875] = Z 16
[876] = CNOT 16 24
[877] = CNOT 17 19
[878] = S 17
[879] = CNOT 17 19
[880] = CNOT 17 20
[881] = S 17
[882] = Z 17
[883] = CNOT 17 20
[884] = CNOT 17 21
[885] = S 17
[886] = Z 17
[887] = CNOT 17 21
[888] = CNOT 17 22
[889] = Z 17
[890] = CNOT 17 22
[891] = CNOT 17 24
[892] = S 17
[893] = Z 17
[894] = CNOT 17 24
[895] = CNOT 18 19
[896] = Z 18
[897] = CNOT 18 19
[898] = CNOT 18 20
[899] = Z 18
[900] = CNOT 18 20
[901] = CNOT 18 24
[902] = Z 18
[903] = CNOT 18 24
[904] = CNOT 18 26
[905] = S 18
[906] = Z 18
[907] = CNOT 18 26
[908] = CNOT 19 20
[909] = Z 19
[910] = CNOT 19 20
[911] = CNOT 21 22
[912] = S 21
[913] = Z 21
[914] = CNOT 21 22
[915] = CNOT 21 23
[916] = Z 21
[917] = CNOT 21 23
[918] = CNOT 3 7
[919] = CNOT 3 17
[920] = S 3
[921] = Z 3
[922] = CNOT 3 17
[923] = CNOT 3 19
[924] = S 3
[925] = Z 3
[926] = CNOT 3 19
[927] = CNOT 3 7
[928] = CNOT 3 17
[929] = CNOT 3 18
[930] = S 3
[931] = Z 3
[932] = CNOT 3 17
[933] = CNOT 3 19
[934] = S 3
[935] = Z 3
[936] = CNOT 3 19
[937] = CNOT 3 18
[938] = CNOT 4 12
[939] = CNOT 4 16
[940] = S 4
[941] = Z 4
[942] = CNOT 4 16
[943] = CNOT 4 17
[944] = S 4
[945] = Z 4
[946] = CNOT 4 17
[947] = CNOT 4 18
[948] = S 4
[949] = CNOT 4 18
[950] = CNOT 4 19
[951] = S 4
[952] = Z 4
[953] = CNOT 4 19
[954] = CNOT 4 20
[955] = Z 4
[956] = CNOT 4 20
[957] = CNOT 4 12
[958] = CNOT 4 16
[959] = CNOT 4 18
[960] = S 4
[961] = Z 4
[962] = CNOT 4 18
[963] = CNOT 4 20
[964] = S 4
[965] = Z 4
[966] = CNOT 4 20
[967] = CNOT 4 16
[968] = CNOT 4 17
[969] = CNOT 4 18
[970] = S 4
[971] = Z 4
[972] = CNOT 4 17
[973] = CNOT 4 19
[974] = S 4
[975] = Z 4
[976] = CNOT 4 19
[977] = CNOT 4 20
[978] = Z 4
[979] = CNOT 4 18
[980] = CNOT 4 19
[981] = S 4
[982] = Z 4
[983] = CNOT 4 20
[984] = CNOT 4 19
[985] = CNOT 5 7
[986] = CNOT 5 15
[987] = S 5
[988] = Z 5
[989] = CNOT 5 15
[990] = CNOT 5 16
[991] = Z 5
[992] = CNOT 5 16
[993] = CNOT 5 17
[994] = S 5
[995] = Z 5
[996] = CNOT 5 17
[997] = CNOT 5 19
[998] = S 5
[999] = Z 5
[1000] = CNOT 5 19
[1001] = CNOT 5 20
[1002] = S 5
[1003] = Z 5
[1004] = CNOT 5 20
[1005] = CNOT 5 21
[1006] = S 5
[1007] = Z 5
[1008] = CNOT 5 21
[1009] = CNOT 5 7
[1010] = CNOT 5 12
[1011] = CNOT 5 15
[1012] = S 5
[1013] = Z 5
[1014] = CNOT 5 15
[1015] = CNOT 5 16
[1016] = Z 5
[1017] = CNOT 5 16
[1018] = CNOT 5 17
[1019] = S 5
[1020] = Z 5
[1021] = CNOT 5 17
[1022] = CNOT 5 19
[1023] = S 5
[1024] = Z 5
[1025] = CNOT 5 19
[1026] = CNOT 5 20
[1027] = S 5
[1028] = Z 5
[1029] = CNOT 5 20
[1030] = CNOT 5 21
[1031] = S 5
[1032] = Z 5
[1033] = CNOT 5 21
[1034] = CNOT 5 12
[1035] = CNOT 5 15
[1036] = CNOT 5 16
[1037] = S 5
[1038] = Z 5
[1039] = CNOT 5 15
[1040] = CNOT 5 19
[1041] = S 5
[1042] = Z 5
[1043] = CNOT 5 19
[1044] = CNOT 5 16
[1045] = CNOT 7 9
[1046] = CNOT 7 12
[1047] = S 7
[1048] = Z 7
[1049] = CNOT 7 12
[1050] = CNOT 7 13
[1051] = S 7
[1052] = Z 7
[1053] = CNOT 7 13
[1054] = CNOT 7 15
[1055] = S 7
[1056] = Z 7
[1057] = CNOT 7 15
[1058] = CNOT 7 16
[1059] = S 7
[1060] = CNOT 7 16
[1061] = CNOT 7 20
[1062] = S 7
[1063] = Z 7
[1064] = CNOT 7 20
[1065] = CNOT 7 21
[1066] = Z 7
[1067] = CNOT 7 21
[1068] = CNOT 7 23
[1069] = S 7
[1070] = Z 7
[1071] = CNOT 7 23
[1072] = CNOT 7 24
[1073] = S 7
[1074] = Z 7
[1075] = CNOT 7 24
[1076] = CNOT 7 26
[1077] = S 7
[1078] = Z 7
[1079] = CNOT 7 26
[1080] = CNOT 7 9
[1081] = CNOT 7 12
[1082] = CNOT 7 13
[1083] = Z 7
[1084] = CNOT 7 13
[1085] = CNOT 7 15
[1086] = S 7
[1087] = CNOT 7 15
[1088] = CNOT 7 16
[1089] = S 7
[1090] = Z 7
[1091] = CNOT 7 16
[1092] = CNOT 7 18
[1093] = Z 7
[1094] = CNOT 7 18
[1095] = CNOT 7 19
[1096] = Z 7
[1097] = CNOT 7 19
[1098] = CNOT 7 20
[1099] = Z 7
[1100] = CNOT 7 20
[1101] = CNOT 7 21
[1102] = Z 7
[1103] = CNOT 7 21
[1104] = CNOT 7 22
[1105] = S 7
[1106] = Z 7
[1107] = CNOT 7 22
[1108] = CNOT 7 23
[1109] = Z 7
[1110] = CNOT 7 23
[1111] = CNOT 7 24
[1112] = Z 7
[1113] = CNOT 7 24
[1114] = CNOT 7 12
[1115] = CNOT 7 13
[1116] = CNOT 7 16
[1117] = Z 7
[1118] = CNOT 7 16
[1119] = CNOT 7 21
[1120] = S 7
[1121] = Z 7
[1122] = CNOT 7 21
[1123] = CNOT 7 13
[1124] = CNOT 7 15
[1125] = CNOT 7 16
[1126] = S 7
[1127] = CNOT 7 16
[1128] = CNOT 7 19
[1129] = S 7
[1130] = Z 7
[1131] = CNOT 7 19
[1132] = CNOT 7 21
[1133] = S 7
[1134] = Z 7
[1135] = CNOT 7 21
[1136] = CNOT 7 23
[1137] = S 7
[1138] = Z 7
[1139] = CNOT 7 23
[1140] = CNOT 7 15
[1141] = CNOT 7 16
[1142] = CNOT 7 19
[1143] = Z 7
[1144] = CNOT 7 19
[1145] = CNOT 7 20
[1146] = S 7
[1147] = Z 7
[1148] = CNOT 7 20
[1149] = CNOT 7 23
[1150] = Z 7
[1151] = CNOT 7 23
[1152] = CNOT 7 24
[1153] = S 7
[1154] = Z 7
[1155] = CNOT 7 24
[1156] = CNOT 7 16
[1157] = CNOT 7 17
[1158] = CNOT 7 18
[1159] = S 7
[1160] = Z 7
[1161] = CNOT 7 18
[1162] = CNOT 7 21
[1163] = S 7
[1164] = Z 7
[1165] = CNOT 7 21
[1166] = CNOT 7 17
[1167] = CNOT 7 18
[1168] = CNOT 7 19
[1169] = S 7
[1170] = Z 7
[1171] = CNOT 7 19
[1172] = CNOT 7 20
[1173] = S 7
[1174] = Z 7
[1175] = CNOT 7 20
[1176] = CNOT 7 26
[1177] = S 7
[1178] = Z 7
[1179] = CNOT 7 26
[1180] = CNOT 7 18
[1181] = CNOT 7 19
[1182] = CNOT 7 20
[1183] = S 7
[1184] = Z 7
[1185] = CNOT 7 20
[1186] = CNOT 7 19
[1187] = CNOT 7 21
[1188] = CNOT 7 22
[1189] = S 7
[1190] = Z 7
[1191] = CNOT 7 22
[1192] = CNOT 7 23
[1193] = Z 7
[1194] = CNOT 7 23
[1195] = CNOT 7 21
[1196] = CNOT 8 12
[1197] = CNOT 8 15
[1198] = S 8
[1199] = Z 8
[1200] = CNOT 8 15
[1201] = CNOT 8 16
[1202] = Z 8
[1203] = CNOT 8 16
[1204] = CNOT 8 17
[1205] = S 8
[1206] = Z 8
[1207] = CNOT 8 17
[1208] = CNOT 8 18
[1209] = Z 8
[1210] = CNOT 8 18
[1211] = CNOT 8 21
[1212] = Z 8
[1213] = CNOT 8 21
[1214] = CNOT 8 22
[1215] = S 8
[1216] = Z 8
[1217] = CNOT 8 22
[1218] = CNOT 8 24
[1219] = S 8
[1220] = Z 8
[1221] = CNOT 8 24
[1222] = CNOT 8 12
[1223] = CNOT 8 15
[1224] = CNOT 8 16
[1225] = S 8
[1226] = Z 8
[1227] = CNOT 8 16
[1228] = CNOT 8 21
[1229] = S 8
[1230] = Z 8
[1231] = CNOT 8 21
[1232] = CNOT 8 15
[1233] = CNOT 8 16
[1234] = CNOT 8 18
[1235] = S 8
[1236] = Z 8
[1237] = CNOT 8 18
[1238] = CNOT 8 21
[1239] = Z 8
[1240] = CNOT 8 21
[1241] = CNOT 8 22
[1242] = S 8
[1243] = Z 8
[1244] = CNOT 8 22
[1245] = CNOT 8 16
[1246] = CNOT 8 17
[1247] = CNOT 8 18
[1248] = S 8
[1249] = Z 8
[1250] = CNOT 8 17
[1251] = CNOT 8 21
[1252] = S 8
[1253] = Z 8
[1254] = CNOT 8 21
[1255] = CNOT 8 24
[1256] = S 8
[1257] = Z 8
[1258] = CNOT 8 24
[1259] = CNOT 8 18
[1260] = CNOT 8 21
[1261] = CNOT 8 22
[1262] = S 8
[1263] = Z 8
[1264] = CNOT 8 22
[1265] = CNOT 8 21
[1266] = CNOT 9 12
[1267] = CNOT 9 13
[1268] = S 9
[1269] = Z 9
[1270] = CNOT 9 13
[1271] = CNOT 9 15
[1272] = S 9
[1273] = Z 9
[1274] = CNOT 9 15
[1275] = CNOT 9 16
[1276] = S 9
[1277] = CNOT 9 16
[1278] = CNOT 9 18
[1279] = S 9
[1280] = Z 9
[1281] = CNOT 9 18
[1282] = CNOT 9 21
[1283] = Z 9
[1284] = CNOT 9 21
[1285] = CNOT 9 23
[1286] = S 9
[1287] = Z 9
[1288] = CNOT 9 23
[1289] = CNOT 9 24
[1290] = S 9
[1291] = Z 9
[1292] = CNOT 9 24
[1293] = CNOT 9 26
[1294] = S 9
[1295] = Z 9
[1296] = CNOT 9 26
[1297] = CNOT 9 12
[1298] = CNOT 9 13
[1299] = CNOT 9 16
[1300] = S 9
[1301] = Z 9
[1302] = CNOT 9 13
[1303] = CNOT 9 15
[1304] = S 9
[1305] = Z 9
[1306] = CNOT 9 16
[1307] = CNOT 9 21
[1308] = S 9
[1309] = Z 9
[1310] = CNOT 9 15
[1311] = CNOT 9 16
[1312] = Z 9
[1313] = CNOT 9 21
[1314] = CNOT 9 23
[1315] = S 9
[1316] = Z 9
[1317] = CNOT 9 23
[1318] = CNOT 9 16
[1319] = CNOT 9 18
[1320] = CNOT 9 20
[1321] = S 9
[1322] = Z 9
[1323] = CNOT 9 20
[1324] = CNOT 9 18
[1325] = CNOT 9 21
[1326] = CNOT 9 23
[1327] = S 9
[1328] = Z 9
[1329] = CNOT 9 23
[1330] = CNOT 9 21
[1331] = CNOT 12 13
[1332] = CNOT 12 16
[1333] = Z 12
[1334] = CNOT 12 16
[1335] = CNOT 12 21
[1336] = S 12
[1337] = Z 12
[1338] = CNOT 12 21
[1339] = CNOT 12 13
[1340] = CNOT 12 15
[1341] = CNOT 12 19
[1342] = S 12
[1343] = Z 12
[1344] = CNOT 12 19
[1345] = CNOT 12 21
[1346] = S 12
[1347] = CNOT 12 21
[1348] = CNOT 12 22
[1349] = S 12
[1350] = Z 12
[1351] = CNOT 12 22
[1352] = CNOT 12 23
[1353] = S 12
[1354] = Z 12
[1355] = CNOT 12 23
[1356] = CNOT 12 15
[1357] = CNOT 12 16
[1358] = CNOT 12 18
[1359] = S 12
[1360] = Z 12
[1361] = CNOT 12 18
[1362] = CNOT 12 19
[1363] = S 12
[1364] = CNOT 12 19
[1365] = CNOT 12 20
[1366] = Z 12
[1367] = CNOT 12 20
[1368] = CNOT 12 21
[1369] = Z 12
[1370] = CNOT 12 21
[1371] = CNOT 12 22
[1372] = Z 12
[1373] = CNOT 12 22
[1374] = CNOT 12 23
[1375] = Z 12
[1376] = CNOT 12 23
[1377] = CNOT 12 24
[1378] = S 12
[1379] = Z 12
[1380] = CNOT 12 24
[1381] = CNOT 12 16
[1382] = CNOT 12 17
[1383] = CNOT 12 18
[1384] = S 12
[1385] = CNOT 12 18
[1386] = CNOT 12 20
[1387] = S 12
[1388] = Z 12
[1389] = CNOT 12 20
[1390] = CNOT 12 21
[1391] = S 12
[1392] = Z 12
[1393] = CNOT 12 21
[1394] = CNOT 12 24
[1395] = S 12
[1396] = Z 12
[1397] = CNOT 12 24
[1398] = CNOT 12 17
[1399] = CNOT 12 18
[1400] = CNOT 12 19
[1401] = S 12
[1402] = Z 12
[1403] = CNOT 12 19
[1404] = CNOT 12 20
[1405] = S 12
[1406] = CNOT 12 20
[1407] = CNOT 12 21
[1408] = S 12
[1409] = Z 12
[1410] = CNOT 12 21
[1411] = CNOT 12 24
[1412] = Z 12
[1413] = CNOT 12 24
[1414] = CNOT 12 26
[1415] = S 12
[1416] = Z 12
[1417] = CNOT 12 26
[1418] = CNOT 12 18
[1419] = CNOT 12 21
[1420] = CNOT 12 23
[1421] = Z 12
[1422] = CNOT 12 23
[1423] = CNOT 12 21
[1424] = CNOT 13 16
[1425] = CNOT 13 21
[1426] = S 13
[1427] = Z 13
[1428] = CNOT 13 21
[1429] = CNOT 13 16
[1430] = CNOT 15 16
[1431] = CNOT 15 19
[1432] = S 15
[1433] = Z 15
[1434] = CNOT 15 19
[1435] = CNOT 15 21
[1436] = S 15
[1437] = CNOT 15 21
[1438] = CNOT 15 22
[1439] = S 15
[1440] = Z 15
[1441] = CNOT 15 22
[1442] = CNOT 15 23
[1443] = S 15
[1444] = Z 15
[1445] = CNOT 15 23
[1446] = CNOT 15 16
[1447] = CNOT 15 21
[1448] = CNOT 15 22
[1449] = S 15
[1450] = Z 15
[1451] = CNOT 15 22
[1452] = CNOT 15 23
[1453] = S 15
[1454] = Z 15
[1455] = CNOT 15 23
[1456] = CNOT 15 21
[1457] = CNOT 16 18
[1458] = CNOT 16 20
[1459] = S 16
[1460] = Z 16
[1461] = CNOT 16 20
[1462] = CNOT 16 21
[1463] = S 16
[1464] = Z 16
[1465] = CNOT 16 21
[1466] = CNOT 16 18
[1467] = CNOT 16 19
[1468] = CNOT 16 20
[1469] = S 16
[1470] = Z 16
[1471] = CNOT 16 20
[1472] = CNOT 16 19
[1473] = CNOT 16 21
[1474] = CNOT 16 22
[1475] = Z 16
[1476] = CNOT 16 22
[1477] = CNOT 16 23
[1478] = Z 16
[1479] = CNOT 16 23
[1480] = CNOT 16 21
[1481] = CNOT 17 18
[1482] = CNOT 17 19
[1483] = S 17
[1484] = Z 17
[1485] = CNOT 17 19
[1486] = CNOT 17 20
[1487] = S 17
[1488] = Z 17
[1489] = CNOT 17 20
[1490] = CNOT 17 24
[1491] = S 17
[1492] = Z 17
[1493] = CNOT 17 24
[1494] = CNOT 17 18
[1495] = CNOT 18 19
[1496] = CNOT 18 20
[1497] = S 18
[1498] = Z 18
[1499] = CNOT 18 20
[1500] = CNOT 18 19
[1501] = CNOT 10 9
[1502] = CNOT 11 8
[1503] = CNOT 12 7
[1504] = CNOT 13 6
[1505] = CNOT 14 5
[1506] = CNOT 15 4
[1507] = CNOT 16 3
[1508] = CNOT 17 2
[1509] = CNOT 18 1
[1510] = H 19
[1511] = H 20
[1512] = H 21
[1513] = H 22
[1514] = H 23
[1515] = H 24
[1516] = H 25
[1517] = H 26
[1518] = CNOT 21 26
[1519] = CNOT 20 25
[1520] = CNOT 19 24
[1521] = CNOT 27 23
[1522] = CNOT 26 22
[1523] = CNOT 25 21
[1524] = CNOT 24 20
[1525] = CNOT 23 19
[1526] = H 19
[1527] = H 20
[1528] = H 21
[1529] = H 22
[1530] = H 23
[1531] = H 24
[1532] = H 25
[1533] = H 26
[1534] = H 27
[1535] = CNOT 1 9
[1536] = CNOT 1 10
[1537] = CNOT 1 27
[1538] = T 1
[1539] = CNOT 1 10
[1540] = CNOT 1 9
[1541] = CNOT 10 27
[1542] = T 10
[1543] = Z 10
[1544] = CNOT 10 27
[1545] = CNOT 2 3
[1546] = CNOT 2 9
[1547] = CNOT 2 10
[1548] = CNOT 2 20
[1549] = CNOT 2 27
[1550] = T 2
[1551] = CNOT 2 27
[1552] = CNOT 2 20
[1553] = CNOT 2 10
[1554] = CNOT 2 9
[1555] = CNOT 2 3
[1556] = CNOT 9 27
[1557] = T 9
[1558] = S 9
[1559] = Z 9
[1560] = CNOT 9 27
[1561] = CNOT 11 27
[1562] = T 11
[1563] = S 11
[1564] = CNOT 11 27
[1565] = CNOT 1 2
[1566] = CNOT 1 3
[1567] = CNOT 1 8
[1568] = CNOT 1 11
[1569] = CNOT 1 20
[1570] = T 1
[1571] = CNOT 1 20
[1572] = CNOT 1 11
[1573] = CNOT 1 8
[1574] = CNOT 1 3
[1575] = CNOT 1 2
[1576] = T 8
[1577] = CNOT 12 27
[1578] = T 12
[1579] = CNOT 12 27
[1580] = CNOT 7 12
[1581] = T 7
[1582] = CNOT 7 12
[1583] = CNOT 7 27
[1584] = T 7
[1585] = S 7
[1586] = Z 7
[1587] = CNOT 7 27
[1588] = CNOT 3 13
[1589] = CNOT 3 27
[1590] = T 3
[1591] = Z 3
[1592] = CNOT 3 27
[1593] = CNOT 3 13
[1594] = CNOT 1 5
[1595] = CNOT 1 13
[1596] = T 1
[1597] = CNOT 1 13
[1598] = CNOT 1 5
[1599] = T 6
[1600] = CNOT 14 27
[1601] = T 14
[1602] = Z 14
[1603] = CNOT 14 27
[1604] = CNOT 1 21
[1605] = T 1
[1606] = S 1
[1607] = Z 1
[1608] = CNOT 1 21
[1609] = CNOT 1 3
[1610] = CNOT 1 5
[1611] = CNOT 1 23
[1612] = CNOT 1 26
[1613] = T 1
[1614] = CNOT 1 26
[1615] = CNOT 1 23
[1616] = CNOT 1 5
[1617] = CNOT 1 3
[1618] = CNOT 15 27
[1619] = T 15
[1620] = S 15
[1621] = CNOT 15 27
[1622] = CNOT 3 5
[1623] = CNOT 3 13
[1624] = CNOT 3 22
[1625] = CNOT 3 27
[1626] = T 3
[1627] = CNOT 3 27
[1628] = CNOT 3 22
[1629] = CNOT 3 13
[1630] = CNOT 3 5
[1631] = CNOT 4 27
[1632] = T 4
[1633] = S 4
[1634] = Z 4
[1635] = CNOT 4 27
[1636] = CNOT 1 3
[1637] = CNOT 1 16
[1638] = T 1
[1639] = CNOT 1 3
[1640] = T 1
[1641] = S 1
[1642] = CNOT 1 16
[1643] = CNOT 3 5
[1644] = CNOT 3 6
[1645] = CNOT 3 27
[1646] = T 3
[1647] = CNOT 3 27
[1648] = CNOT 3 6
[1649] = CNOT 3 5
[1650] = CNOT 2 22
[1651] = T 2
[1652] = S 2
[1653] = CNOT 2 22
[1654] = CNOT 2 17
[1655] = CNOT 2 27
[1656] = T 2
[1657] = S 2
[1658] = Z 2
[1659] = CNOT 2 27
[1660] = CNOT 2 17
[1661] = CNOT 1 2
[1662] = CNOT 1 3
[1663] = CNOT 1 20
[1664] = T 1
[1665] = CNOT 1 20
[1666] = CNOT 1 3
[1667] = CNOT 1 2
[1668] = CNOT 18 27
[1669] = T 18
[1670] = Z 18
[1671] = CNOT 18 27
[1672] = CNOT 1 18
[1673] = T 1
[1674] = S 1
[1675] = Z 1
[1676] = CNOT 1 18
[1677] = CNOT 3 20
[1678] = CNOT 3 27
[1679] = T 3
[1680] = S 3
[1681] = CNOT 3 27
[1682] = CNOT 3 20
[1683] = CNOT 8 9
[1684] = CNOT 8 10
[1685] = CNOT 8 27
[1686] = T 8
[1687] = CNOT 8 26
[1688] = T 8
[1689] = CNOT 8 10
[1690] = CNOT 8 9
[1691] = CNOT 9 10
[1692] = CNOT 9 26
[1693] = CNOT 9 27
[1694] = T 9
[1695] = CNOT 9 27
[1696] = CNOT 9 26
[1697] = CNOT 9 10
[1698] = T 8
[1699] = Z 8
[1700] = CNOT 8 27
[1701] = CNOT 8 26
[1702] = CNOT 1 2
[1703] = CNOT 1 3
[1704] = CNOT 1 19
[1705] = T 1
[1706] = CNOT 1 19
[1707] = CNOT 1 7
[1708] = CNOT 1 8
[1709] = CNOT 1 11
[1710] = T 1
[1711] = CNOT 1 26
[1712] = T 1
[1713] = CNOT 1 7
[1714] = T 1
[1715] = CNOT 1 11
[1716] = CNOT 1 8
[1717] = CNOT 1 7
[1718] = T 1
[1719] = CNOT 1 3
[1720] = CNOT 1 2
[1721] = CNOT 5 6
[1722] = CNOT 5 22
[1723] = CNOT 5 27
[1724] = T 5
[1725] = CNOT 5 27
[1726] = CNOT 5 22
[1727] = CNOT 5 6
[1728] = CNOT 1 5
[1729] = CNOT 1 6
[1730] = CNOT 1 12
[1731] = T 1
[1732] = CNOT 1 6
[1733] = T 1
[1734] = CNOT 1 12
[1735] = CNOT 1 7
[1736] = CNOT 1 3
[1737] = CNOT 1 6
[1738] = T 1
[1739] = CNOT 1 5
[1740] = CNOT 1 3
[1741] = CNOT 2 3
[1742] = CNOT 2 9
[1743] = CNOT 2 10
[1744] = CNOT 2 19
[1745] = CNOT 2 27
[1746] = T 2
[1747] = CNOT 2 19
[1748] = CNOT 2 10
[1749] = CNOT 2 9
[1750] = CNOT 2 3
[1751] = CNOT 5 6
[1752] = CNOT 5 13
[1753] = CNOT 5 23
[1754] = CNOT 5 26
[1755] = CNOT 5 27
[1756] = T 5
[1757] = CNOT 5 27
[1758] = CNOT 5 26
[1759] = CNOT 5 23
[1760] = CNOT 5 13
[1761] = CNOT 5 6
[1762] = CNOT 3 5
[1763] = CNOT 3 6
[1764] = CNOT 3 13
[1765] = CNOT 3 23
[1766] = CNOT 3 27
[1767] = T 3
[1768] = CNOT 3 27
[1769] = CNOT 3 23
[1770] = CNOT 3 13
[1771] = CNOT 3 6
[1772] = CNOT 3 5
[1773] = CNOT 1 3
[1774] = CNOT 1 13
[1775] = T 1
[1776] = CNOT 1 13
[1777] = CNOT 1 6
[1778] = CNOT 1 3
[1779] = CNOT 3 5
[1780] = CNOT 3 26
[1781] = CNOT 3 27
[1782] = T 3
[1783] = CNOT 3 4
[1784] = CNOT 3 14
[1785] = CNOT 3 23
[1786] = T 3
[1787] = CNOT 3 26
[1788] = T 3
[1789] = CNOT 3 14
[1790] = CNOT 3 5
[1791] = CNOT 2 6
[1792] = CNOT 2 14
[1793] = CNOT 2 26
[1794] = T 2
[1795] = CNOT 2 14
[1796] = T 3
[1797] = CNOT 3 27
[1798] = CNOT 3 23
[1799] = CNOT 3 4
[1800] = CNOT 9 10
[1801] = CNOT 9 21
[1802] = CNOT 9 27
[1803] = T 9
[1804] = CNOT 9 27
[1805] = CNOT 9 21
[1806] = CNOT 9 10
[1807] = CNOT 2 3
[1808] = CNOT 2 5
[1809] = CNOT 2 23
[1810] = T 2
[1811] = CNOT 2 27
[1812] = CNOT 2 26
[1813] = CNOT 2 23
[1814] = CNOT 2 6
[1815] = CNOT 2 5
[1816] = CNOT 2 3
[1817] = CNOT 1 2
[1818] = CNOT 1 4
[1819] = CNOT 1 15
[1820] = T 1
[1821] = CNOT 1 3
[1822] = T 1
[1823] = CNOT 1 26
[1824] = CNOT 1 15
[1825] = CNOT 1 4
[1826] = CNOT 1 2
[1827] = CNOT 1 5
[1828] = CNOT 1 6
[1829] = CNOT 1 22
[1830] = T 1
[1831] = CNOT 1 22
[1832] = CNOT 1 6
[1833] = CNOT 1 5
[1834] = CNOT 1 2
[1835] = CNOT 1 16
[1836] = CNOT 1 23
[1837] = CNOT 1 26
[1838] = T 1
[1839] = CNOT 1 26
[1840] = CNOT 1 2
[1841] = T 1
[1842] = CNOT 1 2
[1843] = T 1
[1844] = CNOT 1 23
[1845] = CNOT 1 16
[1846] = CNOT 1 3
[1847] = CNOT 1 2
[1848] = CNOT 5 6
[1849] = CNOT 5 8
[1850] = CNOT 5 11
[1851] = CNOT 5 22
[1852] = CNOT 5 27
[1853] = T 5
[1854] = CNOT 5 22
[1855] = CNOT 5 11
[1856] = CNOT 5 8
[1857] = CNOT 7 12
[1858] = CNOT 7 22
[1859] = T 7
[1860] = S 7
[1861] = Z 7
[1862] = CNOT 7 22
[1863] = CNOT 7 12
[1864] = CNOT 1 17
[1865] = T 1
[1866] = S 1
[1867] = Z 1
[1868] = CNOT 1 26
[1869] = T 1
[1870] = CNOT 1 26
[1871] = CNOT 1 17
[1872] = CNOT 17 26
[1873] = CNOT 17 27
[1874] = T 17
[1875] = S 17
[1876] = Z 17
[1877] = CNOT 17 27
[1878] = CNOT 17 26
[1879] = CNOT 5 26
[1880] = T 5
[1881] = CNOT 5 27
[1882] = CNOT 5 26
[1883] = CNOT 5 6
[1884] = CNOT 1 2
[1885] = CNOT 1 3
[1886] = CNOT 1 9
[1887] = CNOT 1 10
[1888] = CNOT 1 19
[1889] = T 1
[1890] = CNOT 1 19
[1891] = CNOT 1 7
[1892] = T 1
[1893] = CNOT 1 25
[1894] = T 1
[1895] = CNOT 1 7
[1896] = T 1
[1897] = CNOT 1 10
[1898] = CNOT 1 9
[1899] = CNOT 1 7
[1900] = T 1
[1901] = CNOT 1 25
[1902] = CNOT 1 7
[1903] = CNOT 1 2
[1904] = CNOT 1 5
[1905] = CNOT 1 13
[1906] = CNOT 1 22
[1907] = T 1
[1908] = CNOT 1 22
[1909] = CNOT 1 13
[1910] = CNOT 1 3
[1911] = CNOT 1 6
[1912] = CNOT 1 8
[1913] = CNOT 1 11
[1914] = CNOT 1 25
[1915] = T 1
[1916] = CNOT 1 6
[1917] = T 1
[1918] = CNOT 1 11
[1919] = CNOT 1 8
[1920] = CNOT 1 3
[1921] = CNOT 1 6
[1922] = T 1
[1923] = CNOT 1 6
[1924] = CNOT 1 3
[1925] = CNOT 2 7
[1926] = CNOT 2 12
[1927] = CNOT 2 22
[1928] = T 2
[1929] = CNOT 2 22
[1930] = CNOT 2 12
[1931] = CNOT 2 7
[1932] = CNOT 1 7
[1933] = CNOT 1 12
[1934] = T 1
[1935] = CNOT 1 5
[1936] = T 1
[1937] = CNOT 1 25
[1938] = CNOT 1 12
[1939] = CNOT 1 7
[1940] = CNOT 7 12
[1941] = CNOT 7 21
[1942] = CNOT 7 27
[1943] = T 7
[1944] = CNOT 7 27
[1945] = CNOT 7 21
[1946] = CNOT 7 12
[1947] = CNOT 3 4
[1948] = CNOT 3 6
[1949] = CNOT 3 13
[1950] = CNOT 3 23
[1951] = CNOT 3 26
[1952] = CNOT 3 27
[1953] = T 3
[1954] = CNOT 3 25
[1955] = T 3
[1956] = CNOT 3 4
[1957] = T 3
[1958] = CNOT 3 13
[1959] = CNOT 3 6
[1960] = CNOT 3 4
[1961] = T 3
[1962] = CNOT 3 27
[1963] = CNOT 3 26
[1964] = CNOT 3 25
[1965] = CNOT 3 23
[1966] = CNOT 3 4
[1967] = CNOT 1 3
[1968] = CNOT 1 5
[1969] = CNOT 1 14
[1970] = T 1
[1971] = CNOT 1 5
[1972] = CNOT 1 3
[1973] = CNOT 1 2
[1974] = CNOT 1 6
[1975] = CNOT 1 23
[1976] = CNOT 1 25
[1977] = CNOT 1 26
[1978] = T 1
[1979] = CNOT 1 3
[1980] = T 1
[1981] = CNOT 1 26
[1982] = CNOT 1 25
[1983] = CNOT 1 23
[1984] = CNOT 1 14
[1985] = CNOT 1 6
[1986] = CNOT 1 3
[1987] = CNOT 1 2
[1988] = CNOT 1 7
[1989] = CNOT 1 12
[1990] = CNOT 1 21
[1991] = T 1
[1992] = CNOT 1 21
[1993] = CNOT 1 12
[1994] = CNOT 1 7
[1995] = CNOT 1 6
[1996] = CNOT 1 13
[1997] = CNOT 1 23
[1998] = CNOT 1 26
[1999] = T 1
[2000] = CNOT 1 26
[2001] = CNOT 1 23
[2002] = CNOT 1 13
[2003] = CNOT 1 6
[2004] = CNOT 1 2
[2005] = CNOT 1 4
[2006] = CNOT 1 15
[2007] = CNOT 1 25
[2008] = T 1
[2009] = CNOT 1 2
[2010] = T 1
[2011] = CNOT 1 15
[2012] = CNOT 1 4
[2013] = CNOT 9 10
[2014] = T 9
[2015] = Z 9
[2016] = CNOT 9 10
[2017] = CNOT 3 16
[2018] = CNOT 3 23
[2019] = CNOT 3 26
[2020] = CNOT 3 27
[2021] = T 3
[2022] = CNOT 3 26
[2023] = CNOT 3 23
[2024] = CNOT 3 16
[2025] = CNOT 1 16
[2026] = CNOT 1 23
[2027] = CNOT 1 26
[2028] = T 1
[2029] = CNOT 1 16
[2030] = CNOT 16 23
[2031] = CNOT 16 25
[2032] = CNOT 16 26
[2033] = CNOT 16 27
[2034] = T 16
[2035] = CNOT 16 27
[2036] = CNOT 16 26
[2037] = CNOT 16 25
[2038] = CNOT 16 23
[2039] = T 1
[2040] = CNOT 1 26
[2041] = CNOT 1 25
[2042] = CNOT 1 23
[2043] = CNOT 6 9
[2044] = CNOT 6 10
[2045] = CNOT 6 27
[2046] = T 6
[2047] = CNOT 6 24
[2048] = T 6
[2049] = CNOT 6 27
[2050] = CNOT 6 24
[2051] = CNOT 6 10
[2052] = CNOT 6 9
[2053] = CNOT 9 10
[2054] = CNOT 9 24
[2055] = CNOT 9 27
[2056] = T 9
[2057] = CNOT 9 27
[2058] = CNOT 9 24
[2059] = CNOT 9 10
[2060] = CNOT 3 6
[2061] = CNOT 3 24
[2062] = T 3
[2063] = CNOT 3 27
[2064] = CNOT 3 24
[2065] = CNOT 3 6
[2066] = CNOT 1 3
[2067] = CNOT 1 8
[2068] = CNOT 1 11
[2069] = T 1
[2070] = CNOT 1 3
[2071] = CNOT 1 5
[2072] = CNOT 1 24
[2073] = T 1
[2074] = CNOT 1 5
[2075] = T 1
[2076] = CNOT 1 11
[2077] = CNOT 1 8
[2078] = CNOT 1 3
[2079] = CNOT 1 5
[2080] = T 1
[2081] = CNOT 1 24
[2082] = CNOT 1 4
[2083] = CNOT 1 6
[2084] = CNOT 1 7
[2085] = CNOT 1 12
[2086] = T 1
[2087] = CNOT 1 24
[2088] = T 1
[2089] = CNOT 1 4
[2090] = T 1
[2091] = CNOT 1 12
[2092] = CNOT 1 7
[2093] = CNOT 1 4
[2094] = T 1
[2095] = CNOT 1 24
[2096] = CNOT 1 6
[2097] = CNOT 1 4
[2098] = CNOT 1 2
[2099] = CNOT 1 13
[2100] = CNOT 1 23
[2101] = CNOT 1 26
[2102] = T 1
[2103] = CNOT 1 26
[2104] = CNOT 1 23
[2105] = CNOT 1 13
[2106] = CNOT 1 5
[2107] = CNOT 1 3
[2108] = CNOT 1 2
[2109] = CNOT 3 6
[2110] = CNOT 3 13
[2111] = CNOT 3 24
[2112] = CNOT 3 27
[2113] = T 3
[2114] = CNOT 3 27
[2115] = CNOT 3 24
[2116] = CNOT 3 13
[2117] = CNOT 3 6
[2118] = CNOT 6 13
[2119] = CNOT 6 24
[2120] = CNOT 6 27
[2121] = T 6
[2122] = CNOT 6 27
[2123] = CNOT 6 24
[2124] = CNOT 6 13
[2125] = CNOT 2 7
[2126] = CNOT 2 12
[2127] = T 2
[2128] = S 2
[2129] = Z 2
[2130] = CNOT 2 12
[2131] = CNOT 2 7
[2132] = CNOT 2 3
[2133] = CNOT 2 5
[2134] = CNOT 2 14
[2135] = CNOT 2 23
[2136] = CNOT 2 26
[2137] = CNOT 2 27
[2138] = T 2
[2139] = CNOT 2 27
[2140] = CNOT 2 26
[2141] = CNOT 2 23
[2142] = CNOT 2 14
[2143] = CNOT 2 5
[2144] = CNOT 2 3
[2145] = CNOT 1 2
[2146] = CNOT 1 6
[2147] = CNOT 1 14
[2148] = CNOT 1 24
[2149] = T 1
[2150] = CNOT 1 2
[2151] = T 1
[2152] = CNOT 1 14
[2153] = CNOT 1 2
[2154] = CNOT 1 5
[2155] = T 1
[2156] = CNOT 1 24
[2157] = CNOT 1 6
[2158] = CNOT 1 5
[2159] = CNOT 1 3
[2160] = CNOT 1 4
[2161] = CNOT 1 15
[2162] = T 1
[2163] = CNOT 1 3
[2164] = CNOT 1 2
[2165] = CNOT 1 24
[2166] = T 1
[2167] = CNOT 1 24
[2168] = CNOT 1 15
[2169] = CNOT 1 4
[2170] = CNOT 4 15
[2171] = CNOT 4 24
[2172] = CNOT 4 27
[2173] = T 4
[2174] = CNOT 4 27
[2175] = CNOT 4 24
[2176] = CNOT 4 15
[2177] = CNOT 2 3
[2178] = CNOT 2 21
[2179] = CNOT 2 27
[2180] = T 2
[2181] = CNOT 2 21
[2182] = CNOT 2 19
[2183] = T 2
[2184] = CNOT 2 27
[2185] = CNOT 2 19
[2186] = CNOT 2 3
[2187] = CNOT 1 5
[2188] = CNOT 1 9
[2189] = CNOT 1 10
[2190] = T 1
[2191] = CNOT 1 23
[2192] = T 1
[2193] = CNOT 1 5
[2194] = T 1
[2195] = CNOT 1 23
[2196] = CNOT 1 10
[2197] = CNOT 1 9
[2198] = CNOT 3 5
[2199] = CNOT 3 6
[2200] = CNOT 3 8
[2201] = CNOT 3 11
[2202] = CNOT 3 22
[2203] = CNOT 3 27
[2204] = T 3
[2205] = CNOT 3 27
[2206] = CNOT 3 22
[2207] = CNOT 3 11
[2208] = CNOT 3 8
[2209] = CNOT 3 6
[2210] = CNOT 3 5
[2211] = CNOT 1 3
[2212] = CNOT 1 4
[2213] = CNOT 1 5
[2214] = CNOT 1 6
[2215] = CNOT 1 8
[2216] = CNOT 1 11
[2217] = T 1
[2218] = CNOT 1 23
[2219] = T 1
[2220] = CNOT 1 4
[2221] = T 1
[2222] = CNOT 1 11
[2223] = CNOT 1 8
[2224] = CNOT 1 4
[2225] = T 1
[2226] = CNOT 1 4
[2227] = CNOT 1 3
[2228] = CNOT 3 9
[2229] = CNOT 3 10
[2230] = CNOT 3 20
[2231] = CNOT 3 27
[2232] = T 3
[2233] = CNOT 3 27
[2234] = CNOT 3 20
[2235] = CNOT 3 10
[2236] = CNOT 3 9
[2237] = CNOT 1 7
[2238] = CNOT 1 12
[2239] = T 1
[2240] = CNOT 1 3
[2241] = T 1
[2242] = CNOT 1 23
[2243] = CNOT 1 12
[2244] = CNOT 1 7
[2245] = CNOT 1 6
[2246] = CNOT 1 5
[2247] = CNOT 1 2
[2248] = CNOT 1 26
[2249] = T 1
[2250] = CNOT 1 2
[2251] = CNOT 2 3
[2252] = CNOT 2 8
[2253] = CNOT 2 11
[2254] = CNOT 2 21
[2255] = CNOT 2 27
[2256] = T 2
[2257] = CNOT 2 27
[2258] = CNOT 2 21
[2259] = CNOT 2 11
[2260] = CNOT 2 8
[2261] = CNOT 2 3
[2262] = CNOT 1 2
[2263] = CNOT 1 5
[2264] = CNOT 1 13
[2265] = T 1
[2266] = CNOT 1 26
[2267] = CNOT 1 13
[2268] = CNOT 1 3
[2269] = CNOT 1 2
[2270] = CNOT 3 5
[2271] = CNOT 3 13
[2272] = CNOT 3 23
[2273] = CNOT 3 27
[2274] = T 3
[2275] = CNOT 3 27
[2276] = CNOT 3 23
[2277] = CNOT 3 13
[2278] = CNOT 3 5
[2279] = CNOT 2 3
[2280] = CNOT 2 8
[2281] = CNOT 2 11
[2282] = CNOT 2 20
[2283] = CNOT 2 27
[2284] = T 2
[2285] = CNOT 2 27
[2286] = CNOT 2 20
[2287] = CNOT 2 11
[2288] = CNOT 2 8
[2289] = CNOT 2 3
[2290] = CNOT 3 9
[2291] = CNOT 3 10
[2292] = CNOT 3 21
[2293] = CNOT 3 27
[2294] = T 3
[2295] = CNOT 3 21
[2296] = CNOT 3 10
[2297] = CNOT 3 9
[2298] = CNOT 3 6
[2299] = CNOT 3 14
[2300] = CNOT 3 26
[2301] = T 3
[2302] = CNOT 3 26
[2303] = CNOT 3 14
[2304] = CNOT 3 6
[2305] = CNOT 1 2
[2306] = CNOT 1 14
[2307] = CNOT 1 23
[2308] = T 1
[2309] = CNOT 1 27
[2310] = CNOT 1 23
[2311] = CNOT 1 14
[2312] = CNOT 1 5
[2313] = CNOT 1 2
[2314] = CNOT 3 8
[2315] = CNOT 3 11
[2316] = CNOT 3 21
[2317] = T 3
[2318] = CNOT 3 27
[2319] = CNOT 3 21
[2320] = CNOT 3 11
[2321] = CNOT 3 8
[2322] = CNOT 4 9
[2323] = CNOT 4 10
[2324] = T 4
[2325] = S 4
[2326] = Z 4
[2327] = CNOT 4 22
[2328] = T 4
[2329] = CNOT 4 10
[2330] = CNOT 4 9
[2331] = CNOT 9 10
[2332] = CNOT 9 22
[2333] = T 9
[2334] = S 9
[2335] = Z 9
[2336] = CNOT 9 22
[2337] = CNOT 9 10
[2338] = T 4
[2339] = S 4
[2340] = CNOT 4 22
[2341] = S 1
[2342] = Z 1
[2343] = Z 2
[2344] = S 3
[2345] = Z 5
[2346] = Z 7
[2347] = Z 9
[2348] = Z 12
[2349] = Z 13
[2350] = S 14
[2351] = Z 14
[2352] = Z 15
[2353] = S 16
[2354] = Z 16
[2355] = Z 17
[2356] = S 19
[2357] = Z 20
[2358] = Z 21
[2359] = S 22
[2360] = Z 22
[2361] = S 23
[2362] = Z 23
[2363] = S 24
[2364] = Z 24
[2365] = Z 25
[2366] = S 26
[2367] = S 27
[2368] = Z 27
[2369] = CNOT 1 2
[2370] = S 1
[2371] = CNOT 1 2
[2372] = CNOT 1 3
[2373] = S 1
[2374] = CNOT 1 3
[2375] = CNOT 1 4
[2376] = S 1
[2377] = Z 1
[2378] = CNOT 1 4
[2379] = CNOT 1 6
[2380] = S 1
[2381] = Z 1
[2382] = CNOT 1 6
[2383] = CNOT 1 7
[2384] = S 1
[2385] = Z 1
[2386] = CNOT 1 7
[2387] = CNOT 1 8
[2388] = S 1
[2389] = Z 1
[2390] = CNOT 1 8
[2391] = CNOT 1 11
[2392] = S 1
[2393] = Z 1
[2394] = CNOT 1 11
[2395] = CNOT 1 12
[2396] = S 1
[2397] = CNOT 1 12
[2398] = CNOT 1 13
[2399] = S 1
[2400] = Z 1
[2401] = CNOT 1 13
[2402] = CNOT 1 15
[2403] = Z 1
[2404] = CNOT 1 15
[2405] = CNOT 1 17
[2406] = Z 1
[2407] = CNOT 1 17
[2408] = CNOT 1 18
[2409] = Z 1
[2410] = CNOT 1 18
[2411] = CNOT 1 21
[2412] = Z 1
[2413] = CNOT 1 21
[2414] = CNOT 1 23
[2415] = S 1
[2416] = Z 1
[2417] = CNOT 1 23
[2418] = CNOT 1 24
[2419] = S 1
[2420] = CNOT 1 24
[2421] = CNOT 1 25
[2422] = S 1
[2423] = CNOT 1 25
[2424] = CNOT 1 26
[2425] = Z 1
[2426] = CNOT 1 26
[2427] = CNOT 2 4
[2428] = Z 2
[2429] = CNOT 2 4
[2430] = CNOT 2 5
[2431] = S 2
[2432] = CNOT 2 5
[2433] = CNOT 2 6
[2434] = S 2
[2435] = CNOT 2 6
[2436] = CNOT 2 8
[2437] = S 2
[2438] = CNOT 2 8
[2439] = CNOT 2 9
[2440] = S 2
[2441] = CNOT 2 9
[2442] = CNOT 2 10
[2443] = S 2
[2444] = CNOT 2 10
[2445] = CNOT 2 11
[2446] = S 2
[2447] = CNOT 2 11
[2448] = CNOT 2 12
[2449] = Z 2
[2450] = CNOT 2 12
[2451] = CNOT 2 13
[2452] = Z 2
[2453] = CNOT 2 13
[2454] = CNOT 2 14
[2455] = S 2
[2456] = CNOT 2 14
[2457] = CNOT 2 15
[2458] = Z 2
[2459] = CNOT 2 15
[2460] = CNOT 2 16
[2461] = S 2
[2462] = CNOT 2 16
[2463] = CNOT 2 17
[2464] = Z 2
[2465] = CNOT 2 17
[2466] = CNOT 2 19
[2467] = S 2
[2468] = CNOT 2 19
[2469] = CNOT 2 20
[2470] = S 2
[2471] = CNOT 2 20
[2472] = CNOT 2 21
[2473] = S 2
[2474] = Z 2
[2475] = CNOT 2 21
[2476] = CNOT 2 25
[2477] = Z 2
[2478] = CNOT 2 25
[2479] = CNOT 2 27
[2480] = S 2
[2481] = CNOT 2 27
[2482] = CNOT 3 4
[2483] = Z 3
[2484] = CNOT 3 4
[2485] = CNOT 3 5
[2486] = Z 3
[2487] = CNOT 3 5
[2488] = CNOT 3 6
[2489] = Z 3
[2490] = CNOT 3 6
[2491] = CNOT 3 8
[2492] = S 3
[2493] = Z 3
[2494] = CNOT 3 8
[2495] = CNOT 3 9
[2496] = S 3
[2497] = CNOT 3 9
[2498] = CNOT 3 10
[2499] = S 3
[2500] = CNOT 3 10
[2501] = CNOT 3 11
[2502] = S 3
[2503] = Z 3
[2504] = CNOT 3 11
[2505] = CNOT 3 12
[2506] = Z 3
[2507] = CNOT 3 12
[2508] = CNOT 3 13
[2509] = Z 3
[2510] = CNOT 3 13
[2511] = CNOT 3 15
[2512] = S 3
[2513] = CNOT 3 15
[2514] = CNOT 3 19
[2515] = S 3
[2516] = CNOT 3 19
[2517] = CNOT 3 20
[2518] = S 3
[2519] = CNOT 3 20
[2520] = CNOT 3 21
[2521] = S 3
[2522] = Z 3
[2523] = CNOT 3 21
[2524] = CNOT 3 22
[2525] = S 3
[2526] = CNOT 3 22
[2527] = CNOT 3 23
[2528] = Z 3
[2529] = CNOT 3 23
[2530] = CNOT 3 24
[2531] = S 3
[2532] = Z 3
[2533] = CNOT 3 24
[2534] = CNOT 3 25
[2535] = S 3
[2536] = Z 3
[2537] = CNOT 3 25
[2538] = CNOT 3 27
[2539] = S 3
[2540] = CNOT 3 27
[2541] = CNOT 4 5
[2542] = Z 4
[2543] = CNOT 4 5
[2544] = CNOT 4 6
[2545] = S 4
[2546] = Z 4
[2547] = CNOT 4 6
[2548] = CNOT 4 7
[2549] = S 4
[2550] = Z 4
[2551] = CNOT 4 7
[2552] = CNOT 4 8
[2553] = S 4
[2554] = Z 4
[2555] = CNOT 4 8
[2556] = CNOT 4 9
[2557] = Z 4
[2558] = CNOT 4 9
[2559] = CNOT 4 10
[2560] = Z 4
[2561] = CNOT 4 10
[2562] = CNOT 4 11
[2563] = S 4
[2564] = Z 4
[2565] = CNOT 4 11
[2566] = CNOT 4 12
[2567] = S 4
[2568] = Z 4
[2569] = CNOT 4 12
[2570] = CNOT 4 13
[2571] = Z 4
[2572] = CNOT 4 13
[2573] = CNOT 4 14
[2574] = S 4
[2575] = CNOT 4 14
[2576] = CNOT 4 15
[2577] = S 4
[2578] = CNOT 4 15
[2579] = CNOT 4 23
[2580] = Z 4
[2581] = CNOT 4 23
[2582] = CNOT 4 24
[2583] = S 4
[2584] = CNOT 4 24
[2585] = CNOT 4 25
[2586] = S 4
[2587] = CNOT 4 25
[2588] = CNOT 5 7
[2589] = S 5
[2590] = CNOT 5 7
[2591] = CNOT 5 12
[2592] = S 5
[2593] = CNOT 5 12
[2594] = CNOT 5 13
[2595] = S 5
[2596] = Z 5
[2597] = CNOT 5 13
[2598] = CNOT 5 14
[2599] = Z 5
[2600] = CNOT 5 14
[2601] = CNOT 5 22
[2602] = Z 5
[2603] = CNOT 5 22
[2604] = CNOT 5 23
[2605] = S 5
[2606] = CNOT 5 23
[2607] = CNOT 5 25
[2608] = S 5
[2609] = CNOT 5 25
[2610] = CNOT 5 26
[2611] = Z 5
[2612] = CNOT 5 26
[2613] = CNOT 5 27
[2614] = Z 5
[2615] = CNOT 5 27
[2616] = CNOT 6 8
[2617] = S 6
[2618] = Z 6
[2619] = CNOT 6 8
[2620] = CNOT 6 9
[2621] = S 6
[2622] = Z 6
[2623] = CNOT 6 9
[2624] = CNOT 6 10
[2625] = S 6
[2626] = Z 6
[2627] = CNOT 6 10
[2628] = CNOT 6 11
[2629] = S 6
[2630] = Z 6
[2631] = CNOT 6 11
[2632] = CNOT 6 22
[2633] = S 6
[2634] = CNOT 6 22
[2635] = CNOT 6 24
[2636] = S 6
[2637] = Z 6
[2638] = CNOT 6 24
[2639] = CNOT 6 25
[2640] = Z 6
[2641] = CNOT 6 25
[2642] = CNOT 6 26
[2643] = S 6
[2644] = CNOT 6 26
[2645] = CNOT 6 27
[2646] = S 6
[2647] = CNOT 6 27
[2648] = CNOT 7 8
[2649] = Z 7
[2650] = CNOT 7 8
[2651] = CNOT 7 9
[2652] = Z 7
[2653] = CNOT 7 9
[2654] = CNOT 7 10
[2655] = Z 7
[2656] = CNOT 7 10
[2657] = CNOT 7 11
[2658] = Z 7
[2659] = CNOT 7 11
[2660] = CNOT 7 21
[2661] = S 7
[2662] = Z 7
[2663] = CNOT 7 21
[2664] = CNOT 7 22
[2665] = Z 7
[2666] = CNOT 7 22
[2667] = CNOT 7 23
[2668] = Z 7
[2669] = CNOT 7 23
[2670] = CNOT 7 24
[2671] = S 7
[2672] = Z 7
[2673] = CNOT 7 24
[2674] = CNOT 7 25
[2675] = S 7
[2676] = CNOT 7 25
[2677] = CNOT 7 26
[2678] = Z 7
[2679] = CNOT 7 26
[2680] = CNOT 8 9
[2681] = S 8
[2682] = Z 8
[2683] = CNOT 8 9
[2684] = CNOT 8 10
[2685] = S 8
[2686] = Z 8
[2687] = CNOT 8 10
[2688] = CNOT 8 11
[2689] = S 8
[2690] = CNOT 8 11
[2691] = CNOT 8 20
[2692] = S 8
[2693] = CNOT 8 20
[2694] = CNOT 8 22
[2695] = S 8
[2696] = CNOT 8 22
[2697] = CNOT 8 23
[2698] = S 8
[2699] = Z 8
[2700] = CNOT 8 23
[2701] = CNOT 8 25
[2702] = S 8
[2703] = CNOT 8 25
[2704] = CNOT 8 27
[2705] = Z 8
[2706] = CNOT 8 27
[2707] = CNOT 9 19
[2708] = S 9
[2709] = CNOT 9 19
[2710] = CNOT 9 21
[2711] = S 9
[2712] = Z 9
[2713] = CNOT 9 21
[2714] = CNOT 9 22
[2715] = Z 9
[2716] = CNOT 9 22
[2717] = CNOT 9 24
[2718] = S 9
[2719] = Z 9
[2720] = CNOT 9 24
[2721] = CNOT 9 25
[2722] = Z 9
[2723] = CNOT 9 25
[2724] = CNOT 9 26
[2725] = S 9
[2726] = Z 9
[2727] = CNOT 9 26
[2728] = CNOT 10 19
[2729] = S 10
[2730] = CNOT 10 19
[2731] = CNOT 10 21
[2732] = S 10
[2733] = Z 10
[2734] = CNOT 10 21
[2735] = CNOT 10 22
[2736] = Z 10
[2737] = CNOT 10 22
[2738] = CNOT 10 24
[2739] = S 10
[2740] = Z 10
[2741] = CNOT 10 24
[2742] = CNOT 10 25
[2743] = Z 10
[2744] = CNOT 10 25
[2745] = CNOT 10 26
[2746] = S 10
[2747] = Z 10
[2748] = CNOT 10 26
[2749] = CNOT 11 20
[2750] = S 11
[2751] = CNOT 11 20
[2752] = CNOT 11 22
[2753] = S 11
[2754] = CNOT 11 22
[2755] = CNOT 11 23
[2756] = S 11
[2757] = Z 11
[2758] = CNOT 11 23
[2759] = CNOT 11 25
[2760] = S 11
[2761] = CNOT 11 25
[2762] = CNOT 11 26
[2763] = Z 11
[2764] = CNOT 11 26
[2765] = CNOT 12 21
[2766] = S 12
[2767] = Z 12
[2768] = CNOT 12 21
[2769] = CNOT 12 22
[2770] = Z 12
[2771] = CNOT 12 22
[2772] = CNOT 12 23
[2773] = Z 12
[2774] = CNOT 12 23
[2775] = CNOT 12 24
[2776] = S 12
[2777] = Z 12
[2778] = CNOT 12 24
[2779] = CNOT 12 26
[2780] = S 12
[2781] = CNOT 12 26
[2782] = CNOT 13 23
[2783] = Z 13
[2784] = CNOT 13 23
[2785] = CNOT 13 24
[2786] = S 13
[2787] = Z 13
[2788] = CNOT 13 24
[2789] = CNOT 13 25
[2790] = Z 13
[2791] = CNOT 13 25
[2792] = CNOT 13 26
[2793] = S 13
[2794] = Z 13
[2795] = CNOT 13 26
[2796] = CNOT 13 27
[2797] = S 13
[2798] = Z 13
[2799] = CNOT 13 27
[2800] = CNOT 14 23
[2801] = Z 14
[2802] = CNOT 14 23
[2803] = CNOT 14 25
[2804] = S 14
[2805] = Z 14
[2806] = CNOT 14 25
[2807] = CNOT 14 26
[2808] = S 14
[2809] = CNOT 14 26
[2810] = CNOT 15 24
[2811] = S 15
[2812] = Z 15
[2813] = CNOT 15 24
[2814] = CNOT 15 26
[2815] = S 15
[2816] = CNOT 15 26
[2817] = CNOT 16 23
[2818] = Z 16
[2819] = CNOT 16 23
[2820] = CNOT 16 26
[2821] = S 16
[2822] = CNOT 16 26
[2823] = CNOT 16 27
[2824] = S 16
[2825] = CNOT 16 27
[2826] = CNOT 17 26
[2827] = Z 17
[2828] = CNOT 17 26
[2829] = CNOT 17 27
[2830] = S 17
[2831] = CNOT 17 27
[2832] = CNOT 19 27
[2833] = S 19
[2834] = CNOT 19 27
[2835] = CNOT 20 27
[2836] = S 20
[2837] = CNOT 20 27
[2838] = CNOT 21 27
[2839] = Z 21
[2840] = CNOT 21 27
[2841] = CNOT 22 27
[2842] = Z 22
[2843] = CNOT 22 27
[2844] = CNOT 23 25
[2845] = S 23
[2846] = Z 23
[2847] = CNOT 23 25
[2848] = CNOT 23 26
[2849] = S 23
[2850] = Z 23
[2851] = CNOT 23 26
[2852] = CNOT 25 26
[2853] = S 25
[2854] = Z 25
[2855] = CNOT 25 26
[2856] = CNOT 25 27
[2857] = S 25
[2858] = CNOT 25 27
[2859] = CNOT 26 27
[2860] = S 26
[2861] = Z 26
[2862] = CNOT 26 27
[2863] = CNOT 1 2
[2864] = CNOT 1 3
[2865] = Z 1
[2866] = CNOT 1 3
[2867] = CNOT 1 4
[2868] = Z 1
[2869] = CNOT 1 4
[2870] = CNOT 1 5
[2871] = Z 1
[2872] = CNOT 1 5
[2873] = CNOT 1 6
[2874] = Z 1
[2875] = CNOT 1 6
[2876] = CNOT 1 7
[2877] = S 1
[2878] = CNOT 1 7
[2879] = CNOT 1 8
[2880] = Z 1
[2881] = CNOT 1 8
[2882] = CNOT 1 9
[2883] = Z 1
[2884] = CNOT 1 9
[2885] = CNOT 1 10
[2886] = Z 1
[2887] = CNOT 1 10
[2888] = CNOT 1 11
[2889] = Z 1
[2890] = CNOT 1 11
[2891] = CNOT 1 13
[2892] = S 1
[2893] = Z 1
[2894] = CNOT 1 13
[2895] = CNOT 1 14
[2896] = Z 1
[2897] = CNOT 1 14
[2898] = CNOT 1 15
[2899] = Z 1
[2900] = CNOT 1 15
[2901] = CNOT 1 16
[2902] = S 1
[2903] = Z 1
[2904] = CNOT 1 16
[2905] = CNOT 1 19
[2906] = S 1
[2907] = Z 1
[2908] = CNOT 1 19
[2909] = CNOT 1 20
[2910] = S 1
[2911] = Z 1
[2912] = CNOT 1 20
[2913] = CNOT 1 23
[2914] = S 1
[2915] = CNOT 1 23
[2916] = CNOT 1 24
[2917] = S 1
[2918] = Z 1
[2919] = CNOT 1 24
[2920] = CNOT 1 25
[2921] = S 1
[2922] = CNOT 1 25
[2923] = CNOT 1 26
[2924] = S 1
[2925] = Z 1
[2926] = CNOT 1 26
[2927] = CNOT 1 27
[2928] = S 1
[2929] = Z 1
[2930] = CNOT 1 27
[2931] = CNOT 1 2
[2932] = CNOT 1 3
[2933] = CNOT 1 5
[2934] = S 1
[2935] = Z 1
[2936] = CNOT 1 5
[2937] = CNOT 1 6
[2938] = S 1
[2939] = CNOT 1 6
[2940] = CNOT 1 7
[2941] = S 1
[2942] = Z 1
[2943] = CNOT 1 7
[2944] = CNOT 1 9
[2945] = Z 1
[2946] = CNOT 1 9
[2947] = CNOT 1 10
[2948] = Z 1
[2949] = CNOT 1 10
[2950] = CNOT 1 12
[2951] = Z 1
[2952] = CNOT 1 12
[2953] = CNOT 1 13
[2954] = Z 1
[2955] = CNOT 1 13
[2956] = CNOT 1 14
[2957] = S 1
[2958] = Z 1
[2959] = CNOT 1 14
[2960] = CNOT 1 15
[2961] = S 1
[2962] = Z 1
[2963] = CNOT 1 15
[2964] = CNOT 1 16
[2965] = Z 1
[2966] = CNOT 1 16
[2967] = CNOT 1 19
[2968] = S 1
[2969] = Z 1
[2970] = CNOT 1 19
[2971] = CNOT 1 20
[2972] = S 1
[2973] = Z 1
[2974] = CNOT 1 20
[2975] = CNOT 1 22
[2976] = S 1
[2977] = Z 1
[2978] = CNOT 1 22
[2979] = CNOT 1 23
[2980] = S 1
[2981] = Z 1
[2982] = CNOT 1 23
[2983] = CNOT 1 24
[2984] = Z 1
[2985] = CNOT 1 24
[2986] = CNOT 1 25
[2987] = Z 1
[2988] = CNOT 1 25
[2989] = CNOT 1 26
[2990] = Z 1
[2991] = CNOT 1 26
[2992] = CNOT 1 3
[2993] = CNOT 1 4
[2994] = CNOT 1 5
[2995] = S 1
[2996] = CNOT 1 5
[2997] = CNOT 1 6
[2998] = S 1
[2999] = CNOT 1 6
[3000] = CNOT 1 7
[3001] = S 1
[3002] = Z 1
[3003] = CNOT 1 7
[3004] = CNOT 1 8
[3005] = S 1
[3006] = Z 1
[3007] = CNOT 1 8
[3008] = CNOT 1 11
[3009] = S 1
[3010] = Z 1
[3011] = CNOT 1 11
[3012] = CNOT 1 12
[3013] = S 1
[3014] = Z 1
[3015] = CNOT 1 12
[3016] = CNOT 1 15
[3017] = S 1
[3018] = CNOT 1 15
[3019] = CNOT 1 23
[3020] = S 1
[3021] = Z 1
[3022] = CNOT 1 23
[3023] = CNOT 1 24
[3024] = S 1
[3025] = Z 1
[3026] = CNOT 1 24
[3027] = CNOT 1 25
[3028] = S 1
[3029] = Z 1
[3030] = CNOT 1 25
[3031] = CNOT 1 26
[3032] = S 1
[3033] = Z 1
[3034] = CNOT 1 26
[3035] = CNOT 1 27
[3036] = Z 1
[3037] = CNOT 1 27
[3038] = CNOT 1 4
[3039] = CNOT 1 5
[3040] = CNOT 1 8
[3041] = S 1
[3042] = CNOT 1 8
[3043] = CNOT 1 9
[3044] = S 1
[3045] = Z 1
[3046] = CNOT 1 9
[3047] = CNOT 1 10
[3048] = S 1
[3049] = Z 1
[3050] = CNOT 1 10
[3051] = CNOT 1 11
[3052] = S 1
[3053] = CNOT 1 11
[3054] = CNOT 1 13
[3055] = Z 1
[3056] = CNOT 1 13
[3057] = CNOT 1 14
[3058] = S 1
[3059] = Z 1
[3060] = CNOT 1 14
[3061] = CNOT 1 22
[3062] = S 1
[3063] = Z 1
[3064] = CNOT 1 22
[3065] = CNOT 1 24
[3066] = S 1
[3067] = CNOT 1 24
[3068] = CNOT 1 25
[3069] = Z 1
[3070] = CNOT 1 25
[3071] = CNOT 1 26
[3072] = S 1
[3073] = CNOT 1 26
[3074] = CNOT 1 27
[3075] = S 1
[3076] = CNOT 1 27
[3077] = CNOT 1 5
[3078] = CNOT 1 6
[3079] = CNOT 1 7
[3080] = S 1
[3081] = CNOT 1 7
[3082] = CNOT 1 8
[3083] = Z 1
[3084] = CNOT 1 8
[3085] = CNOT 1 11
[3086] = Z 1
[3087] = CNOT 1 11
[3088] = CNOT 1 12
[3089] = S 1
[3090] = CNOT 1 12
[3091] = CNOT 1 13
[3092] = S 1
[3093] = Z 1
[3094] = CNOT 1 13
[3095] = CNOT 1 14
[3096] = Z 1
[3097] = CNOT 1 14
[3098] = CNOT 1 24
[3099] = S 1
[3100] = CNOT 1 24
[3101] = CNOT 1 25
[3102] = Z 1
[3103] = CNOT 1 25
[3104] = CNOT 1 26
[3105] = S 1
[3106] = CNOT 1 26
[3107] = CNOT 1 27
[3108] = S 1
[3109] = CNOT 1 27
[3110] = CNOT 1 6
[3111] = CNOT 1 7
[3112] = CNOT 1 8
[3113] = S 1
[3114] = Z 1
[3115] = CNOT 1 8
[3116] = CNOT 1 9
[3117] = S 1
[3118] = Z 1
[3119] = CNOT 1 9
[3120] = CNOT 1 10
[3121] = S 1
[3122] = Z 1
[3123] = CNOT 1 10
[3124] = CNOT 1 11
[3125] = S 1
[3126] = Z 1
[3127] = CNOT 1 11
[3128] = CNOT 1 12
[3129] = S 1
[3130] = Z 1
[3131] = CNOT 1 12
[3132] = CNOT 1 23
[3133] = S 1
[3134] = Z 1
[3135] = CNOT 1 23
[3136] = CNOT 1 24
[3137] = S 1
[3138] = Z 1
[3139] = CNOT 1 24
[3140] = CNOT 1 25
[3141] = Z 1
[3142] = CNOT 1 25
[3143] = CNOT 1 26
[3144] = Z 1
[3145] = CNOT 1 26
[3146] = CNOT 1 7
[3147] = CNOT 1 8
[3148] = CNOT 1 11
[3149] = Z 1
[3150] = CNOT 1 11
[3151] = CNOT 1 23
[3152] = S 1
[3153] = Z 1
[3154] = CNOT 1 23
[3155] = CNOT 1 24
[3156] = S 1
[3157] = Z 1
[3158] = CNOT 1 24
[3159] = CNOT 1 25
[3160] = S 1
[3161] = Z 1
[3162] = CNOT 1 25
[3163] = CNOT 1 26
[3164] = S 1
[3165] = Z 1
[3166] = CNOT 1 26
[3167] = CNOT 1 27
[3168] = Z 1
[3169] = CNOT 1 27
[3170] = CNOT 1 8
[3171] = CNOT 1 9
[3172] = CNOT 1 23
[3173] = S 1
[3174] = Z 1
[3175] = CNOT 1 23
[3176] = CNOT 1 25
[3177] = S 1
[3178] = Z 1
[3179] = CNOT 1 25
[3180] = CNOT 1 9
[3181] = CNOT 1 10
[3182] = CNOT 1 23
[3183] = S 1
[3184] = Z 1
[3185] = CNOT 1 23
[3186] = CNOT 1 25
[3187] = S 1
[3188] = Z 1
[3189] = CNOT 1 25
[3190] = CNOT 1 10
[3191] = CNOT 1 11
[3192] = CNOT 1 23
[3193] = S 1
[3194] = Z 1
[3195] = CNOT 1 23
[3196] = CNOT 1 24
[3197] = S 1
[3198] = Z 1
[3199] = CNOT 1 24
[3200] = CNOT 1 25
[3201] = S 1
[3202] = Z 1
[3203] = CNOT 1 25
[3204] = CNOT 1 26
[3205] = S 1
[3206] = Z 1
[3207] = CNOT 1 26
[3208] = CNOT 1 27
[3209] = Z 1
[3210] = CNOT 1 27
[3211] = CNOT 1 11
[3212] = CNOT 1 12
[3213] = CNOT 1 23
[3214] = S 1
[3215] = Z 1
[3216] = CNOT 1 23
[3217] = CNOT 1 24
[3218] = S 1
[3219] = Z 1
[3220] = CNOT 1 24
[3221] = CNOT 1 25
[3222] = S 1
[3223] = Z 1
[3224] = CNOT 1 25
[3225] = CNOT 1 26
[3226] = S 1
[3227] = Z 1
[3228] = CNOT 1 26
[3229] = CNOT 1 27
[3230] = S 1
[3231] = Z 1
[3232] = CNOT 1 27
[3233] = CNOT 1 12
[3234] = CNOT 1 13
[3235] = CNOT 1 23
[3236] = S 1
[3237] = Z 1
[3238] = CNOT 1 23
[3239] = CNOT 1 26
[3240] = Z 1
[3241] = CNOT 1 26
[3242] = CNOT 1 27
[3243] = S 1
[3244] = CNOT 1 27
[3245] = CNOT 1 13
[3246] = CNOT 1 14
[3247] = CNOT 1 23
[3248] = S 1
[3249] = Z 1
[3250] = CNOT 1 23
[3251] = CNOT 1 24
[3252] = S 1
[3253] = Z 1
[3254] = CNOT 1 24
[3255] = CNOT 1 25
[3256] = S 1
[3257] = Z 1
[3258] = CNOT 1 25
[3259] = CNOT 1 26
[3260] = S 1
[3261] = Z 1
[3262] = CNOT 1 26
[3263] = CNOT 1 27
[3264] = S 1
[3265] = CNOT 1 27
[3266] = CNOT 1 14
[3267] = CNOT 1 15
[3268] = CNOT 1 25
[3269] = S 1
[3270] = Z 1
[3271] = CNOT 1 25
[3272] = CNOT 1 26
[3273] = S 1
[3274] = Z 1
[3275] = CNOT 1 26
[3276] = CNOT 1 27
[3277] = S 1
[3278] = CNOT 1 27
[3279] = CNOT 1 15
[3280] = CNOT 1 16
[3281] = CNOT 1 23
[3282] = Z 1
[3283] = CNOT 1 23
[3284] = CNOT 1 26
[3285] = S 1
[3286] = Z 1
[3287] = CNOT 1 26
[3288] = CNOT 1 16
[3289] = CNOT 1 19
[3290] = CNOT 1 27
[3291] = S 1
[3292] = Z 1
[3293] = CNOT 1 19
[3294] = CNOT 1 20
[3295] = S 1
[3296] = Z 1
[3297] = CNOT 1 20
[3298] = CNOT 1 22
[3299] = S 1
[3300] = Z 1
[3301] = CNOT 1 27
[3302] = CNOT 1 22
[3303] = CNOT 1 23
[3304] = CNOT 1 25
[3305] = Z 1
[3306] = CNOT 1 25
[3307] = CNOT 1 27
[3308] = S 1
[3309] = Z 1
[3310] = CNOT 1 23
[3311] = CNOT 1 24
[3312] = S 1
[3313] = Z 1
[3314] = CNOT 1 27
[3315] = CNOT 1 24
[3316] = CNOT 1 25
[3317] = CNOT 1 26
[3318] = Z 1
[3319] = CNOT 1 26
[3320] = CNOT 1 27
[3321] = S 1
[3322] = CNOT 1 25
[3323] = CNOT 1 26
[3324] = Z 1
[3325] = CNOT 1 27
[3326] = CNOT 1 26
[3327] = CNOT 2 3
[3328] = CNOT 2 4
[3329] = S 2
[3330] = Z 2
[3331] = CNOT 2 4
[3332] = CNOT 2 5
[3333] = Z 2
[3334] = CNOT 2 5
[3335] = CNOT 2 6
[3336] = S 2
[3337] = Z 2
[3338] = CNOT 2 6
[3339] = CNOT 2 7
[3340] = S 2
[3341] = CNOT 2 7
[3342] = CNOT 2 8
[3343] = S 2
[3344] = CNOT 2 8
[3345] = CNOT 2 9
[3346] = S 2
[3347] = CNOT 2 9
[3348] = CNOT 2 10
[3349] = S 2
[3350] = CNOT 2 10
[3351] = CNOT 2 11
[3352] = S 2
[3353] = CNOT 2 11
[3354] = CNOT 2 13
[3355] = S 2
[3356] = Z 2
[3357] = CNOT 2 13
[3358] = CNOT 2 14
[3359] = S 2
[3360] = Z 2
[3361] = CNOT 2 14
[3362] = CNOT 2 15
[3363] = S 2
[3364] = Z 2
[3365] = CNOT 2 15
[3366] = CNOT 2 16
[3367] = S 2
[3368] = Z 2
[3369] = CNOT 2 16
[3370] = CNOT 2 19
[3371] = Z 2
[3372] = CNOT 2 19
[3373] = CNOT 2 20
[3374] = Z 2
[3375] = CNOT 2 20
[3376] = CNOT 2 21
[3377] = S 2
[3378] = Z 2
[3379] = CNOT 2 21
[3380] = CNOT 2 23
[3381] = S 2
[3382] = CNOT 2 23
[3383] = CNOT 2 25
[3384] = Z 2
[3385] = CNOT 2 25
[3386] = CNOT 2 26
[3387] = S 2
[3388] = Z 2
[3389] = CNOT 2 26
[3390] = CNOT 2 27
[3391] = Z 2
[3392] = CNOT 2 27
[3393] = CNOT 2 3
[3394] = CNOT 2 4
[3395] = CNOT 2 15
[3396] = Z 2
[3397] = CNOT 2 15
[3398] = CNOT 2 26
[3399] = S 2
[3400] = Z 2
[3401] = CNOT 2 26
[3402] = CNOT 2 27
[3403] = Z 2
[3404] = CNOT 2 27
[3405] = CNOT 2 4
[3406] = CNOT 2 5
[3407] = CNOT 2 6
[3408] = S 2
[3409] = Z 2
[3410] = CNOT 2 6
[3411] = CNOT 2 13
[3412] = S 2
[3413] = Z 2
[3414] = CNOT 2 13
[3415] = CNOT 2 14
[3416] = S 2
[3417] = Z 2
[3418] = CNOT 2 14
[3419] = CNOT 2 23
[3420] = Z 2
[3421] = CNOT 2 23
[3422] = CNOT 2 26
[3423] = Z 2
[3424] = CNOT 2 26
[3425] = CNOT 2 27
[3426] = S 2
[3427] = CNOT 2 27
[3428] = CNOT 2 5
[3429] = CNOT 2 6
[3430] = CNOT 2 14
[3431] = Z 2
[3432] = CNOT 2 14
[3433] = CNOT 2 23
[3434] = S 2
[3435] = Z 2
[3436] = CNOT 2 23
[3437] = CNOT 2 24
[3438] = S 2
[3439] = Z 2
[3440] = CNOT 2 24
[3441] = CNOT 2 25
[3442] = S 2
[3443] = Z 2
[3444] = CNOT 2 25
[3445] = CNOT 2 26
[3446] = Z 2
[3447] = CNOT 2 26
[3448] = CNOT 2 27
[3449] = S 2
[3450] = CNOT 2 27
[3451] = CNOT 2 6
[3452] = CNOT 2 7
[3453] = CNOT 2 8
[3454] = S 2
[3455] = Z 2
[3456] = CNOT 2 8
[3457] = CNOT 2 9
[3458] = S 2
[3459] = Z 2
[3460] = CNOT 2 9
[3461] = CNOT 2 10
[3462] = S 2
[3463] = Z 2
[3464] = CNOT 2 10
[3465] = CNOT 2 11
[3466] = S 2
[3467] = Z 2
[3468] = CNOT 2 11
[3469] = CNOT 2 25
[3470] = S 2
[3471] = Z 2
[3472] = CNOT 2 25
[3473] = CNOT 2 26
[3474] = S 2
[3475] = Z 2
[3476] = CNOT 2 26
[3477] = CNOT 2 27
[3478] = S 2
[3479] = CNOT 2 27
[3480] = CNOT 2 7
[3481] = CNOT 2 8
[3482] = CNOT 2 11
[3483] = S 2
[3484] = CNOT 2 11
[3485] = CNOT 2 20
[3486] = S 2
[3487] = Z 2
[3488] = CNOT 2 20
[3489] = CNOT 2 26
[3490] = S 2
[3491] = Z 2
[3492] = CNOT 2 26
[3493] = CNOT 2 27
[3494] = S 2
[3495] = CNOT 2 27
[3496] = CNOT 2 8
[3497] = CNOT 2 9
[3498] = CNOT 2 10
[3499] = S 2
[3500] = CNOT 2 10
[3501] = CNOT 2 19
[3502] = S 2
[3503] = Z 2
[3504] = CNOT 2 19
[3505] = CNOT 2 25
[3506] = S 2
[3507] = Z 2
[3508] = CNOT 2 25
[3509] = CNOT 2 27
[3510] = S 2
[3511] = CNOT 2 27
[3512] = CNOT 2 9
[3513] = CNOT 2 10
[3514] = CNOT 2 19
[3515] = S 2
[3516] = Z 2
[3517] = CNOT 2 19
[3518] = CNOT 2 25
[3519] = S 2
[3520] = Z 2
[3521] = CNOT 2 25
[3522] = CNOT 2 27
[3523] = S 2
[3524] = CNOT 2 27
[3525] = CNOT 2 10
[3526] = CNOT 2 11
[3527] = CNOT 2 20
[3528] = S 2
[3529] = Z 2
[3530] = CNOT 2 20
[3531] = CNOT 2 26
[3532] = S 2
[3533] = Z 2
[3534] = CNOT 2 26
[3535] = CNOT 2 27
[3536] = S 2
[3537] = CNOT 2 27
[3538] = CNOT 2 11
[3539] = CNOT 2 13
[3540] = CNOT 2 26
[3541] = S 2
[3542] = Z 2
[3543] = CNOT 2 26
[3544] = CNOT 2 27
[3545] = S 2
[3546] = Z 2
[3547] = CNOT 2 27
[3548] = CNOT 2 13
[3549] = CNOT 2 14
[3550] = CNOT 2 23
[3551] = Z 2
[3552] = CNOT 2 23
[3553] = CNOT 2 25
[3554] = S 2
[3555] = Z 2
[3556] = CNOT 2 25
[3557] = CNOT 2 26
[3558] = Z 2
[3559] = CNOT 2 26
[3560] = CNOT 2 27
[3561] = S 2
[3562] = CNOT 2 27
[3563] = CNOT 2 14
[3564] = CNOT 2 15
[3565] = CNOT 2 26
[3566] = S 2
[3567] = Z 2
[3568] = CNOT 2 26
[3569] = CNOT 2 27
[3570] = Z 2
[3571] = CNOT 2 27
[3572] = CNOT 2 15
[3573] = CNOT 2 16
[3574] = CNOT 2 23
[3575] = S 2
[3576] = Z 2
[3577] = CNOT 2 23
[3578] = CNOT 2 27
[3579] = S 2
[3580] = Z 2
[3581] = CNOT 2 16
[3582] = CNOT 2 19
[3583] = Z 2
[3584] = CNOT 2 19
[3585] = CNOT 2 20
[3586] = Z 2
[3587] = CNOT 2 20
[3588] = CNOT 2 21
[3589] = S 2
[3590] = Z 2
[3591] = CNOT 2 27
[3592] = CNOT 2 21
[3593] = CNOT 2 23
[3594] = CNOT 2 25
[3595] = S 2
[3596] = Z 2
[3597] = CNOT 2 25
[3598] = CNOT 2 26
[3599] = S 2
[3600] = CNOT 2 26
[3601] = CNOT 2 23
[3602] = CNOT 2 24
[3603] = CNOT 2 27
[3604] = S 2
[3605] = Z 2
[3606] = CNOT 2 27
[3607] = CNOT 2 24
[3608] = CNOT 2 25
[3609] = CNOT 2 26
[3610] = S 2
[3611] = Z 2
[3612] = CNOT 2 26
[3613] = CNOT 2 27
[3614] = S 2
[3615] = CNOT 2 25
[3616] = CNOT 2 26
[3617] = S 2
[3618] = CNOT 2 27
[3619] = CNOT 2 26
[3620] = CNOT 3 4
[3621] = CNOT 3 7
[3622] = S 3
[3623] = Z 3
[3624] = CNOT 3 7
[3625] = CNOT 3 8
[3626] = S 3
[3627] = Z 3
[3628] = CNOT 3 8
[3629] = CNOT 3 11
[3630] = S 3
[3631] = Z 3
[3632] = CNOT 3 11
[3633] = CNOT 3 12
[3634] = S 3
[3635] = Z 3
[3636] = CNOT 3 12
[3637] = CNOT 3 13
[3638] = S 3
[3639] = Z 3
[3640] = CNOT 3 13
[3641] = CNOT 3 14
[3642] = S 3
[3643] = Z 3
[3644] = CNOT 3 14
[3645] = CNOT 3 15
[3646] = S 3
[3647] = Z 3
[3648] = CNOT 3 15
[3649] = CNOT 3 24
[3650] = S 3
[3651] = Z 3
[3652] = CNOT 3 24
[3653] = CNOT 3 25
[3654] = S 3
[3655] = Z 3
[3656] = CNOT 3 25
[3657] = CNOT 3 26
[3658] = Z 3
[3659] = CNOT 3 26
[3660] = CNOT 3 27
[3661] = S 3
[3662] = CNOT 3 27
[3663] = CNOT 3 4
[3664] = CNOT 3 5
[3665] = CNOT 3 7
[3666] = Z 3
[3667] = CNOT 3 7
[3668] = CNOT 3 8
[3669] = Z 3
[3670] = CNOT 3 8
[3671] = CNOT 3 11
[3672] = Z 3
[3673] = CNOT 3 11
[3674] = CNOT 3 12
[3675] = Z 3
[3676] = CNOT 3 12
[3677] = CNOT 3 13
[3678] = S 3
[3679] = CNOT 3 13
[3680] = CNOT 3 14
[3681] = Z 3
[3682] = CNOT 3 14
[3683] = CNOT 3 22
[3684] = Z 3
[3685] = CNOT 3 22
[3686] = CNOT 3 23
[3687] = Z 3
[3688] = CNOT 3 23
[3689] = CNOT 3 24
[3690] = Z 3
[3691] = CNOT 3 24
[3692] = CNOT 3 27
[3693] = Z 3
[3694] = CNOT 3 27
[3695] = CNOT 3 5
[3696] = CNOT 3 6
[3697] = CNOT 3 7
[3698] = Z 3
[3699] = CNOT 3 7
[3700] = CNOT 3 8
[3701] = Z 3
[3702] = CNOT 3 8
[3703] = CNOT 3 11
[3704] = Z 3
[3705] = CNOT 3 11
[3706] = CNOT 3 12
[3707] = Z 3
[3708] = CNOT 3 12
[3709] = CNOT 3 13
[3710] = S 3
[3711] = CNOT 3 13
[3712] = CNOT 3 14
[3713] = S 3
[3714] = Z 3
[3715] = CNOT 3 14
[3716] = CNOT 3 22
[3717] = S 3
[3718] = Z 3
[3719] = CNOT 3 22
[3720] = CNOT 3 23
[3721] = S 3
[3722] = Z 3
[3723] = CNOT 3 23
[3724] = CNOT 3 24
[3725] = Z 3
[3726] = CNOT 3 24
[3727] = CNOT 3 25
[3728] = Z 3
[3729] = CNOT 3 25
[3730] = CNOT 3 6
[3731] = CNOT 3 7
[3732] = CNOT 3 8
[3733] = S 3
[3734] = Z 3
[3735] = CNOT 3 8
[3736] = CNOT 3 9
[3737] = S 3
[3738] = Z 3
[3739] = CNOT 3 9
[3740] = CNOT 3 10
[3741] = S 3
[3742] = Z 3
[3743] = CNOT 3 10
[3744] = CNOT 3 11
[3745] = S 3
[3746] = Z 3
[3747] = CNOT 3 11
[3748] = CNOT 3 12
[3749] = Z 3
[3750] = CNOT 3 12
[3751] = CNOT 3 24
[3752] = S 3
[3753] = Z 3
[3754] = CNOT 3 24
[3755] = CNOT 3 25
[3756] = S 3
[3757] = Z 3
[3758] = CNOT 3 25
[3759] = CNOT 3 26
[3760] = S 3
[3761] = Z 3
[3762] = CNOT 3 26
[3763] = CNOT 3 27
[3764] = S 3
[3765] = Z 3
[3766] = CNOT 3 27
[3767] = CNOT 3 7
[3768] = CNOT 3 8
[3769] = CNOT 3 11
[3770] = Z 3
[3771] = CNOT 3 11
[3772] = CNOT 3 20
[3773] = S 3
[3774] = Z 3
[3775] = CNOT 3 20
[3776] = CNOT 3 21
[3777] = S 3
[3778] = Z 3
[3779] = CNOT 3 21
[3780] = CNOT 3 23
[3781] = S 3
[3782] = Z 3
[3783] = CNOT 3 23
[3784] = CNOT 3 26
[3785] = S 3
[3786] = Z 3
[3787] = CNOT 3 26
[3788] = CNOT 3 27
[3789] = Z 3
[3790] = CNOT 3 27
[3791] = CNOT 3 8
[3792] = CNOT 3 9
[3793] = CNOT 3 19
[3794] = S 3
[3795] = Z 3
[3796] = CNOT 3 19
[3797] = CNOT 3 20
[3798] = S 3
[3799] = Z 3
[3800] = CNOT 3 20
[3801] = CNOT 3 25
[3802] = S 3
[3803] = Z 3
[3804] = CNOT 3 25
[3805] = CNOT 3 9
[3806] = CNOT 3 10
[3807] = CNOT 3 19
[3808] = S 3
[3809] = Z 3
[3810] = CNOT 3 19
[3811] = CNOT 3 20
[3812] = S 3
[3813] = Z 3
[3814] = CNOT 3 20
[3815] = CNOT 3 25
[3816] = S 3
[3817] = Z 3
[3818] = CNOT 3 25
[3819] = CNOT 3 10
[3820] = CNOT 3 11
[3821] = CNOT 3 20
[3822] = S 3
[3823] = Z 3
[3824] = CNOT 3 20
[3825] = CNOT 3 21
[3826] = S 3
[3827] = Z 3
[3828] = CNOT 3 21
[3829] = CNOT 3 23
[3830] = S 3
[3831] = Z 3
[3832] = CNOT 3 23
[3833] = CNOT 3 26
[3834] = S 3
[3835] = Z 3
[3836] = CNOT 3 26
[3837] = CNOT 3 27
[3838] = Z 3
[3839] = CNOT 3 27
[3840] = CNOT 3 11
[3841] = CNOT 3 12
[3842] = CNOT 3 24
[3843] = S 3
[3844] = Z 3
[3845] = CNOT 3 24
[3846] = CNOT 3 27
[3847] = Z 3
[3848] = CNOT 3 27
[3849] = CNOT 3 12
[3850] = CNOT 3 13
[3851] = CNOT 3 22
[3852] = S 3
[3853] = Z 3
[3854] = CNOT 3 22
[3855] = CNOT 3 23
[3856] = S 3
[3857] = CNOT 3 23
[3858] = CNOT 3 25
[3859] = S 3
[3860] = Z 3
[3861] = CNOT 3 25
[3862] = CNOT 3 26
[3863] = S 3
[3864] = CNOT 3 26
[3865] = CNOT 3 13
[3866] = CNOT 3 14
[3867] = CNOT 3 23
[3868] = Z 3
[3869] = CNOT 3 23
[3870] = CNOT 3 26
[3871] = Z 3
[3872] = CNOT 3 26
[3873] = CNOT 3 27
[3874] = S 3
[3875] = CNOT 3 14
[3876] = CNOT 3 15
[3877] = S 3
[3878] = Z 3
[3879] = CNOT 3 27
[3880] = CNOT 3 15
[3881] = CNOT 3 16
[3882] = CNOT 3 23
[3883] = Z 3
[3884] = CNOT 3 23
[3885] = CNOT 3 26
[3886] = S 3
[3887] = Z 3
[3888] = CNOT 3 26
[3889] = CNOT 3 27
[3890] = S 3
[3891] = CNOT 3 16
[3892] = CNOT 3 19
[3893] = Z 3
[3894] = CNOT 3 19
[3895] = CNOT 3 21
[3896] = Z 3
[3897] = CNOT 3 21
[3898] = CNOT 3 22
[3899] = Z 3
[3900] = CNOT 3 27
[3901] = CNOT 3 22
[3902] = CNOT 3 23
[3903] = CNOT 3 25
[3904] = Z 3
[3905] = CNOT 3 25
[3906] = CNOT 3 26
[3907] = Z 3
[3908] = CNOT 3 26
[3909] = CNOT 3 27
[3910] = S 3
[3911] = CNOT 3 23
[3912] = CNOT 3 24
[3913] = S 3
[3914] = CNOT 3 27
[3915] = CNOT 3 24
[3916] = CNOT 3 25
[3917] = CNOT 3 26
[3918] = Z 3
[3919] = CNOT 3 25
[3920] = CNOT 3 27
[3921] = S 3
[3922] = CNOT 3 27
[3923] = CNOT 3 26
[3924] = CNOT 4 5
[3925] = CNOT 4 6
[3926] = S 4
[3927] = CNOT 4 6
[3928] = CNOT 4 7
[3929] = S 4
[3930] = Z 4
[3931] = CNOT 4 7
[3932] = CNOT 4 8
[3933] = S 4
[3934] = Z 4
[3935] = CNOT 4 8
[3936] = CNOT 4 11
[3937] = S 4
[3938] = Z 4
[3939] = CNOT 4 11
[3940] = CNOT 4 12
[3941] = S 4
[3942] = Z 4
[3943] = CNOT 4 12
[3944] = CNOT 4 14
[3945] = S 4
[3946] = Z 4
[3947] = CNOT 4 14
[3948] = CNOT 4 23
[3949] = Z 4
[3950] = CNOT 4 23
[3951] = CNOT 4 24
[3952] = S 4
[3953] = Z 4
[3954] = CNOT 4 24
[3955] = CNOT 4 5
[3956] = CNOT 4 6
[3957] = CNOT 4 7
[3958] = S 4
[3959] = Z 4
[3960] = CNOT 4 7
[3961] = CNOT 4 8
[3962] = S 4
[3963] = Z 4
[3964] = CNOT 4 8
[3965] = CNOT 4 11
[3966] = S 4
[3967] = Z 4
[3968] = CNOT 4 11
[3969] = CNOT 4 12
[3970] = S 4
[3971] = Z 4
[3972] = CNOT 4 12
[3973] = CNOT 4 13
[3974] = S 4
[3975] = Z 4
[3976] = CNOT 4 13
[3977] = CNOT 4 23
[3978] = Z 4
[3979] = CNOT 4 23
[3980] = CNOT 4 24
[3981] = S 4
[3982] = Z 4
[3983] = CNOT 4 24
[3984] = CNOT 4 26
[3985] = S 4
[3986] = Z 4
[3987] = CNOT 4 26
[3988] = CNOT 4 6
[3989] = CNOT 4 7
[3990] = CNOT 4 12
[3991] = S 4
[3992] = Z 4
[3993] = CNOT 4 12
[3994] = CNOT 4 27
[3995] = S 4
[3996] = Z 4
[3997] = CNOT 4 27
[3998] = CNOT 4 7
[3999] = CNOT 4 8
[4000] = CNOT 4 11
[4001] = S 4
[4002] = Z 4
[4003] = CNOT 4 11
[4004] = CNOT 4 27
[4005] = S 4
[4006] = Z 4
[4007] = CNOT 4 8
[4008] = CNOT 4 11
[4009] = S 4
[4010] = Z 4
[4011] = CNOT 4 11
[4012] = CNOT 4 12
[4013] = S 4
[4014] = Z 4
[4015] = CNOT 4 27
[4016] = CNOT 4 12
[4017] = CNOT 4 13
[4018] = CNOT 4 23
[4019] = S 4
[4020] = Z 4
[4021] = CNOT 4 23
[4022] = CNOT 4 26
[4023] = S 4
[4024] = Z 4
[4025] = CNOT 4 26
[4026] = CNOT 4 27
[4027] = S 4
[4028] = Z 4
[4029] = CNOT 4 27
[4030] = CNOT 4 13
[4031] = CNOT 4 14
[4032] = CNOT 4 23
[4033] = S 4
[4034] = Z 4
[4035] = CNOT 4 23
[4036] = CNOT 4 27
[4037] = S 4
[4038] = Z 4
[4039] = CNOT 4 27
[4040] = CNOT 4 14
[4041] = CNOT 4 15
[4042] = CNOT 4 24
[4043] = S 4
[4044] = Z 4
[4045] = CNOT 4 24
[4046] = CNOT 4 25
[4047] = S 4
[4048] = Z 4
[4049] = CNOT 4 25
[4050] = CNOT 4 26
[4051] = S 4
[4052] = Z 4
[4053] = CNOT 4 26
[4054] = CNOT 4 15
[4055] = CNOT 4 23
[4056] = CNOT 4 25
[4057] = S 4
[4058] = Z 4
[4059] = CNOT 4 25
[4060] = CNOT 4 26
[4061] = Z 4
[4062] = CNOT 4 26
[4063] = CNOT 4 23
[4064] = CNOT 4 24
[4065] = CNOT 4 27
[4066] = Z 4
[4067] = CNOT 4 27
[4068] = CNOT 4 24
[4069] = CNOT 4 25
[4070] = CNOT 4 26
[4071] = S 4
[4072] = Z 4
[4073] = CNOT 4 26
[4074] = CNOT 4 27
[4075] = Z 4
[4076] = CNOT 4 25
[4077] = CNOT 4 26
[4078] = S 4
[4079] = CNOT 4 27
[4080] = CNOT 4 26
[4081] = CNOT 5 6
[4082] = CNOT 5 7
[4083] = S 5
[4084] = CNOT 5 7
[4085] = CNOT 5 8
[4086] = S 5
[4087] = CNOT 5 8
[4088] = CNOT 5 11
[4089] = S 5
[4090] = CNOT 5 11
[4091] = CNOT 5 12
[4092] = S 5
[4093] = CNOT 5 12
[4094] = CNOT 5 13
[4095] = S 5
[4096] = Z 5
[4097] = CNOT 5 13
[4098] = CNOT 5 22
[4099] = Z 5
[4100] = CNOT 5 22
[4101] = CNOT 5 24
[4102] = Z 5
[4103] = CNOT 5 24
[4104] = CNOT 5 25
[4105] = S 5
[4106] = Z 5
[4107] = CNOT 5 25
[4108] = CNOT 5 26
[4109] = Z 5
[4110] = CNOT 5 26
[4111] = CNOT 5 6
[4112] = CNOT 5 7
[4113] = CNOT 5 23
[4114] = S 5
[4115] = Z 5
[4116] = CNOT 5 23
[4117] = CNOT 5 24
[4118] = S 5
[4119] = Z 5
[4120] = CNOT 5 24
[4121] = CNOT 5 26
[4122] = S 5
[4123] = Z 5
[4124] = CNOT 5 26
[4125] = CNOT 5 7
[4126] = CNOT 5 8
[4127] = CNOT 5 22
[4128] = S 5
[4129] = Z 5
[4130] = CNOT 5 22
[4131] = CNOT 5 23
[4132] = S 5
[4133] = Z 5
[4134] = CNOT 5 23
[4135] = CNOT 5 25
[4136] = S 5
[4137] = Z 5
[4138] = CNOT 5 25
[4139] = CNOT 5 8
[4140] = CNOT 5 9
[4141] = CNOT 5 10
[4142] = S 5
[4143] = Z 5
[4144] = CNOT 5 10
[4145] = CNOT 5 27
[4146] = S 5
[4147] = Z 5
[4148] = CNOT 5 9
[4149] = CNOT 5 10
[4150] = S 5
[4151] = Z 5
[4152] = CNOT 5 27
[4153] = CNOT 5 10
[4154] = CNOT 5 11
[4155] = CNOT 5 22
[4156] = S 5
[4157] = Z 5
[4158] = CNOT 5 22
[4159] = CNOT 5 23
[4160] = S 5
[4161] = Z 5
[4162] = CNOT 5 23
[4163] = CNOT 5 25
[4164] = S 5
[4165] = Z 5
[4166] = CNOT 5 25
[4167] = CNOT 5 11
[4168] = CNOT 5 12
[4169] = CNOT 5 23
[4170] = S 5
[4171] = Z 5
[4172] = CNOT 5 23
[4173] = CNOT 5 24
[4174] = S 5
[4175] = Z 5
[4176] = CNOT 5 24
[4177] = CNOT 5 26
[4178] = S 5
[4179] = Z 5
[4180] = CNOT 5 26
[4181] = CNOT 5 12
[4182] = CNOT 5 13
[4183] = CNOT 5 22
[4184] = S 5
[4185] = Z 5
[4186] = CNOT 5 22
[4187] = CNOT 5 23
[4188] = Z 5
[4189] = CNOT 5 23
[4190] = CNOT 5 26
[4191] = S 5
[4192] = Z 5
[4193] = CNOT 5 26
[4194] = CNOT 5 13
[4195] = CNOT 5 14
[4196] = CNOT 5 23
[4197] = Z 5
[4198] = CNOT 5 23
[4199] = CNOT 5 26
[4200] = S 5
[4201] = Z 5
[4202] = CNOT 5 26
[4203] = CNOT 5 27
[4204] = S 5
[4205] = CNOT 5 14
[4206] = CNOT 5 22
[4207] = S 5
[4208] = CNOT 5 27
[4209] = CNOT 5 22
[4210] = CNOT 5 23
[4211] = CNOT 5 26
[4212] = S 5
[4213] = CNOT 5 26
[4214] = CNOT 5 23
[4215] = CNOT 5 24
[4216] = CNOT 5 27
[4217] = S 5
[4218] = CNOT 5 24
[4219] = CNOT 5 25
[4220] = Z 5
[4221] = CNOT 5 25
[4222] = CNOT 5 26
[4223] = Z 5
[4224] = CNOT 5 27
[4225] = CNOT 5 26
[4226] = CNOT 6 7
[4227] = CNOT 6 12
[4228] = S 6
[4229] = CNOT 6 12
[4230] = CNOT 6 23
[4231] = S 6
[4232] = Z 6
[4233] = CNOT 6 23
[4234] = CNOT 6 24
[4235] = S 6
[4236] = Z 6
[4237] = CNOT 6 24
[4238] = CNOT 6 27
[4239] = S 6
[4240] = CNOT 6 27
[4241] = CNOT 6 7
[4242] = CNOT 6 8
[4243] = CNOT 6 11
[4244] = S 6
[4245] = CNOT 6 11
[4246] = CNOT 6 22
[4247] = S 6
[4248] = Z 6
[4249] = CNOT 6 22
[4250] = CNOT 6 23
[4251] = S 6
[4252] = Z 6
[4253] = CNOT 6 23
[4254] = CNOT 6 27
[4255] = S 6
[4256] = CNOT 6 27
[4257] = CNOT 6 8
[4258] = CNOT 6 9
[4259] = CNOT 6 10
[4260] = S 6
[4261] = Z 6
[4262] = CNOT 6 10
[4263] = CNOT 6 27
[4264] = S 6
[4265] = Z 6
[4266] = CNOT 6 9
[4267] = CNOT 6 10
[4268] = S 6
[4269] = Z 6
[4270] = CNOT 6 27
[4271] = CNOT 6 10
[4272] = CNOT 6 11
[4273] = CNOT 6 22
[4274] = S 6
[4275] = Z 6
[4276] = CNOT 6 22
[4277] = CNOT 6 23
[4278] = S 6
[4279] = Z 6
[4280] = CNOT 6 23
[4281] = CNOT 6 27
[4282] = S 6
[4283] = CNOT 6 27
[4284] = CNOT 6 11
[4285] = CNOT 6 12
[4286] = CNOT 6 23
[4287] = S 6
[4288] = Z 6
[4289] = CNOT 6 23
[4290] = CNOT 6 24
[4291] = S 6
[4292] = Z 6
[4293] = CNOT 6 24
[4294] = CNOT 6 27
[4295] = S 6
[4296] = CNOT 6 27
[4297] = CNOT 6 12
[4298] = CNOT 6 13
[4299] = CNOT 6 23
[4300] = S 6
[4301] = CNOT 6 23
[4302] = CNOT 6 24
[4303] = S 6
[4304] = Z 6
[4305] = CNOT 6 24
[4306] = CNOT 6 25
[4307] = S 6
[4308] = Z 6
[4309] = CNOT 6 25
[4310] = CNOT 6 26
[4311] = S 6
[4312] = CNOT 6 26
[4313] = CNOT 6 27
[4314] = S 6
[4315] = Z 6
[4316] = CNOT 6 27
[4317] = CNOT 6 13
[4318] = CNOT 6 14
[4319] = CNOT 6 23
[4320] = S 6
[4321] = Z 6
[4322] = CNOT 6 23
[4323] = CNOT 6 24
[4324] = S 6
[4325] = Z 6
[4326] = CNOT 6 24
[4327] = CNOT 6 25
[4328] = S 6
[4329] = Z 6
[4330] = CNOT 6 25
[4331] = CNOT 6 26
[4332] = Z 6
[4333] = CNOT 6 26
[4334] = CNOT 6 27
[4335] = S 6
[4336] = CNOT 6 14
[4337] = CNOT 6 22
[4338] = Z 6
[4339] = CNOT 6 27
[4340] = CNOT 6 22
[4341] = CNOT 6 23
[4342] = CNOT 6 25
[4343] = Z 6
[4344] = CNOT 6 25
[4345] = CNOT 6 27
[4346] = S 6
[4347] = CNOT 6 23
[4348] = CNOT 6 24
[4349] = S 6
[4350] = Z 6
[4351] = CNOT 6 27
[4352] = CNOT 6 24
[4353] = CNOT 6 25
[4354] = CNOT 6 26
[4355] = Z 6
[4356] = CNOT 6 26
[4357] = CNOT 6 27
[4358] = S 6
[4359] = CNOT 6 25
[4360] = CNOT 6 26
[4361] = S 6
[4362] = CNOT 6 27
[4363] = CNOT 6 26
[4364] = CNOT 7 8
[4365] = CNOT 7 11
[4366] = S 7
[4367] = Z 7
[4368] = CNOT 7 11
[4369] = CNOT 7 27
[4370] = S 7
[4371] = Z 7
[4372] = CNOT 7 27
[4373] = CNOT 7 8
[4374] = CNOT 7 9
[4375] = CNOT 7 10
[4376] = S 7
[4377] = Z 7
[4378] = CNOT 7 10
[4379] = CNOT 7 27
[4380] = S 7
[4381] = Z 7
[4382] = CNOT 7 9
[4383] = CNOT 7 10
[4384] = S 7
[4385] = Z 7
[4386] = CNOT 7 10
[4387] = CNOT 7 11
[4388] = S 7
[4389] = Z 7
[4390] = CNOT 7 27
[4391] = CNOT 7 11
[4392] = CNOT 7 12
[4393] = CNOT 7 21
[4394] = S 7
[4395] = Z 7
[4396] = CNOT 7 21
[4397] = CNOT 7 23
[4398] = S 7
[4399] = Z 7
[4400] = CNOT 7 23
[4401] = CNOT 7 24
[4402] = S 7
[4403] = Z 7
[4404] = CNOT 7 24
[4405] = CNOT 7 25
[4406] = S 7
[4407] = Z 7
[4408] = CNOT 7 25
[4409] = CNOT 7 26
[4410] = S 7
[4411] = Z 7
[4412] = CNOT 7 26
[4413] = CNOT 7 27
[4414] = Z 7
[4415] = CNOT 7 12
[4416] = CNOT 7 21
[4417] = S 7
[4418] = Z 7
[4419] = CNOT 7 21
[4420] = CNOT 7 23
[4421] = S 7
[4422] = Z 7
[4423] = CNOT 7 23
[4424] = CNOT 7 24
[4425] = S 7
[4426] = Z 7
[4427] = CNOT 7 24
[4428] = CNOT 7 25
[4429] = Z 7
[4430] = CNOT 7 25
[4431] = CNOT 7 26
[4432] = Z 7
[4433] = CNOT 7 27
[4434] = CNOT 7 26
[4435] = CNOT 8 9
[4436] = CNOT 8 10
[4437] = S 8
[4438] = Z 8
[4439] = CNOT 8 10
[4440] = CNOT 8 27
[4441] = S 8
[4442] = Z 8
[4443] = CNOT 8 9
[4444] = CNOT 8 10
[4445] = S 8
[4446] = Z 8
[4447] = CNOT 8 27
[4448] = CNOT 8 10
[4449] = CNOT 8 11
[4450] = CNOT 8 20
[4451] = S 8
[4452] = Z 8
[4453] = CNOT 8 20
[4454] = CNOT 8 21
[4455] = S 8
[4456] = Z 8
[4457] = CNOT 8 21
[4458] = CNOT 8 22
[4459] = S 8
[4460] = Z 8
[4461] = CNOT 8 22
[4462] = CNOT 8 23
[4463] = S 8
[4464] = Z 8
[4465] = CNOT 8 23
[4466] = CNOT 8 24
[4467] = S 8
[4468] = Z 8
[4469] = CNOT 8 24
[4470] = CNOT 8 25
[4471] = S 8
[4472] = Z 8
[4473] = CNOT 8 25
[4474] = CNOT 8 26
[4475] = S 8
[4476] = Z 8
[4477] = CNOT 8 26
[4478] = CNOT 8 27
[4479] = S 8
[4480] = Z 8
[4481] = CNOT 8 11
[4482] = CNOT 8 20
[4483] = S 8
[4484] = Z 8
[4485] = CNOT 8 20
[4486] = CNOT 8 21
[4487] = S 8
[4488] = Z 8
[4489] = CNOT 8 21
[4490] = CNOT 8 22
[4491] = S 8
[4492] = Z 8
[4493] = CNOT 8 22
[4494] = CNOT 8 23
[4495] = S 8
[4496] = Z 8
[4497] = CNOT 8 23
[4498] = CNOT 8 24
[4499] = S 8
[4500] = Z 8
[4501] = CNOT 8 24
[4502] = CNOT 8 25
[4503] = S 8
[4504] = Z 8
[4505] = CNOT 8 27
[4506] = CNOT 8 25
[4507] = CNOT 9 10
[4508] = CNOT 9 19
[4509] = S 9
[4510] = Z 9
[4511] = CNOT 9 19
[4512] = CNOT 9 20
[4513] = S 9
[4514] = Z 9
[4515] = CNOT 9 20
[4516] = CNOT 9 21
[4517] = S 9
[4518] = Z 9
[4519] = CNOT 9 21
[4520] = CNOT 9 23
[4521] = S 9
[4522] = Z 9
[4523] = CNOT 9 23
[4524] = CNOT 9 24
[4525] = S 9
[4526] = Z 9
[4527] = CNOT 9 24
[4528] = CNOT 9 25
[4529] = S 9
[4530] = Z 9
[4531] = CNOT 9 25
[4532] = CNOT 9 26
[4533] = S 9
[4534] = Z 9
[4535] = CNOT 9 26
[4536] = CNOT 9 27
[4537] = Z 9
[4538] = CNOT 9 10
[4539] = CNOT 9 19
[4540] = S 9
[4541] = Z 9
[4542] = CNOT 9 19
[4543] = CNOT 9 20
[4544] = S 9
[4545] = Z 9
[4546] = CNOT 9 20
[4547] = CNOT 9 21
[4548] = S 9
[4549] = Z 9
[4550] = CNOT 9 21
[4551] = CNOT 9 23
[4552] = S 9
[4553] = Z 9
[4554] = CNOT 9 23
[4555] = CNOT 9 24
[4556] = S 9
[4557] = Z 9
[4558] = CNOT 9 24
[4559] = CNOT 9 25
[4560] = S 9
[4561] = Z 9
[4562] = CNOT 9 25
[4563] = CNOT 9 26
[4564] = S 9
[4565] = Z 9
[4566] = CNOT 9 27
[4567] = CNOT 9 26
[4568] = CNOT 10 19
[4569] = CNOT 10 27
[4570] = S 10
[4571] = Z 10
[4572] = CNOT 10 19
[4573] = CNOT 10 20
[4574] = S 10
[4575] = Z 10
[4576] = CNOT 10 20
[4577] = CNOT 10 21
[4578] = S 10
[4579] = Z 10
[4580] = CNOT 10 21
[4581] = CNOT 10 23
[4582] = S 10
[4583] = Z 10
[4584] = CNOT 10 23
[4585] = CNOT 10 24
[4586] = S 10
[4587] = Z 10
[4588] = CNOT 10 24
[4589] = CNOT 10 25
[4590] = S 10
[4591] = Z 10
[4592] = CNOT 10 25
[4593] = CNOT 10 26
[4594] = S 10
[4595] = Z 10
[4596] = CNOT 10 27
[4597] = CNOT 10 26
[4598] = CNOT 11 20
[4599] = CNOT 11 27
[4600] = S 11
[4601] = Z 11
[4602] = CNOT 11 20
[4603] = CNOT 11 21
[4604] = S 11
[4605] = Z 11
[4606] = CNOT 11 21
[4607] = CNOT 11 22
[4608] = S 11
[4609] = Z 11
[4610] = CNOT 11 22
[4611] = CNOT 11 23
[4612] = S 11
[4613] = Z 11
[4614] = CNOT 11 23
[4615] = CNOT 11 24
[4616] = S 11
[4617] = Z 11
[4618] = CNOT 11 24
[4619] = CNOT 11 25
[4620] = S 11
[4621] = Z 11
[4622] = CNOT 11 25
[4623] = CNOT 11 26
[4624] = S 11
[4625] = Z 11
[4626] = CNOT 11 27
[4627] = CNOT 11 26
[4628] = CNOT 12 21
[4629] = CNOT 12 27
[4630] = S 12
[4631] = Z 12
[4632] = CNOT 12 21
[4633] = CNOT 12 23
[4634] = S 12
[4635] = Z 12
[4636] = CNOT 12 23
[4637] = CNOT 12 24
[4638] = S 12
[4639] = Z 12
[4640] = CNOT 12 24
[4641] = CNOT 12 25
[4642] = S 12
[4643] = Z 12
[4644] = CNOT 12 25
[4645] = CNOT 12 26
[4646] = S 12
[4647] = Z 12
[4648] = CNOT 12 27
[4649] = CNOT 12 26
[4650] = CNOT 13 22
[4651] = CNOT 13 27
[4652] = S 13
[4653] = Z 13
[4654] = CNOT 13 27
[4655] = CNOT 13 22
[4656] = CNOT 13 23
[4657] = CNOT 13 25
[4658] = S 13
[4659] = Z 13
[4660] = CNOT 13 25
[4661] = CNOT 13 26
[4662] = S 13
[4663] = CNOT 13 26
[4664] = CNOT 13 23
[4665] = CNOT 13 24
[4666] = CNOT 13 27
[4667] = S 13
[4668] = Z 13
[4669] = CNOT 13 27
[4670] = CNOT 13 24
[4671] = CNOT 13 25
[4672] = CNOT 13 26
[4673] = S 13
[4674] = Z 13
[4675] = CNOT 13 26
[4676] = CNOT 13 27
[4677] = S 13
[4678] = Z 13
[4679] = CNOT 13 27
[4680] = CNOT 13 25
[4681] = CNOT 14 23
[4682] = CNOT 14 25
[4683] = S 14
[4684] = Z 14
[4685] = CNOT 14 25
[4686] = CNOT 14 26
[4687] = Z 14
[4688] = CNOT 14 26
[4689] = CNOT 14 27
[4690] = S 14
[4691] = CNOT 14 23
[4692] = CNOT 14 24
[4693] = S 14
[4694] = Z 14
[4695] = CNOT 14 27
[4696] = CNOT 14 24
[4697] = CNOT 14 25
[4698] = CNOT 14 26
[4699] = S 14
[4700] = Z 14
[4701] = CNOT 14 26
[4702] = CNOT 14 27
[4703] = S 14
[4704] = Z 14
[4705] = CNOT 14 25
[4706] = CNOT 14 26
[4707] = S 14
[4708] = CNOT 14 27
[4709] = CNOT 14 26
[4710] = CNOT 15 24
[4711] = CNOT 15 27
[4712] = S 15
[4713] = Z 15
[4714] = CNOT 15 24
[4715] = CNOT 15 25
[4716] = S 15
[4717] = Z 15
[4718] = CNOT 15 25
[4719] = CNOT 15 26
[4720] = S 15
[4721] = Z 15
[4722] = CNOT 15 27
[4723] = CNOT 15 26
[4724] = CNOT 16 23
[4725] = CNOT 16 25
[4726] = S 16
[4727] = Z 16
[4728] = CNOT 16 25
[4729] = CNOT 16 26
[4730] = Z 16
[4731] = CNOT 16 26
[4732] = CNOT 16 27
[4733] = S 16
[4734] = CNOT 16 27
[4735] = CNOT 16 23
[4736] = CNOT 16 25
[4737] = CNOT 16 26
[4738] = S 16
[4739] = Z 16
[4740] = CNOT 16 26
[4741] = CNOT 16 27
[4742] = S 16
[4743] = Z 16
[4744] = CNOT 16 25
[4745] = CNOT 16 26
[4746] = Z 16
[4747] = CNOT 16 27
[4748] = CNOT 16 26
[4749] = CNOT 23 26
[4750] = CNOT 23 27
[4751] = S 23
[4752] = Z 23
[4753] = CNOT 23 27
[4754] = CNOT 23 26
[4755] = CNOT 10 9
[4756] = CNOT 11 8
[4757] = CNOT 12 7
[4758] = CNOT 13 6
[4759] = CNOT 14 5
[4760] = CNOT 15 4
[4761] = CNOT 16 3
[4762] = CNOT 17 2
[4763] = CNOT 18 1
[4764] = H 19
[4765] = H 20
[4766] = H 21
[4767] = H 22
[4768] = H 23
[4769] = H 24
[4770] = H 25
[4771] = H 26
[4772] = H 27
Gate distributions:
Input:
Operator distribution:
Total number of qubits = 27
Number of `data' qubits = 27
Number of `Toff_n' ancillas = 0
Number of Hadamard ancillas = 0
Hadamard ancilla cap = 0
Number of {CNOT,T} partitions = 3
T count = 567
Cost estimation = 283542
	id	Count
	0	0
	1	0
	2	0
	3	34
	4	8
	5	0
	6	0
	7	0
	8	0
	9	0
	10	81
	11	0
	12	0
	13	0
	14	0
	15	0
	16	0
	17	0
	18	0
Output:
Operator distribution:
Total number of qubits = 27
Number of `data' qubits = 27
Number of `Toff_n' ancillas = 0
Number of Hadamard ancillas = 0
Hadamard ancilla cap = 0
Number of {CNOT,T} partitions = 3
T count = 278
Cost estimation = 143495
	id	Count
	0	0
	1	0
	2	0
	3	34
	4	3000
	5	278
	6	0
	7	0
	8	0
	9	0
	10	0
	11	698
	12	0
	13	763
	14	0
	15	0
	16	0
	17	0
	18	0
Output T Count (SQC_Circuit) = 278
Output T Count (PhasePolynomial) = 278
Fail count = 1

Execution time: 75.0954s
Number of LCL errors: 0
Number of LCL warnings: 0
