Optimize a Clifford + T circuit.
Input filename = /home/ryo-mtmt/TOpt/forme/tpar_benchmark/gf2^6_mult.tfc
Number of unknown gates = 0
Number of unknown qubit labels = 0
Circuit filename: /home/ryo-mtmt/TOpt/forme/tpar_benchmark/gf2^6_mult.tfc

n 18
n_x 18
n_y 0
n_z 0
m 101
[0] = H 13
[1] = H 14
[2] = H 15
[3] = H 16
[4] = H 17
[5] = CCZ 6 8 13
[6] = CCZ 5 9 13
[7] = CCZ 4 10 13
[8] = CCZ 3 11 13
[9] = CCZ 2 12 13
[10] = CCZ 6 9 14
[11] = CCZ 5 10 14
[12] = CCZ 4 11 14
[13] = CCZ 3 12 14
[14] = CCZ 6 10 15
[15] = CCZ 5 11 15
[16] = CCZ 4 12 15
[17] = CCZ 6 11 16
[18] = CCZ 5 12 16
[19] = CCZ 6 12 17
[20] = H 13
[21] = H 14
[22] = H 15
[23] = H 16
[24] = H 17
[25] = CNOT 18 17
[26] = CNOT 17 16
[27] = CNOT 16 15
[28] = CNOT 15 14
[29] = CNOT 14 13
[30] = H 13
[31] = H 14
[32] = H 15
[33] = H 16
[34] = H 17
[35] = H 18
[36] = CCZ 6 7 18
[37] = CCZ 5 8 18
[38] = CCZ 4 9 18
[39] = CCZ 3 10 18
[40] = CCZ 2 11 18
[41] = CCZ 1 12 18
[42] = CCZ 5 7 17
[43] = CCZ 4 8 17
[44] = CCZ 3 9 17
[45] = CCZ 2 10 17
[46] = CCZ 1 11 17
[47] = CCZ 4 7 16
[48] = CCZ 3 8 16
[49] = CCZ 2 9 16
[50] = CCZ 1 10 16
[51] = CCZ 3 7 15
[52] = CCZ 2 8 15
[53] = CCZ 1 9 15
[54] = CCZ 2 7 14
[55] = CCZ 1 8 14
[56] = CCZ 1 7 13
[57] = H 13
[58] = H 14
[59] = H 15
[60] = H 16
[61] = H 17
[62] = H 18

Algorithm used: todd

UniversalOptimize begin.
	Gate synthesis begin.

in LempelX2
		Round = 0
Round 0 | Current Columns (m): 150
		Round = 1
Round 1 | Current Columns (m): 142
		Round = 2
Round 2 | Current Columns (m): 140
		Round = 3
Round 3 | Current Columns (m): 138
		Round = 4
Round 4 | Current Columns (m): 134
		Round = 5
Round 5 | Current Columns (m): 132
		Round = 6
Round 6 | Current Columns (m): 130
		Round = 7
Round 7 | Current Columns (m): 128
		Round = 8
Round 8 | Current Columns (m): 126
		Round = 9
Round 9 | Current Columns (m): 124
		Round = 10
Round 10 | Current Columns (m): 122
		Round = 11
Round 11 | Current Columns (m): 120
nullspace time: 227362 ms, chi time: 72615 ms
Total LempelX2 time: 300007 ms
		TODD executed in 299.508 seconds.
		Total time: 299.509s
	Gate synthesis end.
	Total time: 300.054s
UniversalOptimize end.
Output circuit:
n 29
n_x 18
n_y 0
n_z 11
m 3201
[0] = H 13
[1] = H 14
[2] = H 15
[3] = H 16
[4] = H 17
[5] = H 19
[6] = H 20
[7] = H 21
[8] = H 22
[9] = H 23
[10] = H 24
[11] = H 25
[12] = H 26
[13] = H 27
[14] = H 28
[15] = H 29
[16] = CNOT 2 7
[17] = CNOT 2 10
[18] = CNOT 2 25
[19] = CNOT 2 26
[20] = CNOT 2 28
[21] = T 2
[22] = CNOT 2 28
[23] = CNOT 2 26
[24] = CNOT 2 25
[25] = CNOT 2 10
[26] = CNOT 2 7
[27] = CNOT 4 6
[28] = CNOT 4 7
[29] = CNOT 4 8
[30] = T 4
[31] = CNOT 4 13
[32] = T 4
[33] = CNOT 4 6
[34] = T 4
[35] = CNOT 4 13
[36] = CNOT 4 8
[37] = CNOT 4 7
[38] = CNOT 10 28
[39] = T 10
[40] = S 10
[41] = Z 10
[42] = CNOT 10 28
[43] = CNOT 3 4
[44] = CNOT 3 5
[45] = CNOT 3 6
[46] = CNOT 3 7
[47] = CNOT 3 9
[48] = CNOT 3 10
[49] = CNOT 3 11
[50] = CNOT 3 12
[51] = CNOT 3 13
[52] = CNOT 3 14
[53] = CNOT 3 29
[54] = T 3
[55] = CNOT 3 14
[56] = CNOT 3 13
[57] = CNOT 3 12
[58] = CNOT 3 11
[59] = CNOT 3 9
[60] = CNOT 1 2
[61] = CNOT 1 7
[62] = CNOT 1 26
[63] = T 1
[64] = CNOT 1 26
[65] = CNOT 1 7
[66] = CNOT 1 2
[67] = CNOT 2 7
[68] = CNOT 2 9
[69] = CNOT 2 26
[70] = T 2
[71] = CNOT 2 26
[72] = T 3
[73] = CNOT 1 24
[74] = T 1
[75] = S 1
[76] = CNOT 1 24
[77] = CNOT 2 5
[78] = CNOT 2 13
[79] = T 2
[80] = CNOT 2 13
[81] = CNOT 2 9
[82] = CNOT 2 7
[83] = CNOT 2 5
[84] = CNOT 3 9
[85] = CNOT 3 11
[86] = CNOT 3 12
[87] = CNOT 3 13
[88] = T 3
[89] = CNOT 3 29
[90] = CNOT 3 12
[91] = CNOT 3 7
[92] = CNOT 3 6
[93] = CNOT 7 24
[94] = T 7
[95] = S 7
[96] = CNOT 7 24
[97] = CNOT 3 7
[98] = CNOT 3 14
[99] = T 3
[100] = CNOT 3 13
[101] = T 3
[102] = CNOT 3 14
[103] = CNOT 3 11
[104] = CNOT 3 10
[105] = CNOT 3 9
[106] = CNOT 3 7
[107] = CNOT 3 5
[108] = CNOT 3 4
[109] = CNOT 1 2
[110] = CNOT 1 3
[111] = CNOT 1 8
[112] = CNOT 1 27
[113] = T 1
[114] = CNOT 1 27
[115] = CNOT 1 8
[116] = CNOT 1 3
[117] = CNOT 1 2
[118] = CNOT 3 4
[119] = CNOT 3 5
[120] = CNOT 3 7
[121] = CNOT 3 9
[122] = CNOT 3 10
[123] = CNOT 3 14
[124] = T 3
[125] = CNOT 3 14
[126] = CNOT 3 10
[127] = CNOT 3 9
[128] = CNOT 3 7
[129] = CNOT 7 11
[130] = CNOT 7 14
[131] = T 7
[132] = S 7
[133] = Z 7
[134] = CNOT 7 14
[135] = CNOT 7 11
[136] = CNOT 7 12
[137] = CNOT 7 13
[138] = T 7
[139] = CNOT 7 13
[140] = CNOT 7 12
[141] = CNOT 2 7
[142] = CNOT 2 12
[143] = CNOT 2 13
[144] = T 2
[145] = CNOT 2 13
[146] = CNOT 2 12
[147] = CNOT 1 7
[148] = CNOT 1 24
[149] = T 1
[150] = CNOT 1 24
[151] = CNOT 3 7
[152] = CNOT 3 11
[153] = CNOT 3 12
[154] = CNOT 3 29
[155] = T 3
[156] = CNOT 3 14
[157] = T 3
[158] = CNOT 3 12
[159] = CNOT 3 11
[160] = CNOT 3 5
[161] = CNOT 3 4
[162] = CNOT 2 4
[163] = CNOT 2 5
[164] = CNOT 2 10
[165] = CNOT 2 14
[166] = T 2
[167] = CNOT 2 14
[168] = CNOT 2 10
[169] = CNOT 2 7
[170] = CNOT 2 5
[171] = CNOT 2 4
[172] = CNOT 4 6
[173] = CNOT 4 7
[174] = CNOT 4 14
[175] = T 4
[176] = CNOT 4 14
[177] = CNOT 4 7
[178] = CNOT 4 6
[179] = CNOT 3 4
[180] = CNOT 3 6
[181] = CNOT 3 9
[182] = CNOT 3 10
[183] = T 3
[184] = CNOT 3 29
[185] = CNOT 3 6
[186] = CNOT 3 4
[187] = CNOT 1 2
[188] = CNOT 1 9
[189] = CNOT 1 26
[190] = T 1
[191] = CNOT 1 26
[192] = T 1
[193] = CNOT 1 9
[194] = CNOT 1 7
[195] = CNOT 1 2
[196] = CNOT 2 4
[197] = CNOT 2 7
[198] = CNOT 2 9
[199] = CNOT 2 10
[200] = CNOT 2 14
[201] = T 2
[202] = CNOT 2 14
[203] = CNOT 2 10
[204] = CNOT 2 9
[205] = CNOT 2 7
[206] = CNOT 2 4
[207] = CNOT 5 7
[208] = CNOT 5 9
[209] = CNOT 5 10
[210] = CNOT 5 12
[211] = CNOT 5 13
[212] = T 5
[213] = CNOT 5 13
[214] = CNOT 5 12
[215] = CNOT 5 10
[216] = CNOT 5 9
[217] = CNOT 5 7
[218] = CNOT 4 5
[219] = CNOT 4 7
[220] = CNOT 4 9
[221] = CNOT 4 10
[222] = CNOT 4 11
[223] = CNOT 4 14
[224] = T 4
[225] = CNOT 4 14
[226] = CNOT 4 13
[227] = T 4
[228] = CNOT 4 13
[229] = CNOT 4 11
[230] = CNOT 4 10
[231] = CNOT 4 9
[232] = CNOT 4 7
[233] = CNOT 4 5
[234] = CNOT 1 8
[235] = CNOT 1 26
[236] = CNOT 1 27
[237] = T 1
[238] = CNOT 1 26
[239] = CNOT 3 4
[240] = CNOT 3 5
[241] = CNOT 3 12
[242] = CNOT 3 13
[243] = T 3
[244] = CNOT 3 14
[245] = T 3
[246] = CNOT 3 12
[247] = CNOT 3 10
[248] = CNOT 3 9
[249] = CNOT 3 5
[250] = CNOT 3 4
[251] = CNOT 4 5
[252] = CNOT 4 7
[253] = CNOT 4 9
[254] = CNOT 4 10
[255] = CNOT 4 12
[256] = CNOT 4 13
[257] = T 4
[258] = CNOT 4 12
[259] = CNOT 4 9
[260] = CNOT 4 5
[261] = CNOT 4 6
[262] = CNOT 4 14
[263] = CNOT 4 29
[264] = T 4
[265] = CNOT 4 29
[266] = CNOT 4 10
[267] = CNOT 4 6
[268] = CNOT 4 5
[269] = CNOT 4 9
[270] = CNOT 4 17
[271] = T 4
[272] = CNOT 4 17
[273] = CNOT 4 14
[274] = CNOT 4 13
[275] = CNOT 4 9
[276] = CNOT 4 7
[277] = CNOT 4 5
[278] = CNOT 3 4
[279] = CNOT 3 29
[280] = T 3
[281] = CNOT 3 29
[282] = CNOT 3 13
[283] = CNOT 3 7
[284] = CNOT 3 4
[285] = CNOT 1 2
[286] = CNOT 1 7
[287] = T 1
[288] = CNOT 1 7
[289] = CNOT 7 10
[290] = CNOT 7 25
[291] = CNOT 7 26
[292] = CNOT 7 28
[293] = T 7
[294] = CNOT 7 28
[295] = CNOT 7 26
[296] = CNOT 7 25
[297] = CNOT 7 10
[298] = CNOT 4 5
[299] = CNOT 4 6
[300] = CNOT 4 7
[301] = CNOT 4 9
[302] = CNOT 4 10
[303] = CNOT 4 13
[304] = CNOT 4 14
[305] = CNOT 4 15
[306] = T 4
[307] = CNOT 4 14
[308] = CNOT 4 10
[309] = CNOT 4 6
[310] = CNOT 4 5
[311] = CNOT 4 12
[312] = CNOT 4 17
[313] = T 4
[314] = CNOT 4 15
[315] = CNOT 4 12
[316] = CNOT 4 11
[317] = CNOT 4 14
[318] = T 4
[319] = CNOT 4 5
[320] = T 4
[321] = CNOT 4 11
[322] = CNOT 4 5
[323] = T 4
[324] = CNOT 4 17
[325] = CNOT 1 3
[326] = CNOT 1 26
[327] = T 1
[328] = CNOT 1 8
[329] = CNOT 1 3
[330] = CNOT 1 2
[331] = CNOT 5 7
[332] = CNOT 5 9
[333] = CNOT 5 10
[334] = CNOT 5 12
[335] = CNOT 5 13
[336] = CNOT 5 14
[337] = CNOT 5 15
[338] = T 5
[339] = CNOT 5 15
[340] = CNOT 5 14
[341] = CNOT 5 13
[342] = CNOT 5 12
[343] = CNOT 5 10
[344] = CNOT 5 9
[345] = CNOT 5 7
[346] = CNOT 4 5
[347] = CNOT 4 10
[348] = CNOT 4 12
[349] = CNOT 4 15
[350] = T 4
[351] = CNOT 4 14
[352] = CNOT 4 10
[353] = CNOT 4 5
[354] = CNOT 5 7
[355] = CNOT 5 9
[356] = CNOT 5 10
[357] = CNOT 5 13
[358] = CNOT 5 14
[359] = CNOT 5 15
[360] = T 5
[361] = CNOT 5 15
[362] = CNOT 5 14
[363] = CNOT 5 13
[364] = CNOT 5 10
[365] = CNOT 5 9
[366] = CNOT 5 7
[367] = CNOT 4 5
[368] = CNOT 4 6
[369] = CNOT 4 17
[370] = T 4
[371] = CNOT 4 12
[372] = CNOT 4 11
[373] = CNOT 4 14
[374] = CNOT 4 16
[375] = T 4
[376] = CNOT 4 6
[377] = T 4
[378] = CNOT 4 11
[379] = CNOT 4 6
[380] = T 4
[381] = CNOT 4 16
[382] = CNOT 4 14
[383] = CNOT 4 6
[384] = CNOT 4 5
[385] = CNOT 4 11
[386] = T 4
[387] = CNOT 4 11
[388] = CNOT 4 12
[389] = CNOT 4 14
[390] = CNOT 4 16
[391] = T 4
[392] = CNOT 4 5
[393] = T 4
[394] = CNOT 4 12
[395] = CNOT 4 5
[396] = T 4
[397] = CNOT 4 16
[398] = CNOT 4 14
[399] = CNOT 2 10
[400] = CNOT 2 25
[401] = CNOT 2 26
[402] = CNOT 2 28
[403] = T 2
[404] = CNOT 2 28
[405] = CNOT 2 25
[406] = CNOT 2 10
[407] = CNOT 4 5
[408] = CNOT 4 6
[409] = CNOT 4 11
[410] = T 4
[411] = CNOT 4 17
[412] = CNOT 4 11
[413] = CNOT 4 12
[414] = CNOT 4 14
[415] = T 4
[416] = CNOT 4 6
[417] = T 4
[418] = CNOT 4 15
[419] = CNOT 4 12
[420] = CNOT 4 7
[421] = CNOT 1 7
[422] = T 1
[423] = CNOT 1 27
[424] = CNOT 1 26
[425] = T 24
[426] = S 24
[427] = Z 24
[428] = CNOT 2 7
[429] = CNOT 2 8
[430] = T 2
[431] = CNOT 2 26
[432] = CNOT 2 8
[433] = CNOT 2 7
[434] = CNOT 1 2
[435] = CNOT 1 10
[436] = T 1
[437] = CNOT 1 7
[438] = CNOT 1 2
[439] = CNOT 4 6
[440] = CNOT 4 10
[441] = T 4
[442] = CNOT 4 29
[443] = T 4
[444] = CNOT 4 6
[445] = T 4
[446] = CNOT 4 29
[447] = CNOT 4 14
[448] = CNOT 4 13
[449] = CNOT 4 10
[450] = CNOT 4 9
[451] = CNOT 4 5
[452] = CNOT 3 4
[453] = CNOT 3 7
[454] = CNOT 3 10
[455] = CNOT 3 13
[456] = T 3
[457] = CNOT 3 13
[458] = CNOT 3 10
[459] = CNOT 3 4
[460] = CNOT 4 5
[461] = CNOT 4 7
[462] = CNOT 4 8
[463] = T 4
[464] = CNOT 4 29
[465] = T 4
[466] = CNOT 4 5
[467] = T 4
[468] = CNOT 4 29
[469] = CNOT 4 8
[470] = CNOT 4 7
[471] = CNOT 3 4
[472] = CNOT 3 6
[473] = CNOT 3 9
[474] = CNOT 3 14
[475] = T 3
[476] = CNOT 3 9
[477] = CNOT 3 7
[478] = CNOT 2 10
[479] = CNOT 2 27
[480] = CNOT 2 28
[481] = T 2
[482] = CNOT 2 28
[483] = CNOT 2 27
[484] = CNOT 2 10
[485] = CNOT 7 9
[486] = CNOT 7 29
[487] = T 7
[488] = S 7
[489] = CNOT 7 29
[490] = CNOT 7 9
[491] = CNOT 3 5
[492] = CNOT 3 7
[493] = T 3
[494] = CNOT 3 6
[495] = CNOT 1 25
[496] = CNOT 1 26
[497] = CNOT 1 28
[498] = T 1
[499] = CNOT 1 26
[500] = CNOT 1 25
[501] = CNOT 1 10
[502] = CNOT 3 9
[503] = CNOT 3 13
[504] = T 3
[505] = CNOT 3 4
[506] = CNOT 1 2
[507] = CNOT 1 7
[508] = T 1
[509] = CNOT 1 28
[510] = CNOT 1 7
[511] = CNOT 1 2
[512] = CNOT 4 5
[513] = CNOT 4 7
[514] = CNOT 4 9
[515] = CNOT 4 13
[516] = CNOT 4 14
[517] = CNOT 4 29
[518] = T 4
[519] = CNOT 4 29
[520] = CNOT 4 14
[521] = CNOT 4 13
[522] = CNOT 4 9
[523] = CNOT 4 7
[524] = CNOT 4 5
[525] = CNOT 3 4
[526] = CNOT 3 10
[527] = CNOT 3 29
[528] = T 3
[529] = CNOT 3 29
[530] = CNOT 3 9
[531] = CNOT 3 7
[532] = CNOT 3 4
[533] = CNOT 7 12
[534] = CNOT 7 14
[535] = T 7
[536] = S 7
[537] = Z 7
[538] = CNOT 7 14
[539] = CNOT 7 12
[540] = CNOT 7 11
[541] = CNOT 7 29
[542] = T 7
[543] = S 7
[544] = CNOT 7 29
[545] = CNOT 7 11
[546] = CNOT 2 7
[547] = CNOT 2 11
[548] = CNOT 2 29
[549] = T 2
[550] = CNOT 2 29
[551] = CNOT 2 11
[552] = CNOT 2 7
[553] = CNOT 8 10
[554] = CNOT 8 25
[555] = CNOT 8 26
[556] = CNOT 8 28
[557] = T 8
[558] = CNOT 8 28
[559] = CNOT 8 26
[560] = CNOT 8 25
[561] = CNOT 8 10
[562] = CNOT 1 2
[563] = CNOT 1 7
[564] = CNOT 1 12
[565] = T 1
[566] = CNOT 1 29
[567] = T 1
[568] = CNOT 1 12
[569] = CNOT 1 2
[570] = CNOT 2 7
[571] = CNOT 2 12
[572] = CNOT 2 29
[573] = T 2
[574] = CNOT 2 29
[575] = CNOT 2 12
[576] = CNOT 2 7
[577] = CNOT 1 2
[578] = T 1
[579] = CNOT 1 29
[580] = CNOT 1 2
[581] = CNOT 4 9
[582] = CNOT 4 10
[583] = CNOT 4 13
[584] = CNOT 4 14
[585] = T 4
[586] = CNOT 4 28
[587] = T 4
[588] = CNOT 4 5
[589] = T 4
[590] = CNOT 4 28
[591] = CNOT 4 14
[592] = CNOT 4 13
[593] = CNOT 4 10
[594] = CNOT 4 9
[595] = CNOT 4 5
[596] = CNOT 2 4
[597] = CNOT 2 5
[598] = CNOT 2 7
[599] = CNOT 2 13
[600] = CNOT 2 14
[601] = CNOT 2 28
[602] = T 2
[603] = CNOT 2 28
[604] = CNOT 2 14
[605] = CNOT 2 13
[606] = CNOT 2 7
[607] = CNOT 2 5
[608] = CNOT 2 4
[609] = CNOT 1 2
[610] = CNOT 1 4
[611] = CNOT 1 8
[612] = CNOT 1 10
[613] = CNOT 1 27
[614] = CNOT 1 28
[615] = T 1
[616] = CNOT 1 28
[617] = T 1
[618] = CNOT 1 4
[619] = T 1
[620] = CNOT 1 8
[621] = CNOT 1 4
[622] = T 1
[623] = CNOT 1 27
[624] = CNOT 1 7
[625] = CNOT 1 4
[626] = CNOT 1 2
[627] = CNOT 3 4
[628] = CNOT 3 7
[629] = T 3
[630] = CNOT 3 28
[631] = T 3
[632] = CNOT 2 4
[633] = CNOT 2 7
[634] = CNOT 2 9
[635] = CNOT 2 13
[636] = CNOT 2 14
[637] = CNOT 2 28
[638] = T 2
[639] = CNOT 2 28
[640] = CNOT 2 14
[641] = CNOT 2 13
[642] = CNOT 2 4
[643] = CNOT 3 9
[644] = T 3
[645] = CNOT 3 28
[646] = CNOT 3 14
[647] = CNOT 3 13
[648] = CNOT 3 10
[649] = CNOT 3 9
[650] = CNOT 3 7
[651] = CNOT 3 5
[652] = CNOT 3 4
[653] = CNOT 1 8
[654] = CNOT 1 25
[655] = CNOT 1 26
[656] = CNOT 1 28
[657] = T 1
[658] = CNOT 1 28
[659] = CNOT 1 26
[660] = CNOT 1 25
[661] = CNOT 1 10
[662] = CNOT 1 8
[663] = CNOT 2 27
[664] = T 2
[665] = CNOT 2 27
[666] = CNOT 5 7
[667] = CNOT 5 9
[668] = CNOT 5 28
[669] = T 5
[670] = CNOT 5 28
[671] = CNOT 5 9
[672] = CNOT 5 7
[673] = CNOT 2 5
[674] = CNOT 2 10
[675] = CNOT 2 28
[676] = T 2
[677] = CNOT 2 28
[678] = CNOT 2 10
[679] = CNOT 2 9
[680] = CNOT 2 7
[681] = CNOT 2 5
[682] = CNOT 1 2
[683] = CNOT 1 7
[684] = CNOT 1 11
[685] = T 1
[686] = CNOT 1 28
[687] = T 1
[688] = CNOT 1 11
[689] = CNOT 1 7
[690] = CNOT 1 2
[691] = CNOT 2 7
[692] = CNOT 2 11
[693] = CNOT 2 28
[694] = T 2
[695] = CNOT 2 28
[696] = CNOT 2 11
[697] = CNOT 2 10
[698] = CNOT 2 27
[699] = T 2
[700] = CNOT 2 27
[701] = CNOT 2 10
[702] = CNOT 2 7
[703] = CNOT 1 2
[704] = CNOT 1 4
[705] = CNOT 1 10
[706] = CNOT 1 27
[707] = T 1
[708] = CNOT 1 27
[709] = T 1
[710] = CNOT 1 28
[711] = CNOT 1 10
[712] = CNOT 1 4
[713] = CNOT 1 3
[714] = CNOT 1 7
[715] = CNOT 1 8
[716] = CNOT 1 27
[717] = T 1
[718] = CNOT 1 27
[719] = CNOT 1 8
[720] = CNOT 1 3
[721] = CNOT 1 4
[722] = CNOT 1 10
[723] = CNOT 1 28
[724] = T 1
[725] = CNOT 1 28
[726] = CNOT 1 10
[727] = CNOT 1 4
[728] = CNOT 1 3
[729] = CNOT 1 26
[730] = CNOT 1 27
[731] = T 1
[732] = CNOT 1 27
[733] = CNOT 1 8
[734] = T 1
[735] = CNOT 1 8
[736] = CNOT 8 27
[737] = T 8
[738] = Z 8
[739] = CNOT 8 27
[740] = T 1
[741] = CNOT 1 26
[742] = CNOT 1 7
[743] = CNOT 1 3
[744] = CNOT 1 2
[745] = CNOT 2 7
[746] = CNOT 2 8
[747] = CNOT 2 10
[748] = CNOT 2 27
[749] = CNOT 2 28
[750] = T 2
[751] = CNOT 2 28
[752] = CNOT 2 27
[753] = CNOT 2 10
[754] = CNOT 2 8
[755] = CNOT 2 7
[756] = CNOT 7 9
[757] = CNOT 7 27
[758] = T 7
[759] = S 7
[760] = Z 7
[761] = CNOT 7 27
[762] = CNOT 7 9
[763] = S 1
[764] = Z 1
[765] = Z 2
[766] = Z 3
[767] = S 5
[768] = Z 5
[769] = Z 6
[770] = S 10
[771] = Z 10
[772] = S 11
[773] = Z 11
[774] = S 12
[775] = Z 12
[776] = S 14
[777] = Z 16
[778] = Z 17
[779] = Z 18
[780] = S 20
[781] = Z 20
[782] = S 21
[783] = Z 21
[784] = S 22
[785] = Z 22
[786] = S 23
[787] = Z 23
[788] = Z 27
[789] = S 28
[790] = Z 28
[791] = S 29
[792] = Z 29
[793] = CNOT 1 2
[794] = S 1
[795] = Z 1
[796] = CNOT 1 2
[797] = CNOT 1 3
[798] = Z 1
[799] = CNOT 1 3
[800] = CNOT 1 9
[801] = S 1
[802] = Z 1
[803] = CNOT 1 9
[804] = CNOT 1 11
[805] = S 1
[806] = Z 1
[807] = CNOT 1 11
[808] = CNOT 1 12
[809] = S 1
[810] = Z 1
[811] = CNOT 1 12
[812] = CNOT 1 28
[813] = Z 1
[814] = CNOT 1 28
[815] = CNOT 1 29
[816] = S 1
[817] = Z 1
[818] = CNOT 1 29
[819] = CNOT 2 3
[820] = Z 2
[821] = CNOT 2 3
[822] = CNOT 2 4
[823] = S 2
[824] = Z 2
[825] = CNOT 2 4
[826] = CNOT 2 5
[827] = Z 2
[828] = CNOT 2 5
[829] = CNOT 2 7
[830] = Z 2
[831] = CNOT 2 7
[832] = CNOT 2 10
[833] = S 2
[834] = CNOT 2 10
[835] = CNOT 2 11
[836] = Z 2
[837] = CNOT 2 11
[838] = CNOT 2 12
[839] = Z 2
[840] = CNOT 2 12
[841] = CNOT 2 13
[842] = S 2
[843] = CNOT 2 13
[844] = CNOT 2 14
[845] = S 2
[846] = Z 2
[847] = CNOT 2 14
[848] = CNOT 2 29
[849] = Z 2
[850] = CNOT 2 29
[851] = CNOT 3 5
[852] = Z 3
[853] = CNOT 3 5
[854] = CNOT 3 6
[855] = Z 3
[856] = CNOT 3 6
[857] = CNOT 3 7
[858] = S 3
[859] = CNOT 3 7
[860] = CNOT 3 8
[861] = S 3
[862] = CNOT 3 8
[863] = CNOT 3 9
[864] = S 3
[865] = CNOT 3 9
[866] = CNOT 3 10
[867] = S 3
[868] = Z 3
[869] = CNOT 3 10
[870] = CNOT 3 13
[871] = S 3
[872] = Z 3
[873] = CNOT 3 13
[874] = CNOT 3 14
[875] = S 3
[876] = CNOT 3 14
[877] = CNOT 3 26
[878] = S 3
[879] = CNOT 3 26
[880] = CNOT 3 27
[881] = S 3
[882] = CNOT 3 27
[883] = CNOT 3 28
[884] = S 3
[885] = Z 3
[886] = CNOT 3 28
[887] = CNOT 3 29
[888] = S 3
[889] = CNOT 3 29
[890] = CNOT 4 6
[891] = Z 4
[892] = CNOT 4 6
[893] = CNOT 4 9
[894] = S 4
[895] = Z 4
[896] = CNOT 4 9
[897] = CNOT 4 10
[898] = S 4
[899] = CNOT 4 10
[900] = CNOT 4 11
[901] = S 4
[902] = CNOT 4 11
[903] = CNOT 4 12
[904] = Z 4
[905] = CNOT 4 12
[906] = CNOT 4 13
[907] = S 4
[908] = CNOT 4 13
[909] = CNOT 4 14
[910] = S 4
[911] = CNOT 4 14
[912] = CNOT 4 15
[913] = S 4
[914] = Z 4
[915] = CNOT 4 15
[916] = CNOT 4 16
[917] = Z 4
[918] = CNOT 4 16
[919] = CNOT 4 27
[920] = S 4
[921] = Z 4
[922] = CNOT 4 27
[923] = CNOT 4 28
[924] = S 4
[925] = CNOT 4 28
[926] = CNOT 4 29
[927] = S 4
[928] = CNOT 4 29
[929] = CNOT 5 7
[930] = Z 5
[931] = CNOT 5 7
[932] = CNOT 5 8
[933] = S 5
[934] = Z 5
[935] = CNOT 5 8
[936] = CNOT 5 9
[937] = S 5
[938] = Z 5
[939] = CNOT 5 9
[940] = CNOT 5 10
[941] = S 5
[942] = CNOT 5 10
[943] = CNOT 5 11
[944] = S 5
[945] = Z 5
[946] = CNOT 5 11
[947] = CNOT 5 12
[948] = S 5
[949] = CNOT 5 12
[950] = CNOT 5 13
[951] = S 5
[952] = Z 5
[953] = CNOT 5 13
[954] = CNOT 5 14
[955] = Z 5
[956] = CNOT 5 14
[957] = CNOT 5 16
[958] = Z 5
[959] = CNOT 5 16
[960] = CNOT 5 17
[961] = S 5
[962] = CNOT 5 17
[963] = CNOT 5 28
[964] = S 5
[965] = CNOT 5 28
[966] = CNOT 5 29
[967] = S 5
[968] = Z 5
[969] = CNOT 5 29
[970] = CNOT 6 7
[971] = S 6
[972] = Z 6
[973] = CNOT 6 7
[974] = CNOT 6 8
[975] = S 6
[976] = Z 6
[977] = CNOT 6 8
[978] = CNOT 6 10
[979] = Z 6
[980] = CNOT 6 10
[981] = CNOT 6 11
[982] = S 6
[983] = Z 6
[984] = CNOT 6 11
[985] = CNOT 6 12
[986] = Z 6
[987] = CNOT 6 12
[988] = CNOT 6 13
[989] = S 6
[990] = Z 6
[991] = CNOT 6 13
[992] = CNOT 6 14
[993] = Z 6
[994] = CNOT 6 14
[995] = CNOT 6 15
[996] = S 6
[997] = CNOT 6 15
[998] = CNOT 6 16
[999] = S 6
[1000] = CNOT 6 16
[1001] = CNOT 6 17
[1002] = S 6
[1003] = CNOT 6 17
[1004] = CNOT 6 29
[1005] = S 6
[1006] = Z 6
[1007] = CNOT 6 29
[1008] = CNOT 7 8
[1009] = Z 7
[1010] = CNOT 7 8
[1011] = CNOT 7 9
[1012] = Z 7
[1013] = CNOT 7 9
[1014] = CNOT 7 11
[1015] = Z 7
[1016] = CNOT 7 11
[1017] = CNOT 7 12
[1018] = S 7
[1019] = CNOT 7 12
[1020] = CNOT 7 13
[1021] = Z 7
[1022] = CNOT 7 13
[1023] = CNOT 7 14
[1024] = S 7
[1025] = CNOT 7 14
[1026] = CNOT 7 15
[1027] = Z 7
[1028] = CNOT 7 15
[1029] = CNOT 7 16
[1030] = Z 7
[1031] = CNOT 7 16
[1032] = CNOT 7 26
[1033] = S 7
[1034] = Z 7
[1035] = CNOT 7 26
[1036] = CNOT 7 27
[1037] = Z 7
[1038] = CNOT 7 27
[1039] = CNOT 7 28
[1040] = S 7
[1041] = Z 7
[1042] = CNOT 7 28
[1043] = CNOT 7 29
[1044] = S 7
[1045] = Z 7
[1046] = CNOT 7 29
[1047] = CNOT 8 13
[1048] = S 8
[1049] = Z 8
[1050] = CNOT 8 13
[1051] = CNOT 8 28
[1052] = Z 8
[1053] = CNOT 8 28
[1054] = CNOT 8 29
[1055] = S 8
[1056] = Z 8
[1057] = CNOT 8 29
[1058] = CNOT 9 11
[1059] = S 9
[1060] = Z 9
[1061] = CNOT 9 11
[1062] = CNOT 9 12
[1063] = Z 9
[1064] = CNOT 9 12
[1065] = CNOT 9 14
[1066] = S 9
[1067] = CNOT 9 14
[1068] = CNOT 9 15
[1069] = Z 9
[1070] = CNOT 9 15
[1071] = CNOT 9 16
[1072] = Z 9
[1073] = CNOT 9 16
[1074] = CNOT 9 26
[1075] = S 9
[1076] = Z 9
[1077] = CNOT 9 26
[1078] = CNOT 9 27
[1079] = Z 9
[1080] = CNOT 9 27
[1081] = CNOT 10 12
[1082] = S 10
[1083] = Z 10
[1084] = CNOT 10 12
[1085] = CNOT 10 13
[1086] = S 10
[1087] = CNOT 10 13
[1088] = CNOT 10 15
[1089] = Z 10
[1090] = CNOT 10 15
[1091] = CNOT 10 25
[1092] = S 10
[1093] = CNOT 10 25
[1094] = CNOT 10 26
[1095] = S 10
[1096] = CNOT 10 26
[1097] = CNOT 10 27
[1098] = S 10
[1099] = Z 10
[1100] = CNOT 10 27
[1101] = CNOT 10 29
[1102] = Z 10
[1103] = CNOT 10 29
[1104] = CNOT 11 12
[1105] = S 11
[1106] = CNOT 11 12
[1107] = CNOT 11 16
[1108] = S 11
[1109] = CNOT 11 16
[1110] = CNOT 11 17
[1111] = S 11
[1112] = Z 11
[1113] = CNOT 11 17
[1114] = CNOT 11 28
[1115] = S 11
[1116] = Z 11
[1117] = CNOT 11 28
[1118] = CNOT 11 29
[1119] = S 11
[1120] = Z 11
[1121] = CNOT 11 29
[1122] = CNOT 12 14
[1123] = S 12
[1124] = CNOT 12 14
[1125] = CNOT 12 15
[1126] = Z 12
[1127] = CNOT 12 15
[1128] = CNOT 12 17
[1129] = S 12
[1130] = Z 12
[1131] = CNOT 12 17
[1132] = CNOT 13 15
[1133] = Z 13
[1134] = CNOT 13 15
[1135] = CNOT 13 16
[1136] = Z 13
[1137] = CNOT 13 16
[1138] = CNOT 13 19
[1139] = S 13
[1140] = CNOT 13 19
[1141] = CNOT 13 28
[1142] = S 13
[1143] = Z 13
[1144] = CNOT 13 28
[1145] = CNOT 13 29
[1146] = S 13
[1147] = CNOT 13 29
[1148] = CNOT 14 16
[1149] = Z 14
[1150] = CNOT 14 16
[1151] = CNOT 14 17
[1152] = Z 14
[1153] = CNOT 14 17
[1154] = CNOT 14 20
[1155] = S 14
[1156] = CNOT 14 20
[1157] = CNOT 14 28
[1158] = S 14
[1159] = Z 14
[1160] = CNOT 14 28
[1161] = CNOT 14 29
[1162] = S 14
[1163] = CNOT 14 29
[1164] = CNOT 15 16
[1165] = Z 15
[1166] = CNOT 15 16
[1167] = CNOT 15 21
[1168] = S 15
[1169] = CNOT 15 21
[1170] = CNOT 16 17
[1171] = Z 16
[1172] = CNOT 16 17
[1173] = CNOT 16 22
[1174] = S 16
[1175] = CNOT 16 22
[1176] = CNOT 17 23
[1177] = S 17
[1178] = CNOT 17 23
[1179] = CNOT 18 23
[1180] = S 18
[1181] = CNOT 18 23
[1182] = CNOT 18 29
[1183] = Z 18
[1184] = CNOT 19 20
[1185] = S 19
[1186] = CNOT 19 20
[1187] = CNOT 19 24
[1188] = S 19
[1189] = CNOT 19 24
[1190] = CNOT 19 25
[1191] = Z 19
[1192] = CNOT 19 25
[1193] = CNOT 20 21
[1194] = S 20
[1195] = CNOT 20 21
[1196] = CNOT 20 25
[1197] = Z 20
[1198] = CNOT 20 25
[1199] = CNOT 20 26
[1200] = Z 20
[1201] = CNOT 20 26
[1202] = CNOT 21 22
[1203] = S 21
[1204] = CNOT 21 22
[1205] = CNOT 21 26
[1206] = Z 21
[1207] = CNOT 21 26
[1208] = CNOT 21 27
[1209] = Z 21
[1210] = CNOT 21 27
[1211] = CNOT 22 23
[1212] = S 22
[1213] = CNOT 22 23
[1214] = CNOT 22 27
[1215] = Z 22
[1216] = CNOT 22 27
[1217] = CNOT 22 28
[1218] = Z 22
[1219] = CNOT 22 28
[1220] = CNOT 23 28
[1221] = Z 23
[1222] = CNOT 23 28
[1223] = CNOT 23 29
[1224] = Z 23
[1225] = CNOT 23 29
[1226] = CNOT 25 26
[1227] = S 25
[1228] = CNOT 25 26
[1229] = CNOT 25 28
[1230] = S 25
[1231] = CNOT 25 28
[1232] = CNOT 26 28
[1233] = S 26
[1234] = CNOT 26 28
[1235] = CNOT 27 28
[1236] = Z 27
[1237] = CNOT 27 28
[1238] = CNOT 1 2
[1239] = CNOT 1 3
[1240] = S 1
[1241] = CNOT 1 3
[1242] = CNOT 1 4
[1243] = S 1
[1244] = CNOT 1 4
[1245] = CNOT 1 7
[1246] = Z 1
[1247] = CNOT 1 7
[1248] = CNOT 1 9
[1249] = S 1
[1250] = Z 1
[1251] = CNOT 1 9
[1252] = CNOT 1 11
[1253] = S 1
[1254] = Z 1
[1255] = CNOT 1 11
[1256] = CNOT 1 12
[1257] = S 1
[1258] = Z 1
[1259] = CNOT 1 12
[1260] = CNOT 1 26
[1261] = S 1
[1262] = CNOT 1 26
[1263] = CNOT 1 27
[1264] = S 1
[1265] = Z 1
[1266] = CNOT 1 27
[1267] = CNOT 1 28
[1268] = S 1
[1269] = CNOT 1 28
[1270] = CNOT 1 29
[1271] = S 1
[1272] = Z 1
[1273] = CNOT 1 29
[1274] = CNOT 1 2
[1275] = CNOT 1 3
[1276] = CNOT 1 7
[1277] = Z 1
[1278] = CNOT 1 7
[1279] = CNOT 1 8
[1280] = Z 1
[1281] = CNOT 1 8
[1282] = CNOT 1 26
[1283] = Z 1
[1284] = CNOT 1 26
[1285] = CNOT 1 27
[1286] = Z 1
[1287] = CNOT 1 27
[1288] = CNOT 1 3
[1289] = CNOT 1 4
[1290] = CNOT 1 7
[1291] = Z 1
[1292] = CNOT 1 7
[1293] = CNOT 1 8
[1294] = S 1
[1295] = Z 1
[1296] = CNOT 1 8
[1297] = CNOT 1 10
[1298] = S 1
[1299] = CNOT 1 10
[1300] = CNOT 1 27
[1301] = Z 1
[1302] = CNOT 1 27
[1303] = CNOT 1 28
[1304] = Z 1
[1305] = CNOT 1 28
[1306] = CNOT 1 4
[1307] = CNOT 1 7
[1308] = CNOT 1 8
[1309] = S 1
[1310] = CNOT 1 8
[1311] = CNOT 1 9
[1312] = S 1
[1313] = Z 1
[1314] = CNOT 1 9
[1315] = CNOT 1 10
[1316] = S 1
[1317] = CNOT 1 10
[1318] = CNOT 1 11
[1319] = S 1
[1320] = Z 1
[1321] = CNOT 1 11
[1322] = CNOT 1 12
[1323] = S 1
[1324] = Z 1
[1325] = CNOT 1 12
[1326] = CNOT 1 26
[1327] = S 1
[1328] = CNOT 1 26
[1329] = CNOT 1 28
[1330] = Z 1
[1331] = CNOT 1 28
[1332] = CNOT 1 29
[1333] = S 1
[1334] = Z 1
[1335] = CNOT 1 29
[1336] = CNOT 1 7
[1337] = CNOT 1 8
[1338] = CNOT 1 10
[1339] = Z 1
[1340] = CNOT 1 10
[1341] = CNOT 1 26
[1342] = Z 1
[1343] = CNOT 1 26
[1344] = CNOT 1 28
[1345] = S 1
[1346] = Z 1
[1347] = CNOT 1 28
[1348] = CNOT 1 8
[1349] = CNOT 1 10
[1350] = CNOT 1 25
[1351] = S 1
[1352] = Z 1
[1353] = CNOT 1 25
[1354] = CNOT 1 26
[1355] = S 1
[1356] = Z 1
[1357] = CNOT 1 26
[1358] = CNOT 1 27
[1359] = Z 1
[1360] = CNOT 1 27
[1361] = CNOT 1 28
[1362] = S 1
[1363] = CNOT 1 28
[1364] = CNOT 1 10
[1365] = CNOT 1 25
[1366] = CNOT 1 26
[1367] = S 1
[1368] = Z 1
[1369] = CNOT 1 26
[1370] = CNOT 1 28
[1371] = S 1
[1372] = Z 1
[1373] = CNOT 1 28
[1374] = CNOT 1 25
[1375] = CNOT 1 26
[1376] = CNOT 1 27
[1377] = Z 1
[1378] = CNOT 1 27
[1379] = CNOT 1 28
[1380] = S 1
[1381] = Z 1
[1382] = CNOT 1 26
[1383] = CNOT 1 27
[1384] = S 1
[1385] = Z 1
[1386] = CNOT 1 28
[1387] = CNOT 1 27
[1388] = CNOT 2 3
[1389] = CNOT 2 7
[1390] = Z 2
[1391] = CNOT 2 7
[1392] = CNOT 2 8
[1393] = Z 2
[1394] = CNOT 2 8
[1395] = CNOT 2 26
[1396] = Z 2
[1397] = CNOT 2 26
[1398] = CNOT 2 27
[1399] = Z 2
[1400] = CNOT 2 27
[1401] = CNOT 2 3
[1402] = CNOT 2 4
[1403] = CNOT 2 5
[1404] = S 2
[1405] = Z 2
[1406] = CNOT 2 5
[1407] = CNOT 2 8
[1408] = S 2
[1409] = Z 2
[1410] = CNOT 2 8
[1411] = CNOT 2 9
[1412] = S 2
[1413] = Z 2
[1414] = CNOT 2 9
[1415] = CNOT 2 13
[1416] = S 2
[1417] = Z 2
[1418] = CNOT 2 13
[1419] = CNOT 2 14
[1420] = Z 2
[1421] = CNOT 2 14
[1422] = CNOT 2 27
[1423] = Z 2
[1424] = CNOT 2 27
[1425] = CNOT 2 28
[1426] = S 2
[1427] = CNOT 2 28
[1428] = CNOT 2 4
[1429] = CNOT 2 5
[1430] = CNOT 2 7
[1431] = Z 2
[1432] = CNOT 2 7
[1433] = CNOT 2 9
[1434] = S 2
[1435] = Z 2
[1436] = CNOT 2 9
[1437] = CNOT 2 10
[1438] = S 2
[1439] = Z 2
[1440] = CNOT 2 10
[1441] = CNOT 2 13
[1442] = S 2
[1443] = Z 2
[1444] = CNOT 2 13
[1445] = CNOT 2 14
[1446] = S 2
[1447] = Z 2
[1448] = CNOT 2 14
[1449] = CNOT 2 28
[1450] = S 2
[1451] = Z 2
[1452] = CNOT 2 28
[1453] = CNOT 2 5
[1454] = CNOT 2 7
[1455] = CNOT 2 10
[1456] = Z 2
[1457] = CNOT 2 10
[1458] = CNOT 2 11
[1459] = Z 2
[1460] = CNOT 2 11
[1461] = CNOT 2 12
[1462] = Z 2
[1463] = CNOT 2 12
[1464] = CNOT 2 13
[1465] = Z 2
[1466] = CNOT 2 13
[1467] = CNOT 2 14
[1468] = Z 2
[1469] = CNOT 2 14
[1470] = CNOT 2 27
[1471] = S 2
[1472] = Z 2
[1473] = CNOT 2 27
[1474] = CNOT 2 28
[1475] = S 2
[1476] = Z 2
[1477] = CNOT 2 28
[1478] = CNOT 2 29
[1479] = Z 2
[1480] = CNOT 2 29
[1481] = CNOT 2 7
[1482] = CNOT 2 8
[1483] = CNOT 2 10
[1484] = Z 2
[1485] = CNOT 2 10
[1486] = CNOT 2 26
[1487] = S 2
[1488] = Z 2
[1489] = CNOT 2 26
[1490] = CNOT 2 28
[1491] = S 2
[1492] = Z 2
[1493] = CNOT 2 28
[1494] = CNOT 2 8
[1495] = CNOT 2 9
[1496] = CNOT 2 10
[1497] = S 2
[1498] = Z 2
[1499] = CNOT 2 10
[1500] = CNOT 2 13
[1501] = S 2
[1502] = Z 2
[1503] = CNOT 2 13
[1504] = CNOT 2 14
[1505] = S 2
[1506] = Z 2
[1507] = CNOT 2 14
[1508] = CNOT 2 26
[1509] = S 2
[1510] = Z 2
[1511] = CNOT 2 26
[1512] = CNOT 2 28
[1513] = S 2
[1514] = Z 2
[1515] = CNOT 2 28
[1516] = CNOT 2 9
[1517] = CNOT 2 10
[1518] = CNOT 2 14
[1519] = S 2
[1520] = Z 2
[1521] = CNOT 2 14
[1522] = CNOT 2 25
[1523] = S 2
[1524] = Z 2
[1525] = CNOT 2 25
[1526] = CNOT 2 26
[1527] = S 2
[1528] = Z 2
[1529] = CNOT 2 26
[1530] = CNOT 2 10
[1531] = CNOT 2 11
[1532] = CNOT 2 28
[1533] = S 2
[1534] = Z 2
[1535] = CNOT 2 28
[1536] = CNOT 2 11
[1537] = CNOT 2 12
[1538] = CNOT 2 29
[1539] = S 2
[1540] = Z 2
[1541] = CNOT 2 29
[1542] = CNOT 2 12
[1543] = CNOT 2 13
[1544] = CNOT 2 14
[1545] = S 2
[1546] = Z 2
[1547] = CNOT 2 14
[1548] = CNOT 2 28
[1549] = S 2
[1550] = Z 2
[1551] = CNOT 2 13
[1552] = CNOT 2 14
[1553] = S 2
[1554] = Z 2
[1555] = CNOT 2 28
[1556] = CNOT 2 14
[1557] = CNOT 2 25
[1558] = CNOT 2 26
[1559] = S 2
[1560] = Z 2
[1561] = CNOT 2 26
[1562] = CNOT 2 28
[1563] = S 2
[1564] = Z 2
[1565] = CNOT 2 28
[1566] = CNOT 2 25
[1567] = CNOT 2 26
[1568] = CNOT 2 27
[1569] = S 2
[1570] = Z 2
[1571] = CNOT 2 27
[1572] = CNOT 2 28
[1573] = S 2
[1574] = Z 2
[1575] = CNOT 2 26
[1576] = CNOT 2 27
[1577] = Z 2
[1578] = CNOT 2 28
[1579] = CNOT 2 27
[1580] = CNOT 3 4
[1581] = CNOT 3 6
[1582] = S 3
[1583] = CNOT 3 6
[1584] = CNOT 3 7
[1585] = Z 3
[1586] = CNOT 3 7
[1587] = CNOT 3 9
[1588] = Z 3
[1589] = CNOT 3 9
[1590] = CNOT 3 10
[1591] = S 3
[1592] = CNOT 3 10
[1593] = CNOT 3 11
[1594] = S 3
[1595] = CNOT 3 11
[1596] = CNOT 3 12
[1597] = S 3
[1598] = CNOT 3 12
[1599] = CNOT 3 13
[1600] = Z 3
[1601] = CNOT 3 13
[1602] = CNOT 3 14
[1603] = S 3
[1604] = CNOT 3 14
[1605] = CNOT 3 28
[1606] = S 3
[1607] = Z 3
[1608] = CNOT 3 28
[1609] = CNOT 3 4
[1610] = CNOT 3 5
[1611] = CNOT 3 6
[1612] = Z 3
[1613] = CNOT 3 6
[1614] = CNOT 3 9
[1615] = S 3
[1616] = Z 3
[1617] = CNOT 3 9
[1618] = CNOT 3 10
[1619] = Z 3
[1620] = CNOT 3 10
[1621] = CNOT 3 11
[1622] = S 3
[1623] = CNOT 3 11
[1624] = CNOT 3 12
[1625] = S 3
[1626] = CNOT 3 12
[1627] = CNOT 3 13
[1628] = S 3
[1629] = Z 3
[1630] = CNOT 3 13
[1631] = CNOT 3 14
[1632] = Z 3
[1633] = CNOT 3 14
[1634] = CNOT 3 28
[1635] = S 3
[1636] = Z 3
[1637] = CNOT 3 28
[1638] = CNOT 3 29
[1639] = S 3
[1640] = CNOT 3 29
[1641] = CNOT 3 5
[1642] = CNOT 3 6
[1643] = CNOT 3 7
[1644] = S 3
[1645] = CNOT 3 7
[1646] = CNOT 3 9
[1647] = Z 3
[1648] = CNOT 3 9
[1649] = CNOT 3 10
[1650] = Z 3
[1651] = CNOT 3 10
[1652] = CNOT 3 11
[1653] = S 3
[1654] = Z 3
[1655] = CNOT 3 11
[1656] = CNOT 3 12
[1657] = S 3
[1658] = Z 3
[1659] = CNOT 3 12
[1660] = CNOT 3 13
[1661] = S 3
[1662] = Z 3
[1663] = CNOT 3 13
[1664] = CNOT 3 14
[1665] = Z 3
[1666] = CNOT 3 14
[1667] = CNOT 3 29
[1668] = Z 3
[1669] = CNOT 3 29
[1670] = CNOT 3 6
[1671] = CNOT 3 7
[1672] = CNOT 3 8
[1673] = S 3
[1674] = Z 3
[1675] = CNOT 3 8
[1676] = CNOT 3 9
[1677] = Z 3
[1678] = CNOT 3 9
[1679] = CNOT 3 10
[1680] = S 3
[1681] = CNOT 3 10
[1682] = CNOT 3 11
[1683] = S 3
[1684] = CNOT 3 11
[1685] = CNOT 3 12
[1686] = S 3
[1687] = CNOT 3 12
[1688] = CNOT 3 13
[1689] = Z 3
[1690] = CNOT 3 13
[1691] = CNOT 3 14
[1692] = S 3
[1693] = CNOT 3 14
[1694] = CNOT 3 26
[1695] = S 3
[1696] = Z 3
[1697] = CNOT 3 26
[1698] = CNOT 3 27
[1699] = S 3
[1700] = Z 3
[1701] = CNOT 3 27
[1702] = CNOT 3 28
[1703] = S 3
[1704] = Z 3
[1705] = CNOT 3 28
[1706] = CNOT 3 7
[1707] = CNOT 3 8
[1708] = CNOT 3 26
[1709] = S 3
[1710] = Z 3
[1711] = CNOT 3 26
[1712] = CNOT 3 27
[1713] = S 3
[1714] = Z 3
[1715] = CNOT 3 27
[1716] = CNOT 3 8
[1717] = CNOT 3 9
[1718] = CNOT 3 10
[1719] = S 3
[1720] = Z 3
[1721] = CNOT 3 10
[1722] = CNOT 3 11
[1723] = Z 3
[1724] = CNOT 3 11
[1725] = CNOT 3 12
[1726] = Z 3
[1727] = CNOT 3 12
[1728] = CNOT 3 14
[1729] = S 3
[1730] = Z 3
[1731] = CNOT 3 14
[1732] = CNOT 3 29
[1733] = Z 3
[1734] = CNOT 3 29
[1735] = CNOT 3 9
[1736] = CNOT 3 10
[1737] = CNOT 3 11
[1738] = Z 3
[1739] = CNOT 3 11
[1740] = CNOT 3 12
[1741] = Z 3
[1742] = CNOT 3 12
[1743] = CNOT 3 13
[1744] = S 3
[1745] = Z 3
[1746] = CNOT 3 13
[1747] = CNOT 3 14
[1748] = S 3
[1749] = Z 3
[1750] = CNOT 3 14
[1751] = CNOT 3 28
[1752] = S 3
[1753] = Z 3
[1754] = CNOT 3 28
[1755] = CNOT 3 29
[1756] = Z 3
[1757] = CNOT 3 29
[1758] = CNOT 3 10
[1759] = CNOT 3 11
[1760] = CNOT 3 12
[1761] = Z 3
[1762] = CNOT 3 12
[1763] = CNOT 3 13
[1764] = S 3
[1765] = Z 3
[1766] = CNOT 3 13
[1767] = CNOT 3 14
[1768] = Z 3
[1769] = CNOT 3 14
[1770] = CNOT 3 29
[1771] = Z 3
[1772] = CNOT 3 29
[1773] = CNOT 3 11
[1774] = CNOT 3 12
[1775] = CNOT 3 13
[1776] = Z 3
[1777] = CNOT 3 13
[1778] = CNOT 3 14
[1779] = S 3
[1780] = Z 3
[1781] = CNOT 3 14
[1782] = CNOT 3 29
[1783] = Z 3
[1784] = CNOT 3 29
[1785] = CNOT 3 12
[1786] = CNOT 3 13
[1787] = CNOT 3 28
[1788] = S 3
[1789] = Z 3
[1790] = CNOT 3 28
[1791] = CNOT 3 29
[1792] = Z 3
[1793] = CNOT 3 29
[1794] = CNOT 3 13
[1795] = CNOT 3 14
[1796] = CNOT 3 28
[1797] = S 3
[1798] = Z 3
[1799] = CNOT 3 28
[1800] = CNOT 3 29
[1801] = Z 3
[1802] = CNOT 3 29
[1803] = CNOT 3 14
[1804] = CNOT 3 26
[1805] = CNOT 3 27
[1806] = S 3
[1807] = Z 3
[1808] = CNOT 3 27
[1809] = CNOT 3 26
[1810] = CNOT 4 5
[1811] = CNOT 4 6
[1812] = Z 4
[1813] = CNOT 4 6
[1814] = CNOT 4 7
[1815] = Z 4
[1816] = CNOT 4 7
[1817] = CNOT 4 8
[1818] = S 4
[1819] = Z 4
[1820] = CNOT 4 8
[1821] = CNOT 4 9
[1822] = S 4
[1823] = CNOT 4 9
[1824] = CNOT 4 10
[1825] = S 4
[1826] = CNOT 4 10
[1827] = CNOT 4 11
[1828] = Z 4
[1829] = CNOT 4 11
[1830] = CNOT 4 12
[1831] = Z 4
[1832] = CNOT 4 12
[1833] = CNOT 4 13
[1834] = S 4
[1835] = CNOT 4 13
[1836] = CNOT 4 14
[1837] = S 4
[1838] = CNOT 4 14
[1839] = CNOT 4 15
[1840] = S 4
[1841] = Z 4
[1842] = CNOT 4 15
[1843] = CNOT 4 16
[1844] = Z 4
[1845] = CNOT 4 16
[1846] = CNOT 4 28
[1847] = Z 4
[1848] = CNOT 4 28
[1849] = CNOT 4 29
[1850] = S 4
[1851] = Z 4
[1852] = CNOT 4 29
[1853] = CNOT 4 5
[1854] = CNOT 4 6
[1855] = CNOT 4 8
[1856] = S 4
[1857] = Z 4
[1858] = CNOT 4 8
[1859] = CNOT 4 9
[1860] = Z 4
[1861] = CNOT 4 9
[1862] = CNOT 4 11
[1863] = Z 4
[1864] = CNOT 4 11
[1865] = CNOT 4 12
[1866] = Z 4
[1867] = CNOT 4 12
[1868] = CNOT 4 13
[1869] = Z 4
[1870] = CNOT 4 13
[1871] = CNOT 4 14
[1872] = Z 4
[1873] = CNOT 4 14
[1874] = CNOT 4 15
[1875] = S 4
[1876] = CNOT 4 15
[1877] = CNOT 4 16
[1878] = S 4
[1879] = Z 4
[1880] = CNOT 4 16
[1881] = CNOT 4 17
[1882] = Z 4
[1883] = CNOT 4 17
[1884] = CNOT 4 29
[1885] = S 4
[1886] = CNOT 4 29
[1887] = CNOT 4 6
[1888] = CNOT 4 7
[1889] = CNOT 4 9
[1890] = Z 4
[1891] = CNOT 4 9
[1892] = CNOT 4 10
[1893] = S 4
[1894] = Z 4
[1895] = CNOT 4 10
[1896] = CNOT 4 11
[1897] = S 4
[1898] = CNOT 4 11
[1899] = CNOT 4 12
[1900] = S 4
[1901] = CNOT 4 12
[1902] = CNOT 4 13
[1903] = S 4
[1904] = CNOT 4 13
[1905] = CNOT 4 14
[1906] = Z 4
[1907] = CNOT 4 14
[1908] = CNOT 4 15
[1909] = S 4
[1910] = CNOT 4 15
[1911] = CNOT 4 16
[1912] = S 4
[1913] = CNOT 4 16
[1914] = CNOT 4 17
[1915] = S 4
[1916] = CNOT 4 17
[1917] = CNOT 4 27
[1918] = S 4
[1919] = Z 4
[1920] = CNOT 4 27
[1921] = CNOT 4 28
[1922] = S 4
[1923] = CNOT 4 28
[1924] = CNOT 4 29
[1925] = Z 4
[1926] = CNOT 4 29
[1927] = CNOT 4 7
[1928] = CNOT 4 8
[1929] = CNOT 4 10
[1930] = S 4
[1931] = Z 4
[1932] = CNOT 4 10
[1933] = CNOT 4 13
[1934] = S 4
[1935] = Z 4
[1936] = CNOT 4 13
[1937] = CNOT 4 27
[1938] = S 4
[1939] = Z 4
[1940] = CNOT 4 27
[1941] = CNOT 4 29
[1942] = S 4
[1943] = Z 4
[1944] = CNOT 4 29
[1945] = CNOT 4 8
[1946] = CNOT 4 9
[1947] = CNOT 4 10
[1948] = S 4
[1949] = CNOT 4 10
[1950] = CNOT 4 11
[1951] = Z 4
[1952] = CNOT 4 11
[1953] = CNOT 4 12
[1954] = Z 4
[1955] = CNOT 4 12
[1956] = CNOT 4 13
[1957] = Z 4
[1958] = CNOT 4 13
[1959] = CNOT 4 14
[1960] = S 4
[1961] = Z 4
[1962] = CNOT 4 14
[1963] = CNOT 4 15
[1964] = S 4
[1965] = CNOT 4 15
[1966] = CNOT 4 16
[1967] = S 4
[1968] = CNOT 4 16
[1969] = CNOT 4 17
[1970] = S 4
[1971] = CNOT 4 17
[1972] = CNOT 4 28
[1973] = Z 4
[1974] = CNOT 4 28
[1975] = CNOT 4 29
[1976] = S 4
[1977] = CNOT 4 29
[1978] = CNOT 4 9
[1979] = CNOT 4 10
[1980] = CNOT 4 11
[1981] = S 4
[1982] = CNOT 4 11
[1983] = CNOT 4 12
[1984] = S 4
[1985] = CNOT 4 12
[1986] = CNOT 4 13
[1987] = Z 4
[1988] = CNOT 4 13
[1989] = CNOT 4 14
[1990] = S 4
[1991] = CNOT 4 14
[1992] = CNOT 4 15
[1993] = S 4
[1994] = Z 4
[1995] = CNOT 4 15
[1996] = CNOT 4 27
[1997] = Z 4
[1998] = CNOT 4 27
[1999] = CNOT 4 10
[2000] = CNOT 4 11
[2001] = CNOT 4 12
[2002] = Z 4
[2003] = CNOT 4 12
[2004] = CNOT 4 13
[2005] = S 4
[2006] = Z 4
[2007] = CNOT 4 13
[2008] = CNOT 4 15
[2009] = Z 4
[2010] = CNOT 4 15
[2011] = CNOT 4 16
[2012] = S 4
[2013] = Z 4
[2014] = CNOT 4 16
[2015] = CNOT 4 17
[2016] = S 4
[2017] = CNOT 4 17
[2018] = CNOT 4 29
[2019] = Z 4
[2020] = CNOT 4 29
[2021] = CNOT 4 11
[2022] = CNOT 4 12
[2023] = CNOT 4 13
[2024] = Z 4
[2025] = CNOT 4 13
[2026] = CNOT 4 15
[2027] = S 4
[2028] = CNOT 4 15
[2029] = CNOT 4 16
[2030] = S 4
[2031] = Z 4
[2032] = CNOT 4 16
[2033] = CNOT 4 17
[2034] = Z 4
[2035] = CNOT 4 17
[2036] = CNOT 4 29
[2037] = Z 4
[2038] = CNOT 4 29
[2039] = CNOT 4 12
[2040] = CNOT 4 13
[2041] = CNOT 4 15
[2042] = S 4
[2043] = CNOT 4 15
[2044] = CNOT 4 16
[2045] = S 4
[2046] = CNOT 4 16
[2047] = CNOT 4 17
[2048] = S 4
[2049] = CNOT 4 17
[2050] = CNOT 4 28
[2051] = S 4
[2052] = CNOT 4 28
[2053] = CNOT 4 13
[2054] = CNOT 4 14
[2055] = CNOT 4 15
[2056] = S 4
[2057] = Z 4
[2058] = CNOT 4 15
[2059] = CNOT 4 16
[2060] = S 4
[2061] = CNOT 4 16
[2062] = CNOT 4 17
[2063] = S 4
[2064] = Z 4
[2065] = CNOT 4 17
[2066] = CNOT 4 28
[2067] = S 4
[2068] = CNOT 4 28
[2069] = CNOT 4 14
[2070] = CNOT 4 15
[2071] = CNOT 4 16
[2072] = S 4
[2073] = CNOT 4 16
[2074] = CNOT 4 17
[2075] = S 4
[2076] = Z 4
[2077] = CNOT 4 15
[2078] = CNOT 4 16
[2079] = S 4
[2080] = CNOT 4 17
[2081] = CNOT 4 16
[2082] = CNOT 4 27
[2083] = CNOT 4 28
[2084] = S 4
[2085] = Z 4
[2086] = CNOT 4 28
[2087] = CNOT 4 27
[2088] = CNOT 5 6
[2089] = CNOT 5 7
[2090] = S 5
[2091] = Z 5
[2092] = CNOT 5 7
[2093] = CNOT 5 9
[2094] = S 5
[2095] = Z 5
[2096] = CNOT 5 9
[2097] = CNOT 5 10
[2098] = S 5
[2099] = CNOT 5 10
[2100] = CNOT 5 11
[2101] = Z 5
[2102] = CNOT 5 11
[2103] = CNOT 5 12
[2104] = Z 5
[2105] = CNOT 5 12
[2106] = CNOT 5 13
[2107] = S 5
[2108] = Z 5
[2109] = CNOT 5 13
[2110] = CNOT 5 15
[2111] = S 5
[2112] = CNOT 5 15
[2113] = CNOT 5 16
[2114] = S 5
[2115] = Z 5
[2116] = CNOT 5 16
[2117] = CNOT 5 17
[2118] = Z 5
[2119] = CNOT 5 17
[2120] = CNOT 5 29
[2121] = Z 5
[2122] = CNOT 5 29
[2123] = CNOT 5 6
[2124] = CNOT 5 7
[2125] = CNOT 5 8
[2126] = S 5
[2127] = Z 5
[2128] = CNOT 5 8
[2129] = CNOT 5 10
[2130] = S 5
[2131] = CNOT 5 10
[2132] = CNOT 5 11
[2133] = Z 5
[2134] = CNOT 5 11
[2135] = CNOT 5 12
[2136] = S 5
[2137] = CNOT 5 12
[2138] = CNOT 5 13
[2139] = S 5
[2140] = CNOT 5 13
[2141] = CNOT 5 14
[2142] = Z 5
[2143] = CNOT 5 14
[2144] = CNOT 5 15
[2145] = Z 5
[2146] = CNOT 5 15
[2147] = CNOT 5 16
[2148] = Z 5
[2149] = CNOT 5 16
[2150] = CNOT 5 28
[2151] = Z 5
[2152] = CNOT 5 28
[2153] = CNOT 5 7
[2154] = CNOT 5 9
[2155] = CNOT 5 10
[2156] = S 5
[2157] = CNOT 5 10
[2158] = CNOT 5 11
[2159] = S 5
[2160] = Z 5
[2161] = CNOT 5 11
[2162] = CNOT 5 12
[2163] = Z 5
[2164] = CNOT 5 12
[2165] = CNOT 5 13
[2166] = S 5
[2167] = CNOT 5 13
[2168] = CNOT 5 14
[2169] = S 5
[2170] = Z 5
[2171] = CNOT 5 14
[2172] = CNOT 5 15
[2173] = Z 5
[2174] = CNOT 5 15
[2175] = CNOT 5 16
[2176] = Z 5
[2177] = CNOT 5 16
[2178] = CNOT 5 28
[2179] = Z 5
[2180] = CNOT 5 28
[2181] = CNOT 5 29
[2182] = S 5
[2183] = CNOT 5 29
[2184] = CNOT 5 9
[2185] = CNOT 5 10
[2186] = CNOT 5 11
[2187] = S 5
[2188] = CNOT 5 11
[2189] = CNOT 5 13
[2190] = Z 5
[2191] = CNOT 5 13
[2192] = CNOT 5 14
[2193] = S 5
[2194] = Z 5
[2195] = CNOT 5 14
[2196] = CNOT 5 15
[2197] = Z 5
[2198] = CNOT 5 15
[2199] = CNOT 5 28
[2200] = Z 5
[2201] = CNOT 5 28
[2202] = CNOT 5 29
[2203] = S 5
[2204] = CNOT 5 29
[2205] = CNOT 5 10
[2206] = CNOT 5 11
[2207] = CNOT 5 12
[2208] = Z 5
[2209] = CNOT 5 12
[2210] = CNOT 5 15
[2211] = S 5
[2212] = Z 5
[2213] = CNOT 5 15
[2214] = CNOT 5 16
[2215] = S 5
[2216] = Z 5
[2217] = CNOT 5 16
[2218] = CNOT 5 17
[2219] = Z 5
[2220] = CNOT 5 17
[2221] = CNOT 5 29
[2222] = Z 5
[2223] = CNOT 5 29
[2224] = CNOT 5 11
[2225] = CNOT 5 12
[2226] = CNOT 5 13
[2227] = Z 5
[2228] = CNOT 5 13
[2229] = CNOT 5 15
[2230] = S 5
[2231] = CNOT 5 15
[2232] = CNOT 5 17
[2233] = S 5
[2234] = Z 5
[2235] = CNOT 5 17
[2236] = CNOT 5 29
[2237] = Z 5
[2238] = CNOT 5 29
[2239] = CNOT 5 12
[2240] = CNOT 5 13
[2241] = CNOT 5 14
[2242] = S 5
[2243] = Z 5
[2244] = CNOT 5 14
[2245] = CNOT 5 15
[2246] = Z 5
[2247] = CNOT 5 15
[2248] = CNOT 5 16
[2249] = Z 5
[2250] = CNOT 5 16
[2251] = CNOT 5 28
[2252] = Z 5
[2253] = CNOT 5 28
[2254] = CNOT 5 29
[2255] = S 5
[2256] = CNOT 5 29
[2257] = CNOT 5 13
[2258] = CNOT 5 14
[2259] = CNOT 5 15
[2260] = S 5
[2261] = Z 5
[2262] = CNOT 5 15
[2263] = CNOT 5 16
[2264] = Z 5
[2265] = CNOT 5 16
[2266] = CNOT 5 17
[2267] = S 5
[2268] = CNOT 5 17
[2269] = CNOT 5 28
[2270] = Z 5
[2271] = CNOT 5 28
[2272] = CNOT 5 29
[2273] = S 5
[2274] = CNOT 5 29
[2275] = CNOT 5 14
[2276] = CNOT 5 15
[2277] = CNOT 5 16
[2278] = Z 5
[2279] = CNOT 5 16
[2280] = CNOT 5 17
[2281] = S 5
[2282] = CNOT 5 15
[2283] = CNOT 5 16
[2284] = Z 5
[2285] = CNOT 5 17
[2286] = CNOT 5 16
[2287] = CNOT 6 7
[2288] = CNOT 6 8
[2289] = S 6
[2290] = Z 6
[2291] = CNOT 6 8
[2292] = CNOT 6 9
[2293] = S 6
[2294] = Z 6
[2295] = CNOT 6 9
[2296] = CNOT 6 10
[2297] = S 6
[2298] = CNOT 6 10
[2299] = CNOT 6 11
[2300] = Z 6
[2301] = CNOT 6 11
[2302] = CNOT 6 12
[2303] = Z 6
[2304] = CNOT 6 12
[2305] = CNOT 6 13
[2306] = S 6
[2307] = Z 6
[2308] = CNOT 6 13
[2309] = CNOT 6 14
[2310] = S 6
[2311] = Z 6
[2312] = CNOT 6 14
[2313] = CNOT 6 15
[2314] = S 6
[2315] = CNOT 6 15
[2316] = CNOT 6 16
[2317] = S 6
[2318] = Z 6
[2319] = CNOT 6 16
[2320] = CNOT 6 17
[2321] = Z 6
[2322] = CNOT 6 17
[2323] = CNOT 6 29
[2324] = Z 6
[2325] = CNOT 6 29
[2326] = CNOT 6 7
[2327] = CNOT 6 9
[2328] = CNOT 6 10
[2329] = S 6
[2330] = CNOT 6 10
[2331] = CNOT 6 11
[2332] = Z 6
[2333] = CNOT 6 11
[2334] = CNOT 6 12
[2335] = Z 6
[2336] = CNOT 6 12
[2337] = CNOT 6 13
[2338] = S 6
[2339] = Z 6
[2340] = CNOT 6 13
[2341] = CNOT 6 15
[2342] = S 6
[2343] = CNOT 6 15
[2344] = CNOT 6 16
[2345] = S 6
[2346] = Z 6
[2347] = CNOT 6 16
[2348] = CNOT 6 17
[2349] = Z 6
[2350] = CNOT 6 17
[2351] = CNOT 6 29
[2352] = Z 6
[2353] = CNOT 6 29
[2354] = CNOT 6 9
[2355] = CNOT 6 10
[2356] = CNOT 6 11
[2357] = S 6
[2358] = Z 6
[2359] = CNOT 6 11
[2360] = CNOT 6 12
[2361] = S 6
[2362] = Z 6
[2363] = CNOT 6 12
[2364] = CNOT 6 13
[2365] = S 6
[2366] = CNOT 6 13
[2367] = CNOT 6 14
[2368] = S 6
[2369] = CNOT 6 14
[2370] = CNOT 6 29
[2371] = S 6
[2372] = CNOT 6 29
[2373] = CNOT 6 10
[2374] = CNOT 6 11
[2375] = CNOT 6 12
[2376] = S 6
[2377] = Z 6
[2378] = CNOT 6 12
[2379] = CNOT 6 13
[2380] = Z 6
[2381] = CNOT 6 13
[2382] = CNOT 6 14
[2383] = S 6
[2384] = Z 6
[2385] = CNOT 6 14
[2386] = CNOT 6 15
[2387] = S 6
[2388] = Z 6
[2389] = CNOT 6 15
[2390] = CNOT 6 17
[2391] = S 6
[2392] = Z 6
[2393] = CNOT 6 17
[2394] = CNOT 6 29
[2395] = S 6
[2396] = Z 6
[2397] = CNOT 6 29
[2398] = CNOT 6 11
[2399] = CNOT 6 12
[2400] = CNOT 6 13
[2401] = Z 6
[2402] = CNOT 6 13
[2403] = CNOT 6 14
[2404] = S 6
[2405] = Z 6
[2406] = CNOT 6 14
[2407] = CNOT 6 15
[2408] = S 6
[2409] = Z 6
[2410] = CNOT 6 15
[2411] = CNOT 6 29
[2412] = S 6
[2413] = Z 6
[2414] = CNOT 6 29
[2415] = CNOT 6 12
[2416] = CNOT 6 13
[2417] = CNOT 6 15
[2418] = S 6
[2419] = CNOT 6 15
[2420] = CNOT 6 16
[2421] = S 6
[2422] = Z 6
[2423] = CNOT 6 16
[2424] = CNOT 6 17
[2425] = Z 6
[2426] = CNOT 6 17
[2427] = CNOT 6 29
[2428] = Z 6
[2429] = CNOT 6 29
[2430] = CNOT 6 13
[2431] = CNOT 6 14
[2432] = CNOT 6 15
[2433] = Z 6
[2434] = CNOT 6 15
[2435] = CNOT 6 16
[2436] = S 6
[2437] = Z 6
[2438] = CNOT 6 16
[2439] = CNOT 6 17
[2440] = S 6
[2441] = Z 6
[2442] = CNOT 6 17
[2443] = CNOT 6 29
[2444] = Z 6
[2445] = CNOT 6 29
[2446] = CNOT 6 14
[2447] = CNOT 6 15
[2448] = CNOT 6 16
[2449] = S 6
[2450] = Z 6
[2451] = CNOT 6 16
[2452] = CNOT 6 17
[2453] = Z 6
[2454] = CNOT 6 15
[2455] = CNOT 6 16
[2456] = S 6
[2457] = Z 6
[2458] = CNOT 6 17
[2459] = CNOT 6 16
[2460] = CNOT 7 8
[2461] = CNOT 7 10
[2462] = Z 7
[2463] = CNOT 7 10
[2464] = CNOT 7 13
[2465] = S 7
[2466] = Z 7
[2467] = CNOT 7 13
[2468] = CNOT 7 26
[2469] = S 7
[2470] = Z 7
[2471] = CNOT 7 26
[2472] = CNOT 7 27
[2473] = S 7
[2474] = CNOT 7 27
[2475] = CNOT 7 28
[2476] = S 7
[2477] = Z 7
[2478] = CNOT 7 28
[2479] = CNOT 7 29
[2480] = S 7
[2481] = Z 7
[2482] = CNOT 7 29
[2483] = CNOT 7 8
[2484] = CNOT 7 9
[2485] = CNOT 7 10
[2486] = Z 7
[2487] = CNOT 7 10
[2488] = CNOT 7 11
[2489] = Z 7
[2490] = CNOT 7 11
[2491] = CNOT 7 12
[2492] = S 7
[2493] = CNOT 7 12
[2494] = CNOT 7 13
[2495] = S 7
[2496] = Z 7
[2497] = CNOT 7 13
[2498] = CNOT 7 14
[2499] = S 7
[2500] = CNOT 7 14
[2501] = CNOT 7 16
[2502] = S 7
[2503] = CNOT 7 16
[2504] = CNOT 7 17
[2505] = S 7
[2506] = CNOT 7 17
[2507] = CNOT 7 26
[2508] = S 7
[2509] = Z 7
[2510] = CNOT 7 26
[2511] = CNOT 7 28
[2512] = Z 7
[2513] = CNOT 7 28
[2514] = CNOT 7 9
[2515] = CNOT 7 10
[2516] = CNOT 7 11
[2517] = S 7
[2518] = CNOT 7 11
[2519] = CNOT 7 13
[2520] = S 7
[2521] = Z 7
[2522] = CNOT 7 13
[2523] = CNOT 7 14
[2524] = S 7
[2525] = Z 7
[2526] = CNOT 7 14
[2527] = CNOT 7 15
[2528] = Z 7
[2529] = CNOT 7 15
[2530] = CNOT 7 25
[2531] = S 7
[2532] = Z 7
[2533] = CNOT 7 25
[2534] = CNOT 7 26
[2535] = S 7
[2536] = Z 7
[2537] = CNOT 7 26
[2538] = CNOT 7 27
[2539] = S 7
[2540] = CNOT 7 27
[2541] = CNOT 7 29
[2542] = S 7
[2543] = CNOT 7 29
[2544] = CNOT 7 10
[2545] = CNOT 7 11
[2546] = CNOT 7 12
[2547] = Z 7
[2548] = CNOT 7 12
[2549] = CNOT 7 13
[2550] = S 7
[2551] = Z 7
[2552] = CNOT 7 13
[2553] = CNOT 7 15
[2554] = Z 7
[2555] = CNOT 7 15
[2556] = CNOT 7 16
[2557] = S 7
[2558] = Z 7
[2559] = CNOT 7 16
[2560] = CNOT 7 17
[2561] = S 7
[2562] = CNOT 7 17
[2563] = CNOT 7 28
[2564] = S 7
[2565] = Z 7
[2566] = CNOT 7 28
[2567] = CNOT 7 11
[2568] = CNOT 7 12
[2569] = CNOT 7 16
[2570] = S 7
[2571] = Z 7
[2572] = CNOT 7 16
[2573] = CNOT 7 17
[2574] = Z 7
[2575] = CNOT 7 17
[2576] = CNOT 7 29
[2577] = S 7
[2578] = CNOT 7 29
[2579] = CNOT 7 12
[2580] = CNOT 7 13
[2581] = CNOT 7 14
[2582] = Z 7
[2583] = CNOT 7 14
[2584] = CNOT 7 16
[2585] = S 7
[2586] = CNOT 7 16
[2587] = CNOT 7 17
[2588] = S 7
[2589] = CNOT 7 17
[2590] = CNOT 7 28
[2591] = Z 7
[2592] = CNOT 7 28
[2593] = CNOT 7 29
[2594] = S 7
[2595] = CNOT 7 29
[2596] = CNOT 7 13
[2597] = CNOT 7 14
[2598] = CNOT 7 15
[2599] = Z 7
[2600] = CNOT 7 15
[2601] = CNOT 7 16
[2602] = S 7
[2603] = CNOT 7 16
[2604] = CNOT 7 17
[2605] = S 7
[2606] = Z 7
[2607] = CNOT 7 17
[2608] = CNOT 7 28
[2609] = Z 7
[2610] = CNOT 7 28
[2611] = CNOT 7 29
[2612] = S 7
[2613] = CNOT 7 29
[2614] = CNOT 7 14
[2615] = CNOT 7 15
[2616] = CNOT 7 16
[2617] = S 7
[2618] = CNOT 7 16
[2619] = CNOT 7 17
[2620] = S 7
[2621] = Z 7
[2622] = CNOT 7 15
[2623] = CNOT 7 16
[2624] = S 7
[2625] = CNOT 7 17
[2626] = CNOT 7 16
[2627] = CNOT 7 25
[2628] = CNOT 7 26
[2629] = S 7
[2630] = Z 7
[2631] = CNOT 7 26
[2632] = CNOT 7 28
[2633] = S 7
[2634] = Z 7
[2635] = CNOT 7 28
[2636] = CNOT 7 25
[2637] = CNOT 7 26
[2638] = CNOT 7 27
[2639] = S 7
[2640] = Z 7
[2641] = CNOT 7 27
[2642] = CNOT 7 28
[2643] = S 7
[2644] = Z 7
[2645] = CNOT 7 26
[2646] = CNOT 7 27
[2647] = S 7
[2648] = Z 7
[2649] = CNOT 7 28
[2650] = CNOT 7 27
[2651] = CNOT 8 10
[2652] = CNOT 8 25
[2653] = S 8
[2654] = Z 8
[2655] = CNOT 8 25
[2656] = CNOT 8 26
[2657] = S 8
[2658] = Z 8
[2659] = CNOT 8 26
[2660] = CNOT 8 27
[2661] = Z 8
[2662] = CNOT 8 27
[2663] = CNOT 8 28
[2664] = Z 8
[2665] = CNOT 8 28
[2666] = CNOT 8 10
[2667] = CNOT 8 25
[2668] = CNOT 8 26
[2669] = S 8
[2670] = Z 8
[2671] = CNOT 8 26
[2672] = CNOT 8 28
[2673] = S 8
[2674] = Z 8
[2675] = CNOT 8 28
[2676] = CNOT 8 25
[2677] = CNOT 8 26
[2678] = CNOT 8 27
[2679] = S 8
[2680] = Z 8
[2681] = CNOT 8 27
[2682] = CNOT 8 28
[2683] = S 8
[2684] = Z 8
[2685] = CNOT 8 26
[2686] = CNOT 8 27
[2687] = S 8
[2688] = Z 8
[2689] = CNOT 8 28
[2690] = CNOT 8 27
[2691] = CNOT 9 10
[2692] = CNOT 9 11
[2693] = S 9
[2694] = CNOT 9 11
[2695] = CNOT 9 13
[2696] = Z 9
[2697] = CNOT 9 13
[2698] = CNOT 9 14
[2699] = Z 9
[2700] = CNOT 9 14
[2701] = CNOT 9 15
[2702] = Z 9
[2703] = CNOT 9 15
[2704] = CNOT 9 28
[2705] = Z 9
[2706] = CNOT 9 28
[2707] = CNOT 9 29
[2708] = S 9
[2709] = CNOT 9 29
[2710] = CNOT 9 10
[2711] = CNOT 9 11
[2712] = CNOT 9 12
[2713] = S 9
[2714] = Z 9
[2715] = CNOT 9 12
[2716] = CNOT 9 13
[2717] = S 9
[2718] = Z 9
[2719] = CNOT 9 13
[2720] = CNOT 9 15
[2721] = Z 9
[2722] = CNOT 9 15
[2723] = CNOT 9 16
[2724] = S 9
[2725] = Z 9
[2726] = CNOT 9 16
[2727] = CNOT 9 17
[2728] = S 9
[2729] = CNOT 9 17
[2730] = CNOT 9 29
[2731] = S 9
[2732] = Z 9
[2733] = CNOT 9 29
[2734] = CNOT 9 11
[2735] = CNOT 9 12
[2736] = CNOT 9 13
[2737] = S 9
[2738] = CNOT 9 13
[2739] = CNOT 9 16
[2740] = S 9
[2741] = Z 9
[2742] = CNOT 9 16
[2743] = CNOT 9 17
[2744] = Z 9
[2745] = CNOT 9 17
[2746] = CNOT 9 29
[2747] = S 9
[2748] = Z 9
[2749] = CNOT 9 29
[2750] = CNOT 9 12
[2751] = CNOT 9 13
[2752] = CNOT 9 14
[2753] = S 9
[2754] = CNOT 9 14
[2755] = CNOT 9 16
[2756] = S 9
[2757] = CNOT 9 16
[2758] = CNOT 9 17
[2759] = S 9
[2760] = CNOT 9 17
[2761] = CNOT 9 28
[2762] = Z 9
[2763] = CNOT 9 28
[2764] = CNOT 9 29
[2765] = S 9
[2766] = CNOT 9 29
[2767] = CNOT 9 13
[2768] = CNOT 9 14
[2769] = CNOT 9 15
[2770] = Z 9
[2771] = CNOT 9 15
[2772] = CNOT 9 16
[2773] = S 9
[2774] = CNOT 9 16
[2775] = CNOT 9 17
[2776] = S 9
[2777] = Z 9
[2778] = CNOT 9 17
[2779] = CNOT 9 28
[2780] = Z 9
[2781] = CNOT 9 28
[2782] = CNOT 9 29
[2783] = S 9
[2784] = CNOT 9 29
[2785] = CNOT 9 14
[2786] = CNOT 9 15
[2787] = CNOT 9 16
[2788] = S 9
[2789] = CNOT 9 16
[2790] = CNOT 9 17
[2791] = S 9
[2792] = Z 9
[2793] = CNOT 9 15
[2794] = CNOT 9 16
[2795] = S 9
[2796] = CNOT 9 17
[2797] = CNOT 9 16
[2798] = CNOT 10 11
[2799] = CNOT 10 12
[2800] = S 10
[2801] = Z 10
[2802] = CNOT 10 12
[2803] = CNOT 10 13
[2804] = Z 10
[2805] = CNOT 10 13
[2806] = CNOT 10 14
[2807] = Z 10
[2808] = CNOT 10 14
[2809] = CNOT 10 29
[2810] = S 10
[2811] = Z 10
[2812] = CNOT 10 29
[2813] = CNOT 10 11
[2814] = CNOT 10 12
[2815] = CNOT 10 14
[2816] = Z 10
[2817] = CNOT 10 14
[2818] = CNOT 10 15
[2819] = S 10
[2820] = Z 10
[2821] = CNOT 10 15
[2822] = CNOT 10 29
[2823] = S 10
[2824] = Z 10
[2825] = CNOT 10 29
[2826] = CNOT 10 12
[2827] = CNOT 10 13
[2828] = CNOT 10 14
[2829] = S 10
[2830] = Z 10
[2831] = CNOT 10 14
[2832] = CNOT 10 15
[2833] = Z 10
[2834] = CNOT 10 15
[2835] = CNOT 10 28
[2836] = Z 10
[2837] = CNOT 10 28
[2838] = CNOT 10 29
[2839] = S 10
[2840] = CNOT 10 29
[2841] = CNOT 10 13
[2842] = CNOT 10 14
[2843] = CNOT 10 15
[2844] = Z 10
[2845] = CNOT 10 15
[2846] = CNOT 10 28
[2847] = Z 10
[2848] = CNOT 10 28
[2849] = CNOT 10 29
[2850] = S 10
[2851] = CNOT 10 29
[2852] = CNOT 10 14
[2853] = CNOT 10 25
[2854] = CNOT 10 26
[2855] = S 10
[2856] = CNOT 10 26
[2857] = CNOT 10 28
[2858] = S 10
[2859] = CNOT 10 25
[2860] = CNOT 10 26
[2861] = S 10
[2862] = CNOT 10 26
[2863] = CNOT 10 27
[2864] = Z 10
[2865] = CNOT 10 28
[2866] = CNOT 10 27
[2867] = CNOT 11 12
[2868] = CNOT 11 13
[2869] = S 11
[2870] = Z 11
[2871] = CNOT 11 13
[2872] = CNOT 11 14
[2873] = S 11
[2874] = Z 11
[2875] = CNOT 11 14
[2876] = CNOT 11 29
[2877] = Z 11
[2878] = CNOT 11 29
[2879] = CNOT 11 12
[2880] = CNOT 11 13
[2881] = CNOT 11 14
[2882] = S 11
[2883] = CNOT 11 14
[2884] = CNOT 11 15
[2885] = Z 11
[2886] = CNOT 11 15
[2887] = CNOT 11 16
[2888] = S 11
[2889] = Z 11
[2890] = CNOT 11 16
[2891] = CNOT 11 17
[2892] = S 11
[2893] = CNOT 11 17
[2894] = CNOT 11 29
[2895] = S 11
[2896] = Z 11
[2897] = CNOT 11 29
[2898] = CNOT 11 13
[2899] = CNOT 11 14
[2900] = CNOT 11 15
[2901] = S 11
[2902] = Z 11
[2903] = CNOT 11 15
[2904] = CNOT 11 16
[2905] = S 11
[2906] = Z 11
[2907] = CNOT 11 16
[2908] = CNOT 11 17
[2909] = Z 11
[2910] = CNOT 11 17
[2911] = CNOT 11 29
[2912] = S 11
[2913] = Z 11
[2914] = CNOT 11 29
[2915] = CNOT 11 14
[2916] = CNOT 11 15
[2917] = CNOT 11 16
[2918] = S 11
[2919] = Z 11
[2920] = CNOT 11 16
[2921] = CNOT 11 17
[2922] = Z 11
[2923] = CNOT 11 15
[2924] = CNOT 11 16
[2925] = S 11
[2926] = Z 11
[2927] = CNOT 11 17
[2928] = CNOT 11 16
[2929] = CNOT 12 13
[2930] = CNOT 12 16
[2931] = S 12
[2932] = Z 12
[2933] = CNOT 12 16
[2934] = CNOT 12 17
[2935] = Z 12
[2936] = CNOT 12 17
[2937] = CNOT 12 29
[2938] = S 12
[2939] = Z 12
[2940] = CNOT 12 29
[2941] = CNOT 12 13
[2942] = CNOT 12 14
[2943] = CNOT 12 15
[2944] = S 12
[2945] = CNOT 12 15
[2946] = CNOT 12 16
[2947] = S 12
[2948] = Z 12
[2949] = CNOT 12 16
[2950] = CNOT 12 17
[2951] = S 12
[2952] = Z 12
[2953] = CNOT 12 17
[2954] = CNOT 12 29
[2955] = S 12
[2956] = Z 12
[2957] = CNOT 12 29
[2958] = CNOT 12 14
[2959] = CNOT 12 15
[2960] = CNOT 12 16
[2961] = S 12
[2962] = Z 12
[2963] = CNOT 12 16
[2964] = CNOT 12 17
[2965] = Z 12
[2966] = CNOT 12 15
[2967] = CNOT 12 16
[2968] = S 12
[2969] = Z 12
[2970] = CNOT 12 17
[2971] = CNOT 12 16
[2972] = CNOT 13 14
[2973] = CNOT 13 15
[2974] = Z 13
[2975] = CNOT 13 15
[2976] = CNOT 13 16
[2977] = S 13
[2978] = CNOT 13 16
[2979] = CNOT 13 17
[2980] = S 13
[2981] = Z 13
[2982] = CNOT 13 17
[2983] = CNOT 13 28
[2984] = S 13
[2985] = CNOT 13 28
[2986] = CNOT 13 29
[2987] = S 13
[2988] = CNOT 13 29
[2989] = CNOT 13 14
[2990] = CNOT 13 15
[2991] = CNOT 13 16
[2992] = S 13
[2993] = CNOT 13 16
[2994] = CNOT 13 17
[2995] = S 13
[2996] = Z 13
[2997] = CNOT 13 15
[2998] = CNOT 13 16
[2999] = S 13
[3000] = CNOT 13 17
[3001] = CNOT 13 16
[3002] = CNOT 14 15
[3003] = CNOT 14 16
[3004] = S 14
[3005] = CNOT 14 16
[3006] = CNOT 14 17
[3007] = S 14
[3008] = CNOT 14 15
[3009] = CNOT 14 16
[3010] = S 14
[3011] = CNOT 14 17
[3012] = CNOT 14 16
[3013] = CNOT 15 16
[3014] = CNOT 15 17
[3015] = S 15
[3016] = CNOT 15 17
[3017] = CNOT 15 16
[3018] = CNOT 18 23
[3019] = S 18
[3020] = Z 18
[3021] = CNOT 18 23
[3022] = CNOT 19 20
[3023] = CNOT 19 25
[3024] = S 19
[3025] = Z 19
[3026] = CNOT 19 25
[3027] = CNOT 19 20
[3028] = CNOT 20 21
[3029] = CNOT 20 26
[3030] = S 20
[3031] = Z 20
[3032] = CNOT 20 26
[3033] = CNOT 20 21
[3034] = CNOT 21 22
[3035] = CNOT 21 27
[3036] = S 21
[3037] = Z 21
[3038] = CNOT 21 27
[3039] = CNOT 21 22
[3040] = CNOT 22 23
[3041] = CNOT 22 28
[3042] = S 22
[3043] = Z 22
[3044] = CNOT 22 28
[3045] = CNOT 22 23
[3046] = CNOT 25 26
[3047] = CNOT 25 28
[3048] = S 25
[3049] = CNOT 25 28
[3050] = CNOT 25 26
[3051] = CNOT 23 28
[3052] = CNOT 18 28
[3053] = CNOT 17 28
[3054] = CNOT 23 27
[3055] = CNOT 22 27
[3056] = CNOT 18 27
[3057] = CNOT 16 27
[3058] = CNOT 23 26
[3059] = CNOT 22 26
[3060] = CNOT 21 26
[3061] = CNOT 18 26
[3062] = CNOT 15 26
[3063] = CNOT 23 25
[3064] = CNOT 22 25
[3065] = CNOT 21 25
[3066] = CNOT 20 25
[3067] = CNOT 18 25
[3068] = CNOT 14 25
[3069] = CNOT 23 24
[3070] = CNOT 22 24
[3071] = CNOT 21 24
[3072] = CNOT 20 24
[3073] = CNOT 19 24
[3074] = CNOT 18 24
[3075] = CNOT 13 24
[3076] = CNOT 28 23
[3077] = CNOT 18 23
[3078] = CNOT 23 28
[3079] = CNOT 28 22
[3080] = CNOT 27 22
[3081] = CNOT 22 27
[3082] = CNOT 27 21
[3083] = CNOT 26 21
[3084] = CNOT 21 26
[3085] = CNOT 26 20
[3086] = CNOT 25 20
[3087] = CNOT 20 25
[3088] = CNOT 25 19
[3089] = CNOT 24 19
[3090] = CNOT 19 24
[3091] = CNOT 29 18
[3092] = CNOT 18 29
[3093] = CNOT 23 17
[3094] = CNOT 17 23
[3095] = CNOT 22 16
[3096] = CNOT 16 22
[3097] = CNOT 21 15
[3098] = CNOT 15 21
[3099] = CNOT 20 14
[3100] = CNOT 14 20
[3101] = CNOT 19 13
[3102] = CNOT 13 19
[3103] = H 19
[3104] = M 19
[3105] = H 20
[3106] = M 20
[3107] = H 21
[3108] = M 21
[3109] = H 22
[3110] = M 22
[3111] = H 23
[3112] = M 23
[3113] = H 24
[3114] = M 24
[3115] = H 25
[3116] = M 25
[3117] = H 26
[3118] = M 26
[3119] = H 27
[3120] = M 27
[3121] = H 28
[3122] = M 28
[3123] = H 29
[3124] = M 29
[3125] = H 18
[3126] = H 17
[3127] = H 16
[3128] = H 15
[3129] = H 14
[3130] = H 13
Gate distributions:
Input:
Operator distribution:
Total number of qubits = 18
Number of `data' qubits = 18
Number of `Toff_n' ancillas = 0
Number of Hadamard ancillas = 0
Hadamard ancilla cap = infinite
Number of {CNOT,T} partitions = 1
T count = 252
Cost estimation = 126027
	id	Count
	0	0
	1	0
	2	0
	3	22
	4	5
	5	0
	6	0
	7	0
	8	0
	9	0
	10	36
	11	0
	12	0
	13	0
	14	0
	15	0
	16	0
	17	0
	18	0
Output:
Operator distribution:
Total number of qubits = 29
Number of `data' qubits = 18
Number of `Toff_n' ancillas = 0
Number of Hadamard ancillas = 11
Hadamard ancilla cap = infinite
Number of {CNOT,T} partitions = 1
T count = 120
Cost estimation = 63016.5
	id	Count
	0	0
	1	0
	2	0
	3	33
	4	2085
	5	120
	6	0
	7	0
	8	0
	9	0
	10	0
	11	419
	12	0
	13	463
	14	0
	15	0
	16	0
	17	0
	18	11
Output T Count (SQC_Circuit) = 120
Output T Count (PhasePolynomial) = 120
Fail count = 0

Execution time: 300.054s
Number of LCL errors: 0
Number of LCL warnings: 0
