Optimize a Clifford + T circuit.
Input filename = /home/ryo-mtmt/TOpt/forme/tpar_benchmark/gf2^4_mult.tfc
Number of unknown gates = 0
Number of unknown qubit labels = 0
Circuit filename: /home/ryo-mtmt/TOpt/forme/tpar_benchmark/gf2^4_mult.tfc

n 12
n_x 12
n_y 0
n_z 0
m 101
[0] = H 9
[1] = H 10
[2] = H 11
[3] = CCZ 4 6 9
[4] = CCZ 3 7 9
[5] = CCZ 2 8 9
[6] = CCZ 4 7 10
[7] = CCZ 3 8 10
[8] = CCZ 4 8 11
[9] = H 9
[10] = H 10
[11] = H 11
[12] = CNOT 12 11
[13] = CNOT 11 10
[14] = CNOT 10 9
[15] = H 9
[16] = H 10
[17] = H 11
[18] = H 12
[19] = CCZ 4 5 12
[20] = CCZ 3 6 12
[21] = CCZ 2 7 12
[22] = CCZ 1 8 12
[23] = CCZ 3 5 11
[24] = CCZ 2 6 11
[25] = CCZ 1 7 11
[26] = CCZ 2 5 10
[27] = CCZ 1 6 10
[28] = CCZ 1 5 9
[29] = H 9
[30] = H 10
[31] = H 11
[32] = H 12

Algorithm used: todd

UniversalOptimize begin.
	Gate synthesis begin.

in LempelX2
		Round = 0
Round 0 | Current Columns (m): 68
		Round = 1
Round 1 | Current Columns (m): 64
		Round = 2
Round 2 | Current Columns (m): 56
		Round = 3
Round 3 | Current Columns (m): 54
nullspace time: 2433 ms, chi time: 1335 ms
Total LempelX2 time: 3772 ms
		TODD executed in 3.7675 seconds.
		Total time: 3.76774s
	Gate synthesis end.
	Total time: 3.81463s
UniversalOptimize end.
Output circuit:
n 19
n_x 12
n_y 0
n_z 7
m 1401
[0] = H 9
[1] = H 10
[2] = H 11
[3] = H 13
[4] = H 14
[5] = H 15
[6] = H 16
[7] = H 17
[8] = H 18
[9] = H 19
[10] = CNOT 5 6
[11] = CNOT 5 9
[12] = CNOT 5 17
[13] = CNOT 5 18
[14] = T 5
[15] = CNOT 5 18
[16] = CNOT 5 17
[17] = CNOT 5 9
[18] = CNOT 5 6
[19] = CNOT 4 5
[20] = CNOT 4 17
[21] = CNOT 4 19
[22] = T 4
[23] = CNOT 4 9
[24] = T 4
[25] = CNOT 4 5
[26] = CNOT 5 9
[27] = CNOT 5 17
[28] = CNOT 5 19
[29] = T 5
[30] = CNOT 5 19
[31] = CNOT 5 17
[32] = CNOT 5 9
[33] = CNOT 4 5
[34] = CNOT 4 6
[35] = T 4
[36] = CNOT 4 9
[37] = CNOT 4 5
[38] = CNOT 3 5
[39] = CNOT 3 6
[40] = CNOT 3 7
[41] = CNOT 3 17
[42] = CNOT 3 18
[43] = T 3
[44] = CNOT 3 9
[45] = T 3
[46] = CNOT 3 7
[47] = CNOT 3 5
[48] = CNOT 5 6
[49] = CNOT 5 7
[50] = CNOT 5 9
[51] = CNOT 5 17
[52] = CNOT 5 18
[53] = T 5
[54] = CNOT 5 18
[55] = CNOT 5 17
[56] = CNOT 5 9
[57] = CNOT 5 7
[58] = CNOT 5 6
[59] = CNOT 3 5
[60] = T 3
[61] = CNOT 3 18
[62] = CNOT 3 9
[63] = CNOT 3 5
[64] = CNOT 2 5
[65] = CNOT 2 6
[66] = CNOT 2 8
[67] = CNOT 2 17
[68] = CNOT 2 19
[69] = T 2
[70] = CNOT 2 19
[71] = CNOT 2 17
[72] = CNOT 2 6
[73] = CNOT 2 5
[74] = CNOT 2 9
[75] = CNOT 2 16
[76] = CNOT 2 18
[77] = T 2
[78] = CNOT 2 18
[79] = CNOT 2 16
[80] = CNOT 2 9
[81] = CNOT 2 8
[82] = CNOT 5 6
[83] = CNOT 5 8
[84] = CNOT 5 9
[85] = CNOT 5 17
[86] = CNOT 5 19
[87] = T 5
[88] = CNOT 5 19
[89] = CNOT 5 17
[90] = CNOT 5 9
[91] = CNOT 5 8
[92] = CNOT 5 6
[93] = CNOT 1 2
[94] = CNOT 1 5
[95] = CNOT 1 8
[96] = CNOT 1 9
[97] = CNOT 1 16
[98] = CNOT 1 18
[99] = T 1
[100] = CNOT 1 18
[101] = CNOT 1 16
[102] = CNOT 1 5
[103] = CNOT 4 5
[104] = CNOT 4 7
[105] = T 4
[106] = CNOT 4 10
[107] = T 4
[108] = CNOT 4 7
[109] = CNOT 4 5
[110] = CNOT 5 6
[111] = CNOT 5 7
[112] = CNOT 5 10
[113] = CNOT 5 17
[114] = CNOT 5 19
[115] = T 5
[116] = CNOT 5 19
[117] = CNOT 5 17
[118] = CNOT 5 10
[119] = CNOT 5 7
[120] = CNOT 5 6
[121] = CNOT 4 5
[122] = T 4
[123] = CNOT 4 19
[124] = CNOT 4 17
[125] = CNOT 4 10
[126] = CNOT 4 6
[127] = CNOT 4 5
[128] = CNOT 3 5
[129] = CNOT 3 8
[130] = CNOT 3 19
[131] = T 3
[132] = CNOT 3 10
[133] = T 3
[134] = CNOT 3 8
[135] = CNOT 3 5
[136] = CNOT 5 6
[137] = CNOT 5 8
[138] = CNOT 5 10
[139] = CNOT 5 17
[140] = CNOT 5 19
[141] = T 5
[142] = CNOT 5 19
[143] = CNOT 5 17
[144] = CNOT 5 10
[145] = CNOT 5 8
[146] = CNOT 5 6
[147] = CNOT 3 5
[148] = T 3
[149] = CNOT 3 10
[150] = CNOT 3 6
[151] = CNOT 1 5
[152] = CNOT 1 6
[153] = CNOT 1 11
[154] = CNOT 1 17
[155] = T 1
[156] = CNOT 1 11
[157] = CNOT 1 8
[158] = CNOT 1 4
[159] = T 1
[160] = CNOT 1 11
[161] = T 1
[162] = CNOT 1 4
[163] = T 1
[164] = CNOT 1 4
[165] = CNOT 1 8
[166] = T 1
[167] = CNOT 1 17
[168] = CNOT 1 11
[169] = CNOT 1 6
[170] = CNOT 1 5
[171] = CNOT 1 4
[172] = CNOT 1 16
[173] = CNOT 1 18
[174] = T 1
[175] = CNOT 1 18
[176] = CNOT 1 16
[177] = T 18
[178] = CNOT 1 4
[179] = CNOT 1 6
[180] = CNOT 1 17
[181] = T 1
[182] = CNOT 1 19
[183] = T 1
[184] = CNOT 1 4
[185] = T 1
[186] = CNOT 1 4
[187] = CNOT 1 5
[188] = T 1
[189] = CNOT 1 19
[190] = CNOT 1 17
[191] = CNOT 1 9
[192] = CNOT 1 8
[193] = CNOT 1 4
[194] = CNOT 1 2
[195] = T 3
[196] = CNOT 3 19
[197] = T 3
[198] = CNOT 3 5
[199] = CNOT 1 18
[200] = T 1
[201] = CNOT 1 6
[202] = CNOT 1 5
[203] = T 1
[204] = S 1
[205] = Z 1
[206] = CNOT 1 18
[207] = CNOT 2 5
[208] = CNOT 2 6
[209] = CNOT 2 7
[210] = CNOT 2 17
[211] = CNOT 2 19
[212] = T 2
[213] = CNOT 2 19
[214] = T 2
[215] = CNOT 2 7
[216] = CNOT 1 6
[217] = CNOT 1 17
[218] = T 1
[219] = Z 1
[220] = CNOT 1 6
[221] = CNOT 1 5
[222] = CNOT 1 18
[223] = T 1
[224] = CNOT 1 18
[225] = CNOT 2 9
[226] = T 2
[227] = CNOT 2 17
[228] = CNOT 2 6
[229] = CNOT 2 8
[230] = CNOT 2 16
[231] = CNOT 2 18
[232] = T 2
[233] = CNOT 2 18
[234] = CNOT 2 16
[235] = CNOT 2 9
[236] = CNOT 2 8
[237] = CNOT 2 5
[238] = CNOT 1 2
[239] = CNOT 1 6
[240] = CNOT 1 9
[241] = CNOT 1 19
[242] = T 1
[243] = CNOT 1 19
[244] = CNOT 1 9
[245] = CNOT 1 6
[246] = CNOT 1 2
[247] = CNOT 2 6
[248] = CNOT 2 8
[249] = CNOT 2 9
[250] = CNOT 2 17
[251] = T 2
[252] = CNOT 2 9
[253] = CNOT 2 8
[254] = CNOT 3 6
[255] = CNOT 3 18
[256] = T 3
[257] = CNOT 3 18
[258] = T 3
[259] = CNOT 3 17
[260] = CNOT 3 6
[261] = CNOT 2 18
[262] = T 2
[263] = CNOT 2 17
[264] = CNOT 2 5
[265] = T 2
[266] = CNOT 2 6
[267] = CNOT 2 17
[268] = T 2
[269] = CNOT 2 17
[270] = CNOT 2 5
[271] = CNOT 2 6
[272] = T 2
[273] = S 2
[274] = Z 2
[275] = CNOT 2 18
[276] = CNOT 2 6
[277] = CNOT 6 18
[278] = T 6
[279] = Z 6
[280] = CNOT 6 18
[281] = CNOT 2 5
[282] = CNOT 2 17
[283] = T 2
[284] = Z 2
[285] = CNOT 2 17
[286] = CNOT 2 5
[287] = CNOT 1 6
[288] = CNOT 1 7
[289] = CNOT 1 18
[290] = T 1
[291] = CNOT 1 18
[292] = T 1
[293] = CNOT 1 17
[294] = CNOT 1 7
[295] = CNOT 1 6
[296] = CNOT 1 5
[297] = S 2
[298] = Z 2
[299] = S 3
[300] = Z 4
[301] = S 5
[302] = Z 5
[303] = S 6
[304] = S 7
[305] = S 8
[306] = Z 10
[307] = S 11
[308] = Z 12
[309] = S 14
[310] = Z 14
[311] = S 15
[312] = Z 15
[313] = S 16
[314] = Z 16
[315] = Z 19
[316] = CNOT 1 2
[317] = S 1
[318] = Z 1
[319] = CNOT 1 2
[320] = CNOT 1 4
[321] = S 1
[322] = CNOT 1 4
[323] = CNOT 1 5
[324] = Z 1
[325] = CNOT 1 5
[326] = CNOT 1 8
[327] = Z 1
[328] = CNOT 1 8
[329] = CNOT 1 9
[330] = S 1
[331] = Z 1
[332] = CNOT 1 9
[333] = CNOT 1 11
[334] = Z 1
[335] = CNOT 1 11
[336] = CNOT 1 16
[337] = S 1
[338] = CNOT 1 16
[339] = CNOT 1 19
[340] = S 1
[341] = CNOT 1 19
[342] = CNOT 2 4
[343] = S 2
[344] = CNOT 2 4
[345] = CNOT 2 5
[346] = Z 2
[347] = CNOT 2 5
[348] = CNOT 2 8
[349] = S 2
[350] = Z 2
[351] = CNOT 2 8
[352] = CNOT 2 9
[353] = S 2
[354] = Z 2
[355] = CNOT 2 9
[356] = CNOT 2 11
[357] = Z 2
[358] = CNOT 2 11
[359] = CNOT 2 16
[360] = Z 2
[361] = CNOT 2 16
[362] = CNOT 2 18
[363] = S 2
[364] = Z 2
[365] = CNOT 2 18
[366] = CNOT 2 19
[367] = Z 2
[368] = CNOT 2 19
[369] = CNOT 3 5
[370] = Z 3
[371] = CNOT 3 5
[372] = CNOT 3 6
[373] = Z 3
[374] = CNOT 3 6
[375] = CNOT 3 7
[376] = S 3
[377] = CNOT 3 7
[378] = CNOT 3 8
[379] = S 3
[380] = CNOT 3 8
[381] = CNOT 3 9
[382] = S 3
[383] = CNOT 3 9
[384] = CNOT 3 10
[385] = S 3
[386] = CNOT 3 10
[387] = CNOT 3 17
[388] = S 3
[389] = CNOT 3 17
[390] = CNOT 3 18
[391] = S 3
[392] = CNOT 3 18
[393] = CNOT 3 19
[394] = S 3
[395] = CNOT 3 19
[396] = CNOT 4 6
[397] = S 4
[398] = Z 4
[399] = CNOT 4 6
[400] = CNOT 4 7
[401] = S 4
[402] = CNOT 4 7
[403] = CNOT 4 8
[404] = Z 4
[405] = CNOT 4 8
[406] = CNOT 4 9
[407] = S 4
[408] = CNOT 4 9
[409] = CNOT 4 10
[410] = S 4
[411] = CNOT 4 10
[412] = CNOT 4 11
[413] = S 4
[414] = Z 4
[415] = CNOT 4 11
[416] = CNOT 4 17
[417] = S 4
[418] = Z 4
[419] = CNOT 4 17
[420] = CNOT 4 19
[421] = S 4
[422] = CNOT 4 19
[423] = CNOT 5 6
[424] = S 5
[425] = Z 5
[426] = CNOT 5 6
[427] = CNOT 5 7
[428] = S 5
[429] = CNOT 5 7
[430] = CNOT 5 8
[431] = Z 5
[432] = CNOT 5 8
[433] = CNOT 5 9
[434] = Z 5
[435] = CNOT 5 9
[436] = CNOT 5 11
[437] = Z 5
[438] = CNOT 5 11
[439] = CNOT 5 16
[440] = S 5
[441] = CNOT 5 16
[442] = CNOT 5 17
[443] = S 5
[444] = Z 5
[445] = CNOT 5 17
[446] = CNOT 5 18
[447] = Z 5
[448] = CNOT 5 18
[449] = CNOT 6 7
[450] = S 6
[451] = CNOT 6 7
[452] = CNOT 6 11
[453] = Z 6
[454] = CNOT 6 11
[455] = CNOT 7 9
[456] = S 7
[457] = CNOT 7 9
[458] = CNOT 7 10
[459] = S 7
[460] = CNOT 7 10
[461] = CNOT 7 17
[462] = S 7
[463] = CNOT 7 17
[464] = CNOT 7 18
[465] = Z 7
[466] = CNOT 7 18
[467] = CNOT 7 19
[468] = Z 7
[469] = CNOT 7 19
[470] = CNOT 8 9
[471] = S 8
[472] = Z 8
[473] = CNOT 8 9
[474] = CNOT 8 10
[475] = S 8
[476] = CNOT 8 10
[477] = CNOT 8 11
[478] = S 8
[479] = Z 8
[480] = CNOT 8 11
[481] = CNOT 8 16
[482] = Z 8
[483] = CNOT 8 16
[484] = CNOT 8 18
[485] = Z 8
[486] = CNOT 8 18
[487] = CNOT 8 19
[488] = S 8
[489] = Z 8
[490] = CNOT 8 19
[491] = CNOT 9 11
[492] = Z 9
[493] = CNOT 9 11
[494] = CNOT 9 13
[495] = S 9
[496] = CNOT 9 13
[497] = CNOT 9 16
[498] = Z 9
[499] = CNOT 9 16
[500] = CNOT 9 19
[501] = Z 9
[502] = CNOT 9 19
[503] = CNOT 10 14
[504] = S 10
[505] = CNOT 10 14
[506] = CNOT 11 15
[507] = S 11
[508] = CNOT 11 15
[509] = CNOT 11 17
[510] = Z 11
[511] = CNOT 11 17
[512] = CNOT 12 15
[513] = S 12
[514] = CNOT 12 15
[515] = CNOT 12 19
[516] = Z 12
[517] = CNOT 13 14
[518] = S 13
[519] = CNOT 13 14
[520] = CNOT 13 16
[521] = S 13
[522] = CNOT 13 16
[523] = CNOT 13 17
[524] = Z 13
[525] = CNOT 13 17
[526] = CNOT 14 15
[527] = S 14
[528] = CNOT 14 15
[529] = CNOT 14 17
[530] = Z 14
[531] = CNOT 14 17
[532] = CNOT 14 18
[533] = Z 14
[534] = CNOT 14 18
[535] = CNOT 15 18
[536] = Z 15
[537] = CNOT 15 18
[538] = CNOT 15 19
[539] = Z 15
[540] = CNOT 15 19
[541] = CNOT 16 18
[542] = Z 16
[543] = CNOT 16 18
[544] = CNOT 17 18
[545] = S 17
[546] = CNOT 17 18
[547] = CNOT 17 19
[548] = S 17
[549] = Z 17
[550] = CNOT 17 19
[551] = CNOT 1 2
[552] = CNOT 1 4
[553] = S 1
[554] = CNOT 1 4
[555] = CNOT 1 6
[556] = S 1
[557] = Z 1
[558] = CNOT 1 6
[559] = CNOT 1 9
[560] = Z 1
[561] = CNOT 1 9
[562] = CNOT 1 11
[563] = Z 1
[564] = CNOT 1 11
[565] = CNOT 1 16
[566] = S 1
[567] = Z 1
[568] = CNOT 1 16
[569] = CNOT 1 17
[570] = S 1
[571] = Z 1
[572] = CNOT 1 17
[573] = CNOT 1 18
[574] = S 1
[575] = Z 1
[576] = CNOT 1 18
[577] = CNOT 1 19
[578] = Z 1
[579] = CNOT 1 19
[580] = CNOT 1 2
[581] = CNOT 1 4
[582] = CNOT 1 5
[583] = Z 1
[584] = CNOT 1 5
[585] = CNOT 1 6
[586] = S 1
[587] = CNOT 1 6
[588] = CNOT 1 8
[589] = Z 1
[590] = CNOT 1 8
[591] = CNOT 1 9
[592] = S 1
[593] = CNOT 1 9
[594] = CNOT 1 11
[595] = S 1
[596] = Z 1
[597] = CNOT 1 11
[598] = CNOT 1 17
[599] = S 1
[600] = CNOT 1 17
[601] = CNOT 1 19
[602] = S 1
[603] = Z 1
[604] = CNOT 1 19
[605] = CNOT 1 4
[606] = CNOT 1 5
[607] = CNOT 1 6
[608] = S 1
[609] = Z 1
[610] = CNOT 1 6
[611] = CNOT 1 7
[612] = S 1
[613] = Z 1
[614] = CNOT 1 7
[615] = CNOT 1 8
[616] = Z 1
[617] = CNOT 1 8
[618] = CNOT 1 11
[619] = Z 1
[620] = CNOT 1 11
[621] = CNOT 1 17
[622] = S 1
[623] = Z 1
[624] = CNOT 1 17
[625] = CNOT 1 18
[626] = Z 1
[627] = CNOT 1 18
[628] = CNOT 1 19
[629] = S 1
[630] = Z 1
[631] = CNOT 1 19
[632] = CNOT 1 5
[633] = CNOT 1 6
[634] = CNOT 1 7
[635] = S 1
[636] = Z 1
[637] = CNOT 1 7
[638] = CNOT 1 8
[639] = S 1
[640] = CNOT 1 8
[641] = CNOT 1 9
[642] = S 1
[643] = Z 1
[644] = CNOT 1 9
[645] = CNOT 1 11
[646] = Z 1
[647] = CNOT 1 11
[648] = CNOT 1 18
[649] = S 1
[650] = Z 1
[651] = CNOT 1 18
[652] = CNOT 1 19
[653] = Z 1
[654] = CNOT 1 19
[655] = CNOT 1 6
[656] = CNOT 1 7
[657] = CNOT 1 17
[658] = S 1
[659] = Z 1
[660] = CNOT 1 17
[661] = CNOT 1 7
[662] = CNOT 1 8
[663] = CNOT 1 11
[664] = S 1
[665] = Z 1
[666] = CNOT 1 11
[667] = CNOT 1 16
[668] = S 1
[669] = Z 1
[670] = CNOT 1 16
[671] = CNOT 1 17
[672] = S 1
[673] = CNOT 1 17
[674] = CNOT 1 18
[675] = S 1
[676] = Z 1
[677] = CNOT 1 18
[678] = CNOT 1 19
[679] = S 1
[680] = Z 1
[681] = CNOT 1 19
[682] = CNOT 1 8
[683] = CNOT 1 9
[684] = CNOT 1 11
[685] = Z 1
[686] = CNOT 1 11
[687] = CNOT 1 16
[688] = S 1
[689] = Z 1
[690] = CNOT 1 16
[691] = CNOT 1 17
[692] = S 1
[693] = Z 1
[694] = CNOT 1 17
[695] = CNOT 1 18
[696] = S 1
[697] = Z 1
[698] = CNOT 1 18
[699] = CNOT 1 19
[700] = Z 1
[701] = CNOT 1 19
[702] = CNOT 1 9
[703] = CNOT 1 11
[704] = CNOT 1 17
[705] = Z 1
[706] = CNOT 1 17
[707] = CNOT 1 11
[708] = CNOT 1 16
[709] = CNOT 1 18
[710] = S 1
[711] = Z 1
[712] = CNOT 1 16
[713] = CNOT 1 17
[714] = S 1
[715] = Z 1
[716] = CNOT 1 18
[717] = CNOT 1 19
[718] = Z 1
[719] = CNOT 1 19
[720] = CNOT 1 17
[721] = CNOT 2 4
[722] = CNOT 2 5
[723] = Z 2
[724] = CNOT 2 5
[725] = CNOT 2 6
[726] = S 2
[727] = CNOT 2 6
[728] = CNOT 2 8
[729] = Z 2
[730] = CNOT 2 8
[731] = CNOT 2 9
[732] = S 2
[733] = CNOT 2 9
[734] = CNOT 2 11
[735] = S 2
[736] = Z 2
[737] = CNOT 2 11
[738] = CNOT 2 17
[739] = S 2
[740] = CNOT 2 17
[741] = CNOT 2 19
[742] = S 2
[743] = Z 2
[744] = CNOT 2 19
[745] = CNOT 2 4
[746] = CNOT 2 5
[747] = CNOT 2 6
[748] = Z 2
[749] = CNOT 2 6
[750] = CNOT 2 7
[751] = S 2
[752] = Z 2
[753] = CNOT 2 7
[754] = CNOT 2 8
[755] = S 2
[756] = CNOT 2 8
[757] = CNOT 2 9
[758] = S 2
[759] = Z 2
[760] = CNOT 2 9
[761] = CNOT 2 11
[762] = Z 2
[763] = CNOT 2 11
[764] = CNOT 2 16
[765] = S 2
[766] = Z 2
[767] = CNOT 2 16
[768] = CNOT 2 18
[769] = Z 2
[770] = CNOT 2 18
[771] = CNOT 2 19
[772] = Z 2
[773] = CNOT 2 19
[774] = CNOT 2 5
[775] = CNOT 2 6
[776] = CNOT 2 7
[777] = S 2
[778] = Z 2
[779] = CNOT 2 7
[780] = CNOT 2 9
[781] = Z 2
[782] = CNOT 2 9
[783] = CNOT 2 11
[784] = Z 2
[785] = CNOT 2 11
[786] = CNOT 2 19
[787] = S 2
[788] = CNOT 2 19
[789] = CNOT 2 6
[790] = CNOT 2 7
[791] = CNOT 2 17
[792] = S 2
[793] = Z 2
[794] = CNOT 2 17
[795] = CNOT 2 7
[796] = CNOT 2 8
[797] = CNOT 2 9
[798] = S 2
[799] = Z 2
[800] = CNOT 2 9
[801] = CNOT 2 11
[802] = S 2
[803] = Z 2
[804] = CNOT 2 11
[805] = CNOT 2 16
[806] = Z 2
[807] = CNOT 2 16
[808] = CNOT 2 18
[809] = Z 2
[810] = CNOT 2 18
[811] = CNOT 2 19
[812] = Z 2
[813] = CNOT 2 19
[814] = CNOT 2 8
[815] = CNOT 2 9
[816] = CNOT 2 11
[817] = Z 2
[818] = CNOT 2 11
[819] = CNOT 2 16
[820] = Z 2
[821] = CNOT 2 16
[822] = CNOT 2 17
[823] = Z 2
[824] = CNOT 2 17
[825] = CNOT 2 18
[826] = Z 2
[827] = CNOT 2 18
[828] = CNOT 2 19
[829] = Z 2
[830] = CNOT 2 19
[831] = CNOT 2 9
[832] = CNOT 2 11
[833] = CNOT 2 17
[834] = Z 2
[835] = CNOT 2 17
[836] = CNOT 2 11
[837] = CNOT 2 16
[838] = CNOT 2 18
[839] = Z 2
[840] = CNOT 2 16
[841] = CNOT 2 17
[842] = S 2
[843] = Z 2
[844] = CNOT 2 18
[845] = CNOT 2 19
[846] = S 2
[847] = CNOT 2 19
[848] = CNOT 2 17
[849] = CNOT 3 5
[850] = CNOT 3 6
[851] = S 3
[852] = CNOT 3 6
[853] = CNOT 3 7
[854] = S 3
[855] = Z 3
[856] = CNOT 3 7
[857] = CNOT 3 8
[858] = S 3
[859] = Z 3
[860] = CNOT 3 8
[861] = CNOT 3 9
[862] = S 3
[863] = Z 3
[864] = CNOT 3 9
[865] = CNOT 3 10
[866] = S 3
[867] = Z 3
[868] = CNOT 3 10
[869] = CNOT 3 18
[870] = S 3
[871] = Z 3
[872] = CNOT 3 18
[873] = CNOT 3 19
[874] = Z 3
[875] = CNOT 3 19
[876] = CNOT 3 5
[877] = CNOT 3 6
[878] = CNOT 3 7
[879] = S 3
[880] = Z 3
[881] = CNOT 3 7
[882] = CNOT 3 8
[883] = S 3
[884] = Z 3
[885] = CNOT 3 8
[886] = CNOT 3 9
[887] = S 3
[888] = Z 3
[889] = CNOT 3 9
[890] = CNOT 3 10
[891] = S 3
[892] = Z 3
[893] = CNOT 3 10
[894] = CNOT 3 18
[895] = Z 3
[896] = CNOT 3 18
[897] = CNOT 3 19
[898] = S 3
[899] = Z 3
[900] = CNOT 3 19
[901] = CNOT 3 6
[902] = CNOT 3 7
[903] = CNOT 3 17
[904] = S 3
[905] = Z 3
[906] = CNOT 3 17
[907] = CNOT 3 18
[908] = S 3
[909] = Z 3
[910] = CNOT 3 18
[911] = CNOT 3 7
[912] = CNOT 3 8
[913] = CNOT 3 17
[914] = S 3
[915] = Z 3
[916] = CNOT 3 17
[917] = CNOT 3 19
[918] = S 3
[919] = Z 3
[920] = CNOT 3 19
[921] = CNOT 3 8
[922] = CNOT 3 9
[923] = CNOT 3 17
[924] = S 3
[925] = Z 3
[926] = CNOT 3 17
[927] = CNOT 3 18
[928] = S 3
[929] = Z 3
[930] = CNOT 3 18
[931] = CNOT 3 9
[932] = CNOT 3 10
[933] = CNOT 3 17
[934] = S 3
[935] = Z 3
[936] = CNOT 3 17
[937] = CNOT 3 19
[938] = S 3
[939] = Z 3
[940] = CNOT 3 19
[941] = CNOT 3 10
[942] = CNOT 3 17
[943] = CNOT 3 18
[944] = Z 3
[945] = CNOT 3 18
[946] = CNOT 3 19
[947] = Z 3
[948] = CNOT 3 19
[949] = CNOT 3 17
[950] = CNOT 4 5
[951] = CNOT 4 7
[952] = S 4
[953] = Z 4
[954] = CNOT 4 7
[955] = CNOT 4 8
[956] = S 4
[957] = Z 4
[958] = CNOT 4 8
[959] = CNOT 4 9
[960] = S 4
[961] = CNOT 4 9
[962] = CNOT 4 10
[963] = S 4
[964] = Z 4
[965] = CNOT 4 10
[966] = CNOT 4 11
[967] = S 4
[968] = Z 4
[969] = CNOT 4 11
[970] = CNOT 4 17
[971] = S 4
[972] = Z 4
[973] = CNOT 4 17
[974] = CNOT 4 19
[975] = S 4
[976] = CNOT 4 19
[977] = CNOT 4 5
[978] = CNOT 4 6
[979] = CNOT 4 7
[980] = S 4
[981] = Z 4
[982] = CNOT 4 7
[983] = CNOT 4 8
[984] = Z 4
[985] = CNOT 4 8
[986] = CNOT 4 9
[987] = S 4
[988] = CNOT 4 9
[989] = CNOT 4 10
[990] = S 4
[991] = Z 4
[992] = CNOT 4 10
[993] = CNOT 4 11
[994] = S 4
[995] = Z 4
[996] = CNOT 4 11
[997] = CNOT 4 17
[998] = S 4
[999] = Z 4
[1000] = CNOT 4 17
[1001] = CNOT 4 19
[1002] = S 4
[1003] = CNOT 4 19
[1004] = CNOT 4 6
[1005] = CNOT 4 7
[1006] = CNOT 4 17
[1007] = S 4
[1008] = Z 4
[1009] = CNOT 4 17
[1010] = CNOT 4 19
[1011] = S 4
[1012] = Z 4
[1013] = CNOT 4 19
[1014] = CNOT 4 7
[1015] = CNOT 4 8
[1016] = CNOT 4 9
[1017] = Z 4
[1018] = CNOT 4 9
[1019] = CNOT 4 17
[1020] = Z 4
[1021] = CNOT 4 17
[1022] = CNOT 4 19
[1023] = S 4
[1024] = Z 4
[1025] = CNOT 4 19
[1026] = CNOT 4 8
[1027] = CNOT 4 9
[1028] = CNOT 4 11
[1029] = S 4
[1030] = Z 4
[1031] = CNOT 4 11
[1032] = CNOT 4 19
[1033] = Z 4
[1034] = CNOT 4 19
[1035] = CNOT 4 9
[1036] = CNOT 4 10
[1037] = CNOT 4 17
[1038] = S 4
[1039] = Z 4
[1040] = CNOT 4 17
[1041] = CNOT 4 19
[1042] = S 4
[1043] = Z 4
[1044] = CNOT 4 19
[1045] = CNOT 4 10
[1046] = CNOT 4 11
[1047] = CNOT 4 17
[1048] = S 4
[1049] = Z 4
[1050] = CNOT 4 17
[1051] = CNOT 4 11
[1052] = CNOT 5 6
[1053] = CNOT 5 7
[1054] = S 5
[1055] = Z 5
[1056] = CNOT 5 7
[1057] = CNOT 5 9
[1058] = S 5
[1059] = CNOT 5 9
[1060] = CNOT 5 10
[1061] = S 5
[1062] = CNOT 5 10
[1063] = CNOT 5 11
[1064] = Z 5
[1065] = CNOT 5 11
[1066] = CNOT 5 17
[1067] = Z 5
[1068] = CNOT 5 17
[1069] = CNOT 5 19
[1070] = S 5
[1071] = CNOT 5 19
[1072] = CNOT 5 6
[1073] = CNOT 5 7
[1074] = CNOT 5 9
[1075] = S 5
[1076] = Z 5
[1077] = CNOT 5 9
[1078] = CNOT 5 10
[1079] = S 5
[1080] = Z 5
[1081] = CNOT 5 10
[1082] = CNOT 5 17
[1083] = S 5
[1084] = Z 5
[1085] = CNOT 5 17
[1086] = CNOT 5 18
[1087] = Z 5
[1088] = CNOT 5 18
[1089] = CNOT 5 19
[1090] = Z 5
[1091] = CNOT 5 19
[1092] = CNOT 5 7
[1093] = CNOT 5 8
[1094] = CNOT 5 9
[1095] = S 5
[1096] = CNOT 5 9
[1097] = CNOT 5 10
[1098] = S 5
[1099] = Z 5
[1100] = CNOT 5 10
[1101] = CNOT 5 11
[1102] = S 5
[1103] = Z 5
[1104] = CNOT 5 11
[1105] = CNOT 5 16
[1106] = S 5
[1107] = Z 5
[1108] = CNOT 5 16
[1109] = CNOT 5 18
[1110] = S 5
[1111] = Z 5
[1112] = CNOT 5 18
[1113] = CNOT 5 19
[1114] = S 5
[1115] = CNOT 5 19
[1116] = CNOT 5 8
[1117] = CNOT 5 9
[1118] = CNOT 5 11
[1119] = Z 5
[1120] = CNOT 5 11
[1121] = CNOT 5 16
[1122] = S 5
[1123] = Z 5
[1124] = CNOT 5 16
[1125] = CNOT 5 18
[1126] = S 5
[1127] = CNOT 5 18
[1128] = CNOT 5 19
[1129] = S 5
[1130] = CNOT 5 19
[1131] = CNOT 5 9
[1132] = CNOT 5 10
[1133] = CNOT 5 17
[1134] = S 5
[1135] = CNOT 5 17
[1136] = CNOT 5 19
[1137] = S 5
[1138] = CNOT 5 19
[1139] = CNOT 5 10
[1140] = CNOT 5 11
[1141] = CNOT 5 17
[1142] = Z 5
[1143] = CNOT 5 17
[1144] = CNOT 5 11
[1145] = CNOT 5 16
[1146] = CNOT 5 18
[1147] = S 5
[1148] = Z 5
[1149] = CNOT 5 18
[1150] = CNOT 5 16
[1151] = CNOT 5 17
[1152] = CNOT 5 19
[1153] = S 5
[1154] = Z 5
[1155] = CNOT 5 19
[1156] = CNOT 5 17
[1157] = CNOT 6 7
[1158] = CNOT 6 9
[1159] = S 6
[1160] = Z 6
[1161] = CNOT 6 9
[1162] = CNOT 6 10
[1163] = S 6
[1164] = Z 6
[1165] = CNOT 6 10
[1166] = CNOT 6 17
[1167] = S 6
[1168] = Z 6
[1169] = CNOT 6 17
[1170] = CNOT 6 18
[1171] = Z 6
[1172] = CNOT 6 18
[1173] = CNOT 6 19
[1174] = Z 6
[1175] = CNOT 6 19
[1176] = CNOT 6 7
[1177] = CNOT 6 8
[1178] = CNOT 6 10
[1179] = S 6
[1180] = Z 6
[1181] = CNOT 6 10
[1182] = CNOT 6 11
[1183] = S 6
[1184] = Z 6
[1185] = CNOT 6 11
[1186] = CNOT 6 17
[1187] = Z 6
[1188] = CNOT 6 17
[1189] = CNOT 6 8
[1190] = CNOT 6 9
[1191] = CNOT 6 11
[1192] = Z 6
[1193] = CNOT 6 11
[1194] = CNOT 6 17
[1195] = S 6
[1196] = Z 6
[1197] = CNOT 6 17
[1198] = CNOT 6 18
[1199] = Z 6
[1200] = CNOT 6 18
[1201] = CNOT 6 19
[1202] = S 6
[1203] = CNOT 6 19
[1204] = CNOT 6 9
[1205] = CNOT 6 10
[1206] = CNOT 6 17
[1207] = S 6
[1208] = CNOT 6 17
[1209] = CNOT 6 19
[1210] = S 6
[1211] = CNOT 6 19
[1212] = CNOT 6 10
[1213] = CNOT 6 11
[1214] = CNOT 6 17
[1215] = Z 6
[1216] = CNOT 6 17
[1217] = CNOT 6 11
[1218] = CNOT 7 9
[1219] = CNOT 7 17
[1220] = S 7
[1221] = Z 7
[1222] = CNOT 7 17
[1223] = CNOT 7 18
[1224] = S 7
[1225] = Z 7
[1226] = CNOT 7 18
[1227] = CNOT 7 9
[1228] = CNOT 7 10
[1229] = CNOT 7 17
[1230] = S 7
[1231] = Z 7
[1232] = CNOT 7 17
[1233] = CNOT 7 19
[1234] = S 7
[1235] = Z 7
[1236] = CNOT 7 19
[1237] = CNOT 7 10
[1238] = CNOT 7 17
[1239] = CNOT 7 18
[1240] = Z 7
[1241] = CNOT 7 18
[1242] = CNOT 7 19
[1243] = Z 7
[1244] = CNOT 7 19
[1245] = CNOT 7 17
[1246] = CNOT 8 9
[1247] = CNOT 8 11
[1248] = S 8
[1249] = Z 8
[1250] = CNOT 8 11
[1251] = CNOT 8 16
[1252] = Z 8
[1253] = CNOT 8 16
[1254] = CNOT 8 18
[1255] = Z 8
[1256] = CNOT 8 18
[1257] = CNOT 8 19
[1258] = Z 8
[1259] = CNOT 8 19
[1260] = CNOT 8 9
[1261] = CNOT 8 10
[1262] = CNOT 8 17
[1263] = S 8
[1264] = Z 8
[1265] = CNOT 8 17
[1266] = CNOT 8 19
[1267] = S 8
[1268] = Z 8
[1269] = CNOT 8 19
[1270] = CNOT 8 10
[1271] = CNOT 8 11
[1272] = CNOT 8 17
[1273] = S 8
[1274] = Z 8
[1275] = CNOT 8 17
[1276] = CNOT 8 11
[1277] = CNOT 8 16
[1278] = CNOT 8 18
[1279] = Z 8
[1280] = CNOT 8 18
[1281] = CNOT 8 16
[1282] = CNOT 9 11
[1283] = CNOT 9 17
[1284] = Z 9
[1285] = CNOT 9 17
[1286] = CNOT 9 11
[1287] = CNOT 9 16
[1288] = CNOT 9 18
[1289] = Z 9
[1290] = CNOT 9 16
[1291] = CNOT 9 17
[1292] = Z 9
[1293] = CNOT 9 18
[1294] = CNOT 9 17
[1295] = CNOT 10 17
[1296] = CNOT 10 19
[1297] = S 10
[1298] = CNOT 10 19
[1299] = CNOT 12 15
[1300] = S 12
[1301] = Z 12
[1302] = CNOT 12 15
[1303] = CNOT 13 14
[1304] = CNOT 13 17
[1305] = S 13
[1306] = Z 13
[1307] = CNOT 13 17
[1308] = CNOT 13 14
[1309] = CNOT 14 15
[1310] = CNOT 14 18
[1311] = S 14
[1312] = Z 14
[1313] = CNOT 14 18
[1314] = CNOT 14 15
[1315] = CNOT 15 18
[1316] = CNOT 12 18
[1317] = CNOT 11 18
[1318] = CNOT 15 17
[1319] = CNOT 14 17
[1320] = CNOT 12 17
[1321] = CNOT 15 16
[1322] = CNOT 14 16
[1323] = CNOT 13 16
[1324] = CNOT 12 16
[1325] = CNOT 9 16
[1326] = CNOT 18 15
[1327] = CNOT 12 15
[1328] = CNOT 15 18
[1329] = CNOT 18 14
[1330] = CNOT 17 14
[1331] = CNOT 14 17
[1332] = CNOT 17 13
[1333] = CNOT 16 13
[1334] = CNOT 13 16
[1335] = CNOT 19 12
[1336] = CNOT 12 19
[1337] = CNOT 15 11
[1338] = CNOT 11 15
[1339] = CNOT 14 10
[1340] = CNOT 10 14
[1341] = CNOT 13 9
[1342] = CNOT 9 13
[1343] = H 13
[1344] = M 13
[1345] = H 14
[1346] = M 14
[1347] = H 15
[1348] = M 15
[1349] = H 16
[1350] = M 16
[1351] = H 17
[1352] = M 17
[1353] = H 18
[1354] = M 18
[1355] = H 19
[1356] = M 19
[1357] = H 12
[1358] = H 11
[1359] = H 10
[1360] = H 9
Gate distributions:
Input:
Operator distribution:
Total number of qubits = 12
Number of `data' qubits = 12
Number of `Toff_n' ancillas = 0
Number of Hadamard ancillas = 0
Hadamard ancilla cap = infinite
Number of {CNOT,T} partitions = 1
T count = 112
Cost estimation = 56017
	id	Count
	0	0
	1	0
	2	0
	3	14
	4	3
	5	0
	6	0
	7	0
	8	0
	9	0
	10	16
	11	0
	12	0
	13	0
	14	0
	15	0
	16	0
	17	0
	18	0
Output:
Operator distribution:
Total number of qubits = 19
Number of `data' qubits = 12
Number of `Toff_n' ancillas = 0
Number of Hadamard ancillas = 7
Hadamard ancilla cap = infinite
Number of {CNOT,T} partitions = 1
T count = 54
Cost estimation = 28310.5
	id	Count
	0	0
	1	0
	2	0
	3	21
	4	884
	5	54
	6	0
	7	0
	8	0
	9	0
	10	0
	11	181
	12	0
	13	214
	14	0
	15	0
	16	0
	17	0
	18	7
Output T Count (SQC_Circuit) = 54
Output T Count (PhasePolynomial) = 54
Fail count = 0

Execution time: 3.81467s
Number of LCL errors: 0
Number of LCL warnings: 0
