Optimize a Clifford + T circuit.
Input filename = /home/rest/forpyzx/TOpt/forme/tpar_benchmark/csum_mux_9.tfc
Number of unknown gates = 0
Number of unknown qubit labels = 0
Circuit filename: /home/rest/forpyzx/TOpt/forme/tpar_benchmark/csum_mux_9.tfc

n 30
n_x 30
n_y 0
n_z 0
m 101
[0] = H 5
[1] = H 6
[2] = H 11
[3] = H 12
[4] = H 19
[5] = H 20
[6] = H 25
[7] = H 26
[8] = CCZ 1 4 5
[9] = CCZ 2 3 6
[10] = CCZ 7 10 11
[11] = CCZ 8 9 12
[12] = CCZ 15 18 19
[13] = CCZ 16 17 20
[14] = CCZ 21 24 25
[15] = CCZ 22 23 26
[16] = CCZ 1 3 5
[17] = CCZ 2 4 6
[18] = CCZ 7 9 11
[19] = CCZ 8 10 12
[20] = CCZ 15 17 19
[21] = CCZ 16 18 20
[22] = CCZ 21 23 25
[23] = CCZ 22 24 26
[24] = H 5
[25] = H 6
[26] = H 11
[27] = H 12
[28] = H 19
[29] = H 20
[30] = H 25
[31] = H 26
[32] = H 13
[33] = H 14
[34] = H 27
[35] = H 28
[36] = CCZ 5 11 13
[37] = CCZ 6 12 14
[38] = CCZ 19 25 27
[39] = CCZ 20 26 28
[40] = CCZ 6 11 13
[41] = CCZ 5 12 14
[42] = CCZ 20 25 27
[43] = CCZ 19 26 28
[44] = H 13
[45] = H 14
[46] = H 27
[47] = H 28
[48] = H 29
[49] = H 30
[50] = CCZ 13 27 29
[51] = CCZ 14 28 30
[52] = CCZ 14 27 29
[53] = CCZ 13 28 30
[54] = H 29
[55] = H 30

Algorithm used: todd

UniversalOptimize begin.
	Gate synthesis begin.

in LempelX2
		Round = 0
Round 0 | Current Columns (m): 54
		Round = 1
Round 1 | Current Columns (m): 52
		Round = 2
Round 2 | Current Columns (m): 50
		Round = 3
Round 3 | Current Columns (m): 48
		Round = 4
Round 4 | Current Columns (m): 46
nullspace time: 3519 ms, chi time: 2186 ms
Total LempelX2 time: 5709 ms
		TODD executed in 5.70956 seconds.
		Total time: 5.70983s
	Gate synthesis end.
	Gate synthesis begin.

in LempelX2
		Round = 0
Round 0 | Current Columns (m): 28
		Round = 1
Round 1 | Current Columns (m): 26
		Round = 2
Round 2 | Current Columns (m): 23
nullspace time: 318 ms, chi time: 259 ms
Total LempelX2 time: 579 ms
		TODD executed in 0.579141 seconds.
		Total time: 0.579209s
	Gate synthesis end.
	Gate synthesis begin.

in LempelX2
		Round = 0
Round 0 | Current Columns (m): 14
		Round = 1
Round 1 | Current Columns (m): 12
		Round = 2
Round 2 | Current Columns (m): 10
nullspace time: 50 ms, chi time: 29 ms
Total LempelX2 time: 80 ms
		TODD executed in 0.080982 seconds.
		Total time: 0.081016s
	Gate synthesis end.
	Total time: 7.5167s
UniversalOptimize end.
Output circuit:
n 30
n_x 30
n_y 0
n_z 0
m 5101
[0] = H 5
[1] = H 6
[2] = H 11
[3] = H 12
[4] = H 19
[5] = H 20
[6] = H 25
[7] = H 26
[8] = H 13
[9] = H 14
[10] = H 27
[11] = H 28
[12] = H 29
[13] = H 30
[14] = CNOT 1 2
[15] = CNOT 1 3
[16] = CNOT 1 4
[17] = CNOT 1 30
[18] = T 1
[19] = CNOT 1 5
[20] = T 1
[21] = CNOT 1 5
[22] = CNOT 1 4
[23] = CNOT 1 3
[24] = CNOT 1 2
[25] = CNOT 2 3
[26] = CNOT 2 4
[27] = CNOT 2 5
[28] = CNOT 2 30
[29] = T 2
[30] = CNOT 2 5
[31] = CNOT 2 4
[32] = CNOT 2 3
[33] = CNOT 3 4
[34] = CNOT 3 6
[35] = CNOT 3 21
[36] = CNOT 3 23
[37] = CNOT 3 24
[38] = CNOT 3 26
[39] = CNOT 3 30
[40] = T 3
[41] = CNOT 3 6
[42] = CNOT 6 30
[43] = T 6
[44] = S 6
[45] = CNOT 6 30
[46] = CNOT 2 6
[47] = T 2
[48] = S 2
[49] = Z 2
[50] = CNOT 2 30
[51] = CNOT 2 6
[52] = CNOT 3 6
[53] = CNOT 3 7
[54] = CNOT 3 9
[55] = CNOT 3 10
[56] = CNOT 3 11
[57] = CNOT 3 15
[58] = CNOT 3 16
[59] = CNOT 3 19
[60] = CNOT 3 22
[61] = T 3
[62] = CNOT 3 11
[63] = T 3
[64] = CNOT 3 7
[65] = T 3
[66] = CNOT 3 10
[67] = CNOT 3 9
[68] = CNOT 3 8
[69] = CNOT 3 11
[70] = T 3
[71] = CNOT 3 12
[72] = T 3
[73] = CNOT 3 8
[74] = T 3
[75] = CNOT 3 16
[76] = CNOT 3 15
[77] = CNOT 3 12
[78] = CNOT 3 11
[79] = CNOT 3 17
[80] = CNOT 3 18
[81] = T 3
[82] = CNOT 3 19
[83] = T 3
[84] = CNOT 3 15
[85] = T 3
[86] = CNOT 3 18
[87] = CNOT 3 17
[88] = T 14
[89] = CNOT 3 16
[90] = CNOT 3 19
[91] = CNOT 3 20
[92] = T 3
[93] = CNOT 3 16
[94] = T 3
[95] = CNOT 3 26
[96] = CNOT 3 22
[97] = CNOT 3 21
[98] = CNOT 3 20
[99] = CNOT 3 19
[100] = CNOT 3 15
[101] = T 3
[102] = CNOT 3 25
[103] = T 3
[104] = CNOT 3 21
[105] = T 3
[106] = CNOT 3 25
[107] = CNOT 3 24
[108] = CNOT 3 23
[109] = CNOT 3 22
[110] = T 3
[111] = CNOT 3 26
[112] = T 3
[113] = CNOT 3 22
[114] = T 3
[115] = CNOT 3 26
[116] = CNOT 3 21
[117] = CNOT 3 6
[118] = CNOT 1 2
[119] = T 1
[120] = Z 1
[121] = CNOT 1 5
[122] = T 1
[123] = CNOT 1 30
[124] = CNOT 1 5
[125] = CNOT 1 2
[126] = CNOT 2 5
[127] = CNOT 2 30
[128] = T 2
[129] = Z 2
[130] = CNOT 2 5
[131] = T 3
[132] = Z 3
[133] = CNOT 3 30
[134] = CNOT 3 4
[135] = T 28
[136] = CNOT 2 3
[137] = CNOT 2 4
[138] = CNOT 2 6
[139] = T 2
[140] = CNOT 2 30
[141] = CNOT 2 6
[142] = CNOT 2 4
[143] = CNOT 2 3
[144] = CNOT 3 4
[145] = CNOT 3 6
[146] = CNOT 3 7
[147] = CNOT 3 11
[148] = CNOT 3 15
[149] = CNOT 3 16
[150] = CNOT 3 19
[151] = CNOT 3 21
[152] = CNOT 3 22
[153] = CNOT 3 23
[154] = CNOT 3 24
[155] = CNOT 3 26
[156] = CNOT 3 30
[157] = T 3
[158] = CNOT 3 11
[159] = T 3
[160] = CNOT 3 7
[161] = T 13
[162] = CNOT 3 8
[163] = CNOT 3 9
[164] = CNOT 3 10
[165] = CNOT 3 11
[166] = T 3
[167] = CNOT 3 12
[168] = T 3
[169] = CNOT 3 8
[170] = T 3
[171] = CNOT 3 16
[172] = CNOT 3 15
[173] = CNOT 3 12
[174] = CNOT 3 11
[175] = CNOT 3 10
[176] = CNOT 3 9
[177] = T 3
[178] = CNOT 3 19
[179] = T 29
[180] = CNOT 3 15
[181] = T 3
[182] = CNOT 3 16
[183] = CNOT 3 17
[184] = CNOT 3 18
[185] = CNOT 3 19
[186] = T 3
[187] = CNOT 3 20
[188] = T 3
[189] = CNOT 3 16
[190] = T 3
[191] = CNOT 3 26
[192] = CNOT 3 24
[193] = CNOT 3 23
[194] = CNOT 3 22
[195] = CNOT 3 21
[196] = CNOT 3 20
[197] = CNOT 3 19
[198] = CNOT 3 18
[199] = CNOT 3 17
[200] = CNOT 3 15
[201] = T 27
[202] = CNOT 3 25
[203] = T 3
[204] = CNOT 3 21
[205] = T 3
[206] = CNOT 3 25
[207] = CNOT 3 22
[208] = CNOT 3 23
[209] = CNOT 3 24
[210] = T 3
[211] = CNOT 3 30
[212] = CNOT 3 24
[213] = CNOT 3 23
[214] = CNOT 3 22
[215] = CNOT 3 21
[216] = CNOT 3 6
[217] = CNOT 3 4
[218] = Z 1
[219] = S 2
[220] = Z 2
[221] = S 3
[222] = S 4
[223] = Z 5
[224] = S 6
[225] = Z 6
[226] = Z 7
[227] = S 8
[228] = S 12
[229] = S 15
[230] = Z 15
[231] = S 16
[232] = Z 16
[233] = S 17
[234] = S 18
[235] = S 19
[236] = Z 19
[237] = S 20
[238] = S 22
[239] = Z 25
[240] = S 26
[241] = Z 30
[242] = CNOT 1 2
[243] = S 1
[244] = Z 1
[245] = CNOT 1 2
[246] = CNOT 1 5
[247] = S 1
[248] = Z 1
[249] = CNOT 1 5
[250] = CNOT 1 30
[251] = S 1
[252] = Z 1
[253] = CNOT 1 30
[254] = CNOT 2 5
[255] = S 2
[256] = Z 2
[257] = CNOT 2 5
[258] = CNOT 2 6
[259] = Z 2
[260] = CNOT 2 6
[261] = CNOT 2 30
[262] = S 2
[263] = CNOT 2 30
[264] = CNOT 3 4
[265] = S 3
[266] = Z 3
[267] = CNOT 3 4
[268] = CNOT 3 6
[269] = S 3
[270] = Z 3
[271] = CNOT 3 6
[272] = CNOT 3 7
[273] = S 3
[274] = Z 3
[275] = CNOT 3 7
[276] = CNOT 3 8
[277] = S 3
[278] = CNOT 3 8
[279] = CNOT 3 11
[280] = S 3
[281] = CNOT 3 11
[282] = CNOT 3 12
[283] = S 3
[284] = CNOT 3 12
[285] = CNOT 3 15
[286] = Z 3
[287] = CNOT 3 15
[288] = CNOT 3 19
[289] = Z 3
[290] = CNOT 3 19
[291] = CNOT 3 20
[292] = S 3
[293] = CNOT 3 20
[294] = CNOT 3 21
[295] = Z 3
[296] = CNOT 3 21
[297] = CNOT 3 22
[298] = Z 3
[299] = CNOT 3 22
[300] = CNOT 3 23
[301] = S 3
[302] = CNOT 3 23
[303] = CNOT 3 24
[304] = S 3
[305] = CNOT 3 24
[306] = CNOT 3 25
[307] = S 3
[308] = Z 3
[309] = CNOT 3 25
[310] = CNOT 3 26
[311] = Z 3
[312] = CNOT 3 26
[313] = CNOT 3 30
[314] = S 3
[315] = Z 3
[316] = CNOT 3 30
[317] = CNOT 4 6
[318] = S 4
[319] = Z 4
[320] = CNOT 4 6
[321] = CNOT 4 7
[322] = S 4
[323] = Z 4
[324] = CNOT 4 7
[325] = CNOT 4 8
[326] = S 4
[327] = CNOT 4 8
[328] = CNOT 4 11
[329] = S 4
[330] = CNOT 4 11
[331] = CNOT 4 12
[332] = S 4
[333] = CNOT 4 12
[334] = CNOT 4 15
[335] = Z 4
[336] = CNOT 4 15
[337] = CNOT 4 19
[338] = Z 4
[339] = CNOT 4 19
[340] = CNOT 4 20
[341] = S 4
[342] = CNOT 4 20
[343] = CNOT 4 21
[344] = Z 4
[345] = CNOT 4 21
[346] = CNOT 4 22
[347] = Z 4
[348] = CNOT 4 22
[349] = CNOT 4 23
[350] = S 4
[351] = CNOT 4 23
[352] = CNOT 4 24
[353] = S 4
[354] = CNOT 4 24
[355] = CNOT 4 25
[356] = S 4
[357] = Z 4
[358] = CNOT 4 25
[359] = CNOT 4 26
[360] = Z 4
[361] = CNOT 4 26
[362] = CNOT 4 30
[363] = S 4
[364] = Z 4
[365] = CNOT 4 30
[366] = CNOT 5 30
[367] = S 5
[368] = Z 5
[369] = CNOT 5 30
[370] = CNOT 6 7
[371] = S 6
[372] = Z 6
[373] = CNOT 6 7
[374] = CNOT 6 8
[375] = S 6
[376] = CNOT 6 8
[377] = CNOT 6 11
[378] = S 6
[379] = CNOT 6 11
[380] = CNOT 6 12
[381] = S 6
[382] = CNOT 6 12
[383] = CNOT 6 15
[384] = Z 6
[385] = CNOT 6 15
[386] = CNOT 6 19
[387] = Z 6
[388] = CNOT 6 19
[389] = CNOT 6 20
[390] = S 6
[391] = CNOT 6 20
[392] = CNOT 6 21
[393] = Z 6
[394] = CNOT 6 21
[395] = CNOT 6 22
[396] = Z 6
[397] = CNOT 6 22
[398] = CNOT 6 23
[399] = S 6
[400] = CNOT 6 23
[401] = CNOT 6 24
[402] = S 6
[403] = CNOT 6 24
[404] = CNOT 6 25
[405] = S 6
[406] = Z 6
[407] = CNOT 6 25
[408] = CNOT 6 26
[409] = Z 6
[410] = CNOT 6 26
[411] = CNOT 7 9
[412] = Z 7
[413] = CNOT 7 9
[414] = CNOT 7 10
[415] = Z 7
[416] = CNOT 7 10
[417] = CNOT 7 11
[418] = S 7
[419] = CNOT 7 11
[420] = CNOT 7 15
[421] = S 7
[422] = Z 7
[423] = CNOT 7 15
[424] = CNOT 7 16
[425] = S 7
[426] = Z 7
[427] = CNOT 7 16
[428] = CNOT 7 19
[429] = S 7
[430] = Z 7
[431] = CNOT 7 19
[432] = CNOT 7 21
[433] = S 7
[434] = Z 7
[435] = CNOT 7 21
[436] = CNOT 7 22
[437] = S 7
[438] = Z 7
[439] = CNOT 7 22
[440] = CNOT 7 23
[441] = S 7
[442] = Z 7
[443] = CNOT 7 23
[444] = CNOT 7 24
[445] = S 7
[446] = Z 7
[447] = CNOT 7 24
[448] = CNOT 7 26
[449] = S 7
[450] = Z 7
[451] = CNOT 7 26
[452] = CNOT 7 30
[453] = S 7
[454] = Z 7
[455] = CNOT 7 30
[456] = CNOT 8 9
[457] = S 8
[458] = Z 8
[459] = CNOT 8 9
[460] = CNOT 8 10
[461] = S 8
[462] = Z 8
[463] = CNOT 8 10
[464] = CNOT 8 11
[465] = S 8
[466] = CNOT 8 11
[467] = CNOT 8 12
[468] = Z 8
[469] = CNOT 8 12
[470] = CNOT 8 15
[471] = S 8
[472] = CNOT 8 15
[473] = CNOT 8 16
[474] = S 8
[475] = CNOT 8 16
[476] = CNOT 8 19
[477] = S 8
[478] = CNOT 8 19
[479] = CNOT 8 21
[480] = S 8
[481] = CNOT 8 21
[482] = CNOT 8 22
[483] = S 8
[484] = CNOT 8 22
[485] = CNOT 8 23
[486] = S 8
[487] = CNOT 8 23
[488] = CNOT 8 24
[489] = S 8
[490] = CNOT 8 24
[491] = CNOT 8 26
[492] = S 8
[493] = CNOT 8 26
[494] = CNOT 8 30
[495] = S 8
[496] = CNOT 8 30
[497] = CNOT 9 11
[498] = Z 9
[499] = CNOT 9 11
[500] = CNOT 9 12
[501] = S 9
[502] = Z 9
[503] = CNOT 9 12
[504] = CNOT 10 11
[505] = Z 10
[506] = CNOT 10 11
[507] = CNOT 10 12
[508] = S 10
[509] = Z 10
[510] = CNOT 10 12
[511] = CNOT 11 12
[512] = S 11
[513] = CNOT 11 12
[514] = CNOT 11 15
[515] = S 11
[516] = CNOT 11 15
[517] = CNOT 11 16
[518] = S 11
[519] = CNOT 11 16
[520] = CNOT 11 19
[521] = S 11
[522] = CNOT 11 19
[523] = CNOT 11 21
[524] = S 11
[525] = CNOT 11 21
[526] = CNOT 11 22
[527] = S 11
[528] = CNOT 11 22
[529] = CNOT 11 23
[530] = S 11
[531] = CNOT 11 23
[532] = CNOT 11 24
[533] = S 11
[534] = CNOT 11 24
[535] = CNOT 11 26
[536] = S 11
[537] = CNOT 11 26
[538] = CNOT 11 30
[539] = S 11
[540] = CNOT 11 30
[541] = CNOT 12 15
[542] = S 12
[543] = CNOT 12 15
[544] = CNOT 12 16
[545] = S 12
[546] = CNOT 12 16
[547] = CNOT 12 19
[548] = S 12
[549] = CNOT 12 19
[550] = CNOT 12 21
[551] = S 12
[552] = CNOT 12 21
[553] = CNOT 12 22
[554] = S 12
[555] = CNOT 12 22
[556] = CNOT 12 23
[557] = S 12
[558] = CNOT 12 23
[559] = CNOT 12 24
[560] = S 12
[561] = CNOT 12 24
[562] = CNOT 12 26
[563] = S 12
[564] = CNOT 12 26
[565] = CNOT 12 30
[566] = S 12
[567] = CNOT 12 30
[568] = CNOT 15 17
[569] = S 15
[570] = CNOT 15 17
[571] = CNOT 15 18
[572] = S 15
[573] = CNOT 15 18
[574] = CNOT 15 19
[575] = S 15
[576] = Z 15
[577] = CNOT 15 19
[578] = CNOT 15 20
[579] = S 15
[580] = CNOT 15 20
[581] = CNOT 15 21
[582] = Z 15
[583] = CNOT 15 21
[584] = CNOT 15 22
[585] = Z 15
[586] = CNOT 15 22
[587] = CNOT 15 23
[588] = Z 15
[589] = CNOT 15 23
[590] = CNOT 15 24
[591] = Z 15
[592] = CNOT 15 24
[593] = CNOT 15 26
[594] = Z 15
[595] = CNOT 15 26
[596] = CNOT 15 30
[597] = Z 15
[598] = CNOT 15 30
[599] = CNOT 16 17
[600] = S 16
[601] = CNOT 16 17
[602] = CNOT 16 18
[603] = S 16
[604] = CNOT 16 18
[605] = CNOT 17 19
[606] = S 17
[607] = CNOT 17 19
[608] = CNOT 17 20
[609] = S 17
[610] = CNOT 17 20
[611] = CNOT 18 19
[612] = S 18
[613] = CNOT 18 19
[614] = CNOT 18 20
[615] = S 18
[616] = CNOT 18 20
[617] = CNOT 19 20
[618] = S 19
[619] = CNOT 19 20
[620] = CNOT 19 21
[621] = Z 19
[622] = CNOT 19 21
[623] = CNOT 19 22
[624] = Z 19
[625] = CNOT 19 22
[626] = CNOT 19 23
[627] = Z 19
[628] = CNOT 19 23
[629] = CNOT 19 24
[630] = Z 19
[631] = CNOT 19 24
[632] = CNOT 19 26
[633] = Z 19
[634] = CNOT 19 26
[635] = CNOT 19 30
[636] = Z 19
[637] = CNOT 19 30
[638] = CNOT 20 21
[639] = S 20
[640] = CNOT 20 21
[641] = CNOT 20 22
[642] = S 20
[643] = CNOT 20 22
[644] = CNOT 20 23
[645] = S 20
[646] = CNOT 20 23
[647] = CNOT 20 24
[648] = S 20
[649] = CNOT 20 24
[650] = CNOT 20 26
[651] = S 20
[652] = CNOT 20 26
[653] = CNOT 20 30
[654] = S 20
[655] = CNOT 20 30
[656] = CNOT 21 22
[657] = Z 21
[658] = CNOT 21 22
[659] = CNOT 21 23
[660] = S 21
[661] = Z 21
[662] = CNOT 21 23
[663] = CNOT 21 24
[664] = S 21
[665] = Z 21
[666] = CNOT 21 24
[667] = CNOT 21 25
[668] = S 21
[669] = CNOT 21 25
[670] = CNOT 21 26
[671] = Z 21
[672] = CNOT 21 26
[673] = CNOT 21 30
[674] = Z 21
[675] = CNOT 21 30
[676] = CNOT 22 26
[677] = S 22
[678] = Z 22
[679] = CNOT 22 26
[680] = CNOT 22 30
[681] = Z 22
[682] = CNOT 22 30
[683] = CNOT 23 24
[684] = S 23
[685] = CNOT 23 24
[686] = CNOT 23 25
[687] = Z 23
[688] = CNOT 23 25
[689] = CNOT 23 30
[690] = S 23
[691] = CNOT 23 30
[692] = CNOT 24 25
[693] = Z 24
[694] = CNOT 24 25
[695] = CNOT 24 30
[696] = S 24
[697] = CNOT 24 30
[698] = CNOT 25 30
[699] = S 25
[700] = Z 25
[701] = CNOT 25 30
[702] = CNOT 26 30
[703] = Z 26
[704] = CNOT 26 30
[705] = CNOT 1 2
[706] = CNOT 1 3
[707] = S 1
[708] = Z 1
[709] = CNOT 1 3
[710] = CNOT 1 4
[711] = S 1
[712] = Z 1
[713] = CNOT 1 4
[714] = CNOT 1 5
[715] = S 1
[716] = Z 1
[717] = CNOT 1 5
[718] = CNOT 1 2
[719] = CNOT 1 3
[720] = CNOT 1 4
[721] = S 1
[722] = Z 1
[723] = CNOT 1 4
[724] = CNOT 1 30
[725] = S 1
[726] = Z 1
[727] = CNOT 1 3
[728] = CNOT 1 4
[729] = S 1
[730] = Z 1
[731] = CNOT 1 4
[732] = CNOT 1 5
[733] = S 1
[734] = Z 1
[735] = CNOT 1 30
[736] = CNOT 1 5
[737] = CNOT 2 3
[738] = CNOT 2 4
[739] = Z 2
[740] = CNOT 2 4
[741] = CNOT 2 5
[742] = S 2
[743] = Z 2
[744] = CNOT 2 5
[745] = CNOT 2 30
[746] = Z 2
[747] = CNOT 2 30
[748] = CNOT 2 3
[749] = CNOT 2 4
[750] = CNOT 2 5
[751] = S 2
[752] = Z 2
[753] = CNOT 2 5
[754] = CNOT 2 30
[755] = Z 2
[756] = CNOT 2 30
[757] = CNOT 2 4
[758] = CNOT 3 4
[759] = CNOT 3 5
[760] = S 3
[761] = Z 3
[762] = CNOT 3 5
[763] = CNOT 3 7
[764] = Z 3
[765] = CNOT 3 7
[766] = CNOT 3 8
[767] = Z 3
[768] = CNOT 3 8
[769] = CNOT 3 9
[770] = S 3
[771] = CNOT 3 9
[772] = CNOT 3 10
[773] = S 3
[774] = CNOT 3 10
[775] = CNOT 3 12
[776] = Z 3
[777] = CNOT 3 12
[778] = CNOT 3 15
[779] = S 3
[780] = Z 3
[781] = CNOT 3 15
[782] = CNOT 3 16
[783] = S 3
[784] = CNOT 3 16
[785] = CNOT 3 17
[786] = S 3
[787] = CNOT 3 17
[788] = CNOT 3 18
[789] = S 3
[790] = CNOT 3 18
[791] = CNOT 3 19
[792] = S 3
[793] = Z 3
[794] = CNOT 3 19
[795] = CNOT 3 20
[796] = Z 3
[797] = CNOT 3 20
[798] = CNOT 3 21
[799] = Z 3
[800] = CNOT 3 21
[801] = CNOT 3 23
[802] = S 3
[803] = Z 3
[804] = CNOT 3 23
[805] = CNOT 3 24
[806] = S 3
[807] = Z 3
[808] = CNOT 3 24
[809] = CNOT 3 25
[810] = Z 3
[811] = CNOT 3 25
[812] = CNOT 3 4
[813] = CNOT 3 5
[814] = CNOT 3 30
[815] = S 3
[816] = Z 3
[817] = CNOT 3 30
[818] = CNOT 3 5
[819] = CNOT 3 6
[820] = CNOT 3 7
[821] = Z 3
[822] = CNOT 3 7
[823] = CNOT 3 8
[824] = Z 3
[825] = CNOT 3 8
[826] = CNOT 3 9
[827] = S 3
[828] = CNOT 3 9
[829] = CNOT 3 10
[830] = S 3
[831] = CNOT 3 10
[832] = CNOT 3 12
[833] = Z 3
[834] = CNOT 3 12
[835] = CNOT 3 15
[836] = S 3
[837] = Z 3
[838] = CNOT 3 15
[839] = CNOT 3 16
[840] = S 3
[841] = CNOT 3 16
[842] = CNOT 3 17
[843] = S 3
[844] = CNOT 3 17
[845] = CNOT 3 18
[846] = S 3
[847] = CNOT 3 18
[848] = CNOT 3 19
[849] = S 3
[850] = Z 3
[851] = CNOT 3 19
[852] = CNOT 3 20
[853] = Z 3
[854] = CNOT 3 20
[855] = CNOT 3 21
[856] = Z 3
[857] = CNOT 3 21
[858] = CNOT 3 23
[859] = S 3
[860] = Z 3
[861] = CNOT 3 23
[862] = CNOT 3 24
[863] = S 3
[864] = Z 3
[865] = CNOT 3 24
[866] = CNOT 3 25
[867] = Z 3
[868] = CNOT 3 25
[869] = CNOT 3 6
[870] = CNOT 3 7
[871] = CNOT 3 9
[872] = S 3
[873] = Z 3
[874] = CNOT 3 9
[875] = CNOT 3 10
[876] = S 3
[877] = Z 3
[878] = CNOT 3 10
[879] = CNOT 3 11
[880] = S 3
[881] = Z 3
[882] = CNOT 3 11
[883] = CNOT 3 15
[884] = Z 3
[885] = CNOT 3 15
[886] = CNOT 3 16
[887] = Z 3
[888] = CNOT 3 16
[889] = CNOT 3 19
[890] = Z 3
[891] = CNOT 3 19
[892] = CNOT 3 21
[893] = Z 3
[894] = CNOT 3 21
[895] = CNOT 3 22
[896] = Z 3
[897] = CNOT 3 22
[898] = CNOT 3 23
[899] = Z 3
[900] = CNOT 3 23
[901] = CNOT 3 24
[902] = Z 3
[903] = CNOT 3 24
[904] = CNOT 3 26
[905] = Z 3
[906] = CNOT 3 26
[907] = CNOT 3 30
[908] = Z 3
[909] = CNOT 3 30
[910] = CNOT 3 7
[911] = CNOT 3 8
[912] = CNOT 3 9
[913] = S 3
[914] = Z 3
[915] = CNOT 3 9
[916] = CNOT 3 10
[917] = S 3
[918] = Z 3
[919] = CNOT 3 10
[920] = CNOT 3 11
[921] = Z 3
[922] = CNOT 3 11
[923] = CNOT 3 12
[924] = S 3
[925] = Z 3
[926] = CNOT 3 12
[927] = CNOT 3 15
[928] = Z 3
[929] = CNOT 3 15
[930] = CNOT 3 16
[931] = Z 3
[932] = CNOT 3 16
[933] = CNOT 3 19
[934] = Z 3
[935] = CNOT 3 19
[936] = CNOT 3 21
[937] = Z 3
[938] = CNOT 3 21
[939] = CNOT 3 22
[940] = Z 3
[941] = CNOT 3 22
[942] = CNOT 3 23
[943] = Z 3
[944] = CNOT 3 23
[945] = CNOT 3 24
[946] = Z 3
[947] = CNOT 3 24
[948] = CNOT 3 26
[949] = Z 3
[950] = CNOT 3 26
[951] = CNOT 3 30
[952] = Z 3
[953] = CNOT 3 30
[954] = CNOT 3 8
[955] = CNOT 3 9
[956] = CNOT 3 10
[957] = S 3
[958] = CNOT 3 10
[959] = CNOT 3 11
[960] = Z 3
[961] = CNOT 3 11
[962] = CNOT 3 12
[963] = S 3
[964] = Z 3
[965] = CNOT 3 12
[966] = CNOT 3 15
[967] = S 3
[968] = CNOT 3 15
[969] = CNOT 3 16
[970] = S 3
[971] = CNOT 3 16
[972] = CNOT 3 19
[973] = S 3
[974] = CNOT 3 19
[975] = CNOT 3 21
[976] = S 3
[977] = CNOT 3 21
[978] = CNOT 3 22
[979] = S 3
[980] = CNOT 3 22
[981] = CNOT 3 23
[982] = S 3
[983] = CNOT 3 23
[984] = CNOT 3 24
[985] = S 3
[986] = CNOT 3 24
[987] = CNOT 3 26
[988] = S 3
[989] = CNOT 3 26
[990] = CNOT 3 30
[991] = S 3
[992] = CNOT 3 30
[993] = CNOT 3 9
[994] = CNOT 3 10
[995] = CNOT 3 11
[996] = Z 3
[997] = CNOT 3 11
[998] = CNOT 3 12
[999] = S 3
[1000] = Z 3
[1001] = CNOT 3 12
[1002] = CNOT 3 15
[1003] = S 3
[1004] = CNOT 3 15
[1005] = CNOT 3 16
[1006] = S 3
[1007] = CNOT 3 16
[1008] = CNOT 3 19
[1009] = S 3
[1010] = CNOT 3 19
[1011] = CNOT 3 21
[1012] = S 3
[1013] = CNOT 3 21
[1014] = CNOT 3 22
[1015] = S 3
[1016] = CNOT 3 22
[1017] = CNOT 3 23
[1018] = S 3
[1019] = CNOT 3 23
[1020] = CNOT 3 24
[1021] = S 3
[1022] = CNOT 3 24
[1023] = CNOT 3 26
[1024] = S 3
[1025] = CNOT 3 26
[1026] = CNOT 3 30
[1027] = S 3
[1028] = CNOT 3 30
[1029] = CNOT 3 10
[1030] = CNOT 3 11
[1031] = CNOT 3 12
[1032] = Z 3
[1033] = CNOT 3 11
[1034] = CNOT 3 15
[1035] = Z 3
[1036] = CNOT 3 15
[1037] = CNOT 3 16
[1038] = Z 3
[1039] = CNOT 3 16
[1040] = CNOT 3 19
[1041] = Z 3
[1042] = CNOT 3 19
[1043] = CNOT 3 21
[1044] = Z 3
[1045] = CNOT 3 21
[1046] = CNOT 3 22
[1047] = Z 3
[1048] = CNOT 3 22
[1049] = CNOT 3 23
[1050] = Z 3
[1051] = CNOT 3 23
[1052] = CNOT 3 24
[1053] = Z 3
[1054] = CNOT 3 24
[1055] = CNOT 3 26
[1056] = Z 3
[1057] = CNOT 3 26
[1058] = CNOT 3 30
[1059] = Z 3
[1060] = CNOT 3 30
[1061] = CNOT 3 12
[1062] = CNOT 3 15
[1063] = CNOT 3 16
[1064] = S 3
[1065] = CNOT 3 16
[1066] = CNOT 3 17
[1067] = Z 3
[1068] = CNOT 3 17
[1069] = CNOT 3 18
[1070] = Z 3
[1071] = CNOT 3 18
[1072] = CNOT 3 20
[1073] = Z 3
[1074] = CNOT 3 20
[1075] = CNOT 3 21
[1076] = S 3
[1077] = Z 3
[1078] = CNOT 3 21
[1079] = CNOT 3 22
[1080] = S 3
[1081] = Z 3
[1082] = CNOT 3 22
[1083] = CNOT 3 23
[1084] = S 3
[1085] = Z 3
[1086] = CNOT 3 23
[1087] = CNOT 3 24
[1088] = S 3
[1089] = Z 3
[1090] = CNOT 3 24
[1091] = CNOT 3 26
[1092] = S 3
[1093] = Z 3
[1094] = CNOT 3 26
[1095] = CNOT 3 30
[1096] = S 3
[1097] = Z 3
[1098] = CNOT 3 30
[1099] = CNOT 3 15
[1100] = CNOT 3 16
[1101] = CNOT 3 17
[1102] = S 3
[1103] = Z 3
[1104] = CNOT 3 17
[1105] = CNOT 3 18
[1106] = S 3
[1107] = Z 3
[1108] = CNOT 3 18
[1109] = CNOT 3 19
[1110] = S 3
[1111] = CNOT 3 19
[1112] = CNOT 3 20
[1113] = S 3
[1114] = Z 3
[1115] = CNOT 3 20
[1116] = CNOT 3 21
[1117] = S 3
[1118] = CNOT 3 21
[1119] = CNOT 3 22
[1120] = S 3
[1121] = CNOT 3 22
[1122] = CNOT 3 23
[1123] = S 3
[1124] = CNOT 3 23
[1125] = CNOT 3 24
[1126] = S 3
[1127] = CNOT 3 24
[1128] = CNOT 3 26
[1129] = S 3
[1130] = CNOT 3 26
[1131] = CNOT 3 30
[1132] = S 3
[1133] = CNOT 3 30
[1134] = CNOT 3 16
[1135] = CNOT 3 17
[1136] = CNOT 3 18
[1137] = S 3
[1138] = CNOT 3 18
[1139] = CNOT 3 19
[1140] = Z 3
[1141] = CNOT 3 19
[1142] = CNOT 3 20
[1143] = S 3
[1144] = Z 3
[1145] = CNOT 3 20
[1146] = CNOT 3 21
[1147] = S 3
[1148] = CNOT 3 21
[1149] = CNOT 3 22
[1150] = S 3
[1151] = CNOT 3 22
[1152] = CNOT 3 23
[1153] = S 3
[1154] = CNOT 3 23
[1155] = CNOT 3 24
[1156] = S 3
[1157] = CNOT 3 24
[1158] = CNOT 3 26
[1159] = S 3
[1160] = CNOT 3 26
[1161] = CNOT 3 30
[1162] = S 3
[1163] = CNOT 3 30
[1164] = CNOT 3 17
[1165] = CNOT 3 18
[1166] = CNOT 3 19
[1167] = Z 3
[1168] = CNOT 3 19
[1169] = CNOT 3 20
[1170] = S 3
[1171] = Z 3
[1172] = CNOT 3 20
[1173] = CNOT 3 21
[1174] = S 3
[1175] = CNOT 3 21
[1176] = CNOT 3 22
[1177] = S 3
[1178] = CNOT 3 22
[1179] = CNOT 3 23
[1180] = S 3
[1181] = CNOT 3 23
[1182] = CNOT 3 24
[1183] = S 3
[1184] = CNOT 3 24
[1185] = CNOT 3 26
[1186] = S 3
[1187] = CNOT 3 26
[1188] = CNOT 3 30
[1189] = S 3
[1190] = CNOT 3 30
[1191] = CNOT 3 18
[1192] = CNOT 3 19
[1193] = CNOT 3 20
[1194] = Z 3
[1195] = CNOT 3 20
[1196] = CNOT 3 21
[1197] = S 3
[1198] = Z 3
[1199] = CNOT 3 21
[1200] = CNOT 3 22
[1201] = S 3
[1202] = Z 3
[1203] = CNOT 3 22
[1204] = CNOT 3 23
[1205] = S 3
[1206] = Z 3
[1207] = CNOT 3 23
[1208] = CNOT 3 24
[1209] = S 3
[1210] = Z 3
[1211] = CNOT 3 24
[1212] = CNOT 3 26
[1213] = S 3
[1214] = Z 3
[1215] = CNOT 3 26
[1216] = CNOT 3 30
[1217] = S 3
[1218] = Z 3
[1219] = CNOT 3 30
[1220] = CNOT 3 19
[1221] = CNOT 3 20
[1222] = CNOT 3 21
[1223] = Z 3
[1224] = CNOT 3 21
[1225] = CNOT 3 22
[1226] = Z 3
[1227] = CNOT 3 22
[1228] = CNOT 3 23
[1229] = Z 3
[1230] = CNOT 3 23
[1231] = CNOT 3 24
[1232] = Z 3
[1233] = CNOT 3 24
[1234] = CNOT 3 26
[1235] = Z 3
[1236] = CNOT 3 26
[1237] = CNOT 3 30
[1238] = Z 3
[1239] = CNOT 3 30
[1240] = CNOT 3 20
[1241] = CNOT 3 21
[1242] = CNOT 3 25
[1243] = S 3
[1244] = Z 3
[1245] = CNOT 3 25
[1246] = CNOT 3 30
[1247] = Z 3
[1248] = CNOT 3 30
[1249] = CNOT 3 21
[1250] = CNOT 3 22
[1251] = CNOT 3 23
[1252] = S 3
[1253] = CNOT 3 23
[1254] = CNOT 3 24
[1255] = S 3
[1256] = CNOT 3 24
[1257] = CNOT 3 26
[1258] = S 3
[1259] = CNOT 3 26
[1260] = CNOT 3 22
[1261] = CNOT 3 23
[1262] = CNOT 3 24
[1263] = S 3
[1264] = Z 3
[1265] = CNOT 3 24
[1266] = CNOT 3 25
[1267] = S 3
[1268] = Z 3
[1269] = CNOT 3 25
[1270] = CNOT 3 26
[1271] = S 3
[1272] = CNOT 3 26
[1273] = CNOT 3 30
[1274] = S 3
[1275] = Z 3
[1276] = CNOT 3 30
[1277] = CNOT 3 23
[1278] = CNOT 3 24
[1279] = CNOT 3 25
[1280] = S 3
[1281] = Z 3
[1282] = CNOT 3 25
[1283] = CNOT 3 26
[1284] = S 3
[1285] = CNOT 3 26
[1286] = CNOT 3 30
[1287] = S 3
[1288] = Z 3
[1289] = CNOT 3 24
[1290] = CNOT 3 25
[1291] = Z 3
[1292] = CNOT 3 30
[1293] = CNOT 3 25
[1294] = CNOT 4 5
[1295] = CNOT 4 30
[1296] = S 4
[1297] = Z 4
[1298] = CNOT 4 30
[1299] = CNOT 4 5
[1300] = CNOT 4 6
[1301] = CNOT 4 7
[1302] = Z 4
[1303] = CNOT 4 7
[1304] = CNOT 4 8
[1305] = Z 4
[1306] = CNOT 4 8
[1307] = CNOT 4 9
[1308] = S 4
[1309] = CNOT 4 9
[1310] = CNOT 4 10
[1311] = S 4
[1312] = CNOT 4 10
[1313] = CNOT 4 12
[1314] = Z 4
[1315] = CNOT 4 12
[1316] = CNOT 4 15
[1317] = S 4
[1318] = Z 4
[1319] = CNOT 4 15
[1320] = CNOT 4 16
[1321] = S 4
[1322] = CNOT 4 16
[1323] = CNOT 4 17
[1324] = S 4
[1325] = CNOT 4 17
[1326] = CNOT 4 18
[1327] = S 4
[1328] = CNOT 4 18
[1329] = CNOT 4 19
[1330] = S 4
[1331] = Z 4
[1332] = CNOT 4 19
[1333] = CNOT 4 20
[1334] = Z 4
[1335] = CNOT 4 20
[1336] = CNOT 4 21
[1337] = Z 4
[1338] = CNOT 4 21
[1339] = CNOT 4 23
[1340] = S 4
[1341] = Z 4
[1342] = CNOT 4 23
[1343] = CNOT 4 24
[1344] = S 4
[1345] = Z 4
[1346] = CNOT 4 24
[1347] = CNOT 4 25
[1348] = Z 4
[1349] = CNOT 4 25
[1350] = CNOT 4 6
[1351] = CNOT 4 7
[1352] = CNOT 4 9
[1353] = S 4
[1354] = Z 4
[1355] = CNOT 4 9
[1356] = CNOT 4 10
[1357] = S 4
[1358] = Z 4
[1359] = CNOT 4 10
[1360] = CNOT 4 11
[1361] = S 4
[1362] = Z 4
[1363] = CNOT 4 11
[1364] = CNOT 4 15
[1365] = Z 4
[1366] = CNOT 4 15
[1367] = CNOT 4 16
[1368] = Z 4
[1369] = CNOT 4 16
[1370] = CNOT 4 19
[1371] = Z 4
[1372] = CNOT 4 19
[1373] = CNOT 4 21
[1374] = Z 4
[1375] = CNOT 4 21
[1376] = CNOT 4 22
[1377] = Z 4
[1378] = CNOT 4 22
[1379] = CNOT 4 23
[1380] = Z 4
[1381] = CNOT 4 23
[1382] = CNOT 4 24
[1383] = Z 4
[1384] = CNOT 4 24
[1385] = CNOT 4 26
[1386] = Z 4
[1387] = CNOT 4 26
[1388] = CNOT 4 30
[1389] = Z 4
[1390] = CNOT 4 30
[1391] = CNOT 4 7
[1392] = CNOT 4 8
[1393] = CNOT 4 9
[1394] = S 4
[1395] = Z 4
[1396] = CNOT 4 9
[1397] = CNOT 4 10
[1398] = S 4
[1399] = Z 4
[1400] = CNOT 4 10
[1401] = CNOT 4 11
[1402] = Z 4
[1403] = CNOT 4 11
[1404] = CNOT 4 12
[1405] = S 4
[1406] = Z 4
[1407] = CNOT 4 12
[1408] = CNOT 4 15
[1409] = Z 4
[1410] = CNOT 4 15
[1411] = CNOT 4 16
[1412] = Z 4
[1413] = CNOT 4 16
[1414] = CNOT 4 19
[1415] = Z 4
[1416] = CNOT 4 19
[1417] = CNOT 4 21
[1418] = Z 4
[1419] = CNOT 4 21
[1420] = CNOT 4 22
[1421] = Z 4
[1422] = CNOT 4 22
[1423] = CNOT 4 23
[1424] = Z 4
[1425] = CNOT 4 23
[1426] = CNOT 4 24
[1427] = Z 4
[1428] = CNOT 4 24
[1429] = CNOT 4 26
[1430] = Z 4
[1431] = CNOT 4 26
[1432] = CNOT 4 30
[1433] = Z 4
[1434] = CNOT 4 30
[1435] = CNOT 4 8
[1436] = CNOT 4 9
[1437] = CNOT 4 10
[1438] = S 4
[1439] = CNOT 4 10
[1440] = CNOT 4 11
[1441] = Z 4
[1442] = CNOT 4 11
[1443] = CNOT 4 12
[1444] = S 4
[1445] = Z 4
[1446] = CNOT 4 12
[1447] = CNOT 4 15
[1448] = S 4
[1449] = CNOT 4 15
[1450] = CNOT 4 16
[1451] = S 4
[1452] = CNOT 4 16
[1453] = CNOT 4 19
[1454] = S 4
[1455] = CNOT 4 19
[1456] = CNOT 4 21
[1457] = S 4
[1458] = CNOT 4 21
[1459] = CNOT 4 22
[1460] = S 4
[1461] = CNOT 4 22
[1462] = CNOT 4 23
[1463] = S 4
[1464] = CNOT 4 23
[1465] = CNOT 4 24
[1466] = S 4
[1467] = CNOT 4 24
[1468] = CNOT 4 26
[1469] = S 4
[1470] = CNOT 4 26
[1471] = CNOT 4 30
[1472] = S 4
[1473] = CNOT 4 30
[1474] = CNOT 4 9
[1475] = CNOT 4 10
[1476] = CNOT 4 11
[1477] = Z 4
[1478] = CNOT 4 11
[1479] = CNOT 4 12
[1480] = S 4
[1481] = Z 4
[1482] = CNOT 4 12
[1483] = CNOT 4 15
[1484] = S 4
[1485] = CNOT 4 15
[1486] = CNOT 4 16
[1487] = S 4
[1488] = CNOT 4 16
[1489] = CNOT 4 19
[1490] = S 4
[1491] = CNOT 4 19
[1492] = CNOT 4 21
[1493] = S 4
[1494] = CNOT 4 21
[1495] = CNOT 4 22
[1496] = S 4
[1497] = CNOT 4 22
[1498] = CNOT 4 23
[1499] = S 4
[1500] = CNOT 4 23
[1501] = CNOT 4 24
[1502] = S 4
[1503] = CNOT 4 24
[1504] = CNOT 4 26
[1505] = S 4
[1506] = CNOT 4 26
[1507] = CNOT 4 30
[1508] = S 4
[1509] = CNOT 4 30
[1510] = CNOT 4 10
[1511] = CNOT 4 11
[1512] = CNOT 4 12
[1513] = Z 4
[1514] = CNOT 4 11
[1515] = CNOT 4 15
[1516] = Z 4
[1517] = CNOT 4 15
[1518] = CNOT 4 16
[1519] = Z 4
[1520] = CNOT 4 16
[1521] = CNOT 4 19
[1522] = Z 4
[1523] = CNOT 4 19
[1524] = CNOT 4 21
[1525] = Z 4
[1526] = CNOT 4 21
[1527] = CNOT 4 22
[1528] = Z 4
[1529] = CNOT 4 22
[1530] = CNOT 4 23
[1531] = Z 4
[1532] = CNOT 4 23
[1533] = CNOT 4 24
[1534] = Z 4
[1535] = CNOT 4 24
[1536] = CNOT 4 26
[1537] = Z 4
[1538] = CNOT 4 26
[1539] = CNOT 4 30
[1540] = Z 4
[1541] = CNOT 4 30
[1542] = CNOT 4 12
[1543] = CNOT 4 15
[1544] = CNOT 4 16
[1545] = S 4
[1546] = CNOT 4 16
[1547] = CNOT 4 17
[1548] = Z 4
[1549] = CNOT 4 17
[1550] = CNOT 4 18
[1551] = Z 4
[1552] = CNOT 4 18
[1553] = CNOT 4 20
[1554] = Z 4
[1555] = CNOT 4 20
[1556] = CNOT 4 21
[1557] = S 4
[1558] = Z 4
[1559] = CNOT 4 21
[1560] = CNOT 4 22
[1561] = S 4
[1562] = Z 4
[1563] = CNOT 4 22
[1564] = CNOT 4 23
[1565] = S 4
[1566] = Z 4
[1567] = CNOT 4 23
[1568] = CNOT 4 24
[1569] = S 4
[1570] = Z 4
[1571] = CNOT 4 24
[1572] = CNOT 4 26
[1573] = S 4
[1574] = Z 4
[1575] = CNOT 4 26
[1576] = CNOT 4 30
[1577] = S 4
[1578] = Z 4
[1579] = CNOT 4 30
[1580] = CNOT 4 15
[1581] = CNOT 4 16
[1582] = CNOT 4 17
[1583] = S 4
[1584] = Z 4
[1585] = CNOT 4 17
[1586] = CNOT 4 18
[1587] = S 4
[1588] = Z 4
[1589] = CNOT 4 18
[1590] = CNOT 4 19
[1591] = S 4
[1592] = CNOT 4 19
[1593] = CNOT 4 20
[1594] = S 4
[1595] = Z 4
[1596] = CNOT 4 20
[1597] = CNOT 4 21
[1598] = S 4
[1599] = CNOT 4 21
[1600] = CNOT 4 22
[1601] = S 4
[1602] = CNOT 4 22
[1603] = CNOT 4 23
[1604] = S 4
[1605] = CNOT 4 23
[1606] = CNOT 4 24
[1607] = S 4
[1608] = CNOT 4 24
[1609] = CNOT 4 26
[1610] = S 4
[1611] = CNOT 4 26
[1612] = CNOT 4 30
[1613] = S 4
[1614] = CNOT 4 30
[1615] = CNOT 4 16
[1616] = CNOT 4 17
[1617] = CNOT 4 18
[1618] = S 4
[1619] = CNOT 4 18
[1620] = CNOT 4 19
[1621] = Z 4
[1622] = CNOT 4 19
[1623] = CNOT 4 20
[1624] = S 4
[1625] = Z 4
[1626] = CNOT 4 20
[1627] = CNOT 4 21
[1628] = S 4
[1629] = CNOT 4 21
[1630] = CNOT 4 22
[1631] = S 4
[1632] = CNOT 4 22
[1633] = CNOT 4 23
[1634] = S 4
[1635] = CNOT 4 23
[1636] = CNOT 4 24
[1637] = S 4
[1638] = CNOT 4 24
[1639] = CNOT 4 26
[1640] = S 4
[1641] = CNOT 4 26
[1642] = CNOT 4 30
[1643] = S 4
[1644] = CNOT 4 30
[1645] = CNOT 4 17
[1646] = CNOT 4 18
[1647] = CNOT 4 19
[1648] = Z 4
[1649] = CNOT 4 19
[1650] = CNOT 4 20
[1651] = S 4
[1652] = Z 4
[1653] = CNOT 4 20
[1654] = CNOT 4 21
[1655] = S 4
[1656] = CNOT 4 21
[1657] = CNOT 4 22
[1658] = S 4
[1659] = CNOT 4 22
[1660] = CNOT 4 23
[1661] = S 4
[1662] = CNOT 4 23
[1663] = CNOT 4 24
[1664] = S 4
[1665] = CNOT 4 24
[1666] = CNOT 4 26
[1667] = S 4
[1668] = CNOT 4 26
[1669] = CNOT 4 30
[1670] = S 4
[1671] = CNOT 4 30
[1672] = CNOT 4 18
[1673] = CNOT 4 19
[1674] = CNOT 4 20
[1675] = Z 4
[1676] = CNOT 4 20
[1677] = CNOT 4 21
[1678] = S 4
[1679] = Z 4
[1680] = CNOT 4 21
[1681] = CNOT 4 22
[1682] = S 4
[1683] = Z 4
[1684] = CNOT 4 22
[1685] = CNOT 4 23
[1686] = S 4
[1687] = Z 4
[1688] = CNOT 4 23
[1689] = CNOT 4 24
[1690] = S 4
[1691] = Z 4
[1692] = CNOT 4 24
[1693] = CNOT 4 26
[1694] = S 4
[1695] = Z 4
[1696] = CNOT 4 26
[1697] = CNOT 4 30
[1698] = S 4
[1699] = Z 4
[1700] = CNOT 4 30
[1701] = CNOT 4 19
[1702] = CNOT 4 20
[1703] = CNOT 4 21
[1704] = Z 4
[1705] = CNOT 4 21
[1706] = CNOT 4 22
[1707] = Z 4
[1708] = CNOT 4 22
[1709] = CNOT 4 23
[1710] = Z 4
[1711] = CNOT 4 23
[1712] = CNOT 4 24
[1713] = Z 4
[1714] = CNOT 4 24
[1715] = CNOT 4 26
[1716] = Z 4
[1717] = CNOT 4 26
[1718] = CNOT 4 30
[1719] = Z 4
[1720] = CNOT 4 30
[1721] = CNOT 4 20
[1722] = CNOT 4 21
[1723] = CNOT 4 25
[1724] = S 4
[1725] = Z 4
[1726] = CNOT 4 25
[1727] = CNOT 4 30
[1728] = Z 4
[1729] = CNOT 4 30
[1730] = CNOT 4 21
[1731] = CNOT 4 22
[1732] = CNOT 4 23
[1733] = S 4
[1734] = CNOT 4 23
[1735] = CNOT 4 24
[1736] = S 4
[1737] = CNOT 4 24
[1738] = CNOT 4 26
[1739] = S 4
[1740] = CNOT 4 26
[1741] = CNOT 4 22
[1742] = CNOT 4 23
[1743] = CNOT 4 24
[1744] = S 4
[1745] = Z 4
[1746] = CNOT 4 24
[1747] = CNOT 4 25
[1748] = S 4
[1749] = Z 4
[1750] = CNOT 4 25
[1751] = CNOT 4 26
[1752] = S 4
[1753] = CNOT 4 26
[1754] = CNOT 4 30
[1755] = S 4
[1756] = Z 4
[1757] = CNOT 4 30
[1758] = CNOT 4 23
[1759] = CNOT 4 24
[1760] = CNOT 4 25
[1761] = S 4
[1762] = Z 4
[1763] = CNOT 4 25
[1764] = CNOT 4 26
[1765] = S 4
[1766] = CNOT 4 26
[1767] = CNOT 4 30
[1768] = S 4
[1769] = Z 4
[1770] = CNOT 4 24
[1771] = CNOT 4 25
[1772] = Z 4
[1773] = CNOT 4 30
[1774] = CNOT 4 25
[1775] = CNOT 6 7
[1776] = CNOT 6 9
[1777] = S 6
[1778] = Z 6
[1779] = CNOT 6 9
[1780] = CNOT 6 10
[1781] = S 6
[1782] = Z 6
[1783] = CNOT 6 10
[1784] = CNOT 6 11
[1785] = S 6
[1786] = Z 6
[1787] = CNOT 6 11
[1788] = CNOT 6 15
[1789] = Z 6
[1790] = CNOT 6 15
[1791] = CNOT 6 16
[1792] = Z 6
[1793] = CNOT 6 16
[1794] = CNOT 6 19
[1795] = Z 6
[1796] = CNOT 6 19
[1797] = CNOT 6 21
[1798] = Z 6
[1799] = CNOT 6 21
[1800] = CNOT 6 22
[1801] = Z 6
[1802] = CNOT 6 22
[1803] = CNOT 6 23
[1804] = Z 6
[1805] = CNOT 6 23
[1806] = CNOT 6 24
[1807] = Z 6
[1808] = CNOT 6 24
[1809] = CNOT 6 26
[1810] = Z 6
[1811] = CNOT 6 26
[1812] = CNOT 6 30
[1813] = Z 6
[1814] = CNOT 6 30
[1815] = CNOT 6 7
[1816] = CNOT 6 8
[1817] = CNOT 6 9
[1818] = S 6
[1819] = Z 6
[1820] = CNOT 6 9
[1821] = CNOT 6 10
[1822] = S 6
[1823] = Z 6
[1824] = CNOT 6 10
[1825] = CNOT 6 11
[1826] = Z 6
[1827] = CNOT 6 11
[1828] = CNOT 6 12
[1829] = S 6
[1830] = Z 6
[1831] = CNOT 6 12
[1832] = CNOT 6 15
[1833] = Z 6
[1834] = CNOT 6 15
[1835] = CNOT 6 16
[1836] = Z 6
[1837] = CNOT 6 16
[1838] = CNOT 6 19
[1839] = Z 6
[1840] = CNOT 6 19
[1841] = CNOT 6 21
[1842] = Z 6
[1843] = CNOT 6 21
[1844] = CNOT 6 22
[1845] = Z 6
[1846] = CNOT 6 22
[1847] = CNOT 6 23
[1848] = Z 6
[1849] = CNOT 6 23
[1850] = CNOT 6 24
[1851] = Z 6
[1852] = CNOT 6 24
[1853] = CNOT 6 26
[1854] = Z 6
[1855] = CNOT 6 26
[1856] = CNOT 6 30
[1857] = Z 6
[1858] = CNOT 6 30
[1859] = CNOT 6 8
[1860] = CNOT 6 9
[1861] = CNOT 6 10
[1862] = S 6
[1863] = CNOT 6 10
[1864] = CNOT 6 11
[1865] = Z 6
[1866] = CNOT 6 11
[1867] = CNOT 6 12
[1868] = S 6
[1869] = Z 6
[1870] = CNOT 6 12
[1871] = CNOT 6 15
[1872] = S 6
[1873] = CNOT 6 15
[1874] = CNOT 6 16
[1875] = S 6
[1876] = CNOT 6 16
[1877] = CNOT 6 19
[1878] = S 6
[1879] = CNOT 6 19
[1880] = CNOT 6 21
[1881] = S 6
[1882] = CNOT 6 21
[1883] = CNOT 6 22
[1884] = S 6
[1885] = CNOT 6 22
[1886] = CNOT 6 23
[1887] = S 6
[1888] = CNOT 6 23
[1889] = CNOT 6 24
[1890] = S 6
[1891] = CNOT 6 24
[1892] = CNOT 6 26
[1893] = S 6
[1894] = CNOT 6 26
[1895] = CNOT 6 30
[1896] = S 6
[1897] = CNOT 6 30
[1898] = CNOT 6 9
[1899] = CNOT 6 10
[1900] = CNOT 6 11
[1901] = Z 6
[1902] = CNOT 6 11
[1903] = CNOT 6 12
[1904] = S 6
[1905] = Z 6
[1906] = CNOT 6 12
[1907] = CNOT 6 15
[1908] = S 6
[1909] = CNOT 6 15
[1910] = CNOT 6 16
[1911] = S 6
[1912] = CNOT 6 16
[1913] = CNOT 6 19
[1914] = S 6
[1915] = CNOT 6 19
[1916] = CNOT 6 21
[1917] = S 6
[1918] = CNOT 6 21
[1919] = CNOT 6 22
[1920] = S 6
[1921] = CNOT 6 22
[1922] = CNOT 6 23
[1923] = S 6
[1924] = CNOT 6 23
[1925] = CNOT 6 24
[1926] = S 6
[1927] = CNOT 6 24
[1928] = CNOT 6 26
[1929] = S 6
[1930] = CNOT 6 26
[1931] = CNOT 6 30
[1932] = S 6
[1933] = CNOT 6 30
[1934] = CNOT 6 10
[1935] = CNOT 6 11
[1936] = CNOT 6 12
[1937] = Z 6
[1938] = CNOT 6 11
[1939] = CNOT 6 15
[1940] = Z 6
[1941] = CNOT 6 15
[1942] = CNOT 6 16
[1943] = Z 6
[1944] = CNOT 6 16
[1945] = CNOT 6 19
[1946] = Z 6
[1947] = CNOT 6 19
[1948] = CNOT 6 21
[1949] = Z 6
[1950] = CNOT 6 21
[1951] = CNOT 6 22
[1952] = Z 6
[1953] = CNOT 6 22
[1954] = CNOT 6 23
[1955] = Z 6
[1956] = CNOT 6 23
[1957] = CNOT 6 24
[1958] = Z 6
[1959] = CNOT 6 24
[1960] = CNOT 6 26
[1961] = Z 6
[1962] = CNOT 6 26
[1963] = CNOT 6 30
[1964] = Z 6
[1965] = CNOT 6 30
[1966] = CNOT 6 12
[1967] = CNOT 6 15
[1968] = CNOT 6 16
[1969] = S 6
[1970] = CNOT 6 16
[1971] = CNOT 6 17
[1972] = Z 6
[1973] = CNOT 6 17
[1974] = CNOT 6 18
[1975] = Z 6
[1976] = CNOT 6 18
[1977] = CNOT 6 20
[1978] = Z 6
[1979] = CNOT 6 20
[1980] = CNOT 6 21
[1981] = S 6
[1982] = Z 6
[1983] = CNOT 6 21
[1984] = CNOT 6 22
[1985] = S 6
[1986] = Z 6
[1987] = CNOT 6 22
[1988] = CNOT 6 23
[1989] = S 6
[1990] = Z 6
[1991] = CNOT 6 23
[1992] = CNOT 6 24
[1993] = S 6
[1994] = Z 6
[1995] = CNOT 6 24
[1996] = CNOT 6 26
[1997] = S 6
[1998] = Z 6
[1999] = CNOT 6 26
[2000] = CNOT 6 30
[2001] = S 6
[2002] = Z 6
[2003] = CNOT 6 30
[2004] = CNOT 6 15
[2005] = CNOT 6 16
[2006] = CNOT 6 17
[2007] = S 6
[2008] = Z 6
[2009] = CNOT 6 17
[2010] = CNOT 6 18
[2011] = S 6
[2012] = Z 6
[2013] = CNOT 6 18
[2014] = CNOT 6 19
[2015] = S 6
[2016] = CNOT 6 19
[2017] = CNOT 6 20
[2018] = S 6
[2019] = Z 6
[2020] = CNOT 6 20
[2021] = CNOT 6 21
[2022] = S 6
[2023] = CNOT 6 21
[2024] = CNOT 6 22
[2025] = S 6
[2026] = CNOT 6 22
[2027] = CNOT 6 23
[2028] = S 6
[2029] = CNOT 6 23
[2030] = CNOT 6 24
[2031] = S 6
[2032] = CNOT 6 24
[2033] = CNOT 6 26
[2034] = S 6
[2035] = CNOT 6 26
[2036] = CNOT 6 30
[2037] = S 6
[2038] = CNOT 6 30
[2039] = CNOT 6 16
[2040] = CNOT 6 17
[2041] = CNOT 6 18
[2042] = S 6
[2043] = CNOT 6 18
[2044] = CNOT 6 19
[2045] = Z 6
[2046] = CNOT 6 19
[2047] = CNOT 6 20
[2048] = S 6
[2049] = Z 6
[2050] = CNOT 6 20
[2051] = CNOT 6 21
[2052] = S 6
[2053] = CNOT 6 21
[2054] = CNOT 6 22
[2055] = S 6
[2056] = CNOT 6 22
[2057] = CNOT 6 23
[2058] = S 6
[2059] = CNOT 6 23
[2060] = CNOT 6 24
[2061] = S 6
[2062] = CNOT 6 24
[2063] = CNOT 6 26
[2064] = S 6
[2065] = CNOT 6 26
[2066] = CNOT 6 30
[2067] = S 6
[2068] = CNOT 6 30
[2069] = CNOT 6 17
[2070] = CNOT 6 18
[2071] = CNOT 6 19
[2072] = Z 6
[2073] = CNOT 6 19
[2074] = CNOT 6 20
[2075] = S 6
[2076] = Z 6
[2077] = CNOT 6 20
[2078] = CNOT 6 21
[2079] = S 6
[2080] = CNOT 6 21
[2081] = CNOT 6 22
[2082] = S 6
[2083] = CNOT 6 22
[2084] = CNOT 6 23
[2085] = S 6
[2086] = CNOT 6 23
[2087] = CNOT 6 24
[2088] = S 6
[2089] = CNOT 6 24
[2090] = CNOT 6 26
[2091] = S 6
[2092] = CNOT 6 26
[2093] = CNOT 6 30
[2094] = S 6
[2095] = CNOT 6 30
[2096] = CNOT 6 18
[2097] = CNOT 6 19
[2098] = CNOT 6 20
[2099] = Z 6
[2100] = CNOT 6 20
[2101] = CNOT 6 21
[2102] = S 6
[2103] = Z 6
[2104] = CNOT 6 21
[2105] = CNOT 6 22
[2106] = S 6
[2107] = Z 6
[2108] = CNOT 6 22
[2109] = CNOT 6 23
[2110] = S 6
[2111] = Z 6
[2112] = CNOT 6 23
[2113] = CNOT 6 24
[2114] = S 6
[2115] = Z 6
[2116] = CNOT 6 24
[2117] = CNOT 6 26
[2118] = S 6
[2119] = Z 6
[2120] = CNOT 6 26
[2121] = CNOT 6 30
[2122] = S 6
[2123] = Z 6
[2124] = CNOT 6 30
[2125] = CNOT 6 19
[2126] = CNOT 6 20
[2127] = CNOT 6 21
[2128] = Z 6
[2129] = CNOT 6 21
[2130] = CNOT 6 22
[2131] = Z 6
[2132] = CNOT 6 22
[2133] = CNOT 6 23
[2134] = Z 6
[2135] = CNOT 6 23
[2136] = CNOT 6 24
[2137] = Z 6
[2138] = CNOT 6 24
[2139] = CNOT 6 26
[2140] = Z 6
[2141] = CNOT 6 26
[2142] = CNOT 6 30
[2143] = Z 6
[2144] = CNOT 6 30
[2145] = CNOT 6 20
[2146] = CNOT 6 21
[2147] = CNOT 6 25
[2148] = S 6
[2149] = Z 6
[2150] = CNOT 6 25
[2151] = CNOT 6 30
[2152] = Z 6
[2153] = CNOT 6 30
[2154] = CNOT 6 21
[2155] = CNOT 6 22
[2156] = CNOT 6 23
[2157] = S 6
[2158] = CNOT 6 23
[2159] = CNOT 6 24
[2160] = S 6
[2161] = CNOT 6 24
[2162] = CNOT 6 26
[2163] = S 6
[2164] = CNOT 6 26
[2165] = CNOT 6 22
[2166] = CNOT 6 23
[2167] = CNOT 6 24
[2168] = S 6
[2169] = Z 6
[2170] = CNOT 6 24
[2171] = CNOT 6 25
[2172] = S 6
[2173] = Z 6
[2174] = CNOT 6 25
[2175] = CNOT 6 26
[2176] = S 6
[2177] = CNOT 6 26
[2178] = CNOT 6 30
[2179] = S 6
[2180] = Z 6
[2181] = CNOT 6 30
[2182] = CNOT 6 23
[2183] = CNOT 6 24
[2184] = CNOT 6 25
[2185] = S 6
[2186] = Z 6
[2187] = CNOT 6 25
[2188] = CNOT 6 26
[2189] = S 6
[2190] = CNOT 6 26
[2191] = CNOT 6 30
[2192] = S 6
[2193] = Z 6
[2194] = CNOT 6 24
[2195] = CNOT 6 25
[2196] = Z 6
[2197] = CNOT 6 30
[2198] = CNOT 6 25
[2199] = CNOT 7 9
[2200] = CNOT 7 10
[2201] = S 7
[2202] = Z 7
[2203] = CNOT 7 10
[2204] = CNOT 7 15
[2205] = S 7
[2206] = Z 7
[2207] = CNOT 7 15
[2208] = CNOT 7 16
[2209] = S 7
[2210] = Z 7
[2211] = CNOT 7 16
[2212] = CNOT 7 19
[2213] = S 7
[2214] = Z 7
[2215] = CNOT 7 19
[2216] = CNOT 7 21
[2217] = S 7
[2218] = Z 7
[2219] = CNOT 7 21
[2220] = CNOT 7 22
[2221] = S 7
[2222] = Z 7
[2223] = CNOT 7 22
[2224] = CNOT 7 23
[2225] = S 7
[2226] = Z 7
[2227] = CNOT 7 23
[2228] = CNOT 7 24
[2229] = S 7
[2230] = Z 7
[2231] = CNOT 7 24
[2232] = CNOT 7 26
[2233] = S 7
[2234] = Z 7
[2235] = CNOT 7 26
[2236] = CNOT 7 30
[2237] = S 7
[2238] = Z 7
[2239] = CNOT 7 30
[2240] = CNOT 7 9
[2241] = CNOT 7 10
[2242] = CNOT 7 15
[2243] = S 7
[2244] = Z 7
[2245] = CNOT 7 15
[2246] = CNOT 7 16
[2247] = S 7
[2248] = Z 7
[2249] = CNOT 7 16
[2250] = CNOT 7 19
[2251] = S 7
[2252] = Z 7
[2253] = CNOT 7 19
[2254] = CNOT 7 21
[2255] = S 7
[2256] = Z 7
[2257] = CNOT 7 21
[2258] = CNOT 7 22
[2259] = S 7
[2260] = Z 7
[2261] = CNOT 7 22
[2262] = CNOT 7 23
[2263] = S 7
[2264] = Z 7
[2265] = CNOT 7 23
[2266] = CNOT 7 24
[2267] = S 7
[2268] = Z 7
[2269] = CNOT 7 24
[2270] = CNOT 7 26
[2271] = S 7
[2272] = Z 7
[2273] = CNOT 7 26
[2274] = CNOT 7 30
[2275] = S 7
[2276] = Z 7
[2277] = CNOT 7 30
[2278] = CNOT 7 10
[2279] = CNOT 7 11
[2280] = CNOT 7 15
[2281] = S 7
[2282] = Z 7
[2283] = CNOT 7 15
[2284] = CNOT 7 16
[2285] = S 7
[2286] = Z 7
[2287] = CNOT 7 16
[2288] = CNOT 7 19
[2289] = S 7
[2290] = Z 7
[2291] = CNOT 7 19
[2292] = CNOT 7 21
[2293] = S 7
[2294] = Z 7
[2295] = CNOT 7 21
[2296] = CNOT 7 22
[2297] = S 7
[2298] = Z 7
[2299] = CNOT 7 22
[2300] = CNOT 7 23
[2301] = S 7
[2302] = Z 7
[2303] = CNOT 7 23
[2304] = CNOT 7 24
[2305] = S 7
[2306] = Z 7
[2307] = CNOT 7 24
[2308] = CNOT 7 26
[2309] = S 7
[2310] = Z 7
[2311] = CNOT 7 26
[2312] = CNOT 7 30
[2313] = S 7
[2314] = Z 7
[2315] = CNOT 7 30
[2316] = CNOT 7 11
[2317] = CNOT 7 15
[2318] = CNOT 7 16
[2319] = Z 7
[2320] = CNOT 7 16
[2321] = CNOT 7 19
[2322] = Z 7
[2323] = CNOT 7 19
[2324] = CNOT 7 21
[2325] = Z 7
[2326] = CNOT 7 21
[2327] = CNOT 7 22
[2328] = Z 7
[2329] = CNOT 7 22
[2330] = CNOT 7 23
[2331] = Z 7
[2332] = CNOT 7 23
[2333] = CNOT 7 24
[2334] = Z 7
[2335] = CNOT 7 24
[2336] = CNOT 7 26
[2337] = Z 7
[2338] = CNOT 7 26
[2339] = CNOT 7 30
[2340] = Z 7
[2341] = CNOT 7 30
[2342] = CNOT 7 15
[2343] = CNOT 7 16
[2344] = CNOT 7 19
[2345] = Z 7
[2346] = CNOT 7 19
[2347] = CNOT 7 21
[2348] = Z 7
[2349] = CNOT 7 21
[2350] = CNOT 7 22
[2351] = Z 7
[2352] = CNOT 7 22
[2353] = CNOT 7 23
[2354] = Z 7
[2355] = CNOT 7 23
[2356] = CNOT 7 24
[2357] = Z 7
[2358] = CNOT 7 24
[2359] = CNOT 7 26
[2360] = Z 7
[2361] = CNOT 7 26
[2362] = CNOT 7 30
[2363] = Z 7
[2364] = CNOT 7 30
[2365] = CNOT 7 16
[2366] = CNOT 7 19
[2367] = CNOT 7 21
[2368] = Z 7
[2369] = CNOT 7 21
[2370] = CNOT 7 22
[2371] = Z 7
[2372] = CNOT 7 22
[2373] = CNOT 7 23
[2374] = Z 7
[2375] = CNOT 7 23
[2376] = CNOT 7 24
[2377] = Z 7
[2378] = CNOT 7 24
[2379] = CNOT 7 26
[2380] = Z 7
[2381] = CNOT 7 26
[2382] = CNOT 7 30
[2383] = Z 7
[2384] = CNOT 7 30
[2385] = CNOT 7 19
[2386] = CNOT 7 21
[2387] = CNOT 7 22
[2388] = Z 7
[2389] = CNOT 7 22
[2390] = CNOT 7 23
[2391] = Z 7
[2392] = CNOT 7 23
[2393] = CNOT 7 24
[2394] = Z 7
[2395] = CNOT 7 24
[2396] = CNOT 7 26
[2397] = Z 7
[2398] = CNOT 7 26
[2399] = CNOT 7 30
[2400] = Z 7
[2401] = CNOT 7 30
[2402] = CNOT 7 21
[2403] = CNOT 7 22
[2404] = CNOT 7 23
[2405] = Z 7
[2406] = CNOT 7 23
[2407] = CNOT 7 24
[2408] = Z 7
[2409] = CNOT 7 24
[2410] = CNOT 7 26
[2411] = Z 7
[2412] = CNOT 7 26
[2413] = CNOT 7 30
[2414] = Z 7
[2415] = CNOT 7 30
[2416] = CNOT 7 22
[2417] = CNOT 7 23
[2418] = CNOT 7 24
[2419] = Z 7
[2420] = CNOT 7 24
[2421] = CNOT 7 26
[2422] = Z 7
[2423] = CNOT 7 26
[2424] = CNOT 7 30
[2425] = Z 7
[2426] = CNOT 7 30
[2427] = CNOT 7 23
[2428] = CNOT 7 24
[2429] = CNOT 7 26
[2430] = Z 7
[2431] = CNOT 7 26
[2432] = CNOT 7 30
[2433] = Z 7
[2434] = CNOT 7 24
[2435] = CNOT 7 26
[2436] = Z 7
[2437] = CNOT 7 30
[2438] = CNOT 7 26
[2439] = CNOT 8 9
[2440] = CNOT 8 10
[2441] = S 8
[2442] = Z 8
[2443] = CNOT 8 10
[2444] = CNOT 8 11
[2445] = S 8
[2446] = Z 8
[2447] = CNOT 8 11
[2448] = CNOT 8 15
[2449] = S 8
[2450] = Z 8
[2451] = CNOT 8 15
[2452] = CNOT 8 16
[2453] = S 8
[2454] = Z 8
[2455] = CNOT 8 16
[2456] = CNOT 8 19
[2457] = S 8
[2458] = Z 8
[2459] = CNOT 8 19
[2460] = CNOT 8 21
[2461] = S 8
[2462] = Z 8
[2463] = CNOT 8 21
[2464] = CNOT 8 22
[2465] = S 8
[2466] = Z 8
[2467] = CNOT 8 22
[2468] = CNOT 8 23
[2469] = S 8
[2470] = Z 8
[2471] = CNOT 8 23
[2472] = CNOT 8 24
[2473] = S 8
[2474] = Z 8
[2475] = CNOT 8 24
[2476] = CNOT 8 26
[2477] = S 8
[2478] = Z 8
[2479] = CNOT 8 26
[2480] = CNOT 8 30
[2481] = S 8
[2482] = Z 8
[2483] = CNOT 8 30
[2484] = CNOT 8 9
[2485] = CNOT 8 10
[2486] = CNOT 8 11
[2487] = S 8
[2488] = Z 8
[2489] = CNOT 8 11
[2490] = CNOT 8 15
[2491] = S 8
[2492] = Z 8
[2493] = CNOT 8 15
[2494] = CNOT 8 16
[2495] = S 8
[2496] = Z 8
[2497] = CNOT 8 16
[2498] = CNOT 8 19
[2499] = S 8
[2500] = Z 8
[2501] = CNOT 8 19
[2502] = CNOT 8 21
[2503] = S 8
[2504] = Z 8
[2505] = CNOT 8 21
[2506] = CNOT 8 22
[2507] = S 8
[2508] = Z 8
[2509] = CNOT 8 22
[2510] = CNOT 8 23
[2511] = S 8
[2512] = Z 8
[2513] = CNOT 8 23
[2514] = CNOT 8 24
[2515] = S 8
[2516] = Z 8
[2517] = CNOT 8 24
[2518] = CNOT 8 26
[2519] = S 8
[2520] = Z 8
[2521] = CNOT 8 26
[2522] = CNOT 8 30
[2523] = S 8
[2524] = Z 8
[2525] = CNOT 8 30
[2526] = CNOT 8 10
[2527] = CNOT 8 11
[2528] = CNOT 8 12
[2529] = S 8
[2530] = Z 8
[2531] = CNOT 8 12
[2532] = CNOT 8 15
[2533] = Z 8
[2534] = CNOT 8 15
[2535] = CNOT 8 16
[2536] = Z 8
[2537] = CNOT 8 16
[2538] = CNOT 8 19
[2539] = Z 8
[2540] = CNOT 8 19
[2541] = CNOT 8 21
[2542] = Z 8
[2543] = CNOT 8 21
[2544] = CNOT 8 22
[2545] = Z 8
[2546] = CNOT 8 22
[2547] = CNOT 8 23
[2548] = Z 8
[2549] = CNOT 8 23
[2550] = CNOT 8 24
[2551] = Z 8
[2552] = CNOT 8 24
[2553] = CNOT 8 26
[2554] = Z 8
[2555] = CNOT 8 26
[2556] = CNOT 8 30
[2557] = Z 8
[2558] = CNOT 8 30
[2559] = CNOT 8 11
[2560] = CNOT 8 12
[2561] = CNOT 8 15
[2562] = S 8
[2563] = Z 8
[2564] = CNOT 8 15
[2565] = CNOT 8 16
[2566] = S 8
[2567] = Z 8
[2568] = CNOT 8 16
[2569] = CNOT 8 19
[2570] = S 8
[2571] = Z 8
[2572] = CNOT 8 19
[2573] = CNOT 8 21
[2574] = S 8
[2575] = Z 8
[2576] = CNOT 8 21
[2577] = CNOT 8 22
[2578] = S 8
[2579] = Z 8
[2580] = CNOT 8 22
[2581] = CNOT 8 23
[2582] = S 8
[2583] = Z 8
[2584] = CNOT 8 23
[2585] = CNOT 8 24
[2586] = S 8
[2587] = Z 8
[2588] = CNOT 8 24
[2589] = CNOT 8 26
[2590] = S 8
[2591] = Z 8
[2592] = CNOT 8 26
[2593] = CNOT 8 30
[2594] = S 8
[2595] = Z 8
[2596] = CNOT 8 30
[2597] = CNOT 8 12
[2598] = CNOT 8 15
[2599] = CNOT 8 16
[2600] = Z 8
[2601] = CNOT 8 16
[2602] = CNOT 8 19
[2603] = Z 8
[2604] = CNOT 8 19
[2605] = CNOT 8 21
[2606] = Z 8
[2607] = CNOT 8 21
[2608] = CNOT 8 22
[2609] = Z 8
[2610] = CNOT 8 22
[2611] = CNOT 8 23
[2612] = Z 8
[2613] = CNOT 8 23
[2614] = CNOT 8 24
[2615] = Z 8
[2616] = CNOT 8 24
[2617] = CNOT 8 26
[2618] = Z 8
[2619] = CNOT 8 26
[2620] = CNOT 8 30
[2621] = Z 8
[2622] = CNOT 8 30
[2623] = CNOT 8 15
[2624] = CNOT 8 16
[2625] = CNOT 8 19
[2626] = Z 8
[2627] = CNOT 8 19
[2628] = CNOT 8 21
[2629] = Z 8
[2630] = CNOT 8 21
[2631] = CNOT 8 22
[2632] = Z 8
[2633] = CNOT 8 22
[2634] = CNOT 8 23
[2635] = Z 8
[2636] = CNOT 8 23
[2637] = CNOT 8 24
[2638] = Z 8
[2639] = CNOT 8 24
[2640] = CNOT 8 26
[2641] = Z 8
[2642] = CNOT 8 26
[2643] = CNOT 8 30
[2644] = Z 8
[2645] = CNOT 8 30
[2646] = CNOT 8 16
[2647] = CNOT 8 19
[2648] = CNOT 8 21
[2649] = Z 8
[2650] = CNOT 8 21
[2651] = CNOT 8 22
[2652] = Z 8
[2653] = CNOT 8 22
[2654] = CNOT 8 23
[2655] = Z 8
[2656] = CNOT 8 23
[2657] = CNOT 8 24
[2658] = Z 8
[2659] = CNOT 8 24
[2660] = CNOT 8 26
[2661] = Z 8
[2662] = CNOT 8 26
[2663] = CNOT 8 30
[2664] = Z 8
[2665] = CNOT 8 30
[2666] = CNOT 8 19
[2667] = CNOT 8 21
[2668] = CNOT 8 22
[2669] = Z 8
[2670] = CNOT 8 22
[2671] = CNOT 8 23
[2672] = Z 8
[2673] = CNOT 8 23
[2674] = CNOT 8 24
[2675] = Z 8
[2676] = CNOT 8 24
[2677] = CNOT 8 26
[2678] = Z 8
[2679] = CNOT 8 26
[2680] = CNOT 8 30
[2681] = Z 8
[2682] = CNOT 8 30
[2683] = CNOT 8 21
[2684] = CNOT 8 22
[2685] = CNOT 8 23
[2686] = Z 8
[2687] = CNOT 8 23
[2688] = CNOT 8 24
[2689] = Z 8
[2690] = CNOT 8 24
[2691] = CNOT 8 26
[2692] = Z 8
[2693] = CNOT 8 26
[2694] = CNOT 8 30
[2695] = Z 8
[2696] = CNOT 8 30
[2697] = CNOT 8 22
[2698] = CNOT 8 23
[2699] = CNOT 8 24
[2700] = Z 8
[2701] = CNOT 8 24
[2702] = CNOT 8 26
[2703] = Z 8
[2704] = CNOT 8 26
[2705] = CNOT 8 30
[2706] = Z 8
[2707] = CNOT 8 30
[2708] = CNOT 8 23
[2709] = CNOT 8 24
[2710] = CNOT 8 26
[2711] = Z 8
[2712] = CNOT 8 26
[2713] = CNOT 8 30
[2714] = Z 8
[2715] = CNOT 8 24
[2716] = CNOT 8 26
[2717] = Z 8
[2718] = CNOT 8 30
[2719] = CNOT 8 26
[2720] = CNOT 9 10
[2721] = CNOT 9 11
[2722] = Z 9
[2723] = CNOT 9 11
[2724] = CNOT 9 12
[2725] = S 9
[2726] = Z 9
[2727] = CNOT 9 12
[2728] = CNOT 9 15
[2729] = S 9
[2730] = CNOT 9 15
[2731] = CNOT 9 16
[2732] = S 9
[2733] = CNOT 9 16
[2734] = CNOT 9 19
[2735] = S 9
[2736] = CNOT 9 19
[2737] = CNOT 9 21
[2738] = S 9
[2739] = CNOT 9 21
[2740] = CNOT 9 22
[2741] = S 9
[2742] = CNOT 9 22
[2743] = CNOT 9 23
[2744] = S 9
[2745] = CNOT 9 23
[2746] = CNOT 9 24
[2747] = S 9
[2748] = CNOT 9 24
[2749] = CNOT 9 26
[2750] = S 9
[2751] = CNOT 9 26
[2752] = CNOT 9 30
[2753] = S 9
[2754] = CNOT 9 30
[2755] = CNOT 9 10
[2756] = CNOT 9 11
[2757] = CNOT 9 12
[2758] = S 9
[2759] = Z 9
[2760] = CNOT 9 12
[2761] = CNOT 9 15
[2762] = Z 9
[2763] = CNOT 9 15
[2764] = CNOT 9 16
[2765] = Z 9
[2766] = CNOT 9 16
[2767] = CNOT 9 19
[2768] = Z 9
[2769] = CNOT 9 19
[2770] = CNOT 9 21
[2771] = Z 9
[2772] = CNOT 9 21
[2773] = CNOT 9 22
[2774] = Z 9
[2775] = CNOT 9 22
[2776] = CNOT 9 23
[2777] = Z 9
[2778] = CNOT 9 23
[2779] = CNOT 9 24
[2780] = Z 9
[2781] = CNOT 9 24
[2782] = CNOT 9 26
[2783] = Z 9
[2784] = CNOT 9 26
[2785] = CNOT 9 30
[2786] = Z 9
[2787] = CNOT 9 30
[2788] = CNOT 9 11
[2789] = CNOT 9 12
[2790] = CNOT 9 15
[2791] = S 9
[2792] = Z 9
[2793] = CNOT 9 15
[2794] = CNOT 9 16
[2795] = S 9
[2796] = Z 9
[2797] = CNOT 9 16
[2798] = CNOT 9 19
[2799] = S 9
[2800] = Z 9
[2801] = CNOT 9 19
[2802] = CNOT 9 21
[2803] = S 9
[2804] = Z 9
[2805] = CNOT 9 21
[2806] = CNOT 9 22
[2807] = S 9
[2808] = Z 9
[2809] = CNOT 9 22
[2810] = CNOT 9 23
[2811] = S 9
[2812] = Z 9
[2813] = CNOT 9 23
[2814] = CNOT 9 24
[2815] = S 9
[2816] = Z 9
[2817] = CNOT 9 24
[2818] = CNOT 9 26
[2819] = S 9
[2820] = Z 9
[2821] = CNOT 9 26
[2822] = CNOT 9 30
[2823] = S 9
[2824] = Z 9
[2825] = CNOT 9 30
[2826] = CNOT 9 12
[2827] = CNOT 9 15
[2828] = CNOT 9 16
[2829] = S 9
[2830] = CNOT 9 16
[2831] = CNOT 9 19
[2832] = S 9
[2833] = CNOT 9 19
[2834] = CNOT 9 21
[2835] = S 9
[2836] = CNOT 9 21
[2837] = CNOT 9 22
[2838] = S 9
[2839] = CNOT 9 22
[2840] = CNOT 9 23
[2841] = S 9
[2842] = CNOT 9 23
[2843] = CNOT 9 24
[2844] = S 9
[2845] = CNOT 9 24
[2846] = CNOT 9 26
[2847] = S 9
[2848] = CNOT 9 26
[2849] = CNOT 9 30
[2850] = S 9
[2851] = CNOT 9 30
[2852] = CNOT 9 15
[2853] = CNOT 9 16
[2854] = CNOT 9 19
[2855] = S 9
[2856] = CNOT 9 19
[2857] = CNOT 9 21
[2858] = S 9
[2859] = CNOT 9 21
[2860] = CNOT 9 22
[2861] = S 9
[2862] = CNOT 9 22
[2863] = CNOT 9 23
[2864] = S 9
[2865] = CNOT 9 23
[2866] = CNOT 9 24
[2867] = S 9
[2868] = CNOT 9 24
[2869] = CNOT 9 26
[2870] = S 9
[2871] = CNOT 9 26
[2872] = CNOT 9 30
[2873] = S 9
[2874] = CNOT 9 30
[2875] = CNOT 9 16
[2876] = CNOT 9 19
[2877] = CNOT 9 21
[2878] = S 9
[2879] = CNOT 9 21
[2880] = CNOT 9 22
[2881] = S 9
[2882] = CNOT 9 22
[2883] = CNOT 9 23
[2884] = S 9
[2885] = CNOT 9 23
[2886] = CNOT 9 24
[2887] = S 9
[2888] = CNOT 9 24
[2889] = CNOT 9 26
[2890] = S 9
[2891] = CNOT 9 26
[2892] = CNOT 9 30
[2893] = S 9
[2894] = CNOT 9 30
[2895] = CNOT 9 19
[2896] = CNOT 9 21
[2897] = CNOT 9 22
[2898] = S 9
[2899] = CNOT 9 22
[2900] = CNOT 9 23
[2901] = S 9
[2902] = CNOT 9 23
[2903] = CNOT 9 24
[2904] = S 9
[2905] = CNOT 9 24
[2906] = CNOT 9 26
[2907] = S 9
[2908] = CNOT 9 26
[2909] = CNOT 9 30
[2910] = S 9
[2911] = CNOT 9 30
[2912] = CNOT 9 21
[2913] = CNOT 9 22
[2914] = CNOT 9 23
[2915] = S 9
[2916] = CNOT 9 23
[2917] = CNOT 9 24
[2918] = S 9
[2919] = CNOT 9 24
[2920] = CNOT 9 26
[2921] = S 9
[2922] = CNOT 9 26
[2923] = CNOT 9 30
[2924] = S 9
[2925] = CNOT 9 30
[2926] = CNOT 9 22
[2927] = CNOT 9 23
[2928] = CNOT 9 24
[2929] = S 9
[2930] = CNOT 9 24
[2931] = CNOT 9 26
[2932] = S 9
[2933] = CNOT 9 26
[2934] = CNOT 9 30
[2935] = S 9
[2936] = CNOT 9 30
[2937] = CNOT 9 23
[2938] = CNOT 9 24
[2939] = CNOT 9 26
[2940] = S 9
[2941] = CNOT 9 26
[2942] = CNOT 9 30
[2943] = S 9
[2944] = CNOT 9 24
[2945] = CNOT 9 26
[2946] = S 9
[2947] = CNOT 9 30
[2948] = CNOT 9 26
[2949] = CNOT 10 11
[2950] = CNOT 10 12
[2951] = S 10
[2952] = Z 10
[2953] = CNOT 10 12
[2954] = CNOT 10 15
[2955] = Z 10
[2956] = CNOT 10 15
[2957] = CNOT 10 16
[2958] = Z 10
[2959] = CNOT 10 16
[2960] = CNOT 10 19
[2961] = Z 10
[2962] = CNOT 10 19
[2963] = CNOT 10 21
[2964] = Z 10
[2965] = CNOT 10 21
[2966] = CNOT 10 22
[2967] = Z 10
[2968] = CNOT 10 22
[2969] = CNOT 10 23
[2970] = Z 10
[2971] = CNOT 10 23
[2972] = CNOT 10 24
[2973] = Z 10
[2974] = CNOT 10 24
[2975] = CNOT 10 26
[2976] = Z 10
[2977] = CNOT 10 26
[2978] = CNOT 10 30
[2979] = Z 10
[2980] = CNOT 10 30
[2981] = CNOT 10 11
[2982] = CNOT 10 12
[2983] = CNOT 10 15
[2984] = S 10
[2985] = Z 10
[2986] = CNOT 10 15
[2987] = CNOT 10 16
[2988] = S 10
[2989] = Z 10
[2990] = CNOT 10 16
[2991] = CNOT 10 19
[2992] = S 10
[2993] = Z 10
[2994] = CNOT 10 19
[2995] = CNOT 10 21
[2996] = S 10
[2997] = Z 10
[2998] = CNOT 10 21
[2999] = CNOT 10 22
[3000] = S 10
[3001] = Z 10
[3002] = CNOT 10 22
[3003] = CNOT 10 23
[3004] = S 10
[3005] = Z 10
[3006] = CNOT 10 23
[3007] = CNOT 10 24
[3008] = S 10
[3009] = Z 10
[3010] = CNOT 10 24
[3011] = CNOT 10 26
[3012] = S 10
[3013] = Z 10
[3014] = CNOT 10 26
[3015] = CNOT 10 30
[3016] = S 10
[3017] = Z 10
[3018] = CNOT 10 30
[3019] = CNOT 10 12
[3020] = CNOT 10 15
[3021] = CNOT 10 16
[3022] = S 10
[3023] = CNOT 10 16
[3024] = CNOT 10 19
[3025] = S 10
[3026] = CNOT 10 19
[3027] = CNOT 10 21
[3028] = S 10
[3029] = CNOT 10 21
[3030] = CNOT 10 22
[3031] = S 10
[3032] = CNOT 10 22
[3033] = CNOT 10 23
[3034] = S 10
[3035] = CNOT 10 23
[3036] = CNOT 10 24
[3037] = S 10
[3038] = CNOT 10 24
[3039] = CNOT 10 26
[3040] = S 10
[3041] = CNOT 10 26
[3042] = CNOT 10 30
[3043] = S 10
[3044] = CNOT 10 30
[3045] = CNOT 10 15
[3046] = CNOT 10 16
[3047] = CNOT 10 19
[3048] = S 10
[3049] = CNOT 10 19
[3050] = CNOT 10 21
[3051] = S 10
[3052] = CNOT 10 21
[3053] = CNOT 10 22
[3054] = S 10
[3055] = CNOT 10 22
[3056] = CNOT 10 23
[3057] = S 10
[3058] = CNOT 10 23
[3059] = CNOT 10 24
[3060] = S 10
[3061] = CNOT 10 24
[3062] = CNOT 10 26
[3063] = S 10
[3064] = CNOT 10 26
[3065] = CNOT 10 30
[3066] = S 10
[3067] = CNOT 10 30
[3068] = CNOT 10 16
[3069] = CNOT 10 19
[3070] = CNOT 10 21
[3071] = S 10
[3072] = CNOT 10 21
[3073] = CNOT 10 22
[3074] = S 10
[3075] = CNOT 10 22
[3076] = CNOT 10 23
[3077] = S 10
[3078] = CNOT 10 23
[3079] = CNOT 10 24
[3080] = S 10
[3081] = CNOT 10 24
[3082] = CNOT 10 26
[3083] = S 10
[3084] = CNOT 10 26
[3085] = CNOT 10 30
[3086] = S 10
[3087] = CNOT 10 30
[3088] = CNOT 10 19
[3089] = CNOT 10 21
[3090] = CNOT 10 22
[3091] = S 10
[3092] = CNOT 10 22
[3093] = CNOT 10 23
[3094] = S 10
[3095] = CNOT 10 23
[3096] = CNOT 10 24
[3097] = S 10
[3098] = CNOT 10 24
[3099] = CNOT 10 26
[3100] = S 10
[3101] = CNOT 10 26
[3102] = CNOT 10 30
[3103] = S 10
[3104] = CNOT 10 30
[3105] = CNOT 10 21
[3106] = CNOT 10 22
[3107] = CNOT 10 23
[3108] = S 10
[3109] = CNOT 10 23
[3110] = CNOT 10 24
[3111] = S 10
[3112] = CNOT 10 24
[3113] = CNOT 10 26
[3114] = S 10
[3115] = CNOT 10 26
[3116] = CNOT 10 30
[3117] = S 10
[3118] = CNOT 10 30
[3119] = CNOT 10 22
[3120] = CNOT 10 23
[3121] = CNOT 10 24
[3122] = S 10
[3123] = CNOT 10 24
[3124] = CNOT 10 26
[3125] = S 10
[3126] = CNOT 10 26
[3127] = CNOT 10 30
[3128] = S 10
[3129] = CNOT 10 30
[3130] = CNOT 10 23
[3131] = CNOT 10 24
[3132] = CNOT 10 26
[3133] = S 10
[3134] = CNOT 10 26
[3135] = CNOT 10 30
[3136] = S 10
[3137] = CNOT 10 24
[3138] = CNOT 10 26
[3139] = S 10
[3140] = CNOT 10 30
[3141] = CNOT 10 26
[3142] = CNOT 11 12
[3143] = CNOT 11 15
[3144] = Z 11
[3145] = CNOT 11 15
[3146] = CNOT 11 16
[3147] = Z 11
[3148] = CNOT 11 16
[3149] = CNOT 11 19
[3150] = Z 11
[3151] = CNOT 11 19
[3152] = CNOT 11 21
[3153] = Z 11
[3154] = CNOT 11 21
[3155] = CNOT 11 22
[3156] = Z 11
[3157] = CNOT 11 22
[3158] = CNOT 11 23
[3159] = Z 11
[3160] = CNOT 11 23
[3161] = CNOT 11 24
[3162] = Z 11
[3163] = CNOT 11 24
[3164] = CNOT 11 26
[3165] = Z 11
[3166] = CNOT 11 26
[3167] = CNOT 11 30
[3168] = Z 11
[3169] = CNOT 11 30
[3170] = CNOT 11 12
[3171] = CNOT 12 15
[3172] = CNOT 12 16
[3173] = Z 12
[3174] = CNOT 12 16
[3175] = CNOT 12 19
[3176] = Z 12
[3177] = CNOT 12 19
[3178] = CNOT 12 21
[3179] = Z 12
[3180] = CNOT 12 21
[3181] = CNOT 12 22
[3182] = Z 12
[3183] = CNOT 12 22
[3184] = CNOT 12 23
[3185] = Z 12
[3186] = CNOT 12 23
[3187] = CNOT 12 24
[3188] = Z 12
[3189] = CNOT 12 24
[3190] = CNOT 12 26
[3191] = Z 12
[3192] = CNOT 12 26
[3193] = CNOT 12 30
[3194] = Z 12
[3195] = CNOT 12 30
[3196] = CNOT 12 15
[3197] = CNOT 12 16
[3198] = CNOT 12 19
[3199] = Z 12
[3200] = CNOT 12 19
[3201] = CNOT 12 21
[3202] = Z 12
[3203] = CNOT 12 21
[3204] = CNOT 12 22
[3205] = Z 12
[3206] = CNOT 12 22
[3207] = CNOT 12 23
[3208] = Z 12
[3209] = CNOT 12 23
[3210] = CNOT 12 24
[3211] = Z 12
[3212] = CNOT 12 24
[3213] = CNOT 12 26
[3214] = Z 12
[3215] = CNOT 12 26
[3216] = CNOT 12 30
[3217] = Z 12
[3218] = CNOT 12 30
[3219] = CNOT 12 16
[3220] = CNOT 12 19
[3221] = CNOT 12 21
[3222] = Z 12
[3223] = CNOT 12 21
[3224] = CNOT 12 22
[3225] = Z 12
[3226] = CNOT 12 22
[3227] = CNOT 12 23
[3228] = Z 12
[3229] = CNOT 12 23
[3230] = CNOT 12 24
[3231] = Z 12
[3232] = CNOT 12 24
[3233] = CNOT 12 26
[3234] = Z 12
[3235] = CNOT 12 26
[3236] = CNOT 12 30
[3237] = Z 12
[3238] = CNOT 12 30
[3239] = CNOT 12 19
[3240] = CNOT 12 21
[3241] = CNOT 12 22
[3242] = Z 12
[3243] = CNOT 12 22
[3244] = CNOT 12 23
[3245] = Z 12
[3246] = CNOT 12 23
[3247] = CNOT 12 24
[3248] = Z 12
[3249] = CNOT 12 24
[3250] = CNOT 12 26
[3251] = Z 12
[3252] = CNOT 12 26
[3253] = CNOT 12 30
[3254] = Z 12
[3255] = CNOT 12 30
[3256] = CNOT 12 21
[3257] = CNOT 12 22
[3258] = CNOT 12 23
[3259] = Z 12
[3260] = CNOT 12 23
[3261] = CNOT 12 24
[3262] = Z 12
[3263] = CNOT 12 24
[3264] = CNOT 12 26
[3265] = Z 12
[3266] = CNOT 12 26
[3267] = CNOT 12 30
[3268] = Z 12
[3269] = CNOT 12 30
[3270] = CNOT 12 22
[3271] = CNOT 12 23
[3272] = CNOT 12 24
[3273] = Z 12
[3274] = CNOT 12 24
[3275] = CNOT 12 26
[3276] = Z 12
[3277] = CNOT 12 26
[3278] = CNOT 12 30
[3279] = Z 12
[3280] = CNOT 12 30
[3281] = CNOT 12 23
[3282] = CNOT 12 24
[3283] = CNOT 12 26
[3284] = Z 12
[3285] = CNOT 12 26
[3286] = CNOT 12 30
[3287] = Z 12
[3288] = CNOT 12 24
[3289] = CNOT 12 26
[3290] = Z 12
[3291] = CNOT 12 30
[3292] = CNOT 12 26
[3293] = CNOT 15 16
[3294] = CNOT 15 17
[3295] = S 15
[3296] = Z 15
[3297] = CNOT 15 17
[3298] = CNOT 15 18
[3299] = S 15
[3300] = Z 15
[3301] = CNOT 15 18
[3302] = CNOT 15 19
[3303] = S 15
[3304] = CNOT 15 19
[3305] = CNOT 15 20
[3306] = S 15
[3307] = Z 15
[3308] = CNOT 15 20
[3309] = CNOT 15 21
[3310] = S 15
[3311] = CNOT 15 21
[3312] = CNOT 15 22
[3313] = S 15
[3314] = CNOT 15 22
[3315] = CNOT 15 23
[3316] = S 15
[3317] = CNOT 15 23
[3318] = CNOT 15 24
[3319] = S 15
[3320] = CNOT 15 24
[3321] = CNOT 15 26
[3322] = S 15
[3323] = CNOT 15 26
[3324] = CNOT 15 30
[3325] = S 15
[3326] = CNOT 15 30
[3327] = CNOT 15 16
[3328] = CNOT 15 17
[3329] = CNOT 15 18
[3330] = Z 15
[3331] = CNOT 15 18
[3332] = CNOT 15 19
[3333] = S 15
[3334] = Z 15
[3335] = CNOT 15 19
[3336] = CNOT 15 20
[3337] = S 15
[3338] = Z 15
[3339] = CNOT 15 20
[3340] = CNOT 15 21
[3341] = Z 15
[3342] = CNOT 15 21
[3343] = CNOT 15 22
[3344] = Z 15
[3345] = CNOT 15 22
[3346] = CNOT 15 23
[3347] = Z 15
[3348] = CNOT 15 23
[3349] = CNOT 15 24
[3350] = Z 15
[3351] = CNOT 15 24
[3352] = CNOT 15 26
[3353] = Z 15
[3354] = CNOT 15 26
[3355] = CNOT 15 30
[3356] = Z 15
[3357] = CNOT 15 30
[3358] = CNOT 15 17
[3359] = CNOT 15 18
[3360] = CNOT 15 19
[3361] = S 15
[3362] = Z 15
[3363] = CNOT 15 19
[3364] = CNOT 15 20
[3365] = S 15
[3366] = Z 15
[3367] = CNOT 15 20
[3368] = CNOT 15 21
[3369] = Z 15
[3370] = CNOT 15 21
[3371] = CNOT 15 22
[3372] = Z 15
[3373] = CNOT 15 22
[3374] = CNOT 15 23
[3375] = Z 15
[3376] = CNOT 15 23
[3377] = CNOT 15 24
[3378] = Z 15
[3379] = CNOT 15 24
[3380] = CNOT 15 26
[3381] = Z 15
[3382] = CNOT 15 26
[3383] = CNOT 15 30
[3384] = Z 15
[3385] = CNOT 15 30
[3386] = CNOT 15 18
[3387] = CNOT 15 19
[3388] = CNOT 15 20
[3389] = Z 15
[3390] = CNOT 15 19
[3391] = CNOT 15 21
[3392] = Z 15
[3393] = CNOT 15 21
[3394] = CNOT 15 22
[3395] = Z 15
[3396] = CNOT 15 22
[3397] = CNOT 15 23
[3398] = Z 15
[3399] = CNOT 15 23
[3400] = CNOT 15 24
[3401] = Z 15
[3402] = CNOT 15 24
[3403] = CNOT 15 26
[3404] = Z 15
[3405] = CNOT 15 26
[3406] = CNOT 15 30
[3407] = Z 15
[3408] = CNOT 15 30
[3409] = CNOT 15 20
[3410] = CNOT 15 21
[3411] = CNOT 15 22
[3412] = S 15
[3413] = Z 15
[3414] = CNOT 15 22
[3415] = CNOT 15 23
[3416] = S 15
[3417] = Z 15
[3418] = CNOT 15 23
[3419] = CNOT 15 24
[3420] = S 15
[3421] = Z 15
[3422] = CNOT 15 24
[3423] = CNOT 15 26
[3424] = S 15
[3425] = Z 15
[3426] = CNOT 15 26
[3427] = CNOT 15 30
[3428] = S 15
[3429] = Z 15
[3430] = CNOT 15 30
[3431] = CNOT 15 21
[3432] = CNOT 15 22
[3433] = CNOT 15 23
[3434] = S 15
[3435] = Z 15
[3436] = CNOT 15 23
[3437] = CNOT 15 24
[3438] = S 15
[3439] = Z 15
[3440] = CNOT 15 24
[3441] = CNOT 15 26
[3442] = S 15
[3443] = Z 15
[3444] = CNOT 15 26
[3445] = CNOT 15 30
[3446] = S 15
[3447] = Z 15
[3448] = CNOT 15 30
[3449] = CNOT 15 22
[3450] = CNOT 15 23
[3451] = CNOT 15 24
[3452] = S 15
[3453] = Z 15
[3454] = CNOT 15 24
[3455] = CNOT 15 26
[3456] = S 15
[3457] = Z 15
[3458] = CNOT 15 26
[3459] = CNOT 15 30
[3460] = S 15
[3461] = Z 15
[3462] = CNOT 15 30
[3463] = CNOT 15 23
[3464] = CNOT 15 24
[3465] = CNOT 15 26
[3466] = S 15
[3467] = Z 15
[3468] = CNOT 15 26
[3469] = CNOT 15 30
[3470] = S 15
[3471] = Z 15
[3472] = CNOT 15 24
[3473] = CNOT 15 26
[3474] = S 15
[3475] = Z 15
[3476] = CNOT 15 30
[3477] = CNOT 15 26
[3478] = CNOT 16 17
[3479] = CNOT 16 18
[3480] = S 16
[3481] = Z 16
[3482] = CNOT 16 18
[3483] = CNOT 16 19
[3484] = S 16
[3485] = Z 16
[3486] = CNOT 16 19
[3487] = CNOT 16 21
[3488] = S 16
[3489] = Z 16
[3490] = CNOT 16 21
[3491] = CNOT 16 22
[3492] = S 16
[3493] = Z 16
[3494] = CNOT 16 22
[3495] = CNOT 16 23
[3496] = S 16
[3497] = Z 16
[3498] = CNOT 16 23
[3499] = CNOT 16 24
[3500] = S 16
[3501] = Z 16
[3502] = CNOT 16 24
[3503] = CNOT 16 26
[3504] = S 16
[3505] = Z 16
[3506] = CNOT 16 26
[3507] = CNOT 16 30
[3508] = S 16
[3509] = Z 16
[3510] = CNOT 16 30
[3511] = CNOT 16 17
[3512] = CNOT 16 18
[3513] = CNOT 16 19
[3514] = S 16
[3515] = Z 16
[3516] = CNOT 16 19
[3517] = CNOT 16 21
[3518] = S 16
[3519] = Z 16
[3520] = CNOT 16 21
[3521] = CNOT 16 22
[3522] = S 16
[3523] = Z 16
[3524] = CNOT 16 22
[3525] = CNOT 16 23
[3526] = S 16
[3527] = Z 16
[3528] = CNOT 16 23
[3529] = CNOT 16 24
[3530] = S 16
[3531] = Z 16
[3532] = CNOT 16 24
[3533] = CNOT 16 26
[3534] = S 16
[3535] = Z 16
[3536] = CNOT 16 26
[3537] = CNOT 16 30
[3538] = S 16
[3539] = Z 16
[3540] = CNOT 16 30
[3541] = CNOT 16 18
[3542] = CNOT 16 19
[3543] = CNOT 16 20
[3544] = S 16
[3545] = Z 16
[3546] = CNOT 16 20
[3547] = CNOT 16 21
[3548] = S 16
[3549] = CNOT 16 21
[3550] = CNOT 16 22
[3551] = S 16
[3552] = CNOT 16 22
[3553] = CNOT 16 23
[3554] = S 16
[3555] = CNOT 16 23
[3556] = CNOT 16 24
[3557] = S 16
[3558] = CNOT 16 24
[3559] = CNOT 16 26
[3560] = S 16
[3561] = CNOT 16 26
[3562] = CNOT 16 30
[3563] = S 16
[3564] = CNOT 16 30
[3565] = CNOT 16 19
[3566] = CNOT 16 20
[3567] = CNOT 16 21
[3568] = S 16
[3569] = Z 16
[3570] = CNOT 16 21
[3571] = CNOT 16 22
[3572] = S 16
[3573] = Z 16
[3574] = CNOT 16 22
[3575] = CNOT 16 23
[3576] = S 16
[3577] = Z 16
[3578] = CNOT 16 23
[3579] = CNOT 16 24
[3580] = S 16
[3581] = Z 16
[3582] = CNOT 16 24
[3583] = CNOT 16 26
[3584] = S 16
[3585] = Z 16
[3586] = CNOT 16 26
[3587] = CNOT 16 30
[3588] = S 16
[3589] = Z 16
[3590] = CNOT 16 30
[3591] = CNOT 16 20
[3592] = CNOT 16 21
[3593] = CNOT 16 22
[3594] = S 16
[3595] = CNOT 16 22
[3596] = CNOT 16 23
[3597] = S 16
[3598] = CNOT 16 23
[3599] = CNOT 16 24
[3600] = S 16
[3601] = CNOT 16 24
[3602] = CNOT 16 26
[3603] = S 16
[3604] = CNOT 16 26
[3605] = CNOT 16 30
[3606] = S 16
[3607] = CNOT 16 30
[3608] = CNOT 16 21
[3609] = CNOT 16 22
[3610] = CNOT 16 23
[3611] = S 16
[3612] = CNOT 16 23
[3613] = CNOT 16 24
[3614] = S 16
[3615] = CNOT 16 24
[3616] = CNOT 16 26
[3617] = S 16
[3618] = CNOT 16 26
[3619] = CNOT 16 30
[3620] = S 16
[3621] = CNOT 16 30
[3622] = CNOT 16 22
[3623] = CNOT 16 23
[3624] = CNOT 16 24
[3625] = S 16
[3626] = CNOT 16 24
[3627] = CNOT 16 26
[3628] = S 16
[3629] = CNOT 16 26
[3630] = CNOT 16 30
[3631] = S 16
[3632] = CNOT 16 30
[3633] = CNOT 16 23
[3634] = CNOT 16 24
[3635] = CNOT 16 26
[3636] = S 16
[3637] = CNOT 16 26
[3638] = CNOT 16 30
[3639] = S 16
[3640] = CNOT 16 24
[3641] = CNOT 16 26
[3642] = S 16
[3643] = CNOT 16 30
[3644] = CNOT 16 26
[3645] = CNOT 17 18
[3646] = CNOT 17 19
[3647] = Z 17
[3648] = CNOT 17 19
[3649] = CNOT 17 20
[3650] = S 17
[3651] = Z 17
[3652] = CNOT 17 20
[3653] = CNOT 17 21
[3654] = S 17
[3655] = CNOT 17 21
[3656] = CNOT 17 22
[3657] = S 17
[3658] = CNOT 17 22
[3659] = CNOT 17 23
[3660] = S 17
[3661] = CNOT 17 23
[3662] = CNOT 17 24
[3663] = S 17
[3664] = CNOT 17 24
[3665] = CNOT 17 26
[3666] = S 17
[3667] = CNOT 17 26
[3668] = CNOT 17 30
[3669] = S 17
[3670] = CNOT 17 30
[3671] = CNOT 17 18
[3672] = CNOT 17 19
[3673] = CNOT 17 20
[3674] = S 17
[3675] = Z 17
[3676] = CNOT 17 20
[3677] = CNOT 17 21
[3678] = Z 17
[3679] = CNOT 17 21
[3680] = CNOT 17 22
[3681] = Z 17
[3682] = CNOT 17 22
[3683] = CNOT 17 23
[3684] = Z 17
[3685] = CNOT 17 23
[3686] = CNOT 17 24
[3687] = Z 17
[3688] = CNOT 17 24
[3689] = CNOT 17 26
[3690] = Z 17
[3691] = CNOT 17 26
[3692] = CNOT 17 30
[3693] = Z 17
[3694] = CNOT 17 30
[3695] = CNOT 17 19
[3696] = CNOT 17 20
[3697] = CNOT 17 21
[3698] = S 17
[3699] = Z 17
[3700] = CNOT 17 21
[3701] = CNOT 17 22
[3702] = S 17
[3703] = Z 17
[3704] = CNOT 17 22
[3705] = CNOT 17 23
[3706] = S 17
[3707] = Z 17
[3708] = CNOT 17 23
[3709] = CNOT 17 24
[3710] = S 17
[3711] = Z 17
[3712] = CNOT 17 24
[3713] = CNOT 17 26
[3714] = S 17
[3715] = Z 17
[3716] = CNOT 17 26
[3717] = CNOT 17 30
[3718] = S 17
[3719] = Z 17
[3720] = CNOT 17 30
[3721] = CNOT 17 20
[3722] = CNOT 17 21
[3723] = CNOT 17 22
[3724] = S 17
[3725] = CNOT 17 22
[3726] = CNOT 17 23
[3727] = S 17
[3728] = CNOT 17 23
[3729] = CNOT 17 24
[3730] = S 17
[3731] = CNOT 17 24
[3732] = CNOT 17 26
[3733] = S 17
[3734] = CNOT 17 26
[3735] = CNOT 17 30
[3736] = S 17
[3737] = CNOT 17 30
[3738] = CNOT 17 21
[3739] = CNOT 17 22
[3740] = CNOT 17 23
[3741] = S 17
[3742] = CNOT 17 23
[3743] = CNOT 17 24
[3744] = S 17
[3745] = CNOT 17 24
[3746] = CNOT 17 26
[3747] = S 17
[3748] = CNOT 17 26
[3749] = CNOT 17 30
[3750] = S 17
[3751] = CNOT 17 30
[3752] = CNOT 17 22
[3753] = CNOT 17 23
[3754] = CNOT 17 24
[3755] = S 17
[3756] = CNOT 17 24
[3757] = CNOT 17 26
[3758] = S 17
[3759] = CNOT 17 26
[3760] = CNOT 17 30
[3761] = S 17
[3762] = CNOT 17 30
[3763] = CNOT 17 23
[3764] = CNOT 17 24
[3765] = CNOT 17 26
[3766] = S 17
[3767] = CNOT 17 26
[3768] = CNOT 17 30
[3769] = S 17
[3770] = CNOT 17 24
[3771] = CNOT 17 26
[3772] = S 17
[3773] = CNOT 17 30
[3774] = CNOT 17 26
[3775] = CNOT 18 19
[3776] = CNOT 18 20
[3777] = S 18
[3778] = Z 18
[3779] = CNOT 18 20
[3780] = CNOT 18 21
[3781] = Z 18
[3782] = CNOT 18 21
[3783] = CNOT 18 22
[3784] = Z 18
[3785] = CNOT 18 22
[3786] = CNOT 18 23
[3787] = Z 18
[3788] = CNOT 18 23
[3789] = CNOT 18 24
[3790] = Z 18
[3791] = CNOT 18 24
[3792] = CNOT 18 26
[3793] = Z 18
[3794] = CNOT 18 26
[3795] = CNOT 18 30
[3796] = Z 18
[3797] = CNOT 18 30
[3798] = CNOT 18 19
[3799] = CNOT 18 20
[3800] = CNOT 18 21
[3801] = S 18
[3802] = Z 18
[3803] = CNOT 18 21
[3804] = CNOT 18 22
[3805] = S 18
[3806] = Z 18
[3807] = CNOT 18 22
[3808] = CNOT 18 23
[3809] = S 18
[3810] = Z 18
[3811] = CNOT 18 23
[3812] = CNOT 18 24
[3813] = S 18
[3814] = Z 18
[3815] = CNOT 18 24
[3816] = CNOT 18 26
[3817] = S 18
[3818] = Z 18
[3819] = CNOT 18 26
[3820] = CNOT 18 30
[3821] = S 18
[3822] = Z 18
[3823] = CNOT 18 30
[3824] = CNOT 18 20
[3825] = CNOT 18 21
[3826] = CNOT 18 22
[3827] = S 18
[3828] = CNOT 18 22
[3829] = CNOT 18 23
[3830] = S 18
[3831] = CNOT 18 23
[3832] = CNOT 18 24
[3833] = S 18
[3834] = CNOT 18 24
[3835] = CNOT 18 26
[3836] = S 18
[3837] = CNOT 18 26
[3838] = CNOT 18 30
[3839] = S 18
[3840] = CNOT 18 30
[3841] = CNOT 18 21
[3842] = CNOT 18 22
[3843] = CNOT 18 23
[3844] = S 18
[3845] = CNOT 18 23
[3846] = CNOT 18 24
[3847] = S 18
[3848] = CNOT 18 24
[3849] = CNOT 18 26
[3850] = S 18
[3851] = CNOT 18 26
[3852] = CNOT 18 30
[3853] = S 18
[3854] = CNOT 18 30
[3855] = CNOT 18 22
[3856] = CNOT 18 23
[3857] = CNOT 18 24
[3858] = S 18
[3859] = CNOT 18 24
[3860] = CNOT 18 26
[3861] = S 18
[3862] = CNOT 18 26
[3863] = CNOT 18 30
[3864] = S 18
[3865] = CNOT 18 30
[3866] = CNOT 18 23
[3867] = CNOT 18 24
[3868] = CNOT 18 26
[3869] = S 18
[3870] = CNOT 18 26
[3871] = CNOT 18 30
[3872] = S 18
[3873] = CNOT 18 24
[3874] = CNOT 18 26
[3875] = S 18
[3876] = CNOT 18 30
[3877] = CNOT 18 26
[3878] = CNOT 19 20
[3879] = CNOT 19 21
[3880] = Z 19
[3881] = CNOT 19 21
[3882] = CNOT 19 22
[3883] = Z 19
[3884] = CNOT 19 22
[3885] = CNOT 19 23
[3886] = Z 19
[3887] = CNOT 19 23
[3888] = CNOT 19 24
[3889] = Z 19
[3890] = CNOT 19 24
[3891] = CNOT 19 26
[3892] = Z 19
[3893] = CNOT 19 26
[3894] = CNOT 19 30
[3895] = Z 19
[3896] = CNOT 19 30
[3897] = CNOT 19 20
[3898] = CNOT 19 21
[3899] = CNOT 19 22
[3900] = S 19
[3901] = Z 19
[3902] = CNOT 19 22
[3903] = CNOT 19 23
[3904] = S 19
[3905] = Z 19
[3906] = CNOT 19 23
[3907] = CNOT 19 24
[3908] = S 19
[3909] = Z 19
[3910] = CNOT 19 24
[3911] = CNOT 19 26
[3912] = S 19
[3913] = Z 19
[3914] = CNOT 19 26
[3915] = CNOT 19 30
[3916] = S 19
[3917] = Z 19
[3918] = CNOT 19 30
[3919] = CNOT 19 21
[3920] = CNOT 19 22
[3921] = CNOT 19 23
[3922] = S 19
[3923] = Z 19
[3924] = CNOT 19 23
[3925] = CNOT 19 24
[3926] = S 19
[3927] = Z 19
[3928] = CNOT 19 24
[3929] = CNOT 19 26
[3930] = S 19
[3931] = Z 19
[3932] = CNOT 19 26
[3933] = CNOT 19 30
[3934] = S 19
[3935] = Z 19
[3936] = CNOT 19 30
[3937] = CNOT 19 22
[3938] = CNOT 19 23
[3939] = CNOT 19 24
[3940] = S 19
[3941] = Z 19
[3942] = CNOT 19 24
[3943] = CNOT 19 26
[3944] = S 19
[3945] = Z 19
[3946] = CNOT 19 26
[3947] = CNOT 19 30
[3948] = S 19
[3949] = Z 19
[3950] = CNOT 19 30
[3951] = CNOT 19 23
[3952] = CNOT 19 24
[3953] = CNOT 19 26
[3954] = S 19
[3955] = Z 19
[3956] = CNOT 19 26
[3957] = CNOT 19 30
[3958] = S 19
[3959] = Z 19
[3960] = CNOT 19 24
[3961] = CNOT 19 26
[3962] = S 19
[3963] = Z 19
[3964] = CNOT 19 30
[3965] = CNOT 19 26
[3966] = CNOT 20 21
[3967] = CNOT 20 22
[3968] = Z 20
[3969] = CNOT 20 22
[3970] = CNOT 20 23
[3971] = Z 20
[3972] = CNOT 20 23
[3973] = CNOT 20 24
[3974] = Z 20
[3975] = CNOT 20 24
[3976] = CNOT 20 26
[3977] = Z 20
[3978] = CNOT 20 26
[3979] = CNOT 20 30
[3980] = Z 20
[3981] = CNOT 20 30
[3982] = CNOT 20 21
[3983] = CNOT 20 22
[3984] = CNOT 20 23
[3985] = Z 20
[3986] = CNOT 20 23
[3987] = CNOT 20 24
[3988] = Z 20
[3989] = CNOT 20 24
[3990] = CNOT 20 26
[3991] = Z 20
[3992] = CNOT 20 26
[3993] = CNOT 20 30
[3994] = Z 20
[3995] = CNOT 20 30
[3996] = CNOT 20 22
[3997] = CNOT 20 23
[3998] = CNOT 20 24
[3999] = Z 20
[4000] = CNOT 20 24
[4001] = CNOT 20 26
[4002] = Z 20
[4003] = CNOT 20 26
[4004] = CNOT 20 30
[4005] = Z 20
[4006] = CNOT 20 30
[4007] = CNOT 20 23
[4008] = CNOT 20 24
[4009] = CNOT 20 26
[4010] = Z 20
[4011] = CNOT 20 26
[4012] = CNOT 20 30
[4013] = Z 20
[4014] = CNOT 20 24
[4015] = CNOT 20 26
[4016] = Z 20
[4017] = CNOT 20 30
[4018] = CNOT 20 26
[4019] = CNOT 21 22
[4020] = CNOT 21 23
[4021] = S 21
[4022] = CNOT 21 23
[4023] = CNOT 21 24
[4024] = S 21
[4025] = CNOT 21 24
[4026] = CNOT 21 26
[4027] = S 21
[4028] = CNOT 21 22
[4029] = CNOT 21 23
[4030] = S 21
[4031] = CNOT 21 23
[4032] = CNOT 21 24
[4033] = S 21
[4034] = CNOT 21 26
[4035] = CNOT 21 24
[4036] = CNOT 21 25
[4037] = CNOT 21 30
[4038] = S 21
[4039] = Z 21
[4040] = CNOT 21 30
[4041] = CNOT 21 25
[4042] = CNOT 22 23
[4043] = CNOT 22 24
[4044] = S 22
[4045] = CNOT 22 24
[4046] = CNOT 22 26
[4047] = Z 22
[4048] = CNOT 22 26
[4049] = CNOT 22 30
[4050] = S 22
[4051] = CNOT 22 30
[4052] = CNOT 22 23
[4053] = CNOT 22 24
[4054] = CNOT 22 26
[4055] = Z 22
[4056] = CNOT 22 26
[4057] = CNOT 22 30
[4058] = S 22
[4059] = CNOT 22 24
[4060] = CNOT 22 26
[4061] = S 22
[4062] = CNOT 22 30
[4063] = CNOT 22 26
[4064] = CNOT 23 24
[4065] = CNOT 23 25
[4066] = S 23
[4067] = Z 23
[4068] = CNOT 23 25
[4069] = CNOT 23 26
[4070] = S 23
[4071] = CNOT 23 26
[4072] = CNOT 23 30
[4073] = S 23
[4074] = Z 23
[4075] = CNOT 23 24
[4076] = CNOT 23 25
[4077] = S 23
[4078] = Z 23
[4079] = CNOT 23 25
[4080] = CNOT 23 26
[4081] = S 23
[4082] = CNOT 23 30
[4083] = CNOT 23 26
[4084] = CNOT 24 25
[4085] = CNOT 24 30
[4086] = S 24
[4087] = Z 24
[4088] = CNOT 24 25
[4089] = CNOT 24 26
[4090] = S 24
[4091] = CNOT 24 30
[4092] = CNOT 24 26
[4093] = H 5
[4094] = H 6
[4095] = H 11
[4096] = H 12
[4097] = H 19
[4098] = H 20
[4099] = H 25
[4100] = H 26
[4101] = CNOT 13 19
[4102] = CNOT 13 20
[4103] = CNOT 13 25
[4104] = CNOT 13 27
[4105] = CNOT 13 28
[4106] = T 13
[4107] = CNOT 13 28
[4108] = CNOT 13 27
[4109] = CNOT 13 25
[4110] = CNOT 13 20
[4111] = CNOT 13 19
[4112] = CNOT 25 27
[4113] = CNOT 25 28
[4114] = T 25
[4115] = S 25
[4116] = CNOT 25 28
[4117] = CNOT 25 27
[4118] = CNOT 11 19
[4119] = CNOT 11 20
[4120] = CNOT 11 25
[4121] = CNOT 11 27
[4122] = CNOT 11 28
[4123] = T 11
[4124] = CNOT 11 28
[4125] = CNOT 11 27
[4126] = CNOT 11 25
[4127] = CNOT 11 20
[4128] = CNOT 11 19
[4129] = CNOT 5 6
[4130] = CNOT 5 11
[4131] = CNOT 5 12
[4132] = CNOT 5 13
[4133] = CNOT 5 19
[4134] = CNOT 5 20
[4135] = CNOT 5 25
[4136] = CNOT 5 27
[4137] = CNOT 5 28
[4138] = T 5
[4139] = CNOT 5 14
[4140] = T 5
[4141] = CNOT 5 12
[4142] = T 5
[4143] = CNOT 5 25
[4144] = CNOT 5 19
[4145] = CNOT 5 14
[4146] = CNOT 5 11
[4147] = CNOT 25 26
[4148] = CNOT 25 27
[4149] = T 25
[4150] = Z 25
[4151] = CNOT 25 27
[4152] = CNOT 25 26
[4153] = T 28
[4154] = S 28
[4155] = T 25
[4156] = CNOT 19 20
[4157] = CNOT 19 25
[4158] = CNOT 19 26
[4159] = CNOT 19 27
[4160] = T 19
[4161] = CNOT 19 28
[4162] = T 19
[4163] = CNOT 19 28
[4164] = CNOT 19 27
[4165] = CNOT 19 26
[4166] = CNOT 19 25
[4167] = CNOT 19 20
[4168] = CNOT 25 26
[4169] = CNOT 25 27
[4170] = CNOT 25 28
[4171] = T 25
[4172] = CNOT 25 28
[4173] = CNOT 25 27
[4174] = CNOT 25 26
[4175] = T 13
[4176] = CNOT 5 19
[4177] = CNOT 5 25
[4178] = T 5
[4179] = CNOT 5 13
[4180] = T 5
[4181] = CNOT 5 11
[4182] = T 5
[4183] = CNOT 5 28
[4184] = CNOT 5 27
[4185] = CNOT 5 25
[4186] = CNOT 5 20
[4187] = CNOT 5 19
[4188] = CNOT 5 11
[4189] = CNOT 5 6
[4190] = T 14
[4191] = CNOT 11 12
[4192] = CNOT 11 13
[4193] = CNOT 11 19
[4194] = CNOT 11 20
[4195] = CNOT 11 25
[4196] = CNOT 11 27
[4197] = CNOT 11 28
[4198] = T 11
[4199] = CNOT 11 14
[4200] = T 11
[4201] = CNOT 11 12
[4202] = T 11
[4203] = CNOT 11 28
[4204] = CNOT 11 27
[4205] = CNOT 11 25
[4206] = CNOT 11 20
[4207] = CNOT 11 19
[4208] = CNOT 11 14
[4209] = CNOT 11 13
[4210] = CNOT 19 20
[4211] = CNOT 19 25
[4212] = T 19
[4213] = S 19
[4214] = CNOT 19 25
[4215] = CNOT 19 27
[4216] = T 19
[4217] = S 19
[4218] = CNOT 19 27
[4219] = T 19
[4220] = S 19
[4221] = Z 19
[4222] = CNOT 19 20
[4223] = S 5
[4224] = Z 5
[4225] = S 6
[4226] = Z 6
[4227] = S 11
[4228] = S 12
[4229] = S 19
[4230] = S 20
[4231] = Z 26
[4232] = CNOT 5 11
[4233] = S 5
[4234] = CNOT 5 11
[4235] = CNOT 5 12
[4236] = S 5
[4237] = CNOT 5 12
[4238] = CNOT 5 13
[4239] = S 5
[4240] = CNOT 5 13
[4241] = CNOT 5 14
[4242] = S 5
[4243] = CNOT 5 14
[4244] = CNOT 6 11
[4245] = S 6
[4246] = CNOT 6 11
[4247] = CNOT 6 12
[4248] = S 6
[4249] = CNOT 6 12
[4250] = CNOT 6 13
[4251] = S 6
[4252] = CNOT 6 13
[4253] = CNOT 6 14
[4254] = S 6
[4255] = CNOT 6 14
[4256] = CNOT 11 12
[4257] = S 11
[4258] = CNOT 11 12
[4259] = CNOT 11 14
[4260] = S 11
[4261] = CNOT 11 14
[4262] = CNOT 11 19
[4263] = S 11
[4264] = Z 11
[4265] = CNOT 11 19
[4266] = CNOT 11 20
[4267] = S 11
[4268] = Z 11
[4269] = CNOT 11 20
[4270] = CNOT 11 25
[4271] = S 11
[4272] = Z 11
[4273] = CNOT 11 25
[4274] = CNOT 11 27
[4275] = S 11
[4276] = Z 11
[4277] = CNOT 11 27
[4278] = CNOT 11 28
[4279] = S 11
[4280] = Z 11
[4281] = CNOT 11 28
[4282] = CNOT 12 13
[4283] = S 12
[4284] = CNOT 12 13
[4285] = CNOT 12 19
[4286] = S 12
[4287] = CNOT 12 19
[4288] = CNOT 12 20
[4289] = S 12
[4290] = CNOT 12 20
[4291] = CNOT 12 25
[4292] = S 12
[4293] = CNOT 12 25
[4294] = CNOT 12 27
[4295] = S 12
[4296] = CNOT 12 27
[4297] = CNOT 12 28
[4298] = S 12
[4299] = CNOT 12 28
[4300] = CNOT 13 14
[4301] = S 13
[4302] = CNOT 13 14
[4303] = CNOT 13 19
[4304] = S 13
[4305] = Z 13
[4306] = CNOT 13 19
[4307] = CNOT 13 20
[4308] = S 13
[4309] = Z 13
[4310] = CNOT 13 20
[4311] = CNOT 13 25
[4312] = S 13
[4313] = Z 13
[4314] = CNOT 13 25
[4315] = CNOT 13 27
[4316] = S 13
[4317] = Z 13
[4318] = CNOT 13 27
[4319] = CNOT 13 28
[4320] = S 13
[4321] = Z 13
[4322] = CNOT 13 28
[4323] = CNOT 14 19
[4324] = S 14
[4325] = CNOT 14 19
[4326] = CNOT 14 20
[4327] = S 14
[4328] = CNOT 14 20
[4329] = CNOT 14 25
[4330] = S 14
[4331] = CNOT 14 25
[4332] = CNOT 14 27
[4333] = S 14
[4334] = CNOT 14 27
[4335] = CNOT 14 28
[4336] = S 14
[4337] = CNOT 14 28
[4338] = CNOT 19 25
[4339] = S 19
[4340] = CNOT 19 25
[4341] = CNOT 19 27
[4342] = S 19
[4343] = CNOT 19 27
[4344] = CNOT 19 28
[4345] = Z 19
[4346] = CNOT 19 28
[4347] = CNOT 20 25
[4348] = S 20
[4349] = CNOT 20 25
[4350] = CNOT 20 27
[4351] = S 20
[4352] = CNOT 20 27
[4353] = CNOT 20 28
[4354] = Z 20
[4355] = CNOT 20 28
[4356] = CNOT 25 26
[4357] = S 25
[4358] = Z 25
[4359] = CNOT 25 26
[4360] = CNOT 25 27
[4361] = S 25
[4362] = Z 25
[4363] = CNOT 25 27
[4364] = CNOT 25 28
[4365] = S 25
[4366] = CNOT 25 28
[4367] = CNOT 26 27
[4368] = S 26
[4369] = Z 26
[4370] = CNOT 26 27
[4371] = CNOT 26 28
[4372] = S 26
[4373] = Z 26
[4374] = CNOT 26 28
[4375] = CNOT 27 28
[4376] = S 27
[4377] = CNOT 27 28
[4378] = CNOT 5 6
[4379] = CNOT 5 11
[4380] = Z 5
[4381] = CNOT 5 11
[4382] = CNOT 5 12
[4383] = S 5
[4384] = Z 5
[4385] = CNOT 5 12
[4386] = CNOT 5 13
[4387] = Z 5
[4388] = CNOT 5 13
[4389] = CNOT 5 14
[4390] = S 5
[4391] = Z 5
[4392] = CNOT 5 14
[4393] = CNOT 5 19
[4394] = S 5
[4395] = CNOT 5 19
[4396] = CNOT 5 20
[4397] = S 5
[4398] = CNOT 5 20
[4399] = CNOT 5 25
[4400] = S 5
[4401] = CNOT 5 25
[4402] = CNOT 5 27
[4403] = S 5
[4404] = CNOT 5 27
[4405] = CNOT 5 28
[4406] = S 5
[4407] = CNOT 5 28
[4408] = CNOT 5 6
[4409] = CNOT 5 11
[4410] = CNOT 5 12
[4411] = S 5
[4412] = Z 5
[4413] = CNOT 5 12
[4414] = CNOT 5 13
[4415] = S 5
[4416] = Z 5
[4417] = CNOT 5 13
[4418] = CNOT 5 14
[4419] = S 5
[4420] = Z 5
[4421] = CNOT 5 14
[4422] = CNOT 5 19
[4423] = Z 5
[4424] = CNOT 5 19
[4425] = CNOT 5 20
[4426] = Z 5
[4427] = CNOT 5 20
[4428] = CNOT 5 25
[4429] = Z 5
[4430] = CNOT 5 25
[4431] = CNOT 5 27
[4432] = Z 5
[4433] = CNOT 5 27
[4434] = CNOT 5 28
[4435] = Z 5
[4436] = CNOT 5 28
[4437] = CNOT 5 11
[4438] = CNOT 5 12
[4439] = CNOT 5 13
[4440] = S 5
[4441] = Z 5
[4442] = CNOT 5 13
[4443] = CNOT 5 19
[4444] = S 5
[4445] = Z 5
[4446] = CNOT 5 19
[4447] = CNOT 5 20
[4448] = S 5
[4449] = Z 5
[4450] = CNOT 5 20
[4451] = CNOT 5 25
[4452] = S 5
[4453] = Z 5
[4454] = CNOT 5 25
[4455] = CNOT 5 27
[4456] = S 5
[4457] = Z 5
[4458] = CNOT 5 27
[4459] = CNOT 5 28
[4460] = S 5
[4461] = Z 5
[4462] = CNOT 5 28
[4463] = CNOT 5 12
[4464] = CNOT 5 13
[4465] = CNOT 5 14
[4466] = S 5
[4467] = Z 5
[4468] = CNOT 5 14
[4469] = CNOT 5 19
[4470] = Z 5
[4471] = CNOT 5 19
[4472] = CNOT 5 20
[4473] = Z 5
[4474] = CNOT 5 20
[4475] = CNOT 5 25
[4476] = Z 5
[4477] = CNOT 5 25
[4478] = CNOT 5 27
[4479] = Z 5
[4480] = CNOT 5 27
[4481] = CNOT 5 28
[4482] = Z 5
[4483] = CNOT 5 28
[4484] = CNOT 5 13
[4485] = CNOT 5 14
[4486] = CNOT 5 19
[4487] = S 5
[4488] = Z 5
[4489] = CNOT 5 19
[4490] = CNOT 5 20
[4491] = S 5
[4492] = Z 5
[4493] = CNOT 5 20
[4494] = CNOT 5 25
[4495] = S 5
[4496] = Z 5
[4497] = CNOT 5 25
[4498] = CNOT 5 27
[4499] = S 5
[4500] = Z 5
[4501] = CNOT 5 27
[4502] = CNOT 5 28
[4503] = S 5
[4504] = Z 5
[4505] = CNOT 5 28
[4506] = CNOT 5 14
[4507] = CNOT 5 19
[4508] = CNOT 5 20
[4509] = S 5
[4510] = CNOT 5 20
[4511] = CNOT 5 25
[4512] = S 5
[4513] = CNOT 5 25
[4514] = CNOT 5 27
[4515] = S 5
[4516] = CNOT 5 27
[4517] = CNOT 5 28
[4518] = S 5
[4519] = CNOT 5 28
[4520] = CNOT 5 19
[4521] = CNOT 5 20
[4522] = CNOT 5 25
[4523] = S 5
[4524] = CNOT 5 25
[4525] = CNOT 5 27
[4526] = S 5
[4527] = CNOT 5 27
[4528] = CNOT 5 28
[4529] = S 5
[4530] = CNOT 5 28
[4531] = CNOT 5 20
[4532] = CNOT 5 25
[4533] = CNOT 5 27
[4534] = S 5
[4535] = CNOT 5 27
[4536] = CNOT 5 28
[4537] = S 5
[4538] = CNOT 5 25
[4539] = CNOT 5 27
[4540] = S 5
[4541] = CNOT 5 28
[4542] = CNOT 5 27
[4543] = CNOT 6 11
[4544] = CNOT 6 12
[4545] = S 6
[4546] = Z 6
[4547] = CNOT 6 12
[4548] = CNOT 6 13
[4549] = S 6
[4550] = Z 6
[4551] = CNOT 6 13
[4552] = CNOT 6 14
[4553] = S 6
[4554] = Z 6
[4555] = CNOT 6 14
[4556] = CNOT 6 19
[4557] = Z 6
[4558] = CNOT 6 19
[4559] = CNOT 6 20
[4560] = Z 6
[4561] = CNOT 6 20
[4562] = CNOT 6 25
[4563] = Z 6
[4564] = CNOT 6 25
[4565] = CNOT 6 27
[4566] = Z 6
[4567] = CNOT 6 27
[4568] = CNOT 6 28
[4569] = Z 6
[4570] = CNOT 6 28
[4571] = CNOT 6 11
[4572] = CNOT 6 12
[4573] = CNOT 6 13
[4574] = S 6
[4575] = Z 6
[4576] = CNOT 6 13
[4577] = CNOT 6 19
[4578] = S 6
[4579] = Z 6
[4580] = CNOT 6 19
[4581] = CNOT 6 20
[4582] = S 6
[4583] = Z 6
[4584] = CNOT 6 20
[4585] = CNOT 6 25
[4586] = S 6
[4587] = Z 6
[4588] = CNOT 6 25
[4589] = CNOT 6 27
[4590] = S 6
[4591] = Z 6
[4592] = CNOT 6 27
[4593] = CNOT 6 28
[4594] = S 6
[4595] = Z 6
[4596] = CNOT 6 28
[4597] = CNOT 6 12
[4598] = CNOT 6 13
[4599] = CNOT 6 14
[4600] = S 6
[4601] = Z 6
[4602] = CNOT 6 14
[4603] = CNOT 6 19
[4604] = Z 6
[4605] = CNOT 6 19
[4606] = CNOT 6 20
[4607] = Z 6
[4608] = CNOT 6 20
[4609] = CNOT 6 25
[4610] = Z 6
[4611] = CNOT 6 25
[4612] = CNOT 6 27
[4613] = Z 6
[4614] = CNOT 6 27
[4615] = CNOT 6 28
[4616] = Z 6
[4617] = CNOT 6 28
[4618] = CNOT 6 13
[4619] = CNOT 6 14
[4620] = CNOT 6 19
[4621] = S 6
[4622] = Z 6
[4623] = CNOT 6 19
[4624] = CNOT 6 20
[4625] = S 6
[4626] = Z 6
[4627] = CNOT 6 20
[4628] = CNOT 6 25
[4629] = S 6
[4630] = Z 6
[4631] = CNOT 6 25
[4632] = CNOT 6 27
[4633] = S 6
[4634] = Z 6
[4635] = CNOT 6 27
[4636] = CNOT 6 28
[4637] = S 6
[4638] = Z 6
[4639] = CNOT 6 28
[4640] = CNOT 6 14
[4641] = CNOT 6 19
[4642] = CNOT 6 20
[4643] = S 6
[4644] = CNOT 6 20
[4645] = CNOT 6 25
[4646] = S 6
[4647] = CNOT 6 25
[4648] = CNOT 6 27
[4649] = S 6
[4650] = CNOT 6 27
[4651] = CNOT 6 28
[4652] = S 6
[4653] = CNOT 6 28
[4654] = CNOT 6 19
[4655] = CNOT 6 20
[4656] = CNOT 6 25
[4657] = S 6
[4658] = CNOT 6 25
[4659] = CNOT 6 27
[4660] = S 6
[4661] = CNOT 6 27
[4662] = CNOT 6 28
[4663] = S 6
[4664] = CNOT 6 28
[4665] = CNOT 6 20
[4666] = CNOT 6 25
[4667] = CNOT 6 27
[4668] = S 6
[4669] = CNOT 6 27
[4670] = CNOT 6 28
[4671] = S 6
[4672] = CNOT 6 25
[4673] = CNOT 6 27
[4674] = S 6
[4675] = CNOT 6 28
[4676] = CNOT 6 27
[4677] = CNOT 11 12
[4678] = CNOT 11 13
[4679] = Z 11
[4680] = CNOT 11 13
[4681] = CNOT 11 14
[4682] = S 11
[4683] = Z 11
[4684] = CNOT 11 14
[4685] = CNOT 11 19
[4686] = Z 11
[4687] = CNOT 11 19
[4688] = CNOT 11 20
[4689] = Z 11
[4690] = CNOT 11 20
[4691] = CNOT 11 25
[4692] = Z 11
[4693] = CNOT 11 25
[4694] = CNOT 11 27
[4695] = Z 11
[4696] = CNOT 11 27
[4697] = CNOT 11 28
[4698] = Z 11
[4699] = CNOT 11 28
[4700] = CNOT 11 12
[4701] = CNOT 11 13
[4702] = CNOT 11 14
[4703] = Z 11
[4704] = CNOT 11 14
[4705] = CNOT 11 19
[4706] = S 11
[4707] = CNOT 11 19
[4708] = CNOT 11 20
[4709] = S 11
[4710] = CNOT 11 20
[4711] = CNOT 11 25
[4712] = S 11
[4713] = CNOT 11 25
[4714] = CNOT 11 27
[4715] = S 11
[4716] = CNOT 11 27
[4717] = CNOT 11 28
[4718] = S 11
[4719] = CNOT 11 28
[4720] = CNOT 11 13
[4721] = CNOT 11 14
[4722] = CNOT 11 19
[4723] = Z 11
[4724] = CNOT 11 19
[4725] = CNOT 11 20
[4726] = Z 11
[4727] = CNOT 11 20
[4728] = CNOT 11 25
[4729] = Z 11
[4730] = CNOT 11 25
[4731] = CNOT 11 27
[4732] = Z 11
[4733] = CNOT 11 27
[4734] = CNOT 11 28
[4735] = Z 11
[4736] = CNOT 11 28
[4737] = CNOT 11 14
[4738] = CNOT 12 13
[4739] = CNOT 12 14
[4740] = S 12
[4741] = Z 12
[4742] = CNOT 12 14
[4743] = CNOT 12 19
[4744] = Z 12
[4745] = CNOT 12 19
[4746] = CNOT 12 20
[4747] = Z 12
[4748] = CNOT 12 20
[4749] = CNOT 12 25
[4750] = Z 12
[4751] = CNOT 12 25
[4752] = CNOT 12 27
[4753] = Z 12
[4754] = CNOT 12 27
[4755] = CNOT 12 28
[4756] = Z 12
[4757] = CNOT 12 28
[4758] = CNOT 12 13
[4759] = CNOT 12 14
[4760] = CNOT 12 19
[4761] = S 12
[4762] = Z 12
[4763] = CNOT 12 19
[4764] = CNOT 12 20
[4765] = S 12
[4766] = Z 12
[4767] = CNOT 12 20
[4768] = CNOT 12 25
[4769] = S 12
[4770] = Z 12
[4771] = CNOT 12 25
[4772] = CNOT 12 27
[4773] = S 12
[4774] = Z 12
[4775] = CNOT 12 27
[4776] = CNOT 12 28
[4777] = S 12
[4778] = Z 12
[4779] = CNOT 12 28
[4780] = CNOT 12 14
[4781] = CNOT 12 19
[4782] = CNOT 12 20
[4783] = Z 12
[4784] = CNOT 12 20
[4785] = CNOT 12 25
[4786] = Z 12
[4787] = CNOT 12 25
[4788] = CNOT 12 27
[4789] = Z 12
[4790] = CNOT 12 27
[4791] = CNOT 12 28
[4792] = Z 12
[4793] = CNOT 12 28
[4794] = CNOT 12 19
[4795] = CNOT 12 20
[4796] = CNOT 12 25
[4797] = Z 12
[4798] = CNOT 12 25
[4799] = CNOT 12 27
[4800] = Z 12
[4801] = CNOT 12 27
[4802] = CNOT 12 28
[4803] = Z 12
[4804] = CNOT 12 28
[4805] = CNOT 12 20
[4806] = CNOT 12 25
[4807] = CNOT 12 27
[4808] = Z 12
[4809] = CNOT 12 27
[4810] = CNOT 12 28
[4811] = Z 12
[4812] = CNOT 12 25
[4813] = CNOT 12 27
[4814] = Z 12
[4815] = CNOT 12 28
[4816] = CNOT 12 27
[4817] = CNOT 13 14
[4818] = CNOT 13 19
[4819] = Z 13
[4820] = CNOT 13 19
[4821] = CNOT 13 20
[4822] = Z 13
[4823] = CNOT 13 20
[4824] = CNOT 13 25
[4825] = Z 13
[4826] = CNOT 13 25
[4827] = CNOT 13 27
[4828] = Z 13
[4829] = CNOT 13 27
[4830] = CNOT 13 28
[4831] = Z 13
[4832] = CNOT 13 28
[4833] = CNOT 13 14
[4834] = CNOT 14 19
[4835] = CNOT 14 20
[4836] = Z 14
[4837] = CNOT 14 20
[4838] = CNOT 14 25
[4839] = Z 14
[4840] = CNOT 14 25
[4841] = CNOT 14 27
[4842] = Z 14
[4843] = CNOT 14 27
[4844] = CNOT 14 28
[4845] = Z 14
[4846] = CNOT 14 28
[4847] = CNOT 14 19
[4848] = CNOT 14 20
[4849] = CNOT 14 25
[4850] = Z 14
[4851] = CNOT 14 25
[4852] = CNOT 14 27
[4853] = Z 14
[4854] = CNOT 14 27
[4855] = CNOT 14 28
[4856] = Z 14
[4857] = CNOT 14 28
[4858] = CNOT 14 20
[4859] = CNOT 14 25
[4860] = CNOT 14 27
[4861] = Z 14
[4862] = CNOT 14 27
[4863] = CNOT 14 28
[4864] = Z 14
[4865] = CNOT 14 25
[4866] = CNOT 14 27
[4867] = Z 14
[4868] = CNOT 14 28
[4869] = CNOT 14 27
[4870] = CNOT 19 20
[4871] = CNOT 19 26
[4872] = S 19
[4873] = Z 19
[4874] = CNOT 19 26
[4875] = CNOT 19 28
[4876] = Z 19
[4877] = CNOT 19 28
[4878] = CNOT 19 20
[4879] = CNOT 19 25
[4880] = CNOT 19 26
[4881] = S 19
[4882] = Z 19
[4883] = CNOT 19 26
[4884] = CNOT 19 27
[4885] = Z 19
[4886] = CNOT 19 27
[4887] = CNOT 19 28
[4888] = Z 19
[4889] = CNOT 19 28
[4890] = CNOT 19 25
[4891] = CNOT 19 26
[4892] = CNOT 19 27
[4893] = S 19
[4894] = Z 19
[4895] = CNOT 19 26
[4896] = CNOT 19 28
[4897] = Z 19
[4898] = CNOT 19 28
[4899] = CNOT 19 27
[4900] = CNOT 20 25
[4901] = CNOT 20 26
[4902] = S 20
[4903] = Z 20
[4904] = CNOT 20 26
[4905] = CNOT 20 27
[4906] = Z 20
[4907] = CNOT 20 27
[4908] = CNOT 20 28
[4909] = Z 20
[4910] = CNOT 20 28
[4911] = CNOT 20 25
[4912] = CNOT 20 26
[4913] = CNOT 20 27
[4914] = S 20
[4915] = Z 20
[4916] = CNOT 20 26
[4917] = CNOT 20 28
[4918] = Z 20
[4919] = CNOT 20 28
[4920] = CNOT 20 27
[4921] = CNOT 25 26
[4922] = CNOT 25 28
[4923] = S 25
[4924] = Z 25
[4925] = CNOT 25 28
[4926] = CNOT 25 26
[4927] = CNOT 26 27
[4928] = CNOT 26 28
[4929] = S 26
[4930] = Z 26
[4931] = CNOT 26 28
[4932] = CNOT 26 27
[4933] = H 13
[4934] = H 14
[4935] = H 27
[4936] = H 28
[4937] = CNOT 13 14
[4938] = CNOT 13 30
[4939] = T 13
[4940] = Z 13
[4941] = CNOT 27 30
[4942] = T 27
[4943] = S 27
[4944] = CNOT 27 30
[4945] = CNOT 13 27
[4946] = CNOT 13 29
[4947] = T 13
[4948] = CNOT 13 27
[4949] = CNOT 13 28
[4950] = T 13
[4951] = CNOT 13 30
[4952] = T 13
[4953] = CNOT 13 28
[4954] = T 13
[4955] = Z 13
[4956] = CNOT 13 29
[4957] = CNOT 28 29
[4958] = CNOT 28 30
[4959] = T 28
[4960] = S 28
[4961] = Z 28
[4962] = CNOT 28 30
[4963] = T 28
[4964] = S 28
[4965] = CNOT 28 29
[4966] = CNOT 13 27
[4967] = CNOT 13 30
[4968] = T 13
[4969] = CNOT 13 30
[4970] = CNOT 13 27
[4971] = CNOT 13 14
[4972] = CNOT 27 29
[4973] = CNOT 27 30
[4974] = T 27
[4975] = S 27
[4976] = Z 27
[4977] = CNOT 27 30
[4978] = CNOT 27 29
[4979] = S 13
[4980] = Z 13
[4981] = S 14
[4982] = Z 14
[4983] = S 27
[4984] = S 28
[4985] = S 29
[4986] = Z 29
[4987] = S 30
[4988] = Z 30
[4989] = CNOT 13 14
[4990] = S 13
[4991] = CNOT 13 14
[4992] = CNOT 13 27
[4993] = S 13
[4994] = Z 13
[4995] = CNOT 13 27
[4996] = CNOT 13 28
[4997] = S 13
[4998] = Z 13
[4999] = CNOT 13 28
[5000] = CNOT 13 29
[5001] = Z 13
[5002] = CNOT 13 29
[5003] = CNOT 13 30
[5004] = Z 13
[5005] = CNOT 13 30
[5006] = CNOT 14 27
[5007] = S 14
[5008] = Z 14
[5009] = CNOT 14 27
[5010] = CNOT 14 28
[5011] = S 14
[5012] = Z 14
[5013] = CNOT 14 28
[5014] = CNOT 14 29
[5015] = Z 14
[5016] = CNOT 14 29
[5017] = CNOT 14 30
[5018] = Z 14
[5019] = CNOT 14 30
[5020] = CNOT 27 29
[5021] = Z 27
[5022] = CNOT 27 29
[5023] = CNOT 28 30
[5024] = Z 28
[5025] = CNOT 28 30
[5026] = CNOT 29 30
[5027] = Z 29
[5028] = CNOT 29 30
[5029] = CNOT 13 14
[5030] = CNOT 13 27
[5031] = S 13
[5032] = Z 13
[5033] = CNOT 13 27
[5034] = CNOT 13 28
[5035] = S 13
[5036] = Z 13
[5037] = CNOT 13 28
[5038] = CNOT 13 14
[5039] = CNOT 13 27
[5040] = CNOT 13 30
[5041] = S 13
[5042] = Z 13
[5043] = CNOT 13 30
[5044] = CNOT 13 27
[5045] = CNOT 13 28
[5046] = CNOT 13 29
[5047] = S 13
[5048] = Z 13
[5049] = CNOT 13 28
[5050] = CNOT 13 30
[5051] = S 13
[5052] = Z 13
[5053] = CNOT 13 30
[5054] = CNOT 13 29
[5055] = CNOT 14 27
[5056] = CNOT 14 30
[5057] = S 14
[5058] = Z 14
[5059] = CNOT 14 30
[5060] = CNOT 14 27
[5061] = CNOT 14 28
[5062] = CNOT 14 29
[5063] = S 14
[5064] = Z 14
[5065] = CNOT 14 28
[5066] = CNOT 14 30
[5067] = S 14
[5068] = Z 14
[5069] = CNOT 14 30
[5070] = CNOT 14 29
[5071] = H 29
[5072] = H 30
Gate distributions:
Input:
Operator distribution:
Total number of qubits = 30
Number of `data' qubits = 30
Number of `Toff_n' ancillas = 0
Number of Hadamard ancillas = 0
Hadamard ancilla cap = 0
Number of {CNOT,T} partitions = 3
T count = 196
Cost estimation = 98028
	id	Count
	0	0
	1	0
	2	0
	3	28
	4	0
	5	0
	6	0
	7	0
	8	0
	9	0
	10	28
	11	0
	12	0
	13	0
	14	0
	15	0
	16	0
	17	0
	18	0
Output:
Operator distribution:
Total number of qubits = 30
Number of `data' qubits = 30
Number of `Toff_n' ancillas = 0
Number of Hadamard ancillas = 0
Hadamard ancilla cap = 0
Number of {CNOT,T} partitions = 3
T count = 79
Cost estimation = 44494
	id	Count
	0	0
	1	0
	2	0
	3	28
	4	3226
	5	79
	6	0
	7	0
	8	0
	9	0
	10	0
	11	854
	12	0
	13	886
	14	0
	15	0
	16	0
	17	0
	18	0
Output T Count (SQC_Circuit) = 79
Output T Count (PhasePolynomial) = 79
Fail count = 0

Execution time: 7.51685s
Number of LCL errors: 0
Number of LCL warnings: 0
