Optimize a Clifford + T circuit.
Input filename = /home/ryo-mtmt/TOpt/forme/tpar_benchmark/ham15-low.tfc
Number of unknown gates = 0
Number of unknown qubit labels = 0
Circuit filename: /home/ryo-mtmt/TOpt/forme/tpar_benchmark/ham15-low.tfc

n 17
n_x 17
n_y 0
n_z 0
m 201
[0] = CNOT 12 14
[1] = CNOT 1 11
[2] = CNOT 6 11
[3] = CNOT 7 11
[4] = CNOT 8 11
[5] = CNOT 14 12
[6] = CNOT 9 13
[7] = CNOT 12 13
[8] = CNOT 8 9
[9] = CNOT 5 9
[10] = H 9
[11] = CCZ 12 13 9
[12] = H 9
[13] = CNOT 5 9
[14] = CNOT 8 9
[15] = CNOT 1 15
[16] = CNOT 7 15
[17] = CNOT 9 15
[18] = CNOT 14 15
[19] = CNOT 4 13
[20] = H 13
[21] = CCZ 14 15 13
[22] = H 13
[23] = CNOT 14 13
[24] = CNOT 4 13
[25] = H 15
[26] = CCZ 13 14 15
[27] = H 15
[28] = CNOT 11 13
[29] = H 13
[30] = CCZ 14 15 13
[31] = H 13
[32] = CNOT 9 11
[33] = CNOT 10 11
[34] = CNOT 5 11
[35] = CNOT 11 13
[36] = CNOT 4 11
[37] = CNOT 3 11
[38] = CNOT 2 11
[39] = H 17
[40] = CCZ 12 13 17
[41] = H 17
[42] = H 16
[43] = CCZ 17 14 16
[44] = H 16
[45] = H 11
[46] = CCZ 16 15 11
[47] = H 11
[48] = H 16
[49] = CCZ 17 14 16
[50] = H 16
[51] = H 17
[52] = CCZ 12 13 17
[53] = H 17
[54] = CNOT 10 11
[55] = CNOT 7 11
[56] = CNOT 5 11
[57] = CNOT 4 11
[58] = CNOT 3 11
[59] = CNOT 2 11
[60] = CNOT 11 12
[61] = H 16
[62] = CCZ 13 14 16
[63] = H 16
[64] = H 12
[65] = CCZ 16 15 12
[66] = H 12
[67] = H 16
[68] = CCZ 13 14 16
[69] = H 16
[70] = CNOT 6 11
[71] = CNOT 11 12
[72] = CNOT 8 13
[73] = CNOT 11 14
[74] = CNOT 13 12
[75] = H 16
[76] = CCZ 13 14 16
[77] = H 16
[78] = H 12
[79] = CCZ 16 15 12
[80] = H 12
[81] = H 16
[82] = CCZ 13 14 16
[83] = H 16
[84] = CNOT 13 12
[85] = CNOT 6 12
[86] = CNOT 10 13
[87] = CNOT 5 14
[88] = CNOT 4 14
[89] = CNOT 3 14
[90] = H 16
[91] = CCZ 12 13 16
[92] = H 16
[93] = H 14
[94] = CCZ 16 15 14
[95] = H 14
[96] = H 16
[97] = CCZ 12 13 16
[98] = H 16
[99] = CNOT 11 14
[100] = CNOT 1 11
[101] = CNOT 9 11
[102] = CNOT 4 14
[103] = CNOT 3 14
[104] = CNOT 3 13
[105] = CNOT 1 13
[106] = H 13
[107] = CCZ 12 15 13
[108] = H 13
[109] = CNOT 8 13
[110] = CNOT 3 13
[111] = CNOT 14 15
[112] = CNOT 5 14
[113] = CNOT 11 15
[114] = CNOT 8 11
[115] = CNOT 7 15
[116] = H 16
[117] = CCZ 12 13 16
[118] = H 16
[119] = H 15
[120] = CCZ 16 14 15
[121] = H 15
[122] = H 16
[123] = CCZ 12 13 16
[124] = H 16
[125] = CNOT 13 15
[126] = CNOT 5 13
[127] = CNOT 1 13
[128] = CNOT 12 15
[129] = CNOT 11 15
[130] = CNOT 7 15
[131] = H 15
[132] = CCZ 12 14 15
[133] = H 15
[134] = CNOT 14 15
[135] = CNOT 12 15
[136] = CNOT 15 11
[137] = CNOT 11 14
[138] = CNOT 14 11
[139] = CNOT 7 14
[140] = CNOT 10 14
[141] = CNOT 14 10
[142] = CNOT 13 9
[143] = CNOT 9 10
[144] = CNOT 12 8
[145] = CNOT 8 9
[146] = CNOT 11 7
[147] = CNOT 7 8
[148] = CNOT 10 7
[149] = CNOT 6 10
[150] = CNOT 10 6
[151] = CNOT 9 6
[152] = CNOT 5 9
[153] = CNOT 9 5
[154] = CNOT 8 5
[155] = CNOT 4 8
[156] = CNOT 8 4
[157] = CNOT 7 4
[158] = CNOT 3 7
[159] = CNOT 7 3
[160] = CNOT 6 3
[161] = CNOT 2 6
[162] = CNOT 6 2
[163] = CNOT 5 2
[164] = CNOT 1 5
[165] = CNOT 5 1
[166] = CNOT 4 1

Algorithm used: lx2_dynamic_repair_chi_packed_aa_sketch_noreuse_30

UniversalOptimize begin.
	Gate synthesis begin.
A_BMS
BMSparse object. Dims: 51x135
5263 2157 3506 2156 2155 3504 2154 5122 5121 6606 6065 6604 6605 6064 4038 5119 4037 6608 3362 3363 2822 6465 5655 6734 2008 5247 2007 4166 1870 4164 3025 1997 3024 5337 6128 3023 3280 1995 6210 3292 3425 2796 1991 2075 1818 4131 6393 4337 2795 5182 3018 1990 3962 5086 1532 3285 1530 4871 4634 1529 1528 1527 4091 3063 1526 4090 3062 6394 1525 5709 5708 3030 5194 5707 6464 1595 3287 2205 1531 4691 4498 3957 2672 1925 1923 3947 4204 5978 2732 2731 2988 1703 6263 4485 4999 5706 3674 6663 3417 2768 5473 3671 5470 5004 5676 5679 1537 4621 1536 4874 5137 2978 5675 3669 5680 5896 1568 4736 5899 3194 4461 5002 4873 3250 2222 4021 3480 2870 3538 4620 2997 3373 5537 3481 3247 2733 2990 2833 5538 3672 6212 4737 5536 6618 3534 5031 2981 4206 4460 4203 2206 4519 6623 5000 4342 2834 5539 4998 4340 3055 4633 2982 4339 4738 5976 2730 2987 1702 2984 4740 5153 5003 4876 2076 1535 2734 2829 6075 4202 5230 1924 2723 6129 3302 4478 3193 3407 2379 4692 5032 2868 3249 2830 5535 6076 4020 2994 3535 1993 2995 3536 5335 3019 6265 1676 1811 3353 2351 1580 1677 1812 2353 2123 1582 1544 3029 5085 3164 1545 1546 3166 1817 4130 1813 5059 3057 1975 2223 3305 3174 1551 3980 4521 5196 1955 3037 5336 3172 3038 2769 5339 3040 3041 2767 5472 3043 5475 3316 1696 2237 3320 1697 2238 2236 3318 2239 1700 1701 2377 5895 1567 3190 2676 1976 3056 5897 1569 3192 1978 3060 2930 1581 4693 1988 2932 3473 2124 1989 4694 5654 4572 1867 3340 4556 4557 1998 4162 2675 1593 4163 1999 1592 2674 3352 5656 1869 

[Dynamic Basis Local Repair TODD + Chi Compression + Packed + AA + Sketch-before-Basis + No Basis Reuse] Base: lx2_dynamic_repair_chi_packed_aa | sketch percent=30
--- Round 0 | Current Columns: 135 ---
  [HIT!] Pair(40,113) x-weight=1 | 135 -> 127 columns
--- Round 1 | Current Columns: 127 ---
  [HIT!] Pair(40,96) x-weight=1 | 127 -> 121 columns
--- Round 2 | Current Columns: 121 ---
  [HIT!] Pair(42,106) x-weight=1 | 121 -> 109 columns
--- Round 3 | Current Columns: 109 ---
  [HIT!] Pair(60,93) x-weight=1 | 109 -> 107 columns
--- Round 4 | Current Columns: 107 ---
  [HIT!] Pair(44,99) x-weight=1 | 107 -> 105 columns
--- Round 5 | Current Columns: 105 ---
  [HIT!] Pair(23,66) x-weight=1 | 105 -> 101 columns
--- Round 6 | Current Columns: 101 ---
  [HIT!] Pair(31,78) x-weight=1 | 101 -> 99 columns
--- Round 7 | Current Columns: 99 ---
  [HIT!] Pair(35,41) x-weight=1 | 99 -> 97 columns
--- Round 8 | Current Columns: 97 ---
  [HIT!] Pair(4,96) x-weight=1 | 97 -> 94 columns
--- Round 9 | Current Columns: 94 ---
  [HIT!] Pair(18,25) x-weight=2 | 94 -> 90 columns
--- Round 10 | Current Columns: 90 ---
  [HIT!] Pair(29,39) x-weight=2 | 90 -> 88 columns
--- Round 11 | Current Columns: 88 ---
  [HIT!] Pair(25,37) x-weight=2 | 88 -> 86 columns
--- Round 12 | Current Columns: 86 ---
  [HIT!] Pair(27,54) x-weight=2 | 86 -> 84 columns
--- Round 13 | Current Columns: 84 ---
  [HIT!] Pair(46,63) x-weight=3 | 84 -> 82 columns
--- Round 14 | Current Columns: 82 ---
  [HIT!] Pair(41,77) x-weight=3 | 82 -> 80 columns
--- Round 15 | Current Columns: 80 ---
  [HIT!] Pair(57,62) x-weight=3 | 80 -> 78 columns
--- Round 16 | Current Columns: 78 ---

=== Dynamic Basis Local Repair Chi Packed AA Sketch Summary ===
Algorithm       : LempelX2_DynamicBasisLocalRepairChiPackedAASketchNoReuse
Initial T-count : 135
Final T-count   : 78
Total Reduced   : 57 gates
Execution Time  : 9368 ms
Pairs tested    : 4279
Sketch filtered : 4202
Sketch skip reuse: 0
Reuse mem reject: 0
Reuse NS runs   : 0
Reuse no pair y : 0
Reuse no reduce : 0
Reuse reduced   : 0
Filtered miss   : 61
Nullspace runs  : 16
Rebuild count   : 77
Local add count : 0
AA Table time   : 0.711 ms
Sketch time     : 9071.25 ms
Sketch build time: 1054.13 ms
Sketch basis time: 23.689 ms
Sketch mem time : 0 ms
Sketch other time: 7993.44 ms
Chi update time : 204.017 ms
Basis work time : 204.017 ms
Nullspace time  : 23.566 ms
Sketch rej rate : 98.2005%
Avg sketch rows : 11372.6
Avg sketch basis: 76.4094
Avg affected    : 0 rows
Avg active rows : 11993.2
=============================================================
		TODD executed in 9.35769 seconds.
		Total time: 9.37986s
	Gate synthesis end.
	Total time: 23.8796s
UniversalOptimize end.
Output circuit:
n 51
n_x 17
n_y 0
n_z 34
m 3201
[0] = H 17
[1] = H 16
[2] = H 18
[3] = H 19
[4] = H 20
[5] = H 21
[6] = H 22
[7] = H 23
[8] = H 24
[9] = H 25
[10] = H 26
[11] = H 27
[12] = H 28
[13] = H 29
[14] = H 30
[15] = H 31
[16] = H 32
[17] = H 33
[18] = H 34
[19] = H 35
[20] = H 36
[21] = H 37
[22] = H 38
[23] = H 39
[24] = H 40
[25] = H 41
[26] = H 42
[27] = H 43
[28] = H 44
[29] = H 45
[30] = H 46
[31] = H 47
[32] = H 48
[33] = H 49
[34] = H 50
[35] = H 51
[36] = CNOT 14 17
[37] = CNOT 14 42
[38] = CNOT 14 47
[39] = T 14
[40] = CNOT 14 47
[41] = T 14
[42] = S 14
[43] = CNOT 14 46
[44] = CNOT 14 47
[45] = T 14
[46] = CNOT 14 47
[47] = CNOT 14 50
[48] = T 14
[49] = CNOT 14 42
[50] = CNOT 12 13
[51] = CNOT 12 17
[52] = CNOT 12 21
[53] = CNOT 12 22
[54] = T 12
[55] = CNOT 12 22
[56] = CNOT 12 34
[57] = CNOT 12 35
[58] = CNOT 12 38
[59] = CNOT 12 43
[60] = T 12
[61] = CNOT 12 38
[62] = T 12
[63] = CNOT 12 43
[64] = CNOT 12 34
[65] = CNOT 12 25
[66] = CNOT 12 38
[67] = CNOT 12 39
[68] = T 12
[69] = CNOT 12 39
[70] = CNOT 14 23
[71] = T 14
[72] = CNOT 14 50
[73] = CNOT 14 46
[74] = CNOT 12 43
[75] = T 12
[76] = CNOT 12 38
[77] = T 12
[78] = CNOT 12 43
[79] = CNOT 12 35
[80] = CNOT 12 25
[81] = CNOT 12 21
[82] = CNOT 14 28
[83] = CNOT 14 36
[84] = CNOT 14 37
[85] = CNOT 14 38
[86] = T 14
[87] = CNOT 14 37
[88] = T 14
[89] = CNOT 14 23
[90] = CNOT 14 37
[91] = T 14
[92] = CNOT 14 36
[93] = CNOT 14 23
[94] = T 14
[95] = CNOT 14 37
[96] = CNOT 14 23
[97] = CNOT 14 36
[98] = T 14
[99] = CNOT 14 36
[100] = CNOT 14 37
[101] = T 14
[102] = CNOT 14 38
[103] = CNOT 14 37
[104] = CNOT 14 23
[105] = CNOT 14 27
[106] = CNOT 14 33
[107] = T 14
[108] = CNOT 14 23
[109] = CNOT 12 15
[110] = CNOT 12 20
[111] = CNOT 12 22
[112] = T 12
[113] = CNOT 12 15
[114] = T 14
[115] = CNOT 14 23
[116] = CNOT 14 32
[117] = T 14
[118] = CNOT 14 33
[119] = CNOT 14 32
[120] = CNOT 14 27
[121] = CNOT 14 44
[122] = T 14
[123] = CNOT 14 44
[124] = CNOT 14 23
[125] = CNOT 14 27
[126] = CNOT 14 32
[127] = CNOT 14 33
[128] = T 14
[129] = CNOT 14 33
[130] = CNOT 14 32
[131] = CNOT 14 28
[132] = T 12
[133] = CNOT 12 22
[134] = CNOT 12 20
[135] = CNOT 12 13
[136] = CNOT 14 23
[137] = T 14
[138] = CNOT 14 27
[139] = CNOT 14 23
[140] = CNOT 14 17
[141] = CNOT 14 25
[142] = CNOT 14 31
[143] = T 14
[144] = CNOT 14 31
[145] = CNOT 14 25
[146] = CNOT 14 17
[147] = CNOT 14 27
[148] = T 14
[149] = Z 14
[150] = CNOT 14 27
[151] = CNOT 13 15
[152] = CNOT 13 16
[153] = CNOT 13 17
[154] = CNOT 13 23
[155] = CNOT 13 24
[156] = CNOT 13 35
[157] = T 13
[158] = CNOT 13 35
[159] = CNOT 13 24
[160] = CNOT 13 23
[161] = CNOT 13 17
[162] = CNOT 13 16
[163] = CNOT 13 15
[164] = CNOT 14 23
[165] = CNOT 14 28
[166] = CNOT 14 38
[167] = CNOT 14 44
[168] = T 14
[169] = CNOT 14 23
[170] = CNOT 12 13
[171] = CNOT 12 21
[172] = CNOT 12 25
[173] = CNOT 12 30
[174] = CNOT 12 35
[175] = T 12
[176] = CNOT 12 35
[177] = CNOT 12 30
[178] = CNOT 12 25
[179] = CNOT 12 34
[180] = T 12
[181] = CNOT 12 34
[182] = CNOT 12 13
[183] = CNOT 13 15
[184] = CNOT 13 17
[185] = CNOT 13 25
[186] = CNOT 13 35
[187] = CNOT 13 39
[188] = T 13
[189] = CNOT 13 39
[190] = CNOT 13 35
[191] = CNOT 13 25
[192] = CNOT 13 17
[193] = CNOT 13 15
[194] = CNOT 12 13
[195] = CNOT 12 26
[196] = CNOT 12 30
[197] = CNOT 12 35
[198] = T 12
[199] = CNOT 12 35
[200] = CNOT 12 30
[201] = CNOT 12 26
[202] = CNOT 12 21
[203] = CNOT 12 17
[204] = CNOT 12 13
[205] = CNOT 13 15
[206] = CNOT 13 17
[207] = CNOT 13 21
[208] = CNOT 13 22
[209] = T 13
[210] = CNOT 13 22
[211] = T 13
[212] = CNOT 13 21
[213] = CNOT 13 16
[214] = CNOT 13 26
[215] = CNOT 13 35
[216] = T 13
[217] = CNOT 13 26
[218] = CNOT 14 45
[219] = T 14
[220] = CNOT 14 38
[221] = CNOT 13 23
[222] = T 13
[223] = CNOT 13 23
[224] = T 14
[225] = CNOT 14 45
[226] = CNOT 13 24
[227] = T 13
[228] = CNOT 13 35
[229] = CNOT 13 24
[230] = CNOT 13 17
[231] = CNOT 13 16
[232] = CNOT 13 15
[233] = CNOT 14 38
[234] = CNOT 14 43
[235] = CNOT 14 49
[236] = T 14
[237] = CNOT 14 49
[238] = CNOT 14 44
[239] = CNOT 14 43
[240] = CNOT 14 28
[241] = CNOT 12 13
[242] = CNOT 12 31
[243] = T 12
[244] = S 12
[245] = Z 12
[246] = CNOT 12 31
[247] = CNOT 12 13
[248] = CNOT 14 42
[249] = CNOT 14 46
[250] = CNOT 14 48
[251] = T 14
[252] = CNOT 14 50
[253] = T 14
[254] = CNOT 14 50
[255] = CNOT 14 48
[256] = CNOT 14 46
[257] = CNOT 14 42
[258] = CNOT 14 38
[259] = CNOT 14 17
[260] = CNOT 13 15
[261] = CNOT 13 17
[262] = CNOT 13 20
[263] = CNOT 13 22
[264] = T 13
[265] = CNOT 13 22
[266] = CNOT 13 20
[267] = CNOT 13 34
[268] = CNOT 13 35
[269] = CNOT 13 39
[270] = T 13
[271] = CNOT 13 39
[272] = CNOT 13 35
[273] = CNOT 13 34
[274] = CNOT 13 15
[275] = CNOT 12 17
[276] = CNOT 12 25
[277] = T 12
[278] = S 12
[279] = CNOT 13 14
[280] = CNOT 13 25
[281] = T 13
[282] = CNOT 13 25
[283] = CNOT 13 14
[284] = CNOT 14 17
[285] = CNOT 14 23
[286] = CNOT 14 38
[287] = CNOT 14 46
[288] = CNOT 14 48
[289] = CNOT 14 50
[290] = T 14
[291] = CNOT 14 50
[292] = T 14
[293] = CNOT 14 48
[294] = CNOT 14 46
[295] = CNOT 14 38
[296] = CNOT 14 23
[297] = CNOT 14 17
[298] = CNOT 14 31
[299] = T 14
[300] = S 14
[301] = CNOT 14 31
[302] = CNOT 14 17
[303] = CNOT 14 28
[304] = CNOT 14 43
[305] = CNOT 14 44
[306] = CNOT 14 49
[307] = T 14
[308] = CNOT 14 49
[309] = CNOT 14 44
[310] = CNOT 14 43
[311] = CNOT 14 28
[312] = CNOT 13 20
[313] = CNOT 13 22
[314] = T 13
[315] = CNOT 13 22
[316] = CNOT 13 20
[317] = CNOT 13 17
[318] = CNOT 14 23
[319] = CNOT 14 47
[320] = T 14
[321] = CNOT 12 13
[322] = CNOT 12 18
[323] = T 12
[324] = CNOT 12 25
[325] = CNOT 12 18
[326] = CNOT 14 46
[327] = T 14
[328] = CNOT 14 47
[329] = CNOT 14 46
[330] = CNOT 14 23
[331] = CNOT 14 18
[332] = CNOT 14 25
[333] = T 14
[334] = CNOT 14 25
[335] = CNOT 14 18
[336] = CNOT 14 17
[337] = CNOT 12 16
[338] = CNOT 12 21
[339] = CNOT 12 26
[340] = CNOT 12 35
[341] = T 12
[342] = CNOT 12 35
[343] = CNOT 12 26
[344] = CNOT 12 21
[345] = CNOT 12 16
[346] = CNOT 12 13
[347] = CNOT 13 14
[348] = CNOT 13 17
[349] = CNOT 13 18
[350] = CNOT 13 25
[351] = T 13
[352] = CNOT 13 25
[353] = CNOT 13 18
[354] = CNOT 13 17
[355] = CNOT 13 14
[356] = CNOT 14 17
[357] = CNOT 14 28
[358] = CNOT 14 43
[359] = CNOT 14 44
[360] = CNOT 14 45
[361] = CNOT 14 49
[362] = T 14
[363] = CNOT 12 13
[364] = CNOT 12 15
[365] = CNOT 12 22
[366] = T 12
[367] = CNOT 12 22
[368] = CNOT 12 15
[369] = CNOT 12 13
[370] = CNOT 14 38
[371] = T 14
[372] = CNOT 14 49
[373] = CNOT 14 45
[374] = CNOT 14 44
[375] = CNOT 14 43
[376] = CNOT 14 38
[377] = CNOT 13 15
[378] = CNOT 13 17
[379] = CNOT 13 26
[380] = CNOT 13 30
[381] = CNOT 13 35
[382] = T 13
[383] = CNOT 13 35
[384] = CNOT 13 30
[385] = CNOT 13 26
[386] = CNOT 13 17
[387] = CNOT 13 15
[388] = CNOT 12 18
[389] = CNOT 12 25
[390] = T 12
[391] = CNOT 12 25
[392] = CNOT 12 18
[393] = CNOT 12 13
[394] = CNOT 12 21
[395] = CNOT 12 34
[396] = CNOT 12 35
[397] = CNOT 12 38
[398] = CNOT 12 39
[399] = T 12
[400] = CNOT 12 39
[401] = CNOT 12 38
[402] = CNOT 12 34
[403] = CNOT 12 13
[404] = CNOT 13 15
[405] = CNOT 13 17
[406] = CNOT 13 25
[407] = CNOT 13 30
[408] = CNOT 13 35
[409] = T 13
[410] = CNOT 13 35
[411] = CNOT 13 30
[412] = CNOT 13 25
[413] = CNOT 13 34
[414] = T 13
[415] = CNOT 13 34
[416] = CNOT 13 17
[417] = CNOT 13 15
[418] = CNOT 12 13
[419] = CNOT 12 16
[420] = CNOT 12 23
[421] = CNOT 12 24
[422] = T 12
[423] = CNOT 12 24
[424] = T 12
[425] = CNOT 12 23
[426] = CNOT 12 24
[427] = T 12
[428] = CNOT 12 35
[429] = CNOT 12 24
[430] = CNOT 12 21
[431] = CNOT 12 17
[432] = CNOT 12 16
[433] = CNOT 12 13
[434] = CNOT 14 23
[435] = CNOT 14 27
[436] = CNOT 14 32
[437] = CNOT 14 40
[438] = CNOT 14 41
[439] = T 14
[440] = CNOT 14 41
[441] = T 14
[442] = CNOT 14 23
[443] = CNOT 14 41
[444] = T 14
[445] = CNOT 14 40
[446] = CNOT 14 23
[447] = T 14
[448] = CNOT 14 41
[449] = CNOT 14 23
[450] = CNOT 14 40
[451] = T 14
[452] = CNOT 14 40
[453] = CNOT 14 41
[454] = T 14
[455] = CNOT 14 41
[456] = CNOT 14 32
[457] = CNOT 14 28
[458] = CNOT 14 27
[459] = CNOT 14 17
[460] = CNOT 13 17
[461] = CNOT 13 22
[462] = T 13
[463] = CNOT 13 22
[464] = CNOT 13 17
[465] = CNOT 12 13
[466] = CNOT 12 25
[467] = CNOT 12 31
[468] = T 12
[469] = CNOT 12 31
[470] = CNOT 12 25
[471] = CNOT 12 13
[472] = Z 9
[473] = S 11
[474] = Z 12
[475] = S 13
[476] = Z 13
[477] = Z 14
[478] = Z 16
[479] = S 17
[480] = Z 17
[481] = S 19
[482] = Z 19
[483] = Z 20
[484] = S 21
[485] = S 22
[486] = Z 22
[487] = Z 23
[488] = S 24
[489] = Z 24
[490] = S 25
[491] = S 26
[492] = Z 26
[493] = S 27
[494] = S 29
[495] = Z 29
[496] = S 30
[497] = Z 30
[498] = S 33
[499] = Z 35
[500] = Z 36
[501] = Z 37
[502] = S 38
[503] = Z 38
[504] = Z 39
[505] = Z 40
[506] = S 41
[507] = S 42
[508] = S 43
[509] = Z 44
[510] = S 45
[511] = S 46
[512] = Z 46
[513] = S 47
[514] = S 48
[515] = S 49
[516] = Z 49
[517] = S 50
[518] = Z 50
[519] = S 51
[520] = Z 51
[521] = CNOT 9 13
[522] = S 9
[523] = CNOT 9 13
[524] = CNOT 9 18
[525] = Z 9
[526] = CNOT 9 18
[527] = CNOT 11 21
[528] = S 11
[529] = CNOT 11 21
[530] = CNOT 11 25
[531] = S 11
[532] = CNOT 11 25
[533] = CNOT 11 28
[534] = S 11
[535] = Z 11
[536] = CNOT 11 28
[537] = CNOT 12 13
[538] = S 12
[539] = Z 12
[540] = CNOT 12 13
[541] = CNOT 12 14
[542] = S 12
[543] = CNOT 12 14
[544] = CNOT 12 15
[545] = Z 12
[546] = CNOT 12 15
[547] = CNOT 12 17
[548] = S 12
[549] = CNOT 12 17
[550] = CNOT 12 20
[551] = S 12
[552] = CNOT 12 20
[553] = CNOT 12 22
[554] = S 12
[555] = CNOT 12 22
[556] = CNOT 12 23
[557] = Z 12
[558] = CNOT 12 23
[559] = CNOT 12 24
[560] = Z 12
[561] = CNOT 12 24
[562] = CNOT 12 26
[563] = S 12
[564] = CNOT 12 26
[565] = CNOT 12 30
[566] = S 12
[567] = CNOT 12 30
[568] = CNOT 12 31
[569] = Z 12
[570] = CNOT 12 31
[571] = CNOT 12 33
[572] = S 12
[573] = Z 12
[574] = CNOT 12 33
[575] = CNOT 12 34
[576] = S 12
[577] = Z 12
[578] = CNOT 12 34
[579] = CNOT 12 35
[580] = S 12
[581] = CNOT 12 35
[582] = CNOT 12 38
[583] = Z 12
[584] = CNOT 12 38
[585] = CNOT 12 39
[586] = Z 12
[587] = CNOT 12 39
[588] = CNOT 12 41
[589] = S 12
[590] = Z 12
[591] = CNOT 12 41
[592] = CNOT 12 43
[593] = S 12
[594] = CNOT 12 43
[595] = CNOT 13 14
[596] = S 13
[597] = CNOT 13 14
[598] = CNOT 13 16
[599] = S 13
[600] = Z 13
[601] = CNOT 13 16
[602] = CNOT 13 20
[603] = S 13
[604] = CNOT 13 20
[605] = CNOT 13 21
[606] = Z 13
[607] = CNOT 13 21
[608] = CNOT 13 22
[609] = S 13
[610] = Z 13
[611] = CNOT 13 22
[612] = CNOT 13 26
[613] = S 13
[614] = Z 13
[615] = CNOT 13 26
[616] = CNOT 13 30
[617] = S 13
[618] = Z 13
[619] = CNOT 13 30
[620] = CNOT 13 31
[621] = Z 13
[622] = CNOT 13 31
[623] = CNOT 13 33
[624] = S 13
[625] = Z 13
[626] = CNOT 13 33
[627] = CNOT 13 35
[628] = S 13
[629] = Z 13
[630] = CNOT 13 35
[631] = CNOT 13 38
[632] = Z 13
[633] = CNOT 13 38
[634] = CNOT 13 43
[635] = S 13
[636] = CNOT 13 43
[637] = CNOT 14 17
[638] = S 14
[639] = CNOT 14 17
[640] = CNOT 14 25
[641] = S 14
[642] = CNOT 14 25
[643] = CNOT 14 27
[644] = Z 14
[645] = CNOT 14 27
[646] = CNOT 14 28
[647] = S 14
[648] = Z 14
[649] = CNOT 14 28
[650] = CNOT 14 32
[651] = S 14
[652] = Z 14
[653] = CNOT 14 32
[654] = CNOT 14 33
[655] = S 14
[656] = CNOT 14 33
[657] = CNOT 14 36
[658] = Z 14
[659] = CNOT 14 36
[660] = CNOT 14 37
[661] = Z 14
[662] = CNOT 14 37
[663] = CNOT 14 38
[664] = S 14
[665] = CNOT 14 38
[666] = CNOT 14 44
[667] = S 14
[668] = CNOT 14 44
[669] = CNOT 14 45
[670] = S 14
[671] = Z 14
[672] = CNOT 14 45
[673] = CNOT 14 46
[674] = S 14
[675] = Z 14
[676] = CNOT 14 46
[677] = CNOT 14 47
[678] = S 14
[679] = Z 14
[680] = CNOT 14 47
[681] = CNOT 14 48
[682] = S 14
[683] = Z 14
[684] = CNOT 14 48
[685] = CNOT 14 50
[686] = Z 14
[687] = CNOT 14 50
[688] = CNOT 15 16
[689] = Z 15
[690] = CNOT 15 16
[691] = CNOT 15 20
[692] = Z 15
[693] = CNOT 15 20
[694] = CNOT 15 21
[695] = S 15
[696] = CNOT 15 21
[697] = CNOT 15 22
[698] = Z 15
[699] = CNOT 15 22
[700] = CNOT 15 23
[701] = S 15
[702] = CNOT 15 23
[703] = CNOT 15 24
[704] = S 15
[705] = CNOT 15 24
[706] = CNOT 15 25
[707] = S 15
[708] = Z 15
[709] = CNOT 15 25
[710] = CNOT 15 34
[711] = S 15
[712] = Z 15
[713] = CNOT 15 34
[714] = CNOT 15 35
[715] = S 15
[716] = Z 15
[717] = CNOT 15 35
[718] = CNOT 15 41
[719] = S 15
[720] = Z 15
[721] = CNOT 15 41
[722] = CNOT 16 17
[723] = S 16
[724] = Z 16
[725] = CNOT 16 17
[726] = CNOT 16 27
[727] = S 16
[728] = CNOT 16 27
[729] = CNOT 16 35
[730] = S 16
[731] = Z 16
[732] = CNOT 16 35
[733] = CNOT 17 18
[734] = S 17
[735] = Z 17
[736] = CNOT 17 18
[737] = CNOT 17 21
[738] = Z 17
[739] = CNOT 17 21
[740] = CNOT 17 22
[741] = S 17
[742] = Z 17
[743] = CNOT 17 22
[744] = CNOT 17 25
[745] = Z 17
[746] = CNOT 17 25
[747] = CNOT 17 27
[748] = Z 17
[749] = CNOT 17 27
[750] = CNOT 17 28
[751] = S 17
[752] = Z 17
[753] = CNOT 17 28
[754] = CNOT 17 30
[755] = S 17
[756] = Z 17
[757] = CNOT 17 30
[758] = CNOT 17 32
[759] = S 17
[760] = Z 17
[761] = CNOT 17 32
[762] = CNOT 17 33
[763] = Z 17
[764] = CNOT 17 33
[765] = CNOT 17 35
[766] = S 17
[767] = Z 17
[768] = CNOT 17 35
[769] = CNOT 17 36
[770] = Z 17
[771] = CNOT 17 36
[772] = CNOT 17 37
[773] = Z 17
[774] = CNOT 17 37
[775] = CNOT 17 38
[776] = S 17
[777] = Z 17
[778] = CNOT 17 38
[779] = CNOT 17 43
[780] = S 17
[781] = CNOT 17 43
[782] = CNOT 17 44
[783] = S 17
[784] = CNOT 17 44
[785] = CNOT 17 45
[786] = S 17
[787] = Z 17
[788] = CNOT 17 45
[789] = CNOT 17 46
[790] = S 17
[791] = Z 17
[792] = CNOT 17 46
[793] = CNOT 17 47
[794] = S 17
[795] = Z 17
[796] = CNOT 17 47
[797] = CNOT 17 48
[798] = S 17
[799] = Z 17
[800] = CNOT 17 48
[801] = CNOT 17 50
[802] = Z 17
[803] = CNOT 17 50
[804] = CNOT 18 19
[805] = S 18
[806] = CNOT 18 19
[807] = CNOT 18 25
[808] = S 18
[809] = Z 18
[810] = CNOT 18 25
[811] = CNOT 20 21
[812] = S 20
[813] = CNOT 20 21
[814] = CNOT 21 22
[815] = Z 21
[816] = CNOT 21 22
[817] = CNOT 21 23
[818] = Z 21
[819] = CNOT 21 23
[820] = CNOT 21 24
[821] = S 21
[822] = Z 21
[823] = CNOT 21 24
[824] = CNOT 21 26
[825] = S 21
[826] = CNOT 21 26
[827] = CNOT 21 28
[828] = S 21
[829] = Z 21
[830] = CNOT 21 28
[831] = CNOT 21 30
[832] = S 21
[833] = CNOT 21 30
[834] = CNOT 21 34
[835] = S 21
[836] = Z 21
[837] = CNOT 21 34
[838] = CNOT 21 35
[839] = S 21
[840] = CNOT 21 35
[841] = CNOT 21 38
[842] = Z 21
[843] = CNOT 21 38
[844] = CNOT 21 39
[845] = Z 21
[846] = CNOT 21 39
[847] = CNOT 21 41
[848] = S 21
[849] = Z 21
[850] = CNOT 21 41
[851] = CNOT 21 43
[852] = S 21
[853] = CNOT 21 43
[854] = CNOT 22 23
[855] = S 22
[856] = CNOT 22 23
[857] = CNOT 23 24
[858] = S 23
[859] = CNOT 23 24
[860] = CNOT 23 28
[861] = S 23
[862] = Z 23
[863] = CNOT 23 28
[864] = CNOT 23 33
[865] = S 23
[866] = CNOT 23 33
[867] = CNOT 23 36
[868] = S 23
[869] = CNOT 23 36
[870] = CNOT 23 37
[871] = S 23
[872] = CNOT 23 37
[873] = CNOT 23 38
[874] = S 23
[875] = Z 23
[876] = CNOT 23 38
[877] = CNOT 23 40
[878] = Z 23
[879] = CNOT 23 40
[880] = CNOT 23 41
[881] = Z 23
[882] = CNOT 23 41
[883] = CNOT 23 46
[884] = S 23
[885] = CNOT 23 46
[886] = CNOT 23 48
[887] = S 23
[888] = CNOT 23 48
[889] = CNOT 24 25
[890] = S 24
[891] = CNOT 24 25
[892] = CNOT 25 28
[893] = S 25
[894] = Z 25
[895] = CNOT 25 28
[896] = CNOT 25 31
[897] = S 25
[898] = CNOT 25 31
[899] = CNOT 25 34
[900] = S 25
[901] = CNOT 25 34
[902] = CNOT 25 35
[903] = S 25
[904] = Z 25
[905] = CNOT 25 35
[906] = CNOT 25 38
[907] = S 25
[908] = CNOT 25 38
[909] = CNOT 25 39
[910] = S 25
[911] = CNOT 25 39
[912] = CNOT 25 43
[913] = S 25
[914] = Z 25
[915] = CNOT 25 43
[916] = CNOT 25 44
[917] = S 25
[918] = Z 25
[919] = CNOT 25 44
[920] = CNOT 26 31
[921] = S 26
[922] = CNOT 26 31
[923] = CNOT 26 35
[924] = S 26
[925] = Z 26
[926] = CNOT 26 35
[927] = CNOT 27 28
[928] = S 27
[929] = Z 27
[930] = CNOT 27 28
[931] = CNOT 27 30
[932] = S 27
[933] = CNOT 27 30
[934] = CNOT 27 32
[935] = S 27
[936] = Z 27
[937] = CNOT 27 32
[938] = CNOT 27 33
[939] = Z 27
[940] = CNOT 27 33
[941] = CNOT 28 29
[942] = S 28
[943] = CNOT 28 29
[944] = CNOT 28 32
[945] = S 28
[946] = Z 28
[947] = CNOT 28 32
[948] = CNOT 28 33
[949] = Z 28
[950] = CNOT 28 33
[951] = CNOT 28 36
[952] = Z 28
[953] = CNOT 28 36
[954] = CNOT 28 37
[955] = Z 28
[956] = CNOT 28 37
[957] = CNOT 28 38
[958] = Z 28
[959] = CNOT 28 38
[960] = CNOT 28 44
[961] = S 28
[962] = CNOT 28 44
[963] = CNOT 28 45
[964] = S 28
[965] = Z 28
[966] = CNOT 28 45
[967] = CNOT 30 32
[968] = S 30
[969] = CNOT 30 32
[970] = CNOT 30 35
[971] = S 30
[972] = Z 30
[973] = CNOT 30 35
[974] = CNOT 32 33
[975] = S 32
[976] = CNOT 32 33
[977] = CNOT 32 35
[978] = S 32
[979] = CNOT 32 35
[980] = CNOT 33 34
[981] = S 33
[982] = CNOT 33 34
[983] = CNOT 34 35
[984] = S 34
[985] = Z 34
[986] = CNOT 34 35
[987] = CNOT 34 37
[988] = S 34
[989] = CNOT 34 37
[990] = CNOT 34 38
[991] = S 34
[992] = CNOT 34 38
[993] = CNOT 34 39
[994] = S 34
[995] = CNOT 34 39
[996] = CNOT 34 43
[997] = S 34
[998] = Z 34
[999] = CNOT 34 43
[1000] = CNOT 34 44
[1001] = S 34
[1002] = Z 34
[1003] = CNOT 34 44
[1004] = CNOT 35 36
[1005] = S 35
[1006] = CNOT 35 36
[1007] = CNOT 35 38
[1008] = Z 35
[1009] = CNOT 35 38
[1010] = CNOT 35 43
[1011] = S 35
[1012] = CNOT 35 43
[1013] = CNOT 36 37
[1014] = S 36
[1015] = CNOT 36 37
[1016] = CNOT 36 38
[1017] = Z 36
[1018] = CNOT 36 38
[1019] = CNOT 36 39
[1020] = S 36
[1021] = CNOT 36 39
[1022] = CNOT 37 38
[1023] = S 37
[1024] = Z 37
[1025] = CNOT 37 38
[1026] = CNOT 38 39
[1027] = S 38
[1028] = CNOT 38 39
[1029] = CNOT 38 42
[1030] = S 38
[1031] = CNOT 38 42
[1032] = CNOT 38 43
[1033] = S 38
[1034] = Z 38
[1035] = CNOT 38 43
[1036] = CNOT 38 44
[1037] = Z 38
[1038] = CNOT 38 44
[1039] = CNOT 38 45
[1040] = S 38
[1041] = CNOT 38 45
[1042] = CNOT 38 46
[1043] = S 38
[1044] = Z 38
[1045] = CNOT 38 46
[1046] = CNOT 38 48
[1047] = S 38
[1048] = Z 38
[1049] = CNOT 38 48
[1050] = CNOT 38 49
[1051] = Z 38
[1052] = CNOT 38 49
[1053] = CNOT 38 50
[1054] = S 38
[1055] = CNOT 38 50
[1056] = CNOT 39 40
[1057] = S 39
[1058] = CNOT 39 40
[1059] = CNOT 40 41
[1060] = Z 40
[1061] = CNOT 40 41
[1062] = CNOT 40 43
[1063] = S 40
[1064] = CNOT 40 43
[1065] = CNOT 41 42
[1066] = S 41
[1067] = CNOT 41 42
[1068] = CNOT 42 46
[1069] = S 42
[1070] = CNOT 42 46
[1071] = CNOT 42 47
[1072] = S 42
[1073] = Z 42
[1074] = CNOT 42 47
[1075] = CNOT 42 48
[1076] = S 42
[1077] = CNOT 42 48
[1078] = CNOT 43 45
[1079] = Z 43
[1080] = CNOT 43 45
[1081] = CNOT 43 46
[1082] = S 43
[1083] = CNOT 43 46
[1084] = CNOT 45 49
[1085] = Z 45
[1086] = CNOT 45 49
[1087] = CNOT 46 47
[1088] = S 46
[1089] = Z 46
[1090] = CNOT 46 47
[1091] = CNOT 46 48
[1092] = S 46
[1093] = Z 46
[1094] = CNOT 46 48
[1095] = CNOT 46 49
[1096] = S 46
[1097] = CNOT 46 49
[1098] = CNOT 46 50
[1099] = Z 46
[1100] = CNOT 46 50
[1101] = CNOT 47 48
[1102] = S 47
[1103] = CNOT 47 48
[1104] = CNOT 48 50
[1105] = Z 48
[1106] = CNOT 48 50
[1107] = CNOT 50 51
[1108] = S 50
[1109] = CNOT 50 51
[1110] = CNOT 9 13
[1111] = CNOT 9 18
[1112] = S 9
[1113] = Z 9
[1114] = CNOT 9 18
[1115] = CNOT 9 13
[1116] = CNOT 11 21
[1117] = CNOT 11 28
[1118] = S 11
[1119] = Z 11
[1120] = CNOT 11 21
[1121] = CNOT 11 25
[1122] = S 11
[1123] = Z 11
[1124] = CNOT 11 28
[1125] = CNOT 11 25
[1126] = CNOT 12 13
[1127] = CNOT 12 15
[1128] = S 12
[1129] = Z 12
[1130] = CNOT 12 15
[1131] = CNOT 12 16
[1132] = Z 12
[1133] = CNOT 12 16
[1134] = CNOT 12 17
[1135] = S 12
[1136] = Z 12
[1137] = CNOT 12 17
[1138] = CNOT 12 18
[1139] = S 12
[1140] = Z 12
[1141] = CNOT 12 18
[1142] = CNOT 12 20
[1143] = S 12
[1144] = Z 12
[1145] = CNOT 12 20
[1146] = CNOT 12 21
[1147] = S 12
[1148] = CNOT 12 21
[1149] = CNOT 12 22
[1150] = Z 12
[1151] = CNOT 12 22
[1152] = CNOT 12 23
[1153] = S 12
[1154] = Z 12
[1155] = CNOT 12 23
[1156] = CNOT 12 24
[1157] = S 12
[1158] = Z 12
[1159] = CNOT 12 24
[1160] = CNOT 12 25
[1161] = S 12
[1162] = CNOT 12 25
[1163] = CNOT 12 26
[1164] = S 12
[1165] = Z 12
[1166] = CNOT 12 26
[1167] = CNOT 12 30
[1168] = S 12
[1169] = Z 12
[1170] = CNOT 12 30
[1171] = CNOT 12 33
[1172] = S 12
[1173] = Z 12
[1174] = CNOT 12 33
[1175] = CNOT 12 34
[1176] = Z 12
[1177] = CNOT 12 34
[1178] = CNOT 12 35
[1179] = Z 12
[1180] = CNOT 12 35
[1181] = CNOT 12 38
[1182] = Z 12
[1183] = CNOT 12 38
[1184] = CNOT 12 39
[1185] = S 12
[1186] = Z 12
[1187] = CNOT 12 39
[1188] = CNOT 12 43
[1189] = Z 12
[1190] = CNOT 12 43
[1191] = CNOT 12 13
[1192] = CNOT 12 14
[1193] = CNOT 12 33
[1194] = S 12
[1195] = Z 12
[1196] = CNOT 12 33
[1197] = CNOT 12 14
[1198] = CNOT 12 15
[1199] = CNOT 12 17
[1200] = S 12
[1201] = Z 12
[1202] = CNOT 12 17
[1203] = CNOT 12 20
[1204] = S 12
[1205] = Z 12
[1206] = CNOT 12 20
[1207] = CNOT 12 22
[1208] = S 12
[1209] = Z 12
[1210] = CNOT 12 22
[1211] = CNOT 12 41
[1212] = S 12
[1213] = Z 12
[1214] = CNOT 12 41
[1215] = CNOT 12 15
[1216] = CNOT 12 16
[1217] = CNOT 12 17
[1218] = Z 12
[1219] = CNOT 12 17
[1220] = CNOT 12 21
[1221] = Z 12
[1222] = CNOT 12 21
[1223] = CNOT 12 23
[1224] = S 12
[1225] = Z 12
[1226] = CNOT 12 23
[1227] = CNOT 12 24
[1228] = S 12
[1229] = Z 12
[1230] = CNOT 12 24
[1231] = CNOT 12 35
[1232] = Z 12
[1233] = CNOT 12 35
[1234] = CNOT 12 16
[1235] = CNOT 12 17
[1236] = CNOT 12 18
[1237] = S 12
[1238] = Z 12
[1239] = CNOT 12 18
[1240] = CNOT 12 20
[1241] = S 12
[1242] = Z 12
[1243] = CNOT 12 20
[1244] = CNOT 12 21
[1245] = S 12
[1246] = CNOT 12 21
[1247] = CNOT 12 22
[1248] = Z 12
[1249] = CNOT 12 22
[1250] = CNOT 12 23
[1251] = S 12
[1252] = Z 12
[1253] = CNOT 12 23
[1254] = CNOT 12 24
[1255] = S 12
[1256] = Z 12
[1257] = CNOT 12 24
[1258] = CNOT 12 26
[1259] = S 12
[1260] = Z 12
[1261] = CNOT 12 26
[1262] = CNOT 12 30
[1263] = S 12
[1264] = Z 12
[1265] = CNOT 12 30
[1266] = CNOT 12 34
[1267] = Z 12
[1268] = CNOT 12 34
[1269] = CNOT 12 35
[1270] = Z 12
[1271] = CNOT 12 35
[1272] = CNOT 12 38
[1273] = Z 12
[1274] = CNOT 12 38
[1275] = CNOT 12 39
[1276] = S 12
[1277] = Z 12
[1278] = CNOT 12 39
[1279] = CNOT 12 43
[1280] = Z 12
[1281] = CNOT 12 43
[1282] = CNOT 12 17
[1283] = CNOT 12 18
[1284] = CNOT 12 25
[1285] = S 12
[1286] = Z 12
[1287] = CNOT 12 25
[1288] = CNOT 12 18
[1289] = CNOT 12 20
[1290] = CNOT 12 22
[1291] = S 12
[1292] = Z 12
[1293] = CNOT 12 20
[1294] = CNOT 12 21
[1295] = S 12
[1296] = Z 12
[1297] = CNOT 12 22
[1298] = CNOT 12 23
[1299] = S 12
[1300] = Z 12
[1301] = CNOT 12 23
[1302] = CNOT 12 24
[1303] = S 12
[1304] = Z 12
[1305] = CNOT 12 24
[1306] = CNOT 12 25
[1307] = Z 12
[1308] = CNOT 12 25
[1309] = CNOT 12 26
[1310] = S 12
[1311] = Z 12
[1312] = CNOT 12 26
[1313] = CNOT 12 30
[1314] = S 12
[1315] = Z 12
[1316] = CNOT 12 30
[1317] = CNOT 12 34
[1318] = Z 12
[1319] = CNOT 12 34
[1320] = CNOT 12 35
[1321] = Z 12
[1322] = CNOT 12 35
[1323] = CNOT 12 38
[1324] = Z 12
[1325] = CNOT 12 38
[1326] = CNOT 12 39
[1327] = S 12
[1328] = Z 12
[1329] = CNOT 12 39
[1330] = CNOT 12 41
[1331] = S 12
[1332] = Z 12
[1333] = CNOT 12 41
[1334] = CNOT 12 43
[1335] = Z 12
[1336] = CNOT 12 43
[1337] = CNOT 12 21
[1338] = CNOT 12 23
[1339] = CNOT 12 35
[1340] = S 12
[1341] = Z 12
[1342] = CNOT 12 23
[1343] = CNOT 12 24
[1344] = S 12
[1345] = Z 12
[1346] = CNOT 12 24
[1347] = CNOT 12 25
[1348] = S 12
[1349] = Z 12
[1350] = CNOT 12 35
[1351] = CNOT 12 38
[1352] = S 12
[1353] = Z 12
[1354] = CNOT 12 38
[1355] = CNOT 12 43
[1356] = S 12
[1357] = Z 12
[1358] = CNOT 12 43
[1359] = CNOT 12 25
[1360] = CNOT 12 26
[1361] = CNOT 12 35
[1362] = S 12
[1363] = Z 12
[1364] = CNOT 12 26
[1365] = CNOT 12 30
[1366] = S 12
[1367] = Z 12
[1368] = CNOT 12 30
[1369] = CNOT 12 34
[1370] = S 12
[1371] = Z 12
[1372] = CNOT 12 35
[1373] = CNOT 12 38
[1374] = S 12
[1375] = Z 12
[1376] = CNOT 12 38
[1377] = CNOT 12 43
[1378] = S 12
[1379] = Z 12
[1380] = CNOT 12 43
[1381] = CNOT 12 34
[1382] = CNOT 12 35
[1383] = CNOT 12 38
[1384] = Z 12
[1385] = CNOT 12 38
[1386] = CNOT 12 39
[1387] = S 12
[1388] = Z 12
[1389] = CNOT 12 39
[1390] = CNOT 12 43
[1391] = Z 12
[1392] = CNOT 12 43
[1393] = CNOT 12 35
[1394] = CNOT 12 38
[1395] = CNOT 12 39
[1396] = S 12
[1397] = Z 12
[1398] = CNOT 12 39
[1399] = CNOT 12 43
[1400] = S 12
[1401] = Z 12
[1402] = CNOT 12 43
[1403] = CNOT 12 38
[1404] = CNOT 13 14
[1405] = CNOT 13 17
[1406] = S 13
[1407] = Z 13
[1408] = CNOT 13 17
[1409] = CNOT 13 18
[1410] = S 13
[1411] = Z 13
[1412] = CNOT 13 18
[1413] = CNOT 13 25
[1414] = S 13
[1415] = Z 13
[1416] = CNOT 13 25
[1417] = CNOT 13 33
[1418] = S 13
[1419] = Z 13
[1420] = CNOT 13 33
[1421] = CNOT 13 14
[1422] = CNOT 13 15
[1423] = CNOT 13 16
[1424] = Z 13
[1425] = CNOT 13 16
[1426] = CNOT 13 17
[1427] = S 13
[1428] = CNOT 13 17
[1429] = CNOT 13 20
[1430] = S 13
[1431] = Z 13
[1432] = CNOT 13 20
[1433] = CNOT 13 21
[1434] = S 13
[1435] = Z 13
[1436] = CNOT 13 21
[1437] = CNOT 13 22
[1438] = Z 13
[1439] = CNOT 13 22
[1440] = CNOT 13 23
[1441] = S 13
[1442] = Z 13
[1443] = CNOT 13 23
[1444] = CNOT 13 24
[1445] = S 13
[1446] = Z 13
[1447] = CNOT 13 24
[1448] = CNOT 13 25
[1449] = S 13
[1450] = Z 13
[1451] = CNOT 13 25
[1452] = CNOT 13 26
[1453] = S 13
[1454] = Z 13
[1455] = CNOT 13 26
[1456] = CNOT 13 30
[1457] = S 13
[1458] = Z 13
[1459] = CNOT 13 30
[1460] = CNOT 13 34
[1461] = S 13
[1462] = Z 13
[1463] = CNOT 13 34
[1464] = CNOT 13 39
[1465] = S 13
[1466] = Z 13
[1467] = CNOT 13 39
[1468] = CNOT 13 15
[1469] = CNOT 13 16
[1470] = CNOT 13 21
[1471] = Z 13
[1472] = CNOT 13 21
[1473] = CNOT 13 23
[1474] = Z 13
[1475] = CNOT 13 23
[1476] = CNOT 13 24
[1477] = Z 13
[1478] = CNOT 13 24
[1479] = CNOT 13 26
[1480] = S 13
[1481] = Z 13
[1482] = CNOT 13 26
[1483] = CNOT 13 16
[1484] = CNOT 13 17
[1485] = CNOT 13 18
[1486] = S 13
[1487] = Z 13
[1488] = CNOT 13 18
[1489] = CNOT 13 20
[1490] = Z 13
[1491] = CNOT 13 20
[1492] = CNOT 13 23
[1493] = Z 13
[1494] = CNOT 13 23
[1495] = CNOT 13 24
[1496] = Z 13
[1497] = CNOT 13 24
[1498] = CNOT 13 26
[1499] = Z 13
[1500] = CNOT 13 26
[1501] = CNOT 13 30
[1502] = Z 13
[1503] = CNOT 13 30
[1504] = CNOT 13 34
[1505] = S 13
[1506] = CNOT 13 34
[1507] = CNOT 13 35
[1508] = Z 13
[1509] = CNOT 13 35
[1510] = CNOT 13 38
[1511] = Z 13
[1512] = CNOT 13 38
[1513] = CNOT 13 39
[1514] = Z 13
[1515] = CNOT 13 39
[1516] = CNOT 13 43
[1517] = Z 13
[1518] = CNOT 13 43
[1519] = CNOT 13 17
[1520] = CNOT 13 18
[1521] = CNOT 13 25
[1522] = S 13
[1523] = Z 13
[1524] = CNOT 13 25
[1525] = CNOT 13 18
[1526] = CNOT 13 20
[1527] = CNOT 13 22
[1528] = Z 13
[1529] = CNOT 13 20
[1530] = CNOT 13 21
[1531] = S 13
[1532] = Z 13
[1533] = CNOT 13 22
[1534] = CNOT 13 23
[1535] = S 13
[1536] = Z 13
[1537] = CNOT 13 23
[1538] = CNOT 13 24
[1539] = S 13
[1540] = Z 13
[1541] = CNOT 13 24
[1542] = CNOT 13 25
[1543] = Z 13
[1544] = CNOT 13 25
[1545] = CNOT 13 26
[1546] = S 13
[1547] = Z 13
[1548] = CNOT 13 26
[1549] = CNOT 13 30
[1550] = S 13
[1551] = Z 13
[1552] = CNOT 13 30
[1553] = CNOT 13 34
[1554] = Z 13
[1555] = CNOT 13 34
[1556] = CNOT 13 35
[1557] = Z 13
[1558] = CNOT 13 35
[1559] = CNOT 13 38
[1560] = Z 13
[1561] = CNOT 13 38
[1562] = CNOT 13 39
[1563] = S 13
[1564] = Z 13
[1565] = CNOT 13 39
[1566] = CNOT 13 43
[1567] = Z 13
[1568] = CNOT 13 43
[1569] = CNOT 13 21
[1570] = CNOT 13 23
[1571] = CNOT 13 24
[1572] = S 13
[1573] = Z 13
[1574] = CNOT 13 24
[1575] = CNOT 13 35
[1576] = Z 13
[1577] = CNOT 13 23
[1578] = CNOT 13 24
[1579] = Z 13
[1580] = CNOT 13 35
[1581] = CNOT 13 24
[1582] = CNOT 13 25
[1583] = CNOT 13 30
[1584] = S 13
[1585] = Z 13
[1586] = CNOT 13 30
[1587] = CNOT 13 35
[1588] = S 13
[1589] = CNOT 13 35
[1590] = CNOT 13 38
[1591] = S 13
[1592] = Z 13
[1593] = CNOT 13 38
[1594] = CNOT 13 39
[1595] = S 13
[1596] = Z 13
[1597] = CNOT 13 39
[1598] = CNOT 13 43
[1599] = S 13
[1600] = Z 13
[1601] = CNOT 13 43
[1602] = CNOT 13 25
[1603] = CNOT 13 26
[1604] = CNOT 13 30
[1605] = S 13
[1606] = Z 13
[1607] = CNOT 13 30
[1608] = CNOT 13 35
[1609] = Z 13
[1610] = CNOT 13 26
[1611] = CNOT 13 30
[1612] = Z 13
[1613] = CNOT 13 30
[1614] = CNOT 13 34
[1615] = Z 13
[1616] = CNOT 13 35
[1617] = CNOT 13 38
[1618] = S 13
[1619] = Z 13
[1620] = CNOT 13 38
[1621] = CNOT 13 39
[1622] = S 13
[1623] = Z 13
[1624] = CNOT 13 39
[1625] = CNOT 13 43
[1626] = S 13
[1627] = Z 13
[1628] = CNOT 13 43
[1629] = CNOT 13 34
[1630] = CNOT 13 35
[1631] = CNOT 13 38
[1632] = Z 13
[1633] = CNOT 13 38
[1634] = CNOT 13 39
[1635] = Z 13
[1636] = CNOT 13 39
[1637] = CNOT 13 43
[1638] = Z 13
[1639] = CNOT 13 43
[1640] = CNOT 13 35
[1641] = CNOT 13 38
[1642] = CNOT 13 39
[1643] = S 13
[1644] = Z 13
[1645] = CNOT 13 39
[1646] = CNOT 13 43
[1647] = S 13
[1648] = Z 13
[1649] = CNOT 13 43
[1650] = CNOT 13 38
[1651] = CNOT 14 17
[1652] = CNOT 14 18
[1653] = S 14
[1654] = Z 14
[1655] = CNOT 14 18
[1656] = CNOT 14 25
[1657] = S 14
[1658] = Z 14
[1659] = CNOT 14 25
[1660] = CNOT 14 33
[1661] = Z 14
[1662] = CNOT 14 33
[1663] = CNOT 14 36
[1664] = Z 14
[1665] = CNOT 14 36
[1666] = CNOT 14 37
[1667] = Z 14
[1668] = CNOT 14 37
[1669] = CNOT 14 38
[1670] = S 14
[1671] = CNOT 14 38
[1672] = CNOT 14 40
[1673] = Z 14
[1674] = CNOT 14 40
[1675] = CNOT 14 41
[1676] = Z 14
[1677] = CNOT 14 41
[1678] = CNOT 14 43
[1679] = Z 14
[1680] = CNOT 14 43
[1681] = CNOT 14 45
[1682] = Z 14
[1683] = CNOT 14 45
[1684] = CNOT 14 47
[1685] = Z 14
[1686] = CNOT 14 47
[1687] = CNOT 14 48
[1688] = Z 14
[1689] = CNOT 14 48
[1690] = CNOT 14 49
[1691] = Z 14
[1692] = CNOT 14 49
[1693] = CNOT 14 50
[1694] = Z 14
[1695] = CNOT 14 50
[1696] = CNOT 14 17
[1697] = CNOT 14 18
[1698] = CNOT 14 25
[1699] = S 14
[1700] = Z 14
[1701] = CNOT 14 25
[1702] = CNOT 14 18
[1703] = CNOT 14 23
[1704] = CNOT 14 27
[1705] = S 14
[1706] = CNOT 14 27
[1707] = CNOT 14 28
[1708] = S 14
[1709] = Z 14
[1710] = CNOT 14 28
[1711] = CNOT 14 32
[1712] = Z 14
[1713] = CNOT 14 32
[1714] = CNOT 14 33
[1715] = S 14
[1716] = Z 14
[1717] = CNOT 14 33
[1718] = CNOT 14 36
[1719] = S 14
[1720] = Z 14
[1721] = CNOT 14 36
[1722] = CNOT 14 37
[1723] = S 14
[1724] = Z 14
[1725] = CNOT 14 37
[1726] = CNOT 14 38
[1727] = S 14
[1728] = CNOT 14 38
[1729] = CNOT 14 40
[1730] = S 14
[1731] = Z 14
[1732] = CNOT 14 40
[1733] = CNOT 14 41
[1734] = S 14
[1735] = Z 14
[1736] = CNOT 14 41
[1737] = CNOT 14 44
[1738] = S 14
[1739] = Z 14
[1740] = CNOT 14 44
[1741] = CNOT 14 46
[1742] = Z 14
[1743] = CNOT 14 46
[1744] = CNOT 14 47
[1745] = S 14
[1746] = Z 14
[1747] = CNOT 14 47
[1748] = CNOT 14 48
[1749] = S 14
[1750] = Z 14
[1751] = CNOT 14 48
[1752] = CNOT 14 50
[1753] = S 14
[1754] = Z 14
[1755] = CNOT 14 50
[1756] = CNOT 14 23
[1757] = CNOT 14 27
[1758] = CNOT 14 28
[1759] = S 14
[1760] = Z 14
[1761] = CNOT 14 28
[1762] = CNOT 14 33
[1763] = Z 14
[1764] = CNOT 14 33
[1765] = CNOT 14 40
[1766] = Z 14
[1767] = CNOT 14 40
[1768] = CNOT 14 41
[1769] = Z 14
[1770] = CNOT 14 41
[1771] = CNOT 14 27
[1772] = CNOT 14 28
[1773] = CNOT 14 33
[1774] = Z 14
[1775] = CNOT 14 33
[1776] = CNOT 14 36
[1777] = Z 14
[1778] = CNOT 14 36
[1779] = CNOT 14 37
[1780] = Z 14
[1781] = CNOT 14 37
[1782] = CNOT 14 38
[1783] = S 14
[1784] = Z 14
[1785] = CNOT 14 38
[1786] = CNOT 14 40
[1787] = Z 14
[1788] = CNOT 14 40
[1789] = CNOT 14 41
[1790] = Z 14
[1791] = CNOT 14 41
[1792] = CNOT 14 43
[1793] = Z 14
[1794] = CNOT 14 43
[1795] = CNOT 14 45
[1796] = Z 14
[1797] = CNOT 14 45
[1798] = CNOT 14 49
[1799] = Z 14
[1800] = CNOT 14 49
[1801] = CNOT 14 28
[1802] = CNOT 14 32
[1803] = CNOT 14 33
[1804] = S 14
[1805] = Z 14
[1806] = CNOT 14 33
[1807] = CNOT 14 40
[1808] = Z 14
[1809] = CNOT 14 40
[1810] = CNOT 14 41
[1811] = Z 14
[1812] = CNOT 14 41
[1813] = CNOT 14 32
[1814] = CNOT 14 36
[1815] = CNOT 14 37
[1816] = S 14
[1817] = Z 14
[1818] = CNOT 14 37
[1819] = CNOT 14 38
[1820] = Z 14
[1821] = CNOT 14 36
[1822] = CNOT 14 37
[1823] = Z 14
[1824] = CNOT 14 37
[1825] = CNOT 14 42
[1826] = S 14
[1827] = Z 14
[1828] = CNOT 14 42
[1829] = CNOT 14 43
[1830] = S 14
[1831] = Z 14
[1832] = CNOT 14 43
[1833] = CNOT 14 44
[1834] = Z 14
[1835] = CNOT 14 44
[1836] = CNOT 14 45
[1837] = S 14
[1838] = Z 14
[1839] = CNOT 14 45
[1840] = CNOT 14 46
[1841] = Z 14
[1842] = CNOT 14 46
[1843] = CNOT 14 48
[1844] = Z 14
[1845] = CNOT 14 48
[1846] = CNOT 14 49
[1847] = S 14
[1848] = Z 14
[1849] = CNOT 14 49
[1850] = CNOT 14 50
[1851] = S 14
[1852] = Z 14
[1853] = CNOT 14 50
[1854] = CNOT 14 38
[1855] = CNOT 14 40
[1856] = CNOT 14 41
[1857] = S 14
[1858] = Z 14
[1859] = CNOT 14 41
[1860] = CNOT 14 40
[1861] = CNOT 14 42
[1862] = CNOT 14 46
[1863] = Z 14
[1864] = CNOT 14 46
[1865] = CNOT 14 47
[1866] = S 14
[1867] = Z 14
[1868] = CNOT 14 47
[1869] = CNOT 14 48
[1870] = S 14
[1871] = Z 14
[1872] = CNOT 14 48
[1873] = CNOT 14 50
[1874] = S 14
[1875] = Z 14
[1876] = CNOT 14 50
[1877] = CNOT 14 42
[1878] = CNOT 14 43
[1879] = CNOT 14 44
[1880] = Z 14
[1881] = CNOT 14 44
[1882] = CNOT 14 45
[1883] = S 14
[1884] = Z 14
[1885] = CNOT 14 45
[1886] = CNOT 14 49
[1887] = Z 14
[1888] = CNOT 14 49
[1889] = CNOT 14 43
[1890] = CNOT 14 44
[1891] = CNOT 14 45
[1892] = Z 14
[1893] = CNOT 14 45
[1894] = CNOT 14 49
[1895] = Z 14
[1896] = CNOT 14 44
[1897] = CNOT 14 45
[1898] = S 14
[1899] = Z 14
[1900] = CNOT 14 49
[1901] = CNOT 14 45
[1902] = CNOT 14 46
[1903] = CNOT 14 47
[1904] = S 14
[1905] = Z 14
[1906] = CNOT 14 47
[1907] = CNOT 14 48
[1908] = Z 14
[1909] = CNOT 14 48
[1910] = CNOT 14 50
[1911] = Z 14
[1912] = CNOT 14 46
[1913] = CNOT 14 48
[1914] = S 14
[1915] = Z 14
[1916] = CNOT 14 50
[1917] = CNOT 14 48
[1918] = CNOT 15 16
[1919] = CNOT 15 17
[1920] = Z 15
[1921] = CNOT 15 17
[1922] = CNOT 15 23
[1923] = S 15
[1924] = Z 15
[1925] = CNOT 15 23
[1926] = CNOT 15 24
[1927] = S 15
[1928] = Z 15
[1929] = CNOT 15 24
[1930] = CNOT 15 35
[1931] = Z 15
[1932] = CNOT 15 35
[1933] = CNOT 15 16
[1934] = CNOT 15 17
[1935] = CNOT 15 20
[1936] = S 15
[1937] = Z 15
[1938] = CNOT 15 20
[1939] = CNOT 15 21
[1940] = S 15
[1941] = Z 15
[1942] = CNOT 15 21
[1943] = CNOT 15 22
[1944] = Z 15
[1945] = CNOT 15 22
[1946] = CNOT 15 23
[1947] = S 15
[1948] = Z 15
[1949] = CNOT 15 23
[1950] = CNOT 15 24
[1951] = S 15
[1952] = Z 15
[1953] = CNOT 15 24
[1954] = CNOT 15 25
[1955] = S 15
[1956] = Z 15
[1957] = CNOT 15 25
[1958] = CNOT 15 26
[1959] = S 15
[1960] = Z 15
[1961] = CNOT 15 26
[1962] = CNOT 15 30
[1963] = S 15
[1964] = Z 15
[1965] = CNOT 15 30
[1966] = CNOT 15 34
[1967] = S 15
[1968] = Z 15
[1969] = CNOT 15 34
[1970] = CNOT 15 39
[1971] = S 15
[1972] = Z 15
[1973] = CNOT 15 39
[1974] = CNOT 15 17
[1975] = CNOT 15 20
[1976] = CNOT 15 22
[1977] = S 15
[1978] = Z 15
[1979] = CNOT 15 20
[1980] = CNOT 15 21
[1981] = S 15
[1982] = Z 15
[1983] = CNOT 15 22
[1984] = CNOT 15 41
[1985] = S 15
[1986] = Z 15
[1987] = CNOT 15 41
[1988] = CNOT 15 21
[1989] = CNOT 15 23
[1990] = CNOT 15 35
[1991] = S 15
[1992] = Z 15
[1993] = CNOT 15 23
[1994] = CNOT 15 24
[1995] = S 15
[1996] = Z 15
[1997] = CNOT 15 24
[1998] = CNOT 15 26
[1999] = S 15
[2000] = Z 15
[2001] = CNOT 15 26
[2002] = CNOT 15 30
[2003] = S 15
[2004] = Z 15
[2005] = CNOT 15 30
[2006] = CNOT 15 39
[2007] = S 15
[2008] = Z 15
[2009] = CNOT 15 39
[2010] = CNOT 15 35
[2011] = CNOT 16 17
[2012] = CNOT 16 21
[2013] = Z 16
[2014] = CNOT 16 21
[2015] = CNOT 16 23
[2016] = Z 16
[2017] = CNOT 16 23
[2018] = CNOT 16 24
[2019] = Z 16
[2020] = CNOT 16 24
[2021] = CNOT 16 26
[2022] = S 16
[2023] = Z 16
[2024] = CNOT 16 26
[2025] = CNOT 16 17
[2026] = CNOT 16 21
[2027] = CNOT 16 23
[2028] = S 16
[2029] = Z 16
[2030] = CNOT 16 23
[2031] = CNOT 16 24
[2032] = S 16
[2033] = Z 16
[2034] = CNOT 16 24
[2035] = CNOT 16 35
[2036] = Z 16
[2037] = CNOT 16 35
[2038] = CNOT 16 21
[2039] = CNOT 16 23
[2040] = CNOT 16 24
[2041] = S 16
[2042] = Z 16
[2043] = CNOT 16 24
[2044] = CNOT 16 35
[2045] = Z 16
[2046] = CNOT 16 23
[2047] = CNOT 16 24
[2048] = Z 16
[2049] = CNOT 16 24
[2050] = CNOT 16 26
[2051] = S 16
[2052] = Z 16
[2053] = CNOT 16 35
[2054] = CNOT 16 26
[2055] = CNOT 17 18
[2056] = CNOT 17 25
[2057] = Z 17
[2058] = CNOT 17 25
[2059] = CNOT 17 18
[2060] = CNOT 17 20
[2061] = CNOT 17 22
[2062] = Z 17
[2063] = CNOT 17 20
[2064] = CNOT 17 21
[2065] = S 17
[2066] = Z 17
[2067] = CNOT 17 22
[2068] = CNOT 17 23
[2069] = S 17
[2070] = Z 17
[2071] = CNOT 17 23
[2072] = CNOT 17 24
[2073] = S 17
[2074] = Z 17
[2075] = CNOT 17 24
[2076] = CNOT 17 25
[2077] = Z 17
[2078] = CNOT 17 25
[2079] = CNOT 17 26
[2080] = S 17
[2081] = Z 17
[2082] = CNOT 17 26
[2083] = CNOT 17 30
[2084] = S 17
[2085] = Z 17
[2086] = CNOT 17 30
[2087] = CNOT 17 34
[2088] = Z 17
[2089] = CNOT 17 34
[2090] = CNOT 17 35
[2091] = Z 17
[2092] = CNOT 17 35
[2093] = CNOT 17 38
[2094] = Z 17
[2095] = CNOT 17 38
[2096] = CNOT 17 39
[2097] = S 17
[2098] = Z 17
[2099] = CNOT 17 39
[2100] = CNOT 17 43
[2101] = Z 17
[2102] = CNOT 17 43
[2103] = CNOT 17 21
[2104] = CNOT 17 23
[2105] = CNOT 17 24
[2106] = S 17
[2107] = Z 17
[2108] = CNOT 17 24
[2109] = CNOT 17 27
[2110] = S 17
[2111] = CNOT 17 27
[2112] = CNOT 17 28
[2113] = S 17
[2114] = Z 17
[2115] = CNOT 17 28
[2116] = CNOT 17 32
[2117] = Z 17
[2118] = CNOT 17 32
[2119] = CNOT 17 33
[2120] = S 17
[2121] = Z 17
[2122] = CNOT 17 33
[2123] = CNOT 17 35
[2124] = Z 17
[2125] = CNOT 17 35
[2126] = CNOT 17 36
[2127] = S 17
[2128] = Z 17
[2129] = CNOT 17 36
[2130] = CNOT 17 37
[2131] = S 17
[2132] = Z 17
[2133] = CNOT 17 37
[2134] = CNOT 17 38
[2135] = S 17
[2136] = CNOT 17 38
[2137] = CNOT 17 40
[2138] = S 17
[2139] = Z 17
[2140] = CNOT 17 40
[2141] = CNOT 17 41
[2142] = S 17
[2143] = Z 17
[2144] = CNOT 17 41
[2145] = CNOT 17 44
[2146] = S 17
[2147] = Z 17
[2148] = CNOT 17 44
[2149] = CNOT 17 46
[2150] = Z 17
[2151] = CNOT 17 46
[2152] = CNOT 17 47
[2153] = S 17
[2154] = Z 17
[2155] = CNOT 17 47
[2156] = CNOT 17 48
[2157] = S 17
[2158] = Z 17
[2159] = CNOT 17 48
[2160] = CNOT 17 50
[2161] = S 17
[2162] = Z 17
[2163] = CNOT 17 50
[2164] = CNOT 17 23
[2165] = CNOT 17 24
[2166] = CNOT 17 35
[2167] = Z 17
[2168] = CNOT 17 35
[2169] = CNOT 17 24
[2170] = CNOT 17 25
[2171] = CNOT 17 30
[2172] = S 17
[2173] = Z 17
[2174] = CNOT 17 30
[2175] = CNOT 17 35
[2176] = S 17
[2177] = CNOT 17 35
[2178] = CNOT 17 38
[2179] = S 17
[2180] = Z 17
[2181] = CNOT 17 38
[2182] = CNOT 17 39
[2183] = S 17
[2184] = Z 17
[2185] = CNOT 17 39
[2186] = CNOT 17 43
[2187] = S 17
[2188] = Z 17
[2189] = CNOT 17 43
[2190] = CNOT 17 25
[2191] = CNOT 17 26
[2192] = CNOT 17 30
[2193] = S 17
[2194] = Z 17
[2195] = CNOT 17 30
[2196] = CNOT 17 35
[2197] = Z 17
[2198] = CNOT 17 35
[2199] = CNOT 17 26
[2200] = CNOT 17 27
[2201] = CNOT 17 28
[2202] = S 17
[2203] = Z 17
[2204] = CNOT 17 28
[2205] = CNOT 17 33
[2206] = Z 17
[2207] = CNOT 17 33
[2208] = CNOT 17 40
[2209] = Z 17
[2210] = CNOT 17 40
[2211] = CNOT 17 41
[2212] = Z 17
[2213] = CNOT 17 41
[2214] = CNOT 17 27
[2215] = CNOT 17 28
[2216] = CNOT 17 33
[2217] = Z 17
[2218] = CNOT 17 33
[2219] = CNOT 17 36
[2220] = Z 17
[2221] = CNOT 17 36
[2222] = CNOT 17 37
[2223] = Z 17
[2224] = CNOT 17 37
[2225] = CNOT 17 38
[2226] = S 17
[2227] = Z 17
[2228] = CNOT 17 38
[2229] = CNOT 17 40
[2230] = Z 17
[2231] = CNOT 17 40
[2232] = CNOT 17 41
[2233] = Z 17
[2234] = CNOT 17 41
[2235] = CNOT 17 43
[2236] = Z 17
[2237] = CNOT 17 43
[2238] = CNOT 17 45
[2239] = Z 17
[2240] = CNOT 17 45
[2241] = CNOT 17 49
[2242] = Z 17
[2243] = CNOT 17 49
[2244] = CNOT 17 28
[2245] = CNOT 17 30
[2246] = CNOT 17 35
[2247] = Z 17
[2248] = CNOT 17 35
[2249] = CNOT 17 30
[2250] = CNOT 17 32
[2251] = CNOT 17 33
[2252] = S 17
[2253] = Z 17
[2254] = CNOT 17 33
[2255] = CNOT 17 40
[2256] = Z 17
[2257] = CNOT 17 40
[2258] = CNOT 17 41
[2259] = Z 17
[2260] = CNOT 17 41
[2261] = CNOT 17 32
[2262] = CNOT 17 34
[2263] = CNOT 17 35
[2264] = Z 17
[2265] = CNOT 17 35
[2266] = CNOT 17 38
[2267] = S 17
[2268] = Z 17
[2269] = CNOT 17 38
[2270] = CNOT 17 39
[2271] = S 17
[2272] = Z 17
[2273] = CNOT 17 39
[2274] = CNOT 17 43
[2275] = S 17
[2276] = Z 17
[2277] = CNOT 17 43
[2278] = CNOT 17 34
[2279] = CNOT 17 35
[2280] = CNOT 17 38
[2281] = Z 17
[2282] = CNOT 17 38
[2283] = CNOT 17 39
[2284] = Z 17
[2285] = CNOT 17 39
[2286] = CNOT 17 43
[2287] = Z 17
[2288] = CNOT 17 43
[2289] = CNOT 17 35
[2290] = CNOT 17 36
[2291] = CNOT 17 37
[2292] = S 17
[2293] = Z 17
[2294] = CNOT 17 37
[2295] = CNOT 17 38
[2296] = Z 17
[2297] = CNOT 17 36
[2298] = CNOT 17 37
[2299] = Z 17
[2300] = CNOT 17 37
[2301] = CNOT 17 39
[2302] = S 17
[2303] = Z 17
[2304] = CNOT 17 39
[2305] = CNOT 17 42
[2306] = S 17
[2307] = Z 17
[2308] = CNOT 17 42
[2309] = CNOT 17 43
[2310] = Z 17
[2311] = CNOT 17 43
[2312] = CNOT 17 44
[2313] = Z 17
[2314] = CNOT 17 44
[2315] = CNOT 17 45
[2316] = S 17
[2317] = Z 17
[2318] = CNOT 17 45
[2319] = CNOT 17 46
[2320] = Z 17
[2321] = CNOT 17 46
[2322] = CNOT 17 48
[2323] = Z 17
[2324] = CNOT 17 48
[2325] = CNOT 17 49
[2326] = S 17
[2327] = Z 17
[2328] = CNOT 17 49
[2329] = CNOT 17 50
[2330] = S 17
[2331] = Z 17
[2332] = CNOT 17 50
[2333] = CNOT 17 38
[2334] = CNOT 17 40
[2335] = CNOT 17 41
[2336] = S 17
[2337] = Z 17
[2338] = CNOT 17 41
[2339] = CNOT 17 40
[2340] = CNOT 17 42
[2341] = CNOT 17 46
[2342] = Z 17
[2343] = CNOT 17 46
[2344] = CNOT 17 47
[2345] = S 17
[2346] = Z 17
[2347] = CNOT 17 47
[2348] = CNOT 17 48
[2349] = S 17
[2350] = Z 17
[2351] = CNOT 17 48
[2352] = CNOT 17 50
[2353] = S 17
[2354] = Z 17
[2355] = CNOT 17 50
[2356] = CNOT 17 42
[2357] = CNOT 17 43
[2358] = CNOT 17 44
[2359] = Z 17
[2360] = CNOT 17 44
[2361] = CNOT 17 45
[2362] = S 17
[2363] = Z 17
[2364] = CNOT 17 45
[2365] = CNOT 17 49
[2366] = Z 17
[2367] = CNOT 17 49
[2368] = CNOT 17 43
[2369] = CNOT 17 44
[2370] = CNOT 17 45
[2371] = Z 17
[2372] = CNOT 17 45
[2373] = CNOT 17 49
[2374] = Z 17
[2375] = CNOT 17 44
[2376] = CNOT 17 45
[2377] = S 17
[2378] = Z 17
[2379] = CNOT 17 49
[2380] = CNOT 17 45
[2381] = CNOT 17 46
[2382] = CNOT 17 47
[2383] = S 17
[2384] = Z 17
[2385] = CNOT 17 47
[2386] = CNOT 17 48
[2387] = Z 17
[2388] = CNOT 17 48
[2389] = CNOT 17 50
[2390] = Z 17
[2391] = CNOT 17 46
[2392] = CNOT 17 48
[2393] = S 17
[2394] = Z 17
[2395] = CNOT 17 50
[2396] = CNOT 17 48
[2397] = CNOT 21 23
[2398] = CNOT 21 35
[2399] = S 21
[2400] = Z 21
[2401] = CNOT 21 23
[2402] = CNOT 21 24
[2403] = S 21
[2404] = Z 21
[2405] = CNOT 21 35
[2406] = CNOT 21 24
[2407] = CNOT 21 25
[2408] = CNOT 21 28
[2409] = S 21
[2410] = Z 21
[2411] = CNOT 21 28
[2412] = CNOT 21 35
[2413] = S 21
[2414] = Z 21
[2415] = CNOT 21 35
[2416] = CNOT 21 38
[2417] = S 21
[2418] = Z 21
[2419] = CNOT 21 38
[2420] = CNOT 21 43
[2421] = S 21
[2422] = Z 21
[2423] = CNOT 21 43
[2424] = CNOT 21 25
[2425] = CNOT 21 26
[2426] = CNOT 21 35
[2427] = S 21
[2428] = Z 21
[2429] = CNOT 21 26
[2430] = CNOT 21 30
[2431] = S 21
[2432] = Z 21
[2433] = CNOT 21 30
[2434] = CNOT 21 34
[2435] = S 21
[2436] = Z 21
[2437] = CNOT 21 35
[2438] = CNOT 21 38
[2439] = S 21
[2440] = Z 21
[2441] = CNOT 21 38
[2442] = CNOT 21 43
[2443] = S 21
[2444] = Z 21
[2445] = CNOT 21 43
[2446] = CNOT 21 34
[2447] = CNOT 21 35
[2448] = CNOT 21 38
[2449] = Z 21
[2450] = CNOT 21 38
[2451] = CNOT 21 39
[2452] = S 21
[2453] = Z 21
[2454] = CNOT 21 39
[2455] = CNOT 21 43
[2456] = Z 21
[2457] = CNOT 21 43
[2458] = CNOT 21 35
[2459] = CNOT 21 38
[2460] = CNOT 21 39
[2461] = S 21
[2462] = Z 21
[2463] = CNOT 21 39
[2464] = CNOT 21 43
[2465] = S 21
[2466] = Z 21
[2467] = CNOT 21 43
[2468] = CNOT 21 38
[2469] = CNOT 23 24
[2470] = CNOT 23 35
[2471] = S 23
[2472] = Z 23
[2473] = CNOT 23 35
[2474] = CNOT 23 24
[2475] = CNOT 23 27
[2476] = CNOT 23 28
[2477] = Z 23
[2478] = CNOT 23 28
[2479] = CNOT 23 32
[2480] = Z 23
[2481] = CNOT 23 32
[2482] = CNOT 23 33
[2483] = S 23
[2484] = Z 23
[2485] = CNOT 23 33
[2486] = CNOT 23 40
[2487] = S 23
[2488] = Z 23
[2489] = CNOT 23 40
[2490] = CNOT 23 41
[2491] = S 23
[2492] = Z 23
[2493] = CNOT 23 41
[2494] = CNOT 23 27
[2495] = CNOT 23 28
[2496] = CNOT 23 32
[2497] = Z 23
[2498] = CNOT 23 32
[2499] = CNOT 23 33
[2500] = S 23
[2501] = Z 23
[2502] = CNOT 23 33
[2503] = CNOT 23 36
[2504] = S 23
[2505] = Z 23
[2506] = CNOT 23 36
[2507] = CNOT 23 37
[2508] = S 23
[2509] = Z 23
[2510] = CNOT 23 37
[2511] = CNOT 23 38
[2512] = Z 23
[2513] = CNOT 23 38
[2514] = CNOT 23 40
[2515] = S 23
[2516] = Z 23
[2517] = CNOT 23 40
[2518] = CNOT 23 41
[2519] = S 23
[2520] = Z 23
[2521] = CNOT 23 41
[2522] = CNOT 23 44
[2523] = S 23
[2524] = Z 23
[2525] = CNOT 23 44
[2526] = CNOT 23 28
[2527] = CNOT 23 32
[2528] = CNOT 23 40
[2529] = S 23
[2530] = Z 23
[2531] = CNOT 23 40
[2532] = CNOT 23 41
[2533] = S 23
[2534] = Z 23
[2535] = CNOT 23 41
[2536] = CNOT 23 32
[2537] = CNOT 23 36
[2538] = CNOT 23 38
[2539] = S 23
[2540] = Z 23
[2541] = CNOT 23 36
[2542] = CNOT 23 37
[2543] = S 23
[2544] = Z 23
[2545] = CNOT 23 37
[2546] = CNOT 23 46
[2547] = S 23
[2548] = Z 23
[2549] = CNOT 23 46
[2550] = CNOT 23 48
[2551] = S 23
[2552] = Z 23
[2553] = CNOT 23 38
[2554] = CNOT 23 46
[2555] = S 23
[2556] = Z 23
[2557] = CNOT 23 48
[2558] = CNOT 23 50
[2559] = S 23
[2560] = Z 23
[2561] = CNOT 23 50
[2562] = CNOT 23 46
[2563] = CNOT 25 30
[2564] = CNOT 25 35
[2565] = S 25
[2566] = Z 25
[2567] = CNOT 25 35
[2568] = CNOT 25 30
[2569] = CNOT 25 34
[2570] = CNOT 25 44
[2571] = S 25
[2572] = Z 25
[2573] = CNOT 25 44
[2574] = CNOT 25 34
[2575] = CNOT 25 35
[2576] = CNOT 25 38
[2577] = S 25
[2578] = Z 25
[2579] = CNOT 25 38
[2580] = CNOT 25 39
[2581] = S 25
[2582] = Z 25
[2583] = CNOT 25 39
[2584] = CNOT 25 43
[2585] = S 25
[2586] = Z 25
[2587] = CNOT 25 43
[2588] = CNOT 25 35
[2589] = CNOT 25 38
[2590] = CNOT 25 39
[2591] = S 25
[2592] = Z 25
[2593] = CNOT 25 39
[2594] = CNOT 25 43
[2595] = S 25
[2596] = Z 25
[2597] = CNOT 25 43
[2598] = CNOT 25 44
[2599] = S 25
[2600] = Z 25
[2601] = CNOT 25 44
[2602] = CNOT 25 38
[2603] = CNOT 26 30
[2604] = CNOT 26 35
[2605] = S 26
[2606] = Z 26
[2607] = CNOT 26 35
[2608] = CNOT 26 30
[2609] = CNOT 27 28
[2610] = CNOT 27 33
[2611] = Z 27
[2612] = CNOT 27 33
[2613] = CNOT 27 40
[2614] = Z 27
[2615] = CNOT 27 40
[2616] = CNOT 27 41
[2617] = Z 27
[2618] = CNOT 27 41
[2619] = CNOT 27 28
[2620] = CNOT 27 32
[2621] = CNOT 27 33
[2622] = S 27
[2623] = Z 27
[2624] = CNOT 27 33
[2625] = CNOT 27 40
[2626] = Z 27
[2627] = CNOT 27 40
[2628] = CNOT 27 41
[2629] = Z 27
[2630] = CNOT 27 32
[2631] = CNOT 27 40
[2632] = S 27
[2633] = Z 27
[2634] = CNOT 27 41
[2635] = CNOT 27 40
[2636] = CNOT 28 32
[2637] = CNOT 28 33
[2638] = S 28
[2639] = Z 28
[2640] = CNOT 28 33
[2641] = CNOT 28 40
[2642] = Z 28
[2643] = CNOT 28 40
[2644] = CNOT 28 41
[2645] = Z 28
[2646] = CNOT 28 41
[2647] = CNOT 28 32
[2648] = CNOT 28 36
[2649] = CNOT 28 37
[2650] = S 28
[2651] = Z 28
[2652] = CNOT 28 37
[2653] = CNOT 28 38
[2654] = Z 28
[2655] = CNOT 28 36
[2656] = CNOT 28 37
[2657] = Z 28
[2658] = CNOT 28 37
[2659] = CNOT 28 43
[2660] = S 28
[2661] = Z 28
[2662] = CNOT 28 43
[2663] = CNOT 28 44
[2664] = Z 28
[2665] = CNOT 28 44
[2666] = CNOT 28 45
[2667] = S 28
[2668] = Z 28
[2669] = CNOT 28 45
[2670] = CNOT 28 49
[2671] = S 28
[2672] = Z 28
[2673] = CNOT 28 49
[2674] = CNOT 28 38
[2675] = CNOT 28 40
[2676] = CNOT 28 41
[2677] = S 28
[2678] = Z 28
[2679] = CNOT 28 41
[2680] = CNOT 28 40
[2681] = CNOT 28 43
[2682] = CNOT 28 44
[2683] = Z 28
[2684] = CNOT 28 44
[2685] = CNOT 28 45
[2686] = S 28
[2687] = Z 28
[2688] = CNOT 28 45
[2689] = CNOT 28 49
[2690] = Z 28
[2691] = CNOT 28 49
[2692] = CNOT 28 43
[2693] = CNOT 28 44
[2694] = CNOT 28 45
[2695] = Z 28
[2696] = CNOT 28 45
[2697] = CNOT 28 49
[2698] = Z 28
[2699] = CNOT 28 44
[2700] = CNOT 28 45
[2701] = S 28
[2702] = Z 28
[2703] = CNOT 28 49
[2704] = CNOT 28 45
[2705] = CNOT 32 40
[2706] = CNOT 32 41
[2707] = S 32
[2708] = Z 32
[2709] = CNOT 32 41
[2710] = CNOT 32 40
[2711] = CNOT 34 35
[2712] = CNOT 34 38
[2713] = S 34
[2714] = Z 34
[2715] = CNOT 34 38
[2716] = CNOT 34 39
[2717] = S 34
[2718] = Z 34
[2719] = CNOT 34 39
[2720] = CNOT 34 43
[2721] = S 34
[2722] = Z 34
[2723] = CNOT 34 43
[2724] = CNOT 34 35
[2725] = CNOT 34 38
[2726] = CNOT 34 39
[2727] = S 34
[2728] = Z 34
[2729] = CNOT 34 39
[2730] = CNOT 34 43
[2731] = S 34
[2732] = Z 34
[2733] = CNOT 34 43
[2734] = CNOT 34 44
[2735] = S 34
[2736] = Z 34
[2737] = CNOT 34 44
[2738] = CNOT 34 38
[2739] = CNOT 35 38
[2740] = CNOT 35 39
[2741] = S 35
[2742] = Z 35
[2743] = CNOT 35 39
[2744] = CNOT 35 43
[2745] = S 35
[2746] = Z 35
[2747] = CNOT 35 43
[2748] = CNOT 35 38
[2749] = CNOT 36 37
[2750] = CNOT 36 38
[2751] = S 36
[2752] = Z 36
[2753] = CNOT 36 38
[2754] = CNOT 36 37
[2755] = CNOT 38 42
[2756] = CNOT 38 46
[2757] = S 38
[2758] = Z 38
[2759] = CNOT 38 46
[2760] = CNOT 38 48
[2761] = S 38
[2762] = Z 38
[2763] = CNOT 38 48
[2764] = CNOT 38 42
[2765] = CNOT 38 43
[2766] = CNOT 38 44
[2767] = S 38
[2768] = Z 38
[2769] = CNOT 38 44
[2770] = CNOT 38 49
[2771] = S 38
[2772] = Z 38
[2773] = CNOT 38 49
[2774] = CNOT 38 43
[2775] = CNOT 38 44
[2776] = CNOT 38 45
[2777] = S 38
[2778] = Z 38
[2779] = CNOT 38 45
[2780] = CNOT 38 49
[2781] = S 38
[2782] = Z 38
[2783] = CNOT 38 49
[2784] = CNOT 38 44
[2785] = CNOT 38 46
[2786] = CNOT 38 48
[2787] = Z 38
[2788] = CNOT 38 48
[2789] = CNOT 38 50
[2790] = S 38
[2791] = Z 38
[2792] = CNOT 38 46
[2793] = CNOT 38 48
[2794] = S 38
[2795] = Z 38
[2796] = CNOT 38 50
[2797] = CNOT 38 48
[2798] = CNOT 42 46
[2799] = CNOT 42 48
[2800] = S 42
[2801] = Z 42
[2802] = CNOT 42 48
[2803] = CNOT 42 50
[2804] = S 42
[2805] = Z 42
[2806] = CNOT 42 50
[2807] = CNOT 42 46
[2808] = CNOT 43 44
[2809] = CNOT 43 45
[2810] = S 43
[2811] = Z 43
[2812] = CNOT 43 45
[2813] = CNOT 43 49
[2814] = Z 43
[2815] = CNOT 43 44
[2816] = CNOT 43 45
[2817] = S 43
[2818] = Z 43
[2819] = CNOT 43 45
[2820] = CNOT 44 45
[2821] = CNOT 44 49
[2822] = S 44
[2823] = Z 44
[2824] = CNOT 44 49
[2825] = CNOT 44 45
[2826] = CNOT 46 48
[2827] = CNOT 46 50
[2828] = S 46
[2829] = Z 46
[2830] = CNOT 46 50
[2831] = CNOT 46 48
[2832] = CNOT 50 51
[2833] = CNOT 48 51
[2834] = CNOT 47 51
[2835] = CNOT 44 51
[2836] = CNOT 42 51
[2837] = CNOT 41 51
[2838] = CNOT 38 51
[2839] = CNOT 29 51
[2840] = CNOT 28 51
[2841] = CNOT 24 51
[2842] = CNOT 23 51
[2843] = CNOT 21 51
[2844] = CNOT 20 51
[2845] = CNOT 19 51
[2846] = CNOT 18 51
[2847] = CNOT 14 51
[2848] = CNOT 13 51
[2849] = CNOT 8 51
[2850] = CNOT 5 51
[2851] = CNOT 3 51
[2852] = CNOT 1 51
[2853] = CNOT 51 50
[2854] = CNOT 50 51
[2855] = CNOT 46 49
[2856] = CNOT 40 49
[2857] = CNOT 39 49
[2858] = CNOT 36 49
[2859] = CNOT 35 49
[2860] = CNOT 32 49
[2861] = CNOT 30 49
[2862] = CNOT 27 49
[2863] = CNOT 16 49
[2864] = CNOT 50 48
[2865] = CNOT 45 48
[2866] = CNOT 38 48
[2867] = CNOT 29 48
[2868] = CNOT 25 48
[2869] = CNOT 11 48
[2870] = CNOT 7 48
[2871] = CNOT 6 48
[2872] = CNOT 4 48
[2873] = CNOT 2 48
[2874] = CNOT 48 50
[2875] = CNOT 48 47
[2876] = CNOT 47 48
[2877] = CNOT 49 46
[2878] = CNOT 46 49
[2879] = CNOT 47 45
[2880] = CNOT 42 45
[2881] = CNOT 41 45
[2882] = CNOT 38 45
[2883] = CNOT 29 45
[2884] = CNOT 28 45
[2885] = CNOT 25 45
[2886] = CNOT 23 45
[2887] = CNOT 18 45
[2888] = CNOT 14 45
[2889] = CNOT 12 45
[2890] = CNOT 10 45
[2891] = CNOT 9 45
[2892] = CNOT 5 45
[2893] = CNOT 3 45
[2894] = CNOT 45 47
[2895] = CNOT 45 44
[2896] = CNOT 44 45
[2897] = CNOT 46 43
[2898] = CNOT 43 46
[2899] = CNOT 47 42
[2900] = CNOT 23 42
[2901] = CNOT 19 42
[2902] = CNOT 8 42
[2903] = CNOT 7 42
[2904] = CNOT 5 42
[2905] = CNOT 4 42
[2906] = CNOT 3 42
[2907] = CNOT 1 42
[2908] = CNOT 42 47
[2909] = CNOT 42 41
[2910] = CNOT 41 42
[2911] = CNOT 43 40
[2912] = CNOT 40 43
[2913] = CNOT 40 39
[2914] = CNOT 39 40
[2915] = CNOT 47 38
[2916] = CNOT 37 38
[2917] = CNOT 34 38
[2918] = CNOT 33 38
[2919] = CNOT 29 38
[2920] = CNOT 23 38
[2921] = CNOT 19 38
[2922] = CNOT 14 38
[2923] = CNOT 10 38
[2924] = CNOT 8 38
[2925] = CNOT 6 38
[2926] = CNOT 5 38
[2927] = CNOT 4 38
[2928] = CNOT 3 38
[2929] = CNOT 2 38
[2930] = CNOT 1 38
[2931] = CNOT 38 37
[2932] = CNOT 37 38
[2933] = CNOT 39 36
[2934] = CNOT 36 39
[2935] = CNOT 36 35
[2936] = CNOT 35 36
[2937] = CNOT 37 34
[2938] = CNOT 29 34
[2939] = CNOT 25 34
[2940] = CNOT 19 34
[2941] = CNOT 11 34
[2942] = CNOT 8 34
[2943] = CNOT 5 34
[2944] = CNOT 4 34
[2945] = CNOT 3 34
[2946] = CNOT 2 34
[2947] = CNOT 1 34
[2948] = CNOT 34 37
[2949] = CNOT 34 33
[2950] = CNOT 33 34
[2951] = CNOT 35 32
[2952] = CNOT 32 35
[2953] = CNOT 26 31
[2954] = CNOT 17 31
[2955] = CNOT 32 30
[2956] = CNOT 30 32
[2957] = CNOT 41 29
[2958] = CNOT 14 29
[2959] = CNOT 12 29
[2960] = CNOT 10 29
[2961] = CNOT 7 29
[2962] = CNOT 6 29
[2963] = CNOT 2 29
[2964] = CNOT 29 41
[2965] = CNOT 29 28
[2966] = CNOT 28 29
[2967] = CNOT 30 27
[2968] = CNOT 27 30
[2969] = CNOT 31 26
[2970] = CNOT 26 31
[2971] = CNOT 44 25
[2972] = CNOT 19 25
[2973] = CNOT 11 25
[2974] = CNOT 8 25
[2975] = CNOT 7 25
[2976] = CNOT 6 25
[2977] = CNOT 3 25
[2978] = CNOT 25 44
[2979] = CNOT 25 24
[2980] = CNOT 24 25
[2981] = CNOT 47 23
[2982] = CNOT 24 23
[2983] = CNOT 22 23
[2984] = CNOT 21 23
[2985] = CNOT 20 23
[2986] = CNOT 19 23
[2987] = CNOT 15 23
[2988] = CNOT 14 23
[2989] = CNOT 13 23
[2990] = CNOT 11 23
[2991] = CNOT 10 23
[2992] = CNOT 9 23
[2993] = CNOT 8 23
[2994] = CNOT 6 23
[2995] = CNOT 23 22
[2996] = CNOT 22 23
[2997] = CNOT 24 21
[2998] = CNOT 14 21
[2999] = CNOT 12 21
[3000] = CNOT 11 21
[3001] = CNOT 8 21
[3002] = CNOT 7 21
[3003] = CNOT 6 21
[3004] = CNOT 4 21
[3005] = CNOT 1 21
[3006] = CNOT 21 24
[3007] = CNOT 21 20
[3008] = CNOT 20 21
[3009] = CNOT 28 19
[3010] = CNOT 11 19
[3011] = CNOT 10 19
[3012] = CNOT 7 19
[3013] = CNOT 6 19
[3014] = CNOT 4 19
[3015] = CNOT 3 19
[3016] = CNOT 2 19
[3017] = CNOT 1 19
[3018] = CNOT 19 28
[3019] = CNOT 19 18
[3020] = CNOT 18 19
[3021] = CNOT 26 17
[3022] = CNOT 17 26
[3023] = CNOT 27 16
[3024] = CNOT 16 27
[3025] = CNOT 28 15
[3026] = CNOT 22 15
[3027] = CNOT 14 15
[3028] = CNOT 12 15
[3029] = CNOT 11 15
[3030] = CNOT 10 15
[3031] = CNOT 8 15
[3032] = CNOT 6 15
[3033] = CNOT 5 15
[3034] = CNOT 4 15
[3035] = CNOT 3 15
[3036] = CNOT 2 15
[3037] = CNOT 15 22
[3038] = CNOT 20 14
[3039] = CNOT 13 14
[3040] = CNOT 9 14
[3041] = CNOT 4 14
[3042] = CNOT 14 20
[3043] = CNOT 33 13
[3044] = CNOT 20 13
[3045] = CNOT 18 13
[3046] = CNOT 15 13
[3047] = CNOT 14 13
[3048] = CNOT 10 13
[3049] = CNOT 8 13
[3050] = CNOT 7 13
[3051] = CNOT 6 13
[3052] = CNOT 4 13
[3053] = CNOT 1 13
[3054] = CNOT 41 12
[3055] = CNOT 33 12
[3056] = CNOT 6 12
[3057] = CNOT 5 12
[3058] = CNOT 4 12
[3059] = CNOT 3 12
[3060] = CNOT 12 33
[3061] = CNOT 28 11
[3062] = CNOT 18 11
[3063] = CNOT 13 11
[3064] = CNOT 12 11
[3065] = CNOT 10 11
[3066] = CNOT 9 11
[3067] = CNOT 8 11
[3068] = CNOT 7 11
[3069] = CNOT 6 11
[3070] = CNOT 5 11
[3071] = CNOT 4 11
[3072] = CNOT 3 11
[3073] = CNOT 2 11
[3074] = CNOT 1 11
[3075] = CNOT 11 12
[3076] = CNOT 18 10
[3077] = CNOT 14 10
[3078] = CNOT 12 10
[3079] = CNOT 9 10
[3080] = CNOT 6 10
[3081] = CNOT 18 9
[3082] = CNOT 8 9
[3083] = CNOT 5 9
[3084] = CNOT 9 18
[3085] = CNOT 12 8
[3086] = CNOT 11 8
[3087] = CNOT 7 8
[3088] = CNOT 4 8
[3089] = CNOT 11 7
[3090] = CNOT 10 7
[3091] = CNOT 6 7
[3092] = CNOT 3 7
[3093] = CNOT 10 6
[3094] = CNOT 9 6
[3095] = CNOT 5 6
[3096] = CNOT 2 6
[3097] = CNOT 9 5
[3098] = CNOT 8 5
[3099] = CNOT 4 5
[3100] = CNOT 1 5
[3101] = CNOT 8 4
[3102] = CNOT 7 4
[3103] = CNOT 3 4
[3104] = CNOT 7 3
[3105] = CNOT 6 3
[3106] = CNOT 2 3
[3107] = CNOT 6 2
[3108] = CNOT 5 2
[3109] = CNOT 1 2
[3110] = CNOT 5 1
[3111] = CNOT 4 1
[3112] = H 18
[3113] = M 18
[3114] = H 19
[3115] = M 19
[3116] = H 20
[3117] = M 20
[3118] = H 21
[3119] = M 21
[3120] = H 22
[3121] = M 22
[3122] = H 23
[3123] = M 23
[3124] = H 24
[3125] = M 24
[3126] = H 25
[3127] = M 25
[3128] = H 26
[3129] = M 26
[3130] = H 27
[3131] = M 27
[3132] = H 28
[3133] = M 28
[3134] = H 29
[3135] = M 29
[3136] = H 30
[3137] = M 30
[3138] = H 31
[3139] = M 31
[3140] = H 32
[3141] = M 32
[3142] = H 33
[3143] = M 33
[3144] = H 34
[3145] = M 34
[3146] = H 35
[3147] = M 35
[3148] = H 36
[3149] = M 36
[3150] = H 37
[3151] = M 37
[3152] = H 38
[3153] = M 38
[3154] = H 39
[3155] = M 39
[3156] = H 40
[3157] = M 40
[3158] = H 41
[3159] = M 41
[3160] = H 42
[3161] = M 42
[3162] = H 43
[3163] = M 43
[3164] = H 44
[3165] = M 44
[3166] = H 45
[3167] = M 45
[3168] = H 46
[3169] = M 46
[3170] = H 47
[3171] = M 47
[3172] = H 48
[3173] = M 48
[3174] = H 49
[3175] = M 49
[3176] = H 50
[3177] = M 50
[3178] = H 51
[3179] = M 51
[3180] = H 16
[3181] = H 17
Gate distributions:
Input:
Operator distribution:
Total number of qubits = 17
Number of `data' qubits = 17
Number of `Toff_n' ancillas = 0
Number of Hadamard ancillas = 0
Hadamard ancilla cap = infinite
Number of {CNOT,T} partitions = 1
T count = 161
Cost estimation = 80644
	id	Count
	0	0
	1	0
	2	0
	3	46
	4	98
	5	0
	6	0
	7	0
	8	0
	9	0
	10	23
	11	0
	12	0
	13	0
	14	0
	15	0
	16	0
	17	0
	18	0
Output:
Operator distribution:
Total number of qubits = 51
Number of `data' qubits = 17
Number of `Toff_n' ancillas = 0
Number of Hadamard ancillas = 34
Hadamard ancilla cap = infinite
Number of {CNOT,T} partitions = 1
T count = 78
Cost estimation = 42121
	id	Count
	0	0
	1	0
	2	0
	3	72
	4	2027
	5	78
	6	0
	7	0
	8	0
	9	0
	10	0
	11	425
	12	0
	13	546
	14	0
	15	0
	16	0
	17	0
	18	34
Output T Count (SQC_Circuit) = 78
Output T Count (PhasePolynomial) = 78
Fail count = 0

Execution time: 23.8797s
Number of LCL errors: 0
Number of LCL warnings: 0
