Optimize a Clifford + T circuit.
Input filename = /home/ryo-mtmt/TOpt/forme/tpar_benchmark/tof_10.tfc
Number of unknown gates = 0
Number of unknown qubit labels = 0
Circuit filename: /home/ryo-mtmt/TOpt/forme/tpar_benchmark/tof_10.tfc

n 19
n_x 19
n_y 0
n_z 0
m 101
[0] = H 11
[1] = CCZ 1 2 11
[2] = H 11
[3] = H 12
[4] = CCZ 3 11 12
[5] = H 12
[6] = H 13
[7] = CCZ 4 12 13
[8] = H 13
[9] = H 14
[10] = CCZ 5 13 14
[11] = H 14
[12] = H 15
[13] = CCZ 6 14 15
[14] = H 15
[15] = H 16
[16] = CCZ 7 15 16
[17] = H 16
[18] = H 17
[19] = CCZ 8 16 17
[20] = H 17
[21] = H 18
[22] = CCZ 9 17 18
[23] = H 18
[24] = H 19
[25] = CCZ 10 18 19
[26] = H 19
[27] = H 18
[28] = CCZ 9 17 18
[29] = H 18
[30] = H 17
[31] = CCZ 8 16 17
[32] = H 17
[33] = H 16
[34] = CCZ 7 15 16
[35] = H 16
[36] = H 15
[37] = CCZ 6 14 15
[38] = H 15
[39] = H 14
[40] = CCZ 5 13 14
[41] = H 14
[42] = H 13
[43] = CCZ 4 12 13
[44] = H 13
[45] = H 12
[46] = CCZ 3 11 12
[47] = H 12
[48] = H 11
[49] = CCZ 1 2 11
[50] = H 11

Algorithm used: lx2_dynamic_repair_chi_packed_aa_sketch_25

UniversalOptimize begin.
	Gate synthesis begin.
A_BMS
BMSparse object. Dims: 35x71
2200 424 1630 1629 422 1912 703 1909 702 1659 1340 1017 1779 1016 1015 507 1582 2090 871 2087 182 1438 870 108 869 1906 107 230 1090 795 868 573 1089 1343 572 1213 699 793 2317 570 1713 1211 1465 1338 1363 1014 1091 1998 456 796 375 1917 1092 1657 505 450 1920 155 2199 1171 1339 568 1584 454 1996 1361 1781 257 1908 700 1214 1997 1712 229 1999 154 2198 1170 794 2088 2089 1212 184 529 1168 451 1736 530 2197 1169 1738 976 36 746 1775 747 38 1776 748 749 1389 376 1661 1918 119 2383 1390 1919 1662 120 2384 2257 2385 2258 2386 2259 1464 1545 2316 259 48 2462 2463 50 1436 2464 2465 336 340 1543 337 977 342 978 2318 1547 2319 1548 975 2260 

[Dynamic Basis Local Repair TODD + Chi Compression + Packed + AA + Sketch-before-Basis] Base: lx2_dynamic_repair_chi_packed_aa | sketch percent=25
--- Round 0 | Current Columns: 71 ---
  [HIT!] Pair(39,64) x-weight=2 | 71 -> 69 columns
--- Round 1 | Current Columns: 69 ---
  [HIT!] Pair(15,19) x-weight=2 | 69 -> 67 columns
--- Round 2 | Current Columns: 67 ---
  [HIT!] Pair(23,55) x-weight=2 | 67 -> 65 columns
--- Round 3 | Current Columns: 65 ---
  [HIT!] Pair(27,35) x-weight=2 | 65 -> 63 columns
--- Round 4 | Current Columns: 63 ---
  [HIT!] Pair(7,55) x-weight=2 | 63 -> 61 columns
--- Round 5 | Current Columns: 61 ---
  [HIT!] Pair(11,23) x-weight=2 | 61 -> 59 columns
--- Round 6 | Current Columns: 59 ---
  [HIT!] Pair(39,47) x-weight=2 | 59 -> 57 columns
--- Round 7 | Current Columns: 57 ---
  [HIT!] Pair(38,53) x-weight=4 | 57 -> 55 columns
--- Round 8 | Current Columns: 55 ---

=== Dynamic Basis Local Repair Chi Packed AA Sketch Summary ===
Algorithm       : LempelX2_DynamicBasisLocalRepairChiPackedAASketch
Initial T-count : 71
Final T-count   : 55
Total Reduced   : 16 gates
Execution Time  : 2650 ms
Pairs tested    : 2269
Sketch filtered : 2179
Sketch skip reuse: 0
Reuse mem reject: 0
Reuse NS runs   : 0
Reuse no pair y : 0
Reuse no reduce : 0
Reuse reduced   : 0
Filtered miss   : 82
Nullspace runs  : 8
Rebuild count   : 80
Local add count : 10
AA Table time   : 0.247 ms
Sketch time     : 2551.7 ms
Sketch build time: 305.888 ms
Sketch basis time: 9.83 ms
Sketch mem time : 0.003 ms
Sketch other time: 2235.98 ms
Chi update time : 72.793 ms
Basis work time : 72.793 ms
Nullspace time  : 7.685 ms
Sketch rej rate : 96.0335%
Avg sketch rows : 3924.64
Avg sketch basis: 53.1736
Avg affected    : 7395.43 rows
Avg active rows : 5047.78
=============================================================
		TODD executed in 2.64562 seconds.
		Total time: 2.64778s
	Gate synthesis end.
	Total time: 4.24701s
UniversalOptimize end.
Output circuit:
n 35
n_x 19
n_y 0
n_z 16
m 2001
[0] = H 11
[1] = H 12
[2] = H 13
[3] = H 14
[4] = H 15
[5] = H 16
[6] = H 17
[7] = H 18
[8] = H 19
[9] = H 20
[10] = H 21
[11] = H 22
[12] = H 23
[13] = H 24
[14] = H 25
[15] = H 26
[16] = H 27
[17] = H 28
[18] = H 29
[19] = H 30
[20] = H 31
[21] = H 32
[22] = H 33
[23] = H 34
[24] = H 35
[25] = CNOT 9 18
[26] = CNOT 9 19
[27] = CNOT 9 26
[28] = CNOT 9 28
[29] = T 9
[30] = CNOT 9 26
[31] = CNOT 9 18
[32] = CNOT 18 19
[33] = CNOT 18 26
[34] = CNOT 18 28
[35] = T 18
[36] = CNOT 18 28
[37] = CNOT 18 26
[38] = CNOT 18 19
[39] = CNOT 9 18
[40] = T 9
[41] = CNOT 9 28
[42] = CNOT 9 18
[43] = CNOT 18 19
[44] = CNOT 18 28
[45] = T 18
[46] = Z 18
[47] = CNOT 18 28
[48] = CNOT 18 19
[49] = CNOT 9 26
[50] = T 9
[51] = S 9
[52] = Z 9
[53] = CNOT 9 26
[54] = T 9
[55] = S 9
[56] = CNOT 9 19
[57] = CNOT 19 26
[58] = T 19
[59] = S 19
[60] = CNOT 19 26
[61] = CNOT 19 27
[62] = T 19
[63] = S 19
[64] = CNOT 19 27
[65] = CNOT 8 25
[66] = CNOT 8 27
[67] = T 8
[68] = S 8
[69] = Z 8
[70] = CNOT 8 25
[71] = CNOT 25 27
[72] = T 25
[73] = S 25
[74] = CNOT 25 27
[75] = T 8
[76] = S 8
[77] = CNOT 10 19
[78] = CNOT 10 27
[79] = T 10
[80] = CNOT 10 27
[81] = CNOT 10 19
[82] = CNOT 1 3
[83] = CNOT 1 5
[84] = CNOT 1 10
[85] = CNOT 1 13
[86] = CNOT 1 15
[87] = CNOT 1 20
[88] = CNOT 1 31
[89] = CNOT 1 33
[90] = T 1
[91] = CNOT 1 20
[92] = T 1
[93] = CNOT 1 3
[94] = CNOT 1 20
[95] = T 1
[96] = CNOT 1 33
[97] = CNOT 1 20
[98] = CNOT 1 13
[99] = CNOT 1 23
[100] = T 1
[101] = CNOT 1 23
[102] = CNOT 1 4
[103] = CNOT 1 13
[104] = CNOT 1 21
[105] = CNOT 1 33
[106] = T 1
[107] = CNOT 1 21
[108] = T 1
[109] = CNOT 1 4
[110] = CNOT 1 21
[111] = T 1
[112] = CNOT 1 33
[113] = CNOT 1 21
[114] = CNOT 1 13
[115] = CNOT 1 6
[116] = CNOT 1 23
[117] = T 1
[118] = CNOT 1 31
[119] = CNOT 1 15
[120] = T 1
[121] = CNOT 1 23
[122] = T 1
[123] = CNOT 1 6
[124] = CNOT 1 23
[125] = T 1
[126] = CNOT 1 23
[127] = CNOT 1 14
[128] = CNOT 1 32
[129] = T 1
[130] = CNOT 1 32
[131] = CNOT 1 14
[132] = CNOT 7 17
[133] = CNOT 7 24
[134] = CNOT 7 27
[135] = CNOT 7 29
[136] = T 7
[137] = CNOT 7 24
[138] = T 7
[139] = CNOT 7 17
[140] = CNOT 17 24
[141] = CNOT 17 27
[142] = CNOT 17 29
[143] = T 17
[144] = CNOT 17 29
[145] = CNOT 17 27
[146] = CNOT 17 24
[147] = CNOT 1 6
[148] = CNOT 1 15
[149] = CNOT 1 31
[150] = T 1
[151] = CNOT 1 31
[152] = CNOT 1 15
[153] = CNOT 1 10
[154] = CNOT 1 6
[155] = CNOT 1 5
[156] = CNOT 7 16
[157] = CNOT 7 17
[158] = CNOT 7 24
[159] = CNOT 7 30
[160] = T 7
[161] = CNOT 7 24
[162] = CNOT 7 16
[163] = CNOT 16 17
[164] = CNOT 16 24
[165] = CNOT 16 27
[166] = CNOT 16 29
[167] = CNOT 16 30
[168] = T 16
[169] = CNOT 16 30
[170] = CNOT 16 29
[171] = CNOT 16 27
[172] = CNOT 16 24
[173] = CNOT 16 17
[174] = CNOT 7 16
[175] = T 7
[176] = CNOT 7 30
[177] = CNOT 7 29
[178] = CNOT 7 27
[179] = CNOT 7 17
[180] = CNOT 7 16
[181] = CNOT 16 17
[182] = CNOT 16 27
[183] = CNOT 16 29
[184] = CNOT 16 30
[185] = T 16
[186] = CNOT 16 30
[187] = CNOT 16 29
[188] = CNOT 16 27
[189] = CNOT 16 17
[190] = CNOT 8 17
[191] = CNOT 8 25
[192] = CNOT 8 29
[193] = T 8
[194] = CNOT 8 25
[195] = T 8
[196] = CNOT 8 29
[197] = CNOT 8 27
[198] = CNOT 8 17
[199] = CNOT 17 25
[200] = CNOT 17 27
[201] = CNOT 17 29
[202] = T 17
[203] = CNOT 17 29
[204] = CNOT 17 27
[205] = CNOT 17 25
[206] = CNOT 10 27
[207] = T 10
[208] = S 10
[209] = CNOT 10 27
[210] = CNOT 1 2
[211] = CNOT 1 10
[212] = T 1
[213] = S 1
[214] = Z 1
[215] = CNOT 1 2
[216] = CNOT 2 10
[217] = T 2
[218] = S 2
[219] = CNOT 2 10
[220] = CNOT 1 14
[221] = CNOT 1 22
[222] = CNOT 1 32
[223] = T 1
[224] = CNOT 1 22
[225] = T 1
[226] = CNOT 1 32
[227] = CNOT 1 14
[228] = CNOT 1 3
[229] = CNOT 1 5
[230] = CNOT 1 12
[231] = CNOT 1 13
[232] = CNOT 1 15
[233] = CNOT 1 20
[234] = CNOT 1 31
[235] = CNOT 1 33
[236] = CNOT 1 34
[237] = T 1
[238] = CNOT 1 3
[239] = T 1
[240] = CNOT 1 20
[241] = CNOT 1 3
[242] = T 1
[243] = CNOT 1 3
[244] = T 1
[245] = CNOT 1 34
[246] = CNOT 1 33
[247] = CNOT 1 13
[248] = CNOT 1 12
[249] = CNOT 1 4
[250] = CNOT 1 21
[251] = T 1
[252] = CNOT 1 4
[253] = T 1
[254] = CNOT 1 21
[255] = CNOT 1 4
[256] = T 1
[257] = CNOT 1 31
[258] = CNOT 1 15
[259] = CNOT 1 4
[260] = CNOT 1 14
[261] = CNOT 1 22
[262] = CNOT 1 32
[263] = T 1
[264] = CNOT 1 32
[265] = CNOT 1 22
[266] = CNOT 1 14
[267] = CNOT 1 5
[268] = CNOT 1 2
[269] = CNOT 1 11
[270] = CNOT 1 35
[271] = T 1
[272] = CNOT 1 2
[273] = CNOT 2 10
[274] = CNOT 2 11
[275] = CNOT 2 35
[276] = T 2
[277] = CNOT 2 35
[278] = CNOT 2 11
[279] = CNOT 2 10
[280] = T 1
[281] = CNOT 1 35
[282] = CNOT 1 11
[283] = CNOT 1 10
[284] = CNOT 10 11
[285] = CNOT 10 35
[286] = T 10
[287] = Z 10
[288] = CNOT 10 35
[289] = CNOT 10 11
[290] = CNOT 1 10
[291] = CNOT 1 22
[292] = T 1
[293] = Z 1
[294] = CNOT 1 10
[295] = CNOT 10 19
[296] = T 10
[297] = S 10
[298] = CNOT 10 19
[299] = CNOT 1 5
[300] = CNOT 1 10
[301] = T 1
[302] = CNOT 1 22
[303] = CNOT 1 10
[304] = CNOT 1 5
[305] = S 2
[306] = S 3
[307] = S 4
[308] = Z 5
[309] = S 6
[310] = S 7
[311] = S 8
[312] = S 9
[313] = S 10
[314] = S 11
[315] = S 12
[316] = Z 12
[317] = S 14
[318] = Z 15
[319] = S 16
[320] = Z 16
[321] = Z 17
[322] = S 18
[323] = Z 19
[324] = S 20
[325] = Z 20
[326] = S 21
[327] = Z 21
[328] = S 23
[329] = Z 23
[330] = S 24
[331] = Z 24
[332] = S 25
[333] = Z 25
[334] = S 26
[335] = Z 26
[336] = S 27
[337] = S 28
[338] = Z 29
[339] = S 30
[340] = Z 30
[341] = Z 31
[342] = S 32
[343] = S 34
[344] = Z 34
[345] = S 35
[346] = CNOT 1 2
[347] = Z 1
[348] = CNOT 1 2
[349] = CNOT 1 3
[350] = S 1
[351] = CNOT 1 3
[352] = CNOT 1 4
[353] = S 1
[354] = CNOT 1 4
[355] = CNOT 1 5
[356] = S 1
[357] = Z 1
[358] = CNOT 1 5
[359] = CNOT 1 6
[360] = S 1
[361] = CNOT 1 6
[362] = CNOT 1 11
[363] = S 1
[364] = Z 1
[365] = CNOT 1 11
[366] = CNOT 1 12
[367] = Z 1
[368] = CNOT 1 12
[369] = CNOT 1 20
[370] = S 1
[371] = CNOT 1 20
[372] = CNOT 1 21
[373] = S 1
[374] = CNOT 1 21
[375] = CNOT 1 22
[376] = S 1
[377] = Z 1
[378] = CNOT 1 22
[379] = CNOT 1 23
[380] = S 1
[381] = CNOT 1 23
[382] = CNOT 1 34
[383] = Z 1
[384] = CNOT 1 34
[385] = CNOT 1 35
[386] = S 1
[387] = Z 1
[388] = CNOT 1 35
[389] = CNOT 2 11
[390] = S 2
[391] = Z 2
[392] = CNOT 2 11
[393] = CNOT 2 35
[394] = S 2
[395] = Z 2
[396] = CNOT 2 35
[397] = CNOT 3 5
[398] = S 3
[399] = CNOT 3 5
[400] = CNOT 3 10
[401] = S 3
[402] = CNOT 3 10
[403] = CNOT 3 12
[404] = S 3
[405] = CNOT 3 12
[406] = CNOT 3 13
[407] = S 3
[408] = CNOT 3 13
[409] = CNOT 3 15
[410] = S 3
[411] = CNOT 3 15
[412] = CNOT 3 31
[413] = S 3
[414] = CNOT 3 31
[415] = CNOT 3 33
[416] = S 3
[417] = CNOT 3 33
[418] = CNOT 3 34
[419] = S 3
[420] = CNOT 3 34
[421] = CNOT 4 5
[422] = S 4
[423] = CNOT 4 5
[424] = CNOT 4 10
[425] = S 4
[426] = CNOT 4 10
[427] = CNOT 4 13
[428] = S 4
[429] = Z 4
[430] = CNOT 4 13
[431] = CNOT 4 15
[432] = S 4
[433] = CNOT 4 15
[434] = CNOT 4 21
[435] = Z 4
[436] = CNOT 4 21
[437] = CNOT 4 31
[438] = S 4
[439] = CNOT 4 31
[440] = CNOT 4 33
[441] = S 4
[442] = Z 4
[443] = CNOT 4 33
[444] = CNOT 5 6
[445] = S 5
[446] = CNOT 5 6
[447] = CNOT 5 10
[448] = S 5
[449] = Z 5
[450] = CNOT 5 10
[451] = CNOT 5 12
[452] = Z 5
[453] = CNOT 5 12
[454] = CNOT 5 20
[455] = S 5
[456] = CNOT 5 20
[457] = CNOT 5 21
[458] = S 5
[459] = CNOT 5 21
[460] = CNOT 5 22
[461] = S 5
[462] = Z 5
[463] = CNOT 5 22
[464] = CNOT 5 23
[465] = S 5
[466] = CNOT 5 23
[467] = CNOT 5 34
[468] = Z 5
[469] = CNOT 5 34
[470] = CNOT 6 10
[471] = S 6
[472] = CNOT 6 10
[473] = CNOT 6 15
[474] = S 6
[475] = CNOT 6 15
[476] = CNOT 6 31
[477] = S 6
[478] = CNOT 6 31
[479] = CNOT 7 16
[480] = S 7
[481] = CNOT 7 16
[482] = CNOT 7 17
[483] = S 7
[484] = CNOT 7 17
[485] = CNOT 7 27
[486] = S 7
[487] = CNOT 7 27
[488] = CNOT 7 29
[489] = S 7
[490] = CNOT 7 29
[491] = CNOT 7 30
[492] = S 7
[493] = CNOT 7 30
[494] = CNOT 8 17
[495] = S 8
[496] = Z 8
[497] = CNOT 8 17
[498] = CNOT 8 25
[499] = Z 8
[500] = CNOT 8 25
[501] = CNOT 8 29
[502] = S 8
[503] = Z 8
[504] = CNOT 8 29
[505] = CNOT 9 18
[506] = S 9
[507] = Z 9
[508] = CNOT 9 18
[509] = CNOT 9 26
[510] = Z 9
[511] = CNOT 9 26
[512] = CNOT 9 28
[513] = S 9
[514] = Z 9
[515] = CNOT 9 28
[516] = CNOT 10 11
[517] = Z 10
[518] = CNOT 10 11
[519] = CNOT 10 12
[520] = Z 10
[521] = CNOT 10 12
[522] = CNOT 10 20
[523] = S 10
[524] = CNOT 10 20
[525] = CNOT 10 21
[526] = S 10
[527] = CNOT 10 21
[528] = CNOT 10 22
[529] = S 10
[530] = Z 10
[531] = CNOT 10 22
[532] = CNOT 10 23
[533] = S 10
[534] = CNOT 10 23
[535] = CNOT 10 34
[536] = Z 10
[537] = CNOT 10 34
[538] = CNOT 10 35
[539] = Z 10
[540] = CNOT 10 35
[541] = CNOT 11 20
[542] = S 11
[543] = CNOT 11 20
[544] = CNOT 11 35
[545] = Z 11
[546] = CNOT 11 35
[547] = CNOT 12 13
[548] = Z 12
[549] = CNOT 12 13
[550] = CNOT 12 15
[551] = Z 12
[552] = CNOT 12 15
[553] = CNOT 12 20
[554] = S 12
[555] = CNOT 12 20
[556] = CNOT 12 21
[557] = S 12
[558] = CNOT 12 21
[559] = CNOT 12 31
[560] = Z 12
[561] = CNOT 12 31
[562] = CNOT 12 33
[563] = Z 12
[564] = CNOT 12 33
[565] = CNOT 12 34
[566] = Z 12
[567] = CNOT 12 34
[568] = CNOT 13 20
[569] = S 13
[570] = CNOT 13 20
[571] = CNOT 13 21
[572] = S 13
[573] = Z 13
[574] = CNOT 13 21
[575] = CNOT 13 22
[576] = S 13
[577] = CNOT 13 22
[578] = CNOT 13 34
[579] = Z 13
[580] = CNOT 13 34
[581] = CNOT 14 23
[582] = S 14
[583] = CNOT 14 23
[584] = CNOT 15 20
[585] = S 15
[586] = CNOT 15 20
[587] = CNOT 15 21
[588] = S 15
[589] = CNOT 15 21
[590] = CNOT 15 23
[591] = S 15
[592] = CNOT 15 23
[593] = CNOT 15 24
[594] = S 15
[595] = CNOT 15 24
[596] = CNOT 15 34
[597] = Z 15
[598] = CNOT 15 34
[599] = CNOT 16 17
[600] = Z 16
[601] = CNOT 16 17
[602] = CNOT 16 24
[603] = S 16
[604] = CNOT 16 24
[605] = CNOT 16 25
[606] = S 16
[607] = CNOT 16 25
[608] = CNOT 16 27
[609] = Z 16
[610] = CNOT 16 27
[611] = CNOT 16 29
[612] = Z 16
[613] = CNOT 16 29
[614] = CNOT 16 30
[615] = Z 16
[616] = CNOT 16 30
[617] = CNOT 17 24
[618] = S 17
[619] = CNOT 17 24
[620] = CNOT 17 25
[621] = S 17
[622] = Z 17
[623] = CNOT 17 25
[624] = CNOT 17 26
[625] = S 17
[626] = CNOT 17 26
[627] = CNOT 17 30
[628] = Z 17
[629] = CNOT 17 30
[630] = CNOT 18 19
[631] = Z 18
[632] = CNOT 18 19
[633] = CNOT 18 26
[634] = S 18
[635] = Z 18
[636] = CNOT 18 26
[637] = CNOT 18 27
[638] = S 18
[639] = CNOT 18 27
[640] = CNOT 18 28
[641] = Z 18
[642] = CNOT 18 28
[643] = CNOT 19 28
[644] = Z 19
[645] = CNOT 19 28
[646] = CNOT 20 31
[647] = S 20
[648] = CNOT 20 31
[649] = CNOT 20 33
[650] = S 20
[651] = CNOT 20 33
[652] = CNOT 20 34
[653] = S 20
[654] = CNOT 20 34
[655] = CNOT 20 35
[656] = S 20
[657] = CNOT 20 35
[658] = CNOT 21 31
[659] = S 21
[660] = CNOT 21 31
[661] = CNOT 21 33
[662] = S 21
[663] = Z 21
[664] = CNOT 21 33
[665] = CNOT 21 34
[666] = S 21
[667] = CNOT 21 34
[668] = CNOT 22 33
[669] = S 22
[670] = CNOT 22 33
[671] = CNOT 23 31
[672] = S 23
[673] = CNOT 23 31
[674] = CNOT 23 32
[675] = S 23
[676] = CNOT 23 32
[677] = CNOT 24 27
[678] = S 24
[679] = CNOT 24 27
[680] = CNOT 24 29
[681] = S 24
[682] = CNOT 24 29
[683] = CNOT 24 30
[684] = S 24
[685] = CNOT 24 30
[686] = CNOT 24 31
[687] = S 24
[688] = CNOT 24 31
[689] = CNOT 25 29
[690] = S 25
[691] = Z 25
[692] = CNOT 25 29
[693] = CNOT 25 30
[694] = S 25
[695] = CNOT 25 30
[696] = CNOT 26 28
[697] = S 26
[698] = Z 26
[699] = CNOT 26 28
[700] = CNOT 26 29
[701] = S 26
[702] = CNOT 26 29
[703] = CNOT 27 28
[704] = S 27
[705] = CNOT 27 28
[706] = CNOT 27 30
[707] = Z 27
[708] = CNOT 27 30
[709] = CNOT 29 30
[710] = Z 29
[711] = CNOT 29 30
[712] = CNOT 31 34
[713] = Z 31
[714] = CNOT 31 34
[715] = CNOT 33 34
[716] = Z 33
[717] = CNOT 33 34
[718] = CNOT 1 3
[719] = CNOT 1 5
[720] = Z 1
[721] = CNOT 1 5
[722] = CNOT 1 10
[723] = Z 1
[724] = CNOT 1 10
[725] = CNOT 1 12
[726] = S 1
[727] = Z 1
[728] = CNOT 1 12
[729] = CNOT 1 13
[730] = Z 1
[731] = CNOT 1 13
[732] = CNOT 1 15
[733] = Z 1
[734] = CNOT 1 15
[735] = CNOT 1 20
[736] = S 1
[737] = Z 1
[738] = CNOT 1 20
[739] = CNOT 1 31
[740] = Z 1
[741] = CNOT 1 31
[742] = CNOT 1 33
[743] = Z 1
[744] = CNOT 1 33
[745] = CNOT 1 34
[746] = S 1
[747] = Z 1
[748] = CNOT 1 34
[749] = CNOT 1 3
[750] = CNOT 1 4
[751] = CNOT 1 5
[752] = Z 1
[753] = CNOT 1 5
[754] = CNOT 1 10
[755] = Z 1
[756] = CNOT 1 10
[757] = CNOT 1 13
[758] = S 1
[759] = Z 1
[760] = CNOT 1 13
[761] = CNOT 1 15
[762] = Z 1
[763] = CNOT 1 15
[764] = CNOT 1 21
[765] = S 1
[766] = Z 1
[767] = CNOT 1 21
[768] = CNOT 1 31
[769] = Z 1
[770] = CNOT 1 31
[771] = CNOT 1 33
[772] = S 1
[773] = Z 1
[774] = CNOT 1 33
[775] = CNOT 1 4
[776] = CNOT 1 5
[777] = CNOT 1 6
[778] = Z 1
[779] = CNOT 1 6
[780] = CNOT 1 10
[781] = S 1
[782] = CNOT 1 10
[783] = CNOT 1 12
[784] = Z 1
[785] = CNOT 1 12
[786] = CNOT 1 13
[787] = S 1
[788] = Z 1
[789] = CNOT 1 13
[790] = CNOT 1 14
[791] = S 1
[792] = Z 1
[793] = CNOT 1 14
[794] = CNOT 1 20
[795] = Z 1
[796] = CNOT 1 20
[797] = CNOT 1 21
[798] = Z 1
[799] = CNOT 1 21
[800] = CNOT 1 22
[801] = S 1
[802] = Z 1
[803] = CNOT 1 22
[804] = CNOT 1 23
[805] = Z 1
[806] = CNOT 1 23
[807] = CNOT 1 32
[808] = S 1
[809] = Z 1
[810] = CNOT 1 32
[811] = CNOT 1 33
[812] = S 1
[813] = Z 1
[814] = CNOT 1 33
[815] = CNOT 1 34
[816] = Z 1
[817] = CNOT 1 34
[818] = CNOT 1 5
[819] = CNOT 1 6
[820] = CNOT 1 10
[821] = Z 1
[822] = CNOT 1 10
[823] = CNOT 1 15
[824] = S 1
[825] = Z 1
[826] = CNOT 1 15
[827] = CNOT 1 23
[828] = S 1
[829] = Z 1
[830] = CNOT 1 23
[831] = CNOT 1 31
[832] = S 1
[833] = Z 1
[834] = CNOT 1 31
[835] = CNOT 1 6
[836] = CNOT 1 10
[837] = CNOT 1 11
[838] = S 1
[839] = Z 1
[840] = CNOT 1 11
[841] = CNOT 1 12
[842] = Z 1
[843] = CNOT 1 12
[844] = CNOT 1 13
[845] = S 1
[846] = Z 1
[847] = CNOT 1 13
[848] = CNOT 1 14
[849] = Z 1
[850] = CNOT 1 14
[851] = CNOT 1 20
[852] = Z 1
[853] = CNOT 1 20
[854] = CNOT 1 21
[855] = Z 1
[856] = CNOT 1 21
[857] = CNOT 1 23
[858] = Z 1
[859] = CNOT 1 23
[860] = CNOT 1 32
[861] = Z 1
[862] = CNOT 1 32
[863] = CNOT 1 33
[864] = S 1
[865] = Z 1
[866] = CNOT 1 33
[867] = CNOT 1 34
[868] = Z 1
[869] = CNOT 1 34
[870] = CNOT 1 35
[871] = S 1
[872] = Z 1
[873] = CNOT 1 10
[874] = CNOT 1 11
[875] = S 1
[876] = Z 1
[877] = CNOT 1 35
[878] = CNOT 1 11
[879] = CNOT 1 12
[880] = CNOT 1 13
[881] = Z 1
[882] = CNOT 1 13
[883] = CNOT 1 15
[884] = Z 1
[885] = CNOT 1 15
[886] = CNOT 1 20
[887] = S 1
[888] = Z 1
[889] = CNOT 1 20
[890] = CNOT 1 31
[891] = Z 1
[892] = CNOT 1 31
[893] = CNOT 1 33
[894] = Z 1
[895] = CNOT 1 33
[896] = CNOT 1 34
[897] = Z 1
[898] = CNOT 1 34
[899] = CNOT 1 12
[900] = CNOT 1 13
[901] = CNOT 1 15
[902] = S 1
[903] = Z 1
[904] = CNOT 1 15
[905] = CNOT 1 20
[906] = Z 1
[907] = CNOT 1 20
[908] = CNOT 1 21
[909] = S 1
[910] = Z 1
[911] = CNOT 1 21
[912] = CNOT 1 31
[913] = S 1
[914] = Z 1
[915] = CNOT 1 31
[916] = CNOT 1 33
[917] = S 1
[918] = Z 1
[919] = CNOT 1 33
[920] = CNOT 1 34
[921] = Z 1
[922] = CNOT 1 34
[923] = CNOT 1 13
[924] = CNOT 1 14
[925] = CNOT 1 22
[926] = S 1
[927] = Z 1
[928] = CNOT 1 22
[929] = CNOT 1 32
[930] = Z 1
[931] = CNOT 1 32
[932] = CNOT 1 14
[933] = CNOT 1 15
[934] = CNOT 1 20
[935] = Z 1
[936] = CNOT 1 20
[937] = CNOT 1 21
[938] = Z 1
[939] = CNOT 1 21
[940] = CNOT 1 23
[941] = S 1
[942] = Z 1
[943] = CNOT 1 23
[944] = CNOT 1 33
[945] = S 1
[946] = Z 1
[947] = CNOT 1 33
[948] = CNOT 1 34
[949] = Z 1
[950] = CNOT 1 34
[951] = CNOT 1 15
[952] = CNOT 1 20
[953] = CNOT 1 31
[954] = Z 1
[955] = CNOT 1 31
[956] = CNOT 1 33
[957] = Z 1
[958] = CNOT 1 33
[959] = CNOT 1 34
[960] = S 1
[961] = Z 1
[962] = CNOT 1 34
[963] = CNOT 1 20
[964] = CNOT 1 21
[965] = CNOT 1 31
[966] = Z 1
[967] = CNOT 1 31
[968] = CNOT 1 33
[969] = S 1
[970] = Z 1
[971] = CNOT 1 33
[972] = CNOT 1 21
[973] = CNOT 1 22
[974] = CNOT 1 32
[975] = S 1
[976] = Z 1
[977] = CNOT 1 32
[978] = CNOT 1 22
[979] = CNOT 1 23
[980] = CNOT 1 31
[981] = S 1
[982] = Z 1
[983] = CNOT 1 23
[984] = CNOT 1 33
[985] = S 1
[986] = Z 1
[987] = CNOT 1 33
[988] = CNOT 1 34
[989] = Z 1
[990] = CNOT 1 31
[991] = CNOT 1 33
[992] = Z 1
[993] = CNOT 1 34
[994] = CNOT 1 33
[995] = CNOT 2 10
[996] = CNOT 2 11
[997] = S 2
[998] = Z 2
[999] = CNOT 2 11
[1000] = CNOT 2 35
[1001] = S 2
[1002] = Z 2
[1003] = CNOT 2 10
[1004] = CNOT 2 11
[1005] = S 2
[1006] = Z 2
[1007] = CNOT 2 35
[1008] = CNOT 2 11
[1009] = CNOT 3 5
[1010] = CNOT 3 10
[1011] = Z 3
[1012] = CNOT 3 10
[1013] = CNOT 3 12
[1014] = S 3
[1015] = Z 3
[1016] = CNOT 3 12
[1017] = CNOT 3 13
[1018] = Z 3
[1019] = CNOT 3 13
[1020] = CNOT 3 15
[1021] = Z 3
[1022] = CNOT 3 15
[1023] = CNOT 3 20
[1024] = S 3
[1025] = Z 3
[1026] = CNOT 3 20
[1027] = CNOT 3 31
[1028] = Z 3
[1029] = CNOT 3 31
[1030] = CNOT 3 33
[1031] = Z 3
[1032] = CNOT 3 33
[1033] = CNOT 3 34
[1034] = S 3
[1035] = Z 3
[1036] = CNOT 3 34
[1037] = CNOT 3 5
[1038] = CNOT 3 10
[1039] = CNOT 3 12
[1040] = S 3
[1041] = Z 3
[1042] = CNOT 3 12
[1043] = CNOT 3 13
[1044] = Z 3
[1045] = CNOT 3 13
[1046] = CNOT 3 15
[1047] = Z 3
[1048] = CNOT 3 15
[1049] = CNOT 3 20
[1050] = S 3
[1051] = Z 3
[1052] = CNOT 3 20
[1053] = CNOT 3 31
[1054] = Z 3
[1055] = CNOT 3 31
[1056] = CNOT 3 33
[1057] = Z 3
[1058] = CNOT 3 33
[1059] = CNOT 3 34
[1060] = S 3
[1061] = Z 3
[1062] = CNOT 3 34
[1063] = CNOT 3 10
[1064] = CNOT 3 12
[1065] = CNOT 3 13
[1066] = S 3
[1067] = Z 3
[1068] = CNOT 3 13
[1069] = CNOT 3 15
[1070] = S 3
[1071] = Z 3
[1072] = CNOT 3 15
[1073] = CNOT 3 31
[1074] = S 3
[1075] = Z 3
[1076] = CNOT 3 31
[1077] = CNOT 3 33
[1078] = S 3
[1079] = Z 3
[1080] = CNOT 3 33
[1081] = CNOT 3 34
[1082] = S 3
[1083] = Z 3
[1084] = CNOT 3 34
[1085] = CNOT 3 12
[1086] = CNOT 3 13
[1087] = CNOT 3 15
[1088] = Z 3
[1089] = CNOT 3 15
[1090] = CNOT 3 20
[1091] = S 3
[1092] = Z 3
[1093] = CNOT 3 20
[1094] = CNOT 3 31
[1095] = Z 3
[1096] = CNOT 3 31
[1097] = CNOT 3 33
[1098] = Z 3
[1099] = CNOT 3 33
[1100] = CNOT 3 34
[1101] = S 3
[1102] = Z 3
[1103] = CNOT 3 34
[1104] = CNOT 3 13
[1105] = CNOT 3 15
[1106] = CNOT 3 20
[1107] = S 3
[1108] = Z 3
[1109] = CNOT 3 20
[1110] = CNOT 3 31
[1111] = Z 3
[1112] = CNOT 3 31
[1113] = CNOT 3 33
[1114] = Z 3
[1115] = CNOT 3 33
[1116] = CNOT 3 34
[1117] = S 3
[1118] = Z 3
[1119] = CNOT 3 34
[1120] = CNOT 3 15
[1121] = CNOT 3 20
[1122] = CNOT 3 31
[1123] = S 3
[1124] = Z 3
[1125] = CNOT 3 31
[1126] = CNOT 3 33
[1127] = S 3
[1128] = Z 3
[1129] = CNOT 3 20
[1130] = CNOT 3 31
[1131] = Z 3
[1132] = CNOT 3 33
[1133] = CNOT 3 34
[1134] = S 3
[1135] = Z 3
[1136] = CNOT 3 31
[1137] = CNOT 3 33
[1138] = S 3
[1139] = Z 3
[1140] = CNOT 3 34
[1141] = CNOT 3 33
[1142] = CNOT 4 5
[1143] = CNOT 4 10
[1144] = Z 4
[1145] = CNOT 4 10
[1146] = CNOT 4 13
[1147] = S 4
[1148] = Z 4
[1149] = CNOT 4 13
[1150] = CNOT 4 15
[1151] = Z 4
[1152] = CNOT 4 15
[1153] = CNOT 4 21
[1154] = S 4
[1155] = Z 4
[1156] = CNOT 4 21
[1157] = CNOT 4 31
[1158] = Z 4
[1159] = CNOT 4 31
[1160] = CNOT 4 33
[1161] = S 4
[1162] = Z 4
[1163] = CNOT 4 33
[1164] = CNOT 4 5
[1165] = CNOT 4 10
[1166] = CNOT 4 13
[1167] = S 4
[1168] = Z 4
[1169] = CNOT 4 13
[1170] = CNOT 4 15
[1171] = Z 4
[1172] = CNOT 4 15
[1173] = CNOT 4 21
[1174] = S 4
[1175] = Z 4
[1176] = CNOT 4 21
[1177] = CNOT 4 31
[1178] = Z 4
[1179] = CNOT 4 31
[1180] = CNOT 4 33
[1181] = S 4
[1182] = Z 4
[1183] = CNOT 4 33
[1184] = CNOT 4 10
[1185] = CNOT 4 13
[1186] = CNOT 4 15
[1187] = S 4
[1188] = Z 4
[1189] = CNOT 4 15
[1190] = CNOT 4 31
[1191] = S 4
[1192] = Z 4
[1193] = CNOT 4 31
[1194] = CNOT 4 33
[1195] = S 4
[1196] = Z 4
[1197] = CNOT 4 33
[1198] = CNOT 4 13
[1199] = CNOT 4 15
[1200] = CNOT 4 21
[1201] = S 4
[1202] = Z 4
[1203] = CNOT 4 21
[1204] = CNOT 4 31
[1205] = Z 4
[1206] = CNOT 4 31
[1207] = CNOT 4 33
[1208] = S 4
[1209] = Z 4
[1210] = CNOT 4 33
[1211] = CNOT 4 15
[1212] = CNOT 4 21
[1213] = CNOT 4 31
[1214] = S 4
[1215] = Z 4
[1216] = CNOT 4 21
[1217] = CNOT 4 33
[1218] = S 4
[1219] = Z 4
[1220] = CNOT 4 33
[1221] = CNOT 4 31
[1222] = CNOT 5 6
[1223] = CNOT 5 10
[1224] = Z 5
[1225] = CNOT 5 10
[1226] = CNOT 5 15
[1227] = S 5
[1228] = Z 5
[1229] = CNOT 5 15
[1230] = CNOT 5 23
[1231] = S 5
[1232] = Z 5
[1233] = CNOT 5 23
[1234] = CNOT 5 31
[1235] = S 5
[1236] = Z 5
[1237] = CNOT 5 31
[1238] = CNOT 5 6
[1239] = CNOT 5 10
[1240] = CNOT 5 12
[1241] = Z 5
[1242] = CNOT 5 12
[1243] = CNOT 5 13
[1244] = S 5
[1245] = Z 5
[1246] = CNOT 5 13
[1247] = CNOT 5 14
[1248] = S 5
[1249] = Z 5
[1250] = CNOT 5 14
[1251] = CNOT 5 20
[1252] = Z 5
[1253] = CNOT 5 20
[1254] = CNOT 5 21
[1255] = Z 5
[1256] = CNOT 5 21
[1257] = CNOT 5 22
[1258] = S 5
[1259] = Z 5
[1260] = CNOT 5 22
[1261] = CNOT 5 23
[1262] = Z 5
[1263] = CNOT 5 23
[1264] = CNOT 5 32
[1265] = S 5
[1266] = Z 5
[1267] = CNOT 5 32
[1268] = CNOT 5 33
[1269] = S 5
[1270] = Z 5
[1271] = CNOT 5 33
[1272] = CNOT 5 34
[1273] = Z 5
[1274] = CNOT 5 34
[1275] = CNOT 5 10
[1276] = CNOT 5 12
[1277] = CNOT 5 13
[1278] = Z 5
[1279] = CNOT 5 13
[1280] = CNOT 5 15
[1281] = Z 5
[1282] = CNOT 5 15
[1283] = CNOT 5 20
[1284] = S 5
[1285] = Z 5
[1286] = CNOT 5 20
[1287] = CNOT 5 31
[1288] = Z 5
[1289] = CNOT 5 31
[1290] = CNOT 5 33
[1291] = Z 5
[1292] = CNOT 5 33
[1293] = CNOT 5 34
[1294] = Z 5
[1295] = CNOT 5 34
[1296] = CNOT 5 12
[1297] = CNOT 5 13
[1298] = CNOT 5 15
[1299] = S 5
[1300] = Z 5
[1301] = CNOT 5 15
[1302] = CNOT 5 20
[1303] = Z 5
[1304] = CNOT 5 20
[1305] = CNOT 5 21
[1306] = S 5
[1307] = Z 5
[1308] = CNOT 5 21
[1309] = CNOT 5 31
[1310] = S 5
[1311] = Z 5
[1312] = CNOT 5 31
[1313] = CNOT 5 33
[1314] = S 5
[1315] = Z 5
[1316] = CNOT 5 33
[1317] = CNOT 5 34
[1318] = Z 5
[1319] = CNOT 5 34
[1320] = CNOT 5 13
[1321] = CNOT 5 14
[1322] = CNOT 5 32
[1323] = S 5
[1324] = Z 5
[1325] = CNOT 5 32
[1326] = CNOT 5 14
[1327] = CNOT 5 15
[1328] = CNOT 5 20
[1329] = Z 5
[1330] = CNOT 5 20
[1331] = CNOT 5 21
[1332] = Z 5
[1333] = CNOT 5 21
[1334] = CNOT 5 23
[1335] = S 5
[1336] = Z 5
[1337] = CNOT 5 23
[1338] = CNOT 5 33
[1339] = S 5
[1340] = Z 5
[1341] = CNOT 5 33
[1342] = CNOT 5 34
[1343] = Z 5
[1344] = CNOT 5 34
[1345] = CNOT 5 15
[1346] = CNOT 5 20
[1347] = CNOT 5 31
[1348] = Z 5
[1349] = CNOT 5 31
[1350] = CNOT 5 33
[1351] = Z 5
[1352] = CNOT 5 33
[1353] = CNOT 5 34
[1354] = S 5
[1355] = Z 5
[1356] = CNOT 5 34
[1357] = CNOT 5 20
[1358] = CNOT 5 21
[1359] = CNOT 5 31
[1360] = Z 5
[1361] = CNOT 5 31
[1362] = CNOT 5 33
[1363] = S 5
[1364] = Z 5
[1365] = CNOT 5 33
[1366] = CNOT 5 21
[1367] = CNOT 5 23
[1368] = CNOT 5 31
[1369] = S 5
[1370] = Z 5
[1371] = CNOT 5 23
[1372] = CNOT 5 33
[1373] = S 5
[1374] = Z 5
[1375] = CNOT 5 33
[1376] = CNOT 5 34
[1377] = Z 5
[1378] = CNOT 5 31
[1379] = CNOT 5 33
[1380] = Z 5
[1381] = CNOT 5 34
[1382] = CNOT 5 33
[1383] = CNOT 6 10
[1384] = CNOT 6 15
[1385] = S 6
[1386] = Z 6
[1387] = CNOT 6 15
[1388] = CNOT 6 23
[1389] = S 6
[1390] = Z 6
[1391] = CNOT 6 23
[1392] = CNOT 6 31
[1393] = S 6
[1394] = Z 6
[1395] = CNOT 6 10
[1396] = CNOT 6 15
[1397] = S 6
[1398] = Z 6
[1399] = CNOT 6 31
[1400] = CNOT 6 15
[1401] = CNOT 7 16
[1402] = CNOT 7 17
[1403] = S 7
[1404] = Z 7
[1405] = CNOT 7 17
[1406] = CNOT 7 27
[1407] = S 7
[1408] = Z 7
[1409] = CNOT 7 27
[1410] = CNOT 7 29
[1411] = S 7
[1412] = Z 7
[1413] = CNOT 7 29
[1414] = CNOT 7 30
[1415] = S 7
[1416] = Z 7
[1417] = CNOT 7 30
[1418] = CNOT 7 16
[1419] = CNOT 7 17
[1420] = CNOT 7 24
[1421] = S 7
[1422] = Z 7
[1423] = CNOT 7 24
[1424] = CNOT 7 27
[1425] = Z 7
[1426] = CNOT 7 27
[1427] = CNOT 7 29
[1428] = Z 7
[1429] = CNOT 7 29
[1430] = CNOT 7 30
[1431] = S 7
[1432] = Z 7
[1433] = CNOT 7 30
[1434] = CNOT 7 17
[1435] = CNOT 7 24
[1436] = CNOT 7 27
[1437] = S 7
[1438] = Z 7
[1439] = CNOT 7 27
[1440] = CNOT 7 29
[1441] = S 7
[1442] = Z 7
[1443] = CNOT 7 24
[1444] = CNOT 7 27
[1445] = Z 7
[1446] = CNOT 7 29
[1447] = CNOT 7 30
[1448] = S 7
[1449] = Z 7
[1450] = CNOT 7 27
[1451] = CNOT 7 29
[1452] = S 7
[1453] = Z 7
[1454] = CNOT 7 30
[1455] = CNOT 7 29
[1456] = CNOT 8 17
[1457] = CNOT 8 27
[1458] = S 8
[1459] = Z 8
[1460] = CNOT 8 27
[1461] = CNOT 8 29
[1462] = S 8
[1463] = Z 8
[1464] = CNOT 8 17
[1465] = CNOT 8 27
[1466] = S 8
[1467] = Z 8
[1468] = CNOT 8 29
[1469] = CNOT 8 27
[1470] = CNOT 9 18
[1471] = CNOT 9 19
[1472] = S 9
[1473] = Z 9
[1474] = CNOT 9 19
[1475] = CNOT 9 28
[1476] = S 9
[1477] = Z 9
[1478] = CNOT 9 18
[1479] = CNOT 9 19
[1480] = S 9
[1481] = Z 9
[1482] = CNOT 9 28
[1483] = CNOT 9 19
[1484] = CNOT 10 12
[1485] = CNOT 10 13
[1486] = Z 10
[1487] = CNOT 10 13
[1488] = CNOT 10 15
[1489] = Z 10
[1490] = CNOT 10 15
[1491] = CNOT 10 20
[1492] = S 10
[1493] = Z 10
[1494] = CNOT 10 20
[1495] = CNOT 10 31
[1496] = Z 10
[1497] = CNOT 10 31
[1498] = CNOT 10 33
[1499] = Z 10
[1500] = CNOT 10 33
[1501] = CNOT 10 34
[1502] = Z 10
[1503] = CNOT 10 34
[1504] = CNOT 10 12
[1505] = CNOT 10 13
[1506] = CNOT 10 15
[1507] = S 10
[1508] = Z 10
[1509] = CNOT 10 15
[1510] = CNOT 10 20
[1511] = Z 10
[1512] = CNOT 10 20
[1513] = CNOT 10 21
[1514] = S 10
[1515] = Z 10
[1516] = CNOT 10 21
[1517] = CNOT 10 31
[1518] = S 10
[1519] = Z 10
[1520] = CNOT 10 31
[1521] = CNOT 10 33
[1522] = S 10
[1523] = Z 10
[1524] = CNOT 10 33
[1525] = CNOT 10 34
[1526] = Z 10
[1527] = CNOT 10 34
[1528] = CNOT 10 13
[1529] = CNOT 10 14
[1530] = CNOT 10 22
[1531] = S 10
[1532] = Z 10
[1533] = CNOT 10 22
[1534] = CNOT 10 32
[1535] = Z 10
[1536] = CNOT 10 32
[1537] = CNOT 10 14
[1538] = CNOT 10 15
[1539] = CNOT 10 20
[1540] = Z 10
[1541] = CNOT 10 20
[1542] = CNOT 10 21
[1543] = Z 10
[1544] = CNOT 10 21
[1545] = CNOT 10 23
[1546] = S 10
[1547] = Z 10
[1548] = CNOT 10 23
[1549] = CNOT 10 33
[1550] = S 10
[1551] = Z 10
[1552] = CNOT 10 33
[1553] = CNOT 10 34
[1554] = Z 10
[1555] = CNOT 10 34
[1556] = CNOT 10 15
[1557] = CNOT 10 20
[1558] = CNOT 10 31
[1559] = Z 10
[1560] = CNOT 10 31
[1561] = CNOT 10 33
[1562] = Z 10
[1563] = CNOT 10 33
[1564] = CNOT 10 34
[1565] = S 10
[1566] = Z 10
[1567] = CNOT 10 34
[1568] = CNOT 10 20
[1569] = CNOT 10 21
[1570] = CNOT 10 31
[1571] = Z 10
[1572] = CNOT 10 31
[1573] = CNOT 10 33
[1574] = S 10
[1575] = Z 10
[1576] = CNOT 10 33
[1577] = CNOT 10 21
[1578] = CNOT 10 22
[1579] = CNOT 10 32
[1580] = S 10
[1581] = Z 10
[1582] = CNOT 10 32
[1583] = CNOT 10 22
[1584] = CNOT 10 23
[1585] = CNOT 10 31
[1586] = S 10
[1587] = Z 10
[1588] = CNOT 10 23
[1589] = CNOT 10 33
[1590] = S 10
[1591] = Z 10
[1592] = CNOT 10 33
[1593] = CNOT 10 34
[1594] = Z 10
[1595] = CNOT 10 31
[1596] = CNOT 10 33
[1597] = Z 10
[1598] = CNOT 10 34
[1599] = CNOT 10 33
[1600] = CNOT 12 13
[1601] = CNOT 12 15
[1602] = Z 12
[1603] = CNOT 12 15
[1604] = CNOT 12 20
[1605] = S 12
[1606] = Z 12
[1607] = CNOT 12 20
[1608] = CNOT 12 31
[1609] = Z 12
[1610] = CNOT 12 31
[1611] = CNOT 12 33
[1612] = Z 12
[1613] = CNOT 12 33
[1614] = CNOT 12 34
[1615] = Z 12
[1616] = CNOT 12 34
[1617] = CNOT 12 13
[1618] = CNOT 12 15
[1619] = CNOT 12 20
[1620] = S 12
[1621] = Z 12
[1622] = CNOT 12 20
[1623] = CNOT 12 31
[1624] = Z 12
[1625] = CNOT 12 31
[1626] = CNOT 12 33
[1627] = Z 12
[1628] = CNOT 12 33
[1629] = CNOT 12 34
[1630] = Z 12
[1631] = CNOT 12 34
[1632] = CNOT 12 15
[1633] = CNOT 12 20
[1634] = CNOT 12 31
[1635] = S 12
[1636] = Z 12
[1637] = CNOT 12 31
[1638] = CNOT 12 33
[1639] = S 12
[1640] = Z 12
[1641] = CNOT 12 33
[1642] = CNOT 12 34
[1643] = S 12
[1644] = Z 12
[1645] = CNOT 12 34
[1646] = CNOT 12 20
[1647] = CNOT 12 31
[1648] = CNOT 12 33
[1649] = Z 12
[1650] = CNOT 12 33
[1651] = CNOT 12 34
[1652] = Z 12
[1653] = CNOT 12 31
[1654] = CNOT 12 33
[1655] = Z 12
[1656] = CNOT 12 33
[1657] = CNOT 13 15
[1658] = CNOT 13 20
[1659] = Z 13
[1660] = CNOT 13 20
[1661] = CNOT 13 21
[1662] = S 13
[1663] = Z 13
[1664] = CNOT 13 21
[1665] = CNOT 13 31
[1666] = S 13
[1667] = Z 13
[1668] = CNOT 13 31
[1669] = CNOT 13 33
[1670] = S 13
[1671] = Z 13
[1672] = CNOT 13 33
[1673] = CNOT 13 34
[1674] = Z 13
[1675] = CNOT 13 34
[1676] = CNOT 13 15
[1677] = CNOT 13 20
[1678] = CNOT 13 31
[1679] = Z 13
[1680] = CNOT 13 31
[1681] = CNOT 13 33
[1682] = Z 13
[1683] = CNOT 13 33
[1684] = CNOT 13 34
[1685] = S 13
[1686] = Z 13
[1687] = CNOT 13 34
[1688] = CNOT 13 20
[1689] = CNOT 13 21
[1690] = CNOT 13 31
[1691] = S 13
[1692] = Z 13
[1693] = CNOT 13 31
[1694] = CNOT 13 33
[1695] = S 13
[1696] = Z 13
[1697] = CNOT 13 21
[1698] = CNOT 13 31
[1699] = S 13
[1700] = Z 13
[1701] = CNOT 13 33
[1702] = CNOT 13 34
[1703] = Z 13
[1704] = CNOT 13 31
[1705] = CNOT 13 33
[1706] = Z 13
[1707] = CNOT 13 34
[1708] = CNOT 14 22
[1709] = CNOT 14 32
[1710] = S 14
[1711] = Z 14
[1712] = CNOT 14 22
[1713] = CNOT 15 20
[1714] = CNOT 15 31
[1715] = Z 15
[1716] = CNOT 15 31
[1717] = CNOT 15 33
[1718] = Z 15
[1719] = CNOT 15 33
[1720] = CNOT 15 34
[1721] = S 15
[1722] = Z 15
[1723] = CNOT 15 34
[1724] = CNOT 15 20
[1725] = CNOT 15 21
[1726] = CNOT 15 31
[1727] = Z 15
[1728] = CNOT 15 31
[1729] = CNOT 15 33
[1730] = S 15
[1731] = Z 15
[1732] = CNOT 15 33
[1733] = CNOT 15 21
[1734] = CNOT 15 23
[1735] = CNOT 15 31
[1736] = S 15
[1737] = Z 15
[1738] = CNOT 15 23
[1739] = CNOT 15 33
[1740] = S 15
[1741] = Z 15
[1742] = CNOT 15 33
[1743] = CNOT 15 34
[1744] = Z 15
[1745] = CNOT 15 31
[1746] = CNOT 15 33
[1747] = Z 15
[1748] = CNOT 15 34
[1749] = CNOT 15 33
[1750] = CNOT 16 17
[1751] = CNOT 16 24
[1752] = S 16
[1753] = Z 16
[1754] = CNOT 16 24
[1755] = CNOT 16 27
[1756] = Z 16
[1757] = CNOT 16 27
[1758] = CNOT 16 29
[1759] = Z 16
[1760] = CNOT 16 29
[1761] = CNOT 16 30
[1762] = Z 16
[1763] = CNOT 16 30
[1764] = CNOT 16 17
[1765] = CNOT 16 24
[1766] = CNOT 16 27
[1767] = S 16
[1768] = Z 16
[1769] = CNOT 16 27
[1770] = CNOT 16 29
[1771] = S 16
[1772] = Z 16
[1773] = CNOT 16 29
[1774] = CNOT 16 30
[1775] = S 16
[1776] = Z 16
[1777] = CNOT 16 30
[1778] = CNOT 16 24
[1779] = CNOT 16 27
[1780] = CNOT 16 29
[1781] = Z 16
[1782] = CNOT 16 29
[1783] = CNOT 16 30
[1784] = Z 16
[1785] = CNOT 16 27
[1786] = CNOT 16 29
[1787] = Z 16
[1788] = CNOT 16 29
[1789] = CNOT 17 24
[1790] = CNOT 17 27
[1791] = Z 17
[1792] = CNOT 17 27
[1793] = CNOT 17 29
[1794] = Z 17
[1795] = CNOT 17 29
[1796] = CNOT 17 30
[1797] = S 17
[1798] = Z 17
[1799] = CNOT 17 30
[1800] = CNOT 17 24
[1801] = CNOT 17 25
[1802] = CNOT 17 27
[1803] = S 17
[1804] = Z 17
[1805] = CNOT 17 27
[1806] = CNOT 17 29
[1807] = S 17
[1808] = Z 17
[1809] = CNOT 17 25
[1810] = CNOT 17 27
[1811] = S 17
[1812] = Z 17
[1813] = CNOT 17 29
[1814] = CNOT 17 30
[1815] = Z 17
[1816] = CNOT 17 27
[1817] = CNOT 17 29
[1818] = Z 17
[1819] = CNOT 17 30
[1820] = CNOT 18 19
[1821] = CNOT 18 26
[1822] = S 18
[1823] = Z 18
[1824] = CNOT 18 19
[1825] = CNOT 18 28
[1826] = S 18
[1827] = Z 18
[1828] = CNOT 18 26
[1829] = CNOT 19 26
[1830] = CNOT 19 28
[1831] = S 19
[1832] = Z 19
[1833] = CNOT 19 28
[1834] = CNOT 19 26
[1835] = CNOT 20 31
[1836] = CNOT 20 33
[1837] = Z 20
[1838] = CNOT 20 33
[1839] = CNOT 20 34
[1840] = S 20
[1841] = Z 20
[1842] = CNOT 20 31
[1843] = CNOT 20 33
[1844] = S 20
[1845] = Z 20
[1846] = CNOT 20 34
[1847] = CNOT 20 33
[1848] = CNOT 21 31
[1849] = CNOT 21 33
[1850] = S 21
[1851] = Z 21
[1852] = CNOT 21 33
[1853] = CNOT 21 31
[1854] = CNOT 24 27
[1855] = CNOT 24 29
[1856] = Z 24
[1857] = CNOT 24 29
[1858] = CNOT 24 30
[1859] = S 24
[1860] = Z 24
[1861] = CNOT 24 27
[1862] = CNOT 24 29
[1863] = S 24
[1864] = Z 24
[1865] = CNOT 24 30
[1866] = CNOT 24 29
[1867] = CNOT 25 27
[1868] = CNOT 25 29
[1869] = S 25
[1870] = Z 25
[1871] = CNOT 25 29
[1872] = CNOT 25 27
[1873] = CNOT 27 29
[1874] = CNOT 27 30
[1875] = Z 27
[1876] = CNOT 27 30
[1877] = CNOT 27 29
[1878] = CNOT 31 33
[1879] = CNOT 31 34
[1880] = Z 31
[1881] = CNOT 31 34
[1882] = CNOT 31 33
[1883] = CNOT 20 35
[1884] = CNOT 11 35
[1885] = CNOT 21 34
[1886] = CNOT 22 33
[1887] = CNOT 23 32
[1888] = CNOT 24 31
[1889] = CNOT 15 31
[1890] = CNOT 25 30
[1891] = CNOT 26 29
[1892] = CNOT 27 28
[1893] = CNOT 28 27
[1894] = CNOT 27 28
[1895] = CNOT 29 26
[1896] = CNOT 26 29
[1897] = CNOT 30 25
[1898] = CNOT 25 30
[1899] = CNOT 31 24
[1900] = CNOT 24 31
[1901] = CNOT 32 23
[1902] = CNOT 23 32
[1903] = CNOT 33 22
[1904] = CNOT 22 33
[1905] = CNOT 34 21
[1906] = CNOT 21 34
[1907] = CNOT 35 20
[1908] = CNOT 20 35
[1909] = CNOT 27 18
[1910] = CNOT 18 27
[1911] = CNOT 26 17
[1912] = CNOT 17 26
[1913] = CNOT 25 16
[1914] = CNOT 16 25
[1915] = CNOT 24 15
[1916] = CNOT 15 24
[1917] = CNOT 23 14
[1918] = CNOT 14 23
[1919] = CNOT 22 13
[1920] = CNOT 13 22
[1921] = CNOT 21 12
[1922] = CNOT 12 21
[1923] = CNOT 20 11
[1924] = CNOT 11 20
[1925] = H 20
[1926] = M 20
[1927] = H 21
[1928] = M 21
[1929] = H 22
[1930] = M 22
[1931] = H 23
[1932] = M 23
[1933] = H 24
[1934] = M 24
[1935] = H 25
[1936] = M 25
[1937] = H 26
[1938] = M 26
[1939] = H 27
[1940] = M 27
[1941] = H 28
[1942] = M 28
[1943] = H 29
[1944] = M 29
[1945] = H 30
[1946] = M 30
[1947] = H 31
[1948] = M 31
[1949] = H 32
[1950] = M 32
[1951] = H 33
[1952] = M 33
[1953] = H 34
[1954] = M 34
[1955] = H 35
[1956] = M 35
[1957] = H 11
[1958] = H 12
[1959] = H 13
[1960] = H 14
[1961] = H 15
[1962] = H 16
[1963] = H 17
[1964] = H 18
[1965] = H 19
Gate distributions:
Input:
Operator distribution:
Total number of qubits = 19
Number of `data' qubits = 19
Number of `Toff_n' ancillas = 0
Number of Hadamard ancillas = 0
Hadamard ancilla cap = infinite
Number of {CNOT,T} partitions = 1
T count = 119
Cost estimation = 59534
	id	Count
	0	0
	1	0
	2	0
	3	34
	4	0
	5	0
	6	0
	7	0
	8	0
	9	0
	10	17
	11	0
	12	0
	13	0
	14	0
	15	0
	16	0
	17	0
	18	0
Output:
Operator distribution:
Total number of qubits = 35
Number of `data' qubits = 19
Number of `Toff_n' ancillas = 0
Number of Hadamard ancillas = 16
Hadamard ancilla cap = infinite
Number of {CNOT,T} partitions = 1
T count = 55
Cost estimation = 29419
	id	Count
	0	0
	1	0
	2	0
	3	50
	4	1204
	5	55
	6	0
	7	0
	8	0
	9	0
	10	0
	11	276
	12	0
	13	365
	14	0
	15	0
	16	0
	17	0
	18	16
Output T Count (SQC_Circuit) = 55
Output T Count (PhasePolynomial) = 55
Fail count = 0

Execution time: 4.24709s
Number of LCL errors: 0
Number of LCL warnings: 0
