Optimize a Clifford + T circuit.
Input filename = /home/ryo-mtmt/TOpt/forme/tpar_benchmark/tof_4.tfc
Number of unknown gates = 0
Number of unknown qubit labels = 0
Circuit filename: /home/ryo-mtmt/TOpt/forme/tpar_benchmark/tof_4.tfc

n 7
n_x 7
n_y 0
n_z 0
m 101
[0] = H 5
[1] = CCZ 1 2 5
[2] = H 5
[3] = H 6
[4] = CCZ 3 5 6
[5] = H 6
[6] = H 7
[7] = CCZ 4 6 7
[8] = H 7
[9] = H 6
[10] = CCZ 3 5 6
[11] = H 6
[12] = H 5
[13] = CCZ 1 2 5
[14] = H 5

Algorithm used: lx2_dynamic_repair_chi_packed_aa_sketch_30

UniversalOptimize begin.
	Gate synthesis begin.
A_BMS
BMSparse object. Dims: 11x23
114 113 112 111 42 248 247 246 39 245 38 120 50 119 207 148 209 122 210 151 165 19 78 17 194 48 195 77 208 121 162 46 51 167 43 161 146 147 81 21 80 198 192 15 

[Dynamic Basis Local Repair TODD + Chi Compression + Packed + AA + Sketch-before-Basis] Base: lx2_dynamic_repair_chi_packed_aa | sketch percent=30
--- Round 0 | Current Columns: 23 ---
  [HIT!] Pair(12,22) x-weight=2 | 23 -> 21 columns
--- Round 1 | Current Columns: 21 ---
  [HIT!] Pair(7,13) x-weight=2 | 21 -> 19 columns
--- Round 2 | Current Columns: 19 ---

=== Dynamic Basis Local Repair Chi Packed AA Sketch Summary ===
Algorithm       : LempelX2_DynamicBasisLocalRepairChiPackedAASketch
Initial T-count : 23
Final T-count   : 19
Total Reduced   : 4 gates
Execution Time  : 12 ms
Pairs tested    : 230
Sketch filtered : 221
Sketch skip reuse: 0
Reuse mem reject: 0
Reuse NS runs   : 0
Reuse no pair y : 0
Reuse no reduce : 0
Reuse reduced   : 0
Filtered miss   : 7
Nullspace runs  : 2
Rebuild count   : 9
Local add count : 0
AA Table time   : 0.013 ms
Sketch time     : 11.088 ms
Sketch build time: 1.315 ms
Sketch basis time: 0.017 ms
Sketch mem time : 0.002 ms
Sketch other time: 9.754 ms
Chi update time : 0.51 ms
Basis work time : 0.51 ms
Nullspace time  : 0.091 ms
Sketch rej rate : 96.087%
Avg sketch rows : 238.165
Avg sketch basis: 16.8652
Avg affected    : 541.25 rows
Avg active rows : 621.556
=============================================================
		TODD executed in 0.012133 seconds.
		Total time: 0.012263s
	Gate synthesis end.
	Total time: 0.014835s
UniversalOptimize end.
Output circuit:
n 11
n_x 7
n_y 0
n_z 4
m 301
[0] = H 5
[1] = H 6
[2] = H 7
[3] = H 8
[4] = H 9
[5] = H 10
[6] = H 11
[7] = CNOT 3 6
[8] = CNOT 3 7
[9] = CNOT 3 8
[10] = CNOT 3 10
[11] = T 3
[12] = CNOT 3 8
[13] = CNOT 3 6
[14] = CNOT 6 7
[15] = CNOT 6 8
[16] = CNOT 6 10
[17] = T 6
[18] = CNOT 6 10
[19] = CNOT 6 8
[20] = CNOT 6 7
[21] = CNOT 3 6
[22] = T 3
[23] = CNOT 3 10
[24] = CNOT 3 6
[25] = CNOT 6 7
[26] = CNOT 6 10
[27] = T 6
[28] = Z 6
[29] = CNOT 6 10
[30] = CNOT 6 7
[31] = CNOT 3 8
[32] = T 3
[33] = S 3
[34] = Z 3
[35] = CNOT 3 8
[36] = T 3
[37] = S 3
[38] = CNOT 3 7
[39] = CNOT 7 8
[40] = T 7
[41] = S 7
[42] = CNOT 7 8
[43] = CNOT 2 4
[44] = T 2
[45] = S 2
[46] = CNOT 2 4
[47] = CNOT 4 7
[48] = CNOT 4 9
[49] = T 4
[50] = CNOT 4 9
[51] = T 4
[52] = S 4
[53] = CNOT 4 7
[54] = CNOT 7 9
[55] = T 7
[56] = S 7
[57] = CNOT 7 9
[58] = CNOT 4 9
[59] = T 4
[60] = S 4
[61] = CNOT 4 9
[62] = CNOT 1 4
[63] = T 1
[64] = S 1
[65] = CNOT 1 2
[66] = T 1
[67] = S 1
[68] = Z 1
[69] = T 9
[70] = Z 9
[71] = CNOT 1 5
[72] = CNOT 1 11
[73] = T 1
[74] = CNOT 1 2
[75] = CNOT 2 4
[76] = CNOT 2 5
[77] = CNOT 2 11
[78] = T 2
[79] = CNOT 2 11
[80] = CNOT 2 5
[81] = CNOT 2 4
[82] = T 1
[83] = CNOT 1 11
[84] = CNOT 1 5
[85] = CNOT 1 4
[86] = CNOT 4 5
[87] = CNOT 4 11
[88] = T 4
[89] = Z 4
[90] = CNOT 4 11
[91] = CNOT 4 5
[92] = S 1
[93] = S 2
[94] = S 3
[95] = Z 4
[96] = S 5
[97] = S 6
[98] = Z 7
[99] = S 8
[100] = Z 8
[101] = S 10
[102] = S 11
[103] = CNOT 1 2
[104] = Z 1
[105] = CNOT 1 2
[106] = CNOT 1 5
[107] = S 1
[108] = Z 1
[109] = CNOT 1 5
[110] = CNOT 1 11
[111] = S 1
[112] = Z 1
[113] = CNOT 1 11
[114] = CNOT 2 5
[115] = S 2
[116] = Z 2
[117] = CNOT 2 5
[118] = CNOT 2 11
[119] = S 2
[120] = Z 2
[121] = CNOT 2 11
[122] = CNOT 3 6
[123] = S 3
[124] = Z 3
[125] = CNOT 3 6
[126] = CNOT 3 8
[127] = Z 3
[128] = CNOT 3 8
[129] = CNOT 3 10
[130] = S 3
[131] = Z 3
[132] = CNOT 3 10
[133] = CNOT 4 5
[134] = Z 4
[135] = CNOT 4 5
[136] = CNOT 4 11
[137] = Z 4
[138] = CNOT 4 11
[139] = CNOT 5 8
[140] = S 5
[141] = CNOT 5 8
[142] = CNOT 5 11
[143] = Z 5
[144] = CNOT 5 11
[145] = CNOT 6 7
[146] = Z 6
[147] = CNOT 6 7
[148] = CNOT 6 8
[149] = S 6
[150] = Z 6
[151] = CNOT 6 8
[152] = CNOT 6 9
[153] = S 6
[154] = CNOT 6 9
[155] = CNOT 6 10
[156] = Z 6
[157] = CNOT 6 10
[158] = CNOT 7 10
[159] = Z 7
[160] = CNOT 7 10
[161] = CNOT 8 10
[162] = S 8
[163] = Z 8
[164] = CNOT 8 10
[165] = CNOT 8 11
[166] = S 8
[167] = CNOT 8 11
[168] = CNOT 9 10
[169] = S 9
[170] = CNOT 1 4
[171] = CNOT 1 5
[172] = S 1
[173] = Z 1
[174] = CNOT 1 5
[175] = CNOT 1 11
[176] = S 1
[177] = Z 1
[178] = CNOT 1 4
[179] = CNOT 1 5
[180] = S 1
[181] = Z 1
[182] = CNOT 1 11
[183] = CNOT 1 5
[184] = CNOT 2 4
[185] = CNOT 2 5
[186] = S 2
[187] = Z 2
[188] = CNOT 2 5
[189] = CNOT 2 11
[190] = S 2
[191] = Z 2
[192] = CNOT 2 4
[193] = CNOT 2 5
[194] = S 2
[195] = Z 2
[196] = CNOT 2 11
[197] = CNOT 2 5
[198] = CNOT 3 6
[199] = CNOT 3 7
[200] = S 3
[201] = Z 3
[202] = CNOT 3 7
[203] = CNOT 3 10
[204] = S 3
[205] = Z 3
[206] = CNOT 3 6
[207] = CNOT 3 7
[208] = S 3
[209] = Z 3
[210] = CNOT 3 10
[211] = CNOT 3 7
[212] = CNOT 6 7
[213] = CNOT 6 8
[214] = S 6
[215] = Z 6
[216] = CNOT 6 7
[217] = CNOT 6 10
[218] = S 6
[219] = Z 6
[220] = CNOT 6 8
[221] = CNOT 7 8
[222] = CNOT 7 10
[223] = S 7
[224] = Z 7
[225] = CNOT 7 10
[226] = CNOT 7 8
[227] = CNOT 8 11
[228] = CNOT 5 11
[229] = CNOT 10 9
[230] = CNOT 9 10
[231] = CNOT 11 8
[232] = CNOT 8 11
[233] = CNOT 9 6
[234] = CNOT 6 9
[235] = CNOT 8 5
[236] = CNOT 5 8
[237] = H 8
[238] = M 8
[239] = H 9
[240] = M 9
[241] = H 10
[242] = M 10
[243] = H 11
[244] = M 11
[245] = H 5
[246] = H 6
[247] = H 7
Gate distributions:
Input:
Operator distribution:
Total number of qubits = 7
Number of `data' qubits = 7
Number of `Toff_n' ancillas = 0
Number of Hadamard ancillas = 0
Hadamard ancilla cap = infinite
Number of {CNOT,T} partitions = 1
T count = 35
Cost estimation = 17510
	id	Count
	0	0
	1	0
	2	0
	3	10
	4	0
	5	0
	6	0
	7	0
	8	0
	9	0
	10	5
	11	0
	12	0
	13	0
	14	0
	15	0
	16	0
	17	0
	18	0
Output:
Operator distribution:
Total number of qubits = 11
Number of `data' qubits = 7
Number of `Toff_n' ancillas = 0
Number of Hadamard ancillas = 4
Hadamard ancilla cap = infinite
Number of {CNOT,T} partitions = 1
T count = 19
Cost estimation = 9731
	id	Count
	0	0
	1	0
	2	0
	3	14
	4	134
	5	19
	6	0
	7	0
	8	0
	9	0
	10	0
	11	41
	12	0
	13	36
	14	0
	15	0
	16	0
	17	0
	18	4
Output T Count (SQC_Circuit) = 19
Output T Count (PhasePolynomial) = 19
Fail count = 0

Execution time: 0.014852s
Number of LCL errors: 0
Number of LCL warnings: 0
