Optimize a Clifford + T circuit.
Input filename = /home/rest/forpyzx/TOpt/forme/tpar_benchmark/csum_mux_9.tfc
Number of unknown gates = 0
Number of unknown qubit labels = 0
Circuit filename: /home/rest/forpyzx/TOpt/forme/tpar_benchmark/csum_mux_9.tfc

n 30
n_x 30
n_y 0
n_z 0
m 101
[0] = H 5
[1] = H 6
[2] = H 11
[3] = H 12
[4] = H 19
[5] = H 20
[6] = H 25
[7] = H 26
[8] = CCZ 1 4 5
[9] = CCZ 2 3 6
[10] = CCZ 7 10 11
[11] = CCZ 8 9 12
[12] = CCZ 15 18 19
[13] = CCZ 16 17 20
[14] = CCZ 21 24 25
[15] = CCZ 22 23 26
[16] = CCZ 1 3 5
[17] = CCZ 2 4 6
[18] = CCZ 7 9 11
[19] = CCZ 8 10 12
[20] = CCZ 15 17 19
[21] = CCZ 16 18 20
[22] = CCZ 21 23 25
[23] = CCZ 22 24 26
[24] = H 5
[25] = H 6
[26] = H 11
[27] = H 12
[28] = H 19
[29] = H 20
[30] = H 25
[31] = H 26
[32] = H 13
[33] = H 14
[34] = H 27
[35] = H 28
[36] = CCZ 5 11 13
[37] = CCZ 6 12 14
[38] = CCZ 19 25 27
[39] = CCZ 20 26 28
[40] = CCZ 6 11 13
[41] = CCZ 5 12 14
[42] = CCZ 20 25 27
[43] = CCZ 19 26 28
[44] = H 13
[45] = H 14
[46] = H 27
[47] = H 28
[48] = H 29
[49] = H 30
[50] = CCZ 13 27 29
[51] = CCZ 14 28 30
[52] = CCZ 14 27 29
[53] = CCZ 13 28 30
[54] = H 29
[55] = H 30

Algorithm used: todd

UniversalOptimize begin.
	Gate synthesis begin.

in LempelX2
		Round = 0
Round 0 | Current Columns (m): 54
		Round = 1
Round 1 | Current Columns (m): 52
		Round = 2
Round 2 | Current Columns (m): 50
		Round = 3
Round 3 | Current Columns (m): 48
		Round = 4
Round 4 | Current Columns (m): 46
nullspace time: 3515 ms, chi time: 2213 ms
Total LempelX2 time: 5731 ms
		TODD executed in 5.73192 seconds.
		Total time: 5.73214s
	Gate synthesis end.
	Gate synthesis begin.

in LempelX2
		Round = 0
Round 0 | Current Columns (m): 28
		Round = 1
Round 1 | Current Columns (m): 26
		Round = 2
Round 2 | Current Columns (m): 24
		Round = 3
Round 3 | Current Columns (m): 22
nullspace time: 297 ms, chi time: 241 ms
Total LempelX2 time: 540 ms
		TODD executed in 0.540823 seconds.
		Total time: 0.540882s
	Gate synthesis end.
	Gate synthesis begin.

in LempelX2
		Round = 0
Round 0 | Current Columns (m): 14
		Round = 1
Round 1 | Current Columns (m): 11
nullspace time: 48 ms, chi time: 28 ms
Total LempelX2 time: 77 ms
		TODD executed in 0.077589 seconds.
		Total time: 0.077624s
	Gate synthesis end.
	Total time: 7.41207s
UniversalOptimize end.
Output circuit:
n 30
n_x 30
n_y 0
n_z 0
m 3501
[0] = H 5
[1] = H 6
[2] = H 11
[3] = H 12
[4] = H 19
[5] = H 20
[6] = H 25
[7] = H 26
[8] = H 13
[9] = H 14
[10] = H 27
[11] = H 28
[12] = H 29
[13] = H 30
[14] = CNOT 1 5
[15] = CNOT 1 8
[16] = CNOT 1 15
[17] = CNOT 1 16
[18] = CNOT 1 17
[19] = CNOT 1 18
[20] = CNOT 1 19
[21] = CNOT 1 20
[22] = CNOT 1 27
[23] = T 1
[24] = CNOT 1 5
[25] = T 1
[26] = CNOT 1 19
[27] = CNOT 1 15
[28] = CNOT 1 8
[29] = T 14
[30] = CNOT 2 3
[31] = CNOT 2 4
[32] = CNOT 2 5
[33] = CNOT 2 8
[34] = CNOT 2 15
[35] = CNOT 2 16
[36] = CNOT 2 17
[37] = CNOT 2 18
[38] = CNOT 2 19
[39] = CNOT 2 20
[40] = CNOT 2 27
[41] = T 2
[42] = CNOT 2 6
[43] = T 2
[44] = CNOT 2 19
[45] = CNOT 2 15
[46] = CNOT 2 8
[47] = CNOT 2 6
[48] = CNOT 2 4
[49] = CNOT 2 3
[50] = CNOT 3 4
[51] = CNOT 3 5
[52] = CNOT 3 6
[53] = CNOT 3 8
[54] = CNOT 3 15
[55] = CNOT 3 16
[56] = CNOT 3 17
[57] = CNOT 3 18
[58] = CNOT 3 19
[59] = CNOT 3 20
[60] = CNOT 3 27
[61] = T 3
[62] = CNOT 3 27
[63] = CNOT 3 20
[64] = CNOT 3 19
[65] = CNOT 3 18
[66] = CNOT 3 17
[67] = CNOT 3 16
[68] = CNOT 3 15
[69] = CNOT 3 8
[70] = CNOT 3 6
[71] = CNOT 3 5
[72] = CNOT 3 4
[73] = CNOT 7 12
[74] = CNOT 7 15
[75] = CNOT 7 16
[76] = CNOT 7 17
[77] = CNOT 7 18
[78] = CNOT 7 19
[79] = CNOT 7 20
[80] = CNOT 7 27
[81] = T 7
[82] = CNOT 7 11
[83] = T 7
[84] = CNOT 7 19
[85] = CNOT 7 15
[86] = CNOT 7 11
[87] = CNOT 11 12
[88] = CNOT 11 15
[89] = CNOT 11 16
[90] = CNOT 11 17
[91] = CNOT 11 18
[92] = CNOT 11 19
[93] = CNOT 11 20
[94] = CNOT 11 27
[95] = T 11
[96] = CNOT 11 27
[97] = CNOT 11 20
[98] = CNOT 11 19
[99] = CNOT 11 18
[100] = CNOT 11 17
[101] = CNOT 11 16
[102] = CNOT 11 15
[103] = CNOT 11 12
[104] = CNOT 8 9
[105] = CNOT 8 10
[106] = CNOT 8 12
[107] = CNOT 8 15
[108] = CNOT 8 16
[109] = CNOT 8 17
[110] = CNOT 8 18
[111] = CNOT 8 19
[112] = CNOT 8 20
[113] = CNOT 8 27
[114] = T 8
[115] = CNOT 8 12
[116] = T 8
[117] = CNOT 8 27
[118] = CNOT 8 20
[119] = CNOT 8 19
[120] = CNOT 8 18
[121] = CNOT 8 17
[122] = CNOT 8 16
[123] = CNOT 8 15
[124] = CNOT 8 10
[125] = CNOT 8 9
[126] = CNOT 9 10
[127] = CNOT 9 15
[128] = CNOT 9 16
[129] = CNOT 9 17
[130] = CNOT 9 18
[131] = CNOT 9 19
[132] = CNOT 9 20
[133] = CNOT 9 27
[134] = T 9
[135] = CNOT 9 27
[136] = CNOT 9 20
[137] = CNOT 9 19
[138] = CNOT 9 18
[139] = CNOT 9 17
[140] = CNOT 9 16
[141] = CNOT 9 15
[142] = CNOT 9 10
[143] = CNOT 19 27
[144] = T 19
[145] = CNOT 19 27
[146] = CNOT 15 17
[147] = CNOT 15 18
[148] = CNOT 15 21
[149] = CNOT 15 23
[150] = CNOT 15 24
[151] = CNOT 15 26
[152] = CNOT 15 27
[153] = T 15
[154] = CNOT 15 26
[155] = CNOT 15 24
[156] = CNOT 15 23
[157] = CNOT 15 21
[158] = CNOT 15 18
[159] = CNOT 15 17
[160] = T 15
[161] = S 15
[162] = Z 15
[163] = CNOT 15 16
[164] = CNOT 15 17
[165] = CNOT 15 18
[166] = CNOT 15 19
[167] = T 15
[168] = CNOT 15 16
[169] = T 30
[170] = CNOT 15 20
[171] = T 15
[172] = CNOT 15 20
[173] = CNOT 15 19
[174] = CNOT 15 23
[175] = CNOT 15 24
[176] = T 15
[177] = CNOT 15 25
[178] = T 15
[179] = CNOT 15 21
[180] = T 15
[181] = CNOT 15 25
[182] = CNOT 15 24
[183] = CNOT 15 23
[184] = CNOT 15 22
[185] = T 15
[186] = CNOT 15 26
[187] = T 15
[188] = CNOT 15 22
[189] = T 15
[190] = CNOT 15 27
[191] = CNOT 15 26
[192] = CNOT 15 21
[193] = CNOT 15 18
[194] = CNOT 15 17
[195] = CNOT 1 3
[196] = CNOT 1 4
[197] = CNOT 1 5
[198] = CNOT 1 8
[199] = CNOT 1 15
[200] = CNOT 1 19
[201] = T 1
[202] = CNOT 1 5
[203] = T 1
[204] = CNOT 1 27
[205] = CNOT 1 20
[206] = CNOT 1 19
[207] = CNOT 1 18
[208] = CNOT 1 17
[209] = CNOT 1 16
[210] = CNOT 1 15
[211] = CNOT 1 8
[212] = CNOT 1 4
[213] = CNOT 1 3
[214] = CNOT 3 4
[215] = CNOT 3 8
[216] = CNOT 3 15
[217] = CNOT 3 16
[218] = CNOT 3 17
[219] = CNOT 3 18
[220] = CNOT 3 19
[221] = CNOT 3 20
[222] = CNOT 3 27
[223] = T 3
[224] = CNOT 3 27
[225] = CNOT 3 20
[226] = CNOT 3 19
[227] = CNOT 3 18
[228] = CNOT 3 17
[229] = CNOT 3 16
[230] = CNOT 3 15
[231] = CNOT 3 8
[232] = CNOT 3 4
[233] = CNOT 2 8
[234] = CNOT 2 15
[235] = CNOT 2 19
[236] = T 2
[237] = CNOT 2 6
[238] = T 2
[239] = CNOT 2 27
[240] = CNOT 2 20
[241] = CNOT 2 19
[242] = CNOT 2 18
[243] = CNOT 2 17
[244] = CNOT 2 16
[245] = CNOT 2 15
[246] = CNOT 2 8
[247] = CNOT 2 6
[248] = CNOT 2 5
[249] = CNOT 5 6
[250] = CNOT 5 8
[251] = CNOT 5 15
[252] = CNOT 5 16
[253] = CNOT 5 17
[254] = CNOT 5 18
[255] = CNOT 5 19
[256] = CNOT 5 20
[257] = CNOT 5 27
[258] = T 5
[259] = CNOT 5 27
[260] = CNOT 5 20
[261] = CNOT 5 19
[262] = CNOT 5 18
[263] = CNOT 5 17
[264] = CNOT 5 16
[265] = CNOT 5 15
[266] = CNOT 5 8
[267] = CNOT 5 6
[268] = CNOT 7 9
[269] = CNOT 7 10
[270] = CNOT 7 15
[271] = CNOT 7 19
[272] = T 7
[273] = CNOT 7 11
[274] = T 7
[275] = CNOT 7 27
[276] = CNOT 7 20
[277] = CNOT 7 19
[278] = CNOT 7 18
[279] = CNOT 7 17
[280] = CNOT 7 16
[281] = CNOT 7 15
[282] = CNOT 7 12
[283] = CNOT 7 11
[284] = CNOT 7 10
[285] = CNOT 7 9
[286] = CNOT 9 10
[287] = CNOT 9 11
[288] = CNOT 9 12
[289] = CNOT 9 15
[290] = CNOT 9 16
[291] = CNOT 9 17
[292] = CNOT 9 18
[293] = CNOT 9 19
[294] = CNOT 9 20
[295] = CNOT 9 27
[296] = T 9
[297] = CNOT 9 27
[298] = CNOT 9 20
[299] = CNOT 9 19
[300] = CNOT 9 18
[301] = CNOT 9 17
[302] = CNOT 9 16
[303] = CNOT 9 15
[304] = CNOT 9 12
[305] = CNOT 9 11
[306] = CNOT 9 10
[307] = CNOT 8 12
[308] = CNOT 8 15
[309] = CNOT 8 16
[310] = CNOT 8 17
[311] = CNOT 8 18
[312] = CNOT 8 19
[313] = CNOT 8 20
[314] = CNOT 8 27
[315] = T 8
[316] = CNOT 8 27
[317] = CNOT 8 20
[318] = CNOT 8 19
[319] = CNOT 8 18
[320] = CNOT 8 17
[321] = CNOT 8 16
[322] = CNOT 8 15
[323] = CNOT 8 12
[324] = T 13
[325] = T 29
[326] = CNOT 17 18
[327] = CNOT 17 19
[328] = CNOT 17 27
[329] = T 17
[330] = CNOT 17 19
[331] = T 17
[332] = Z 17
[333] = CNOT 17 27
[334] = CNOT 17 18
[335] = T 28
[336] = CNOT 15 16
[337] = CNOT 15 19
[338] = CNOT 15 27
[339] = T 15
[340] = CNOT 15 20
[341] = T 15
[342] = CNOT 15 16
[343] = T 15
[344] = CNOT 15 20
[345] = CNOT 15 19
[346] = CNOT 15 17
[347] = CNOT 15 18
[348] = CNOT 15 21
[349] = CNOT 15 22
[350] = CNOT 15 23
[351] = CNOT 15 24
[352] = CNOT 15 26
[353] = T 15
[354] = CNOT 15 26
[355] = CNOT 15 24
[356] = CNOT 15 23
[357] = CNOT 15 22
[358] = CNOT 15 21
[359] = CNOT 15 25
[360] = T 15
[361] = CNOT 15 21
[362] = T 15
[363] = CNOT 15 25
[364] = CNOT 15 22
[365] = CNOT 15 23
[366] = CNOT 15 24
[367] = T 15
[368] = CNOT 15 27
[369] = CNOT 15 24
[370] = CNOT 15 23
[371] = CNOT 15 22
[372] = CNOT 15 21
[373] = CNOT 15 18
[374] = CNOT 15 17
[375] = Z 1
[376] = S 2
[377] = Z 3
[378] = Z 4
[379] = S 6
[380] = Z 7
[381] = S 8
[382] = Z 9
[383] = Z 10
[384] = Z 11
[385] = S 12
[386] = Z 15
[387] = Z 17
[388] = Z 18
[389] = S 22
[390] = Z 25
[391] = S 26
[392] = S 27
[393] = Z 27
[394] = CNOT 1 3
[395] = Z 1
[396] = CNOT 1 3
[397] = CNOT 1 4
[398] = Z 1
[399] = CNOT 1 4
[400] = CNOT 1 5
[401] = S 1
[402] = CNOT 1 5
[403] = CNOT 1 8
[404] = S 1
[405] = Z 1
[406] = CNOT 1 8
[407] = CNOT 1 15
[408] = S 1
[409] = Z 1
[410] = CNOT 1 15
[411] = CNOT 1 16
[412] = S 1
[413] = Z 1
[414] = CNOT 1 16
[415] = CNOT 1 17
[416] = S 1
[417] = Z 1
[418] = CNOT 1 17
[419] = CNOT 1 18
[420] = S 1
[421] = Z 1
[422] = CNOT 1 18
[423] = CNOT 1 19
[424] = S 1
[425] = Z 1
[426] = CNOT 1 19
[427] = CNOT 1 20
[428] = S 1
[429] = Z 1
[430] = CNOT 1 20
[431] = CNOT 1 27
[432] = S 1
[433] = Z 1
[434] = CNOT 1 27
[435] = CNOT 2 3
[436] = S 2
[437] = Z 2
[438] = CNOT 2 3
[439] = CNOT 2 4
[440] = S 2
[441] = Z 2
[442] = CNOT 2 4
[443] = CNOT 2 5
[444] = S 2
[445] = CNOT 2 5
[446] = CNOT 2 6
[447] = Z 2
[448] = CNOT 2 6
[449] = CNOT 2 8
[450] = S 2
[451] = CNOT 2 8
[452] = CNOT 2 15
[453] = S 2
[454] = CNOT 2 15
[455] = CNOT 2 16
[456] = S 2
[457] = CNOT 2 16
[458] = CNOT 2 17
[459] = S 2
[460] = CNOT 2 17
[461] = CNOT 2 18
[462] = S 2
[463] = CNOT 2 18
[464] = CNOT 2 19
[465] = S 2
[466] = CNOT 2 19
[467] = CNOT 2 20
[468] = S 2
[469] = CNOT 2 20
[470] = CNOT 2 27
[471] = S 2
[472] = CNOT 2 27
[473] = CNOT 3 5
[474] = Z 3
[475] = CNOT 3 5
[476] = CNOT 3 6
[477] = S 3
[478] = Z 3
[479] = CNOT 3 6
[480] = CNOT 4 5
[481] = Z 4
[482] = CNOT 4 5
[483] = CNOT 4 6
[484] = S 4
[485] = Z 4
[486] = CNOT 4 6
[487] = CNOT 5 6
[488] = S 5
[489] = CNOT 5 6
[490] = CNOT 5 8
[491] = S 5
[492] = CNOT 5 8
[493] = CNOT 5 15
[494] = S 5
[495] = CNOT 5 15
[496] = CNOT 5 16
[497] = S 5
[498] = CNOT 5 16
[499] = CNOT 5 17
[500] = S 5
[501] = CNOT 5 17
[502] = CNOT 5 18
[503] = S 5
[504] = CNOT 5 18
[505] = CNOT 5 19
[506] = S 5
[507] = CNOT 5 19
[508] = CNOT 5 20
[509] = S 5
[510] = CNOT 5 20
[511] = CNOT 5 27
[512] = S 5
[513] = CNOT 5 27
[514] = CNOT 6 8
[515] = S 6
[516] = CNOT 6 8
[517] = CNOT 6 15
[518] = S 6
[519] = CNOT 6 15
[520] = CNOT 6 16
[521] = S 6
[522] = CNOT 6 16
[523] = CNOT 6 17
[524] = S 6
[525] = CNOT 6 17
[526] = CNOT 6 18
[527] = S 6
[528] = CNOT 6 18
[529] = CNOT 6 19
[530] = S 6
[531] = CNOT 6 19
[532] = CNOT 6 20
[533] = S 6
[534] = CNOT 6 20
[535] = CNOT 6 27
[536] = S 6
[537] = CNOT 6 27
[538] = CNOT 7 9
[539] = Z 7
[540] = CNOT 7 9
[541] = CNOT 7 10
[542] = Z 7
[543] = CNOT 7 10
[544] = CNOT 7 11
[545] = S 7
[546] = CNOT 7 11
[547] = CNOT 7 12
[548] = S 7
[549] = Z 7
[550] = CNOT 7 12
[551] = CNOT 7 15
[552] = S 7
[553] = Z 7
[554] = CNOT 7 15
[555] = CNOT 7 16
[556] = S 7
[557] = Z 7
[558] = CNOT 7 16
[559] = CNOT 7 17
[560] = S 7
[561] = Z 7
[562] = CNOT 7 17
[563] = CNOT 7 18
[564] = S 7
[565] = Z 7
[566] = CNOT 7 18
[567] = CNOT 7 19
[568] = S 7
[569] = Z 7
[570] = CNOT 7 19
[571] = CNOT 7 20
[572] = S 7
[573] = Z 7
[574] = CNOT 7 20
[575] = CNOT 7 27
[576] = S 7
[577] = Z 7
[578] = CNOT 7 27
[579] = CNOT 8 9
[580] = S 8
[581] = CNOT 8 9
[582] = CNOT 8 10
[583] = S 8
[584] = CNOT 8 10
[585] = CNOT 9 10
[586] = S 9
[587] = CNOT 9 10
[588] = CNOT 9 11
[589] = Z 9
[590] = CNOT 9 11
[591] = CNOT 9 15
[592] = S 9
[593] = CNOT 9 15
[594] = CNOT 9 16
[595] = S 9
[596] = CNOT 9 16
[597] = CNOT 9 17
[598] = S 9
[599] = CNOT 9 17
[600] = CNOT 9 18
[601] = S 9
[602] = CNOT 9 18
[603] = CNOT 9 19
[604] = S 9
[605] = CNOT 9 19
[606] = CNOT 9 20
[607] = S 9
[608] = CNOT 9 20
[609] = CNOT 9 27
[610] = S 9
[611] = CNOT 9 27
[612] = CNOT 10 11
[613] = Z 10
[614] = CNOT 10 11
[615] = CNOT 10 15
[616] = S 10
[617] = CNOT 10 15
[618] = CNOT 10 16
[619] = S 10
[620] = CNOT 10 16
[621] = CNOT 10 17
[622] = S 10
[623] = CNOT 10 17
[624] = CNOT 10 18
[625] = S 10
[626] = CNOT 10 18
[627] = CNOT 10 19
[628] = S 10
[629] = CNOT 10 19
[630] = CNOT 10 20
[631] = S 10
[632] = CNOT 10 20
[633] = CNOT 10 27
[634] = S 10
[635] = CNOT 10 27
[636] = CNOT 11 12
[637] = S 11
[638] = Z 11
[639] = CNOT 11 12
[640] = CNOT 11 15
[641] = S 11
[642] = Z 11
[643] = CNOT 11 15
[644] = CNOT 11 16
[645] = S 11
[646] = Z 11
[647] = CNOT 11 16
[648] = CNOT 11 17
[649] = S 11
[650] = Z 11
[651] = CNOT 11 17
[652] = CNOT 11 18
[653] = S 11
[654] = Z 11
[655] = CNOT 11 18
[656] = CNOT 11 19
[657] = S 11
[658] = Z 11
[659] = CNOT 11 19
[660] = CNOT 11 20
[661] = S 11
[662] = Z 11
[663] = CNOT 11 20
[664] = CNOT 11 27
[665] = S 11
[666] = Z 11
[667] = CNOT 11 27
[668] = CNOT 12 15
[669] = S 12
[670] = CNOT 12 15
[671] = CNOT 12 16
[672] = S 12
[673] = CNOT 12 16
[674] = CNOT 12 17
[675] = S 12
[676] = CNOT 12 17
[677] = CNOT 12 18
[678] = S 12
[679] = CNOT 12 18
[680] = CNOT 12 19
[681] = S 12
[682] = CNOT 12 19
[683] = CNOT 12 20
[684] = S 12
[685] = CNOT 12 20
[686] = CNOT 12 27
[687] = S 12
[688] = CNOT 12 27
[689] = CNOT 15 16
[690] = Z 15
[691] = CNOT 15 16
[692] = CNOT 15 17
[693] = S 15
[694] = CNOT 15 17
[695] = CNOT 15 18
[696] = S 15
[697] = CNOT 15 18
[698] = CNOT 15 19
[699] = S 15
[700] = CNOT 15 19
[701] = CNOT 15 20
[702] = Z 15
[703] = CNOT 15 20
[704] = CNOT 15 21
[705] = S 15
[706] = CNOT 15 21
[707] = CNOT 15 22
[708] = S 15
[709] = CNOT 15 22
[710] = CNOT 15 25
[711] = S 15
[712] = Z 15
[713] = CNOT 15 25
[714] = CNOT 15 26
[715] = S 15
[716] = CNOT 15 26
[717] = CNOT 16 17
[718] = Z 16
[719] = CNOT 16 17
[720] = CNOT 16 18
[721] = Z 16
[722] = CNOT 16 18
[723] = CNOT 16 19
[724] = Z 16
[725] = CNOT 16 19
[726] = CNOT 16 20
[727] = S 16
[728] = CNOT 16 20
[729] = CNOT 16 27
[730] = Z 16
[731] = CNOT 16 27
[732] = CNOT 17 19
[733] = Z 17
[734] = CNOT 17 19
[735] = CNOT 17 20
[736] = Z 17
[737] = CNOT 17 20
[738] = CNOT 17 21
[739] = S 17
[740] = CNOT 17 21
[741] = CNOT 17 22
[742] = S 17
[743] = CNOT 17 22
[744] = CNOT 17 25
[745] = S 17
[746] = Z 17
[747] = CNOT 17 25
[748] = CNOT 17 26
[749] = S 17
[750] = CNOT 17 26
[751] = CNOT 18 19
[752] = Z 18
[753] = CNOT 18 19
[754] = CNOT 18 20
[755] = Z 18
[756] = CNOT 18 20
[757] = CNOT 18 21
[758] = S 18
[759] = CNOT 18 21
[760] = CNOT 18 22
[761] = S 18
[762] = CNOT 18 22
[763] = CNOT 18 25
[764] = S 18
[765] = Z 18
[766] = CNOT 18 25
[767] = CNOT 18 26
[768] = S 18
[769] = CNOT 18 26
[770] = CNOT 19 20
[771] = Z 19
[772] = CNOT 19 20
[773] = CNOT 20 27
[774] = Z 20
[775] = CNOT 20 27
[776] = CNOT 21 22
[777] = S 21
[778] = CNOT 21 22
[779] = CNOT 21 23
[780] = Z 21
[781] = CNOT 21 23
[782] = CNOT 21 24
[783] = Z 21
[784] = CNOT 21 24
[785] = CNOT 21 25
[786] = S 21
[787] = CNOT 21 25
[788] = CNOT 21 26
[789] = S 21
[790] = CNOT 21 26
[791] = CNOT 21 27
[792] = S 21
[793] = CNOT 21 27
[794] = CNOT 22 23
[795] = S 22
[796] = Z 22
[797] = CNOT 22 23
[798] = CNOT 22 24
[799] = S 22
[800] = Z 22
[801] = CNOT 22 24
[802] = CNOT 22 26
[803] = Z 22
[804] = CNOT 22 26
[805] = CNOT 22 27
[806] = S 22
[807] = CNOT 22 27
[808] = CNOT 23 25
[809] = Z 23
[810] = CNOT 23 25
[811] = CNOT 23 26
[812] = S 23
[813] = Z 23
[814] = CNOT 23 26
[815] = CNOT 24 25
[816] = Z 24
[817] = CNOT 24 25
[818] = CNOT 24 26
[819] = S 24
[820] = Z 24
[821] = CNOT 24 26
[822] = CNOT 25 27
[823] = S 25
[824] = Z 25
[825] = CNOT 25 27
[826] = CNOT 26 27
[827] = S 26
[828] = CNOT 26 27
[829] = CNOT 1 3
[830] = CNOT 1 4
[831] = S 1
[832] = Z 1
[833] = CNOT 1 4
[834] = CNOT 1 8
[835] = S 1
[836] = Z 1
[837] = CNOT 1 8
[838] = CNOT 1 15
[839] = S 1
[840] = Z 1
[841] = CNOT 1 15
[842] = CNOT 1 16
[843] = S 1
[844] = Z 1
[845] = CNOT 1 16
[846] = CNOT 1 17
[847] = S 1
[848] = Z 1
[849] = CNOT 1 17
[850] = CNOT 1 18
[851] = S 1
[852] = Z 1
[853] = CNOT 1 18
[854] = CNOT 1 19
[855] = S 1
[856] = Z 1
[857] = CNOT 1 19
[858] = CNOT 1 20
[859] = S 1
[860] = Z 1
[861] = CNOT 1 20
[862] = CNOT 1 27
[863] = S 1
[864] = Z 1
[865] = CNOT 1 27
[866] = CNOT 1 3
[867] = CNOT 1 4
[868] = CNOT 1 8
[869] = S 1
[870] = Z 1
[871] = CNOT 1 8
[872] = CNOT 1 15
[873] = S 1
[874] = Z 1
[875] = CNOT 1 15
[876] = CNOT 1 16
[877] = S 1
[878] = Z 1
[879] = CNOT 1 16
[880] = CNOT 1 17
[881] = S 1
[882] = Z 1
[883] = CNOT 1 17
[884] = CNOT 1 18
[885] = S 1
[886] = Z 1
[887] = CNOT 1 18
[888] = CNOT 1 19
[889] = S 1
[890] = Z 1
[891] = CNOT 1 19
[892] = CNOT 1 20
[893] = S 1
[894] = Z 1
[895] = CNOT 1 20
[896] = CNOT 1 27
[897] = S 1
[898] = Z 1
[899] = CNOT 1 27
[900] = CNOT 1 4
[901] = CNOT 1 5
[902] = CNOT 1 8
[903] = S 1
[904] = Z 1
[905] = CNOT 1 8
[906] = CNOT 1 15
[907] = S 1
[908] = Z 1
[909] = CNOT 1 15
[910] = CNOT 1 16
[911] = S 1
[912] = Z 1
[913] = CNOT 1 16
[914] = CNOT 1 17
[915] = S 1
[916] = Z 1
[917] = CNOT 1 17
[918] = CNOT 1 18
[919] = S 1
[920] = Z 1
[921] = CNOT 1 18
[922] = CNOT 1 19
[923] = S 1
[924] = Z 1
[925] = CNOT 1 19
[926] = CNOT 1 20
[927] = S 1
[928] = Z 1
[929] = CNOT 1 20
[930] = CNOT 1 27
[931] = S 1
[932] = Z 1
[933] = CNOT 1 27
[934] = CNOT 1 5
[935] = CNOT 1 8
[936] = CNOT 1 15
[937] = Z 1
[938] = CNOT 1 15
[939] = CNOT 1 16
[940] = Z 1
[941] = CNOT 1 16
[942] = CNOT 1 17
[943] = Z 1
[944] = CNOT 1 17
[945] = CNOT 1 18
[946] = Z 1
[947] = CNOT 1 18
[948] = CNOT 1 19
[949] = Z 1
[950] = CNOT 1 19
[951] = CNOT 1 20
[952] = Z 1
[953] = CNOT 1 20
[954] = CNOT 1 27
[955] = Z 1
[956] = CNOT 1 27
[957] = CNOT 1 8
[958] = CNOT 1 15
[959] = CNOT 1 16
[960] = Z 1
[961] = CNOT 1 16
[962] = CNOT 1 17
[963] = Z 1
[964] = CNOT 1 17
[965] = CNOT 1 18
[966] = Z 1
[967] = CNOT 1 18
[968] = CNOT 1 19
[969] = Z 1
[970] = CNOT 1 19
[971] = CNOT 1 20
[972] = Z 1
[973] = CNOT 1 20
[974] = CNOT 1 27
[975] = Z 1
[976] = CNOT 1 27
[977] = CNOT 1 15
[978] = CNOT 1 16
[979] = CNOT 1 17
[980] = Z 1
[981] = CNOT 1 17
[982] = CNOT 1 18
[983] = Z 1
[984] = CNOT 1 18
[985] = CNOT 1 19
[986] = Z 1
[987] = CNOT 1 19
[988] = CNOT 1 20
[989] = Z 1
[990] = CNOT 1 20
[991] = CNOT 1 27
[992] = Z 1
[993] = CNOT 1 27
[994] = CNOT 1 16
[995] = CNOT 1 17
[996] = CNOT 1 18
[997] = Z 1
[998] = CNOT 1 18
[999] = CNOT 1 19
[1000] = Z 1
[1001] = CNOT 1 19
[1002] = CNOT 1 20
[1003] = Z 1
[1004] = CNOT 1 20
[1005] = CNOT 1 27
[1006] = Z 1
[1007] = CNOT 1 27
[1008] = CNOT 1 17
[1009] = CNOT 1 18
[1010] = CNOT 1 19
[1011] = Z 1
[1012] = CNOT 1 19
[1013] = CNOT 1 20
[1014] = Z 1
[1015] = CNOT 1 20
[1016] = CNOT 1 27
[1017] = Z 1
[1018] = CNOT 1 27
[1019] = CNOT 1 18
[1020] = CNOT 1 19
[1021] = CNOT 1 20
[1022] = Z 1
[1023] = CNOT 1 20
[1024] = CNOT 1 27
[1025] = Z 1
[1026] = CNOT 1 19
[1027] = CNOT 1 20
[1028] = Z 1
[1029] = CNOT 1 27
[1030] = CNOT 1 20
[1031] = CNOT 2 3
[1032] = CNOT 2 4
[1033] = S 2
[1034] = Z 2
[1035] = CNOT 2 4
[1036] = CNOT 2 5
[1037] = S 2
[1038] = Z 2
[1039] = CNOT 2 5
[1040] = CNOT 2 8
[1041] = S 2
[1042] = Z 2
[1043] = CNOT 2 8
[1044] = CNOT 2 15
[1045] = S 2
[1046] = Z 2
[1047] = CNOT 2 15
[1048] = CNOT 2 16
[1049] = S 2
[1050] = Z 2
[1051] = CNOT 2 16
[1052] = CNOT 2 17
[1053] = S 2
[1054] = Z 2
[1055] = CNOT 2 17
[1056] = CNOT 2 18
[1057] = S 2
[1058] = Z 2
[1059] = CNOT 2 18
[1060] = CNOT 2 19
[1061] = S 2
[1062] = Z 2
[1063] = CNOT 2 19
[1064] = CNOT 2 20
[1065] = S 2
[1066] = Z 2
[1067] = CNOT 2 20
[1068] = CNOT 2 27
[1069] = S 2
[1070] = Z 2
[1071] = CNOT 2 27
[1072] = CNOT 2 3
[1073] = CNOT 2 4
[1074] = CNOT 2 5
[1075] = S 2
[1076] = Z 2
[1077] = CNOT 2 5
[1078] = CNOT 2 8
[1079] = S 2
[1080] = Z 2
[1081] = CNOT 2 8
[1082] = CNOT 2 15
[1083] = S 2
[1084] = Z 2
[1085] = CNOT 2 15
[1086] = CNOT 2 16
[1087] = S 2
[1088] = Z 2
[1089] = CNOT 2 16
[1090] = CNOT 2 17
[1091] = S 2
[1092] = Z 2
[1093] = CNOT 2 17
[1094] = CNOT 2 18
[1095] = S 2
[1096] = Z 2
[1097] = CNOT 2 18
[1098] = CNOT 2 19
[1099] = S 2
[1100] = Z 2
[1101] = CNOT 2 19
[1102] = CNOT 2 20
[1103] = S 2
[1104] = Z 2
[1105] = CNOT 2 20
[1106] = CNOT 2 27
[1107] = S 2
[1108] = Z 2
[1109] = CNOT 2 27
[1110] = CNOT 2 4
[1111] = CNOT 2 5
[1112] = CNOT 2 6
[1113] = S 2
[1114] = Z 2
[1115] = CNOT 2 6
[1116] = CNOT 2 8
[1117] = Z 2
[1118] = CNOT 2 8
[1119] = CNOT 2 15
[1120] = Z 2
[1121] = CNOT 2 15
[1122] = CNOT 2 16
[1123] = Z 2
[1124] = CNOT 2 16
[1125] = CNOT 2 17
[1126] = Z 2
[1127] = CNOT 2 17
[1128] = CNOT 2 18
[1129] = Z 2
[1130] = CNOT 2 18
[1131] = CNOT 2 19
[1132] = Z 2
[1133] = CNOT 2 19
[1134] = CNOT 2 20
[1135] = Z 2
[1136] = CNOT 2 20
[1137] = CNOT 2 27
[1138] = Z 2
[1139] = CNOT 2 27
[1140] = CNOT 2 5
[1141] = CNOT 2 6
[1142] = CNOT 2 8
[1143] = S 2
[1144] = Z 2
[1145] = CNOT 2 8
[1146] = CNOT 2 15
[1147] = S 2
[1148] = Z 2
[1149] = CNOT 2 15
[1150] = CNOT 2 16
[1151] = S 2
[1152] = Z 2
[1153] = CNOT 2 16
[1154] = CNOT 2 17
[1155] = S 2
[1156] = Z 2
[1157] = CNOT 2 17
[1158] = CNOT 2 18
[1159] = S 2
[1160] = Z 2
[1161] = CNOT 2 18
[1162] = CNOT 2 19
[1163] = S 2
[1164] = Z 2
[1165] = CNOT 2 19
[1166] = CNOT 2 20
[1167] = S 2
[1168] = Z 2
[1169] = CNOT 2 20
[1170] = CNOT 2 27
[1171] = S 2
[1172] = Z 2
[1173] = CNOT 2 27
[1174] = CNOT 2 6
[1175] = CNOT 2 8
[1176] = CNOT 2 15
[1177] = Z 2
[1178] = CNOT 2 15
[1179] = CNOT 2 16
[1180] = Z 2
[1181] = CNOT 2 16
[1182] = CNOT 2 17
[1183] = Z 2
[1184] = CNOT 2 17
[1185] = CNOT 2 18
[1186] = Z 2
[1187] = CNOT 2 18
[1188] = CNOT 2 19
[1189] = Z 2
[1190] = CNOT 2 19
[1191] = CNOT 2 20
[1192] = Z 2
[1193] = CNOT 2 20
[1194] = CNOT 2 27
[1195] = Z 2
[1196] = CNOT 2 27
[1197] = CNOT 2 8
[1198] = CNOT 2 15
[1199] = CNOT 2 16
[1200] = Z 2
[1201] = CNOT 2 16
[1202] = CNOT 2 17
[1203] = Z 2
[1204] = CNOT 2 17
[1205] = CNOT 2 18
[1206] = Z 2
[1207] = CNOT 2 18
[1208] = CNOT 2 19
[1209] = Z 2
[1210] = CNOT 2 19
[1211] = CNOT 2 20
[1212] = Z 2
[1213] = CNOT 2 20
[1214] = CNOT 2 27
[1215] = Z 2
[1216] = CNOT 2 27
[1217] = CNOT 2 15
[1218] = CNOT 2 16
[1219] = CNOT 2 17
[1220] = Z 2
[1221] = CNOT 2 17
[1222] = CNOT 2 18
[1223] = Z 2
[1224] = CNOT 2 18
[1225] = CNOT 2 19
[1226] = Z 2
[1227] = CNOT 2 19
[1228] = CNOT 2 20
[1229] = Z 2
[1230] = CNOT 2 20
[1231] = CNOT 2 27
[1232] = Z 2
[1233] = CNOT 2 27
[1234] = CNOT 2 16
[1235] = CNOT 2 17
[1236] = CNOT 2 18
[1237] = Z 2
[1238] = CNOT 2 18
[1239] = CNOT 2 19
[1240] = Z 2
[1241] = CNOT 2 19
[1242] = CNOT 2 20
[1243] = Z 2
[1244] = CNOT 2 20
[1245] = CNOT 2 27
[1246] = Z 2
[1247] = CNOT 2 27
[1248] = CNOT 2 17
[1249] = CNOT 2 18
[1250] = CNOT 2 19
[1251] = Z 2
[1252] = CNOT 2 19
[1253] = CNOT 2 20
[1254] = Z 2
[1255] = CNOT 2 20
[1256] = CNOT 2 27
[1257] = Z 2
[1258] = CNOT 2 27
[1259] = CNOT 2 18
[1260] = CNOT 2 19
[1261] = CNOT 2 20
[1262] = Z 2
[1263] = CNOT 2 20
[1264] = CNOT 2 27
[1265] = Z 2
[1266] = CNOT 2 19
[1267] = CNOT 2 20
[1268] = Z 2
[1269] = CNOT 2 27
[1270] = CNOT 2 20
[1271] = CNOT 3 4
[1272] = CNOT 3 5
[1273] = Z 3
[1274] = CNOT 3 5
[1275] = CNOT 3 6
[1276] = S 3
[1277] = Z 3
[1278] = CNOT 3 6
[1279] = CNOT 3 8
[1280] = S 3
[1281] = CNOT 3 8
[1282] = CNOT 3 15
[1283] = S 3
[1284] = CNOT 3 15
[1285] = CNOT 3 16
[1286] = S 3
[1287] = CNOT 3 16
[1288] = CNOT 3 17
[1289] = S 3
[1290] = CNOT 3 17
[1291] = CNOT 3 18
[1292] = S 3
[1293] = CNOT 3 18
[1294] = CNOT 3 19
[1295] = S 3
[1296] = CNOT 3 19
[1297] = CNOT 3 20
[1298] = S 3
[1299] = CNOT 3 20
[1300] = CNOT 3 27
[1301] = S 3
[1302] = CNOT 3 27
[1303] = CNOT 3 4
[1304] = CNOT 3 5
[1305] = CNOT 3 6
[1306] = S 3
[1307] = Z 3
[1308] = CNOT 3 6
[1309] = CNOT 3 8
[1310] = Z 3
[1311] = CNOT 3 8
[1312] = CNOT 3 15
[1313] = Z 3
[1314] = CNOT 3 15
[1315] = CNOT 3 16
[1316] = Z 3
[1317] = CNOT 3 16
[1318] = CNOT 3 17
[1319] = Z 3
[1320] = CNOT 3 17
[1321] = CNOT 3 18
[1322] = Z 3
[1323] = CNOT 3 18
[1324] = CNOT 3 19
[1325] = Z 3
[1326] = CNOT 3 19
[1327] = CNOT 3 20
[1328] = Z 3
[1329] = CNOT 3 20
[1330] = CNOT 3 27
[1331] = Z 3
[1332] = CNOT 3 27
[1333] = CNOT 3 5
[1334] = CNOT 3 6
[1335] = CNOT 3 8
[1336] = S 3
[1337] = Z 3
[1338] = CNOT 3 8
[1339] = CNOT 3 15
[1340] = S 3
[1341] = Z 3
[1342] = CNOT 3 15
[1343] = CNOT 3 16
[1344] = S 3
[1345] = Z 3
[1346] = CNOT 3 16
[1347] = CNOT 3 17
[1348] = S 3
[1349] = Z 3
[1350] = CNOT 3 17
[1351] = CNOT 3 18
[1352] = S 3
[1353] = Z 3
[1354] = CNOT 3 18
[1355] = CNOT 3 19
[1356] = S 3
[1357] = Z 3
[1358] = CNOT 3 19
[1359] = CNOT 3 20
[1360] = S 3
[1361] = Z 3
[1362] = CNOT 3 20
[1363] = CNOT 3 27
[1364] = S 3
[1365] = Z 3
[1366] = CNOT 3 27
[1367] = CNOT 3 6
[1368] = CNOT 3 8
[1369] = CNOT 3 15
[1370] = S 3
[1371] = CNOT 3 15
[1372] = CNOT 3 16
[1373] = S 3
[1374] = CNOT 3 16
[1375] = CNOT 3 17
[1376] = S 3
[1377] = CNOT 3 17
[1378] = CNOT 3 18
[1379] = S 3
[1380] = CNOT 3 18
[1381] = CNOT 3 19
[1382] = S 3
[1383] = CNOT 3 19
[1384] = CNOT 3 20
[1385] = S 3
[1386] = CNOT 3 20
[1387] = CNOT 3 27
[1388] = S 3
[1389] = CNOT 3 27
[1390] = CNOT 3 8
[1391] = CNOT 3 15
[1392] = CNOT 3 16
[1393] = S 3
[1394] = CNOT 3 16
[1395] = CNOT 3 17
[1396] = S 3
[1397] = CNOT 3 17
[1398] = CNOT 3 18
[1399] = S 3
[1400] = CNOT 3 18
[1401] = CNOT 3 19
[1402] = S 3
[1403] = CNOT 3 19
[1404] = CNOT 3 20
[1405] = S 3
[1406] = CNOT 3 20
[1407] = CNOT 3 27
[1408] = S 3
[1409] = CNOT 3 27
[1410] = CNOT 3 15
[1411] = CNOT 3 16
[1412] = CNOT 3 17
[1413] = S 3
[1414] = CNOT 3 17
[1415] = CNOT 3 18
[1416] = S 3
[1417] = CNOT 3 18
[1418] = CNOT 3 19
[1419] = S 3
[1420] = CNOT 3 19
[1421] = CNOT 3 20
[1422] = S 3
[1423] = CNOT 3 20
[1424] = CNOT 3 27
[1425] = S 3
[1426] = CNOT 3 27
[1427] = CNOT 3 16
[1428] = CNOT 3 17
[1429] = CNOT 3 18
[1430] = S 3
[1431] = CNOT 3 18
[1432] = CNOT 3 19
[1433] = S 3
[1434] = CNOT 3 19
[1435] = CNOT 3 20
[1436] = S 3
[1437] = CNOT 3 20
[1438] = CNOT 3 27
[1439] = S 3
[1440] = CNOT 3 27
[1441] = CNOT 3 17
[1442] = CNOT 3 18
[1443] = CNOT 3 19
[1444] = S 3
[1445] = CNOT 3 19
[1446] = CNOT 3 20
[1447] = S 3
[1448] = CNOT 3 20
[1449] = CNOT 3 27
[1450] = S 3
[1451] = CNOT 3 27
[1452] = CNOT 3 18
[1453] = CNOT 3 19
[1454] = CNOT 3 20
[1455] = S 3
[1456] = CNOT 3 20
[1457] = CNOT 3 27
[1458] = S 3
[1459] = CNOT 3 19
[1460] = CNOT 3 20
[1461] = S 3
[1462] = CNOT 3 27
[1463] = CNOT 3 20
[1464] = CNOT 4 5
[1465] = CNOT 4 6
[1466] = S 4
[1467] = Z 4
[1468] = CNOT 4 6
[1469] = CNOT 4 8
[1470] = Z 4
[1471] = CNOT 4 8
[1472] = CNOT 4 15
[1473] = Z 4
[1474] = CNOT 4 15
[1475] = CNOT 4 16
[1476] = Z 4
[1477] = CNOT 4 16
[1478] = CNOT 4 17
[1479] = Z 4
[1480] = CNOT 4 17
[1481] = CNOT 4 18
[1482] = Z 4
[1483] = CNOT 4 18
[1484] = CNOT 4 19
[1485] = Z 4
[1486] = CNOT 4 19
[1487] = CNOT 4 20
[1488] = Z 4
[1489] = CNOT 4 20
[1490] = CNOT 4 27
[1491] = Z 4
[1492] = CNOT 4 27
[1493] = CNOT 4 5
[1494] = CNOT 4 6
[1495] = CNOT 4 8
[1496] = S 4
[1497] = Z 4
[1498] = CNOT 4 8
[1499] = CNOT 4 15
[1500] = S 4
[1501] = Z 4
[1502] = CNOT 4 15
[1503] = CNOT 4 16
[1504] = S 4
[1505] = Z 4
[1506] = CNOT 4 16
[1507] = CNOT 4 17
[1508] = S 4
[1509] = Z 4
[1510] = CNOT 4 17
[1511] = CNOT 4 18
[1512] = S 4
[1513] = Z 4
[1514] = CNOT 4 18
[1515] = CNOT 4 19
[1516] = S 4
[1517] = Z 4
[1518] = CNOT 4 19
[1519] = CNOT 4 20
[1520] = S 4
[1521] = Z 4
[1522] = CNOT 4 20
[1523] = CNOT 4 27
[1524] = S 4
[1525] = Z 4
[1526] = CNOT 4 27
[1527] = CNOT 4 6
[1528] = CNOT 4 8
[1529] = CNOT 4 15
[1530] = S 4
[1531] = CNOT 4 15
[1532] = CNOT 4 16
[1533] = S 4
[1534] = CNOT 4 16
[1535] = CNOT 4 17
[1536] = S 4
[1537] = CNOT 4 17
[1538] = CNOT 4 18
[1539] = S 4
[1540] = CNOT 4 18
[1541] = CNOT 4 19
[1542] = S 4
[1543] = CNOT 4 19
[1544] = CNOT 4 20
[1545] = S 4
[1546] = CNOT 4 20
[1547] = CNOT 4 27
[1548] = S 4
[1549] = CNOT 4 27
[1550] = CNOT 4 8
[1551] = CNOT 4 15
[1552] = CNOT 4 16
[1553] = S 4
[1554] = CNOT 4 16
[1555] = CNOT 4 17
[1556] = S 4
[1557] = CNOT 4 17
[1558] = CNOT 4 18
[1559] = S 4
[1560] = CNOT 4 18
[1561] = CNOT 4 19
[1562] = S 4
[1563] = CNOT 4 19
[1564] = CNOT 4 20
[1565] = S 4
[1566] = CNOT 4 20
[1567] = CNOT 4 27
[1568] = S 4
[1569] = CNOT 4 27
[1570] = CNOT 4 15
[1571] = CNOT 4 16
[1572] = CNOT 4 17
[1573] = S 4
[1574] = CNOT 4 17
[1575] = CNOT 4 18
[1576] = S 4
[1577] = CNOT 4 18
[1578] = CNOT 4 19
[1579] = S 4
[1580] = CNOT 4 19
[1581] = CNOT 4 20
[1582] = S 4
[1583] = CNOT 4 20
[1584] = CNOT 4 27
[1585] = S 4
[1586] = CNOT 4 27
[1587] = CNOT 4 16
[1588] = CNOT 4 17
[1589] = CNOT 4 18
[1590] = S 4
[1591] = CNOT 4 18
[1592] = CNOT 4 19
[1593] = S 4
[1594] = CNOT 4 19
[1595] = CNOT 4 20
[1596] = S 4
[1597] = CNOT 4 20
[1598] = CNOT 4 27
[1599] = S 4
[1600] = CNOT 4 27
[1601] = CNOT 4 17
[1602] = CNOT 4 18
[1603] = CNOT 4 19
[1604] = S 4
[1605] = CNOT 4 19
[1606] = CNOT 4 20
[1607] = S 4
[1608] = CNOT 4 20
[1609] = CNOT 4 27
[1610] = S 4
[1611] = CNOT 4 27
[1612] = CNOT 4 18
[1613] = CNOT 4 19
[1614] = CNOT 4 20
[1615] = S 4
[1616] = CNOT 4 20
[1617] = CNOT 4 27
[1618] = S 4
[1619] = CNOT 4 19
[1620] = CNOT 4 20
[1621] = S 4
[1622] = CNOT 4 27
[1623] = CNOT 4 20
[1624] = CNOT 5 6
[1625] = CNOT 5 8
[1626] = Z 5
[1627] = CNOT 5 8
[1628] = CNOT 5 15
[1629] = Z 5
[1630] = CNOT 5 15
[1631] = CNOT 5 16
[1632] = Z 5
[1633] = CNOT 5 16
[1634] = CNOT 5 17
[1635] = Z 5
[1636] = CNOT 5 17
[1637] = CNOT 5 18
[1638] = Z 5
[1639] = CNOT 5 18
[1640] = CNOT 5 19
[1641] = Z 5
[1642] = CNOT 5 19
[1643] = CNOT 5 20
[1644] = Z 5
[1645] = CNOT 5 20
[1646] = CNOT 5 27
[1647] = Z 5
[1648] = CNOT 5 27
[1649] = CNOT 5 6
[1650] = CNOT 6 8
[1651] = CNOT 6 15
[1652] = Z 6
[1653] = CNOT 6 15
[1654] = CNOT 6 16
[1655] = Z 6
[1656] = CNOT 6 16
[1657] = CNOT 6 17
[1658] = Z 6
[1659] = CNOT 6 17
[1660] = CNOT 6 18
[1661] = Z 6
[1662] = CNOT 6 18
[1663] = CNOT 6 19
[1664] = Z 6
[1665] = CNOT 6 19
[1666] = CNOT 6 20
[1667] = Z 6
[1668] = CNOT 6 20
[1669] = CNOT 6 27
[1670] = Z 6
[1671] = CNOT 6 27
[1672] = CNOT 6 8
[1673] = CNOT 6 15
[1674] = CNOT 6 16
[1675] = Z 6
[1676] = CNOT 6 16
[1677] = CNOT 6 17
[1678] = Z 6
[1679] = CNOT 6 17
[1680] = CNOT 6 18
[1681] = Z 6
[1682] = CNOT 6 18
[1683] = CNOT 6 19
[1684] = Z 6
[1685] = CNOT 6 19
[1686] = CNOT 6 20
[1687] = Z 6
[1688] = CNOT 6 20
[1689] = CNOT 6 27
[1690] = Z 6
[1691] = CNOT 6 27
[1692] = CNOT 6 15
[1693] = CNOT 6 16
[1694] = CNOT 6 17
[1695] = Z 6
[1696] = CNOT 6 17
[1697] = CNOT 6 18
[1698] = Z 6
[1699] = CNOT 6 18
[1700] = CNOT 6 19
[1701] = Z 6
[1702] = CNOT 6 19
[1703] = CNOT 6 20
[1704] = Z 6
[1705] = CNOT 6 20
[1706] = CNOT 6 27
[1707] = Z 6
[1708] = CNOT 6 27
[1709] = CNOT 6 16
[1710] = CNOT 6 17
[1711] = CNOT 6 18
[1712] = Z 6
[1713] = CNOT 6 18
[1714] = CNOT 6 19
[1715] = Z 6
[1716] = CNOT 6 19
[1717] = CNOT 6 20
[1718] = Z 6
[1719] = CNOT 6 20
[1720] = CNOT 6 27
[1721] = Z 6
[1722] = CNOT 6 27
[1723] = CNOT 6 17
[1724] = CNOT 6 18
[1725] = CNOT 6 19
[1726] = Z 6
[1727] = CNOT 6 19
[1728] = CNOT 6 20
[1729] = Z 6
[1730] = CNOT 6 20
[1731] = CNOT 6 27
[1732] = Z 6
[1733] = CNOT 6 27
[1734] = CNOT 6 18
[1735] = CNOT 6 19
[1736] = CNOT 6 20
[1737] = Z 6
[1738] = CNOT 6 20
[1739] = CNOT 6 27
[1740] = Z 6
[1741] = CNOT 6 19
[1742] = CNOT 6 20
[1743] = Z 6
[1744] = CNOT 6 27
[1745] = CNOT 6 20
[1746] = CNOT 7 9
[1747] = CNOT 7 10
[1748] = S 7
[1749] = Z 7
[1750] = CNOT 7 10
[1751] = CNOT 7 12
[1752] = S 7
[1753] = Z 7
[1754] = CNOT 7 12
[1755] = CNOT 7 15
[1756] = S 7
[1757] = Z 7
[1758] = CNOT 7 15
[1759] = CNOT 7 16
[1760] = S 7
[1761] = Z 7
[1762] = CNOT 7 16
[1763] = CNOT 7 17
[1764] = S 7
[1765] = Z 7
[1766] = CNOT 7 17
[1767] = CNOT 7 18
[1768] = S 7
[1769] = Z 7
[1770] = CNOT 7 18
[1771] = CNOT 7 19
[1772] = S 7
[1773] = Z 7
[1774] = CNOT 7 19
[1775] = CNOT 7 20
[1776] = S 7
[1777] = Z 7
[1778] = CNOT 7 20
[1779] = CNOT 7 27
[1780] = S 7
[1781] = Z 7
[1782] = CNOT 7 27
[1783] = CNOT 7 9
[1784] = CNOT 7 10
[1785] = CNOT 7 12
[1786] = S 7
[1787] = Z 7
[1788] = CNOT 7 12
[1789] = CNOT 7 15
[1790] = S 7
[1791] = Z 7
[1792] = CNOT 7 15
[1793] = CNOT 7 16
[1794] = S 7
[1795] = Z 7
[1796] = CNOT 7 16
[1797] = CNOT 7 17
[1798] = S 7
[1799] = Z 7
[1800] = CNOT 7 17
[1801] = CNOT 7 18
[1802] = S 7
[1803] = Z 7
[1804] = CNOT 7 18
[1805] = CNOT 7 19
[1806] = S 7
[1807] = Z 7
[1808] = CNOT 7 19
[1809] = CNOT 7 20
[1810] = S 7
[1811] = Z 7
[1812] = CNOT 7 20
[1813] = CNOT 7 27
[1814] = S 7
[1815] = Z 7
[1816] = CNOT 7 27
[1817] = CNOT 7 10
[1818] = CNOT 7 11
[1819] = CNOT 7 12
[1820] = S 7
[1821] = Z 7
[1822] = CNOT 7 12
[1823] = CNOT 7 15
[1824] = S 7
[1825] = Z 7
[1826] = CNOT 7 15
[1827] = CNOT 7 16
[1828] = S 7
[1829] = Z 7
[1830] = CNOT 7 16
[1831] = CNOT 7 17
[1832] = S 7
[1833] = Z 7
[1834] = CNOT 7 17
[1835] = CNOT 7 18
[1836] = S 7
[1837] = Z 7
[1838] = CNOT 7 18
[1839] = CNOT 7 19
[1840] = S 7
[1841] = Z 7
[1842] = CNOT 7 19
[1843] = CNOT 7 20
[1844] = S 7
[1845] = Z 7
[1846] = CNOT 7 20
[1847] = CNOT 7 27
[1848] = S 7
[1849] = Z 7
[1850] = CNOT 7 27
[1851] = CNOT 7 11
[1852] = CNOT 7 12
[1853] = CNOT 7 15
[1854] = Z 7
[1855] = CNOT 7 15
[1856] = CNOT 7 16
[1857] = Z 7
[1858] = CNOT 7 16
[1859] = CNOT 7 17
[1860] = Z 7
[1861] = CNOT 7 17
[1862] = CNOT 7 18
[1863] = Z 7
[1864] = CNOT 7 18
[1865] = CNOT 7 19
[1866] = Z 7
[1867] = CNOT 7 19
[1868] = CNOT 7 20
[1869] = Z 7
[1870] = CNOT 7 20
[1871] = CNOT 7 27
[1872] = Z 7
[1873] = CNOT 7 27
[1874] = CNOT 7 12
[1875] = CNOT 7 15
[1876] = CNOT 7 16
[1877] = Z 7
[1878] = CNOT 7 16
[1879] = CNOT 7 17
[1880] = Z 7
[1881] = CNOT 7 17
[1882] = CNOT 7 18
[1883] = Z 7
[1884] = CNOT 7 18
[1885] = CNOT 7 19
[1886] = Z 7
[1887] = CNOT 7 19
[1888] = CNOT 7 20
[1889] = Z 7
[1890] = CNOT 7 20
[1891] = CNOT 7 27
[1892] = Z 7
[1893] = CNOT 7 27
[1894] = CNOT 7 15
[1895] = CNOT 7 16
[1896] = CNOT 7 17
[1897] = Z 7
[1898] = CNOT 7 17
[1899] = CNOT 7 18
[1900] = Z 7
[1901] = CNOT 7 18
[1902] = CNOT 7 19
[1903] = Z 7
[1904] = CNOT 7 19
[1905] = CNOT 7 20
[1906] = Z 7
[1907] = CNOT 7 20
[1908] = CNOT 7 27
[1909] = Z 7
[1910] = CNOT 7 27
[1911] = CNOT 7 16
[1912] = CNOT 7 17
[1913] = CNOT 7 18
[1914] = Z 7
[1915] = CNOT 7 18
[1916] = CNOT 7 19
[1917] = Z 7
[1918] = CNOT 7 19
[1919] = CNOT 7 20
[1920] = Z 7
[1921] = CNOT 7 20
[1922] = CNOT 7 27
[1923] = Z 7
[1924] = CNOT 7 27
[1925] = CNOT 7 17
[1926] = CNOT 7 18
[1927] = CNOT 7 19
[1928] = Z 7
[1929] = CNOT 7 19
[1930] = CNOT 7 20
[1931] = Z 7
[1932] = CNOT 7 20
[1933] = CNOT 7 27
[1934] = Z 7
[1935] = CNOT 7 27
[1936] = CNOT 7 18
[1937] = CNOT 7 19
[1938] = CNOT 7 20
[1939] = Z 7
[1940] = CNOT 7 20
[1941] = CNOT 7 27
[1942] = Z 7
[1943] = CNOT 7 19
[1944] = CNOT 7 20
[1945] = Z 7
[1946] = CNOT 7 27
[1947] = CNOT 7 20
[1948] = CNOT 8 9
[1949] = CNOT 8 10
[1950] = S 8
[1951] = Z 8
[1952] = CNOT 8 10
[1953] = CNOT 8 15
[1954] = S 8
[1955] = Z 8
[1956] = CNOT 8 15
[1957] = CNOT 8 16
[1958] = S 8
[1959] = Z 8
[1960] = CNOT 8 16
[1961] = CNOT 8 17
[1962] = S 8
[1963] = Z 8
[1964] = CNOT 8 17
[1965] = CNOT 8 18
[1966] = S 8
[1967] = Z 8
[1968] = CNOT 8 18
[1969] = CNOT 8 19
[1970] = S 8
[1971] = Z 8
[1972] = CNOT 8 19
[1973] = CNOT 8 20
[1974] = S 8
[1975] = Z 8
[1976] = CNOT 8 20
[1977] = CNOT 8 27
[1978] = S 8
[1979] = Z 8
[1980] = CNOT 8 27
[1981] = CNOT 8 9
[1982] = CNOT 8 10
[1983] = CNOT 8 15
[1984] = S 8
[1985] = Z 8
[1986] = CNOT 8 15
[1987] = CNOT 8 16
[1988] = S 8
[1989] = Z 8
[1990] = CNOT 8 16
[1991] = CNOT 8 17
[1992] = S 8
[1993] = Z 8
[1994] = CNOT 8 17
[1995] = CNOT 8 18
[1996] = S 8
[1997] = Z 8
[1998] = CNOT 8 18
[1999] = CNOT 8 19
[2000] = S 8
[2001] = Z 8
[2002] = CNOT 8 19
[2003] = CNOT 8 20
[2004] = S 8
[2005] = Z 8
[2006] = CNOT 8 20
[2007] = CNOT 8 27
[2008] = S 8
[2009] = Z 8
[2010] = CNOT 8 27
[2011] = CNOT 8 10
[2012] = CNOT 8 12
[2013] = CNOT 8 15
[2014] = S 8
[2015] = Z 8
[2016] = CNOT 8 15
[2017] = CNOT 8 16
[2018] = S 8
[2019] = Z 8
[2020] = CNOT 8 16
[2021] = CNOT 8 17
[2022] = S 8
[2023] = Z 8
[2024] = CNOT 8 17
[2025] = CNOT 8 18
[2026] = S 8
[2027] = Z 8
[2028] = CNOT 8 18
[2029] = CNOT 8 19
[2030] = S 8
[2031] = Z 8
[2032] = CNOT 8 19
[2033] = CNOT 8 20
[2034] = S 8
[2035] = Z 8
[2036] = CNOT 8 20
[2037] = CNOT 8 27
[2038] = S 8
[2039] = Z 8
[2040] = CNOT 8 27
[2041] = CNOT 8 12
[2042] = CNOT 8 15
[2043] = CNOT 8 16
[2044] = S 8
[2045] = CNOT 8 16
[2046] = CNOT 8 17
[2047] = S 8
[2048] = CNOT 8 17
[2049] = CNOT 8 18
[2050] = S 8
[2051] = CNOT 8 18
[2052] = CNOT 8 19
[2053] = S 8
[2054] = CNOT 8 19
[2055] = CNOT 8 20
[2056] = S 8
[2057] = CNOT 8 20
[2058] = CNOT 8 27
[2059] = S 8
[2060] = CNOT 8 27
[2061] = CNOT 8 15
[2062] = CNOT 8 16
[2063] = CNOT 8 17
[2064] = S 8
[2065] = CNOT 8 17
[2066] = CNOT 8 18
[2067] = S 8
[2068] = CNOT 8 18
[2069] = CNOT 8 19
[2070] = S 8
[2071] = CNOT 8 19
[2072] = CNOT 8 20
[2073] = S 8
[2074] = CNOT 8 20
[2075] = CNOT 8 27
[2076] = S 8
[2077] = CNOT 8 27
[2078] = CNOT 8 16
[2079] = CNOT 8 17
[2080] = CNOT 8 18
[2081] = S 8
[2082] = CNOT 8 18
[2083] = CNOT 8 19
[2084] = S 8
[2085] = CNOT 8 19
[2086] = CNOT 8 20
[2087] = S 8
[2088] = CNOT 8 20
[2089] = CNOT 8 27
[2090] = S 8
[2091] = CNOT 8 27
[2092] = CNOT 8 17
[2093] = CNOT 8 18
[2094] = CNOT 8 19
[2095] = S 8
[2096] = CNOT 8 19
[2097] = CNOT 8 20
[2098] = S 8
[2099] = CNOT 8 20
[2100] = CNOT 8 27
[2101] = S 8
[2102] = CNOT 8 27
[2103] = CNOT 8 18
[2104] = CNOT 8 19
[2105] = CNOT 8 20
[2106] = S 8
[2107] = CNOT 8 20
[2108] = CNOT 8 27
[2109] = S 8
[2110] = CNOT 8 19
[2111] = CNOT 8 20
[2112] = S 8
[2113] = CNOT 8 27
[2114] = CNOT 8 20
[2115] = CNOT 9 10
[2116] = CNOT 9 11
[2117] = S 9
[2118] = Z 9
[2119] = CNOT 9 11
[2120] = CNOT 9 12
[2121] = Z 9
[2122] = CNOT 9 12
[2123] = CNOT 9 15
[2124] = S 9
[2125] = CNOT 9 15
[2126] = CNOT 9 16
[2127] = S 9
[2128] = CNOT 9 16
[2129] = CNOT 9 17
[2130] = S 9
[2131] = CNOT 9 17
[2132] = CNOT 9 18
[2133] = S 9
[2134] = CNOT 9 18
[2135] = CNOT 9 19
[2136] = S 9
[2137] = CNOT 9 19
[2138] = CNOT 9 20
[2139] = S 9
[2140] = CNOT 9 20
[2141] = CNOT 9 27
[2142] = S 9
[2143] = CNOT 9 27
[2144] = CNOT 9 10
[2145] = CNOT 9 11
[2146] = CNOT 9 12
[2147] = S 9
[2148] = Z 9
[2149] = CNOT 9 12
[2150] = CNOT 9 15
[2151] = S 9
[2152] = Z 9
[2153] = CNOT 9 15
[2154] = CNOT 9 16
[2155] = S 9
[2156] = Z 9
[2157] = CNOT 9 16
[2158] = CNOT 9 17
[2159] = S 9
[2160] = Z 9
[2161] = CNOT 9 17
[2162] = CNOT 9 18
[2163] = S 9
[2164] = Z 9
[2165] = CNOT 9 18
[2166] = CNOT 9 19
[2167] = S 9
[2168] = Z 9
[2169] = CNOT 9 19
[2170] = CNOT 9 20
[2171] = S 9
[2172] = Z 9
[2173] = CNOT 9 20
[2174] = CNOT 9 27
[2175] = S 9
[2176] = Z 9
[2177] = CNOT 9 27
[2178] = CNOT 9 11
[2179] = CNOT 9 12
[2180] = CNOT 9 15
[2181] = Z 9
[2182] = CNOT 9 15
[2183] = CNOT 9 16
[2184] = Z 9
[2185] = CNOT 9 16
[2186] = CNOT 9 17
[2187] = Z 9
[2188] = CNOT 9 17
[2189] = CNOT 9 18
[2190] = Z 9
[2191] = CNOT 9 18
[2192] = CNOT 9 19
[2193] = Z 9
[2194] = CNOT 9 19
[2195] = CNOT 9 20
[2196] = Z 9
[2197] = CNOT 9 20
[2198] = CNOT 9 27
[2199] = Z 9
[2200] = CNOT 9 27
[2201] = CNOT 9 12
[2202] = CNOT 9 15
[2203] = CNOT 9 16
[2204] = S 9
[2205] = CNOT 9 16
[2206] = CNOT 9 17
[2207] = S 9
[2208] = CNOT 9 17
[2209] = CNOT 9 18
[2210] = S 9
[2211] = CNOT 9 18
[2212] = CNOT 9 19
[2213] = S 9
[2214] = CNOT 9 19
[2215] = CNOT 9 20
[2216] = S 9
[2217] = CNOT 9 20
[2218] = CNOT 9 27
[2219] = S 9
[2220] = CNOT 9 27
[2221] = CNOT 9 15
[2222] = CNOT 9 16
[2223] = CNOT 9 17
[2224] = S 9
[2225] = CNOT 9 17
[2226] = CNOT 9 18
[2227] = S 9
[2228] = CNOT 9 18
[2229] = CNOT 9 19
[2230] = S 9
[2231] = CNOT 9 19
[2232] = CNOT 9 20
[2233] = S 9
[2234] = CNOT 9 20
[2235] = CNOT 9 27
[2236] = S 9
[2237] = CNOT 9 27
[2238] = CNOT 9 16
[2239] = CNOT 9 17
[2240] = CNOT 9 18
[2241] = S 9
[2242] = CNOT 9 18
[2243] = CNOT 9 19
[2244] = S 9
[2245] = CNOT 9 19
[2246] = CNOT 9 20
[2247] = S 9
[2248] = CNOT 9 20
[2249] = CNOT 9 27
[2250] = S 9
[2251] = CNOT 9 27
[2252] = CNOT 9 17
[2253] = CNOT 9 18
[2254] = CNOT 9 19
[2255] = S 9
[2256] = CNOT 9 19
[2257] = CNOT 9 20
[2258] = S 9
[2259] = CNOT 9 20
[2260] = CNOT 9 27
[2261] = S 9
[2262] = CNOT 9 27
[2263] = CNOT 9 18
[2264] = CNOT 9 19
[2265] = CNOT 9 20
[2266] = S 9
[2267] = CNOT 9 20
[2268] = CNOT 9 27
[2269] = S 9
[2270] = CNOT 9 19
[2271] = CNOT 9 20
[2272] = S 9
[2273] = CNOT 9 27
[2274] = CNOT 9 20
[2275] = CNOT 10 11
[2276] = CNOT 10 12
[2277] = S 10
[2278] = Z 10
[2279] = CNOT 10 12
[2280] = CNOT 10 15
[2281] = S 10
[2282] = Z 10
[2283] = CNOT 10 15
[2284] = CNOT 10 16
[2285] = S 10
[2286] = Z 10
[2287] = CNOT 10 16
[2288] = CNOT 10 17
[2289] = S 10
[2290] = Z 10
[2291] = CNOT 10 17
[2292] = CNOT 10 18
[2293] = S 10
[2294] = Z 10
[2295] = CNOT 10 18
[2296] = CNOT 10 19
[2297] = S 10
[2298] = Z 10
[2299] = CNOT 10 19
[2300] = CNOT 10 20
[2301] = S 10
[2302] = Z 10
[2303] = CNOT 10 20
[2304] = CNOT 10 27
[2305] = S 10
[2306] = Z 10
[2307] = CNOT 10 27
[2308] = CNOT 10 11
[2309] = CNOT 10 12
[2310] = CNOT 10 15
[2311] = Z 10
[2312] = CNOT 10 15
[2313] = CNOT 10 16
[2314] = Z 10
[2315] = CNOT 10 16
[2316] = CNOT 10 17
[2317] = Z 10
[2318] = CNOT 10 17
[2319] = CNOT 10 18
[2320] = Z 10
[2321] = CNOT 10 18
[2322] = CNOT 10 19
[2323] = Z 10
[2324] = CNOT 10 19
[2325] = CNOT 10 20
[2326] = Z 10
[2327] = CNOT 10 20
[2328] = CNOT 10 27
[2329] = Z 10
[2330] = CNOT 10 27
[2331] = CNOT 10 12
[2332] = CNOT 10 15
[2333] = CNOT 10 16
[2334] = S 10
[2335] = CNOT 10 16
[2336] = CNOT 10 17
[2337] = S 10
[2338] = CNOT 10 17
[2339] = CNOT 10 18
[2340] = S 10
[2341] = CNOT 10 18
[2342] = CNOT 10 19
[2343] = S 10
[2344] = CNOT 10 19
[2345] = CNOT 10 20
[2346] = S 10
[2347] = CNOT 10 20
[2348] = CNOT 10 27
[2349] = S 10
[2350] = CNOT 10 27
[2351] = CNOT 10 15
[2352] = CNOT 10 16
[2353] = CNOT 10 17
[2354] = S 10
[2355] = CNOT 10 17
[2356] = CNOT 10 18
[2357] = S 10
[2358] = CNOT 10 18
[2359] = CNOT 10 19
[2360] = S 10
[2361] = CNOT 10 19
[2362] = CNOT 10 20
[2363] = S 10
[2364] = CNOT 10 20
[2365] = CNOT 10 27
[2366] = S 10
[2367] = CNOT 10 27
[2368] = CNOT 10 16
[2369] = CNOT 10 17
[2370] = CNOT 10 18
[2371] = S 10
[2372] = CNOT 10 18
[2373] = CNOT 10 19
[2374] = S 10
[2375] = CNOT 10 19
[2376] = CNOT 10 20
[2377] = S 10
[2378] = CNOT 10 20
[2379] = CNOT 10 27
[2380] = S 10
[2381] = CNOT 10 27
[2382] = CNOT 10 17
[2383] = CNOT 10 18
[2384] = CNOT 10 19
[2385] = S 10
[2386] = CNOT 10 19
[2387] = CNOT 10 20
[2388] = S 10
[2389] = CNOT 10 20
[2390] = CNOT 10 27
[2391] = S 10
[2392] = CNOT 10 27
[2393] = CNOT 10 18
[2394] = CNOT 10 19
[2395] = CNOT 10 20
[2396] = S 10
[2397] = CNOT 10 20
[2398] = CNOT 10 27
[2399] = S 10
[2400] = CNOT 10 19
[2401] = CNOT 10 20
[2402] = S 10
[2403] = CNOT 10 27
[2404] = CNOT 10 20
[2405] = CNOT 11 12
[2406] = CNOT 11 15
[2407] = Z 11
[2408] = CNOT 11 15
[2409] = CNOT 11 16
[2410] = Z 11
[2411] = CNOT 11 16
[2412] = CNOT 11 17
[2413] = Z 11
[2414] = CNOT 11 17
[2415] = CNOT 11 18
[2416] = Z 11
[2417] = CNOT 11 18
[2418] = CNOT 11 19
[2419] = Z 11
[2420] = CNOT 11 19
[2421] = CNOT 11 20
[2422] = Z 11
[2423] = CNOT 11 20
[2424] = CNOT 11 27
[2425] = Z 11
[2426] = CNOT 11 27
[2427] = CNOT 11 12
[2428] = CNOT 11 15
[2429] = CNOT 11 16
[2430] = Z 11
[2431] = CNOT 11 16
[2432] = CNOT 11 17
[2433] = Z 11
[2434] = CNOT 11 17
[2435] = CNOT 11 18
[2436] = Z 11
[2437] = CNOT 11 18
[2438] = CNOT 11 19
[2439] = Z 11
[2440] = CNOT 11 19
[2441] = CNOT 11 20
[2442] = Z 11
[2443] = CNOT 11 20
[2444] = CNOT 11 27
[2445] = Z 11
[2446] = CNOT 11 27
[2447] = CNOT 11 15
[2448] = CNOT 11 16
[2449] = CNOT 11 17
[2450] = Z 11
[2451] = CNOT 11 17
[2452] = CNOT 11 18
[2453] = Z 11
[2454] = CNOT 11 18
[2455] = CNOT 11 19
[2456] = Z 11
[2457] = CNOT 11 19
[2458] = CNOT 11 20
[2459] = Z 11
[2460] = CNOT 11 20
[2461] = CNOT 11 27
[2462] = Z 11
[2463] = CNOT 11 27
[2464] = CNOT 11 16
[2465] = CNOT 11 17
[2466] = CNOT 11 18
[2467] = Z 11
[2468] = CNOT 11 18
[2469] = CNOT 11 19
[2470] = Z 11
[2471] = CNOT 11 19
[2472] = CNOT 11 20
[2473] = Z 11
[2474] = CNOT 11 20
[2475] = CNOT 11 27
[2476] = Z 11
[2477] = CNOT 11 27
[2478] = CNOT 11 17
[2479] = CNOT 11 18
[2480] = CNOT 11 19
[2481] = Z 11
[2482] = CNOT 11 19
[2483] = CNOT 11 20
[2484] = Z 11
[2485] = CNOT 11 20
[2486] = CNOT 11 27
[2487] = Z 11
[2488] = CNOT 11 27
[2489] = CNOT 11 18
[2490] = CNOT 11 19
[2491] = CNOT 11 20
[2492] = Z 11
[2493] = CNOT 11 20
[2494] = CNOT 11 27
[2495] = Z 11
[2496] = CNOT 11 19
[2497] = CNOT 11 20
[2498] = Z 11
[2499] = CNOT 11 27
[2500] = CNOT 11 20
[2501] = CNOT 15 16
[2502] = CNOT 15 17
[2503] = S 15
[2504] = CNOT 15 17
[2505] = CNOT 15 18
[2506] = S 15
[2507] = CNOT 15 18
[2508] = CNOT 15 20
[2509] = S 15
[2510] = CNOT 15 20
[2511] = CNOT 15 16
[2512] = CNOT 15 17
[2513] = CNOT 15 18
[2514] = S 15
[2515] = Z 15
[2516] = CNOT 15 18
[2517] = CNOT 15 19
[2518] = S 15
[2519] = CNOT 15 19
[2520] = CNOT 15 20
[2521] = S 15
[2522] = CNOT 15 20
[2523] = CNOT 15 22
[2524] = Z 15
[2525] = CNOT 15 22
[2526] = CNOT 15 23
[2527] = S 15
[2528] = CNOT 15 23
[2529] = CNOT 15 24
[2530] = S 15
[2531] = CNOT 15 24
[2532] = CNOT 15 25
[2533] = Z 15
[2534] = CNOT 15 25
[2535] = CNOT 15 26
[2536] = Z 15
[2537] = CNOT 15 26
[2538] = CNOT 15 27
[2539] = S 15
[2540] = Z 15
[2541] = CNOT 15 27
[2542] = CNOT 15 17
[2543] = CNOT 15 18
[2544] = CNOT 15 19
[2545] = S 15
[2546] = CNOT 15 19
[2547] = CNOT 15 20
[2548] = S 15
[2549] = CNOT 15 20
[2550] = CNOT 15 22
[2551] = Z 15
[2552] = CNOT 15 22
[2553] = CNOT 15 23
[2554] = S 15
[2555] = CNOT 15 23
[2556] = CNOT 15 24
[2557] = S 15
[2558] = CNOT 15 24
[2559] = CNOT 15 25
[2560] = Z 15
[2561] = CNOT 15 25
[2562] = CNOT 15 26
[2563] = Z 15
[2564] = CNOT 15 26
[2565] = CNOT 15 27
[2566] = S 15
[2567] = Z 15
[2568] = CNOT 15 18
[2569] = CNOT 15 19
[2570] = S 15
[2571] = Z 15
[2572] = CNOT 15 27
[2573] = CNOT 15 19
[2574] = CNOT 15 21
[2575] = CNOT 15 22
[2576] = Z 15
[2577] = CNOT 15 22
[2578] = CNOT 15 23
[2579] = Z 15
[2580] = CNOT 15 23
[2581] = CNOT 15 24
[2582] = Z 15
[2583] = CNOT 15 24
[2584] = CNOT 15 25
[2585] = S 15
[2586] = Z 15
[2587] = CNOT 15 25
[2588] = CNOT 15 26
[2589] = Z 15
[2590] = CNOT 15 26
[2591] = CNOT 15 21
[2592] = CNOT 15 22
[2593] = CNOT 15 23
[2594] = S 15
[2595] = Z 15
[2596] = CNOT 15 23
[2597] = CNOT 15 24
[2598] = S 15
[2599] = Z 15
[2600] = CNOT 15 24
[2601] = CNOT 15 26
[2602] = S 15
[2603] = Z 15
[2604] = CNOT 15 26
[2605] = CNOT 15 27
[2606] = Z 15
[2607] = CNOT 15 27
[2608] = CNOT 15 22
[2609] = CNOT 15 23
[2610] = CNOT 15 24
[2611] = S 15
[2612] = CNOT 15 24
[2613] = CNOT 15 25
[2614] = S 15
[2615] = Z 15
[2616] = CNOT 15 25
[2617] = CNOT 15 26
[2618] = S 15
[2619] = Z 15
[2620] = CNOT 15 26
[2621] = CNOT 15 27
[2622] = S 15
[2623] = CNOT 15 27
[2624] = CNOT 15 23
[2625] = CNOT 15 24
[2626] = CNOT 15 25
[2627] = S 15
[2628] = Z 15
[2629] = CNOT 15 25
[2630] = CNOT 15 26
[2631] = S 15
[2632] = Z 15
[2633] = CNOT 15 26
[2634] = CNOT 15 27
[2635] = S 15
[2636] = CNOT 15 24
[2637] = CNOT 15 25
[2638] = Z 15
[2639] = CNOT 15 25
[2640] = CNOT 15 26
[2641] = Z 15
[2642] = CNOT 15 27
[2643] = CNOT 15 26
[2644] = CNOT 16 17
[2645] = CNOT 16 18
[2646] = S 16
[2647] = CNOT 16 18
[2648] = CNOT 16 19
[2649] = S 16
[2650] = CNOT 16 19
[2651] = CNOT 16 20
[2652] = Z 16
[2653] = CNOT 16 20
[2654] = CNOT 16 27
[2655] = S 16
[2656] = CNOT 16 27
[2657] = CNOT 16 17
[2658] = CNOT 16 18
[2659] = CNOT 16 19
[2660] = S 16
[2661] = CNOT 16 19
[2662] = CNOT 16 20
[2663] = Z 16
[2664] = CNOT 16 20
[2665] = CNOT 16 27
[2666] = S 16
[2667] = CNOT 16 27
[2668] = CNOT 16 18
[2669] = CNOT 16 19
[2670] = CNOT 16 20
[2671] = S 16
[2672] = CNOT 16 19
[2673] = CNOT 16 27
[2674] = S 16
[2675] = CNOT 16 27
[2676] = CNOT 16 20
[2677] = CNOT 17 18
[2678] = CNOT 17 20
[2679] = S 17
[2680] = CNOT 17 20
[2681] = CNOT 17 22
[2682] = Z 17
[2683] = CNOT 17 22
[2684] = CNOT 17 23
[2685] = S 17
[2686] = CNOT 17 23
[2687] = CNOT 17 24
[2688] = S 17
[2689] = CNOT 17 24
[2690] = CNOT 17 25
[2691] = Z 17
[2692] = CNOT 17 25
[2693] = CNOT 17 26
[2694] = Z 17
[2695] = CNOT 17 26
[2696] = CNOT 17 18
[2697] = CNOT 17 19
[2698] = CNOT 17 20
[2699] = S 17
[2700] = CNOT 17 19
[2701] = CNOT 17 27
[2702] = S 17
[2703] = CNOT 17 27
[2704] = CNOT 17 20
[2705] = CNOT 17 21
[2706] = CNOT 17 22
[2707] = Z 17
[2708] = CNOT 17 22
[2709] = CNOT 17 23
[2710] = Z 17
[2711] = CNOT 17 23
[2712] = CNOT 17 24
[2713] = Z 17
[2714] = CNOT 17 24
[2715] = CNOT 17 25
[2716] = S 17
[2717] = Z 17
[2718] = CNOT 17 25
[2719] = CNOT 17 26
[2720] = Z 17
[2721] = CNOT 17 26
[2722] = CNOT 17 21
[2723] = CNOT 17 22
[2724] = CNOT 17 23
[2725] = S 17
[2726] = Z 17
[2727] = CNOT 17 23
[2728] = CNOT 17 24
[2729] = S 17
[2730] = Z 17
[2731] = CNOT 17 24
[2732] = CNOT 17 26
[2733] = S 17
[2734] = Z 17
[2735] = CNOT 17 26
[2736] = CNOT 17 27
[2737] = Z 17
[2738] = CNOT 17 27
[2739] = CNOT 17 22
[2740] = CNOT 17 23
[2741] = CNOT 17 24
[2742] = S 17
[2743] = CNOT 17 24
[2744] = CNOT 17 25
[2745] = S 17
[2746] = Z 17
[2747] = CNOT 17 25
[2748] = CNOT 17 26
[2749] = S 17
[2750] = Z 17
[2751] = CNOT 17 26
[2752] = CNOT 17 27
[2753] = S 17
[2754] = CNOT 17 27
[2755] = CNOT 17 23
[2756] = CNOT 17 24
[2757] = CNOT 17 25
[2758] = S 17
[2759] = Z 17
[2760] = CNOT 17 25
[2761] = CNOT 17 26
[2762] = S 17
[2763] = Z 17
[2764] = CNOT 17 26
[2765] = CNOT 17 27
[2766] = S 17
[2767] = CNOT 17 24
[2768] = CNOT 17 25
[2769] = Z 17
[2770] = CNOT 17 25
[2771] = CNOT 17 26
[2772] = Z 17
[2773] = CNOT 17 27
[2774] = CNOT 17 26
[2775] = CNOT 18 19
[2776] = CNOT 18 20
[2777] = S 18
[2778] = CNOT 18 19
[2779] = CNOT 18 27
[2780] = S 18
[2781] = CNOT 18 27
[2782] = CNOT 18 20
[2783] = CNOT 18 21
[2784] = CNOT 18 22
[2785] = Z 18
[2786] = CNOT 18 22
[2787] = CNOT 18 23
[2788] = Z 18
[2789] = CNOT 18 23
[2790] = CNOT 18 24
[2791] = Z 18
[2792] = CNOT 18 24
[2793] = CNOT 18 25
[2794] = S 18
[2795] = Z 18
[2796] = CNOT 18 25
[2797] = CNOT 18 26
[2798] = Z 18
[2799] = CNOT 18 26
[2800] = CNOT 18 21
[2801] = CNOT 18 22
[2802] = CNOT 18 23
[2803] = S 18
[2804] = Z 18
[2805] = CNOT 18 23
[2806] = CNOT 18 24
[2807] = S 18
[2808] = Z 18
[2809] = CNOT 18 24
[2810] = CNOT 18 26
[2811] = S 18
[2812] = Z 18
[2813] = CNOT 18 26
[2814] = CNOT 18 27
[2815] = Z 18
[2816] = CNOT 18 27
[2817] = CNOT 18 22
[2818] = CNOT 18 23
[2819] = CNOT 18 24
[2820] = S 18
[2821] = CNOT 18 24
[2822] = CNOT 18 25
[2823] = S 18
[2824] = Z 18
[2825] = CNOT 18 25
[2826] = CNOT 18 26
[2827] = S 18
[2828] = Z 18
[2829] = CNOT 18 26
[2830] = CNOT 18 27
[2831] = S 18
[2832] = CNOT 18 27
[2833] = CNOT 18 23
[2834] = CNOT 18 24
[2835] = CNOT 18 25
[2836] = S 18
[2837] = Z 18
[2838] = CNOT 18 25
[2839] = CNOT 18 26
[2840] = S 18
[2841] = Z 18
[2842] = CNOT 18 26
[2843] = CNOT 18 27
[2844] = S 18
[2845] = CNOT 18 24
[2846] = CNOT 18 25
[2847] = Z 18
[2848] = CNOT 18 25
[2849] = CNOT 18 26
[2850] = Z 18
[2851] = CNOT 18 27
[2852] = CNOT 18 26
[2853] = CNOT 21 22
[2854] = CNOT 21 23
[2855] = S 21
[2856] = Z 21
[2857] = CNOT 21 23
[2858] = CNOT 21 24
[2859] = S 21
[2860] = Z 21
[2861] = CNOT 21 24
[2862] = CNOT 21 26
[2863] = S 21
[2864] = Z 21
[2865] = CNOT 21 26
[2866] = CNOT 21 27
[2867] = Z 21
[2868] = CNOT 21 27
[2869] = CNOT 21 22
[2870] = CNOT 21 23
[2871] = CNOT 21 24
[2872] = Z 21
[2873] = CNOT 21 24
[2874] = CNOT 21 26
[2875] = S 21
[2876] = Z 21
[2877] = CNOT 21 26
[2878] = CNOT 21 27
[2879] = Z 21
[2880] = CNOT 21 27
[2881] = CNOT 21 23
[2882] = CNOT 21 24
[2883] = CNOT 21 26
[2884] = S 21
[2885] = Z 21
[2886] = CNOT 21 26
[2887] = CNOT 21 27
[2888] = Z 21
[2889] = CNOT 21 24
[2890] = CNOT 21 25
[2891] = S 21
[2892] = Z 21
[2893] = CNOT 21 25
[2894] = CNOT 21 26
[2895] = Z 21
[2896] = CNOT 21 27
[2897] = CNOT 21 26
[2898] = CNOT 22 23
[2899] = CNOT 22 24
[2900] = S 22
[2901] = Z 22
[2902] = CNOT 22 24
[2903] = CNOT 22 27
[2904] = S 22
[2905] = Z 22
[2906] = CNOT 22 23
[2907] = CNOT 22 24
[2908] = S 22
[2909] = Z 22
[2910] = CNOT 22 24
[2911] = CNOT 22 26
[2912] = S 22
[2913] = Z 22
[2914] = CNOT 22 27
[2915] = CNOT 22 26
[2916] = CNOT 23 24
[2917] = CNOT 23 25
[2918] = S 23
[2919] = Z 23
[2920] = CNOT 23 25
[2921] = CNOT 23 26
[2922] = S 23
[2923] = Z 23
[2924] = CNOT 23 26
[2925] = CNOT 23 27
[2926] = S 23
[2927] = CNOT 23 24
[2928] = CNOT 23 25
[2929] = S 23
[2930] = Z 23
[2931] = CNOT 23 25
[2932] = CNOT 23 26
[2933] = S 23
[2934] = Z 23
[2935] = CNOT 23 27
[2936] = CNOT 23 26
[2937] = CNOT 24 25
[2938] = CNOT 24 27
[2939] = S 24
[2940] = Z 24
[2941] = CNOT 24 25
[2942] = CNOT 24 26
[2943] = S 24
[2944] = Z 24
[2945] = CNOT 24 27
[2946] = CNOT 24 26
[2947] = H 5
[2948] = H 6
[2949] = H 11
[2950] = H 12
[2951] = H 19
[2952] = H 20
[2953] = H 25
[2954] = H 26
[2955] = CNOT 5 6
[2956] = CNOT 5 11
[2957] = CNOT 5 12
[2958] = CNOT 5 14
[2959] = CNOT 5 28
[2960] = T 5
[2961] = CNOT 5 13
[2962] = T 5
[2963] = CNOT 5 11
[2964] = T 5
[2965] = CNOT 5 14
[2966] = CNOT 5 13
[2967] = CNOT 5 12
[2968] = CNOT 14 19
[2969] = CNOT 14 20
[2970] = CNOT 14 26
[2971] = CNOT 14 28
[2972] = T 14
[2973] = CNOT 14 28
[2974] = CNOT 14 20
[2975] = CNOT 14 19
[2976] = CNOT 14 27
[2977] = T 14
[2978] = Z 14
[2979] = CNOT 14 27
[2980] = CNOT 12 28
[2981] = T 12
[2982] = S 12
[2983] = Z 12
[2984] = CNOT 12 28
[2985] = CNOT 14 19
[2986] = CNOT 14 20
[2987] = CNOT 14 25
[2988] = T 14
[2989] = CNOT 14 27
[2990] = T 14
[2991] = CNOT 14 25
[2992] = T 14
[2993] = CNOT 14 27
[2994] = CNOT 14 26
[2995] = T 14
[2996] = S 14
[2997] = CNOT 14 20
[2998] = CNOT 14 19
[2999] = T 27
[3000] = S 27
[3001] = CNOT 14 26
[3002] = CNOT 14 28
[3003] = T 14
[3004] = S 14
[3005] = Z 14
[3006] = CNOT 14 28
[3007] = CNOT 14 26
[3008] = T 13
[3009] = CNOT 11 12
[3010] = CNOT 11 14
[3011] = CNOT 11 28
[3012] = T 11
[3013] = CNOT 11 13
[3014] = T 11
[3015] = CNOT 11 28
[3016] = CNOT 11 14
[3017] = CNOT 11 13
[3018] = CNOT 11 12
[3019] = CNOT 12 13
[3020] = CNOT 12 14
[3021] = CNOT 12 28
[3022] = T 12
[3023] = CNOT 12 28
[3024] = CNOT 12 14
[3025] = CNOT 12 13
[3026] = CNOT 14 25
[3027] = CNOT 14 26
[3028] = CNOT 14 27
[3029] = T 14
[3030] = CNOT 14 27
[3031] = CNOT 14 26
[3032] = CNOT 14 25
[3033] = CNOT 5 14
[3034] = T 5
[3035] = CNOT 5 14
[3036] = T 5
[3037] = S 5
[3038] = CNOT 5 12
[3039] = T 5
[3040] = CNOT 5 28
[3041] = CNOT 5 12
[3042] = CNOT 5 6
[3043] = CNOT 14 19
[3044] = CNOT 14 20
[3045] = CNOT 14 28
[3046] = T 14
[3047] = CNOT 14 28
[3048] = CNOT 14 20
[3049] = CNOT 14 19
[3050] = CNOT 14 25
[3051] = CNOT 14 26
[3052] = T 14
[3053] = Z 14
[3054] = CNOT 14 26
[3055] = CNOT 14 25
[3056] = S 5
[3057] = S 6
[3058] = S 11
[3059] = S 12
[3060] = Z 14
[3061] = S 19
[3062] = Z 19
[3063] = S 20
[3064] = Z 20
[3065] = Z 25
[3066] = S 26
[3067] = Z 26
[3068] = CNOT 5 11
[3069] = S 5
[3070] = CNOT 5 11
[3071] = CNOT 5 12
[3072] = S 5
[3073] = CNOT 5 12
[3074] = CNOT 5 13
[3075] = S 5
[3076] = CNOT 5 13
[3077] = CNOT 5 14
[3078] = S 5
[3079] = CNOT 5 14
[3080] = CNOT 6 11
[3081] = S 6
[3082] = CNOT 6 11
[3083] = CNOT 6 12
[3084] = S 6
[3085] = CNOT 6 12
[3086] = CNOT 6 13
[3087] = S 6
[3088] = CNOT 6 13
[3089] = CNOT 6 14
[3090] = S 6
[3091] = CNOT 6 14
[3092] = CNOT 11 12
[3093] = S 11
[3094] = CNOT 11 12
[3095] = CNOT 11 14
[3096] = S 11
[3097] = CNOT 11 14
[3098] = CNOT 11 28
[3099] = S 11
[3100] = CNOT 11 28
[3101] = CNOT 12 13
[3102] = S 12
[3103] = CNOT 12 13
[3104] = CNOT 13 14
[3105] = S 13
[3106] = CNOT 13 14
[3107] = CNOT 13 28
[3108] = S 13
[3109] = CNOT 13 28
[3110] = CNOT 14 19
[3111] = S 14
[3112] = Z 14
[3113] = CNOT 14 19
[3114] = CNOT 14 20
[3115] = S 14
[3116] = Z 14
[3117] = CNOT 14 20
[3118] = CNOT 14 25
[3119] = S 14
[3120] = Z 14
[3121] = CNOT 14 25
[3122] = CNOT 14 26
[3123] = S 14
[3124] = CNOT 14 26
[3125] = CNOT 14 27
[3126] = S 14
[3127] = Z 14
[3128] = CNOT 14 27
[3129] = CNOT 14 28
[3130] = S 14
[3131] = Z 14
[3132] = CNOT 14 28
[3133] = CNOT 19 20
[3134] = S 19
[3135] = Z 19
[3136] = CNOT 19 20
[3137] = CNOT 19 28
[3138] = S 19
[3139] = Z 19
[3140] = CNOT 19 28
[3141] = CNOT 20 28
[3142] = S 20
[3143] = Z 20
[3144] = CNOT 20 28
[3145] = CNOT 25 26
[3146] = S 25
[3147] = Z 25
[3148] = CNOT 25 26
[3149] = CNOT 25 27
[3150] = S 25
[3151] = Z 25
[3152] = CNOT 25 27
[3153] = CNOT 26 27
[3154] = S 26
[3155] = Z 26
[3156] = CNOT 26 27
[3157] = CNOT 26 28
[3158] = Z 26
[3159] = CNOT 26 28
[3160] = CNOT 5 6
[3161] = CNOT 5 11
[3162] = S 5
[3163] = Z 5
[3164] = CNOT 5 11
[3165] = CNOT 5 12
[3166] = Z 5
[3167] = CNOT 5 12
[3168] = CNOT 5 13
[3169] = S 5
[3170] = Z 5
[3171] = CNOT 5 13
[3172] = CNOT 5 14
[3173] = Z 5
[3174] = CNOT 5 14
[3175] = CNOT 5 6
[3176] = CNOT 5 11
[3177] = CNOT 5 12
[3178] = S 5
[3179] = Z 5
[3180] = CNOT 5 12
[3181] = CNOT 5 14
[3182] = S 5
[3183] = Z 5
[3184] = CNOT 5 14
[3185] = CNOT 5 28
[3186] = S 5
[3187] = Z 5
[3188] = CNOT 5 28
[3189] = CNOT 5 11
[3190] = CNOT 5 12
[3191] = CNOT 5 13
[3192] = S 5
[3193] = Z 5
[3194] = CNOT 5 13
[3195] = CNOT 5 14
[3196] = S 5
[3197] = Z 5
[3198] = CNOT 5 14
[3199] = CNOT 5 28
[3200] = Z 5
[3201] = CNOT 5 28
[3202] = CNOT 5 12
[3203] = CNOT 5 13
[3204] = CNOT 5 14
[3205] = S 5
[3206] = Z 5
[3207] = CNOT 5 14
[3208] = CNOT 5 28
[3209] = S 5
[3210] = Z 5
[3211] = CNOT 5 13
[3212] = CNOT 5 14
[3213] = Z 5
[3214] = CNOT 5 28
[3215] = CNOT 5 14
[3216] = CNOT 6 11
[3217] = CNOT 6 12
[3218] = S 6
[3219] = Z 6
[3220] = CNOT 6 12
[3221] = CNOT 6 14
[3222] = S 6
[3223] = Z 6
[3224] = CNOT 6 14
[3225] = CNOT 6 28
[3226] = S 6
[3227] = Z 6
[3228] = CNOT 6 28
[3229] = CNOT 6 11
[3230] = CNOT 6 12
[3231] = CNOT 6 13
[3232] = S 6
[3233] = Z 6
[3234] = CNOT 6 13
[3235] = CNOT 6 14
[3236] = S 6
[3237] = Z 6
[3238] = CNOT 6 14
[3239] = CNOT 6 28
[3240] = Z 6
[3241] = CNOT 6 28
[3242] = CNOT 6 12
[3243] = CNOT 6 13
[3244] = CNOT 6 14
[3245] = S 6
[3246] = Z 6
[3247] = CNOT 6 14
[3248] = CNOT 6 28
[3249] = S 6
[3250] = Z 6
[3251] = CNOT 6 13
[3252] = CNOT 6 14
[3253] = Z 6
[3254] = CNOT 6 28
[3255] = CNOT 6 14
[3256] = CNOT 11 12
[3257] = CNOT 11 13
[3258] = S 11
[3259] = Z 11
[3260] = CNOT 11 13
[3261] = CNOT 11 14
[3262] = Z 11
[3263] = CNOT 11 14
[3264] = CNOT 11 28
[3265] = Z 11
[3266] = CNOT 11 28
[3267] = CNOT 11 12
[3268] = CNOT 11 13
[3269] = CNOT 11 14
[3270] = S 11
[3271] = Z 11
[3272] = CNOT 11 14
[3273] = CNOT 11 28
[3274] = S 11
[3275] = Z 11
[3276] = CNOT 11 13
[3277] = CNOT 11 14
[3278] = Z 11
[3279] = CNOT 11 28
[3280] = CNOT 11 14
[3281] = CNOT 12 13
[3282] = CNOT 12 14
[3283] = Z 12
[3284] = CNOT 12 14
[3285] = CNOT 12 28
[3286] = Z 12
[3287] = CNOT 12 13
[3288] = CNOT 12 14
[3289] = S 12
[3290] = CNOT 12 28
[3291] = CNOT 12 14
[3292] = CNOT 13 14
[3293] = CNOT 13 28
[3294] = Z 13
[3295] = CNOT 13 28
[3296] = CNOT 13 14
[3297] = CNOT 14 19
[3298] = CNOT 14 25
[3299] = S 14
[3300] = Z 14
[3301] = CNOT 14 25
[3302] = CNOT 14 26
[3303] = Z 14
[3304] = CNOT 14 26
[3305] = CNOT 14 27
[3306] = S 14
[3307] = Z 14
[3308] = CNOT 14 27
[3309] = CNOT 14 28
[3310] = S 14
[3311] = Z 14
[3312] = CNOT 14 28
[3313] = CNOT 14 19
[3314] = CNOT 14 20
[3315] = CNOT 14 25
[3316] = S 14
[3317] = Z 14
[3318] = CNOT 14 25
[3319] = CNOT 14 26
[3320] = Z 14
[3321] = CNOT 14 26
[3322] = CNOT 14 27
[3323] = S 14
[3324] = Z 14
[3325] = CNOT 14 27
[3326] = CNOT 14 28
[3327] = S 14
[3328] = Z 14
[3329] = CNOT 14 28
[3330] = CNOT 14 20
[3331] = CNOT 14 25
[3332] = CNOT 14 27
[3333] = S 14
[3334] = Z 14
[3335] = CNOT 14 27
[3336] = CNOT 14 25
[3337] = CNOT 19 20
[3338] = CNOT 19 25
[3339] = S 19
[3340] = Z 19
[3341] = CNOT 19 25
[3342] = CNOT 19 26
[3343] = Z 19
[3344] = CNOT 19 26
[3345] = CNOT 19 27
[3346] = S 19
[3347] = Z 19
[3348] = CNOT 19 27
[3349] = CNOT 19 28
[3350] = S 19
[3351] = Z 19
[3352] = CNOT 19 28
[3353] = CNOT 19 20
[3354] = CNOT 19 25
[3355] = CNOT 19 26
[3356] = S 19
[3357] = Z 19
[3358] = CNOT 19 25
[3359] = CNOT 19 27
[3360] = S 19
[3361] = Z 19
[3362] = CNOT 19 27
[3363] = CNOT 19 26
[3364] = CNOT 20 25
[3365] = CNOT 20 26
[3366] = S 20
[3367] = Z 20
[3368] = CNOT 20 25
[3369] = CNOT 20 27
[3370] = S 20
[3371] = Z 20
[3372] = CNOT 20 27
[3373] = CNOT 20 26
[3374] = CNOT 25 26
[3375] = CNOT 25 27
[3376] = S 25
[3377] = Z 25
[3378] = CNOT 25 27
[3379] = CNOT 25 26
[3380] = H 13
[3381] = H 14
[3382] = H 27
[3383] = H 28
[3384] = CNOT 27 28
[3385] = T 27
[3386] = S 27
[3387] = CNOT 27 29
[3388] = T 27
[3389] = S 27
[3390] = Z 27
[3391] = CNOT 27 29
[3392] = CNOT 27 28
[3393] = CNOT 28 29
[3394] = T 28
[3395] = S 28
[3396] = CNOT 28 29
[3397] = CNOT 13 14
[3398] = T 13
[3399] = CNOT 13 30
[3400] = T 13
[3401] = S 13
[3402] = Z 13
[3403] = CNOT 13 28
[3404] = T 13
[3405] = CNOT 13 30
[3406] = T 29
[3407] = CNOT 13 27
[3408] = T 13
[3409] = CNOT 13 29
[3410] = T 13
[3411] = CNOT 13 27
[3412] = T 13
[3413] = CNOT 13 29
[3414] = CNOT 13 28
[3415] = CNOT 13 14
[3416] = CNOT 28 30
[3417] = T 28
[3418] = S 28
[3419] = CNOT 28 30
[3420] = Z 13
[3421] = Z 14
[3422] = S 27
[3423] = Z 30
[3424] = CNOT 13 27
[3425] = S 13
[3426] = Z 13
[3427] = CNOT 13 27
[3428] = CNOT 13 28
[3429] = Z 13
[3430] = CNOT 13 28
[3431] = CNOT 13 29
[3432] = S 13
[3433] = Z 13
[3434] = CNOT 13 29
[3435] = CNOT 13 30
[3436] = Z 13
[3437] = CNOT 13 30
[3438] = CNOT 14 27
[3439] = S 14
[3440] = Z 14
[3441] = CNOT 14 27
[3442] = CNOT 14 28
[3443] = Z 14
[3444] = CNOT 14 28
[3445] = CNOT 14 29
[3446] = S 14
[3447] = Z 14
[3448] = CNOT 14 29
[3449] = CNOT 14 30
[3450] = Z 14
[3451] = CNOT 14 30
[3452] = CNOT 27 29
[3453] = Z 27
[3454] = CNOT 27 29
[3455] = CNOT 13 14
[3456] = CNOT 13 27
[3457] = S 13
[3458] = Z 13
[3459] = CNOT 13 27
[3460] = CNOT 13 28
[3461] = Z 13
[3462] = CNOT 13 28
[3463] = CNOT 13 29
[3464] = S 13
[3465] = Z 13
[3466] = CNOT 13 29
[3467] = CNOT 13 14
[3468] = CNOT 13 27
[3469] = CNOT 13 28
[3470] = S 13
[3471] = Z 13
[3472] = CNOT 13 27
[3473] = CNOT 13 29
[3474] = S 13
[3475] = Z 13
[3476] = CNOT 13 29
[3477] = CNOT 13 28
[3478] = CNOT 14 27
[3479] = CNOT 14 28
[3480] = S 14
[3481] = Z 14
[3482] = CNOT 14 27
[3483] = CNOT 14 29
[3484] = S 14
[3485] = Z 14
[3486] = CNOT 14 29
[3487] = CNOT 14 28
[3488] = H 29
[3489] = H 30
Gate distributions:
Input:
Operator distribution:
Total number of qubits = 30
Number of `data' qubits = 30
Number of `Toff_n' ancillas = 0
Number of Hadamard ancillas = 0
Hadamard ancilla cap = 0
Number of {CNOT,T} partitions = 3
T count = 196
Cost estimation = 98028
	id	Count
	0	0
	1	0
	2	0
	3	28
	4	0
	5	0
	6	0
	7	0
	8	0
	9	0
	10	28
	11	0
	12	0
	13	0
	14	0
	15	0
	16	0
	17	0
	18	0
Output:
Operator distribution:
Total number of qubits = 30
Number of `data' qubits = 30
Number of `Toff_n' ancillas = 0
Number of Hadamard ancillas = 0
Hadamard ancilla cap = 0
Number of {CNOT,T} partitions = 3
T count = 79
Cost estimation = 42911
	id	Count
	0	0
	1	0
	2	0
	3	28
	4	2258
	5	79
	6	0
	7	0
	8	0
	9	0
	10	0
	11	553
	12	0
	13	572
	14	0
	15	0
	16	0
	17	0
	18	0
Output T Count (SQC_Circuit) = 79
Output T Count (PhasePolynomial) = 79
Fail count = 0

Execution time: 7.4122s
Number of LCL errors: 0
Number of LCL warnings: 0
