Optimize a Clifford + T circuit.
Input filename = /home/rest/forpyzx/TOpt/forme/tpar_benchmark/gf2^5_mult.tfc
Number of unknown gates = 0
Number of unknown qubit labels = 0
Circuit filename: /home/rest/forpyzx/TOpt/forme/tpar_benchmark/gf2^5_mult.tfc

n 15
n_x 15
n_y 0
n_z 0
m 101
[0] = H 11
[1] = H 12
[2] = H 13
[3] = H 14
[4] = CCZ 5 7 11
[5] = CCZ 4 8 11
[6] = CCZ 3 9 11
[7] = CCZ 2 10 11
[8] = CCZ 5 8 12
[9] = CCZ 4 9 12
[10] = CCZ 3 10 12
[11] = CCZ 5 9 13
[12] = CCZ 4 10 13
[13] = CCZ 5 10 14
[14] = H 11
[15] = H 12
[16] = H 13
[17] = H 14
[18] = CNOT 11 14
[19] = CNOT 15 13
[20] = CNOT 14 12
[21] = CNOT 13 11
[22] = H 11
[23] = H 12
[24] = H 13
[25] = H 14
[26] = H 15
[27] = CCZ 5 6 15
[28] = CCZ 4 7 15
[29] = CCZ 3 8 15
[30] = CCZ 2 9 15
[31] = CCZ 1 10 15
[32] = CCZ 4 6 14
[33] = CCZ 3 7 14
[34] = CCZ 2 8 14
[35] = CCZ 1 9 14
[36] = CCZ 3 6 13
[37] = CCZ 2 7 13
[38] = CCZ 1 8 13
[39] = CCZ 2 6 12
[40] = CCZ 1 7 12
[41] = CCZ 1 6 11
[42] = H 11
[43] = H 12
[44] = H 13
[45] = H 14
[46] = H 15

Algorithm used: todd

UniversalOptimize begin.
	Gate synthesis begin.

in LempelX2
		Round = 0
Round 0 | Current Columns (m): 115
		Round = 1
Round 1 | Current Columns (m): 113
		Round = 2
Round 2 | Current Columns (m): 111
		Round = 3
Round 3 | Current Columns (m): 107
		Round = 4
Round 4 | Current Columns (m): 105
		Round = 5
Round 5 | Current Columns (m): 103
		Round = 6
Round 6 | Current Columns (m): 101
		Round = 7
Round 7 | Current Columns (m): 99
		Round = 8
Round 8 | Current Columns (m): 95
		Round = 9
Round 9 | Current Columns (m): 93
		Round = 10
Round 10 | Current Columns (m): 91
		Round = 11
Round 11 | Current Columns (m): 89
nullspace time: 19973 ms, chi time: 8917 ms
Total LempelX2 time: 28902 ms
		TODD executed in 28.9025 seconds.
		Total time: 28.9028s
	Gate synthesis end.
	Total time: 29.034s
UniversalOptimize end.
Output circuit:
n 24
n_x 15
n_y 0
n_z 9
m 2701
[0] = H 11
[1] = H 12
[2] = H 13
[3] = H 14
[4] = H 16
[5] = H 17
[6] = H 18
[7] = H 19
[8] = H 20
[9] = H 21
[10] = H 22
[11] = H 23
[12] = H 24
[13] = CNOT 4 5
[14] = CNOT 4 8
[15] = CNOT 4 12
[16] = CNOT 4 22
[17] = T 4
[18] = CNOT 4 12
[19] = CNOT 4 8
[20] = CNOT 4 5
[21] = CNOT 6 7
[22] = CNOT 6 8
[23] = CNOT 6 22
[24] = T 6
[25] = CNOT 6 22
[26] = CNOT 6 8
[27] = CNOT 6 7
[28] = CNOT 4 7
[29] = CNOT 4 9
[30] = CNOT 4 10
[31] = CNOT 4 13
[32] = CNOT 4 24
[33] = T 4
[34] = CNOT 4 13
[35] = CNOT 4 10
[36] = CNOT 4 7
[37] = CNOT 1 2
[38] = CNOT 1 5
[39] = CNOT 1 10
[40] = CNOT 1 11
[41] = CNOT 1 22
[42] = CNOT 1 24
[43] = T 1
[44] = CNOT 1 24
[45] = CNOT 1 22
[46] = CNOT 1 10
[47] = CNOT 1 5
[48] = CNOT 4 5
[49] = CNOT 4 23
[50] = T 4
[51] = CNOT 4 24
[52] = CNOT 4 23
[53] = CNOT 4 9
[54] = CNOT 4 5
[55] = CNOT 8 9
[56] = CNOT 8 10
[57] = CNOT 8 13
[58] = CNOT 8 22
[59] = T 8
[60] = CNOT 8 13
[61] = CNOT 8 10
[62] = CNOT 8 9
[63] = CNOT 8 12
[64] = T 8
[65] = CNOT 8 22
[66] = CNOT 8 12
[67] = CNOT 4 12
[68] = T 4
[69] = Z 4
[70] = CNOT 1 8
[71] = T 1
[72] = CNOT 1 11
[73] = CNOT 1 8
[74] = CNOT 1 2
[75] = CNOT 5 6
[76] = CNOT 5 7
[77] = CNOT 5 11
[78] = CNOT 5 21
[79] = CNOT 5 22
[80] = CNOT 5 23
[81] = CNOT 5 24
[82] = T 5
[83] = CNOT 5 24
[84] = CNOT 5 23
[85] = CNOT 5 22
[86] = CNOT 5 21
[87] = CNOT 5 11
[88] = CNOT 5 7
[89] = CNOT 5 6
[90] = CNOT 2 5
[91] = CNOT 2 7
[92] = CNOT 2 11
[93] = CNOT 2 23
[94] = CNOT 2 24
[95] = T 2
[96] = CNOT 2 7
[97] = CNOT 2 21
[98] = CNOT 2 22
[99] = T 2
[100] = CNOT 2 24
[101] = CNOT 2 23
[102] = CNOT 2 22
[103] = CNOT 2 21
[104] = CNOT 2 11
[105] = CNOT 2 5
[106] = T 3
[107] = Z 3
[108] = CNOT 4 8
[109] = CNOT 4 9
[110] = T 4
[111] = CNOT 4 22
[112] = CNOT 4 12
[113] = CNOT 4 9
[114] = CNOT 4 8
[115] = CNOT 3 5
[116] = CNOT 3 8
[117] = CNOT 3 10
[118] = CNOT 3 11
[119] = CNOT 3 13
[120] = CNOT 3 22
[121] = T 3
[122] = CNOT 3 11
[123] = T 3
[124] = CNOT 3 5
[125] = CNOT 5 8
[126] = CNOT 5 10
[127] = CNOT 5 13
[128] = CNOT 5 22
[129] = T 5
[130] = CNOT 5 22
[131] = CNOT 5 13
[132] = CNOT 5 10
[133] = CNOT 5 8
[134] = CNOT 3 5
[135] = CNOT 3 9
[136] = T 3
[137] = CNOT 3 13
[138] = CNOT 3 10
[139] = CNOT 3 9
[140] = CNOT 3 8
[141] = CNOT 3 5
[142] = CNOT 1 2
[143] = CNOT 1 4
[144] = CNOT 1 5
[145] = CNOT 1 9
[146] = CNOT 1 22
[147] = CNOT 1 24
[148] = T 1
[149] = CNOT 1 9
[150] = CNOT 1 5
[151] = CNOT 1 4
[152] = CNOT 1 2
[153] = CNOT 2 22
[154] = T 2
[155] = Z 2
[156] = CNOT 10 11
[157] = CNOT 10 22
[158] = T 10
[159] = S 10
[160] = CNOT 10 11
[161] = T 10
[162] = Z 10
[163] = CNOT 10 22
[164] = CNOT 2 10
[165] = T 2
[166] = S 2
[167] = CNOT 2 22
[168] = CNOT 2 10
[169] = CNOT 4 6
[170] = CNOT 4 8
[171] = CNOT 4 22
[172] = CNOT 4 24
[173] = T 4
[174] = CNOT 4 24
[175] = CNOT 4 8
[176] = CNOT 4 6
[177] = CNOT 5 8
[178] = CNOT 5 9
[179] = CNOT 5 10
[180] = CNOT 5 11
[181] = CNOT 5 12
[182] = CNOT 5 13
[183] = CNOT 5 22
[184] = T 5
[185] = CNOT 5 22
[186] = CNOT 5 13
[187] = CNOT 5 12
[188] = CNOT 5 11
[189] = CNOT 5 10
[190] = CNOT 5 9
[191] = CNOT 5 8
[192] = CNOT 4 5
[193] = CNOT 4 12
[194] = T 4
[195] = CNOT 4 12
[196] = CNOT 4 5
[197] = T 3
[198] = S 3
[199] = CNOT 1 2
[200] = CNOT 1 5
[201] = CNOT 1 11
[202] = CNOT 1 21
[203] = CNOT 1 23
[204] = T 1
[205] = CNOT 1 21
[206] = CNOT 1 2
[207] = CNOT 2 5
[208] = CNOT 2 11
[209] = CNOT 2 23
[210] = CNOT 2 24
[211] = T 2
[212] = CNOT 2 24
[213] = CNOT 2 23
[214] = CNOT 2 11
[215] = CNOT 2 5
[216] = CNOT 8 9
[217] = CNOT 8 12
[218] = CNOT 8 22
[219] = T 8
[220] = CNOT 8 22
[221] = CNOT 8 12
[222] = CNOT 8 9
[223] = CNOT 4 9
[224] = CNOT 4 11
[225] = CNOT 4 24
[226] = T 4
[227] = CNOT 4 24
[228] = CNOT 1 2
[229] = CNOT 1 7
[230] = CNOT 1 20
[231] = T 1
[232] = CNOT 1 20
[233] = CNOT 1 5
[234] = CNOT 5 7
[235] = CNOT 5 11
[236] = CNOT 5 23
[237] = CNOT 5 24
[238] = T 5
[239] = CNOT 5 24
[240] = CNOT 5 23
[241] = CNOT 5 11
[242] = CNOT 5 7
[243] = CNOT 3 5
[244] = CNOT 3 8
[245] = CNOT 3 9
[246] = CNOT 3 11
[247] = CNOT 3 13
[248] = T 3
[249] = CNOT 3 12
[250] = T 3
[251] = CNOT 3 5
[252] = CNOT 5 8
[253] = CNOT 5 9
[254] = CNOT 5 11
[255] = CNOT 5 12
[256] = CNOT 5 13
[257] = CNOT 5 22
[258] = T 5
[259] = CNOT 5 22
[260] = CNOT 5 13
[261] = CNOT 5 12
[262] = CNOT 5 11
[263] = CNOT 5 9
[264] = CNOT 5 8
[265] = CNOT 3 5
[266] = CNOT 3 10
[267] = T 3
[268] = CNOT 3 22
[269] = CNOT 3 13
[270] = CNOT 3 12
[271] = CNOT 3 11
[272] = CNOT 3 10
[273] = CNOT 3 9
[274] = CNOT 3 8
[275] = CNOT 3 5
[276] = CNOT 8 10
[277] = CNOT 8 11
[278] = CNOT 8 13
[279] = CNOT 8 22
[280] = T 8
[281] = CNOT 8 13
[282] = CNOT 5 11
[283] = CNOT 5 23
[284] = CNOT 5 24
[285] = T 5
[286] = CNOT 5 24
[287] = CNOT 5 23
[288] = CNOT 5 11
[289] = CNOT 1 5
[290] = CNOT 1 21
[291] = T 1
[292] = CNOT 1 21
[293] = CNOT 1 5
[294] = CNOT 8 9
[295] = T 8
[296] = CNOT 8 22
[297] = CNOT 8 11
[298] = CNOT 8 10
[299] = CNOT 8 9
[300] = CNOT 4 5
[301] = CNOT 4 8
[302] = CNOT 4 13
[303] = T 4
[304] = CNOT 4 13
[305] = CNOT 4 5
[306] = CNOT 5 9
[307] = CNOT 5 22
[308] = CNOT 5 24
[309] = T 5
[310] = CNOT 5 24
[311] = CNOT 5 22
[312] = CNOT 5 9
[313] = CNOT 1 5
[314] = CNOT 1 6
[315] = CNOT 1 20
[316] = T 1
[317] = CNOT 1 24
[318] = CNOT 1 23
[319] = CNOT 1 20
[320] = CNOT 1 6
[321] = CNOT 4 5
[322] = CNOT 4 10
[323] = T 4
[324] = CNOT 4 22
[325] = CNOT 4 11
[326] = CNOT 4 10
[327] = CNOT 4 9
[328] = CNOT 4 8
[329] = CNOT 4 5
[330] = CNOT 1 4
[331] = CNOT 1 8
[332] = CNOT 1 9
[333] = CNOT 1 13
[334] = CNOT 1 14
[335] = T 1
[336] = CNOT 1 5
[337] = CNOT 5 6
[338] = CNOT 5 7
[339] = CNOT 5 11
[340] = CNOT 5 22
[341] = CNOT 5 23
[342] = CNOT 5 24
[343] = T 5
[344] = CNOT 5 24
[345] = CNOT 5 23
[346] = CNOT 5 22
[347] = CNOT 5 11
[348] = CNOT 5 7
[349] = CNOT 5 6
[350] = CNOT 1 10
[351] = T 1
[352] = CNOT 1 5
[353] = T 1
[354] = CNOT 1 10
[355] = CNOT 1 5
[356] = T 1
[357] = CNOT 1 14
[358] = CNOT 1 13
[359] = CNOT 1 9
[360] = CNOT 1 7
[361] = CNOT 1 4
[362] = CNOT 1 2
[363] = CNOT 2 5
[364] = CNOT 2 7
[365] = CNOT 2 11
[366] = CNOT 2 20
[367] = CNOT 2 22
[368] = CNOT 2 23
[369] = CNOT 2 24
[370] = T 2
[371] = CNOT 2 24
[372] = CNOT 2 23
[373] = CNOT 2 22
[374] = CNOT 2 20
[375] = CNOT 2 7
[376] = CNOT 2 5
[377] = T 2
[378] = Z 2
[379] = CNOT 2 11
[380] = CNOT 5 8
[381] = CNOT 5 9
[382] = CNOT 5 10
[383] = CNOT 5 11
[384] = CNOT 5 13
[385] = CNOT 5 22
[386] = CNOT 5 24
[387] = T 5
[388] = CNOT 5 24
[389] = CNOT 5 22
[390] = CNOT 5 13
[391] = CNOT 5 11
[392] = CNOT 5 10
[393] = CNOT 5 9
[394] = CNOT 5 8
[395] = T 6
[396] = S 6
[397] = Z 6
[398] = CNOT 4 5
[399] = CNOT 4 6
[400] = CNOT 4 22
[401] = CNOT 4 24
[402] = T 4
[403] = CNOT 4 24
[404] = T 4
[405] = CNOT 4 6
[406] = CNOT 4 5
[407] = CNOT 1 2
[408] = CNOT 1 23
[409] = T 1
[410] = CNOT 1 23
[411] = CNOT 1 22
[412] = CNOT 1 8
[413] = CNOT 1 2
[414] = CNOT 6 22
[415] = T 6
[416] = CNOT 6 22
[417] = CNOT 5 7
[418] = CNOT 5 9
[419] = CNOT 5 10
[420] = CNOT 5 13
[421] = CNOT 5 22
[422] = CNOT 5 24
[423] = T 5
[424] = CNOT 5 24
[425] = T 5
[426] = CNOT 5 22
[427] = CNOT 5 13
[428] = CNOT 5 10
[429] = CNOT 5 9
[430] = CNOT 5 7
[431] = CNOT 4 5
[432] = CNOT 4 7
[433] = CNOT 4 9
[434] = CNOT 4 10
[435] = CNOT 4 13
[436] = T 4
[437] = CNOT 4 7
[438] = CNOT 4 8
[439] = CNOT 4 11
[440] = CNOT 4 24
[441] = T 4
[442] = CNOT 4 24
[443] = CNOT 4 13
[444] = CNOT 4 11
[445] = CNOT 4 10
[446] = CNOT 4 9
[447] = CNOT 4 5
[448] = CNOT 3 6
[449] = T 3
[450] = Z 3
[451] = CNOT 3 22
[452] = CNOT 3 24
[453] = T 3
[454] = T 4
[455] = S 4
[456] = CNOT 4 8
[457] = CNOT 3 8
[458] = T 3
[459] = CNOT 3 24
[460] = CNOT 3 8
[461] = CNOT 5 7
[462] = CNOT 5 11
[463] = CNOT 5 21
[464] = CNOT 5 22
[465] = CNOT 5 23
[466] = CNOT 5 24
[467] = T 5
[468] = CNOT 5 24
[469] = CNOT 5 23
[470] = CNOT 5 22
[471] = CNOT 5 21
[472] = CNOT 5 11
[473] = CNOT 5 7
[474] = CNOT 2 5
[475] = CNOT 2 6
[476] = CNOT 2 7
[477] = CNOT 2 11
[478] = CNOT 2 20
[479] = CNOT 2 22
[480] = CNOT 2 23
[481] = CNOT 2 24
[482] = T 2
[483] = CNOT 2 23
[484] = CNOT 2 20
[485] = CNOT 2 7
[486] = CNOT 2 6
[487] = CNOT 2 5
[488] = CNOT 2 9
[489] = T 2
[490] = CNOT 2 24
[491] = CNOT 2 22
[492] = CNOT 2 11
[493] = CNOT 2 9
[494] = CNOT 1 2
[495] = T 1
[496] = S 1
[497] = CNOT 1 5
[498] = CNOT 1 6
[499] = CNOT 1 7
[500] = CNOT 1 22
[501] = CNOT 1 23
[502] = CNOT 1 24
[503] = T 1
[504] = CNOT 1 24
[505] = CNOT 1 23
[506] = CNOT 1 7
[507] = CNOT 1 6
[508] = CNOT 1 5
[509] = CNOT 1 10
[510] = T 1
[511] = CNOT 1 11
[512] = CNOT 1 10
[513] = CNOT 1 2
[514] = CNOT 2 9
[515] = CNOT 2 11
[516] = CNOT 2 22
[517] = CNOT 2 23
[518] = T 2
[519] = CNOT 2 23
[520] = CNOT 2 9
[521] = CNOT 2 10
[522] = CNOT 2 24
[523] = T 2
[524] = CNOT 2 10
[525] = CNOT 4 5
[526] = CNOT 4 7
[527] = CNOT 4 9
[528] = CNOT 4 11
[529] = CNOT 4 13
[530] = CNOT 4 24
[531] = T 4
[532] = CNOT 4 24
[533] = CNOT 4 13
[534] = CNOT 4 11
[535] = CNOT 4 9
[536] = CNOT 4 7
[537] = CNOT 4 5
[538] = CNOT 2 5
[539] = CNOT 2 6
[540] = CNOT 2 7
[541] = CNOT 2 21
[542] = CNOT 2 23
[543] = T 2
[544] = CNOT 2 24
[545] = CNOT 2 23
[546] = CNOT 2 22
[547] = CNOT 2 21
[548] = CNOT 2 7
[549] = CNOT 2 6
[550] = CNOT 2 5
[551] = CNOT 9 11
[552] = CNOT 9 22
[553] = CNOT 9 23
[554] = T 9
[555] = CNOT 9 23
[556] = CNOT 9 22
[557] = CNOT 9 11
[558] = CNOT 8 22
[559] = CNOT 8 23
[560] = T 8
[561] = CNOT 8 23
[562] = CNOT 8 22
[563] = CNOT 4 6
[564] = CNOT 4 8
[565] = CNOT 4 23
[566] = T 4
[567] = CNOT 4 23
[568] = CNOT 4 8
[569] = CNOT 4 6
[570] = CNOT 3 7
[571] = CNOT 3 8
[572] = T 3
[573] = CNOT 3 23
[574] = T 3
[575] = CNOT 3 7
[576] = CNOT 3 6
[577] = CNOT 6 7
[578] = CNOT 6 8
[579] = CNOT 6 22
[580] = CNOT 6 23
[581] = T 6
[582] = CNOT 6 23
[583] = CNOT 6 22
[584] = CNOT 6 8
[585] = CNOT 6 7
[586] = CNOT 3 6
[587] = T 3
[588] = CNOT 3 23
[589] = CNOT 3 22
[590] = CNOT 3 8
[591] = CNOT 3 6
[592] = CNOT 4 7
[593] = CNOT 4 9
[594] = CNOT 4 11
[595] = CNOT 4 13
[596] = CNOT 4 24
[597] = T 4
[598] = CNOT 4 24
[599] = CNOT 4 22
[600] = CNOT 4 13
[601] = CNOT 4 11
[602] = CNOT 4 9
[603] = CNOT 4 7
[604] = CNOT 2 8
[605] = T 2
[606] = CNOT 2 22
[607] = CNOT 2 23
[608] = T 2
[609] = CNOT 2 23
[610] = CNOT 2 22
[611] = CNOT 2 11
[612] = CNOT 2 8
[613] = CNOT 1 2
[614] = CNOT 1 4
[615] = CNOT 1 5
[616] = CNOT 1 9
[617] = CNOT 1 23
[618] = CNOT 1 24
[619] = T 1
[620] = CNOT 1 24
[621] = CNOT 1 23
[622] = CNOT 1 9
[623] = CNOT 1 5
[624] = CNOT 1 8
[625] = T 1
[626] = CNOT 1 23
[627] = T 1
[628] = CNOT 1 23
[629] = CNOT 1 22
[630] = CNOT 1 8
[631] = CNOT 1 4
[632] = S 4
[633] = Z 4
[634] = S 7
[635] = S 9
[636] = Z 9
[637] = S 13
[638] = S 14
[639] = Z 14
[640] = Z 15
[641] = Z 16
[642] = Z 18
[643] = S 20
[644] = Z 20
[645] = S 22
[646] = Z 22
[647] = S 23
[648] = S 1
[649] = CNOT 1 2
[650] = CNOT 1 4
[651] = S 1
[652] = Z 1
[653] = CNOT 1 4
[654] = CNOT 1 9
[655] = Z 1
[656] = CNOT 1 9
[657] = CNOT 1 10
[658] = S 1
[659] = Z 1
[660] = CNOT 1 10
[661] = CNOT 1 11
[662] = Z 1
[663] = CNOT 1 11
[664] = CNOT 1 21
[665] = S 1
[666] = Z 1
[667] = CNOT 1 21
[668] = CNOT 1 22
[669] = Z 1
[670] = CNOT 1 22
[671] = CNOT 1 24
[672] = S 1
[673] = CNOT 1 24
[674] = CNOT 2 4
[675] = S 2
[676] = Z 2
[677] = CNOT 2 4
[678] = CNOT 2 5
[679] = S 2
[680] = Z 2
[681] = CNOT 2 5
[682] = CNOT 2 7
[683] = Z 2
[684] = CNOT 2 7
[685] = CNOT 2 8
[686] = S 2
[687] = Z 2
[688] = CNOT 2 8
[689] = CNOT 2 9
[690] = Z 2
[691] = CNOT 2 9
[692] = CNOT 2 10
[693] = Z 2
[694] = CNOT 2 10
[695] = CNOT 2 21
[696] = Z 2
[697] = CNOT 2 21
[698] = CNOT 2 23
[699] = S 2
[700] = Z 2
[701] = CNOT 2 23
[702] = CNOT 3 5
[703] = S 3
[704] = Z 3
[705] = CNOT 3 5
[706] = CNOT 3 8
[707] = S 3
[708] = Z 3
[709] = CNOT 3 8
[710] = CNOT 3 9
[711] = S 3
[712] = CNOT 3 9
[713] = CNOT 3 11
[714] = S 3
[715] = CNOT 3 11
[716] = CNOT 3 12
[717] = S 3
[718] = Z 3
[719] = CNOT 3 12
[720] = CNOT 3 13
[721] = S 3
[722] = Z 3
[723] = CNOT 3 13
[724] = CNOT 3 24
[725] = S 3
[726] = Z 3
[727] = CNOT 3 24
[728] = CNOT 4 5
[729] = S 4
[730] = Z 4
[731] = CNOT 4 5
[732] = CNOT 4 6
[733] = S 4
[734] = Z 4
[735] = CNOT 4 6
[736] = CNOT 4 8
[737] = S 4
[738] = Z 4
[739] = CNOT 4 8
[740] = CNOT 4 9
[741] = S 4
[742] = Z 4
[743] = CNOT 4 9
[744] = CNOT 4 10
[745] = S 4
[746] = Z 4
[747] = CNOT 4 10
[748] = CNOT 4 11
[749] = Z 4
[750] = CNOT 4 11
[751] = CNOT 4 12
[752] = Z 4
[753] = CNOT 4 12
[754] = CNOT 4 13
[755] = S 4
[756] = Z 4
[757] = CNOT 4 13
[758] = CNOT 4 22
[759] = S 4
[760] = CNOT 4 22
[761] = CNOT 4 23
[762] = Z 4
[763] = CNOT 4 23
[764] = CNOT 5 6
[765] = Z 5
[766] = CNOT 5 6
[767] = CNOT 5 8
[768] = S 5
[769] = CNOT 5 8
[770] = CNOT 5 9
[771] = Z 5
[772] = CNOT 5 9
[773] = CNOT 5 10
[774] = S 5
[775] = CNOT 5 10
[776] = CNOT 5 11
[777] = Z 5
[778] = CNOT 5 11
[779] = CNOT 5 12
[780] = S 5
[781] = CNOT 5 12
[782] = CNOT 5 14
[783] = Z 5
[784] = CNOT 5 14
[785] = CNOT 5 21
[786] = S 5
[787] = CNOT 5 21
[788] = CNOT 5 23
[789] = Z 5
[790] = CNOT 5 23
[791] = CNOT 5 24
[792] = S 5
[793] = CNOT 5 24
[794] = CNOT 6 7
[795] = S 6
[796] = Z 6
[797] = CNOT 6 7
[798] = CNOT 6 11
[799] = S 6
[800] = Z 6
[801] = CNOT 6 11
[802] = CNOT 6 21
[803] = S 6
[804] = Z 6
[805] = CNOT 6 21
[806] = CNOT 6 23
[807] = S 6
[808] = Z 6
[809] = CNOT 6 23
[810] = CNOT 6 24
[811] = Z 6
[812] = CNOT 6 24
[813] = CNOT 7 9
[814] = Z 7
[815] = CNOT 7 9
[816] = CNOT 7 10
[817] = Z 7
[818] = CNOT 7 10
[819] = CNOT 7 13
[820] = Z 7
[821] = CNOT 7 13
[822] = CNOT 7 21
[823] = Z 7
[824] = CNOT 7 21
[825] = CNOT 7 22
[826] = S 7
[827] = Z 7
[828] = CNOT 7 22
[829] = CNOT 7 23
[830] = Z 7
[831] = CNOT 7 23
[832] = CNOT 7 24
[833] = Z 7
[834] = CNOT 7 24
[835] = CNOT 8 9
[836] = S 8
[837] = CNOT 8 9
[838] = CNOT 8 10
[839] = S 8
[840] = CNOT 8 10
[841] = CNOT 8 13
[842] = Z 8
[843] = CNOT 8 13
[844] = CNOT 8 24
[845] = S 8
[846] = Z 8
[847] = CNOT 8 24
[848] = CNOT 9 10
[849] = S 9
[850] = Z 9
[851] = CNOT 9 10
[852] = CNOT 9 11
[853] = Z 9
[854] = CNOT 9 11
[855] = CNOT 9 12
[856] = S 9
[857] = CNOT 9 12
[858] = CNOT 9 13
[859] = Z 9
[860] = CNOT 9 13
[861] = CNOT 9 22
[862] = S 9
[863] = CNOT 9 22
[864] = CNOT 9 23
[865] = S 9
[866] = CNOT 9 23
[867] = CNOT 9 24
[868] = Z 9
[869] = CNOT 9 24
[870] = CNOT 10 11
[871] = S 10
[872] = Z 10
[873] = CNOT 10 11
[874] = CNOT 10 12
[875] = S 10
[876] = Z 10
[877] = CNOT 10 12
[878] = CNOT 10 13
[879] = S 10
[880] = Z 10
[881] = CNOT 10 13
[882] = CNOT 10 14
[883] = Z 10
[884] = CNOT 10 14
[885] = CNOT 10 24
[886] = Z 10
[887] = CNOT 10 24
[888] = CNOT 11 12
[889] = Z 11
[890] = CNOT 11 12
[891] = CNOT 11 13
[892] = S 11
[893] = Z 11
[894] = CNOT 11 13
[895] = CNOT 11 16
[896] = S 11
[897] = CNOT 11 16
[898] = CNOT 11 21
[899] = S 11
[900] = CNOT 11 21
[901] = CNOT 11 24
[902] = S 11
[903] = Z 11
[904] = CNOT 11 24
[905] = CNOT 12 13
[906] = Z 12
[907] = CNOT 12 13
[908] = CNOT 12 17
[909] = S 12
[910] = CNOT 12 17
[911] = CNOT 12 22
[912] = S 12
[913] = Z 12
[914] = CNOT 12 22
[915] = CNOT 13 18
[916] = S 13
[917] = CNOT 13 18
[918] = CNOT 14 19
[919] = S 14
[920] = CNOT 14 19
[921] = CNOT 15 18
[922] = S 15
[923] = CNOT 15 18
[924] = CNOT 15 24
[925] = Z 15
[926] = CNOT 16 18
[927] = S 16
[928] = CNOT 16 18
[929] = CNOT 16 19
[930] = Z 16
[931] = CNOT 16 19
[932] = CNOT 16 20
[933] = Z 16
[934] = CNOT 16 20
[935] = CNOT 16 22
[936] = S 16
[937] = Z 16
[938] = CNOT 16 22
[939] = CNOT 17 19
[940] = S 17
[941] = CNOT 17 19
[942] = CNOT 17 21
[943] = S 17
[944] = CNOT 17 21
[945] = CNOT 17 23
[946] = Z 17
[947] = CNOT 17 23
[948] = CNOT 18 19
[949] = S 18
[950] = CNOT 18 19
[951] = CNOT 18 22
[952] = S 18
[953] = Z 18
[954] = CNOT 18 22
[955] = CNOT 18 24
[956] = Z 18
[957] = CNOT 18 24
[958] = CNOT 19 20
[959] = Z 19
[960] = CNOT 19 20
[961] = CNOT 19 22
[962] = S 19
[963] = Z 19
[964] = CNOT 19 22
[965] = CNOT 19 23
[966] = Z 19
[967] = CNOT 19 23
[968] = CNOT 21 22
[969] = S 21
[970] = CNOT 21 22
[971] = CNOT 21 23
[972] = S 21
[973] = CNOT 21 23
[974] = CNOT 21 24
[975] = S 21
[976] = CNOT 21 24
[977] = CNOT 22 23
[978] = Z 22
[979] = CNOT 22 23
[980] = CNOT 22 24
[981] = S 22
[982] = Z 22
[983] = CNOT 22 24
[984] = CNOT 23 24
[985] = Z 23
[986] = CNOT 23 24
[987] = CNOT 1 2
[988] = CNOT 1 5
[989] = S 1
[990] = Z 1
[991] = CNOT 1 5
[992] = CNOT 1 6
[993] = S 1
[994] = Z 1
[995] = CNOT 1 6
[996] = CNOT 1 9
[997] = S 1
[998] = CNOT 1 9
[999] = CNOT 1 10
[1000] = Z 1
[1001] = CNOT 1 10
[1002] = CNOT 1 13
[1003] = Z 1
[1004] = CNOT 1 13
[1005] = CNOT 1 14
[1006] = Z 1
[1007] = CNOT 1 14
[1008] = CNOT 1 20
[1009] = S 1
[1010] = Z 1
[1011] = CNOT 1 20
[1012] = CNOT 1 21
[1013] = S 1
[1014] = Z 1
[1015] = CNOT 1 21
[1016] = CNOT 1 2
[1017] = CNOT 1 4
[1018] = CNOT 1 5
[1019] = Z 1
[1020] = CNOT 1 5
[1021] = CNOT 1 7
[1022] = Z 1
[1023] = CNOT 1 7
[1024] = CNOT 1 8
[1025] = S 1
[1026] = CNOT 1 8
[1027] = CNOT 1 9
[1028] = S 1
[1029] = CNOT 1 9
[1030] = CNOT 1 10
[1031] = S 1
[1032] = Z 1
[1033] = CNOT 1 10
[1034] = CNOT 1 11
[1035] = Z 1
[1036] = CNOT 1 11
[1037] = CNOT 1 13
[1038] = Z 1
[1039] = CNOT 1 13
[1040] = CNOT 1 14
[1041] = Z 1
[1042] = CNOT 1 14
[1043] = CNOT 1 23
[1044] = S 1
[1045] = Z 1
[1046] = CNOT 1 23
[1047] = CNOT 1 24
[1048] = S 1
[1049] = Z 1
[1050] = CNOT 1 24
[1051] = CNOT 1 4
[1052] = CNOT 1 5
[1053] = CNOT 1 6
[1054] = S 1
[1055] = Z 1
[1056] = CNOT 1 6
[1057] = CNOT 1 7
[1058] = S 1
[1059] = CNOT 1 7
[1060] = CNOT 1 8
[1061] = S 1
[1062] = Z 1
[1063] = CNOT 1 8
[1064] = CNOT 1 9
[1065] = Z 1
[1066] = CNOT 1 9
[1067] = CNOT 1 10
[1068] = S 1
[1069] = Z 1
[1070] = CNOT 1 10
[1071] = CNOT 1 13
[1072] = S 1
[1073] = Z 1
[1074] = CNOT 1 13
[1075] = CNOT 1 14
[1076] = S 1
[1077] = Z 1
[1078] = CNOT 1 14
[1079] = CNOT 1 20
[1080] = S 1
[1081] = Z 1
[1082] = CNOT 1 20
[1083] = CNOT 1 21
[1084] = S 1
[1085] = Z 1
[1086] = CNOT 1 21
[1087] = CNOT 1 22
[1088] = S 1
[1089] = Z 1
[1090] = CNOT 1 22
[1091] = CNOT 1 23
[1092] = S 1
[1093] = CNOT 1 23
[1094] = CNOT 1 5
[1095] = CNOT 1 6
[1096] = CNOT 1 7
[1097] = S 1
[1098] = Z 1
[1099] = CNOT 1 7
[1100] = CNOT 1 11
[1101] = S 1
[1102] = Z 1
[1103] = CNOT 1 11
[1104] = CNOT 1 22
[1105] = S 1
[1106] = Z 1
[1107] = CNOT 1 22
[1108] = CNOT 1 23
[1109] = S 1
[1110] = Z 1
[1111] = CNOT 1 23
[1112] = CNOT 1 24
[1113] = S 1
[1114] = Z 1
[1115] = CNOT 1 24
[1116] = CNOT 1 6
[1117] = CNOT 1 7
[1118] = CNOT 1 8
[1119] = Z 1
[1120] = CNOT 1 8
[1121] = CNOT 1 9
[1122] = Z 1
[1123] = CNOT 1 9
[1124] = CNOT 1 10
[1125] = S 1
[1126] = Z 1
[1127] = CNOT 1 10
[1128] = CNOT 1 13
[1129] = Z 1
[1130] = CNOT 1 13
[1131] = CNOT 1 14
[1132] = Z 1
[1133] = CNOT 1 14
[1134] = CNOT 1 20
[1135] = S 1
[1136] = Z 1
[1137] = CNOT 1 20
[1138] = CNOT 1 23
[1139] = Z 1
[1140] = CNOT 1 23
[1141] = CNOT 1 24
[1142] = Z 1
[1143] = CNOT 1 24
[1144] = CNOT 1 7
[1145] = CNOT 1 8
[1146] = CNOT 1 9
[1147] = Z 1
[1148] = CNOT 1 9
[1149] = CNOT 1 10
[1150] = S 1
[1151] = Z 1
[1152] = CNOT 1 10
[1153] = CNOT 1 11
[1154] = S 1
[1155] = CNOT 1 11
[1156] = CNOT 1 13
[1157] = Z 1
[1158] = CNOT 1 13
[1159] = CNOT 1 14
[1160] = Z 1
[1161] = CNOT 1 14
[1162] = CNOT 1 22
[1163] = S 1
[1164] = CNOT 1 22
[1165] = CNOT 1 23
[1166] = S 1
[1167] = Z 1
[1168] = CNOT 1 23
[1169] = CNOT 1 8
[1170] = CNOT 1 9
[1171] = CNOT 1 10
[1172] = S 1
[1173] = Z 1
[1174] = CNOT 1 10
[1175] = CNOT 1 11
[1176] = Z 1
[1177] = CNOT 1 11
[1178] = CNOT 1 13
[1179] = Z 1
[1180] = CNOT 1 13
[1181] = CNOT 1 14
[1182] = Z 1
[1183] = CNOT 1 14
[1184] = CNOT 1 22
[1185] = S 1
[1186] = CNOT 1 22
[1187] = CNOT 1 24
[1188] = S 1
[1189] = Z 1
[1190] = CNOT 1 24
[1191] = CNOT 1 9
[1192] = CNOT 1 10
[1193] = CNOT 1 11
[1194] = Z 1
[1195] = CNOT 1 11
[1196] = CNOT 1 13
[1197] = S 1
[1198] = Z 1
[1199] = CNOT 1 13
[1200] = CNOT 1 14
[1201] = S 1
[1202] = Z 1
[1203] = CNOT 1 14
[1204] = CNOT 1 22
[1205] = Z 1
[1206] = CNOT 1 22
[1207] = CNOT 1 10
[1208] = CNOT 1 11
[1209] = CNOT 1 13
[1210] = Z 1
[1211] = CNOT 1 13
[1212] = CNOT 1 14
[1213] = Z 1
[1214] = CNOT 1 14
[1215] = CNOT 1 20
[1216] = S 1
[1217] = Z 1
[1218] = CNOT 1 20
[1219] = CNOT 1 21
[1220] = S 1
[1221] = Z 1
[1222] = CNOT 1 21
[1223] = CNOT 1 22
[1224] = Z 1
[1225] = CNOT 1 22
[1226] = CNOT 1 23
[1227] = S 1
[1228] = CNOT 1 23
[1229] = CNOT 1 24
[1230] = S 1
[1231] = CNOT 1 24
[1232] = CNOT 1 11
[1233] = CNOT 1 13
[1234] = CNOT 1 14
[1235] = Z 1
[1236] = CNOT 1 14
[1237] = CNOT 1 22
[1238] = Z 1
[1239] = CNOT 1 13
[1240] = CNOT 1 14
[1241] = Z 1
[1242] = CNOT 1 14
[1243] = CNOT 1 20
[1244] = S 1
[1245] = Z 1
[1246] = CNOT 1 22
[1247] = CNOT 1 23
[1248] = S 1
[1249] = Z 1
[1250] = CNOT 1 23
[1251] = CNOT 1 24
[1252] = S 1
[1253] = Z 1
[1254] = CNOT 1 24
[1255] = CNOT 1 20
[1256] = CNOT 1 21
[1257] = CNOT 1 22
[1258] = S 1
[1259] = Z 1
[1260] = CNOT 1 22
[1261] = CNOT 1 23
[1262] = S 1
[1263] = Z 1
[1264] = CNOT 1 23
[1265] = CNOT 1 24
[1266] = S 1
[1267] = Z 1
[1268] = CNOT 1 21
[1269] = CNOT 1 23
[1270] = S 1
[1271] = CNOT 1 24
[1272] = CNOT 1 23
[1273] = CNOT 2 4
[1274] = CNOT 2 5
[1275] = Z 2
[1276] = CNOT 2 5
[1277] = CNOT 2 7
[1278] = Z 2
[1279] = CNOT 2 7
[1280] = CNOT 2 8
[1281] = S 2
[1282] = CNOT 2 8
[1283] = CNOT 2 9
[1284] = S 2
[1285] = CNOT 2 9
[1286] = CNOT 2 10
[1287] = S 2
[1288] = Z 2
[1289] = CNOT 2 10
[1290] = CNOT 2 11
[1291] = Z 2
[1292] = CNOT 2 11
[1293] = CNOT 2 13
[1294] = Z 2
[1295] = CNOT 2 13
[1296] = CNOT 2 14
[1297] = Z 2
[1298] = CNOT 2 14
[1299] = CNOT 2 23
[1300] = S 2
[1301] = Z 2
[1302] = CNOT 2 23
[1303] = CNOT 2 24
[1304] = S 2
[1305] = Z 2
[1306] = CNOT 2 24
[1307] = CNOT 2 4
[1308] = CNOT 2 5
[1309] = CNOT 2 6
[1310] = Z 2
[1311] = CNOT 2 6
[1312] = CNOT 2 7
[1313] = S 2
[1314] = Z 2
[1315] = CNOT 2 7
[1316] = CNOT 2 8
[1317] = S 2
[1318] = Z 2
[1319] = CNOT 2 8
[1320] = CNOT 2 9
[1321] = Z 2
[1322] = CNOT 2 9
[1323] = CNOT 2 10
[1324] = S 2
[1325] = Z 2
[1326] = CNOT 2 10
[1327] = CNOT 2 11
[1328] = S 2
[1329] = CNOT 2 11
[1330] = CNOT 2 13
[1331] = S 2
[1332] = Z 2
[1333] = CNOT 2 13
[1334] = CNOT 2 14
[1335] = S 2
[1336] = Z 2
[1337] = CNOT 2 14
[1338] = CNOT 2 20
[1339] = Z 2
[1340] = CNOT 2 20
[1341] = CNOT 2 21
[1342] = Z 2
[1343] = CNOT 2 21
[1344] = CNOT 2 22
[1345] = S 2
[1346] = CNOT 2 22
[1347] = CNOT 2 23
[1348] = Z 2
[1349] = CNOT 2 23
[1350] = CNOT 2 24
[1351] = S 2
[1352] = CNOT 2 24
[1353] = CNOT 2 5
[1354] = CNOT 2 6
[1355] = CNOT 2 7
[1356] = Z 2
[1357] = CNOT 2 7
[1358] = CNOT 2 11
[1359] = Z 2
[1360] = CNOT 2 11
[1361] = CNOT 2 20
[1362] = S 2
[1363] = Z 2
[1364] = CNOT 2 20
[1365] = CNOT 2 22
[1366] = Z 2
[1367] = CNOT 2 22
[1368] = CNOT 2 23
[1369] = Z 2
[1370] = CNOT 2 23
[1371] = CNOT 2 24
[1372] = Z 2
[1373] = CNOT 2 24
[1374] = CNOT 2 6
[1375] = CNOT 2 7
[1376] = CNOT 2 8
[1377] = Z 2
[1378] = CNOT 2 8
[1379] = CNOT 2 9
[1380] = Z 2
[1381] = CNOT 2 9
[1382] = CNOT 2 10
[1383] = S 2
[1384] = Z 2
[1385] = CNOT 2 10
[1386] = CNOT 2 11
[1387] = Z 2
[1388] = CNOT 2 11
[1389] = CNOT 2 13
[1390] = Z 2
[1391] = CNOT 2 13
[1392] = CNOT 2 14
[1393] = Z 2
[1394] = CNOT 2 14
[1395] = CNOT 2 20
[1396] = Z 2
[1397] = CNOT 2 20
[1398] = CNOT 2 21
[1399] = S 2
[1400] = Z 2
[1401] = CNOT 2 21
[1402] = CNOT 2 22
[1403] = S 2
[1404] = Z 2
[1405] = CNOT 2 22
[1406] = CNOT 2 7
[1407] = CNOT 2 8
[1408] = CNOT 2 9
[1409] = Z 2
[1410] = CNOT 2 9
[1411] = CNOT 2 10
[1412] = S 2
[1413] = Z 2
[1414] = CNOT 2 10
[1415] = CNOT 2 13
[1416] = Z 2
[1417] = CNOT 2 13
[1418] = CNOT 2 14
[1419] = Z 2
[1420] = CNOT 2 14
[1421] = CNOT 2 23
[1422] = S 2
[1423] = Z 2
[1424] = CNOT 2 23
[1425] = CNOT 2 8
[1426] = CNOT 2 9
[1427] = CNOT 2 10
[1428] = S 2
[1429] = Z 2
[1430] = CNOT 2 10
[1431] = CNOT 2 11
[1432] = S 2
[1433] = CNOT 2 11
[1434] = CNOT 2 13
[1435] = Z 2
[1436] = CNOT 2 13
[1437] = CNOT 2 14
[1438] = Z 2
[1439] = CNOT 2 14
[1440] = CNOT 2 23
[1441] = S 2
[1442] = Z 2
[1443] = CNOT 2 23
[1444] = CNOT 2 24
[1445] = S 2
[1446] = Z 2
[1447] = CNOT 2 24
[1448] = CNOT 2 9
[1449] = CNOT 2 10
[1450] = CNOT 2 11
[1451] = Z 2
[1452] = CNOT 2 11
[1453] = CNOT 2 13
[1454] = S 2
[1455] = Z 2
[1456] = CNOT 2 13
[1457] = CNOT 2 14
[1458] = S 2
[1459] = Z 2
[1460] = CNOT 2 14
[1461] = CNOT 2 24
[1462] = S 2
[1463] = Z 2
[1464] = CNOT 2 24
[1465] = CNOT 2 10
[1466] = CNOT 2 11
[1467] = CNOT 2 13
[1468] = Z 2
[1469] = CNOT 2 13
[1470] = CNOT 2 14
[1471] = Z 2
[1472] = CNOT 2 14
[1473] = CNOT 2 20
[1474] = Z 2
[1475] = CNOT 2 20
[1476] = CNOT 2 21
[1477] = Z 2
[1478] = CNOT 2 21
[1479] = CNOT 2 22
[1480] = Z 2
[1481] = CNOT 2 22
[1482] = CNOT 2 23
[1483] = S 2
[1484] = CNOT 2 23
[1485] = CNOT 2 24
[1486] = S 2
[1487] = CNOT 2 24
[1488] = CNOT 2 11
[1489] = CNOT 2 13
[1490] = CNOT 2 14
[1491] = Z 2
[1492] = CNOT 2 14
[1493] = CNOT 2 22
[1494] = Z 2
[1495] = CNOT 2 13
[1496] = CNOT 2 14
[1497] = Z 2
[1498] = CNOT 2 14
[1499] = CNOT 2 20
[1500] = Z 2
[1501] = CNOT 2 22
[1502] = CNOT 2 23
[1503] = Z 2
[1504] = CNOT 2 23
[1505] = CNOT 2 24
[1506] = Z 2
[1507] = CNOT 2 24
[1508] = CNOT 2 20
[1509] = CNOT 2 21
[1510] = CNOT 2 22
[1511] = Z 2
[1512] = CNOT 2 22
[1513] = CNOT 2 23
[1514] = Z 2
[1515] = CNOT 2 23
[1516] = CNOT 2 24
[1517] = Z 2
[1518] = CNOT 2 24
[1519] = CNOT 2 21
[1520] = CNOT 2 22
[1521] = CNOT 2 23
[1522] = S 2
[1523] = CNOT 2 23
[1524] = CNOT 2 24
[1525] = S 2
[1526] = CNOT 2 22
[1527] = CNOT 2 23
[1528] = Z 2
[1529] = CNOT 2 24
[1530] = CNOT 2 23
[1531] = CNOT 3 5
[1532] = CNOT 3 8
[1533] = S 3
[1534] = CNOT 3 8
[1535] = CNOT 3 9
[1536] = Z 3
[1537] = CNOT 3 9
[1538] = CNOT 3 10
[1539] = Z 3
[1540] = CNOT 3 10
[1541] = CNOT 3 11
[1542] = Z 3
[1543] = CNOT 3 11
[1544] = CNOT 3 12
[1545] = S 3
[1546] = Z 3
[1547] = CNOT 3 12
[1548] = CNOT 3 13
[1549] = S 3
[1550] = CNOT 3 13
[1551] = CNOT 3 22
[1552] = S 3
[1553] = CNOT 3 22
[1554] = CNOT 3 5
[1555] = CNOT 3 6
[1556] = CNOT 3 7
[1557] = S 3
[1558] = Z 3
[1559] = CNOT 3 7
[1560] = CNOT 3 8
[1561] = Z 3
[1562] = CNOT 3 8
[1563] = CNOT 3 22
[1564] = Z 3
[1565] = CNOT 3 22
[1566] = CNOT 3 23
[1567] = S 3
[1568] = Z 3
[1569] = CNOT 3 23
[1570] = CNOT 3 24
[1571] = S 3
[1572] = Z 3
[1573] = CNOT 3 24
[1574] = CNOT 3 6
[1575] = CNOT 3 7
[1576] = CNOT 3 8
[1577] = S 3
[1578] = Z 3
[1579] = CNOT 3 8
[1580] = CNOT 3 22
[1581] = S 3
[1582] = Z 3
[1583] = CNOT 3 22
[1584] = CNOT 3 7
[1585] = CNOT 3 8
[1586] = CNOT 3 9
[1587] = Z 3
[1588] = CNOT 3 9
[1589] = CNOT 3 10
[1590] = Z 3
[1591] = CNOT 3 10
[1592] = CNOT 3 11
[1593] = Z 3
[1594] = CNOT 3 11
[1595] = CNOT 3 12
[1596] = S 3
[1597] = Z 3
[1598] = CNOT 3 12
[1599] = CNOT 3 13
[1600] = S 3
[1601] = CNOT 3 13
[1602] = CNOT 3 22
[1603] = S 3
[1604] = Z 3
[1605] = CNOT 3 22
[1606] = CNOT 3 23
[1607] = S 3
[1608] = Z 3
[1609] = CNOT 3 23
[1610] = CNOT 3 8
[1611] = CNOT 3 9
[1612] = CNOT 3 10
[1613] = S 3
[1614] = Z 3
[1615] = CNOT 3 10
[1616] = CNOT 3 11
[1617] = S 3
[1618] = Z 3
[1619] = CNOT 3 11
[1620] = CNOT 3 12
[1621] = S 3
[1622] = Z 3
[1623] = CNOT 3 12
[1624] = CNOT 3 13
[1625] = Z 3
[1626] = CNOT 3 13
[1627] = CNOT 3 22
[1628] = Z 3
[1629] = CNOT 3 22
[1630] = CNOT 3 9
[1631] = CNOT 3 10
[1632] = CNOT 3 11
[1633] = S 3
[1634] = Z 3
[1635] = CNOT 3 11
[1636] = CNOT 3 13
[1637] = Z 3
[1638] = CNOT 3 13
[1639] = CNOT 3 22
[1640] = Z 3
[1641] = CNOT 3 22
[1642] = CNOT 3 10
[1643] = CNOT 3 11
[1644] = CNOT 3 12
[1645] = S 3
[1646] = Z 3
[1647] = CNOT 3 12
[1648] = CNOT 3 13
[1649] = Z 3
[1650] = CNOT 3 13
[1651] = CNOT 3 22
[1652] = Z 3
[1653] = CNOT 3 22
[1654] = CNOT 3 11
[1655] = CNOT 3 12
[1656] = CNOT 3 13
[1657] = S 3
[1658] = Z 3
[1659] = CNOT 3 13
[1660] = CNOT 3 22
[1661] = S 3
[1662] = Z 3
[1663] = CNOT 3 12
[1664] = CNOT 3 13
[1665] = S 3
[1666] = CNOT 3 13
[1667] = CNOT 3 23
[1668] = S 3
[1669] = Z 3
[1670] = CNOT 3 23
[1671] = CNOT 3 24
[1672] = S 3
[1673] = Z 3
[1674] = CNOT 3 24
[1675] = CNOT 3 22
[1676] = CNOT 4 5
[1677] = CNOT 4 6
[1678] = S 4
[1679] = Z 4
[1680] = CNOT 4 6
[1681] = CNOT 4 7
[1682] = Z 4
[1683] = CNOT 4 7
[1684] = CNOT 4 8
[1685] = S 4
[1686] = CNOT 4 8
[1687] = CNOT 4 9
[1688] = S 4
[1689] = Z 4
[1690] = CNOT 4 9
[1691] = CNOT 4 10
[1692] = Z 4
[1693] = CNOT 4 10
[1694] = CNOT 4 11
[1695] = S 4
[1696] = CNOT 4 11
[1697] = CNOT 4 12
[1698] = S 4
[1699] = Z 4
[1700] = CNOT 4 12
[1701] = CNOT 4 13
[1702] = S 4
[1703] = CNOT 4 13
[1704] = CNOT 4 14
[1705] = S 4
[1706] = Z 4
[1707] = CNOT 4 14
[1708] = CNOT 4 22
[1709] = S 4
[1710] = CNOT 4 22
[1711] = CNOT 4 23
[1712] = S 4
[1713] = Z 4
[1714] = CNOT 4 23
[1715] = CNOT 4 24
[1716] = S 4
[1717] = CNOT 4 24
[1718] = CNOT 4 5
[1719] = CNOT 4 6
[1720] = CNOT 4 8
[1721] = S 4
[1722] = Z 4
[1723] = CNOT 4 8
[1724] = CNOT 4 22
[1725] = Z 4
[1726] = CNOT 4 22
[1727] = CNOT 4 24
[1728] = S 4
[1729] = Z 4
[1730] = CNOT 4 24
[1731] = CNOT 4 6
[1732] = CNOT 4 7
[1733] = CNOT 4 8
[1734] = Z 4
[1735] = CNOT 4 8
[1736] = CNOT 4 10
[1737] = Z 4
[1738] = CNOT 4 10
[1739] = CNOT 4 11
[1740] = S 4
[1741] = CNOT 4 11
[1742] = CNOT 4 14
[1743] = Z 4
[1744] = CNOT 4 14
[1745] = CNOT 4 24
[1746] = S 4
[1747] = Z 4
[1748] = CNOT 4 24
[1749] = CNOT 4 7
[1750] = CNOT 4 8
[1751] = CNOT 4 10
[1752] = Z 4
[1753] = CNOT 4 10
[1754] = CNOT 4 11
[1755] = S 4
[1756] = CNOT 4 11
[1757] = CNOT 4 12
[1758] = S 4
[1759] = Z 4
[1760] = CNOT 4 12
[1761] = CNOT 4 13
[1762] = S 4
[1763] = CNOT 4 13
[1764] = CNOT 4 14
[1765] = Z 4
[1766] = CNOT 4 14
[1767] = CNOT 4 23
[1768] = S 4
[1769] = Z 4
[1770] = CNOT 4 23
[1771] = CNOT 4 24
[1772] = S 4
[1773] = Z 4
[1774] = CNOT 4 24
[1775] = CNOT 4 8
[1776] = CNOT 4 9
[1777] = CNOT 4 10
[1778] = S 4
[1779] = CNOT 4 10
[1780] = CNOT 4 11
[1781] = S 4
[1782] = Z 4
[1783] = CNOT 4 11
[1784] = CNOT 4 13
[1785] = S 4
[1786] = Z 4
[1787] = CNOT 4 13
[1788] = CNOT 4 14
[1789] = Z 4
[1790] = CNOT 4 14
[1791] = CNOT 4 23
[1792] = S 4
[1793] = Z 4
[1794] = CNOT 4 23
[1795] = CNOT 4 9
[1796] = CNOT 4 10
[1797] = CNOT 4 11
[1798] = Z 4
[1799] = CNOT 4 11
[1800] = CNOT 4 13
[1801] = Z 4
[1802] = CNOT 4 13
[1803] = CNOT 4 14
[1804] = S 4
[1805] = Z 4
[1806] = CNOT 4 14
[1807] = CNOT 4 22
[1808] = S 4
[1809] = CNOT 4 22
[1810] = CNOT 4 24
[1811] = S 4
[1812] = Z 4
[1813] = CNOT 4 24
[1814] = CNOT 4 10
[1815] = CNOT 4 11
[1816] = CNOT 4 14
[1817] = Z 4
[1818] = CNOT 4 14
[1819] = CNOT 4 22
[1820] = S 4
[1821] = Z 4
[1822] = CNOT 4 22
[1823] = CNOT 4 24
[1824] = Z 4
[1825] = CNOT 4 24
[1826] = CNOT 4 11
[1827] = CNOT 4 13
[1828] = CNOT 4 14
[1829] = Z 4
[1830] = CNOT 4 14
[1831] = CNOT 4 22
[1832] = S 4
[1833] = Z 4
[1834] = CNOT 4 22
[1835] = CNOT 4 24
[1836] = Z 4
[1837] = CNOT 4 24
[1838] = CNOT 4 13
[1839] = CNOT 4 14
[1840] = CNOT 4 22
[1841] = Z 4
[1842] = CNOT 4 14
[1843] = CNOT 4 23
[1844] = Z 4
[1845] = CNOT 4 23
[1846] = CNOT 4 24
[1847] = S 4
[1848] = Z 4
[1849] = CNOT 4 22
[1850] = CNOT 4 23
[1851] = S 4
[1852] = Z 4
[1853] = CNOT 4 24
[1854] = CNOT 4 23
[1855] = CNOT 5 6
[1856] = CNOT 5 7
[1857] = S 5
[1858] = CNOT 5 7
[1859] = CNOT 5 11
[1860] = S 5
[1861] = CNOT 5 11
[1862] = CNOT 5 20
[1863] = S 5
[1864] = Z 5
[1865] = CNOT 5 20
[1866] = CNOT 5 21
[1867] = S 5
[1868] = Z 5
[1869] = CNOT 5 21
[1870] = CNOT 5 23
[1871] = S 5
[1872] = CNOT 5 23
[1873] = CNOT 5 24
[1874] = S 5
[1875] = CNOT 5 24
[1876] = CNOT 5 6
[1877] = CNOT 5 7
[1878] = CNOT 5 8
[1879] = S 5
[1880] = Z 5
[1881] = CNOT 5 8
[1882] = CNOT 5 9
[1883] = S 5
[1884] = CNOT 5 9
[1885] = CNOT 5 10
[1886] = Z 5
[1887] = CNOT 5 10
[1888] = CNOT 5 11
[1889] = S 5
[1890] = CNOT 5 11
[1891] = CNOT 5 13
[1892] = S 5
[1893] = CNOT 5 13
[1894] = CNOT 5 14
[1895] = S 5
[1896] = Z 5
[1897] = CNOT 5 14
[1898] = CNOT 5 20
[1899] = Z 5
[1900] = CNOT 5 20
[1901] = CNOT 5 21
[1902] = Z 5
[1903] = CNOT 5 21
[1904] = CNOT 5 23
[1905] = Z 5
[1906] = CNOT 5 23
[1907] = CNOT 5 24
[1908] = S 5
[1909] = CNOT 5 24
[1910] = CNOT 5 7
[1911] = CNOT 5 8
[1912] = CNOT 5 9
[1913] = Z 5
[1914] = CNOT 5 9
[1915] = CNOT 5 10
[1916] = S 5
[1917] = Z 5
[1918] = CNOT 5 10
[1919] = CNOT 5 11
[1920] = Z 5
[1921] = CNOT 5 11
[1922] = CNOT 5 12
[1923] = Z 5
[1924] = CNOT 5 12
[1925] = CNOT 5 13
[1926] = S 5
[1927] = CNOT 5 13
[1928] = CNOT 5 14
[1929] = S 5
[1930] = Z 5
[1931] = CNOT 5 14
[1932] = CNOT 5 24
[1933] = S 5
[1934] = Z 5
[1935] = CNOT 5 24
[1936] = CNOT 5 8
[1937] = CNOT 5 9
[1938] = CNOT 5 10
[1939] = S 5
[1940] = Z 5
[1941] = CNOT 5 10
[1942] = CNOT 5 11
[1943] = Z 5
[1944] = CNOT 5 11
[1945] = CNOT 5 12
[1946] = Z 5
[1947] = CNOT 5 12
[1948] = CNOT 5 13
[1949] = S 5
[1950] = CNOT 5 13
[1951] = CNOT 5 14
[1952] = S 5
[1953] = Z 5
[1954] = CNOT 5 14
[1955] = CNOT 5 22
[1956] = Z 5
[1957] = CNOT 5 22
[1958] = CNOT 5 23
[1959] = S 5
[1960] = Z 5
[1961] = CNOT 5 23
[1962] = CNOT 5 9
[1963] = CNOT 5 10
[1964] = CNOT 5 12
[1965] = S 5
[1966] = Z 5
[1967] = CNOT 5 12
[1968] = CNOT 5 13
[1969] = Z 5
[1970] = CNOT 5 13
[1971] = CNOT 5 22
[1972] = S 5
[1973] = CNOT 5 22
[1974] = CNOT 5 24
[1975] = Z 5
[1976] = CNOT 5 24
[1977] = CNOT 5 10
[1978] = CNOT 5 11
[1979] = CNOT 5 12
[1980] = Z 5
[1981] = CNOT 5 12
[1982] = CNOT 5 13
[1983] = Z 5
[1984] = CNOT 5 13
[1985] = CNOT 5 14
[1986] = S 5
[1987] = Z 5
[1988] = CNOT 5 14
[1989] = CNOT 5 20
[1990] = Z 5
[1991] = CNOT 5 20
[1992] = CNOT 5 21
[1993] = S 5
[1994] = CNOT 5 21
[1995] = CNOT 5 22
[1996] = S 5
[1997] = Z 5
[1998] = CNOT 5 22
[1999] = CNOT 5 24
[2000] = Z 5
[2001] = CNOT 5 24
[2002] = CNOT 5 11
[2003] = CNOT 5 12
[2004] = CNOT 5 13
[2005] = Z 5
[2006] = CNOT 5 13
[2007] = CNOT 5 22
[2008] = S 5
[2009] = CNOT 5 22
[2010] = CNOT 5 12
[2011] = CNOT 5 13
[2012] = CNOT 5 14
[2013] = S 5
[2014] = Z 5
[2015] = CNOT 5 14
[2016] = CNOT 5 22
[2017] = S 5
[2018] = Z 5
[2019] = CNOT 5 22
[2020] = CNOT 5 24
[2021] = Z 5
[2022] = CNOT 5 24
[2023] = CNOT 5 13
[2024] = CNOT 5 14
[2025] = CNOT 5 22
[2026] = S 5
[2027] = Z 5
[2028] = CNOT 5 14
[2029] = CNOT 5 20
[2030] = Z 5
[2031] = CNOT 5 22
[2032] = CNOT 5 23
[2033] = Z 5
[2034] = CNOT 5 23
[2035] = CNOT 5 24
[2036] = Z 5
[2037] = CNOT 5 24
[2038] = CNOT 5 20
[2039] = CNOT 5 21
[2040] = CNOT 5 22
[2041] = S 5
[2042] = CNOT 5 22
[2043] = CNOT 5 23
[2044] = S 5
[2045] = CNOT 5 23
[2046] = CNOT 5 24
[2047] = S 5
[2048] = CNOT 5 24
[2049] = CNOT 5 21
[2050] = CNOT 5 22
[2051] = CNOT 5 23
[2052] = S 5
[2053] = CNOT 5 23
[2054] = CNOT 5 24
[2055] = S 5
[2056] = CNOT 5 22
[2057] = CNOT 5 23
[2058] = S 5
[2059] = Z 5
[2060] = CNOT 5 24
[2061] = CNOT 5 23
[2062] = CNOT 6 7
[2063] = CNOT 6 8
[2064] = Z 6
[2065] = CNOT 6 8
[2066] = CNOT 6 11
[2067] = S 6
[2068] = CNOT 6 11
[2069] = CNOT 6 20
[2070] = S 6
[2071] = Z 6
[2072] = CNOT 6 20
[2073] = CNOT 6 21
[2074] = S 6
[2075] = Z 6
[2076] = CNOT 6 21
[2077] = CNOT 6 22
[2078] = S 6
[2079] = Z 6
[2080] = CNOT 6 22
[2081] = CNOT 6 24
[2082] = S 6
[2083] = CNOT 6 24
[2084] = CNOT 6 7
[2085] = CNOT 6 8
[2086] = CNOT 6 23
[2087] = Z 6
[2088] = CNOT 6 23
[2089] = CNOT 6 24
[2090] = S 6
[2091] = Z 6
[2092] = CNOT 6 24
[2093] = CNOT 6 8
[2094] = CNOT 6 11
[2095] = CNOT 6 20
[2096] = S 6
[2097] = Z 6
[2098] = CNOT 6 20
[2099] = CNOT 6 21
[2100] = S 6
[2101] = Z 6
[2102] = CNOT 6 21
[2103] = CNOT 6 22
[2104] = S 6
[2105] = CNOT 6 22
[2106] = CNOT 6 23
[2107] = S 6
[2108] = CNOT 6 23
[2109] = CNOT 6 24
[2110] = S 6
[2111] = CNOT 6 24
[2112] = CNOT 6 11
[2113] = CNOT 6 20
[2114] = CNOT 6 22
[2115] = S 6
[2116] = Z 6
[2117] = CNOT 6 22
[2118] = CNOT 6 23
[2119] = S 6
[2120] = Z 6
[2121] = CNOT 6 23
[2122] = CNOT 6 24
[2123] = S 6
[2124] = Z 6
[2125] = CNOT 6 24
[2126] = CNOT 6 20
[2127] = CNOT 6 21
[2128] = CNOT 6 22
[2129] = S 6
[2130] = Z 6
[2131] = CNOT 6 22
[2132] = CNOT 6 23
[2133] = S 6
[2134] = Z 6
[2135] = CNOT 6 23
[2136] = CNOT 6 24
[2137] = S 6
[2138] = Z 6
[2139] = CNOT 6 24
[2140] = CNOT 6 21
[2141] = CNOT 6 22
[2142] = CNOT 6 23
[2143] = S 6
[2144] = Z 6
[2145] = CNOT 6 23
[2146] = CNOT 6 24
[2147] = S 6
[2148] = Z 6
[2149] = CNOT 6 22
[2150] = CNOT 6 23
[2151] = S 6
[2152] = CNOT 6 24
[2153] = CNOT 6 23
[2154] = CNOT 7 8
[2155] = CNOT 7 9
[2156] = Z 7
[2157] = CNOT 7 9
[2158] = CNOT 7 10
[2159] = S 7
[2160] = Z 7
[2161] = CNOT 7 10
[2162] = CNOT 7 11
[2163] = Z 7
[2164] = CNOT 7 11
[2165] = CNOT 7 13
[2166] = Z 7
[2167] = CNOT 7 13
[2168] = CNOT 7 14
[2169] = Z 7
[2170] = CNOT 7 14
[2171] = CNOT 7 23
[2172] = S 7
[2173] = Z 7
[2174] = CNOT 7 23
[2175] = CNOT 7 8
[2176] = CNOT 7 9
[2177] = CNOT 7 10
[2178] = S 7
[2179] = CNOT 7 10
[2180] = CNOT 7 11
[2181] = S 7
[2182] = CNOT 7 11
[2183] = CNOT 7 13
[2184] = S 7
[2185] = Z 7
[2186] = CNOT 7 13
[2187] = CNOT 7 14
[2188] = Z 7
[2189] = CNOT 7 14
[2190] = CNOT 7 22
[2191] = S 7
[2192] = Z 7
[2193] = CNOT 7 22
[2194] = CNOT 7 24
[2195] = Z 7
[2196] = CNOT 7 24
[2197] = CNOT 7 9
[2198] = CNOT 7 10
[2199] = CNOT 7 11
[2200] = S 7
[2201] = Z 7
[2202] = CNOT 7 11
[2203] = CNOT 7 13
[2204] = S 7
[2205] = CNOT 7 13
[2206] = CNOT 7 14
[2207] = S 7
[2208] = Z 7
[2209] = CNOT 7 14
[2210] = CNOT 7 22
[2211] = S 7
[2212] = CNOT 7 22
[2213] = CNOT 7 24
[2214] = S 7
[2215] = Z 7
[2216] = CNOT 7 24
[2217] = CNOT 7 10
[2218] = CNOT 7 11
[2219] = CNOT 7 13
[2220] = S 7
[2221] = CNOT 7 13
[2222] = CNOT 7 14
[2223] = Z 7
[2224] = CNOT 7 14
[2225] = CNOT 7 20
[2226] = Z 7
[2227] = CNOT 7 20
[2228] = CNOT 7 21
[2229] = Z 7
[2230] = CNOT 7 21
[2231] = CNOT 7 23
[2232] = Z 7
[2233] = CNOT 7 23
[2234] = CNOT 7 24
[2235] = S 7
[2236] = CNOT 7 24
[2237] = CNOT 7 11
[2238] = CNOT 7 13
[2239] = CNOT 7 14
[2240] = Z 7
[2241] = CNOT 7 14
[2242] = CNOT 7 22
[2243] = S 7
[2244] = Z 7
[2245] = CNOT 7 22
[2246] = CNOT 7 24
[2247] = Z 7
[2248] = CNOT 7 24
[2249] = CNOT 7 13
[2250] = CNOT 7 14
[2251] = CNOT 7 22
[2252] = Z 7
[2253] = CNOT 7 14
[2254] = CNOT 7 20
[2255] = Z 7
[2256] = CNOT 7 22
[2257] = CNOT 7 23
[2258] = Z 7
[2259] = CNOT 7 23
[2260] = CNOT 7 24
[2261] = Z 7
[2262] = CNOT 7 24
[2263] = CNOT 7 20
[2264] = CNOT 7 21
[2265] = CNOT 7 22
[2266] = Z 7
[2267] = CNOT 7 22
[2268] = CNOT 7 23
[2269] = Z 7
[2270] = CNOT 7 23
[2271] = CNOT 7 24
[2272] = Z 7
[2273] = CNOT 7 24
[2274] = CNOT 7 21
[2275] = CNOT 7 22
[2276] = CNOT 7 23
[2277] = Z 7
[2278] = CNOT 7 23
[2279] = CNOT 7 24
[2280] = S 7
[2281] = CNOT 7 22
[2282] = CNOT 7 23
[2283] = Z 7
[2284] = CNOT 7 24
[2285] = CNOT 7 23
[2286] = CNOT 8 9
[2287] = CNOT 8 10
[2288] = S 8
[2289] = Z 8
[2290] = CNOT 8 10
[2291] = CNOT 8 11
[2292] = S 8
[2293] = CNOT 8 11
[2294] = CNOT 8 12
[2295] = S 8
[2296] = CNOT 8 12
[2297] = CNOT 8 13
[2298] = S 8
[2299] = CNOT 8 13
[2300] = CNOT 8 14
[2301] = Z 8
[2302] = CNOT 8 14
[2303] = CNOT 8 22
[2304] = S 8
[2305] = Z 8
[2306] = CNOT 8 22
[2307] = CNOT 8 24
[2308] = S 8
[2309] = Z 8
[2310] = CNOT 8 24
[2311] = CNOT 8 9
[2312] = CNOT 8 10
[2313] = CNOT 8 11
[2314] = S 8
[2315] = Z 8
[2316] = CNOT 8 11
[2317] = CNOT 8 12
[2318] = S 8
[2319] = Z 8
[2320] = CNOT 8 12
[2321] = CNOT 8 13
[2322] = Z 8
[2323] = CNOT 8 13
[2324] = CNOT 8 14
[2325] = S 8
[2326] = Z 8
[2327] = CNOT 8 14
[2328] = CNOT 8 22
[2329] = S 8
[2330] = CNOT 8 22
[2331] = CNOT 8 24
[2332] = S 8
[2333] = Z 8
[2334] = CNOT 8 24
[2335] = CNOT 8 10
[2336] = CNOT 8 11
[2337] = CNOT 8 12
[2338] = Z 8
[2339] = CNOT 8 12
[2340] = CNOT 8 13
[2341] = S 8
[2342] = CNOT 8 13
[2343] = CNOT 8 14
[2344] = Z 8
[2345] = CNOT 8 14
[2346] = CNOT 8 22
[2347] = S 8
[2348] = Z 8
[2349] = CNOT 8 22
[2350] = CNOT 8 23
[2351] = S 8
[2352] = Z 8
[2353] = CNOT 8 23
[2354] = CNOT 8 24
[2355] = S 8
[2356] = Z 8
[2357] = CNOT 8 24
[2358] = CNOT 8 11
[2359] = CNOT 8 12
[2360] = CNOT 8 13
[2361] = Z 8
[2362] = CNOT 8 12
[2363] = CNOT 8 14
[2364] = Z 8
[2365] = CNOT 8 14
[2366] = CNOT 8 22
[2367] = S 8
[2368] = Z 8
[2369] = CNOT 8 22
[2370] = CNOT 8 24
[2371] = S 8
[2372] = Z 8
[2373] = CNOT 8 24
[2374] = CNOT 8 13
[2375] = CNOT 8 14
[2376] = CNOT 8 22
[2377] = Z 8
[2378] = CNOT 8 14
[2379] = CNOT 8 24
[2380] = Z 8
[2381] = CNOT 8 24
[2382] = CNOT 8 22
[2383] = CNOT 9 10
[2384] = CNOT 9 12
[2385] = S 9
[2386] = Z 9
[2387] = CNOT 9 12
[2388] = CNOT 9 13
[2389] = Z 9
[2390] = CNOT 9 13
[2391] = CNOT 9 14
[2392] = S 9
[2393] = Z 9
[2394] = CNOT 9 14
[2395] = CNOT 9 22
[2396] = S 9
[2397] = CNOT 9 22
[2398] = CNOT 9 24
[2399] = Z 9
[2400] = CNOT 9 24
[2401] = CNOT 9 10
[2402] = CNOT 9 11
[2403] = CNOT 9 12
[2404] = Z 9
[2405] = CNOT 9 12
[2406] = CNOT 9 13
[2407] = S 9
[2408] = CNOT 9 13
[2409] = CNOT 9 14
[2410] = Z 9
[2411] = CNOT 9 14
[2412] = CNOT 9 22
[2413] = Z 9
[2414] = CNOT 9 22
[2415] = CNOT 9 23
[2416] = S 9
[2417] = Z 9
[2418] = CNOT 9 23
[2419] = CNOT 9 24
[2420] = S 9
[2421] = CNOT 9 24
[2422] = CNOT 9 11
[2423] = CNOT 9 12
[2424] = CNOT 9 13
[2425] = Z 9
[2426] = CNOT 9 13
[2427] = CNOT 9 22
[2428] = S 9
[2429] = CNOT 9 22
[2430] = CNOT 9 12
[2431] = CNOT 9 13
[2432] = CNOT 9 14
[2433] = Z 9
[2434] = CNOT 9 14
[2435] = CNOT 9 22
[2436] = Z 9
[2437] = CNOT 9 22
[2438] = CNOT 9 24
[2439] = S 9
[2440] = CNOT 9 24
[2441] = CNOT 9 13
[2442] = CNOT 9 14
[2443] = CNOT 9 22
[2444] = Z 9
[2445] = CNOT 9 14
[2446] = CNOT 9 23
[2447] = Z 9
[2448] = CNOT 9 23
[2449] = CNOT 9 24
[2450] = Z 9
[2451] = CNOT 9 22
[2452] = CNOT 9 23
[2453] = S 9
[2454] = Z 9
[2455] = CNOT 9 24
[2456] = CNOT 9 23
[2457] = CNOT 10 11
[2458] = CNOT 10 12
[2459] = S 10
[2460] = Z 10
[2461] = CNOT 10 12
[2462] = CNOT 10 14
[2463] = S 10
[2464] = Z 10
[2465] = CNOT 10 14
[2466] = CNOT 10 24
[2467] = Z 10
[2468] = CNOT 10 24
[2469] = CNOT 10 11
[2470] = CNOT 10 12
[2471] = CNOT 10 13
[2472] = S 10
[2473] = Z 10
[2474] = CNOT 10 13
[2475] = CNOT 10 22
[2476] = S 10
[2477] = Z 10
[2478] = CNOT 10 22
[2479] = CNOT 10 12
[2480] = CNOT 10 13
[2481] = CNOT 10 14
[2482] = S 10
[2483] = Z 10
[2484] = CNOT 10 14
[2485] = CNOT 10 24
[2486] = Z 10
[2487] = CNOT 10 24
[2488] = CNOT 10 13
[2489] = CNOT 10 14
[2490] = CNOT 10 22
[2491] = S 10
[2492] = Z 10
[2493] = CNOT 10 14
[2494] = CNOT 10 24
[2495] = S 10
[2496] = CNOT 10 24
[2497] = CNOT 10 22
[2498] = CNOT 11 12
[2499] = CNOT 11 13
[2500] = Z 11
[2501] = CNOT 11 13
[2502] = CNOT 11 22
[2503] = Z 11
[2504] = CNOT 11 22
[2505] = CNOT 11 12
[2506] = CNOT 11 13
[2507] = CNOT 11 14
[2508] = Z 11
[2509] = CNOT 11 14
[2510] = CNOT 11 24
[2511] = Z 11
[2512] = CNOT 11 24
[2513] = CNOT 11 13
[2514] = CNOT 11 14
[2515] = CNOT 11 22
[2516] = Z 11
[2517] = CNOT 11 14
[2518] = CNOT 11 20
[2519] = Z 11
[2520] = CNOT 11 22
[2521] = CNOT 11 23
[2522] = Z 11
[2523] = CNOT 11 23
[2524] = CNOT 11 24
[2525] = Z 11
[2526] = CNOT 11 24
[2527] = CNOT 11 20
[2528] = CNOT 11 21
[2529] = CNOT 11 22
[2530] = S 11
[2531] = CNOT 11 22
[2532] = CNOT 11 23
[2533] = S 11
[2534] = CNOT 11 23
[2535] = CNOT 11 24
[2536] = S 11
[2537] = CNOT 11 21
[2538] = CNOT 11 22
[2539] = Z 11
[2540] = CNOT 11 24
[2541] = CNOT 11 22
[2542] = CNOT 12 13
[2543] = CNOT 12 22
[2544] = Z 12
[2545] = CNOT 12 22
[2546] = CNOT 12 13
[2547] = CNOT 13 14
[2548] = CNOT 13 22
[2549] = Z 13
[2550] = CNOT 13 14
[2551] = CNOT 13 24
[2552] = S 13
[2553] = CNOT 13 24
[2554] = CNOT 13 22
[2555] = CNOT 15 18
[2556] = S 15
[2557] = Z 15
[2558] = CNOT 15 18
[2559] = CNOT 16 18
[2560] = CNOT 16 22
[2561] = S 16
[2562] = Z 16
[2563] = CNOT 16 22
[2564] = CNOT 16 18
[2565] = CNOT 16 19
[2566] = CNOT 16 20
[2567] = S 16
[2568] = Z 16
[2569] = CNOT 16 20
[2570] = CNOT 16 22
[2571] = S 16
[2572] = Z 16
[2573] = CNOT 16 22
[2574] = CNOT 16 19
[2575] = CNOT 17 19
[2576] = CNOT 17 23
[2577] = S 17
[2578] = Z 17
[2579] = CNOT 17 23
[2580] = CNOT 17 19
[2581] = CNOT 18 19
[2582] = CNOT 18 22
[2583] = S 18
[2584] = Z 18
[2585] = CNOT 18 22
[2586] = CNOT 18 19
[2587] = CNOT 20 22
[2588] = CNOT 20 23
[2589] = Z 20
[2590] = CNOT 20 23
[2591] = CNOT 20 24
[2592] = Z 20
[2593] = CNOT 20 22
[2594] = CNOT 20 23
[2595] = Z 20
[2596] = CNOT 20 24
[2597] = CNOT 20 23
[2598] = CNOT 21 22
[2599] = CNOT 21 23
[2600] = S 21
[2601] = CNOT 21 23
[2602] = CNOT 21 24
[2603] = S 21
[2604] = CNOT 21 22
[2605] = CNOT 21 23
[2606] = S 21
[2607] = CNOT 21 24
[2608] = CNOT 21 23
[2609] = CNOT 22 23
[2610] = CNOT 22 24
[2611] = S 22
[2612] = CNOT 22 24
[2613] = CNOT 22 23
[2614] = CNOT 19 23
[2615] = CNOT 16 23
[2616] = CNOT 14 23
[2617] = CNOT 18 22
[2618] = CNOT 15 22
[2619] = CNOT 13 22
[2620] = CNOT 19 21
[2621] = CNOT 17 21
[2622] = CNOT 16 21
[2623] = CNOT 12 21
[2624] = CNOT 18 20
[2625] = CNOT 16 20
[2626] = CNOT 15 20
[2627] = CNOT 11 20
[2628] = CNOT 23 19
[2629] = CNOT 16 19
[2630] = CNOT 19 23
[2631] = CNOT 22 18
[2632] = CNOT 15 18
[2633] = CNOT 18 22
[2634] = CNOT 23 17
[2635] = CNOT 21 17
[2636] = CNOT 17 21
[2637] = CNOT 22 16
[2638] = CNOT 20 16
[2639] = CNOT 16 20
[2640] = CNOT 24 15
[2641] = CNOT 15 24
[2642] = CNOT 19 14
[2643] = CNOT 14 19
[2644] = CNOT 18 13
[2645] = CNOT 13 18
[2646] = CNOT 17 12
[2647] = CNOT 12 17
[2648] = CNOT 16 11
[2649] = CNOT 11 16
[2650] = H 16
[2651] = M 16
[2652] = H 17
[2653] = M 17
[2654] = H 18
[2655] = M 18
[2656] = H 19
[2657] = M 19
[2658] = H 20
[2659] = M 20
[2660] = H 21
[2661] = M 21
[2662] = H 22
[2663] = M 22
[2664] = H 23
[2665] = M 23
[2666] = H 24
[2667] = M 24
[2668] = H 15
[2669] = H 14
[2670] = H 13
[2671] = H 12
[2672] = H 11
Gate distributions:
Input:
Operator distribution:
Total number of qubits = 15
Number of `data' qubits = 15
Number of `Toff_n' ancillas = 0
Number of Hadamard ancillas = 0
Hadamard ancilla cap = infinite
Number of {CNOT,T} partitions = 1
T count = 175
Cost estimation = 87522
	id	Count
	0	0
	1	0
	2	0
	3	18
	4	4
	5	0
	6	0
	7	0
	8	0
	9	0
	10	25
	11	0
	12	0
	13	0
	14	0
	15	0
	16	0
	17	0
	18	0
Output:
Operator distribution:
Total number of qubits = 24
Number of `data' qubits = 15
Number of `Toff_n' ancillas = 0
Number of Hadamard ancillas = 9
Hadamard ancilla cap = infinite
Number of {CNOT,T} partitions = 1
T count = 89
Cost estimation = 47088.5
	id	Count
	0	0
	1	0
	2	0
	3	27
	4	1793
	5	89
	6	0
	7	0
	8	0
	9	0
	10	0
	11	324
	12	0
	13	431
	14	0
	15	0
	16	0
	17	0
	18	9
Output T Count (SQC_Circuit) = 89
Output T Count (PhasePolynomial) = 89
Fail count = 0

Execution time: 29.0343s
Number of LCL errors: 0
Number of LCL warnings: 0
