Optimize a Clifford + T circuit.
Input filename = /home/rest/forpyzx/TOpt/forme/tpar_benchmark/barenco_tof_4.tfc
Number of unknown gates = 0
Number of unknown qubit labels = 0
Circuit filename: /home/rest/forpyzx/TOpt/forme/tpar_benchmark/barenco_tof_4.tfc

n 7
n_x 7
n_y 0
n_z 0
m 101
[0] = H 7
[1] = CCZ 4 6 7
[2] = H 6
[3] = CCZ 3 5 6
[4] = H 5
[5] = CCZ 1 2 5
[6] = H 5
[7] = CCZ 3 5 6
[8] = H 6
[9] = CCZ 4 6 7
[10] = H 7
[11] = H 6
[12] = CCZ 3 5 6
[13] = H 5
[14] = CCZ 1 2 5
[15] = H 5
[16] = CCZ 3 5 6
[17] = H 6

Algorithm used: todd

UniversalOptimize begin.
	Gate synthesis begin.

in LempelX2
		Round = 0
Round 0 | Current Columns (m): 28
		Round = 1
Round 1 | Current Columns (m): 26
		Round = 2
Round 2 | Current Columns (m): 24
nullspace time: 47 ms, chi time: 30 ms
Total LempelX2 time: 78 ms
		TODD executed in 0.078783 seconds.
		Total time: 0.078862s
	Gate synthesis end.
	Total time: 0.085495s
UniversalOptimize end.
Output circuit:
n 14
n_x 7
n_y 0
n_z 7
m 801
[0] = H 7
[1] = H 8
[2] = H 9
[3] = H 10
[4] = H 11
[5] = H 12
[6] = H 13
[7] = H 14
[8] = CNOT 3 6
[9] = CNOT 3 7
[10] = CNOT 3 9
[11] = CNOT 3 11
[12] = CNOT 3 12
[13] = CNOT 3 13
[14] = CNOT 3 14
[15] = T 3
[16] = CNOT 3 4
[17] = T 3
[18] = CNOT 3 7
[19] = T 3
[20] = CNOT 3 4
[21] = T 3
[22] = CNOT 3 14
[23] = CNOT 3 13
[24] = CNOT 3 12
[25] = CNOT 3 11
[26] = CNOT 3 9
[27] = CNOT 3 6
[28] = T 5
[29] = S 5
[30] = Z 5
[31] = CNOT 3 5
[32] = T 3
[33] = S 3
[34] = CNOT 3 8
[35] = T 3
[36] = CNOT 3 8
[37] = CNOT 3 5
[38] = CNOT 5 8
[39] = T 5
[40] = S 5
[41] = CNOT 5 8
[42] = CNOT 1 2
[43] = CNOT 1 3
[44] = CNOT 1 9
[45] = CNOT 1 12
[46] = CNOT 1 13
[47] = CNOT 1 14
[48] = T 1
[49] = CNOT 1 12
[50] = CNOT 1 2
[51] = CNOT 12 14
[52] = T 12
[53] = S 12
[54] = Z 12
[55] = CNOT 12 14
[56] = CNOT 1 12
[57] = T 1
[58] = CNOT 1 13
[59] = CNOT 1 9
[60] = CNOT 1 3
[61] = CNOT 2 3
[62] = CNOT 2 9
[63] = CNOT 2 12
[64] = CNOT 2 13
[65] = CNOT 2 14
[66] = T 2
[67] = CNOT 2 14
[68] = CNOT 2 13
[69] = CNOT 2 12
[70] = CNOT 2 9
[71] = CNOT 2 3
[72] = CNOT 3 8
[73] = CNOT 3 10
[74] = T 3
[75] = CNOT 3 10
[76] = CNOT 3 8
[77] = CNOT 8 10
[78] = T 8
[79] = S 8
[80] = CNOT 8 10
[81] = CNOT 3 7
[82] = CNOT 3 9
[83] = CNOT 3 12
[84] = CNOT 3 13
[85] = CNOT 3 14
[86] = T 3
[87] = CNOT 3 4
[88] = T 3
[89] = CNOT 3 7
[90] = T 3
[91] = CNOT 3 13
[92] = CNOT 3 12
[93] = CNOT 3 9
[94] = CNOT 3 4
[95] = T 3
[96] = S 3
[97] = Z 3
[98] = CNOT 3 14
[99] = CNOT 3 10
[100] = CNOT 3 12
[101] = T 3
[102] = CNOT 3 12
[103] = CNOT 3 10
[104] = CNOT 10 12
[105] = T 10
[106] = S 10
[107] = CNOT 10 12
[108] = CNOT 1 2
[109] = CNOT 1 3
[110] = T 1
[111] = CNOT 1 2
[112] = T 14
[113] = T 1
[114] = CNOT 1 14
[115] = CNOT 1 12
[116] = CNOT 1 3
[117] = CNOT 2 3
[118] = CNOT 2 12
[119] = CNOT 2 14
[120] = T 2
[121] = CNOT 2 14
[122] = CNOT 2 12
[123] = CNOT 2 3
[124] = S 1
[125] = S 2
[126] = S 3
[127] = S 4
[128] = S 6
[129] = S 7
[130] = S 8
[131] = Z 9
[132] = S 10
[133] = S 12
[134] = Z 12
[135] = Z 13
[136] = CNOT 1 3
[137] = S 1
[138] = CNOT 1 3
[139] = CNOT 1 9
[140] = S 1
[141] = CNOT 1 9
[142] = CNOT 1 12
[143] = S 1
[144] = CNOT 1 12
[145] = CNOT 1 13
[146] = S 1
[147] = CNOT 1 13
[148] = CNOT 1 14
[149] = S 1
[150] = CNOT 1 14
[151] = CNOT 2 3
[152] = S 2
[153] = CNOT 2 3
[154] = CNOT 2 9
[155] = S 2
[156] = CNOT 2 9
[157] = CNOT 2 12
[158] = S 2
[159] = CNOT 2 12
[160] = CNOT 2 13
[161] = S 2
[162] = CNOT 2 13
[163] = CNOT 2 14
[164] = S 2
[165] = CNOT 2 14
[166] = CNOT 3 4
[167] = S 3
[168] = CNOT 3 4
[169] = CNOT 3 6
[170] = Z 3
[171] = CNOT 3 6
[172] = CNOT 3 7
[173] = S 3
[174] = CNOT 3 7
[175] = CNOT 3 8
[176] = S 3
[177] = CNOT 3 8
[178] = CNOT 3 9
[179] = Z 3
[180] = CNOT 3 9
[181] = CNOT 3 10
[182] = S 3
[183] = CNOT 3 10
[184] = CNOT 3 11
[185] = Z 3
[186] = CNOT 3 11
[187] = CNOT 3 12
[188] = S 3
[189] = Z 3
[190] = CNOT 3 12
[191] = CNOT 3 13
[192] = Z 3
[193] = CNOT 3 13
[194] = CNOT 4 6
[195] = S 4
[196] = Z 4
[197] = CNOT 4 6
[198] = CNOT 4 7
[199] = Z 4
[200] = CNOT 4 7
[201] = CNOT 4 9
[202] = S 4
[203] = CNOT 4 9
[204] = CNOT 4 11
[205] = S 4
[206] = Z 4
[207] = CNOT 4 11
[208] = CNOT 4 12
[209] = S 4
[210] = CNOT 4 12
[211] = CNOT 4 13
[212] = S 4
[213] = CNOT 4 13
[214] = CNOT 4 14
[215] = S 4
[216] = CNOT 4 14
[217] = CNOT 5 9
[218] = S 5
[219] = CNOT 5 9
[220] = CNOT 6 7
[221] = S 6
[222] = Z 6
[223] = CNOT 6 7
[224] = CNOT 6 8
[225] = S 6
[226] = CNOT 6 8
[227] = CNOT 6 9
[228] = Z 6
[229] = CNOT 6 9
[230] = CNOT 6 11
[231] = Z 6
[232] = CNOT 6 11
[233] = CNOT 6 12
[234] = Z 6
[235] = CNOT 6 12
[236] = CNOT 6 13
[237] = Z 6
[238] = CNOT 6 13
[239] = CNOT 6 14
[240] = Z 6
[241] = CNOT 6 14
[242] = CNOT 7 9
[243] = S 7
[244] = CNOT 7 9
[245] = CNOT 7 11
[246] = S 7
[247] = Z 7
[248] = CNOT 7 11
[249] = CNOT 7 12
[250] = S 7
[251] = CNOT 7 12
[252] = CNOT 7 13
[253] = S 7
[254] = CNOT 7 13
[255] = CNOT 7 14
[256] = S 7
[257] = CNOT 7 14
[258] = CNOT 8 11
[259] = S 8
[260] = CNOT 8 11
[261] = CNOT 9 10
[262] = S 9
[263] = CNOT 9 10
[264] = CNOT 9 11
[265] = Z 9
[266] = CNOT 9 11
[267] = CNOT 9 12
[268] = Z 9
[269] = CNOT 9 12
[270] = CNOT 9 13
[271] = Z 9
[272] = CNOT 9 13
[273] = CNOT 9 14
[274] = Z 9
[275] = CNOT 9 14
[276] = CNOT 10 13
[277] = S 10
[278] = CNOT 10 13
[279] = CNOT 11 12
[280] = S 11
[281] = Z 11
[282] = CNOT 11 12
[283] = CNOT 11 13
[284] = Z 11
[285] = CNOT 11 13
[286] = CNOT 11 14
[287] = Z 11
[288] = CNOT 11 14
[289] = CNOT 12 13
[290] = Z 12
[291] = CNOT 12 13
[292] = CNOT 13 14
[293] = S 13
[294] = Z 13
[295] = CNOT 13 14
[296] = CNOT 1 2
[297] = CNOT 1 3
[298] = S 1
[299] = Z 1
[300] = CNOT 1 3
[301] = CNOT 1 12
[302] = S 1
[303] = Z 1
[304] = CNOT 1 12
[305] = CNOT 1 14
[306] = S 1
[307] = Z 1
[308] = CNOT 1 14
[309] = CNOT 1 2
[310] = CNOT 1 3
[311] = CNOT 1 9
[312] = S 1
[313] = Z 1
[314] = CNOT 1 9
[315] = CNOT 1 12
[316] = Z 1
[317] = CNOT 1 12
[318] = CNOT 1 13
[319] = S 1
[320] = Z 1
[321] = CNOT 1 13
[322] = CNOT 1 14
[323] = Z 1
[324] = CNOT 1 14
[325] = CNOT 1 3
[326] = CNOT 1 9
[327] = CNOT 1 12
[328] = S 1
[329] = Z 1
[330] = CNOT 1 12
[331] = CNOT 1 13
[332] = S 1
[333] = Z 1
[334] = CNOT 1 13
[335] = CNOT 1 14
[336] = S 1
[337] = Z 1
[338] = CNOT 1 14
[339] = CNOT 1 9
[340] = CNOT 1 12
[341] = CNOT 1 13
[342] = S 1
[343] = Z 1
[344] = CNOT 1 13
[345] = CNOT 1 14
[346] = Z 1
[347] = CNOT 1 12
[348] = CNOT 1 13
[349] = S 1
[350] = Z 1
[351] = CNOT 1 14
[352] = CNOT 1 13
[353] = CNOT 2 3
[354] = CNOT 2 9
[355] = S 2
[356] = Z 2
[357] = CNOT 2 9
[358] = CNOT 2 12
[359] = Z 2
[360] = CNOT 2 12
[361] = CNOT 2 13
[362] = S 2
[363] = Z 2
[364] = CNOT 2 13
[365] = CNOT 2 14
[366] = Z 2
[367] = CNOT 2 14
[368] = CNOT 2 3
[369] = CNOT 2 9
[370] = CNOT 2 12
[371] = S 2
[372] = Z 2
[373] = CNOT 2 12
[374] = CNOT 2 13
[375] = S 2
[376] = Z 2
[377] = CNOT 2 13
[378] = CNOT 2 14
[379] = S 2
[380] = Z 2
[381] = CNOT 2 14
[382] = CNOT 2 9
[383] = CNOT 2 12
[384] = CNOT 2 13
[385] = S 2
[386] = Z 2
[387] = CNOT 2 13
[388] = CNOT 2 14
[389] = Z 2
[390] = CNOT 2 12
[391] = CNOT 2 13
[392] = S 2
[393] = Z 2
[394] = CNOT 2 14
[395] = CNOT 2 13
[396] = CNOT 3 4
[397] = CNOT 3 6
[398] = S 3
[399] = Z 3
[400] = CNOT 3 6
[401] = CNOT 3 7
[402] = S 3
[403] = Z 3
[404] = CNOT 3 7
[405] = CNOT 3 9
[406] = Z 3
[407] = CNOT 3 9
[408] = CNOT 3 11
[409] = S 3
[410] = Z 3
[411] = CNOT 3 11
[412] = CNOT 3 12
[413] = Z 3
[414] = CNOT 3 12
[415] = CNOT 3 13
[416] = Z 3
[417] = CNOT 3 13
[418] = CNOT 3 14
[419] = Z 3
[420] = CNOT 3 14
[421] = CNOT 3 4
[422] = CNOT 3 6
[423] = CNOT 3 7
[424] = S 3
[425] = Z 3
[426] = CNOT 3 7
[427] = CNOT 3 9
[428] = Z 3
[429] = CNOT 3 9
[430] = CNOT 3 11
[431] = Z 3
[432] = CNOT 3 11
[433] = CNOT 3 12
[434] = Z 3
[435] = CNOT 3 12
[436] = CNOT 3 13
[437] = Z 3
[438] = CNOT 3 13
[439] = CNOT 3 14
[440] = Z 3
[441] = CNOT 3 14
[442] = CNOT 3 6
[443] = CNOT 3 7
[444] = CNOT 3 9
[445] = Z 3
[446] = CNOT 3 9
[447] = CNOT 3 11
[448] = S 3
[449] = Z 3
[450] = CNOT 3 11
[451] = CNOT 3 12
[452] = Z 3
[453] = CNOT 3 12
[454] = CNOT 3 13
[455] = Z 3
[456] = CNOT 3 13
[457] = CNOT 3 14
[458] = Z 3
[459] = CNOT 3 14
[460] = CNOT 3 7
[461] = CNOT 3 9
[462] = CNOT 3 11
[463] = Z 3
[464] = CNOT 3 11
[465] = CNOT 3 12
[466] = S 3
[467] = Z 3
[468] = CNOT 3 12
[469] = CNOT 3 13
[470] = S 3
[471] = Z 3
[472] = CNOT 3 13
[473] = CNOT 3 14
[474] = S 3
[475] = Z 3
[476] = CNOT 3 14
[477] = CNOT 3 9
[478] = CNOT 3 11
[479] = CNOT 3 12
[480] = Z 3
[481] = CNOT 3 12
[482] = CNOT 3 13
[483] = Z 3
[484] = CNOT 3 13
[485] = CNOT 3 14
[486] = Z 3
[487] = CNOT 3 14
[488] = CNOT 3 11
[489] = CNOT 3 12
[490] = CNOT 3 13
[491] = S 3
[492] = Z 3
[493] = CNOT 3 13
[494] = CNOT 3 14
[495] = Z 3
[496] = CNOT 3 12
[497] = CNOT 3 13
[498] = S 3
[499] = Z 3
[500] = CNOT 3 14
[501] = CNOT 3 13
[502] = CNOT 4 6
[503] = CNOT 4 9
[504] = S 4
[505] = Z 4
[506] = CNOT 4 9
[507] = CNOT 4 11
[508] = S 4
[509] = Z 4
[510] = CNOT 4 11
[511] = CNOT 4 12
[512] = S 4
[513] = Z 4
[514] = CNOT 4 12
[515] = CNOT 4 13
[516] = S 4
[517] = Z 4
[518] = CNOT 4 13
[519] = CNOT 4 14
[520] = S 4
[521] = Z 4
[522] = CNOT 4 14
[523] = CNOT 4 6
[524] = CNOT 4 7
[525] = CNOT 4 9
[526] = S 4
[527] = Z 4
[528] = CNOT 4 9
[529] = CNOT 4 12
[530] = S 4
[531] = Z 4
[532] = CNOT 4 12
[533] = CNOT 4 13
[534] = S 4
[535] = Z 4
[536] = CNOT 4 13
[537] = CNOT 4 14
[538] = S 4
[539] = Z 4
[540] = CNOT 4 14
[541] = CNOT 4 7
[542] = CNOT 4 9
[543] = CNOT 4 11
[544] = S 4
[545] = Z 4
[546] = CNOT 4 11
[547] = CNOT 4 12
[548] = Z 4
[549] = CNOT 4 12
[550] = CNOT 4 13
[551] = Z 4
[552] = CNOT 4 13
[553] = CNOT 4 14
[554] = Z 4
[555] = CNOT 4 14
[556] = CNOT 4 9
[557] = CNOT 4 11
[558] = CNOT 4 12
[559] = S 4
[560] = Z 4
[561] = CNOT 4 12
[562] = CNOT 4 13
[563] = S 4
[564] = Z 4
[565] = CNOT 4 13
[566] = CNOT 4 14
[567] = S 4
[568] = Z 4
[569] = CNOT 4 14
[570] = CNOT 4 11
[571] = CNOT 4 12
[572] = CNOT 4 13
[573] = Z 4
[574] = CNOT 4 13
[575] = CNOT 4 14
[576] = Z 4
[577] = CNOT 4 12
[578] = CNOT 4 13
[579] = Z 4
[580] = CNOT 4 14
[581] = CNOT 4 13
[582] = CNOT 6 7
[583] = CNOT 6 9
[584] = S 6
[585] = Z 6
[586] = CNOT 6 9
[587] = CNOT 6 11
[588] = S 6
[589] = Z 6
[590] = CNOT 6 11
[591] = CNOT 6 12
[592] = S 6
[593] = Z 6
[594] = CNOT 6 12
[595] = CNOT 6 13
[596] = S 6
[597] = Z 6
[598] = CNOT 6 13
[599] = CNOT 6 14
[600] = S 6
[601] = Z 6
[602] = CNOT 6 14
[603] = CNOT 6 7
[604] = CNOT 6 9
[605] = CNOT 6 11
[606] = Z 6
[607] = CNOT 6 11
[608] = CNOT 6 12
[609] = Z 6
[610] = CNOT 6 12
[611] = CNOT 6 13
[612] = Z 6
[613] = CNOT 6 13
[614] = CNOT 6 14
[615] = Z 6
[616] = CNOT 6 14
[617] = CNOT 6 9
[618] = CNOT 6 11
[619] = CNOT 6 12
[620] = Z 6
[621] = CNOT 6 12
[622] = CNOT 6 13
[623] = Z 6
[624] = CNOT 6 13
[625] = CNOT 6 14
[626] = Z 6
[627] = CNOT 6 14
[628] = CNOT 6 11
[629] = CNOT 6 12
[630] = CNOT 6 13
[631] = Z 6
[632] = CNOT 6 13
[633] = CNOT 6 14
[634] = Z 6
[635] = CNOT 6 12
[636] = CNOT 6 13
[637] = Z 6
[638] = CNOT 6 14
[639] = CNOT 6 13
[640] = CNOT 7 9
[641] = CNOT 7 11
[642] = S 7
[643] = Z 7
[644] = CNOT 7 11
[645] = CNOT 7 12
[646] = Z 7
[647] = CNOT 7 12
[648] = CNOT 7 13
[649] = Z 7
[650] = CNOT 7 13
[651] = CNOT 7 14
[652] = Z 7
[653] = CNOT 7 14
[654] = CNOT 7 9
[655] = CNOT 7 11
[656] = CNOT 7 12
[657] = S 7
[658] = Z 7
[659] = CNOT 7 12
[660] = CNOT 7 13
[661] = S 7
[662] = Z 7
[663] = CNOT 7 13
[664] = CNOT 7 14
[665] = S 7
[666] = Z 7
[667] = CNOT 7 14
[668] = CNOT 7 11
[669] = CNOT 7 12
[670] = CNOT 7 13
[671] = Z 7
[672] = CNOT 7 13
[673] = CNOT 7 14
[674] = Z 7
[675] = CNOT 7 12
[676] = CNOT 7 13
[677] = Z 7
[678] = CNOT 7 14
[679] = CNOT 7 13
[680] = CNOT 9 11
[681] = CNOT 9 12
[682] = Z 9
[683] = CNOT 9 12
[684] = CNOT 9 13
[685] = Z 9
[686] = CNOT 9 13
[687] = CNOT 9 14
[688] = Z 9
[689] = CNOT 9 14
[690] = CNOT 9 11
[691] = CNOT 9 12
[692] = CNOT 9 13
[693] = S 9
[694] = Z 9
[695] = CNOT 9 13
[696] = CNOT 9 14
[697] = S 9
[698] = Z 9
[699] = CNOT 9 12
[700] = CNOT 9 13
[701] = S 9
[702] = Z 9
[703] = CNOT 9 13
[704] = CNOT 11 12
[705] = CNOT 11 13
[706] = Z 11
[707] = CNOT 11 13
[708] = CNOT 11 14
[709] = Z 11
[710] = CNOT 11 12
[711] = CNOT 11 13
[712] = Z 11
[713] = CNOT 11 14
[714] = CNOT 11 13
[715] = CNOT 12 13
[716] = CNOT 12 14
[717] = S 12
[718] = Z 12
[719] = CNOT 12 14
[720] = CNOT 12 13
[721] = CNOT 13 14
[722] = CNOT 10 14
[723] = CNOT 5 14
[724] = CNOT 14 13
[725] = CNOT 13 14
[726] = CNOT 11 12
[727] = CNOT 8 12
[728] = CNOT 6 12
[729] = CNOT 12 11
[730] = CNOT 11 12
[731] = CNOT 13 10
[732] = CNOT 10 13
[733] = CNOT 10 9
[734] = CNOT 9 10
[735] = CNOT 11 8
[736] = CNOT 8 11
[737] = CNOT 8 6
[738] = CNOT 6 8
[739] = CNOT 9 5
[740] = CNOT 5 9
[741] = H 8
[742] = M 8
[743] = H 9
[744] = M 9
[745] = H 10
[746] = M 10
[747] = H 11
[748] = M 11
[749] = H 12
[750] = M 12
[751] = H 13
[752] = M 13
[753] = H 14
[754] = M 14
[755] = H 6
[756] = H 7
Gate distributions:
Input:
Operator distribution:
Total number of qubits = 7
Number of `data' qubits = 7
Number of `Toff_n' ancillas = 0
Number of Hadamard ancillas = 0
Hadamard ancilla cap = infinite
Number of {CNOT,T} partitions = 1
T count = 56
Cost estimation = 28010
	id	Count
	0	0
	1	0
	2	0
	3	10
	4	0
	5	0
	6	0
	7	0
	8	0
	9	0
	10	8
	11	0
	12	0
	13	0
	14	0
	15	0
	16	0
	17	0
	18	0
Output:
Operator distribution:
Total number of qubits = 14
Number of `data' qubits = 7
Number of `Toff_n' ancillas = 0
Number of Hadamard ancillas = 7
Hadamard ancilla cap = infinite
Number of {CNOT,T} partitions = 1
T count = 24
Cost estimation = 12736.5
	id	Count
	0	0
	1	0
	2	0
	3	17
	4	471
	5	24
	6	0
	7	0
	8	0
	9	0
	10	0
	11	103
	12	0
	13	135
	14	0
	15	0
	16	0
	17	0
	18	7
Output T Count (SQC_Circuit) = 24
Output T Count (PhasePolynomial) = 24
Fail count = 0

Execution time: 0.085574s
Number of LCL errors: 0
Number of LCL warnings: 0
