Optimize a Clifford + T circuit.
Input filename = /home/rest/forpyzx/TOpt/forme/tpar_benchmark/csla_mux_3.tfc
Number of unknown gates = 0
Number of unknown qubit labels = 0
Circuit filename: /home/rest/forpyzx/TOpt/forme/tpar_benchmark/csla_mux_3.tfc

n 15
n_x 15
n_y 0
n_z 0
m 101
[0] = H 4
[1] = H 8
[2] = H 13
[3] = CCZ 2 3 4
[4] = CCZ 6 7 8
[5] = CCZ 11 12 13
[6] = H 4
[7] = H 8
[8] = H 13
[9] = CNOT 3 2
[10] = CNOT 5 4
[11] = CNOT 7 6
[12] = CNOT 10 8
[13] = CNOT 12 11
[14] = CNOT 15 13
[15] = H 8
[16] = H 10
[17] = CNOT 4 3
[18] = CNOT 14 12
[19] = CCZ 4 7 8
[20] = CCZ 5 7 10
[21] = H 8
[22] = H 10
[23] = H 13
[24] = H 15
[25] = CCZ 8 12 13
[26] = CCZ 10 12 15
[27] = CNOT 9 7
[28] = CNOT 7 4
[29] = CNOT 12 8
[30] = CNOT 9 5
[31] = CNOT 14 10
[32] = H 13
[33] = H 15
[34] = CNOT 13 15
[35] = CNOT 12 14
[36] = CNOT 7 9
[37] = H 15
[38] = H 14
[39] = H 9
[40] = CCZ 1 13 15
[41] = CCZ 1 12 14
[42] = CCZ 1 7 9
[43] = H 15
[44] = H 14
[45] = H 9
[46] = CNOT 13 15
[47] = CNOT 12 14
[48] = CNOT 7 9
[49] = CNOT 3 1

Algorithm used: todd

UniversalOptimize begin.
	Gate synthesis begin.

in LempelX2
		Round = 0
Round 0 | Current Columns (m): 64
		Round = 1
Round 1 | Current Columns (m): 62
		Round = 2
Round 2 | Current Columns (m): 60
		Round = 3
Round 3 | Current Columns (m): 58
		Round = 4
Round 4 | Current Columns (m): 56
		Round = 5
Round 5 | Current Columns (m): 54
		Round = 6
Round 6 | Current Columns (m): 52
		Round = 7
Round 7 | Current Columns (m): 50
nullspace time: 6547 ms, chi time: 3728 ms
Total LempelX2 time: 10281 ms
		TODD executed in 10.2808 seconds.
		Total time: 10.2811s
	Gate synthesis end.
	Total time: 10.8555s
UniversalOptimize end.
Output circuit:
n 32
n_x 15
n_y 0
n_z 17
m 3401
[0] = H 4
[1] = H 8
[2] = H 13
[3] = H 16
[4] = H 17
[5] = H 18
[6] = H 19
[7] = H 20
[8] = H 21
[9] = H 22
[10] = H 23
[11] = H 24
[12] = H 25
[13] = H 26
[14] = H 27
[15] = H 28
[16] = H 29
[17] = H 30
[18] = H 31
[19] = H 32
[20] = CNOT 3 6
[21] = CNOT 3 7
[22] = CNOT 3 11
[23] = CNOT 3 12
[24] = CNOT 3 16
[25] = CNOT 3 19
[26] = CNOT 3 21
[27] = CNOT 3 22
[28] = CNOT 3 23
[29] = CNOT 3 28
[30] = CNOT 3 29
[31] = T 3
[32] = CNOT 3 29
[33] = CNOT 3 28
[34] = CNOT 3 23
[35] = CNOT 3 22
[36] = CNOT 3 21
[37] = CNOT 3 19
[38] = CNOT 3 16
[39] = CNOT 3 12
[40] = CNOT 3 11
[41] = CNOT 3 7
[42] = CNOT 3 6
[43] = CNOT 2 6
[44] = CNOT 2 7
[45] = CNOT 2 11
[46] = CNOT 2 12
[47] = CNOT 2 16
[48] = CNOT 2 19
[49] = CNOT 2 21
[50] = CNOT 2 22
[51] = CNOT 2 23
[52] = CNOT 2 28
[53] = CNOT 2 29
[54] = T 2
[55] = CNOT 2 3
[56] = CNOT 2 4
[57] = T 2
[58] = CNOT 2 6
[59] = CNOT 2 4
[60] = CNOT 2 3
[61] = CNOT 6 7
[62] = CNOT 6 11
[63] = CNOT 6 12
[64] = CNOT 6 16
[65] = CNOT 6 19
[66] = CNOT 6 21
[67] = CNOT 6 22
[68] = CNOT 6 23
[69] = CNOT 6 28
[70] = CNOT 6 29
[71] = T 6
[72] = CNOT 6 29
[73] = CNOT 6 28
[74] = CNOT 6 23
[75] = CNOT 6 22
[76] = CNOT 6 21
[77] = CNOT 6 19
[78] = CNOT 6 16
[79] = CNOT 6 12
[80] = CNOT 6 11
[81] = CNOT 6 7
[82] = CNOT 4 6
[83] = CNOT 4 7
[84] = CNOT 4 11
[85] = CNOT 4 12
[86] = CNOT 4 16
[87] = CNOT 4 19
[88] = CNOT 4 21
[89] = CNOT 4 22
[90] = CNOT 4 23
[91] = CNOT 4 28
[92] = CNOT 4 29
[93] = T 4
[94] = CNOT 4 29
[95] = CNOT 4 28
[96] = CNOT 4 23
[97] = CNOT 4 22
[98] = CNOT 4 21
[99] = CNOT 4 19
[100] = CNOT 4 16
[101] = CNOT 4 12
[102] = CNOT 4 11
[103] = CNOT 4 7
[104] = CNOT 4 6
[105] = CNOT 2 4
[106] = CNOT 2 6
[107] = T 2
[108] = CNOT 2 7
[109] = CNOT 2 6
[110] = CNOT 2 4
[111] = CNOT 3 4
[112] = CNOT 3 6
[113] = CNOT 3 7
[114] = CNOT 3 11
[115] = CNOT 3 12
[116] = CNOT 3 16
[117] = CNOT 3 19
[118] = CNOT 3 21
[119] = CNOT 3 22
[120] = CNOT 3 23
[121] = CNOT 3 28
[122] = CNOT 3 29
[123] = T 3
[124] = CNOT 3 29
[125] = CNOT 3 28
[126] = CNOT 3 23
[127] = CNOT 3 22
[128] = CNOT 3 21
[129] = CNOT 3 19
[130] = CNOT 3 16
[131] = CNOT 3 12
[132] = CNOT 3 11
[133] = CNOT 3 7
[134] = CNOT 3 6
[135] = CNOT 3 4
[136] = CNOT 6 7
[137] = CNOT 6 8
[138] = CNOT 6 11
[139] = CNOT 6 12
[140] = CNOT 6 19
[141] = CNOT 6 21
[142] = CNOT 6 22
[143] = CNOT 6 23
[144] = CNOT 6 28
[145] = CNOT 6 29
[146] = T 6
[147] = CNOT 6 29
[148] = CNOT 6 28
[149] = CNOT 6 23
[150] = CNOT 6 22
[151] = CNOT 6 21
[152] = CNOT 6 19
[153] = CNOT 6 12
[154] = CNOT 6 11
[155] = CNOT 6 8
[156] = CNOT 6 7
[157] = CNOT 8 11
[158] = CNOT 8 12
[159] = CNOT 8 19
[160] = CNOT 8 21
[161] = CNOT 8 22
[162] = CNOT 8 23
[163] = CNOT 8 28
[164] = CNOT 8 29
[165] = T 8
[166] = CNOT 8 29
[167] = CNOT 8 28
[168] = CNOT 8 23
[169] = CNOT 8 22
[170] = CNOT 8 21
[171] = CNOT 8 19
[172] = CNOT 8 12
[173] = CNOT 8 11
[174] = CNOT 7 11
[175] = CNOT 7 12
[176] = CNOT 7 19
[177] = CNOT 7 21
[178] = CNOT 7 22
[179] = CNOT 7 23
[180] = CNOT 7 28
[181] = CNOT 7 29
[182] = T 7
[183] = CNOT 7 29
[184] = CNOT 7 28
[185] = CNOT 7 23
[186] = CNOT 7 22
[187] = CNOT 7 21
[188] = CNOT 7 19
[189] = CNOT 7 12
[190] = CNOT 7 11
[191] = CNOT 2 3
[192] = T 2
[193] = CNOT 2 29
[194] = CNOT 2 28
[195] = CNOT 2 23
[196] = CNOT 2 22
[197] = CNOT 2 21
[198] = CNOT 2 19
[199] = CNOT 2 16
[200] = CNOT 2 12
[201] = CNOT 2 11
[202] = CNOT 2 3
[203] = CNOT 1 2
[204] = CNOT 1 3
[205] = CNOT 1 5
[206] = CNOT 1 9
[207] = CNOT 1 28
[208] = T 1
[209] = CNOT 1 28
[210] = CNOT 1 9
[211] = CNOT 1 5
[212] = CNOT 1 3
[213] = CNOT 1 2
[214] = CNOT 1 14
[215] = CNOT 1 21
[216] = CNOT 1 22
[217] = T 1
[218] = CNOT 1 22
[219] = CNOT 1 21
[220] = CNOT 1 14
[221] = CNOT 14 21
[222] = CNOT 14 22
[223] = CNOT 14 28
[224] = T 14
[225] = CNOT 14 28
[226] = CNOT 11 21
[227] = CNOT 11 22
[228] = CNOT 11 23
[229] = CNOT 11 24
[230] = CNOT 11 28
[231] = CNOT 11 29
[232] = T 11
[233] = CNOT 11 24
[234] = CNOT 11 23
[235] = CNOT 11 22
[236] = CNOT 11 21
[237] = CNOT 12 21
[238] = CNOT 12 22
[239] = CNOT 12 23
[240] = CNOT 12 24
[241] = CNOT 12 28
[242] = CNOT 12 29
[243] = T 12
[244] = CNOT 12 29
[245] = CNOT 12 28
[246] = CNOT 12 24
[247] = CNOT 12 23
[248] = CNOT 12 22
[249] = CNOT 12 21
[250] = CNOT 13 21
[251] = CNOT 13 22
[252] = CNOT 13 23
[253] = CNOT 13 24
[254] = CNOT 13 28
[255] = CNOT 13 29
[256] = T 13
[257] = CNOT 13 29
[258] = CNOT 13 28
[259] = CNOT 13 24
[260] = CNOT 13 23
[261] = CNOT 13 22
[262] = CNOT 13 21
[263] = CNOT 11 12
[264] = T 11
[265] = CNOT 11 13
[266] = CNOT 11 21
[267] = CNOT 11 22
[268] = CNOT 11 23
[269] = CNOT 11 24
[270] = T 11
[271] = CNOT 11 12
[272] = CNOT 12 13
[273] = CNOT 12 21
[274] = CNOT 12 22
[275] = CNOT 12 23
[276] = CNOT 12 24
[277] = CNOT 12 28
[278] = CNOT 12 29
[279] = T 12
[280] = CNOT 12 29
[281] = CNOT 12 28
[282] = CNOT 12 24
[283] = CNOT 12 23
[284] = CNOT 12 22
[285] = CNOT 12 21
[286] = CNOT 12 13
[287] = T 11
[288] = CNOT 11 29
[289] = CNOT 11 28
[290] = CNOT 11 24
[291] = CNOT 11 23
[292] = CNOT 11 22
[293] = CNOT 11 21
[294] = CNOT 11 13
[295] = CNOT 2 3
[296] = CNOT 2 6
[297] = CNOT 2 7
[298] = CNOT 2 11
[299] = CNOT 2 12
[300] = CNOT 2 16
[301] = CNOT 2 21
[302] = CNOT 2 22
[303] = CNOT 2 23
[304] = CNOT 2 28
[305] = CNOT 2 29
[306] = T 2
[307] = CNOT 2 23
[308] = CNOT 2 22
[309] = CNOT 2 21
[310] = CNOT 2 16
[311] = CNOT 2 12
[312] = CNOT 2 11
[313] = CNOT 2 7
[314] = CNOT 2 6
[315] = CNOT 7 8
[316] = CNOT 7 11
[317] = CNOT 7 12
[318] = CNOT 7 19
[319] = CNOT 7 20
[320] = CNOT 7 21
[321] = CNOT 7 22
[322] = CNOT 7 23
[323] = CNOT 7 28
[324] = CNOT 7 29
[325] = T 7
[326] = CNOT 7 29
[327] = CNOT 7 28
[328] = CNOT 7 23
[329] = CNOT 7 22
[330] = CNOT 7 21
[331] = CNOT 7 20
[332] = CNOT 7 19
[333] = CNOT 7 12
[334] = CNOT 7 11
[335] = CNOT 7 8
[336] = CNOT 25 26
[337] = CNOT 25 27
[338] = T 25
[339] = S 25
[340] = Z 25
[341] = CNOT 25 27
[342] = CNOT 25 26
[343] = T 14
[344] = Z 14
[345] = CNOT 14 22
[346] = CNOT 14 21
[347] = CNOT 2 5
[348] = CNOT 2 9
[349] = T 2
[350] = CNOT 2 9
[351] = CNOT 2 5
[352] = CNOT 2 11
[353] = CNOT 2 12
[354] = CNOT 2 16
[355] = CNOT 2 21
[356] = CNOT 2 22
[357] = CNOT 2 23
[358] = T 2
[359] = CNOT 2 29
[360] = CNOT 2 28
[361] = CNOT 2 23
[362] = CNOT 2 22
[363] = CNOT 2 21
[364] = CNOT 2 16
[365] = CNOT 2 12
[366] = CNOT 2 11
[367] = CNOT 2 3
[368] = CNOT 1 25
[369] = CNOT 1 26
[370] = CNOT 1 27
[371] = T 1
[372] = CNOT 1 26
[373] = CNOT 1 25
[374] = CNOT 5 7
[375] = CNOT 5 8
[376] = CNOT 5 11
[377] = CNOT 5 12
[378] = CNOT 5 16
[379] = CNOT 5 19
[380] = CNOT 5 21
[381] = CNOT 5 22
[382] = CNOT 5 23
[383] = CNOT 5 28
[384] = CNOT 5 29
[385] = T 5
[386] = CNOT 5 7
[387] = CNOT 5 6
[388] = T 5
[389] = CNOT 5 20
[390] = T 5
[391] = CNOT 5 6
[392] = CNOT 6 8
[393] = CNOT 6 11
[394] = CNOT 6 12
[395] = CNOT 6 19
[396] = CNOT 6 20
[397] = CNOT 6 21
[398] = CNOT 6 22
[399] = CNOT 6 23
[400] = CNOT 6 28
[401] = CNOT 6 29
[402] = T 6
[403] = CNOT 6 23
[404] = CNOT 6 21
[405] = CNOT 6 20
[406] = CNOT 6 11
[407] = CNOT 6 8
[408] = CNOT 5 7
[409] = T 5
[410] = CNOT 5 29
[411] = CNOT 5 28
[412] = CNOT 5 23
[413] = CNOT 5 22
[414] = CNOT 5 21
[415] = CNOT 5 20
[416] = CNOT 5 19
[417] = CNOT 5 16
[418] = CNOT 5 12
[419] = CNOT 5 11
[420] = CNOT 5 8
[421] = CNOT 5 7
[422] = CNOT 21 28
[423] = CNOT 21 29
[424] = T 21
[425] = CNOT 21 23
[426] = CNOT 21 24
[427] = T 21
[428] = CNOT 21 24
[429] = CNOT 21 23
[430] = CNOT 23 28
[431] = CNOT 23 29
[432] = T 23
[433] = CNOT 23 29
[434] = CNOT 23 28
[435] = CNOT 21 22
[436] = CNOT 21 23
[437] = T 21
[438] = CNOT 21 29
[439] = CNOT 21 28
[440] = CNOT 21 23
[441] = CNOT 21 22
[442] = CNOT 11 12
[443] = CNOT 11 21
[444] = CNOT 11 28
[445] = CNOT 11 29
[446] = T 11
[447] = CNOT 11 21
[448] = T 1
[449] = S 1
[450] = CNOT 1 27
[451] = CNOT 11 23
[452] = T 11
[453] = CNOT 1 2
[454] = CNOT 1 3
[455] = CNOT 1 5
[456] = CNOT 1 9
[457] = CNOT 1 28
[458] = CNOT 1 29
[459] = T 1
[460] = CNOT 1 29
[461] = CNOT 1 9
[462] = CNOT 1 5
[463] = CNOT 1 3
[464] = CNOT 1 2
[465] = CNOT 11 21
[466] = CNOT 11 24
[467] = T 11
[468] = CNOT 11 29
[469] = CNOT 11 28
[470] = CNOT 11 24
[471] = CNOT 11 23
[472] = CNOT 11 21
[473] = CNOT 11 12
[474] = CNOT 1 14
[475] = CNOT 1 21
[476] = CNOT 1 22
[477] = T 1
[478] = CNOT 1 28
[479] = CNOT 1 22
[480] = CNOT 1 21
[481] = CNOT 1 14
[482] = CNOT 1 25
[483] = CNOT 1 26
[484] = T 1
[485] = S 1
[486] = Z 1
[487] = CNOT 1 26
[488] = CNOT 1 25
[489] = CNOT 6 11
[490] = CNOT 6 21
[491] = CNOT 6 23
[492] = T 6
[493] = CNOT 6 19
[494] = T 27
[495] = CNOT 2 3
[496] = CNOT 2 5
[497] = CNOT 2 9
[498] = CNOT 2 28
[499] = T 2
[500] = CNOT 2 28
[501] = CNOT 2 9
[502] = CNOT 2 5
[503] = CNOT 2 3
[504] = CNOT 6 7
[505] = T 6
[506] = CNOT 6 29
[507] = CNOT 6 28
[508] = CNOT 6 23
[509] = CNOT 6 22
[510] = CNOT 6 21
[511] = CNOT 6 12
[512] = CNOT 6 11
[513] = CNOT 6 7
[514] = CNOT 1 28
[515] = CNOT 1 29
[516] = T 1
[517] = S 1
[518] = Z 1
[519] = CNOT 1 29
[520] = CNOT 1 28
[521] = CNOT 25 26
[522] = T 25
[523] = CNOT 25 26
[524] = Z 2
[525] = Z 3
[526] = S 4
[527] = Z 5
[528] = S 6
[529] = S 7
[530] = S 8
[531] = Z 8
[532] = S 9
[533] = Z 9
[534] = Z 10
[535] = Z 11
[536] = Z 12
[537] = S 13
[538] = Z 14
[539] = Z 15
[540] = Z 19
[541] = S 20
[542] = Z 20
[543] = Z 21
[544] = Z 22
[545] = S 23
[546] = Z 23
[547] = S 25
[548] = Z 25
[549] = Z 26
[550] = Z 29
[551] = S 30
[552] = Z 30
[553] = S 31
[554] = Z 31
[555] = S 32
[556] = Z 32
[557] = CNOT 1 2
[558] = S 1
[559] = CNOT 1 2
[560] = CNOT 1 3
[561] = S 1
[562] = CNOT 1 3
[563] = CNOT 1 5
[564] = S 1
[565] = CNOT 1 5
[566] = CNOT 1 9
[567] = S 1
[568] = CNOT 1 9
[569] = CNOT 1 14
[570] = S 1
[571] = Z 1
[572] = CNOT 1 14
[573] = CNOT 1 21
[574] = S 1
[575] = Z 1
[576] = CNOT 1 21
[577] = CNOT 1 22
[578] = S 1
[579] = Z 1
[580] = CNOT 1 22
[581] = CNOT 1 25
[582] = Z 1
[583] = CNOT 1 25
[584] = CNOT 1 26
[585] = Z 1
[586] = CNOT 1 26
[587] = CNOT 1 28
[588] = S 1
[589] = Z 1
[590] = CNOT 1 28
[591] = CNOT 1 29
[592] = Z 1
[593] = CNOT 1 29
[594] = CNOT 2 3
[595] = S 2
[596] = Z 2
[597] = CNOT 2 3
[598] = CNOT 2 5
[599] = Z 2
[600] = CNOT 2 5
[601] = CNOT 2 6
[602] = S 2
[603] = Z 2
[604] = CNOT 2 6
[605] = CNOT 2 7
[606] = S 2
[607] = Z 2
[608] = CNOT 2 7
[609] = CNOT 2 9
[610] = Z 2
[611] = CNOT 2 9
[612] = CNOT 2 11
[613] = S 2
[614] = CNOT 2 11
[615] = CNOT 2 12
[616] = S 2
[617] = CNOT 2 12
[618] = CNOT 2 16
[619] = S 2
[620] = CNOT 2 16
[621] = CNOT 2 19
[622] = Z 2
[623] = CNOT 2 19
[624] = CNOT 2 21
[625] = S 2
[626] = CNOT 2 21
[627] = CNOT 2 22
[628] = S 2
[629] = CNOT 2 22
[630] = CNOT 2 23
[631] = S 2
[632] = CNOT 2 23
[633] = CNOT 2 28
[634] = S 2
[635] = Z 2
[636] = CNOT 2 28
[637] = CNOT 2 29
[638] = Z 2
[639] = CNOT 2 29
[640] = CNOT 3 5
[641] = Z 3
[642] = CNOT 3 5
[643] = CNOT 3 6
[644] = S 3
[645] = Z 3
[646] = CNOT 3 6
[647] = CNOT 3 7
[648] = S 3
[649] = Z 3
[650] = CNOT 3 7
[651] = CNOT 3 9
[652] = Z 3
[653] = CNOT 3 9
[654] = CNOT 3 11
[655] = S 3
[656] = CNOT 3 11
[657] = CNOT 3 12
[658] = S 3
[659] = CNOT 3 12
[660] = CNOT 3 16
[661] = S 3
[662] = CNOT 3 16
[663] = CNOT 3 19
[664] = Z 3
[665] = CNOT 3 19
[666] = CNOT 3 21
[667] = S 3
[668] = CNOT 3 21
[669] = CNOT 3 22
[670] = S 3
[671] = CNOT 3 22
[672] = CNOT 3 23
[673] = S 3
[674] = CNOT 3 23
[675] = CNOT 3 28
[676] = S 3
[677] = Z 3
[678] = CNOT 3 28
[679] = CNOT 3 29
[680] = Z 3
[681] = CNOT 3 29
[682] = CNOT 4 16
[683] = S 4
[684] = CNOT 4 16
[685] = CNOT 5 8
[686] = S 5
[687] = Z 5
[688] = CNOT 5 8
[689] = CNOT 5 9
[690] = S 5
[691] = Z 5
[692] = CNOT 5 9
[693] = CNOT 5 11
[694] = S 5
[695] = Z 5
[696] = CNOT 5 11
[697] = CNOT 5 12
[698] = S 5
[699] = Z 5
[700] = CNOT 5 12
[701] = CNOT 5 19
[702] = S 5
[703] = Z 5
[704] = CNOT 5 19
[705] = CNOT 5 20
[706] = S 5
[707] = Z 5
[708] = CNOT 5 20
[709] = CNOT 5 21
[710] = S 5
[711] = Z 5
[712] = CNOT 5 21
[713] = CNOT 5 22
[714] = S 5
[715] = Z 5
[716] = CNOT 5 22
[717] = CNOT 5 23
[718] = S 5
[719] = Z 5
[720] = CNOT 5 23
[721] = CNOT 5 28
[722] = S 5
[723] = CNOT 5 28
[724] = CNOT 5 29
[725] = S 5
[726] = CNOT 5 29
[727] = CNOT 6 7
[728] = S 6
[729] = Z 6
[730] = CNOT 6 7
[731] = CNOT 6 8
[732] = S 6
[733] = CNOT 6 8
[734] = CNOT 6 9
[735] = S 6
[736] = CNOT 6 9
[737] = CNOT 6 11
[738] = S 6
[739] = Z 6
[740] = CNOT 6 11
[741] = CNOT 6 12
[742] = S 6
[743] = Z 6
[744] = CNOT 6 12
[745] = CNOT 6 16
[746] = S 6
[747] = CNOT 6 16
[748] = CNOT 6 20
[749] = Z 6
[750] = CNOT 6 20
[751] = CNOT 6 21
[752] = S 6
[753] = Z 6
[754] = CNOT 6 21
[755] = CNOT 6 22
[756] = S 6
[757] = Z 6
[758] = CNOT 6 22
[759] = CNOT 6 23
[760] = S 6
[761] = Z 6
[762] = CNOT 6 23
[763] = CNOT 6 28
[764] = S 6
[765] = Z 6
[766] = CNOT 6 28
[767] = CNOT 7 8
[768] = S 7
[769] = CNOT 7 8
[770] = CNOT 7 9
[771] = S 7
[772] = CNOT 7 9
[773] = CNOT 7 11
[774] = S 7
[775] = Z 7
[776] = CNOT 7 11
[777] = CNOT 7 12
[778] = S 7
[779] = Z 7
[780] = CNOT 7 12
[781] = CNOT 7 16
[782] = S 7
[783] = CNOT 7 16
[784] = CNOT 7 20
[785] = Z 7
[786] = CNOT 7 20
[787] = CNOT 7 21
[788] = S 7
[789] = Z 7
[790] = CNOT 7 21
[791] = CNOT 7 22
[792] = S 7
[793] = Z 7
[794] = CNOT 7 22
[795] = CNOT 7 23
[796] = S 7
[797] = Z 7
[798] = CNOT 7 23
[799] = CNOT 7 28
[800] = S 7
[801] = Z 7
[802] = CNOT 7 28
[803] = CNOT 8 11
[804] = Z 8
[805] = CNOT 8 11
[806] = CNOT 8 12
[807] = Z 8
[808] = CNOT 8 12
[809] = CNOT 8 16
[810] = S 8
[811] = Z 8
[812] = CNOT 8 16
[813] = CNOT 8 17
[814] = S 8
[815] = CNOT 8 17
[816] = CNOT 8 19
[817] = Z 8
[818] = CNOT 8 19
[819] = CNOT 8 20
[820] = Z 8
[821] = CNOT 8 20
[822] = CNOT 8 21
[823] = Z 8
[824] = CNOT 8 21
[825] = CNOT 8 22
[826] = Z 8
[827] = CNOT 8 22
[828] = CNOT 8 23
[829] = Z 8
[830] = CNOT 8 23
[831] = CNOT 8 28
[832] = Z 8
[833] = CNOT 8 28
[834] = CNOT 8 29
[835] = Z 8
[836] = CNOT 8 29
[837] = CNOT 9 16
[838] = S 9
[839] = CNOT 9 16
[840] = CNOT 9 28
[841] = Z 9
[842] = CNOT 9 28
[843] = CNOT 9 29
[844] = Z 9
[845] = CNOT 9 29
[846] = CNOT 10 17
[847] = S 10
[848] = CNOT 10 17
[849] = CNOT 10 20
[850] = Z 10
[851] = CNOT 10 20
[852] = CNOT 11 12
[853] = Z 11
[854] = CNOT 11 12
[855] = CNOT 11 13
[856] = S 11
[857] = Z 11
[858] = CNOT 11 13
[859] = CNOT 11 14
[860] = S 11
[861] = CNOT 11 14
[862] = CNOT 11 16
[863] = Z 11
[864] = CNOT 11 16
[865] = CNOT 11 19
[866] = S 11
[867] = Z 11
[868] = CNOT 11 19
[869] = CNOT 11 20
[870] = Z 11
[871] = CNOT 11 20
[872] = CNOT 11 24
[873] = S 11
[874] = CNOT 11 24
[875] = CNOT 12 13
[876] = S 12
[877] = Z 12
[878] = CNOT 12 13
[879] = CNOT 12 14
[880] = S 12
[881] = CNOT 12 14
[882] = CNOT 12 16
[883] = Z 12
[884] = CNOT 12 16
[885] = CNOT 12 19
[886] = S 12
[887] = Z 12
[888] = CNOT 12 19
[889] = CNOT 12 20
[890] = Z 12
[891] = CNOT 12 20
[892] = CNOT 12 24
[893] = S 12
[894] = CNOT 12 24
[895] = CNOT 13 18
[896] = S 13
[897] = CNOT 13 18
[898] = CNOT 13 21
[899] = Z 13
[900] = CNOT 13 21
[901] = CNOT 13 22
[902] = Z 13
[903] = CNOT 13 22
[904] = CNOT 13 23
[905] = Z 13
[906] = CNOT 13 23
[907] = CNOT 13 24
[908] = Z 13
[909] = CNOT 13 24
[910] = CNOT 13 28
[911] = Z 13
[912] = CNOT 13 28
[913] = CNOT 13 29
[914] = Z 13
[915] = CNOT 13 29
[916] = CNOT 14 21
[917] = Z 14
[918] = CNOT 14 21
[919] = CNOT 14 22
[920] = S 14
[921] = Z 14
[922] = CNOT 14 22
[923] = CNOT 14 28
[924] = S 14
[925] = Z 14
[926] = CNOT 14 28
[927] = CNOT 15 18
[928] = S 15
[929] = CNOT 15 18
[930] = CNOT 15 24
[931] = Z 15
[932] = CNOT 15 24
[933] = CNOT 16 19
[934] = S 16
[935] = Z 16
[936] = CNOT 16 19
[937] = CNOT 16 20
[938] = S 16
[939] = Z 16
[940] = CNOT 16 20
[941] = CNOT 16 21
[942] = Z 16
[943] = CNOT 16 21
[944] = CNOT 16 22
[945] = Z 16
[946] = CNOT 16 22
[947] = CNOT 16 23
[948] = Z 16
[949] = CNOT 16 23
[950] = CNOT 16 28
[951] = Z 16
[952] = CNOT 16 28
[953] = CNOT 16 29
[954] = S 16
[955] = Z 16
[956] = CNOT 16 29
[957] = CNOT 17 19
[958] = S 17
[959] = CNOT 17 19
[960] = CNOT 17 20
[961] = Z 17
[962] = CNOT 17 20
[963] = CNOT 18 23
[964] = S 18
[965] = CNOT 18 23
[966] = CNOT 18 24
[967] = Z 18
[968] = CNOT 18 24
[969] = CNOT 19 20
[970] = Z 19
[971] = CNOT 19 20
[972] = CNOT 19 22
[973] = S 19
[974] = Z 19
[975] = CNOT 19 22
[976] = CNOT 19 23
[977] = S 19
[978] = Z 19
[979] = CNOT 19 23
[980] = CNOT 19 28
[981] = S 19
[982] = Z 19
[983] = CNOT 19 28
[984] = CNOT 19 29
[985] = S 19
[986] = Z 19
[987] = CNOT 19 29
[988] = CNOT 20 21
[989] = Z 20
[990] = CNOT 20 21
[991] = CNOT 20 22
[992] = S 20
[993] = Z 20
[994] = CNOT 20 22
[995] = CNOT 20 23
[996] = Z 20
[997] = CNOT 20 23
[998] = CNOT 20 28
[999] = Z 20
[1000] = CNOT 20 28
[1001] = CNOT 20 29
[1002] = Z 20
[1003] = CNOT 20 29
[1004] = CNOT 21 22
[1005] = S 21
[1006] = CNOT 21 22
[1007] = CNOT 21 23
[1008] = S 21
[1009] = Z 21
[1010] = CNOT 21 23
[1011] = CNOT 21 24
[1012] = S 21
[1013] = CNOT 21 24
[1014] = CNOT 21 28
[1015] = Z 21
[1016] = CNOT 21 28
[1017] = CNOT 21 29
[1018] = S 21
[1019] = Z 21
[1020] = CNOT 21 29
[1021] = CNOT 22 23
[1022] = S 22
[1023] = Z 22
[1024] = CNOT 22 23
[1025] = CNOT 22 24
[1026] = S 22
[1027] = Z 22
[1028] = CNOT 22 24
[1029] = CNOT 22 28
[1030] = Z 22
[1031] = CNOT 22 28
[1032] = CNOT 22 29
[1033] = S 22
[1034] = Z 22
[1035] = CNOT 22 29
[1036] = CNOT 23 24
[1037] = S 23
[1038] = CNOT 23 24
[1039] = CNOT 23 25
[1040] = S 23
[1041] = CNOT 23 25
[1042] = CNOT 23 28
[1043] = S 23
[1044] = Z 23
[1045] = CNOT 23 28
[1046] = CNOT 23 29
[1047] = S 23
[1048] = Z 23
[1049] = CNOT 23 29
[1050] = CNOT 24 26
[1051] = S 24
[1052] = CNOT 24 26
[1053] = CNOT 24 28
[1054] = S 24
[1055] = CNOT 24 28
[1056] = CNOT 24 29
[1057] = S 24
[1058] = CNOT 24 29
[1059] = CNOT 25 27
[1060] = Z 25
[1061] = CNOT 25 27
[1062] = CNOT 26 27
[1063] = S 26
[1064] = Z 26
[1065] = CNOT 26 27
[1066] = CNOT 27 30
[1067] = S 27
[1068] = CNOT 28 29
[1069] = Z 28
[1070] = CNOT 28 29
[1071] = CNOT 28 31
[1072] = S 28
[1073] = CNOT 28 31
[1074] = CNOT 29 32
[1075] = S 29
[1076] = CNOT 29 32
[1077] = CNOT 1 2
[1078] = CNOT 1 3
[1079] = S 1
[1080] = Z 1
[1081] = CNOT 1 3
[1082] = CNOT 1 5
[1083] = S 1
[1084] = Z 1
[1085] = CNOT 1 5
[1086] = CNOT 1 9
[1087] = S 1
[1088] = Z 1
[1089] = CNOT 1 9
[1090] = CNOT 1 28
[1091] = S 1
[1092] = Z 1
[1093] = CNOT 1 28
[1094] = CNOT 1 2
[1095] = CNOT 1 3
[1096] = CNOT 1 5
[1097] = S 1
[1098] = Z 1
[1099] = CNOT 1 5
[1100] = CNOT 1 9
[1101] = S 1
[1102] = Z 1
[1103] = CNOT 1 9
[1104] = CNOT 1 28
[1105] = S 1
[1106] = Z 1
[1107] = CNOT 1 28
[1108] = CNOT 1 3
[1109] = CNOT 1 5
[1110] = CNOT 1 9
[1111] = S 1
[1112] = Z 1
[1113] = CNOT 1 9
[1114] = CNOT 1 28
[1115] = S 1
[1116] = Z 1
[1117] = CNOT 1 5
[1118] = CNOT 1 9
[1119] = S 1
[1120] = Z 1
[1121] = CNOT 1 28
[1122] = CNOT 1 9
[1123] = CNOT 1 14
[1124] = CNOT 1 21
[1125] = S 1
[1126] = Z 1
[1127] = CNOT 1 21
[1128] = CNOT 1 22
[1129] = S 1
[1130] = Z 1
[1131] = CNOT 1 14
[1132] = CNOT 1 21
[1133] = S 1
[1134] = Z 1
[1135] = CNOT 1 22
[1136] = CNOT 1 21
[1137] = CNOT 2 3
[1138] = CNOT 2 5
[1139] = Z 2
[1140] = CNOT 2 5
[1141] = CNOT 2 6
[1142] = S 2
[1143] = Z 2
[1144] = CNOT 2 6
[1145] = CNOT 2 7
[1146] = S 2
[1147] = Z 2
[1148] = CNOT 2 7
[1149] = CNOT 2 9
[1150] = Z 2
[1151] = CNOT 2 9
[1152] = CNOT 2 11
[1153] = Z 2
[1154] = CNOT 2 11
[1155] = CNOT 2 12
[1156] = Z 2
[1157] = CNOT 2 12
[1158] = CNOT 2 16
[1159] = Z 2
[1160] = CNOT 2 16
[1161] = CNOT 2 19
[1162] = S 2
[1163] = Z 2
[1164] = CNOT 2 19
[1165] = CNOT 2 21
[1166] = Z 2
[1167] = CNOT 2 21
[1168] = CNOT 2 22
[1169] = Z 2
[1170] = CNOT 2 22
[1171] = CNOT 2 23
[1172] = Z 2
[1173] = CNOT 2 23
[1174] = CNOT 2 29
[1175] = S 2
[1176] = CNOT 2 29
[1177] = CNOT 2 3
[1178] = CNOT 2 4
[1179] = CNOT 2 6
[1180] = S 2
[1181] = Z 2
[1182] = CNOT 2 6
[1183] = CNOT 2 7
[1184] = S 2
[1185] = Z 2
[1186] = CNOT 2 7
[1187] = CNOT 2 11
[1188] = S 2
[1189] = Z 2
[1190] = CNOT 2 11
[1191] = CNOT 2 12
[1192] = S 2
[1193] = Z 2
[1194] = CNOT 2 12
[1195] = CNOT 2 16
[1196] = S 2
[1197] = Z 2
[1198] = CNOT 2 16
[1199] = CNOT 2 19
[1200] = S 2
[1201] = Z 2
[1202] = CNOT 2 19
[1203] = CNOT 2 21
[1204] = S 2
[1205] = Z 2
[1206] = CNOT 2 21
[1207] = CNOT 2 22
[1208] = S 2
[1209] = Z 2
[1210] = CNOT 2 22
[1211] = CNOT 2 23
[1212] = S 2
[1213] = Z 2
[1214] = CNOT 2 23
[1215] = CNOT 2 28
[1216] = S 2
[1217] = Z 2
[1218] = CNOT 2 28
[1219] = CNOT 2 29
[1220] = S 2
[1221] = Z 2
[1222] = CNOT 2 29
[1223] = CNOT 2 4
[1224] = CNOT 2 5
[1225] = CNOT 2 9
[1226] = Z 2
[1227] = CNOT 2 9
[1228] = CNOT 2 28
[1229] = Z 2
[1230] = CNOT 2 28
[1231] = CNOT 2 29
[1232] = S 2
[1233] = Z 2
[1234] = CNOT 2 29
[1235] = CNOT 2 5
[1236] = CNOT 2 6
[1237] = CNOT 2 7
[1238] = Z 2
[1239] = CNOT 2 7
[1240] = CNOT 2 11
[1241] = Z 2
[1242] = CNOT 2 11
[1243] = CNOT 2 12
[1244] = Z 2
[1245] = CNOT 2 12
[1246] = CNOT 2 16
[1247] = Z 2
[1248] = CNOT 2 16
[1249] = CNOT 2 19
[1250] = S 2
[1251] = Z 2
[1252] = CNOT 2 19
[1253] = CNOT 2 21
[1254] = Z 2
[1255] = CNOT 2 21
[1256] = CNOT 2 22
[1257] = Z 2
[1258] = CNOT 2 22
[1259] = CNOT 2 23
[1260] = Z 2
[1261] = CNOT 2 23
[1262] = CNOT 2 28
[1263] = Z 2
[1264] = CNOT 2 28
[1265] = CNOT 2 29
[1266] = Z 2
[1267] = CNOT 2 29
[1268] = CNOT 2 6
[1269] = CNOT 2 7
[1270] = CNOT 2 11
[1271] = Z 2
[1272] = CNOT 2 11
[1273] = CNOT 2 12
[1274] = Z 2
[1275] = CNOT 2 12
[1276] = CNOT 2 16
[1277] = Z 2
[1278] = CNOT 2 16
[1279] = CNOT 2 19
[1280] = S 2
[1281] = Z 2
[1282] = CNOT 2 19
[1283] = CNOT 2 21
[1284] = Z 2
[1285] = CNOT 2 21
[1286] = CNOT 2 22
[1287] = Z 2
[1288] = CNOT 2 22
[1289] = CNOT 2 23
[1290] = Z 2
[1291] = CNOT 2 23
[1292] = CNOT 2 28
[1293] = Z 2
[1294] = CNOT 2 28
[1295] = CNOT 2 29
[1296] = Z 2
[1297] = CNOT 2 29
[1298] = CNOT 2 7
[1299] = CNOT 2 9
[1300] = CNOT 2 28
[1301] = Z 2
[1302] = CNOT 2 28
[1303] = CNOT 2 29
[1304] = S 2
[1305] = Z 2
[1306] = CNOT 2 29
[1307] = CNOT 2 9
[1308] = CNOT 2 11
[1309] = CNOT 2 12
[1310] = S 2
[1311] = CNOT 2 12
[1312] = CNOT 2 16
[1313] = S 2
[1314] = CNOT 2 16
[1315] = CNOT 2 19
[1316] = Z 2
[1317] = CNOT 2 19
[1318] = CNOT 2 21
[1319] = S 2
[1320] = CNOT 2 21
[1321] = CNOT 2 22
[1322] = S 2
[1323] = CNOT 2 22
[1324] = CNOT 2 23
[1325] = S 2
[1326] = CNOT 2 23
[1327] = CNOT 2 28
[1328] = S 2
[1329] = CNOT 2 28
[1330] = CNOT 2 29
[1331] = S 2
[1332] = CNOT 2 29
[1333] = CNOT 2 11
[1334] = CNOT 2 12
[1335] = CNOT 2 16
[1336] = S 2
[1337] = CNOT 2 16
[1338] = CNOT 2 19
[1339] = Z 2
[1340] = CNOT 2 19
[1341] = CNOT 2 21
[1342] = S 2
[1343] = CNOT 2 21
[1344] = CNOT 2 22
[1345] = S 2
[1346] = CNOT 2 22
[1347] = CNOT 2 23
[1348] = S 2
[1349] = CNOT 2 23
[1350] = CNOT 2 28
[1351] = S 2
[1352] = CNOT 2 28
[1353] = CNOT 2 29
[1354] = S 2
[1355] = CNOT 2 29
[1356] = CNOT 2 12
[1357] = CNOT 2 16
[1358] = CNOT 2 19
[1359] = Z 2
[1360] = CNOT 2 19
[1361] = CNOT 2 21
[1362] = S 2
[1363] = CNOT 2 21
[1364] = CNOT 2 22
[1365] = S 2
[1366] = CNOT 2 22
[1367] = CNOT 2 23
[1368] = S 2
[1369] = CNOT 2 23
[1370] = CNOT 2 28
[1371] = S 2
[1372] = CNOT 2 28
[1373] = CNOT 2 29
[1374] = S 2
[1375] = CNOT 2 29
[1376] = CNOT 2 16
[1377] = CNOT 2 19
[1378] = CNOT 2 21
[1379] = Z 2
[1380] = CNOT 2 21
[1381] = CNOT 2 22
[1382] = Z 2
[1383] = CNOT 2 22
[1384] = CNOT 2 23
[1385] = Z 2
[1386] = CNOT 2 23
[1387] = CNOT 2 28
[1388] = Z 2
[1389] = CNOT 2 28
[1390] = CNOT 2 29
[1391] = Z 2
[1392] = CNOT 2 29
[1393] = CNOT 2 19
[1394] = CNOT 2 21
[1395] = CNOT 2 22
[1396] = S 2
[1397] = CNOT 2 22
[1398] = CNOT 2 23
[1399] = S 2
[1400] = CNOT 2 23
[1401] = CNOT 2 28
[1402] = S 2
[1403] = CNOT 2 28
[1404] = CNOT 2 29
[1405] = S 2
[1406] = CNOT 2 29
[1407] = CNOT 2 21
[1408] = CNOT 2 22
[1409] = CNOT 2 23
[1410] = S 2
[1411] = CNOT 2 23
[1412] = CNOT 2 28
[1413] = S 2
[1414] = CNOT 2 28
[1415] = CNOT 2 29
[1416] = S 2
[1417] = CNOT 2 29
[1418] = CNOT 2 22
[1419] = CNOT 2 23
[1420] = CNOT 2 28
[1421] = S 2
[1422] = CNOT 2 28
[1423] = CNOT 2 29
[1424] = S 2
[1425] = CNOT 2 29
[1426] = CNOT 2 23
[1427] = CNOT 3 4
[1428] = CNOT 3 6
[1429] = S 3
[1430] = Z 3
[1431] = CNOT 3 6
[1432] = CNOT 3 7
[1433] = S 3
[1434] = Z 3
[1435] = CNOT 3 7
[1436] = CNOT 3 11
[1437] = S 3
[1438] = Z 3
[1439] = CNOT 3 11
[1440] = CNOT 3 12
[1441] = S 3
[1442] = Z 3
[1443] = CNOT 3 12
[1444] = CNOT 3 16
[1445] = S 3
[1446] = Z 3
[1447] = CNOT 3 16
[1448] = CNOT 3 19
[1449] = S 3
[1450] = Z 3
[1451] = CNOT 3 19
[1452] = CNOT 3 21
[1453] = S 3
[1454] = Z 3
[1455] = CNOT 3 21
[1456] = CNOT 3 22
[1457] = S 3
[1458] = Z 3
[1459] = CNOT 3 22
[1460] = CNOT 3 23
[1461] = S 3
[1462] = Z 3
[1463] = CNOT 3 23
[1464] = CNOT 3 28
[1465] = S 3
[1466] = Z 3
[1467] = CNOT 3 28
[1468] = CNOT 3 29
[1469] = S 3
[1470] = Z 3
[1471] = CNOT 3 29
[1472] = CNOT 3 4
[1473] = CNOT 3 5
[1474] = CNOT 3 9
[1475] = Z 3
[1476] = CNOT 3 9
[1477] = CNOT 3 28
[1478] = Z 3
[1479] = CNOT 3 28
[1480] = CNOT 3 29
[1481] = S 3
[1482] = Z 3
[1483] = CNOT 3 29
[1484] = CNOT 3 5
[1485] = CNOT 3 6
[1486] = CNOT 3 7
[1487] = Z 3
[1488] = CNOT 3 7
[1489] = CNOT 3 11
[1490] = Z 3
[1491] = CNOT 3 11
[1492] = CNOT 3 12
[1493] = Z 3
[1494] = CNOT 3 12
[1495] = CNOT 3 16
[1496] = Z 3
[1497] = CNOT 3 16
[1498] = CNOT 3 19
[1499] = S 3
[1500] = Z 3
[1501] = CNOT 3 19
[1502] = CNOT 3 21
[1503] = Z 3
[1504] = CNOT 3 21
[1505] = CNOT 3 22
[1506] = Z 3
[1507] = CNOT 3 22
[1508] = CNOT 3 23
[1509] = Z 3
[1510] = CNOT 3 23
[1511] = CNOT 3 28
[1512] = Z 3
[1513] = CNOT 3 28
[1514] = CNOT 3 29
[1515] = Z 3
[1516] = CNOT 3 29
[1517] = CNOT 3 6
[1518] = CNOT 3 7
[1519] = CNOT 3 11
[1520] = Z 3
[1521] = CNOT 3 11
[1522] = CNOT 3 12
[1523] = Z 3
[1524] = CNOT 3 12
[1525] = CNOT 3 16
[1526] = Z 3
[1527] = CNOT 3 16
[1528] = CNOT 3 19
[1529] = S 3
[1530] = Z 3
[1531] = CNOT 3 19
[1532] = CNOT 3 21
[1533] = Z 3
[1534] = CNOT 3 21
[1535] = CNOT 3 22
[1536] = Z 3
[1537] = CNOT 3 22
[1538] = CNOT 3 23
[1539] = Z 3
[1540] = CNOT 3 23
[1541] = CNOT 3 28
[1542] = Z 3
[1543] = CNOT 3 28
[1544] = CNOT 3 29
[1545] = Z 3
[1546] = CNOT 3 29
[1547] = CNOT 3 7
[1548] = CNOT 3 9
[1549] = CNOT 3 28
[1550] = Z 3
[1551] = CNOT 3 28
[1552] = CNOT 3 29
[1553] = S 3
[1554] = Z 3
[1555] = CNOT 3 29
[1556] = CNOT 3 9
[1557] = CNOT 3 11
[1558] = CNOT 3 12
[1559] = S 3
[1560] = CNOT 3 12
[1561] = CNOT 3 16
[1562] = S 3
[1563] = CNOT 3 16
[1564] = CNOT 3 19
[1565] = Z 3
[1566] = CNOT 3 19
[1567] = CNOT 3 21
[1568] = S 3
[1569] = CNOT 3 21
[1570] = CNOT 3 22
[1571] = S 3
[1572] = CNOT 3 22
[1573] = CNOT 3 23
[1574] = S 3
[1575] = CNOT 3 23
[1576] = CNOT 3 28
[1577] = S 3
[1578] = CNOT 3 28
[1579] = CNOT 3 29
[1580] = S 3
[1581] = CNOT 3 29
[1582] = CNOT 3 11
[1583] = CNOT 3 12
[1584] = CNOT 3 16
[1585] = S 3
[1586] = CNOT 3 16
[1587] = CNOT 3 19
[1588] = Z 3
[1589] = CNOT 3 19
[1590] = CNOT 3 21
[1591] = S 3
[1592] = CNOT 3 21
[1593] = CNOT 3 22
[1594] = S 3
[1595] = CNOT 3 22
[1596] = CNOT 3 23
[1597] = S 3
[1598] = CNOT 3 23
[1599] = CNOT 3 28
[1600] = S 3
[1601] = CNOT 3 28
[1602] = CNOT 3 29
[1603] = S 3
[1604] = CNOT 3 29
[1605] = CNOT 3 12
[1606] = CNOT 3 16
[1607] = CNOT 3 19
[1608] = Z 3
[1609] = CNOT 3 19
[1610] = CNOT 3 21
[1611] = S 3
[1612] = CNOT 3 21
[1613] = CNOT 3 22
[1614] = S 3
[1615] = CNOT 3 22
[1616] = CNOT 3 23
[1617] = S 3
[1618] = CNOT 3 23
[1619] = CNOT 3 28
[1620] = S 3
[1621] = CNOT 3 28
[1622] = CNOT 3 29
[1623] = S 3
[1624] = CNOT 3 29
[1625] = CNOT 3 16
[1626] = CNOT 3 19
[1627] = CNOT 3 21
[1628] = Z 3
[1629] = CNOT 3 21
[1630] = CNOT 3 22
[1631] = Z 3
[1632] = CNOT 3 22
[1633] = CNOT 3 23
[1634] = Z 3
[1635] = CNOT 3 23
[1636] = CNOT 3 28
[1637] = Z 3
[1638] = CNOT 3 28
[1639] = CNOT 3 29
[1640] = Z 3
[1641] = CNOT 3 29
[1642] = CNOT 3 19
[1643] = CNOT 3 21
[1644] = CNOT 3 22
[1645] = S 3
[1646] = CNOT 3 22
[1647] = CNOT 3 23
[1648] = S 3
[1649] = CNOT 3 23
[1650] = CNOT 3 28
[1651] = S 3
[1652] = CNOT 3 28
[1653] = CNOT 3 29
[1654] = S 3
[1655] = CNOT 3 29
[1656] = CNOT 3 21
[1657] = CNOT 3 22
[1658] = CNOT 3 23
[1659] = S 3
[1660] = CNOT 3 23
[1661] = CNOT 3 28
[1662] = S 3
[1663] = CNOT 3 28
[1664] = CNOT 3 29
[1665] = S 3
[1666] = CNOT 3 29
[1667] = CNOT 3 22
[1668] = CNOT 3 23
[1669] = CNOT 3 28
[1670] = S 3
[1671] = CNOT 3 28
[1672] = CNOT 3 29
[1673] = S 3
[1674] = CNOT 3 29
[1675] = CNOT 3 23
[1676] = CNOT 4 6
[1677] = CNOT 4 7
[1678] = Z 4
[1679] = CNOT 4 7
[1680] = CNOT 4 11
[1681] = Z 4
[1682] = CNOT 4 11
[1683] = CNOT 4 12
[1684] = Z 4
[1685] = CNOT 4 12
[1686] = CNOT 4 16
[1687] = Z 4
[1688] = CNOT 4 16
[1689] = CNOT 4 19
[1690] = Z 4
[1691] = CNOT 4 19
[1692] = CNOT 4 21
[1693] = Z 4
[1694] = CNOT 4 21
[1695] = CNOT 4 22
[1696] = Z 4
[1697] = CNOT 4 22
[1698] = CNOT 4 23
[1699] = Z 4
[1700] = CNOT 4 23
[1701] = CNOT 4 28
[1702] = Z 4
[1703] = CNOT 4 28
[1704] = CNOT 4 29
[1705] = Z 4
[1706] = CNOT 4 29
[1707] = CNOT 4 6
[1708] = CNOT 4 7
[1709] = CNOT 4 11
[1710] = Z 4
[1711] = CNOT 4 11
[1712] = CNOT 4 12
[1713] = Z 4
[1714] = CNOT 4 12
[1715] = CNOT 4 16
[1716] = Z 4
[1717] = CNOT 4 16
[1718] = CNOT 4 19
[1719] = Z 4
[1720] = CNOT 4 19
[1721] = CNOT 4 21
[1722] = Z 4
[1723] = CNOT 4 21
[1724] = CNOT 4 22
[1725] = Z 4
[1726] = CNOT 4 22
[1727] = CNOT 4 23
[1728] = Z 4
[1729] = CNOT 4 23
[1730] = CNOT 4 28
[1731] = Z 4
[1732] = CNOT 4 28
[1733] = CNOT 4 29
[1734] = Z 4
[1735] = CNOT 4 29
[1736] = CNOT 4 7
[1737] = CNOT 4 11
[1738] = CNOT 4 12
[1739] = Z 4
[1740] = CNOT 4 12
[1741] = CNOT 4 16
[1742] = Z 4
[1743] = CNOT 4 16
[1744] = CNOT 4 19
[1745] = Z 4
[1746] = CNOT 4 19
[1747] = CNOT 4 21
[1748] = Z 4
[1749] = CNOT 4 21
[1750] = CNOT 4 22
[1751] = Z 4
[1752] = CNOT 4 22
[1753] = CNOT 4 23
[1754] = Z 4
[1755] = CNOT 4 23
[1756] = CNOT 4 28
[1757] = Z 4
[1758] = CNOT 4 28
[1759] = CNOT 4 29
[1760] = Z 4
[1761] = CNOT 4 29
[1762] = CNOT 4 11
[1763] = CNOT 4 12
[1764] = CNOT 4 16
[1765] = Z 4
[1766] = CNOT 4 16
[1767] = CNOT 4 19
[1768] = Z 4
[1769] = CNOT 4 19
[1770] = CNOT 4 21
[1771] = Z 4
[1772] = CNOT 4 21
[1773] = CNOT 4 22
[1774] = Z 4
[1775] = CNOT 4 22
[1776] = CNOT 4 23
[1777] = Z 4
[1778] = CNOT 4 23
[1779] = CNOT 4 28
[1780] = Z 4
[1781] = CNOT 4 28
[1782] = CNOT 4 29
[1783] = Z 4
[1784] = CNOT 4 29
[1785] = CNOT 4 12
[1786] = CNOT 4 16
[1787] = CNOT 4 19
[1788] = Z 4
[1789] = CNOT 4 19
[1790] = CNOT 4 21
[1791] = Z 4
[1792] = CNOT 4 21
[1793] = CNOT 4 22
[1794] = Z 4
[1795] = CNOT 4 22
[1796] = CNOT 4 23
[1797] = Z 4
[1798] = CNOT 4 23
[1799] = CNOT 4 28
[1800] = Z 4
[1801] = CNOT 4 28
[1802] = CNOT 4 29
[1803] = Z 4
[1804] = CNOT 4 29
[1805] = CNOT 4 16
[1806] = CNOT 4 19
[1807] = CNOT 4 21
[1808] = Z 4
[1809] = CNOT 4 21
[1810] = CNOT 4 22
[1811] = Z 4
[1812] = CNOT 4 22
[1813] = CNOT 4 23
[1814] = Z 4
[1815] = CNOT 4 23
[1816] = CNOT 4 28
[1817] = Z 4
[1818] = CNOT 4 28
[1819] = CNOT 4 29
[1820] = Z 4
[1821] = CNOT 4 29
[1822] = CNOT 4 19
[1823] = CNOT 4 21
[1824] = CNOT 4 22
[1825] = Z 4
[1826] = CNOT 4 22
[1827] = CNOT 4 23
[1828] = Z 4
[1829] = CNOT 4 23
[1830] = CNOT 4 28
[1831] = Z 4
[1832] = CNOT 4 28
[1833] = CNOT 4 29
[1834] = Z 4
[1835] = CNOT 4 29
[1836] = CNOT 4 21
[1837] = CNOT 4 22
[1838] = CNOT 4 23
[1839] = Z 4
[1840] = CNOT 4 23
[1841] = CNOT 4 28
[1842] = Z 4
[1843] = CNOT 4 28
[1844] = CNOT 4 29
[1845] = Z 4
[1846] = CNOT 4 29
[1847] = CNOT 4 22
[1848] = CNOT 4 23
[1849] = CNOT 4 28
[1850] = Z 4
[1851] = CNOT 4 28
[1852] = CNOT 4 29
[1853] = Z 4
[1854] = CNOT 4 23
[1855] = CNOT 4 28
[1856] = Z 4
[1857] = CNOT 4 29
[1858] = CNOT 4 28
[1859] = CNOT 5 6
[1860] = CNOT 5 8
[1861] = S 5
[1862] = Z 5
[1863] = CNOT 5 8
[1864] = CNOT 5 11
[1865] = S 5
[1866] = Z 5
[1867] = CNOT 5 11
[1868] = CNOT 5 12
[1869] = S 5
[1870] = Z 5
[1871] = CNOT 5 12
[1872] = CNOT 5 16
[1873] = S 5
[1874] = Z 5
[1875] = CNOT 5 16
[1876] = CNOT 5 19
[1877] = S 5
[1878] = Z 5
[1879] = CNOT 5 19
[1880] = CNOT 5 21
[1881] = S 5
[1882] = Z 5
[1883] = CNOT 5 21
[1884] = CNOT 5 22
[1885] = S 5
[1886] = Z 5
[1887] = CNOT 5 22
[1888] = CNOT 5 23
[1889] = S 5
[1890] = Z 5
[1891] = CNOT 5 23
[1892] = CNOT 5 28
[1893] = S 5
[1894] = Z 5
[1895] = CNOT 5 28
[1896] = CNOT 5 29
[1897] = Z 5
[1898] = CNOT 5 29
[1899] = CNOT 5 6
[1900] = CNOT 5 7
[1901] = CNOT 5 8
[1902] = S 5
[1903] = Z 5
[1904] = CNOT 5 8
[1905] = CNOT 5 11
[1906] = S 5
[1907] = Z 5
[1908] = CNOT 5 11
[1909] = CNOT 5 12
[1910] = S 5
[1911] = Z 5
[1912] = CNOT 5 12
[1913] = CNOT 5 16
[1914] = S 5
[1915] = Z 5
[1916] = CNOT 5 16
[1917] = CNOT 5 19
[1918] = S 5
[1919] = Z 5
[1920] = CNOT 5 19
[1921] = CNOT 5 21
[1922] = S 5
[1923] = Z 5
[1924] = CNOT 5 21
[1925] = CNOT 5 22
[1926] = S 5
[1927] = Z 5
[1928] = CNOT 5 22
[1929] = CNOT 5 23
[1930] = S 5
[1931] = Z 5
[1932] = CNOT 5 23
[1933] = CNOT 5 28
[1934] = S 5
[1935] = Z 5
[1936] = CNOT 5 28
[1937] = CNOT 5 29
[1938] = Z 5
[1939] = CNOT 5 29
[1940] = CNOT 5 7
[1941] = CNOT 5 8
[1942] = CNOT 5 11
[1943] = Z 5
[1944] = CNOT 5 11
[1945] = CNOT 5 12
[1946] = Z 5
[1947] = CNOT 5 12
[1948] = CNOT 5 16
[1949] = Z 5
[1950] = CNOT 5 16
[1951] = CNOT 5 19
[1952] = Z 5
[1953] = CNOT 5 19
[1954] = CNOT 5 20
[1955] = S 5
[1956] = Z 5
[1957] = CNOT 5 20
[1958] = CNOT 5 21
[1959] = Z 5
[1960] = CNOT 5 21
[1961] = CNOT 5 22
[1962] = Z 5
[1963] = CNOT 5 22
[1964] = CNOT 5 23
[1965] = Z 5
[1966] = CNOT 5 23
[1967] = CNOT 5 28
[1968] = Z 5
[1969] = CNOT 5 28
[1970] = CNOT 5 29
[1971] = Z 5
[1972] = CNOT 5 29
[1973] = CNOT 5 8
[1974] = CNOT 5 9
[1975] = CNOT 5 28
[1976] = Z 5
[1977] = CNOT 5 28
[1978] = CNOT 5 29
[1979] = Z 5
[1980] = CNOT 5 29
[1981] = CNOT 5 9
[1982] = CNOT 5 11
[1983] = CNOT 5 12
[1984] = Z 5
[1985] = CNOT 5 12
[1986] = CNOT 5 16
[1987] = Z 5
[1988] = CNOT 5 16
[1989] = CNOT 5 19
[1990] = Z 5
[1991] = CNOT 5 19
[1992] = CNOT 5 20
[1993] = S 5
[1994] = Z 5
[1995] = CNOT 5 20
[1996] = CNOT 5 21
[1997] = Z 5
[1998] = CNOT 5 21
[1999] = CNOT 5 22
[2000] = Z 5
[2001] = CNOT 5 22
[2002] = CNOT 5 23
[2003] = Z 5
[2004] = CNOT 5 23
[2005] = CNOT 5 28
[2006] = Z 5
[2007] = CNOT 5 28
[2008] = CNOT 5 29
[2009] = Z 5
[2010] = CNOT 5 29
[2011] = CNOT 5 11
[2012] = CNOT 5 12
[2013] = CNOT 5 16
[2014] = Z 5
[2015] = CNOT 5 16
[2016] = CNOT 5 19
[2017] = Z 5
[2018] = CNOT 5 19
[2019] = CNOT 5 20
[2020] = S 5
[2021] = Z 5
[2022] = CNOT 5 20
[2023] = CNOT 5 21
[2024] = Z 5
[2025] = CNOT 5 21
[2026] = CNOT 5 22
[2027] = Z 5
[2028] = CNOT 5 22
[2029] = CNOT 5 23
[2030] = Z 5
[2031] = CNOT 5 23
[2032] = CNOT 5 28
[2033] = Z 5
[2034] = CNOT 5 28
[2035] = CNOT 5 29
[2036] = Z 5
[2037] = CNOT 5 29
[2038] = CNOT 5 12
[2039] = CNOT 5 16
[2040] = CNOT 5 19
[2041] = Z 5
[2042] = CNOT 5 19
[2043] = CNOT 5 20
[2044] = S 5
[2045] = Z 5
[2046] = CNOT 5 20
[2047] = CNOT 5 21
[2048] = Z 5
[2049] = CNOT 5 21
[2050] = CNOT 5 22
[2051] = Z 5
[2052] = CNOT 5 22
[2053] = CNOT 5 23
[2054] = Z 5
[2055] = CNOT 5 23
[2056] = CNOT 5 28
[2057] = Z 5
[2058] = CNOT 5 28
[2059] = CNOT 5 29
[2060] = S 5
[2061] = CNOT 5 29
[2062] = CNOT 5 16
[2063] = CNOT 5 19
[2064] = CNOT 5 20
[2065] = S 5
[2066] = Z 5
[2067] = CNOT 5 20
[2068] = CNOT 5 21
[2069] = Z 5
[2070] = CNOT 5 21
[2071] = CNOT 5 22
[2072] = Z 5
[2073] = CNOT 5 22
[2074] = CNOT 5 23
[2075] = Z 5
[2076] = CNOT 5 23
[2077] = CNOT 5 28
[2078] = Z 5
[2079] = CNOT 5 28
[2080] = CNOT 5 29
[2081] = Z 5
[2082] = CNOT 5 29
[2083] = CNOT 5 19
[2084] = CNOT 5 20
[2085] = CNOT 5 21
[2086] = S 5
[2087] = Z 5
[2088] = CNOT 5 21
[2089] = CNOT 5 22
[2090] = S 5
[2091] = Z 5
[2092] = CNOT 5 22
[2093] = CNOT 5 23
[2094] = S 5
[2095] = Z 5
[2096] = CNOT 5 23
[2097] = CNOT 5 28
[2098] = S 5
[2099] = Z 5
[2100] = CNOT 5 28
[2101] = CNOT 5 29
[2102] = S 5
[2103] = Z 5
[2104] = CNOT 5 29
[2105] = CNOT 5 20
[2106] = CNOT 5 21
[2107] = CNOT 5 22
[2108] = Z 5
[2109] = CNOT 5 22
[2110] = CNOT 5 23
[2111] = Z 5
[2112] = CNOT 5 23
[2113] = CNOT 5 28
[2114] = Z 5
[2115] = CNOT 5 28
[2116] = CNOT 5 29
[2117] = Z 5
[2118] = CNOT 5 29
[2119] = CNOT 5 21
[2120] = CNOT 5 22
[2121] = CNOT 5 23
[2122] = Z 5
[2123] = CNOT 5 23
[2124] = CNOT 5 28
[2125] = Z 5
[2126] = CNOT 5 28
[2127] = CNOT 5 29
[2128] = Z 5
[2129] = CNOT 5 29
[2130] = CNOT 5 22
[2131] = CNOT 5 23
[2132] = CNOT 5 28
[2133] = Z 5
[2134] = CNOT 5 28
[2135] = CNOT 5 29
[2136] = Z 5
[2137] = CNOT 5 23
[2138] = CNOT 5 28
[2139] = S 5
[2140] = CNOT 5 29
[2141] = CNOT 5 28
[2142] = CNOT 6 7
[2143] = CNOT 6 11
[2144] = S 6
[2145] = Z 6
[2146] = CNOT 6 11
[2147] = CNOT 6 12
[2148] = S 6
[2149] = Z 6
[2150] = CNOT 6 12
[2151] = CNOT 6 21
[2152] = S 6
[2153] = Z 6
[2154] = CNOT 6 21
[2155] = CNOT 6 22
[2156] = S 6
[2157] = Z 6
[2158] = CNOT 6 22
[2159] = CNOT 6 23
[2160] = S 6
[2161] = Z 6
[2162] = CNOT 6 23
[2163] = CNOT 6 28
[2164] = S 6
[2165] = Z 6
[2166] = CNOT 6 28
[2167] = CNOT 6 29
[2168] = Z 6
[2169] = CNOT 6 29
[2170] = CNOT 6 7
[2171] = CNOT 6 8
[2172] = CNOT 6 11
[2173] = Z 6
[2174] = CNOT 6 11
[2175] = CNOT 6 12
[2176] = Z 6
[2177] = CNOT 6 12
[2178] = CNOT 6 16
[2179] = S 6
[2180] = Z 6
[2181] = CNOT 6 16
[2182] = CNOT 6 19
[2183] = Z 6
[2184] = CNOT 6 19
[2185] = CNOT 6 20
[2186] = S 6
[2187] = Z 6
[2188] = CNOT 6 20
[2189] = CNOT 6 21
[2190] = Z 6
[2191] = CNOT 6 21
[2192] = CNOT 6 22
[2193] = Z 6
[2194] = CNOT 6 22
[2195] = CNOT 6 23
[2196] = Z 6
[2197] = CNOT 6 23
[2198] = CNOT 6 28
[2199] = Z 6
[2200] = CNOT 6 28
[2201] = CNOT 6 29
[2202] = Z 6
[2203] = CNOT 6 8
[2204] = CNOT 6 9
[2205] = S 6
[2206] = Z 6
[2207] = CNOT 6 29
[2208] = CNOT 6 9
[2209] = CNOT 6 11
[2210] = CNOT 6 12
[2211] = S 6
[2212] = CNOT 6 12
[2213] = CNOT 6 16
[2214] = S 6
[2215] = Z 6
[2216] = CNOT 6 16
[2217] = CNOT 6 19
[2218] = Z 6
[2219] = CNOT 6 19
[2220] = CNOT 6 20
[2221] = S 6
[2222] = Z 6
[2223] = CNOT 6 20
[2224] = CNOT 6 21
[2225] = S 6
[2226] = CNOT 6 21
[2227] = CNOT 6 22
[2228] = S 6
[2229] = CNOT 6 22
[2230] = CNOT 6 23
[2231] = S 6
[2232] = CNOT 6 23
[2233] = CNOT 6 28
[2234] = S 6
[2235] = CNOT 6 28
[2236] = CNOT 6 29
[2237] = S 6
[2238] = CNOT 6 29
[2239] = CNOT 6 11
[2240] = CNOT 6 12
[2241] = CNOT 6 16
[2242] = S 6
[2243] = Z 6
[2244] = CNOT 6 16
[2245] = CNOT 6 19
[2246] = Z 6
[2247] = CNOT 6 19
[2248] = CNOT 6 20
[2249] = S 6
[2250] = Z 6
[2251] = CNOT 6 20
[2252] = CNOT 6 21
[2253] = S 6
[2254] = CNOT 6 21
[2255] = CNOT 6 22
[2256] = S 6
[2257] = CNOT 6 22
[2258] = CNOT 6 23
[2259] = S 6
[2260] = CNOT 6 23
[2261] = CNOT 6 28
[2262] = S 6
[2263] = CNOT 6 28
[2264] = CNOT 6 29
[2265] = S 6
[2266] = CNOT 6 29
[2267] = CNOT 6 12
[2268] = CNOT 6 16
[2269] = CNOT 6 21
[2270] = S 6
[2271] = Z 6
[2272] = CNOT 6 21
[2273] = CNOT 6 22
[2274] = S 6
[2275] = Z 6
[2276] = CNOT 6 22
[2277] = CNOT 6 23
[2278] = S 6
[2279] = Z 6
[2280] = CNOT 6 23
[2281] = CNOT 6 28
[2282] = S 6
[2283] = Z 6
[2284] = CNOT 6 28
[2285] = CNOT 6 29
[2286] = Z 6
[2287] = CNOT 6 29
[2288] = CNOT 6 16
[2289] = CNOT 6 19
[2290] = CNOT 6 20
[2291] = S 6
[2292] = Z 6
[2293] = CNOT 6 20
[2294] = CNOT 6 21
[2295] = Z 6
[2296] = CNOT 6 21
[2297] = CNOT 6 22
[2298] = Z 6
[2299] = CNOT 6 22
[2300] = CNOT 6 23
[2301] = Z 6
[2302] = CNOT 6 23
[2303] = CNOT 6 28
[2304] = Z 6
[2305] = CNOT 6 28
[2306] = CNOT 6 29
[2307] = Z 6
[2308] = CNOT 6 29
[2309] = CNOT 6 19
[2310] = CNOT 6 20
[2311] = CNOT 6 21
[2312] = S 6
[2313] = Z 6
[2314] = CNOT 6 21
[2315] = CNOT 6 22
[2316] = S 6
[2317] = Z 6
[2318] = CNOT 6 22
[2319] = CNOT 6 23
[2320] = S 6
[2321] = Z 6
[2322] = CNOT 6 23
[2323] = CNOT 6 28
[2324] = S 6
[2325] = Z 6
[2326] = CNOT 6 28
[2327] = CNOT 6 29
[2328] = S 6
[2329] = Z 6
[2330] = CNOT 6 29
[2331] = CNOT 6 20
[2332] = CNOT 6 21
[2333] = CNOT 6 22
[2334] = S 6
[2335] = CNOT 6 22
[2336] = CNOT 6 23
[2337] = S 6
[2338] = CNOT 6 23
[2339] = CNOT 6 28
[2340] = S 6
[2341] = CNOT 6 28
[2342] = CNOT 6 29
[2343] = S 6
[2344] = CNOT 6 29
[2345] = CNOT 6 21
[2346] = CNOT 6 22
[2347] = CNOT 6 23
[2348] = S 6
[2349] = CNOT 6 23
[2350] = CNOT 6 28
[2351] = S 6
[2352] = CNOT 6 28
[2353] = CNOT 6 29
[2354] = S 6
[2355] = CNOT 6 29
[2356] = CNOT 6 22
[2357] = CNOT 6 23
[2358] = CNOT 6 28
[2359] = S 6
[2360] = CNOT 6 28
[2361] = CNOT 6 29
[2362] = S 6
[2363] = CNOT 6 23
[2364] = CNOT 6 28
[2365] = S 6
[2366] = CNOT 6 29
[2367] = CNOT 6 28
[2368] = CNOT 7 8
[2369] = CNOT 7 11
[2370] = Z 7
[2371] = CNOT 7 11
[2372] = CNOT 7 12
[2373] = Z 7
[2374] = CNOT 7 12
[2375] = CNOT 7 16
[2376] = S 7
[2377] = Z 7
[2378] = CNOT 7 16
[2379] = CNOT 7 19
[2380] = Z 7
[2381] = CNOT 7 19
[2382] = CNOT 7 20
[2383] = S 7
[2384] = Z 7
[2385] = CNOT 7 20
[2386] = CNOT 7 21
[2387] = Z 7
[2388] = CNOT 7 21
[2389] = CNOT 7 22
[2390] = Z 7
[2391] = CNOT 7 22
[2392] = CNOT 7 23
[2393] = Z 7
[2394] = CNOT 7 23
[2395] = CNOT 7 28
[2396] = Z 7
[2397] = CNOT 7 28
[2398] = CNOT 7 29
[2399] = Z 7
[2400] = CNOT 7 8
[2401] = CNOT 7 9
[2402] = S 7
[2403] = Z 7
[2404] = CNOT 7 29
[2405] = CNOT 7 9
[2406] = CNOT 7 11
[2407] = CNOT 7 12
[2408] = S 7
[2409] = CNOT 7 12
[2410] = CNOT 7 16
[2411] = S 7
[2412] = Z 7
[2413] = CNOT 7 16
[2414] = CNOT 7 19
[2415] = Z 7
[2416] = CNOT 7 19
[2417] = CNOT 7 20
[2418] = S 7
[2419] = Z 7
[2420] = CNOT 7 20
[2421] = CNOT 7 21
[2422] = S 7
[2423] = CNOT 7 21
[2424] = CNOT 7 22
[2425] = S 7
[2426] = CNOT 7 22
[2427] = CNOT 7 23
[2428] = S 7
[2429] = CNOT 7 23
[2430] = CNOT 7 28
[2431] = S 7
[2432] = CNOT 7 28
[2433] = CNOT 7 29
[2434] = S 7
[2435] = CNOT 7 29
[2436] = CNOT 7 11
[2437] = CNOT 7 12
[2438] = CNOT 7 16
[2439] = S 7
[2440] = Z 7
[2441] = CNOT 7 16
[2442] = CNOT 7 19
[2443] = Z 7
[2444] = CNOT 7 19
[2445] = CNOT 7 20
[2446] = S 7
[2447] = Z 7
[2448] = CNOT 7 20
[2449] = CNOT 7 21
[2450] = S 7
[2451] = CNOT 7 21
[2452] = CNOT 7 22
[2453] = S 7
[2454] = CNOT 7 22
[2455] = CNOT 7 23
[2456] = S 7
[2457] = CNOT 7 23
[2458] = CNOT 7 28
[2459] = S 7
[2460] = CNOT 7 28
[2461] = CNOT 7 29
[2462] = S 7
[2463] = CNOT 7 29
[2464] = CNOT 7 12
[2465] = CNOT 7 16
[2466] = CNOT 7 21
[2467] = S 7
[2468] = Z 7
[2469] = CNOT 7 21
[2470] = CNOT 7 22
[2471] = S 7
[2472] = Z 7
[2473] = CNOT 7 22
[2474] = CNOT 7 23
[2475] = S 7
[2476] = Z 7
[2477] = CNOT 7 23
[2478] = CNOT 7 28
[2479] = S 7
[2480] = Z 7
[2481] = CNOT 7 28
[2482] = CNOT 7 29
[2483] = Z 7
[2484] = CNOT 7 29
[2485] = CNOT 7 16
[2486] = CNOT 7 19
[2487] = CNOT 7 20
[2488] = S 7
[2489] = Z 7
[2490] = CNOT 7 20
[2491] = CNOT 7 21
[2492] = Z 7
[2493] = CNOT 7 21
[2494] = CNOT 7 22
[2495] = Z 7
[2496] = CNOT 7 22
[2497] = CNOT 7 23
[2498] = Z 7
[2499] = CNOT 7 23
[2500] = CNOT 7 28
[2501] = Z 7
[2502] = CNOT 7 28
[2503] = CNOT 7 29
[2504] = Z 7
[2505] = CNOT 7 29
[2506] = CNOT 7 19
[2507] = CNOT 7 20
[2508] = CNOT 7 21
[2509] = S 7
[2510] = Z 7
[2511] = CNOT 7 21
[2512] = CNOT 7 22
[2513] = S 7
[2514] = Z 7
[2515] = CNOT 7 22
[2516] = CNOT 7 23
[2517] = S 7
[2518] = Z 7
[2519] = CNOT 7 23
[2520] = CNOT 7 28
[2521] = S 7
[2522] = Z 7
[2523] = CNOT 7 28
[2524] = CNOT 7 29
[2525] = S 7
[2526] = Z 7
[2527] = CNOT 7 29
[2528] = CNOT 7 20
[2529] = CNOT 7 21
[2530] = CNOT 7 22
[2531] = S 7
[2532] = CNOT 7 22
[2533] = CNOT 7 23
[2534] = S 7
[2535] = CNOT 7 23
[2536] = CNOT 7 28
[2537] = S 7
[2538] = CNOT 7 28
[2539] = CNOT 7 29
[2540] = S 7
[2541] = CNOT 7 29
[2542] = CNOT 7 21
[2543] = CNOT 7 22
[2544] = CNOT 7 23
[2545] = S 7
[2546] = CNOT 7 23
[2547] = CNOT 7 28
[2548] = S 7
[2549] = CNOT 7 28
[2550] = CNOT 7 29
[2551] = S 7
[2552] = CNOT 7 29
[2553] = CNOT 7 22
[2554] = CNOT 7 23
[2555] = CNOT 7 28
[2556] = S 7
[2557] = CNOT 7 28
[2558] = CNOT 7 29
[2559] = S 7
[2560] = CNOT 7 23
[2561] = CNOT 7 28
[2562] = S 7
[2563] = CNOT 7 29
[2564] = CNOT 7 28
[2565] = CNOT 8 11
[2566] = CNOT 8 16
[2567] = Z 8
[2568] = CNOT 8 16
[2569] = CNOT 8 20
[2570] = Z 8
[2571] = CNOT 8 20
[2572] = CNOT 8 11
[2573] = CNOT 8 12
[2574] = CNOT 8 16
[2575] = Z 8
[2576] = CNOT 8 16
[2577] = CNOT 8 20
[2578] = Z 8
[2579] = CNOT 8 20
[2580] = CNOT 8 12
[2581] = CNOT 8 16
[2582] = CNOT 8 19
[2583] = Z 8
[2584] = CNOT 8 19
[2585] = CNOT 8 20
[2586] = S 8
[2587] = Z 8
[2588] = CNOT 8 20
[2589] = CNOT 8 21
[2590] = Z 8
[2591] = CNOT 8 21
[2592] = CNOT 8 22
[2593] = Z 8
[2594] = CNOT 8 22
[2595] = CNOT 8 23
[2596] = Z 8
[2597] = CNOT 8 23
[2598] = CNOT 8 28
[2599] = Z 8
[2600] = CNOT 8 28
[2601] = CNOT 8 29
[2602] = Z 8
[2603] = CNOT 8 29
[2604] = CNOT 8 16
[2605] = CNOT 8 19
[2606] = CNOT 8 20
[2607] = Z 8
[2608] = CNOT 8 19
[2609] = CNOT 8 21
[2610] = Z 8
[2611] = CNOT 8 21
[2612] = CNOT 8 22
[2613] = Z 8
[2614] = CNOT 8 22
[2615] = CNOT 8 23
[2616] = Z 8
[2617] = CNOT 8 23
[2618] = CNOT 8 28
[2619] = Z 8
[2620] = CNOT 8 28
[2621] = CNOT 8 29
[2622] = Z 8
[2623] = CNOT 8 29
[2624] = CNOT 8 20
[2625] = CNOT 9 16
[2626] = CNOT 9 29
[2627] = S 9
[2628] = Z 9
[2629] = CNOT 9 16
[2630] = CNOT 9 28
[2631] = S 9
[2632] = Z 9
[2633] = CNOT 9 29
[2634] = CNOT 9 28
[2635] = CNOT 10 17
[2636] = CNOT 10 20
[2637] = S 10
[2638] = Z 10
[2639] = CNOT 10 20
[2640] = CNOT 10 17
[2641] = CNOT 11 12
[2642] = CNOT 11 16
[2643] = S 11
[2644] = CNOT 11 16
[2645] = CNOT 11 19
[2646] = S 11
[2647] = Z 11
[2648] = CNOT 11 19
[2649] = CNOT 11 20
[2650] = Z 11
[2651] = CNOT 11 20
[2652] = CNOT 11 22
[2653] = S 11
[2654] = CNOT 11 22
[2655] = CNOT 11 24
[2656] = S 11
[2657] = Z 11
[2658] = CNOT 11 24
[2659] = CNOT 11 28
[2660] = Z 11
[2661] = CNOT 11 28
[2662] = CNOT 11 29
[2663] = S 11
[2664] = Z 11
[2665] = CNOT 11 29
[2666] = CNOT 11 12
[2667] = CNOT 11 13
[2668] = CNOT 11 21
[2669] = S 11
[2670] = Z 11
[2671] = CNOT 11 21
[2672] = CNOT 11 22
[2673] = S 11
[2674] = Z 11
[2675] = CNOT 11 22
[2676] = CNOT 11 23
[2677] = S 11
[2678] = Z 11
[2679] = CNOT 11 23
[2680] = CNOT 11 24
[2681] = S 11
[2682] = Z 11
[2683] = CNOT 11 24
[2684] = CNOT 11 28
[2685] = S 11
[2686] = Z 11
[2687] = CNOT 11 28
[2688] = CNOT 11 29
[2689] = S 11
[2690] = Z 11
[2691] = CNOT 11 29
[2692] = CNOT 11 13
[2693] = CNOT 11 14
[2694] = CNOT 11 28
[2695] = S 11
[2696] = Z 11
[2697] = CNOT 11 28
[2698] = CNOT 11 14
[2699] = CNOT 11 16
[2700] = CNOT 11 19
[2701] = Z 11
[2702] = CNOT 11 19
[2703] = CNOT 11 20
[2704] = S 11
[2705] = Z 11
[2706] = CNOT 11 20
[2707] = CNOT 11 21
[2708] = S 11
[2709] = CNOT 11 21
[2710] = CNOT 11 22
[2711] = S 11
[2712] = CNOT 11 22
[2713] = CNOT 11 23
[2714] = S 11
[2715] = CNOT 11 23
[2716] = CNOT 11 28
[2717] = S 11
[2718] = CNOT 11 28
[2719] = CNOT 11 29
[2720] = S 11
[2721] = CNOT 11 29
[2722] = CNOT 11 16
[2723] = CNOT 11 19
[2724] = CNOT 11 20
[2725] = Z 11
[2726] = CNOT 11 20
[2727] = CNOT 11 21
[2728] = S 11
[2729] = Z 11
[2730] = CNOT 11 21
[2731] = CNOT 11 22
[2732] = S 11
[2733] = Z 11
[2734] = CNOT 11 22
[2735] = CNOT 11 23
[2736] = S 11
[2737] = Z 11
[2738] = CNOT 11 23
[2739] = CNOT 11 28
[2740] = S 11
[2741] = Z 11
[2742] = CNOT 11 28
[2743] = CNOT 11 29
[2744] = S 11
[2745] = Z 11
[2746] = CNOT 11 29
[2747] = CNOT 11 19
[2748] = CNOT 11 20
[2749] = CNOT 11 21
[2750] = Z 11
[2751] = CNOT 11 21
[2752] = CNOT 11 22
[2753] = Z 11
[2754] = CNOT 11 22
[2755] = CNOT 11 23
[2756] = Z 11
[2757] = CNOT 11 23
[2758] = CNOT 11 28
[2759] = Z 11
[2760] = CNOT 11 28
[2761] = CNOT 11 29
[2762] = Z 11
[2763] = CNOT 11 29
[2764] = CNOT 11 20
[2765] = CNOT 11 21
[2766] = CNOT 11 24
[2767] = Z 11
[2768] = CNOT 11 24
[2769] = CNOT 11 28
[2770] = S 11
[2771] = Z 11
[2772] = CNOT 11 28
[2773] = CNOT 11 29
[2774] = S 11
[2775] = Z 11
[2776] = CNOT 11 29
[2777] = CNOT 11 21
[2778] = CNOT 11 22
[2779] = CNOT 11 24
[2780] = S 11
[2781] = Z 11
[2782] = CNOT 11 24
[2783] = CNOT 11 28
[2784] = S 11
[2785] = Z 11
[2786] = CNOT 11 28
[2787] = CNOT 11 22
[2788] = CNOT 11 23
[2789] = CNOT 11 24
[2790] = Z 11
[2791] = CNOT 11 24
[2792] = CNOT 11 28
[2793] = S 11
[2794] = Z 11
[2795] = CNOT 11 28
[2796] = CNOT 11 29
[2797] = S 11
[2798] = Z 11
[2799] = CNOT 11 29
[2800] = CNOT 11 23
[2801] = CNOT 11 24
[2802] = CNOT 11 28
[2803] = Z 11
[2804] = CNOT 11 28
[2805] = CNOT 11 29
[2806] = Z 11
[2807] = CNOT 11 24
[2808] = CNOT 11 28
[2809] = Z 11
[2810] = CNOT 11 29
[2811] = CNOT 11 28
[2812] = CNOT 12 13
[2813] = CNOT 12 21
[2814] = S 12
[2815] = Z 12
[2816] = CNOT 12 21
[2817] = CNOT 12 22
[2818] = S 12
[2819] = Z 12
[2820] = CNOT 12 22
[2821] = CNOT 12 23
[2822] = S 12
[2823] = Z 12
[2824] = CNOT 12 23
[2825] = CNOT 12 24
[2826] = S 12
[2827] = Z 12
[2828] = CNOT 12 24
[2829] = CNOT 12 28
[2830] = S 12
[2831] = Z 12
[2832] = CNOT 12 28
[2833] = CNOT 12 29
[2834] = S 12
[2835] = Z 12
[2836] = CNOT 12 29
[2837] = CNOT 12 13
[2838] = CNOT 12 14
[2839] = CNOT 12 28
[2840] = S 12
[2841] = Z 12
[2842] = CNOT 12 28
[2843] = CNOT 12 14
[2844] = CNOT 12 16
[2845] = CNOT 12 19
[2846] = Z 12
[2847] = CNOT 12 19
[2848] = CNOT 12 20
[2849] = S 12
[2850] = Z 12
[2851] = CNOT 12 20
[2852] = CNOT 12 21
[2853] = S 12
[2854] = CNOT 12 21
[2855] = CNOT 12 22
[2856] = S 12
[2857] = CNOT 12 22
[2858] = CNOT 12 23
[2859] = S 12
[2860] = CNOT 12 23
[2861] = CNOT 12 28
[2862] = S 12
[2863] = CNOT 12 28
[2864] = CNOT 12 29
[2865] = S 12
[2866] = CNOT 12 29
[2867] = CNOT 12 16
[2868] = CNOT 12 19
[2869] = CNOT 12 20
[2870] = Z 12
[2871] = CNOT 12 20
[2872] = CNOT 12 21
[2873] = S 12
[2874] = Z 12
[2875] = CNOT 12 21
[2876] = CNOT 12 22
[2877] = S 12
[2878] = Z 12
[2879] = CNOT 12 22
[2880] = CNOT 12 23
[2881] = S 12
[2882] = Z 12
[2883] = CNOT 12 23
[2884] = CNOT 12 28
[2885] = S 12
[2886] = Z 12
[2887] = CNOT 12 28
[2888] = CNOT 12 29
[2889] = S 12
[2890] = Z 12
[2891] = CNOT 12 29
[2892] = CNOT 12 19
[2893] = CNOT 12 20
[2894] = CNOT 12 21
[2895] = Z 12
[2896] = CNOT 12 21
[2897] = CNOT 12 22
[2898] = Z 12
[2899] = CNOT 12 22
[2900] = CNOT 12 23
[2901] = Z 12
[2902] = CNOT 12 23
[2903] = CNOT 12 28
[2904] = Z 12
[2905] = CNOT 12 28
[2906] = CNOT 12 29
[2907] = Z 12
[2908] = CNOT 12 29
[2909] = CNOT 12 20
[2910] = CNOT 12 21
[2911] = CNOT 12 24
[2912] = Z 12
[2913] = CNOT 12 24
[2914] = CNOT 12 28
[2915] = S 12
[2916] = Z 12
[2917] = CNOT 12 28
[2918] = CNOT 12 29
[2919] = S 12
[2920] = Z 12
[2921] = CNOT 12 29
[2922] = CNOT 12 21
[2923] = CNOT 12 22
[2924] = CNOT 12 24
[2925] = S 12
[2926] = Z 12
[2927] = CNOT 12 24
[2928] = CNOT 12 28
[2929] = S 12
[2930] = Z 12
[2931] = CNOT 12 28
[2932] = CNOT 12 22
[2933] = CNOT 12 23
[2934] = CNOT 12 24
[2935] = Z 12
[2936] = CNOT 12 24
[2937] = CNOT 12 28
[2938] = S 12
[2939] = Z 12
[2940] = CNOT 12 28
[2941] = CNOT 12 29
[2942] = S 12
[2943] = Z 12
[2944] = CNOT 12 29
[2945] = CNOT 12 23
[2946] = CNOT 12 24
[2947] = CNOT 12 28
[2948] = Z 12
[2949] = CNOT 12 28
[2950] = CNOT 12 29
[2951] = Z 12
[2952] = CNOT 12 24
[2953] = CNOT 12 28
[2954] = Z 12
[2955] = CNOT 12 29
[2956] = CNOT 12 28
[2957] = CNOT 13 21
[2958] = CNOT 13 22
[2959] = Z 13
[2960] = CNOT 13 22
[2961] = CNOT 13 23
[2962] = Z 13
[2963] = CNOT 13 23
[2964] = CNOT 13 24
[2965] = Z 13
[2966] = CNOT 13 24
[2967] = CNOT 13 28
[2968] = Z 13
[2969] = CNOT 13 28
[2970] = CNOT 13 29
[2971] = Z 13
[2972] = CNOT 13 29
[2973] = CNOT 13 21
[2974] = CNOT 13 22
[2975] = CNOT 13 23
[2976] = Z 13
[2977] = CNOT 13 23
[2978] = CNOT 13 24
[2979] = Z 13
[2980] = CNOT 13 24
[2981] = CNOT 13 28
[2982] = Z 13
[2983] = CNOT 13 28
[2984] = CNOT 13 29
[2985] = Z 13
[2986] = CNOT 13 29
[2987] = CNOT 13 22
[2988] = CNOT 13 23
[2989] = CNOT 13 24
[2990] = Z 13
[2991] = CNOT 13 24
[2992] = CNOT 13 28
[2993] = Z 13
[2994] = CNOT 13 28
[2995] = CNOT 13 29
[2996] = Z 13
[2997] = CNOT 13 29
[2998] = CNOT 13 23
[2999] = CNOT 13 24
[3000] = CNOT 13 28
[3001] = Z 13
[3002] = CNOT 13 28
[3003] = CNOT 13 29
[3004] = Z 13
[3005] = CNOT 13 24
[3006] = CNOT 13 28
[3007] = Z 13
[3008] = CNOT 13 29
[3009] = CNOT 13 28
[3010] = CNOT 14 21
[3011] = CNOT 14 28
[3012] = S 14
[3013] = Z 14
[3014] = CNOT 14 21
[3015] = CNOT 14 22
[3016] = Z 14
[3017] = CNOT 14 28
[3018] = CNOT 14 22
[3019] = CNOT 15 18
[3020] = CNOT 15 24
[3021] = S 15
[3022] = Z 15
[3023] = CNOT 15 24
[3024] = CNOT 15 18
[3025] = CNOT 16 19
[3026] = CNOT 16 20
[3027] = S 16
[3028] = Z 16
[3029] = CNOT 16 20
[3030] = CNOT 16 21
[3031] = Z 16
[3032] = CNOT 16 21
[3033] = CNOT 16 22
[3034] = Z 16
[3035] = CNOT 16 22
[3036] = CNOT 16 23
[3037] = Z 16
[3038] = CNOT 16 23
[3039] = CNOT 16 28
[3040] = Z 16
[3041] = CNOT 16 28
[3042] = CNOT 16 29
[3043] = Z 16
[3044] = CNOT 16 29
[3045] = CNOT 16 19
[3046] = CNOT 16 20
[3047] = CNOT 16 21
[3048] = S 16
[3049] = Z 16
[3050] = CNOT 16 21
[3051] = CNOT 16 22
[3052] = S 16
[3053] = Z 16
[3054] = CNOT 16 22
[3055] = CNOT 16 23
[3056] = S 16
[3057] = Z 16
[3058] = CNOT 16 23
[3059] = CNOT 16 28
[3060] = S 16
[3061] = Z 16
[3062] = CNOT 16 28
[3063] = CNOT 16 29
[3064] = S 16
[3065] = Z 16
[3066] = CNOT 16 29
[3067] = CNOT 16 20
[3068] = CNOT 16 21
[3069] = CNOT 16 22
[3070] = S 16
[3071] = CNOT 16 22
[3072] = CNOT 16 23
[3073] = S 16
[3074] = CNOT 16 23
[3075] = CNOT 16 28
[3076] = S 16
[3077] = CNOT 16 28
[3078] = CNOT 16 29
[3079] = S 16
[3080] = CNOT 16 29
[3081] = CNOT 16 21
[3082] = CNOT 16 22
[3083] = CNOT 16 23
[3084] = S 16
[3085] = CNOT 16 23
[3086] = CNOT 16 28
[3087] = S 16
[3088] = CNOT 16 28
[3089] = CNOT 16 29
[3090] = S 16
[3091] = CNOT 16 29
[3092] = CNOT 16 22
[3093] = CNOT 16 23
[3094] = CNOT 16 28
[3095] = S 16
[3096] = CNOT 16 28
[3097] = CNOT 16 29
[3098] = S 16
[3099] = CNOT 16 23
[3100] = CNOT 16 28
[3101] = S 16
[3102] = CNOT 16 29
[3103] = CNOT 16 28
[3104] = CNOT 19 20
[3105] = CNOT 19 21
[3106] = Z 19
[3107] = CNOT 19 21
[3108] = CNOT 19 22
[3109] = Z 19
[3110] = CNOT 19 22
[3111] = CNOT 19 23
[3112] = Z 19
[3113] = CNOT 19 23
[3114] = CNOT 19 28
[3115] = Z 19
[3116] = CNOT 19 28
[3117] = CNOT 19 29
[3118] = Z 19
[3119] = CNOT 19 29
[3120] = CNOT 19 20
[3121] = CNOT 19 21
[3122] = CNOT 19 22
[3123] = S 19
[3124] = Z 19
[3125] = CNOT 19 22
[3126] = CNOT 19 23
[3127] = S 19
[3128] = Z 19
[3129] = CNOT 19 23
[3130] = CNOT 19 28
[3131] = S 19
[3132] = Z 19
[3133] = CNOT 19 28
[3134] = CNOT 19 29
[3135] = S 19
[3136] = Z 19
[3137] = CNOT 19 29
[3138] = CNOT 19 21
[3139] = CNOT 19 22
[3140] = CNOT 19 23
[3141] = S 19
[3142] = Z 19
[3143] = CNOT 19 23
[3144] = CNOT 19 28
[3145] = S 19
[3146] = Z 19
[3147] = CNOT 19 28
[3148] = CNOT 19 29
[3149] = S 19
[3150] = Z 19
[3151] = CNOT 19 29
[3152] = CNOT 19 22
[3153] = CNOT 19 23
[3154] = CNOT 19 28
[3155] = S 19
[3156] = Z 19
[3157] = CNOT 19 28
[3158] = CNOT 19 29
[3159] = S 19
[3160] = Z 19
[3161] = CNOT 19 23
[3162] = CNOT 19 28
[3163] = S 19
[3164] = Z 19
[3165] = CNOT 19 29
[3166] = CNOT 19 28
[3167] = CNOT 20 21
[3168] = CNOT 20 22
[3169] = Z 20
[3170] = CNOT 20 22
[3171] = CNOT 20 23
[3172] = Z 20
[3173] = CNOT 20 23
[3174] = CNOT 20 28
[3175] = Z 20
[3176] = CNOT 20 28
[3177] = CNOT 20 29
[3178] = Z 20
[3179] = CNOT 20 29
[3180] = CNOT 20 21
[3181] = CNOT 20 22
[3182] = CNOT 20 23
[3183] = Z 20
[3184] = CNOT 20 23
[3185] = CNOT 20 28
[3186] = Z 20
[3187] = CNOT 20 28
[3188] = CNOT 20 29
[3189] = Z 20
[3190] = CNOT 20 29
[3191] = CNOT 20 22
[3192] = CNOT 20 23
[3193] = CNOT 20 28
[3194] = Z 20
[3195] = CNOT 20 28
[3196] = CNOT 20 29
[3197] = Z 20
[3198] = CNOT 20 23
[3199] = CNOT 20 28
[3200] = Z 20
[3201] = CNOT 20 29
[3202] = CNOT 20 28
[3203] = CNOT 21 22
[3204] = CNOT 21 23
[3205] = Z 21
[3206] = CNOT 21 23
[3207] = CNOT 21 24
[3208] = S 21
[3209] = CNOT 21 24
[3210] = CNOT 21 28
[3211] = S 21
[3212] = CNOT 21 28
[3213] = CNOT 21 29
[3214] = Z 21
[3215] = CNOT 21 29
[3216] = CNOT 21 22
[3217] = CNOT 21 23
[3218] = CNOT 21 28
[3219] = S 21
[3220] = CNOT 21 28
[3221] = CNOT 21 29
[3222] = S 21
[3223] = CNOT 21 29
[3224] = CNOT 21 23
[3225] = CNOT 22 23
[3226] = CNOT 22 24
[3227] = S 22
[3228] = CNOT 22 24
[3229] = CNOT 22 28
[3230] = Z 22
[3231] = CNOT 22 28
[3232] = CNOT 22 29
[3233] = Z 22
[3234] = CNOT 22 29
[3235] = CNOT 22 23
[3236] = CNOT 22 24
[3237] = CNOT 22 28
[3238] = S 22
[3239] = CNOT 22 28
[3240] = CNOT 22 29
[3241] = S 22
[3242] = CNOT 22 24
[3243] = CNOT 22 28
[3244] = Z 22
[3245] = CNOT 22 29
[3246] = CNOT 22 28
[3247] = CNOT 29 32
[3248] = CNOT 7 32
[3249] = CNOT 28 31
[3250] = CNOT 12 31
[3251] = CNOT 26 30
[3252] = CNOT 24 30
[3253] = CNOT 15 30
[3254] = CNOT 32 29
[3255] = CNOT 29 32
[3256] = CNOT 31 28
[3257] = CNOT 28 31
[3258] = CNOT 30 27
[3259] = CNOT 27 30
[3260] = CNOT 27 26
[3261] = CNOT 25 26
[3262] = CNOT 26 27
[3263] = CNOT 23 25
[3264] = CNOT 18 25
[3265] = CNOT 15 25
[3266] = CNOT 13 25
[3267] = CNOT 26 24
[3268] = CNOT 24 26
[3269] = CNOT 25 23
[3270] = CNOT 23 25
[3271] = CNOT 20 22
[3272] = CNOT 14 22
[3273] = CNOT 10 22
[3274] = CNOT 19 21
[3275] = CNOT 17 21
[3276] = CNOT 14 21
[3277] = CNOT 12 21
[3278] = CNOT 10 21
[3279] = CNOT 8 21
[3280] = CNOT 22 20
[3281] = CNOT 20 22
[3282] = CNOT 21 19
[3283] = CNOT 19 21
[3284] = CNOT 23 18
[3285] = CNOT 15 18
[3286] = CNOT 18 23
[3287] = CNOT 19 17
[3288] = CNOT 10 17
[3289] = CNOT 17 19
[3290] = CNOT 9 16
[3291] = CNOT 7 16
[3292] = CNOT 5 16
[3293] = CNOT 4 16
[3294] = CNOT 24 15
[3295] = CNOT 15 24
[3296] = CNOT 28 14
[3297] = CNOT 14 28
[3298] = CNOT 18 13
[3299] = CNOT 13 18
[3300] = CNOT 28 12
[3301] = CNOT 12 28
[3302] = CNOT 28 11
[3303] = CNOT 20 10
[3304] = CNOT 10 20
[3305] = CNOT 29 9
[3306] = CNOT 9 29
[3307] = CNOT 17 8
[3308] = CNOT 8 17
[3309] = CNOT 29 7
[3310] = CNOT 7 29
[3311] = CNOT 29 6
[3312] = CNOT 29 5
[3313] = CNOT 7 5
[3314] = CNOT 16 4
[3315] = CNOT 4 16
[3316] = CNOT 7 3
[3317] = CNOT 4 3
[3318] = CNOT 7 2
[3319] = CNOT 4 2
[3320] = CNOT 3 2
[3321] = CNOT 3 1
[3322] = H 16
[3323] = M 16
[3324] = H 17
[3325] = M 17
[3326] = H 18
[3327] = M 18
[3328] = H 19
[3329] = M 19
[3330] = H 20
[3331] = M 20
[3332] = H 21
[3333] = M 21
[3334] = H 22
[3335] = M 22
[3336] = H 23
[3337] = M 23
[3338] = H 24
[3339] = M 24
[3340] = H 25
[3341] = M 25
[3342] = H 26
[3343] = M 26
[3344] = H 27
[3345] = M 27
[3346] = H 28
[3347] = M 28
[3348] = H 29
[3349] = M 29
[3350] = H 30
[3351] = M 30
[3352] = H 31
[3353] = M 31
[3354] = H 32
[3355] = M 32
Gate distributions:
Input:
Operator distribution:
Total number of qubits = 15
Number of `data' qubits = 15
Number of `Toff_n' ancillas = 0
Number of Hadamard ancillas = 0
Hadamard ancilla cap = infinite
Number of {CNOT,T} partitions = 1
T count = 70
Cost estimation = 35040
	id	Count
	0	0
	1	0
	2	0
	3	20
	4	20
	5	0
	6	0
	7	0
	8	0
	9	0
	10	10
	11	0
	12	0
	13	0
	14	0
	15	0
	16	0
	17	0
	18	0
Output:
Operator distribution:
Total number of qubits = 32
Number of `data' qubits = 15
Number of `Toff_n' ancillas = 0
Number of Hadamard ancillas = 17
Hadamard ancilla cap = infinite
Number of {CNOT,T} partitions = 1
T count = 50
Cost estimation = 28314.5
	id	Count
	0	0
	1	0
	2	0
	3	37
	4	2236
	5	50
	6	0
	7	0
	8	0
	9	0
	10	0
	11	423
	12	0
	13	593
	14	0
	15	0
	16	0
	17	0
	18	17
Output T Count (SQC_Circuit) = 50
Output T Count (PhasePolynomial) = 50
Fail count = 0

Execution time: 10.8556s
Number of LCL errors: 0
Number of LCL warnings: 0
