Optimize a Clifford + T circuit.
Input filename = /home/ryo-mtmt/TOpt/forme/tpar_benchmark/barenco_tof_10.tfc
Number of unknown gates = 0
Number of unknown qubit labels = 0
Circuit filename: /home/ryo-mtmt/TOpt/forme/tpar_benchmark/barenco_tof_10.tfc

n 19
n_x 19
n_y 0
n_z 0
m 101
[0] = H 19
[1] = CCZ 10 18 19
[2] = H 18
[3] = CCZ 9 17 18
[4] = H 17
[5] = CCZ 8 16 17
[6] = H 16
[7] = CCZ 7 15 16
[8] = H 15
[9] = CCZ 6 14 15
[10] = H 14
[11] = CCZ 5 13 14
[12] = H 13
[13] = CCZ 4 12 13
[14] = H 12
[15] = CCZ 3 11 12
[16] = H 11
[17] = CCZ 1 2 11
[18] = H 11
[19] = CCZ 3 11 12
[20] = H 12
[21] = CCZ 4 12 13
[22] = H 13
[23] = CCZ 5 13 14
[24] = H 14
[25] = CCZ 6 14 15
[26] = H 15
[27] = CCZ 7 15 16
[28] = H 16
[29] = CCZ 8 16 17
[30] = H 17
[31] = CCZ 9 17 18
[32] = H 18
[33] = CCZ 10 18 19
[34] = H 19
[35] = H 18
[36] = CCZ 9 17 18
[37] = H 17
[38] = CCZ 8 16 17
[39] = H 16
[40] = CCZ 7 15 16
[41] = H 15
[42] = CCZ 6 14 15
[43] = H 14
[44] = CCZ 5 13 14
[45] = H 13
[46] = CCZ 4 12 13
[47] = H 12
[48] = CCZ 3 11 12
[49] = H 11
[50] = CCZ 1 2 11
[51] = H 11
[52] = CCZ 3 11 12
[53] = H 12
[54] = CCZ 4 12 13
[55] = H 13
[56] = CCZ 5 13 14
[57] = H 14
[58] = CCZ 6 14 15
[59] = H 15
[60] = CCZ 7 15 16
[61] = H 16
[62] = CCZ 8 16 17
[63] = H 17
[64] = CCZ 9 17 18
[65] = H 18

Algorithm used: lx2_dynamic_repair_chi_packed_aa

UniversalOptimize begin.
	Gate synthesis begin.
A_BMS
BMSparse object. Dims: 50x100
3598 3398 3397 3396 1996 896 1094 293 2592 292 1691 1690 1689 889 1688 888 3687 3287 3286 786 4782 682 4781 3781 2779 2579 2778 2578 4676 4675 4674 1171 371 370 3869 3069 784 3868 3068 4780 2467 2466 366 4865 4864 764 4863 1092 3662 762 3874 1561 2060 1560 1559 328 1988 1217 1170 1427 2316 3399 3142 1426 625 4029 232 2645 4550 2644 4549 1093 3663 322 3875 4132 1425 1806 4910 1354 408 3131 2124 1353 320 417 2472 416 3686 2915 4783 2470 414 1705 1704 624 905 4334 576 3403 4422 3908 3285 2257 2084 4911 2126 1355 3402 2909 2315 2829 2058 1801 1218 574 3401 568 4423 3909 1216 4137 1804 2318 902 2908 4333 3511 1095 1352 3510 4677 4420 1706 4421 4548 4020 1707 904 3731 898 4239 556 812 4241 900 138 3948 2085 4912 4913 3599 2314 1800 2828 1558 4028 630 3730 4238 4332 278 4133 680 4021 2736 450 234 2647 4335 1172 144 4862 236 2594 4136 2737 1424 139 3949 2867 40 4240 642 2142 2914 2143 3400 3143 1997 2254 44 38 552 1173 145 3130 46 2646 3780 4551 1990 1219 448 2252 2866 810 553 3284 2256 3056 3057 758 759 

[Dynamic Basis Local Repair TODD + Chi Compression + Packed + AA] Compare with lx2_dynamic_repair_chi_packed
--- Round 0 | Current Columns: 100 ---
  [HIT!] Pair(73,95) x-weight=2 | 100 -> 98 columns
--- Round 1 | Current Columns: 98 ---
  [HIT!] Pair(19,55) x-weight=2 | 98 -> 96 columns
--- Round 2 | Current Columns: 96 ---
  [HIT!] Pair(27,61) x-weight=2 | 96 -> 94 columns
--- Round 3 | Current Columns: 94 ---
  [HIT!] Pair(7,91) x-weight=2 | 94 -> 92 columns
--- Round 4 | Current Columns: 92 ---
  [HIT!] Pair(35,47) x-weight=2 | 92 -> 90 columns
--- Round 5 | Current Columns: 90 ---
  [HIT!] Pair(65,77) x-weight=2 | 90 -> 88 columns
--- Round 6 | Current Columns: 88 ---
  [HIT!] Pair(7,13) x-weight=3 | 88 -> 86 columns
--- Round 7 | Current Columns: 86 ---
  [HIT!] Pair(25,71) x-weight=4 | 86 -> 84 columns
--- Round 8 | Current Columns: 84 ---

=== Dynamic Basis Local Repair Chi Packed AA Summary ===
Algorithm       : LempelX2_DynamicBasisLocalRepairChiPackedAA
Initial T-count : 100
Final T-count   : 84
Total Reduced   : 16 gates
Execution Time  : 11452 ms
Pairs tested    : 4756
Filtered miss   : 4748
Nullspace runs  : 8
Rebuild count   : 4001
Local add count : 755
AA Table time   : 0.287 ms
Chi update time : 11291.3 ms
Basis work time : 11291.3 ms
Nullspace time  : 13.026 ms
Avg affected    : 22072.6 rows
Avg active rows : 39261.3
=======================================================
		TODD executed in 11.4336 seconds.
		Total time: 11.4382s
	Gate synthesis end.
	Total time: 24.1352s
UniversalOptimize end.
Output circuit:
n 50
n_x 19
n_y 0
n_z 31
m 3301
[0] = H 19
[1] = H 20
[2] = H 21
[3] = H 22
[4] = H 23
[5] = H 24
[6] = H 25
[7] = H 26
[8] = H 27
[9] = H 28
[10] = H 29
[11] = H 30
[12] = H 31
[13] = H 32
[14] = H 33
[15] = H 34
[16] = H 35
[17] = H 36
[18] = H 37
[19] = H 38
[20] = H 39
[21] = H 40
[22] = H 41
[23] = H 42
[24] = H 43
[25] = H 44
[26] = H 45
[27] = H 46
[28] = H 47
[29] = H 48
[30] = H 49
[31] = H 50
[32] = CNOT 3 4
[33] = CNOT 3 7
[34] = CNOT 3 10
[35] = CNOT 3 16
[36] = CNOT 3 17
[37] = CNOT 3 18
[38] = CNOT 3 19
[39] = CNOT 3 35
[40] = CNOT 3 50
[41] = T 3
[42] = CNOT 3 10
[43] = T 3
[44] = CNOT 3 19
[45] = CNOT 3 10
[46] = T 3
[47] = CNOT 3 10
[48] = T 3
[49] = CNOT 3 35
[50] = CNOT 3 18
[51] = CNOT 3 10
[52] = CNOT 3 19
[53] = T 3
[54] = CNOT 3 19
[55] = T 3
[56] = CNOT 3 10
[57] = CNOT 3 19
[58] = T 3
[59] = CNOT 3 50
[60] = CNOT 3 19
[61] = CNOT 3 17
[62] = CNOT 33 37
[63] = T 33
[64] = S 33
[65] = CNOT 33 37
[66] = CNOT 5 13
[67] = CNOT 5 14
[68] = CNOT 5 30
[69] = CNOT 5 40
[70] = CNOT 5 47
[71] = CNOT 5 49
[72] = T 5
[73] = CNOT 5 40
[74] = CNOT 5 13
[75] = CNOT 13 14
[76] = CNOT 13 30
[77] = CNOT 13 40
[78] = CNOT 13 47
[79] = CNOT 13 49
[80] = T 13
[81] = CNOT 13 49
[82] = CNOT 13 47
[83] = CNOT 13 40
[84] = CNOT 13 30
[85] = CNOT 13 14
[86] = CNOT 3 9
[87] = CNOT 3 36
[88] = T 3
[89] = CNOT 3 9
[90] = T 3
[91] = CNOT 3 36
[92] = CNOT 3 9
[93] = T 3
[94] = CNOT 3 9
[95] = CNOT 8 33
[96] = CNOT 8 37
[97] = T 8
[98] = CNOT 8 37
[99] = CNOT 8 33
[100] = CNOT 5 13
[101] = CNOT 5 24
[102] = T 5
[103] = CNOT 5 30
[104] = CNOT 5 13
[105] = CNOT 13 14
[106] = CNOT 13 24
[107] = CNOT 13 30
[108] = CNOT 13 47
[109] = CNOT 13 49
[110] = T 13
[111] = CNOT 13 49
[112] = CNOT 13 47
[113] = CNOT 13 30
[114] = CNOT 13 24
[115] = CNOT 13 14
[116] = T 5
[117] = CNOT 5 24
[118] = T 5
[119] = CNOT 5 14
[120] = CNOT 14 24
[121] = CNOT 14 47
[122] = CNOT 14 49
[123] = T 14
[124] = CNOT 14 49
[125] = CNOT 14 47
[126] = CNOT 14 24
[127] = CNOT 3 20
[128] = CNOT 3 34
[129] = CNOT 3 50
[130] = T 3
[131] = CNOT 3 20
[132] = CNOT 3 16
[133] = CNOT 3 7
[134] = CNOT 3 4
[135] = CNOT 7 12
[136] = CNOT 7 16
[137] = CNOT 7 41
[138] = CNOT 7 45
[139] = T 7
[140] = CNOT 7 45
[141] = CNOT 7 41
[142] = CNOT 7 16
[143] = CNOT 7 12
[144] = CNOT 4 7
[145] = CNOT 4 12
[146] = CNOT 4 16
[147] = CNOT 4 41
[148] = CNOT 4 45
[149] = T 4
[150] = CNOT 4 41
[151] = CNOT 4 7
[152] = CNOT 7 12
[153] = CNOT 7 16
[154] = CNOT 7 45
[155] = T 7
[156] = CNOT 7 45
[157] = CNOT 7 16
[158] = CNOT 7 12
[159] = CNOT 4 7
[160] = T 4
[161] = CNOT 4 45
[162] = CNOT 4 16
[163] = CNOT 4 12
[164] = CNOT 4 7
[165] = CNOT 7 16
[166] = CNOT 7 22
[167] = T 7
[168] = S 7
[169] = Z 7
[170] = CNOT 7 22
[171] = CNOT 7 16
[172] = CNOT 21 33
[173] = T 21
[174] = S 21
[175] = CNOT 21 33
[176] = CNOT 16 22
[177] = T 16
[178] = Z 16
[179] = CNOT 16 22
[180] = CNOT 3 4
[181] = CNOT 3 7
[182] = CNOT 3 9
[183] = CNOT 3 16
[184] = CNOT 3 36
[185] = T 3
[186] = CNOT 3 50
[187] = CNOT 3 36
[188] = CNOT 3 34
[189] = CNOT 3 9
[190] = CNOT 3 7
[191] = CNOT 3 4
[192] = CNOT 7 12
[193] = CNOT 7 16
[194] = CNOT 7 29
[195] = CNOT 7 41
[196] = T 7
[197] = CNOT 7 41
[198] = CNOT 7 29
[199] = CNOT 7 16
[200] = CNOT 7 12
[201] = CNOT 4 7
[202] = CNOT 4 12
[203] = CNOT 4 16
[204] = CNOT 4 29
[205] = CNOT 4 41
[206] = T 4
[207] = CNOT 4 41
[208] = CNOT 4 29
[209] = CNOT 4 16
[210] = CNOT 4 12
[211] = CNOT 4 7
[212] = CNOT 7 15
[213] = CNOT 7 16
[214] = CNOT 7 32
[215] = CNOT 7 38
[216] = T 7
[217] = CNOT 7 38
[218] = CNOT 7 32
[219] = CNOT 7 16
[220] = CNOT 7 15
[221] = CNOT 15 16
[222] = CNOT 15 32
[223] = CNOT 15 38
[224] = T 15
[225] = CNOT 15 38
[226] = CNOT 15 32
[227] = CNOT 15 16
[228] = CNOT 3 4
[229] = CNOT 3 7
[230] = CNOT 3 11
[231] = CNOT 3 42
[232] = CNOT 3 44
[233] = T 3
[234] = CNOT 3 42
[235] = CNOT 3 4
[236] = CNOT 4 7
[237] = CNOT 4 11
[238] = CNOT 4 16
[239] = CNOT 4 42
[240] = CNOT 4 44
[241] = T 4
[242] = CNOT 4 44
[243] = CNOT 4 42
[244] = CNOT 4 16
[245] = CNOT 4 11
[246] = CNOT 4 7
[247] = CNOT 3 4
[248] = T 3
[249] = CNOT 3 44
[250] = CNOT 3 11
[251] = CNOT 3 26
[252] = T 3
[253] = CNOT 3 26
[254] = CNOT 3 11
[255] = CNOT 3 28
[256] = CNOT 3 42
[257] = T 3
[258] = CNOT 3 42
[259] = CNOT 3 28
[260] = CNOT 3 11
[261] = CNOT 3 7
[262] = CNOT 3 4
[263] = CNOT 4 7
[264] = CNOT 4 11
[265] = CNOT 4 16
[266] = CNOT 4 28
[267] = CNOT 4 42
[268] = T 4
[269] = CNOT 4 42
[270] = CNOT 4 28
[271] = CNOT 4 16
[272] = CNOT 4 11
[273] = CNOT 4 7
[274] = CNOT 1 2
[275] = CNOT 1 4
[276] = CNOT 1 7
[277] = CNOT 1 11
[278] = CNOT 1 16
[279] = CNOT 1 27
[280] = CNOT 1 43
[281] = CNOT 1 44
[282] = T 1
[283] = CNOT 1 2
[284] = CNOT 2 4
[285] = CNOT 2 7
[286] = CNOT 2 11
[287] = CNOT 2 16
[288] = CNOT 2 27
[289] = CNOT 2 43
[290] = CNOT 2 44
[291] = T 2
[292] = CNOT 2 44
[293] = CNOT 2 43
[294] = CNOT 2 27
[295] = CNOT 2 16
[296] = CNOT 2 11
[297] = CNOT 2 7
[298] = CNOT 2 4
[299] = T 1
[300] = CNOT 1 43
[301] = CNOT 1 27
[302] = CNOT 1 7
[303] = CNOT 1 4
[304] = CNOT 4 7
[305] = CNOT 4 11
[306] = CNOT 4 16
[307] = CNOT 4 27
[308] = CNOT 4 43
[309] = CNOT 4 44
[310] = T 4
[311] = CNOT 4 44
[312] = CNOT 4 43
[313] = CNOT 4 27
[314] = CNOT 4 16
[315] = CNOT 4 11
[316] = CNOT 4 7
[317] = CNOT 7 15
[318] = CNOT 7 16
[319] = CNOT 7 22
[320] = CNOT 7 32
[321] = T 7
[322] = CNOT 7 32
[323] = CNOT 7 22
[324] = CNOT 7 16
[325] = CNOT 7 15
[326] = CNOT 15 16
[327] = CNOT 15 22
[328] = CNOT 15 32
[329] = T 15
[330] = CNOT 15 32
[331] = CNOT 15 22
[332] = CNOT 15 16
[333] = CNOT 1 2
[334] = CNOT 1 4
[335] = CNOT 1 7
[336] = T 1
[337] = CNOT 1 2
[338] = CNOT 2 4
[339] = CNOT 2 7
[340] = CNOT 2 11
[341] = CNOT 2 16
[342] = CNOT 2 44
[343] = T 2
[344] = CNOT 2 44
[345] = CNOT 2 16
[346] = CNOT 2 11
[347] = CNOT 2 7
[348] = CNOT 2 4
[349] = T 1
[350] = CNOT 1 44
[351] = CNOT 1 16
[352] = CNOT 1 11
[353] = CNOT 1 7
[354] = CNOT 1 4
[355] = CNOT 3 4
[356] = CNOT 3 7
[357] = CNOT 3 17
[358] = CNOT 3 20
[359] = CNOT 3 50
[360] = T 3
[361] = CNOT 3 17
[362] = CNOT 5 13
[363] = CNOT 5 14
[364] = CNOT 5 40
[365] = CNOT 5 46
[366] = T 5
[367] = CNOT 5 40
[368] = CNOT 5 13
[369] = CNOT 13 14
[370] = CNOT 13 40
[371] = CNOT 13 46
[372] = CNOT 13 47
[373] = CNOT 13 49
[374] = T 13
[375] = CNOT 13 49
[376] = CNOT 13 47
[377] = CNOT 13 46
[378] = CNOT 13 40
[379] = CNOT 13 14
[380] = CNOT 5 13
[381] = T 5
[382] = CNOT 5 49
[383] = CNOT 5 47
[384] = CNOT 5 46
[385] = CNOT 5 14
[386] = CNOT 5 13
[387] = CNOT 13 14
[388] = CNOT 13 46
[389] = CNOT 13 47
[390] = CNOT 13 49
[391] = T 13
[392] = CNOT 13 49
[393] = CNOT 13 47
[394] = CNOT 13 46
[395] = CNOT 13 14
[396] = CNOT 6 14
[397] = CNOT 6 23
[398] = CNOT 6 47
[399] = CNOT 6 49
[400] = T 6
[401] = CNOT 6 23
[402] = T 6
[403] = CNOT 6 14
[404] = CNOT 14 23
[405] = CNOT 14 47
[406] = CNOT 14 49
[407] = T 14
[408] = CNOT 14 49
[409] = CNOT 14 47
[410] = CNOT 14 23
[411] = CNOT 3 9
[412] = CNOT 3 34
[413] = T 3
[414] = CNOT 3 34
[415] = CNOT 3 20
[416] = CNOT 3 16
[417] = CNOT 3 4
[418] = CNOT 6 23
[419] = CNOT 6 31
[420] = T 6
[421] = CNOT 6 23
[422] = CNOT 23 31
[423] = CNOT 23 47
[424] = CNOT 23 49
[425] = T 23
[426] = CNOT 23 49
[427] = CNOT 23 47
[428] = CNOT 23 31
[429] = CNOT 8 16
[430] = CNOT 8 21
[431] = T 8
[432] = CNOT 8 21
[433] = T 8
[434] = S 8
[435] = CNOT 8 16
[436] = CNOT 16 21
[437] = T 16
[438] = S 16
[439] = CNOT 16 21
[440] = CNOT 4 7
[441] = CNOT 4 16
[442] = CNOT 4 26
[443] = T 4
[444] = CNOT 4 26
[445] = CNOT 4 16
[446] = CNOT 4 7
[447] = CNOT 8 37
[448] = CNOT 8 49
[449] = T 8
[450] = CNOT 8 37
[451] = CNOT 37 49
[452] = T 37
[453] = S 37
[454] = CNOT 37 49
[455] = T 8
[456] = S 8
[457] = CNOT 8 49
[458] = CNOT 3 4
[459] = CNOT 3 16
[460] = CNOT 3 17
[461] = T 3
[462] = CNOT 3 17
[463] = CNOT 3 9
[464] = CNOT 3 7
[465] = CNOT 3 4
[466] = CNOT 7 12
[467] = CNOT 7 16
[468] = CNOT 7 25
[469] = CNOT 7 29
[470] = T 7
[471] = CNOT 7 29
[472] = CNOT 7 25
[473] = CNOT 7 16
[474] = CNOT 7 12
[475] = CNOT 4 7
[476] = CNOT 4 12
[477] = CNOT 4 16
[478] = CNOT 4 25
[479] = CNOT 4 29
[480] = T 4
[481] = CNOT 4 29
[482] = CNOT 4 12
[483] = CNOT 4 7
[484] = CNOT 6 39
[485] = T 6
[486] = CNOT 6 47
[487] = CNOT 6 31
[488] = CNOT 31 39
[489] = CNOT 31 47
[490] = CNOT 31 49
[491] = T 31
[492] = CNOT 31 49
[493] = CNOT 31 47
[494] = CNOT 31 39
[495] = CNOT 7 16
[496] = CNOT 7 25
[497] = T 7
[498] = Z 7
[499] = CNOT 7 25
[500] = CNOT 7 16
[501] = CNOT 8 21
[502] = CNOT 8 33
[503] = T 8
[504] = CNOT 8 33
[505] = CNOT 4 7
[506] = T 4
[507] = CNOT 4 25
[508] = CNOT 4 16
[509] = CNOT 4 7
[510] = CNOT 3 4
[511] = CNOT 3 7
[512] = CNOT 3 34
[513] = CNOT 3 36
[514] = T 3
[515] = CNOT 3 36
[516] = CNOT 3 34
[517] = T 6
[518] = S 6
[519] = Z 6
[520] = CNOT 6 39
[521] = CNOT 39 49
[522] = T 39
[523] = S 39
[524] = CNOT 39 49
[525] = T 6
[526] = S 6
[527] = CNOT 6 49
[528] = CNOT 3 9
[529] = CNOT 3 17
[530] = CNOT 3 20
[531] = T 3
[532] = CNOT 3 50
[533] = CNOT 3 20
[534] = CNOT 3 17
[535] = CNOT 3 9
[536] = CNOT 3 11
[537] = CNOT 3 26
[538] = CNOT 3 28
[539] = T 3
[540] = CNOT 3 28
[541] = CNOT 3 26
[542] = CNOT 3 16
[543] = CNOT 3 11
[544] = CNOT 3 7
[545] = CNOT 3 4
[546] = CNOT 4 7
[547] = CNOT 4 11
[548] = CNOT 4 16
[549] = CNOT 4 26
[550] = CNOT 4 28
[551] = T 4
[552] = CNOT 4 28
[553] = CNOT 4 26
[554] = CNOT 4 16
[555] = CNOT 4 11
[556] = CNOT 4 7
[557] = CNOT 7 15
[558] = CNOT 7 16
[559] = CNOT 7 38
[560] = CNOT 7 48
[561] = T 7
[562] = CNOT 7 38
[563] = CNOT 7 15
[564] = CNOT 15 16
[565] = CNOT 15 38
[566] = CNOT 15 48
[567] = T 15
[568] = CNOT 15 48
[569] = CNOT 15 38
[570] = CNOT 15 16
[571] = CNOT 7 15
[572] = T 7
[573] = CNOT 7 48
[574] = CNOT 7 16
[575] = CNOT 7 15
[576] = CNOT 15 16
[577] = CNOT 15 48
[578] = T 15
[579] = Z 15
[580] = CNOT 15 48
[581] = CNOT 15 16
[582] = S 1
[583] = S 2
[584] = Z 3
[585] = S 6
[586] = Z 6
[587] = Z 9
[588] = Z 10
[589] = S 11
[590] = Z 12
[591] = S 13
[592] = S 15
[593] = Z 15
[594] = S 18
[595] = Z 19
[596] = S 21
[597] = S 22
[598] = Z 22
[599] = S 23
[600] = S 24
[601] = Z 24
[602] = S 26
[603] = Z 26
[604] = S 28
[605] = S 30
[606] = S 31
[607] = S 32
[608] = S 33
[609] = S 36
[610] = S 37
[611] = S 38
[612] = S 39
[613] = Z 39
[614] = S 40
[615] = S 42
[616] = S 44
[617] = Z 44
[618] = S 45
[619] = S 46
[620] = Z 46
[621] = Z 47
[622] = S 48
[623] = Z 49
[624] = S 50
[625] = CNOT 1 2
[626] = Z 1
[627] = CNOT 1 2
[628] = CNOT 1 4
[629] = S 1
[630] = CNOT 1 4
[631] = CNOT 1 7
[632] = S 1
[633] = CNOT 1 7
[634] = CNOT 1 11
[635] = S 1
[636] = CNOT 1 11
[637] = CNOT 1 16
[638] = S 1
[639] = CNOT 1 16
[640] = CNOT 1 27
[641] = S 1
[642] = Z 1
[643] = CNOT 1 27
[644] = CNOT 1 43
[645] = S 1
[646] = Z 1
[647] = CNOT 1 43
[648] = CNOT 1 44
[649] = S 1
[650] = CNOT 1 44
[651] = CNOT 2 4
[652] = S 2
[653] = CNOT 2 4
[654] = CNOT 2 7
[655] = S 2
[656] = CNOT 2 7
[657] = CNOT 2 11
[658] = S 2
[659] = CNOT 2 11
[660] = CNOT 2 16
[661] = S 2
[662] = CNOT 2 16
[663] = CNOT 2 27
[664] = S 2
[665] = Z 2
[666] = CNOT 2 27
[667] = CNOT 2 43
[668] = S 2
[669] = Z 2
[670] = CNOT 2 43
[671] = CNOT 2 44
[672] = S 2
[673] = CNOT 2 44
[674] = CNOT 3 9
[675] = Z 3
[676] = CNOT 3 9
[677] = CNOT 3 10
[678] = S 3
[679] = Z 3
[680] = CNOT 3 10
[681] = CNOT 3 11
[682] = S 3
[683] = Z 3
[684] = CNOT 3 11
[685] = CNOT 3 17
[686] = S 3
[687] = Z 3
[688] = CNOT 3 17
[689] = CNOT 3 19
[690] = S 3
[691] = Z 3
[692] = CNOT 3 19
[693] = CNOT 3 20
[694] = S 3
[695] = CNOT 3 20
[696] = CNOT 3 28
[697] = S 3
[698] = CNOT 3 28
[699] = CNOT 3 34
[700] = S 3
[701] = CNOT 3 34
[702] = CNOT 3 36
[703] = S 3
[704] = Z 3
[705] = CNOT 3 36
[706] = CNOT 3 42
[707] = S 3
[708] = CNOT 3 42
[709] = CNOT 3 44
[710] = S 3
[711] = CNOT 3 44
[712] = CNOT 4 7
[713] = Z 4
[714] = CNOT 4 7
[715] = CNOT 4 9
[716] = Z 4
[717] = CNOT 4 9
[718] = CNOT 4 10
[719] = S 4
[720] = Z 4
[721] = CNOT 4 10
[722] = CNOT 4 11
[723] = S 4
[724] = CNOT 4 11
[725] = CNOT 4 12
[726] = S 4
[727] = CNOT 4 12
[728] = CNOT 4 16
[729] = Z 4
[730] = CNOT 4 16
[731] = CNOT 4 17
[732] = S 4
[733] = Z 4
[734] = CNOT 4 17
[735] = CNOT 4 19
[736] = S 4
[737] = Z 4
[738] = CNOT 4 19
[739] = CNOT 4 20
[740] = S 4
[741] = CNOT 4 20
[742] = CNOT 4 25
[743] = S 4
[744] = Z 4
[745] = CNOT 4 25
[746] = CNOT 4 26
[747] = S 4
[748] = CNOT 4 26
[749] = CNOT 4 27
[750] = Z 4
[751] = CNOT 4 27
[752] = CNOT 4 28
[753] = S 4
[754] = Z 4
[755] = CNOT 4 28
[756] = CNOT 4 34
[757] = S 4
[758] = CNOT 4 34
[759] = CNOT 4 36
[760] = S 4
[761] = Z 4
[762] = CNOT 4 36
[763] = CNOT 4 42
[764] = S 4
[765] = Z 4
[766] = CNOT 4 42
[767] = CNOT 4 43
[768] = Z 4
[769] = CNOT 4 43
[770] = CNOT 4 44
[771] = Z 4
[772] = CNOT 4 44
[773] = CNOT 5 13
[774] = S 5
[775] = Z 5
[776] = CNOT 5 13
[777] = CNOT 5 14
[778] = S 5
[779] = Z 5
[780] = CNOT 5 14
[781] = CNOT 5 30
[782] = S 5
[783] = CNOT 5 30
[784] = CNOT 5 40
[785] = S 5
[786] = CNOT 5 40
[787] = CNOT 5 46
[788] = S 5
[789] = CNOT 5 46
[790] = CNOT 5 47
[791] = S 5
[792] = Z 5
[793] = CNOT 5 47
[794] = CNOT 5 49
[795] = S 5
[796] = Z 5
[797] = CNOT 5 49
[798] = CNOT 6 14
[799] = S 6
[800] = Z 6
[801] = CNOT 6 14
[802] = CNOT 6 23
[803] = S 6
[804] = Z 6
[805] = CNOT 6 23
[806] = CNOT 6 31
[807] = S 6
[808] = Z 6
[809] = CNOT 6 31
[810] = CNOT 6 39
[811] = Z 6
[812] = CNOT 6 39
[813] = CNOT 6 47
[814] = S 6
[815] = Z 6
[816] = CNOT 6 47
[817] = CNOT 7 9
[818] = Z 7
[819] = CNOT 7 9
[820] = CNOT 7 10
[821] = S 7
[822] = Z 7
[823] = CNOT 7 10
[824] = CNOT 7 11
[825] = S 7
[826] = CNOT 7 11
[827] = CNOT 7 12
[828] = S 7
[829] = CNOT 7 12
[830] = CNOT 7 15
[831] = S 7
[832] = Z 7
[833] = CNOT 7 15
[834] = CNOT 7 16
[835] = S 7
[836] = Z 7
[837] = CNOT 7 16
[838] = CNOT 7 17
[839] = S 7
[840] = Z 7
[841] = CNOT 7 17
[842] = CNOT 7 19
[843] = S 7
[844] = Z 7
[845] = CNOT 7 19
[846] = CNOT 7 20
[847] = S 7
[848] = CNOT 7 20
[849] = CNOT 7 22
[850] = Z 7
[851] = CNOT 7 22
[852] = CNOT 7 25
[853] = S 7
[854] = Z 7
[855] = CNOT 7 25
[856] = CNOT 7 26
[857] = S 7
[858] = CNOT 7 26
[859] = CNOT 7 27
[860] = Z 7
[861] = CNOT 7 27
[862] = CNOT 7 28
[863] = S 7
[864] = Z 7
[865] = CNOT 7 28
[866] = CNOT 7 29
[867] = S 7
[868] = CNOT 7 29
[869] = CNOT 7 32
[870] = S 7
[871] = Z 7
[872] = CNOT 7 32
[873] = CNOT 7 34
[874] = S 7
[875] = CNOT 7 34
[876] = CNOT 7 36
[877] = S 7
[878] = Z 7
[879] = CNOT 7 36
[880] = CNOT 7 38
[881] = S 7
[882] = Z 7
[883] = CNOT 7 38
[884] = CNOT 7 41
[885] = S 7
[886] = CNOT 7 41
[887] = CNOT 7 42
[888] = S 7
[889] = Z 7
[890] = CNOT 7 42
[891] = CNOT 7 43
[892] = Z 7
[893] = CNOT 7 43
[894] = CNOT 7 44
[895] = Z 7
[896] = CNOT 7 44
[897] = CNOT 7 48
[898] = S 7
[899] = Z 7
[900] = CNOT 7 48
[901] = S 8
[902] = CNOT 8 21
[903] = CNOT 8 33
[904] = S 8
[905] = CNOT 8 33
[906] = CNOT 8 37
[907] = S 8
[908] = CNOT 8 37
[909] = CNOT 9 16
[910] = Z 9
[911] = CNOT 9 16
[912] = CNOT 9 17
[913] = Z 9
[914] = CNOT 9 17
[915] = CNOT 9 20
[916] = Z 9
[917] = CNOT 9 20
[918] = CNOT 9 34
[919] = Z 9
[920] = CNOT 9 34
[921] = CNOT 9 36
[922] = S 9
[923] = CNOT 9 36
[924] = CNOT 9 50
[925] = S 9
[926] = CNOT 9 50
[927] = CNOT 10 16
[928] = S 10
[929] = Z 10
[930] = CNOT 10 16
[931] = CNOT 10 17
[932] = S 10
[933] = Z 10
[934] = CNOT 10 17
[935] = CNOT 10 19
[936] = S 10
[937] = Z 10
[938] = CNOT 10 19
[939] = CNOT 10 50
[940] = S 10
[941] = Z 10
[942] = CNOT 10 50
[943] = CNOT 11 16
[944] = S 11
[945] = CNOT 11 16
[946] = CNOT 11 26
[947] = S 11
[948] = CNOT 11 26
[949] = CNOT 11 27
[950] = S 11
[951] = Z 11
[952] = CNOT 11 27
[953] = CNOT 11 28
[954] = S 11
[955] = Z 11
[956] = CNOT 11 28
[957] = CNOT 11 42
[958] = S 11
[959] = Z 11
[960] = CNOT 11 42
[961] = CNOT 11 43
[962] = Z 11
[963] = CNOT 11 43
[964] = CNOT 11 44
[965] = Z 11
[966] = CNOT 11 44
[967] = CNOT 12 16
[968] = S 12
[969] = CNOT 12 16
[970] = CNOT 12 26
[971] = S 12
[972] = CNOT 12 26
[973] = CNOT 12 29
[974] = S 12
[975] = CNOT 12 29
[976] = CNOT 12 41
[977] = S 12
[978] = CNOT 12 41
[979] = CNOT 13 14
[980] = S 13
[981] = CNOT 13 14
[982] = CNOT 13 24
[983] = S 13
[984] = CNOT 13 24
[985] = CNOT 13 25
[986] = S 13
[987] = CNOT 13 25
[988] = CNOT 13 30
[989] = S 13
[990] = Z 13
[991] = CNOT 13 30
[992] = CNOT 13 40
[993] = S 13
[994] = Z 13
[995] = CNOT 13 40
[996] = CNOT 13 46
[997] = Z 13
[998] = CNOT 13 46
[999] = CNOT 13 47
[1000] = S 13
[1001] = CNOT 13 47
[1002] = CNOT 13 49
[1003] = S 13
[1004] = CNOT 13 49
[1005] = CNOT 14 23
[1006] = S 14
[1007] = Z 14
[1008] = CNOT 14 23
[1009] = CNOT 14 24
[1010] = Z 14
[1011] = CNOT 14 24
[1012] = CNOT 14 30
[1013] = S 14
[1014] = Z 14
[1015] = CNOT 14 30
[1016] = CNOT 14 40
[1017] = S 14
[1018] = Z 14
[1019] = CNOT 14 40
[1020] = CNOT 14 46
[1021] = Z 14
[1022] = CNOT 14 46
[1023] = CNOT 14 47
[1024] = S 14
[1025] = Z 14
[1026] = CNOT 14 47
[1027] = CNOT 14 49
[1028] = S 14
[1029] = Z 14
[1030] = CNOT 14 49
[1031] = CNOT 15 16
[1032] = S 15
[1033] = CNOT 15 16
[1034] = CNOT 15 22
[1035] = S 15
[1036] = Z 15
[1037] = CNOT 15 22
[1038] = CNOT 15 23
[1039] = S 15
[1040] = CNOT 15 23
[1041] = CNOT 15 32
[1042] = S 15
[1043] = Z 15
[1044] = CNOT 15 32
[1045] = CNOT 15 38
[1046] = S 15
[1047] = Z 15
[1048] = CNOT 15 38
[1049] = CNOT 15 48
[1050] = Z 15
[1051] = CNOT 15 48
[1052] = CNOT 16 17
[1053] = S 16
[1054] = Z 16
[1055] = CNOT 16 17
[1056] = CNOT 16 19
[1057] = S 16
[1058] = Z 16
[1059] = CNOT 16 19
[1060] = CNOT 16 20
[1061] = S 16
[1062] = CNOT 16 20
[1063] = CNOT 16 25
[1064] = S 16
[1065] = Z 16
[1066] = CNOT 16 25
[1067] = CNOT 16 26
[1068] = S 16
[1069] = CNOT 16 26
[1070] = CNOT 16 27
[1071] = Z 16
[1072] = CNOT 16 27
[1073] = CNOT 16 28
[1074] = S 16
[1075] = Z 16
[1076] = CNOT 16 28
[1077] = CNOT 16 29
[1078] = S 16
[1079] = CNOT 16 29
[1080] = CNOT 16 32
[1081] = S 16
[1082] = Z 16
[1083] = CNOT 16 32
[1084] = CNOT 16 34
[1085] = S 16
[1086] = CNOT 16 34
[1087] = CNOT 16 36
[1088] = S 16
[1089] = Z 16
[1090] = CNOT 16 36
[1091] = CNOT 16 38
[1092] = S 16
[1093] = Z 16
[1094] = CNOT 16 38
[1095] = CNOT 16 41
[1096] = S 16
[1097] = CNOT 16 41
[1098] = CNOT 16 42
[1099] = S 16
[1100] = Z 16
[1101] = CNOT 16 42
[1102] = CNOT 16 43
[1103] = Z 16
[1104] = CNOT 16 43
[1105] = CNOT 16 44
[1106] = Z 16
[1107] = CNOT 16 44
[1108] = CNOT 16 48
[1109] = Z 16
[1110] = CNOT 16 48
[1111] = CNOT 17 19
[1112] = S 17
[1113] = Z 17
[1114] = CNOT 17 19
[1115] = CNOT 17 20
[1116] = Z 17
[1117] = CNOT 17 20
[1118] = CNOT 17 21
[1119] = S 17
[1120] = CNOT 17 21
[1121] = CNOT 17 50
[1122] = S 17
[1123] = Z 17
[1124] = CNOT 17 50
[1125] = CNOT 18 20
[1126] = S 18
[1127] = CNOT 18 20
[1128] = CNOT 19 50
[1129] = S 19
[1130] = Z 19
[1131] = CNOT 19 50
[1132] = CNOT 20 34
[1133] = Z 20
[1134] = CNOT 20 34
[1135] = CNOT 20 35
[1136] = S 20
[1137] = CNOT 20 35
[1138] = CNOT 20 50
[1139] = S 20
[1140] = CNOT 20 50
[1141] = CNOT 21 34
[1142] = S 21
[1143] = CNOT 21 34
[1144] = CNOT 22 32
[1145] = S 22
[1146] = Z 22
[1147] = CNOT 22 32
[1148] = CNOT 22 33
[1149] = S 22
[1150] = CNOT 22 33
[1151] = CNOT 23 31
[1152] = S 23
[1153] = Z 23
[1154] = CNOT 23 31
[1155] = CNOT 23 32
[1156] = S 23
[1157] = CNOT 23 32
[1158] = CNOT 23 47
[1159] = S 23
[1160] = Z 23
[1161] = CNOT 23 47
[1162] = CNOT 23 49
[1163] = S 23
[1164] = Z 23
[1165] = CNOT 23 49
[1166] = CNOT 24 30
[1167] = S 24
[1168] = CNOT 24 30
[1169] = CNOT 24 31
[1170] = S 24
[1171] = CNOT 24 31
[1172] = CNOT 24 47
[1173] = S 24
[1174] = CNOT 24 47
[1175] = CNOT 24 49
[1176] = S 24
[1177] = CNOT 24 49
[1178] = CNOT 25 30
[1179] = S 25
[1180] = CNOT 25 30
[1181] = CNOT 26 28
[1182] = S 26
[1183] = CNOT 26 28
[1184] = CNOT 26 29
[1185] = S 26
[1186] = CNOT 26 29
[1187] = CNOT 27 28
[1188] = S 27
[1189] = CNOT 27 28
[1190] = CNOT 27 43
[1191] = Z 27
[1192] = CNOT 27 43
[1193] = CNOT 27 44
[1194] = Z 27
[1195] = CNOT 27 44
[1196] = CNOT 28 42
[1197] = S 28
[1198] = CNOT 28 42
[1199] = CNOT 28 43
[1200] = S 28
[1201] = CNOT 28 43
[1202] = CNOT 29 42
[1203] = S 29
[1204] = CNOT 29 42
[1205] = CNOT 30 40
[1206] = S 30
[1207] = CNOT 30 40
[1208] = CNOT 30 41
[1209] = S 30
[1210] = CNOT 30 41
[1211] = CNOT 30 47
[1212] = S 30
[1213] = Z 30
[1214] = CNOT 30 47
[1215] = CNOT 30 49
[1216] = S 30
[1217] = Z 30
[1218] = CNOT 30 49
[1219] = CNOT 31 39
[1220] = S 31
[1221] = Z 31
[1222] = CNOT 31 39
[1223] = CNOT 31 40
[1224] = S 31
[1225] = CNOT 31 40
[1226] = CNOT 31 47
[1227] = S 31
[1228] = Z 31
[1229] = CNOT 31 47
[1230] = CNOT 31 49
[1231] = S 31
[1232] = Z 31
[1233] = CNOT 31 49
[1234] = CNOT 32 38
[1235] = S 32
[1236] = Z 32
[1237] = CNOT 32 38
[1238] = CNOT 32 39
[1239] = S 32
[1240] = CNOT 32 39
[1241] = CNOT 33 38
[1242] = S 33
[1243] = CNOT 33 38
[1244] = CNOT 34 36
[1245] = Z 34
[1246] = CNOT 34 36
[1247] = CNOT 34 37
[1248] = S 34
[1249] = CNOT 34 37
[1250] = CNOT 34 50
[1251] = S 34
[1252] = CNOT 34 50
[1253] = CNOT 35 36
[1254] = S 35
[1255] = CNOT 35 36
[1256] = CNOT 36 50
[1257] = Z 36
[1258] = CNOT 36 50
[1259] = CNOT 37 50
[1260] = S 37
[1261] = CNOT 38 48
[1262] = S 38
[1263] = Z 38
[1264] = CNOT 38 48
[1265] = CNOT 38 49
[1266] = S 38
[1267] = CNOT 38 49
[1268] = CNOT 39 47
[1269] = S 39
[1270] = Z 39
[1271] = CNOT 39 47
[1272] = CNOT 39 48
[1273] = S 39
[1274] = CNOT 39 48
[1275] = CNOT 40 46
[1276] = S 40
[1277] = CNOT 40 46
[1278] = CNOT 40 49
[1279] = S 40
[1280] = Z 40
[1281] = CNOT 40 49
[1282] = CNOT 41 46
[1283] = S 41
[1284] = CNOT 41 46
[1285] = CNOT 42 44
[1286] = S 42
[1287] = CNOT 42 44
[1288] = CNOT 42 45
[1289] = S 42
[1290] = CNOT 42 45
[1291] = CNOT 43 44
[1292] = S 43
[1293] = Z 43
[1294] = CNOT 43 44
[1295] = CNOT 46 47
[1296] = Z 46
[1297] = CNOT 46 47
[1298] = CNOT 46 49
[1299] = Z 46
[1300] = CNOT 46 49
[1301] = CNOT 47 49
[1302] = Z 47
[1303] = CNOT 47 49
[1304] = CNOT 1 2
[1305] = CNOT 1 4
[1306] = S 1
[1307] = Z 1
[1308] = CNOT 1 4
[1309] = CNOT 1 7
[1310] = S 1
[1311] = Z 1
[1312] = CNOT 1 7
[1313] = CNOT 1 11
[1314] = S 1
[1315] = Z 1
[1316] = CNOT 1 11
[1317] = CNOT 1 16
[1318] = S 1
[1319] = Z 1
[1320] = CNOT 1 16
[1321] = CNOT 1 44
[1322] = S 1
[1323] = Z 1
[1324] = CNOT 1 44
[1325] = CNOT 1 2
[1326] = CNOT 1 4
[1327] = CNOT 1 7
[1328] = Z 1
[1329] = CNOT 1 7
[1330] = CNOT 1 11
[1331] = Z 1
[1332] = CNOT 1 11
[1333] = CNOT 1 16
[1334] = Z 1
[1335] = CNOT 1 16
[1336] = CNOT 1 27
[1337] = S 1
[1338] = Z 1
[1339] = CNOT 1 27
[1340] = CNOT 1 43
[1341] = S 1
[1342] = Z 1
[1343] = CNOT 1 43
[1344] = CNOT 1 44
[1345] = Z 1
[1346] = CNOT 1 44
[1347] = CNOT 1 4
[1348] = CNOT 1 7
[1349] = CNOT 1 11
[1350] = Z 1
[1351] = CNOT 1 11
[1352] = CNOT 1 16
[1353] = Z 1
[1354] = CNOT 1 16
[1355] = CNOT 1 27
[1356] = S 1
[1357] = Z 1
[1358] = CNOT 1 27
[1359] = CNOT 1 43
[1360] = S 1
[1361] = Z 1
[1362] = CNOT 1 43
[1363] = CNOT 1 44
[1364] = Z 1
[1365] = CNOT 1 44
[1366] = CNOT 1 7
[1367] = CNOT 1 11
[1368] = CNOT 1 16
[1369] = Z 1
[1370] = CNOT 1 16
[1371] = CNOT 1 27
[1372] = S 1
[1373] = Z 1
[1374] = CNOT 1 27
[1375] = CNOT 1 43
[1376] = S 1
[1377] = Z 1
[1378] = CNOT 1 43
[1379] = CNOT 1 44
[1380] = Z 1
[1381] = CNOT 1 44
[1382] = CNOT 1 11
[1383] = CNOT 1 16
[1384] = CNOT 1 27
[1385] = S 1
[1386] = Z 1
[1387] = CNOT 1 27
[1388] = CNOT 1 43
[1389] = S 1
[1390] = Z 1
[1391] = CNOT 1 43
[1392] = CNOT 1 44
[1393] = Z 1
[1394] = CNOT 1 44
[1395] = CNOT 1 16
[1396] = CNOT 1 27
[1397] = CNOT 1 43
[1398] = S 1
[1399] = Z 1
[1400] = CNOT 1 43
[1401] = CNOT 1 44
[1402] = S 1
[1403] = Z 1
[1404] = CNOT 1 27
[1405] = CNOT 1 43
[1406] = S 1
[1407] = Z 1
[1408] = CNOT 1 44
[1409] = CNOT 1 43
[1410] = CNOT 2 4
[1411] = CNOT 2 7
[1412] = Z 2
[1413] = CNOT 2 7
[1414] = CNOT 2 11
[1415] = Z 2
[1416] = CNOT 2 11
[1417] = CNOT 2 16
[1418] = Z 2
[1419] = CNOT 2 16
[1420] = CNOT 2 27
[1421] = S 2
[1422] = Z 2
[1423] = CNOT 2 27
[1424] = CNOT 2 43
[1425] = S 2
[1426] = Z 2
[1427] = CNOT 2 43
[1428] = CNOT 2 44
[1429] = Z 2
[1430] = CNOT 2 44
[1431] = CNOT 2 4
[1432] = CNOT 2 7
[1433] = CNOT 2 11
[1434] = Z 2
[1435] = CNOT 2 11
[1436] = CNOT 2 16
[1437] = Z 2
[1438] = CNOT 2 16
[1439] = CNOT 2 27
[1440] = S 2
[1441] = Z 2
[1442] = CNOT 2 27
[1443] = CNOT 2 43
[1444] = S 2
[1445] = Z 2
[1446] = CNOT 2 43
[1447] = CNOT 2 44
[1448] = Z 2
[1449] = CNOT 2 44
[1450] = CNOT 2 7
[1451] = CNOT 2 11
[1452] = CNOT 2 16
[1453] = Z 2
[1454] = CNOT 2 16
[1455] = CNOT 2 27
[1456] = S 2
[1457] = Z 2
[1458] = CNOT 2 27
[1459] = CNOT 2 43
[1460] = S 2
[1461] = Z 2
[1462] = CNOT 2 43
[1463] = CNOT 2 44
[1464] = Z 2
[1465] = CNOT 2 44
[1466] = CNOT 2 11
[1467] = CNOT 2 16
[1468] = CNOT 2 27
[1469] = S 2
[1470] = Z 2
[1471] = CNOT 2 27
[1472] = CNOT 2 43
[1473] = S 2
[1474] = Z 2
[1475] = CNOT 2 43
[1476] = CNOT 2 44
[1477] = Z 2
[1478] = CNOT 2 44
[1479] = CNOT 2 16
[1480] = CNOT 2 27
[1481] = CNOT 2 43
[1482] = S 2
[1483] = Z 2
[1484] = CNOT 2 43
[1485] = CNOT 2 44
[1486] = S 2
[1487] = Z 2
[1488] = CNOT 2 27
[1489] = CNOT 2 43
[1490] = S 2
[1491] = Z 2
[1492] = CNOT 2 44
[1493] = CNOT 2 43
[1494] = CNOT 3 4
[1495] = CNOT 3 7
[1496] = S 3
[1497] = CNOT 3 7
[1498] = CNOT 3 9
[1499] = S 3
[1500] = CNOT 3 9
[1501] = CNOT 3 10
[1502] = Z 3
[1503] = CNOT 3 10
[1504] = CNOT 3 11
[1505] = Z 3
[1506] = CNOT 3 11
[1507] = CNOT 3 16
[1508] = S 3
[1509] = CNOT 3 16
[1510] = CNOT 3 17
[1511] = S 3
[1512] = Z 3
[1513] = CNOT 3 17
[1514] = CNOT 3 18
[1515] = Z 3
[1516] = CNOT 3 18
[1517] = CNOT 3 19
[1518] = Z 3
[1519] = CNOT 3 19
[1520] = CNOT 3 20
[1521] = Z 3
[1522] = CNOT 3 20
[1523] = CNOT 3 26
[1524] = S 3
[1525] = Z 3
[1526] = CNOT 3 26
[1527] = CNOT 3 28
[1528] = S 3
[1529] = Z 3
[1530] = CNOT 3 28
[1531] = CNOT 3 34
[1532] = Z 3
[1533] = CNOT 3 34
[1534] = CNOT 3 35
[1535] = Z 3
[1536] = CNOT 3 35
[1537] = CNOT 3 36
[1538] = Z 3
[1539] = CNOT 3 36
[1540] = CNOT 3 42
[1541] = S 3
[1542] = Z 3
[1543] = CNOT 3 42
[1544] = CNOT 3 44
[1545] = S 3
[1546] = Z 3
[1547] = CNOT 3 44
[1548] = CNOT 3 50
[1549] = S 3
[1550] = CNOT 3 50
[1551] = CNOT 3 4
[1552] = CNOT 3 7
[1553] = CNOT 3 9
[1554] = S 3
[1555] = CNOT 3 9
[1556] = CNOT 3 10
[1557] = Z 3
[1558] = CNOT 3 10
[1559] = CNOT 3 11
[1560] = Z 3
[1561] = CNOT 3 11
[1562] = CNOT 3 16
[1563] = S 3
[1564] = CNOT 3 16
[1565] = CNOT 3 17
[1566] = S 3
[1567] = Z 3
[1568] = CNOT 3 17
[1569] = CNOT 3 18
[1570] = Z 3
[1571] = CNOT 3 18
[1572] = CNOT 3 19
[1573] = Z 3
[1574] = CNOT 3 19
[1575] = CNOT 3 20
[1576] = Z 3
[1577] = CNOT 3 20
[1578] = CNOT 3 26
[1579] = S 3
[1580] = Z 3
[1581] = CNOT 3 26
[1582] = CNOT 3 28
[1583] = S 3
[1584] = Z 3
[1585] = CNOT 3 28
[1586] = CNOT 3 34
[1587] = Z 3
[1588] = CNOT 3 34
[1589] = CNOT 3 35
[1590] = Z 3
[1591] = CNOT 3 35
[1592] = CNOT 3 36
[1593] = Z 3
[1594] = CNOT 3 36
[1595] = CNOT 3 42
[1596] = S 3
[1597] = Z 3
[1598] = CNOT 3 42
[1599] = CNOT 3 44
[1600] = S 3
[1601] = Z 3
[1602] = CNOT 3 44
[1603] = CNOT 3 50
[1604] = S 3
[1605] = CNOT 3 50
[1606] = CNOT 3 7
[1607] = CNOT 3 9
[1608] = CNOT 3 16
[1609] = S 3
[1610] = CNOT 3 16
[1611] = CNOT 3 17
[1612] = S 3
[1613] = Z 3
[1614] = CNOT 3 17
[1615] = CNOT 3 20
[1616] = S 3
[1617] = Z 3
[1618] = CNOT 3 20
[1619] = CNOT 3 34
[1620] = S 3
[1621] = Z 3
[1622] = CNOT 3 34
[1623] = CNOT 3 36
[1624] = S 3
[1625] = Z 3
[1626] = CNOT 3 36
[1627] = CNOT 3 50
[1628] = Z 3
[1629] = CNOT 3 50
[1630] = CNOT 3 9
[1631] = CNOT 3 10
[1632] = CNOT 3 16
[1633] = Z 3
[1634] = CNOT 3 16
[1635] = CNOT 3 17
[1636] = Z 3
[1637] = CNOT 3 17
[1638] = CNOT 3 18
[1639] = S 3
[1640] = Z 3
[1641] = CNOT 3 18
[1642] = CNOT 3 19
[1643] = S 3
[1644] = Z 3
[1645] = CNOT 3 19
[1646] = CNOT 3 35
[1647] = S 3
[1648] = Z 3
[1649] = CNOT 3 35
[1650] = CNOT 3 50
[1651] = Z 3
[1652] = CNOT 3 50
[1653] = CNOT 3 10
[1654] = CNOT 3 11
[1655] = CNOT 3 16
[1656] = Z 3
[1657] = CNOT 3 16
[1658] = CNOT 3 28
[1659] = S 3
[1660] = Z 3
[1661] = CNOT 3 28
[1662] = CNOT 3 42
[1663] = S 3
[1664] = Z 3
[1665] = CNOT 3 42
[1666] = CNOT 3 44
[1667] = S 3
[1668] = Z 3
[1669] = CNOT 3 44
[1670] = CNOT 3 11
[1671] = CNOT 3 16
[1672] = CNOT 3 17
[1673] = S 3
[1674] = Z 3
[1675] = CNOT 3 17
[1676] = CNOT 3 18
[1677] = Z 3
[1678] = CNOT 3 18
[1679] = CNOT 3 19
[1680] = Z 3
[1681] = CNOT 3 19
[1682] = CNOT 3 20
[1683] = Z 3
[1684] = CNOT 3 20
[1685] = CNOT 3 26
[1686] = S 3
[1687] = Z 3
[1688] = CNOT 3 26
[1689] = CNOT 3 28
[1690] = S 3
[1691] = Z 3
[1692] = CNOT 3 28
[1693] = CNOT 3 34
[1694] = Z 3
[1695] = CNOT 3 34
[1696] = CNOT 3 35
[1697] = Z 3
[1698] = CNOT 3 35
[1699] = CNOT 3 36
[1700] = Z 3
[1701] = CNOT 3 36
[1702] = CNOT 3 42
[1703] = S 3
[1704] = Z 3
[1705] = CNOT 3 42
[1706] = CNOT 3 44
[1707] = S 3
[1708] = Z 3
[1709] = CNOT 3 44
[1710] = CNOT 3 50
[1711] = S 3
[1712] = CNOT 3 50
[1713] = CNOT 3 16
[1714] = CNOT 3 17
[1715] = CNOT 3 18
[1716] = Z 3
[1717] = CNOT 3 18
[1718] = CNOT 3 19
[1719] = Z 3
[1720] = CNOT 3 19
[1721] = CNOT 3 20
[1722] = S 3
[1723] = Z 3
[1724] = CNOT 3 20
[1725] = CNOT 3 35
[1726] = Z 3
[1727] = CNOT 3 35
[1728] = CNOT 3 50
[1729] = S 3
[1730] = Z 3
[1731] = CNOT 3 50
[1732] = CNOT 3 17
[1733] = CNOT 3 18
[1734] = CNOT 3 19
[1735] = S 3
[1736] = Z 3
[1737] = CNOT 3 19
[1738] = CNOT 3 35
[1739] = Z 3
[1740] = CNOT 3 35
[1741] = CNOT 3 50
[1742] = Z 3
[1743] = CNOT 3 50
[1744] = CNOT 3 18
[1745] = CNOT 3 19
[1746] = CNOT 3 35
[1747] = S 3
[1748] = Z 3
[1749] = CNOT 3 35
[1750] = CNOT 3 50
[1751] = Z 3
[1752] = CNOT 3 50
[1753] = CNOT 3 19
[1754] = CNOT 3 20
[1755] = CNOT 3 34
[1756] = S 3
[1757] = Z 3
[1758] = CNOT 3 34
[1759] = CNOT 3 50
[1760] = Z 3
[1761] = CNOT 3 50
[1762] = CNOT 3 20
[1763] = CNOT 3 34
[1764] = CNOT 3 36
[1765] = S 3
[1766] = Z 3
[1767] = CNOT 3 36
[1768] = CNOT 3 50
[1769] = Z 3
[1770] = CNOT 3 34
[1771] = CNOT 3 35
[1772] = Z 3
[1773] = CNOT 3 35
[1774] = CNOT 3 36
[1775] = S 3
[1776] = Z 3
[1777] = CNOT 3 50
[1778] = CNOT 3 36
[1779] = CNOT 4 7
[1780] = CNOT 4 9
[1781] = S 4
[1782] = CNOT 4 9
[1783] = CNOT 4 10
[1784] = Z 4
[1785] = CNOT 4 10
[1786] = CNOT 4 11
[1787] = S 4
[1788] = CNOT 4 11
[1789] = CNOT 4 12
[1790] = Z 4
[1791] = CNOT 4 12
[1792] = CNOT 4 16
[1793] = S 4
[1794] = CNOT 4 16
[1795] = CNOT 4 17
[1796] = S 4
[1797] = Z 4
[1798] = CNOT 4 17
[1799] = CNOT 4 18
[1800] = Z 4
[1801] = CNOT 4 18
[1802] = CNOT 4 19
[1803] = Z 4
[1804] = CNOT 4 19
[1805] = CNOT 4 20
[1806] = Z 4
[1807] = CNOT 4 20
[1808] = CNOT 4 25
[1809] = S 4
[1810] = Z 4
[1811] = CNOT 4 25
[1812] = CNOT 4 26
[1813] = Z 4
[1814] = CNOT 4 26
[1815] = CNOT 4 27
[1816] = Z 4
[1817] = CNOT 4 27
[1818] = CNOT 4 28
[1819] = Z 4
[1820] = CNOT 4 28
[1821] = CNOT 4 29
[1822] = S 4
[1823] = Z 4
[1824] = CNOT 4 29
[1825] = CNOT 4 34
[1826] = Z 4
[1827] = CNOT 4 34
[1828] = CNOT 4 35
[1829] = Z 4
[1830] = CNOT 4 35
[1831] = CNOT 4 36
[1832] = Z 4
[1833] = CNOT 4 36
[1834] = CNOT 4 41
[1835] = S 4
[1836] = Z 4
[1837] = CNOT 4 41
[1838] = CNOT 4 42
[1839] = Z 4
[1840] = CNOT 4 42
[1841] = CNOT 4 43
[1842] = Z 4
[1843] = CNOT 4 43
[1844] = CNOT 4 44
[1845] = S 4
[1846] = Z 4
[1847] = CNOT 4 44
[1848] = CNOT 4 45
[1849] = S 4
[1850] = Z 4
[1851] = CNOT 4 45
[1852] = CNOT 4 50
[1853] = S 4
[1854] = CNOT 4 50
[1855] = CNOT 4 7
[1856] = CNOT 4 9
[1857] = CNOT 4 16
[1858] = S 4
[1859] = CNOT 4 16
[1860] = CNOT 4 17
[1861] = S 4
[1862] = Z 4
[1863] = CNOT 4 17
[1864] = CNOT 4 20
[1865] = S 4
[1866] = Z 4
[1867] = CNOT 4 20
[1868] = CNOT 4 34
[1869] = S 4
[1870] = Z 4
[1871] = CNOT 4 34
[1872] = CNOT 4 36
[1873] = S 4
[1874] = Z 4
[1875] = CNOT 4 36
[1876] = CNOT 4 50
[1877] = Z 4
[1878] = CNOT 4 50
[1879] = CNOT 4 9
[1880] = CNOT 4 10
[1881] = CNOT 4 16
[1882] = Z 4
[1883] = CNOT 4 16
[1884] = CNOT 4 17
[1885] = Z 4
[1886] = CNOT 4 17
[1887] = CNOT 4 18
[1888] = S 4
[1889] = Z 4
[1890] = CNOT 4 18
[1891] = CNOT 4 19
[1892] = S 4
[1893] = Z 4
[1894] = CNOT 4 19
[1895] = CNOT 4 35
[1896] = S 4
[1897] = Z 4
[1898] = CNOT 4 35
[1899] = CNOT 4 50
[1900] = Z 4
[1901] = CNOT 4 50
[1902] = CNOT 4 10
[1903] = CNOT 4 11
[1904] = CNOT 4 16
[1905] = S 4
[1906] = CNOT 4 16
[1907] = CNOT 4 26
[1908] = S 4
[1909] = Z 4
[1910] = CNOT 4 26
[1911] = CNOT 4 27
[1912] = Z 4
[1913] = CNOT 4 27
[1914] = CNOT 4 28
[1915] = Z 4
[1916] = CNOT 4 28
[1917] = CNOT 4 42
[1918] = Z 4
[1919] = CNOT 4 42
[1920] = CNOT 4 43
[1921] = Z 4
[1922] = CNOT 4 43
[1923] = CNOT 4 44
[1924] = S 4
[1925] = Z 4
[1926] = CNOT 4 44
[1927] = CNOT 4 11
[1928] = CNOT 4 12
[1929] = CNOT 4 16
[1930] = Z 4
[1931] = CNOT 4 16
[1932] = CNOT 4 29
[1933] = S 4
[1934] = Z 4
[1935] = CNOT 4 29
[1936] = CNOT 4 41
[1937] = S 4
[1938] = Z 4
[1939] = CNOT 4 41
[1940] = CNOT 4 45
[1941] = S 4
[1942] = Z 4
[1943] = CNOT 4 45
[1944] = CNOT 4 12
[1945] = CNOT 4 16
[1946] = CNOT 4 17
[1947] = S 4
[1948] = Z 4
[1949] = CNOT 4 17
[1950] = CNOT 4 18
[1951] = Z 4
[1952] = CNOT 4 18
[1953] = CNOT 4 19
[1954] = Z 4
[1955] = CNOT 4 19
[1956] = CNOT 4 20
[1957] = Z 4
[1958] = CNOT 4 20
[1959] = CNOT 4 25
[1960] = S 4
[1961] = Z 4
[1962] = CNOT 4 25
[1963] = CNOT 4 26
[1964] = Z 4
[1965] = CNOT 4 26
[1966] = CNOT 4 27
[1967] = Z 4
[1968] = CNOT 4 27
[1969] = CNOT 4 28
[1970] = Z 4
[1971] = CNOT 4 28
[1972] = CNOT 4 29
[1973] = S 4
[1974] = Z 4
[1975] = CNOT 4 29
[1976] = CNOT 4 34
[1977] = Z 4
[1978] = CNOT 4 34
[1979] = CNOT 4 35
[1980] = Z 4
[1981] = CNOT 4 35
[1982] = CNOT 4 36
[1983] = Z 4
[1984] = CNOT 4 36
[1985] = CNOT 4 41
[1986] = S 4
[1987] = Z 4
[1988] = CNOT 4 41
[1989] = CNOT 4 42
[1990] = Z 4
[1991] = CNOT 4 42
[1992] = CNOT 4 43
[1993] = Z 4
[1994] = CNOT 4 43
[1995] = CNOT 4 44
[1996] = S 4
[1997] = Z 4
[1998] = CNOT 4 44
[1999] = CNOT 4 45
[2000] = S 4
[2001] = Z 4
[2002] = CNOT 4 45
[2003] = CNOT 4 50
[2004] = S 4
[2005] = CNOT 4 50
[2006] = CNOT 4 16
[2007] = CNOT 4 17
[2008] = CNOT 4 18
[2009] = Z 4
[2010] = CNOT 4 18
[2011] = CNOT 4 19
[2012] = Z 4
[2013] = CNOT 4 19
[2014] = CNOT 4 20
[2015] = S 4
[2016] = Z 4
[2017] = CNOT 4 20
[2018] = CNOT 4 35
[2019] = Z 4
[2020] = CNOT 4 35
[2021] = CNOT 4 50
[2022] = S 4
[2023] = Z 4
[2024] = CNOT 4 50
[2025] = CNOT 4 17
[2026] = CNOT 4 18
[2027] = CNOT 4 19
[2028] = S 4
[2029] = Z 4
[2030] = CNOT 4 19
[2031] = CNOT 4 35
[2032] = Z 4
[2033] = CNOT 4 35
[2034] = CNOT 4 50
[2035] = Z 4
[2036] = CNOT 4 50
[2037] = CNOT 4 18
[2038] = CNOT 4 19
[2039] = CNOT 4 35
[2040] = S 4
[2041] = Z 4
[2042] = CNOT 4 35
[2043] = CNOT 4 50
[2044] = Z 4
[2045] = CNOT 4 50
[2046] = CNOT 4 19
[2047] = CNOT 4 20
[2048] = CNOT 4 34
[2049] = S 4
[2050] = Z 4
[2051] = CNOT 4 34
[2052] = CNOT 4 50
[2053] = Z 4
[2054] = CNOT 4 50
[2055] = CNOT 4 20
[2056] = CNOT 4 26
[2057] = CNOT 4 28
[2058] = S 4
[2059] = Z 4
[2060] = CNOT 4 28
[2061] = CNOT 4 26
[2062] = CNOT 4 27
[2063] = CNOT 4 43
[2064] = Z 4
[2065] = CNOT 4 43
[2066] = CNOT 4 44
[2067] = Z 4
[2068] = CNOT 4 44
[2069] = CNOT 4 27
[2070] = CNOT 4 28
[2071] = CNOT 4 42
[2072] = S 4
[2073] = Z 4
[2074] = CNOT 4 42
[2075] = CNOT 4 28
[2076] = CNOT 4 34
[2077] = CNOT 4 36
[2078] = S 4
[2079] = Z 4
[2080] = CNOT 4 36
[2081] = CNOT 4 50
[2082] = Z 4
[2083] = CNOT 4 34
[2084] = CNOT 4 35
[2085] = Z 4
[2086] = CNOT 4 35
[2087] = CNOT 4 36
[2088] = S 4
[2089] = Z 4
[2090] = CNOT 4 50
[2091] = CNOT 4 36
[2092] = CNOT 4 42
[2093] = CNOT 4 44
[2094] = S 4
[2095] = Z 4
[2096] = CNOT 4 42
[2097] = CNOT 4 43
[2098] = Z 4
[2099] = CNOT 4 44
[2100] = CNOT 4 43
[2101] = CNOT 5 13
[2102] = CNOT 5 14
[2103] = Z 5
[2104] = CNOT 5 14
[2105] = CNOT 5 30
[2106] = S 5
[2107] = Z 5
[2108] = CNOT 5 30
[2109] = CNOT 5 40
[2110] = S 5
[2111] = Z 5
[2112] = CNOT 5 40
[2113] = CNOT 5 46
[2114] = S 5
[2115] = Z 5
[2116] = CNOT 5 46
[2117] = CNOT 5 47
[2118] = Z 5
[2119] = CNOT 5 47
[2120] = CNOT 5 49
[2121] = Z 5
[2122] = CNOT 5 49
[2123] = CNOT 5 13
[2124] = CNOT 5 14
[2125] = CNOT 5 24
[2126] = S 5
[2127] = Z 5
[2128] = CNOT 5 24
[2129] = CNOT 5 30
[2130] = S 5
[2131] = Z 5
[2132] = CNOT 5 30
[2133] = CNOT 5 40
[2134] = S 5
[2135] = Z 5
[2136] = CNOT 5 40
[2137] = CNOT 5 46
[2138] = S 5
[2139] = Z 5
[2140] = CNOT 5 46
[2141] = CNOT 5 47
[2142] = S 5
[2143] = CNOT 5 47
[2144] = CNOT 5 49
[2145] = S 5
[2146] = CNOT 5 49
[2147] = CNOT 5 14
[2148] = CNOT 5 24
[2149] = CNOT 5 47
[2150] = S 5
[2151] = Z 5
[2152] = CNOT 5 47
[2153] = CNOT 5 49
[2154] = S 5
[2155] = Z 5
[2156] = CNOT 5 49
[2157] = CNOT 5 24
[2158] = CNOT 5 30
[2159] = CNOT 5 47
[2160] = S 5
[2161] = Z 5
[2162] = CNOT 5 47
[2163] = CNOT 5 49
[2164] = S 5
[2165] = Z 5
[2166] = CNOT 5 49
[2167] = CNOT 5 30
[2168] = CNOT 5 40
[2169] = CNOT 5 47
[2170] = S 5
[2171] = Z 5
[2172] = CNOT 5 47
[2173] = CNOT 5 49
[2174] = S 5
[2175] = Z 5
[2176] = CNOT 5 49
[2177] = CNOT 5 40
[2178] = CNOT 5 46
[2179] = CNOT 5 47
[2180] = S 5
[2181] = Z 5
[2182] = CNOT 5 47
[2183] = CNOT 5 49
[2184] = S 5
[2185] = Z 5
[2186] = CNOT 5 46
[2187] = CNOT 5 47
[2188] = S 5
[2189] = CNOT 5 49
[2190] = CNOT 5 47
[2191] = CNOT 6 14
[2192] = CNOT 6 47
[2193] = S 6
[2194] = Z 6
[2195] = CNOT 6 47
[2196] = CNOT 6 49
[2197] = S 6
[2198] = Z 6
[2199] = CNOT 6 49
[2200] = CNOT 6 14
[2201] = CNOT 6 23
[2202] = CNOT 6 47
[2203] = S 6
[2204] = Z 6
[2205] = CNOT 6 47
[2206] = CNOT 6 49
[2207] = S 6
[2208] = Z 6
[2209] = CNOT 6 49
[2210] = CNOT 6 23
[2211] = CNOT 6 31
[2212] = CNOT 6 47
[2213] = S 6
[2214] = Z 6
[2215] = CNOT 6 47
[2216] = CNOT 6 49
[2217] = S 6
[2218] = Z 6
[2219] = CNOT 6 31
[2220] = CNOT 6 47
[2221] = Z 6
[2222] = CNOT 6 49
[2223] = CNOT 6 47
[2224] = CNOT 7 9
[2225] = CNOT 7 16
[2226] = S 7
[2227] = CNOT 7 16
[2228] = CNOT 7 17
[2229] = S 7
[2230] = Z 7
[2231] = CNOT 7 17
[2232] = CNOT 7 20
[2233] = S 7
[2234] = Z 7
[2235] = CNOT 7 20
[2236] = CNOT 7 34
[2237] = S 7
[2238] = Z 7
[2239] = CNOT 7 34
[2240] = CNOT 7 36
[2241] = S 7
[2242] = Z 7
[2243] = CNOT 7 36
[2244] = CNOT 7 50
[2245] = Z 7
[2246] = CNOT 7 50
[2247] = CNOT 7 9
[2248] = CNOT 7 10
[2249] = CNOT 7 16
[2250] = Z 7
[2251] = CNOT 7 16
[2252] = CNOT 7 17
[2253] = Z 7
[2254] = CNOT 7 17
[2255] = CNOT 7 18
[2256] = S 7
[2257] = Z 7
[2258] = CNOT 7 18
[2259] = CNOT 7 19
[2260] = S 7
[2261] = Z 7
[2262] = CNOT 7 19
[2263] = CNOT 7 35
[2264] = S 7
[2265] = Z 7
[2266] = CNOT 7 35
[2267] = CNOT 7 50
[2268] = Z 7
[2269] = CNOT 7 50
[2270] = CNOT 7 10
[2271] = CNOT 7 11
[2272] = CNOT 7 16
[2273] = S 7
[2274] = CNOT 7 16
[2275] = CNOT 7 26
[2276] = S 7
[2277] = Z 7
[2278] = CNOT 7 26
[2279] = CNOT 7 27
[2280] = Z 7
[2281] = CNOT 7 27
[2282] = CNOT 7 28
[2283] = Z 7
[2284] = CNOT 7 28
[2285] = CNOT 7 42
[2286] = Z 7
[2287] = CNOT 7 42
[2288] = CNOT 7 43
[2289] = Z 7
[2290] = CNOT 7 43
[2291] = CNOT 7 44
[2292] = S 7
[2293] = Z 7
[2294] = CNOT 7 44
[2295] = CNOT 7 11
[2296] = CNOT 7 12
[2297] = CNOT 7 25
[2298] = S 7
[2299] = Z 7
[2300] = CNOT 7 25
[2301] = CNOT 7 29
[2302] = Z 7
[2303] = CNOT 7 29
[2304] = CNOT 7 41
[2305] = Z 7
[2306] = CNOT 7 41
[2307] = CNOT 7 45
[2308] = Z 7
[2309] = CNOT 7 45
[2310] = CNOT 7 12
[2311] = CNOT 7 15
[2312] = CNOT 7 16
[2313] = Z 7
[2314] = CNOT 7 16
[2315] = CNOT 7 32
[2316] = S 7
[2317] = Z 7
[2318] = CNOT 7 32
[2319] = CNOT 7 38
[2320] = S 7
[2321] = Z 7
[2322] = CNOT 7 38
[2323] = CNOT 7 48
[2324] = S 7
[2325] = Z 7
[2326] = CNOT 7 48
[2327] = CNOT 7 15
[2328] = CNOT 7 16
[2329] = CNOT 7 17
[2330] = S 7
[2331] = Z 7
[2332] = CNOT 7 17
[2333] = CNOT 7 18
[2334] = Z 7
[2335] = CNOT 7 18
[2336] = CNOT 7 19
[2337] = Z 7
[2338] = CNOT 7 19
[2339] = CNOT 7 20
[2340] = Z 7
[2341] = CNOT 7 20
[2342] = CNOT 7 26
[2343] = Z 7
[2344] = CNOT 7 26
[2345] = CNOT 7 27
[2346] = Z 7
[2347] = CNOT 7 27
[2348] = CNOT 7 28
[2349] = Z 7
[2350] = CNOT 7 28
[2351] = CNOT 7 29
[2352] = Z 7
[2353] = CNOT 7 29
[2354] = CNOT 7 32
[2355] = S 7
[2356] = Z 7
[2357] = CNOT 7 32
[2358] = CNOT 7 34
[2359] = Z 7
[2360] = CNOT 7 34
[2361] = CNOT 7 35
[2362] = Z 7
[2363] = CNOT 7 35
[2364] = CNOT 7 36
[2365] = Z 7
[2366] = CNOT 7 36
[2367] = CNOT 7 38
[2368] = S 7
[2369] = Z 7
[2370] = CNOT 7 38
[2371] = CNOT 7 41
[2372] = Z 7
[2373] = CNOT 7 41
[2374] = CNOT 7 42
[2375] = Z 7
[2376] = CNOT 7 42
[2377] = CNOT 7 43
[2378] = Z 7
[2379] = CNOT 7 43
[2380] = CNOT 7 44
[2381] = S 7
[2382] = Z 7
[2383] = CNOT 7 44
[2384] = CNOT 7 45
[2385] = Z 7
[2386] = CNOT 7 45
[2387] = CNOT 7 48
[2388] = S 7
[2389] = Z 7
[2390] = CNOT 7 48
[2391] = CNOT 7 50
[2392] = S 7
[2393] = CNOT 7 50
[2394] = CNOT 7 16
[2395] = CNOT 7 17
[2396] = CNOT 7 18
[2397] = Z 7
[2398] = CNOT 7 18
[2399] = CNOT 7 19
[2400] = Z 7
[2401] = CNOT 7 19
[2402] = CNOT 7 20
[2403] = S 7
[2404] = Z 7
[2405] = CNOT 7 20
[2406] = CNOT 7 35
[2407] = Z 7
[2408] = CNOT 7 35
[2409] = CNOT 7 50
[2410] = S 7
[2411] = Z 7
[2412] = CNOT 7 50
[2413] = CNOT 7 17
[2414] = CNOT 7 18
[2415] = CNOT 7 19
[2416] = S 7
[2417] = Z 7
[2418] = CNOT 7 19
[2419] = CNOT 7 35
[2420] = Z 7
[2421] = CNOT 7 35
[2422] = CNOT 7 50
[2423] = Z 7
[2424] = CNOT 7 50
[2425] = CNOT 7 18
[2426] = CNOT 7 19
[2427] = CNOT 7 35
[2428] = S 7
[2429] = Z 7
[2430] = CNOT 7 35
[2431] = CNOT 7 50
[2432] = Z 7
[2433] = CNOT 7 50
[2434] = CNOT 7 19
[2435] = CNOT 7 20
[2436] = CNOT 7 34
[2437] = S 7
[2438] = Z 7
[2439] = CNOT 7 34
[2440] = CNOT 7 50
[2441] = Z 7
[2442] = CNOT 7 50
[2443] = CNOT 7 20
[2444] = CNOT 7 25
[2445] = CNOT 7 29
[2446] = S 7
[2447] = Z 7
[2448] = CNOT 7 29
[2449] = CNOT 7 25
[2450] = CNOT 7 26
[2451] = CNOT 7 28
[2452] = S 7
[2453] = Z 7
[2454] = CNOT 7 28
[2455] = CNOT 7 26
[2456] = CNOT 7 27
[2457] = CNOT 7 43
[2458] = Z 7
[2459] = CNOT 7 43
[2460] = CNOT 7 44
[2461] = Z 7
[2462] = CNOT 7 44
[2463] = CNOT 7 27
[2464] = CNOT 7 28
[2465] = CNOT 7 42
[2466] = S 7
[2467] = Z 7
[2468] = CNOT 7 42
[2469] = CNOT 7 28
[2470] = CNOT 7 29
[2471] = CNOT 7 41
[2472] = S 7
[2473] = Z 7
[2474] = CNOT 7 41
[2475] = CNOT 7 29
[2476] = CNOT 7 34
[2477] = CNOT 7 36
[2478] = S 7
[2479] = Z 7
[2480] = CNOT 7 36
[2481] = CNOT 7 50
[2482] = Z 7
[2483] = CNOT 7 34
[2484] = CNOT 7 35
[2485] = Z 7
[2486] = CNOT 7 35
[2487] = CNOT 7 36
[2488] = S 7
[2489] = Z 7
[2490] = CNOT 7 50
[2491] = CNOT 7 36
[2492] = CNOT 7 41
[2493] = CNOT 7 45
[2494] = S 7
[2495] = Z 7
[2496] = CNOT 7 45
[2497] = CNOT 7 41
[2498] = CNOT 7 42
[2499] = CNOT 7 44
[2500] = S 7
[2501] = Z 7
[2502] = CNOT 7 42
[2503] = CNOT 7 43
[2504] = Z 7
[2505] = CNOT 7 44
[2506] = CNOT 7 43
[2507] = CNOT 9 16
[2508] = CNOT 9 17
[2509] = S 9
[2510] = Z 9
[2511] = CNOT 9 17
[2512] = CNOT 9 20
[2513] = S 9
[2514] = Z 9
[2515] = CNOT 9 20
[2516] = CNOT 9 34
[2517] = S 9
[2518] = Z 9
[2519] = CNOT 9 34
[2520] = CNOT 9 36
[2521] = S 9
[2522] = Z 9
[2523] = CNOT 9 36
[2524] = CNOT 9 50
[2525] = Z 9
[2526] = CNOT 9 16
[2527] = CNOT 9 17
[2528] = S 9
[2529] = Z 9
[2530] = CNOT 9 17
[2531] = CNOT 9 20
[2532] = S 9
[2533] = Z 9
[2534] = CNOT 9 20
[2535] = CNOT 9 34
[2536] = S 9
[2537] = Z 9
[2538] = CNOT 9 50
[2539] = CNOT 9 34
[2540] = CNOT 10 16
[2541] = CNOT 10 17
[2542] = Z 10
[2543] = CNOT 10 17
[2544] = CNOT 10 18
[2545] = S 10
[2546] = Z 10
[2547] = CNOT 10 18
[2548] = CNOT 10 19
[2549] = S 10
[2550] = Z 10
[2551] = CNOT 10 19
[2552] = CNOT 10 35
[2553] = S 10
[2554] = Z 10
[2555] = CNOT 10 35
[2556] = CNOT 10 50
[2557] = Z 10
[2558] = CNOT 10 50
[2559] = CNOT 10 16
[2560] = CNOT 10 17
[2561] = CNOT 10 18
[2562] = S 10
[2563] = Z 10
[2564] = CNOT 10 18
[2565] = CNOT 10 19
[2566] = S 10
[2567] = Z 10
[2568] = CNOT 10 19
[2569] = CNOT 10 35
[2570] = S 10
[2571] = Z 10
[2572] = CNOT 10 35
[2573] = CNOT 10 50
[2574] = Z 10
[2575] = CNOT 10 50
[2576] = CNOT 10 17
[2577] = CNOT 10 18
[2578] = CNOT 10 35
[2579] = S 10
[2580] = Z 10
[2581] = CNOT 10 35
[2582] = CNOT 10 50
[2583] = S 10
[2584] = Z 10
[2585] = CNOT 10 18
[2586] = CNOT 10 19
[2587] = S 10
[2588] = Z 10
[2589] = CNOT 10 19
[2590] = CNOT 10 35
[2591] = S 10
[2592] = Z 10
[2593] = CNOT 10 50
[2594] = CNOT 10 35
[2595] = CNOT 11 16
[2596] = CNOT 11 26
[2597] = S 11
[2598] = Z 11
[2599] = CNOT 11 26
[2600] = CNOT 11 27
[2601] = Z 11
[2602] = CNOT 11 27
[2603] = CNOT 11 28
[2604] = Z 11
[2605] = CNOT 11 28
[2606] = CNOT 11 42
[2607] = Z 11
[2608] = CNOT 11 42
[2609] = CNOT 11 43
[2610] = Z 11
[2611] = CNOT 11 43
[2612] = CNOT 11 44
[2613] = S 11
[2614] = Z 11
[2615] = CNOT 11 44
[2616] = CNOT 11 16
[2617] = CNOT 11 26
[2618] = CNOT 11 28
[2619] = S 11
[2620] = Z 11
[2621] = CNOT 11 28
[2622] = CNOT 11 26
[2623] = CNOT 11 27
[2624] = CNOT 11 43
[2625] = Z 11
[2626] = CNOT 11 43
[2627] = CNOT 11 44
[2628] = Z 11
[2629] = CNOT 11 44
[2630] = CNOT 11 27
[2631] = CNOT 11 28
[2632] = CNOT 11 42
[2633] = S 11
[2634] = Z 11
[2635] = CNOT 11 28
[2636] = CNOT 11 44
[2637] = S 11
[2638] = Z 11
[2639] = CNOT 11 42
[2640] = CNOT 11 43
[2641] = Z 11
[2642] = CNOT 11 43
[2643] = CNOT 12 16
[2644] = CNOT 12 25
[2645] = S 12
[2646] = Z 12
[2647] = CNOT 12 25
[2648] = CNOT 12 29
[2649] = Z 12
[2650] = CNOT 12 29
[2651] = CNOT 12 41
[2652] = Z 12
[2653] = CNOT 12 41
[2654] = CNOT 12 45
[2655] = Z 12
[2656] = CNOT 12 45
[2657] = CNOT 12 16
[2658] = CNOT 12 25
[2659] = CNOT 12 29
[2660] = S 12
[2661] = Z 12
[2662] = CNOT 12 25
[2663] = CNOT 12 41
[2664] = S 12
[2665] = Z 12
[2666] = CNOT 12 29
[2667] = CNOT 12 45
[2668] = S 12
[2669] = Z 12
[2670] = CNOT 12 41
[2671] = CNOT 13 14
[2672] = CNOT 13 24
[2673] = S 13
[2674] = Z 13
[2675] = CNOT 13 24
[2676] = CNOT 13 30
[2677] = Z 13
[2678] = CNOT 13 30
[2679] = CNOT 13 40
[2680] = Z 13
[2681] = CNOT 13 40
[2682] = CNOT 13 46
[2683] = Z 13
[2684] = CNOT 13 46
[2685] = CNOT 13 14
[2686] = CNOT 13 24
[2687] = CNOT 13 30
[2688] = S 13
[2689] = Z 13
[2690] = CNOT 13 30
[2691] = CNOT 13 47
[2692] = S 13
[2693] = Z 13
[2694] = CNOT 13 47
[2695] = CNOT 13 49
[2696] = S 13
[2697] = Z 13
[2698] = CNOT 13 49
[2699] = CNOT 13 24
[2700] = CNOT 13 30
[2701] = CNOT 13 40
[2702] = S 13
[2703] = Z 13
[2704] = CNOT 13 40
[2705] = CNOT 13 47
[2706] = Z 13
[2707] = CNOT 13 47
[2708] = CNOT 13 49
[2709] = Z 13
[2710] = CNOT 13 49
[2711] = CNOT 13 30
[2712] = CNOT 13 40
[2713] = CNOT 13 46
[2714] = S 13
[2715] = Z 13
[2716] = CNOT 13 46
[2717] = CNOT 13 47
[2718] = Z 13
[2719] = CNOT 13 47
[2720] = CNOT 13 49
[2721] = Z 13
[2722] = CNOT 13 49
[2723] = CNOT 13 40
[2724] = CNOT 13 46
[2725] = CNOT 13 47
[2726] = Z 13
[2727] = CNOT 13 47
[2728] = CNOT 13 49
[2729] = Z 13
[2730] = CNOT 13 49
[2731] = CNOT 13 46
[2732] = CNOT 14 23
[2733] = CNOT 14 47
[2734] = S 14
[2735] = Z 14
[2736] = CNOT 14 47
[2737] = CNOT 14 49
[2738] = S 14
[2739] = Z 14
[2740] = CNOT 14 49
[2741] = CNOT 14 23
[2742] = CNOT 14 24
[2743] = CNOT 14 30
[2744] = S 14
[2745] = Z 14
[2746] = CNOT 14 30
[2747] = CNOT 14 47
[2748] = Z 14
[2749] = CNOT 14 47
[2750] = CNOT 14 49
[2751] = Z 14
[2752] = CNOT 14 49
[2753] = CNOT 14 24
[2754] = CNOT 14 30
[2755] = CNOT 14 40
[2756] = S 14
[2757] = Z 14
[2758] = CNOT 14 40
[2759] = CNOT 14 47
[2760] = Z 14
[2761] = CNOT 14 47
[2762] = CNOT 14 49
[2763] = Z 14
[2764] = CNOT 14 49
[2765] = CNOT 14 30
[2766] = CNOT 14 40
[2767] = CNOT 14 46
[2768] = S 14
[2769] = Z 14
[2770] = CNOT 14 46
[2771] = CNOT 14 47
[2772] = Z 14
[2773] = CNOT 14 47
[2774] = CNOT 14 49
[2775] = Z 14
[2776] = CNOT 14 49
[2777] = CNOT 14 40
[2778] = CNOT 14 46
[2779] = CNOT 14 47
[2780] = Z 14
[2781] = CNOT 14 47
[2782] = CNOT 14 49
[2783] = Z 14
[2784] = CNOT 14 46
[2785] = CNOT 14 47
[2786] = S 14
[2787] = CNOT 14 49
[2788] = CNOT 15 16
[2789] = CNOT 15 22
[2790] = S 15
[2791] = Z 15
[2792] = CNOT 15 22
[2793] = CNOT 15 32
[2794] = Z 15
[2795] = CNOT 15 32
[2796] = CNOT 15 38
[2797] = Z 15
[2798] = CNOT 15 38
[2799] = CNOT 15 16
[2800] = CNOT 15 22
[2801] = CNOT 15 32
[2802] = S 15
[2803] = Z 15
[2804] = CNOT 15 22
[2805] = CNOT 15 38
[2806] = S 15
[2807] = Z 15
[2808] = CNOT 15 32
[2809] = CNOT 15 48
[2810] = S 15
[2811] = Z 15
[2812] = CNOT 15 38
[2813] = CNOT 16 17
[2814] = CNOT 16 18
[2815] = Z 16
[2816] = CNOT 16 18
[2817] = CNOT 16 19
[2818] = Z 16
[2819] = CNOT 16 19
[2820] = CNOT 16 20
[2821] = S 16
[2822] = Z 16
[2823] = CNOT 16 20
[2824] = CNOT 16 35
[2825] = Z 16
[2826] = CNOT 16 35
[2827] = CNOT 16 50
[2828] = S 16
[2829] = Z 16
[2830] = CNOT 16 50
[2831] = CNOT 16 17
[2832] = CNOT 16 18
[2833] = CNOT 16 19
[2834] = S 16
[2835] = Z 16
[2836] = CNOT 16 19
[2837] = CNOT 16 35
[2838] = Z 16
[2839] = CNOT 16 35
[2840] = CNOT 16 50
[2841] = Z 16
[2842] = CNOT 16 50
[2843] = CNOT 16 18
[2844] = CNOT 16 19
[2845] = CNOT 16 35
[2846] = S 16
[2847] = Z 16
[2848] = CNOT 16 35
[2849] = CNOT 16 50
[2850] = Z 16
[2851] = CNOT 16 50
[2852] = CNOT 16 19
[2853] = CNOT 16 20
[2854] = CNOT 16 34
[2855] = S 16
[2856] = Z 16
[2857] = CNOT 16 34
[2858] = CNOT 16 50
[2859] = Z 16
[2860] = CNOT 16 50
[2861] = CNOT 16 20
[2862] = CNOT 16 22
[2863] = CNOT 16 32
[2864] = S 16
[2865] = Z 16
[2866] = CNOT 16 32
[2867] = CNOT 16 22
[2868] = CNOT 16 25
[2869] = CNOT 16 29
[2870] = S 16
[2871] = Z 16
[2872] = CNOT 16 29
[2873] = CNOT 16 25
[2874] = CNOT 16 26
[2875] = CNOT 16 28
[2876] = S 16
[2877] = Z 16
[2878] = CNOT 16 28
[2879] = CNOT 16 26
[2880] = CNOT 16 27
[2881] = CNOT 16 43
[2882] = Z 16
[2883] = CNOT 16 43
[2884] = CNOT 16 44
[2885] = Z 16
[2886] = CNOT 16 44
[2887] = CNOT 16 27
[2888] = CNOT 16 28
[2889] = CNOT 16 42
[2890] = S 16
[2891] = Z 16
[2892] = CNOT 16 42
[2893] = CNOT 16 28
[2894] = CNOT 16 29
[2895] = CNOT 16 41
[2896] = S 16
[2897] = Z 16
[2898] = CNOT 16 41
[2899] = CNOT 16 29
[2900] = CNOT 16 32
[2901] = CNOT 16 38
[2902] = S 16
[2903] = Z 16
[2904] = CNOT 16 38
[2905] = CNOT 16 32
[2906] = CNOT 16 34
[2907] = CNOT 16 36
[2908] = S 16
[2909] = Z 16
[2910] = CNOT 16 36
[2911] = CNOT 16 50
[2912] = Z 16
[2913] = CNOT 16 34
[2914] = CNOT 16 35
[2915] = Z 16
[2916] = CNOT 16 35
[2917] = CNOT 16 36
[2918] = S 16
[2919] = Z 16
[2920] = CNOT 16 50
[2921] = CNOT 16 36
[2922] = CNOT 16 38
[2923] = CNOT 16 48
[2924] = S 16
[2925] = Z 16
[2926] = CNOT 16 48
[2927] = CNOT 16 38
[2928] = CNOT 16 41
[2929] = CNOT 16 45
[2930] = S 16
[2931] = Z 16
[2932] = CNOT 16 45
[2933] = CNOT 16 41
[2934] = CNOT 16 42
[2935] = CNOT 16 44
[2936] = S 16
[2937] = Z 16
[2938] = CNOT 16 42
[2939] = CNOT 16 43
[2940] = Z 16
[2941] = CNOT 16 44
[2942] = CNOT 16 43
[2943] = CNOT 17 18
[2944] = CNOT 17 19
[2945] = S 17
[2946] = Z 17
[2947] = CNOT 17 19
[2948] = CNOT 17 35
[2949] = Z 17
[2950] = CNOT 17 35
[2951] = CNOT 17 50
[2952] = Z 17
[2953] = CNOT 17 50
[2954] = CNOT 17 18
[2955] = CNOT 17 19
[2956] = CNOT 17 35
[2957] = S 17
[2958] = Z 17
[2959] = CNOT 17 35
[2960] = CNOT 17 50
[2961] = Z 17
[2962] = CNOT 17 19
[2963] = CNOT 17 20
[2964] = S 17
[2965] = Z 17
[2966] = CNOT 17 20
[2967] = CNOT 17 35
[2968] = Z 17
[2969] = CNOT 17 35
[2970] = CNOT 18 19
[2971] = CNOT 18 35
[2972] = S 18
[2973] = Z 18
[2974] = CNOT 18 35
[2975] = CNOT 18 50
[2976] = S 18
[2977] = Z 18
[2978] = CNOT 18 19
[2979] = CNOT 18 35
[2980] = Z 18
[2981] = CNOT 18 50
[2982] = CNOT 18 35
[2983] = CNOT 19 35
[2984] = CNOT 19 50
[2985] = S 19
[2986] = Z 19
[2987] = CNOT 19 50
[2988] = CNOT 19 35
[2989] = CNOT 20 34
[2990] = CNOT 20 50
[2991] = S 20
[2992] = Z 20
[2993] = CNOT 20 50
[2994] = CNOT 20 34
[2995] = CNOT 23 31
[2996] = CNOT 23 47
[2997] = S 23
[2998] = Z 23
[2999] = CNOT 23 47
[3000] = CNOT 23 49
[3001] = S 23
[3002] = Z 23
[3003] = CNOT 23 31
[3004] = CNOT 23 47
[3005] = Z 23
[3006] = CNOT 23 49
[3007] = CNOT 23 47
[3008] = CNOT 24 30
[3009] = CNOT 24 47
[3010] = S 24
[3011] = Z 24
[3012] = CNOT 24 47
[3013] = CNOT 24 49
[3014] = S 24
[3015] = Z 24
[3016] = CNOT 24 30
[3017] = CNOT 24 47
[3018] = Z 24
[3019] = CNOT 24 49
[3020] = CNOT 27 43
[3021] = CNOT 27 44
[3022] = Z 27
[3023] = CNOT 27 43
[3024] = CNOT 30 40
[3025] = CNOT 30 47
[3026] = S 30
[3027] = Z 30
[3028] = CNOT 30 47
[3029] = CNOT 30 49
[3030] = S 30
[3031] = Z 30
[3032] = CNOT 30 40
[3033] = CNOT 30 47
[3034] = Z 30
[3035] = CNOT 30 49
[3036] = CNOT 30 47
[3037] = CNOT 31 39
[3038] = CNOT 31 47
[3039] = S 31
[3040] = Z 31
[3041] = CNOT 31 47
[3042] = CNOT 31 49
[3043] = S 31
[3044] = Z 31
[3045] = CNOT 31 39
[3046] = CNOT 31 47
[3047] = Z 31
[3048] = CNOT 31 49
[3049] = CNOT 34 36
[3050] = CNOT 34 50
[3051] = S 34
[3052] = Z 34
[3053] = CNOT 34 36
[3054] = CNOT 39 47
[3055] = CNOT 39 49
[3056] = S 39
[3057] = Z 39
[3058] = CNOT 39 49
[3059] = CNOT 39 47
[3060] = CNOT 40 46
[3061] = CNOT 40 47
[3062] = S 40
[3063] = Z 40
[3064] = CNOT 40 47
[3065] = CNOT 40 49
[3066] = S 40
[3067] = Z 40
[3068] = CNOT 40 46
[3069] = CNOT 40 47
[3070] = Z 40
[3071] = CNOT 40 49
[3072] = CNOT 46 47
[3073] = CNOT 46 49
[3074] = Z 46
[3075] = CNOT 46 49
[3076] = CNOT 46 47
[3077] = CNOT 21 50
[3078] = CNOT 38 49
[3079] = CNOT 33 49
[3080] = CNOT 22 49
[3081] = CNOT 16 49
[3082] = CNOT 39 48
[3083] = CNOT 32 48
[3084] = CNOT 23 48
[3085] = CNOT 41 46
[3086] = CNOT 30 46
[3087] = CNOT 25 46
[3088] = CNOT 13 46
[3089] = CNOT 42 45
[3090] = CNOT 29 45
[3091] = CNOT 26 45
[3092] = CNOT 43 44
[3093] = CNOT 28 44
[3094] = CNOT 44 43
[3095] = CNOT 43 44
[3096] = CNOT 45 42
[3097] = CNOT 42 45
[3098] = CNOT 46 41
[3099] = CNOT 41 46
[3100] = CNOT 47 40
[3101] = CNOT 40 47
[3102] = CNOT 48 39
[3103] = CNOT 39 48
[3104] = CNOT 49 38
[3105] = CNOT 38 49
[3106] = CNOT 50 37
[3107] = CNOT 37 50
[3108] = CNOT 35 36
[3109] = CNOT 20 36
[3110] = CNOT 18 36
[3111] = CNOT 36 35
[3112] = CNOT 35 36
[3113] = CNOT 37 34
[3114] = CNOT 34 37
[3115] = CNOT 38 33
[3116] = CNOT 33 38
[3117] = CNOT 39 32
[3118] = CNOT 32 39
[3119] = CNOT 40 31
[3120] = CNOT 31 40
[3121] = CNOT 41 30
[3122] = CNOT 30 41
[3123] = CNOT 42 29
[3124] = CNOT 29 42
[3125] = CNOT 43 28
[3126] = CNOT 28 43
[3127] = CNOT 28 27
[3128] = CNOT 27 28
[3129] = CNOT 29 26
[3130] = CNOT 26 29
[3131] = CNOT 30 25
[3132] = CNOT 25 30
[3133] = CNOT 31 24
[3134] = CNOT 24 31
[3135] = CNOT 32 23
[3136] = CNOT 23 32
[3137] = CNOT 33 22
[3138] = CNOT 22 33
[3139] = CNOT 34 21
[3140] = CNOT 21 34
[3141] = CNOT 35 20
[3142] = CNOT 20 35
[3143] = CNOT 20 18
[3144] = CNOT 18 20
[3145] = CNOT 21 17
[3146] = CNOT 17 21
[3147] = CNOT 22 16
[3148] = CNOT 16 22
[3149] = CNOT 23 15
[3150] = CNOT 15 23
[3151] = CNOT 24 14
[3152] = CNOT 14 24
[3153] = CNOT 25 13
[3154] = CNOT 13 25
[3155] = CNOT 26 12
[3156] = CNOT 12 26
[3157] = CNOT 27 11
[3158] = CNOT 11 27
[3159] = H 20
[3160] = M 20
[3161] = H 21
[3162] = M 21
[3163] = H 22
[3164] = M 22
[3165] = H 23
[3166] = M 23
[3167] = H 24
[3168] = M 24
[3169] = H 25
[3170] = M 25
[3171] = H 26
[3172] = M 26
[3173] = H 27
[3174] = M 27
[3175] = H 28
[3176] = M 28
[3177] = H 29
[3178] = M 29
[3179] = H 30
[3180] = M 30
[3181] = H 31
[3182] = M 31
[3183] = H 32
[3184] = M 32
[3185] = H 33
[3186] = M 33
[3187] = H 34
[3188] = M 34
[3189] = H 35
[3190] = M 35
[3191] = H 36
[3192] = M 36
[3193] = H 37
[3194] = M 37
[3195] = H 38
[3196] = M 38
[3197] = H 39
[3198] = M 39
[3199] = H 40
[3200] = M 40
[3201] = H 41
[3202] = M 41
[3203] = H 42
[3204] = M 42
[3205] = H 43
[3206] = M 43
[3207] = H 44
[3208] = M 44
[3209] = H 45
[3210] = M 45
[3211] = H 46
[3212] = M 46
[3213] = H 47
[3214] = M 47
[3215] = H 48
[3216] = M 48
[3217] = H 49
[3218] = M 49
[3219] = H 50
[3220] = M 50
[3221] = H 18
[3222] = H 19
Gate distributions:
Input:
Operator distribution:
Total number of qubits = 19
Number of `data' qubits = 19
Number of `Toff_n' ancillas = 0
Number of Hadamard ancillas = 0
Hadamard ancilla cap = infinite
Number of {CNOT,T} partitions = 1
T count = 224
Cost estimation = 112034
	id	Count
	0	0
	1	0
	2	0
	3	34
	4	0
	5	0
	6	0
	7	0
	8	0
	9	0
	10	32
	11	0
	12	0
	13	0
	14	0
	15	0
	16	0
	17	0
	18	0
Output:
Operator distribution:
Total number of qubits = 50
Number of `data' qubits = 19
Number of `Toff_n' ancillas = 0
Number of Hadamard ancillas = 31
Hadamard ancilla cap = infinite
Number of {CNOT,T} partitions = 1
T count = 84
Cost estimation = 45154.5
	id	Count
	0	0
	1	0
	2	0
	3	65
	4	2041
	5	84
	6	0
	7	0
	8	0
	9	0
	10	0
	11	446
	12	0
	13	556
	14	0
	15	0
	16	0
	17	0
	18	31
Output T Count (SQC_Circuit) = 84
Output T Count (PhasePolynomial) = 84
Fail count = 0

Execution time: 24.1353s
Number of LCL errors: 0
Number of LCL warnings: 0
