Starting optimization...
Input Directory:  /home/ryo-mtmt/TOpt/forme/tpar_benchmark
Output Directory: ./results_h_exist
Exclude List:     adder_8.tfc gf2^8_mult.tfc gf2^9_mult.tfc gf2^10_mult.tfc gf2^16_mult.tfc gf2^32_mult.tfc gf2^64_mult.tfc gf2^128_mult.tfc gf2^256_mult.tfc cycle_17_3.tfc hwb8.tfc hwb10.tfc hwb11.tfc hwb12.tfc mod_adder_1048576.tfc mod_adder_1024.tfc ham15-high.tfc ham15-med.tfc qcla_adder_10.tfc qcla_mod_7.tfc barenco_tof_3.tfc barenco_tof_4.tfc barenco_tof_5.tfc barenco_tof_10.tfc csla_mux_3.tfc csum_mux_9.tfc gf2^4_mult.tfc gf2^5_mult.tfc gf2^6_mult.tfc gf2^7_mult.tfc
---------------------------------------
Skipping: adder_8.tfc (Found in exclude list)
Skipping: barenco_tof_10.tfc (Found in exclude list)
Skipping: barenco_tof_3.tfc (Found in exclude list)
Skipping: barenco_tof_4.tfc (Found in exclude list)
Skipping: barenco_tof_5.tfc (Found in exclude list)
Skipping: csla_mux_3.tfc (Found in exclude list)
Skipping: csum_mux_9.tfc (Found in exclude list)
Skipping: cycle_17_3.tfc (Found in exclude list)
Skipping: gf2^10_mult.tfc (Found in exclude list)
Skipping: gf2^128_mult.tfc (Found in exclude list)
Skipping: gf2^16_mult.tfc (Found in exclude list)
Skipping: gf2^256_mult.tfc (Found in exclude list)
Skipping: gf2^32_mult.tfc (Found in exclude list)
Skipping: gf2^4_mult.tfc (Found in exclude list)
Skipping: gf2^5_mult.tfc (Found in exclude list)
Skipping: gf2^64_mult.tfc (Found in exclude list)
Skipping: gf2^6_mult.tfc (Found in exclude list)
Skipping: gf2^7_mult.tfc (Found in exclude list)
Skipping: gf2^8_mult.tfc (Found in exclude list)
Skipping: gf2^9_mult.tfc (Found in exclude list)
Running: grover_5.tfc -> grover_5.out
Skipping: ham15-high.tfc (Found in exclude list)
Running: ham15-low.tfc -> ham15-low.out
Skipping: ham15-med.tfc (Found in exclude list)
Skipping: hwb10.tfc (Found in exclude list)
Skipping: hwb11.tfc (Found in exclude list)
Skipping: hwb12.tfc (Found in exclude list)
Running: hwb6.tfc -> hwb6.out
Skipping: hwb8.tfc (Found in exclude list)
Running: mod5_4.tfc -> mod5_4.out
Skipping: mod_adder_1024.tfc (Found in exclude list)
Skipping: mod_adder_1048576.tfc (Found in exclude list)
Running: mod_mult_55.tfc -> mod_mult_55.out
Running: mod_red_21.tfc -> mod_red_21.out
Skipping: qcla_adder_10.tfc (Found in exclude list)
Running: qcla_com_7.tfc -> qcla_com_7.out
Skipping: qcla_mod_7.tfc (Found in exclude list)
Running: qft_4.tfc -> qft_4.out
Running: rc_adder_6.tfc -> rc_adder_6.out
Running: tof_10.tfc -> tof_10.out
Running: tof_3.tfc -> tof_3.out
Running: tof_4.tfc -> tof_4.out
Running: tof_5.tfc -> tof_5.out
Running: vbe_adder_3.tfc -> vbe_adder_3.out
---------------------------------------
Done!
Optimized: 14 files
Excluded : 30 files
