Optimize a Clifford + T circuit.
Input filename = /home/rest/forpyzx/TOpt/forme/tpar_benchmark/gf2^7_mult.tfc
Number of unknown gates = 0
Number of unknown qubit labels = 0
Circuit filename: /home/rest/forpyzx/TOpt/forme/tpar_benchmark/gf2^7_mult.tfc

n 21
n_x 21
n_y 0
n_z 0
m 101
[0] = H 15
[1] = H 16
[2] = H 17
[3] = H 18
[4] = H 19
[5] = H 20
[6] = CCZ 7 9 15
[7] = CCZ 6 10 15
[8] = CCZ 5 11 15
[9] = CCZ 4 12 15
[10] = CCZ 3 13 15
[11] = CCZ 2 14 15
[12] = CCZ 7 10 16
[13] = CCZ 6 11 16
[14] = CCZ 5 12 16
[15] = CCZ 4 13 16
[16] = CCZ 3 14 16
[17] = CCZ 7 11 17
[18] = CCZ 6 12 17
[19] = CCZ 5 13 17
[20] = CCZ 4 14 17
[21] = CCZ 7 12 18
[22] = CCZ 6 13 18
[23] = CCZ 5 14 18
[24] = CCZ 7 13 19
[25] = CCZ 6 14 19
[26] = CCZ 7 14 20
[27] = H 15
[28] = H 16
[29] = H 17
[30] = H 18
[31] = H 19
[32] = H 20
[33] = CNOT 21 20
[34] = CNOT 20 19
[35] = CNOT 19 18
[36] = CNOT 18 17
[37] = CNOT 17 16
[38] = CNOT 16 15
[39] = H 15
[40] = H 16
[41] = H 17
[42] = H 18
[43] = H 19
[44] = H 20
[45] = H 21
[46] = CCZ 7 8 21
[47] = CCZ 6 9 21
[48] = CCZ 5 10 21
[49] = CCZ 4 11 21
[50] = CCZ 3 12 21
[51] = CCZ 2 13 21
[52] = CCZ 1 14 21
[53] = CCZ 6 8 20
[54] = CCZ 5 9 20
[55] = CCZ 4 10 20
[56] = CCZ 3 11 20
[57] = CCZ 2 12 20
[58] = CCZ 1 13 20
[59] = CCZ 5 8 19
[60] = CCZ 4 9 19
[61] = CCZ 3 10 19
[62] = CCZ 2 11 19
[63] = CCZ 1 12 19
[64] = CCZ 4 8 18
[65] = CCZ 3 9 18
[66] = CCZ 2 10 18
[67] = CCZ 1 11 18
[68] = CCZ 3 8 17
[69] = CCZ 2 9 17
[70] = CCZ 1 10 17
[71] = CCZ 2 8 16
[72] = CCZ 1 9 16
[73] = CCZ 1 8 15
[74] = H 15
[75] = H 16
[76] = H 17
[77] = H 18
[78] = H 19
[79] = H 20
[80] = H 21

Algorithm used: todd

UniversalOptimize begin.
	Gate synthesis begin.

in LempelX2
		Round = 0
Round 0 | Current Columns (m): 105
		Round = 1
Round 1 | Current Columns (m): 103
		Round = 2
Round 2 | Current Columns (m): 101
		Round = 3
Round 3 | Current Columns (m): 97
		Round = 4
Round 4 | Current Columns (m): 95
		Round = 5
Round 5 | Current Columns (m): 93
		Round = 6
Round 6 | Current Columns (m): 91
		Round = 7
Round 7 | Current Columns (m): 89
		Round = 8
Round 8 | Current Columns (m): 87
		Round = 9
Round 9 | Current Columns (m): 85
		Round = 10
Round 10 | Current Columns (m): 83
nullspace time: 11712 ms, chi time: 5451 ms
Total LempelX2 time: 17173 ms
		TODD executed in 17.1737 seconds.
		Total time: 17.174s
	Gate synthesis end.
	Input has T-Count zero. Outputting the input.
	Gate synthesis begin.

in LempelX2
		Round = 0
Round 0 | Current Columns (m): 112
		Round = 1
Round 1 | Current Columns (m): 110
		Round = 2
Round 2 | Current Columns (m): 108
		Round = 3
Round 3 | Current Columns (m): 106
		Round = 4
Round 4 | Current Columns (m): 104
		Round = 5
Round 5 | Current Columns (m): 102
		Round = 6
Round 6 | Current Columns (m): 100
		Round = 7
Round 7 | Current Columns (m): 98
		Round = 8
Round 8 | Current Columns (m): 96
		Round = 9
Round 9 | Current Columns (m): 94
nullspace time: 40533 ms, chi time: 11960 ms
Total LempelX2 time: 52514 ms
		TODD executed in 52.5134 seconds.
		Total time: 52.5135s
	Gate synthesis end.
	Total time: 69.914s
UniversalOptimize end.
Output circuit:
n 21
n_x 21
n_y 0
n_z 0
m 5401
[0] = H 15
[1] = H 16
[2] = H 17
[3] = H 18
[4] = H 19
[5] = H 20
[6] = CNOT 5 6
[7] = CNOT 5 7
[8] = CNOT 5 10
[9] = CNOT 5 11
[10] = CNOT 5 12
[11] = CNOT 5 14
[12] = CNOT 5 20
[13] = T 5
[14] = CNOT 5 20
[15] = CNOT 5 14
[16] = CNOT 5 12
[17] = CNOT 5 11
[18] = CNOT 5 7
[19] = CNOT 5 6
[20] = CNOT 7 9
[21] = T 7
[22] = CNOT 3 12
[23] = T 3
[24] = S 3
[25] = CNOT 1 14
[26] = T 1
[27] = S 1
[28] = CNOT 1 14
[29] = CNOT 7 14
[30] = CNOT 7 15
[31] = CNOT 7 16
[32] = T 7
[33] = CNOT 7 14
[34] = CNOT 4 11
[35] = T 4
[36] = Z 4
[37] = CNOT 4 11
[38] = CNOT 7 8
[39] = CNOT 7 13
[40] = CNOT 7 20
[41] = T 7
[42] = CNOT 7 20
[43] = CNOT 7 16
[44] = CNOT 7 15
[45] = CNOT 7 13
[46] = CNOT 7 9
[47] = CNOT 7 8
[48] = T 5
[49] = CNOT 5 10
[50] = CNOT 6 10
[51] = CNOT 6 15
[52] = T 6
[53] = Z 6
[54] = CNOT 6 10
[55] = CNOT 10 15
[56] = T 10
[57] = S 10
[58] = CNOT 10 15
[59] = T 6
[60] = S 6
[61] = Z 6
[62] = CNOT 6 15
[63] = CNOT 7 14
[64] = T 7
[65] = S 7
[66] = CNOT 7 14
[67] = CNOT 6 10
[68] = T 6
[69] = CNOT 6 10
[70] = CNOT 7 19
[71] = T 7
[72] = CNOT 7 19
[73] = CNOT 5 7
[74] = CNOT 5 19
[75] = T 5
[76] = S 5
[77] = CNOT 5 19
[78] = CNOT 5 7
[79] = CNOT 7 11
[80] = CNOT 7 19
[81] = T 7
[82] = Z 7
[83] = CNOT 7 19
[84] = CNOT 7 11
[85] = CNOT 3 4
[86] = CNOT 3 5
[87] = CNOT 3 6
[88] = CNOT 3 10
[89] = CNOT 3 11
[90] = CNOT 3 14
[91] = CNOT 3 15
[92] = CNOT 3 20
[93] = T 3
[94] = CNOT 3 20
[95] = CNOT 3 15
[96] = CNOT 3 14
[97] = CNOT 3 12
[98] = CNOT 3 11
[99] = CNOT 3 10
[100] = CNOT 3 6
[101] = CNOT 3 5
[102] = CNOT 3 4
[103] = T 12
[104] = S 12
[105] = CNOT 4 5
[106] = CNOT 4 7
[107] = CNOT 4 11
[108] = CNOT 4 12
[109] = CNOT 4 15
[110] = CNOT 4 19
[111] = T 4
[112] = CNOT 4 15
[113] = T 4
[114] = CNOT 4 12
[115] = CNOT 4 5
[116] = CNOT 5 7
[117] = CNOT 5 11
[118] = CNOT 5 12
[119] = CNOT 5 19
[120] = T 5
[121] = CNOT 5 19
[122] = CNOT 5 12
[123] = CNOT 5 11
[124] = CNOT 5 7
[125] = CNOT 4 5
[126] = T 4
[127] = CNOT 4 19
[128] = CNOT 4 11
[129] = CNOT 4 7
[130] = CNOT 4 5
[131] = T 3
[132] = CNOT 9 14
[133] = CNOT 9 15
[134] = CNOT 9 16
[135] = T 9
[136] = CNOT 9 16
[137] = CNOT 9 15
[138] = CNOT 9 14
[139] = CNOT 5 6
[140] = CNOT 5 10
[141] = CNOT 5 11
[142] = CNOT 5 12
[143] = CNOT 5 13
[144] = CNOT 5 14
[145] = CNOT 5 20
[146] = T 5
[147] = CNOT 5 20
[148] = CNOT 5 13
[149] = CNOT 5 11
[150] = CNOT 5 10
[151] = CNOT 5 6
[152] = CNOT 3 6
[153] = CNOT 3 13
[154] = CNOT 3 16
[155] = T 3
[156] = CNOT 3 16
[157] = CNOT 3 13
[158] = CNOT 3 6
[159] = CNOT 6 16
[160] = T 6
[161] = S 6
[162] = Z 6
[163] = CNOT 6 16
[164] = CNOT 2 3
[165] = CNOT 2 6
[166] = CNOT 2 15
[167] = CNOT 2 16
[168] = T 2
[169] = CNOT 5 7
[170] = CNOT 5 18
[171] = T 5
[172] = CNOT 5 18
[173] = CNOT 2 14
[174] = T 2
[175] = CNOT 2 15
[176] = T 2
[177] = CNOT 2 14
[178] = CNOT 2 3
[179] = CNOT 3 6
[180] = CNOT 3 14
[181] = CNOT 3 16
[182] = T 3
[183] = CNOT 3 16
[184] = CNOT 3 14
[185] = CNOT 3 6
[186] = CNOT 2 3
[187] = T 2
[188] = CNOT 2 16
[189] = CNOT 2 6
[190] = CNOT 2 3
[191] = CNOT 6 9
[192] = T 6
[193] = S 6
[194] = CNOT 6 9
[195] = CNOT 8 9
[196] = CNOT 8 13
[197] = CNOT 8 15
[198] = CNOT 8 16
[199] = CNOT 8 20
[200] = T 8
[201] = CNOT 8 20
[202] = CNOT 8 16
[203] = CNOT 8 15
[204] = CNOT 8 13
[205] = CNOT 8 9
[206] = CNOT 6 13
[207] = CNOT 6 14
[208] = CNOT 6 15
[209] = CNOT 6 19
[210] = T 6
[211] = CNOT 6 19
[212] = CNOT 6 13
[213] = CNOT 6 7
[214] = CNOT 6 16
[215] = T 6
[216] = CNOT 6 16
[217] = CNOT 6 15
[218] = CNOT 6 14
[219] = CNOT 6 7
[220] = CNOT 5 6
[221] = CNOT 5 10
[222] = CNOT 5 11
[223] = CNOT 5 16
[224] = CNOT 5 20
[225] = T 5
[226] = CNOT 5 20
[227] = CNOT 5 14
[228] = CNOT 5 11
[229] = CNOT 5 10
[230] = CNOT 5 6
[231] = T 5
[232] = CNOT 5 16
[233] = CNOT 5 7
[234] = CNOT 7 14
[235] = CNOT 7 15
[236] = T 7
[237] = S 7
[238] = Z 7
[239] = CNOT 7 15
[240] = CNOT 7 14
[241] = CNOT 11 16
[242] = T 11
[243] = CNOT 11 16
[244] = CNOT 5 7
[245] = CNOT 5 18
[246] = T 5
[247] = CNOT 5 18
[248] = CNOT 5 12
[249] = CNOT 5 7
[250] = CNOT 6 7
[251] = CNOT 6 11
[252] = CNOT 6 16
[253] = T 6
[254] = CNOT 6 16
[255] = T 6
[256] = S 6
[257] = CNOT 6 11
[258] = CNOT 6 7
[259] = CNOT 12 16
[260] = T 12
[261] = CNOT 12 16
[262] = CNOT 5 16
[263] = T 5
[264] = CNOT 5 16
[265] = CNOT 3 4
[266] = CNOT 3 5
[267] = CNOT 3 6
[268] = CNOT 3 10
[269] = CNOT 3 11
[270] = CNOT 3 12
[271] = CNOT 3 13
[272] = CNOT 3 14
[273] = CNOT 3 15
[274] = CNOT 3 20
[275] = T 3
[276] = CNOT 3 16
[277] = T 3
[278] = CNOT 3 20
[279] = CNOT 3 16
[280] = CNOT 3 14
[281] = CNOT 3 12
[282] = CNOT 3 11
[283] = CNOT 3 10
[284] = CNOT 3 5
[285] = CNOT 3 4
[286] = T 3
[287] = CNOT 3 13
[288] = CNOT 3 4
[289] = CNOT 3 5
[290] = CNOT 3 10
[291] = CNOT 3 11
[292] = CNOT 3 12
[293] = CNOT 3 14
[294] = CNOT 3 16
[295] = CNOT 3 20
[296] = T 3
[297] = CNOT 3 20
[298] = CNOT 3 16
[299] = CNOT 3 12
[300] = CNOT 3 11
[301] = CNOT 3 10
[302] = CNOT 3 5
[303] = CNOT 3 4
[304] = CNOT 7 8
[305] = CNOT 7 9
[306] = CNOT 7 13
[307] = CNOT 7 14
[308] = CNOT 7 15
[309] = CNOT 7 20
[310] = T 7
[311] = CNOT 7 20
[312] = CNOT 7 15
[313] = CNOT 7 13
[314] = CNOT 7 9
[315] = CNOT 2 13
[316] = T 2
[317] = S 2
[318] = CNOT 2 13
[319] = T 3
[320] = CNOT 3 15
[321] = CNOT 3 14
[322] = CNOT 3 6
[323] = CNOT 7 16
[324] = T 7
[325] = CNOT 7 16
[326] = CNOT 7 14
[327] = CNOT 7 8
[328] = CNOT 6 11
[329] = CNOT 6 14
[330] = CNOT 6 15
[331] = CNOT 6 19
[332] = T 6
[333] = CNOT 6 17
[334] = T 6
[335] = CNOT 6 11
[336] = CNOT 5 7
[337] = CNOT 5 15
[338] = CNOT 5 17
[339] = CNOT 5 19
[340] = T 5
[341] = CNOT 5 17
[342] = T 6
[343] = CNOT 6 19
[344] = CNOT 6 17
[345] = CNOT 6 15
[346] = CNOT 6 14
[347] = CNOT 5 6
[348] = CNOT 5 11
[349] = CNOT 5 12
[350] = T 5
[351] = CNOT 5 17
[352] = T 5
[353] = CNOT 5 6
[354] = T 5
[355] = CNOT 5 17
[356] = CNOT 5 12
[357] = CNOT 5 11
[358] = CNOT 5 7
[359] = CNOT 7 14
[360] = CNOT 7 15
[361] = CNOT 7 17
[362] = CNOT 7 19
[363] = T 7
[364] = CNOT 7 19
[365] = CNOT 7 17
[366] = CNOT 7 15
[367] = CNOT 7 14
[368] = CNOT 5 6
[369] = CNOT 5 7
[370] = CNOT 5 13
[371] = CNOT 5 14
[372] = T 5
[373] = CNOT 5 17
[374] = T 5
[375] = CNOT 5 19
[376] = CNOT 5 17
[377] = CNOT 5 15
[378] = CNOT 5 14
[379] = CNOT 5 13
[380] = CNOT 5 7
[381] = CNOT 5 6
[382] = CNOT 6 7
[383] = CNOT 6 13
[384] = CNOT 6 14
[385] = CNOT 6 15
[386] = CNOT 6 17
[387] = CNOT 6 19
[388] = T 6
[389] = CNOT 6 14
[390] = CNOT 6 13
[391] = CNOT 6 7
[392] = CNOT 7 11
[393] = CNOT 7 15
[394] = CNOT 7 17
[395] = CNOT 7 19
[396] = T 7
[397] = CNOT 7 19
[398] = CNOT 7 17
[399] = CNOT 7 15
[400] = CNOT 7 11
[401] = CNOT 4 5
[402] = CNOT 4 7
[403] = CNOT 4 11
[404] = CNOT 4 14
[405] = CNOT 4 15
[406] = CNOT 4 19
[407] = T 4
[408] = CNOT 4 17
[409] = T 4
[410] = CNOT 4 14
[411] = CNOT 6 7
[412] = T 6
[413] = CNOT 6 19
[414] = CNOT 6 17
[415] = T 4
[416] = CNOT 4 19
[417] = CNOT 4 17
[418] = CNOT 4 15
[419] = CNOT 4 11
[420] = CNOT 4 7
[421] = CNOT 4 5
[422] = CNOT 8 14
[423] = CNOT 8 16
[424] = T 8
[425] = S 8
[426] = Z 8
[427] = CNOT 8 16
[428] = CNOT 6 13
[429] = CNOT 6 16
[430] = T 6
[431] = CNOT 6 16
[432] = CNOT 6 15
[433] = CNOT 6 13
[434] = CNOT 6 7
[435] = CNOT 8 9
[436] = CNOT 8 13
[437] = CNOT 8 15
[438] = CNOT 8 20
[439] = T 8
[440] = CNOT 8 20
[441] = CNOT 8 15
[442] = CNOT 8 14
[443] = CNOT 8 13
[444] = CNOT 12 18
[445] = T 12
[446] = S 12
[447] = CNOT 12 18
[448] = CNOT 7 18
[449] = T 7
[450] = S 7
[451] = CNOT 5 6
[452] = CNOT 5 10
[453] = CNOT 5 11
[454] = CNOT 5 12
[455] = CNOT 5 13
[456] = CNOT 5 14
[457] = CNOT 5 16
[458] = CNOT 5 20
[459] = T 5
[460] = CNOT 5 20
[461] = CNOT 5 16
[462] = CNOT 5 13
[463] = CNOT 5 11
[464] = CNOT 5 10
[465] = CNOT 5 6
[466] = CNOT 6 13
[467] = CNOT 6 18
[468] = T 6
[469] = CNOT 6 13
[470] = CNOT 13 18
[471] = T 13
[472] = S 13
[473] = CNOT 13 18
[474] = T 6
[475] = S 6
[476] = CNOT 6 18
[477] = CNOT 7 12
[478] = CNOT 7 14
[479] = T 7
[480] = CNOT 7 18
[481] = T 7
[482] = S 7
[483] = CNOT 7 14
[484] = CNOT 7 12
[485] = CNOT 5 7
[486] = T 5
[487] = CNOT 5 14
[488] = CNOT 5 12
[489] = CNOT 5 7
[490] = T 1
[491] = S 1
[492] = S 2
[493] = Z 2
[494] = Z 5
[495] = Z 6
[496] = S 7
[497] = S 9
[498] = Z 9
[499] = S 10
[500] = S 11
[501] = Z 11
[502] = S 13
[503] = Z 13
[504] = Z 14
[505] = S 15
[506] = Z 15
[507] = S 16
[508] = Z 16
[509] = Z 17
[510] = S 18
[511] = Z 18
[512] = Z 19
[513] = CNOT 3 6
[514] = Z 3
[515] = CNOT 3 6
[516] = CNOT 3 13
[517] = S 3
[518] = CNOT 3 13
[519] = CNOT 3 14
[520] = S 3
[521] = Z 3
[522] = CNOT 3 14
[523] = CNOT 3 15
[524] = S 3
[525] = Z 3
[526] = CNOT 3 15
[527] = CNOT 3 16
[528] = S 3
[529] = CNOT 3 16
[530] = CNOT 4 5
[531] = S 4
[532] = CNOT 4 5
[533] = CNOT 4 7
[534] = S 4
[535] = CNOT 4 7
[536] = CNOT 4 12
[537] = S 4
[538] = CNOT 4 12
[539] = CNOT 4 13
[540] = Z 4
[541] = CNOT 4 13
[542] = CNOT 4 14
[543] = Z 4
[544] = CNOT 4 14
[545] = CNOT 4 16
[546] = Z 4
[547] = CNOT 4 16
[548] = CNOT 4 17
[549] = Z 4
[550] = CNOT 4 17
[551] = CNOT 4 19
[552] = S 4
[553] = CNOT 4 19
[554] = CNOT 5 11
[555] = S 5
[556] = Z 5
[557] = CNOT 5 11
[558] = CNOT 5 12
[559] = Z 5
[560] = CNOT 5 12
[561] = CNOT 5 14
[562] = S 5
[563] = Z 5
[564] = CNOT 5 14
[565] = CNOT 5 15
[566] = Z 5
[567] = CNOT 5 15
[568] = CNOT 5 17
[569] = Z 5
[570] = CNOT 5 17
[571] = CNOT 5 18
[572] = S 5
[573] = Z 5
[574] = CNOT 5 18
[575] = CNOT 5 19
[576] = Z 5
[577] = CNOT 5 19
[578] = CNOT 5 20
[579] = S 5
[580] = Z 5
[581] = CNOT 5 20
[582] = CNOT 6 12
[583] = S 6
[584] = CNOT 6 12
[585] = CNOT 6 13
[586] = S 6
[587] = Z 6
[588] = CNOT 6 13
[589] = CNOT 6 14
[590] = Z 6
[591] = CNOT 6 14
[592] = CNOT 6 19
[593] = Z 6
[594] = CNOT 6 19
[595] = CNOT 6 20
[596] = S 6
[597] = Z 6
[598] = CNOT 6 20
[599] = CNOT 7 10
[600] = S 7
[601] = Z 7
[602] = CNOT 7 10
[603] = CNOT 7 11
[604] = S 7
[605] = CNOT 7 11
[606] = CNOT 7 12
[607] = S 7
[608] = CNOT 7 12
[609] = CNOT 7 13
[610] = S 7
[611] = CNOT 7 13
[612] = CNOT 7 16
[613] = S 7
[614] = CNOT 7 16
[615] = CNOT 7 17
[616] = S 7
[617] = Z 7
[618] = CNOT 7 17
[619] = CNOT 7 20
[620] = S 7
[621] = CNOT 7 20
[622] = S 8
[623] = Z 8
[624] = CNOT 8 9
[625] = CNOT 8 13
[626] = S 8
[627] = Z 8
[628] = CNOT 8 13
[629] = CNOT 8 15
[630] = S 8
[631] = Z 8
[632] = CNOT 8 15
[633] = CNOT 8 20
[634] = S 8
[635] = Z 8
[636] = CNOT 8 20
[637] = CNOT 9 13
[638] = S 9
[639] = Z 9
[640] = CNOT 9 13
[641] = CNOT 9 14
[642] = S 9
[643] = CNOT 9 14
[644] = CNOT 9 15
[645] = Z 9
[646] = CNOT 9 15
[647] = CNOT 9 16
[648] = S 9
[649] = CNOT 9 16
[650] = CNOT 9 20
[651] = S 9
[652] = Z 9
[653] = CNOT 9 20
[654] = CNOT 10 11
[655] = S 10
[656] = Z 10
[657] = CNOT 10 11
[658] = CNOT 10 12
[659] = S 10
[660] = Z 10
[661] = CNOT 10 12
[662] = CNOT 10 13
[663] = Z 10
[664] = CNOT 10 13
[665] = CNOT 10 14
[666] = S 10
[667] = Z 10
[668] = CNOT 10 14
[669] = CNOT 10 16
[670] = Z 10
[671] = CNOT 10 16
[672] = CNOT 10 20
[673] = S 10
[674] = Z 10
[675] = CNOT 10 20
[676] = CNOT 11 13
[677] = Z 11
[678] = CNOT 11 13
[679] = CNOT 11 14
[680] = Z 11
[681] = CNOT 11 14
[682] = CNOT 11 17
[683] = S 11
[684] = CNOT 11 17
[685] = CNOT 11 20
[686] = S 11
[687] = Z 11
[688] = CNOT 11 20
[689] = CNOT 12 13
[690] = Z 12
[691] = CNOT 12 13
[692] = CNOT 12 14
[693] = S 12
[694] = CNOT 12 14
[695] = CNOT 12 17
[696] = Z 12
[697] = CNOT 12 17
[698] = CNOT 12 19
[699] = S 12
[700] = CNOT 12 19
[701] = CNOT 12 20
[702] = S 12
[703] = Z 12
[704] = CNOT 12 20
[705] = CNOT 13 14
[706] = S 13
[707] = Z 13
[708] = CNOT 13 14
[709] = CNOT 13 16
[710] = Z 13
[711] = CNOT 13 16
[712] = CNOT 13 17
[713] = Z 13
[714] = CNOT 13 17
[715] = CNOT 13 19
[716] = S 13
[717] = Z 13
[718] = CNOT 13 19
[719] = CNOT 13 20
[720] = S 13
[721] = CNOT 13 20
[722] = CNOT 14 15
[723] = Z 14
[724] = CNOT 14 15
[725] = CNOT 14 18
[726] = S 14
[727] = Z 14
[728] = CNOT 14 18
[729] = CNOT 14 19
[730] = Z 14
[731] = CNOT 14 19
[732] = CNOT 15 20
[733] = S 15
[734] = Z 15
[735] = CNOT 15 20
[736] = CNOT 2 3
[737] = CNOT 2 6
[738] = Z 2
[739] = CNOT 2 6
[740] = CNOT 2 14
[741] = S 2
[742] = Z 2
[743] = CNOT 2 14
[744] = CNOT 2 15
[745] = S 2
[746] = Z 2
[747] = CNOT 2 15
[748] = CNOT 2 16
[749] = Z 2
[750] = CNOT 2 16
[751] = CNOT 2 3
[752] = CNOT 2 6
[753] = CNOT 2 14
[754] = S 2
[755] = Z 2
[756] = CNOT 2 14
[757] = CNOT 2 15
[758] = S 2
[759] = Z 2
[760] = CNOT 2 15
[761] = CNOT 2 16
[762] = Z 2
[763] = CNOT 2 6
[764] = CNOT 2 14
[765] = S 2
[766] = Z 2
[767] = CNOT 2 14
[768] = CNOT 2 15
[769] = S 2
[770] = Z 2
[771] = CNOT 2 16
[772] = CNOT 2 15
[773] = CNOT 3 4
[774] = CNOT 3 5
[775] = Z 3
[776] = CNOT 3 5
[777] = CNOT 3 6
[778] = Z 3
[779] = CNOT 3 6
[780] = CNOT 3 10
[781] = Z 3
[782] = CNOT 3 10
[783] = CNOT 3 11
[784] = Z 3
[785] = CNOT 3 11
[786] = CNOT 3 12
[787] = Z 3
[788] = CNOT 3 12
[789] = CNOT 3 13
[790] = S 3
[791] = Z 3
[792] = CNOT 3 13
[793] = CNOT 3 14
[794] = Z 3
[795] = CNOT 3 14
[796] = CNOT 3 15
[797] = Z 3
[798] = CNOT 3 15
[799] = CNOT 3 16
[800] = S 3
[801] = Z 3
[802] = CNOT 3 16
[803] = CNOT 3 20
[804] = Z 3
[805] = CNOT 3 20
[806] = CNOT 3 4
[807] = CNOT 3 5
[808] = CNOT 3 6
[809] = Z 3
[810] = CNOT 3 6
[811] = CNOT 3 10
[812] = Z 3
[813] = CNOT 3 10
[814] = CNOT 3 11
[815] = Z 3
[816] = CNOT 3 11
[817] = CNOT 3 12
[818] = Z 3
[819] = CNOT 3 12
[820] = CNOT 3 13
[821] = S 3
[822] = Z 3
[823] = CNOT 3 13
[824] = CNOT 3 14
[825] = Z 3
[826] = CNOT 3 14
[827] = CNOT 3 15
[828] = Z 3
[829] = CNOT 3 15
[830] = CNOT 3 16
[831] = S 3
[832] = Z 3
[833] = CNOT 3 16
[834] = CNOT 3 20
[835] = Z 3
[836] = CNOT 3 20
[837] = CNOT 3 5
[838] = CNOT 3 6
[839] = CNOT 3 10
[840] = Z 3
[841] = CNOT 3 10
[842] = CNOT 3 11
[843] = Z 3
[844] = CNOT 3 11
[845] = CNOT 3 12
[846] = Z 3
[847] = CNOT 3 12
[848] = CNOT 3 13
[849] = Z 3
[850] = CNOT 3 13
[851] = CNOT 3 20
[852] = Z 3
[853] = CNOT 3 20
[854] = CNOT 3 6
[855] = CNOT 3 10
[856] = CNOT 3 11
[857] = Z 3
[858] = CNOT 3 11
[859] = CNOT 3 12
[860] = Z 3
[861] = CNOT 3 12
[862] = CNOT 3 13
[863] = S 3
[864] = Z 3
[865] = CNOT 3 13
[866] = CNOT 3 14
[867] = Z 3
[868] = CNOT 3 14
[869] = CNOT 3 15
[870] = Z 3
[871] = CNOT 3 15
[872] = CNOT 3 16
[873] = S 3
[874] = Z 3
[875] = CNOT 3 16
[876] = CNOT 3 20
[877] = Z 3
[878] = CNOT 3 20
[879] = CNOT 3 10
[880] = CNOT 3 11
[881] = CNOT 3 12
[882] = Z 3
[883] = CNOT 3 12
[884] = CNOT 3 13
[885] = S 3
[886] = Z 3
[887] = CNOT 3 13
[888] = CNOT 3 14
[889] = Z 3
[890] = CNOT 3 14
[891] = CNOT 3 15
[892] = Z 3
[893] = CNOT 3 15
[894] = CNOT 3 16
[895] = S 3
[896] = Z 3
[897] = CNOT 3 16
[898] = CNOT 3 20
[899] = Z 3
[900] = CNOT 3 20
[901] = CNOT 3 11
[902] = CNOT 3 12
[903] = CNOT 3 13
[904] = S 3
[905] = Z 3
[906] = CNOT 3 13
[907] = CNOT 3 14
[908] = Z 3
[909] = CNOT 3 14
[910] = CNOT 3 15
[911] = Z 3
[912] = CNOT 3 15
[913] = CNOT 3 16
[914] = S 3
[915] = Z 3
[916] = CNOT 3 16
[917] = CNOT 3 20
[918] = Z 3
[919] = CNOT 3 20
[920] = CNOT 3 12
[921] = CNOT 3 13
[922] = CNOT 3 14
[923] = S 3
[924] = Z 3
[925] = CNOT 3 14
[926] = CNOT 3 15
[927] = S 3
[928] = Z 3
[929] = CNOT 3 15
[930] = CNOT 3 16
[931] = S 3
[932] = Z 3
[933] = CNOT 3 16
[934] = CNOT 3 20
[935] = S 3
[936] = Z 3
[937] = CNOT 3 20
[938] = CNOT 3 13
[939] = CNOT 3 14
[940] = CNOT 3 15
[941] = S 3
[942] = CNOT 3 15
[943] = CNOT 3 16
[944] = Z 3
[945] = CNOT 3 16
[946] = CNOT 3 20
[947] = Z 3
[948] = CNOT 3 20
[949] = CNOT 3 14
[950] = CNOT 3 15
[951] = CNOT 3 16
[952] = Z 3
[953] = CNOT 3 16
[954] = CNOT 3 20
[955] = Z 3
[956] = CNOT 3 15
[957] = CNOT 3 16
[958] = S 3
[959] = Z 3
[960] = CNOT 3 20
[961] = CNOT 3 16
[962] = CNOT 4 5
[963] = CNOT 4 6
[964] = Z 4
[965] = CNOT 4 6
[966] = CNOT 4 7
[967] = S 4
[968] = CNOT 4 7
[969] = CNOT 4 10
[970] = Z 4
[971] = CNOT 4 10
[972] = CNOT 4 11
[973] = S 4
[974] = Z 4
[975] = CNOT 4 11
[976] = CNOT 4 12
[977] = S 4
[978] = CNOT 4 12
[979] = CNOT 4 13
[980] = S 4
[981] = Z 4
[982] = CNOT 4 13
[983] = CNOT 4 14
[984] = S 4
[985] = CNOT 4 14
[986] = CNOT 4 16
[987] = S 4
[988] = Z 4
[989] = CNOT 4 16
[990] = CNOT 4 17
[991] = S 4
[992] = Z 4
[993] = CNOT 4 17
[994] = CNOT 4 19
[995] = S 4
[996] = CNOT 4 19
[997] = CNOT 4 20
[998] = Z 4
[999] = CNOT 4 20
[1000] = CNOT 4 5
[1001] = CNOT 4 6
[1002] = CNOT 4 10
[1003] = Z 4
[1004] = CNOT 4 10
[1005] = CNOT 4 11
[1006] = Z 4
[1007] = CNOT 4 11
[1008] = CNOT 4 12
[1009] = Z 4
[1010] = CNOT 4 12
[1011] = CNOT 4 13
[1012] = S 4
[1013] = Z 4
[1014] = CNOT 4 13
[1015] = CNOT 4 14
[1016] = Z 4
[1017] = CNOT 4 14
[1018] = CNOT 4 15
[1019] = Z 4
[1020] = CNOT 4 15
[1021] = CNOT 4 16
[1022] = S 4
[1023] = Z 4
[1024] = CNOT 4 16
[1025] = CNOT 4 20
[1026] = Z 4
[1027] = CNOT 4 20
[1028] = CNOT 4 6
[1029] = CNOT 4 7
[1030] = CNOT 4 11
[1031] = S 4
[1032] = CNOT 4 11
[1033] = CNOT 4 12
[1034] = S 4
[1035] = Z 4
[1036] = CNOT 4 12
[1037] = CNOT 4 14
[1038] = S 4
[1039] = Z 4
[1040] = CNOT 4 14
[1041] = CNOT 4 15
[1042] = Z 4
[1043] = CNOT 4 15
[1044] = CNOT 4 17
[1045] = S 4
[1046] = Z 4
[1047] = CNOT 4 17
[1048] = CNOT 4 19
[1049] = S 4
[1050] = CNOT 4 19
[1051] = CNOT 4 7
[1052] = CNOT 4 10
[1053] = CNOT 4 11
[1054] = Z 4
[1055] = CNOT 4 11
[1056] = CNOT 4 12
[1057] = Z 4
[1058] = CNOT 4 12
[1059] = CNOT 4 13
[1060] = S 4
[1061] = Z 4
[1062] = CNOT 4 13
[1063] = CNOT 4 14
[1064] = Z 4
[1065] = CNOT 4 14
[1066] = CNOT 4 15
[1067] = Z 4
[1068] = CNOT 4 15
[1069] = CNOT 4 16
[1070] = S 4
[1071] = Z 4
[1072] = CNOT 4 16
[1073] = CNOT 4 20
[1074] = Z 4
[1075] = CNOT 4 20
[1076] = CNOT 4 10
[1077] = CNOT 4 11
[1078] = CNOT 4 12
[1079] = S 4
[1080] = CNOT 4 12
[1081] = CNOT 4 13
[1082] = S 4
[1083] = Z 4
[1084] = CNOT 4 13
[1085] = CNOT 4 14
[1086] = S 4
[1087] = CNOT 4 14
[1088] = CNOT 4 16
[1089] = S 4
[1090] = Z 4
[1091] = CNOT 4 16
[1092] = CNOT 4 17
[1093] = S 4
[1094] = Z 4
[1095] = CNOT 4 17
[1096] = CNOT 4 19
[1097] = S 4
[1098] = CNOT 4 19
[1099] = CNOT 4 20
[1100] = Z 4
[1101] = CNOT 4 20
[1102] = CNOT 4 11
[1103] = CNOT 4 12
[1104] = CNOT 4 13
[1105] = S 4
[1106] = Z 4
[1107] = CNOT 4 13
[1108] = CNOT 4 14
[1109] = Z 4
[1110] = CNOT 4 14
[1111] = CNOT 4 15
[1112] = Z 4
[1113] = CNOT 4 15
[1114] = CNOT 4 16
[1115] = S 4
[1116] = Z 4
[1117] = CNOT 4 16
[1118] = CNOT 4 19
[1119] = S 4
[1120] = Z 4
[1121] = CNOT 4 19
[1122] = CNOT 4 20
[1123] = Z 4
[1124] = CNOT 4 20
[1125] = CNOT 4 12
[1126] = CNOT 4 13
[1127] = CNOT 4 14
[1128] = S 4
[1129] = Z 4
[1130] = CNOT 4 14
[1131] = CNOT 4 15
[1132] = S 4
[1133] = Z 4
[1134] = CNOT 4 15
[1135] = CNOT 4 20
[1136] = S 4
[1137] = Z 4
[1138] = CNOT 4 20
[1139] = CNOT 4 13
[1140] = CNOT 4 14
[1141] = CNOT 4 15
[1142] = S 4
[1143] = CNOT 4 15
[1144] = CNOT 4 16
[1145] = S 4
[1146] = Z 4
[1147] = CNOT 4 16
[1148] = CNOT 4 19
[1149] = S 4
[1150] = Z 4
[1151] = CNOT 4 19
[1152] = CNOT 4 20
[1153] = Z 4
[1154] = CNOT 4 20
[1155] = CNOT 4 14
[1156] = CNOT 4 15
[1157] = CNOT 4 16
[1158] = S 4
[1159] = Z 4
[1160] = CNOT 4 16
[1161] = CNOT 4 17
[1162] = S 4
[1163] = Z 4
[1164] = CNOT 4 17
[1165] = CNOT 4 19
[1166] = Z 4
[1167] = CNOT 4 19
[1168] = CNOT 4 20
[1169] = Z 4
[1170] = CNOT 4 15
[1171] = CNOT 4 16
[1172] = S 4
[1173] = Z 4
[1174] = CNOT 4 20
[1175] = CNOT 4 16
[1176] = CNOT 4 17
[1177] = CNOT 4 19
[1178] = S 4
[1179] = Z 4
[1180] = CNOT 4 19
[1181] = CNOT 4 17
[1182] = CNOT 5 6
[1183] = CNOT 5 7
[1184] = S 5
[1185] = CNOT 5 7
[1186] = CNOT 5 11
[1187] = S 5
[1188] = Z 5
[1189] = CNOT 5 11
[1190] = CNOT 5 12
[1191] = S 5
[1192] = Z 5
[1193] = CNOT 5 12
[1194] = CNOT 5 13
[1195] = S 5
[1196] = CNOT 5 13
[1197] = CNOT 5 14
[1198] = S 5
[1199] = Z 5
[1200] = CNOT 5 14
[1201] = CNOT 5 16
[1202] = Z 5
[1203] = CNOT 5 16
[1204] = CNOT 5 17
[1205] = S 5
[1206] = Z 5
[1207] = CNOT 5 17
[1208] = CNOT 5 19
[1209] = Z 5
[1210] = CNOT 5 19
[1211] = CNOT 5 6
[1212] = CNOT 5 7
[1213] = CNOT 5 10
[1214] = S 5
[1215] = Z 5
[1216] = CNOT 5 10
[1217] = CNOT 5 11
[1218] = Z 5
[1219] = CNOT 5 11
[1220] = CNOT 5 12
[1221] = Z 5
[1222] = CNOT 5 12
[1223] = CNOT 5 13
[1224] = S 5
[1225] = Z 5
[1226] = CNOT 5 13
[1227] = CNOT 5 15
[1228] = S 5
[1229] = Z 5
[1230] = CNOT 5 15
[1231] = CNOT 5 16
[1232] = S 5
[1233] = Z 5
[1234] = CNOT 5 16
[1235] = CNOT 5 17
[1236] = S 5
[1237] = CNOT 5 17
[1238] = CNOT 5 18
[1239] = S 5
[1240] = Z 5
[1241] = CNOT 5 18
[1242] = CNOT 5 20
[1243] = S 5
[1244] = Z 5
[1245] = CNOT 5 20
[1246] = CNOT 5 7
[1247] = CNOT 5 10
[1248] = CNOT 5 13
[1249] = Z 5
[1250] = CNOT 5 13
[1251] = CNOT 5 15
[1252] = Z 5
[1253] = CNOT 5 15
[1254] = CNOT 5 16
[1255] = Z 5
[1256] = CNOT 5 16
[1257] = CNOT 5 10
[1258] = CNOT 5 11
[1259] = CNOT 5 12
[1260] = S 5
[1261] = CNOT 5 12
[1262] = CNOT 5 13
[1263] = Z 5
[1264] = CNOT 5 13
[1265] = CNOT 5 14
[1266] = S 5
[1267] = Z 5
[1268] = CNOT 5 14
[1269] = CNOT 5 15
[1270] = S 5
[1271] = Z 5
[1272] = CNOT 5 15
[1273] = CNOT 5 16
[1274] = Z 5
[1275] = CNOT 5 16
[1276] = CNOT 5 17
[1277] = Z 5
[1278] = CNOT 5 17
[1279] = CNOT 5 19
[1280] = S 5
[1281] = Z 5
[1282] = CNOT 5 19
[1283] = CNOT 5 11
[1284] = CNOT 5 12
[1285] = CNOT 5 13
[1286] = Z 5
[1287] = CNOT 5 13
[1288] = CNOT 5 14
[1289] = S 5
[1290] = Z 5
[1291] = CNOT 5 14
[1292] = CNOT 5 16
[1293] = Z 5
[1294] = CNOT 5 16
[1295] = CNOT 5 17
[1296] = S 5
[1297] = Z 5
[1298] = CNOT 5 17
[1299] = CNOT 5 18
[1300] = S 5
[1301] = Z 5
[1302] = CNOT 5 18
[1303] = CNOT 5 19
[1304] = S 5
[1305] = CNOT 5 19
[1306] = CNOT 5 12
[1307] = CNOT 5 13
[1308] = CNOT 5 14
[1309] = S 5
[1310] = CNOT 5 14
[1311] = CNOT 5 15
[1312] = Z 5
[1313] = CNOT 5 15
[1314] = CNOT 5 16
[1315] = S 5
[1316] = Z 5
[1317] = CNOT 5 16
[1318] = CNOT 5 19
[1319] = S 5
[1320] = Z 5
[1321] = CNOT 5 19
[1322] = CNOT 5 20
[1323] = Z 5
[1324] = CNOT 5 20
[1325] = CNOT 5 13
[1326] = CNOT 5 14
[1327] = CNOT 5 16
[1328] = Z 5
[1329] = CNOT 5 16
[1330] = CNOT 5 17
[1331] = S 5
[1332] = Z 5
[1333] = CNOT 5 17
[1334] = CNOT 5 19
[1335] = Z 5
[1336] = CNOT 5 19
[1337] = CNOT 5 14
[1338] = CNOT 5 15
[1339] = CNOT 5 16
[1340] = S 5
[1341] = Z 5
[1342] = CNOT 5 16
[1343] = CNOT 5 17
[1344] = S 5
[1345] = CNOT 5 17
[1346] = CNOT 5 19
[1347] = S 5
[1348] = Z 5
[1349] = CNOT 5 19
[1350] = CNOT 5 20
[1351] = Z 5
[1352] = CNOT 5 15
[1353] = CNOT 5 16
[1354] = Z 5
[1355] = CNOT 5 20
[1356] = CNOT 5 16
[1357] = CNOT 5 17
[1358] = CNOT 5 19
[1359] = S 5
[1360] = CNOT 5 19
[1361] = CNOT 5 17
[1362] = CNOT 6 7
[1363] = CNOT 6 10
[1364] = S 6
[1365] = Z 6
[1366] = CNOT 6 10
[1367] = CNOT 6 12
[1368] = Z 6
[1369] = CNOT 6 12
[1370] = CNOT 6 13
[1371] = Z 6
[1372] = CNOT 6 13
[1373] = CNOT 6 14
[1374] = S 6
[1375] = CNOT 6 14
[1376] = CNOT 6 16
[1377] = Z 6
[1378] = CNOT 6 16
[1379] = CNOT 6 17
[1380] = Z 6
[1381] = CNOT 6 17
[1382] = CNOT 6 19
[1383] = S 6
[1384] = CNOT 6 19
[1385] = CNOT 6 20
[1386] = S 6
[1387] = Z 6
[1388] = CNOT 6 20
[1389] = CNOT 6 7
[1390] = CNOT 6 10
[1391] = CNOT 6 13
[1392] = Z 6
[1393] = CNOT 6 13
[1394] = CNOT 6 16
[1395] = Z 6
[1396] = CNOT 6 16
[1397] = CNOT 6 10
[1398] = CNOT 6 11
[1399] = CNOT 6 12
[1400] = S 6
[1401] = Z 6
[1402] = CNOT 6 12
[1403] = CNOT 6 13
[1404] = Z 6
[1405] = CNOT 6 13
[1406] = CNOT 6 14
[1407] = S 6
[1408] = Z 6
[1409] = CNOT 6 14
[1410] = CNOT 6 16
[1411] = Z 6
[1412] = CNOT 6 16
[1413] = CNOT 6 17
[1414] = S 6
[1415] = Z 6
[1416] = CNOT 6 17
[1417] = CNOT 6 19
[1418] = Z 6
[1419] = CNOT 6 19
[1420] = CNOT 6 11
[1421] = CNOT 6 12
[1422] = CNOT 6 13
[1423] = Z 6
[1424] = CNOT 6 13
[1425] = CNOT 6 15
[1426] = S 6
[1427] = CNOT 6 15
[1428] = CNOT 6 16
[1429] = Z 6
[1430] = CNOT 6 16
[1431] = CNOT 6 19
[1432] = S 6
[1433] = Z 6
[1434] = CNOT 6 19
[1435] = CNOT 6 12
[1436] = CNOT 6 13
[1437] = CNOT 6 16
[1438] = Z 6
[1439] = CNOT 6 16
[1440] = CNOT 6 17
[1441] = S 6
[1442] = Z 6
[1443] = CNOT 6 17
[1444] = CNOT 6 19
[1445] = Z 6
[1446] = CNOT 6 19
[1447] = CNOT 6 20
[1448] = Z 6
[1449] = CNOT 6 20
[1450] = CNOT 6 13
[1451] = CNOT 6 14
[1452] = CNOT 6 15
[1453] = S 6
[1454] = CNOT 6 15
[1455] = CNOT 6 17
[1456] = Z 6
[1457] = CNOT 6 17
[1458] = CNOT 6 19
[1459] = S 6
[1460] = CNOT 6 19
[1461] = CNOT 6 14
[1462] = CNOT 6 15
[1463] = CNOT 6 16
[1464] = S 6
[1465] = CNOT 6 16
[1466] = CNOT 6 17
[1467] = S 6
[1468] = CNOT 6 17
[1469] = CNOT 6 19
[1470] = S 6
[1471] = Z 6
[1472] = CNOT 6 19
[1473] = CNOT 6 20
[1474] = Z 6
[1475] = CNOT 6 15
[1476] = CNOT 6 16
[1477] = Z 6
[1478] = CNOT 6 20
[1479] = CNOT 6 16
[1480] = CNOT 6 17
[1481] = CNOT 6 19
[1482] = S 6
[1483] = CNOT 6 19
[1484] = CNOT 6 17
[1485] = CNOT 7 8
[1486] = CNOT 7 9
[1487] = S 7
[1488] = Z 7
[1489] = CNOT 7 9
[1490] = CNOT 7 13
[1491] = S 7
[1492] = Z 7
[1493] = CNOT 7 13
[1494] = CNOT 7 14
[1495] = S 7
[1496] = Z 7
[1497] = CNOT 7 14
[1498] = CNOT 7 15
[1499] = S 7
[1500] = Z 7
[1501] = CNOT 7 15
[1502] = CNOT 7 16
[1503] = S 7
[1504] = Z 7
[1505] = CNOT 7 16
[1506] = CNOT 7 20
[1507] = S 7
[1508] = Z 7
[1509] = CNOT 7 20
[1510] = CNOT 7 8
[1511] = CNOT 7 9
[1512] = CNOT 7 13
[1513] = S 7
[1514] = Z 7
[1515] = CNOT 7 13
[1516] = CNOT 7 14
[1517] = S 7
[1518] = Z 7
[1519] = CNOT 7 14
[1520] = CNOT 7 15
[1521] = S 7
[1522] = Z 7
[1523] = CNOT 7 15
[1524] = CNOT 7 16
[1525] = S 7
[1526] = Z 7
[1527] = CNOT 7 16
[1528] = CNOT 7 20
[1529] = S 7
[1530] = Z 7
[1531] = CNOT 7 20
[1532] = CNOT 7 9
[1533] = CNOT 7 10
[1534] = CNOT 7 11
[1535] = S 7
[1536] = Z 7
[1537] = CNOT 7 11
[1538] = CNOT 7 12
[1539] = S 7
[1540] = Z 7
[1541] = CNOT 7 12
[1542] = CNOT 7 14
[1543] = S 7
[1544] = Z 7
[1545] = CNOT 7 14
[1546] = CNOT 7 20
[1547] = S 7
[1548] = Z 7
[1549] = CNOT 7 20
[1550] = CNOT 7 10
[1551] = CNOT 7 11
[1552] = CNOT 7 14
[1553] = Z 7
[1554] = CNOT 7 14
[1555] = CNOT 7 16
[1556] = S 7
[1557] = Z 7
[1558] = CNOT 7 16
[1559] = CNOT 7 17
[1560] = Z 7
[1561] = CNOT 7 17
[1562] = CNOT 7 20
[1563] = S 7
[1564] = Z 7
[1565] = CNOT 7 20
[1566] = CNOT 7 11
[1567] = CNOT 7 12
[1568] = CNOT 7 15
[1569] = Z 7
[1570] = CNOT 7 15
[1571] = CNOT 7 16
[1572] = S 7
[1573] = Z 7
[1574] = CNOT 7 16
[1575] = CNOT 7 17
[1576] = S 7
[1577] = Z 7
[1578] = CNOT 7 17
[1579] = CNOT 7 18
[1580] = S 7
[1581] = Z 7
[1582] = CNOT 7 18
[1583] = CNOT 7 19
[1584] = S 7
[1585] = CNOT 7 19
[1586] = CNOT 7 20
[1587] = S 7
[1588] = Z 7
[1589] = CNOT 7 20
[1590] = CNOT 7 12
[1591] = CNOT 7 13
[1592] = CNOT 7 14
[1593] = Z 7
[1594] = CNOT 7 14
[1595] = CNOT 7 15
[1596] = S 7
[1597] = CNOT 7 15
[1598] = CNOT 7 16
[1599] = S 7
[1600] = Z 7
[1601] = CNOT 7 16
[1602] = CNOT 7 17
[1603] = S 7
[1604] = Z 7
[1605] = CNOT 7 17
[1606] = CNOT 7 19
[1607] = S 7
[1608] = Z 7
[1609] = CNOT 7 19
[1610] = CNOT 7 20
[1611] = S 7
[1612] = Z 7
[1613] = CNOT 7 20
[1614] = CNOT 7 13
[1615] = CNOT 7 14
[1616] = CNOT 7 16
[1617] = Z 7
[1618] = CNOT 7 16
[1619] = CNOT 7 17
[1620] = Z 7
[1621] = CNOT 7 17
[1622] = CNOT 7 18
[1623] = S 7
[1624] = Z 7
[1625] = CNOT 7 18
[1626] = CNOT 7 19
[1627] = S 7
[1628] = CNOT 7 19
[1629] = CNOT 7 20
[1630] = S 7
[1631] = Z 7
[1632] = CNOT 7 20
[1633] = CNOT 7 14
[1634] = CNOT 7 15
[1635] = CNOT 7 16
[1636] = Z 7
[1637] = CNOT 7 16
[1638] = CNOT 7 17
[1639] = S 7
[1640] = Z 7
[1641] = CNOT 7 17
[1642] = CNOT 7 19
[1643] = S 7
[1644] = CNOT 7 19
[1645] = CNOT 7 20
[1646] = S 7
[1647] = Z 7
[1648] = CNOT 7 15
[1649] = CNOT 7 16
[1650] = S 7
[1651] = Z 7
[1652] = CNOT 7 20
[1653] = CNOT 7 16
[1654] = CNOT 7 17
[1655] = CNOT 7 19
[1656] = S 7
[1657] = Z 7
[1658] = CNOT 7 19
[1659] = CNOT 7 17
[1660] = CNOT 8 9
[1661] = CNOT 8 13
[1662] = Z 8
[1663] = CNOT 8 13
[1664] = CNOT 8 14
[1665] = S 8
[1666] = Z 8
[1667] = CNOT 8 14
[1668] = CNOT 8 15
[1669] = Z 8
[1670] = CNOT 8 15
[1671] = CNOT 8 16
[1672] = S 8
[1673] = Z 8
[1674] = CNOT 8 16
[1675] = CNOT 8 20
[1676] = Z 8
[1677] = CNOT 8 20
[1678] = CNOT 8 9
[1679] = CNOT 8 13
[1680] = CNOT 8 14
[1681] = S 8
[1682] = Z 8
[1683] = CNOT 8 14
[1684] = CNOT 8 15
[1685] = Z 8
[1686] = CNOT 8 15
[1687] = CNOT 8 16
[1688] = S 8
[1689] = Z 8
[1690] = CNOT 8 16
[1691] = CNOT 8 20
[1692] = Z 8
[1693] = CNOT 8 20
[1694] = CNOT 8 13
[1695] = CNOT 8 14
[1696] = CNOT 8 15
[1697] = S 8
[1698] = Z 8
[1699] = CNOT 8 15
[1700] = CNOT 8 20
[1701] = S 8
[1702] = Z 8
[1703] = CNOT 8 20
[1704] = CNOT 8 14
[1705] = CNOT 8 15
[1706] = CNOT 8 16
[1707] = S 8
[1708] = Z 8
[1709] = CNOT 8 16
[1710] = CNOT 8 20
[1711] = Z 8
[1712] = CNOT 8 15
[1713] = CNOT 8 16
[1714] = S 8
[1715] = Z 8
[1716] = CNOT 8 20
[1717] = CNOT 8 16
[1718] = CNOT 9 13
[1719] = CNOT 9 14
[1720] = S 9
[1721] = Z 9
[1722] = CNOT 9 14
[1723] = CNOT 9 15
[1724] = Z 9
[1725] = CNOT 9 15
[1726] = CNOT 9 16
[1727] = S 9
[1728] = Z 9
[1729] = CNOT 9 16
[1730] = CNOT 9 20
[1731] = Z 9
[1732] = CNOT 9 20
[1733] = CNOT 9 13
[1734] = CNOT 9 14
[1735] = CNOT 9 15
[1736] = Z 9
[1737] = CNOT 9 15
[1738] = CNOT 9 16
[1739] = S 9
[1740] = Z 9
[1741] = CNOT 9 16
[1742] = CNOT 9 20
[1743] = S 9
[1744] = Z 9
[1745] = CNOT 9 20
[1746] = CNOT 9 14
[1747] = CNOT 9 15
[1748] = CNOT 9 16
[1749] = Z 9
[1750] = CNOT 9 16
[1751] = CNOT 9 20
[1752] = Z 9
[1753] = CNOT 9 15
[1754] = CNOT 9 16
[1755] = S 9
[1756] = Z 9
[1757] = CNOT 9 20
[1758] = CNOT 9 16
[1759] = CNOT 10 11
[1760] = CNOT 10 13
[1761] = Z 10
[1762] = CNOT 10 13
[1763] = CNOT 10 15
[1764] = Z 10
[1765] = CNOT 10 15
[1766] = CNOT 10 16
[1767] = Z 10
[1768] = CNOT 10 16
[1769] = CNOT 10 11
[1770] = CNOT 10 12
[1771] = CNOT 10 13
[1772] = Z 10
[1773] = CNOT 10 13
[1774] = CNOT 10 15
[1775] = Z 10
[1776] = CNOT 10 15
[1777] = CNOT 10 16
[1778] = Z 10
[1779] = CNOT 10 16
[1780] = CNOT 10 12
[1781] = CNOT 10 13
[1782] = CNOT 10 14
[1783] = Z 10
[1784] = CNOT 10 14
[1785] = CNOT 10 15
[1786] = S 10
[1787] = Z 10
[1788] = CNOT 10 15
[1789] = CNOT 10 16
[1790] = S 10
[1791] = Z 10
[1792] = CNOT 10 16
[1793] = CNOT 10 20
[1794] = Z 10
[1795] = CNOT 10 20
[1796] = CNOT 10 13
[1797] = CNOT 10 14
[1798] = CNOT 10 15
[1799] = Z 10
[1800] = CNOT 10 15
[1801] = CNOT 10 16
[1802] = Z 10
[1803] = CNOT 10 14
[1804] = CNOT 10 15
[1805] = S 10
[1806] = Z 10
[1807] = CNOT 10 16
[1808] = CNOT 10 20
[1809] = Z 10
[1810] = CNOT 10 15
[1811] = CNOT 10 16
[1812] = Z 10
[1813] = CNOT 10 20
[1814] = CNOT 10 16
[1815] = CNOT 11 12
[1816] = CNOT 11 13
[1817] = Z 11
[1818] = CNOT 11 13
[1819] = CNOT 11 16
[1820] = Z 11
[1821] = CNOT 11 16
[1822] = CNOT 11 17
[1823] = S 11
[1824] = Z 11
[1825] = CNOT 11 17
[1826] = CNOT 11 19
[1827] = S 11
[1828] = CNOT 11 19
[1829] = CNOT 11 12
[1830] = CNOT 11 13
[1831] = CNOT 11 14
[1832] = Z 11
[1833] = CNOT 11 14
[1834] = CNOT 11 15
[1835] = S 11
[1836] = Z 11
[1837] = CNOT 11 15
[1838] = CNOT 11 16
[1839] = S 11
[1840] = Z 11
[1841] = CNOT 11 16
[1842] = CNOT 11 20
[1843] = Z 11
[1844] = CNOT 11 20
[1845] = CNOT 11 13
[1846] = CNOT 11 14
[1847] = CNOT 11 16
[1848] = Z 11
[1849] = CNOT 11 16
[1850] = CNOT 11 17
[1851] = S 11
[1852] = Z 11
[1853] = CNOT 11 17
[1854] = CNOT 11 19
[1855] = Z 11
[1856] = CNOT 11 19
[1857] = CNOT 11 14
[1858] = CNOT 11 15
[1859] = CNOT 11 16
[1860] = S 11
[1861] = Z 11
[1862] = CNOT 11 16
[1863] = CNOT 11 17
[1864] = S 11
[1865] = CNOT 11 17
[1866] = CNOT 11 19
[1867] = S 11
[1868] = Z 11
[1869] = CNOT 11 19
[1870] = CNOT 11 20
[1871] = Z 11
[1872] = CNOT 11 15
[1873] = CNOT 11 16
[1874] = Z 11
[1875] = CNOT 11 20
[1876] = CNOT 11 16
[1877] = CNOT 11 17
[1878] = CNOT 11 19
[1879] = S 11
[1880] = CNOT 11 19
[1881] = CNOT 11 17
[1882] = CNOT 12 13
[1883] = CNOT 12 14
[1884] = Z 12
[1885] = CNOT 12 14
[1886] = CNOT 12 15
[1887] = S 12
[1888] = Z 12
[1889] = CNOT 12 15
[1890] = CNOT 12 16
[1891] = S 12
[1892] = Z 12
[1893] = CNOT 12 16
[1894] = CNOT 12 20
[1895] = Z 12
[1896] = CNOT 12 20
[1897] = CNOT 12 13
[1898] = CNOT 12 14
[1899] = CNOT 12 15
[1900] = Z 12
[1901] = CNOT 12 15
[1902] = CNOT 12 16
[1903] = Z 12
[1904] = CNOT 12 16
[1905] = CNOT 12 18
[1906] = S 12
[1907] = Z 12
[1908] = CNOT 12 18
[1909] = CNOT 12 14
[1910] = CNOT 12 15
[1911] = CNOT 12 16
[1912] = S 12
[1913] = Z 12
[1914] = CNOT 12 16
[1915] = CNOT 12 17
[1916] = S 12
[1917] = Z 12
[1918] = CNOT 12 17
[1919] = CNOT 12 19
[1920] = Z 12
[1921] = CNOT 12 19
[1922] = CNOT 12 20
[1923] = Z 12
[1924] = CNOT 12 15
[1925] = CNOT 12 16
[1926] = Z 12
[1927] = CNOT 12 20
[1928] = CNOT 12 16
[1929] = CNOT 12 17
[1930] = CNOT 12 19
[1931] = S 12
[1932] = Z 12
[1933] = CNOT 12 19
[1934] = CNOT 12 17
[1935] = CNOT 13 14
[1936] = CNOT 13 16
[1937] = S 13
[1938] = Z 13
[1939] = CNOT 13 16
[1940] = CNOT 13 17
[1941] = S 13
[1942] = Z 13
[1943] = CNOT 13 17
[1944] = CNOT 13 19
[1945] = Z 13
[1946] = CNOT 13 19
[1947] = CNOT 13 20
[1948] = S 13
[1949] = CNOT 13 20
[1950] = CNOT 13 14
[1951] = CNOT 13 15
[1952] = CNOT 13 16
[1953] = Z 13
[1954] = CNOT 13 16
[1955] = CNOT 13 17
[1956] = S 13
[1957] = Z 13
[1958] = CNOT 13 17
[1959] = CNOT 13 19
[1960] = Z 13
[1961] = CNOT 13 19
[1962] = CNOT 13 20
[1963] = S 13
[1964] = CNOT 13 15
[1965] = CNOT 13 16
[1966] = Z 13
[1967] = CNOT 13 20
[1968] = CNOT 13 16
[1969] = CNOT 13 17
[1970] = CNOT 13 19
[1971] = S 13
[1972] = Z 13
[1973] = CNOT 13 19
[1974] = CNOT 13 17
[1975] = CNOT 14 15
[1976] = CNOT 14 16
[1977] = S 14
[1978] = CNOT 14 16
[1979] = CNOT 14 17
[1980] = S 14
[1981] = CNOT 14 17
[1982] = CNOT 14 19
[1983] = S 14
[1984] = Z 14
[1985] = CNOT 14 19
[1986] = CNOT 14 20
[1987] = S 14
[1988] = CNOT 14 15
[1989] = CNOT 14 16
[1990] = Z 14
[1991] = CNOT 14 20
[1992] = CNOT 14 16
[1993] = CNOT 14 17
[1994] = CNOT 14 19
[1995] = S 14
[1996] = CNOT 14 19
[1997] = CNOT 14 17
[1998] = CNOT 15 16
[1999] = CNOT 15 20
[2000] = Z 15
[2001] = CNOT 15 20
[2002] = CNOT 15 16
[2003] = CNOT 15 17
[2004] = CNOT 15 19
[2005] = Z 15
[2006] = CNOT 15 19
[2007] = CNOT 15 17
[2008] = CNOT 8 7
[2009] = CNOT 9 6
[2010] = CNOT 10 5
[2011] = CNOT 11 4
[2012] = CNOT 12 3
[2013] = CNOT 13 2
[2014] = CNOT 14 1
[2015] = H 15
[2016] = H 16
[2017] = H 17
[2018] = H 18
[2019] = H 19
[2020] = H 20
[2021] = CNOT 21 20
[2022] = CNOT 20 19
[2023] = CNOT 19 18
[2024] = CNOT 18 17
[2025] = CNOT 17 16
[2026] = CNOT 16 15
[2027] = H 15
[2028] = H 16
[2029] = H 17
[2030] = H 18
[2031] = H 19
[2032] = H 20
[2033] = H 21
[2034] = CNOT 1 3
[2035] = CNOT 1 4
[2036] = CNOT 1 6
[2037] = CNOT 1 7
[2038] = CNOT 1 8
[2039] = CNOT 1 9
[2040] = CNOT 1 10
[2041] = CNOT 1 17
[2042] = CNOT 1 18
[2043] = CNOT 1 19
[2044] = CNOT 1 21
[2045] = T 1
[2046] = CNOT 1 9
[2047] = CNOT 1 8
[2048] = CNOT 1 7
[2049] = CNOT 8 21
[2050] = T 8
[2051] = Z 8
[2052] = CNOT 8 21
[2053] = CNOT 7 8
[2054] = CNOT 7 21
[2055] = T 7
[2056] = S 7
[2057] = CNOT 7 8
[2058] = T 7
[2059] = S 7
[2060] = Z 7
[2061] = CNOT 7 21
[2062] = CNOT 1 7
[2063] = CNOT 1 8
[2064] = T 1
[2065] = CNOT 1 6
[2066] = T 1
[2067] = CNOT 1 9
[2068] = T 1
[2069] = CNOT 1 19
[2070] = CNOT 1 18
[2071] = CNOT 1 17
[2072] = CNOT 1 10
[2073] = CNOT 1 9
[2074] = CNOT 1 8
[2075] = CNOT 1 7
[2076] = CNOT 1 4
[2077] = CNOT 1 3
[2078] = CNOT 10 21
[2079] = T 10
[2080] = Z 10
[2081] = CNOT 10 21
[2082] = CNOT 5 10
[2083] = CNOT 5 21
[2084] = T 5
[2085] = S 5
[2086] = Z 5
[2087] = CNOT 5 10
[2088] = T 5
[2089] = S 5
[2090] = Z 5
[2091] = CNOT 5 21
[2092] = CNOT 11 21
[2093] = T 11
[2094] = Z 11
[2095] = CNOT 11 21
[2096] = CNOT 4 11
[2097] = CNOT 4 21
[2098] = T 4
[2099] = S 4
[2100] = Z 4
[2101] = CNOT 4 11
[2102] = T 4
[2103] = S 4
[2104] = Z 4
[2105] = CNOT 4 21
[2106] = CNOT 12 21
[2107] = T 12
[2108] = Z 12
[2109] = CNOT 12 21
[2110] = CNOT 3 12
[2111] = CNOT 3 21
[2112] = T 3
[2113] = S 3
[2114] = Z 3
[2115] = CNOT 3 12
[2116] = T 3
[2117] = S 3
[2118] = Z 3
[2119] = CNOT 3 21
[2120] = CNOT 13 21
[2121] = T 13
[2122] = Z 13
[2123] = CNOT 13 21
[2124] = CNOT 2 13
[2125] = CNOT 2 21
[2126] = T 2
[2127] = S 2
[2128] = Z 2
[2129] = CNOT 2 13
[2130] = T 2
[2131] = S 2
[2132] = Z 2
[2133] = CNOT 2 21
[2134] = CNOT 14 21
[2135] = T 14
[2136] = Z 14
[2137] = CNOT 14 21
[2138] = CNOT 1 14
[2139] = T 1
[2140] = S 1
[2141] = Z 1
[2142] = CNOT 1 14
[2143] = T 1
[2144] = S 1
[2145] = Z 1
[2146] = CNOT 1 21
[2147] = CNOT 3 7
[2148] = CNOT 3 8
[2149] = CNOT 3 20
[2150] = T 3
[2151] = CNOT 3 20
[2152] = CNOT 3 8
[2153] = CNOT 3 7
[2154] = CNOT 2 3
[2155] = CNOT 2 13
[2156] = CNOT 2 15
[2157] = CNOT 2 20
[2158] = T 2
[2159] = CNOT 2 20
[2160] = CNOT 2 15
[2161] = CNOT 2 13
[2162] = CNOT 2 3
[2163] = CNOT 1 2
[2164] = CNOT 1 3
[2165] = CNOT 1 5
[2166] = CNOT 1 6
[2167] = CNOT 1 9
[2168] = CNOT 1 10
[2169] = CNOT 1 16
[2170] = CNOT 1 18
[2171] = CNOT 1 20
[2172] = T 1
[2173] = CNOT 1 16
[2174] = CNOT 1 10
[2175] = CNOT 1 6
[2176] = CNOT 1 5
[2177] = CNOT 1 2
[2178] = CNOT 2 3
[2179] = CNOT 2 5
[2180] = CNOT 2 7
[2181] = CNOT 2 8
[2182] = CNOT 2 10
[2183] = CNOT 2 18
[2184] = CNOT 2 20
[2185] = T 2
[2186] = CNOT 2 18
[2187] = CNOT 2 10
[2188] = CNOT 2 5
[2189] = CNOT 2 3
[2190] = CNOT 5 6
[2191] = CNOT 5 7
[2192] = CNOT 5 8
[2193] = CNOT 5 20
[2194] = T 5
[2195] = CNOT 5 20
[2196] = CNOT 5 8
[2197] = CNOT 5 7
[2198] = CNOT 5 6
[2199] = CNOT 2 4
[2200] = CNOT 2 5
[2201] = CNOT 2 9
[2202] = CNOT 2 12
[2203] = CNOT 2 19
[2204] = T 2
[2205] = CNOT 2 20
[2206] = T 2
[2207] = CNOT 2 19
[2208] = CNOT 2 12
[2209] = CNOT 2 9
[2210] = CNOT 2 8
[2211] = CNOT 2 7
[2212] = CNOT 2 5
[2213] = CNOT 2 4
[2214] = CNOT 1 2
[2215] = CNOT 1 4
[2216] = CNOT 1 5
[2217] = CNOT 1 7
[2218] = CNOT 1 8
[2219] = CNOT 1 17
[2220] = CNOT 1 19
[2221] = T 1
[2222] = CNOT 1 19
[2223] = CNOT 1 17
[2224] = CNOT 1 9
[2225] = CNOT 1 7
[2226] = CNOT 1 4
[2227] = CNOT 7 8
[2228] = CNOT 7 9
[2229] = T 7
[2230] = Z 7
[2231] = CNOT 7 10
[2232] = CNOT 7 19
[2233] = T 7
[2234] = CNOT 7 20
[2235] = T 7
[2236] = CNOT 7 20
[2237] = CNOT 7 19
[2238] = CNOT 7 10
[2239] = CNOT 7 9
[2240] = CNOT 7 8
[2241] = CNOT 4 7
[2242] = CNOT 4 8
[2243] = CNOT 4 9
[2244] = CNOT 4 10
[2245] = CNOT 4 19
[2246] = CNOT 4 20
[2247] = T 4
[2248] = CNOT 4 20
[2249] = CNOT 4 19
[2250] = CNOT 4 10
[2251] = CNOT 4 9
[2252] = CNOT 4 8
[2253] = CNOT 4 7
[2254] = CNOT 1 7
[2255] = CNOT 1 10
[2256] = CNOT 1 16
[2257] = T 1
[2258] = CNOT 1 16
[2259] = CNOT 1 8
[2260] = CNOT 1 7
[2261] = CNOT 1 5
[2262] = CNOT 1 3
[2263] = CNOT 1 9
[2264] = CNOT 1 11
[2265] = CNOT 1 12
[2266] = CNOT 1 13
[2267] = CNOT 1 15
[2268] = CNOT 1 19
[2269] = T 1
[2270] = CNOT 1 3
[2271] = T 1
[2272] = CNOT 1 20
[2273] = T 1
[2274] = CNOT 1 3
[2275] = T 1
[2276] = CNOT 1 19
[2277] = CNOT 1 13
[2278] = CNOT 1 12
[2279] = CNOT 1 11
[2280] = CNOT 1 9
[2281] = CNOT 1 2
[2282] = CNOT 2 3
[2283] = CNOT 2 5
[2284] = CNOT 2 7
[2285] = CNOT 2 8
[2286] = CNOT 2 10
[2287] = CNOT 2 15
[2288] = CNOT 2 18
[2289] = CNOT 2 20
[2290] = T 2
[2291] = CNOT 2 15
[2292] = CNOT 2 8
[2293] = CNOT 2 7
[2294] = CNOT 2 6
[2295] = CNOT 2 9
[2296] = CNOT 2 16
[2297] = T 2
[2298] = CNOT 2 18
[2299] = CNOT 2 16
[2300] = CNOT 2 10
[2301] = CNOT 2 6
[2302] = CNOT 2 5
[2303] = CNOT 2 3
[2304] = CNOT 5 9
[2305] = CNOT 5 20
[2306] = T 5
[2307] = S 5
[2308] = Z 5
[2309] = CNOT 5 20
[2310] = CNOT 5 9
[2311] = CNOT 3 4
[2312] = CNOT 3 5
[2313] = CNOT 3 7
[2314] = CNOT 3 8
[2315] = CNOT 3 9
[2316] = CNOT 3 12
[2317] = CNOT 3 19
[2318] = CNOT 3 20
[2319] = T 3
[2320] = CNOT 3 20
[2321] = CNOT 3 19
[2322] = CNOT 3 12
[2323] = CNOT 3 9
[2324] = CNOT 3 8
[2325] = CNOT 3 7
[2326] = CNOT 3 5
[2327] = CNOT 3 4
[2328] = CNOT 2 4
[2329] = CNOT 2 5
[2330] = CNOT 2 7
[2331] = CNOT 2 8
[2332] = CNOT 2 19
[2333] = T 2
[2334] = CNOT 2 20
[2335] = CNOT 2 19
[2336] = CNOT 2 9
[2337] = CNOT 2 8
[2338] = CNOT 2 7
[2339] = CNOT 2 5
[2340] = CNOT 2 4
[2341] = CNOT 1 2
[2342] = CNOT 1 3
[2343] = CNOT 1 5
[2344] = T 1
[2345] = CNOT 1 15
[2346] = CNOT 1 2
[2347] = CNOT 2 3
[2348] = CNOT 2 5
[2349] = CNOT 2 10
[2350] = CNOT 2 15
[2351] = CNOT 2 18
[2352] = T 2
[2353] = CNOT 2 18
[2354] = CNOT 2 10
[2355] = CNOT 2 5
[2356] = CNOT 1 16
[2357] = CNOT 1 20
[2358] = T 1
[2359] = CNOT 1 20
[2360] = CNOT 1 18
[2361] = CNOT 1 16
[2362] = CNOT 1 10
[2363] = CNOT 1 5
[2364] = CNOT 1 3
[2365] = CNOT 2 13
[2366] = T 2
[2367] = CNOT 2 15
[2368] = CNOT 2 13
[2369] = CNOT 2 3
[2370] = CNOT 1 2
[2371] = CNOT 1 13
[2372] = CNOT 1 15
[2373] = T 1
[2374] = CNOT 1 15
[2375] = CNOT 1 13
[2376] = CNOT 1 2
[2377] = CNOT 1 3
[2378] = CNOT 1 5
[2379] = CNOT 1 7
[2380] = CNOT 1 8
[2381] = CNOT 1 10
[2382] = CNOT 1 16
[2383] = CNOT 1 18
[2384] = CNOT 1 20
[2385] = T 1
[2386] = CNOT 1 20
[2387] = CNOT 1 18
[2388] = CNOT 1 16
[2389] = CNOT 1 5
[2390] = CNOT 1 3
[2391] = CNOT 1 4
[2392] = CNOT 1 9
[2393] = CNOT 1 19
[2394] = T 1
[2395] = CNOT 1 9
[2396] = CNOT 1 7
[2397] = CNOT 9 19
[2398] = CNOT 9 20
[2399] = T 9
[2400] = S 9
[2401] = CNOT 9 20
[2402] = CNOT 9 19
[2403] = CNOT 5 9
[2404] = CNOT 5 19
[2405] = CNOT 5 20
[2406] = T 5
[2407] = CNOT 5 20
[2408] = CNOT 5 9
[2409] = CNOT 7 8
[2410] = CNOT 7 9
[2411] = CNOT 7 19
[2412] = CNOT 7 20
[2413] = T 7
[2414] = CNOT 7 20
[2415] = CNOT 7 19
[2416] = CNOT 7 9
[2417] = CNOT 7 8
[2418] = CNOT 5 6
[2419] = CNOT 5 7
[2420] = CNOT 5 8
[2421] = T 5
[2422] = CNOT 5 19
[2423] = CNOT 5 8
[2424] = CNOT 5 7
[2425] = CNOT 5 6
[2426] = CNOT 1 3
[2427] = CNOT 1 7
[2428] = CNOT 1 17
[2429] = CNOT 1 18
[2430] = CNOT 1 20
[2431] = T 1
[2432] = CNOT 1 4
[2433] = CNOT 4 5
[2434] = CNOT 4 6
[2435] = CNOT 4 7
[2436] = CNOT 4 8
[2437] = T 4
[2438] = CNOT 4 8
[2439] = CNOT 4 7
[2440] = CNOT 4 6
[2441] = CNOT 4 5
[2442] = CNOT 1 4
[2443] = CNOT 1 6
[2444] = CNOT 1 9
[2445] = T 1
[2446] = CNOT 1 20
[2447] = CNOT 1 18
[2448] = CNOT 1 17
[2449] = CNOT 1 8
[2450] = CNOT 1 7
[2451] = CNOT 1 4
[2452] = CNOT 1 3
[2453] = CNOT 2 3
[2454] = CNOT 2 6
[2455] = CNOT 2 9
[2456] = CNOT 2 18
[2457] = CNOT 2 20
[2458] = T 2
[2459] = CNOT 2 20
[2460] = CNOT 2 18
[2461] = CNOT 2 9
[2462] = CNOT 2 6
[2463] = CNOT 2 3
[2464] = CNOT 1 5
[2465] = T 1
[2466] = CNOT 1 3
[2467] = T 1
[2468] = CNOT 1 10
[2469] = CNOT 1 5
[2470] = CNOT 1 3
[2471] = T 1
[2472] = CNOT 1 19
[2473] = CNOT 1 2
[2474] = CNOT 1 3
[2475] = CNOT 1 4
[2476] = CNOT 1 11
[2477] = T 1
[2478] = CNOT 1 19
[2479] = T 1
[2480] = CNOT 1 2
[2481] = T 1
[2482] = CNOT 1 11
[2483] = CNOT 1 4
[2484] = CNOT 1 2
[2485] = T 1
[2486] = CNOT 1 6
[2487] = CNOT 1 2
[2488] = CNOT 1 4
[2489] = CNOT 1 5
[2490] = CNOT 1 7
[2491] = CNOT 1 8
[2492] = CNOT 1 12
[2493] = T 1
[2494] = CNOT 1 19
[2495] = T 1
[2496] = CNOT 1 12
[2497] = CNOT 1 3
[2498] = CNOT 3 4
[2499] = CNOT 3 5
[2500] = CNOT 3 7
[2501] = CNOT 3 8
[2502] = CNOT 3 9
[2503] = CNOT 3 12
[2504] = T 3
[2505] = CNOT 3 12
[2506] = CNOT 3 9
[2507] = CNOT 3 8
[2508] = CNOT 3 7
[2509] = CNOT 3 5
[2510] = CNOT 3 4
[2511] = T 1
[2512] = CNOT 1 9
[2513] = CNOT 1 7
[2514] = CNOT 1 4
[2515] = CNOT 4 7
[2516] = CNOT 4 8
[2517] = T 4
[2518] = CNOT 4 18
[2519] = T 4
[2520] = CNOT 4 8
[2521] = CNOT 4 7
[2522] = CNOT 7 8
[2523] = CNOT 7 18
[2524] = T 7
[2525] = S 7
[2526] = Z 7
[2527] = CNOT 7 18
[2528] = CNOT 7 8
[2529] = T 4
[2530] = S 4
[2531] = CNOT 4 18
[2532] = CNOT 2 3
[2533] = CNOT 2 5
[2534] = CNOT 2 10
[2535] = CNOT 2 16
[2536] = CNOT 2 18
[2537] = CNOT 2 20
[2538] = T 2
[2539] = CNOT 2 20
[2540] = CNOT 2 18
[2541] = CNOT 2 16
[2542] = CNOT 2 10
[2543] = CNOT 2 5
[2544] = CNOT 2 3
[2545] = CNOT 1 3
[2546] = CNOT 1 7
[2547] = CNOT 1 10
[2548] = CNOT 1 18
[2549] = CNOT 1 20
[2550] = T 1
[2551] = CNOT 1 18
[2552] = CNOT 1 8
[2553] = CNOT 1 7
[2554] = CNOT 1 2
[2555] = CNOT 1 6
[2556] = CNOT 1 9
[2557] = T 1
[2558] = CNOT 1 20
[2559] = CNOT 1 10
[2560] = CNOT 1 6
[2561] = CNOT 1 5
[2562] = CNOT 1 3
[2563] = CNOT 1 2
[2564] = CNOT 3 18
[2565] = T 3
[2566] = S 3
[2567] = CNOT 3 18
[2568] = CNOT 6 9
[2569] = CNOT 6 18
[2570] = CNOT 6 20
[2571] = T 6
[2572] = CNOT 6 20
[2573] = CNOT 6 18
[2574] = CNOT 6 9
[2575] = CNOT 2 3
[2576] = CNOT 2 4
[2577] = CNOT 2 5
[2578] = CNOT 2 7
[2579] = CNOT 2 8
[2580] = CNOT 2 9
[2581] = CNOT 2 17
[2582] = CNOT 2 18
[2583] = CNOT 2 19
[2584] = CNOT 2 20
[2585] = T 2
[2586] = CNOT 2 19
[2587] = CNOT 2 18
[2588] = CNOT 2 17
[2589] = CNOT 2 8
[2590] = CNOT 2 7
[2591] = CNOT 2 5
[2592] = CNOT 2 4
[2593] = CNOT 2 3
[2594] = CNOT 2 6
[2595] = T 2
[2596] = CNOT 2 6
[2597] = CNOT 5 6
[2598] = CNOT 5 9
[2599] = CNOT 5 10
[2600] = CNOT 5 20
[2601] = T 5
[2602] = CNOT 5 20
[2603] = CNOT 5 10
[2604] = CNOT 5 9
[2605] = CNOT 5 6
[2606] = CNOT 3 4
[2607] = CNOT 3 6
[2608] = CNOT 3 9
[2609] = CNOT 3 11
[2610] = T 3
[2611] = CNOT 3 18
[2612] = T 3
[2613] = CNOT 3 18
[2614] = CNOT 3 11
[2615] = CNOT 3 9
[2616] = CNOT 3 6
[2617] = CNOT 3 4
[2618] = CNOT 1 3
[2619] = CNOT 1 4
[2620] = CNOT 1 6
[2621] = CNOT 1 11
[2622] = CNOT 1 18
[2623] = T 1
[2624] = CNOT 1 11
[2625] = CNOT 1 9
[2626] = CNOT 1 6
[2627] = CNOT 1 4
[2628] = CNOT 2 3
[2629] = CNOT 2 4
[2630] = CNOT 2 7
[2631] = CNOT 2 8
[2632] = CNOT 2 10
[2633] = CNOT 2 17
[2634] = CNOT 2 18
[2635] = CNOT 2 19
[2636] = T 2
[2637] = CNOT 2 20
[2638] = CNOT 2 19
[2639] = CNOT 2 18
[2640] = CNOT 2 17
[2641] = CNOT 2 10
[2642] = CNOT 2 9
[2643] = CNOT 2 8
[2644] = CNOT 2 7
[2645] = CNOT 2 4
[2646] = CNOT 2 3
[2647] = T 17
[2648] = CNOT 1 2
[2649] = CNOT 1 5
[2650] = CNOT 1 7
[2651] = CNOT 1 8
[2652] = CNOT 1 10
[2653] = CNOT 1 15
[2654] = CNOT 1 20
[2655] = T 1
[2656] = CNOT 1 18
[2657] = CNOT 1 10
[2658] = CNOT 1 8
[2659] = CNOT 1 7
[2660] = CNOT 1 5
[2661] = CNOT 1 3
[2662] = CNOT 1 2
[2663] = CNOT 3 7
[2664] = CNOT 3 8
[2665] = CNOT 3 17
[2666] = T 3
[2667] = CNOT 3 8
[2668] = CNOT 3 7
[2669] = CNOT 7 8
[2670] = CNOT 7 17
[2671] = T 7
[2672] = Z 7
[2673] = CNOT 7 17
[2674] = CNOT 7 8
[2675] = T 3
[2676] = CNOT 3 17
[2677] = CNOT 2 4
[2678] = CNOT 2 5
[2679] = CNOT 2 6
[2680] = CNOT 2 7
[2681] = CNOT 2 8
[2682] = CNOT 2 19
[2683] = T 2
[2684] = CNOT 2 19
[2685] = CNOT 2 8
[2686] = CNOT 2 7
[2687] = CNOT 2 6
[2688] = CNOT 2 5
[2689] = CNOT 2 4
[2690] = CNOT 1 2
[2691] = CNOT 1 13
[2692] = T 1
[2693] = CNOT 1 15
[2694] = CNOT 1 13
[2695] = CNOT 1 3
[2696] = CNOT 1 4
[2697] = CNOT 1 6
[2698] = CNOT 1 7
[2699] = CNOT 1 8
[2700] = CNOT 1 10
[2701] = CNOT 1 17
[2702] = CNOT 1 18
[2703] = CNOT 1 19
[2704] = T 1
[2705] = CNOT 1 20
[2706] = CNOT 1 19
[2707] = CNOT 1 18
[2708] = CNOT 1 17
[2709] = CNOT 1 10
[2710] = CNOT 1 8
[2711] = CNOT 1 7
[2712] = CNOT 1 6
[2713] = CNOT 1 4
[2714] = CNOT 1 3
[2715] = CNOT 1 2
[2716] = S 1
[2717] = Z 1
[2718] = S 2
[2719] = Z 2
[2720] = Z 3
[2721] = S 4
[2722] = S 5
[2723] = Z 5
[2724] = Z 8
[2725] = Z 10
[2726] = S 12
[2727] = Z 13
[2728] = Z 15
[2729] = S 16
[2730] = S 18
[2731] = Z 18
[2732] = S 19
[2733] = S 20
[2734] = Z 20
[2735] = S 21
[2736] = CNOT 1 2
[2737] = S 1
[2738] = Z 1
[2739] = CNOT 1 2
[2740] = CNOT 1 3
[2741] = S 1
[2742] = Z 1
[2743] = CNOT 1 3
[2744] = CNOT 1 4
[2745] = Z 1
[2746] = CNOT 1 4
[2747] = CNOT 1 5
[2748] = S 1
[2749] = Z 1
[2750] = CNOT 1 5
[2751] = CNOT 1 6
[2752] = S 1
[2753] = Z 1
[2754] = CNOT 1 6
[2755] = CNOT 1 7
[2756] = Z 1
[2757] = CNOT 1 7
[2758] = CNOT 1 8
[2759] = Z 1
[2760] = CNOT 1 8
[2761] = CNOT 1 10
[2762] = Z 1
[2763] = CNOT 1 10
[2764] = CNOT 1 12
[2765] = S 1
[2766] = Z 1
[2767] = CNOT 1 12
[2768] = CNOT 1 13
[2769] = S 1
[2770] = Z 1
[2771] = CNOT 1 13
[2772] = CNOT 1 14
[2773] = Z 1
[2774] = CNOT 1 14
[2775] = CNOT 1 15
[2776] = Z 1
[2777] = CNOT 1 15
[2778] = CNOT 1 16
[2779] = S 1
[2780] = Z 1
[2781] = CNOT 1 16
[2782] = CNOT 1 18
[2783] = Z 1
[2784] = CNOT 1 18
[2785] = CNOT 1 19
[2786] = S 1
[2787] = Z 1
[2788] = CNOT 1 19
[2789] = CNOT 2 3
[2790] = S 2
[2791] = Z 2
[2792] = CNOT 2 3
[2793] = CNOT 2 4
[2794] = S 2
[2795] = CNOT 2 4
[2796] = CNOT 2 5
[2797] = S 2
[2798] = CNOT 2 5
[2799] = CNOT 2 6
[2800] = S 2
[2801] = CNOT 2 6
[2802] = CNOT 2 7
[2803] = S 2
[2804] = Z 2
[2805] = CNOT 2 7
[2806] = CNOT 2 8
[2807] = S 2
[2808] = Z 2
[2809] = CNOT 2 8
[2810] = CNOT 2 9
[2811] = S 2
[2812] = Z 2
[2813] = CNOT 2 9
[2814] = CNOT 2 10
[2815] = S 2
[2816] = Z 2
[2817] = CNOT 2 10
[2818] = CNOT 2 11
[2819] = Z 2
[2820] = CNOT 2 11
[2821] = CNOT 2 12
[2822] = S 2
[2823] = Z 2
[2824] = CNOT 2 12
[2825] = CNOT 2 13
[2826] = S 2
[2827] = CNOT 2 13
[2828] = CNOT 2 15
[2829] = S 2
[2830] = CNOT 2 15
[2831] = CNOT 2 16
[2832] = S 2
[2833] = Z 2
[2834] = CNOT 2 16
[2835] = CNOT 2 20
[2836] = S 2
[2837] = CNOT 2 20
[2838] = CNOT 3 4
[2839] = Z 3
[2840] = CNOT 3 4
[2841] = CNOT 3 5
[2842] = S 3
[2843] = Z 3
[2844] = CNOT 3 5
[2845] = CNOT 3 6
[2846] = Z 3
[2847] = CNOT 3 6
[2848] = CNOT 3 9
[2849] = S 3
[2850] = CNOT 3 9
[2851] = CNOT 3 10
[2852] = S 3
[2853] = CNOT 3 10
[2854] = CNOT 3 11
[2855] = S 3
[2856] = Z 3
[2857] = CNOT 3 11
[2858] = CNOT 3 12
[2859] = S 3
[2860] = Z 3
[2861] = CNOT 3 12
[2862] = CNOT 3 13
[2863] = Z 3
[2864] = CNOT 3 13
[2865] = CNOT 3 16
[2866] = S 3
[2867] = Z 3
[2868] = CNOT 3 16
[2869] = CNOT 3 20
[2870] = S 3
[2871] = Z 3
[2872] = CNOT 3 20
[2873] = CNOT 4 5
[2874] = S 4
[2875] = Z 4
[2876] = CNOT 4 5
[2877] = CNOT 4 6
[2878] = S 4
[2879] = Z 4
[2880] = CNOT 4 6
[2881] = CNOT 4 9
[2882] = Z 4
[2883] = CNOT 4 9
[2884] = CNOT 4 10
[2885] = Z 4
[2886] = CNOT 4 10
[2887] = CNOT 4 11
[2888] = S 4
[2889] = Z 4
[2890] = CNOT 4 11
[2891] = CNOT 4 12
[2892] = Z 4
[2893] = CNOT 4 12
[2894] = CNOT 4 17
[2895] = S 4
[2896] = Z 4
[2897] = CNOT 4 17
[2898] = CNOT 5 7
[2899] = S 5
[2900] = Z 5
[2901] = CNOT 5 7
[2902] = CNOT 5 8
[2903] = S 5
[2904] = Z 5
[2905] = CNOT 5 8
[2906] = CNOT 5 10
[2907] = S 5
[2908] = CNOT 5 10
[2909] = CNOT 5 12
[2910] = Z 5
[2911] = CNOT 5 12
[2912] = CNOT 5 15
[2913] = Z 5
[2914] = CNOT 5 15
[2915] = CNOT 5 16
[2916] = S 5
[2917] = Z 5
[2918] = CNOT 5 16
[2919] = CNOT 5 17
[2920] = Z 5
[2921] = CNOT 5 17
[2922] = CNOT 5 18
[2923] = Z 5
[2924] = CNOT 5 18
[2925] = CNOT 5 20
[2926] = S 5
[2927] = CNOT 5 20
[2928] = CNOT 6 7
[2929] = Z 6
[2930] = CNOT 6 7
[2931] = CNOT 6 8
[2932] = Z 6
[2933] = CNOT 6 8
[2934] = CNOT 6 9
[2935] = Z 6
[2936] = CNOT 6 9
[2937] = CNOT 6 10
[2938] = S 6
[2939] = CNOT 6 10
[2940] = CNOT 6 11
[2941] = S 6
[2942] = CNOT 6 11
[2943] = CNOT 6 17
[2944] = S 6
[2945] = CNOT 6 17
[2946] = CNOT 6 18
[2947] = S 6
[2948] = Z 6
[2949] = CNOT 6 18
[2950] = CNOT 6 19
[2951] = Z 6
[2952] = CNOT 6 19
[2953] = CNOT 6 20
[2954] = S 6
[2955] = Z 6
[2956] = CNOT 6 20
[2957] = CNOT 7 8
[2958] = S 7
[2959] = Z 7
[2960] = CNOT 7 8
[2961] = CNOT 7 9
[2962] = S 7
[2963] = CNOT 7 9
[2964] = CNOT 7 10
[2965] = S 7
[2966] = Z 7
[2967] = CNOT 7 10
[2968] = CNOT 7 12
[2969] = Z 7
[2970] = CNOT 7 12
[2971] = CNOT 7 17
[2972] = S 7
[2973] = CNOT 7 17
[2974] = CNOT 7 18
[2975] = S 7
[2976] = CNOT 7 18
[2977] = CNOT 7 19
[2978] = S 7
[2979] = Z 7
[2980] = CNOT 7 19
[2981] = CNOT 7 20
[2982] = S 7
[2983] = CNOT 7 20
[2984] = CNOT 8 9
[2985] = S 8
[2986] = CNOT 8 9
[2987] = CNOT 8 10
[2988] = S 8
[2989] = Z 8
[2990] = CNOT 8 10
[2991] = CNOT 8 12
[2992] = Z 8
[2993] = CNOT 8 12
[2994] = CNOT 8 17
[2995] = S 8
[2996] = CNOT 8 17
[2997] = CNOT 8 18
[2998] = S 8
[2999] = CNOT 8 18
[3000] = CNOT 8 19
[3001] = S 8
[3002] = Z 8
[3003] = CNOT 8 19
[3004] = CNOT 8 20
[3005] = S 8
[3006] = CNOT 8 20
[3007] = CNOT 9 10
[3008] = S 9
[3009] = Z 9
[3010] = CNOT 9 10
[3011] = CNOT 9 11
[3012] = S 9
[3013] = CNOT 9 11
[3014] = CNOT 9 12
[3015] = Z 9
[3016] = CNOT 9 12
[3017] = CNOT 9 17
[3018] = S 9
[3019] = Z 9
[3020] = CNOT 9 17
[3021] = CNOT 9 18
[3022] = S 9
[3023] = CNOT 9 18
[3024] = CNOT 9 19
[3025] = S 9
[3026] = CNOT 9 19
[3027] = CNOT 9 20
[3028] = S 9
[3029] = CNOT 9 20
[3030] = CNOT 9 21
[3031] = S 9
[3032] = Z 9
[3033] = CNOT 9 21
[3034] = CNOT 10 15
[3035] = Z 10
[3036] = CNOT 10 15
[3037] = CNOT 10 16
[3038] = S 10
[3039] = Z 10
[3040] = CNOT 10 16
[3041] = CNOT 11 18
[3042] = S 11
[3043] = CNOT 11 18
[3044] = CNOT 11 19
[3045] = Z 11
[3046] = CNOT 11 19
[3047] = CNOT 11 20
[3048] = Z 11
[3049] = CNOT 11 20
[3050] = CNOT 12 19
[3051] = S 12
[3052] = Z 12
[3053] = CNOT 12 19
[3054] = CNOT 12 20
[3055] = Z 12
[3056] = CNOT 12 20
[3057] = CNOT 13 15
[3058] = S 13
[3059] = Z 13
[3060] = CNOT 13 15
[3061] = CNOT 13 20
[3062] = Z 13
[3063] = CNOT 13 20
[3064] = CNOT 15 18
[3065] = Z 15
[3066] = CNOT 15 18
[3067] = CNOT 15 20
[3068] = S 15
[3069] = Z 15
[3070] = CNOT 15 20
[3071] = CNOT 16 18
[3072] = S 16
[3073] = Z 16
[3074] = CNOT 16 18
[3075] = CNOT 16 20
[3076] = S 16
[3077] = Z 16
[3078] = CNOT 16 20
[3079] = CNOT 17 18
[3080] = S 17
[3081] = Z 17
[3082] = CNOT 17 18
[3083] = CNOT 17 19
[3084] = S 17
[3085] = Z 17
[3086] = CNOT 17 19
[3087] = CNOT 17 20
[3088] = S 17
[3089] = Z 17
[3090] = CNOT 17 20
[3091] = CNOT 18 19
[3092] = S 18
[3093] = Z 18
[3094] = CNOT 18 19
[3095] = CNOT 19 20
[3096] = S 19
[3097] = Z 19
[3098] = CNOT 19 20
[3099] = CNOT 1 2
[3100] = CNOT 1 3
[3101] = Z 1
[3102] = CNOT 1 3
[3103] = CNOT 1 4
[3104] = Z 1
[3105] = CNOT 1 4
[3106] = CNOT 1 5
[3107] = S 1
[3108] = CNOT 1 5
[3109] = CNOT 1 6
[3110] = S 1
[3111] = CNOT 1 6
[3112] = CNOT 1 7
[3113] = Z 1
[3114] = CNOT 1 7
[3115] = CNOT 1 8
[3116] = Z 1
[3117] = CNOT 1 8
[3118] = CNOT 1 9
[3119] = S 1
[3120] = Z 1
[3121] = CNOT 1 9
[3122] = CNOT 1 10
[3123] = S 1
[3124] = Z 1
[3125] = CNOT 1 10
[3126] = CNOT 1 11
[3127] = S 1
[3128] = CNOT 1 11
[3129] = CNOT 1 12
[3130] = Z 1
[3131] = CNOT 1 12
[3132] = CNOT 1 13
[3133] = S 1
[3134] = CNOT 1 13
[3135] = CNOT 1 16
[3136] = S 1
[3137] = Z 1
[3138] = CNOT 1 16
[3139] = CNOT 1 17
[3140] = S 1
[3141] = Z 1
[3142] = CNOT 1 17
[3143] = CNOT 1 18
[3144] = S 1
[3145] = Z 1
[3146] = CNOT 1 18
[3147] = CNOT 1 2
[3148] = CNOT 1 3
[3149] = CNOT 1 4
[3150] = S 1
[3151] = CNOT 1 4
[3152] = CNOT 1 5
[3153] = Z 1
[3154] = CNOT 1 5
[3155] = CNOT 1 6
[3156] = Z 1
[3157] = CNOT 1 6
[3158] = CNOT 1 7
[3159] = S 1
[3160] = CNOT 1 7
[3161] = CNOT 1 8
[3162] = S 1
[3163] = CNOT 1 8
[3164] = CNOT 1 10
[3165] = S 1
[3166] = Z 1
[3167] = CNOT 1 10
[3168] = CNOT 1 11
[3169] = S 1
[3170] = CNOT 1 11
[3171] = CNOT 1 12
[3172] = Z 1
[3173] = CNOT 1 12
[3174] = CNOT 1 13
[3175] = S 1
[3176] = Z 1
[3177] = CNOT 1 13
[3178] = CNOT 1 15
[3179] = Z 1
[3180] = CNOT 1 15
[3181] = CNOT 1 16
[3182] = Z 1
[3183] = CNOT 1 16
[3184] = CNOT 1 18
[3185] = S 1
[3186] = Z 1
[3187] = CNOT 1 18
[3188] = CNOT 1 19
[3189] = S 1
[3190] = CNOT 1 19
[3191] = CNOT 1 20
[3192] = Z 1
[3193] = CNOT 1 20
[3194] = CNOT 1 21
[3195] = Z 1
[3196] = CNOT 1 21
[3197] = CNOT 1 3
[3198] = CNOT 1 4
[3199] = CNOT 1 5
[3200] = Z 1
[3201] = CNOT 1 5
[3202] = CNOT 1 7
[3203] = Z 1
[3204] = CNOT 1 7
[3205] = CNOT 1 8
[3206] = Z 1
[3207] = CNOT 1 8
[3208] = CNOT 1 9
[3209] = Z 1
[3210] = CNOT 1 9
[3211] = CNOT 1 11
[3212] = Z 1
[3213] = CNOT 1 11
[3214] = CNOT 1 12
[3215] = S 1
[3216] = Z 1
[3217] = CNOT 1 12
[3218] = CNOT 1 19
[3219] = Z 1
[3220] = CNOT 1 19
[3221] = CNOT 1 20
[3222] = Z 1
[3223] = CNOT 1 20
[3224] = CNOT 1 21
[3225] = Z 1
[3226] = CNOT 1 21
[3227] = CNOT 1 4
[3228] = CNOT 1 5
[3229] = CNOT 1 6
[3230] = Z 1
[3231] = CNOT 1 6
[3232] = CNOT 1 10
[3233] = S 1
[3234] = Z 1
[3235] = CNOT 1 10
[3236] = CNOT 1 12
[3237] = S 1
[3238] = Z 1
[3239] = CNOT 1 12
[3240] = CNOT 1 15
[3241] = S 1
[3242] = Z 1
[3243] = CNOT 1 15
[3244] = CNOT 1 16
[3245] = Z 1
[3246] = CNOT 1 16
[3247] = CNOT 1 19
[3248] = Z 1
[3249] = CNOT 1 19
[3250] = CNOT 1 5
[3251] = CNOT 1 6
[3252] = CNOT 1 7
[3253] = Z 1
[3254] = CNOT 1 7
[3255] = CNOT 1 8
[3256] = Z 1
[3257] = CNOT 1 8
[3258] = CNOT 1 9
[3259] = Z 1
[3260] = CNOT 1 9
[3261] = CNOT 1 11
[3262] = Z 1
[3263] = CNOT 1 11
[3264] = CNOT 1 17
[3265] = Z 1
[3266] = CNOT 1 17
[3267] = CNOT 1 18
[3268] = S 1
[3269] = CNOT 1 18
[3270] = CNOT 1 19
[3271] = S 1
[3272] = Z 1
[3273] = CNOT 1 19
[3274] = CNOT 1 20
[3275] = Z 1
[3276] = CNOT 1 20
[3277] = CNOT 1 21
[3278] = S 1
[3279] = Z 1
[3280] = CNOT 1 21
[3281] = CNOT 1 6
[3282] = CNOT 1 7
[3283] = CNOT 1 10
[3284] = Z 1
[3285] = CNOT 1 10
[3286] = CNOT 1 12
[3287] = S 1
[3288] = Z 1
[3289] = CNOT 1 12
[3290] = CNOT 1 16
[3291] = S 1
[3292] = Z 1
[3293] = CNOT 1 16
[3294] = CNOT 1 18
[3295] = Z 1
[3296] = CNOT 1 18
[3297] = CNOT 1 19
[3298] = S 1
[3299] = Z 1
[3300] = CNOT 1 19
[3301] = CNOT 1 21
[3302] = Z 1
[3303] = CNOT 1 21
[3304] = CNOT 1 7
[3305] = CNOT 1 8
[3306] = CNOT 1 10
[3307] = Z 1
[3308] = CNOT 1 10
[3309] = CNOT 1 12
[3310] = S 1
[3311] = Z 1
[3312] = CNOT 1 12
[3313] = CNOT 1 16
[3314] = S 1
[3315] = Z 1
[3316] = CNOT 1 16
[3317] = CNOT 1 18
[3318] = Z 1
[3319] = CNOT 1 18
[3320] = CNOT 1 19
[3321] = S 1
[3322] = Z 1
[3323] = CNOT 1 19
[3324] = CNOT 1 21
[3325] = Z 1
[3326] = CNOT 1 21
[3327] = CNOT 1 8
[3328] = CNOT 1 9
[3329] = CNOT 1 10
[3330] = Z 1
[3331] = CNOT 1 10
[3332] = CNOT 1 12
[3333] = S 1
[3334] = CNOT 1 12
[3335] = CNOT 1 13
[3336] = Z 1
[3337] = CNOT 1 13
[3338] = CNOT 1 15
[3339] = Z 1
[3340] = CNOT 1 15
[3341] = CNOT 1 17
[3342] = Z 1
[3343] = CNOT 1 17
[3344] = CNOT 1 18
[3345] = S 1
[3346] = Z 1
[3347] = CNOT 1 18
[3348] = CNOT 1 20
[3349] = S 1
[3350] = CNOT 1 20
[3351] = CNOT 1 21
[3352] = S 1
[3353] = Z 1
[3354] = CNOT 1 21
[3355] = CNOT 1 9
[3356] = CNOT 1 10
[3357] = CNOT 1 11
[3358] = Z 1
[3359] = CNOT 1 11
[3360] = CNOT 1 12
[3361] = Z 1
[3362] = CNOT 1 12
[3363] = CNOT 1 13
[3364] = Z 1
[3365] = CNOT 1 13
[3366] = CNOT 1 15
[3367] = S 1
[3368] = CNOT 1 15
[3369] = CNOT 1 16
[3370] = Z 1
[3371] = CNOT 1 16
[3372] = CNOT 1 17
[3373] = S 1
[3374] = CNOT 1 17
[3375] = CNOT 1 18
[3376] = S 1
[3377] = Z 1
[3378] = CNOT 1 18
[3379] = CNOT 1 19
[3380] = S 1
[3381] = CNOT 1 19
[3382] = CNOT 1 20
[3383] = Z 1
[3384] = CNOT 1 20
[3385] = CNOT 1 21
[3386] = Z 1
[3387] = CNOT 1 21
[3388] = CNOT 1 10
[3389] = CNOT 1 11
[3390] = CNOT 1 12
[3391] = Z 1
[3392] = CNOT 1 12
[3393] = CNOT 1 13
[3394] = Z 1
[3395] = CNOT 1 13
[3396] = CNOT 1 15
[3397] = Z 1
[3398] = CNOT 1 15
[3399] = CNOT 1 18
[3400] = Z 1
[3401] = CNOT 1 18
[3402] = CNOT 1 19
[3403] = S 1
[3404] = CNOT 1 19
[3405] = CNOT 1 20
[3406] = S 1
[3407] = Z 1
[3408] = CNOT 1 20
[3409] = CNOT 1 11
[3410] = CNOT 1 12
[3411] = CNOT 1 13
[3412] = Z 1
[3413] = CNOT 1 13
[3414] = CNOT 1 15
[3415] = Z 1
[3416] = CNOT 1 15
[3417] = CNOT 1 18
[3418] = Z 1
[3419] = CNOT 1 18
[3420] = CNOT 1 19
[3421] = Z 1
[3422] = CNOT 1 19
[3423] = CNOT 1 20
[3424] = S 1
[3425] = Z 1
[3426] = CNOT 1 20
[3427] = CNOT 1 12
[3428] = CNOT 1 13
[3429] = CNOT 1 15
[3430] = S 1
[3431] = CNOT 1 15
[3432] = CNOT 1 18
[3433] = Z 1
[3434] = CNOT 1 18
[3435] = CNOT 1 19
[3436] = Z 1
[3437] = CNOT 1 19
[3438] = CNOT 1 20
[3439] = S 1
[3440] = Z 1
[3441] = CNOT 1 20
[3442] = CNOT 1 13
[3443] = CNOT 1 15
[3444] = CNOT 1 18
[3445] = S 1
[3446] = CNOT 1 18
[3447] = CNOT 1 19
[3448] = Z 1
[3449] = CNOT 1 19
[3450] = CNOT 1 20
[3451] = Z 1
[3452] = CNOT 1 20
[3453] = CNOT 1 15
[3454] = CNOT 1 16
[3455] = CNOT 1 18
[3456] = Z 1
[3457] = CNOT 1 18
[3458] = CNOT 1 20
[3459] = Z 1
[3460] = CNOT 1 16
[3461] = CNOT 1 17
[3462] = Z 1
[3463] = CNOT 1 20
[3464] = CNOT 1 21
[3465] = Z 1
[3466] = CNOT 1 21
[3467] = CNOT 1 17
[3468] = CNOT 1 18
[3469] = CNOT 1 19
[3470] = Z 1
[3471] = CNOT 1 19
[3472] = CNOT 1 20
[3473] = Z 1
[3474] = CNOT 1 20
[3475] = CNOT 1 21
[3476] = Z 1
[3477] = CNOT 1 21
[3478] = CNOT 1 18
[3479] = CNOT 1 19
[3480] = CNOT 1 20
[3481] = S 1
[3482] = CNOT 1 20
[3483] = CNOT 1 21
[3484] = Z 1
[3485] = CNOT 1 21
[3486] = CNOT 1 19
[3487] = CNOT 2 3
[3488] = CNOT 2 4
[3489] = S 2
[3490] = CNOT 2 4
[3491] = CNOT 2 5
[3492] = Z 2
[3493] = CNOT 2 5
[3494] = CNOT 2 9
[3495] = Z 2
[3496] = CNOT 2 9
[3497] = CNOT 2 10
[3498] = S 2
[3499] = CNOT 2 10
[3500] = CNOT 2 11
[3501] = Z 2
[3502] = CNOT 2 11
[3503] = CNOT 2 12
[3504] = S 2
[3505] = Z 2
[3506] = CNOT 2 12
[3507] = CNOT 2 13
[3508] = Z 2
[3509] = CNOT 2 13
[3510] = CNOT 2 16
[3511] = Z 2
[3512] = CNOT 2 16
[3513] = CNOT 2 17
[3514] = Z 2
[3515] = CNOT 2 17
[3516] = CNOT 2 20
[3517] = S 2
[3518] = CNOT 2 20
[3519] = CNOT 2 3
[3520] = CNOT 2 4
[3521] = CNOT 2 5
[3522] = S 2
[3523] = CNOT 2 5
[3524] = CNOT 2 6
[3525] = Z 2
[3526] = CNOT 2 6
[3527] = CNOT 2 10
[3528] = S 2
[3529] = Z 2
[3530] = CNOT 2 10
[3531] = CNOT 2 11
[3532] = S 2
[3533] = Z 2
[3534] = CNOT 2 11
[3535] = CNOT 2 12
[3536] = S 2
[3537] = Z 2
[3538] = CNOT 2 12
[3539] = CNOT 2 17
[3540] = Z 2
[3541] = CNOT 2 17
[3542] = CNOT 2 18
[3543] = Z 2
[3544] = CNOT 2 18
[3545] = CNOT 2 20
[3546] = S 2
[3547] = CNOT 2 20
[3548] = CNOT 2 4
[3549] = CNOT 2 5
[3550] = CNOT 2 6
[3551] = Z 2
[3552] = CNOT 2 6
[3553] = CNOT 2 7
[3554] = S 2
[3555] = Z 2
[3556] = CNOT 2 7
[3557] = CNOT 2 8
[3558] = S 2
[3559] = Z 2
[3560] = CNOT 2 8
[3561] = CNOT 2 10
[3562] = S 2
[3563] = Z 2
[3564] = CNOT 2 10
[3565] = CNOT 2 12
[3566] = S 2
[3567] = Z 2
[3568] = CNOT 2 12
[3569] = CNOT 2 15
[3570] = Z 2
[3571] = CNOT 2 15
[3572] = CNOT 2 16
[3573] = Z 2
[3574] = CNOT 2 16
[3575] = CNOT 2 17
[3576] = S 2
[3577] = Z 2
[3578] = CNOT 2 17
[3579] = CNOT 2 18
[3580] = S 2
[3581] = Z 2
[3582] = CNOT 2 18
[3583] = CNOT 2 19
[3584] = S 2
[3585] = CNOT 2 19
[3586] = CNOT 2 20
[3587] = Z 2
[3588] = CNOT 2 20
[3589] = CNOT 2 5
[3590] = CNOT 2 6
[3591] = CNOT 2 7
[3592] = S 2
[3593] = Z 2
[3594] = CNOT 2 7
[3595] = CNOT 2 8
[3596] = S 2
[3597] = Z 2
[3598] = CNOT 2 8
[3599] = CNOT 2 10
[3600] = Z 2
[3601] = CNOT 2 10
[3602] = CNOT 2 11
[3603] = S 2
[3604] = Z 2
[3605] = CNOT 2 11
[3606] = CNOT 2 16
[3607] = S 2
[3608] = Z 2
[3609] = CNOT 2 16
[3610] = CNOT 2 18
[3611] = Z 2
[3612] = CNOT 2 18
[3613] = CNOT 2 19
[3614] = Z 2
[3615] = CNOT 2 19
[3616] = CNOT 2 20
[3617] = S 2
[3618] = CNOT 2 20
[3619] = CNOT 2 6
[3620] = CNOT 2 7
[3621] = CNOT 2 8
[3622] = Z 2
[3623] = CNOT 2 8
[3624] = CNOT 2 9
[3625] = S 2
[3626] = CNOT 2 9
[3627] = CNOT 2 10
[3628] = S 2
[3629] = CNOT 2 10
[3630] = CNOT 2 12
[3631] = S 2
[3632] = Z 2
[3633] = CNOT 2 12
[3634] = CNOT 2 15
[3635] = S 2
[3636] = Z 2
[3637] = CNOT 2 15
[3638] = CNOT 2 17
[3639] = Z 2
[3640] = CNOT 2 17
[3641] = CNOT 2 20
[3642] = S 2
[3643] = Z 2
[3644] = CNOT 2 20
[3645] = CNOT 2 7
[3646] = CNOT 2 8
[3647] = CNOT 2 9
[3648] = S 2
[3649] = CNOT 2 9
[3650] = CNOT 2 10
[3651] = S 2
[3652] = CNOT 2 10
[3653] = CNOT 2 12
[3654] = S 2
[3655] = Z 2
[3656] = CNOT 2 12
[3657] = CNOT 2 15
[3658] = S 2
[3659] = Z 2
[3660] = CNOT 2 15
[3661] = CNOT 2 17
[3662] = Z 2
[3663] = CNOT 2 17
[3664] = CNOT 2 20
[3665] = S 2
[3666] = Z 2
[3667] = CNOT 2 20
[3668] = CNOT 2 8
[3669] = CNOT 2 9
[3670] = CNOT 2 11
[3671] = S 2
[3672] = CNOT 2 11
[3673] = CNOT 2 12
[3674] = S 2
[3675] = CNOT 2 12
[3676] = CNOT 2 13
[3677] = Z 2
[3678] = CNOT 2 13
[3679] = CNOT 2 15
[3680] = Z 2
[3681] = CNOT 2 15
[3682] = CNOT 2 16
[3683] = S 2
[3684] = Z 2
[3685] = CNOT 2 16
[3686] = CNOT 2 17
[3687] = S 2
[3688] = Z 2
[3689] = CNOT 2 17
[3690] = CNOT 2 18
[3691] = S 2
[3692] = Z 2
[3693] = CNOT 2 18
[3694] = CNOT 2 19
[3695] = Z 2
[3696] = CNOT 2 19
[3697] = CNOT 2 20
[3698] = Z 2
[3699] = CNOT 2 20
[3700] = CNOT 2 9
[3701] = CNOT 2 10
[3702] = CNOT 2 11
[3703] = Z 2
[3704] = CNOT 2 11
[3705] = CNOT 2 12
[3706] = Z 2
[3707] = CNOT 2 12
[3708] = CNOT 2 13
[3709] = Z 2
[3710] = CNOT 2 13
[3711] = CNOT 2 16
[3712] = Z 2
[3713] = CNOT 2 16
[3714] = CNOT 2 17
[3715] = S 2
[3716] = Z 2
[3717] = CNOT 2 17
[3718] = CNOT 2 18
[3719] = S 2
[3720] = CNOT 2 18
[3721] = CNOT 2 19
[3722] = S 2
[3723] = CNOT 2 19
[3724] = CNOT 2 20
[3725] = Z 2
[3726] = CNOT 2 20
[3727] = CNOT 2 10
[3728] = CNOT 2 11
[3729] = CNOT 2 12
[3730] = Z 2
[3731] = CNOT 2 12
[3732] = CNOT 2 13
[3733] = Z 2
[3734] = CNOT 2 13
[3735] = CNOT 2 15
[3736] = Z 2
[3737] = CNOT 2 15
[3738] = CNOT 2 18
[3739] = Z 2
[3740] = CNOT 2 18
[3741] = CNOT 2 19
[3742] = Z 2
[3743] = CNOT 2 19
[3744] = CNOT 2 20
[3745] = S 2
[3746] = Z 2
[3747] = CNOT 2 20
[3748] = CNOT 2 11
[3749] = CNOT 2 12
[3750] = CNOT 2 13
[3751] = Z 2
[3752] = CNOT 2 13
[3753] = CNOT 2 15
[3754] = Z 2
[3755] = CNOT 2 15
[3756] = CNOT 2 18
[3757] = Z 2
[3758] = CNOT 2 18
[3759] = CNOT 2 19
[3760] = S 2
[3761] = CNOT 2 19
[3762] = CNOT 2 20
[3763] = S 2
[3764] = Z 2
[3765] = CNOT 2 20
[3766] = CNOT 2 12
[3767] = CNOT 2 13
[3768] = CNOT 2 18
[3769] = Z 2
[3770] = CNOT 2 18
[3771] = CNOT 2 19
[3772] = Z 2
[3773] = CNOT 2 19
[3774] = CNOT 2 20
[3775] = Z 2
[3776] = CNOT 2 20
[3777] = CNOT 2 13
[3778] = CNOT 2 15
[3779] = CNOT 2 19
[3780] = Z 2
[3781] = CNOT 2 19
[3782] = CNOT 2 20
[3783] = S 2
[3784] = CNOT 2 20
[3785] = CNOT 2 15
[3786] = CNOT 2 16
[3787] = CNOT 2 18
[3788] = Z 2
[3789] = CNOT 2 18
[3790] = CNOT 2 20
[3791] = Z 2
[3792] = CNOT 2 20
[3793] = CNOT 2 16
[3794] = CNOT 2 17
[3795] = CNOT 2 18
[3796] = Z 2
[3797] = CNOT 2 18
[3798] = CNOT 2 19
[3799] = Z 2
[3800] = CNOT 2 19
[3801] = CNOT 2 20
[3802] = Z 2
[3803] = CNOT 2 17
[3804] = CNOT 2 18
[3805] = S 2
[3806] = CNOT 2 20
[3807] = CNOT 2 18
[3808] = CNOT 3 4
[3809] = CNOT 3 5
[3810] = S 3
[3811] = CNOT 3 5
[3812] = CNOT 3 6
[3813] = S 3
[3814] = Z 3
[3815] = CNOT 3 6
[3816] = CNOT 3 7
[3817] = S 3
[3818] = CNOT 3 7
[3819] = CNOT 3 8
[3820] = S 3
[3821] = CNOT 3 8
[3822] = CNOT 3 11
[3823] = S 3
[3824] = CNOT 3 11
[3825] = CNOT 3 12
[3826] = Z 3
[3827] = CNOT 3 12
[3828] = CNOT 3 17
[3829] = S 3
[3830] = Z 3
[3831] = CNOT 3 17
[3832] = CNOT 3 18
[3833] = Z 3
[3834] = CNOT 3 18
[3835] = CNOT 3 19
[3836] = S 3
[3837] = CNOT 3 19
[3838] = CNOT 3 20
[3839] = S 3
[3840] = CNOT 3 20
[3841] = CNOT 3 21
[3842] = Z 3
[3843] = CNOT 3 21
[3844] = CNOT 3 4
[3845] = CNOT 3 5
[3846] = CNOT 3 6
[3847] = Z 3
[3848] = CNOT 3 6
[3849] = CNOT 3 7
[3850] = Z 3
[3851] = CNOT 3 7
[3852] = CNOT 3 8
[3853] = Z 3
[3854] = CNOT 3 8
[3855] = CNOT 3 9
[3856] = S 3
[3857] = Z 3
[3858] = CNOT 3 9
[3859] = CNOT 3 10
[3860] = S 3
[3861] = CNOT 3 10
[3862] = CNOT 3 12
[3863] = Z 3
[3864] = CNOT 3 12
[3865] = CNOT 3 15
[3866] = Z 3
[3867] = CNOT 3 15
[3868] = CNOT 3 16
[3869] = S 3
[3870] = CNOT 3 16
[3871] = CNOT 3 17
[3872] = S 3
[3873] = Z 3
[3874] = CNOT 3 17
[3875] = CNOT 3 18
[3876] = S 3
[3877] = CNOT 3 18
[3878] = CNOT 3 19
[3879] = Z 3
[3880] = CNOT 3 19
[3881] = CNOT 3 20
[3882] = S 3
[3883] = CNOT 3 20
[3884] = CNOT 3 5
[3885] = CNOT 3 6
[3886] = CNOT 3 7
[3887] = Z 3
[3888] = CNOT 3 7
[3889] = CNOT 3 8
[3890] = Z 3
[3891] = CNOT 3 8
[3892] = CNOT 3 9
[3893] = S 3
[3894] = CNOT 3 9
[3895] = CNOT 3 11
[3896] = S 3
[3897] = CNOT 3 11
[3898] = CNOT 3 16
[3899] = S 3
[3900] = Z 3
[3901] = CNOT 3 16
[3902] = CNOT 3 17
[3903] = Z 3
[3904] = CNOT 3 17
[3905] = CNOT 3 20
[3906] = S 3
[3907] = CNOT 3 20
[3908] = CNOT 3 21
[3909] = S 3
[3910] = Z 3
[3911] = CNOT 3 21
[3912] = CNOT 3 6
[3913] = CNOT 3 7
[3914] = CNOT 3 8
[3915] = S 3
[3916] = CNOT 3 8
[3917] = CNOT 3 9
[3918] = S 3
[3919] = Z 3
[3920] = CNOT 3 9
[3921] = CNOT 3 10
[3922] = S 3
[3923] = CNOT 3 10
[3924] = CNOT 3 12
[3925] = Z 3
[3926] = CNOT 3 12
[3927] = CNOT 3 15
[3928] = S 3
[3929] = Z 3
[3930] = CNOT 3 15
[3931] = CNOT 3 16
[3932] = S 3
[3933] = Z 3
[3934] = CNOT 3 16
[3935] = CNOT 3 17
[3936] = S 3
[3937] = Z 3
[3938] = CNOT 3 17
[3939] = CNOT 3 19
[3940] = Z 3
[3941] = CNOT 3 19
[3942] = CNOT 3 20
[3943] = S 3
[3944] = CNOT 3 20
[3945] = CNOT 3 21
[3946] = Z 3
[3947] = CNOT 3 21
[3948] = CNOT 3 7
[3949] = CNOT 3 8
[3950] = CNOT 3 9
[3951] = S 3
[3952] = Z 3
[3953] = CNOT 3 9
[3954] = CNOT 3 10
[3955] = S 3
[3956] = CNOT 3 10
[3957] = CNOT 3 12
[3958] = Z 3
[3959] = CNOT 3 12
[3960] = CNOT 3 15
[3961] = S 3
[3962] = Z 3
[3963] = CNOT 3 15
[3964] = CNOT 3 16
[3965] = S 3
[3966] = Z 3
[3967] = CNOT 3 16
[3968] = CNOT 3 17
[3969] = S 3
[3970] = Z 3
[3971] = CNOT 3 17
[3972] = CNOT 3 19
[3973] = Z 3
[3974] = CNOT 3 19
[3975] = CNOT 3 20
[3976] = S 3
[3977] = CNOT 3 20
[3978] = CNOT 3 21
[3979] = Z 3
[3980] = CNOT 3 21
[3981] = CNOT 3 8
[3982] = CNOT 3 9
[3983] = CNOT 3 10
[3984] = S 3
[3985] = Z 3
[3986] = CNOT 3 10
[3987] = CNOT 3 12
[3988] = S 3
[3989] = CNOT 3 12
[3990] = CNOT 3 13
[3991] = S 3
[3992] = Z 3
[3993] = CNOT 3 13
[3994] = CNOT 3 15
[3995] = S 3
[3996] = Z 3
[3997] = CNOT 3 15
[3998] = CNOT 3 16
[3999] = S 3
[4000] = Z 3
[4001] = CNOT 3 16
[4002] = CNOT 3 17
[4003] = S 3
[4004] = CNOT 3 17
[4005] = CNOT 3 18
[4006] = Z 3
[4007] = CNOT 3 18
[4008] = CNOT 3 19
[4009] = S 3
[4010] = CNOT 3 19
[4011] = CNOT 3 20
[4012] = S 3
[4013] = Z 3
[4014] = CNOT 3 20
[4015] = CNOT 3 21
[4016] = S 3
[4017] = Z 3
[4018] = CNOT 3 21
[4019] = CNOT 3 9
[4020] = CNOT 3 10
[4021] = CNOT 3 11
[4022] = S 3
[4023] = Z 3
[4024] = CNOT 3 11
[4025] = CNOT 3 12
[4026] = S 3
[4027] = Z 3
[4028] = CNOT 3 12
[4029] = CNOT 3 13
[4030] = S 3
[4031] = Z 3
[4032] = CNOT 3 13
[4033] = CNOT 3 15
[4034] = S 3
[4035] = CNOT 3 15
[4036] = CNOT 3 16
[4037] = S 3
[4038] = CNOT 3 16
[4039] = CNOT 3 18
[4040] = S 3
[4041] = CNOT 3 18
[4042] = CNOT 3 19
[4043] = S 3
[4044] = Z 3
[4045] = CNOT 3 19
[4046] = CNOT 3 21
[4047] = Z 3
[4048] = CNOT 3 21
[4049] = CNOT 3 10
[4050] = CNOT 3 11
[4051] = CNOT 3 12
[4052] = S 3
[4053] = Z 3
[4054] = CNOT 3 12
[4055] = CNOT 3 13
[4056] = S 3
[4057] = Z 3
[4058] = CNOT 3 13
[4059] = CNOT 3 15
[4060] = S 3
[4061] = Z 3
[4062] = CNOT 3 15
[4063] = CNOT 3 18
[4064] = Z 3
[4065] = CNOT 3 18
[4066] = CNOT 3 19
[4067] = Z 3
[4068] = CNOT 3 19
[4069] = CNOT 3 11
[4070] = CNOT 3 12
[4071] = CNOT 3 13
[4072] = S 3
[4073] = Z 3
[4074] = CNOT 3 13
[4075] = CNOT 3 15
[4076] = S 3
[4077] = Z 3
[4078] = CNOT 3 15
[4079] = CNOT 3 18
[4080] = S 3
[4081] = Z 3
[4082] = CNOT 3 18
[4083] = CNOT 3 19
[4084] = Z 3
[4085] = CNOT 3 19
[4086] = CNOT 3 20
[4087] = S 3
[4088] = Z 3
[4089] = CNOT 3 20
[4090] = CNOT 3 12
[4091] = CNOT 3 13
[4092] = CNOT 3 15
[4093] = Z 3
[4094] = CNOT 3 15
[4095] = CNOT 3 18
[4096] = S 3
[4097] = Z 3
[4098] = CNOT 3 18
[4099] = CNOT 3 19
[4100] = S 3
[4101] = Z 3
[4102] = CNOT 3 19
[4103] = CNOT 3 20
[4104] = S 3
[4105] = Z 3
[4106] = CNOT 3 20
[4107] = CNOT 3 13
[4108] = CNOT 3 15
[4109] = CNOT 3 18
[4110] = S 3
[4111] = CNOT 3 18
[4112] = CNOT 3 19
[4113] = S 3
[4114] = Z 3
[4115] = CNOT 3 19
[4116] = CNOT 3 20
[4117] = Z 3
[4118] = CNOT 3 20
[4119] = CNOT 3 15
[4120] = CNOT 3 16
[4121] = CNOT 3 18
[4122] = S 3
[4123] = CNOT 3 18
[4124] = CNOT 3 20
[4125] = S 3
[4126] = CNOT 3 20
[4127] = CNOT 3 16
[4128] = CNOT 3 17
[4129] = CNOT 3 18
[4130] = S 3
[4131] = Z 3
[4132] = CNOT 3 18
[4133] = CNOT 3 19
[4134] = S 3
[4135] = Z 3
[4136] = CNOT 3 19
[4137] = CNOT 3 20
[4138] = S 3
[4139] = CNOT 3 20
[4140] = CNOT 3 21
[4141] = Z 3
[4142] = CNOT 3 21
[4143] = CNOT 3 17
[4144] = CNOT 3 18
[4145] = CNOT 3 19
[4146] = Z 3
[4147] = CNOT 3 19
[4148] = CNOT 3 20
[4149] = S 3
[4150] = Z 3
[4151] = CNOT 3 20
[4152] = CNOT 3 21
[4153] = Z 3
[4154] = CNOT 3 18
[4155] = CNOT 3 19
[4156] = Z 3
[4157] = CNOT 3 21
[4158] = CNOT 3 19
[4159] = CNOT 4 5
[4160] = CNOT 4 6
[4161] = S 4
[4162] = Z 4
[4163] = CNOT 4 6
[4164] = CNOT 4 7
[4165] = Z 4
[4166] = CNOT 4 7
[4167] = CNOT 4 8
[4168] = Z 4
[4169] = CNOT 4 8
[4170] = CNOT 4 9
[4171] = S 4
[4172] = Z 4
[4173] = CNOT 4 9
[4174] = CNOT 4 12
[4175] = S 4
[4176] = CNOT 4 12
[4177] = CNOT 4 17
[4178] = S 4
[4179] = Z 4
[4180] = CNOT 4 17
[4181] = CNOT 4 18
[4182] = S 4
[4183] = Z 4
[4184] = CNOT 4 18
[4185] = CNOT 4 20
[4186] = Z 4
[4187] = CNOT 4 20
[4188] = CNOT 4 5
[4189] = CNOT 4 6
[4190] = CNOT 4 7
[4191] = S 4
[4192] = CNOT 4 7
[4193] = CNOT 4 8
[4194] = S 4
[4195] = CNOT 4 8
[4196] = CNOT 4 10
[4197] = Z 4
[4198] = CNOT 4 10
[4199] = CNOT 4 11
[4200] = S 4
[4201] = CNOT 4 11
[4202] = CNOT 4 17
[4203] = Z 4
[4204] = CNOT 4 17
[4205] = CNOT 4 18
[4206] = S 4
[4207] = CNOT 4 18
[4208] = CNOT 4 19
[4209] = S 4
[4210] = CNOT 4 19
[4211] = CNOT 4 20
[4212] = S 4
[4213] = Z 4
[4214] = CNOT 4 20
[4215] = CNOT 4 21
[4216] = S 4
[4217] = Z 4
[4218] = CNOT 4 21
[4219] = CNOT 4 6
[4220] = CNOT 4 7
[4221] = CNOT 4 10
[4222] = S 4
[4223] = Z 4
[4224] = CNOT 4 10
[4225] = CNOT 4 12
[4226] = S 4
[4227] = CNOT 4 12
[4228] = CNOT 4 17
[4229] = S 4
[4230] = Z 4
[4231] = CNOT 4 17
[4232] = CNOT 4 18
[4233] = S 4
[4234] = Z 4
[4235] = CNOT 4 18
[4236] = CNOT 4 19
[4237] = S 4
[4238] = Z 4
[4239] = CNOT 4 19
[4240] = CNOT 4 20
[4241] = S 4
[4242] = Z 4
[4243] = CNOT 4 20
[4244] = CNOT 4 21
[4245] = Z 4
[4246] = CNOT 4 21
[4247] = CNOT 4 7
[4248] = CNOT 4 8
[4249] = CNOT 4 10
[4250] = S 4
[4251] = Z 4
[4252] = CNOT 4 10
[4253] = CNOT 4 12
[4254] = S 4
[4255] = CNOT 4 12
[4256] = CNOT 4 17
[4257] = S 4
[4258] = Z 4
[4259] = CNOT 4 17
[4260] = CNOT 4 18
[4261] = S 4
[4262] = Z 4
[4263] = CNOT 4 18
[4264] = CNOT 4 19
[4265] = S 4
[4266] = Z 4
[4267] = CNOT 4 19
[4268] = CNOT 4 20
[4269] = S 4
[4270] = Z 4
[4271] = CNOT 4 20
[4272] = CNOT 4 21
[4273] = Z 4
[4274] = CNOT 4 21
[4275] = CNOT 4 8
[4276] = CNOT 4 9
[4277] = CNOT 4 10
[4278] = S 4
[4279] = CNOT 4 10
[4280] = CNOT 4 11
[4281] = S 4
[4282] = CNOT 4 11
[4283] = CNOT 4 12
[4284] = S 4
[4285] = CNOT 4 12
[4286] = CNOT 4 17
[4287] = S 4
[4288] = CNOT 4 17
[4289] = CNOT 4 19
[4290] = S 4
[4291] = CNOT 4 19
[4292] = CNOT 4 21
[4293] = S 4
[4294] = Z 4
[4295] = CNOT 4 21
[4296] = CNOT 4 9
[4297] = CNOT 4 10
[4298] = CNOT 4 19
[4299] = S 4
[4300] = Z 4
[4301] = CNOT 4 19
[4302] = CNOT 4 20
[4303] = Z 4
[4304] = CNOT 4 20
[4305] = CNOT 4 21
[4306] = Z 4
[4307] = CNOT 4 21
[4308] = CNOT 4 10
[4309] = CNOT 4 11
[4310] = CNOT 4 18
[4311] = S 4
[4312] = Z 4
[4313] = CNOT 4 18
[4314] = CNOT 4 19
[4315] = S 4
[4316] = Z 4
[4317] = CNOT 4 11
[4318] = CNOT 4 12
[4319] = Z 4
[4320] = CNOT 4 19
[4321] = CNOT 4 20
[4322] = S 4
[4323] = Z 4
[4324] = CNOT 4 20
[4325] = CNOT 4 12
[4326] = CNOT 4 17
[4327] = CNOT 4 18
[4328] = S 4
[4329] = Z 4
[4330] = CNOT 4 18
[4331] = CNOT 4 19
[4332] = S 4
[4333] = Z 4
[4334] = CNOT 4 19
[4335] = CNOT 4 20
[4336] = S 4
[4337] = CNOT 4 20
[4338] = CNOT 4 21
[4339] = Z 4
[4340] = CNOT 4 21
[4341] = CNOT 4 17
[4342] = CNOT 4 18
[4343] = CNOT 4 19
[4344] = S 4
[4345] = Z 4
[4346] = CNOT 4 19
[4347] = CNOT 4 20
[4348] = S 4
[4349] = CNOT 4 20
[4350] = CNOT 4 21
[4351] = Z 4
[4352] = CNOT 4 21
[4353] = CNOT 4 18
[4354] = CNOT 4 19
[4355] = CNOT 4 20
[4356] = S 4
[4357] = Z 4
[4358] = CNOT 4 20
[4359] = CNOT 4 21
[4360] = Z 4
[4361] = CNOT 4 21
[4362] = CNOT 4 19
[4363] = CNOT 5 6
[4364] = CNOT 5 7
[4365] = Z 5
[4366] = CNOT 5 7
[4367] = CNOT 5 8
[4368] = Z 5
[4369] = CNOT 5 8
[4370] = CNOT 5 9
[4371] = S 5
[4372] = CNOT 5 9
[4373] = CNOT 5 10
[4374] = S 5
[4375] = CNOT 5 10
[4376] = CNOT 5 16
[4377] = S 5
[4378] = Z 5
[4379] = CNOT 5 16
[4380] = CNOT 5 18
[4381] = S 5
[4382] = Z 5
[4383] = CNOT 5 18
[4384] = CNOT 5 19
[4385] = Z 5
[4386] = CNOT 5 19
[4387] = CNOT 5 20
[4388] = Z 5
[4389] = CNOT 5 20
[4390] = CNOT 5 6
[4391] = CNOT 5 7
[4392] = CNOT 5 8
[4393] = Z 5
[4394] = CNOT 5 8
[4395] = CNOT 5 9
[4396] = S 5
[4397] = Z 5
[4398] = CNOT 5 9
[4399] = CNOT 5 10
[4400] = S 5
[4401] = CNOT 5 10
[4402] = CNOT 5 12
[4403] = S 5
[4404] = CNOT 5 12
[4405] = CNOT 5 15
[4406] = S 5
[4407] = Z 5
[4408] = CNOT 5 15
[4409] = CNOT 5 16
[4410] = S 5
[4411] = Z 5
[4412] = CNOT 5 16
[4413] = CNOT 5 17
[4414] = S 5
[4415] = Z 5
[4416] = CNOT 5 17
[4417] = CNOT 5 20
[4418] = Z 5
[4419] = CNOT 5 20
[4420] = CNOT 5 7
[4421] = CNOT 5 8
[4422] = CNOT 5 9
[4423] = S 5
[4424] = Z 5
[4425] = CNOT 5 9
[4426] = CNOT 5 10
[4427] = S 5
[4428] = CNOT 5 10
[4429] = CNOT 5 12
[4430] = S 5
[4431] = CNOT 5 12
[4432] = CNOT 5 15
[4433] = S 5
[4434] = Z 5
[4435] = CNOT 5 15
[4436] = CNOT 5 16
[4437] = S 5
[4438] = Z 5
[4439] = CNOT 5 16
[4440] = CNOT 5 17
[4441] = S 5
[4442] = Z 5
[4443] = CNOT 5 17
[4444] = CNOT 5 20
[4445] = Z 5
[4446] = CNOT 5 20
[4447] = CNOT 5 8
[4448] = CNOT 5 9
[4449] = CNOT 5 10
[4450] = S 5
[4451] = CNOT 5 10
[4452] = CNOT 5 12
[4453] = S 5
[4454] = CNOT 5 12
[4455] = CNOT 5 16
[4456] = S 5
[4457] = Z 5
[4458] = CNOT 5 16
[4459] = CNOT 5 17
[4460] = S 5
[4461] = Z 5
[4462] = CNOT 5 17
[4463] = CNOT 5 18
[4464] = Z 5
[4465] = CNOT 5 18
[4466] = CNOT 5 19
[4467] = S 5
[4468] = Z 5
[4469] = CNOT 5 19
[4470] = CNOT 5 9
[4471] = CNOT 5 10
[4472] = CNOT 5 15
[4473] = Z 5
[4474] = CNOT 5 15
[4475] = CNOT 5 16
[4476] = S 5
[4477] = CNOT 5 16
[4478] = CNOT 5 18
[4479] = Z 5
[4480] = CNOT 5 18
[4481] = CNOT 5 19
[4482] = S 5
[4483] = Z 5
[4484] = CNOT 5 19
[4485] = CNOT 5 20
[4486] = Z 5
[4487] = CNOT 5 20
[4488] = CNOT 5 10
[4489] = CNOT 5 12
[4490] = CNOT 5 19
[4491] = Z 5
[4492] = CNOT 5 19
[4493] = CNOT 5 20
[4494] = S 5
[4495] = Z 5
[4496] = CNOT 5 20
[4497] = CNOT 5 12
[4498] = CNOT 5 15
[4499] = CNOT 5 18
[4500] = Z 5
[4501] = CNOT 5 18
[4502] = CNOT 5 20
[4503] = S 5
[4504] = Z 5
[4505] = CNOT 5 20
[4506] = CNOT 5 15
[4507] = CNOT 5 16
[4508] = CNOT 5 18
[4509] = S 5
[4510] = CNOT 5 18
[4511] = CNOT 5 20
[4512] = S 5
[4513] = CNOT 5 20
[4514] = CNOT 5 16
[4515] = CNOT 5 17
[4516] = CNOT 5 18
[4517] = S 5
[4518] = Z 5
[4519] = CNOT 5 18
[4520] = CNOT 5 19
[4521] = S 5
[4522] = Z 5
[4523] = CNOT 5 19
[4524] = CNOT 5 20
[4525] = S 5
[4526] = Z 5
[4527] = CNOT 5 20
[4528] = CNOT 5 17
[4529] = CNOT 5 18
[4530] = CNOT 5 19
[4531] = S 5
[4532] = Z 5
[4533] = CNOT 5 19
[4534] = CNOT 5 20
[4535] = Z 5
[4536] = CNOT 5 18
[4537] = CNOT 5 19
[4538] = S 5
[4539] = CNOT 5 20
[4540] = CNOT 5 19
[4541] = CNOT 6 7
[4542] = CNOT 6 9
[4543] = S 6
[4544] = Z 6
[4545] = CNOT 6 9
[4546] = CNOT 6 10
[4547] = Z 6
[4548] = CNOT 6 10
[4549] = CNOT 6 17
[4550] = Z 6
[4551] = CNOT 6 17
[4552] = CNOT 6 18
[4553] = Z 6
[4554] = CNOT 6 18
[4555] = CNOT 6 19
[4556] = S 6
[4557] = CNOT 6 19
[4558] = CNOT 6 20
[4559] = S 6
[4560] = Z 6
[4561] = CNOT 6 20
[4562] = CNOT 6 21
[4563] = S 6
[4564] = Z 6
[4565] = CNOT 6 21
[4566] = CNOT 6 7
[4567] = CNOT 6 8
[4568] = CNOT 6 9
[4569] = S 6
[4570] = Z 6
[4571] = CNOT 6 9
[4572] = CNOT 6 10
[4573] = Z 6
[4574] = CNOT 6 10
[4575] = CNOT 6 17
[4576] = Z 6
[4577] = CNOT 6 17
[4578] = CNOT 6 18
[4579] = Z 6
[4580] = CNOT 6 18
[4581] = CNOT 6 19
[4582] = S 6
[4583] = CNOT 6 19
[4584] = CNOT 6 20
[4585] = S 6
[4586] = Z 6
[4587] = CNOT 6 20
[4588] = CNOT 6 21
[4589] = S 6
[4590] = Z 6
[4591] = CNOT 6 21
[4592] = CNOT 6 8
[4593] = CNOT 6 9
[4594] = CNOT 6 11
[4595] = S 6
[4596] = CNOT 6 11
[4597] = CNOT 6 16
[4598] = S 6
[4599] = Z 6
[4600] = CNOT 6 16
[4601] = CNOT 6 17
[4602] = S 6
[4603] = Z 6
[4604] = CNOT 6 17
[4605] = CNOT 6 21
[4606] = S 6
[4607] = Z 6
[4608] = CNOT 6 21
[4609] = CNOT 6 9
[4610] = CNOT 6 10
[4611] = CNOT 6 16
[4612] = S 6
[4613] = Z 6
[4614] = CNOT 6 16
[4615] = CNOT 6 17
[4616] = Z 6
[4617] = CNOT 6 17
[4618] = CNOT 6 18
[4619] = S 6
[4620] = CNOT 6 18
[4621] = CNOT 6 19
[4622] = S 6
[4623] = CNOT 6 19
[4624] = CNOT 6 20
[4625] = S 6
[4626] = CNOT 6 20
[4627] = CNOT 6 21
[4628] = S 6
[4629] = Z 6
[4630] = CNOT 6 21
[4631] = CNOT 6 10
[4632] = CNOT 6 11
[4633] = CNOT 6 18
[4634] = S 6
[4635] = Z 6
[4636] = CNOT 6 18
[4637] = CNOT 6 19
[4638] = S 6
[4639] = Z 6
[4640] = CNOT 6 19
[4641] = CNOT 6 11
[4642] = CNOT 6 16
[4643] = CNOT 6 18
[4644] = S 6
[4645] = Z 6
[4646] = CNOT 6 18
[4647] = CNOT 6 20
[4648] = S 6
[4649] = Z 6
[4650] = CNOT 6 20
[4651] = CNOT 6 16
[4652] = CNOT 6 17
[4653] = CNOT 6 18
[4654] = Z 6
[4655] = CNOT 6 18
[4656] = CNOT 6 19
[4657] = Z 6
[4658] = CNOT 6 19
[4659] = CNOT 6 20
[4660] = S 6
[4661] = Z 6
[4662] = CNOT 6 20
[4663] = CNOT 6 21
[4664] = S 6
[4665] = Z 6
[4666] = CNOT 6 21
[4667] = CNOT 6 17
[4668] = CNOT 6 18
[4669] = CNOT 6 19
[4670] = Z 6
[4671] = CNOT 6 19
[4672] = CNOT 6 20
[4673] = S 6
[4674] = CNOT 6 20
[4675] = CNOT 6 21
[4676] = S 6
[4677] = Z 6
[4678] = CNOT 6 21
[4679] = CNOT 6 18
[4680] = CNOT 6 19
[4681] = CNOT 6 20
[4682] = S 6
[4683] = Z 6
[4684] = CNOT 6 20
[4685] = CNOT 6 21
[4686] = S 6
[4687] = Z 6
[4688] = CNOT 6 21
[4689] = CNOT 6 19
[4690] = CNOT 7 8
[4691] = CNOT 7 10
[4692] = S 7
[4693] = Z 7
[4694] = CNOT 7 10
[4695] = CNOT 7 12
[4696] = S 7
[4697] = CNOT 7 12
[4698] = CNOT 7 15
[4699] = S 7
[4700] = Z 7
[4701] = CNOT 7 15
[4702] = CNOT 7 16
[4703] = S 7
[4704] = Z 7
[4705] = CNOT 7 16
[4706] = CNOT 7 19
[4707] = S 7
[4708] = CNOT 7 19
[4709] = CNOT 7 20
[4710] = Z 7
[4711] = CNOT 7 20
[4712] = CNOT 7 8
[4713] = CNOT 7 9
[4714] = CNOT 7 12
[4715] = S 7
[4716] = CNOT 7 12
[4717] = CNOT 7 17
[4718] = S 7
[4719] = CNOT 7 17
[4720] = CNOT 7 18
[4721] = S 7
[4722] = CNOT 7 18
[4723] = CNOT 7 20
[4724] = S 7
[4725] = Z 7
[4726] = CNOT 7 20
[4727] = CNOT 7 21
[4728] = S 7
[4729] = Z 7
[4730] = CNOT 7 21
[4731] = CNOT 7 9
[4732] = CNOT 7 10
[4733] = CNOT 7 15
[4734] = S 7
[4735] = Z 7
[4736] = CNOT 7 15
[4737] = CNOT 7 16
[4738] = S 7
[4739] = Z 7
[4740] = CNOT 7 16
[4741] = CNOT 7 18
[4742] = S 7
[4743] = CNOT 7 18
[4744] = CNOT 7 19
[4745] = Z 7
[4746] = CNOT 7 19
[4747] = CNOT 7 20
[4748] = Z 7
[4749] = CNOT 7 20
[4750] = CNOT 7 21
[4751] = Z 7
[4752] = CNOT 7 21
[4753] = CNOT 7 10
[4754] = CNOT 7 12
[4755] = CNOT 7 19
[4756] = Z 7
[4757] = CNOT 7 19
[4758] = CNOT 7 20
[4759] = S 7
[4760] = Z 7
[4761] = CNOT 7 20
[4762] = CNOT 7 12
[4763] = CNOT 7 15
[4764] = CNOT 7 18
[4765] = S 7
[4766] = Z 7
[4767] = CNOT 7 18
[4768] = CNOT 7 20
[4769] = S 7
[4770] = Z 7
[4771] = CNOT 7 20
[4772] = CNOT 7 15
[4773] = CNOT 7 16
[4774] = CNOT 7 18
[4775] = S 7
[4776] = Z 7
[4777] = CNOT 7 18
[4778] = CNOT 7 20
[4779] = S 7
[4780] = Z 7
[4781] = CNOT 7 20
[4782] = CNOT 7 16
[4783] = CNOT 7 17
[4784] = CNOT 7 18
[4785] = S 7
[4786] = Z 7
[4787] = CNOT 7 18
[4788] = CNOT 7 19
[4789] = S 7
[4790] = Z 7
[4791] = CNOT 7 19
[4792] = CNOT 7 20
[4793] = S 7
[4794] = CNOT 7 20
[4795] = CNOT 7 21
[4796] = Z 7
[4797] = CNOT 7 21
[4798] = CNOT 7 17
[4799] = CNOT 7 18
[4800] = CNOT 7 19
[4801] = S 7
[4802] = Z 7
[4803] = CNOT 7 19
[4804] = CNOT 7 20
[4805] = Z 7
[4806] = CNOT 7 20
[4807] = CNOT 7 21
[4808] = Z 7
[4809] = CNOT 7 21
[4810] = CNOT 7 18
[4811] = CNOT 7 19
[4812] = CNOT 7 20
[4813] = Z 7
[4814] = CNOT 7 20
[4815] = CNOT 7 21
[4816] = Z 7
[4817] = CNOT 7 21
[4818] = CNOT 7 19
[4819] = CNOT 8 9
[4820] = CNOT 8 12
[4821] = S 8
[4822] = CNOT 8 12
[4823] = CNOT 8 17
[4824] = S 8
[4825] = CNOT 8 17
[4826] = CNOT 8 18
[4827] = S 8
[4828] = CNOT 8 18
[4829] = CNOT 8 20
[4830] = S 8
[4831] = Z 8
[4832] = CNOT 8 20
[4833] = CNOT 8 21
[4834] = S 8
[4835] = Z 8
[4836] = CNOT 8 21
[4837] = CNOT 8 9
[4838] = CNOT 8 10
[4839] = CNOT 8 15
[4840] = S 8
[4841] = Z 8
[4842] = CNOT 8 15
[4843] = CNOT 8 16
[4844] = S 8
[4845] = Z 8
[4846] = CNOT 8 16
[4847] = CNOT 8 18
[4848] = S 8
[4849] = CNOT 8 18
[4850] = CNOT 8 19
[4851] = Z 8
[4852] = CNOT 8 19
[4853] = CNOT 8 20
[4854] = Z 8
[4855] = CNOT 8 20
[4856] = CNOT 8 21
[4857] = Z 8
[4858] = CNOT 8 21
[4859] = CNOT 8 10
[4860] = CNOT 8 12
[4861] = CNOT 8 19
[4862] = Z 8
[4863] = CNOT 8 19
[4864] = CNOT 8 20
[4865] = S 8
[4866] = Z 8
[4867] = CNOT 8 20
[4868] = CNOT 8 12
[4869] = CNOT 8 15
[4870] = CNOT 8 18
[4871] = S 8
[4872] = Z 8
[4873] = CNOT 8 18
[4874] = CNOT 8 20
[4875] = S 8
[4876] = Z 8
[4877] = CNOT 8 20
[4878] = CNOT 8 15
[4879] = CNOT 8 16
[4880] = CNOT 8 18
[4881] = S 8
[4882] = Z 8
[4883] = CNOT 8 18
[4884] = CNOT 8 20
[4885] = S 8
[4886] = Z 8
[4887] = CNOT 8 20
[4888] = CNOT 8 16
[4889] = CNOT 8 17
[4890] = CNOT 8 18
[4891] = S 8
[4892] = Z 8
[4893] = CNOT 8 18
[4894] = CNOT 8 19
[4895] = S 8
[4896] = Z 8
[4897] = CNOT 8 19
[4898] = CNOT 8 20
[4899] = S 8
[4900] = CNOT 8 20
[4901] = CNOT 8 21
[4902] = Z 8
[4903] = CNOT 8 21
[4904] = CNOT 8 17
[4905] = CNOT 8 18
[4906] = CNOT 8 19
[4907] = S 8
[4908] = Z 8
[4909] = CNOT 8 19
[4910] = CNOT 8 20
[4911] = Z 8
[4912] = CNOT 8 20
[4913] = CNOT 8 21
[4914] = Z 8
[4915] = CNOT 8 21
[4916] = CNOT 8 18
[4917] = CNOT 8 19
[4918] = CNOT 8 20
[4919] = Z 8
[4920] = CNOT 8 20
[4921] = CNOT 8 21
[4922] = Z 8
[4923] = CNOT 8 21
[4924] = CNOT 8 19
[4925] = CNOT 9 10
[4926] = CNOT 9 11
[4927] = Z 9
[4928] = CNOT 9 11
[4929] = CNOT 9 12
[4930] = Z 9
[4931] = CNOT 9 12
[4932] = CNOT 9 13
[4933] = Z 9
[4934] = CNOT 9 13
[4935] = CNOT 9 15
[4936] = Z 9
[4937] = CNOT 9 15
[4938] = CNOT 9 16
[4939] = S 9
[4940] = Z 9
[4941] = CNOT 9 16
[4942] = CNOT 9 17
[4943] = Z 9
[4944] = CNOT 9 17
[4945] = CNOT 9 18
[4946] = S 9
[4947] = Z 9
[4948] = CNOT 9 18
[4949] = CNOT 9 19
[4950] = S 9
[4951] = CNOT 9 19
[4952] = CNOT 9 20
[4953] = S 9
[4954] = Z 9
[4955] = CNOT 9 20
[4956] = CNOT 9 21
[4957] = S 9
[4958] = Z 9
[4959] = CNOT 9 21
[4960] = CNOT 9 10
[4961] = CNOT 9 11
[4962] = CNOT 9 12
[4963] = Z 9
[4964] = CNOT 9 12
[4965] = CNOT 9 13
[4966] = Z 9
[4967] = CNOT 9 13
[4968] = CNOT 9 15
[4969] = Z 9
[4970] = CNOT 9 15
[4971] = CNOT 9 18
[4972] = S 9
[4973] = CNOT 9 18
[4974] = CNOT 9 19
[4975] = S 9
[4976] = CNOT 9 19
[4977] = CNOT 9 20
[4978] = S 9
[4979] = Z 9
[4980] = CNOT 9 20
[4981] = CNOT 9 11
[4982] = CNOT 9 12
[4983] = CNOT 9 13
[4984] = Z 9
[4985] = CNOT 9 13
[4986] = CNOT 9 15
[4987] = Z 9
[4988] = CNOT 9 15
[4989] = CNOT 9 18
[4990] = Z 9
[4991] = CNOT 9 18
[4992] = CNOT 9 20
[4993] = Z 9
[4994] = CNOT 9 20
[4995] = CNOT 9 12
[4996] = CNOT 9 13
[4997] = CNOT 9 15
[4998] = Z 9
[4999] = CNOT 9 15
[5000] = CNOT 9 18
[5001] = Z 9
[5002] = CNOT 9 18
[5003] = CNOT 9 19
[5004] = Z 9
[5005] = CNOT 9 19
[5006] = CNOT 9 20
[5007] = S 9
[5008] = Z 9
[5009] = CNOT 9 20
[5010] = CNOT 9 13
[5011] = CNOT 9 15
[5012] = CNOT 9 18
[5013] = Z 9
[5014] = CNOT 9 18
[5015] = CNOT 9 19
[5016] = Z 9
[5017] = CNOT 9 19
[5018] = CNOT 9 20
[5019] = S 9
[5020] = Z 9
[5021] = CNOT 9 20
[5022] = CNOT 9 15
[5023] = CNOT 9 16
[5024] = CNOT 9 18
[5025] = S 9
[5026] = Z 9
[5027] = CNOT 9 18
[5028] = CNOT 9 20
[5029] = S 9
[5030] = Z 9
[5031] = CNOT 9 20
[5032] = CNOT 9 16
[5033] = CNOT 9 17
[5034] = CNOT 9 18
[5035] = S 9
[5036] = CNOT 9 18
[5037] = CNOT 9 19
[5038] = S 9
[5039] = CNOT 9 19
[5040] = CNOT 9 20
[5041] = Z 9
[5042] = CNOT 9 20
[5043] = CNOT 9 21
[5044] = S 9
[5045] = Z 9
[5046] = CNOT 9 21
[5047] = CNOT 9 17
[5048] = CNOT 9 18
[5049] = CNOT 9 19
[5050] = S 9
[5051] = Z 9
[5052] = CNOT 9 19
[5053] = CNOT 9 20
[5054] = S 9
[5055] = Z 9
[5056] = CNOT 9 20
[5057] = CNOT 9 21
[5058] = S 9
[5059] = Z 9
[5060] = CNOT 9 18
[5061] = CNOT 9 19
[5062] = S 9
[5063] = Z 9
[5064] = CNOT 9 21
[5065] = CNOT 9 19
[5066] = CNOT 10 11
[5067] = CNOT 10 12
[5068] = Z 10
[5069] = CNOT 10 12
[5070] = CNOT 10 13
[5071] = Z 10
[5072] = CNOT 10 13
[5073] = CNOT 10 15
[5074] = Z 10
[5075] = CNOT 10 15
[5076] = CNOT 10 18
[5077] = Z 10
[5078] = CNOT 10 18
[5079] = CNOT 10 19
[5080] = Z 10
[5081] = CNOT 10 19
[5082] = CNOT 10 20
[5083] = S 10
[5084] = Z 10
[5085] = CNOT 10 20
[5086] = CNOT 10 11
[5087] = CNOT 10 12
[5088] = CNOT 10 13
[5089] = Z 10
[5090] = CNOT 10 13
[5091] = CNOT 10 15
[5092] = Z 10
[5093] = CNOT 10 15
[5094] = CNOT 10 18
[5095] = Z 10
[5096] = CNOT 10 18
[5097] = CNOT 10 19
[5098] = Z 10
[5099] = CNOT 10 19
[5100] = CNOT 10 20
[5101] = S 10
[5102] = Z 10
[5103] = CNOT 10 20
[5104] = CNOT 10 12
[5105] = CNOT 10 13
[5106] = CNOT 10 15
[5107] = Z 10
[5108] = CNOT 10 15
[5109] = CNOT 10 18
[5110] = Z 10
[5111] = CNOT 10 18
[5112] = CNOT 10 19
[5113] = Z 10
[5114] = CNOT 10 19
[5115] = CNOT 10 20
[5116] = S 10
[5117] = Z 10
[5118] = CNOT 10 20
[5119] = CNOT 10 13
[5120] = CNOT 10 15
[5121] = CNOT 10 19
[5122] = Z 10
[5123] = CNOT 10 19
[5124] = CNOT 10 20
[5125] = Z 10
[5126] = CNOT 10 20
[5127] = CNOT 10 15
[5128] = CNOT 10 16
[5129] = CNOT 10 18
[5130] = S 10
[5131] = CNOT 10 18
[5132] = CNOT 10 20
[5133] = S 10
[5134] = CNOT 10 16
[5135] = CNOT 10 17
[5136] = Z 10
[5137] = CNOT 10 20
[5138] = CNOT 10 21
[5139] = Z 10
[5140] = CNOT 10 21
[5141] = CNOT 10 17
[5142] = CNOT 10 18
[5143] = CNOT 10 19
[5144] = Z 10
[5145] = CNOT 10 19
[5146] = CNOT 10 21
[5147] = Z 10
[5148] = CNOT 10 18
[5149] = CNOT 10 19
[5150] = Z 10
[5151] = CNOT 10 21
[5152] = CNOT 10 19
[5153] = CNOT 11 12
[5154] = CNOT 11 13
[5155] = Z 11
[5156] = CNOT 11 13
[5157] = CNOT 11 15
[5158] = Z 11
[5159] = CNOT 11 15
[5160] = CNOT 11 18
[5161] = Z 11
[5162] = CNOT 11 18
[5163] = CNOT 11 19
[5164] = Z 11
[5165] = CNOT 11 19
[5166] = CNOT 11 20
[5167] = S 11
[5168] = Z 11
[5169] = CNOT 11 20
[5170] = CNOT 11 12
[5171] = CNOT 11 13
[5172] = CNOT 11 15
[5173] = Z 11
[5174] = CNOT 11 15
[5175] = CNOT 11 18
[5176] = Z 11
[5177] = CNOT 11 18
[5178] = CNOT 11 19
[5179] = Z 11
[5180] = CNOT 11 19
[5181] = CNOT 11 20
[5182] = S 11
[5183] = Z 11
[5184] = CNOT 11 20
[5185] = CNOT 11 13
[5186] = CNOT 11 15
[5187] = CNOT 11 18
[5188] = Z 11
[5189] = CNOT 11 18
[5190] = CNOT 11 19
[5191] = Z 11
[5192] = CNOT 11 19
[5193] = CNOT 11 20
[5194] = S 11
[5195] = Z 11
[5196] = CNOT 11 20
[5197] = CNOT 11 15
[5198] = CNOT 11 18
[5199] = CNOT 11 19
[5200] = Z 11
[5201] = CNOT 11 19
[5202] = CNOT 11 20
[5203] = S 11
[5204] = Z 11
[5205] = CNOT 11 18
[5206] = CNOT 11 19
[5207] = S 11
[5208] = Z 11
[5209] = CNOT 11 20
[5210] = CNOT 11 19
[5211] = CNOT 12 13
[5212] = CNOT 12 15
[5213] = Z 12
[5214] = CNOT 12 15
[5215] = CNOT 12 18
[5216] = Z 12
[5217] = CNOT 12 18
[5218] = CNOT 12 19
[5219] = Z 12
[5220] = CNOT 12 19
[5221] = CNOT 12 20
[5222] = S 12
[5223] = Z 12
[5224] = CNOT 12 20
[5225] = CNOT 12 13
[5226] = CNOT 12 15
[5227] = CNOT 12 18
[5228] = Z 12
[5229] = CNOT 12 18
[5230] = CNOT 12 19
[5231] = Z 12
[5232] = CNOT 12 19
[5233] = CNOT 12 20
[5234] = S 12
[5235] = Z 12
[5236] = CNOT 12 20
[5237] = CNOT 12 15
[5238] = CNOT 12 18
[5239] = CNOT 12 19
[5240] = Z 12
[5241] = CNOT 12 19
[5242] = CNOT 12 20
[5243] = S 12
[5244] = Z 12
[5245] = CNOT 12 18
[5246] = CNOT 12 19
[5247] = Z 12
[5248] = CNOT 12 20
[5249] = CNOT 12 19
[5250] = CNOT 13 15
[5251] = CNOT 13 18
[5252] = Z 13
[5253] = CNOT 13 18
[5254] = CNOT 13 19
[5255] = Z 13
[5256] = CNOT 13 19
[5257] = CNOT 13 20
[5258] = Z 13
[5259] = CNOT 13 20
[5260] = CNOT 13 15
[5261] = CNOT 13 18
[5262] = CNOT 13 19
[5263] = Z 13
[5264] = CNOT 13 19
[5265] = CNOT 13 20
[5266] = S 13
[5267] = Z 13
[5268] = CNOT 13 18
[5269] = CNOT 13 19
[5270] = S 13
[5271] = Z 13
[5272] = CNOT 13 20
[5273] = CNOT 13 19
[5274] = CNOT 15 18
[5275] = CNOT 15 19
[5276] = Z 15
[5277] = CNOT 15 19
[5278] = CNOT 15 20
[5279] = Z 15
[5280] = CNOT 15 18
[5281] = CNOT 15 19
[5282] = S 15
[5283] = Z 15
[5284] = CNOT 15 20
[5285] = CNOT 15 19
[5286] = CNOT 16 18
[5287] = CNOT 16 20
[5288] = S 16
[5289] = CNOT 16 20
[5290] = CNOT 16 18
[5291] = CNOT 17 18
[5292] = CNOT 17 19
[5293] = S 17
[5294] = Z 17
[5295] = CNOT 17 19
[5296] = CNOT 17 20
[5297] = S 17
[5298] = CNOT 17 20
[5299] = CNOT 17 21
[5300] = Z 17
[5301] = CNOT 17 21
[5302] = CNOT 17 18
[5303] = CNOT 17 19
[5304] = CNOT 17 20
[5305] = S 17
[5306] = CNOT 17 20
[5307] = CNOT 17 21
[5308] = Z 17
[5309] = CNOT 17 21
[5310] = CNOT 17 19
[5311] = CNOT 18 19
[5312] = CNOT 18 21
[5313] = Z 18
[5314] = CNOT 18 21
[5315] = CNOT 18 19
[5316] = CNOT 8 7
[5317] = CNOT 9 6
[5318] = CNOT 10 5
[5319] = CNOT 11 4
[5320] = CNOT 12 3
[5321] = CNOT 13 2
[5322] = CNOT 14 1
[5323] = H 15
[5324] = H 16
[5325] = H 17
[5326] = H 18
[5327] = H 19
[5328] = H 20
[5329] = H 21
Gate distributions:
Input:
Operator distribution:
Total number of qubits = 21
Number of `data' qubits = 21
Number of `Toff_n' ancillas = 0
Number of Hadamard ancillas = 0
Hadamard ancilla cap = 0
Number of {CNOT,T} partitions = 3
T count = 343
Cost estimation = 171532
	id	Count
	0	0
	1	0
	2	0
	3	26
	4	6
	5	0
	6	0
	7	0
	8	0
	9	0
	10	49
	11	0
	12	0
	13	0
	14	0
	15	0
	16	0
	17	0
	18	0
Output:
Operator distribution:
Total number of qubits = 21
Number of `data' qubits = 21
Number of `Toff_n' ancillas = 0
Number of Hadamard ancillas = 0
Hadamard ancilla cap = 0
Number of {CNOT,T} partitions = 3
T count = 177
Cost estimation = 93653
	id	Count
	0	0
	1	0
	2	0
	3	26
	4	3508
	5	177
	6	0
	7	0
	8	0
	9	0
	10	0
	11	685
	12	0
	13	934
	14	0
	15	0
	16	0
	17	0
	18	0
Output T Count (SQC_Circuit) = 177
Output T Count (PhasePolynomial) = 177
Fail count = 0

Execution time: 69.9144s
Number of LCL errors: 0
Number of LCL warnings: 0
