Optimize a Clifford + T circuit.
Input filename = /home/rest/forpyzx/TOpt/forme/tpar_benchmark/gf2^8_mult.tfc
Number of unknown gates = 0
Number of unknown qubit labels = 0
Circuit filename: /home/rest/forpyzx/TOpt/forme/tpar_benchmark/gf2^8_mult.tfc

n 24
n_x 24
n_y 0
n_z 0
m 201
[0] = H 17
[1] = H 18
[2] = H 19
[3] = H 20
[4] = H 21
[5] = H 22
[6] = H 23
[7] = CCZ 8 10 17
[8] = CCZ 7 11 17
[9] = CCZ 6 12 17
[10] = CCZ 5 13 17
[11] = CCZ 4 14 17
[12] = CCZ 3 15 17
[13] = CCZ 2 16 17
[14] = CCZ 8 11 18
[15] = CCZ 7 12 18
[16] = CCZ 6 13 18
[17] = CCZ 5 14 18
[18] = CCZ 4 15 18
[19] = CCZ 3 16 18
[20] = CCZ 8 12 19
[21] = CCZ 7 13 19
[22] = CCZ 6 14 19
[23] = CCZ 5 15 19
[24] = CCZ 4 16 19
[25] = CCZ 8 13 20
[26] = CCZ 7 14 20
[27] = CCZ 6 15 20
[28] = CCZ 5 16 20
[29] = CCZ 8 14 21
[30] = CCZ 7 15 21
[31] = CCZ 6 16 21
[32] = CCZ 8 15 22
[33] = CCZ 7 16 22
[34] = CCZ 8 16 23
[35] = H 17
[36] = H 18
[37] = H 19
[38] = H 20
[39] = H 21
[40] = H 22
[41] = H 23
[42] = CNOT 19 23
[43] = CNOT 18 23
[44] = CNOT 17 23
[45] = CNOT 18 22
[46] = CNOT 17 22
[47] = CNOT 24 22
[48] = CNOT 17 21
[49] = CNOT 24 21
[50] = CNOT 23 21
[51] = CNOT 24 20
[52] = CNOT 23 20
[53] = CNOT 22 20
[54] = CNOT 23 19
[55] = CNOT 22 19
[56] = CNOT 21 19
[57] = CNOT 22 18
[58] = CNOT 21 18
[59] = CNOT 20 18
[60] = CNOT 21 17
[61] = CNOT 20 17
[62] = CNOT 19 17
[63] = H 17
[64] = H 18
[65] = H 19
[66] = H 20
[67] = H 21
[68] = H 22
[69] = H 23
[70] = H 24
[71] = CCZ 8 9 24
[72] = CCZ 7 10 24
[73] = CCZ 6 11 24
[74] = CCZ 5 12 24
[75] = CCZ 4 13 24
[76] = CCZ 3 14 24
[77] = CCZ 2 15 24
[78] = CCZ 1 16 24
[79] = CCZ 7 9 23
[80] = CCZ 6 10 23
[81] = CCZ 5 11 23
[82] = CCZ 4 12 23
[83] = CCZ 3 13 23
[84] = CCZ 2 14 23
[85] = CCZ 1 15 23
[86] = CCZ 6 9 22
[87] = CCZ 5 10 22
[88] = CCZ 4 11 22
[89] = CCZ 3 12 22
[90] = CCZ 2 13 22
[91] = CCZ 1 14 22
[92] = CCZ 5 9 21
[93] = CCZ 4 10 21
[94] = CCZ 3 11 21
[95] = CCZ 2 12 21
[96] = CCZ 1 13 21
[97] = CCZ 4 9 20
[98] = CCZ 3 10 20
[99] = CCZ 2 11 20
[100] = CCZ 1 12 20
[101] = CCZ 3 9 19
[102] = CCZ 2 10 19
[103] = CCZ 1 11 19
[104] = CCZ 2 9 18
[105] = CCZ 1 10 18
[106] = CCZ 1 9 17
[107] = H 17
[108] = H 18
[109] = H 19
[110] = H 20
[111] = H 21
[112] = H 22
[113] = H 23
[114] = H 24

Algorithm used: todd

UniversalOptimize begin.
	Gate synthesis begin.

in LempelX2
		Round = 0
Round 0 | Current Columns (m): 128
		Round = 1
Round 1 | Current Columns (m): 126
		Round = 2
Round 2 | Current Columns (m): 122
		Round = 3
Round 3 | Current Columns (m): 120
		Round = 4
Round 4 | Current Columns (m): 118
		Round = 5
Round 5 | Current Columns (m): 114
		Round = 6
Round 6 | Current Columns (m): 112
		Round = 7
Round 7 | Current Columns (m): 110
		Round = 8
Round 8 | Current Columns (m): 108
		Round = 9
Round 9 | Current Columns (m): 106
		Round = 10
Round 10 | Current Columns (m): 104
		Round = 11
Round 11 | Current Columns (m): 102
nullspace time: 37598 ms, chi time: 19896 ms
Total LempelX2 time: 57518 ms
		TODD executed in 57.5175 seconds.
		Total time: 57.5177s
	Gate synthesis end.
	Input has T-Count zero. Outputting the input.
	Gate synthesis begin.

in LempelX2
		Round = 0
Round 0 | Current Columns (m): 144
		Round = 1
Round 1 | Current Columns (m): 140
		Round = 2
Round 2 | Current Columns (m): 138
		Round = 3
Round 3 | Current Columns (m): 136
		Round = 4
Round 4 | Current Columns (m): 134
		Round = 5
Round 5 | Current Columns (m): 132
		Round = 6
Round 6 | Current Columns (m): 130
		Round = 7
Round 7 | Current Columns (m): 128
		Round = 8
Round 8 | Current Columns (m): 126
		Round = 9
Round 9 | Current Columns (m): 124
		Round = 10
Round 10 | Current Columns (m): 120
		Round = 11
Round 11 | Current Columns (m): 118
		Round = 12
Round 12 | Current Columns (m): 116
nullspace time: 96352 ms, chi time: 26470 ms
Total LempelX2 time: 122855 ms
		TODD executed in 122.853 seconds.
		Total time: 122.853s
	Gate synthesis end.
	Total time: 180.752s
UniversalOptimize end.
Output circuit:
n 24
n_x 24
n_y 0
n_z 0
m 5601
[0] = H 17
[1] = H 18
[2] = H 19
[3] = H 20
[4] = H 21
[5] = H 22
[6] = H 23
[7] = CNOT 6 16
[8] = CNOT 6 17
[9] = T 6
[10] = S 6
[11] = Z 6
[12] = CNOT 6 17
[13] = CNOT 6 16
[14] = CNOT 8 10
[15] = T 8
[16] = S 8
[17] = CNOT 8 17
[18] = T 8
[19] = CNOT 8 17
[20] = CNOT 8 10
[21] = CNOT 10 17
[22] = T 10
[23] = S 10
[24] = CNOT 10 17
[25] = CNOT 11 17
[26] = T 11
[27] = S 11
[28] = CNOT 11 17
[29] = CNOT 6 11
[30] = T 6
[31] = S 6
[32] = CNOT 6 11
[33] = CNOT 7 11
[34] = T 7
[35] = S 7
[36] = CNOT 7 17
[37] = T 7
[38] = CNOT 7 17
[39] = CNOT 7 11
[40] = CNOT 7 19
[41] = CNOT 7 20
[42] = CNOT 7 22
[43] = T 7
[44] = CNOT 7 22
[45] = CNOT 7 20
[46] = CNOT 7 19
[47] = CNOT 7 17
[48] = T 7
[49] = S 7
[50] = CNOT 7 17
[51] = CNOT 12 16
[52] = T 12
[53] = CNOT 12 17
[54] = T 12
[55] = S 12
[56] = Z 12
[57] = CNOT 12 17
[58] = CNOT 12 16
[59] = CNOT 6 12
[60] = CNOT 6 16
[61] = CNOT 6 17
[62] = T 6
[63] = CNOT 6 17
[64] = CNOT 6 16
[65] = CNOT 6 12
[66] = CNOT 5 8
[67] = CNOT 5 14
[68] = T 5
[69] = S 5
[70] = Z 5
[71] = CNOT 5 14
[72] = CNOT 5 13
[73] = T 5
[74] = S 5
[75] = Z 5
[76] = CNOT 5 8
[77] = CNOT 8 16
[78] = CNOT 8 19
[79] = CNOT 8 20
[80] = CNOT 8 22
[81] = T 8
[82] = CNOT 8 22
[83] = CNOT 8 20
[84] = CNOT 8 19
[85] = CNOT 8 16
[86] = CNOT 8 13
[87] = CNOT 8 17
[88] = T 8
[89] = S 8
[90] = Z 8
[91] = CNOT 8 17
[92] = CNOT 8 13
[93] = CNOT 5 8
[94] = CNOT 5 17
[95] = T 5
[96] = CNOT 5 13
[97] = CNOT 5 8
[98] = CNOT 7 16
[99] = CNOT 7 19
[100] = CNOT 7 21
[101] = T 7
[102] = CNOT 7 21
[103] = CNOT 3 4
[104] = CNOT 3 14
[105] = T 3
[106] = S 3
[107] = Z 3
[108] = CNOT 3 17
[109] = T 3
[110] = CNOT 3 4
[111] = T 3
[112] = S 3
[113] = Z 3
[114] = CNOT 3 14
[115] = CNOT 3 4
[116] = T 3
[117] = S 3
[118] = Z 3
[119] = CNOT 3 4
[120] = T 9
[121] = Z 9
[122] = CNOT 8 9
[123] = T 8
[124] = S 8
[125] = CNOT 8 9
[126] = CNOT 3 15
[127] = T 3
[128] = CNOT 3 17
[129] = CNOT 3 15
[130] = CNOT 15 17
[131] = T 15
[132] = S 15
[133] = CNOT 15 17
[134] = CNOT 5 8
[135] = T 5
[136] = S 5
[137] = Z 5
[138] = CNOT 5 17
[139] = CNOT 5 8
[140] = CNOT 2 16
[141] = T 2
[142] = S 2
[143] = CNOT 2 17
[144] = T 2
[145] = CNOT 2 16
[146] = CNOT 4 13
[147] = T 4
[148] = S 4
[149] = CNOT 4 13
[150] = T 2
[151] = S 2
[152] = CNOT 2 17
[153] = CNOT 7 20
[154] = CNOT 7 22
[155] = T 7
[156] = CNOT 7 22
[157] = CNOT 7 20
[158] = CNOT 7 19
[159] = CNOT 7 16
[160] = CNOT 6 21
[161] = T 6
[162] = S 6
[163] = Z 6
[164] = CNOT 6 21
[165] = CNOT 13 14
[166] = CNOT 13 16
[167] = CNOT 13 18
[168] = CNOT 13 19
[169] = CNOT 13 21
[170] = CNOT 13 23
[171] = T 13
[172] = CNOT 13 23
[173] = CNOT 13 21
[174] = CNOT 13 19
[175] = CNOT 13 18
[176] = CNOT 13 16
[177] = CNOT 13 14
[178] = CNOT 8 13
[179] = CNOT 8 16
[180] = T 8
[181] = S 8
[182] = Z 8
[183] = CNOT 8 16
[184] = CNOT 6 7
[185] = CNOT 6 12
[186] = CNOT 6 16
[187] = T 6
[188] = CNOT 6 18
[189] = T 6
[190] = CNOT 6 7
[191] = T 6
[192] = CNOT 6 12
[193] = CNOT 6 7
[194] = T 6
[195] = CNOT 6 18
[196] = CNOT 6 7
[197] = CNOT 2 15
[198] = T 2
[199] = S 2
[200] = CNOT 2 15
[201] = CNOT 8 14
[202] = CNOT 8 18
[203] = CNOT 8 19
[204] = CNOT 8 21
[205] = T 8
[206] = CNOT 8 19
[207] = CNOT 8 18
[208] = CNOT 8 13
[209] = CNOT 6 19
[210] = CNOT 6 21
[211] = T 6
[212] = CNOT 6 21
[213] = CNOT 6 19
[214] = CNOT 5 12
[215] = T 5
[216] = S 5
[217] = CNOT 5 12
[218] = CNOT 8 16
[219] = CNOT 8 20
[220] = T 8
[221] = CNOT 8 21
[222] = CNOT 8 20
[223] = CNOT 8 16
[224] = CNOT 8 18
[225] = T 8
[226] = S 8
[227] = CNOT 8 18
[228] = CNOT 8 14
[229] = CNOT 5 8
[230] = CNOT 5 14
[231] = CNOT 5 18
[232] = T 5
[233] = CNOT 5 14
[234] = CNOT 1 16
[235] = T 1
[236] = S 1
[237] = CNOT 1 16
[238] = CNOT 3 4
[239] = CNOT 3 15
[240] = T 3
[241] = S 3
[242] = Z 3
[243] = CNOT 3 18
[244] = T 3
[245] = CNOT 3 4
[246] = T 3
[247] = S 3
[248] = Z 3
[249] = CNOT 3 15
[250] = CNOT 3 4
[251] = T 3
[252] = S 3
[253] = Z 3
[254] = CNOT 3 18
[255] = CNOT 3 4
[256] = CNOT 3 16
[257] = T 3
[258] = S 3
[259] = CNOT 3 18
[260] = T 3
[261] = CNOT 3 18
[262] = CNOT 3 16
[263] = CNOT 7 10
[264] = T 7
[265] = S 7
[266] = CNOT 7 10
[267] = T 5
[268] = S 5
[269] = Z 5
[270] = CNOT 5 8
[271] = CNOT 13 14
[272] = CNOT 13 18
[273] = CNOT 13 19
[274] = CNOT 13 21
[275] = CNOT 13 23
[276] = T 13
[277] = CNOT 13 23
[278] = CNOT 13 21
[279] = CNOT 13 19
[280] = CNOT 13 18
[281] = CNOT 13 14
[282] = CNOT 8 12
[283] = T 8
[284] = S 8
[285] = CNOT 8 19
[286] = T 8
[287] = CNOT 8 19
[288] = CNOT 8 12
[289] = CNOT 12 19
[290] = T 12
[291] = S 12
[292] = CNOT 12 19
[293] = CNOT 8 21
[294] = T 8
[295] = Z 8
[296] = CNOT 8 21
[297] = CNOT 6 7
[298] = CNOT 6 13
[299] = T 6
[300] = CNOT 6 19
[301] = T 6
[302] = CNOT 6 7
[303] = T 6
[304] = CNOT 6 13
[305] = CNOT 6 7
[306] = T 6
[307] = CNOT 6 19
[308] = CNOT 6 7
[309] = CNOT 19 20
[310] = CNOT 19 22
[311] = T 19
[312] = S 19
[313] = CNOT 19 22
[314] = CNOT 19 20
[315] = CNOT 13 16
[316] = CNOT 13 18
[317] = CNOT 13 19
[318] = T 13
[319] = CNOT 13 19
[320] = CNOT 13 18
[321] = CNOT 13 16
[322] = CNOT 8 11
[323] = CNOT 8 16
[324] = CNOT 8 20
[325] = T 8
[326] = CNOT 8 20
[327] = CNOT 8 16
[328] = CNOT 8 11
[329] = CNOT 6 13
[330] = CNOT 6 14
[331] = CNOT 6 18
[332] = CNOT 6 21
[333] = T 6
[334] = CNOT 6 14
[335] = CNOT 6 13
[336] = CNOT 5 13
[337] = CNOT 5 14
[338] = CNOT 5 15
[339] = CNOT 5 16
[340] = CNOT 5 19
[341] = CNOT 5 21
[342] = T 5
[343] = CNOT 5 19
[344] = T 5
[345] = CNOT 5 15
[346] = CNOT 5 13
[347] = CNOT 13 14
[348] = CNOT 13 15
[349] = CNOT 13 16
[350] = CNOT 13 18
[351] = CNOT 13 21
[352] = T 13
[353] = CNOT 13 21
[354] = CNOT 13 18
[355] = CNOT 13 16
[356] = CNOT 13 15
[357] = CNOT 13 14
[358] = CNOT 5 13
[359] = T 5
[360] = CNOT 5 16
[361] = CNOT 5 14
[362] = CNOT 5 13
[363] = CNOT 4 16
[364] = T 4
[365] = S 4
[366] = CNOT 4 19
[367] = T 4
[368] = CNOT 4 16
[369] = CNOT 8 13
[370] = CNOT 8 14
[371] = CNOT 8 18
[372] = CNOT 8 19
[373] = CNOT 8 21
[374] = CNOT 8 23
[375] = T 8
[376] = CNOT 8 23
[377] = CNOT 8 21
[378] = CNOT 8 19
[379] = CNOT 8 14
[380] = CNOT 8 13
[381] = T 4
[382] = S 4
[383] = CNOT 4 19
[384] = CNOT 15 16
[385] = CNOT 15 19
[386] = CNOT 15 20
[387] = CNOT 15 22
[388] = T 15
[389] = CNOT 15 22
[390] = CNOT 15 20
[391] = CNOT 15 19
[392] = CNOT 15 16
[393] = CNOT 11 16
[394] = CNOT 11 18
[395] = CNOT 11 20
[396] = T 11
[397] = CNOT 11 20
[398] = CNOT 11 18
[399] = CNOT 11 16
[400] = CNOT 8 11
[401] = CNOT 8 16
[402] = CNOT 8 20
[403] = T 8
[404] = CNOT 8 18
[405] = CNOT 8 16
[406] = CNOT 8 11
[407] = T 8
[408] = S 8
[409] = Z 8
[410] = CNOT 7 14
[411] = CNOT 7 16
[412] = CNOT 7 20
[413] = CNOT 7 21
[414] = T 7
[415] = CNOT 7 20
[416] = T 7
[417] = CNOT 7 21
[418] = CNOT 7 16
[419] = CNOT 7 14
[420] = CNOT 14 16
[421] = CNOT 14 21
[422] = T 14
[423] = CNOT 14 21
[424] = CNOT 14 16
[425] = CNOT 7 20
[426] = T 7
[427] = Z 7
[428] = CNOT 6 13
[429] = CNOT 6 14
[430] = CNOT 6 15
[431] = CNOT 6 19
[432] = T 6
[433] = CNOT 6 13
[434] = CNOT 13 14
[435] = CNOT 13 15
[436] = CNOT 13 16
[437] = CNOT 13 18
[438] = CNOT 13 19
[439] = CNOT 13 20
[440] = CNOT 13 21
[441] = T 13
[442] = CNOT 13 21
[443] = CNOT 13 20
[444] = CNOT 13 19
[445] = CNOT 13 18
[446] = CNOT 13 16
[447] = CNOT 13 15
[448] = CNOT 13 14
[449] = CNOT 6 13
[450] = CNOT 6 20
[451] = T 6
[452] = CNOT 6 15
[453] = T 6
[454] = CNOT 6 21
[455] = CNOT 6 20
[456] = CNOT 6 14
[457] = CNOT 5 13
[458] = CNOT 5 14
[459] = CNOT 5 19
[460] = T 5
[461] = CNOT 5 20
[462] = T 5
[463] = CNOT 8 15
[464] = CNOT 8 16
[465] = CNOT 8 19
[466] = CNOT 8 22
[467] = T 8
[468] = CNOT 8 22
[469] = CNOT 5 16
[470] = T 5
[471] = CNOT 5 21
[472] = CNOT 5 20
[473] = CNOT 5 19
[474] = CNOT 5 18
[475] = CNOT 5 16
[476] = CNOT 5 14
[477] = CNOT 5 13
[478] = T 8
[479] = CNOT 8 20
[480] = CNOT 8 15
[481] = CNOT 8 13
[482] = CNOT 8 14
[483] = CNOT 8 18
[484] = CNOT 8 21
[485] = CNOT 8 23
[486] = T 8
[487] = CNOT 8 23
[488] = CNOT 8 16
[489] = CNOT 11 16
[490] = CNOT 11 20
[491] = T 11
[492] = Z 11
[493] = CNOT 11 20
[494] = CNOT 11 16
[495] = T 6
[496] = CNOT 6 19
[497] = CNOT 6 18
[498] = CNOT 6 16
[499] = CNOT 6 13
[500] = CNOT 8 20
[501] = T 8
[502] = CNOT 8 21
[503] = CNOT 8 20
[504] = CNOT 8 19
[505] = CNOT 8 18
[506] = CNOT 8 14
[507] = CNOT 8 13
[508] = CNOT 7 15
[509] = CNOT 7 16
[510] = CNOT 7 19
[511] = T 7
[512] = CNOT 7 21
[513] = T 7
[514] = CNOT 7 21
[515] = CNOT 7 20
[516] = CNOT 7 16
[517] = CNOT 7 15
[518] = CNOT 15 16
[519] = CNOT 15 19
[520] = CNOT 15 20
[521] = CNOT 15 21
[522] = T 15
[523] = CNOT 15 21
[524] = CNOT 15 20
[525] = CNOT 15 19
[526] = CNOT 15 16
[527] = T 7
[528] = S 7
[529] = CNOT 7 19
[530] = Z 1
[531] = Z 2
[532] = S 3
[533] = Z 3
[534] = S 4
[535] = Z 4
[536] = S 6
[537] = Z 6
[538] = S 8
[539] = Z 8
[540] = S 10
[541] = Z 10
[542] = S 11
[543] = S 12
[544] = S 13
[545] = Z 14
[546] = S 16
[547] = Z 16
[548] = S 18
[549] = Z 18
[550] = S 19
[551] = Z 19
[552] = Z 21
[553] = S 22
[554] = Z 22
[555] = CNOT 3 4
[556] = S 3
[557] = Z 3
[558] = CNOT 3 4
[559] = CNOT 4 14
[560] = Z 4
[561] = CNOT 4 14
[562] = CNOT 4 15
[563] = Z 4
[564] = CNOT 4 15
[565] = CNOT 4 17
[566] = Z 4
[567] = CNOT 4 17
[568] = CNOT 4 18
[569] = Z 4
[570] = CNOT 4 18
[571] = CNOT 5 8
[572] = S 5
[573] = Z 5
[574] = CNOT 5 8
[575] = CNOT 5 15
[576] = Z 5
[577] = CNOT 5 15
[578] = CNOT 5 17
[579] = Z 5
[580] = CNOT 5 17
[581] = CNOT 5 20
[582] = Z 5
[583] = CNOT 5 20
[584] = CNOT 5 21
[585] = Z 5
[586] = CNOT 5 21
[587] = CNOT 6 7
[588] = Z 6
[589] = CNOT 6 7
[590] = CNOT 6 12
[591] = Z 6
[592] = CNOT 6 12
[593] = CNOT 6 14
[594] = S 6
[595] = CNOT 6 14
[596] = CNOT 6 15
[597] = S 6
[598] = Z 6
[599] = CNOT 6 15
[600] = CNOT 6 17
[601] = Z 6
[602] = CNOT 6 17
[603] = CNOT 6 19
[604] = S 6
[605] = Z 6
[606] = CNOT 6 19
[607] = CNOT 6 20
[608] = S 6
[609] = Z 6
[610] = CNOT 6 20
[611] = CNOT 7 12
[612] = S 7
[613] = Z 7
[614] = CNOT 7 12
[615] = CNOT 7 13
[616] = S 7
[617] = Z 7
[618] = CNOT 7 13
[619] = CNOT 7 14
[620] = S 7
[621] = Z 7
[622] = CNOT 7 14
[623] = CNOT 7 16
[624] = S 7
[625] = CNOT 7 16
[626] = CNOT 7 18
[627] = S 7
[628] = Z 7
[629] = CNOT 7 18
[630] = CNOT 7 21
[631] = S 7
[632] = Z 7
[633] = CNOT 7 21
[634] = CNOT 7 22
[635] = S 7
[636] = Z 7
[637] = CNOT 7 22
[638] = CNOT 8 11
[639] = S 8
[640] = Z 8
[641] = CNOT 8 11
[642] = CNOT 8 14
[643] = S 8
[644] = CNOT 8 14
[645] = CNOT 8 18
[646] = S 8
[647] = CNOT 8 18
[648] = CNOT 8 19
[649] = S 8
[650] = Z 8
[651] = CNOT 8 19
[652] = CNOT 8 23
[653] = Z 8
[654] = CNOT 8 23
[655] = CNOT 11 16
[656] = Z 11
[657] = CNOT 11 16
[658] = CNOT 11 18
[659] = S 11
[660] = Z 11
[661] = CNOT 11 18
[662] = CNOT 11 20
[663] = Z 11
[664] = CNOT 11 20
[665] = CNOT 12 17
[666] = Z 12
[667] = CNOT 12 17
[668] = CNOT 12 18
[669] = S 12
[670] = Z 12
[671] = CNOT 12 18
[672] = CNOT 13 14
[673] = S 13
[674] = Z 13
[675] = CNOT 13 14
[676] = CNOT 13 17
[677] = Z 13
[678] = CNOT 13 17
[679] = CNOT 13 18
[680] = Z 13
[681] = CNOT 13 18
[682] = CNOT 13 19
[683] = S 13
[684] = Z 13
[685] = CNOT 13 19
[686] = CNOT 13 21
[687] = S 13
[688] = Z 13
[689] = CNOT 13 21
[690] = CNOT 14 16
[691] = S 14
[692] = CNOT 14 16
[693] = CNOT 14 17
[694] = Z 14
[695] = CNOT 14 17
[696] = CNOT 14 18
[697] = S 14
[698] = CNOT 14 18
[699] = CNOT 14 21
[700] = S 14
[701] = CNOT 14 21
[702] = CNOT 15 16
[703] = S 15
[704] = CNOT 15 16
[705] = CNOT 15 18
[706] = Z 15
[707] = CNOT 15 18
[708] = CNOT 15 19
[709] = S 15
[710] = Z 15
[711] = CNOT 15 19
[712] = CNOT 16 18
[713] = S 16
[714] = Z 16
[715] = CNOT 16 18
[716] = CNOT 16 19
[717] = S 16
[718] = CNOT 16 19
[719] = CNOT 16 20
[720] = S 16
[721] = CNOT 16 20
[722] = CNOT 16 23
[723] = Z 16
[724] = CNOT 16 23
[725] = CNOT 18 21
[726] = S 18
[727] = Z 18
[728] = CNOT 18 21
[729] = CNOT 19 22
[730] = S 19
[731] = Z 19
[732] = CNOT 19 22
[733] = CNOT 20 21
[734] = S 20
[735] = CNOT 20 21
[736] = CNOT 20 22
[737] = S 20
[738] = Z 20
[739] = CNOT 20 22
[740] = CNOT 5 13
[741] = CNOT 5 14
[742] = S 5
[743] = CNOT 5 14
[744] = CNOT 5 15
[745] = S 5
[746] = Z 5
[747] = CNOT 5 15
[748] = CNOT 5 16
[749] = Z 5
[750] = CNOT 5 16
[751] = CNOT 5 18
[752] = S 5
[753] = CNOT 5 18
[754] = CNOT 5 19
[755] = Z 5
[756] = CNOT 5 19
[757] = CNOT 5 20
[758] = S 5
[759] = Z 5
[760] = CNOT 5 20
[761] = CNOT 5 21
[762] = S 5
[763] = CNOT 5 21
[764] = CNOT 5 13
[765] = CNOT 5 14
[766] = CNOT 5 15
[767] = S 5
[768] = Z 5
[769] = CNOT 5 15
[770] = CNOT 5 16
[771] = Z 5
[772] = CNOT 5 16
[773] = CNOT 5 18
[774] = S 5
[775] = CNOT 5 18
[776] = CNOT 5 19
[777] = Z 5
[778] = CNOT 5 19
[779] = CNOT 5 20
[780] = S 5
[781] = Z 5
[782] = CNOT 5 20
[783] = CNOT 5 21
[784] = S 5
[785] = CNOT 5 21
[786] = CNOT 5 14
[787] = CNOT 5 15
[788] = CNOT 5 16
[789] = S 5
[790] = Z 5
[791] = CNOT 5 16
[792] = CNOT 5 18
[793] = S 5
[794] = Z 5
[795] = CNOT 5 18
[796] = CNOT 5 21
[797] = S 5
[798] = Z 5
[799] = CNOT 5 21
[800] = CNOT 5 15
[801] = CNOT 5 16
[802] = CNOT 5 18
[803] = Z 5
[804] = CNOT 5 18
[805] = CNOT 5 19
[806] = S 5
[807] = Z 5
[808] = CNOT 5 19
[809] = CNOT 5 21
[810] = Z 5
[811] = CNOT 5 21
[812] = CNOT 5 16
[813] = CNOT 5 18
[814] = CNOT 5 19
[815] = Z 5
[816] = CNOT 5 19
[817] = CNOT 5 20
[818] = S 5
[819] = Z 5
[820] = CNOT 5 20
[821] = CNOT 5 21
[822] = S 5
[823] = CNOT 5 21
[824] = CNOT 5 18
[825] = CNOT 5 19
[826] = CNOT 5 20
[827] = S 5
[828] = Z 5
[829] = CNOT 5 20
[830] = CNOT 5 21
[831] = Z 5
[832] = CNOT 5 19
[833] = CNOT 5 20
[834] = S 5
[835] = Z 5
[836] = CNOT 5 21
[837] = CNOT 5 20
[838] = CNOT 6 7
[839] = CNOT 6 12
[840] = S 6
[841] = Z 6
[842] = CNOT 6 12
[843] = CNOT 6 13
[844] = S 6
[845] = Z 6
[846] = CNOT 6 13
[847] = CNOT 6 16
[848] = S 6
[849] = CNOT 6 16
[850] = CNOT 6 18
[851] = S 6
[852] = Z 6
[853] = CNOT 6 18
[854] = CNOT 6 19
[855] = S 6
[856] = Z 6
[857] = CNOT 6 19
[858] = CNOT 6 7
[859] = CNOT 6 12
[860] = CNOT 6 16
[861] = Z 6
[862] = CNOT 6 16
[863] = CNOT 6 18
[864] = S 6
[865] = Z 6
[866] = CNOT 6 18
[867] = CNOT 6 12
[868] = CNOT 6 13
[869] = CNOT 6 14
[870] = Z 6
[871] = CNOT 6 14
[872] = CNOT 6 15
[873] = S 6
[874] = Z 6
[875] = CNOT 6 15
[876] = CNOT 6 18
[877] = Z 6
[878] = CNOT 6 18
[879] = CNOT 6 19
[880] = S 6
[881] = CNOT 6 19
[882] = CNOT 6 20
[883] = S 6
[884] = Z 6
[885] = CNOT 6 20
[886] = CNOT 6 21
[887] = Z 6
[888] = CNOT 6 21
[889] = CNOT 6 13
[890] = CNOT 6 14
[891] = CNOT 6 15
[892] = S 6
[893] = Z 6
[894] = CNOT 6 15
[895] = CNOT 6 16
[896] = Z 6
[897] = CNOT 6 16
[898] = CNOT 6 18
[899] = Z 6
[900] = CNOT 6 18
[901] = CNOT 6 19
[902] = S 6
[903] = Z 6
[904] = CNOT 6 19
[905] = CNOT 6 20
[906] = S 6
[907] = Z 6
[908] = CNOT 6 20
[909] = CNOT 6 21
[910] = Z 6
[911] = CNOT 6 21
[912] = CNOT 6 14
[913] = CNOT 6 15
[914] = CNOT 6 16
[915] = S 6
[916] = Z 6
[917] = CNOT 6 16
[918] = CNOT 6 18
[919] = S 6
[920] = Z 6
[921] = CNOT 6 18
[922] = CNOT 6 19
[923] = S 6
[924] = Z 6
[925] = CNOT 6 19
[926] = CNOT 6 21
[927] = S 6
[928] = Z 6
[929] = CNOT 6 21
[930] = CNOT 6 15
[931] = CNOT 6 16
[932] = CNOT 6 20
[933] = S 6
[934] = Z 6
[935] = CNOT 6 20
[936] = CNOT 6 21
[937] = Z 6
[938] = CNOT 6 21
[939] = CNOT 6 16
[940] = CNOT 6 18
[941] = CNOT 6 19
[942] = Z 6
[943] = CNOT 6 19
[944] = CNOT 6 20
[945] = S 6
[946] = Z 6
[947] = CNOT 6 20
[948] = CNOT 6 21
[949] = Z 6
[950] = CNOT 6 21
[951] = CNOT 6 18
[952] = CNOT 6 19
[953] = CNOT 6 20
[954] = S 6
[955] = Z 6
[956] = CNOT 6 20
[957] = CNOT 6 21
[958] = Z 6
[959] = CNOT 6 19
[960] = CNOT 6 20
[961] = S 6
[962] = Z 6
[963] = CNOT 6 21
[964] = CNOT 6 20
[965] = CNOT 7 12
[966] = CNOT 7 16
[967] = S 7
[968] = Z 7
[969] = CNOT 7 12
[970] = CNOT 7 13
[971] = S 7
[972] = Z 7
[973] = CNOT 7 13
[974] = CNOT 7 14
[975] = S 7
[976] = Z 7
[977] = CNOT 7 16
[978] = CNOT 7 21
[979] = S 7
[980] = Z 7
[981] = CNOT 7 21
[982] = CNOT 7 14
[983] = CNOT 7 15
[984] = CNOT 7 16
[985] = S 7
[986] = Z 7
[987] = CNOT 7 16
[988] = CNOT 7 19
[989] = S 7
[990] = Z 7
[991] = CNOT 7 19
[992] = CNOT 7 20
[993] = S 7
[994] = Z 7
[995] = CNOT 7 20
[996] = CNOT 7 15
[997] = CNOT 7 16
[998] = CNOT 7 18
[999] = S 7
[1000] = Z 7
[1001] = CNOT 7 18
[1002] = CNOT 7 19
[1003] = S 7
[1004] = CNOT 7 19
[1005] = CNOT 7 20
[1006] = Z 7
[1007] = CNOT 7 20
[1008] = CNOT 7 21
[1009] = Z 7
[1010] = CNOT 7 21
[1011] = CNOT 7 16
[1012] = CNOT 7 19
[1013] = CNOT 7 20
[1014] = Z 7
[1015] = CNOT 7 20
[1016] = CNOT 7 21
[1017] = S 7
[1018] = Z 7
[1019] = CNOT 7 21
[1020] = CNOT 7 22
[1021] = S 7
[1022] = Z 7
[1023] = CNOT 7 22
[1024] = CNOT 7 19
[1025] = CNOT 7 20
[1026] = CNOT 7 21
[1027] = S 7
[1028] = Z 7
[1029] = CNOT 7 21
[1030] = CNOT 7 22
[1031] = S 7
[1032] = Z 7
[1033] = CNOT 7 22
[1034] = CNOT 7 20
[1035] = CNOT 8 11
[1036] = CNOT 8 16
[1037] = S 8
[1038] = Z 8
[1039] = CNOT 8 16
[1040] = CNOT 8 20
[1041] = S 8
[1042] = Z 8
[1043] = CNOT 8 20
[1044] = CNOT 8 11
[1045] = CNOT 8 13
[1046] = CNOT 8 14
[1047] = Z 8
[1048] = CNOT 8 14
[1049] = CNOT 8 18
[1050] = Z 8
[1051] = CNOT 8 18
[1052] = CNOT 8 19
[1053] = Z 8
[1054] = CNOT 8 19
[1055] = CNOT 8 21
[1056] = Z 8
[1057] = CNOT 8 21
[1058] = CNOT 8 23
[1059] = S 8
[1060] = Z 8
[1061] = CNOT 8 23
[1062] = CNOT 8 13
[1063] = CNOT 8 14
[1064] = CNOT 8 16
[1065] = S 8
[1066] = Z 8
[1067] = CNOT 8 16
[1068] = CNOT 8 19
[1069] = Z 8
[1070] = CNOT 8 19
[1071] = CNOT 8 20
[1072] = S 8
[1073] = Z 8
[1074] = CNOT 8 20
[1075] = CNOT 8 21
[1076] = Z 8
[1077] = CNOT 8 21
[1078] = CNOT 8 23
[1079] = S 8
[1080] = Z 8
[1081] = CNOT 8 23
[1082] = CNOT 8 14
[1083] = CNOT 8 15
[1084] = CNOT 8 16
[1085] = S 8
[1086] = Z 8
[1087] = CNOT 8 16
[1088] = CNOT 8 19
[1089] = S 8
[1090] = Z 8
[1091] = CNOT 8 19
[1092] = CNOT 8 20
[1093] = S 8
[1094] = Z 8
[1095] = CNOT 8 20
[1096] = CNOT 8 15
[1097] = CNOT 8 16
[1098] = CNOT 8 18
[1099] = S 8
[1100] = Z 8
[1101] = CNOT 8 18
[1102] = CNOT 8 19
[1103] = Z 8
[1104] = CNOT 8 19
[1105] = CNOT 8 20
[1106] = S 8
[1107] = CNOT 8 20
[1108] = CNOT 8 21
[1109] = S 8
[1110] = Z 8
[1111] = CNOT 8 21
[1112] = CNOT 8 22
[1113] = S 8
[1114] = Z 8
[1115] = CNOT 8 22
[1116] = CNOT 8 16
[1117] = CNOT 8 18
[1118] = CNOT 8 19
[1119] = Z 8
[1120] = CNOT 8 19
[1121] = CNOT 8 20
[1122] = S 8
[1123] = Z 8
[1124] = CNOT 8 20
[1125] = CNOT 8 21
[1126] = Z 8
[1127] = CNOT 8 21
[1128] = CNOT 8 23
[1129] = S 8
[1130] = Z 8
[1131] = CNOT 8 23
[1132] = CNOT 8 18
[1133] = CNOT 8 19
[1134] = CNOT 8 20
[1135] = Z 8
[1136] = CNOT 8 20
[1137] = CNOT 8 21
[1138] = Z 8
[1139] = CNOT 8 21
[1140] = CNOT 8 22
[1141] = S 8
[1142] = Z 8
[1143] = CNOT 8 22
[1144] = CNOT 8 23
[1145] = S 8
[1146] = Z 8
[1147] = CNOT 8 23
[1148] = CNOT 8 19
[1149] = CNOT 8 20
[1150] = CNOT 8 21
[1151] = S 8
[1152] = Z 8
[1153] = CNOT 8 21
[1154] = CNOT 8 22
[1155] = S 8
[1156] = Z 8
[1157] = CNOT 8 22
[1158] = CNOT 8 20
[1159] = CNOT 8 21
[1160] = CNOT 8 23
[1161] = S 8
[1162] = Z 8
[1163] = CNOT 8 23
[1164] = CNOT 8 21
[1165] = CNOT 11 16
[1166] = CNOT 11 18
[1167] = S 11
[1168] = Z 11
[1169] = CNOT 11 16
[1170] = CNOT 11 20
[1171] = S 11
[1172] = Z 11
[1173] = CNOT 11 20
[1174] = CNOT 11 18
[1175] = CNOT 12 16
[1176] = CNOT 12 18
[1177] = S 12
[1178] = Z 12
[1179] = CNOT 12 18
[1180] = CNOT 12 16
[1181] = CNOT 13 14
[1182] = CNOT 13 15
[1183] = S 13
[1184] = CNOT 13 15
[1185] = CNOT 13 16
[1186] = Z 13
[1187] = CNOT 13 16
[1188] = CNOT 13 18
[1189] = S 13
[1190] = Z 13
[1191] = CNOT 13 18
[1192] = CNOT 13 19
[1193] = S 13
[1194] = CNOT 13 19
[1195] = CNOT 13 20
[1196] = S 13
[1197] = CNOT 13 20
[1198] = CNOT 13 21
[1199] = S 13
[1200] = Z 13
[1201] = CNOT 13 21
[1202] = CNOT 13 23
[1203] = Z 13
[1204] = CNOT 13 23
[1205] = CNOT 13 14
[1206] = CNOT 13 15
[1207] = CNOT 13 16
[1208] = S 13
[1209] = CNOT 13 16
[1210] = CNOT 13 18
[1211] = S 13
[1212] = CNOT 13 18
[1213] = CNOT 13 19
[1214] = Z 13
[1215] = CNOT 13 19
[1216] = CNOT 13 20
[1217] = S 13
[1218] = Z 13
[1219] = CNOT 13 20
[1220] = CNOT 13 21
[1221] = S 13
[1222] = CNOT 13 21
[1223] = CNOT 13 15
[1224] = CNOT 13 16
[1225] = CNOT 13 18
[1226] = S 13
[1227] = CNOT 13 18
[1228] = CNOT 13 19
[1229] = Z 13
[1230] = CNOT 13 19
[1231] = CNOT 13 20
[1232] = Z 13
[1233] = CNOT 13 20
[1234] = CNOT 13 21
[1235] = Z 13
[1236] = CNOT 13 21
[1237] = CNOT 13 23
[1238] = S 13
[1239] = Z 13
[1240] = CNOT 13 23
[1241] = CNOT 13 16
[1242] = CNOT 13 18
[1243] = CNOT 13 20
[1244] = S 13
[1245] = CNOT 13 20
[1246] = CNOT 13 21
[1247] = S 13
[1248] = Z 13
[1249] = CNOT 13 21
[1250] = CNOT 13 23
[1251] = Z 13
[1252] = CNOT 13 23
[1253] = CNOT 13 18
[1254] = CNOT 13 19
[1255] = CNOT 13 20
[1256] = S 13
[1257] = CNOT 13 20
[1258] = CNOT 13 21
[1259] = S 13
[1260] = CNOT 13 21
[1261] = CNOT 13 23
[1262] = Z 13
[1263] = CNOT 13 23
[1264] = CNOT 13 19
[1265] = CNOT 13 20
[1266] = CNOT 13 21
[1267] = S 13
[1268] = CNOT 13 20
[1269] = CNOT 13 23
[1270] = Z 13
[1271] = CNOT 13 23
[1272] = CNOT 13 21
[1273] = CNOT 14 15
[1274] = CNOT 14 16
[1275] = S 14
[1276] = CNOT 14 16
[1277] = CNOT 14 18
[1278] = S 14
[1279] = CNOT 14 18
[1280] = CNOT 14 19
[1281] = Z 14
[1282] = CNOT 14 19
[1283] = CNOT 14 20
[1284] = S 14
[1285] = Z 14
[1286] = CNOT 14 20
[1287] = CNOT 14 21
[1288] = S 14
[1289] = CNOT 14 21
[1290] = CNOT 14 15
[1291] = CNOT 14 16
[1292] = CNOT 14 18
[1293] = Z 14
[1294] = CNOT 14 18
[1295] = CNOT 14 20
[1296] = S 14
[1297] = CNOT 14 20
[1298] = CNOT 14 23
[1299] = S 14
[1300] = Z 14
[1301] = CNOT 14 23
[1302] = CNOT 14 16
[1303] = CNOT 14 18
[1304] = CNOT 14 19
[1305] = S 14
[1306] = CNOT 14 19
[1307] = CNOT 14 20
[1308] = S 14
[1309] = CNOT 14 20
[1310] = CNOT 14 21
[1311] = S 14
[1312] = Z 14
[1313] = CNOT 14 21
[1314] = CNOT 14 23
[1315] = Z 14
[1316] = CNOT 14 23
[1317] = CNOT 14 18
[1318] = CNOT 14 19
[1319] = CNOT 14 20
[1320] = S 14
[1321] = CNOT 14 20
[1322] = CNOT 14 21
[1323] = S 14
[1324] = CNOT 14 21
[1325] = CNOT 14 23
[1326] = Z 14
[1327] = CNOT 14 19
[1328] = CNOT 14 21
[1329] = Z 14
[1330] = CNOT 14 23
[1331] = CNOT 14 21
[1332] = CNOT 15 16
[1333] = CNOT 15 18
[1334] = S 15
[1335] = CNOT 15 18
[1336] = CNOT 15 19
[1337] = S 15
[1338] = Z 15
[1339] = CNOT 15 19
[1340] = CNOT 15 22
[1341] = S 15
[1342] = Z 15
[1343] = CNOT 15 22
[1344] = CNOT 15 16
[1345] = CNOT 15 18
[1346] = CNOT 15 19
[1347] = Z 15
[1348] = CNOT 15 19
[1349] = CNOT 15 20
[1350] = S 15
[1351] = Z 15
[1352] = CNOT 15 20
[1353] = CNOT 15 21
[1354] = S 15
[1355] = CNOT 15 18
[1356] = CNOT 15 19
[1357] = S 15
[1358] = CNOT 15 21
[1359] = CNOT 15 22
[1360] = S 15
[1361] = Z 15
[1362] = CNOT 15 22
[1363] = CNOT 15 19
[1364] = CNOT 15 20
[1365] = CNOT 15 21
[1366] = Z 15
[1367] = CNOT 15 21
[1368] = CNOT 15 22
[1369] = S 15
[1370] = Z 15
[1371] = CNOT 15 22
[1372] = CNOT 15 20
[1373] = CNOT 16 18
[1374] = CNOT 16 19
[1375] = S 16
[1376] = Z 16
[1377] = CNOT 16 19
[1378] = CNOT 16 20
[1379] = S 16
[1380] = CNOT 16 20
[1381] = CNOT 16 21
[1382] = Z 16
[1383] = CNOT 16 21
[1384] = CNOT 16 23
[1385] = S 16
[1386] = Z 16
[1387] = CNOT 16 23
[1388] = CNOT 16 18
[1389] = CNOT 16 19
[1390] = CNOT 16 20
[1391] = Z 16
[1392] = CNOT 16 20
[1393] = CNOT 16 21
[1394] = Z 16
[1395] = CNOT 16 21
[1396] = CNOT 16 22
[1397] = Z 16
[1398] = CNOT 16 22
[1399] = CNOT 16 23
[1400] = S 16
[1401] = Z 16
[1402] = CNOT 16 23
[1403] = CNOT 16 19
[1404] = CNOT 16 20
[1405] = CNOT 16 22
[1406] = Z 16
[1407] = CNOT 16 22
[1408] = CNOT 16 20
[1409] = CNOT 16 21
[1410] = CNOT 16 23
[1411] = S 16
[1412] = Z 16
[1413] = CNOT 16 23
[1414] = CNOT 16 21
[1415] = CNOT 18 19
[1416] = CNOT 18 20
[1417] = S 18
[1418] = CNOT 18 20
[1419] = CNOT 18 21
[1420] = S 18
[1421] = CNOT 18 21
[1422] = CNOT 18 23
[1423] = Z 18
[1424] = CNOT 18 23
[1425] = CNOT 18 19
[1426] = CNOT 18 20
[1427] = CNOT 18 21
[1428] = S 18
[1429] = CNOT 18 20
[1430] = CNOT 18 23
[1431] = Z 18
[1432] = CNOT 18 23
[1433] = CNOT 18 21
[1434] = CNOT 19 21
[1435] = CNOT 19 23
[1436] = Z 19
[1437] = CNOT 19 23
[1438] = CNOT 19 21
[1439] = CNOT 9 8
[1440] = CNOT 10 7
[1441] = CNOT 11 6
[1442] = CNOT 12 5
[1443] = CNOT 13 4
[1444] = CNOT 14 3
[1445] = CNOT 15 2
[1446] = CNOT 16 1
[1447] = H 17
[1448] = H 18
[1449] = H 19
[1450] = H 20
[1451] = H 21
[1452] = H 22
[1453] = H 23
[1454] = CNOT 19 23
[1455] = CNOT 18 23
[1456] = CNOT 17 23
[1457] = CNOT 24 22
[1458] = CNOT 18 22
[1459] = CNOT 17 22
[1460] = CNOT 24 21
[1461] = CNOT 23 21
[1462] = CNOT 17 21
[1463] = CNOT 24 20
[1464] = CNOT 23 20
[1465] = CNOT 22 20
[1466] = CNOT 23 19
[1467] = CNOT 22 19
[1468] = CNOT 21 19
[1469] = CNOT 22 18
[1470] = CNOT 21 18
[1471] = CNOT 20 18
[1472] = CNOT 21 17
[1473] = CNOT 20 17
[1474] = CNOT 19 17
[1475] = H 17
[1476] = H 18
[1477] = H 19
[1478] = H 20
[1479] = H 21
[1480] = H 22
[1481] = H 23
[1482] = H 24
[1483] = CNOT 9 24
[1484] = T 9
[1485] = S 9
[1486] = CNOT 9 24
[1487] = CNOT 8 9
[1488] = CNOT 8 22
[1489] = T 8
[1490] = CNOT 8 22
[1491] = CNOT 8 9
[1492] = CNOT 8 24
[1493] = T 8
[1494] = Z 8
[1495] = CNOT 8 24
[1496] = CNOT 10 24
[1497] = T 10
[1498] = S 10
[1499] = Z 10
[1500] = CNOT 10 24
[1501] = CNOT 7 10
[1502] = CNOT 7 24
[1503] = T 7
[1504] = CNOT 7 10
[1505] = T 7
[1506] = CNOT 7 24
[1507] = CNOT 11 24
[1508] = T 11
[1509] = S 11
[1510] = Z 11
[1511] = CNOT 11 24
[1512] = CNOT 6 11
[1513] = CNOT 6 24
[1514] = T 6
[1515] = S 6
[1516] = CNOT 6 11
[1517] = T 6
[1518] = S 6
[1519] = CNOT 6 24
[1520] = CNOT 12 24
[1521] = T 12
[1522] = S 12
[1523] = CNOT 12 24
[1524] = CNOT 3 6
[1525] = CNOT 3 8
[1526] = CNOT 3 9
[1527] = CNOT 3 11
[1528] = T 3
[1529] = CNOT 3 11
[1530] = CNOT 3 9
[1531] = CNOT 3 8
[1532] = CNOT 3 6
[1533] = CNOT 5 22
[1534] = T 5
[1535] = S 5
[1536] = CNOT 5 22
[1537] = CNOT 13 24
[1538] = T 13
[1539] = Z 13
[1540] = CNOT 13 24
[1541] = CNOT 2 3
[1542] = CNOT 2 6
[1543] = CNOT 2 11
[1544] = CNOT 2 21
[1545] = CNOT 2 22
[1546] = T 2
[1547] = CNOT 2 22
[1548] = CNOT 2 21
[1549] = CNOT 2 11
[1550] = CNOT 2 6
[1551] = CNOT 2 3
[1552] = CNOT 4 24
[1553] = T 4
[1554] = S 4
[1555] = Z 4
[1556] = CNOT 4 24
[1557] = CNOT 14 24
[1558] = T 14
[1559] = Z 14
[1560] = CNOT 14 24
[1561] = CNOT 1 20
[1562] = T 1
[1563] = CNOT 1 20
[1564] = CNOT 3 24
[1565] = T 3
[1566] = Z 3
[1567] = CNOT 3 24
[1568] = CNOT 15 24
[1569] = T 15
[1570] = S 15
[1571] = CNOT 15 24
[1572] = CNOT 2 15
[1573] = CNOT 2 24
[1574] = T 2
[1575] = S 2
[1576] = Z 2
[1577] = CNOT 2 24
[1578] = CNOT 2 15
[1579] = CNOT 2 22
[1580] = T 2
[1581] = Z 2
[1582] = CNOT 16 24
[1583] = T 16
[1584] = Z 16
[1585] = CNOT 16 24
[1586] = CNOT 1 16
[1587] = CNOT 1 24
[1588] = T 1
[1589] = S 1
[1590] = Z 1
[1591] = CNOT 1 16
[1592] = CNOT 5 12
[1593] = CNOT 5 24
[1594] = T 5
[1595] = S 5
[1596] = CNOT 5 24
[1597] = CNOT 5 12
[1598] = CNOT 1 3
[1599] = CNOT 1 5
[1600] = CNOT 1 6
[1601] = CNOT 1 14
[1602] = CNOT 1 15
[1603] = CNOT 1 23
[1604] = T 1
[1605] = CNOT 1 23
[1606] = CNOT 1 8
[1607] = CNOT 1 9
[1608] = T 1
[1609] = CNOT 1 24
[1610] = CNOT 1 15
[1611] = CNOT 1 14
[1612] = CNOT 1 5
[1613] = CNOT 1 3
[1614] = CNOT 7 8
[1615] = CNOT 7 9
[1616] = T 7
[1617] = Z 7
[1618] = CNOT 7 23
[1619] = T 7
[1620] = CNOT 7 9
[1621] = CNOT 7 8
[1622] = CNOT 2 3
[1623] = CNOT 2 6
[1624] = CNOT 2 8
[1625] = CNOT 2 9
[1626] = CNOT 2 14
[1627] = T 2
[1628] = CNOT 2 22
[1629] = CNOT 2 9
[1630] = CNOT 2 8
[1631] = CNOT 2 6
[1632] = T 7
[1633] = CNOT 7 23
[1634] = CNOT 2 7
[1635] = CNOT 2 10
[1636] = CNOT 2 23
[1637] = CNOT 2 24
[1638] = T 2
[1639] = CNOT 2 23
[1640] = T 2
[1641] = CNOT 2 6
[1642] = T 2
[1643] = CNOT 2 24
[1644] = CNOT 2 10
[1645] = CNOT 2 7
[1646] = CNOT 2 6
[1647] = CNOT 1 7
[1648] = CNOT 1 10
[1649] = CNOT 1 11
[1650] = CNOT 1 18
[1651] = CNOT 1 20
[1652] = T 1
[1653] = CNOT 1 20
[1654] = CNOT 1 18
[1655] = CNOT 1 10
[1656] = CNOT 1 9
[1657] = CNOT 1 8
[1658] = CNOT 1 7
[1659] = CNOT 1 3
[1660] = CNOT 1 4
[1661] = CNOT 1 13
[1662] = CNOT 1 21
[1663] = CNOT 1 24
[1664] = T 1
[1665] = CNOT 1 21
[1666] = CNOT 1 11
[1667] = CNOT 1 6
[1668] = CNOT 1 3
[1669] = CNOT 5 6
[1670] = CNOT 5 11
[1671] = T 5
[1672] = Z 5
[1673] = CNOT 5 23
[1674] = T 5
[1675] = CNOT 5 23
[1676] = CNOT 5 11
[1677] = CNOT 5 6
[1678] = CNOT 6 11
[1679] = CNOT 6 23
[1680] = T 6
[1681] = CNOT 6 23
[1682] = CNOT 6 11
[1683] = CNOT 2 5
[1684] = CNOT 2 6
[1685] = CNOT 2 22
[1686] = T 2
[1687] = CNOT 2 14
[1688] = CNOT 2 5
[1689] = CNOT 2 3
[1690] = CNOT 2 4
[1691] = CNOT 2 11
[1692] = T 2
[1693] = CNOT 2 23
[1694] = T 2
[1695] = CNOT 2 4
[1696] = T 2
[1697] = CNOT 2 4
[1698] = CNOT 2 5
[1699] = CNOT 2 12
[1700] = T 2
[1701] = CNOT 2 23
[1702] = CNOT 2 13
[1703] = T 2
[1704] = CNOT 2 3
[1705] = T 2
[1706] = CNOT 2 23
[1707] = T 2
[1708] = CNOT 2 3
[1709] = T 2
[1710] = CNOT 2 13
[1711] = CNOT 2 4
[1712] = CNOT 2 3
[1713] = T 2
[1714] = CNOT 2 12
[1715] = CNOT 2 11
[1716] = CNOT 2 6
[1717] = CNOT 2 5
[1718] = CNOT 2 3
[1719] = CNOT 1 8
[1720] = CNOT 1 9
[1721] = CNOT 1 23
[1722] = T 1
[1723] = CNOT 1 13
[1724] = CNOT 1 4
[1725] = CNOT 6 7
[1726] = CNOT 6 8
[1727] = CNOT 6 9
[1728] = CNOT 6 10
[1729] = CNOT 6 11
[1730] = CNOT 6 20
[1731] = T 6
[1732] = CNOT 6 20
[1733] = CNOT 6 11
[1734] = CNOT 6 10
[1735] = CNOT 6 9
[1736] = CNOT 6 8
[1737] = CNOT 6 7
[1738] = CNOT 3 14
[1739] = CNOT 3 22
[1740] = CNOT 3 23
[1741] = CNOT 3 24
[1742] = T 3
[1743] = CNOT 3 24
[1744] = CNOT 3 23
[1745] = CNOT 3 22
[1746] = CNOT 3 14
[1747] = CNOT 2 24
[1748] = T 2
[1749] = CNOT 2 24
[1750] = CNOT 2 23
[1751] = CNOT 2 22
[1752] = CNOT 1 2
[1753] = CNOT 1 3
[1754] = CNOT 1 5
[1755] = CNOT 1 6
[1756] = CNOT 1 14
[1757] = T 1
[1758] = CNOT 1 6
[1759] = CNOT 1 3
[1760] = CNOT 1 2
[1761] = CNOT 1 11
[1762] = CNOT 1 15
[1763] = CNOT 1 17
[1764] = CNOT 1 18
[1765] = T 1
[1766] = CNOT 1 23
[1767] = CNOT 1 18
[1768] = CNOT 1 17
[1769] = CNOT 1 15
[1770] = CNOT 1 11
[1771] = CNOT 1 5
[1772] = CNOT 5 8
[1773] = CNOT 5 9
[1774] = CNOT 5 22
[1775] = CNOT 5 23
[1776] = CNOT 5 24
[1777] = T 5
[1778] = CNOT 5 24
[1779] = CNOT 5 23
[1780] = CNOT 5 22
[1781] = CNOT 5 9
[1782] = CNOT 5 8
[1783] = CNOT 1 2
[1784] = CNOT 1 3
[1785] = CNOT 1 5
[1786] = CNOT 1 6
[1787] = T 1
[1788] = CNOT 1 24
[1789] = CNOT 1 14
[1790] = CNOT 1 9
[1791] = CNOT 1 8
[1792] = CNOT 1 5
[1793] = CNOT 1 3
[1794] = CNOT 3 5
[1795] = CNOT 3 6
[1796] = CNOT 3 8
[1797] = CNOT 3 9
[1798] = CNOT 3 14
[1799] = CNOT 3 15
[1800] = CNOT 3 24
[1801] = T 3
[1802] = CNOT 3 24
[1803] = CNOT 3 15
[1804] = CNOT 3 14
[1805] = CNOT 3 9
[1806] = CNOT 3 8
[1807] = CNOT 3 6
[1808] = CNOT 3 5
[1809] = CNOT 1 11
[1810] = CNOT 1 20
[1811] = T 1
[1812] = CNOT 1 2
[1813] = CNOT 2 3
[1814] = CNOT 2 5
[1815] = CNOT 2 6
[1816] = CNOT 2 11
[1817] = CNOT 2 12
[1818] = CNOT 2 21
[1819] = CNOT 2 22
[1820] = T 2
[1821] = CNOT 2 22
[1822] = CNOT 2 21
[1823] = CNOT 2 12
[1824] = CNOT 2 11
[1825] = CNOT 2 5
[1826] = CNOT 2 8
[1827] = CNOT 2 9
[1828] = CNOT 2 14
[1829] = CNOT 2 23
[1830] = T 2
[1831] = CNOT 2 23
[1832] = CNOT 2 14
[1833] = CNOT 2 9
[1834] = CNOT 2 8
[1835] = CNOT 2 6
[1836] = CNOT 2 3
[1837] = CNOT 1 2
[1838] = CNOT 1 8
[1839] = CNOT 1 9
[1840] = CNOT 1 18
[1841] = T 1
[1842] = CNOT 1 20
[1843] = CNOT 1 9
[1844] = CNOT 1 8
[1845] = CNOT 1 6
[1846] = CNOT 1 2
[1847] = CNOT 2 3
[1848] = CNOT 2 5
[1849] = CNOT 2 6
[1850] = CNOT 2 7
[1851] = CNOT 2 10
[1852] = CNOT 2 14
[1853] = CNOT 2 23
[1854] = CNOT 2 24
[1855] = T 2
[1856] = CNOT 2 22
[1857] = T 2
[1858] = CNOT 2 5
[1859] = T 2
[1860] = CNOT 2 24
[1861] = CNOT 2 22
[1862] = CNOT 2 10
[1863] = CNOT 2 7
[1864] = CNOT 2 5
[1865] = T 2
[1866] = CNOT 2 23
[1867] = CNOT 2 14
[1868] = CNOT 2 6
[1869] = CNOT 2 3
[1870] = CNOT 2 4
[1871] = CNOT 2 12
[1872] = CNOT 2 22
[1873] = T 2
[1874] = CNOT 2 22
[1875] = T 2
[1876] = CNOT 2 5
[1877] = CNOT 5 8
[1878] = CNOT 5 9
[1879] = CNOT 5 11
[1880] = CNOT 5 14
[1881] = CNOT 5 15
[1882] = CNOT 5 17
[1883] = CNOT 5 18
[1884] = CNOT 5 23
[1885] = CNOT 5 24
[1886] = T 5
[1887] = CNOT 5 24
[1888] = CNOT 5 23
[1889] = CNOT 5 18
[1890] = CNOT 5 17
[1891] = CNOT 5 15
[1892] = CNOT 5 14
[1893] = CNOT 5 11
[1894] = CNOT 5 9
[1895] = CNOT 5 8
[1896] = CNOT 2 5
[1897] = CNOT 2 6
[1898] = CNOT 2 11
[1899] = T 2
[1900] = CNOT 2 12
[1901] = CNOT 2 5
[1902] = CNOT 2 4
[1903] = CNOT 2 3
[1904] = CNOT 2 22
[1905] = T 2
[1906] = CNOT 2 22
[1907] = CNOT 2 11
[1908] = CNOT 2 6
[1909] = CNOT 2 3
[1910] = CNOT 4 13
[1911] = CNOT 4 21
[1912] = CNOT 4 22
[1913] = CNOT 4 24
[1914] = T 4
[1915] = CNOT 4 24
[1916] = CNOT 4 22
[1917] = CNOT 4 21
[1918] = CNOT 4 13
[1919] = CNOT 1 5
[1920] = CNOT 1 14
[1921] = CNOT 1 15
[1922] = CNOT 1 17
[1923] = CNOT 1 23
[1924] = CNOT 1 24
[1925] = T 1
[1926] = CNOT 1 24
[1927] = CNOT 1 23
[1928] = CNOT 1 18
[1929] = CNOT 1 17
[1930] = CNOT 1 15
[1931] = CNOT 1 14
[1932] = CNOT 1 5
[1933] = CNOT 1 2
[1934] = CNOT 1 3
[1935] = CNOT 1 6
[1936] = CNOT 1 8
[1937] = CNOT 1 9
[1938] = CNOT 1 20
[1939] = CNOT 1 21
[1940] = T 1
[1941] = CNOT 1 21
[1942] = CNOT 1 20
[1943] = CNOT 1 11
[1944] = CNOT 1 6
[1945] = CNOT 1 2
[1946] = CNOT 1 14
[1947] = CNOT 1 23
[1948] = CNOT 1 24
[1949] = T 1
[1950] = CNOT 1 22
[1951] = T 1
[1952] = CNOT 1 23
[1953] = CNOT 1 22
[1954] = CNOT 1 14
[1955] = CNOT 1 9
[1956] = CNOT 1 8
[1957] = CNOT 1 3
[1958] = CNOT 1 4
[1959] = CNOT 1 5
[1960] = CNOT 1 12
[1961] = CNOT 1 13
[1962] = T 1
[1963] = CNOT 1 3
[1964] = CNOT 1 6
[1965] = CNOT 1 11
[1966] = CNOT 1 21
[1967] = T 1
[1968] = CNOT 1 24
[1969] = CNOT 1 21
[1970] = CNOT 1 13
[1971] = CNOT 1 12
[1972] = CNOT 1 5
[1973] = CNOT 1 4
[1974] = CNOT 1 3
[1975] = CNOT 2 4
[1976] = CNOT 2 8
[1977] = CNOT 2 9
[1978] = CNOT 2 13
[1979] = CNOT 2 23
[1980] = CNOT 2 24
[1981] = T 2
[1982] = CNOT 2 22
[1983] = T 2
[1984] = CNOT 2 24
[1985] = CNOT 2 23
[1986] = CNOT 2 22
[1987] = CNOT 2 13
[1988] = CNOT 2 9
[1989] = CNOT 2 8
[1990] = CNOT 2 4
[1991] = CNOT 5 12
[1992] = CNOT 5 20
[1993] = T 5
[1994] = S 5
[1995] = Z 5
[1996] = CNOT 5 20
[1997] = CNOT 5 12
[1998] = CNOT 1 2
[1999] = CNOT 1 18
[2000] = CNOT 1 20
[2001] = T 1
[2002] = CNOT 1 18
[2003] = CNOT 1 7
[2004] = CNOT 1 8
[2005] = CNOT 1 9
[2006] = CNOT 1 10
[2007] = T 1
[2008] = CNOT 1 20
[2009] = CNOT 1 8
[2010] = CNOT 1 6
[2011] = CNOT 1 2
[2012] = CNOT 6 7
[2013] = CNOT 6 8
[2014] = CNOT 6 9
[2015] = CNOT 6 10
[2016] = CNOT 6 11
[2017] = CNOT 6 18
[2018] = CNOT 6 20
[2019] = T 6
[2020] = CNOT 6 20
[2021] = CNOT 6 18
[2022] = CNOT 6 11
[2023] = CNOT 6 10
[2024] = CNOT 6 9
[2025] = CNOT 6 8
[2026] = CNOT 6 7
[2027] = CNOT 5 8
[2028] = CNOT 5 9
[2029] = CNOT 5 21
[2030] = CNOT 5 22
[2031] = CNOT 5 24
[2032] = T 5
[2033] = CNOT 5 9
[2034] = CNOT 5 8
[2035] = CNOT 8 9
[2036] = CNOT 8 21
[2037] = CNOT 8 22
[2038] = CNOT 8 24
[2039] = T 8
[2040] = CNOT 8 24
[2041] = CNOT 8 22
[2042] = CNOT 8 21
[2043] = CNOT 8 9
[2044] = T 5
[2045] = CNOT 5 22
[2046] = CNOT 5 21
[2047] = CNOT 1 3
[2048] = CNOT 1 4
[2049] = CNOT 1 6
[2050] = CNOT 1 8
[2051] = CNOT 1 19
[2052] = T 1
[2053] = CNOT 1 21
[2054] = T 1
[2055] = CNOT 1 4
[2056] = T 1
[2057] = CNOT 1 10
[2058] = CNOT 1 7
[2059] = CNOT 1 4
[2060] = T 1
[2061] = CNOT 1 21
[2062] = CNOT 1 19
[2063] = CNOT 1 4
[2064] = CNOT 1 3
[2065] = CNOT 1 18
[2066] = CNOT 1 20
[2067] = T 1
[2068] = CNOT 1 18
[2069] = CNOT 1 11
[2070] = CNOT 1 6
[2071] = CNOT 2 3
[2072] = CNOT 2 6
[2073] = CNOT 2 11
[2074] = CNOT 2 19
[2075] = CNOT 2 20
[2076] = CNOT 2 21
[2077] = T 2
[2078] = CNOT 2 21
[2079] = CNOT 2 20
[2080] = CNOT 2 19
[2081] = CNOT 2 11
[2082] = CNOT 2 6
[2083] = CNOT 2 3
[2084] = CNOT 6 11
[2085] = CNOT 6 21
[2086] = T 6
[2087] = S 6
[2088] = Z 6
[2089] = CNOT 6 21
[2090] = CNOT 6 11
[2091] = CNOT 1 2
[2092] = CNOT 1 19
[2093] = T 1
[2094] = CNOT 1 20
[2095] = CNOT 1 19
[2096] = CNOT 1 9
[2097] = CNOT 1 8
[2098] = CNOT 1 2
[2099] = CNOT 5 11
[2100] = CNOT 5 14
[2101] = CNOT 5 15
[2102] = CNOT 5 17
[2103] = CNOT 5 18
[2104] = CNOT 5 23
[2105] = T 5
[2106] = CNOT 5 24
[2107] = CNOT 5 23
[2108] = CNOT 5 18
[2109] = CNOT 5 17
[2110] = CNOT 5 15
[2111] = CNOT 5 14
[2112] = CNOT 5 11
[2113] = CNOT 1 3
[2114] = CNOT 1 4
[2115] = CNOT 1 6
[2116] = CNOT 1 11
[2117] = CNOT 1 13
[2118] = CNOT 1 22
[2119] = CNOT 1 24
[2120] = T 1
[2121] = CNOT 1 13
[2122] = CNOT 1 11
[2123] = CNOT 1 6
[2124] = CNOT 1 4
[2125] = CNOT 1 3
[2126] = CNOT 1 21
[2127] = T 1
[2128] = CNOT 1 21
[2129] = CNOT 1 3
[2130] = CNOT 1 4
[2131] = CNOT 1 5
[2132] = CNOT 1 6
[2133] = CNOT 1 11
[2134] = CNOT 1 12
[2135] = CNOT 1 13
[2136] = T 1
[2137] = CNOT 1 24
[2138] = CNOT 1 22
[2139] = CNOT 1 13
[2140] = CNOT 1 12
[2141] = CNOT 1 11
[2142] = CNOT 1 6
[2143] = CNOT 1 5
[2144] = CNOT 1 4
[2145] = CNOT 1 3
[2146] = CNOT 1 19
[2147] = T 1
[2148] = S 1
[2149] = Z 1
[2150] = CNOT 1 19
[2151] = CNOT 1 4
[2152] = CNOT 1 8
[2153] = CNOT 1 9
[2154] = CNOT 1 13
[2155] = CNOT 1 22
[2156] = CNOT 1 23
[2157] = CNOT 1 24
[2158] = T 1
[2159] = CNOT 1 23
[2160] = CNOT 1 9
[2161] = CNOT 1 8
[2162] = CNOT 1 5
[2163] = CNOT 1 12
[2164] = CNOT 1 21
[2165] = T 1
[2166] = CNOT 1 24
[2167] = CNOT 1 22
[2168] = CNOT 1 21
[2169] = CNOT 1 13
[2170] = CNOT 1 12
[2171] = CNOT 1 5
[2172] = CNOT 5 12
[2173] = CNOT 5 21
[2174] = T 5
[2175] = Z 5
[2176] = CNOT 5 21
[2177] = CNOT 5 12
[2178] = CNOT 1 3
[2179] = CNOT 1 6
[2180] = CNOT 1 11
[2181] = CNOT 1 19
[2182] = T 1
[2183] = CNOT 1 20
[2184] = T 1
[2185] = CNOT 1 4
[2186] = T 1
[2187] = CNOT 1 4
[2188] = CNOT 1 8
[2189] = CNOT 1 9
[2190] = T 1
[2191] = CNOT 1 20
[2192] = CNOT 1 4
[2193] = CNOT 1 3
[2194] = CNOT 1 7
[2195] = CNOT 1 10
[2196] = T 1
[2197] = CNOT 1 6
[2198] = CNOT 6 11
[2199] = CNOT 6 18
[2200] = CNOT 6 20
[2201] = T 6
[2202] = CNOT 6 20
[2203] = CNOT 6 18
[2204] = CNOT 6 11
[2205] = CNOT 1 3
[2206] = CNOT 1 6
[2207] = CNOT 1 20
[2208] = T 1
[2209] = CNOT 1 19
[2210] = CNOT 1 11
[2211] = CNOT 1 10
[2212] = CNOT 1 7
[2213] = CNOT 1 6
[2214] = CNOT 1 2
[2215] = CNOT 1 21
[2216] = T 1
[2217] = CNOT 1 21
[2218] = CNOT 1 3
[2219] = CNOT 3 5
[2220] = CNOT 3 6
[2221] = CNOT 3 14
[2222] = CNOT 3 15
[2223] = CNOT 3 23
[2224] = CNOT 3 24
[2225] = T 3
[2226] = CNOT 3 24
[2227] = CNOT 3 23
[2228] = CNOT 3 15
[2229] = CNOT 3 14
[2230] = CNOT 3 6
[2231] = CNOT 3 5
[2232] = CNOT 1 6
[2233] = CNOT 1 7
[2234] = CNOT 1 10
[2235] = CNOT 1 11
[2236] = CNOT 1 19
[2237] = T 1
[2238] = CNOT 1 20
[2239] = CNOT 1 11
[2240] = CNOT 1 10
[2241] = CNOT 1 7
[2242] = CNOT 1 6
[2243] = CNOT 1 2
[2244] = CNOT 2 3
[2245] = CNOT 2 19
[2246] = CNOT 2 20
[2247] = CNOT 2 21
[2248] = T 2
[2249] = CNOT 2 21
[2250] = CNOT 2 20
[2251] = CNOT 2 19
[2252] = CNOT 2 3
[2253] = CNOT 1 3
[2254] = CNOT 1 21
[2255] = T 1
[2256] = CNOT 1 21
[2257] = CNOT 1 19
[2258] = CNOT 1 9
[2259] = CNOT 1 8
[2260] = CNOT 1 3
[2261] = CNOT 1 5
[2262] = CNOT 1 12
[2263] = T 1
[2264] = S 1
[2265] = CNOT 1 20
[2266] = T 1
[2267] = CNOT 1 20
[2268] = CNOT 1 12
[2269] = CNOT 1 5
[2270] = Z 1
[2271] = S 3
[2272] = S 4
[2273] = Z 4
[2274] = Z 5
[2275] = S 6
[2276] = Z 6
[2277] = Z 9
[2278] = S 11
[2279] = S 12
[2280] = S 13
[2281] = Z 13
[2282] = Z 15
[2283] = S 17
[2284] = S 19
[2285] = Z 19
[2286] = S 20
[2287] = Z 20
[2288] = S 21
[2289] = S 22
[2290] = Z 22
[2291] = S 23
[2292] = Z 24
[2293] = CNOT 1 2
[2294] = Z 1
[2295] = CNOT 1 2
[2296] = CNOT 1 3
[2297] = Z 1
[2298] = CNOT 1 3
[2299] = CNOT 1 4
[2300] = S 1
[2301] = Z 1
[2302] = CNOT 1 4
[2303] = CNOT 1 5
[2304] = Z 1
[2305] = CNOT 1 5
[2306] = CNOT 1 6
[2307] = S 1
[2308] = CNOT 1 6
[2309] = CNOT 1 7
[2310] = Z 1
[2311] = CNOT 1 7
[2312] = CNOT 1 8
[2313] = S 1
[2314] = Z 1
[2315] = CNOT 1 8
[2316] = CNOT 1 9
[2317] = S 1
[2318] = Z 1
[2319] = CNOT 1 9
[2320] = CNOT 1 10
[2321] = Z 1
[2322] = CNOT 1 10
[2323] = CNOT 1 11
[2324] = Z 1
[2325] = CNOT 1 11
[2326] = CNOT 1 12
[2327] = S 1
[2328] = CNOT 1 12
[2329] = CNOT 1 14
[2330] = S 1
[2331] = Z 1
[2332] = CNOT 1 14
[2333] = CNOT 1 16
[2334] = Z 1
[2335] = CNOT 1 16
[2336] = CNOT 1 18
[2337] = S 1
[2338] = CNOT 1 18
[2339] = CNOT 1 21
[2340] = S 1
[2341] = Z 1
[2342] = CNOT 1 21
[2343] = CNOT 1 22
[2344] = S 1
[2345] = Z 1
[2346] = CNOT 1 22
[2347] = CNOT 1 23
[2348] = S 1
[2349] = CNOT 1 23
[2350] = CNOT 2 5
[2351] = Z 2
[2352] = CNOT 2 5
[2353] = CNOT 2 6
[2354] = Z 2
[2355] = CNOT 2 6
[2356] = CNOT 2 7
[2357] = S 2
[2358] = CNOT 2 7
[2359] = CNOT 2 8
[2360] = Z 2
[2361] = CNOT 2 8
[2362] = CNOT 2 9
[2363] = Z 2
[2364] = CNOT 2 9
[2365] = CNOT 2 10
[2366] = S 2
[2367] = CNOT 2 10
[2368] = CNOT 2 11
[2369] = S 2
[2370] = Z 2
[2371] = CNOT 2 11
[2372] = CNOT 2 13
[2373] = Z 2
[2374] = CNOT 2 13
[2375] = CNOT 2 15
[2376] = Z 2
[2377] = CNOT 2 15
[2378] = CNOT 2 18
[2379] = S 2
[2380] = CNOT 2 18
[2381] = CNOT 2 19
[2382] = S 2
[2383] = Z 2
[2384] = CNOT 2 19
[2385] = CNOT 2 20
[2386] = Z 2
[2387] = CNOT 2 20
[2388] = CNOT 2 21
[2389] = S 2
[2390] = CNOT 2 21
[2391] = CNOT 3 4
[2392] = S 3
[2393] = Z 3
[2394] = CNOT 3 4
[2395] = CNOT 3 7
[2396] = S 3
[2397] = Z 3
[2398] = CNOT 3 7
[2399] = CNOT 3 8
[2400] = Z 3
[2401] = CNOT 3 8
[2402] = CNOT 3 9
[2403] = Z 3
[2404] = CNOT 3 9
[2405] = CNOT 3 10
[2406] = S 3
[2407] = Z 3
[2408] = CNOT 3 10
[2409] = CNOT 3 11
[2410] = S 3
[2411] = Z 3
[2412] = CNOT 3 11
[2413] = CNOT 3 15
[2414] = Z 3
[2415] = CNOT 3 15
[2416] = CNOT 3 19
[2417] = S 3
[2418] = CNOT 3 19
[2419] = CNOT 3 20
[2420] = S 3
[2421] = CNOT 3 20
[2422] = CNOT 3 21
[2423] = S 3
[2424] = CNOT 3 21
[2425] = CNOT 3 22
[2426] = Z 3
[2427] = CNOT 3 22
[2428] = CNOT 3 23
[2429] = S 3
[2430] = Z 3
[2431] = CNOT 3 23
[2432] = CNOT 4 6
[2433] = S 4
[2434] = CNOT 4 6
[2435] = CNOT 4 7
[2436] = S 4
[2437] = CNOT 4 7
[2438] = CNOT 4 8
[2439] = Z 4
[2440] = CNOT 4 8
[2441] = CNOT 4 9
[2442] = Z 4
[2443] = CNOT 4 9
[2444] = CNOT 4 10
[2445] = S 4
[2446] = CNOT 4 10
[2447] = CNOT 4 11
[2448] = S 4
[2449] = CNOT 4 11
[2450] = CNOT 4 13
[2451] = Z 4
[2452] = CNOT 4 13
[2453] = CNOT 4 19
[2454] = S 4
[2455] = Z 4
[2456] = CNOT 4 19
[2457] = CNOT 4 20
[2458] = Z 4
[2459] = CNOT 4 20
[2460] = CNOT 4 21
[2461] = S 4
[2462] = CNOT 4 21
[2463] = CNOT 4 22
[2464] = S 4
[2465] = CNOT 4 22
[2466] = CNOT 4 23
[2467] = Z 4
[2468] = CNOT 4 23
[2469] = CNOT 5 8
[2470] = Z 5
[2471] = CNOT 5 8
[2472] = CNOT 5 9
[2473] = Z 5
[2474] = CNOT 5 9
[2475] = CNOT 5 11
[2476] = S 5
[2477] = CNOT 5 11
[2478] = CNOT 5 12
[2479] = Z 5
[2480] = CNOT 5 12
[2481] = CNOT 5 13
[2482] = S 5
[2483] = Z 5
[2484] = CNOT 5 13
[2485] = CNOT 5 14
[2486] = S 5
[2487] = CNOT 5 14
[2488] = CNOT 5 15
[2489] = S 5
[2490] = Z 5
[2491] = CNOT 5 15
[2492] = CNOT 5 17
[2493] = S 5
[2494] = CNOT 5 17
[2495] = CNOT 5 18
[2496] = S 5
[2497] = CNOT 5 18
[2498] = CNOT 5 20
[2499] = Z 5
[2500] = CNOT 5 20
[2501] = CNOT 5 21
[2502] = S 5
[2503] = Z 5
[2504] = CNOT 5 21
[2505] = CNOT 5 23
[2506] = S 5
[2507] = CNOT 5 23
[2508] = CNOT 6 8
[2509] = S 6
[2510] = Z 6
[2511] = CNOT 6 8
[2512] = CNOT 6 9
[2513] = S 6
[2514] = Z 6
[2515] = CNOT 6 9
[2516] = CNOT 6 11
[2517] = S 6
[2518] = CNOT 6 11
[2519] = CNOT 6 12
[2520] = Z 6
[2521] = CNOT 6 12
[2522] = CNOT 6 14
[2523] = S 6
[2524] = CNOT 6 14
[2525] = CNOT 6 15
[2526] = Z 6
[2527] = CNOT 6 15
[2528] = CNOT 6 18
[2529] = Z 6
[2530] = CNOT 6 18
[2531] = CNOT 6 19
[2532] = S 6
[2533] = CNOT 6 19
[2534] = CNOT 6 21
[2535] = S 6
[2536] = Z 6
[2537] = CNOT 6 21
[2538] = CNOT 6 22
[2539] = Z 6
[2540] = CNOT 6 22
[2541] = CNOT 6 23
[2542] = Z 6
[2543] = CNOT 6 23
[2544] = CNOT 7 8
[2545] = S 7
[2546] = Z 7
[2547] = CNOT 7 8
[2548] = CNOT 7 9
[2549] = S 7
[2550] = Z 7
[2551] = CNOT 7 9
[2552] = CNOT 7 11
[2553] = S 7
[2554] = CNOT 7 11
[2555] = CNOT 7 14
[2556] = S 7
[2557] = CNOT 7 14
[2558] = CNOT 7 18
[2559] = S 7
[2560] = Z 7
[2561] = CNOT 7 18
[2562] = CNOT 7 19
[2563] = Z 7
[2564] = CNOT 7 19
[2565] = CNOT 7 20
[2566] = S 7
[2567] = Z 7
[2568] = CNOT 7 20
[2569] = CNOT 7 21
[2570] = S 7
[2571] = CNOT 7 21
[2572] = CNOT 8 10
[2573] = S 8
[2574] = CNOT 8 10
[2575] = CNOT 8 11
[2576] = S 8
[2577] = Z 8
[2578] = CNOT 8 11
[2579] = CNOT 8 13
[2580] = S 8
[2581] = CNOT 8 13
[2582] = CNOT 8 14
[2583] = Z 8
[2584] = CNOT 8 14
[2585] = CNOT 8 15
[2586] = S 8
[2587] = CNOT 8 15
[2588] = CNOT 8 17
[2589] = S 8
[2590] = CNOT 8 17
[2591] = CNOT 8 18
[2592] = S 8
[2593] = Z 8
[2594] = CNOT 8 18
[2595] = CNOT 8 19
[2596] = S 8
[2597] = Z 8
[2598] = CNOT 8 19
[2599] = CNOT 8 20
[2600] = S 8
[2601] = Z 8
[2602] = CNOT 8 20
[2603] = CNOT 8 21
[2604] = S 8
[2605] = Z 8
[2606] = CNOT 8 21
[2607] = CNOT 8 22
[2608] = S 8
[2609] = CNOT 8 22
[2610] = CNOT 9 10
[2611] = S 9
[2612] = CNOT 9 10
[2613] = CNOT 9 11
[2614] = S 9
[2615] = Z 9
[2616] = CNOT 9 11
[2617] = CNOT 9 13
[2618] = S 9
[2619] = CNOT 9 13
[2620] = CNOT 9 14
[2621] = Z 9
[2622] = CNOT 9 14
[2623] = CNOT 9 15
[2624] = S 9
[2625] = CNOT 9 15
[2626] = CNOT 9 17
[2627] = S 9
[2628] = CNOT 9 17
[2629] = CNOT 9 18
[2630] = S 9
[2631] = Z 9
[2632] = CNOT 9 18
[2633] = CNOT 9 19
[2634] = S 9
[2635] = Z 9
[2636] = CNOT 9 19
[2637] = CNOT 9 20
[2638] = S 9
[2639] = Z 9
[2640] = CNOT 9 20
[2641] = CNOT 9 21
[2642] = S 9
[2643] = Z 9
[2644] = CNOT 9 21
[2645] = CNOT 9 22
[2646] = S 9
[2647] = CNOT 9 22
[2648] = CNOT 10 11
[2649] = S 10
[2650] = CNOT 10 11
[2651] = CNOT 10 14
[2652] = S 10
[2653] = CNOT 10 14
[2654] = CNOT 10 18
[2655] = S 10
[2656] = Z 10
[2657] = CNOT 10 18
[2658] = CNOT 10 19
[2659] = Z 10
[2660] = CNOT 10 19
[2661] = CNOT 10 20
[2662] = S 10
[2663] = Z 10
[2664] = CNOT 10 20
[2665] = CNOT 10 21
[2666] = S 10
[2667] = CNOT 10 21
[2668] = CNOT 10 23
[2669] = S 10
[2670] = Z 10
[2671] = CNOT 10 23
[2672] = CNOT 11 12
[2673] = Z 11
[2674] = CNOT 11 12
[2675] = CNOT 11 14
[2676] = S 11
[2677] = CNOT 11 14
[2678] = CNOT 11 15
[2679] = S 11
[2680] = CNOT 11 15
[2681] = CNOT 11 17
[2682] = S 11
[2683] = CNOT 11 17
[2684] = CNOT 11 18
[2685] = S 11
[2686] = Z 11
[2687] = CNOT 11 18
[2688] = CNOT 11 19
[2689] = S 11
[2690] = CNOT 11 19
[2691] = CNOT 11 21
[2692] = S 11
[2693] = Z 11
[2694] = CNOT 11 21
[2695] = CNOT 11 22
[2696] = S 11
[2697] = CNOT 11 22
[2698] = CNOT 11 23
[2699] = S 11
[2700] = Z 11
[2701] = CNOT 11 23
[2702] = CNOT 12 13
[2703] = S 12
[2704] = Z 12
[2705] = CNOT 12 13
[2706] = CNOT 12 20
[2707] = Z 12
[2708] = CNOT 12 20
[2709] = CNOT 12 23
[2710] = S 12
[2711] = Z 12
[2712] = CNOT 12 23
[2713] = CNOT 13 21
[2714] = S 13
[2715] = CNOT 13 21
[2716] = CNOT 13 23
[2717] = S 13
[2718] = CNOT 13 23
[2719] = CNOT 14 15
[2720] = S 14
[2721] = Z 14
[2722] = CNOT 14 15
[2723] = CNOT 14 17
[2724] = S 14
[2725] = CNOT 14 17
[2726] = CNOT 14 18
[2727] = S 14
[2728] = CNOT 14 18
[2729] = CNOT 14 22
[2730] = S 14
[2731] = Z 14
[2732] = CNOT 14 22
[2733] = CNOT 14 23
[2734] = S 14
[2735] = CNOT 14 23
[2736] = CNOT 15 17
[2737] = S 15
[2738] = CNOT 15 17
[2739] = CNOT 15 18
[2740] = S 15
[2741] = CNOT 15 18
[2742] = CNOT 15 23
[2743] = S 15
[2744] = Z 15
[2745] = CNOT 15 23
[2746] = CNOT 17 18
[2747] = S 17
[2748] = CNOT 17 18
[2749] = CNOT 17 23
[2750] = S 17
[2751] = CNOT 17 23
[2752] = CNOT 17 24
[2753] = S 17
[2754] = CNOT 17 24
[2755] = CNOT 18 20
[2756] = Z 18
[2757] = CNOT 18 20
[2758] = CNOT 18 23
[2759] = S 18
[2760] = CNOT 18 23
[2761] = CNOT 18 24
[2762] = S 18
[2763] = CNOT 18 24
[2764] = CNOT 19 20
[2765] = Z 19
[2766] = CNOT 19 20
[2767] = CNOT 19 21
[2768] = S 19
[2769] = CNOT 19 21
[2770] = CNOT 21 22
[2771] = S 21
[2772] = Z 21
[2773] = CNOT 21 22
[2774] = CNOT 21 24
[2775] = S 21
[2776] = CNOT 21 24
[2777] = CNOT 22 23
[2778] = S 22
[2779] = CNOT 22 23
[2780] = CNOT 22 24
[2781] = Z 22
[2782] = CNOT 22 24
[2783] = CNOT 23 24
[2784] = S 23
[2785] = CNOT 23 24
[2786] = CNOT 1 2
[2787] = CNOT 1 3
[2788] = Z 1
[2789] = CNOT 1 3
[2790] = CNOT 1 5
[2791] = S 1
[2792] = Z 1
[2793] = CNOT 1 5
[2794] = CNOT 1 7
[2795] = S 1
[2796] = Z 1
[2797] = CNOT 1 7
[2798] = CNOT 1 10
[2799] = S 1
[2800] = Z 1
[2801] = CNOT 1 10
[2802] = CNOT 1 11
[2803] = S 1
[2804] = CNOT 1 11
[2805] = CNOT 1 14
[2806] = S 1
[2807] = Z 1
[2808] = CNOT 1 14
[2809] = CNOT 1 18
[2810] = S 1
[2811] = Z 1
[2812] = CNOT 1 18
[2813] = CNOT 1 19
[2814] = S 1
[2815] = Z 1
[2816] = CNOT 1 19
[2817] = CNOT 1 21
[2818] = S 1
[2819] = Z 1
[2820] = CNOT 1 21
[2821] = CNOT 1 24
[2822] = S 1
[2823] = Z 1
[2824] = CNOT 1 24
[2825] = CNOT 1 2
[2826] = CNOT 1 3
[2827] = CNOT 1 4
[2828] = S 1
[2829] = Z 1
[2830] = CNOT 1 4
[2831] = CNOT 1 5
[2832] = S 1
[2833] = CNOT 1 5
[2834] = CNOT 1 6
[2835] = S 1
[2836] = Z 1
[2837] = CNOT 1 6
[2838] = CNOT 1 7
[2839] = Z 1
[2840] = CNOT 1 7
[2841] = CNOT 1 8
[2842] = S 1
[2843] = CNOT 1 8
[2844] = CNOT 1 9
[2845] = S 1
[2846] = CNOT 1 9
[2847] = CNOT 1 10
[2848] = Z 1
[2849] = CNOT 1 10
[2850] = CNOT 1 11
[2851] = S 1
[2852] = CNOT 1 11
[2853] = CNOT 1 12
[2854] = S 1
[2855] = Z 1
[2856] = CNOT 1 12
[2857] = CNOT 1 13
[2858] = Z 1
[2859] = CNOT 1 13
[2860] = CNOT 1 14
[2861] = S 1
[2862] = CNOT 1 14
[2863] = CNOT 1 15
[2864] = S 1
[2865] = Z 1
[2866] = CNOT 1 15
[2867] = CNOT 1 19
[2868] = S 1
[2869] = Z 1
[2870] = CNOT 1 19
[2871] = CNOT 1 20
[2872] = S 1
[2873] = CNOT 1 20
[2874] = CNOT 1 22
[2875] = S 1
[2876] = Z 1
[2877] = CNOT 1 22
[2878] = CNOT 1 23
[2879] = Z 1
[2880] = CNOT 1 23
[2881] = CNOT 1 24
[2882] = S 1
[2883] = Z 1
[2884] = CNOT 1 24
[2885] = CNOT 1 3
[2886] = CNOT 1 4
[2887] = CNOT 1 5
[2888] = Z 1
[2889] = CNOT 1 5
[2890] = CNOT 1 6
[2891] = S 1
[2892] = Z 1
[2893] = CNOT 1 6
[2894] = CNOT 1 7
[2895] = S 1
[2896] = Z 1
[2897] = CNOT 1 7
[2898] = CNOT 1 8
[2899] = S 1
[2900] = CNOT 1 8
[2901] = CNOT 1 9
[2902] = S 1
[2903] = CNOT 1 9
[2904] = CNOT 1 10
[2905] = S 1
[2906] = Z 1
[2907] = CNOT 1 10
[2908] = CNOT 1 11
[2909] = S 1
[2910] = Z 1
[2911] = CNOT 1 11
[2912] = CNOT 1 12
[2913] = Z 1
[2914] = CNOT 1 12
[2915] = CNOT 1 19
[2916] = S 1
[2917] = CNOT 1 19
[2918] = CNOT 1 20
[2919] = S 1
[2920] = Z 1
[2921] = CNOT 1 20
[2922] = CNOT 1 21
[2923] = Z 1
[2924] = CNOT 1 21
[2925] = CNOT 1 22
[2926] = Z 1
[2927] = CNOT 1 22
[2928] = CNOT 1 23
[2929] = S 1
[2930] = Z 1
[2931] = CNOT 1 23
[2932] = CNOT 1 4
[2933] = CNOT 1 5
[2934] = CNOT 1 6
[2935] = S 1
[2936] = CNOT 1 6
[2937] = CNOT 1 8
[2938] = Z 1
[2939] = CNOT 1 8
[2940] = CNOT 1 9
[2941] = Z 1
[2942] = CNOT 1 9
[2943] = CNOT 1 11
[2944] = Z 1
[2945] = CNOT 1 11
[2946] = CNOT 1 13
[2947] = Z 1
[2948] = CNOT 1 13
[2949] = CNOT 1 14
[2950] = S 1
[2951] = CNOT 1 14
[2952] = CNOT 1 15
[2953] = Z 1
[2954] = CNOT 1 15
[2955] = CNOT 1 17
[2956] = S 1
[2957] = Z 1
[2958] = CNOT 1 17
[2959] = CNOT 1 18
[2960] = S 1
[2961] = Z 1
[2962] = CNOT 1 18
[2963] = CNOT 1 21
[2964] = S 1
[2965] = Z 1
[2966] = CNOT 1 21
[2967] = CNOT 1 22
[2968] = S 1
[2969] = Z 1
[2970] = CNOT 1 22
[2971] = CNOT 1 23
[2972] = Z 1
[2973] = CNOT 1 23
[2974] = CNOT 1 24
[2975] = S 1
[2976] = Z 1
[2977] = CNOT 1 24
[2978] = CNOT 1 5
[2979] = CNOT 1 6
[2980] = CNOT 1 11
[2981] = S 1
[2982] = CNOT 1 11
[2983] = CNOT 1 12
[2984] = S 1
[2985] = Z 1
[2986] = CNOT 1 12
[2987] = CNOT 1 13
[2988] = Z 1
[2989] = CNOT 1 13
[2990] = CNOT 1 14
[2991] = Z 1
[2992] = CNOT 1 14
[2993] = CNOT 1 15
[2994] = S 1
[2995] = Z 1
[2996] = CNOT 1 15
[2997] = CNOT 1 18
[2998] = Z 1
[2999] = CNOT 1 18
[3000] = CNOT 1 19
[3001] = S 1
[3002] = Z 1
[3003] = CNOT 1 19
[3004] = CNOT 1 20
[3005] = Z 1
[3006] = CNOT 1 20
[3007] = CNOT 1 21
[3008] = S 1
[3009] = CNOT 1 21
[3010] = CNOT 1 22
[3011] = S 1
[3012] = Z 1
[3013] = CNOT 1 22
[3014] = CNOT 1 23
[3015] = S 1
[3016] = Z 1
[3017] = CNOT 1 23
[3018] = CNOT 1 6
[3019] = CNOT 1 7
[3020] = CNOT 1 19
[3021] = S 1
[3022] = CNOT 1 19
[3023] = CNOT 1 20
[3024] = Z 1
[3025] = CNOT 1 20
[3026] = CNOT 1 21
[3027] = S 1
[3028] = Z 1
[3029] = CNOT 1 21
[3030] = CNOT 1 7
[3031] = CNOT 1 8
[3032] = CNOT 1 11
[3033] = S 1
[3034] = CNOT 1 11
[3035] = CNOT 1 13
[3036] = S 1
[3037] = Z 1
[3038] = CNOT 1 13
[3039] = CNOT 1 14
[3040] = S 1
[3041] = CNOT 1 14
[3042] = CNOT 1 15
[3043] = S 1
[3044] = Z 1
[3045] = CNOT 1 15
[3046] = CNOT 1 18
[3047] = Z 1
[3048] = CNOT 1 18
[3049] = CNOT 1 19
[3050] = S 1
[3051] = Z 1
[3052] = CNOT 1 19
[3053] = CNOT 1 20
[3054] = S 1
[3055] = Z 1
[3056] = CNOT 1 20
[3057] = CNOT 1 21
[3058] = S 1
[3059] = CNOT 1 21
[3060] = CNOT 1 22
[3061] = S 1
[3062] = Z 1
[3063] = CNOT 1 22
[3064] = CNOT 1 23
[3065] = S 1
[3066] = CNOT 1 23
[3067] = CNOT 1 8
[3068] = CNOT 1 9
[3069] = CNOT 1 11
[3070] = S 1
[3071] = CNOT 1 11
[3072] = CNOT 1 13
[3073] = S 1
[3074] = Z 1
[3075] = CNOT 1 13
[3076] = CNOT 1 14
[3077] = S 1
[3078] = CNOT 1 14
[3079] = CNOT 1 15
[3080] = S 1
[3081] = Z 1
[3082] = CNOT 1 15
[3083] = CNOT 1 18
[3084] = Z 1
[3085] = CNOT 1 18
[3086] = CNOT 1 19
[3087] = S 1
[3088] = Z 1
[3089] = CNOT 1 19
[3090] = CNOT 1 20
[3091] = S 1
[3092] = Z 1
[3093] = CNOT 1 20
[3094] = CNOT 1 21
[3095] = S 1
[3096] = CNOT 1 21
[3097] = CNOT 1 22
[3098] = S 1
[3099] = Z 1
[3100] = CNOT 1 22
[3101] = CNOT 1 23
[3102] = S 1
[3103] = CNOT 1 23
[3104] = CNOT 1 9
[3105] = CNOT 1 10
[3106] = CNOT 1 19
[3107] = S 1
[3108] = CNOT 1 19
[3109] = CNOT 1 20
[3110] = Z 1
[3111] = CNOT 1 20
[3112] = CNOT 1 21
[3113] = S 1
[3114] = Z 1
[3115] = CNOT 1 21
[3116] = CNOT 1 10
[3117] = CNOT 1 11
[3118] = CNOT 1 12
[3119] = S 1
[3120] = Z 1
[3121] = CNOT 1 12
[3122] = CNOT 1 13
[3123] = Z 1
[3124] = CNOT 1 13
[3125] = CNOT 1 14
[3126] = S 1
[3127] = Z 1
[3128] = CNOT 1 14
[3129] = CNOT 1 15
[3130] = S 1
[3131] = Z 1
[3132] = CNOT 1 15
[3133] = CNOT 1 17
[3134] = S 1
[3135] = Z 1
[3136] = CNOT 1 17
[3137] = CNOT 1 18
[3138] = S 1
[3139] = CNOT 1 18
[3140] = CNOT 1 19
[3141] = S 1
[3142] = Z 1
[3143] = CNOT 1 19
[3144] = CNOT 1 20
[3145] = Z 1
[3146] = CNOT 1 20
[3147] = CNOT 1 21
[3148] = S 1
[3149] = CNOT 1 21
[3150] = CNOT 1 22
[3151] = S 1
[3152] = Z 1
[3153] = CNOT 1 22
[3154] = CNOT 1 23
[3155] = S 1
[3156] = Z 1
[3157] = CNOT 1 23
[3158] = CNOT 1 24
[3159] = S 1
[3160] = CNOT 1 24
[3161] = CNOT 1 11
[3162] = CNOT 1 12
[3163] = CNOT 1 13
[3164] = Z 1
[3165] = CNOT 1 13
[3166] = CNOT 1 21
[3167] = S 1
[3168] = Z 1
[3169] = CNOT 1 21
[3170] = CNOT 1 22
[3171] = S 1
[3172] = Z 1
[3173] = CNOT 1 22
[3174] = CNOT 1 24
[3175] = Z 1
[3176] = CNOT 1 24
[3177] = CNOT 1 12
[3178] = CNOT 1 13
[3179] = CNOT 1 21
[3180] = S 1
[3181] = Z 1
[3182] = CNOT 1 21
[3183] = CNOT 1 22
[3184] = Z 1
[3185] = CNOT 1 22
[3186] = CNOT 1 23
[3187] = S 1
[3188] = Z 1
[3189] = CNOT 1 23
[3190] = CNOT 1 13
[3191] = CNOT 1 14
[3192] = CNOT 1 15
[3193] = Z 1
[3194] = CNOT 1 15
[3195] = CNOT 1 17
[3196] = S 1
[3197] = Z 1
[3198] = CNOT 1 17
[3199] = CNOT 1 18
[3200] = S 1
[3201] = Z 1
[3202] = CNOT 1 18
[3203] = CNOT 1 23
[3204] = S 1
[3205] = CNOT 1 23
[3206] = CNOT 1 14
[3207] = CNOT 1 15
[3208] = CNOT 1 17
[3209] = S 1
[3210] = Z 1
[3211] = CNOT 1 17
[3212] = CNOT 1 18
[3213] = S 1
[3214] = Z 1
[3215] = CNOT 1 18
[3216] = CNOT 1 23
[3217] = S 1
[3218] = Z 1
[3219] = CNOT 1 23
[3220] = CNOT 1 24
[3221] = Z 1
[3222] = CNOT 1 24
[3223] = CNOT 1 15
[3224] = CNOT 1 17
[3225] = CNOT 1 18
[3226] = S 1
[3227] = Z 1
[3228] = CNOT 1 18
[3229] = CNOT 1 23
[3230] = S 1
[3231] = Z 1
[3232] = CNOT 1 23
[3233] = CNOT 1 24
[3234] = S 1
[3235] = Z 1
[3236] = CNOT 1 24
[3237] = CNOT 1 17
[3238] = CNOT 1 18
[3239] = CNOT 1 20
[3240] = Z 1
[3241] = CNOT 1 20
[3242] = CNOT 1 23
[3243] = S 1
[3244] = Z 1
[3245] = CNOT 1 23
[3246] = CNOT 1 24
[3247] = S 1
[3248] = Z 1
[3249] = CNOT 1 24
[3250] = CNOT 1 18
[3251] = CNOT 1 19
[3252] = CNOT 1 20
[3253] = S 1
[3254] = CNOT 1 20
[3255] = CNOT 1 21
[3256] = Z 1
[3257] = CNOT 1 19
[3258] = CNOT 1 20
[3259] = S 1
[3260] = Z 1
[3261] = CNOT 1 20
[3262] = CNOT 1 22
[3263] = S 1
[3264] = Z 1
[3265] = CNOT 1 22
[3266] = CNOT 1 24
[3267] = Z 1
[3268] = CNOT 1 24
[3269] = CNOT 1 21
[3270] = CNOT 1 22
[3271] = CNOT 1 23
[3272] = S 1
[3273] = Z 1
[3274] = CNOT 1 23
[3275] = CNOT 1 24
[3276] = S 1
[3277] = CNOT 1 24
[3278] = CNOT 1 22
[3279] = CNOT 2 3
[3280] = CNOT 2 4
[3281] = S 2
[3282] = Z 2
[3283] = CNOT 2 4
[3284] = CNOT 2 5
[3285] = S 2
[3286] = Z 2
[3287] = CNOT 2 5
[3288] = CNOT 2 6
[3289] = S 2
[3290] = Z 2
[3291] = CNOT 2 6
[3292] = CNOT 2 7
[3293] = S 2
[3294] = CNOT 2 7
[3295] = CNOT 2 8
[3296] = S 2
[3297] = CNOT 2 8
[3298] = CNOT 2 9
[3299] = S 2
[3300] = CNOT 2 9
[3301] = CNOT 2 10
[3302] = S 2
[3303] = CNOT 2 10
[3304] = CNOT 2 12
[3305] = Z 2
[3306] = CNOT 2 12
[3307] = CNOT 2 13
[3308] = S 2
[3309] = Z 2
[3310] = CNOT 2 13
[3311] = CNOT 2 14
[3312] = Z 2
[3313] = CNOT 2 14
[3314] = CNOT 2 19
[3315] = S 2
[3316] = Z 2
[3317] = CNOT 2 19
[3318] = CNOT 2 20
[3319] = Z 2
[3320] = CNOT 2 20
[3321] = CNOT 2 21
[3322] = S 2
[3323] = CNOT 2 21
[3324] = CNOT 2 22
[3325] = S 2
[3326] = Z 2
[3327] = CNOT 2 22
[3328] = CNOT 2 3
[3329] = CNOT 2 4
[3330] = CNOT 2 8
[3331] = S 2
[3332] = Z 2
[3333] = CNOT 2 8
[3334] = CNOT 2 9
[3335] = S 2
[3336] = Z 2
[3337] = CNOT 2 9
[3338] = CNOT 2 13
[3339] = S 2
[3340] = CNOT 2 13
[3341] = CNOT 2 23
[3342] = S 2
[3343] = CNOT 2 23
[3344] = CNOT 2 24
[3345] = S 2
[3346] = Z 2
[3347] = CNOT 2 24
[3348] = CNOT 2 4
[3349] = CNOT 2 5
[3350] = CNOT 2 6
[3351] = S 2
[3352] = CNOT 2 6
[3353] = CNOT 2 7
[3354] = S 2
[3355] = Z 2
[3356] = CNOT 2 7
[3357] = CNOT 2 8
[3358] = S 2
[3359] = Z 2
[3360] = CNOT 2 8
[3361] = CNOT 2 9
[3362] = S 2
[3363] = Z 2
[3364] = CNOT 2 9
[3365] = CNOT 2 10
[3366] = S 2
[3367] = Z 2
[3368] = CNOT 2 10
[3369] = CNOT 2 12
[3370] = S 2
[3371] = Z 2
[3372] = CNOT 2 12
[3373] = CNOT 2 13
[3374] = Z 2
[3375] = CNOT 2 13
[3376] = CNOT 2 14
[3377] = S 2
[3378] = CNOT 2 14
[3379] = CNOT 2 22
[3380] = S 2
[3381] = Z 2
[3382] = CNOT 2 22
[3383] = CNOT 2 24
[3384] = Z 2
[3385] = CNOT 2 24
[3386] = CNOT 2 5
[3387] = CNOT 2 6
[3388] = CNOT 2 7
[3389] = S 2
[3390] = CNOT 2 7
[3391] = CNOT 2 10
[3392] = S 2
[3393] = CNOT 2 10
[3394] = CNOT 2 11
[3395] = Z 2
[3396] = CNOT 2 11
[3397] = CNOT 2 13
[3398] = Z 2
[3399] = CNOT 2 13
[3400] = CNOT 2 14
[3401] = S 2
[3402] = Z 2
[3403] = CNOT 2 14
[3404] = CNOT 2 18
[3405] = S 2
[3406] = Z 2
[3407] = CNOT 2 18
[3408] = CNOT 2 19
[3409] = S 2
[3410] = Z 2
[3411] = CNOT 2 19
[3412] = CNOT 2 20
[3413] = S 2
[3414] = CNOT 2 20
[3415] = CNOT 2 21
[3416] = Z 2
[3417] = CNOT 2 21
[3418] = CNOT 2 23
[3419] = Z 2
[3420] = CNOT 2 23
[3421] = CNOT 2 24
[3422] = S 2
[3423] = CNOT 2 24
[3424] = CNOT 2 6
[3425] = CNOT 2 7
[3426] = CNOT 2 8
[3427] = S 2
[3428] = Z 2
[3429] = CNOT 2 8
[3430] = CNOT 2 9
[3431] = S 2
[3432] = Z 2
[3433] = CNOT 2 9
[3434] = CNOT 2 11
[3435] = S 2
[3436] = Z 2
[3437] = CNOT 2 11
[3438] = CNOT 2 14
[3439] = S 2
[3440] = CNOT 2 14
[3441] = CNOT 2 20
[3442] = S 2
[3443] = Z 2
[3444] = CNOT 2 20
[3445] = CNOT 2 22
[3446] = S 2
[3447] = Z 2
[3448] = CNOT 2 22
[3449] = CNOT 2 23
[3450] = Z 2
[3451] = CNOT 2 23
[3452] = CNOT 2 24
[3453] = S 2
[3454] = CNOT 2 24
[3455] = CNOT 2 7
[3456] = CNOT 2 8
[3457] = CNOT 2 9
[3458] = Z 2
[3459] = CNOT 2 9
[3460] = CNOT 2 10
[3461] = S 2
[3462] = Z 2
[3463] = CNOT 2 10
[3464] = CNOT 2 11
[3465] = Z 2
[3466] = CNOT 2 11
[3467] = CNOT 2 13
[3468] = S 2
[3469] = Z 2
[3470] = CNOT 2 13
[3471] = CNOT 2 14
[3472] = Z 2
[3473] = CNOT 2 14
[3474] = CNOT 2 19
[3475] = S 2
[3476] = Z 2
[3477] = CNOT 2 19
[3478] = CNOT 2 20
[3479] = S 2
[3480] = CNOT 2 20
[3481] = CNOT 2 21
[3482] = S 2
[3483] = Z 2
[3484] = CNOT 2 21
[3485] = CNOT 2 22
[3486] = S 2
[3487] = Z 2
[3488] = CNOT 2 22
[3489] = CNOT 2 23
[3490] = Z 2
[3491] = CNOT 2 23
[3492] = CNOT 2 24
[3493] = Z 2
[3494] = CNOT 2 24
[3495] = CNOT 2 8
[3496] = CNOT 2 9
[3497] = CNOT 2 10
[3498] = S 2
[3499] = Z 2
[3500] = CNOT 2 10
[3501] = CNOT 2 11
[3502] = Z 2
[3503] = CNOT 2 11
[3504] = CNOT 2 13
[3505] = S 2
[3506] = Z 2
[3507] = CNOT 2 13
[3508] = CNOT 2 14
[3509] = Z 2
[3510] = CNOT 2 14
[3511] = CNOT 2 19
[3512] = S 2
[3513] = Z 2
[3514] = CNOT 2 19
[3515] = CNOT 2 20
[3516] = S 2
[3517] = CNOT 2 20
[3518] = CNOT 2 21
[3519] = S 2
[3520] = Z 2
[3521] = CNOT 2 21
[3522] = CNOT 2 22
[3523] = S 2
[3524] = Z 2
[3525] = CNOT 2 22
[3526] = CNOT 2 23
[3527] = Z 2
[3528] = CNOT 2 23
[3529] = CNOT 2 24
[3530] = Z 2
[3531] = CNOT 2 24
[3532] = CNOT 2 9
[3533] = CNOT 2 10
[3534] = CNOT 2 11
[3535] = S 2
[3536] = Z 2
[3537] = CNOT 2 11
[3538] = CNOT 2 14
[3539] = S 2
[3540] = CNOT 2 14
[3541] = CNOT 2 20
[3542] = S 2
[3543] = Z 2
[3544] = CNOT 2 20
[3545] = CNOT 2 22
[3546] = S 2
[3547] = Z 2
[3548] = CNOT 2 22
[3549] = CNOT 2 23
[3550] = Z 2
[3551] = CNOT 2 23
[3552] = CNOT 2 24
[3553] = S 2
[3554] = CNOT 2 24
[3555] = CNOT 2 10
[3556] = CNOT 2 11
[3557] = CNOT 2 13
[3558] = Z 2
[3559] = CNOT 2 13
[3560] = CNOT 2 18
[3561] = S 2
[3562] = Z 2
[3563] = CNOT 2 18
[3564] = CNOT 2 19
[3565] = S 2
[3566] = Z 2
[3567] = CNOT 2 19
[3568] = CNOT 2 20
[3569] = S 2
[3570] = CNOT 2 20
[3571] = CNOT 2 21
[3572] = Z 2
[3573] = CNOT 2 21
[3574] = CNOT 2 22
[3575] = Z 2
[3576] = CNOT 2 22
[3577] = CNOT 2 23
[3578] = S 2
[3579] = CNOT 2 23
[3580] = CNOT 2 11
[3581] = CNOT 2 12
[3582] = CNOT 2 13
[3583] = Z 2
[3584] = CNOT 2 13
[3585] = CNOT 2 23
[3586] = Z 2
[3587] = CNOT 2 23
[3588] = CNOT 2 12
[3589] = CNOT 2 13
[3590] = CNOT 2 22
[3591] = Z 2
[3592] = CNOT 2 22
[3593] = CNOT 2 23
[3594] = Z 2
[3595] = CNOT 2 23
[3596] = CNOT 2 24
[3597] = S 2
[3598] = Z 2
[3599] = CNOT 2 24
[3600] = CNOT 2 13
[3601] = CNOT 2 14
[3602] = CNOT 2 22
[3603] = Z 2
[3604] = CNOT 2 22
[3605] = CNOT 2 23
[3606] = S 2
[3607] = CNOT 2 23
[3608] = CNOT 2 14
[3609] = CNOT 2 18
[3610] = CNOT 2 20
[3611] = S 2
[3612] = Z 2
[3613] = CNOT 2 18
[3614] = CNOT 2 19
[3615] = Z 2
[3616] = CNOT 2 20
[3617] = CNOT 2 21
[3618] = S 2
[3619] = Z 2
[3620] = CNOT 2 19
[3621] = CNOT 2 20
[3622] = Z 2
[3623] = CNOT 2 20
[3624] = CNOT 2 22
[3625] = S 2
[3626] = Z 2
[3627] = CNOT 2 21
[3628] = CNOT 2 23
[3629] = S 2
[3630] = Z 2
[3631] = CNOT 2 23
[3632] = CNOT 2 24
[3633] = Z 2
[3634] = CNOT 2 24
[3635] = CNOT 2 22
[3636] = CNOT 3 4
[3637] = CNOT 3 5
[3638] = Z 3
[3639] = CNOT 3 5
[3640] = CNOT 3 6
[3641] = Z 3
[3642] = CNOT 3 6
[3643] = CNOT 3 7
[3644] = S 3
[3645] = Z 3
[3646] = CNOT 3 7
[3647] = CNOT 3 8
[3648] = Z 3
[3649] = CNOT 3 8
[3650] = CNOT 3 9
[3651] = Z 3
[3652] = CNOT 3 9
[3653] = CNOT 3 10
[3654] = S 3
[3655] = Z 3
[3656] = CNOT 3 10
[3657] = CNOT 3 11
[3658] = Z 3
[3659] = CNOT 3 11
[3660] = CNOT 3 12
[3661] = Z 3
[3662] = CNOT 3 12
[3663] = CNOT 3 13
[3664] = S 3
[3665] = CNOT 3 13
[3666] = CNOT 3 19
[3667] = S 3
[3668] = CNOT 3 19
[3669] = CNOT 3 20
[3670] = S 3
[3671] = Z 3
[3672] = CNOT 3 20
[3673] = CNOT 3 21
[3674] = Z 3
[3675] = CNOT 3 21
[3676] = CNOT 3 22
[3677] = Z 3
[3678] = CNOT 3 22
[3679] = CNOT 3 24
[3680] = Z 3
[3681] = CNOT 3 24
[3682] = CNOT 3 4
[3683] = CNOT 3 5
[3684] = CNOT 3 7
[3685] = S 3
[3686] = Z 3
[3687] = CNOT 3 7
[3688] = CNOT 3 8
[3689] = Z 3
[3690] = CNOT 3 8
[3691] = CNOT 3 9
[3692] = Z 3
[3693] = CNOT 3 9
[3694] = CNOT 3 10
[3695] = S 3
[3696] = Z 3
[3697] = CNOT 3 10
[3698] = CNOT 3 11
[3699] = S 3
[3700] = CNOT 3 11
[3701] = CNOT 3 12
[3702] = S 3
[3703] = CNOT 3 12
[3704] = CNOT 3 13
[3705] = Z 3
[3706] = CNOT 3 13
[3707] = CNOT 3 14
[3708] = S 3
[3709] = Z 3
[3710] = CNOT 3 14
[3711] = CNOT 3 15
[3712] = Z 3
[3713] = CNOT 3 15
[3714] = CNOT 3 21
[3715] = S 3
[3716] = Z 3
[3717] = CNOT 3 21
[3718] = CNOT 3 22
[3719] = S 3
[3720] = CNOT 3 22
[3721] = CNOT 3 24
[3722] = S 3
[3723] = Z 3
[3724] = CNOT 3 24
[3725] = CNOT 3 5
[3726] = CNOT 3 6
[3727] = CNOT 3 8
[3728] = S 3
[3729] = CNOT 3 8
[3730] = CNOT 3 9
[3731] = S 3
[3732] = CNOT 3 9
[3733] = CNOT 3 11
[3734] = S 3
[3735] = CNOT 3 11
[3736] = CNOT 3 12
[3737] = S 3
[3738] = CNOT 3 12
[3739] = CNOT 3 13
[3740] = S 3
[3741] = CNOT 3 13
[3742] = CNOT 3 14
[3743] = S 3
[3744] = CNOT 3 14
[3745] = CNOT 3 15
[3746] = Z 3
[3747] = CNOT 3 15
[3748] = CNOT 3 19
[3749] = S 3
[3750] = Z 3
[3751] = CNOT 3 19
[3752] = CNOT 3 20
[3753] = S 3
[3754] = CNOT 3 20
[3755] = CNOT 3 22
[3756] = Z 3
[3757] = CNOT 3 22
[3758] = CNOT 3 23
[3759] = S 3
[3760] = Z 3
[3761] = CNOT 3 23
[3762] = CNOT 3 24
[3763] = S 3
[3764] = CNOT 3 24
[3765] = CNOT 3 6
[3766] = CNOT 3 7
[3767] = CNOT 3 8
[3768] = Z 3
[3769] = CNOT 3 8
[3770] = CNOT 3 9
[3771] = Z 3
[3772] = CNOT 3 9
[3773] = CNOT 3 10
[3774] = S 3
[3775] = Z 3
[3776] = CNOT 3 10
[3777] = CNOT 3 11
[3778] = Z 3
[3779] = CNOT 3 11
[3780] = CNOT 3 14
[3781] = S 3
[3782] = CNOT 3 14
[3783] = CNOT 3 19
[3784] = Z 3
[3785] = CNOT 3 19
[3786] = CNOT 3 21
[3787] = S 3
[3788] = Z 3
[3789] = CNOT 3 21
[3790] = CNOT 3 22
[3791] = S 3
[3792] = Z 3
[3793] = CNOT 3 22
[3794] = CNOT 3 23
[3795] = Z 3
[3796] = CNOT 3 23
[3797] = CNOT 3 24
[3798] = S 3
[3799] = CNOT 3 24
[3800] = CNOT 3 7
[3801] = CNOT 3 8
[3802] = CNOT 3 9
[3803] = S 3
[3804] = Z 3
[3805] = CNOT 3 9
[3806] = CNOT 3 10
[3807] = Z 3
[3808] = CNOT 3 10
[3809] = CNOT 3 15
[3810] = S 3
[3811] = Z 3
[3812] = CNOT 3 15
[3813] = CNOT 3 19
[3814] = S 3
[3815] = CNOT 3 19
[3816] = CNOT 3 20
[3817] = Z 3
[3818] = CNOT 3 20
[3819] = CNOT 3 21
[3820] = S 3
[3821] = CNOT 3 21
[3822] = CNOT 3 22
[3823] = S 3
[3824] = Z 3
[3825] = CNOT 3 22
[3826] = CNOT 3 23
[3827] = Z 3
[3828] = CNOT 3 23
[3829] = CNOT 3 24
[3830] = S 3
[3831] = CNOT 3 24
[3832] = CNOT 3 8
[3833] = CNOT 3 9
[3834] = CNOT 3 10
[3835] = Z 3
[3836] = CNOT 3 10
[3837] = CNOT 3 15
[3838] = S 3
[3839] = Z 3
[3840] = CNOT 3 15
[3841] = CNOT 3 19
[3842] = S 3
[3843] = CNOT 3 19
[3844] = CNOT 3 20
[3845] = Z 3
[3846] = CNOT 3 20
[3847] = CNOT 3 21
[3848] = S 3
[3849] = CNOT 3 21
[3850] = CNOT 3 22
[3851] = S 3
[3852] = Z 3
[3853] = CNOT 3 22
[3854] = CNOT 3 23
[3855] = Z 3
[3856] = CNOT 3 23
[3857] = CNOT 3 24
[3858] = S 3
[3859] = CNOT 3 24
[3860] = CNOT 3 9
[3861] = CNOT 3 10
[3862] = CNOT 3 11
[3863] = Z 3
[3864] = CNOT 3 11
[3865] = CNOT 3 14
[3866] = S 3
[3867] = CNOT 3 14
[3868] = CNOT 3 19
[3869] = Z 3
[3870] = CNOT 3 19
[3871] = CNOT 3 21
[3872] = S 3
[3873] = Z 3
[3874] = CNOT 3 21
[3875] = CNOT 3 22
[3876] = S 3
[3877] = Z 3
[3878] = CNOT 3 22
[3879] = CNOT 3 23
[3880] = Z 3
[3881] = CNOT 3 23
[3882] = CNOT 3 24
[3883] = S 3
[3884] = CNOT 3 24
[3885] = CNOT 3 10
[3886] = CNOT 3 11
[3887] = CNOT 3 12
[3888] = S 3
[3889] = CNOT 3 12
[3890] = CNOT 3 13
[3891] = S 3
[3892] = CNOT 3 13
[3893] = CNOT 3 19
[3894] = S 3
[3895] = Z 3
[3896] = CNOT 3 19
[3897] = CNOT 3 20
[3898] = S 3
[3899] = CNOT 3 20
[3900] = CNOT 3 23
[3901] = S 3
[3902] = Z 3
[3903] = CNOT 3 23
[3904] = CNOT 3 24
[3905] = Z 3
[3906] = CNOT 3 24
[3907] = CNOT 3 11
[3908] = CNOT 3 12
[3909] = CNOT 3 13
[3910] = Z 3
[3911] = CNOT 3 13
[3912] = CNOT 3 21
[3913] = S 3
[3914] = Z 3
[3915] = CNOT 3 21
[3916] = CNOT 3 22
[3917] = Z 3
[3918] = CNOT 3 22
[3919] = CNOT 3 23
[3920] = S 3
[3921] = Z 3
[3922] = CNOT 3 23
[3923] = CNOT 3 24
[3924] = S 3
[3925] = Z 3
[3926] = CNOT 3 24
[3927] = CNOT 3 12
[3928] = CNOT 3 13
[3929] = CNOT 3 21
[3930] = S 3
[3931] = Z 3
[3932] = CNOT 3 21
[3933] = CNOT 3 22
[3934] = Z 3
[3935] = CNOT 3 22
[3936] = CNOT 3 24
[3937] = Z 3
[3938] = CNOT 3 24
[3939] = CNOT 3 13
[3940] = CNOT 3 14
[3941] = CNOT 3 15
[3942] = Z 3
[3943] = CNOT 3 15
[3944] = CNOT 3 22
[3945] = S 3
[3946] = CNOT 3 22
[3947] = CNOT 3 23
[3948] = Z 3
[3949] = CNOT 3 14
[3950] = CNOT 3 15
[3951] = S 3
[3952] = Z 3
[3953] = CNOT 3 23
[3954] = CNOT 3 24
[3955] = Z 3
[3956] = CNOT 3 24
[3957] = CNOT 3 15
[3958] = CNOT 3 19
[3959] = CNOT 3 20
[3960] = S 3
[3961] = CNOT 3 20
[3962] = CNOT 3 21
[3963] = S 3
[3964] = CNOT 3 19
[3965] = CNOT 3 20
[3966] = Z 3
[3967] = CNOT 3 20
[3968] = CNOT 3 22
[3969] = S 3
[3970] = Z 3
[3971] = CNOT 3 22
[3972] = CNOT 3 24
[3973] = S 3
[3974] = Z 3
[3975] = CNOT 3 24
[3976] = CNOT 3 21
[3977] = CNOT 3 22
[3978] = CNOT 3 23
[3979] = S 3
[3980] = CNOT 3 23
[3981] = CNOT 3 24
[3982] = S 3
[3983] = CNOT 3 22
[3984] = CNOT 3 23
[3985] = S 3
[3986] = Z 3
[3987] = CNOT 3 24
[3988] = CNOT 3 23
[3989] = CNOT 4 5
[3990] = CNOT 4 12
[3991] = Z 4
[3992] = CNOT 4 12
[3993] = CNOT 4 21
[3994] = S 4
[3995] = Z 4
[3996] = CNOT 4 21
[3997] = CNOT 4 23
[3998] = S 4
[3999] = Z 4
[4000] = CNOT 4 23
[4001] = CNOT 4 24
[4002] = Z 4
[4003] = CNOT 4 24
[4004] = CNOT 4 5
[4005] = CNOT 4 6
[4006] = CNOT 4 7
[4007] = S 4
[4008] = Z 4
[4009] = CNOT 4 7
[4010] = CNOT 4 8
[4011] = Z 4
[4012] = CNOT 4 8
[4013] = CNOT 4 9
[4014] = Z 4
[4015] = CNOT 4 9
[4016] = CNOT 4 10
[4017] = S 4
[4018] = Z 4
[4019] = CNOT 4 10
[4020] = CNOT 4 11
[4021] = S 4
[4022] = Z 4
[4023] = CNOT 4 11
[4024] = CNOT 4 19
[4025] = S 4
[4026] = CNOT 4 19
[4027] = CNOT 4 20
[4028] = S 4
[4029] = Z 4
[4030] = CNOT 4 20
[4031] = CNOT 4 21
[4032] = Z 4
[4033] = CNOT 4 21
[4034] = CNOT 4 23
[4035] = Z 4
[4036] = CNOT 4 23
[4037] = CNOT 4 24
[4038] = Z 4
[4039] = CNOT 4 24
[4040] = CNOT 4 6
[4041] = CNOT 4 7
[4042] = CNOT 4 8
[4043] = S 4
[4044] = Z 4
[4045] = CNOT 4 8
[4046] = CNOT 4 9
[4047] = S 4
[4048] = Z 4
[4049] = CNOT 4 9
[4050] = CNOT 4 10
[4051] = S 4
[4052] = Z 4
[4053] = CNOT 4 10
[4054] = CNOT 4 11
[4055] = S 4
[4056] = Z 4
[4057] = CNOT 4 11
[4058] = CNOT 4 19
[4059] = S 4
[4060] = Z 4
[4061] = CNOT 4 19
[4062] = CNOT 4 7
[4063] = CNOT 4 8
[4064] = CNOT 4 10
[4065] = S 4
[4066] = Z 4
[4067] = CNOT 4 10
[4068] = CNOT 4 11
[4069] = Z 4
[4070] = CNOT 4 11
[4071] = CNOT 4 13
[4072] = Z 4
[4073] = CNOT 4 13
[4074] = CNOT 4 19
[4075] = Z 4
[4076] = CNOT 4 19
[4077] = CNOT 4 21
[4078] = S 4
[4079] = Z 4
[4080] = CNOT 4 21
[4081] = CNOT 4 22
[4082] = S 4
[4083] = Z 4
[4084] = CNOT 4 22
[4085] = CNOT 4 23
[4086] = Z 4
[4087] = CNOT 4 23
[4088] = CNOT 4 24
[4089] = Z 4
[4090] = CNOT 4 24
[4091] = CNOT 4 8
[4092] = CNOT 4 9
[4093] = CNOT 4 10
[4094] = S 4
[4095] = Z 4
[4096] = CNOT 4 10
[4097] = CNOT 4 11
[4098] = Z 4
[4099] = CNOT 4 11
[4100] = CNOT 4 13
[4101] = Z 4
[4102] = CNOT 4 13
[4103] = CNOT 4 19
[4104] = Z 4
[4105] = CNOT 4 19
[4106] = CNOT 4 21
[4107] = S 4
[4108] = Z 4
[4109] = CNOT 4 21
[4110] = CNOT 4 22
[4111] = S 4
[4112] = Z 4
[4113] = CNOT 4 22
[4114] = CNOT 4 23
[4115] = Z 4
[4116] = CNOT 4 23
[4117] = CNOT 4 24
[4118] = Z 4
[4119] = CNOT 4 24
[4120] = CNOT 4 9
[4121] = CNOT 4 10
[4122] = CNOT 4 11
[4123] = S 4
[4124] = Z 4
[4125] = CNOT 4 11
[4126] = CNOT 4 19
[4127] = S 4
[4128] = Z 4
[4129] = CNOT 4 10
[4130] = CNOT 4 11
[4131] = S 4
[4132] = CNOT 4 19
[4133] = CNOT 4 20
[4134] = S 4
[4135] = Z 4
[4136] = CNOT 4 20
[4137] = CNOT 4 21
[4138] = Z 4
[4139] = CNOT 4 21
[4140] = CNOT 4 23
[4141] = Z 4
[4142] = CNOT 4 23
[4143] = CNOT 4 24
[4144] = Z 4
[4145] = CNOT 4 24
[4146] = CNOT 4 11
[4147] = CNOT 4 12
[4148] = CNOT 4 21
[4149] = S 4
[4150] = Z 4
[4151] = CNOT 4 21
[4152] = CNOT 4 23
[4153] = S 4
[4154] = Z 4
[4155] = CNOT 4 23
[4156] = CNOT 4 24
[4157] = Z 4
[4158] = CNOT 4 24
[4159] = CNOT 4 12
[4160] = CNOT 4 13
[4161] = CNOT 4 21
[4162] = Z 4
[4163] = CNOT 4 21
[4164] = CNOT 4 22
[4165] = S 4
[4166] = Z 4
[4167] = CNOT 4 22
[4168] = CNOT 4 23
[4169] = S 4
[4170] = CNOT 4 23
[4171] = CNOT 4 24
[4172] = Z 4
[4173] = CNOT 4 24
[4174] = CNOT 4 13
[4175] = CNOT 4 19
[4176] = CNOT 4 20
[4177] = S 4
[4178] = Z 4
[4179] = CNOT 4 20
[4180] = CNOT 4 21
[4181] = S 4
[4182] = Z 4
[4183] = CNOT 4 19
[4184] = CNOT 4 22
[4185] = S 4
[4186] = Z 4
[4187] = CNOT 4 22
[4188] = CNOT 4 24
[4189] = Z 4
[4190] = CNOT 4 24
[4191] = CNOT 4 21
[4192] = CNOT 4 22
[4193] = CNOT 4 23
[4194] = S 4
[4195] = CNOT 4 23
[4196] = CNOT 4 24
[4197] = S 4
[4198] = CNOT 4 22
[4199] = CNOT 4 23
[4200] = Z 4
[4201] = CNOT 4 24
[4202] = CNOT 4 23
[4203] = CNOT 5 6
[4204] = CNOT 5 7
[4205] = S 5
[4206] = Z 5
[4207] = CNOT 5 7
[4208] = CNOT 5 8
[4209] = Z 5
[4210] = CNOT 5 8
[4211] = CNOT 5 9
[4212] = Z 5
[4213] = CNOT 5 9
[4214] = CNOT 5 10
[4215] = S 5
[4216] = Z 5
[4217] = CNOT 5 10
[4218] = CNOT 5 12
[4219] = S 5
[4220] = Z 5
[4221] = CNOT 5 12
[4222] = CNOT 5 13
[4223] = S 5
[4224] = CNOT 5 13
[4225] = CNOT 5 14
[4226] = S 5
[4227] = Z 5
[4228] = CNOT 5 14
[4229] = CNOT 5 15
[4230] = Z 5
[4231] = CNOT 5 15
[4232] = CNOT 5 21
[4233] = S 5
[4234] = Z 5
[4235] = CNOT 5 21
[4236] = CNOT 5 22
[4237] = S 5
[4238] = Z 5
[4239] = CNOT 5 22
[4240] = CNOT 5 23
[4241] = S 5
[4242] = Z 5
[4243] = CNOT 5 23
[4244] = CNOT 5 24
[4245] = S 5
[4246] = Z 5
[4247] = CNOT 5 24
[4248] = CNOT 5 6
[4249] = CNOT 5 7
[4250] = CNOT 5 10
[4251] = S 5
[4252] = Z 5
[4253] = CNOT 5 10
[4254] = CNOT 5 14
[4255] = S 5
[4256] = Z 5
[4257] = CNOT 5 14
[4258] = CNOT 5 23
[4259] = S 5
[4260] = Z 5
[4261] = CNOT 5 23
[4262] = CNOT 5 24
[4263] = S 5
[4264] = Z 5
[4265] = CNOT 5 24
[4266] = CNOT 5 7
[4267] = CNOT 5 8
[4268] = CNOT 5 11
[4269] = S 5
[4270] = Z 5
[4271] = CNOT 5 11
[4272] = CNOT 5 14
[4273] = S 5
[4274] = CNOT 5 14
[4275] = CNOT 5 15
[4276] = Z 5
[4277] = CNOT 5 15
[4278] = CNOT 5 17
[4279] = S 5
[4280] = Z 5
[4281] = CNOT 5 17
[4282] = CNOT 5 18
[4283] = S 5
[4284] = Z 5
[4285] = CNOT 5 18
[4286] = CNOT 5 22
[4287] = S 5
[4288] = Z 5
[4289] = CNOT 5 22
[4290] = CNOT 5 23
[4291] = Z 5
[4292] = CNOT 5 23
[4293] = CNOT 5 8
[4294] = CNOT 5 9
[4295] = CNOT 5 11
[4296] = S 5
[4297] = Z 5
[4298] = CNOT 5 11
[4299] = CNOT 5 14
[4300] = S 5
[4301] = CNOT 5 14
[4302] = CNOT 5 15
[4303] = Z 5
[4304] = CNOT 5 15
[4305] = CNOT 5 17
[4306] = S 5
[4307] = Z 5
[4308] = CNOT 5 17
[4309] = CNOT 5 18
[4310] = S 5
[4311] = Z 5
[4312] = CNOT 5 18
[4313] = CNOT 5 22
[4314] = S 5
[4315] = Z 5
[4316] = CNOT 5 22
[4317] = CNOT 5 23
[4318] = Z 5
[4319] = CNOT 5 23
[4320] = CNOT 5 9
[4321] = CNOT 5 10
[4322] = CNOT 5 14
[4323] = S 5
[4324] = Z 5
[4325] = CNOT 5 14
[4326] = CNOT 5 23
[4327] = S 5
[4328] = Z 5
[4329] = CNOT 5 23
[4330] = CNOT 5 24
[4331] = S 5
[4332] = Z 5
[4333] = CNOT 5 24
[4334] = CNOT 5 10
[4335] = CNOT 5 11
[4336] = CNOT 5 12
[4337] = S 5
[4338] = Z 5
[4339] = CNOT 5 12
[4340] = CNOT 5 13
[4341] = S 5
[4342] = CNOT 5 13
[4343] = CNOT 5 14
[4344] = Z 5
[4345] = CNOT 5 14
[4346] = CNOT 5 15
[4347] = Z 5
[4348] = CNOT 5 15
[4349] = CNOT 5 17
[4350] = Z 5
[4351] = CNOT 5 17
[4352] = CNOT 5 18
[4353] = Z 5
[4354] = CNOT 5 18
[4355] = CNOT 5 21
[4356] = S 5
[4357] = Z 5
[4358] = CNOT 5 21
[4359] = CNOT 5 24
[4360] = S 5
[4361] = CNOT 5 24
[4362] = CNOT 5 11
[4363] = CNOT 5 12
[4364] = CNOT 5 22
[4365] = S 5
[4366] = Z 5
[4367] = CNOT 5 22
[4368] = CNOT 5 23
[4369] = Z 5
[4370] = CNOT 5 23
[4371] = CNOT 5 12
[4372] = CNOT 5 13
[4373] = CNOT 5 21
[4374] = S 5
[4375] = Z 5
[4376] = CNOT 5 21
[4377] = CNOT 5 22
[4378] = S 5
[4379] = CNOT 5 22
[4380] = CNOT 5 23
[4381] = S 5
[4382] = Z 5
[4383] = CNOT 5 23
[4384] = CNOT 5 24
[4385] = Z 5
[4386] = CNOT 5 24
[4387] = CNOT 5 13
[4388] = CNOT 5 14
[4389] = CNOT 5 17
[4390] = Z 5
[4391] = CNOT 5 17
[4392] = CNOT 5 18
[4393] = Z 5
[4394] = CNOT 5 18
[4395] = CNOT 5 22
[4396] = S 5
[4397] = Z 5
[4398] = CNOT 5 22
[4399] = CNOT 5 23
[4400] = S 5
[4401] = Z 5
[4402] = CNOT 5 23
[4403] = CNOT 5 24
[4404] = Z 5
[4405] = CNOT 5 24
[4406] = CNOT 5 14
[4407] = CNOT 5 15
[4408] = CNOT 5 17
[4409] = Z 5
[4410] = CNOT 5 17
[4411] = CNOT 5 18
[4412] = Z 5
[4413] = CNOT 5 18
[4414] = CNOT 5 23
[4415] = S 5
[4416] = CNOT 5 23
[4417] = CNOT 5 15
[4418] = CNOT 5 17
[4419] = CNOT 5 18
[4420] = Z 5
[4421] = CNOT 5 18
[4422] = CNOT 5 23
[4423] = Z 5
[4424] = CNOT 5 23
[4425] = CNOT 5 24
[4426] = Z 5
[4427] = CNOT 5 24
[4428] = CNOT 5 17
[4429] = CNOT 5 18
[4430] = CNOT 5 23
[4431] = Z 5
[4432] = CNOT 5 23
[4433] = CNOT 5 24
[4434] = Z 5
[4435] = CNOT 5 24
[4436] = CNOT 5 18
[4437] = CNOT 5 21
[4438] = CNOT 5 22
[4439] = Z 5
[4440] = CNOT 5 22
[4441] = CNOT 5 24
[4442] = Z 5
[4443] = CNOT 5 24
[4444] = CNOT 5 21
[4445] = CNOT 5 22
[4446] = CNOT 5 23
[4447] = S 5
[4448] = CNOT 5 23
[4449] = CNOT 5 24
[4450] = S 5
[4451] = CNOT 5 22
[4452] = CNOT 5 23
[4453] = S 5
[4454] = Z 5
[4455] = CNOT 5 24
[4456] = CNOT 5 23
[4457] = CNOT 6 7
[4458] = CNOT 6 8
[4459] = S 6
[4460] = Z 6
[4461] = CNOT 6 8
[4462] = CNOT 6 9
[4463] = S 6
[4464] = Z 6
[4465] = CNOT 6 9
[4466] = CNOT 6 10
[4467] = S 6
[4468] = CNOT 6 10
[4469] = CNOT 6 11
[4470] = S 6
[4471] = Z 6
[4472] = CNOT 6 11
[4473] = CNOT 6 14
[4474] = Z 6
[4475] = CNOT 6 14
[4476] = CNOT 6 18
[4477] = S 6
[4478] = Z 6
[4479] = CNOT 6 18
[4480] = CNOT 6 19
[4481] = S 6
[4482] = CNOT 6 19
[4483] = CNOT 6 20
[4484] = S 6
[4485] = CNOT 6 20
[4486] = CNOT 6 21
[4487] = S 6
[4488] = Z 6
[4489] = CNOT 6 21
[4490] = CNOT 6 22
[4491] = S 6
[4492] = Z 6
[4493] = CNOT 6 22
[4494] = CNOT 6 23
[4495] = S 6
[4496] = Z 6
[4497] = CNOT 6 23
[4498] = CNOT 6 24
[4499] = Z 6
[4500] = CNOT 6 24
[4501] = CNOT 6 7
[4502] = CNOT 6 8
[4503] = CNOT 6 9
[4504] = S 6
[4505] = CNOT 6 9
[4506] = CNOT 6 10
[4507] = S 6
[4508] = Z 6
[4509] = CNOT 6 10
[4510] = CNOT 6 14
[4511] = S 6
[4512] = CNOT 6 14
[4513] = CNOT 6 15
[4514] = S 6
[4515] = Z 6
[4516] = CNOT 6 15
[4517] = CNOT 6 18
[4518] = Z 6
[4519] = CNOT 6 18
[4520] = CNOT 6 20
[4521] = S 6
[4522] = Z 6
[4523] = CNOT 6 20
[4524] = CNOT 6 21
[4525] = Z 6
[4526] = CNOT 6 21
[4527] = CNOT 6 23
[4528] = S 6
[4529] = Z 6
[4530] = CNOT 6 23
[4531] = CNOT 6 24
[4532] = Z 6
[4533] = CNOT 6 24
[4534] = CNOT 6 8
[4535] = CNOT 6 9
[4536] = CNOT 6 10
[4537] = S 6
[4538] = Z 6
[4539] = CNOT 6 10
[4540] = CNOT 6 14
[4541] = S 6
[4542] = CNOT 6 14
[4543] = CNOT 6 15
[4544] = S 6
[4545] = Z 6
[4546] = CNOT 6 15
[4547] = CNOT 6 18
[4548] = Z 6
[4549] = CNOT 6 18
[4550] = CNOT 6 20
[4551] = S 6
[4552] = Z 6
[4553] = CNOT 6 20
[4554] = CNOT 6 21
[4555] = Z 6
[4556] = CNOT 6 21
[4557] = CNOT 6 23
[4558] = S 6
[4559] = Z 6
[4560] = CNOT 6 23
[4561] = CNOT 6 24
[4562] = Z 6
[4563] = CNOT 6 24
[4564] = CNOT 6 9
[4565] = CNOT 6 10
[4566] = CNOT 6 11
[4567] = S 6
[4568] = Z 6
[4569] = CNOT 6 11
[4570] = CNOT 6 14
[4571] = Z 6
[4572] = CNOT 6 14
[4573] = CNOT 6 18
[4574] = S 6
[4575] = Z 6
[4576] = CNOT 6 18
[4577] = CNOT 6 19
[4578] = S 6
[4579] = CNOT 6 19
[4580] = CNOT 6 20
[4581] = S 6
[4582] = CNOT 6 20
[4583] = CNOT 6 21
[4584] = S 6
[4585] = Z 6
[4586] = CNOT 6 21
[4587] = CNOT 6 22
[4588] = S 6
[4589] = Z 6
[4590] = CNOT 6 22
[4591] = CNOT 6 23
[4592] = S 6
[4593] = Z 6
[4594] = CNOT 6 23
[4595] = CNOT 6 24
[4596] = Z 6
[4597] = CNOT 6 24
[4598] = CNOT 6 10
[4599] = CNOT 6 11
[4600] = CNOT 6 12
[4601] = S 6
[4602] = Z 6
[4603] = CNOT 6 12
[4604] = CNOT 6 18
[4605] = S 6
[4606] = CNOT 6 18
[4607] = CNOT 6 19
[4608] = Z 6
[4609] = CNOT 6 19
[4610] = CNOT 6 22
[4611] = S 6
[4612] = CNOT 6 22
[4613] = CNOT 6 11
[4614] = CNOT 6 12
[4615] = CNOT 6 13
[4616] = S 6
[4617] = CNOT 6 13
[4618] = CNOT 6 21
[4619] = S 6
[4620] = Z 6
[4621] = CNOT 6 21
[4622] = CNOT 6 23
[4623] = Z 6
[4624] = CNOT 6 23
[4625] = CNOT 6 24
[4626] = S 6
[4627] = Z 6
[4628] = CNOT 6 24
[4629] = CNOT 6 12
[4630] = CNOT 6 13
[4631] = CNOT 6 21
[4632] = S 6
[4633] = Z 6
[4634] = CNOT 6 21
[4635] = CNOT 6 22
[4636] = S 6
[4637] = CNOT 6 22
[4638] = CNOT 6 23
[4639] = S 6
[4640] = Z 6
[4641] = CNOT 6 23
[4642] = CNOT 6 24
[4643] = Z 6
[4644] = CNOT 6 24
[4645] = CNOT 6 13
[4646] = CNOT 6 14
[4647] = CNOT 6 15
[4648] = Z 6
[4649] = CNOT 6 15
[4650] = CNOT 6 22
[4651] = Z 6
[4652] = CNOT 6 22
[4653] = CNOT 6 24
[4654] = S 6
[4655] = Z 6
[4656] = CNOT 6 24
[4657] = CNOT 6 14
[4658] = CNOT 6 15
[4659] = CNOT 6 23
[4660] = S 6
[4661] = Z 6
[4662] = CNOT 6 23
[4663] = CNOT 6 24
[4664] = Z 6
[4665] = CNOT 6 24
[4666] = CNOT 6 15
[4667] = CNOT 6 18
[4668] = CNOT 6 20
[4669] = S 6
[4670] = CNOT 6 18
[4671] = CNOT 6 19
[4672] = S 6
[4673] = CNOT 6 20
[4674] = CNOT 6 21
[4675] = Z 6
[4676] = CNOT 6 19
[4677] = CNOT 6 20
[4678] = S 6
[4679] = Z 6
[4680] = CNOT 6 20
[4681] = CNOT 6 22
[4682] = S 6
[4683] = Z 6
[4684] = CNOT 6 22
[4685] = CNOT 6 24
[4686] = S 6
[4687] = Z 6
[4688] = CNOT 6 21
[4689] = CNOT 6 22
[4690] = Z 6
[4691] = CNOT 6 22
[4692] = CNOT 6 23
[4693] = S 6
[4694] = CNOT 6 24
[4695] = CNOT 6 23
[4696] = CNOT 7 8
[4697] = CNOT 7 10
[4698] = S 7
[4699] = Z 7
[4700] = CNOT 7 10
[4701] = CNOT 7 11
[4702] = S 7
[4703] = Z 7
[4704] = CNOT 7 11
[4705] = CNOT 7 18
[4706] = S 7
[4707] = Z 7
[4708] = CNOT 7 18
[4709] = CNOT 7 19
[4710] = S 7
[4711] = CNOT 7 19
[4712] = CNOT 7 20
[4713] = S 7
[4714] = CNOT 7 20
[4715] = CNOT 7 21
[4716] = S 7
[4717] = Z 7
[4718] = CNOT 7 21
[4719] = CNOT 7 8
[4720] = CNOT 7 9
[4721] = CNOT 7 10
[4722] = S 7
[4723] = Z 7
[4724] = CNOT 7 10
[4725] = CNOT 7 11
[4726] = S 7
[4727] = Z 7
[4728] = CNOT 7 11
[4729] = CNOT 7 18
[4730] = S 7
[4731] = Z 7
[4732] = CNOT 7 18
[4733] = CNOT 7 19
[4734] = S 7
[4735] = CNOT 7 19
[4736] = CNOT 7 20
[4737] = S 7
[4738] = CNOT 7 20
[4739] = CNOT 7 21
[4740] = S 7
[4741] = Z 7
[4742] = CNOT 7 21
[4743] = CNOT 7 9
[4744] = CNOT 7 10
[4745] = CNOT 7 11
[4746] = S 7
[4747] = Z 7
[4748] = CNOT 7 11
[4749] = CNOT 7 14
[4750] = S 7
[4751] = CNOT 7 14
[4752] = CNOT 7 18
[4753] = S 7
[4754] = Z 7
[4755] = CNOT 7 18
[4756] = CNOT 7 19
[4757] = S 7
[4758] = CNOT 7 19
[4759] = CNOT 7 20
[4760] = S 7
[4761] = CNOT 7 20
[4762] = CNOT 7 21
[4763] = S 7
[4764] = Z 7
[4765] = CNOT 7 21
[4766] = CNOT 7 22
[4767] = S 7
[4768] = Z 7
[4769] = CNOT 7 22
[4770] = CNOT 7 23
[4771] = Z 7
[4772] = CNOT 7 23
[4773] = CNOT 7 10
[4774] = CNOT 7 11
[4775] = CNOT 7 18
[4776] = S 7
[4777] = Z 7
[4778] = CNOT 7 18
[4779] = CNOT 7 19
[4780] = S 7
[4781] = CNOT 7 19
[4782] = CNOT 7 20
[4783] = S 7
[4784] = CNOT 7 20
[4785] = CNOT 7 21
[4786] = S 7
[4787] = Z 7
[4788] = CNOT 7 21
[4789] = CNOT 7 11
[4790] = CNOT 7 14
[4791] = CNOT 7 22
[4792] = S 7
[4793] = Z 7
[4794] = CNOT 7 22
[4795] = CNOT 7 23
[4796] = Z 7
[4797] = CNOT 7 23
[4798] = CNOT 7 24
[4799] = S 7
[4800] = CNOT 7 24
[4801] = CNOT 7 14
[4802] = CNOT 7 18
[4803] = CNOT 7 20
[4804] = S 7
[4805] = Z 7
[4806] = CNOT 7 18
[4807] = CNOT 7 19
[4808] = S 7
[4809] = Z 7
[4810] = CNOT 7 20
[4811] = CNOT 7 21
[4812] = S 7
[4813] = Z 7
[4814] = CNOT 7 21
[4815] = CNOT 7 19
[4816] = CNOT 7 22
[4817] = CNOT 7 23
[4818] = S 7
[4819] = Z 7
[4820] = CNOT 7 23
[4821] = CNOT 7 24
[4822] = S 7
[4823] = Z 7
[4824] = CNOT 7 22
[4825] = CNOT 7 23
[4826] = Z 7
[4827] = CNOT 7 24
[4828] = CNOT 7 23
[4829] = CNOT 8 9
[4830] = CNOT 8 10
[4831] = S 8
[4832] = Z 8
[4833] = CNOT 8 10
[4834] = CNOT 8 11
[4835] = S 8
[4836] = Z 8
[4837] = CNOT 8 11
[4838] = CNOT 8 13
[4839] = Z 8
[4840] = CNOT 8 13
[4841] = CNOT 8 14
[4842] = S 8
[4843] = Z 8
[4844] = CNOT 8 14
[4845] = CNOT 8 15
[4846] = Z 8
[4847] = CNOT 8 15
[4848] = CNOT 8 17
[4849] = S 8
[4850] = Z 8
[4851] = CNOT 8 17
[4852] = CNOT 8 18
[4853] = S 8
[4854] = CNOT 8 18
[4855] = CNOT 8 19
[4856] = S 8
[4857] = Z 8
[4858] = CNOT 8 19
[4859] = CNOT 8 20
[4860] = Z 8
[4861] = CNOT 8 20
[4862] = CNOT 8 23
[4863] = Z 8
[4864] = CNOT 8 23
[4865] = CNOT 8 9
[4866] = CNOT 8 10
[4867] = CNOT 8 11
[4868] = S 8
[4869] = Z 8
[4870] = CNOT 8 11
[4871] = CNOT 8 18
[4872] = S 8
[4873] = Z 8
[4874] = CNOT 8 18
[4875] = CNOT 8 19
[4876] = S 8
[4877] = CNOT 8 19
[4878] = CNOT 8 20
[4879] = S 8
[4880] = CNOT 8 20
[4881] = CNOT 8 21
[4882] = S 8
[4883] = Z 8
[4884] = CNOT 8 21
[4885] = CNOT 8 10
[4886] = CNOT 8 11
[4887] = CNOT 8 14
[4888] = S 8
[4889] = Z 8
[4890] = CNOT 8 14
[4891] = CNOT 8 15
[4892] = S 8
[4893] = Z 8
[4894] = CNOT 8 15
[4895] = CNOT 8 17
[4896] = S 8
[4897] = Z 8
[4898] = CNOT 8 17
[4899] = CNOT 8 18
[4900] = S 8
[4901] = CNOT 8 18
[4902] = CNOT 8 20
[4903] = S 8
[4904] = Z 8
[4905] = CNOT 8 20
[4906] = CNOT 8 21
[4907] = Z 8
[4908] = CNOT 8 21
[4909] = CNOT 8 23
[4910] = S 8
[4911] = Z 8
[4912] = CNOT 8 23
[4913] = CNOT 8 24
[4914] = S 8
[4915] = Z 8
[4916] = CNOT 8 24
[4917] = CNOT 8 11
[4918] = CNOT 8 13
[4919] = CNOT 8 22
[4920] = S 8
[4921] = Z 8
[4922] = CNOT 8 22
[4923] = CNOT 8 23
[4924] = Z 8
[4925] = CNOT 8 23
[4926] = CNOT 8 24
[4927] = Z 8
[4928] = CNOT 8 24
[4929] = CNOT 8 13
[4930] = CNOT 8 14
[4931] = CNOT 8 15
[4932] = Z 8
[4933] = CNOT 8 15
[4934] = CNOT 8 17
[4935] = S 8
[4936] = Z 8
[4937] = CNOT 8 17
[4938] = CNOT 8 18
[4939] = S 8
[4940] = Z 8
[4941] = CNOT 8 18
[4942] = CNOT 8 22
[4943] = S 8
[4944] = Z 8
[4945] = CNOT 8 22
[4946] = CNOT 8 23
[4947] = S 8
[4948] = CNOT 8 23
[4949] = CNOT 8 14
[4950] = CNOT 8 15
[4951] = CNOT 8 17
[4952] = S 8
[4953] = Z 8
[4954] = CNOT 8 17
[4955] = CNOT 8 18
[4956] = S 8
[4957] = Z 8
[4958] = CNOT 8 18
[4959] = CNOT 8 23
[4960] = S 8
[4961] = Z 8
[4962] = CNOT 8 23
[4963] = CNOT 8 24
[4964] = Z 8
[4965] = CNOT 8 24
[4966] = CNOT 8 15
[4967] = CNOT 8 17
[4968] = CNOT 8 18
[4969] = S 8
[4970] = Z 8
[4971] = CNOT 8 18
[4972] = CNOT 8 23
[4973] = S 8
[4974] = Z 8
[4975] = CNOT 8 23
[4976] = CNOT 8 24
[4977] = S 8
[4978] = Z 8
[4979] = CNOT 8 24
[4980] = CNOT 8 17
[4981] = CNOT 8 18
[4982] = CNOT 8 20
[4983] = Z 8
[4984] = CNOT 8 20
[4985] = CNOT 8 23
[4986] = S 8
[4987] = Z 8
[4988] = CNOT 8 23
[4989] = CNOT 8 24
[4990] = S 8
[4991] = Z 8
[4992] = CNOT 8 24
[4993] = CNOT 8 18
[4994] = CNOT 8 19
[4995] = CNOT 8 20
[4996] = Z 8
[4997] = CNOT 8 20
[4998] = CNOT 8 21
[4999] = Z 8
[5000] = CNOT 8 19
[5001] = CNOT 8 20
[5002] = S 8
[5003] = Z 8
[5004] = CNOT 8 20
[5005] = CNOT 8 22
[5006] = S 8
[5007] = Z 8
[5008] = CNOT 8 22
[5009] = CNOT 8 24
[5010] = S 8
[5011] = Z 8
[5012] = CNOT 8 24
[5013] = CNOT 8 21
[5014] = CNOT 8 22
[5015] = CNOT 8 23
[5016] = Z 8
[5017] = CNOT 8 23
[5018] = CNOT 8 24
[5019] = S 8
[5020] = CNOT 8 22
[5021] = CNOT 8 23
[5022] = S 8
[5023] = Z 8
[5024] = CNOT 8 24
[5025] = CNOT 8 23
[5026] = CNOT 9 10
[5027] = CNOT 9 11
[5028] = S 9
[5029] = Z 9
[5030] = CNOT 9 11
[5031] = CNOT 9 18
[5032] = S 9
[5033] = Z 9
[5034] = CNOT 9 18
[5035] = CNOT 9 19
[5036] = S 9
[5037] = CNOT 9 19
[5038] = CNOT 9 20
[5039] = S 9
[5040] = CNOT 9 20
[5041] = CNOT 9 21
[5042] = S 9
[5043] = Z 9
[5044] = CNOT 9 21
[5045] = CNOT 9 10
[5046] = CNOT 9 11
[5047] = CNOT 9 14
[5048] = S 9
[5049] = Z 9
[5050] = CNOT 9 14
[5051] = CNOT 9 15
[5052] = S 9
[5053] = Z 9
[5054] = CNOT 9 15
[5055] = CNOT 9 17
[5056] = S 9
[5057] = Z 9
[5058] = CNOT 9 17
[5059] = CNOT 9 18
[5060] = S 9
[5061] = CNOT 9 18
[5062] = CNOT 9 20
[5063] = S 9
[5064] = Z 9
[5065] = CNOT 9 20
[5066] = CNOT 9 21
[5067] = Z 9
[5068] = CNOT 9 21
[5069] = CNOT 9 23
[5070] = S 9
[5071] = Z 9
[5072] = CNOT 9 23
[5073] = CNOT 9 24
[5074] = S 9
[5075] = Z 9
[5076] = CNOT 9 24
[5077] = CNOT 9 11
[5078] = CNOT 9 13
[5079] = CNOT 9 22
[5080] = S 9
[5081] = Z 9
[5082] = CNOT 9 22
[5083] = CNOT 9 23
[5084] = Z 9
[5085] = CNOT 9 23
[5086] = CNOT 9 24
[5087] = Z 9
[5088] = CNOT 9 24
[5089] = CNOT 9 13
[5090] = CNOT 9 14
[5091] = CNOT 9 15
[5092] = Z 9
[5093] = CNOT 9 15
[5094] = CNOT 9 17
[5095] = S 9
[5096] = Z 9
[5097] = CNOT 9 17
[5098] = CNOT 9 18
[5099] = S 9
[5100] = Z 9
[5101] = CNOT 9 18
[5102] = CNOT 9 22
[5103] = S 9
[5104] = Z 9
[5105] = CNOT 9 22
[5106] = CNOT 9 23
[5107] = S 9
[5108] = CNOT 9 23
[5109] = CNOT 9 14
[5110] = CNOT 9 15
[5111] = CNOT 9 17
[5112] = S 9
[5113] = Z 9
[5114] = CNOT 9 17
[5115] = CNOT 9 18
[5116] = S 9
[5117] = Z 9
[5118] = CNOT 9 18
[5119] = CNOT 9 23
[5120] = S 9
[5121] = Z 9
[5122] = CNOT 9 23
[5123] = CNOT 9 24
[5124] = Z 9
[5125] = CNOT 9 24
[5126] = CNOT 9 15
[5127] = CNOT 9 17
[5128] = CNOT 9 18
[5129] = S 9
[5130] = Z 9
[5131] = CNOT 9 18
[5132] = CNOT 9 23
[5133] = S 9
[5134] = Z 9
[5135] = CNOT 9 23
[5136] = CNOT 9 24
[5137] = S 9
[5138] = Z 9
[5139] = CNOT 9 24
[5140] = CNOT 9 17
[5141] = CNOT 9 18
[5142] = CNOT 9 20
[5143] = Z 9
[5144] = CNOT 9 20
[5145] = CNOT 9 23
[5146] = S 9
[5147] = Z 9
[5148] = CNOT 9 23
[5149] = CNOT 9 24
[5150] = S 9
[5151] = Z 9
[5152] = CNOT 9 24
[5153] = CNOT 9 18
[5154] = CNOT 9 19
[5155] = CNOT 9 20
[5156] = Z 9
[5157] = CNOT 9 20
[5158] = CNOT 9 21
[5159] = Z 9
[5160] = CNOT 9 19
[5161] = CNOT 9 20
[5162] = S 9
[5163] = Z 9
[5164] = CNOT 9 20
[5165] = CNOT 9 22
[5166] = S 9
[5167] = Z 9
[5168] = CNOT 9 22
[5169] = CNOT 9 24
[5170] = S 9
[5171] = Z 9
[5172] = CNOT 9 24
[5173] = CNOT 9 21
[5174] = CNOT 9 22
[5175] = CNOT 9 23
[5176] = Z 9
[5177] = CNOT 9 23
[5178] = CNOT 9 24
[5179] = S 9
[5180] = CNOT 9 22
[5181] = CNOT 9 23
[5182] = S 9
[5183] = Z 9
[5184] = CNOT 9 24
[5185] = CNOT 9 23
[5186] = CNOT 10 11
[5187] = CNOT 10 18
[5188] = S 10
[5189] = Z 10
[5190] = CNOT 10 18
[5191] = CNOT 10 19
[5192] = S 10
[5193] = CNOT 10 19
[5194] = CNOT 10 20
[5195] = S 10
[5196] = CNOT 10 20
[5197] = CNOT 10 21
[5198] = S 10
[5199] = Z 10
[5200] = CNOT 10 21
[5201] = CNOT 10 11
[5202] = CNOT 10 14
[5203] = CNOT 10 22
[5204] = S 10
[5205] = Z 10
[5206] = CNOT 10 22
[5207] = CNOT 10 23
[5208] = Z 10
[5209] = CNOT 10 23
[5210] = CNOT 10 24
[5211] = S 10
[5212] = CNOT 10 24
[5213] = CNOT 10 14
[5214] = CNOT 10 18
[5215] = CNOT 10 20
[5216] = S 10
[5217] = Z 10
[5218] = CNOT 10 18
[5219] = CNOT 10 19
[5220] = S 10
[5221] = Z 10
[5222] = CNOT 10 20
[5223] = CNOT 10 21
[5224] = S 10
[5225] = Z 10
[5226] = CNOT 10 21
[5227] = CNOT 10 19
[5228] = CNOT 10 22
[5229] = CNOT 10 23
[5230] = S 10
[5231] = Z 10
[5232] = CNOT 10 23
[5233] = CNOT 10 24
[5234] = S 10
[5235] = Z 10
[5236] = CNOT 10 22
[5237] = CNOT 10 23
[5238] = Z 10
[5239] = CNOT 10 24
[5240] = CNOT 10 23
[5241] = CNOT 11 12
[5242] = CNOT 11 13
[5243] = S 11
[5244] = CNOT 11 13
[5245] = CNOT 11 21
[5246] = S 11
[5247] = Z 11
[5248] = CNOT 11 21
[5249] = CNOT 11 23
[5250] = Z 11
[5251] = CNOT 11 23
[5252] = CNOT 11 24
[5253] = S 11
[5254] = Z 11
[5255] = CNOT 11 24
[5256] = CNOT 11 12
[5257] = CNOT 11 13
[5258] = CNOT 11 21
[5259] = S 11
[5260] = Z 11
[5261] = CNOT 11 21
[5262] = CNOT 11 22
[5263] = S 11
[5264] = CNOT 11 22
[5265] = CNOT 11 23
[5266] = S 11
[5267] = Z 11
[5268] = CNOT 11 23
[5269] = CNOT 11 24
[5270] = Z 11
[5271] = CNOT 11 24
[5272] = CNOT 11 13
[5273] = CNOT 11 14
[5274] = CNOT 11 15
[5275] = Z 11
[5276] = CNOT 11 15
[5277] = CNOT 11 17
[5278] = Z 11
[5279] = CNOT 11 17
[5280] = CNOT 11 18
[5281] = Z 11
[5282] = CNOT 11 18
[5283] = CNOT 11 23
[5284] = Z 11
[5285] = CNOT 11 23
[5286] = CNOT 11 24
[5287] = Z 11
[5288] = CNOT 11 24
[5289] = CNOT 11 14
[5290] = CNOT 11 15
[5291] = CNOT 11 17
[5292] = Z 11
[5293] = CNOT 11 17
[5294] = CNOT 11 18
[5295] = Z 11
[5296] = CNOT 11 18
[5297] = CNOT 11 23
[5298] = Z 11
[5299] = CNOT 11 23
[5300] = CNOT 11 24
[5301] = Z 11
[5302] = CNOT 11 24
[5303] = CNOT 11 15
[5304] = CNOT 11 17
[5305] = CNOT 11 18
[5306] = Z 11
[5307] = CNOT 11 18
[5308] = CNOT 11 23
[5309] = Z 11
[5310] = CNOT 11 23
[5311] = CNOT 11 24
[5312] = Z 11
[5313] = CNOT 11 24
[5314] = CNOT 11 17
[5315] = CNOT 11 18
[5316] = CNOT 11 20
[5317] = S 11
[5318] = CNOT 11 20
[5319] = CNOT 11 23
[5320] = Z 11
[5321] = CNOT 11 23
[5322] = CNOT 11 24
[5323] = Z 11
[5324] = CNOT 11 24
[5325] = CNOT 11 18
[5326] = CNOT 11 19
[5327] = CNOT 11 20
[5328] = S 11
[5329] = CNOT 11 20
[5330] = CNOT 11 21
[5331] = Z 11
[5332] = CNOT 11 19
[5333] = CNOT 11 20
[5334] = S 11
[5335] = Z 11
[5336] = CNOT 11 20
[5337] = CNOT 11 22
[5338] = S 11
[5339] = Z 11
[5340] = CNOT 11 22
[5341] = CNOT 11 24
[5342] = S 11
[5343] = Z 11
[5344] = CNOT 11 24
[5345] = CNOT 11 21
[5346] = CNOT 11 22
[5347] = CNOT 11 23
[5348] = S 11
[5349] = CNOT 11 23
[5350] = CNOT 11 24
[5351] = S 11
[5352] = Z 11
[5353] = CNOT 11 22
[5354] = CNOT 11 23
[5355] = Z 11
[5356] = CNOT 11 24
[5357] = CNOT 11 23
[5358] = CNOT 12 13
[5359] = CNOT 12 21
[5360] = S 12
[5361] = Z 12
[5362] = CNOT 12 21
[5363] = CNOT 12 22
[5364] = S 12
[5365] = CNOT 12 22
[5366] = CNOT 12 23
[5367] = S 12
[5368] = Z 12
[5369] = CNOT 12 23
[5370] = CNOT 12 24
[5371] = Z 12
[5372] = CNOT 12 24
[5373] = CNOT 12 13
[5374] = CNOT 12 21
[5375] = CNOT 12 22
[5376] = S 12
[5377] = Z 12
[5378] = CNOT 12 22
[5379] = CNOT 12 24
[5380] = S 12
[5381] = Z 12
[5382] = CNOT 12 24
[5383] = CNOT 12 21
[5384] = CNOT 12 22
[5385] = CNOT 12 23
[5386] = Z 12
[5387] = CNOT 12 23
[5388] = CNOT 12 24
[5389] = S 12
[5390] = Z 12
[5391] = CNOT 12 24
[5392] = CNOT 12 22
[5393] = CNOT 13 21
[5394] = CNOT 13 22
[5395] = S 13
[5396] = Z 13
[5397] = CNOT 13 22
[5398] = CNOT 13 24
[5399] = Z 13
[5400] = CNOT 13 24
[5401] = CNOT 13 21
[5402] = CNOT 13 22
[5403] = CNOT 13 23
[5404] = Z 13
[5405] = CNOT 13 23
[5406] = CNOT 13 24
[5407] = S 13
[5408] = CNOT 13 22
[5409] = CNOT 13 23
[5410] = Z 13
[5411] = CNOT 13 24
[5412] = CNOT 13 23
[5413] = CNOT 14 15
[5414] = CNOT 14 17
[5415] = Z 14
[5416] = CNOT 14 17
[5417] = CNOT 14 18
[5418] = Z 14
[5419] = CNOT 14 18
[5420] = CNOT 14 23
[5421] = S 14
[5422] = CNOT 14 23
[5423] = CNOT 14 15
[5424] = CNOT 14 17
[5425] = CNOT 14 18
[5426] = Z 14
[5427] = CNOT 14 18
[5428] = CNOT 14 23
[5429] = Z 14
[5430] = CNOT 14 23
[5431] = CNOT 14 24
[5432] = Z 14
[5433] = CNOT 14 24
[5434] = CNOT 14 17
[5435] = CNOT 14 18
[5436] = CNOT 14 23
[5437] = Z 14
[5438] = CNOT 14 23
[5439] = CNOT 14 24
[5440] = Z 14
[5441] = CNOT 14 24
[5442] = CNOT 14 18
[5443] = CNOT 14 22
[5444] = CNOT 14 23
[5445] = Z 14
[5446] = CNOT 14 23
[5447] = CNOT 14 24
[5448] = Z 14
[5449] = CNOT 14 22
[5450] = CNOT 14 23
[5451] = S 14
[5452] = CNOT 14 24
[5453] = CNOT 14 23
[5454] = CNOT 15 17
[5455] = CNOT 15 18
[5456] = Z 15
[5457] = CNOT 15 18
[5458] = CNOT 15 23
[5459] = Z 15
[5460] = CNOT 15 23
[5461] = CNOT 15 24
[5462] = Z 15
[5463] = CNOT 15 24
[5464] = CNOT 15 17
[5465] = CNOT 15 18
[5466] = CNOT 15 23
[5467] = Z 15
[5468] = CNOT 15 23
[5469] = CNOT 15 24
[5470] = Z 15
[5471] = CNOT 15 18
[5472] = CNOT 15 23
[5473] = S 15
[5474] = CNOT 15 24
[5475] = CNOT 15 23
[5476] = CNOT 17 18
[5477] = CNOT 17 23
[5478] = Z 17
[5479] = CNOT 17 23
[5480] = CNOT 17 24
[5481] = Z 17
[5482] = CNOT 17 18
[5483] = CNOT 17 23
[5484] = Z 17
[5485] = CNOT 17 24
[5486] = CNOT 17 23
[5487] = CNOT 18 23
[5488] = CNOT 18 24
[5489] = Z 18
[5490] = CNOT 18 24
[5491] = CNOT 18 23
[5492] = CNOT 19 20
[5493] = CNOT 19 21
[5494] = S 19
[5495] = Z 19
[5496] = CNOT 19 21
[5497] = CNOT 19 20
[5498] = CNOT 21 22
[5499] = CNOT 21 24
[5500] = S 21
[5501] = CNOT 21 24
[5502] = CNOT 21 22
[5503] = CNOT 9 8
[5504] = CNOT 10 7
[5505] = CNOT 11 6
[5506] = CNOT 12 5
[5507] = CNOT 13 4
[5508] = CNOT 14 3
[5509] = CNOT 15 2
[5510] = CNOT 16 1
[5511] = H 17
[5512] = H 18
[5513] = H 19
[5514] = H 20
[5515] = H 21
[5516] = H 22
[5517] = H 23
[5518] = H 24
Gate distributions:
Input:
Operator distribution:
Total number of qubits = 24
Number of `data' qubits = 24
Number of `Toff_n' ancillas = 0
Number of Hadamard ancillas = 0
Hadamard ancilla cap = 0
Number of {CNOT,T} partitions = 3
T count = 448
Cost estimation = 224051
	id	Count
	0	0
	1	0
	2	0
	3	30
	4	21
	5	0
	6	0
	7	0
	8	0
	9	0
	10	64
	11	0
	12	0
	13	0
	14	0
	15	0
	16	0
	17	0
	18	0
Output:
Operator distribution:
Total number of qubits = 24
Number of `data' qubits = 24
Number of `Toff_n' ancillas = 0
Number of Hadamard ancillas = 0
Hadamard ancilla cap = 0
Number of {CNOT,T} partitions = 3
T count = 218
Cost estimation = 114301
	id	Count
	0	0
	1	0
	2	0
	3	30
	4	3571
	5	218
	6	0
	7	0
	8	0
	9	0
	10	0
	11	809
	12	0
	13	891
	14	0
	15	0
	16	0
	17	0
	18	0
Output T Count (SQC_Circuit) = 218
Output T Count (PhasePolynomial) = 218
Fail count = 0

Execution time: 180.753s
Number of LCL errors: 0
Number of LCL warnings: 0
