Optimize a Clifford + T circuit.
Input filename = /home/rest/forpyzx/TOpt/forme/tpar_benchmark/gf2^6_mult.tfc
Number of unknown gates = 0
Number of unknown qubit labels = 0
Circuit filename: /home/rest/forpyzx/TOpt/forme/tpar_benchmark/gf2^6_mult.tfc

n 18
n_x 18
n_y 0
n_z 0
m 101
[0] = H 13
[1] = H 14
[2] = H 15
[3] = H 16
[4] = H 17
[5] = CCZ 6 8 13
[6] = CCZ 5 9 13
[7] = CCZ 4 10 13
[8] = CCZ 3 11 13
[9] = CCZ 2 12 13
[10] = CCZ 6 9 14
[11] = CCZ 5 10 14
[12] = CCZ 4 11 14
[13] = CCZ 3 12 14
[14] = CCZ 6 10 15
[15] = CCZ 5 11 15
[16] = CCZ 4 12 15
[17] = CCZ 6 11 16
[18] = CCZ 5 12 16
[19] = CCZ 6 12 17
[20] = H 13
[21] = H 14
[22] = H 15
[23] = H 16
[24] = H 17
[25] = CNOT 18 17
[26] = CNOT 17 16
[27] = CNOT 16 15
[28] = CNOT 15 14
[29] = CNOT 14 13
[30] = H 13
[31] = H 14
[32] = H 15
[33] = H 16
[34] = H 17
[35] = H 18
[36] = CCZ 6 7 18
[37] = CCZ 5 8 18
[38] = CCZ 4 9 18
[39] = CCZ 3 10 18
[40] = CCZ 2 11 18
[41] = CCZ 1 12 18
[42] = CCZ 5 7 17
[43] = CCZ 4 8 17
[44] = CCZ 3 9 17
[45] = CCZ 2 10 17
[46] = CCZ 1 11 17
[47] = CCZ 4 7 16
[48] = CCZ 3 8 16
[49] = CCZ 2 9 16
[50] = CCZ 1 10 16
[51] = CCZ 3 7 15
[52] = CCZ 2 8 15
[53] = CCZ 1 9 15
[54] = CCZ 2 7 14
[55] = CCZ 1 8 14
[56] = CCZ 1 7 13
[57] = H 13
[58] = H 14
[59] = H 15
[60] = H 16
[61] = H 17
[62] = H 18

Algorithm used: todd

UniversalOptimize begin.
	Gate synthesis begin.

in LempelX2
		Round = 0
Round 0 | Current Columns (m): 72
		Round = 1
Round 1 | Current Columns (m): 68
		Round = 2
Round 2 | Current Columns (m): 66
		Round = 3
Round 3 | Current Columns (m): 64
		Round = 4
Round 4 | Current Columns (m): 62
		Round = 5
Round 5 | Current Columns (m): 60
		Round = 6
Round 6 | Current Columns (m): 58
		Round = 7
Round 7 | Current Columns (m): 56
nullspace time: 3280 ms, chi time: 1994 ms
Total LempelX2 time: 5281 ms
		TODD executed in 5.28166 seconds.
		Total time: 5.28183s
	Gate synthesis end.
	Input has T-Count zero. Outputting the input.
	Gate synthesis begin.

in LempelX2
		Round = 0
Round 0 | Current Columns (m): 84
		Round = 1
Round 1 | Current Columns (m): 80
		Round = 2
Round 2 | Current Columns (m): 78
		Round = 3
Round 3 | Current Columns (m): 76
		Round = 4
Round 4 | Current Columns (m): 74
		Round = 5
Round 5 | Current Columns (m): 72
		Round = 6
Round 6 | Current Columns (m): 70
nullspace time: 8251 ms, chi time: 2931 ms
Total LempelX2 time: 11191 ms
		TODD executed in 11.1913 seconds.
		Total time: 11.1916s
	Gate synthesis end.
	Total time: 16.5573s
UniversalOptimize end.
Output circuit:
n 18
n_x 18
n_y 0
n_z 0
m 3301
[0] = H 13
[1] = H 14
[2] = H 15
[3] = H 16
[4] = H 17
[5] = CNOT 6 12
[6] = CNOT 6 13
[7] = T 6
[8] = S 6
[9] = Z 6
[10] = CNOT 6 13
[11] = CNOT 6 12
[12] = CNOT 6 8
[13] = T 6
[14] = S 6
[15] = CNOT 6 13
[16] = T 6
[17] = CNOT 6 13
[18] = CNOT 6 8
[19] = CNOT 8 13
[20] = T 8
[21] = S 8
[22] = CNOT 8 13
[23] = CNOT 2 3
[24] = CNOT 2 5
[25] = CNOT 2 6
[26] = CNOT 2 15
[27] = T 2
[28] = CNOT 2 15
[29] = CNOT 2 6
[30] = T 9
[31] = S 9
[32] = CNOT 2 9
[33] = CNOT 2 11
[34] = T 2
[35] = CNOT 2 13
[36] = T 2
[37] = CNOT 2 5
[38] = T 2
[39] = CNOT 2 13
[40] = CNOT 2 11
[41] = CNOT 2 9
[42] = CNOT 2 6
[43] = CNOT 2 10
[44] = CNOT 2 12
[45] = T 2
[46] = CNOT 2 10
[47] = CNOT 2 6
[48] = CNOT 4 10
[49] = T 4
[50] = S 4
[51] = CNOT 4 13
[52] = T 4
[53] = CNOT 4 10
[54] = CNOT 10 13
[55] = T 10
[56] = S 10
[57] = CNOT 10 13
[58] = T 4
[59] = S 4
[60] = CNOT 4 13
[61] = T 11
[62] = S 11
[63] = CNOT 2 5
[64] = CNOT 2 10
[65] = T 2
[66] = CNOT 2 12
[67] = CNOT 2 10
[68] = CNOT 2 5
[69] = CNOT 2 3
[70] = CNOT 2 11
[71] = CNOT 2 13
[72] = T 2
[73] = Z 2
[74] = CNOT 2 13
[75] = CNOT 2 11
[76] = CNOT 2 3
[77] = CNOT 2 5
[78] = CNOT 2 16
[79] = T 2
[80] = CNOT 2 16
[81] = CNOT 2 5
[82] = CNOT 2 3
[83] = CNOT 5 12
[84] = CNOT 5 13
[85] = CNOT 5 15
[86] = CNOT 5 17
[87] = T 5
[88] = CNOT 5 17
[89] = CNOT 5 15
[90] = CNOT 5 13
[91] = CNOT 5 12
[92] = CNOT 5 8
[93] = T 5
[94] = S 5
[95] = CNOT 5 8
[96] = CNOT 2 12
[97] = CNOT 2 13
[98] = T 2
[99] = CNOT 2 13
[100] = CNOT 2 3
[101] = CNOT 2 5
[102] = CNOT 2 15
[103] = T 2
[104] = CNOT 2 15
[105] = CNOT 2 12
[106] = CNOT 2 5
[107] = CNOT 5 6
[108] = CNOT 5 12
[109] = CNOT 5 13
[110] = CNOT 5 15
[111] = CNOT 5 17
[112] = T 5
[113] = CNOT 5 17
[114] = CNOT 5 15
[115] = CNOT 5 13
[116] = CNOT 5 12
[117] = CNOT 5 6
[118] = CNOT 2 6
[119] = CNOT 2 9
[120] = CNOT 2 11
[121] = T 2
[122] = CNOT 2 14
[123] = T 2
[124] = CNOT 2 6
[125] = T 2
[126] = CNOT 2 11
[127] = CNOT 2 9
[128] = CNOT 2 3
[129] = CNOT 1 12
[130] = T 1
[131] = S 1
[132] = CNOT 1 12
[133] = CNOT 6 7
[134] = T 6
[135] = S 6
[136] = CNOT 6 7
[137] = CNOT 2 12
[138] = T 2
[139] = S 2
[140] = Z 2
[141] = CNOT 2 14
[142] = CNOT 2 12
[143] = T 7
[144] = Z 7
[145] = CNOT 2 3
[146] = CNOT 2 5
[147] = CNOT 2 10
[148] = CNOT 2 11
[149] = CNOT 2 15
[150] = T 2
[151] = CNOT 2 15
[152] = CNOT 2 10
[153] = CNOT 2 5
[154] = CNOT 2 4
[155] = T 2
[156] = CNOT 2 14
[157] = T 2
[158] = CNOT 2 14
[159] = CNOT 2 4
[160] = CNOT 2 10
[161] = CNOT 2 15
[162] = T 2
[163] = CNOT 2 15
[164] = CNOT 2 11
[165] = CNOT 2 10
[166] = CNOT 2 4
[167] = CNOT 2 14
[168] = T 2
[169] = CNOT 2 14
[170] = CNOT 2 4
[171] = CNOT 5 13
[172] = CNOT 5 15
[173] = CNOT 5 17
[174] = T 5
[175] = CNOT 5 17
[176] = CNOT 5 15
[177] = CNOT 5 13
[178] = CNOT 2 5
[179] = CNOT 2 12
[180] = CNOT 2 16
[181] = T 2
[182] = CNOT 2 16
[183] = CNOT 2 12
[184] = CNOT 2 6
[185] = CNOT 2 10
[186] = CNOT 2 11
[187] = CNOT 2 14
[188] = T 2
[189] = CNOT 2 11
[190] = CNOT 2 10
[191] = CNOT 2 6
[192] = CNOT 2 5
[193] = CNOT 2 3
[194] = T 2
[195] = S 2
[196] = Z 2
[197] = CNOT 5 6
[198] = CNOT 5 13
[199] = CNOT 5 15
[200] = CNOT 5 17
[201] = T 5
[202] = CNOT 5 17
[203] = CNOT 5 15
[204] = CNOT 5 13
[205] = CNOT 5 6
[206] = CNOT 2 3
[207] = CNOT 2 6
[208] = CNOT 2 10
[209] = CNOT 2 11
[210] = T 2
[211] = CNOT 2 14
[212] = CNOT 2 11
[213] = CNOT 2 6
[214] = CNOT 2 12
[215] = CNOT 2 15
[216] = T 2
[217] = CNOT 2 15
[218] = CNOT 2 10
[219] = CNOT 2 16
[220] = T 2
[221] = CNOT 2 16
[222] = CNOT 2 3
[223] = CNOT 3 10
[224] = T 3
[225] = CNOT 3 10
[226] = CNOT 2 3
[227] = CNOT 2 5
[228] = CNOT 2 6
[229] = CNOT 2 10
[230] = CNOT 2 15
[231] = T 2
[232] = CNOT 2 15
[233] = CNOT 2 12
[234] = CNOT 2 10
[235] = CNOT 2 11
[236] = CNOT 2 14
[237] = T 2
[238] = CNOT 2 14
[239] = CNOT 2 6
[240] = CNOT 2 13
[241] = T 2
[242] = CNOT 2 11
[243] = CNOT 2 5
[244] = T 2
[245] = Z 2
[246] = CNOT 2 13
[247] = CNOT 2 4
[248] = CNOT 2 12
[249] = T 2
[250] = CNOT 2 15
[251] = T 2
[252] = CNOT 2 12
[253] = CNOT 2 4
[254] = CNOT 4 9
[255] = T 4
[256] = S 4
[257] = CNOT 4 9
[258] = CNOT 2 4
[259] = T 2
[260] = CNOT 2 15
[261] = CNOT 2 4
[262] = CNOT 2 12
[263] = CNOT 2 14
[264] = T 2
[265] = CNOT 2 14
[266] = CNOT 2 12
[267] = CNOT 2 6
[268] = CNOT 2 11
[269] = CNOT 2 16
[270] = T 2
[271] = CNOT 2 6
[272] = T 2
[273] = CNOT 2 11
[274] = CNOT 2 6
[275] = T 2
[276] = CNOT 2 16
[277] = CNOT 2 6
[278] = CNOT 2 3
[279] = S 1
[280] = S 2
[281] = S 3
[282] = Z 3
[283] = S 6
[284] = Z 6
[285] = S 8
[286] = Z 8
[287] = S 12
[288] = Z 12
[289] = Z 13
[290] = Z 14
[291] = S 15
[292] = Z 17
[293] = CNOT 2 3
[294] = S 2
[295] = Z 2
[296] = CNOT 2 3
[297] = CNOT 2 4
[298] = Z 2
[299] = CNOT 2 4
[300] = CNOT 2 5
[301] = S 2
[302] = Z 2
[303] = CNOT 2 5
[304] = CNOT 2 6
[305] = S 2
[306] = Z 2
[307] = CNOT 2 6
[308] = CNOT 2 9
[309] = S 2
[310] = CNOT 2 9
[311] = CNOT 2 10
[312] = S 2
[313] = Z 2
[314] = CNOT 2 10
[315] = CNOT 2 12
[316] = S 2
[317] = CNOT 2 12
[318] = CNOT 2 13
[319] = S 2
[320] = CNOT 2 13
[321] = CNOT 2 15
[322] = S 2
[323] = CNOT 2 15
[324] = CNOT 2 16
[325] = Z 2
[326] = CNOT 2 16
[327] = CNOT 3 4
[328] = Z 3
[329] = CNOT 3 4
[330] = CNOT 3 5
[331] = S 3
[332] = Z 3
[333] = CNOT 3 5
[334] = CNOT 3 6
[335] = S 3
[336] = Z 3
[337] = CNOT 3 6
[338] = CNOT 3 9
[339] = S 3
[340] = CNOT 3 9
[341] = CNOT 3 11
[342] = Z 3
[343] = CNOT 3 11
[344] = CNOT 3 12
[345] = S 3
[346] = Z 3
[347] = CNOT 3 12
[348] = CNOT 3 13
[349] = S 3
[350] = Z 3
[351] = CNOT 3 13
[352] = CNOT 3 14
[353] = S 3
[354] = CNOT 3 14
[355] = CNOT 3 15
[356] = S 3
[357] = CNOT 3 15
[358] = CNOT 3 16
[359] = Z 3
[360] = CNOT 3 16
[361] = CNOT 4 11
[362] = S 4
[363] = Z 4
[364] = CNOT 4 11
[365] = CNOT 4 12
[366] = S 4
[367] = Z 4
[368] = CNOT 4 12
[369] = CNOT 4 14
[370] = S 4
[371] = Z 4
[372] = CNOT 4 14
[373] = CNOT 4 15
[374] = S 4
[375] = Z 4
[376] = CNOT 4 15
[377] = CNOT 5 6
[378] = S 5
[379] = Z 5
[380] = CNOT 5 6
[381] = CNOT 5 10
[382] = Z 5
[383] = CNOT 5 10
[384] = CNOT 5 11
[385] = Z 5
[386] = CNOT 5 11
[387] = CNOT 5 12
[388] = S 5
[389] = CNOT 5 12
[390] = CNOT 5 14
[391] = S 5
[392] = CNOT 5 14
[393] = CNOT 5 15
[394] = S 5
[395] = CNOT 5 15
[396] = CNOT 5 16
[397] = S 5
[398] = Z 5
[399] = CNOT 5 16
[400] = CNOT 6 10
[401] = Z 6
[402] = CNOT 6 10
[403] = CNOT 6 11
[404] = Z 6
[405] = CNOT 6 11
[406] = CNOT 6 13
[407] = Z 6
[408] = CNOT 6 13
[409] = CNOT 6 14
[410] = Z 6
[411] = CNOT 6 14
[412] = CNOT 6 15
[413] = S 6
[414] = CNOT 6 15
[415] = CNOT 6 16
[416] = S 6
[417] = Z 6
[418] = CNOT 6 16
[419] = CNOT 9 11
[420] = S 9
[421] = CNOT 9 11
[422] = CNOT 10 11
[423] = Z 10
[424] = CNOT 10 11
[425] = CNOT 10 12
[426] = S 10
[427] = CNOT 10 12
[428] = CNOT 10 14
[429] = S 10
[430] = CNOT 10 14
[431] = CNOT 10 15
[432] = S 10
[433] = CNOT 10 15
[434] = CNOT 11 13
[435] = S 11
[436] = Z 11
[437] = CNOT 11 13
[438] = CNOT 11 14
[439] = Z 11
[440] = CNOT 11 14
[441] = CNOT 11 16
[442] = S 11
[443] = Z 11
[444] = CNOT 11 16
[445] = CNOT 12 13
[446] = Z 12
[447] = CNOT 12 13
[448] = CNOT 12 14
[449] = Z 12
[450] = CNOT 12 14
[451] = CNOT 12 15
[452] = S 12
[453] = CNOT 12 15
[454] = CNOT 12 16
[455] = S 12
[456] = Z 12
[457] = CNOT 12 16
[458] = CNOT 2 3
[459] = CNOT 2 4
[460] = S 2
[461] = CNOT 2 4
[462] = CNOT 2 5
[463] = Z 2
[464] = CNOT 2 5
[465] = CNOT 2 6
[466] = S 2
[467] = Z 2
[468] = CNOT 2 6
[469] = CNOT 2 9
[470] = S 2
[471] = CNOT 2 9
[472] = CNOT 2 12
[473] = S 2
[474] = Z 2
[475] = CNOT 2 12
[476] = CNOT 2 16
[477] = S 2
[478] = CNOT 2 16
[479] = CNOT 2 3
[480] = CNOT 2 4
[481] = CNOT 2 11
[482] = S 2
[483] = Z 2
[484] = CNOT 2 11
[485] = CNOT 2 12
[486] = S 2
[487] = Z 2
[488] = CNOT 2 12
[489] = CNOT 2 14
[490] = S 2
[491] = Z 2
[492] = CNOT 2 14
[493] = CNOT 2 15
[494] = S 2
[495] = Z 2
[496] = CNOT 2 15
[497] = CNOT 2 4
[498] = CNOT 2 5
[499] = CNOT 2 6
[500] = Z 2
[501] = CNOT 2 6
[502] = CNOT 2 9
[503] = S 2
[504] = Z 2
[505] = CNOT 2 9
[506] = CNOT 2 10
[507] = Z 2
[508] = CNOT 2 10
[509] = CNOT 2 11
[510] = S 2
[511] = CNOT 2 11
[512] = CNOT 2 12
[513] = Z 2
[514] = CNOT 2 12
[515] = CNOT 2 13
[516] = S 2
[517] = Z 2
[518] = CNOT 2 13
[519] = CNOT 2 14
[520] = S 2
[521] = Z 2
[522] = CNOT 2 14
[523] = CNOT 2 15
[524] = Z 2
[525] = CNOT 2 15
[526] = CNOT 2 16
[527] = S 2
[528] = Z 2
[529] = CNOT 2 16
[530] = CNOT 2 5
[531] = CNOT 2 6
[532] = CNOT 2 9
[533] = S 2
[534] = Z 2
[535] = CNOT 2 9
[536] = CNOT 2 10
[537] = Z 2
[538] = CNOT 2 10
[539] = CNOT 2 11
[540] = S 2
[541] = CNOT 2 11
[542] = CNOT 2 12
[543] = S 2
[544] = Z 2
[545] = CNOT 2 12
[546] = CNOT 2 14
[547] = Z 2
[548] = CNOT 2 14
[549] = CNOT 2 15
[550] = S 2
[551] = Z 2
[552] = CNOT 2 15
[553] = CNOT 2 16
[554] = S 2
[555] = Z 2
[556] = CNOT 2 16
[557] = CNOT 2 6
[558] = CNOT 2 9
[559] = CNOT 2 11
[560] = S 2
[561] = CNOT 2 11
[562] = CNOT 2 13
[563] = S 2
[564] = Z 2
[565] = CNOT 2 13
[566] = CNOT 2 14
[567] = S 2
[568] = Z 2
[569] = CNOT 2 14
[570] = CNOT 2 9
[571] = CNOT 2 10
[572] = CNOT 2 11
[573] = Z 2
[574] = CNOT 2 11
[575] = CNOT 2 12
[576] = Z 2
[577] = CNOT 2 12
[578] = CNOT 2 14
[579] = S 2
[580] = Z 2
[581] = CNOT 2 14
[582] = CNOT 2 15
[583] = Z 2
[584] = CNOT 2 15
[585] = CNOT 2 10
[586] = CNOT 2 11
[587] = CNOT 2 14
[588] = S 2
[589] = CNOT 2 14
[590] = CNOT 2 15
[591] = S 2
[592] = Z 2
[593] = CNOT 2 15
[594] = CNOT 2 16
[595] = S 2
[596] = Z 2
[597] = CNOT 2 16
[598] = CNOT 2 11
[599] = CNOT 2 12
[600] = CNOT 2 15
[601] = Z 2
[602] = CNOT 2 15
[603] = CNOT 2 16
[604] = S 2
[605] = Z 2
[606] = CNOT 2 16
[607] = CNOT 2 12
[608] = CNOT 3 4
[609] = CNOT 3 11
[610] = S 3
[611] = Z 3
[612] = CNOT 3 11
[613] = CNOT 3 12
[614] = S 3
[615] = Z 3
[616] = CNOT 3 12
[617] = CNOT 3 14
[618] = S 3
[619] = Z 3
[620] = CNOT 3 14
[621] = CNOT 3 15
[622] = S 3
[623] = Z 3
[624] = CNOT 3 15
[625] = CNOT 3 4
[626] = CNOT 3 5
[627] = CNOT 3 6
[628] = Z 3
[629] = CNOT 3 6
[630] = CNOT 3 9
[631] = S 3
[632] = Z 3
[633] = CNOT 3 9
[634] = CNOT 3 10
[635] = Z 3
[636] = CNOT 3 10
[637] = CNOT 3 11
[638] = S 3
[639] = CNOT 3 11
[640] = CNOT 3 12
[641] = Z 3
[642] = CNOT 3 12
[643] = CNOT 3 13
[644] = S 3
[645] = Z 3
[646] = CNOT 3 13
[647] = CNOT 3 14
[648] = S 3
[649] = Z 3
[650] = CNOT 3 14
[651] = CNOT 3 15
[652] = Z 3
[653] = CNOT 3 15
[654] = CNOT 3 16
[655] = S 3
[656] = Z 3
[657] = CNOT 3 16
[658] = CNOT 3 5
[659] = CNOT 3 6
[660] = CNOT 3 9
[661] = S 3
[662] = Z 3
[663] = CNOT 3 9
[664] = CNOT 3 10
[665] = Z 3
[666] = CNOT 3 10
[667] = CNOT 3 11
[668] = S 3
[669] = CNOT 3 11
[670] = CNOT 3 12
[671] = S 3
[672] = Z 3
[673] = CNOT 3 12
[674] = CNOT 3 14
[675] = Z 3
[676] = CNOT 3 14
[677] = CNOT 3 15
[678] = S 3
[679] = Z 3
[680] = CNOT 3 15
[681] = CNOT 3 16
[682] = S 3
[683] = Z 3
[684] = CNOT 3 16
[685] = CNOT 3 6
[686] = CNOT 3 9
[687] = CNOT 3 11
[688] = S 3
[689] = CNOT 3 11
[690] = CNOT 3 13
[691] = S 3
[692] = Z 3
[693] = CNOT 3 13
[694] = CNOT 3 14
[695] = S 3
[696] = Z 3
[697] = CNOT 3 14
[698] = CNOT 3 9
[699] = CNOT 3 10
[700] = CNOT 3 11
[701] = Z 3
[702] = CNOT 3 11
[703] = CNOT 3 12
[704] = Z 3
[705] = CNOT 3 12
[706] = CNOT 3 14
[707] = S 3
[708] = Z 3
[709] = CNOT 3 14
[710] = CNOT 3 15
[711] = Z 3
[712] = CNOT 3 15
[713] = CNOT 3 10
[714] = CNOT 3 11
[715] = CNOT 3 13
[716] = S 3
[717] = Z 3
[718] = CNOT 3 13
[719] = CNOT 3 14
[720] = S 3
[721] = CNOT 3 14
[722] = CNOT 3 15
[723] = S 3
[724] = Z 3
[725] = CNOT 3 15
[726] = CNOT 3 16
[727] = S 3
[728] = Z 3
[729] = CNOT 3 16
[730] = CNOT 3 11
[731] = CNOT 3 12
[732] = CNOT 3 15
[733] = Z 3
[734] = CNOT 3 15
[735] = CNOT 3 16
[736] = S 3
[737] = Z 3
[738] = CNOT 3 16
[739] = CNOT 3 12
[740] = CNOT 5 6
[741] = CNOT 5 10
[742] = S 5
[743] = Z 5
[744] = CNOT 5 10
[745] = CNOT 5 11
[746] = S 5
[747] = Z 5
[748] = CNOT 5 11
[749] = CNOT 5 12
[750] = S 5
[751] = Z 5
[752] = CNOT 5 12
[753] = CNOT 5 13
[754] = S 5
[755] = Z 5
[756] = CNOT 5 13
[757] = CNOT 5 14
[758] = S 5
[759] = Z 5
[760] = CNOT 5 14
[761] = CNOT 5 15
[762] = Z 5
[763] = CNOT 5 15
[764] = CNOT 5 17
[765] = S 5
[766] = Z 5
[767] = CNOT 5 17
[768] = CNOT 5 6
[769] = CNOT 5 9
[770] = CNOT 5 11
[771] = S 5
[772] = Z 5
[773] = CNOT 5 9
[774] = CNOT 5 10
[775] = S 5
[776] = Z 5
[777] = CNOT 5 11
[778] = CNOT 5 12
[779] = S 5
[780] = Z 5
[781] = CNOT 5 12
[782] = CNOT 5 15
[783] = S 5
[784] = Z 5
[785] = CNOT 5 15
[786] = CNOT 5 10
[787] = CNOT 5 11
[788] = CNOT 5 13
[789] = S 5
[790] = Z 5
[791] = CNOT 5 13
[792] = CNOT 5 14
[793] = S 5
[794] = Z 5
[795] = CNOT 5 14
[796] = CNOT 5 11
[797] = CNOT 5 12
[798] = CNOT 5 13
[799] = S 5
[800] = Z 5
[801] = CNOT 5 13
[802] = CNOT 5 15
[803] = Z 5
[804] = CNOT 5 15
[805] = CNOT 5 17
[806] = S 5
[807] = Z 5
[808] = CNOT 5 17
[809] = CNOT 5 12
[810] = CNOT 5 13
[811] = CNOT 5 15
[812] = Z 5
[813] = CNOT 5 15
[814] = CNOT 5 17
[815] = Z 5
[816] = CNOT 5 13
[817] = CNOT 5 15
[818] = Z 5
[819] = CNOT 5 17
[820] = CNOT 5 15
[821] = CNOT 6 9
[822] = CNOT 6 11
[823] = S 6
[824] = Z 6
[825] = CNOT 6 9
[826] = CNOT 6 10
[827] = S 6
[828] = Z 6
[829] = CNOT 6 11
[830] = CNOT 6 12
[831] = S 6
[832] = Z 6
[833] = CNOT 6 12
[834] = CNOT 6 14
[835] = S 6
[836] = Z 6
[837] = CNOT 6 10
[838] = CNOT 6 11
[839] = Z 6
[840] = CNOT 6 14
[841] = CNOT 6 11
[842] = CNOT 6 12
[843] = CNOT 6 15
[844] = S 6
[845] = Z 6
[846] = CNOT 6 12
[847] = CNOT 6 13
[848] = S 6
[849] = Z 6
[850] = CNOT 6 15
[851] = CNOT 6 17
[852] = S 6
[853] = Z 6
[854] = CNOT 6 13
[855] = CNOT 6 15
[856] = S 6
[857] = Z 6
[858] = CNOT 6 17
[859] = CNOT 6 15
[860] = CNOT 9 11
[861] = CNOT 9 13
[862] = S 9
[863] = Z 9
[864] = CNOT 9 13
[865] = CNOT 9 14
[866] = S 9
[867] = Z 9
[868] = CNOT 9 14
[869] = CNOT 9 11
[870] = CNOT 10 11
[871] = CNOT 10 14
[872] = S 10
[873] = Z 10
[874] = CNOT 10 14
[875] = CNOT 10 15
[876] = S 10
[877] = Z 10
[878] = CNOT 10 11
[879] = CNOT 10 12
[880] = S 10
[881] = Z 10
[882] = CNOT 10 15
[883] = CNOT 10 12
[884] = CNOT 12 13
[885] = CNOT 12 15
[886] = S 12
[887] = Z 12
[888] = CNOT 12 15
[889] = CNOT 12 17
[890] = S 12
[891] = Z 12
[892] = CNOT 12 13
[893] = CNOT 12 15
[894] = S 12
[895] = Z 12
[896] = CNOT 12 17
[897] = CNOT 12 15
[898] = CNOT 13 15
[899] = CNOT 13 17
[900] = Z 13
[901] = CNOT 13 17
[902] = CNOT 13 15
[903] = CNOT 7 6
[904] = CNOT 8 5
[905] = CNOT 9 4
[906] = CNOT 10 3
[907] = CNOT 11 2
[908] = CNOT 12 1
[909] = H 13
[910] = H 14
[911] = H 15
[912] = H 16
[913] = H 17
[914] = CNOT 18 17
[915] = CNOT 17 16
[916] = CNOT 16 15
[917] = CNOT 15 14
[918] = CNOT 14 13
[919] = H 13
[920] = H 14
[921] = H 15
[922] = H 16
[923] = H 17
[924] = H 18
[925] = CNOT 7 18
[926] = T 7
[927] = S 7
[928] = CNOT 7 18
[929] = CNOT 6 7
[930] = CNOT 6 18
[931] = T 6
[932] = Z 6
[933] = CNOT 6 7
[934] = T 6
[935] = Z 6
[936] = CNOT 6 18
[937] = CNOT 8 18
[938] = T 8
[939] = CNOT 8 18
[940] = CNOT 1 2
[941] = CNOT 1 5
[942] = CNOT 1 6
[943] = CNOT 1 7
[944] = CNOT 1 8
[945] = CNOT 1 9
[946] = CNOT 1 18
[947] = T 1
[948] = CNOT 1 8
[949] = CNOT 1 7
[950] = CNOT 1 6
[951] = CNOT 1 5
[952] = CNOT 1 2
[953] = CNOT 5 18
[954] = T 5
[955] = S 5
[956] = CNOT 5 18
[957] = CNOT 1 14
[958] = T 1
[959] = CNOT 1 2
[960] = CNOT 1 5
[961] = CNOT 1 8
[962] = T 1
[963] = CNOT 1 18
[964] = CNOT 1 14
[965] = CNOT 1 9
[966] = CNOT 1 8
[967] = CNOT 1 5
[968] = CNOT 1 2
[969] = CNOT 4 5
[970] = CNOT 4 8
[971] = CNOT 4 14
[972] = CNOT 4 17
[973] = CNOT 4 18
[974] = T 4
[975] = CNOT 4 18
[976] = CNOT 4 17
[977] = CNOT 4 14
[978] = CNOT 4 8
[979] = CNOT 4 5
[980] = CNOT 10 18
[981] = T 10
[982] = S 10
[983] = CNOT 10 18
[984] = CNOT 3 10
[985] = CNOT 3 18
[986] = T 3
[987] = CNOT 3 10
[988] = T 3
[989] = CNOT 3 18
[990] = CNOT 11 18
[991] = T 11
[992] = CNOT 11 18
[993] = CNOT 2 11
[994] = CNOT 2 18
[995] = T 2
[996] = S 2
[997] = CNOT 2 11
[998] = T 2
[999] = CNOT 2 18
[1000] = CNOT 12 18
[1001] = T 12
[1002] = Z 12
[1003] = CNOT 12 18
[1004] = CNOT 5 6
[1005] = CNOT 5 7
[1006] = CNOT 5 8
[1007] = CNOT 5 9
[1008] = CNOT 5 14
[1009] = CNOT 5 18
[1010] = T 5
[1011] = CNOT 5 6
[1012] = CNOT 1 3
[1013] = CNOT 1 4
[1014] = CNOT 1 6
[1015] = CNOT 1 7
[1016] = CNOT 1 13
[1017] = CNOT 1 15
[1018] = T 1
[1019] = CNOT 1 15
[1020] = CNOT 1 13
[1021] = CNOT 1 7
[1022] = CNOT 1 6
[1023] = CNOT 1 4
[1024] = CNOT 6 7
[1025] = T 6
[1026] = CNOT 6 7
[1027] = CNOT 5 6
[1028] = CNOT 5 13
[1029] = CNOT 5 17
[1030] = T 5
[1031] = CNOT 5 18
[1032] = CNOT 5 17
[1033] = CNOT 5 14
[1034] = CNOT 5 13
[1035] = CNOT 5 9
[1036] = CNOT 5 8
[1037] = T 5
[1038] = Z 5
[1039] = CNOT 5 17
[1040] = T 5
[1041] = CNOT 5 7
[1042] = CNOT 5 6
[1043] = CNOT 6 7
[1044] = CNOT 6 17
[1045] = T 6
[1046] = S 6
[1047] = CNOT 6 17
[1048] = CNOT 6 7
[1049] = T 5
[1050] = Z 5
[1051] = CNOT 5 17
[1052] = CNOT 1 17
[1053] = T 1
[1054] = Z 1
[1055] = CNOT 1 17
[1056] = CNOT 1 3
[1057] = CNOT 1 4
[1058] = CNOT 1 5
[1059] = CNOT 1 8
[1060] = CNOT 1 9
[1061] = CNOT 1 14
[1062] = CNOT 1 18
[1063] = T 1
[1064] = CNOT 1 14
[1065] = CNOT 1 9
[1066] = CNOT 1 8
[1067] = CNOT 1 5
[1068] = CNOT 1 4
[1069] = CNOT 1 12
[1070] = T 1
[1071] = S 1
[1072] = Z 1
[1073] = CNOT 1 12
[1074] = CNOT 1 4
[1075] = CNOT 1 9
[1076] = CNOT 1 14
[1077] = T 1
[1078] = CNOT 1 9
[1079] = CNOT 1 17
[1080] = T 1
[1081] = CNOT 1 17
[1082] = CNOT 1 4
[1083] = CNOT 3 4
[1084] = CNOT 3 6
[1085] = CNOT 3 7
[1086] = CNOT 3 13
[1087] = CNOT 3 15
[1088] = CNOT 3 17
[1089] = T 3
[1090] = CNOT 3 17
[1091] = CNOT 3 15
[1092] = CNOT 3 13
[1093] = CNOT 3 7
[1094] = CNOT 3 6
[1095] = CNOT 3 4
[1096] = CNOT 5 6
[1097] = CNOT 5 7
[1098] = CNOT 5 8
[1099] = CNOT 5 9
[1100] = CNOT 5 13
[1101] = CNOT 5 14
[1102] = CNOT 5 15
[1103] = CNOT 5 18
[1104] = T 5
[1105] = CNOT 5 18
[1106] = CNOT 5 15
[1107] = CNOT 5 14
[1108] = CNOT 5 13
[1109] = CNOT 5 9
[1110] = CNOT 5 8
[1111] = CNOT 5 7
[1112] = CNOT 5 6
[1113] = CNOT 4 6
[1114] = CNOT 4 7
[1115] = CNOT 4 13
[1116] = CNOT 4 15
[1117] = T 4
[1118] = CNOT 4 15
[1119] = CNOT 4 13
[1120] = CNOT 4 7
[1121] = CNOT 4 6
[1122] = CNOT 1 2
[1123] = CNOT 1 5
[1124] = CNOT 1 6
[1125] = CNOT 1 7
[1126] = CNOT 1 8
[1127] = CNOT 1 9
[1128] = T 1
[1129] = CNOT 1 8
[1130] = CNOT 1 7
[1131] = CNOT 1 6
[1132] = CNOT 1 5
[1133] = CNOT 1 2
[1134] = CNOT 2 3
[1135] = CNOT 2 5
[1136] = CNOT 2 8
[1137] = CNOT 2 10
[1138] = CNOT 2 14
[1139] = CNOT 2 15
[1140] = CNOT 2 17
[1141] = CNOT 2 18
[1142] = T 2
[1143] = CNOT 2 17
[1144] = T 2
[1145] = CNOT 2 10
[1146] = CNOT 2 3
[1147] = CNOT 3 5
[1148] = CNOT 3 8
[1149] = CNOT 3 10
[1150] = CNOT 3 14
[1151] = CNOT 3 15
[1152] = CNOT 3 18
[1153] = T 3
[1154] = CNOT 3 10
[1155] = CNOT 3 8
[1156] = CNOT 3 5
[1157] = T 2
[1158] = CNOT 2 18
[1159] = CNOT 2 15
[1160] = CNOT 2 14
[1161] = CNOT 2 8
[1162] = CNOT 2 5
[1163] = CNOT 1 2
[1164] = CNOT 1 11
[1165] = CNOT 1 17
[1166] = T 1
[1167] = CNOT 1 17
[1168] = CNOT 1 2
[1169] = CNOT 2 9
[1170] = CNOT 2 11
[1171] = CNOT 2 14
[1172] = CNOT 2 17
[1173] = CNOT 2 18
[1174] = T 2
[1175] = CNOT 2 17
[1176] = T 2
[1177] = CNOT 2 18
[1178] = CNOT 2 14
[1179] = CNOT 2 11
[1180] = CNOT 2 9
[1181] = CNOT 1 2
[1182] = T 1
[1183] = CNOT 1 11
[1184] = CNOT 1 2
[1185] = CNOT 1 5
[1186] = CNOT 1 8
[1187] = CNOT 1 13
[1188] = T 1
[1189] = CNOT 1 14
[1190] = CNOT 1 13
[1191] = CNOT 1 4
[1192] = CNOT 1 6
[1193] = CNOT 1 7
[1194] = T 1
[1195] = CNOT 1 16
[1196] = T 1
[1197] = CNOT 1 4
[1198] = T 1
[1199] = CNOT 1 7
[1200] = CNOT 1 6
[1201] = CNOT 1 4
[1202] = T 1
[1203] = CNOT 1 16
[1204] = CNOT 1 9
[1205] = CNOT 3 17
[1206] = T 3
[1207] = CNOT 3 16
[1208] = T 3
[1209] = CNOT 3 14
[1210] = CNOT 14 15
[1211] = CNOT 14 16
[1212] = CNOT 14 17
[1213] = CNOT 14 18
[1214] = T 14
[1215] = CNOT 14 18
[1216] = CNOT 14 17
[1217] = CNOT 14 16
[1218] = CNOT 14 15
[1219] = CNOT 3 5
[1220] = CNOT 3 8
[1221] = CNOT 3 14
[1222] = T 3
[1223] = CNOT 3 18
[1224] = CNOT 3 17
[1225] = CNOT 3 16
[1226] = CNOT 3 15
[1227] = CNOT 3 14
[1228] = CNOT 3 8
[1229] = CNOT 3 5
[1230] = CNOT 1 2
[1231] = T 1
[1232] = CNOT 1 16
[1233] = T 1
[1234] = CNOT 1 2
[1235] = T 1
[1236] = CNOT 1 4
[1237] = CNOT 1 2
[1238] = CNOT 1 9
[1239] = T 1
[1240] = CNOT 1 16
[1241] = CNOT 1 9
[1242] = CNOT 1 2
[1243] = CNOT 1 3
[1244] = CNOT 1 10
[1245] = CNOT 1 14
[1246] = CNOT 1 15
[1247] = CNOT 1 17
[1248] = T 1
[1249] = CNOT 1 16
[1250] = T 1
[1251] = CNOT 1 10
[1252] = CNOT 1 3
[1253] = CNOT 3 5
[1254] = CNOT 3 8
[1255] = CNOT 3 10
[1256] = CNOT 3 14
[1257] = CNOT 3 15
[1258] = CNOT 3 16
[1259] = CNOT 3 17
[1260] = CNOT 3 18
[1261] = T 3
[1262] = CNOT 3 17
[1263] = CNOT 3 16
[1264] = CNOT 3 10
[1265] = T 1
[1266] = CNOT 1 17
[1267] = CNOT 1 16
[1268] = CNOT 1 5
[1269] = CNOT 3 4
[1270] = CNOT 3 9
[1271] = T 3
[1272] = CNOT 3 15
[1273] = CNOT 3 4
[1274] = CNOT 3 13
[1275] = T 3
[1276] = CNOT 3 15
[1277] = T 3
[1278] = CNOT 3 5
[1279] = CNOT 5 8
[1280] = CNOT 5 9
[1281] = CNOT 5 13
[1282] = CNOT 5 14
[1283] = CNOT 5 15
[1284] = CNOT 5 18
[1285] = T 5
[1286] = CNOT 5 18
[1287] = CNOT 5 15
[1288] = CNOT 5 14
[1289] = CNOT 5 13
[1290] = CNOT 5 9
[1291] = CNOT 5 8
[1292] = CNOT 3 5
[1293] = CNOT 3 6
[1294] = CNOT 3 7
[1295] = T 3
[1296] = CNOT 3 18
[1297] = CNOT 3 15
[1298] = CNOT 3 14
[1299] = CNOT 3 13
[1300] = CNOT 3 9
[1301] = CNOT 3 8
[1302] = CNOT 3 7
[1303] = CNOT 3 6
[1304] = CNOT 3 5
[1305] = CNOT 2 14
[1306] = CNOT 2 15
[1307] = CNOT 2 17
[1308] = CNOT 2 18
[1309] = T 2
[1310] = CNOT 2 15
[1311] = T 2
[1312] = CNOT 1 3
[1313] = CNOT 1 4
[1314] = CNOT 1 5
[1315] = CNOT 1 9
[1316] = T 1
[1317] = CNOT 1 18
[1318] = CNOT 1 14
[1319] = CNOT 1 9
[1320] = CNOT 1 8
[1321] = CNOT 1 5
[1322] = CNOT 1 3
[1323] = CNOT 2 5
[1324] = CNOT 2 8
[1325] = T 2
[1326] = CNOT 2 18
[1327] = CNOT 2 17
[1328] = CNOT 2 14
[1329] = CNOT 2 8
[1330] = CNOT 2 5
[1331] = CNOT 1 6
[1332] = CNOT 1 7
[1333] = CNOT 1 13
[1334] = CNOT 1 17
[1335] = T 1
[1336] = CNOT 1 15
[1337] = CNOT 1 4
[1338] = CNOT 1 3
[1339] = CNOT 1 5
[1340] = CNOT 1 8
[1341] = CNOT 1 9
[1342] = CNOT 1 14
[1343] = CNOT 1 18
[1344] = T 1
[1345] = CNOT 1 18
[1346] = CNOT 1 17
[1347] = CNOT 1 14
[1348] = CNOT 1 13
[1349] = CNOT 1 9
[1350] = CNOT 1 8
[1351] = CNOT 1 7
[1352] = CNOT 1 6
[1353] = CNOT 1 5
[1354] = CNOT 1 3
[1355] = CNOT 3 5
[1356] = CNOT 3 8
[1357] = CNOT 3 14
[1358] = CNOT 3 15
[1359] = CNOT 3 18
[1360] = T 3
[1361] = CNOT 3 18
[1362] = CNOT 3 15
[1363] = CNOT 3 14
[1364] = CNOT 3 8
[1365] = CNOT 3 5
[1366] = S 1
[1367] = Z 1
[1368] = S 3
[1369] = Z 3
[1370] = S 4
[1371] = Z 4
[1372] = Z 6
[1373] = S 9
[1374] = Z 9
[1375] = S 10
[1376] = S 13
[1377] = Z 13
[1378] = Z 14
[1379] = S 15
[1380] = Z 15
[1381] = Z 16
[1382] = S 18
[1383] = Z 18
[1384] = CNOT 1 3
[1385] = S 1
[1386] = CNOT 1 3
[1387] = CNOT 1 4
[1388] = S 1
[1389] = Z 1
[1390] = CNOT 1 4
[1391] = CNOT 1 5
[1392] = Z 1
[1393] = CNOT 1 5
[1394] = CNOT 1 6
[1395] = S 1
[1396] = CNOT 1 6
[1397] = CNOT 1 7
[1398] = S 1
[1399] = CNOT 1 7
[1400] = CNOT 1 8
[1401] = Z 1
[1402] = CNOT 1 8
[1403] = CNOT 1 9
[1404] = S 1
[1405] = Z 1
[1406] = CNOT 1 9
[1407] = CNOT 1 11
[1408] = S 1
[1409] = CNOT 1 11
[1410] = CNOT 1 12
[1411] = Z 1
[1412] = CNOT 1 12
[1413] = CNOT 1 13
[1414] = S 1
[1415] = CNOT 1 13
[1416] = CNOT 1 15
[1417] = S 1
[1418] = CNOT 1 15
[1419] = CNOT 1 16
[1420] = Z 1
[1421] = CNOT 1 16
[1422] = CNOT 1 17
[1423] = S 1
[1424] = CNOT 1 17
[1425] = CNOT 2 3
[1426] = S 2
[1427] = Z 2
[1428] = CNOT 2 3
[1429] = CNOT 2 4
[1430] = S 2
[1431] = CNOT 2 4
[1432] = CNOT 2 5
[1433] = S 2
[1434] = Z 2
[1435] = CNOT 2 5
[1436] = CNOT 2 6
[1437] = S 2
[1438] = Z 2
[1439] = CNOT 2 6
[1440] = CNOT 2 7
[1441] = S 2
[1442] = Z 2
[1443] = CNOT 2 7
[1444] = CNOT 2 8
[1445] = S 2
[1446] = Z 2
[1447] = CNOT 2 8
[1448] = CNOT 2 9
[1449] = S 2
[1450] = Z 2
[1451] = CNOT 2 9
[1452] = CNOT 2 10
[1453] = S 2
[1454] = Z 2
[1455] = CNOT 2 10
[1456] = CNOT 2 15
[1457] = S 2
[1458] = Z 2
[1459] = CNOT 2 15
[1460] = CNOT 2 16
[1461] = S 2
[1462] = CNOT 2 16
[1463] = CNOT 2 17
[1464] = Z 2
[1465] = CNOT 2 17
[1466] = CNOT 3 4
[1467] = S 3
[1468] = CNOT 3 4
[1469] = CNOT 3 6
[1470] = S 3
[1471] = Z 3
[1472] = CNOT 3 6
[1473] = CNOT 3 7
[1474] = S 3
[1475] = Z 3
[1476] = CNOT 3 7
[1477] = CNOT 3 9
[1478] = S 3
[1479] = Z 3
[1480] = CNOT 3 9
[1481] = CNOT 3 10
[1482] = S 3
[1483] = CNOT 3 10
[1484] = CNOT 3 13
[1485] = Z 3
[1486] = CNOT 3 13
[1487] = CNOT 3 14
[1488] = S 3
[1489] = CNOT 3 14
[1490] = CNOT 3 15
[1491] = Z 3
[1492] = CNOT 3 15
[1493] = CNOT 3 16
[1494] = S 3
[1495] = CNOT 3 16
[1496] = CNOT 4 5
[1497] = S 4
[1498] = Z 4
[1499] = CNOT 4 5
[1500] = CNOT 4 6
[1501] = Z 4
[1502] = CNOT 4 6
[1503] = CNOT 4 7
[1504] = Z 4
[1505] = CNOT 4 7
[1506] = CNOT 4 8
[1507] = S 4
[1508] = Z 4
[1509] = CNOT 4 8
[1510] = CNOT 4 13
[1511] = S 4
[1512] = Z 4
[1513] = CNOT 4 13
[1514] = CNOT 4 14
[1515] = S 4
[1516] = CNOT 4 14
[1517] = CNOT 4 15
[1518] = Z 4
[1519] = CNOT 4 15
[1520] = CNOT 4 16
[1521] = S 4
[1522] = Z 4
[1523] = CNOT 4 16
[1524] = CNOT 4 17
[1525] = S 4
[1526] = CNOT 4 17
[1527] = CNOT 4 18
[1528] = S 4
[1529] = CNOT 4 18
[1530] = CNOT 5 6
[1531] = S 5
[1532] = CNOT 5 6
[1533] = CNOT 5 7
[1534] = S 5
[1535] = CNOT 5 7
[1536] = CNOT 5 9
[1537] = S 5
[1538] = Z 5
[1539] = CNOT 5 9
[1540] = CNOT 5 10
[1541] = S 5
[1542] = Z 5
[1543] = CNOT 5 10
[1544] = CNOT 5 13
[1545] = Z 5
[1546] = CNOT 5 13
[1547] = CNOT 5 14
[1548] = Z 5
[1549] = CNOT 5 14
[1550] = CNOT 5 15
[1551] = S 5
[1552] = CNOT 5 15
[1553] = CNOT 5 16
[1554] = Z 5
[1555] = CNOT 5 16
[1556] = CNOT 6 8
[1557] = S 6
[1558] = Z 6
[1559] = CNOT 6 8
[1560] = CNOT 6 9
[1561] = S 6
[1562] = Z 6
[1563] = CNOT 6 9
[1564] = CNOT 6 15
[1565] = S 6
[1566] = Z 6
[1567] = CNOT 6 15
[1568] = CNOT 6 16
[1569] = S 6
[1570] = Z 6
[1571] = CNOT 6 16
[1572] = CNOT 6 17
[1573] = S 6
[1574] = CNOT 6 17
[1575] = CNOT 7 8
[1576] = S 7
[1577] = Z 7
[1578] = CNOT 7 8
[1579] = CNOT 7 9
[1580] = S 7
[1581] = Z 7
[1582] = CNOT 7 9
[1583] = CNOT 7 15
[1584] = S 7
[1585] = Z 7
[1586] = CNOT 7 15
[1587] = CNOT 7 16
[1588] = S 7
[1589] = Z 7
[1590] = CNOT 7 16
[1591] = CNOT 7 17
[1592] = S 7
[1593] = CNOT 7 17
[1594] = CNOT 8 9
[1595] = S 8
[1596] = Z 8
[1597] = CNOT 8 9
[1598] = CNOT 8 10
[1599] = S 8
[1600] = Z 8
[1601] = CNOT 8 10
[1602] = CNOT 8 13
[1603] = Z 8
[1604] = CNOT 8 13
[1605] = CNOT 8 14
[1606] = Z 8
[1607] = CNOT 8 14
[1608] = CNOT 8 15
[1609] = S 8
[1610] = CNOT 8 15
[1611] = CNOT 8 16
[1612] = Z 8
[1613] = CNOT 8 16
[1614] = CNOT 8 17
[1615] = S 8
[1616] = CNOT 8 17
[1617] = CNOT 9 11
[1618] = Z 9
[1619] = CNOT 9 11
[1620] = CNOT 9 13
[1621] = Z 9
[1622] = CNOT 9 13
[1623] = CNOT 9 15
[1624] = Z 9
[1625] = CNOT 9 15
[1626] = CNOT 9 16
[1627] = S 9
[1628] = CNOT 9 16
[1629] = CNOT 9 17
[1630] = Z 9
[1631] = CNOT 9 17
[1632] = CNOT 9 18
[1633] = S 9
[1634] = CNOT 9 18
[1635] = CNOT 10 14
[1636] = S 10
[1637] = Z 10
[1638] = CNOT 10 14
[1639] = CNOT 10 15
[1640] = S 10
[1641] = Z 10
[1642] = CNOT 10 15
[1643] = CNOT 11 14
[1644] = Z 11
[1645] = CNOT 11 14
[1646] = CNOT 11 17
[1647] = S 11
[1648] = CNOT 11 17
[1649] = CNOT 13 14
[1650] = Z 13
[1651] = CNOT 13 14
[1652] = CNOT 13 15
[1653] = Z 13
[1654] = CNOT 13 15
[1655] = CNOT 13 17
[1656] = S 13
[1657] = Z 13
[1658] = CNOT 13 17
[1659] = CNOT 13 18
[1660] = Z 13
[1661] = CNOT 13 18
[1662] = CNOT 14 15
[1663] = Z 14
[1664] = CNOT 14 15
[1665] = CNOT 14 17
[1666] = S 14
[1667] = Z 14
[1668] = CNOT 14 17
[1669] = CNOT 15 17
[1670] = Z 15
[1671] = CNOT 15 17
[1672] = CNOT 15 18
[1673] = Z 15
[1674] = CNOT 15 18
[1675] = CNOT 16 18
[1676] = S 16
[1677] = Z 16
[1678] = CNOT 16 18
[1679] = CNOT 17 18
[1680] = S 17
[1681] = Z 17
[1682] = CNOT 17 18
[1683] = CNOT 1 2
[1684] = CNOT 1 4
[1685] = S 1
[1686] = Z 1
[1687] = CNOT 1 4
[1688] = CNOT 1 5
[1689] = S 1
[1690] = CNOT 1 5
[1691] = CNOT 1 6
[1692] = S 1
[1693] = Z 1
[1694] = CNOT 1 6
[1695] = CNOT 1 7
[1696] = S 1
[1697] = Z 1
[1698] = CNOT 1 7
[1699] = CNOT 1 8
[1700] = S 1
[1701] = CNOT 1 8
[1702] = CNOT 1 9
[1703] = S 1
[1704] = CNOT 1 9
[1705] = CNOT 1 11
[1706] = S 1
[1707] = Z 1
[1708] = CNOT 1 11
[1709] = CNOT 1 14
[1710] = Z 1
[1711] = CNOT 1 14
[1712] = CNOT 1 16
[1713] = S 1
[1714] = Z 1
[1715] = CNOT 1 16
[1716] = CNOT 1 2
[1717] = CNOT 1 3
[1718] = CNOT 1 4
[1719] = S 1
[1720] = Z 1
[1721] = CNOT 1 4
[1722] = CNOT 1 5
[1723] = Z 1
[1724] = CNOT 1 5
[1725] = CNOT 1 6
[1726] = S 1
[1727] = Z 1
[1728] = CNOT 1 6
[1729] = CNOT 1 7
[1730] = S 1
[1731] = Z 1
[1732] = CNOT 1 7
[1733] = CNOT 1 8
[1734] = Z 1
[1735] = CNOT 1 8
[1736] = CNOT 1 9
[1737] = S 1
[1738] = Z 1
[1739] = CNOT 1 9
[1740] = CNOT 1 10
[1741] = S 1
[1742] = Z 1
[1743] = CNOT 1 10
[1744] = CNOT 1 13
[1745] = S 1
[1746] = Z 1
[1747] = CNOT 1 13
[1748] = CNOT 1 14
[1749] = Z 1
[1750] = CNOT 1 14
[1751] = CNOT 1 15
[1752] = Z 1
[1753] = CNOT 1 15
[1754] = CNOT 1 18
[1755] = Z 1
[1756] = CNOT 1 18
[1757] = CNOT 1 3
[1758] = CNOT 1 4
[1759] = CNOT 1 6
[1760] = Z 1
[1761] = CNOT 1 6
[1762] = CNOT 1 7
[1763] = Z 1
[1764] = CNOT 1 7
[1765] = CNOT 1 9
[1766] = S 1
[1767] = CNOT 1 9
[1768] = CNOT 1 13
[1769] = S 1
[1770] = Z 1
[1771] = CNOT 1 13
[1772] = CNOT 1 14
[1773] = Z 1
[1774] = CNOT 1 14
[1775] = CNOT 1 15
[1776] = S 1
[1777] = Z 1
[1778] = CNOT 1 15
[1779] = CNOT 1 16
[1780] = Z 1
[1781] = CNOT 1 16
[1782] = CNOT 1 17
[1783] = S 1
[1784] = Z 1
[1785] = CNOT 1 17
[1786] = CNOT 1 18
[1787] = S 1
[1788] = Z 1
[1789] = CNOT 1 18
[1790] = CNOT 1 4
[1791] = CNOT 1 5
[1792] = CNOT 1 6
[1793] = S 1
[1794] = CNOT 1 6
[1795] = CNOT 1 7
[1796] = S 1
[1797] = CNOT 1 7
[1798] = CNOT 1 8
[1799] = S 1
[1800] = Z 1
[1801] = CNOT 1 8
[1802] = CNOT 1 9
[1803] = Z 1
[1804] = CNOT 1 9
[1805] = CNOT 1 10
[1806] = S 1
[1807] = Z 1
[1808] = CNOT 1 10
[1809] = CNOT 1 13
[1810] = S 1
[1811] = Z 1
[1812] = CNOT 1 13
[1813] = CNOT 1 15
[1814] = Z 1
[1815] = CNOT 1 15
[1816] = CNOT 1 17
[1817] = Z 1
[1818] = CNOT 1 17
[1819] = CNOT 1 18
[1820] = S 1
[1821] = Z 1
[1822] = CNOT 1 18
[1823] = CNOT 1 5
[1824] = CNOT 1 6
[1825] = CNOT 1 8
[1826] = S 1
[1827] = CNOT 1 8
[1828] = CNOT 1 9
[1829] = S 1
[1830] = CNOT 1 9
[1831] = CNOT 1 13
[1832] = S 1
[1833] = Z 1
[1834] = CNOT 1 13
[1835] = CNOT 1 14
[1836] = S 1
[1837] = Z 1
[1838] = CNOT 1 14
[1839] = CNOT 1 15
[1840] = S 1
[1841] = Z 1
[1842] = CNOT 1 15
[1843] = CNOT 1 16
[1844] = S 1
[1845] = Z 1
[1846] = CNOT 1 16
[1847] = CNOT 1 17
[1848] = S 1
[1849] = Z 1
[1850] = CNOT 1 17
[1851] = CNOT 1 18
[1852] = S 1
[1853] = CNOT 1 18
[1854] = CNOT 1 6
[1855] = CNOT 1 7
[1856] = CNOT 1 8
[1857] = S 1
[1858] = CNOT 1 8
[1859] = CNOT 1 9
[1860] = S 1
[1861] = CNOT 1 9
[1862] = CNOT 1 13
[1863] = S 1
[1864] = Z 1
[1865] = CNOT 1 13
[1866] = CNOT 1 14
[1867] = S 1
[1868] = Z 1
[1869] = CNOT 1 14
[1870] = CNOT 1 15
[1871] = S 1
[1872] = Z 1
[1873] = CNOT 1 15
[1874] = CNOT 1 16
[1875] = S 1
[1876] = Z 1
[1877] = CNOT 1 16
[1878] = CNOT 1 17
[1879] = S 1
[1880] = Z 1
[1881] = CNOT 1 17
[1882] = CNOT 1 18
[1883] = S 1
[1884] = CNOT 1 18
[1885] = CNOT 1 7
[1886] = CNOT 1 8
[1887] = CNOT 1 9
[1888] = Z 1
[1889] = CNOT 1 9
[1890] = CNOT 1 10
[1891] = S 1
[1892] = Z 1
[1893] = CNOT 1 10
[1894] = CNOT 1 13
[1895] = S 1
[1896] = Z 1
[1897] = CNOT 1 13
[1898] = CNOT 1 15
[1899] = Z 1
[1900] = CNOT 1 15
[1901] = CNOT 1 17
[1902] = Z 1
[1903] = CNOT 1 17
[1904] = CNOT 1 18
[1905] = S 1
[1906] = Z 1
[1907] = CNOT 1 18
[1908] = CNOT 1 8
[1909] = CNOT 1 9
[1910] = CNOT 1 11
[1911] = S 1
[1912] = Z 1
[1913] = CNOT 1 11
[1914] = CNOT 1 13
[1915] = S 1
[1916] = Z 1
[1917] = CNOT 1 13
[1918] = CNOT 1 14
[1919] = S 1
[1920] = Z 1
[1921] = CNOT 1 14
[1922] = CNOT 1 16
[1923] = Z 1
[1924] = CNOT 1 16
[1925] = CNOT 1 17
[1926] = S 1
[1927] = Z 1
[1928] = CNOT 1 17
[1929] = CNOT 1 9
[1930] = CNOT 1 10
[1931] = CNOT 1 14
[1932] = S 1
[1933] = Z 1
[1934] = CNOT 1 14
[1935] = CNOT 1 15
[1936] = S 1
[1937] = Z 1
[1938] = CNOT 1 15
[1939] = CNOT 1 17
[1940] = S 1
[1941] = Z 1
[1942] = CNOT 1 17
[1943] = CNOT 1 18
[1944] = S 1
[1945] = Z 1
[1946] = CNOT 1 18
[1947] = CNOT 1 10
[1948] = CNOT 1 11
[1949] = CNOT 1 14
[1950] = S 1
[1951] = Z 1
[1952] = CNOT 1 14
[1953] = CNOT 1 18
[1954] = S 1
[1955] = Z 1
[1956] = CNOT 1 18
[1957] = CNOT 1 11
[1958] = CNOT 1 13
[1959] = CNOT 1 14
[1960] = S 1
[1961] = Z 1
[1962] = CNOT 1 14
[1963] = CNOT 1 15
[1964] = S 1
[1965] = Z 1
[1966] = CNOT 1 15
[1967] = CNOT 1 17
[1968] = S 1
[1969] = Z 1
[1970] = CNOT 1 17
[1971] = CNOT 1 18
[1972] = S 1
[1973] = Z 1
[1974] = CNOT 1 18
[1975] = CNOT 1 13
[1976] = CNOT 1 14
[1977] = CNOT 1 15
[1978] = Z 1
[1979] = CNOT 1 15
[1980] = CNOT 1 16
[1981] = S 1
[1982] = Z 1
[1983] = CNOT 1 16
[1984] = CNOT 1 17
[1985] = S 1
[1986] = CNOT 1 17
[1987] = CNOT 1 18
[1988] = S 1
[1989] = CNOT 1 18
[1990] = CNOT 1 14
[1991] = CNOT 1 15
[1992] = CNOT 1 16
[1993] = S 1
[1994] = Z 1
[1995] = CNOT 1 16
[1996] = CNOT 1 17
[1997] = Z 1
[1998] = CNOT 1 17
[1999] = CNOT 1 18
[2000] = Z 1
[2001] = CNOT 1 18
[2002] = CNOT 1 15
[2003] = CNOT 1 16
[2004] = CNOT 1 17
[2005] = S 1
[2006] = Z 1
[2007] = CNOT 1 16
[2008] = CNOT 1 18
[2009] = S 1
[2010] = CNOT 1 18
[2011] = CNOT 1 17
[2012] = CNOT 2 3
[2013] = CNOT 2 5
[2014] = S 2
[2015] = Z 2
[2016] = CNOT 2 5
[2017] = CNOT 2 8
[2018] = S 2
[2019] = Z 2
[2020] = CNOT 2 8
[2021] = CNOT 2 10
[2022] = S 2
[2023] = Z 2
[2024] = CNOT 2 10
[2025] = CNOT 2 14
[2026] = S 2
[2027] = Z 2
[2028] = CNOT 2 14
[2029] = CNOT 2 15
[2030] = S 2
[2031] = Z 2
[2032] = CNOT 2 15
[2033] = CNOT 2 18
[2034] = S 2
[2035] = Z 2
[2036] = CNOT 2 18
[2037] = CNOT 2 3
[2038] = CNOT 2 4
[2039] = CNOT 2 5
[2040] = S 2
[2041] = Z 2
[2042] = CNOT 2 5
[2043] = CNOT 2 8
[2044] = S 2
[2045] = Z 2
[2046] = CNOT 2 8
[2047] = CNOT 2 18
[2048] = S 2
[2049] = Z 2
[2050] = CNOT 2 18
[2051] = CNOT 2 4
[2052] = CNOT 2 5
[2053] = CNOT 2 6
[2054] = S 2
[2055] = Z 2
[2056] = CNOT 2 6
[2057] = CNOT 2 7
[2058] = S 2
[2059] = Z 2
[2060] = CNOT 2 7
[2061] = CNOT 2 8
[2062] = S 2
[2063] = Z 2
[2064] = CNOT 2 8
[2065] = CNOT 2 9
[2066] = Z 2
[2067] = CNOT 2 9
[2068] = CNOT 2 10
[2069] = S 2
[2070] = Z 2
[2071] = CNOT 2 10
[2072] = CNOT 2 14
[2073] = S 2
[2074] = CNOT 2 14
[2075] = CNOT 2 15
[2076] = S 2
[2077] = Z 2
[2078] = CNOT 2 15
[2079] = CNOT 2 16
[2080] = S 2
[2081] = Z 2
[2082] = CNOT 2 16
[2083] = CNOT 2 17
[2084] = S 2
[2085] = Z 2
[2086] = CNOT 2 17
[2087] = CNOT 2 18
[2088] = S 2
[2089] = Z 2
[2090] = CNOT 2 18
[2091] = CNOT 2 5
[2092] = CNOT 2 6
[2093] = CNOT 2 7
[2094] = S 2
[2095] = Z 2
[2096] = CNOT 2 7
[2097] = CNOT 2 8
[2098] = S 2
[2099] = Z 2
[2100] = CNOT 2 8
[2101] = CNOT 2 9
[2102] = S 2
[2103] = Z 2
[2104] = CNOT 2 9
[2105] = CNOT 2 18
[2106] = S 2
[2107] = Z 2
[2108] = CNOT 2 18
[2109] = CNOT 2 6
[2110] = CNOT 2 7
[2111] = CNOT 2 8
[2112] = S 2
[2113] = Z 2
[2114] = CNOT 2 8
[2115] = CNOT 2 9
[2116] = S 2
[2117] = Z 2
[2118] = CNOT 2 9
[2119] = CNOT 2 18
[2120] = S 2
[2121] = Z 2
[2122] = CNOT 2 18
[2123] = CNOT 2 7
[2124] = CNOT 2 8
[2125] = CNOT 2 9
[2126] = Z 2
[2127] = CNOT 2 9
[2128] = CNOT 2 10
[2129] = S 2
[2130] = Z 2
[2131] = CNOT 2 10
[2132] = CNOT 2 14
[2133] = S 2
[2134] = CNOT 2 14
[2135] = CNOT 2 15
[2136] = S 2
[2137] = Z 2
[2138] = CNOT 2 15
[2139] = CNOT 2 16
[2140] = S 2
[2141] = Z 2
[2142] = CNOT 2 16
[2143] = CNOT 2 17
[2144] = S 2
[2145] = Z 2
[2146] = CNOT 2 17
[2147] = CNOT 2 18
[2148] = S 2
[2149] = Z 2
[2150] = CNOT 2 18
[2151] = CNOT 2 8
[2152] = CNOT 2 9
[2153] = CNOT 2 11
[2154] = Z 2
[2155] = CNOT 2 11
[2156] = CNOT 2 14
[2157] = S 2
[2158] = CNOT 2 14
[2159] = CNOT 2 17
[2160] = S 2
[2161] = Z 2
[2162] = CNOT 2 17
[2163] = CNOT 2 9
[2164] = CNOT 2 10
[2165] = CNOT 2 14
[2166] = S 2
[2167] = Z 2
[2168] = CNOT 2 14
[2169] = CNOT 2 15
[2170] = S 2
[2171] = Z 2
[2172] = CNOT 2 15
[2173] = CNOT 2 18
[2174] = S 2
[2175] = Z 2
[2176] = CNOT 2 18
[2177] = CNOT 2 10
[2178] = CNOT 2 11
[2179] = CNOT 2 14
[2180] = Z 2
[2181] = CNOT 2 14
[2182] = CNOT 2 17
[2183] = S 2
[2184] = Z 2
[2185] = CNOT 2 17
[2186] = CNOT 2 11
[2187] = CNOT 2 14
[2188] = CNOT 2 15
[2189] = Z 2
[2190] = CNOT 2 15
[2191] = CNOT 2 17
[2192] = S 2
[2193] = CNOT 2 17
[2194] = CNOT 2 18
[2195] = Z 2
[2196] = CNOT 2 18
[2197] = CNOT 2 14
[2198] = CNOT 2 15
[2199] = CNOT 2 17
[2200] = S 2
[2201] = Z 2
[2202] = CNOT 2 17
[2203] = CNOT 2 18
[2204] = Z 2
[2205] = CNOT 2 15
[2206] = CNOT 2 16
[2207] = S 2
[2208] = Z 2
[2209] = CNOT 2 16
[2210] = CNOT 2 17
[2211] = S 2
[2212] = CNOT 2 18
[2213] = CNOT 2 17
[2214] = CNOT 3 4
[2215] = CNOT 3 5
[2216] = S 3
[2217] = Z 3
[2218] = CNOT 3 5
[2219] = CNOT 3 6
[2220] = S 3
[2221] = Z 3
[2222] = CNOT 3 6
[2223] = CNOT 3 7
[2224] = S 3
[2225] = Z 3
[2226] = CNOT 3 7
[2227] = CNOT 3 8
[2228] = S 3
[2229] = Z 3
[2230] = CNOT 3 8
[2231] = CNOT 3 9
[2232] = S 3
[2233] = Z 3
[2234] = CNOT 3 9
[2235] = CNOT 3 13
[2236] = S 3
[2237] = Z 3
[2238] = CNOT 3 13
[2239] = CNOT 3 14
[2240] = S 3
[2241] = Z 3
[2242] = CNOT 3 14
[2243] = CNOT 3 15
[2244] = Z 3
[2245] = CNOT 3 15
[2246] = CNOT 3 18
[2247] = S 3
[2248] = Z 3
[2249] = CNOT 3 18
[2250] = CNOT 3 4
[2251] = CNOT 3 5
[2252] = CNOT 3 6
[2253] = S 3
[2254] = Z 3
[2255] = CNOT 3 6
[2256] = CNOT 3 7
[2257] = S 3
[2258] = Z 3
[2259] = CNOT 3 7
[2260] = CNOT 3 8
[2261] = S 3
[2262] = CNOT 3 8
[2263] = CNOT 3 9
[2264] = S 3
[2265] = CNOT 3 9
[2266] = CNOT 3 10
[2267] = S 3
[2268] = CNOT 3 10
[2269] = CNOT 3 13
[2270] = Z 3
[2271] = CNOT 3 13
[2272] = CNOT 3 14
[2273] = S 3
[2274] = CNOT 3 14
[2275] = CNOT 3 15
[2276] = Z 3
[2277] = CNOT 3 15
[2278] = CNOT 3 16
[2279] = S 3
[2280] = Z 3
[2281] = CNOT 3 16
[2282] = CNOT 3 17
[2283] = S 3
[2284] = CNOT 3 17
[2285] = CNOT 3 18
[2286] = S 3
[2287] = CNOT 3 18
[2288] = CNOT 3 5
[2289] = CNOT 3 6
[2290] = CNOT 3 7
[2291] = Z 3
[2292] = CNOT 3 7
[2293] = CNOT 3 8
[2294] = S 3
[2295] = Z 3
[2296] = CNOT 3 8
[2297] = CNOT 3 9
[2298] = S 3
[2299] = Z 3
[2300] = CNOT 3 9
[2301] = CNOT 3 13
[2302] = Z 3
[2303] = CNOT 3 13
[2304] = CNOT 3 14
[2305] = S 3
[2306] = Z 3
[2307] = CNOT 3 14
[2308] = CNOT 3 15
[2309] = S 3
[2310] = Z 3
[2311] = CNOT 3 15
[2312] = CNOT 3 17
[2313] = S 3
[2314] = Z 3
[2315] = CNOT 3 17
[2316] = CNOT 3 18
[2317] = S 3
[2318] = Z 3
[2319] = CNOT 3 18
[2320] = CNOT 3 6
[2321] = CNOT 3 7
[2322] = CNOT 3 8
[2323] = S 3
[2324] = Z 3
[2325] = CNOT 3 8
[2326] = CNOT 3 9
[2327] = S 3
[2328] = Z 3
[2329] = CNOT 3 9
[2330] = CNOT 3 13
[2331] = Z 3
[2332] = CNOT 3 13
[2333] = CNOT 3 14
[2334] = S 3
[2335] = Z 3
[2336] = CNOT 3 14
[2337] = CNOT 3 15
[2338] = S 3
[2339] = Z 3
[2340] = CNOT 3 15
[2341] = CNOT 3 17
[2342] = S 3
[2343] = Z 3
[2344] = CNOT 3 17
[2345] = CNOT 3 18
[2346] = S 3
[2347] = Z 3
[2348] = CNOT 3 18
[2349] = CNOT 3 7
[2350] = CNOT 3 8
[2351] = CNOT 3 9
[2352] = S 3
[2353] = CNOT 3 9
[2354] = CNOT 3 10
[2355] = S 3
[2356] = CNOT 3 10
[2357] = CNOT 3 13
[2358] = Z 3
[2359] = CNOT 3 13
[2360] = CNOT 3 14
[2361] = S 3
[2362] = CNOT 3 14
[2363] = CNOT 3 15
[2364] = Z 3
[2365] = CNOT 3 15
[2366] = CNOT 3 16
[2367] = S 3
[2368] = Z 3
[2369] = CNOT 3 16
[2370] = CNOT 3 17
[2371] = S 3
[2372] = CNOT 3 17
[2373] = CNOT 3 18
[2374] = S 3
[2375] = CNOT 3 18
[2376] = CNOT 3 8
[2377] = CNOT 3 9
[2378] = CNOT 3 13
[2379] = Z 3
[2380] = CNOT 3 13
[2381] = CNOT 3 14
[2382] = S 3
[2383] = CNOT 3 14
[2384] = CNOT 3 15
[2385] = Z 3
[2386] = CNOT 3 15
[2387] = CNOT 3 18
[2388] = S 3
[2389] = CNOT 3 18
[2390] = CNOT 3 9
[2391] = CNOT 3 10
[2392] = CNOT 3 14
[2393] = S 3
[2394] = CNOT 3 14
[2395] = CNOT 3 15
[2396] = S 3
[2397] = CNOT 3 15
[2398] = CNOT 3 16
[2399] = S 3
[2400] = Z 3
[2401] = CNOT 3 16
[2402] = CNOT 3 17
[2403] = Z 3
[2404] = CNOT 3 17
[2405] = CNOT 3 10
[2406] = CNOT 3 13
[2407] = CNOT 3 14
[2408] = Z 3
[2409] = CNOT 3 14
[2410] = CNOT 3 15
[2411] = Z 3
[2412] = CNOT 3 15
[2413] = CNOT 3 17
[2414] = S 3
[2415] = Z 3
[2416] = CNOT 3 17
[2417] = CNOT 3 18
[2418] = Z 3
[2419] = CNOT 3 18
[2420] = CNOT 3 13
[2421] = CNOT 3 14
[2422] = CNOT 3 15
[2423] = S 3
[2424] = CNOT 3 15
[2425] = CNOT 3 16
[2426] = Z 3
[2427] = CNOT 3 14
[2428] = CNOT 3 15
[2429] = Z 3
[2430] = CNOT 3 16
[2431] = CNOT 3 18
[2432] = S 3
[2433] = CNOT 3 18
[2434] = CNOT 3 15
[2435] = CNOT 3 16
[2436] = CNOT 3 17
[2437] = Z 3
[2438] = CNOT 3 17
[2439] = CNOT 3 18
[2440] = Z 3
[2441] = CNOT 3 18
[2442] = CNOT 3 16
[2443] = CNOT 4 5
[2444] = CNOT 4 6
[2445] = S 4
[2446] = Z 4
[2447] = CNOT 4 6
[2448] = CNOT 4 7
[2449] = S 4
[2450] = Z 4
[2451] = CNOT 4 7
[2452] = CNOT 4 8
[2453] = S 4
[2454] = Z 4
[2455] = CNOT 4 8
[2456] = CNOT 4 9
[2457] = S 4
[2458] = CNOT 4 9
[2459] = CNOT 4 14
[2460] = Z 4
[2461] = CNOT 4 14
[2462] = CNOT 4 15
[2463] = S 4
[2464] = Z 4
[2465] = CNOT 4 15
[2466] = CNOT 4 16
[2467] = Z 4
[2468] = CNOT 4 16
[2469] = CNOT 4 18
[2470] = S 4
[2471] = Z 4
[2472] = CNOT 4 18
[2473] = CNOT 4 5
[2474] = CNOT 4 6
[2475] = CNOT 4 7
[2476] = S 4
[2477] = CNOT 4 7
[2478] = CNOT 4 8
[2479] = S 4
[2480] = Z 4
[2481] = CNOT 4 8
[2482] = CNOT 4 9
[2483] = S 4
[2484] = Z 4
[2485] = CNOT 4 9
[2486] = CNOT 4 13
[2487] = Z 4
[2488] = CNOT 4 13
[2489] = CNOT 4 15
[2490] = Z 4
[2491] = CNOT 4 15
[2492] = CNOT 4 17
[2493] = S 4
[2494] = Z 4
[2495] = CNOT 4 17
[2496] = CNOT 4 18
[2497] = S 4
[2498] = Z 4
[2499] = CNOT 4 18
[2500] = CNOT 4 6
[2501] = CNOT 4 7
[2502] = CNOT 4 8
[2503] = S 4
[2504] = Z 4
[2505] = CNOT 4 8
[2506] = CNOT 4 9
[2507] = S 4
[2508] = Z 4
[2509] = CNOT 4 9
[2510] = CNOT 4 13
[2511] = Z 4
[2512] = CNOT 4 13
[2513] = CNOT 4 15
[2514] = Z 4
[2515] = CNOT 4 15
[2516] = CNOT 4 17
[2517] = S 4
[2518] = Z 4
[2519] = CNOT 4 17
[2520] = CNOT 4 18
[2521] = S 4
[2522] = Z 4
[2523] = CNOT 4 18
[2524] = CNOT 4 7
[2525] = CNOT 4 8
[2526] = CNOT 4 9
[2527] = S 4
[2528] = CNOT 4 9
[2529] = CNOT 4 14
[2530] = Z 4
[2531] = CNOT 4 14
[2532] = CNOT 4 15
[2533] = S 4
[2534] = Z 4
[2535] = CNOT 4 15
[2536] = CNOT 4 16
[2537] = Z 4
[2538] = CNOT 4 16
[2539] = CNOT 4 18
[2540] = S 4
[2541] = Z 4
[2542] = CNOT 4 18
[2543] = CNOT 4 8
[2544] = CNOT 4 9
[2545] = CNOT 4 14
[2546] = Z 4
[2547] = CNOT 4 14
[2548] = CNOT 4 15
[2549] = S 4
[2550] = Z 4
[2551] = CNOT 4 15
[2552] = CNOT 4 16
[2553] = S 4
[2554] = Z 4
[2555] = CNOT 4 16
[2556] = CNOT 4 9
[2557] = CNOT 4 13
[2558] = CNOT 4 15
[2559] = Z 4
[2560] = CNOT 4 15
[2561] = CNOT 4 17
[2562] = S 4
[2563] = Z 4
[2564] = CNOT 4 17
[2565] = CNOT 4 13
[2566] = CNOT 4 14
[2567] = CNOT 4 15
[2568] = S 4
[2569] = Z 4
[2570] = CNOT 4 15
[2571] = CNOT 4 17
[2572] = S 4
[2573] = Z 4
[2574] = CNOT 4 17
[2575] = CNOT 4 18
[2576] = S 4
[2577] = CNOT 4 18
[2578] = CNOT 4 14
[2579] = CNOT 4 15
[2580] = CNOT 4 17
[2581] = S 4
[2582] = Z 4
[2583] = CNOT 4 17
[2584] = CNOT 4 18
[2585] = S 4
[2586] = Z 4
[2587] = CNOT 4 15
[2588] = CNOT 4 16
[2589] = Z 4
[2590] = CNOT 4 16
[2591] = CNOT 4 17
[2592] = S 4
[2593] = Z 4
[2594] = CNOT 4 18
[2595] = CNOT 4 17
[2596] = CNOT 5 6
[2597] = CNOT 5 8
[2598] = S 5
[2599] = Z 5
[2600] = CNOT 5 8
[2601] = CNOT 5 9
[2602] = S 5
[2603] = Z 5
[2604] = CNOT 5 9
[2605] = CNOT 5 13
[2606] = Z 5
[2607] = CNOT 5 13
[2608] = CNOT 5 14
[2609] = S 5
[2610] = CNOT 5 14
[2611] = CNOT 5 15
[2612] = S 5
[2613] = Z 5
[2614] = CNOT 5 15
[2615] = CNOT 5 16
[2616] = S 5
[2617] = Z 5
[2618] = CNOT 5 16
[2619] = CNOT 5 17
[2620] = S 5
[2621] = Z 5
[2622] = CNOT 5 17
[2623] = CNOT 5 18
[2624] = S 5
[2625] = Z 5
[2626] = CNOT 5 18
[2627] = CNOT 5 6
[2628] = CNOT 5 7
[2629] = CNOT 5 8
[2630] = S 5
[2631] = Z 5
[2632] = CNOT 5 8
[2633] = CNOT 5 9
[2634] = S 5
[2635] = Z 5
[2636] = CNOT 5 9
[2637] = CNOT 5 13
[2638] = Z 5
[2639] = CNOT 5 13
[2640] = CNOT 5 14
[2641] = S 5
[2642] = CNOT 5 14
[2643] = CNOT 5 15
[2644] = S 5
[2645] = Z 5
[2646] = CNOT 5 15
[2647] = CNOT 5 16
[2648] = S 5
[2649] = Z 5
[2650] = CNOT 5 16
[2651] = CNOT 5 17
[2652] = S 5
[2653] = Z 5
[2654] = CNOT 5 17
[2655] = CNOT 5 18
[2656] = S 5
[2657] = Z 5
[2658] = CNOT 5 18
[2659] = CNOT 5 7
[2660] = CNOT 5 8
[2661] = CNOT 5 9
[2662] = Z 5
[2663] = CNOT 5 9
[2664] = CNOT 5 10
[2665] = S 5
[2666] = CNOT 5 10
[2667] = CNOT 5 14
[2668] = S 5
[2669] = Z 5
[2670] = CNOT 5 14
[2671] = CNOT 5 16
[2672] = S 5
[2673] = Z 5
[2674] = CNOT 5 16
[2675] = CNOT 5 17
[2676] = S 5
[2677] = Z 5
[2678] = CNOT 5 17
[2679] = CNOT 5 18
[2680] = Z 5
[2681] = CNOT 5 18
[2682] = CNOT 5 8
[2683] = CNOT 5 9
[2684] = CNOT 5 14
[2685] = S 5
[2686] = CNOT 5 14
[2687] = CNOT 5 15
[2688] = S 5
[2689] = CNOT 5 15
[2690] = CNOT 5 16
[2691] = Z 5
[2692] = CNOT 5 16
[2693] = CNOT 5 17
[2694] = S 5
[2695] = Z 5
[2696] = CNOT 5 17
[2697] = CNOT 5 18
[2698] = Z 5
[2699] = CNOT 5 18
[2700] = CNOT 5 9
[2701] = CNOT 5 10
[2702] = CNOT 5 14
[2703] = S 5
[2704] = CNOT 5 14
[2705] = CNOT 5 15
[2706] = S 5
[2707] = CNOT 5 15
[2708] = CNOT 5 16
[2709] = S 5
[2710] = Z 5
[2711] = CNOT 5 16
[2712] = CNOT 5 17
[2713] = Z 5
[2714] = CNOT 5 17
[2715] = CNOT 5 18
[2716] = S 5
[2717] = CNOT 5 18
[2718] = CNOT 5 10
[2719] = CNOT 5 13
[2720] = CNOT 5 15
[2721] = Z 5
[2722] = CNOT 5 15
[2723] = CNOT 5 17
[2724] = S 5
[2725] = Z 5
[2726] = CNOT 5 17
[2727] = CNOT 5 13
[2728] = CNOT 5 14
[2729] = CNOT 5 16
[2730] = Z 5
[2731] = CNOT 5 16
[2732] = CNOT 5 17
[2733] = S 5
[2734] = Z 5
[2735] = CNOT 5 17
[2736] = CNOT 5 18
[2737] = S 5
[2738] = Z 5
[2739] = CNOT 5 18
[2740] = CNOT 5 14
[2741] = CNOT 5 15
[2742] = CNOT 5 16
[2743] = Z 5
[2744] = CNOT 5 16
[2745] = CNOT 5 17
[2746] = S 5
[2747] = CNOT 5 15
[2748] = CNOT 5 16
[2749] = Z 5
[2750] = CNOT 5 17
[2751] = CNOT 5 18
[2752] = S 5
[2753] = Z 5
[2754] = CNOT 5 16
[2755] = CNOT 5 17
[2756] = S 5
[2757] = Z 5
[2758] = CNOT 5 18
[2759] = CNOT 5 17
[2760] = CNOT 6 7
[2761] = CNOT 6 8
[2762] = S 6
[2763] = Z 6
[2764] = CNOT 6 8
[2765] = CNOT 6 9
[2766] = S 6
[2767] = Z 6
[2768] = CNOT 6 9
[2769] = CNOT 6 14
[2770] = S 6
[2771] = CNOT 6 14
[2772] = CNOT 6 15
[2773] = S 6
[2774] = CNOT 6 15
[2775] = CNOT 6 16
[2776] = S 6
[2777] = Z 6
[2778] = CNOT 6 16
[2779] = CNOT 6 7
[2780] = CNOT 6 8
[2781] = CNOT 6 9
[2782] = S 6
[2783] = Z 6
[2784] = CNOT 6 9
[2785] = CNOT 6 13
[2786] = Z 6
[2787] = CNOT 6 13
[2788] = CNOT 6 14
[2789] = S 6
[2790] = CNOT 6 14
[2791] = CNOT 6 15
[2792] = S 6
[2793] = Z 6
[2794] = CNOT 6 15
[2795] = CNOT 6 16
[2796] = S 6
[2797] = Z 6
[2798] = CNOT 6 16
[2799] = CNOT 6 17
[2800] = S 6
[2801] = Z 6
[2802] = CNOT 6 17
[2803] = CNOT 6 18
[2804] = S 6
[2805] = Z 6
[2806] = CNOT 6 18
[2807] = CNOT 6 8
[2808] = CNOT 6 9
[2809] = CNOT 6 13
[2810] = Z 6
[2811] = CNOT 6 13
[2812] = CNOT 6 14
[2813] = S 6
[2814] = CNOT 6 14
[2815] = CNOT 6 15
[2816] = S 6
[2817] = Z 6
[2818] = CNOT 6 15
[2819] = CNOT 6 16
[2820] = S 6
[2821] = Z 6
[2822] = CNOT 6 16
[2823] = CNOT 6 17
[2824] = S 6
[2825] = Z 6
[2826] = CNOT 6 17
[2827] = CNOT 6 18
[2828] = S 6
[2829] = Z 6
[2830] = CNOT 6 18
[2831] = CNOT 6 9
[2832] = CNOT 6 13
[2833] = CNOT 6 14
[2834] = Z 6
[2835] = CNOT 6 14
[2836] = CNOT 6 15
[2837] = S 6
[2838] = CNOT 6 15
[2839] = CNOT 6 17
[2840] = Z 6
[2841] = CNOT 6 17
[2842] = CNOT 6 18
[2843] = Z 6
[2844] = CNOT 6 18
[2845] = CNOT 6 13
[2846] = CNOT 6 14
[2847] = CNOT 6 15
[2848] = S 6
[2849] = Z 6
[2850] = CNOT 6 15
[2851] = CNOT 6 17
[2852] = S 6
[2853] = Z 6
[2854] = CNOT 6 17
[2855] = CNOT 6 18
[2856] = S 6
[2857] = CNOT 6 18
[2858] = CNOT 6 14
[2859] = CNOT 6 15
[2860] = CNOT 6 17
[2861] = S 6
[2862] = Z 6
[2863] = CNOT 6 17
[2864] = CNOT 6 18
[2865] = S 6
[2866] = Z 6
[2867] = CNOT 6 15
[2868] = CNOT 6 16
[2869] = S 6
[2870] = Z 6
[2871] = CNOT 6 16
[2872] = CNOT 6 17
[2873] = S 6
[2874] = Z 6
[2875] = CNOT 6 18
[2876] = CNOT 6 17
[2877] = CNOT 7 8
[2878] = CNOT 7 9
[2879] = S 7
[2880] = Z 7
[2881] = CNOT 7 9
[2882] = CNOT 7 13
[2883] = Z 7
[2884] = CNOT 7 13
[2885] = CNOT 7 14
[2886] = S 7
[2887] = CNOT 7 14
[2888] = CNOT 7 15
[2889] = S 7
[2890] = Z 7
[2891] = CNOT 7 15
[2892] = CNOT 7 16
[2893] = S 7
[2894] = Z 7
[2895] = CNOT 7 16
[2896] = CNOT 7 17
[2897] = S 7
[2898] = Z 7
[2899] = CNOT 7 17
[2900] = CNOT 7 18
[2901] = S 7
[2902] = Z 7
[2903] = CNOT 7 18
[2904] = CNOT 7 8
[2905] = CNOT 7 9
[2906] = CNOT 7 13
[2907] = Z 7
[2908] = CNOT 7 13
[2909] = CNOT 7 14
[2910] = S 7
[2911] = CNOT 7 14
[2912] = CNOT 7 15
[2913] = S 7
[2914] = Z 7
[2915] = CNOT 7 15
[2916] = CNOT 7 16
[2917] = S 7
[2918] = Z 7
[2919] = CNOT 7 16
[2920] = CNOT 7 17
[2921] = S 7
[2922] = Z 7
[2923] = CNOT 7 17
[2924] = CNOT 7 18
[2925] = S 7
[2926] = Z 7
[2927] = CNOT 7 18
[2928] = CNOT 7 9
[2929] = CNOT 7 13
[2930] = CNOT 7 14
[2931] = Z 7
[2932] = CNOT 7 14
[2933] = CNOT 7 15
[2934] = S 7
[2935] = CNOT 7 15
[2936] = CNOT 7 17
[2937] = Z 7
[2938] = CNOT 7 17
[2939] = CNOT 7 18
[2940] = Z 7
[2941] = CNOT 7 18
[2942] = CNOT 7 13
[2943] = CNOT 7 14
[2944] = CNOT 7 15
[2945] = S 7
[2946] = Z 7
[2947] = CNOT 7 15
[2948] = CNOT 7 17
[2949] = S 7
[2950] = Z 7
[2951] = CNOT 7 17
[2952] = CNOT 7 18
[2953] = S 7
[2954] = CNOT 7 18
[2955] = CNOT 7 14
[2956] = CNOT 7 15
[2957] = CNOT 7 17
[2958] = S 7
[2959] = Z 7
[2960] = CNOT 7 17
[2961] = CNOT 7 18
[2962] = S 7
[2963] = Z 7
[2964] = CNOT 7 15
[2965] = CNOT 7 16
[2966] = S 7
[2967] = Z 7
[2968] = CNOT 7 16
[2969] = CNOT 7 17
[2970] = S 7
[2971] = Z 7
[2972] = CNOT 7 18
[2973] = CNOT 7 17
[2974] = CNOT 8 9
[2975] = CNOT 8 14
[2976] = S 8
[2977] = CNOT 8 14
[2978] = CNOT 8 15
[2979] = S 8
[2980] = CNOT 8 15
[2981] = CNOT 8 16
[2982] = Z 8
[2983] = CNOT 8 16
[2984] = CNOT 8 17
[2985] = S 8
[2986] = Z 8
[2987] = CNOT 8 17
[2988] = CNOT 8 18
[2989] = Z 8
[2990] = CNOT 8 18
[2991] = CNOT 8 9
[2992] = CNOT 8 10
[2993] = CNOT 8 14
[2994] = S 8
[2995] = CNOT 8 14
[2996] = CNOT 8 15
[2997] = S 8
[2998] = CNOT 8 15
[2999] = CNOT 8 16
[3000] = S 8
[3001] = Z 8
[3002] = CNOT 8 16
[3003] = CNOT 8 17
[3004] = Z 8
[3005] = CNOT 8 17
[3006] = CNOT 8 18
[3007] = S 8
[3008] = CNOT 8 18
[3009] = CNOT 8 10
[3010] = CNOT 8 13
[3011] = CNOT 8 15
[3012] = Z 8
[3013] = CNOT 8 15
[3014] = CNOT 8 17
[3015] = S 8
[3016] = Z 8
[3017] = CNOT 8 17
[3018] = CNOT 8 13
[3019] = CNOT 8 14
[3020] = CNOT 8 16
[3021] = Z 8
[3022] = CNOT 8 16
[3023] = CNOT 8 17
[3024] = S 8
[3025] = Z 8
[3026] = CNOT 8 17
[3027] = CNOT 8 18
[3028] = S 8
[3029] = Z 8
[3030] = CNOT 8 18
[3031] = CNOT 8 14
[3032] = CNOT 8 15
[3033] = CNOT 8 16
[3034] = Z 8
[3035] = CNOT 8 16
[3036] = CNOT 8 17
[3037] = S 8
[3038] = CNOT 8 15
[3039] = CNOT 8 16
[3040] = Z 8
[3041] = CNOT 8 17
[3042] = CNOT 8 18
[3043] = S 8
[3044] = Z 8
[3045] = CNOT 8 16
[3046] = CNOT 8 17
[3047] = S 8
[3048] = Z 8
[3049] = CNOT 8 18
[3050] = CNOT 8 17
[3051] = CNOT 9 11
[3052] = CNOT 9 14
[3053] = Z 9
[3054] = CNOT 9 14
[3055] = CNOT 9 17
[3056] = S 9
[3057] = Z 9
[3058] = CNOT 9 17
[3059] = CNOT 9 18
[3060] = Z 9
[3061] = CNOT 9 18
[3062] = CNOT 9 11
[3063] = CNOT 9 13
[3064] = CNOT 9 15
[3065] = Z 9
[3066] = CNOT 9 15
[3067] = CNOT 9 17
[3068] = S 9
[3069] = Z 9
[3070] = CNOT 9 17
[3071] = CNOT 9 13
[3072] = CNOT 9 14
[3073] = CNOT 9 15
[3074] = S 9
[3075] = CNOT 9 15
[3076] = CNOT 9 17
[3077] = Z 9
[3078] = CNOT 9 17
[3079] = CNOT 9 18
[3080] = Z 9
[3081] = CNOT 9 14
[3082] = CNOT 9 15
[3083] = S 9
[3084] = CNOT 9 15
[3085] = CNOT 9 16
[3086] = Z 9
[3087] = CNOT 9 16
[3088] = CNOT 9 17
[3089] = Z 9
[3090] = CNOT 9 18
[3091] = CNOT 9 17
[3092] = CNOT 10 14
[3093] = CNOT 10 15
[3094] = S 10
[3095] = CNOT 10 15
[3096] = CNOT 10 16
[3097] = S 10
[3098] = Z 10
[3099] = CNOT 10 16
[3100] = CNOT 10 17
[3101] = Z 10
[3102] = CNOT 10 17
[3103] = CNOT 10 18
[3104] = S 10
[3105] = CNOT 10 18
[3106] = CNOT 10 14
[3107] = CNOT 10 15
[3108] = CNOT 10 16
[3109] = S 10
[3110] = Z 10
[3111] = CNOT 10 16
[3112] = CNOT 10 17
[3113] = Z 10
[3114] = CNOT 10 17
[3115] = CNOT 10 18
[3116] = S 10
[3117] = CNOT 10 18
[3118] = CNOT 10 15
[3119] = CNOT 10 16
[3120] = CNOT 10 17
[3121] = S 10
[3122] = Z 10
[3123] = CNOT 10 17
[3124] = CNOT 10 18
[3125] = S 10
[3126] = Z 10
[3127] = CNOT 10 16
[3128] = CNOT 10 17
[3129] = Z 10
[3130] = CNOT 10 18
[3131] = CNOT 10 17
[3132] = CNOT 11 14
[3133] = CNOT 11 17
[3134] = S 11
[3135] = Z 11
[3136] = CNOT 11 17
[3137] = CNOT 11 18
[3138] = Z 11
[3139] = CNOT 11 14
[3140] = CNOT 11 17
[3141] = S 11
[3142] = Z 11
[3143] = CNOT 11 18
[3144] = CNOT 11 17
[3145] = CNOT 13 14
[3146] = CNOT 13 15
[3147] = Z 13
[3148] = CNOT 13 15
[3149] = CNOT 13 17
[3150] = S 13
[3151] = Z 13
[3152] = CNOT 13 14
[3153] = CNOT 13 15
[3154] = S 13
[3155] = Z 13
[3156] = CNOT 13 17
[3157] = CNOT 13 18
[3158] = Z 13
[3159] = CNOT 13 15
[3160] = CNOT 13 17
[3161] = S 13
[3162] = Z 13
[3163] = CNOT 13 18
[3164] = CNOT 13 17
[3165] = CNOT 14 15
[3166] = CNOT 14 16
[3167] = S 14
[3168] = CNOT 14 16
[3169] = CNOT 14 17
[3170] = S 14
[3171] = Z 14
[3172] = CNOT 14 17
[3173] = CNOT 14 18
[3174] = Z 14
[3175] = CNOT 14 18
[3176] = CNOT 14 15
[3177] = CNOT 14 16
[3178] = CNOT 14 17
[3179] = S 14
[3180] = CNOT 14 17
[3181] = CNOT 14 18
[3182] = S 14
[3183] = CNOT 14 16
[3184] = CNOT 14 17
[3185] = S 14
[3186] = Z 14
[3187] = CNOT 14 18
[3188] = CNOT 14 17
[3189] = CNOT 15 16
[3190] = CNOT 15 17
[3191] = S 15
[3192] = CNOT 15 17
[3193] = CNOT 15 18
[3194] = S 15
[3195] = CNOT 15 16
[3196] = CNOT 15 17
[3197] = S 15
[3198] = Z 15
[3199] = CNOT 15 18
[3200] = CNOT 15 17
[3201] = CNOT 16 17
[3202] = CNOT 16 18
[3203] = S 16
[3204] = CNOT 16 18
[3205] = CNOT 16 17
[3206] = CNOT 7 6
[3207] = CNOT 8 5
[3208] = CNOT 9 4
[3209] = CNOT 10 3
[3210] = CNOT 11 2
[3211] = CNOT 12 1
[3212] = H 13
[3213] = H 14
[3214] = H 15
[3215] = H 16
[3216] = H 17
[3217] = H 18
Gate distributions:
Input:
Operator distribution:
Total number of qubits = 18
Number of `data' qubits = 18
Number of `Toff_n' ancillas = 0
Number of Hadamard ancillas = 0
Hadamard ancilla cap = 0
Number of {CNOT,T} partitions = 3
T count = 252
Cost estimation = 126027
	id	Count
	0	0
	1	0
	2	0
	3	22
	4	5
	5	0
	6	0
	7	0
	8	0
	9	0
	10	36
	11	0
	12	0
	13	0
	14	0
	15	0
	16	0
	17	0
	18	0
Output:
Operator distribution:
Total number of qubits = 18
Number of `data' qubits = 18
Number of `Toff_n' ancillas = 0
Number of Hadamard ancillas = 0
Hadamard ancilla cap = 0
Number of {CNOT,T} partitions = 3
T count = 126
Cost estimation = 66092
	id	Count
	0	0
	1	0
	2	0
	3	22
	4	2043
	5	126
	6	0
	7	0
	8	0
	9	0
	10	0
	11	497
	12	0
	13	530
	14	0
	15	0
	16	0
	17	0
	18	0
Output T Count (SQC_Circuit) = 126
Output T Count (PhasePolynomial) = 126
Fail count = 0

Execution time: 16.5574s
Number of LCL errors: 0
Number of LCL warnings: 0
