Optimize a Clifford + T circuit.
Input filename = /home/rest/forpyzx/TOpt/forme/tpar_benchmark/qcla_adder_10.tfc
Number of unknown gates = 0
Number of unknown qubit labels = 0
Circuit filename: /home/rest/forpyzx/TOpt/forme/tpar_benchmark/qcla_adder_10.tfc

n 36
n_x 36
n_y 0
n_z 0
m 201
[0] = H 3
[1] = H 6
[2] = H 9
[3] = H 10
[4] = H 13
[5] = H 16
[6] = H 17
[7] = H 20
[8] = H 21
[9] = H 24
[10] = H 25
[11] = H 28
[12] = H 31
[13] = H 32
[14] = H 35
[15] = CCZ 1 2 3
[16] = CCZ 4 5 6
[17] = CCZ 7 8 10
[18] = CCZ 11 12 13
[19] = CCZ 14 15 17
[20] = CCZ 18 19 21
[21] = CCZ 22 23 25
[22] = CCZ 26 27 28
[23] = CCZ 29 30 32
[24] = CCZ 33 34 35
[25] = CNOT 5 4
[26] = CNOT 8 7
[27] = CNOT 12 11
[28] = CNOT 15 14
[29] = CNOT 19 18
[30] = CNOT 23 22
[31] = CNOT 27 26
[32] = CNOT 30 29
[33] = CNOT 34 33
[34] = CCZ 8 12 9
[35] = CCZ 15 19 16
[36] = CCZ 23 27 24
[37] = CCZ 30 34 31
[38] = H 3
[39] = H 9
[40] = H 10
[41] = H 16
[42] = H 17
[43] = H 24
[44] = H 25
[45] = H 31
[46] = H 32
[47] = CCZ 3 5 6
[48] = CCZ 10 12 13
[49] = CCZ 17 19 21
[50] = CCZ 25 27 28
[51] = CCZ 32 34 35
[52] = CCZ 16 24 20
[53] = H 6
[54] = H 20
[55] = H 21
[56] = CCZ 6 9 13
[57] = CCZ 21 24 28
[58] = H 13
[59] = H 21
[60] = CCZ 13 20 28
[61] = CCZ 13 16 21
[62] = H 28
[63] = H 21
[64] = H 10
[65] = H 17
[66] = H 25
[67] = H 32
[68] = H 20
[69] = CCZ 6 8 10
[70] = CCZ 13 15 17
[71] = CCZ 21 23 25
[72] = CCZ 28 30 32
[73] = CCZ 28 31 35
[74] = CCZ 16 24 20
[75] = H 10
[76] = H 17
[77] = H 25
[78] = H 32
[79] = H 35
[80] = H 20
[81] = H 9
[82] = H 16
[83] = H 24
[84] = H 31
[85] = CCZ 8 12 9
[86] = CCZ 15 19 16
[87] = CCZ 23 27 24
[88] = CCZ 30 34 31
[89] = CNOT 36 2
[90] = CNOT 3 5
[91] = CNOT 6 8
[92] = CNOT 10 12
[93] = CNOT 13 15
[94] = CNOT 17 19
[95] = CNOT 21 23
[96] = CNOT 25 27
[97] = CNOT 28 30
[98] = CNOT 31 34
[99] = CNOT 36 1
[100] = CNOT 5 4
[101] = CNOT 8 7
[102] = CNOT 12 11
[103] = CNOT 15 14
[104] = CNOT 19 18
[105] = CNOT 23 22
[106] = CNOT 27 26
[107] = CNOT 30 29
[108] = CNOT 34 33
[109] = H 9
[110] = H 16
[111] = H 24
[112] = H 31

Algorithm used: todd

UniversalOptimize begin.
	Gate synthesis begin.

in LempelX2
		Round = 0
Round 0 | Current Columns (m): 85
		Round = 1
Round 1 | Current Columns (m): 83
		Round = 2
Round 2 | Current Columns (m): 81
		Round = 3
Round 3 | Current Columns (m): 79
		Round = 4
Round 4 | Current Columns (m): 77
		Round = 5
Round 5 | Current Columns (m): 75
		Round = 6
Round 6 | Current Columns (m): 73
nullspace time: 63390 ms, chi time: 23507 ms
Total LempelX2 time: 86911 ms
		TODD executed in 86.9096 seconds.
		Total time: 86.91s
	Gate synthesis end.
	Gate synthesis begin.

in LempelX2
		Round = 0
Round 0 | Current Columns (m): 38
		Round = 1
Round 1 | Current Columns (m): 36
nullspace time: 2873 ms, chi time: 1834 ms
Total LempelX2 time: 4710 ms
		TODD executed in 4.7106 seconds.
		Total time: 4.71069s
	Gate synthesis end.
	Gate synthesis begin.

in LempelX2
		Round = 0
Round 0 | Current Columns (m): 22
nullspace time: 566 ms, chi time: 424 ms
Total LempelX2 time: 991 ms
		TODD executed in 0.991942 seconds.
		Total time: 0.992018s
	Gate synthesis end.
	Gate synthesis begin.

in LempelX2
		Round = 0
Round 0 | Current Columns (m): 22
		Round = 1
Round 1 | Current Columns (m): 20
nullspace time: 544 ms, chi time: 397 ms
Total LempelX2 time: 944 ms
		TODD executed in 0.944415 seconds.
		Total time: 0.944483s
	Gate synthesis end.
	Gate synthesis begin.

in LempelX2
		Round = 0
Round 0 | Current Columns (m): 21
nullspace time: 527 ms, chi time: 363 ms
Total LempelX2 time: 892 ms
		TODD executed in 0.892398 seconds.
		Total time: 0.892461s
	Gate synthesis end.
	Gate synthesis begin.

in LempelX2
		Round = 0
Round 0 | Current Columns (m): 12
nullspace time: 123 ms, chi time: 69 ms
Total LempelX2 time: 194 ms
		TODD executed in 0.194946 seconds.
		Total time: 0.194986s
	Gate synthesis end.
	Total time: 101.172s
UniversalOptimize end.
Output circuit:
n 36
n_x 36
n_y 0
n_z 0
m 2601
[0] = H 3
[1] = H 6
[2] = H 9
[3] = H 10
[4] = H 13
[5] = H 16
[6] = H 17
[7] = H 20
[8] = H 21
[9] = H 24
[10] = H 25
[11] = H 28
[12] = H 31
[13] = H 32
[14] = H 35
[15] = CNOT 1 29
[16] = CNOT 1 31
[17] = CNOT 1 32
[18] = CNOT 1 33
[19] = CNOT 1 34
[20] = T 1
[21] = CNOT 2 29
[22] = CNOT 2 31
[23] = CNOT 2 32
[24] = CNOT 2 33
[25] = CNOT 2 34
[26] = T 2
[27] = CNOT 2 34
[28] = CNOT 2 33
[29] = CNOT 2 32
[30] = CNOT 2 31
[31] = CNOT 2 29
[32] = CNOT 3 29
[33] = CNOT 3 31
[34] = CNOT 3 32
[35] = CNOT 3 33
[36] = CNOT 3 34
[37] = T 3
[38] = CNOT 3 34
[39] = CNOT 3 33
[40] = CNOT 3 32
[41] = CNOT 3 31
[42] = CNOT 3 29
[43] = CNOT 1 2
[44] = T 1
[45] = CNOT 1 2
[46] = CNOT 30 32
[47] = CNOT 30 33
[48] = CNOT 30 34
[49] = T 30
[50] = CNOT 30 34
[51] = CNOT 30 33
[52] = CNOT 30 31
[53] = T 30
[54] = S 30
[55] = Z 30
[56] = CNOT 30 32
[57] = CNOT 30 31
[58] = CNOT 1 3
[59] = T 1
[60] = T 4
[61] = Z 4
[62] = T 5
[63] = Z 5
[64] = CNOT 4 5
[65] = CNOT 4 6
[66] = T 4
[67] = CNOT 4 5
[68] = T 20
[69] = T 4
[70] = S 4
[71] = CNOT 4 6
[72] = CNOT 8 9
[73] = CNOT 8 11
[74] = CNOT 8 12
[75] = T 8
[76] = CNOT 8 12
[77] = CNOT 8 11
[78] = CNOT 8 9
[79] = CNOT 7 9
[80] = CNOT 7 11
[81] = CNOT 7 12
[82] = T 7
[83] = CNOT 7 8
[84] = CNOT 7 10
[85] = T 7
[86] = CNOT 7 9
[87] = CNOT 7 8
[88] = CNOT 1 2
[89] = T 1
[90] = CNOT 1 34
[91] = CNOT 1 33
[92] = CNOT 1 32
[93] = CNOT 1 31
[94] = CNOT 1 29
[95] = CNOT 1 3
[96] = CNOT 1 2
[97] = CNOT 9 10
[98] = CNOT 9 11
[99] = CNOT 9 12
[100] = T 9
[101] = CNOT 9 12
[102] = CNOT 9 11
[103] = CNOT 9 10
[104] = CNOT 7 9
[105] = T 7
[106] = CNOT 7 12
[107] = CNOT 7 11
[108] = CNOT 7 10
[109] = CNOT 7 9
[110] = CNOT 8 9
[111] = CNOT 8 10
[112] = CNOT 8 11
[113] = CNOT 8 12
[114] = T 8
[115] = CNOT 8 12
[116] = CNOT 8 11
[117] = CNOT 8 10
[118] = CNOT 8 9
[119] = T 11
[120] = S 11
[121] = T 12
[122] = S 12
[123] = CNOT 11 12
[124] = T 11
[125] = S 11
[126] = CNOT 11 13
[127] = T 11
[128] = CNOT 11 12
[129] = CNOT 12 13
[130] = T 12
[131] = S 12
[132] = CNOT 12 13
[133] = T 11
[134] = S 11
[135] = CNOT 11 13
[136] = CNOT 2 3
[137] = CNOT 2 14
[138] = CNOT 2 15
[139] = CNOT 2 29
[140] = CNOT 2 31
[141] = CNOT 2 32
[142] = CNOT 2 33
[143] = CNOT 2 34
[144] = T 2
[145] = CNOT 2 29
[146] = CNOT 2 14
[147] = CNOT 29 32
[148] = CNOT 29 33
[149] = CNOT 29 34
[150] = T 29
[151] = CNOT 29 34
[152] = CNOT 29 33
[153] = CNOT 29 32
[154] = CNOT 2 17
[155] = CNOT 2 29
[156] = T 2
[157] = CNOT 2 15
[158] = CNOT 14 15
[159] = T 14
[160] = CNOT 14 15
[161] = CNOT 2 14
[162] = T 2
[163] = CNOT 2 14
[164] = T 2
[165] = CNOT 2 14
[166] = CNOT 2 15
[167] = T 2
[168] = CNOT 2 17
[169] = CNOT 2 14
[170] = T 18
[171] = S 18
[172] = T 19
[173] = S 19
[174] = CNOT 2 18
[175] = CNOT 2 19
[176] = T 2
[177] = CNOT 2 19
[178] = CNOT 2 18
[179] = CNOT 2 15
[180] = CNOT 18 19
[181] = CNOT 18 21
[182] = T 18
[183] = CNOT 18 19
[184] = CNOT 19 21
[185] = T 19
[186] = S 19
[187] = CNOT 19 21
[188] = T 18
[189] = S 18
[190] = CNOT 18 21
[191] = CNOT 24 25
[192] = T 24
[193] = CNOT 24 25
[194] = CNOT 22 23
[195] = CNOT 22 24
[196] = CNOT 22 25
[197] = T 22
[198] = CNOT 22 25
[199] = CNOT 22 23
[200] = T 22
[201] = CNOT 23 24
[202] = CNOT 23 25
[203] = T 23
[204] = S 23
[205] = Z 23
[206] = CNOT 23 25
[207] = T 23
[208] = CNOT 23 24
[209] = CNOT 2 14
[210] = CNOT 2 16
[211] = T 2
[212] = CNOT 2 34
[213] = CNOT 2 33
[214] = CNOT 2 29
[215] = CNOT 2 14
[216] = CNOT 22 23
[217] = CNOT 22 26
[218] = CNOT 22 27
[219] = T 22
[220] = CNOT 22 27
[221] = CNOT 22 26
[222] = CNOT 22 24
[223] = T 26
[224] = S 26
[225] = Z 26
[226] = T 27
[227] = S 27
[228] = Z 27
[229] = CNOT 26 27
[230] = T 26
[231] = S 26
[232] = CNOT 26 28
[233] = T 26
[234] = CNOT 26 27
[235] = CNOT 27 28
[236] = T 27
[237] = S 27
[238] = CNOT 27 28
[239] = T 26
[240] = S 26
[241] = CNOT 26 28
[242] = T 29
[243] = Z 29
[244] = T 30
[245] = S 30
[246] = T 32
[247] = S 32
[248] = CNOT 30 31
[249] = CNOT 30 32
[250] = CNOT 30 33
[251] = CNOT 30 34
[252] = T 30
[253] = CNOT 30 34
[254] = CNOT 30 33
[255] = CNOT 30 32
[256] = CNOT 30 31
[257] = CNOT 29 30
[258] = CNOT 29 32
[259] = T 29
[260] = CNOT 29 30
[261] = CNOT 22 26
[262] = CNOT 22 27
[263] = T 22
[264] = CNOT 22 27
[265] = CNOT 22 26
[266] = CNOT 22 23
[267] = CNOT 5 6
[268] = T 5
[269] = S 5
[270] = CNOT 5 6
[271] = T 33
[272] = Z 33
[273] = T 34
[274] = Z 34
[275] = CNOT 29 31
[276] = T 29
[277] = S 29
[278] = Z 29
[279] = CNOT 29 32
[280] = CNOT 29 31
[281] = CNOT 33 34
[282] = CNOT 33 35
[283] = T 33
[284] = CNOT 33 34
[285] = CNOT 34 35
[286] = T 34
[287] = S 34
[288] = CNOT 34 35
[289] = T 33
[290] = S 33
[291] = CNOT 33 35
[292] = T 9
[293] = Z 9
[294] = CNOT 7 8
[295] = CNOT 7 11
[296] = CNOT 7 12
[297] = T 7
[298] = CNOT 7 12
[299] = CNOT 7 11
[300] = CNOT 22 24
[301] = CNOT 22 25
[302] = T 22
[303] = S 22
[304] = Z 22
[305] = CNOT 22 25
[306] = CNOT 22 24
[307] = CNOT 24 26
[308] = CNOT 24 27
[309] = T 24
[310] = S 24
[311] = Z 24
[312] = CNOT 24 27
[313] = CNOT 7 9
[314] = T 7
[315] = S 7
[316] = Z 7
[317] = CNOT 7 8
[318] = CNOT 2 15
[319] = CNOT 2 29
[320] = CNOT 2 33
[321] = CNOT 2 34
[322] = T 2
[323] = CNOT 2 16
[324] = CNOT 2 15
[325] = CNOT 2 14
[326] = CNOT 2 18
[327] = CNOT 2 19
[328] = T 2
[329] = CNOT 2 16
[330] = T 2
[331] = CNOT 2 14
[332] = CNOT 2 15
[333] = T 2
[334] = CNOT 2 34
[335] = CNOT 2 33
[336] = CNOT 2 32
[337] = CNOT 2 31
[338] = CNOT 2 29
[339] = CNOT 2 19
[340] = CNOT 2 18
[341] = CNOT 2 16
[342] = CNOT 2 15
[343] = CNOT 2 3
[344] = S 2
[345] = Z 2
[346] = S 3
[347] = Z 3
[348] = S 6
[349] = Z 10
[350] = S 13
[351] = S 16
[352] = Z 17
[353] = S 21
[354] = S 22
[355] = Z 22
[356] = S 23
[357] = Z 23
[358] = S 28
[359] = S 35
[360] = CNOT 1 2
[361] = Z 1
[362] = CNOT 1 2
[363] = CNOT 1 3
[364] = Z 1
[365] = CNOT 1 3
[366] = CNOT 2 3
[367] = Z 2
[368] = CNOT 2 3
[369] = CNOT 2 14
[370] = Z 2
[371] = CNOT 2 14
[372] = CNOT 2 15
[373] = Z 2
[374] = CNOT 2 15
[375] = CNOT 2 16
[376] = Z 2
[377] = CNOT 2 16
[378] = CNOT 2 18
[379] = S 2
[380] = Z 2
[381] = CNOT 2 18
[382] = CNOT 2 19
[383] = S 2
[384] = Z 2
[385] = CNOT 2 19
[386] = CNOT 3 14
[387] = Z 3
[388] = CNOT 3 14
[389] = CNOT 3 15
[390] = Z 3
[391] = CNOT 3 15
[392] = CNOT 3 16
[393] = Z 3
[394] = CNOT 3 16
[395] = CNOT 3 18
[396] = S 3
[397] = Z 3
[398] = CNOT 3 18
[399] = CNOT 3 19
[400] = S 3
[401] = Z 3
[402] = CNOT 3 19
[403] = Z 7
[404] = CNOT 7 9
[405] = CNOT 7 11
[406] = S 7
[407] = Z 7
[408] = CNOT 7 11
[409] = CNOT 7 12
[410] = S 7
[411] = Z 7
[412] = CNOT 7 12
[413] = CNOT 8 9
[414] = Z 8
[415] = CNOT 8 9
[416] = CNOT 8 11
[417] = S 8
[418] = Z 8
[419] = CNOT 8 11
[420] = CNOT 8 12
[421] = S 8
[422] = Z 8
[423] = CNOT 8 12
[424] = CNOT 9 11
[425] = Z 9
[426] = CNOT 9 11
[427] = CNOT 9 12
[428] = Z 9
[429] = CNOT 9 12
[430] = CNOT 14 18
[431] = S 14
[432] = CNOT 14 18
[433] = CNOT 14 19
[434] = S 14
[435] = CNOT 14 19
[436] = CNOT 14 29
[437] = Z 14
[438] = CNOT 14 29
[439] = CNOT 14 31
[440] = Z 14
[441] = CNOT 14 31
[442] = CNOT 14 32
[443] = Z 14
[444] = CNOT 14 32
[445] = CNOT 14 33
[446] = Z 14
[447] = CNOT 14 33
[448] = CNOT 14 34
[449] = Z 14
[450] = CNOT 14 34
[451] = CNOT 15 18
[452] = S 15
[453] = CNOT 15 18
[454] = CNOT 15 19
[455] = S 15
[456] = CNOT 15 19
[457] = CNOT 15 29
[458] = Z 15
[459] = CNOT 15 29
[460] = CNOT 15 31
[461] = Z 15
[462] = CNOT 15 31
[463] = CNOT 15 32
[464] = Z 15
[465] = CNOT 15 32
[466] = CNOT 15 33
[467] = Z 15
[468] = CNOT 15 33
[469] = CNOT 15 34
[470] = Z 15
[471] = CNOT 15 34
[472] = CNOT 16 18
[473] = S 16
[474] = CNOT 16 18
[475] = CNOT 16 19
[476] = S 16
[477] = CNOT 16 19
[478] = CNOT 16 29
[479] = Z 16
[480] = CNOT 16 29
[481] = CNOT 16 31
[482] = Z 16
[483] = CNOT 16 31
[484] = CNOT 16 32
[485] = Z 16
[486] = CNOT 16 32
[487] = CNOT 16 33
[488] = Z 16
[489] = CNOT 16 33
[490] = CNOT 16 34
[491] = Z 16
[492] = CNOT 16 34
[493] = CNOT 18 19
[494] = S 18
[495] = Z 18
[496] = CNOT 18 19
[497] = CNOT 18 29
[498] = S 18
[499] = Z 18
[500] = CNOT 18 29
[501] = CNOT 18 31
[502] = S 18
[503] = Z 18
[504] = CNOT 18 31
[505] = CNOT 18 32
[506] = S 18
[507] = Z 18
[508] = CNOT 18 32
[509] = CNOT 18 33
[510] = S 18
[511] = Z 18
[512] = CNOT 18 33
[513] = CNOT 18 34
[514] = S 18
[515] = Z 18
[516] = CNOT 18 34
[517] = CNOT 19 29
[518] = S 19
[519] = Z 19
[520] = CNOT 19 29
[521] = CNOT 19 31
[522] = S 19
[523] = Z 19
[524] = CNOT 19 31
[525] = CNOT 19 32
[526] = S 19
[527] = Z 19
[528] = CNOT 19 32
[529] = CNOT 19 33
[530] = S 19
[531] = Z 19
[532] = CNOT 19 33
[533] = CNOT 19 34
[534] = S 19
[535] = Z 19
[536] = CNOT 19 34
[537] = CNOT 22 25
[538] = Z 22
[539] = CNOT 22 25
[540] = CNOT 22 26
[541] = S 22
[542] = Z 22
[543] = CNOT 22 26
[544] = CNOT 22 27
[545] = S 22
[546] = Z 22
[547] = CNOT 22 27
[548] = CNOT 23 25
[549] = Z 23
[550] = CNOT 23 25
[551] = CNOT 23 26
[552] = S 23
[553] = Z 23
[554] = CNOT 23 26
[555] = CNOT 23 27
[556] = S 23
[557] = Z 23
[558] = CNOT 23 27
[559] = Z 24
[560] = CNOT 24 26
[561] = CNOT 24 27
[562] = Z 24
[563] = CNOT 24 27
[564] = CNOT 29 32
[565] = S 29
[566] = Z 29
[567] = CNOT 29 32
[568] = CNOT 29 33
[569] = S 29
[570] = CNOT 29 33
[571] = CNOT 29 34
[572] = S 29
[573] = CNOT 29 34
[574] = CNOT 30 31
[575] = Z 30
[576] = CNOT 30 31
[577] = CNOT 30 32
[578] = S 30
[579] = CNOT 30 32
[580] = CNOT 30 33
[581] = S 30
[582] = Z 30
[583] = CNOT 30 33
[584] = CNOT 30 34
[585] = S 30
[586] = Z 30
[587] = CNOT 30 34
[588] = CNOT 31 33
[589] = S 31
[590] = CNOT 31 33
[591] = CNOT 31 34
[592] = S 31
[593] = CNOT 31 34
[594] = CNOT 32 33
[595] = S 32
[596] = CNOT 32 33
[597] = CNOT 32 34
[598] = S 32
[599] = CNOT 32 34
[600] = CNOT 33 34
[601] = S 33
[602] = CNOT 33 34
[603] = CNOT 1 2
[604] = CNOT 1 29
[605] = S 1
[606] = Z 1
[607] = CNOT 1 29
[608] = CNOT 1 31
[609] = S 1
[610] = Z 1
[611] = CNOT 1 31
[612] = CNOT 1 32
[613] = S 1
[614] = Z 1
[615] = CNOT 1 32
[616] = CNOT 1 33
[617] = S 1
[618] = Z 1
[619] = CNOT 1 33
[620] = CNOT 1 34
[621] = S 1
[622] = Z 1
[623] = CNOT 1 34
[624] = CNOT 1 2
[625] = CNOT 1 3
[626] = CNOT 1 29
[627] = S 1
[628] = Z 1
[629] = CNOT 1 29
[630] = CNOT 1 31
[631] = S 1
[632] = Z 1
[633] = CNOT 1 31
[634] = CNOT 1 32
[635] = S 1
[636] = Z 1
[637] = CNOT 1 32
[638] = CNOT 1 33
[639] = S 1
[640] = Z 1
[641] = CNOT 1 33
[642] = CNOT 1 34
[643] = S 1
[644] = Z 1
[645] = CNOT 1 34
[646] = CNOT 1 3
[647] = CNOT 1 29
[648] = CNOT 1 31
[649] = Z 1
[650] = CNOT 1 31
[651] = CNOT 1 32
[652] = Z 1
[653] = CNOT 1 32
[654] = CNOT 1 33
[655] = Z 1
[656] = CNOT 1 33
[657] = CNOT 1 34
[658] = Z 1
[659] = CNOT 1 34
[660] = CNOT 1 29
[661] = CNOT 1 31
[662] = CNOT 1 32
[663] = Z 1
[664] = CNOT 1 32
[665] = CNOT 1 33
[666] = Z 1
[667] = CNOT 1 33
[668] = CNOT 1 34
[669] = Z 1
[670] = CNOT 1 34
[671] = CNOT 1 31
[672] = CNOT 1 32
[673] = CNOT 1 33
[674] = Z 1
[675] = CNOT 1 33
[676] = CNOT 1 34
[677] = Z 1
[678] = CNOT 1 32
[679] = CNOT 1 33
[680] = Z 1
[681] = CNOT 1 34
[682] = CNOT 1 33
[683] = CNOT 2 3
[684] = CNOT 2 14
[685] = S 2
[686] = CNOT 2 14
[687] = CNOT 2 15
[688] = S 2
[689] = CNOT 2 15
[690] = CNOT 2 16
[691] = Z 2
[692] = CNOT 2 16
[693] = CNOT 2 17
[694] = Z 2
[695] = CNOT 2 17
[696] = CNOT 2 18
[697] = Z 2
[698] = CNOT 2 18
[699] = CNOT 2 19
[700] = Z 2
[701] = CNOT 2 19
[702] = CNOT 2 29
[703] = Z 2
[704] = CNOT 2 29
[705] = CNOT 2 31
[706] = Z 2
[707] = CNOT 2 31
[708] = CNOT 2 32
[709] = Z 2
[710] = CNOT 2 32
[711] = CNOT 2 33
[712] = Z 2
[713] = CNOT 2 33
[714] = CNOT 2 34
[715] = Z 2
[716] = CNOT 2 34
[717] = CNOT 2 3
[718] = CNOT 2 14
[719] = CNOT 2 15
[720] = S 2
[721] = Z 2
[722] = CNOT 2 15
[723] = CNOT 2 16
[724] = S 2
[725] = Z 2
[726] = CNOT 2 16
[727] = CNOT 2 17
[728] = S 2
[729] = Z 2
[730] = CNOT 2 17
[731] = CNOT 2 18
[732] = S 2
[733] = Z 2
[734] = CNOT 2 18
[735] = CNOT 2 19
[736] = S 2
[737] = Z 2
[738] = CNOT 2 19
[739] = CNOT 2 29
[740] = S 2
[741] = CNOT 2 29
[742] = CNOT 2 31
[743] = S 2
[744] = CNOT 2 31
[745] = CNOT 2 32
[746] = S 2
[747] = CNOT 2 32
[748] = CNOT 2 33
[749] = S 2
[750] = CNOT 2 33
[751] = CNOT 2 34
[752] = S 2
[753] = CNOT 2 34
[754] = CNOT 2 14
[755] = CNOT 2 15
[756] = CNOT 2 16
[757] = S 2
[758] = Z 2
[759] = CNOT 2 16
[760] = CNOT 2 17
[761] = S 2
[762] = Z 2
[763] = CNOT 2 17
[764] = CNOT 2 18
[765] = S 2
[766] = Z 2
[767] = CNOT 2 18
[768] = CNOT 2 19
[769] = S 2
[770] = Z 2
[771] = CNOT 2 19
[772] = CNOT 2 29
[773] = S 2
[774] = CNOT 2 29
[775] = CNOT 2 31
[776] = S 2
[777] = CNOT 2 31
[778] = CNOT 2 32
[779] = S 2
[780] = CNOT 2 32
[781] = CNOT 2 33
[782] = S 2
[783] = CNOT 2 33
[784] = CNOT 2 34
[785] = S 2
[786] = CNOT 2 34
[787] = CNOT 2 15
[788] = CNOT 2 16
[789] = CNOT 2 18
[790] = S 2
[791] = Z 2
[792] = CNOT 2 18
[793] = CNOT 2 19
[794] = S 2
[795] = Z 2
[796] = CNOT 2 19
[797] = CNOT 2 29
[798] = Z 2
[799] = CNOT 2 29
[800] = CNOT 2 31
[801] = Z 2
[802] = CNOT 2 31
[803] = CNOT 2 32
[804] = Z 2
[805] = CNOT 2 32
[806] = CNOT 2 33
[807] = Z 2
[808] = CNOT 2 33
[809] = CNOT 2 34
[810] = Z 2
[811] = CNOT 2 34
[812] = CNOT 2 16
[813] = CNOT 2 17
[814] = CNOT 2 29
[815] = Z 2
[816] = CNOT 2 29
[817] = CNOT 2 31
[818] = Z 2
[819] = CNOT 2 31
[820] = CNOT 2 32
[821] = Z 2
[822] = CNOT 2 32
[823] = CNOT 2 33
[824] = Z 2
[825] = CNOT 2 33
[826] = CNOT 2 34
[827] = Z 2
[828] = CNOT 2 34
[829] = CNOT 2 17
[830] = CNOT 2 18
[831] = CNOT 2 19
[832] = Z 2
[833] = CNOT 2 19
[834] = CNOT 2 29
[835] = Z 2
[836] = CNOT 2 29
[837] = CNOT 2 31
[838] = Z 2
[839] = CNOT 2 31
[840] = CNOT 2 32
[841] = Z 2
[842] = CNOT 2 32
[843] = CNOT 2 33
[844] = Z 2
[845] = CNOT 2 33
[846] = CNOT 2 34
[847] = Z 2
[848] = CNOT 2 34
[849] = CNOT 2 18
[850] = CNOT 2 19
[851] = CNOT 2 29
[852] = Z 2
[853] = CNOT 2 29
[854] = CNOT 2 31
[855] = Z 2
[856] = CNOT 2 31
[857] = CNOT 2 32
[858] = Z 2
[859] = CNOT 2 32
[860] = CNOT 2 33
[861] = Z 2
[862] = CNOT 2 33
[863] = CNOT 2 34
[864] = Z 2
[865] = CNOT 2 34
[866] = CNOT 2 19
[867] = CNOT 2 29
[868] = CNOT 2 31
[869] = S 2
[870] = CNOT 2 31
[871] = CNOT 2 32
[872] = S 2
[873] = CNOT 2 32
[874] = CNOT 2 33
[875] = S 2
[876] = CNOT 2 33
[877] = CNOT 2 34
[878] = S 2
[879] = CNOT 2 34
[880] = CNOT 2 29
[881] = CNOT 2 31
[882] = CNOT 2 32
[883] = S 2
[884] = CNOT 2 32
[885] = CNOT 2 33
[886] = S 2
[887] = CNOT 2 33
[888] = CNOT 2 34
[889] = S 2
[890] = CNOT 2 34
[891] = CNOT 2 31
[892] = CNOT 2 32
[893] = CNOT 2 33
[894] = S 2
[895] = CNOT 2 33
[896] = CNOT 2 34
[897] = S 2
[898] = CNOT 2 32
[899] = CNOT 2 33
[900] = S 2
[901] = CNOT 2 34
[902] = CNOT 2 33
[903] = CNOT 3 14
[904] = CNOT 3 15
[905] = S 3
[906] = Z 3
[907] = CNOT 3 15
[908] = CNOT 3 16
[909] = S 3
[910] = Z 3
[911] = CNOT 3 16
[912] = CNOT 3 17
[913] = S 3
[914] = Z 3
[915] = CNOT 3 17
[916] = CNOT 3 18
[917] = S 3
[918] = Z 3
[919] = CNOT 3 18
[920] = CNOT 3 19
[921] = S 3
[922] = Z 3
[923] = CNOT 3 19
[924] = CNOT 3 29
[925] = S 3
[926] = CNOT 3 29
[927] = CNOT 3 31
[928] = S 3
[929] = CNOT 3 31
[930] = CNOT 3 32
[931] = S 3
[932] = CNOT 3 32
[933] = CNOT 3 33
[934] = S 3
[935] = CNOT 3 33
[936] = CNOT 3 34
[937] = S 3
[938] = CNOT 3 34
[939] = CNOT 3 14
[940] = CNOT 3 15
[941] = CNOT 3 16
[942] = S 3
[943] = Z 3
[944] = CNOT 3 16
[945] = CNOT 3 17
[946] = S 3
[947] = Z 3
[948] = CNOT 3 17
[949] = CNOT 3 18
[950] = S 3
[951] = Z 3
[952] = CNOT 3 18
[953] = CNOT 3 19
[954] = S 3
[955] = Z 3
[956] = CNOT 3 19
[957] = CNOT 3 29
[958] = S 3
[959] = CNOT 3 29
[960] = CNOT 3 31
[961] = S 3
[962] = CNOT 3 31
[963] = CNOT 3 32
[964] = S 3
[965] = CNOT 3 32
[966] = CNOT 3 33
[967] = S 3
[968] = CNOT 3 33
[969] = CNOT 3 34
[970] = S 3
[971] = CNOT 3 34
[972] = CNOT 3 15
[973] = CNOT 3 16
[974] = CNOT 3 18
[975] = S 3
[976] = Z 3
[977] = CNOT 3 18
[978] = CNOT 3 19
[979] = S 3
[980] = Z 3
[981] = CNOT 3 19
[982] = CNOT 3 29
[983] = Z 3
[984] = CNOT 3 29
[985] = CNOT 3 31
[986] = Z 3
[987] = CNOT 3 31
[988] = CNOT 3 32
[989] = Z 3
[990] = CNOT 3 32
[991] = CNOT 3 33
[992] = Z 3
[993] = CNOT 3 33
[994] = CNOT 3 34
[995] = Z 3
[996] = CNOT 3 34
[997] = CNOT 3 16
[998] = CNOT 3 17
[999] = CNOT 3 29
[1000] = Z 3
[1001] = CNOT 3 29
[1002] = CNOT 3 31
[1003] = Z 3
[1004] = CNOT 3 31
[1005] = CNOT 3 32
[1006] = Z 3
[1007] = CNOT 3 32
[1008] = CNOT 3 33
[1009] = Z 3
[1010] = CNOT 3 33
[1011] = CNOT 3 34
[1012] = Z 3
[1013] = CNOT 3 34
[1014] = CNOT 3 17
[1015] = CNOT 3 18
[1016] = CNOT 3 19
[1017] = Z 3
[1018] = CNOT 3 19
[1019] = CNOT 3 29
[1020] = Z 3
[1021] = CNOT 3 29
[1022] = CNOT 3 31
[1023] = Z 3
[1024] = CNOT 3 31
[1025] = CNOT 3 32
[1026] = Z 3
[1027] = CNOT 3 32
[1028] = CNOT 3 33
[1029] = Z 3
[1030] = CNOT 3 33
[1031] = CNOT 3 34
[1032] = Z 3
[1033] = CNOT 3 34
[1034] = CNOT 3 18
[1035] = CNOT 3 19
[1036] = CNOT 3 29
[1037] = Z 3
[1038] = CNOT 3 29
[1039] = CNOT 3 31
[1040] = Z 3
[1041] = CNOT 3 31
[1042] = CNOT 3 32
[1043] = Z 3
[1044] = CNOT 3 32
[1045] = CNOT 3 33
[1046] = Z 3
[1047] = CNOT 3 33
[1048] = CNOT 3 34
[1049] = Z 3
[1050] = CNOT 3 34
[1051] = CNOT 3 19
[1052] = CNOT 3 29
[1053] = CNOT 3 31
[1054] = S 3
[1055] = CNOT 3 31
[1056] = CNOT 3 32
[1057] = S 3
[1058] = CNOT 3 32
[1059] = CNOT 3 33
[1060] = S 3
[1061] = CNOT 3 33
[1062] = CNOT 3 34
[1063] = S 3
[1064] = CNOT 3 34
[1065] = CNOT 3 29
[1066] = CNOT 3 31
[1067] = CNOT 3 32
[1068] = S 3
[1069] = CNOT 3 32
[1070] = CNOT 3 33
[1071] = S 3
[1072] = CNOT 3 33
[1073] = CNOT 3 34
[1074] = S 3
[1075] = CNOT 3 34
[1076] = CNOT 3 31
[1077] = CNOT 3 32
[1078] = CNOT 3 33
[1079] = S 3
[1080] = CNOT 3 33
[1081] = CNOT 3 34
[1082] = S 3
[1083] = CNOT 3 32
[1084] = CNOT 3 33
[1085] = S 3
[1086] = CNOT 3 34
[1087] = CNOT 3 33
[1088] = CNOT 7 8
[1089] = CNOT 7 11
[1090] = S 7
[1091] = Z 7
[1092] = CNOT 7 11
[1093] = CNOT 7 12
[1094] = S 7
[1095] = Z 7
[1096] = CNOT 7 12
[1097] = CNOT 7 8
[1098] = CNOT 7 9
[1099] = CNOT 7 10
[1100] = S 7
[1101] = Z 7
[1102] = CNOT 7 10
[1103] = CNOT 7 11
[1104] = S 7
[1105] = Z 7
[1106] = CNOT 7 11
[1107] = CNOT 7 12
[1108] = S 7
[1109] = Z 7
[1110] = CNOT 7 12
[1111] = CNOT 7 9
[1112] = CNOT 7 10
[1113] = CNOT 7 11
[1114] = S 7
[1115] = Z 7
[1116] = CNOT 7 11
[1117] = CNOT 7 12
[1118] = S 7
[1119] = Z 7
[1120] = CNOT 7 10
[1121] = CNOT 7 11
[1122] = Z 7
[1123] = CNOT 7 12
[1124] = CNOT 7 11
[1125] = CNOT 8 9
[1126] = CNOT 8 10
[1127] = S 8
[1128] = Z 8
[1129] = CNOT 8 10
[1130] = CNOT 8 11
[1131] = S 8
[1132] = Z 8
[1133] = CNOT 8 11
[1134] = CNOT 8 12
[1135] = S 8
[1136] = Z 8
[1137] = CNOT 8 12
[1138] = CNOT 8 9
[1139] = CNOT 8 10
[1140] = CNOT 8 11
[1141] = S 8
[1142] = Z 8
[1143] = CNOT 8 11
[1144] = CNOT 8 12
[1145] = S 8
[1146] = Z 8
[1147] = CNOT 8 10
[1148] = CNOT 8 11
[1149] = Z 8
[1150] = CNOT 8 12
[1151] = CNOT 8 11
[1152] = CNOT 9 10
[1153] = CNOT 9 11
[1154] = Z 9
[1155] = CNOT 9 11
[1156] = CNOT 9 12
[1157] = Z 9
[1158] = CNOT 9 10
[1159] = CNOT 9 11
[1160] = S 9
[1161] = CNOT 9 12
[1162] = CNOT 9 11
[1163] = CNOT 10 11
[1164] = CNOT 10 12
[1165] = Z 10
[1166] = CNOT 10 12
[1167] = CNOT 10 11
[1168] = CNOT 14 15
[1169] = CNOT 14 29
[1170] = S 14
[1171] = Z 14
[1172] = CNOT 14 29
[1173] = CNOT 14 31
[1174] = S 14
[1175] = Z 14
[1176] = CNOT 14 31
[1177] = CNOT 14 32
[1178] = S 14
[1179] = Z 14
[1180] = CNOT 14 32
[1181] = CNOT 14 33
[1182] = S 14
[1183] = Z 14
[1184] = CNOT 14 33
[1185] = CNOT 14 34
[1186] = S 14
[1187] = Z 14
[1188] = CNOT 14 34
[1189] = CNOT 14 15
[1190] = CNOT 14 16
[1191] = CNOT 14 29
[1192] = S 14
[1193] = Z 14
[1194] = CNOT 14 29
[1195] = CNOT 14 31
[1196] = S 14
[1197] = Z 14
[1198] = CNOT 14 31
[1199] = CNOT 14 32
[1200] = S 14
[1201] = Z 14
[1202] = CNOT 14 32
[1203] = CNOT 14 33
[1204] = S 14
[1205] = Z 14
[1206] = CNOT 14 33
[1207] = CNOT 14 34
[1208] = S 14
[1209] = Z 14
[1210] = CNOT 14 34
[1211] = CNOT 14 16
[1212] = CNOT 14 17
[1213] = CNOT 14 29
[1214] = S 14
[1215] = Z 14
[1216] = CNOT 14 29
[1217] = CNOT 14 31
[1218] = S 14
[1219] = Z 14
[1220] = CNOT 14 31
[1221] = CNOT 14 32
[1222] = S 14
[1223] = Z 14
[1224] = CNOT 14 32
[1225] = CNOT 14 33
[1226] = S 14
[1227] = Z 14
[1228] = CNOT 14 33
[1229] = CNOT 14 34
[1230] = S 14
[1231] = Z 14
[1232] = CNOT 14 34
[1233] = CNOT 14 17
[1234] = CNOT 14 18
[1235] = CNOT 14 19
[1236] = S 14
[1237] = Z 14
[1238] = CNOT 14 19
[1239] = CNOT 14 29
[1240] = S 14
[1241] = Z 14
[1242] = CNOT 14 29
[1243] = CNOT 14 31
[1244] = S 14
[1245] = Z 14
[1246] = CNOT 14 31
[1247] = CNOT 14 32
[1248] = S 14
[1249] = Z 14
[1250] = CNOT 14 32
[1251] = CNOT 14 33
[1252] = S 14
[1253] = Z 14
[1254] = CNOT 14 33
[1255] = CNOT 14 34
[1256] = S 14
[1257] = Z 14
[1258] = CNOT 14 34
[1259] = CNOT 14 18
[1260] = CNOT 14 19
[1261] = CNOT 14 29
[1262] = S 14
[1263] = Z 14
[1264] = CNOT 14 29
[1265] = CNOT 14 31
[1266] = S 14
[1267] = Z 14
[1268] = CNOT 14 31
[1269] = CNOT 14 32
[1270] = S 14
[1271] = Z 14
[1272] = CNOT 14 32
[1273] = CNOT 14 33
[1274] = S 14
[1275] = Z 14
[1276] = CNOT 14 33
[1277] = CNOT 14 34
[1278] = S 14
[1279] = Z 14
[1280] = CNOT 14 34
[1281] = CNOT 14 19
[1282] = CNOT 14 29
[1283] = CNOT 14 31
[1284] = S 14
[1285] = CNOT 14 31
[1286] = CNOT 14 32
[1287] = S 14
[1288] = CNOT 14 32
[1289] = CNOT 14 33
[1290] = S 14
[1291] = CNOT 14 33
[1292] = CNOT 14 34
[1293] = S 14
[1294] = CNOT 14 34
[1295] = CNOT 14 29
[1296] = CNOT 14 31
[1297] = CNOT 14 32
[1298] = S 14
[1299] = CNOT 14 32
[1300] = CNOT 14 33
[1301] = S 14
[1302] = CNOT 14 33
[1303] = CNOT 14 34
[1304] = S 14
[1305] = CNOT 14 34
[1306] = CNOT 14 31
[1307] = CNOT 14 32
[1308] = CNOT 14 33
[1309] = S 14
[1310] = CNOT 14 33
[1311] = CNOT 14 34
[1312] = S 14
[1313] = CNOT 14 32
[1314] = CNOT 14 33
[1315] = S 14
[1316] = CNOT 14 34
[1317] = CNOT 14 33
[1318] = CNOT 15 16
[1319] = CNOT 15 29
[1320] = S 15
[1321] = Z 15
[1322] = CNOT 15 29
[1323] = CNOT 15 31
[1324] = S 15
[1325] = Z 15
[1326] = CNOT 15 31
[1327] = CNOT 15 32
[1328] = S 15
[1329] = Z 15
[1330] = CNOT 15 32
[1331] = CNOT 15 33
[1332] = S 15
[1333] = Z 15
[1334] = CNOT 15 33
[1335] = CNOT 15 34
[1336] = S 15
[1337] = Z 15
[1338] = CNOT 15 34
[1339] = CNOT 15 16
[1340] = CNOT 15 17
[1341] = CNOT 15 29
[1342] = S 15
[1343] = Z 15
[1344] = CNOT 15 29
[1345] = CNOT 15 31
[1346] = S 15
[1347] = Z 15
[1348] = CNOT 15 31
[1349] = CNOT 15 32
[1350] = S 15
[1351] = Z 15
[1352] = CNOT 15 32
[1353] = CNOT 15 33
[1354] = S 15
[1355] = Z 15
[1356] = CNOT 15 33
[1357] = CNOT 15 34
[1358] = S 15
[1359] = Z 15
[1360] = CNOT 15 34
[1361] = CNOT 15 17
[1362] = CNOT 15 18
[1363] = CNOT 15 19
[1364] = S 15
[1365] = Z 15
[1366] = CNOT 15 19
[1367] = CNOT 15 29
[1368] = S 15
[1369] = Z 15
[1370] = CNOT 15 29
[1371] = CNOT 15 31
[1372] = S 15
[1373] = Z 15
[1374] = CNOT 15 31
[1375] = CNOT 15 32
[1376] = S 15
[1377] = Z 15
[1378] = CNOT 15 32
[1379] = CNOT 15 33
[1380] = S 15
[1381] = Z 15
[1382] = CNOT 15 33
[1383] = CNOT 15 34
[1384] = S 15
[1385] = Z 15
[1386] = CNOT 15 34
[1387] = CNOT 15 18
[1388] = CNOT 15 19
[1389] = CNOT 15 29
[1390] = S 15
[1391] = Z 15
[1392] = CNOT 15 29
[1393] = CNOT 15 31
[1394] = S 15
[1395] = Z 15
[1396] = CNOT 15 31
[1397] = CNOT 15 32
[1398] = S 15
[1399] = Z 15
[1400] = CNOT 15 32
[1401] = CNOT 15 33
[1402] = S 15
[1403] = Z 15
[1404] = CNOT 15 33
[1405] = CNOT 15 34
[1406] = S 15
[1407] = Z 15
[1408] = CNOT 15 34
[1409] = CNOT 15 19
[1410] = CNOT 15 29
[1411] = CNOT 15 31
[1412] = S 15
[1413] = CNOT 15 31
[1414] = CNOT 15 32
[1415] = S 15
[1416] = CNOT 15 32
[1417] = CNOT 15 33
[1418] = S 15
[1419] = CNOT 15 33
[1420] = CNOT 15 34
[1421] = S 15
[1422] = CNOT 15 34
[1423] = CNOT 15 29
[1424] = CNOT 15 31
[1425] = CNOT 15 32
[1426] = S 15
[1427] = CNOT 15 32
[1428] = CNOT 15 33
[1429] = S 15
[1430] = CNOT 15 33
[1431] = CNOT 15 34
[1432] = S 15
[1433] = CNOT 15 34
[1434] = CNOT 15 31
[1435] = CNOT 15 32
[1436] = CNOT 15 33
[1437] = S 15
[1438] = CNOT 15 33
[1439] = CNOT 15 34
[1440] = S 15
[1441] = CNOT 15 32
[1442] = CNOT 15 33
[1443] = S 15
[1444] = CNOT 15 34
[1445] = CNOT 15 33
[1446] = CNOT 16 18
[1447] = CNOT 16 19
[1448] = S 16
[1449] = Z 16
[1450] = CNOT 16 19
[1451] = CNOT 16 29
[1452] = S 16
[1453] = Z 16
[1454] = CNOT 16 29
[1455] = CNOT 16 31
[1456] = S 16
[1457] = Z 16
[1458] = CNOT 16 31
[1459] = CNOT 16 32
[1460] = S 16
[1461] = Z 16
[1462] = CNOT 16 32
[1463] = CNOT 16 33
[1464] = S 16
[1465] = Z 16
[1466] = CNOT 16 33
[1467] = CNOT 16 34
[1468] = S 16
[1469] = Z 16
[1470] = CNOT 16 34
[1471] = CNOT 16 18
[1472] = CNOT 16 19
[1473] = CNOT 16 29
[1474] = S 16
[1475] = Z 16
[1476] = CNOT 16 29
[1477] = CNOT 16 31
[1478] = S 16
[1479] = Z 16
[1480] = CNOT 16 31
[1481] = CNOT 16 32
[1482] = S 16
[1483] = Z 16
[1484] = CNOT 16 32
[1485] = CNOT 16 33
[1486] = S 16
[1487] = Z 16
[1488] = CNOT 16 33
[1489] = CNOT 16 34
[1490] = S 16
[1491] = Z 16
[1492] = CNOT 16 34
[1493] = CNOT 16 19
[1494] = CNOT 16 29
[1495] = CNOT 16 31
[1496] = Z 16
[1497] = CNOT 16 31
[1498] = CNOT 16 32
[1499] = Z 16
[1500] = CNOT 16 32
[1501] = CNOT 16 33
[1502] = Z 16
[1503] = CNOT 16 33
[1504] = CNOT 16 34
[1505] = Z 16
[1506] = CNOT 16 34
[1507] = CNOT 16 29
[1508] = CNOT 16 31
[1509] = CNOT 16 32
[1510] = Z 16
[1511] = CNOT 16 32
[1512] = CNOT 16 33
[1513] = Z 16
[1514] = CNOT 16 33
[1515] = CNOT 16 34
[1516] = Z 16
[1517] = CNOT 16 34
[1518] = CNOT 16 31
[1519] = CNOT 16 32
[1520] = CNOT 16 33
[1521] = Z 16
[1522] = CNOT 16 33
[1523] = CNOT 16 34
[1524] = Z 16
[1525] = CNOT 16 32
[1526] = CNOT 16 33
[1527] = Z 16
[1528] = CNOT 16 34
[1529] = CNOT 16 33
[1530] = CNOT 17 29
[1531] = CNOT 17 31
[1532] = Z 17
[1533] = CNOT 17 31
[1534] = CNOT 17 32
[1535] = Z 17
[1536] = CNOT 17 32
[1537] = CNOT 17 33
[1538] = Z 17
[1539] = CNOT 17 33
[1540] = CNOT 17 34
[1541] = Z 17
[1542] = CNOT 17 34
[1543] = CNOT 17 29
[1544] = CNOT 17 31
[1545] = CNOT 17 32
[1546] = Z 17
[1547] = CNOT 17 32
[1548] = CNOT 17 33
[1549] = Z 17
[1550] = CNOT 17 33
[1551] = CNOT 17 34
[1552] = Z 17
[1553] = CNOT 17 34
[1554] = CNOT 17 31
[1555] = CNOT 17 32
[1556] = CNOT 17 33
[1557] = Z 17
[1558] = CNOT 17 33
[1559] = CNOT 17 34
[1560] = Z 17
[1561] = CNOT 17 32
[1562] = CNOT 17 33
[1563] = Z 17
[1564] = CNOT 17 34
[1565] = CNOT 17 33
[1566] = CNOT 18 19
[1567] = CNOT 18 29
[1568] = Z 18
[1569] = CNOT 18 29
[1570] = CNOT 18 31
[1571] = Z 18
[1572] = CNOT 18 31
[1573] = CNOT 18 32
[1574] = Z 18
[1575] = CNOT 18 32
[1576] = CNOT 18 33
[1577] = Z 18
[1578] = CNOT 18 33
[1579] = CNOT 18 34
[1580] = Z 18
[1581] = CNOT 18 34
[1582] = CNOT 18 19
[1583] = CNOT 18 29
[1584] = CNOT 18 31
[1585] = Z 18
[1586] = CNOT 18 31
[1587] = CNOT 18 32
[1588] = Z 18
[1589] = CNOT 18 32
[1590] = CNOT 18 33
[1591] = Z 18
[1592] = CNOT 18 33
[1593] = CNOT 18 34
[1594] = Z 18
[1595] = CNOT 18 34
[1596] = CNOT 18 29
[1597] = CNOT 18 31
[1598] = CNOT 18 32
[1599] = Z 18
[1600] = CNOT 18 32
[1601] = CNOT 18 33
[1602] = Z 18
[1603] = CNOT 18 33
[1604] = CNOT 18 34
[1605] = Z 18
[1606] = CNOT 18 34
[1607] = CNOT 18 31
[1608] = CNOT 18 32
[1609] = CNOT 18 33
[1610] = Z 18
[1611] = CNOT 18 33
[1612] = CNOT 18 34
[1613] = Z 18
[1614] = CNOT 18 32
[1615] = CNOT 18 33
[1616] = Z 18
[1617] = CNOT 18 34
[1618] = CNOT 18 33
[1619] = CNOT 19 29
[1620] = CNOT 19 31
[1621] = Z 19
[1622] = CNOT 19 31
[1623] = CNOT 19 32
[1624] = Z 19
[1625] = CNOT 19 32
[1626] = CNOT 19 33
[1627] = Z 19
[1628] = CNOT 19 33
[1629] = CNOT 19 34
[1630] = Z 19
[1631] = CNOT 19 34
[1632] = CNOT 19 29
[1633] = CNOT 19 31
[1634] = CNOT 19 32
[1635] = Z 19
[1636] = CNOT 19 32
[1637] = CNOT 19 33
[1638] = Z 19
[1639] = CNOT 19 33
[1640] = CNOT 19 34
[1641] = Z 19
[1642] = CNOT 19 34
[1643] = CNOT 19 31
[1644] = CNOT 19 32
[1645] = CNOT 19 33
[1646] = Z 19
[1647] = CNOT 19 33
[1648] = CNOT 19 34
[1649] = Z 19
[1650] = CNOT 19 32
[1651] = CNOT 19 33
[1652] = Z 19
[1653] = CNOT 19 34
[1654] = CNOT 19 33
[1655] = CNOT 22 23
[1656] = CNOT 22 24
[1657] = S 22
[1658] = Z 22
[1659] = CNOT 22 24
[1660] = CNOT 22 26
[1661] = S 22
[1662] = Z 22
[1663] = CNOT 22 26
[1664] = CNOT 22 27
[1665] = S 22
[1666] = Z 22
[1667] = CNOT 22 23
[1668] = CNOT 22 26
[1669] = S 22
[1670] = Z 22
[1671] = CNOT 22 27
[1672] = CNOT 22 26
[1673] = CNOT 23 26
[1674] = CNOT 23 27
[1675] = S 23
[1676] = Z 23
[1677] = CNOT 23 27
[1678] = CNOT 23 26
[1679] = CNOT 29 32
[1680] = CNOT 29 33
[1681] = S 29
[1682] = Z 29
[1683] = CNOT 29 33
[1684] = CNOT 29 34
[1685] = S 29
[1686] = Z 29
[1687] = CNOT 29 32
[1688] = CNOT 29 33
[1689] = S 29
[1690] = Z 29
[1691] = CNOT 29 34
[1692] = CNOT 29 33
[1693] = CNOT 30 32
[1694] = CNOT 30 33
[1695] = S 30
[1696] = Z 30
[1697] = CNOT 30 33
[1698] = CNOT 30 34
[1699] = S 30
[1700] = Z 30
[1701] = CNOT 30 32
[1702] = CNOT 30 33
[1703] = S 30
[1704] = Z 30
[1705] = CNOT 30 34
[1706] = CNOT 30 33
[1707] = CNOT 31 32
[1708] = CNOT 31 33
[1709] = S 31
[1710] = Z 31
[1711] = CNOT 31 33
[1712] = CNOT 31 34
[1713] = S 31
[1714] = Z 31
[1715] = CNOT 31 32
[1716] = CNOT 31 33
[1717] = S 31
[1718] = Z 31
[1719] = CNOT 31 34
[1720] = CNOT 31 33
[1721] = CNOT 32 33
[1722] = CNOT 32 34
[1723] = Z 32
[1724] = CNOT 32 34
[1725] = CNOT 32 33
[1726] = CNOT 34 33
[1727] = CNOT 30 29
[1728] = CNOT 27 26
[1729] = CNOT 23 22
[1730] = CNOT 19 18
[1731] = CNOT 15 14
[1732] = CNOT 12 11
[1733] = CNOT 8 7
[1734] = CNOT 5 4
[1735] = CNOT 36 2
[1736] = CNOT 36 1
[1737] = H 3
[1738] = H 9
[1739] = H 10
[1740] = H 16
[1741] = H 17
[1742] = H 24
[1743] = H 25
[1744] = H 31
[1745] = H 32
[1746] = T 3
[1747] = CNOT 3 5
[1748] = T 3
[1749] = S 3
[1750] = CNOT 3 6
[1751] = T 3
[1752] = CNOT 3 5
[1753] = CNOT 5 6
[1754] = T 5
[1755] = S 5
[1756] = CNOT 5 6
[1757] = T 3
[1758] = S 3
[1759] = CNOT 3 6
[1760] = CNOT 10 12
[1761] = CNOT 10 13
[1762] = CNOT 10 32
[1763] = CNOT 10 35
[1764] = T 10
[1765] = CNOT 10 12
[1766] = T 10
[1767] = CNOT 10 13
[1768] = T 10
[1769] = Z 10
[1770] = T 34
[1771] = CNOT 10 12
[1772] = T 10
[1773] = CNOT 10 35
[1774] = CNOT 10 32
[1775] = CNOT 10 12
[1776] = T 17
[1777] = CNOT 17 19
[1778] = T 17
[1779] = S 17
[1780] = CNOT 17 21
[1781] = T 17
[1782] = CNOT 17 19
[1783] = CNOT 19 21
[1784] = T 19
[1785] = S 19
[1786] = CNOT 19 21
[1787] = T 17
[1788] = S 17
[1789] = CNOT 17 21
[1790] = CNOT 12 13
[1791] = CNOT 12 25
[1792] = CNOT 12 32
[1793] = CNOT 12 35
[1794] = T 12
[1795] = CNOT 12 27
[1796] = T 12
[1797] = CNOT 12 28
[1798] = T 12
[1799] = CNOT 12 25
[1800] = T 12
[1801] = CNOT 12 27
[1802] = CNOT 12 25
[1803] = T 12
[1804] = CNOT 12 32
[1805] = CNOT 12 28
[1806] = CNOT 12 25
[1807] = T 32
[1808] = S 32
[1809] = Z 32
[1810] = CNOT 32 34
[1811] = T 32
[1812] = S 32
[1813] = CNOT 32 35
[1814] = T 32
[1815] = CNOT 32 35
[1816] = CNOT 32 34
[1817] = CNOT 34 35
[1818] = T 34
[1819] = S 34
[1820] = CNOT 34 35
[1821] = CNOT 12 27
[1822] = CNOT 12 32
[1823] = T 12
[1824] = CNOT 12 27
[1825] = CNOT 12 13
[1826] = CNOT 16 24
[1827] = T 16
[1828] = S 16
[1829] = CNOT 16 20
[1830] = T 16
[1831] = CNOT 16 24
[1832] = CNOT 16 20
[1833] = CNOT 20 24
[1834] = T 20
[1835] = S 20
[1836] = CNOT 20 24
[1837] = CNOT 16 20
[1838] = T 16
[1839] = S 16
[1840] = CNOT 16 20
[1841] = T 9
[1842] = T 12
[1843] = S 12
[1844] = Z 12
[1845] = CNOT 12 13
[1846] = CNOT 12 28
[1847] = T 12
[1848] = CNOT 12 35
[1849] = CNOT 12 32
[1850] = CNOT 12 28
[1851] = CNOT 12 13
[1852] = T 31
[1853] = T 35
[1854] = S 35
[1855] = Z 35
[1856] = CNOT 13 32
[1857] = CNOT 13 35
[1858] = T 13
[1859] = S 13
[1860] = Z 13
[1861] = CNOT 13 35
[1862] = CNOT 13 32
[1863] = T 19
[1864] = Z 10
[1865] = Z 12
[1866] = Z 13
[1867] = S 16
[1868] = S 24
[1869] = CNOT 10 12
[1870] = S 10
[1871] = Z 10
[1872] = CNOT 10 12
[1873] = CNOT 10 13
[1874] = S 10
[1875] = Z 10
[1876] = CNOT 10 13
[1877] = CNOT 10 32
[1878] = Z 10
[1879] = CNOT 10 32
[1880] = CNOT 10 35
[1881] = Z 10
[1882] = CNOT 10 35
[1883] = CNOT 12 13
[1884] = Z 12
[1885] = CNOT 12 13
[1886] = CNOT 12 25
[1887] = Z 12
[1888] = CNOT 12 25
[1889] = CNOT 12 27
[1890] = Z 12
[1891] = CNOT 12 27
[1892] = CNOT 12 28
[1893] = Z 12
[1894] = CNOT 12 28
[1895] = CNOT 12 32
[1896] = S 12
[1897] = CNOT 12 32
[1898] = CNOT 12 35
[1899] = S 12
[1900] = CNOT 12 35
[1901] = CNOT 13 25
[1902] = Z 13
[1903] = CNOT 13 25
[1904] = CNOT 13 27
[1905] = Z 13
[1906] = CNOT 13 27
[1907] = CNOT 13 28
[1908] = Z 13
[1909] = CNOT 13 28
[1910] = CNOT 13 32
[1911] = S 13
[1912] = CNOT 13 32
[1913] = CNOT 13 35
[1914] = S 13
[1915] = CNOT 13 35
[1916] = CNOT 25 27
[1917] = S 25
[1918] = CNOT 25 27
[1919] = CNOT 25 28
[1920] = S 25
[1921] = CNOT 25 28
[1922] = CNOT 25 32
[1923] = Z 25
[1924] = CNOT 25 32
[1925] = CNOT 25 35
[1926] = Z 25
[1927] = CNOT 25 35
[1928] = CNOT 27 28
[1929] = S 27
[1930] = CNOT 27 28
[1931] = CNOT 27 32
[1932] = Z 27
[1933] = CNOT 27 32
[1934] = CNOT 27 35
[1935] = Z 27
[1936] = CNOT 27 35
[1937] = CNOT 28 32
[1938] = Z 28
[1939] = CNOT 28 32
[1940] = CNOT 28 35
[1941] = Z 28
[1942] = CNOT 28 35
[1943] = CNOT 32 35
[1944] = S 32
[1945] = CNOT 32 35
[1946] = CNOT 10 12
[1947] = CNOT 10 32
[1948] = S 10
[1949] = Z 10
[1950] = CNOT 10 32
[1951] = CNOT 10 35
[1952] = S 10
[1953] = Z 10
[1954] = CNOT 10 35
[1955] = CNOT 10 12
[1956] = CNOT 10 13
[1957] = CNOT 10 32
[1958] = S 10
[1959] = Z 10
[1960] = CNOT 10 32
[1961] = CNOT 10 35
[1962] = S 10
[1963] = Z 10
[1964] = CNOT 10 35
[1965] = CNOT 10 13
[1966] = CNOT 12 13
[1967] = CNOT 12 25
[1968] = Z 12
[1969] = CNOT 12 25
[1970] = CNOT 12 27
[1971] = Z 12
[1972] = CNOT 12 27
[1973] = CNOT 12 28
[1974] = Z 12
[1975] = CNOT 12 28
[1976] = CNOT 12 13
[1977] = CNOT 12 25
[1978] = CNOT 12 27
[1979] = S 12
[1980] = Z 12
[1981] = CNOT 12 27
[1982] = CNOT 12 28
[1983] = S 12
[1984] = Z 12
[1985] = CNOT 12 28
[1986] = CNOT 12 32
[1987] = Z 12
[1988] = CNOT 12 32
[1989] = CNOT 12 35
[1990] = Z 12
[1991] = CNOT 12 35
[1992] = CNOT 12 25
[1993] = CNOT 12 27
[1994] = CNOT 12 28
[1995] = S 12
[1996] = Z 12
[1997] = CNOT 12 28
[1998] = CNOT 12 32
[1999] = Z 12
[2000] = CNOT 12 32
[2001] = CNOT 12 35
[2002] = Z 12
[2003] = CNOT 12 35
[2004] = CNOT 12 27
[2005] = CNOT 12 28
[2006] = CNOT 12 32
[2007] = Z 12
[2008] = CNOT 12 32
[2009] = CNOT 12 35
[2010] = Z 12
[2011] = CNOT 12 35
[2012] = CNOT 12 28
[2013] = CNOT 13 25
[2014] = CNOT 13 27
[2015] = S 13
[2016] = Z 13
[2017] = CNOT 13 27
[2018] = CNOT 13 28
[2019] = S 13
[2020] = Z 13
[2021] = CNOT 13 28
[2022] = CNOT 13 32
[2023] = Z 13
[2024] = CNOT 13 32
[2025] = CNOT 13 35
[2026] = Z 13
[2027] = CNOT 13 35
[2028] = CNOT 13 25
[2029] = CNOT 13 27
[2030] = CNOT 13 28
[2031] = S 13
[2032] = Z 13
[2033] = CNOT 13 28
[2034] = CNOT 13 32
[2035] = Z 13
[2036] = CNOT 13 32
[2037] = CNOT 13 35
[2038] = Z 13
[2039] = CNOT 13 35
[2040] = CNOT 13 27
[2041] = CNOT 13 28
[2042] = CNOT 13 32
[2043] = Z 13
[2044] = CNOT 13 32
[2045] = CNOT 13 35
[2046] = Z 13
[2047] = CNOT 13 35
[2048] = CNOT 13 28
[2049] = CNOT 25 27
[2050] = CNOT 25 32
[2051] = S 25
[2052] = Z 25
[2053] = CNOT 25 32
[2054] = CNOT 25 35
[2055] = S 25
[2056] = Z 25
[2057] = CNOT 25 35
[2058] = CNOT 25 27
[2059] = CNOT 25 28
[2060] = CNOT 25 32
[2061] = S 25
[2062] = Z 25
[2063] = CNOT 25 32
[2064] = CNOT 25 35
[2065] = S 25
[2066] = Z 25
[2067] = CNOT 25 28
[2068] = CNOT 25 32
[2069] = Z 25
[2070] = CNOT 25 35
[2071] = CNOT 25 32
[2072] = CNOT 27 28
[2073] = CNOT 27 32
[2074] = S 27
[2075] = Z 27
[2076] = CNOT 27 32
[2077] = CNOT 27 35
[2078] = S 27
[2079] = Z 27
[2080] = CNOT 27 28
[2081] = CNOT 27 32
[2082] = Z 27
[2083] = CNOT 27 35
[2084] = CNOT 27 32
[2085] = CNOT 28 32
[2086] = CNOT 28 35
[2087] = Z 28
[2088] = CNOT 28 35
[2089] = CNOT 28 32
[2090] = CNOT 3 5
[2091] = CNOT 5 4
[2092] = H 6
[2093] = H 20
[2094] = H 21
[2095] = H 10
[2096] = H 17
[2097] = H 25
[2098] = H 32
[2099] = CNOT 6 9
[2100] = T 6
[2101] = S 6
[2102] = CNOT 6 13
[2103] = T 6
[2104] = CNOT 6 9
[2105] = CNOT 9 13
[2106] = T 9
[2107] = S 9
[2108] = CNOT 9 13
[2109] = T 6
[2110] = S 6
[2111] = CNOT 6 13
[2112] = T 21
[2113] = CNOT 21 24
[2114] = T 21
[2115] = S 21
[2116] = CNOT 21 28
[2117] = T 21
[2118] = CNOT 21 24
[2119] = CNOT 24 28
[2120] = T 24
[2121] = S 24
[2122] = CNOT 24 28
[2123] = T 21
[2124] = S 21
[2125] = CNOT 21 28
[2126] = T 20
[2127] = T 28
[2128] = T 10
[2129] = CNOT 6 8
[2130] = T 6
[2131] = S 6
[2132] = CNOT 6 10
[2133] = T 6
[2134] = CNOT 6 8
[2135] = CNOT 8 10
[2136] = T 8
[2137] = S 8
[2138] = CNOT 8 10
[2139] = T 6
[2140] = S 6
[2141] = CNOT 6 10
[2142] = T 17
[2143] = T 25
[2144] = T 32
[2145] = T 24
[2146] = T 8
[2147] = Z 8
[2148] = CNOT 8 12
[2149] = T 8
[2150] = S 8
[2151] = CNOT 8 12
[2152] = S 6
[2153] = Z 12
[2154] = CNOT 12 8
[2155] = CNOT 6 8
[2156] = H 13
[2157] = H 21
[2158] = H 10
[2159] = H 9
[2160] = T 13
[2161] = S 13
[2162] = Z 13
[2163] = CNOT 13 20
[2164] = T 13
[2165] = Z 13
[2166] = CNOT 13 20
[2167] = CNOT 15 19
[2168] = T 15
[2169] = S 15
[2170] = CNOT 15 19
[2171] = T 17
[2172] = S 17
[2173] = Z 17
[2174] = CNOT 13 28
[2175] = T 13
[2176] = Z 13
[2177] = CNOT 17 20
[2178] = CNOT 17 21
[2179] = CNOT 17 28
[2180] = T 17
[2181] = CNOT 17 28
[2182] = CNOT 17 21
[2183] = CNOT 17 20
[2184] = CNOT 13 16
[2185] = CNOT 13 17
[2186] = CNOT 13 20
[2187] = T 13
[2188] = CNOT 13 21
[2189] = T 13
[2190] = CNOT 13 16
[2191] = CNOT 16 17
[2192] = CNOT 16 20
[2193] = CNOT 16 21
[2194] = CNOT 16 28
[2195] = T 16
[2196] = CNOT 16 21
[2197] = T 13
[2198] = CNOT 13 21
[2199] = CNOT 13 15
[2200] = T 13
[2201] = CNOT 13 17
[2202] = T 13
[2203] = CNOT 13 28
[2204] = CNOT 13 20
[2205] = CNOT 13 15
[2206] = CNOT 15 20
[2207] = CNOT 15 28
[2208] = T 15
[2209] = Z 15
[2210] = CNOT 15 17
[2211] = T 15
[2212] = CNOT 15 28
[2213] = CNOT 15 20
[2214] = CNOT 15 17
[2215] = T 16
[2216] = CNOT 16 28
[2217] = CNOT 16 20
[2218] = CNOT 16 17
[2219] = CNOT 16 24
[2220] = T 16
[2221] = S 16
[2222] = CNOT 16 24
[2223] = T 9
[2224] = Z 9
[2225] = CNOT 9 12
[2226] = T 9
[2227] = Z 9
[2228] = CNOT 9 12
[2229] = CNOT 8 9
[2230] = CNOT 8 12
[2231] = T 8
[2232] = S 8
[2233] = Z 8
[2234] = CNOT 8 12
[2235] = T 8
[2236] = S 8
[2237] = Z 8
[2238] = CNOT 8 9
[2239] = Z 8
[2240] = Z 19
[2241] = S 20
[2242] = Z 21
[2243] = Z 24
[2244] = S 28
[2245] = CNOT 8 12
[2246] = Z 8
[2247] = CNOT 8 12
[2248] = CNOT 13 15
[2249] = S 13
[2250] = Z 13
[2251] = CNOT 13 15
[2252] = CNOT 15 17
[2253] = S 15
[2254] = Z 15
[2255] = CNOT 15 17
[2256] = CNOT 15 20
[2257] = Z 15
[2258] = CNOT 15 20
[2259] = CNOT 15 28
[2260] = Z 15
[2261] = CNOT 15 28
[2262] = CNOT 17 20
[2263] = S 17
[2264] = Z 17
[2265] = CNOT 17 20
[2266] = CNOT 17 28
[2267] = S 17
[2268] = Z 17
[2269] = CNOT 17 28
[2270] = CNOT 20 28
[2271] = S 20
[2272] = CNOT 20 28
[2273] = CNOT 13 15
[2274] = CNOT 13 20
[2275] = S 13
[2276] = Z 13
[2277] = CNOT 13 20
[2278] = CNOT 13 28
[2279] = S 13
[2280] = Z 13
[2281] = CNOT 13 28
[2282] = CNOT 13 15
[2283] = CNOT 13 16
[2284] = CNOT 13 17
[2285] = S 13
[2286] = Z 13
[2287] = CNOT 13 17
[2288] = CNOT 13 20
[2289] = S 13
[2290] = Z 13
[2291] = CNOT 13 20
[2292] = CNOT 13 28
[2293] = S 13
[2294] = Z 13
[2295] = CNOT 13 28
[2296] = CNOT 13 16
[2297] = CNOT 13 17
[2298] = CNOT 13 20
[2299] = Z 13
[2300] = CNOT 13 20
[2301] = CNOT 13 21
[2302] = S 13
[2303] = Z 13
[2304] = CNOT 13 21
[2305] = CNOT 13 28
[2306] = Z 13
[2307] = CNOT 13 28
[2308] = CNOT 13 17
[2309] = CNOT 13 20
[2310] = CNOT 13 21
[2311] = S 13
[2312] = Z 13
[2313] = CNOT 13 21
[2314] = CNOT 13 28
[2315] = Z 13
[2316] = CNOT 13 20
[2317] = CNOT 13 21
[2318] = S 13
[2319] = Z 13
[2320] = CNOT 13 28
[2321] = CNOT 13 21
[2322] = CNOT 15 17
[2323] = CNOT 15 20
[2324] = S 15
[2325] = Z 15
[2326] = CNOT 15 20
[2327] = CNOT 15 28
[2328] = S 15
[2329] = Z 15
[2330] = CNOT 15 28
[2331] = CNOT 15 17
[2332] = CNOT 16 17
[2333] = CNOT 16 20
[2334] = Z 16
[2335] = CNOT 16 20
[2336] = CNOT 16 21
[2337] = S 16
[2338] = Z 16
[2339] = CNOT 16 21
[2340] = CNOT 16 28
[2341] = Z 16
[2342] = CNOT 16 28
[2343] = CNOT 16 17
[2344] = CNOT 16 20
[2345] = CNOT 16 21
[2346] = S 16
[2347] = Z 16
[2348] = CNOT 16 21
[2349] = CNOT 16 28
[2350] = Z 16
[2351] = CNOT 16 20
[2352] = CNOT 16 21
[2353] = S 16
[2354] = Z 16
[2355] = CNOT 16 28
[2356] = CNOT 16 21
[2357] = CNOT 17 20
[2358] = CNOT 17 21
[2359] = Z 17
[2360] = CNOT 17 20
[2361] = CNOT 17 28
[2362] = Z 17
[2363] = CNOT 17 28
[2364] = CNOT 17 21
[2365] = CNOT 20 21
[2366] = CNOT 20 28
[2367] = Z 20
[2368] = CNOT 20 28
[2369] = CNOT 20 21
[2370] = CNOT 24 16
[2371] = CNOT 19 15
[2372] = CNOT 13 15
[2373] = CNOT 10 12
[2374] = CNOT 12 11
[2375] = CNOT 12 8
[2376] = CNOT 10 8
[2377] = CNOT 8 7
[2378] = H 28
[2379] = H 21
[2380] = H 20
[2381] = H 17
[2382] = H 9
[2383] = T 21
[2384] = CNOT 21 23
[2385] = T 21
[2386] = S 21
[2387] = CNOT 21 25
[2388] = T 21
[2389] = CNOT 21 23
[2390] = CNOT 23 25
[2391] = T 23
[2392] = S 23
[2393] = CNOT 23 25
[2394] = T 21
[2395] = S 21
[2396] = CNOT 21 25
[2397] = CNOT 28 30
[2398] = T 28
[2399] = S 28
[2400] = CNOT 28 32
[2401] = T 28
[2402] = CNOT 28 30
[2403] = CNOT 30 32
[2404] = T 30
[2405] = S 30
[2406] = CNOT 30 32
[2407] = T 28
[2408] = S 28
[2409] = CNOT 28 32
[2410] = CNOT 28 31
[2411] = T 28
[2412] = S 28
[2413] = CNOT 28 35
[2414] = T 28
[2415] = CNOT 28 31
[2416] = CNOT 31 35
[2417] = T 31
[2418] = S 31
[2419] = CNOT 31 35
[2420] = T 28
[2421] = S 28
[2422] = CNOT 28 35
[2423] = T 20
[2424] = Z 20
[2425] = CNOT 20 24
[2426] = T 20
[2427] = Z 20
[2428] = CNOT 20 24
[2429] = CNOT 16 20
[2430] = CNOT 16 24
[2431] = T 16
[2432] = S 16
[2433] = Z 16
[2434] = CNOT 16 24
[2435] = T 16
[2436] = S 16
[2437] = Z 16
[2438] = CNOT 16 20
[2439] = T 23
[2440] = Z 23
[2441] = CNOT 23 27
[2442] = T 23
[2443] = S 23
[2444] = CNOT 23 27
[2445] = T 30
[2446] = Z 30
[2447] = CNOT 30 34
[2448] = T 30
[2449] = S 30
[2450] = CNOT 30 34
[2451] = Z 16
[2452] = Z 27
[2453] = S 28
[2454] = Z 34
[2455] = CNOT 16 24
[2456] = Z 16
[2457] = CNOT 16 24
[2458] = CNOT 34 30
[2459] = CNOT 28 30
[2460] = CNOT 27 23
[2461] = CNOT 21 23
[2462] = CNOT 24 16
[2463] = H 25
[2464] = H 32
[2465] = H 35
[2466] = H 20
[2467] = H 16
[2468] = H 24
[2469] = H 31
[2470] = T 16
[2471] = Z 16
[2472] = CNOT 16 19
[2473] = T 16
[2474] = Z 16
[2475] = CNOT 16 19
[2476] = CNOT 15 16
[2477] = CNOT 15 19
[2478] = T 15
[2479] = S 15
[2480] = Z 15
[2481] = CNOT 15 19
[2482] = T 15
[2483] = S 15
[2484] = Z 15
[2485] = CNOT 15 16
[2486] = T 24
[2487] = Z 24
[2488] = CNOT 24 27
[2489] = T 24
[2490] = Z 24
[2491] = CNOT 24 27
[2492] = CNOT 23 24
[2493] = CNOT 23 27
[2494] = T 23
[2495] = S 23
[2496] = Z 23
[2497] = CNOT 23 27
[2498] = T 23
[2499] = S 23
[2500] = Z 23
[2501] = CNOT 23 24
[2502] = T 31
[2503] = Z 31
[2504] = CNOT 31 34
[2505] = T 31
[2506] = Z 31
[2507] = CNOT 31 34
[2508] = CNOT 30 31
[2509] = CNOT 30 34
[2510] = T 30
[2511] = S 30
[2512] = Z 30
[2513] = CNOT 30 34
[2514] = T 30
[2515] = S 30
[2516] = Z 30
[2517] = CNOT 30 31
[2518] = Z 15
[2519] = Z 23
[2520] = Z 30
[2521] = CNOT 15 19
[2522] = Z 15
[2523] = CNOT 15 19
[2524] = CNOT 23 27
[2525] = Z 23
[2526] = CNOT 23 27
[2527] = CNOT 30 34
[2528] = Z 30
[2529] = CNOT 30 34
[2530] = CNOT 31 34
[2531] = CNOT 34 33
[2532] = CNOT 34 30
[2533] = CNOT 31 30
[2534] = CNOT 30 29
[2535] = CNOT 25 27
[2536] = CNOT 27 26
[2537] = CNOT 27 23
[2538] = CNOT 25 23
[2539] = CNOT 23 22
[2540] = CNOT 17 19
[2541] = CNOT 19 18
[2542] = CNOT 19 15
[2543] = CNOT 17 15
[2544] = CNOT 15 14
[2545] = H 16
[2546] = H 24
[2547] = H 31
Gate distributions:
Input:
Operator distribution:
Total number of qubits = 36
Number of `data' qubits = 36
Number of `Toff_n' ancillas = 0
Number of Hadamard ancillas = 0
Hadamard ancilla cap = 0
Number of {CNOT,T} partitions = 6
T count = 238
Cost estimation = 119079
	id	Count
	0	0
	1	0
	2	0
	3	50
	4	29
	5	0
	6	0
	7	0
	8	0
	9	0
	10	34
	11	0
	12	0
	13	0
	14	0
	15	0
	16	0
	17	0
	18	0
Output:
Operator distribution:
Total number of qubits = 36
Number of `data' qubits = 36
Number of `Toff_n' ancillas = 0
Number of Hadamard ancillas = 0
Hadamard ancilla cap = 0
Number of {CNOT,T} partitions = 6
T count = 184
Cost estimation = 94364
	id	Count
	0	0
	1	0
	2	0
	3	50
	4	1521
	5	184
	6	0
	7	0
	8	0
	9	0
	10	0
	11	355
	12	0
	13	438
	14	0
	15	0
	16	0
	17	0
	18	0
Output T Count (SQC_Circuit) = 184
Output T Count (PhasePolynomial) = 184
Fail count = 0

Execution time: 101.173s
Number of LCL errors: 0
Number of LCL warnings: 0
