Optimize a Clifford + T circuit.
Input filename = /home/ryo-mtmt/TOpt/forme/tpar_benchmark/ham15-low.tfc
Number of unknown gates = 0
Number of unknown qubit labels = 0
Circuit filename: /home/ryo-mtmt/TOpt/forme/tpar_benchmark/ham15-low.tfc

n 17
n_x 17
n_y 0
n_z 0
m 201
[0] = CNOT 12 14
[1] = CNOT 1 11
[2] = CNOT 6 11
[3] = CNOT 7 11
[4] = CNOT 8 11
[5] = CNOT 14 12
[6] = CNOT 9 13
[7] = CNOT 12 13
[8] = CNOT 8 9
[9] = CNOT 5 9
[10] = H 9
[11] = CCZ 12 13 9
[12] = H 9
[13] = CNOT 5 9
[14] = CNOT 8 9
[15] = CNOT 1 15
[16] = CNOT 7 15
[17] = CNOT 9 15
[18] = CNOT 14 15
[19] = CNOT 4 13
[20] = H 13
[21] = CCZ 14 15 13
[22] = H 13
[23] = CNOT 14 13
[24] = CNOT 4 13
[25] = H 15
[26] = CCZ 13 14 15
[27] = H 15
[28] = CNOT 11 13
[29] = H 13
[30] = CCZ 14 15 13
[31] = H 13
[32] = CNOT 9 11
[33] = CNOT 10 11
[34] = CNOT 5 11
[35] = CNOT 11 13
[36] = CNOT 4 11
[37] = CNOT 3 11
[38] = CNOT 2 11
[39] = H 17
[40] = CCZ 12 13 17
[41] = H 17
[42] = H 16
[43] = CCZ 17 14 16
[44] = H 16
[45] = H 11
[46] = CCZ 16 15 11
[47] = H 11
[48] = H 16
[49] = CCZ 17 14 16
[50] = H 16
[51] = H 17
[52] = CCZ 12 13 17
[53] = H 17
[54] = CNOT 10 11
[55] = CNOT 7 11
[56] = CNOT 5 11
[57] = CNOT 4 11
[58] = CNOT 3 11
[59] = CNOT 2 11
[60] = CNOT 11 12
[61] = H 16
[62] = CCZ 13 14 16
[63] = H 16
[64] = H 12
[65] = CCZ 16 15 12
[66] = H 12
[67] = H 16
[68] = CCZ 13 14 16
[69] = H 16
[70] = CNOT 6 11
[71] = CNOT 11 12
[72] = CNOT 8 13
[73] = CNOT 11 14
[74] = CNOT 13 12
[75] = H 16
[76] = CCZ 13 14 16
[77] = H 16
[78] = H 12
[79] = CCZ 16 15 12
[80] = H 12
[81] = H 16
[82] = CCZ 13 14 16
[83] = H 16
[84] = CNOT 13 12
[85] = CNOT 6 12
[86] = CNOT 10 13
[87] = CNOT 5 14
[88] = CNOT 4 14
[89] = CNOT 3 14
[90] = H 16
[91] = CCZ 12 13 16
[92] = H 16
[93] = H 14
[94] = CCZ 16 15 14
[95] = H 14
[96] = H 16
[97] = CCZ 12 13 16
[98] = H 16
[99] = CNOT 11 14
[100] = CNOT 1 11
[101] = CNOT 9 11
[102] = CNOT 4 14
[103] = CNOT 3 14
[104] = CNOT 3 13
[105] = CNOT 1 13
[106] = H 13
[107] = CCZ 12 15 13
[108] = H 13
[109] = CNOT 8 13
[110] = CNOT 3 13
[111] = CNOT 14 15
[112] = CNOT 5 14
[113] = CNOT 11 15
[114] = CNOT 8 11
[115] = CNOT 7 15
[116] = H 16
[117] = CCZ 12 13 16
[118] = H 16
[119] = H 15
[120] = CCZ 16 14 15
[121] = H 15
[122] = H 16
[123] = CCZ 12 13 16
[124] = H 16
[125] = CNOT 13 15
[126] = CNOT 5 13
[127] = CNOT 1 13
[128] = CNOT 12 15
[129] = CNOT 11 15
[130] = CNOT 7 15
[131] = H 15
[132] = CCZ 12 14 15
[133] = H 15
[134] = CNOT 14 15
[135] = CNOT 12 15
[136] = CNOT 15 11
[137] = CNOT 11 14
[138] = CNOT 14 11
[139] = CNOT 7 14
[140] = CNOT 10 14
[141] = CNOT 14 10
[142] = CNOT 13 9
[143] = CNOT 9 10
[144] = CNOT 12 8
[145] = CNOT 8 9
[146] = CNOT 11 7
[147] = CNOT 7 8
[148] = CNOT 10 7
[149] = CNOT 6 10
[150] = CNOT 10 6
[151] = CNOT 9 6
[152] = CNOT 5 9
[153] = CNOT 9 5
[154] = CNOT 8 5
[155] = CNOT 4 8
[156] = CNOT 8 4
[157] = CNOT 7 4
[158] = CNOT 3 7
[159] = CNOT 7 3
[160] = CNOT 6 3
[161] = CNOT 2 6
[162] = CNOT 6 2
[163] = CNOT 5 2
[164] = CNOT 1 5
[165] = CNOT 5 1
[166] = CNOT 4 1

Algorithm used: todd_exp_1110

UniversalOptimize begin.
	Gate synthesis begin.
A_BMS
BMSparse object. Dims: 51x135
5263 2157 3506 2156 2155 3504 2154 5122 5121 6606 6065 6604 6605 6064 4038 5119 4037 6608 3362 3363 2822 6465 5655 6734 2008 5247 2007 4166 1870 4164 3025 1997 3024 5337 6128 3023 3280 1995 6210 3292 3425 2796 1991 2075 1818 4131 6393 4337 2795 5182 3018 1990 3962 5086 1532 3285 1530 4871 4634 1529 1528 1527 4091 3063 1526 4090 3062 6394 1525 5709 5708 3030 5194 5707 6464 1595 3287 2205 1531 4691 4498 3957 2672 1925 1923 3947 4204 5978 2732 2731 2988 1703 6263 4485 4999 5706 3674 6663 3417 2768 5473 3671 5470 5004 5676 5679 1537 4621 1536 4874 5137 2978 5675 3669 5680 5896 1568 4736 5899 3194 4461 5002 4873 3250 2222 4021 3480 2870 3538 4620 2997 3373 5537 3481 3247 2733 2990 2833 5538 3672 6212 4737 5536 6618 3534 5031 2981 4206 4460 4203 2206 4519 6623 5000 4342 2834 5539 4998 4340 3055 4633 2982 4339 4738 5976 2730 2987 1702 2984 4740 5153 5003 4876 2076 1535 2734 2829 6075 4202 5230 1924 2723 6129 3302 4478 3193 3407 2379 4692 5032 2868 3249 2830 5535 6076 4020 2994 3535 1993 2995 3536 5335 3019 6265 1676 1811 3353 2351 1580 1677 1812 2353 2123 1582 1544 3029 5085 3164 1545 1546 3166 1817 4130 1813 5059 3057 1975 2223 3305 3174 1551 3980 4521 5196 1955 3037 5336 3172 3038 2769 5339 3040 3041 2767 5472 3043 5475 3316 1696 2237 3320 1697 2238 2236 3318 2239 1700 1701 2377 5895 1567 3190 2676 1976 3056 5897 1569 3192 1978 3060 2930 1581 4693 1988 2932 3473 2124 1989 4694 5654 4572 1867 3340 4556 4557 1998 4162 2675 1593 4163 1999 1592 2674 3352 5656 1869 

[Experimental TODD + ChiDiff + M4RI] Flags - Packed: 1, AA Table: 1, Memo: 1, Sketch: 0 (margin=20)
--- Round 0 | Current Columns: 135 ---
  [HIT!] Pair(40,113) Dist=1 | 135 -> 127 columns
Round 0 Finished in 14 ms.
--- Round 1 | Current Columns: 127 ---
  [HIT!] Pair(40,96) Dist=1 | 127 -> 121 columns
Round 1 Finished in 12 ms.
--- Round 2 | Current Columns: 121 ---
  [HIT!] Pair(42,106) Dist=1 | 121 -> 109 columns
Round 2 Finished in 8 ms.
--- Round 3 | Current Columns: 109 ---
  [HIT!] Pair(60,93) Dist=1 | 109 -> 107 columns
Round 3 Finished in 8 ms.
--- Round 4 | Current Columns: 107 ---
  [HIT!] Pair(44,99) Dist=1 | 107 -> 105 columns
Round 4 Finished in 17 ms.
--- Round 5 | Current Columns: 105 ---
  [HIT!] Pair(23,66) Dist=1 | 105 -> 101 columns
Round 5 Finished in 24 ms.
--- Round 6 | Current Columns: 101 ---
  [HIT!] Pair(31,78) Dist=1 | 101 -> 99 columns
Round 6 Finished in 56 ms.
--- Round 7 | Current Columns: 99 ---
  [HIT!] Pair(37,46) Dist=1 | 99 -> 97 columns
Round 7 Finished in 71 ms.
--- Round 8 | Current Columns: 97 ---
  [HIT!] Pair(39,94) Dist=1 | 97 -> 95 columns
Round 8 Finished in 65 ms.
--- Round 9 | Current Columns: 95 ---
  [HIT!] Pair(47,63) Dist=2 | 95 -> 91 columns
Round 9 Finished in 93 ms.
--- Round 10 | Current Columns: 91 ---
  [HIT!] Pair(34,41) Dist=2 | 91 -> 89 columns
Round 10 Finished in 106 ms.
--- Round 11 | Current Columns: 89 ---
  [HIT!] Pair(28,52) Dist=2 | 89 -> 87 columns
Round 11 Finished in 159 ms.
--- Round 12 | Current Columns: 87 ---
  [HIT!] Pair(9,83) Dist=3 | 87 -> 85 columns
Round 12 Finished in 385 ms.
--- Round 13 | Current Columns: 85 ---
  [HIT!] Pair(10,77) Dist=2 | 85 -> 83 columns
Round 13 Finished in 212 ms.
--- Round 14 | Current Columns: 83 ---
  [HIT!] Pair(12,25) Dist=3 | 83 -> 81 columns
Round 14 Finished in 371 ms.
--- Round 15 | Current Columns: 81 ---
  [HIT!] Pair(4,39) Dist=6 | 81 -> 79 columns
Round 15 Finished in 5834 ms.
--- Round 16 | Current Columns: 79 ---
  [HIT!] Pair(34,47) Dist=1 | 79 -> 77 columns
Round 16 Finished in 13 ms.
--- Round 17 | Current Columns: 77 ---
  [HIT!] Pair(54,60) Dist=3 | 77 -> 75 columns
Round 17 Finished in 349 ms.
--- Round 18 | Current Columns: 75 ---
Round 18 Finished in 19752 ms.

=== Optimization Summary ===
Algorithm       : LempelX2_M4RI_Experimental
Initial T-count : 135
Final T-count   : 75
Total Reduced   : 60 gates
Execution Time  : 27597 ms
Chi calculation : 2019.63 ms
AA Table calc   : 0.946 ms
Nullspace calc  : 25505.7 ms
Pairs tested    : 5366
Memo x hits     : 1104
Avg affected    : 28000.3
Full NS empty   : 0
============================
		TODD executed in 27.5521 seconds.
		Total time: 27.5745s
	Gate synthesis end.
	Total time: 42.1557s
UniversalOptimize end.
Output circuit:
n 51
n_x 17
n_y 0
n_z 34
m 3601
[0] = H 17
[1] = H 16
[2] = H 18
[3] = H 19
[4] = H 20
[5] = H 21
[6] = H 22
[7] = H 23
[8] = H 24
[9] = H 25
[10] = H 26
[11] = H 27
[12] = H 28
[13] = H 29
[14] = H 30
[15] = H 31
[16] = H 32
[17] = H 33
[18] = H 34
[19] = H 35
[20] = H 36
[21] = H 37
[22] = H 38
[23] = H 39
[24] = H 40
[25] = H 41
[26] = H 42
[27] = H 43
[28] = H 44
[29] = H 45
[30] = H 46
[31] = H 47
[32] = H 48
[33] = H 49
[34] = H 50
[35] = H 51
[36] = CNOT 12 15
[37] = CNOT 12 23
[38] = CNOT 12 42
[39] = CNOT 12 47
[40] = T 12
[41] = CNOT 12 47
[42] = T 12
[43] = CNOT 12 46
[44] = CNOT 12 47
[45] = T 12
[46] = CNOT 12 47
[47] = CNOT 12 50
[48] = T 12
[49] = CNOT 12 50
[50] = CNOT 12 46
[51] = CNOT 12 42
[52] = CNOT 12 23
[53] = CNOT 12 15
[54] = CNOT 12 13
[55] = CNOT 12 17
[56] = CNOT 12 21
[57] = CNOT 12 25
[58] = CNOT 12 31
[59] = T 12
[60] = CNOT 12 31
[61] = CNOT 12 25
[62] = CNOT 12 21
[63] = CNOT 12 17
[64] = CNOT 12 13
[65] = CNOT 12 16
[66] = CNOT 12 22
[67] = CNOT 12 34
[68] = CNOT 12 38
[69] = CNOT 12 43
[70] = T 12
[71] = CNOT 12 38
[72] = T 12
[73] = CNOT 12 43
[74] = CNOT 12 34
[75] = CNOT 12 25
[76] = CNOT 12 38
[77] = CNOT 12 39
[78] = T 12
[79] = CNOT 12 39
[80] = CNOT 12 38
[81] = CNOT 12 25
[82] = CNOT 12 22
[83] = CNOT 12 16
[84] = CNOT 12 15
[85] = CNOT 12 46
[86] = CNOT 12 50
[87] = T 12
[88] = CNOT 12 50
[89] = CNOT 12 46
[90] = CNOT 12 15
[91] = CNOT 15 16
[92] = CNOT 15 21
[93] = CNOT 15 22
[94] = CNOT 15 23
[95] = CNOT 15 35
[96] = T 15
[97] = CNOT 15 23
[98] = CNOT 12 18
[99] = CNOT 12 21
[100] = T 12
[101] = S 12
[102] = Z 12
[103] = CNOT 12 21
[104] = CNOT 12 18
[105] = CNOT 12 16
[106] = CNOT 12 22
[107] = CNOT 12 25
[108] = CNOT 12 36
[109] = CNOT 12 37
[110] = CNOT 12 38
[111] = CNOT 12 43
[112] = CNOT 12 44
[113] = T 12
[114] = CNOT 12 44
[115] = CNOT 12 43
[116] = CNOT 12 38
[117] = CNOT 12 37
[118] = CNOT 12 36
[119] = CNOT 12 25
[120] = CNOT 12 22
[121] = CNOT 12 16
[122] = CNOT 12 13
[123] = CNOT 12 18
[124] = CNOT 12 21
[125] = T 12
[126] = CNOT 12 21
[127] = CNOT 12 18
[128] = CNOT 12 13
[129] = CNOT 12 16
[130] = CNOT 12 22
[131] = CNOT 12 23
[132] = CNOT 12 25
[133] = CNOT 12 36
[134] = CNOT 12 37
[135] = CNOT 12 38
[136] = CNOT 12 43
[137] = CNOT 12 44
[138] = T 12
[139] = CNOT 12 36
[140] = CNOT 12 23
[141] = T 12
[142] = T 20
[143] = CNOT 12 23
[144] = T 12
[145] = CNOT 12 38
[146] = CNOT 12 37
[147] = CNOT 12 23
[148] = CNOT 12 32
[149] = CNOT 12 33
[150] = T 12
[151] = CNOT 12 33
[152] = T 12
[153] = CNOT 12 23
[154] = CNOT 12 33
[155] = T 12
[156] = CNOT 12 32
[157] = CNOT 12 23
[158] = T 12
[159] = CNOT 12 33
[160] = CNOT 12 23
[161] = CNOT 12 32
[162] = T 12
[163] = CNOT 12 32
[164] = CNOT 12 33
[165] = T 12
[166] = CNOT 12 44
[167] = CNOT 12 43
[168] = CNOT 12 33
[169] = CNOT 12 25
[170] = CNOT 12 23
[171] = CNOT 12 22
[172] = CNOT 12 16
[173] = CNOT 12 20
[174] = T 12
[175] = Z 12
[176] = CNOT 12 20
[177] = CNOT 12 16
[178] = CNOT 12 22
[179] = CNOT 12 25
[180] = CNOT 12 28
[181] = CNOT 12 36
[182] = CNOT 12 38
[183] = CNOT 12 43
[184] = CNOT 12 44
[185] = T 12
[186] = CNOT 12 44
[187] = CNOT 12 43
[188] = CNOT 12 38
[189] = CNOT 12 36
[190] = CNOT 12 28
[191] = CNOT 12 25
[192] = CNOT 12 22
[193] = CNOT 12 16
[194] = CNOT 12 13
[195] = CNOT 12 17
[196] = CNOT 12 21
[197] = CNOT 12 31
[198] = T 12
[199] = CNOT 12 31
[200] = CNOT 12 21
[201] = CNOT 12 17
[202] = CNOT 12 13
[203] = CNOT 12 16
[204] = CNOT 12 22
[205] = CNOT 12 23
[206] = CNOT 12 25
[207] = CNOT 12 28
[208] = CNOT 12 36
[209] = CNOT 12 38
[210] = CNOT 12 43
[211] = CNOT 12 44
[212] = T 12
[213] = CNOT 12 23
[214] = CNOT 12 27
[215] = T 12
[216] = CNOT 15 24
[217] = T 15
[218] = CNOT 15 35
[219] = CNOT 15 24
[220] = CNOT 12 23
[221] = T 12
[222] = CNOT 12 44
[223] = CNOT 12 43
[224] = CNOT 12 38
[225] = CNOT 12 36
[226] = CNOT 12 28
[227] = CNOT 12 27
[228] = CNOT 12 25
[229] = CNOT 12 23
[230] = CNOT 12 34
[231] = CNOT 12 35
[232] = T 12
[233] = CNOT 12 35
[234] = CNOT 12 34
[235] = CNOT 15 25
[236] = CNOT 15 39
[237] = T 15
[238] = CNOT 15 39
[239] = CNOT 15 25
[240] = CNOT 15 21
[241] = CNOT 15 16
[242] = CNOT 12 26
[243] = CNOT 12 30
[244] = T 12
[245] = CNOT 12 30
[246] = CNOT 12 26
[247] = T 15
[248] = CNOT 15 16
[249] = CNOT 15 21
[250] = CNOT 15 26
[251] = CNOT 15 30
[252] = T 15
[253] = CNOT 15 30
[254] = CNOT 15 26
[255] = CNOT 15 22
[256] = CNOT 15 16
[257] = T 15
[258] = CNOT 12 23
[259] = CNOT 12 25
[260] = CNOT 12 38
[261] = CNOT 12 43
[262] = CNOT 12 45
[263] = T 12
[264] = CNOT 12 38
[265] = CNOT 15 22
[266] = CNOT 15 26
[267] = T 15
[268] = CNOT 15 26
[269] = CNOT 15 22
[270] = CNOT 15 21
[271] = T 12
[272] = CNOT 12 45
[273] = CNOT 12 43
[274] = CNOT 12 25
[275] = CNOT 12 23
[276] = CNOT 12 16
[277] = CNOT 12 26
[278] = T 12
[279] = S 12
[280] = Z 12
[281] = CNOT 12 26
[282] = CNOT 12 16
[283] = CNOT 12 23
[284] = CNOT 12 25
[285] = CNOT 12 38
[286] = CNOT 12 49
[287] = T 12
[288] = CNOT 12 49
[289] = CNOT 12 38
[290] = CNOT 12 23
[291] = CNOT 12 30
[292] = T 12
[293] = CNOT 12 30
[294] = CNOT 12 25
[295] = CNOT 12 22
[296] = CNOT 12 16
[297] = CNOT 12 15
[298] = CNOT 12 23
[299] = CNOT 12 38
[300] = CNOT 12 42
[301] = CNOT 12 46
[302] = CNOT 12 48
[303] = T 12
[304] = CNOT 12 50
[305] = T 12
[306] = CNOT 12 50
[307] = CNOT 12 48
[308] = CNOT 12 46
[309] = CNOT 12 42
[310] = CNOT 12 38
[311] = CNOT 12 23
[312] = CNOT 12 15
[313] = CNOT 15 20
[314] = T 15
[315] = S 15
[316] = Z 15
[317] = CNOT 15 20
[318] = CNOT 15 16
[319] = CNOT 15 21
[320] = CNOT 15 22
[321] = CNOT 15 34
[322] = CNOT 15 39
[323] = T 15
[324] = CNOT 15 39
[325] = CNOT 15 34
[326] = CNOT 12 21
[327] = CNOT 12 22
[328] = T 12
[329] = S 12
[330] = Z 12
[331] = CNOT 12 22
[332] = CNOT 12 21
[333] = CNOT 15 23
[334] = CNOT 15 24
[335] = CNOT 15 35
[336] = T 15
[337] = CNOT 15 35
[338] = CNOT 15 24
[339] = CNOT 15 23
[340] = CNOT 15 22
[341] = CNOT 15 21
[342] = CNOT 15 16
[343] = CNOT 12 15
[344] = CNOT 12 38
[345] = CNOT 12 46
[346] = CNOT 12 48
[347] = CNOT 12 50
[348] = T 12
[349] = CNOT 12 50
[350] = T 12
[351] = CNOT 12 48
[352] = CNOT 12 46
[353] = CNOT 12 38
[354] = CNOT 12 15
[355] = CNOT 14 17
[356] = CNOT 14 21
[357] = CNOT 14 31
[358] = T 14
[359] = CNOT 12 16
[360] = CNOT 12 22
[361] = CNOT 12 23
[362] = CNOT 12 25
[363] = CNOT 12 49
[364] = T 12
[365] = CNOT 12 49
[366] = CNOT 12 25
[367] = CNOT 12 23
[368] = CNOT 12 22
[369] = CNOT 12 16
[370] = CNOT 14 25
[371] = T 14
[372] = CNOT 14 31
[373] = CNOT 14 25
[374] = CNOT 14 21
[375] = CNOT 14 17
[376] = CNOT 12 15
[377] = CNOT 12 47
[378] = T 12
[379] = Z 12
[380] = CNOT 12 47
[381] = CNOT 12 15
[382] = CNOT 12 13
[383] = CNOT 12 21
[384] = CNOT 12 25
[385] = T 12
[386] = CNOT 12 25
[387] = CNOT 12 21
[388] = CNOT 12 13
[389] = CNOT 12 15
[390] = CNOT 12 46
[391] = CNOT 12 47
[392] = T 12
[393] = CNOT 12 47
[394] = CNOT 12 46
[395] = CNOT 12 15
[396] = CNOT 13 14
[397] = CNOT 13 18
[398] = CNOT 13 21
[399] = T 13
[400] = CNOT 13 18
[401] = T 13
[402] = S 13
[403] = Z 13
[404] = CNOT 13 21
[405] = CNOT 13 14
[406] = CNOT 14 18
[407] = CNOT 14 21
[408] = T 14
[409] = S 14
[410] = Z 14
[411] = CNOT 14 18
[412] = CNOT 12 16
[413] = CNOT 12 22
[414] = CNOT 12 23
[415] = CNOT 12 25
[416] = CNOT 12 45
[417] = CNOT 12 49
[418] = T 12
[419] = CNOT 12 49
[420] = CNOT 12 45
[421] = CNOT 12 27
[422] = CNOT 12 36
[423] = CNOT 12 38
[424] = CNOT 12 41
[425] = CNOT 12 43
[426] = CNOT 12 44
[427] = T 12
[428] = CNOT 12 44
[429] = CNOT 12 43
[430] = CNOT 12 41
[431] = CNOT 12 36
[432] = CNOT 12 27
[433] = CNOT 12 45
[434] = CNOT 12 49
[435] = T 12
[436] = CNOT 12 49
[437] = CNOT 12 45
[438] = CNOT 12 38
[439] = CNOT 12 25
[440] = CNOT 12 23
[441] = CNOT 12 22
[442] = CNOT 12 16
[443] = CNOT 14 25
[444] = T 14
[445] = S 14
[446] = Z 14
[447] = CNOT 14 25
[448] = CNOT 14 21
[449] = CNOT 12 15
[450] = CNOT 12 20
[451] = T 12
[452] = S 12
[453] = Z 12
[454] = CNOT 12 20
[455] = CNOT 12 15
[456] = CNOT 12 16
[457] = CNOT 12 22
[458] = CNOT 12 34
[459] = CNOT 12 38
[460] = CNOT 12 39
[461] = T 12
[462] = CNOT 12 39
[463] = CNOT 12 38
[464] = CNOT 12 34
[465] = CNOT 15 16
[466] = CNOT 15 21
[467] = CNOT 15 22
[468] = CNOT 15 25
[469] = CNOT 15 30
[470] = T 15
[471] = CNOT 15 30
[472] = CNOT 15 25
[473] = CNOT 15 34
[474] = CNOT 15 35
[475] = T 15
[476] = CNOT 15 35
[477] = CNOT 15 34
[478] = CNOT 15 22
[479] = CNOT 15 21
[480] = CNOT 15 16
[481] = CNOT 12 23
[482] = CNOT 12 24
[483] = CNOT 12 35
[484] = T 12
[485] = CNOT 12 24
[486] = T 12
[487] = CNOT 12 23
[488] = CNOT 12 24
[489] = T 12
[490] = CNOT 12 35
[491] = CNOT 12 24
[492] = CNOT 12 25
[493] = CNOT 12 27
[494] = CNOT 12 36
[495] = CNOT 12 38
[496] = CNOT 12 40
[497] = CNOT 12 41
[498] = CNOT 12 43
[499] = CNOT 12 44
[500] = T 12
[501] = CNOT 12 41
[502] = T 12
[503] = CNOT 12 23
[504] = CNOT 12 41
[505] = T 12
[506] = CNOT 12 40
[507] = CNOT 12 23
[508] = T 12
[509] = CNOT 12 41
[510] = CNOT 12 23
[511] = CNOT 12 40
[512] = T 12
[513] = CNOT 12 44
[514] = CNOT 12 43
[515] = CNOT 12 40
[516] = CNOT 12 38
[517] = CNOT 12 36
[518] = CNOT 12 27
[519] = CNOT 12 25
[520] = CNOT 12 23
[521] = CNOT 12 22
[522] = CNOT 12 16
[523] = Z 9
[524] = S 11
[525] = Z 12
[526] = S 13
[527] = Z 13
[528] = S 14
[529] = Z 14
[530] = Z 15
[531] = Z 17
[532] = S 18
[533] = Z 18
[534] = S 19
[535] = Z 19
[536] = S 22
[537] = Z 22
[538] = S 23
[539] = S 24
[540] = Z 24
[541] = Z 26
[542] = S 28
[543] = S 29
[544] = Z 29
[545] = Z 30
[546] = Z 31
[547] = S 33
[548] = Z 33
[549] = Z 34
[550] = S 35
[551] = Z 35
[552] = S 36
[553] = S 38
[554] = S 39
[555] = Z 39
[556] = Z 40
[557] = S 41
[558] = Z 42
[559] = S 43
[560] = Z 43
[561] = S 44
[562] = Z 44
[563] = S 45
[564] = S 46
[565] = S 49
[566] = Z 49
[567] = Z 50
[568] = S 51
[569] = Z 51
[570] = CNOT 9 13
[571] = S 9
[572] = CNOT 9 13
[573] = CNOT 9 18
[574] = Z 9
[575] = CNOT 9 18
[576] = CNOT 11 21
[577] = S 11
[578] = CNOT 11 21
[579] = CNOT 11 25
[580] = S 11
[581] = CNOT 11 25
[582] = CNOT 11 28
[583] = S 11
[584] = Z 11
[585] = CNOT 11 28
[586] = CNOT 12 13
[587] = S 12
[588] = CNOT 12 13
[589] = CNOT 12 14
[590] = S 12
[591] = CNOT 12 14
[592] = CNOT 12 15
[593] = Z 12
[594] = CNOT 12 15
[595] = CNOT 12 18
[596] = S 12
[597] = Z 12
[598] = CNOT 12 18
[599] = CNOT 12 21
[600] = S 12
[601] = Z 12
[602] = CNOT 12 21
[603] = CNOT 12 22
[604] = S 12
[605] = Z 12
[606] = CNOT 12 22
[607] = CNOT 12 23
[608] = Z 12
[609] = CNOT 12 23
[610] = CNOT 12 26
[611] = Z 12
[612] = CNOT 12 26
[613] = CNOT 12 27
[614] = S 12
[615] = Z 12
[616] = CNOT 12 27
[617] = CNOT 12 28
[618] = Z 12
[619] = CNOT 12 28
[620] = CNOT 12 30
[621] = S 12
[622] = Z 12
[623] = CNOT 12 30
[624] = CNOT 12 32
[625] = Z 12
[626] = CNOT 12 32
[627] = CNOT 12 33
[628] = S 12
[629] = CNOT 12 33
[630] = CNOT 12 35
[631] = S 12
[632] = Z 12
[633] = CNOT 12 35
[634] = CNOT 12 41
[635] = S 12
[636] = Z 12
[637] = CNOT 12 41
[638] = CNOT 12 42
[639] = S 12
[640] = Z 12
[641] = CNOT 12 42
[642] = CNOT 12 43
[643] = S 12
[644] = Z 12
[645] = CNOT 12 43
[646] = CNOT 12 45
[647] = S 12
[648] = CNOT 12 45
[649] = CNOT 12 46
[650] = S 12
[651] = Z 12
[652] = CNOT 12 46
[653] = CNOT 12 47
[654] = S 12
[655] = Z 12
[656] = CNOT 12 47
[657] = CNOT 12 48
[658] = S 12
[659] = Z 12
[660] = CNOT 12 48
[661] = CNOT 12 50
[662] = Z 12
[663] = CNOT 12 50
[664] = CNOT 13 18
[665] = S 13
[666] = Z 13
[667] = CNOT 13 18
[668] = CNOT 13 20
[669] = S 13
[670] = CNOT 13 20
[671] = CNOT 13 21
[672] = Z 13
[673] = CNOT 13 21
[674] = CNOT 13 25
[675] = S 13
[676] = Z 13
[677] = CNOT 13 25
[678] = CNOT 13 33
[679] = S 13
[680] = Z 13
[681] = CNOT 13 33
[682] = CNOT 14 17
[683] = S 14
[684] = Z 14
[685] = CNOT 14 17
[686] = CNOT 14 18
[687] = S 14
[688] = Z 14
[689] = CNOT 14 18
[690] = CNOT 14 25
[691] = Z 14
[692] = CNOT 14 25
[693] = CNOT 14 31
[694] = S 14
[695] = Z 14
[696] = CNOT 14 31
[697] = CNOT 14 33
[698] = S 14
[699] = Z 14
[700] = CNOT 14 33
[701] = CNOT 15 24
[702] = S 15
[703] = CNOT 15 24
[704] = CNOT 15 25
[705] = S 15
[706] = Z 15
[707] = CNOT 15 25
[708] = CNOT 15 26
[709] = S 15
[710] = Z 15
[711] = CNOT 15 26
[712] = CNOT 15 35
[713] = S 15
[714] = CNOT 15 35
[715] = CNOT 15 38
[716] = S 15
[717] = Z 15
[718] = CNOT 15 38
[719] = CNOT 15 41
[720] = S 15
[721] = Z 15
[722] = CNOT 15 41
[723] = CNOT 15 42
[724] = S 15
[725] = Z 15
[726] = CNOT 15 42
[727] = CNOT 15 46
[728] = S 15
[729] = Z 15
[730] = CNOT 15 46
[731] = CNOT 15 47
[732] = S 15
[733] = Z 15
[734] = CNOT 15 47
[735] = CNOT 15 48
[736] = S 15
[737] = Z 15
[738] = CNOT 15 48
[739] = CNOT 15 50
[740] = Z 15
[741] = CNOT 15 50
[742] = CNOT 16 22
[743] = S 16
[744] = CNOT 16 22
[745] = CNOT 16 23
[746] = S 16
[747] = CNOT 16 23
[748] = CNOT 16 24
[749] = Z 16
[750] = CNOT 16 24
[751] = CNOT 16 26
[752] = S 16
[753] = Z 16
[754] = CNOT 16 26
[755] = CNOT 16 28
[756] = Z 16
[757] = CNOT 16 28
[758] = CNOT 16 30
[759] = S 16
[760] = CNOT 16 30
[761] = CNOT 16 32
[762] = Z 16
[763] = CNOT 16 32
[764] = CNOT 16 33
[765] = Z 16
[766] = CNOT 16 33
[767] = CNOT 16 34
[768] = Z 16
[769] = CNOT 16 34
[770] = CNOT 16 35
[771] = S 16
[772] = Z 16
[773] = CNOT 16 35
[774] = CNOT 16 38
[775] = S 16
[776] = CNOT 16 38
[777] = CNOT 16 39
[778] = Z 16
[779] = CNOT 16 39
[780] = CNOT 16 43
[781] = S 16
[782] = Z 16
[783] = CNOT 16 43
[784] = CNOT 16 45
[785] = S 16
[786] = CNOT 16 45
[787] = CNOT 17 25
[788] = S 17
[789] = Z 17
[790] = CNOT 17 25
[791] = CNOT 17 26
[792] = S 17
[793] = CNOT 17 26
[794] = CNOT 18 19
[795] = S 18
[796] = CNOT 18 19
[797] = CNOT 18 21
[798] = S 18
[799] = CNOT 18 21
[800] = CNOT 20 21
[801] = S 20
[802] = CNOT 20 21
[803] = CNOT 21 22
[804] = S 21
[805] = CNOT 21 22
[806] = CNOT 21 23
[807] = S 21
[808] = CNOT 21 23
[809] = CNOT 21 24
[810] = Z 21
[811] = CNOT 21 24
[812] = CNOT 21 25
[813] = S 21
[814] = Z 21
[815] = CNOT 21 25
[816] = CNOT 21 26
[817] = S 21
[818] = Z 21
[819] = CNOT 21 26
[820] = CNOT 21 28
[821] = S 21
[822] = Z 21
[823] = CNOT 21 28
[824] = CNOT 21 35
[825] = S 21
[826] = CNOT 21 35
[827] = CNOT 21 41
[828] = S 21
[829] = Z 21
[830] = CNOT 21 41
[831] = CNOT 22 23
[832] = Z 22
[833] = CNOT 22 23
[834] = CNOT 22 24
[835] = Z 22
[836] = CNOT 22 24
[837] = CNOT 22 26
[838] = S 22
[839] = Z 22
[840] = CNOT 22 26
[841] = CNOT 22 27
[842] = S 22
[843] = Z 22
[844] = CNOT 22 27
[845] = CNOT 22 28
[846] = Z 22
[847] = CNOT 22 28
[848] = CNOT 22 30
[849] = S 22
[850] = CNOT 22 30
[851] = CNOT 22 32
[852] = Z 22
[853] = CNOT 22 32
[854] = CNOT 22 33
[855] = Z 22
[856] = CNOT 22 33
[857] = CNOT 22 34
[858] = Z 22
[859] = CNOT 22 34
[860] = CNOT 22 35
[861] = S 22
[862] = Z 22
[863] = CNOT 22 35
[864] = CNOT 22 38
[865] = S 22
[866] = CNOT 22 38
[867] = CNOT 22 39
[868] = Z 22
[869] = CNOT 22 39
[870] = CNOT 22 43
[871] = S 22
[872] = Z 22
[873] = CNOT 22 43
[874] = CNOT 22 45
[875] = S 22
[876] = CNOT 22 45
[877] = CNOT 23 25
[878] = S 23
[879] = Z 23
[880] = CNOT 23 25
[881] = CNOT 23 28
[882] = S 23
[883] = CNOT 23 28
[884] = CNOT 23 32
[885] = S 23
[886] = Z 23
[887] = CNOT 23 32
[888] = CNOT 23 33
[889] = S 23
[890] = Z 23
[891] = CNOT 23 33
[892] = CNOT 23 35
[893] = Z 23
[894] = CNOT 23 35
[895] = CNOT 23 36
[896] = S 23
[897] = CNOT 23 36
[898] = CNOT 23 38
[899] = S 23
[900] = CNOT 23 38
[901] = CNOT 23 40
[902] = Z 23
[903] = CNOT 23 40
[904] = CNOT 23 41
[905] = Z 23
[906] = CNOT 23 41
[907] = CNOT 23 42
[908] = S 23
[909] = Z 23
[910] = CNOT 23 42
[911] = CNOT 23 43
[912] = S 23
[913] = Z 23
[914] = CNOT 23 43
[915] = CNOT 23 45
[916] = S 23
[917] = CNOT 23 45
[918] = CNOT 23 46
[919] = S 23
[920] = Z 23
[921] = CNOT 23 46
[922] = CNOT 23 47
[923] = S 23
[924] = CNOT 23 47
[925] = CNOT 23 48
[926] = Z 23
[927] = CNOT 23 48
[928] = CNOT 23 50
[929] = S 23
[930] = CNOT 23 50
[931] = CNOT 24 25
[932] = S 24
[933] = CNOT 24 25
[934] = CNOT 24 35
[935] = Z 24
[936] = CNOT 24 35
[937] = CNOT 25 27
[938] = S 25
[939] = Z 25
[940] = CNOT 25 27
[941] = CNOT 25 28
[942] = S 25
[943] = CNOT 25 28
[944] = CNOT 25 30
[945] = S 25
[946] = Z 25
[947] = CNOT 25 30
[948] = CNOT 25 31
[949] = S 25
[950] = Z 25
[951] = CNOT 25 31
[952] = CNOT 25 32
[953] = Z 25
[954] = CNOT 25 32
[955] = CNOT 25 33
[956] = Z 25
[957] = CNOT 25 33
[958] = CNOT 25 34
[959] = S 25
[960] = CNOT 25 34
[961] = CNOT 25 35
[962] = S 25
[963] = CNOT 25 35
[964] = CNOT 25 38
[965] = Z 25
[966] = CNOT 25 38
[967] = CNOT 25 43
[968] = S 25
[969] = Z 25
[970] = CNOT 25 43
[971] = CNOT 25 44
[972] = S 25
[973] = Z 25
[974] = CNOT 25 44
[975] = CNOT 25 45
[976] = S 25
[977] = CNOT 25 45
[978] = CNOT 26 30
[979] = S 26
[980] = Z 26
[981] = CNOT 26 30
[982] = CNOT 26 31
[983] = S 26
[984] = CNOT 26 31
[985] = CNOT 27 28
[986] = S 27
[987] = CNOT 27 28
[988] = CNOT 27 30
[989] = S 27
[990] = CNOT 27 30
[991] = CNOT 27 36
[992] = S 27
[993] = Z 27
[994] = CNOT 27 36
[995] = CNOT 27 38
[996] = S 27
[997] = Z 27
[998] = CNOT 27 38
[999] = CNOT 27 43
[1000] = S 27
[1001] = Z 27
[1002] = CNOT 27 43
[1003] = CNOT 27 44
[1004] = S 27
[1005] = Z 27
[1006] = CNOT 27 44
[1007] = CNOT 28 29
[1008] = S 28
[1009] = CNOT 28 29
[1010] = CNOT 28 36
[1011] = Z 28
[1012] = CNOT 28 36
[1013] = CNOT 28 38
[1014] = Z 28
[1015] = CNOT 28 38
[1016] = CNOT 28 43
[1017] = Z 28
[1018] = CNOT 28 43
[1019] = CNOT 28 44
[1020] = Z 28
[1021] = CNOT 28 44
[1022] = CNOT 30 32
[1023] = S 30
[1024] = CNOT 30 32
[1025] = CNOT 32 33
[1026] = S 32
[1027] = Z 32
[1028] = CNOT 32 33
[1029] = CNOT 32 35
[1030] = S 32
[1031] = CNOT 32 35
[1032] = CNOT 32 43
[1033] = Z 32
[1034] = CNOT 32 43
[1035] = CNOT 32 44
[1036] = Z 32
[1037] = CNOT 32 44
[1038] = CNOT 33 34
[1039] = S 33
[1040] = CNOT 33 34
[1041] = CNOT 33 43
[1042] = Z 33
[1043] = CNOT 33 43
[1044] = CNOT 33 44
[1045] = Z 33
[1046] = CNOT 33 44
[1047] = CNOT 34 35
[1048] = S 34
[1049] = Z 34
[1050] = CNOT 34 35
[1051] = CNOT 34 37
[1052] = S 34
[1053] = CNOT 34 37
[1054] = CNOT 34 38
[1055] = S 34
[1056] = Z 34
[1057] = CNOT 34 38
[1058] = CNOT 34 43
[1059] = S 34
[1060] = CNOT 34 43
[1061] = CNOT 34 44
[1062] = S 34
[1063] = Z 34
[1064] = CNOT 34 44
[1065] = CNOT 35 36
[1066] = S 35
[1067] = CNOT 35 36
[1068] = CNOT 36 39
[1069] = S 36
[1070] = CNOT 36 39
[1071] = CNOT 37 38
[1072] = S 37
[1073] = CNOT 37 38
[1074] = CNOT 38 39
[1075] = S 38
[1076] = Z 38
[1077] = CNOT 38 39
[1078] = CNOT 38 42
[1079] = Z 38
[1080] = CNOT 38 42
[1081] = CNOT 38 43
[1082] = S 38
[1083] = Z 38
[1084] = CNOT 38 43
[1085] = CNOT 38 44
[1086] = Z 38
[1087] = CNOT 38 44
[1088] = CNOT 38 45
[1089] = Z 38
[1090] = CNOT 38 45
[1091] = CNOT 38 46
[1092] = S 38
[1093] = Z 38
[1094] = CNOT 38 46
[1095] = CNOT 38 48
[1096] = S 38
[1097] = Z 38
[1098] = CNOT 38 48
[1099] = CNOT 38 49
[1100] = Z 38
[1101] = CNOT 38 49
[1102] = CNOT 38 50
[1103] = S 38
[1104] = CNOT 38 50
[1105] = CNOT 39 40
[1106] = S 39
[1107] = CNOT 39 40
[1108] = CNOT 40 41
[1109] = Z 40
[1110] = CNOT 40 41
[1111] = CNOT 40 43
[1112] = S 40
[1113] = CNOT 40 43
[1114] = CNOT 41 42
[1115] = S 41
[1116] = CNOT 41 42
[1117] = CNOT 42 46
[1118] = S 42
[1119] = Z 42
[1120] = CNOT 42 46
[1121] = CNOT 42 48
[1122] = Z 42
[1123] = CNOT 42 48
[1124] = CNOT 42 50
[1125] = S 42
[1126] = CNOT 42 50
[1127] = CNOT 43 45
[1128] = Z 43
[1129] = CNOT 43 45
[1130] = CNOT 43 46
[1131] = S 43
[1132] = CNOT 43 46
[1133] = CNOT 44 45
[1134] = S 44
[1135] = CNOT 44 45
[1136] = CNOT 45 49
[1137] = Z 45
[1138] = CNOT 45 49
[1139] = CNOT 46 47
[1140] = S 46
[1141] = Z 46
[1142] = CNOT 46 47
[1143] = CNOT 46 48
[1144] = S 46
[1145] = Z 46
[1146] = CNOT 46 48
[1147] = CNOT 46 49
[1148] = S 46
[1149] = CNOT 46 49
[1150] = CNOT 46 50
[1151] = Z 46
[1152] = CNOT 46 50
[1153] = CNOT 47 48
[1154] = S 47
[1155] = CNOT 47 48
[1156] = CNOT 48 50
[1157] = Z 48
[1158] = CNOT 48 50
[1159] = CNOT 50 51
[1160] = S 50
[1161] = CNOT 50 51
[1162] = CNOT 9 13
[1163] = CNOT 9 18
[1164] = S 9
[1165] = Z 9
[1166] = CNOT 9 18
[1167] = CNOT 9 13
[1168] = CNOT 11 21
[1169] = CNOT 11 28
[1170] = S 11
[1171] = Z 11
[1172] = CNOT 11 21
[1173] = CNOT 11 25
[1174] = S 11
[1175] = Z 11
[1176] = CNOT 11 28
[1177] = CNOT 11 25
[1178] = CNOT 12 13
[1179] = CNOT 12 17
[1180] = S 12
[1181] = Z 12
[1182] = CNOT 12 17
[1183] = CNOT 12 18
[1184] = S 12
[1185] = Z 12
[1186] = CNOT 12 18
[1187] = CNOT 12 21
[1188] = Z 12
[1189] = CNOT 12 21
[1190] = CNOT 12 25
[1191] = S 12
[1192] = Z 12
[1193] = CNOT 12 25
[1194] = CNOT 12 31
[1195] = S 12
[1196] = Z 12
[1197] = CNOT 12 31
[1198] = CNOT 12 33
[1199] = S 12
[1200] = Z 12
[1201] = CNOT 12 13
[1202] = CNOT 12 14
[1203] = S 12
[1204] = Z 12
[1205] = CNOT 12 33
[1206] = CNOT 12 14
[1207] = CNOT 12 15
[1208] = CNOT 12 23
[1209] = S 12
[1210] = CNOT 12 23
[1211] = CNOT 12 38
[1212] = Z 12
[1213] = CNOT 12 38
[1214] = CNOT 12 41
[1215] = S 12
[1216] = Z 12
[1217] = CNOT 12 41
[1218] = CNOT 12 42
[1219] = S 12
[1220] = CNOT 12 42
[1221] = CNOT 12 48
[1222] = Z 12
[1223] = CNOT 12 48
[1224] = CNOT 12 50
[1225] = Z 12
[1226] = CNOT 12 50
[1227] = CNOT 12 15
[1228] = CNOT 12 16
[1229] = CNOT 12 22
[1230] = Z 12
[1231] = CNOT 12 22
[1232] = CNOT 12 23
[1233] = S 12
[1234] = Z 12
[1235] = CNOT 12 23
[1236] = CNOT 12 24
[1237] = S 12
[1238] = Z 12
[1239] = CNOT 12 24
[1240] = CNOT 12 25
[1241] = Z 12
[1242] = CNOT 12 25
[1243] = CNOT 12 28
[1244] = Z 12
[1245] = CNOT 12 28
[1246] = CNOT 12 30
[1247] = S 12
[1248] = Z 12
[1249] = CNOT 12 30
[1250] = CNOT 12 32
[1251] = Z 12
[1252] = CNOT 12 32
[1253] = CNOT 12 33
[1254] = Z 12
[1255] = CNOT 12 33
[1256] = CNOT 12 34
[1257] = Z 12
[1258] = CNOT 12 34
[1259] = CNOT 12 35
[1260] = Z 12
[1261] = CNOT 12 35
[1262] = CNOT 12 36
[1263] = Z 12
[1264] = CNOT 12 36
[1265] = CNOT 12 37
[1266] = Z 12
[1267] = CNOT 12 37
[1268] = CNOT 12 38
[1269] = Z 12
[1270] = CNOT 12 38
[1271] = CNOT 12 39
[1272] = S 12
[1273] = Z 12
[1274] = CNOT 12 39
[1275] = CNOT 12 40
[1276] = Z 12
[1277] = CNOT 12 40
[1278] = CNOT 12 41
[1279] = Z 12
[1280] = CNOT 12 41
[1281] = CNOT 12 44
[1282] = Z 12
[1283] = CNOT 12 44
[1284] = CNOT 12 45
[1285] = Z 12
[1286] = CNOT 12 45
[1287] = CNOT 12 49
[1288] = Z 12
[1289] = CNOT 12 49
[1290] = CNOT 12 16
[1291] = CNOT 12 17
[1292] = CNOT 12 21
[1293] = S 12
[1294] = Z 12
[1295] = CNOT 12 21
[1296] = CNOT 12 31
[1297] = S 12
[1298] = Z 12
[1299] = CNOT 12 31
[1300] = CNOT 12 17
[1301] = CNOT 12 21
[1302] = CNOT 12 25
[1303] = S 12
[1304] = Z 12
[1305] = CNOT 12 25
[1306] = CNOT 12 31
[1307] = S 12
[1308] = Z 12
[1309] = CNOT 12 31
[1310] = CNOT 12 41
[1311] = S 12
[1312] = Z 12
[1313] = CNOT 12 41
[1314] = CNOT 12 21
[1315] = CNOT 12 22
[1316] = CNOT 12 23
[1317] = S 12
[1318] = Z 12
[1319] = CNOT 12 23
[1320] = CNOT 12 24
[1321] = S 12
[1322] = Z 12
[1323] = CNOT 12 24
[1324] = CNOT 12 25
[1325] = Z 12
[1326] = CNOT 12 25
[1327] = CNOT 12 28
[1328] = Z 12
[1329] = CNOT 12 28
[1330] = CNOT 12 30
[1331] = S 12
[1332] = Z 12
[1333] = CNOT 12 30
[1334] = CNOT 12 32
[1335] = Z 12
[1336] = CNOT 12 32
[1337] = CNOT 12 33
[1338] = Z 12
[1339] = CNOT 12 33
[1340] = CNOT 12 34
[1341] = Z 12
[1342] = CNOT 12 34
[1343] = CNOT 12 35
[1344] = Z 12
[1345] = CNOT 12 35
[1346] = CNOT 12 36
[1347] = Z 12
[1348] = CNOT 12 36
[1349] = CNOT 12 37
[1350] = Z 12
[1351] = CNOT 12 37
[1352] = CNOT 12 38
[1353] = Z 12
[1354] = CNOT 12 38
[1355] = CNOT 12 39
[1356] = S 12
[1357] = Z 12
[1358] = CNOT 12 39
[1359] = CNOT 12 40
[1360] = Z 12
[1361] = CNOT 12 40
[1362] = CNOT 12 41
[1363] = Z 12
[1364] = CNOT 12 41
[1365] = CNOT 12 44
[1366] = Z 12
[1367] = CNOT 12 44
[1368] = CNOT 12 45
[1369] = Z 12
[1370] = CNOT 12 45
[1371] = CNOT 12 49
[1372] = Z 12
[1373] = CNOT 12 49
[1374] = CNOT 12 22
[1375] = CNOT 12 23
[1376] = CNOT 12 27
[1377] = Z 12
[1378] = CNOT 12 27
[1379] = CNOT 12 28
[1380] = S 12
[1381] = Z 12
[1382] = CNOT 12 28
[1383] = CNOT 12 32
[1384] = S 12
[1385] = Z 12
[1386] = CNOT 12 32
[1387] = CNOT 12 33
[1388] = S 12
[1389] = Z 12
[1390] = CNOT 12 33
[1391] = CNOT 12 35
[1392] = S 12
[1393] = Z 12
[1394] = CNOT 12 35
[1395] = CNOT 12 36
[1396] = S 12
[1397] = CNOT 12 36
[1398] = CNOT 12 37
[1399] = S 12
[1400] = Z 12
[1401] = CNOT 12 37
[1402] = CNOT 12 38
[1403] = Z 12
[1404] = CNOT 12 38
[1405] = CNOT 12 40
[1406] = S 12
[1407] = Z 12
[1408] = CNOT 12 40
[1409] = CNOT 12 41
[1410] = S 12
[1411] = Z 12
[1412] = CNOT 12 41
[1413] = CNOT 12 42
[1414] = S 12
[1415] = CNOT 12 42
[1416] = CNOT 12 43
[1417] = Z 12
[1418] = CNOT 12 43
[1419] = CNOT 12 44
[1420] = S 12
[1421] = Z 12
[1422] = CNOT 12 44
[1423] = CNOT 12 45
[1424] = Z 12
[1425] = CNOT 12 45
[1426] = CNOT 12 46
[1427] = Z 12
[1428] = CNOT 12 46
[1429] = CNOT 12 47
[1430] = S 12
[1431] = Z 12
[1432] = CNOT 12 47
[1433] = CNOT 12 48
[1434] = S 12
[1435] = Z 12
[1436] = CNOT 12 48
[1437] = CNOT 12 49
[1438] = Z 12
[1439] = CNOT 12 49
[1440] = CNOT 12 50
[1441] = S 12
[1442] = Z 12
[1443] = CNOT 12 50
[1444] = CNOT 12 23
[1445] = CNOT 12 24
[1446] = CNOT 12 35
[1447] = S 12
[1448] = Z 12
[1449] = CNOT 12 35
[1450] = CNOT 12 24
[1451] = CNOT 12 25
[1452] = CNOT 12 28
[1453] = Z 12
[1454] = CNOT 12 28
[1455] = CNOT 12 32
[1456] = Z 12
[1457] = CNOT 12 32
[1458] = CNOT 12 33
[1459] = Z 12
[1460] = CNOT 12 33
[1461] = CNOT 12 35
[1462] = S 12
[1463] = CNOT 12 35
[1464] = CNOT 12 36
[1465] = Z 12
[1466] = CNOT 12 36
[1467] = CNOT 12 37
[1468] = Z 12
[1469] = CNOT 12 37
[1470] = CNOT 12 38
[1471] = S 12
[1472] = Z 12
[1473] = CNOT 12 38
[1474] = CNOT 12 40
[1475] = Z 12
[1476] = CNOT 12 40
[1477] = CNOT 12 41
[1478] = Z 12
[1479] = CNOT 12 41
[1480] = CNOT 12 43
[1481] = S 12
[1482] = CNOT 12 43
[1483] = CNOT 12 44
[1484] = Z 12
[1485] = CNOT 12 44
[1486] = CNOT 12 45
[1487] = Z 12
[1488] = CNOT 12 45
[1489] = CNOT 12 49
[1490] = Z 12
[1491] = CNOT 12 49
[1492] = CNOT 12 25
[1493] = CNOT 12 27
[1494] = CNOT 12 28
[1495] = S 12
[1496] = Z 12
[1497] = CNOT 12 28
[1498] = CNOT 12 40
[1499] = Z 12
[1500] = CNOT 12 40
[1501] = CNOT 12 41
[1502] = Z 12
[1503] = CNOT 12 41
[1504] = CNOT 12 27
[1505] = CNOT 12 28
[1506] = CNOT 12 36
[1507] = Z 12
[1508] = CNOT 12 36
[1509] = CNOT 12 38
[1510] = Z 12
[1511] = CNOT 12 38
[1512] = CNOT 12 43
[1513] = Z 12
[1514] = CNOT 12 43
[1515] = CNOT 12 44
[1516] = Z 12
[1517] = CNOT 12 44
[1518] = CNOT 12 28
[1519] = CNOT 12 32
[1520] = CNOT 12 33
[1521] = S 12
[1522] = Z 12
[1523] = CNOT 12 33
[1524] = CNOT 12 43
[1525] = Z 12
[1526] = CNOT 12 43
[1527] = CNOT 12 44
[1528] = Z 12
[1529] = CNOT 12 44
[1530] = CNOT 12 32
[1531] = CNOT 12 33
[1532] = CNOT 12 43
[1533] = Z 12
[1534] = CNOT 12 43
[1535] = CNOT 12 44
[1536] = Z 12
[1537] = CNOT 12 44
[1538] = CNOT 12 33
[1539] = CNOT 12 34
[1540] = CNOT 12 38
[1541] = S 12
[1542] = Z 12
[1543] = CNOT 12 38
[1544] = CNOT 12 43
[1545] = S 12
[1546] = Z 12
[1547] = CNOT 12 43
[1548] = CNOT 12 34
[1549] = CNOT 12 36
[1550] = CNOT 12 37
[1551] = S 12
[1552] = Z 12
[1553] = CNOT 12 37
[1554] = CNOT 12 38
[1555] = Z 12
[1556] = CNOT 12 38
[1557] = CNOT 12 40
[1558] = Z 12
[1559] = CNOT 12 40
[1560] = CNOT 12 41
[1561] = Z 12
[1562] = CNOT 12 41
[1563] = CNOT 12 43
[1564] = Z 12
[1565] = CNOT 12 43
[1566] = CNOT 12 44
[1567] = Z 12
[1568] = CNOT 12 44
[1569] = CNOT 12 36
[1570] = CNOT 12 37
[1571] = CNOT 12 38
[1572] = Z 12
[1573] = CNOT 12 38
[1574] = CNOT 12 43
[1575] = Z 12
[1576] = CNOT 12 43
[1577] = CNOT 12 44
[1578] = Z 12
[1579] = CNOT 12 44
[1580] = CNOT 12 37
[1581] = CNOT 12 38
[1582] = CNOT 12 39
[1583] = S 12
[1584] = Z 12
[1585] = CNOT 12 39
[1586] = CNOT 12 40
[1587] = Z 12
[1588] = CNOT 12 40
[1589] = CNOT 12 41
[1590] = Z 12
[1591] = CNOT 12 41
[1592] = CNOT 12 42
[1593] = S 12
[1594] = Z 12
[1595] = CNOT 12 42
[1596] = CNOT 12 44
[1597] = S 12
[1598] = CNOT 12 44
[1599] = CNOT 12 45
[1600] = S 12
[1601] = Z 12
[1602] = CNOT 12 45
[1603] = CNOT 12 46
[1604] = Z 12
[1605] = CNOT 12 46
[1606] = CNOT 12 48
[1607] = Z 12
[1608] = CNOT 12 48
[1609] = CNOT 12 49
[1610] = S 12
[1611] = Z 12
[1612] = CNOT 12 49
[1613] = CNOT 12 50
[1614] = S 12
[1615] = Z 12
[1616] = CNOT 12 50
[1617] = CNOT 12 38
[1618] = CNOT 12 40
[1619] = CNOT 12 41
[1620] = S 12
[1621] = Z 12
[1622] = CNOT 12 41
[1623] = CNOT 12 43
[1624] = Z 12
[1625] = CNOT 12 43
[1626] = CNOT 12 44
[1627] = Z 12
[1628] = CNOT 12 44
[1629] = CNOT 12 40
[1630] = CNOT 12 41
[1631] = CNOT 12 43
[1632] = Z 12
[1633] = CNOT 12 43
[1634] = CNOT 12 44
[1635] = Z 12
[1636] = CNOT 12 44
[1637] = CNOT 12 41
[1638] = CNOT 12 42
[1639] = CNOT 12 46
[1640] = Z 12
[1641] = CNOT 12 46
[1642] = CNOT 12 47
[1643] = S 12
[1644] = Z 12
[1645] = CNOT 12 47
[1646] = CNOT 12 48
[1647] = S 12
[1648] = Z 12
[1649] = CNOT 12 48
[1650] = CNOT 12 50
[1651] = S 12
[1652] = Z 12
[1653] = CNOT 12 50
[1654] = CNOT 12 42
[1655] = CNOT 12 43
[1656] = CNOT 12 44
[1657] = Z 12
[1658] = CNOT 12 44
[1659] = CNOT 12 45
[1660] = S 12
[1661] = Z 12
[1662] = CNOT 12 43
[1663] = CNOT 12 49
[1664] = S 12
[1665] = Z 12
[1666] = CNOT 12 49
[1667] = CNOT 12 45
[1668] = CNOT 12 46
[1669] = CNOT 12 47
[1670] = S 12
[1671] = Z 12
[1672] = CNOT 12 47
[1673] = CNOT 12 48
[1674] = Z 12
[1675] = CNOT 12 48
[1676] = CNOT 12 50
[1677] = Z 12
[1678] = CNOT 12 46
[1679] = CNOT 12 48
[1680] = S 12
[1681] = Z 12
[1682] = CNOT 12 50
[1683] = CNOT 12 48
[1684] = CNOT 13 14
[1685] = CNOT 13 18
[1686] = S 13
[1687] = Z 13
[1688] = CNOT 13 18
[1689] = CNOT 13 33
[1690] = S 13
[1691] = Z 13
[1692] = CNOT 13 33
[1693] = CNOT 13 14
[1694] = CNOT 13 17
[1695] = CNOT 13 21
[1696] = S 13
[1697] = Z 13
[1698] = CNOT 13 21
[1699] = CNOT 13 31
[1700] = S 13
[1701] = Z 13
[1702] = CNOT 13 31
[1703] = CNOT 13 17
[1704] = CNOT 13 18
[1705] = CNOT 13 21
[1706] = S 13
[1707] = Z 13
[1708] = CNOT 13 18
[1709] = CNOT 13 25
[1710] = S 13
[1711] = Z 13
[1712] = CNOT 13 25
[1713] = CNOT 13 31
[1714] = S 13
[1715] = Z 13
[1716] = CNOT 13 31
[1717] = CNOT 13 21
[1718] = CNOT 14 17
[1719] = CNOT 14 21
[1720] = S 14
[1721] = Z 14
[1722] = CNOT 14 21
[1723] = CNOT 14 31
[1724] = S 14
[1725] = Z 14
[1726] = CNOT 14 17
[1727] = CNOT 14 21
[1728] = S 14
[1729] = Z 14
[1730] = CNOT 14 31
[1731] = CNOT 14 21
[1732] = CNOT 15 16
[1733] = CNOT 15 23
[1734] = S 15
[1735] = Z 15
[1736] = CNOT 15 23
[1737] = CNOT 15 24
[1738] = S 15
[1739] = Z 15
[1740] = CNOT 15 24
[1741] = CNOT 15 25
[1742] = S 15
[1743] = Z 15
[1744] = CNOT 15 25
[1745] = CNOT 15 30
[1746] = S 15
[1747] = Z 15
[1748] = CNOT 15 30
[1749] = CNOT 15 34
[1750] = S 15
[1751] = Z 15
[1752] = CNOT 15 34
[1753] = CNOT 15 35
[1754] = Z 15
[1755] = CNOT 15 35
[1756] = CNOT 15 39
[1757] = S 15
[1758] = Z 15
[1759] = CNOT 15 39
[1760] = CNOT 15 16
[1761] = CNOT 15 21
[1762] = CNOT 15 22
[1763] = S 15
[1764] = Z 15
[1765] = CNOT 15 22
[1766] = CNOT 15 23
[1767] = S 15
[1768] = Z 15
[1769] = CNOT 15 23
[1770] = CNOT 15 24
[1771] = S 15
[1772] = Z 15
[1773] = CNOT 15 24
[1774] = CNOT 15 25
[1775] = S 15
[1776] = Z 15
[1777] = CNOT 15 25
[1778] = CNOT 15 26
[1779] = S 15
[1780] = Z 15
[1781] = CNOT 15 26
[1782] = CNOT 15 30
[1783] = S 15
[1784] = Z 15
[1785] = CNOT 15 30
[1786] = CNOT 15 34
[1787] = S 15
[1788] = Z 15
[1789] = CNOT 15 34
[1790] = CNOT 15 35
[1791] = Z 15
[1792] = CNOT 15 35
[1793] = CNOT 15 39
[1794] = S 15
[1795] = Z 15
[1796] = CNOT 15 39
[1797] = CNOT 15 41
[1798] = S 15
[1799] = Z 15
[1800] = CNOT 15 41
[1801] = CNOT 15 21
[1802] = CNOT 15 22
[1803] = CNOT 15 23
[1804] = S 15
[1805] = Z 15
[1806] = CNOT 15 23
[1807] = CNOT 15 24
[1808] = S 15
[1809] = Z 15
[1810] = CNOT 15 24
[1811] = CNOT 15 25
[1812] = S 15
[1813] = Z 15
[1814] = CNOT 15 25
[1815] = CNOT 15 26
[1816] = S 15
[1817] = Z 15
[1818] = CNOT 15 26
[1819] = CNOT 15 30
[1820] = S 15
[1821] = Z 15
[1822] = CNOT 15 30
[1823] = CNOT 15 34
[1824] = S 15
[1825] = Z 15
[1826] = CNOT 15 34
[1827] = CNOT 15 35
[1828] = Z 15
[1829] = CNOT 15 35
[1830] = CNOT 15 39
[1831] = S 15
[1832] = Z 15
[1833] = CNOT 15 39
[1834] = CNOT 15 22
[1835] = CNOT 15 23
[1836] = CNOT 15 35
[1837] = S 15
[1838] = Z 15
[1839] = CNOT 15 35
[1840] = CNOT 15 38
[1841] = S 15
[1842] = Z 15
[1843] = CNOT 15 38
[1844] = CNOT 15 42
[1845] = S 15
[1846] = CNOT 15 42
[1847] = CNOT 15 46
[1848] = Z 15
[1849] = CNOT 15 46
[1850] = CNOT 15 47
[1851] = S 15
[1852] = Z 15
[1853] = CNOT 15 47
[1854] = CNOT 15 48
[1855] = S 15
[1856] = Z 15
[1857] = CNOT 15 48
[1858] = CNOT 15 50
[1859] = S 15
[1860] = Z 15
[1861] = CNOT 15 50
[1862] = CNOT 15 23
[1863] = CNOT 15 24
[1864] = CNOT 15 35
[1865] = S 15
[1866] = Z 15
[1867] = CNOT 15 24
[1868] = CNOT 15 25
[1869] = S 15
[1870] = CNOT 15 35
[1871] = CNOT 15 25
[1872] = CNOT 15 38
[1873] = CNOT 15 42
[1874] = S 15
[1875] = Z 15
[1876] = CNOT 15 42
[1877] = CNOT 15 46
[1878] = Z 15
[1879] = CNOT 15 46
[1880] = CNOT 15 48
[1881] = Z 15
[1882] = CNOT 15 48
[1883] = CNOT 15 50
[1884] = S 15
[1885] = Z 15
[1886] = CNOT 15 50
[1887] = CNOT 15 38
[1888] = CNOT 15 42
[1889] = CNOT 15 46
[1890] = Z 15
[1891] = CNOT 15 46
[1892] = CNOT 15 47
[1893] = S 15
[1894] = Z 15
[1895] = CNOT 15 47
[1896] = CNOT 15 48
[1897] = S 15
[1898] = Z 15
[1899] = CNOT 15 48
[1900] = CNOT 15 50
[1901] = S 15
[1902] = Z 15
[1903] = CNOT 15 50
[1904] = CNOT 15 42
[1905] = CNOT 15 46
[1906] = CNOT 15 47
[1907] = S 15
[1908] = Z 15
[1909] = CNOT 15 47
[1910] = CNOT 15 48
[1911] = Z 15
[1912] = CNOT 15 48
[1913] = CNOT 15 50
[1914] = Z 15
[1915] = CNOT 15 46
[1916] = CNOT 15 48
[1917] = S 15
[1918] = Z 15
[1919] = CNOT 15 50
[1920] = CNOT 15 48
[1921] = CNOT 16 21
[1922] = CNOT 16 23
[1923] = S 16
[1924] = Z 16
[1925] = CNOT 16 23
[1926] = CNOT 16 24
[1927] = S 16
[1928] = Z 16
[1929] = CNOT 16 24
[1930] = CNOT 16 25
[1931] = S 16
[1932] = Z 16
[1933] = CNOT 16 25
[1934] = CNOT 16 30
[1935] = S 16
[1936] = Z 16
[1937] = CNOT 16 30
[1938] = CNOT 16 34
[1939] = S 16
[1940] = Z 16
[1941] = CNOT 16 34
[1942] = CNOT 16 35
[1943] = Z 16
[1944] = CNOT 16 35
[1945] = CNOT 16 39
[1946] = S 16
[1947] = Z 16
[1948] = CNOT 16 39
[1949] = CNOT 16 21
[1950] = CNOT 16 22
[1951] = CNOT 16 23
[1952] = Z 16
[1953] = CNOT 16 23
[1954] = CNOT 16 24
[1955] = Z 16
[1956] = CNOT 16 24
[1957] = CNOT 16 25
[1958] = S 16
[1959] = CNOT 16 25
[1960] = CNOT 16 26
[1961] = S 16
[1962] = Z 16
[1963] = CNOT 16 26
[1964] = CNOT 16 28
[1965] = Z 16
[1966] = CNOT 16 28
[1967] = CNOT 16 30
[1968] = Z 16
[1969] = CNOT 16 30
[1970] = CNOT 16 32
[1971] = Z 16
[1972] = CNOT 16 32
[1973] = CNOT 16 33
[1974] = Z 16
[1975] = CNOT 16 33
[1976] = CNOT 16 34
[1977] = S 16
[1978] = CNOT 16 34
[1979] = CNOT 16 36
[1980] = Z 16
[1981] = CNOT 16 36
[1982] = CNOT 16 37
[1983] = Z 16
[1984] = CNOT 16 37
[1985] = CNOT 16 38
[1986] = Z 16
[1987] = CNOT 16 38
[1988] = CNOT 16 39
[1989] = Z 16
[1990] = CNOT 16 39
[1991] = CNOT 16 40
[1992] = Z 16
[1993] = CNOT 16 40
[1994] = CNOT 16 41
[1995] = Z 16
[1996] = CNOT 16 41
[1997] = CNOT 16 44
[1998] = Z 16
[1999] = CNOT 16 44
[2000] = CNOT 16 45
[2001] = Z 16
[2002] = CNOT 16 45
[2003] = CNOT 16 49
[2004] = Z 16
[2005] = CNOT 16 49
[2006] = CNOT 16 22
[2007] = CNOT 16 23
[2008] = CNOT 16 24
[2009] = S 16
[2010] = Z 16
[2011] = CNOT 16 24
[2012] = CNOT 16 27
[2013] = Z 16
[2014] = CNOT 16 27
[2015] = CNOT 16 28
[2016] = S 16
[2017] = Z 16
[2018] = CNOT 16 28
[2019] = CNOT 16 32
[2020] = S 16
[2021] = Z 16
[2022] = CNOT 16 32
[2023] = CNOT 16 33
[2024] = S 16
[2025] = Z 16
[2026] = CNOT 16 33
[2027] = CNOT 16 35
[2028] = Z 16
[2029] = CNOT 16 35
[2030] = CNOT 16 36
[2031] = S 16
[2032] = CNOT 16 36
[2033] = CNOT 16 37
[2034] = S 16
[2035] = Z 16
[2036] = CNOT 16 37
[2037] = CNOT 16 38
[2038] = S 16
[2039] = Z 16
[2040] = CNOT 16 38
[2041] = CNOT 16 40
[2042] = S 16
[2043] = Z 16
[2044] = CNOT 16 40
[2045] = CNOT 16 41
[2046] = S 16
[2047] = Z 16
[2048] = CNOT 16 41
[2049] = CNOT 16 43
[2050] = Z 16
[2051] = CNOT 16 43
[2052] = CNOT 16 44
[2053] = S 16
[2054] = Z 16
[2055] = CNOT 16 44
[2056] = CNOT 16 45
[2057] = Z 16
[2058] = CNOT 16 45
[2059] = CNOT 16 49
[2060] = Z 16
[2061] = CNOT 16 49
[2062] = CNOT 16 23
[2063] = CNOT 16 24
[2064] = CNOT 16 35
[2065] = Z 16
[2066] = CNOT 16 35
[2067] = CNOT 16 24
[2068] = CNOT 16 25
[2069] = CNOT 16 28
[2070] = Z 16
[2071] = CNOT 16 28
[2072] = CNOT 16 30
[2073] = S 16
[2074] = Z 16
[2075] = CNOT 16 30
[2076] = CNOT 16 32
[2077] = Z 16
[2078] = CNOT 16 32
[2079] = CNOT 16 33
[2080] = Z 16
[2081] = CNOT 16 33
[2082] = CNOT 16 36
[2083] = Z 16
[2084] = CNOT 16 36
[2085] = CNOT 16 37
[2086] = Z 16
[2087] = CNOT 16 37
[2088] = CNOT 16 38
[2089] = S 16
[2090] = Z 16
[2091] = CNOT 16 38
[2092] = CNOT 16 39
[2093] = S 16
[2094] = Z 16
[2095] = CNOT 16 39
[2096] = CNOT 16 40
[2097] = Z 16
[2098] = CNOT 16 40
[2099] = CNOT 16 41
[2100] = Z 16
[2101] = CNOT 16 41
[2102] = CNOT 16 43
[2103] = S 16
[2104] = CNOT 16 43
[2105] = CNOT 16 44
[2106] = Z 16
[2107] = CNOT 16 44
[2108] = CNOT 16 45
[2109] = Z 16
[2110] = CNOT 16 45
[2111] = CNOT 16 49
[2112] = Z 16
[2113] = CNOT 16 49
[2114] = CNOT 16 25
[2115] = CNOT 16 26
[2116] = CNOT 16 30
[2117] = S 16
[2118] = Z 16
[2119] = CNOT 16 30
[2120] = CNOT 16 26
[2121] = CNOT 16 27
[2122] = CNOT 16 28
[2123] = S 16
[2124] = Z 16
[2125] = CNOT 16 28
[2126] = CNOT 16 40
[2127] = Z 16
[2128] = CNOT 16 40
[2129] = CNOT 16 41
[2130] = Z 16
[2131] = CNOT 16 41
[2132] = CNOT 16 27
[2133] = CNOT 16 28
[2134] = CNOT 16 36
[2135] = Z 16
[2136] = CNOT 16 36
[2137] = CNOT 16 38
[2138] = Z 16
[2139] = CNOT 16 38
[2140] = CNOT 16 43
[2141] = Z 16
[2142] = CNOT 16 43
[2143] = CNOT 16 44
[2144] = Z 16
[2145] = CNOT 16 44
[2146] = CNOT 16 28
[2147] = CNOT 16 32
[2148] = CNOT 16 33
[2149] = S 16
[2150] = Z 16
[2151] = CNOT 16 33
[2152] = CNOT 16 43
[2153] = Z 16
[2154] = CNOT 16 43
[2155] = CNOT 16 44
[2156] = Z 16
[2157] = CNOT 16 44
[2158] = CNOT 16 32
[2159] = CNOT 16 33
[2160] = CNOT 16 43
[2161] = Z 16
[2162] = CNOT 16 43
[2163] = CNOT 16 44
[2164] = Z 16
[2165] = CNOT 16 44
[2166] = CNOT 16 33
[2167] = CNOT 16 34
[2168] = CNOT 16 35
[2169] = S 16
[2170] = Z 16
[2171] = CNOT 16 35
[2172] = CNOT 16 38
[2173] = S 16
[2174] = Z 16
[2175] = CNOT 16 38
[2176] = CNOT 16 39
[2177] = S 16
[2178] = Z 16
[2179] = CNOT 16 39
[2180] = CNOT 16 43
[2181] = S 16
[2182] = Z 16
[2183] = CNOT 16 43
[2184] = CNOT 16 34
[2185] = CNOT 16 36
[2186] = CNOT 16 37
[2187] = S 16
[2188] = Z 16
[2189] = CNOT 16 37
[2190] = CNOT 16 38
[2191] = Z 16
[2192] = CNOT 16 38
[2193] = CNOT 16 40
[2194] = Z 16
[2195] = CNOT 16 40
[2196] = CNOT 16 41
[2197] = Z 16
[2198] = CNOT 16 41
[2199] = CNOT 16 43
[2200] = Z 16
[2201] = CNOT 16 43
[2202] = CNOT 16 44
[2203] = Z 16
[2204] = CNOT 16 44
[2205] = CNOT 16 36
[2206] = CNOT 16 37
[2207] = CNOT 16 38
[2208] = Z 16
[2209] = CNOT 16 38
[2210] = CNOT 16 43
[2211] = Z 16
[2212] = CNOT 16 43
[2213] = CNOT 16 44
[2214] = Z 16
[2215] = CNOT 16 44
[2216] = CNOT 16 37
[2217] = CNOT 16 38
[2218] = CNOT 16 39
[2219] = S 16
[2220] = Z 16
[2221] = CNOT 16 39
[2222] = CNOT 16 40
[2223] = Z 16
[2224] = CNOT 16 40
[2225] = CNOT 16 41
[2226] = Z 16
[2227] = CNOT 16 41
[2228] = CNOT 16 44
[2229] = S 16
[2230] = CNOT 16 44
[2231] = CNOT 16 45
[2232] = S 16
[2233] = Z 16
[2234] = CNOT 16 45
[2235] = CNOT 16 49
[2236] = S 16
[2237] = Z 16
[2238] = CNOT 16 49
[2239] = CNOT 16 38
[2240] = CNOT 16 40
[2241] = CNOT 16 41
[2242] = S 16
[2243] = Z 16
[2244] = CNOT 16 41
[2245] = CNOT 16 43
[2246] = Z 16
[2247] = CNOT 16 43
[2248] = CNOT 16 44
[2249] = Z 16
[2250] = CNOT 16 44
[2251] = CNOT 16 40
[2252] = CNOT 16 41
[2253] = CNOT 16 43
[2254] = Z 16
[2255] = CNOT 16 43
[2256] = CNOT 16 44
[2257] = Z 16
[2258] = CNOT 16 41
[2259] = CNOT 16 43
[2260] = Z 16
[2261] = CNOT 16 44
[2262] = CNOT 16 45
[2263] = S 16
[2264] = Z 16
[2265] = CNOT 16 43
[2266] = CNOT 16 49
[2267] = S 16
[2268] = Z 16
[2269] = CNOT 16 45
[2270] = CNOT 17 21
[2271] = CNOT 17 25
[2272] = S 17
[2273] = Z 17
[2274] = CNOT 17 25
[2275] = CNOT 17 31
[2276] = Z 17
[2277] = CNOT 17 21
[2278] = CNOT 17 25
[2279] = S 17
[2280] = Z 17
[2281] = CNOT 17 25
[2282] = CNOT 21 22
[2283] = CNOT 21 23
[2284] = S 21
[2285] = Z 21
[2286] = CNOT 21 23
[2287] = CNOT 21 24
[2288] = S 21
[2289] = Z 21
[2290] = CNOT 21 24
[2291] = CNOT 21 25
[2292] = S 21
[2293] = Z 21
[2294] = CNOT 21 25
[2295] = CNOT 21 26
[2296] = S 21
[2297] = Z 21
[2298] = CNOT 21 26
[2299] = CNOT 21 30
[2300] = S 21
[2301] = Z 21
[2302] = CNOT 21 30
[2303] = CNOT 21 34
[2304] = S 21
[2305] = Z 21
[2306] = CNOT 21 34
[2307] = CNOT 21 35
[2308] = Z 21
[2309] = CNOT 21 35
[2310] = CNOT 21 39
[2311] = S 21
[2312] = Z 21
[2313] = CNOT 21 39
[2314] = CNOT 21 22
[2315] = CNOT 21 23
[2316] = CNOT 21 35
[2317] = S 21
[2318] = Z 21
[2319] = CNOT 21 23
[2320] = CNOT 21 24
[2321] = S 21
[2322] = Z 21
[2323] = CNOT 21 35
[2324] = CNOT 21 24
[2325] = CNOT 21 25
[2326] = CNOT 21 28
[2327] = S 21
[2328] = Z 21
[2329] = CNOT 21 28
[2330] = CNOT 21 31
[2331] = S 21
[2332] = Z 21
[2333] = CNOT 21 31
[2334] = CNOT 21 35
[2335] = S 21
[2336] = CNOT 21 35
[2337] = CNOT 21 25
[2338] = CNOT 22 23
[2339] = CNOT 22 24
[2340] = S 22
[2341] = Z 22
[2342] = CNOT 22 24
[2343] = CNOT 22 27
[2344] = Z 22
[2345] = CNOT 22 27
[2346] = CNOT 22 28
[2347] = S 22
[2348] = Z 22
[2349] = CNOT 22 28
[2350] = CNOT 22 32
[2351] = S 22
[2352] = Z 22
[2353] = CNOT 22 32
[2354] = CNOT 22 33
[2355] = S 22
[2356] = Z 22
[2357] = CNOT 22 33
[2358] = CNOT 22 35
[2359] = Z 22
[2360] = CNOT 22 35
[2361] = CNOT 22 36
[2362] = S 22
[2363] = CNOT 22 36
[2364] = CNOT 22 37
[2365] = S 22
[2366] = Z 22
[2367] = CNOT 22 37
[2368] = CNOT 22 38
[2369] = S 22
[2370] = Z 22
[2371] = CNOT 22 38
[2372] = CNOT 22 40
[2373] = S 22
[2374] = Z 22
[2375] = CNOT 22 40
[2376] = CNOT 22 41
[2377] = S 22
[2378] = Z 22
[2379] = CNOT 22 41
[2380] = CNOT 22 43
[2381] = Z 22
[2382] = CNOT 22 43
[2383] = CNOT 22 44
[2384] = S 22
[2385] = Z 22
[2386] = CNOT 22 44
[2387] = CNOT 22 45
[2388] = Z 22
[2389] = CNOT 22 45
[2390] = CNOT 22 49
[2391] = Z 22
[2392] = CNOT 22 49
[2393] = CNOT 22 23
[2394] = CNOT 22 24
[2395] = CNOT 22 35
[2396] = Z 22
[2397] = CNOT 22 35
[2398] = CNOT 22 24
[2399] = CNOT 22 25
[2400] = CNOT 22 28
[2401] = Z 22
[2402] = CNOT 22 28
[2403] = CNOT 22 30
[2404] = S 22
[2405] = Z 22
[2406] = CNOT 22 30
[2407] = CNOT 22 32
[2408] = Z 22
[2409] = CNOT 22 32
[2410] = CNOT 22 33
[2411] = Z 22
[2412] = CNOT 22 33
[2413] = CNOT 22 36
[2414] = Z 22
[2415] = CNOT 22 36
[2416] = CNOT 22 37
[2417] = Z 22
[2418] = CNOT 22 37
[2419] = CNOT 22 38
[2420] = S 22
[2421] = Z 22
[2422] = CNOT 22 38
[2423] = CNOT 22 39
[2424] = S 22
[2425] = Z 22
[2426] = CNOT 22 39
[2427] = CNOT 22 40
[2428] = Z 22
[2429] = CNOT 22 40
[2430] = CNOT 22 41
[2431] = Z 22
[2432] = CNOT 22 41
[2433] = CNOT 22 43
[2434] = S 22
[2435] = CNOT 22 43
[2436] = CNOT 22 44
[2437] = Z 22
[2438] = CNOT 22 44
[2439] = CNOT 22 45
[2440] = Z 22
[2441] = CNOT 22 45
[2442] = CNOT 22 49
[2443] = Z 22
[2444] = CNOT 22 49
[2445] = CNOT 22 25
[2446] = CNOT 22 26
[2447] = CNOT 22 30
[2448] = S 22
[2449] = Z 22
[2450] = CNOT 22 30
[2451] = CNOT 22 26
[2452] = CNOT 22 27
[2453] = CNOT 22 28
[2454] = S 22
[2455] = Z 22
[2456] = CNOT 22 28
[2457] = CNOT 22 40
[2458] = Z 22
[2459] = CNOT 22 40
[2460] = CNOT 22 41
[2461] = Z 22
[2462] = CNOT 22 41
[2463] = CNOT 22 27
[2464] = CNOT 22 28
[2465] = CNOT 22 36
[2466] = Z 22
[2467] = CNOT 22 36
[2468] = CNOT 22 38
[2469] = Z 22
[2470] = CNOT 22 38
[2471] = CNOT 22 43
[2472] = Z 22
[2473] = CNOT 22 43
[2474] = CNOT 22 44
[2475] = Z 22
[2476] = CNOT 22 44
[2477] = CNOT 22 28
[2478] = CNOT 22 32
[2479] = CNOT 22 33
[2480] = S 22
[2481] = Z 22
[2482] = CNOT 22 33
[2483] = CNOT 22 43
[2484] = Z 22
[2485] = CNOT 22 43
[2486] = CNOT 22 44
[2487] = Z 22
[2488] = CNOT 22 44
[2489] = CNOT 22 32
[2490] = CNOT 22 33
[2491] = CNOT 22 43
[2492] = Z 22
[2493] = CNOT 22 43
[2494] = CNOT 22 44
[2495] = Z 22
[2496] = CNOT 22 44
[2497] = CNOT 22 33
[2498] = CNOT 22 34
[2499] = CNOT 22 35
[2500] = S 22
[2501] = Z 22
[2502] = CNOT 22 35
[2503] = CNOT 22 38
[2504] = S 22
[2505] = Z 22
[2506] = CNOT 22 38
[2507] = CNOT 22 39
[2508] = S 22
[2509] = Z 22
[2510] = CNOT 22 39
[2511] = CNOT 22 43
[2512] = S 22
[2513] = Z 22
[2514] = CNOT 22 43
[2515] = CNOT 22 34
[2516] = CNOT 22 36
[2517] = CNOT 22 37
[2518] = S 22
[2519] = Z 22
[2520] = CNOT 22 37
[2521] = CNOT 22 38
[2522] = Z 22
[2523] = CNOT 22 38
[2524] = CNOT 22 40
[2525] = Z 22
[2526] = CNOT 22 40
[2527] = CNOT 22 41
[2528] = Z 22
[2529] = CNOT 22 41
[2530] = CNOT 22 43
[2531] = Z 22
[2532] = CNOT 22 43
[2533] = CNOT 22 44
[2534] = Z 22
[2535] = CNOT 22 44
[2536] = CNOT 22 36
[2537] = CNOT 22 37
[2538] = CNOT 22 38
[2539] = Z 22
[2540] = CNOT 22 38
[2541] = CNOT 22 43
[2542] = Z 22
[2543] = CNOT 22 43
[2544] = CNOT 22 44
[2545] = Z 22
[2546] = CNOT 22 44
[2547] = CNOT 22 37
[2548] = CNOT 22 38
[2549] = CNOT 22 39
[2550] = S 22
[2551] = Z 22
[2552] = CNOT 22 39
[2553] = CNOT 22 40
[2554] = Z 22
[2555] = CNOT 22 40
[2556] = CNOT 22 41
[2557] = Z 22
[2558] = CNOT 22 41
[2559] = CNOT 22 44
[2560] = S 22
[2561] = CNOT 22 44
[2562] = CNOT 22 45
[2563] = S 22
[2564] = Z 22
[2565] = CNOT 22 45
[2566] = CNOT 22 49
[2567] = S 22
[2568] = Z 22
[2569] = CNOT 22 49
[2570] = CNOT 22 38
[2571] = CNOT 22 40
[2572] = CNOT 22 41
[2573] = S 22
[2574] = Z 22
[2575] = CNOT 22 41
[2576] = CNOT 22 43
[2577] = Z 22
[2578] = CNOT 22 43
[2579] = CNOT 22 44
[2580] = Z 22
[2581] = CNOT 22 44
[2582] = CNOT 22 40
[2583] = CNOT 22 41
[2584] = CNOT 22 43
[2585] = Z 22
[2586] = CNOT 22 43
[2587] = CNOT 22 44
[2588] = Z 22
[2589] = CNOT 22 41
[2590] = CNOT 22 43
[2591] = Z 22
[2592] = CNOT 22 44
[2593] = CNOT 22 45
[2594] = S 22
[2595] = Z 22
[2596] = CNOT 22 43
[2597] = CNOT 22 49
[2598] = S 22
[2599] = Z 22
[2600] = CNOT 22 49
[2601] = CNOT 22 45
[2602] = CNOT 23 24
[2603] = CNOT 23 35
[2604] = S 23
[2605] = Z 23
[2606] = CNOT 23 35
[2607] = CNOT 23 24
[2608] = CNOT 23 25
[2609] = CNOT 23 27
[2610] = Z 23
[2611] = CNOT 23 27
[2612] = CNOT 23 28
[2613] = S 23
[2614] = Z 23
[2615] = CNOT 23 28
[2616] = CNOT 23 32
[2617] = S 23
[2618] = Z 23
[2619] = CNOT 23 32
[2620] = CNOT 23 33
[2621] = S 23
[2622] = Z 23
[2623] = CNOT 23 33
[2624] = CNOT 23 36
[2625] = S 23
[2626] = CNOT 23 36
[2627] = CNOT 23 37
[2628] = S 23
[2629] = Z 23
[2630] = CNOT 23 37
[2631] = CNOT 23 38
[2632] = S 23
[2633] = Z 23
[2634] = CNOT 23 38
[2635] = CNOT 23 40
[2636] = S 23
[2637] = Z 23
[2638] = CNOT 23 40
[2639] = CNOT 23 41
[2640] = S 23
[2641] = Z 23
[2642] = CNOT 23 41
[2643] = CNOT 23 43
[2644] = Z 23
[2645] = CNOT 23 43
[2646] = CNOT 23 44
[2647] = S 23
[2648] = Z 23
[2649] = CNOT 23 44
[2650] = CNOT 23 45
[2651] = Z 23
[2652] = CNOT 23 45
[2653] = CNOT 23 49
[2654] = Z 23
[2655] = CNOT 23 49
[2656] = CNOT 23 25
[2657] = CNOT 23 27
[2658] = CNOT 23 36
[2659] = Z 23
[2660] = CNOT 23 36
[2661] = CNOT 23 38
[2662] = Z 23
[2663] = CNOT 23 38
[2664] = CNOT 23 40
[2665] = S 23
[2666] = Z 23
[2667] = CNOT 23 40
[2668] = CNOT 23 41
[2669] = S 23
[2670] = Z 23
[2671] = CNOT 23 41
[2672] = CNOT 23 43
[2673] = Z 23
[2674] = CNOT 23 43
[2675] = CNOT 23 44
[2676] = Z 23
[2677] = CNOT 23 44
[2678] = CNOT 23 27
[2679] = CNOT 23 28
[2680] = CNOT 23 36
[2681] = S 23
[2682] = Z 23
[2683] = CNOT 23 36
[2684] = CNOT 23 38
[2685] = S 23
[2686] = Z 23
[2687] = CNOT 23 38
[2688] = CNOT 23 43
[2689] = S 23
[2690] = Z 23
[2691] = CNOT 23 43
[2692] = CNOT 23 44
[2693] = S 23
[2694] = Z 23
[2695] = CNOT 23 44
[2696] = CNOT 23 28
[2697] = CNOT 23 32
[2698] = CNOT 23 43
[2699] = S 23
[2700] = Z 23
[2701] = CNOT 23 43
[2702] = CNOT 23 44
[2703] = S 23
[2704] = Z 23
[2705] = CNOT 23 44
[2706] = CNOT 23 32
[2707] = CNOT 23 33
[2708] = CNOT 23 43
[2709] = S 23
[2710] = Z 23
[2711] = CNOT 23 43
[2712] = CNOT 23 44
[2713] = S 23
[2714] = Z 23
[2715] = CNOT 23 44
[2716] = CNOT 23 33
[2717] = CNOT 23 36
[2718] = CNOT 23 38
[2719] = S 23
[2720] = CNOT 23 38
[2721] = CNOT 23 40
[2722] = S 23
[2723] = Z 23
[2724] = CNOT 23 40
[2725] = CNOT 23 41
[2726] = S 23
[2727] = Z 23
[2728] = CNOT 23 41
[2729] = CNOT 23 43
[2730] = S 23
[2731] = CNOT 23 43
[2732] = CNOT 23 44
[2733] = S 23
[2734] = CNOT 23 44
[2735] = CNOT 23 36
[2736] = CNOT 23 37
[2737] = CNOT 23 38
[2738] = S 23
[2739] = Z 23
[2740] = CNOT 23 38
[2741] = CNOT 23 43
[2742] = S 23
[2743] = Z 23
[2744] = CNOT 23 43
[2745] = CNOT 23 44
[2746] = S 23
[2747] = Z 23
[2748] = CNOT 23 44
[2749] = CNOT 23 37
[2750] = CNOT 23 38
[2751] = CNOT 23 40
[2752] = S 23
[2753] = Z 23
[2754] = CNOT 23 40
[2755] = CNOT 23 41
[2756] = S 23
[2757] = Z 23
[2758] = CNOT 23 41
[2759] = CNOT 23 42
[2760] = S 23
[2761] = Z 23
[2762] = CNOT 23 42
[2763] = CNOT 23 44
[2764] = S 23
[2765] = CNOT 23 44
[2766] = CNOT 23 45
[2767] = S 23
[2768] = Z 23
[2769] = CNOT 23 45
[2770] = CNOT 23 46
[2771] = S 23
[2772] = Z 23
[2773] = CNOT 23 46
[2774] = CNOT 23 48
[2775] = S 23
[2776] = Z 23
[2777] = CNOT 23 48
[2778] = CNOT 23 49
[2779] = S 23
[2780] = Z 23
[2781] = CNOT 23 49
[2782] = CNOT 23 38
[2783] = CNOT 23 40
[2784] = CNOT 23 43
[2785] = S 23
[2786] = Z 23
[2787] = CNOT 23 43
[2788] = CNOT 23 44
[2789] = S 23
[2790] = Z 23
[2791] = CNOT 23 44
[2792] = CNOT 23 40
[2793] = CNOT 23 41
[2794] = CNOT 23 43
[2795] = S 23
[2796] = Z 23
[2797] = CNOT 23 43
[2798] = CNOT 23 44
[2799] = S 23
[2800] = Z 23
[2801] = CNOT 23 44
[2802] = CNOT 23 41
[2803] = CNOT 23 42
[2804] = CNOT 23 46
[2805] = Z 23
[2806] = CNOT 23 46
[2807] = CNOT 23 47
[2808] = S 23
[2809] = Z 23
[2810] = CNOT 23 47
[2811] = CNOT 23 48
[2812] = S 23
[2813] = Z 23
[2814] = CNOT 23 48
[2815] = CNOT 23 50
[2816] = S 23
[2817] = Z 23
[2818] = CNOT 23 50
[2819] = CNOT 23 42
[2820] = CNOT 23 43
[2821] = CNOT 23 44
[2822] = S 23
[2823] = Z 23
[2824] = CNOT 23 44
[2825] = CNOT 23 45
[2826] = S 23
[2827] = Z 23
[2828] = CNOT 23 43
[2829] = CNOT 23 49
[2830] = S 23
[2831] = Z 23
[2832] = CNOT 23 49
[2833] = CNOT 23 45
[2834] = CNOT 23 46
[2835] = CNOT 23 48
[2836] = S 23
[2837] = Z 23
[2838] = CNOT 23 48
[2839] = CNOT 23 50
[2840] = S 23
[2841] = Z 23
[2842] = CNOT 23 50
[2843] = CNOT 23 46
[2844] = CNOT 25 27
[2845] = CNOT 25 28
[2846] = S 25
[2847] = Z 25
[2848] = CNOT 25 28
[2849] = CNOT 25 40
[2850] = Z 25
[2851] = CNOT 25 40
[2852] = CNOT 25 41
[2853] = Z 25
[2854] = CNOT 25 41
[2855] = CNOT 25 27
[2856] = CNOT 25 28
[2857] = CNOT 25 36
[2858] = Z 25
[2859] = CNOT 25 36
[2860] = CNOT 25 38
[2861] = Z 25
[2862] = CNOT 25 38
[2863] = CNOT 25 43
[2864] = Z 25
[2865] = CNOT 25 43
[2866] = CNOT 25 44
[2867] = Z 25
[2868] = CNOT 25 44
[2869] = CNOT 25 28
[2870] = CNOT 25 32
[2871] = CNOT 25 33
[2872] = S 25
[2873] = Z 25
[2874] = CNOT 25 33
[2875] = CNOT 25 43
[2876] = Z 25
[2877] = CNOT 25 43
[2878] = CNOT 25 44
[2879] = Z 25
[2880] = CNOT 25 44
[2881] = CNOT 25 32
[2882] = CNOT 25 33
[2883] = CNOT 25 43
[2884] = Z 25
[2885] = CNOT 25 43
[2886] = CNOT 25 44
[2887] = Z 25
[2888] = CNOT 25 33
[2889] = CNOT 25 34
[2890] = S 25
[2891] = Z 25
[2892] = CNOT 25 44
[2893] = CNOT 25 34
[2894] = CNOT 25 36
[2895] = CNOT 25 37
[2896] = S 25
[2897] = Z 25
[2898] = CNOT 25 37
[2899] = CNOT 25 38
[2900] = Z 25
[2901] = CNOT 25 38
[2902] = CNOT 25 40
[2903] = Z 25
[2904] = CNOT 25 40
[2905] = CNOT 25 41
[2906] = Z 25
[2907] = CNOT 25 41
[2908] = CNOT 25 43
[2909] = Z 25
[2910] = CNOT 25 43
[2911] = CNOT 25 44
[2912] = Z 25
[2913] = CNOT 25 44
[2914] = CNOT 25 36
[2915] = CNOT 25 37
[2916] = CNOT 25 38
[2917] = Z 25
[2918] = CNOT 25 38
[2919] = CNOT 25 43
[2920] = Z 25
[2921] = CNOT 25 43
[2922] = CNOT 25 44
[2923] = Z 25
[2924] = CNOT 25 44
[2925] = CNOT 25 37
[2926] = CNOT 25 38
[2927] = CNOT 25 39
[2928] = S 25
[2929] = Z 25
[2930] = CNOT 25 39
[2931] = CNOT 25 40
[2932] = Z 25
[2933] = CNOT 25 40
[2934] = CNOT 25 41
[2935] = Z 25
[2936] = CNOT 25 41
[2937] = CNOT 25 45
[2938] = S 25
[2939] = Z 25
[2940] = CNOT 25 45
[2941] = CNOT 25 49
[2942] = S 25
[2943] = Z 25
[2944] = CNOT 25 49
[2945] = CNOT 25 38
[2946] = CNOT 25 40
[2947] = CNOT 25 41
[2948] = S 25
[2949] = Z 25
[2950] = CNOT 25 41
[2951] = CNOT 25 43
[2952] = Z 25
[2953] = CNOT 25 43
[2954] = CNOT 25 44
[2955] = Z 25
[2956] = CNOT 25 44
[2957] = CNOT 25 40
[2958] = CNOT 25 41
[2959] = CNOT 25 43
[2960] = Z 25
[2961] = CNOT 25 43
[2962] = CNOT 25 44
[2963] = Z 25
[2964] = CNOT 25 41
[2965] = CNOT 25 43
[2966] = Z 25
[2967] = CNOT 25 44
[2968] = CNOT 25 45
[2969] = S 25
[2970] = Z 25
[2971] = CNOT 25 43
[2972] = CNOT 25 49
[2973] = S 25
[2974] = Z 25
[2975] = CNOT 25 49
[2976] = CNOT 25 45
[2977] = CNOT 27 28
[2978] = CNOT 27 36
[2979] = S 27
[2980] = Z 27
[2981] = CNOT 27 36
[2982] = CNOT 27 38
[2983] = S 27
[2984] = Z 27
[2985] = CNOT 27 38
[2986] = CNOT 27 43
[2987] = S 27
[2988] = Z 27
[2989] = CNOT 27 43
[2990] = CNOT 27 44
[2991] = S 27
[2992] = Z 27
[2993] = CNOT 27 44
[2994] = CNOT 27 28
[2995] = CNOT 27 36
[2996] = CNOT 27 40
[2997] = Z 27
[2998] = CNOT 27 40
[2999] = CNOT 27 41
[3000] = Z 27
[3001] = CNOT 27 41
[3002] = CNOT 27 36
[3003] = CNOT 27 38
[3004] = CNOT 27 40
[3005] = Z 27
[3006] = CNOT 27 40
[3007] = CNOT 27 41
[3008] = Z 27
[3009] = CNOT 27 38
[3010] = CNOT 27 40
[3011] = S 27
[3012] = Z 27
[3013] = CNOT 27 41
[3014] = CNOT 27 43
[3015] = Z 27
[3016] = CNOT 27 43
[3017] = CNOT 27 44
[3018] = Z 27
[3019] = CNOT 27 44
[3020] = CNOT 27 40
[3021] = CNOT 27 41
[3022] = CNOT 27 43
[3023] = Z 27
[3024] = CNOT 27 43
[3025] = CNOT 27 44
[3026] = Z 27
[3027] = CNOT 27 44
[3028] = CNOT 27 41
[3029] = CNOT 28 36
[3030] = CNOT 28 38
[3031] = Z 28
[3032] = CNOT 28 38
[3033] = CNOT 28 43
[3034] = Z 28
[3035] = CNOT 28 43
[3036] = CNOT 28 44
[3037] = Z 28
[3038] = CNOT 28 44
[3039] = CNOT 28 36
[3040] = CNOT 28 38
[3041] = CNOT 28 43
[3042] = Z 28
[3043] = CNOT 28 43
[3044] = CNOT 28 44
[3045] = Z 28
[3046] = CNOT 28 38
[3047] = CNOT 28 43
[3048] = Z 28
[3049] = CNOT 28 44
[3050] = CNOT 28 43
[3051] = CNOT 32 33
[3052] = CNOT 32 43
[3053] = S 32
[3054] = Z 32
[3055] = CNOT 32 43
[3056] = CNOT 32 44
[3057] = S 32
[3058] = Z 32
[3059] = CNOT 32 33
[3060] = CNOT 32 43
[3061] = Z 32
[3062] = CNOT 32 44
[3063] = CNOT 32 43
[3064] = CNOT 33 43
[3065] = CNOT 33 44
[3066] = Z 33
[3067] = CNOT 33 44
[3068] = CNOT 33 43
[3069] = CNOT 34 38
[3070] = CNOT 34 39
[3071] = S 34
[3072] = Z 34
[3073] = CNOT 34 39
[3074] = CNOT 34 43
[3075] = S 34
[3076] = Z 34
[3077] = CNOT 34 43
[3078] = CNOT 34 44
[3079] = S 34
[3080] = Z 34
[3081] = CNOT 34 44
[3082] = CNOT 34 38
[3083] = CNOT 36 37
[3084] = CNOT 36 38
[3085] = S 36
[3086] = Z 36
[3087] = CNOT 36 38
[3088] = CNOT 36 43
[3089] = S 36
[3090] = Z 36
[3091] = CNOT 36 43
[3092] = CNOT 36 44
[3093] = S 36
[3094] = Z 36
[3095] = CNOT 36 44
[3096] = CNOT 36 37
[3097] = CNOT 36 38
[3098] = CNOT 36 40
[3099] = Z 36
[3100] = CNOT 36 40
[3101] = CNOT 36 41
[3102] = Z 36
[3103] = CNOT 36 41
[3104] = CNOT 36 43
[3105] = Z 36
[3106] = CNOT 36 43
[3107] = CNOT 36 44
[3108] = Z 36
[3109] = CNOT 36 44
[3110] = CNOT 36 38
[3111] = CNOT 36 40
[3112] = CNOT 36 41
[3113] = S 36
[3114] = Z 36
[3115] = CNOT 36 41
[3116] = CNOT 36 43
[3117] = Z 36
[3118] = CNOT 36 43
[3119] = CNOT 36 44
[3120] = Z 36
[3121] = CNOT 36 44
[3122] = CNOT 36 40
[3123] = CNOT 36 41
[3124] = CNOT 36 43
[3125] = Z 36
[3126] = CNOT 36 43
[3127] = CNOT 36 44
[3128] = Z 36
[3129] = CNOT 36 41
[3130] = CNOT 36 43
[3131] = Z 36
[3132] = CNOT 36 44
[3133] = CNOT 36 43
[3134] = CNOT 37 38
[3135] = CNOT 37 43
[3136] = Z 37
[3137] = CNOT 37 43
[3138] = CNOT 37 44
[3139] = Z 37
[3140] = CNOT 37 38
[3141] = CNOT 37 43
[3142] = Z 37
[3143] = CNOT 37 44
[3144] = CNOT 37 43
[3145] = CNOT 38 40
[3146] = CNOT 38 41
[3147] = S 38
[3148] = Z 38
[3149] = CNOT 38 41
[3150] = CNOT 38 43
[3151] = Z 38
[3152] = CNOT 38 43
[3153] = CNOT 38 44
[3154] = Z 38
[3155] = CNOT 38 44
[3156] = CNOT 38 40
[3157] = CNOT 38 41
[3158] = CNOT 38 43
[3159] = Z 38
[3160] = CNOT 38 43
[3161] = CNOT 38 44
[3162] = Z 38
[3163] = CNOT 38 44
[3164] = CNOT 38 41
[3165] = CNOT 38 42
[3166] = CNOT 38 46
[3167] = S 38
[3168] = Z 38
[3169] = CNOT 38 46
[3170] = CNOT 38 48
[3171] = S 38
[3172] = Z 38
[3173] = CNOT 38 48
[3174] = CNOT 38 42
[3175] = CNOT 38 43
[3176] = CNOT 38 44
[3177] = S 38
[3178] = CNOT 38 44
[3179] = CNOT 38 43
[3180] = CNOT 38 46
[3181] = CNOT 38 48
[3182] = Z 38
[3183] = CNOT 38 48
[3184] = CNOT 38 50
[3185] = S 38
[3186] = Z 38
[3187] = CNOT 38 46
[3188] = CNOT 38 48
[3189] = S 38
[3190] = Z 38
[3191] = CNOT 38 50
[3192] = CNOT 38 48
[3193] = CNOT 40 41
[3194] = CNOT 40 43
[3195] = S 40
[3196] = Z 40
[3197] = CNOT 40 43
[3198] = CNOT 40 44
[3199] = S 40
[3200] = Z 40
[3201] = CNOT 40 41
[3202] = CNOT 40 43
[3203] = Z 40
[3204] = CNOT 40 44
[3205] = CNOT 40 43
[3206] = CNOT 41 43
[3207] = CNOT 41 44
[3208] = Z 41
[3209] = CNOT 41 44
[3210] = CNOT 41 43
[3211] = CNOT 42 46
[3212] = CNOT 42 48
[3213] = S 42
[3214] = Z 42
[3215] = CNOT 42 48
[3216] = CNOT 42 50
[3217] = S 42
[3218] = Z 42
[3219] = CNOT 42 50
[3220] = CNOT 42 46
[3221] = CNOT 46 48
[3222] = CNOT 46 50
[3223] = S 46
[3224] = Z 46
[3225] = CNOT 46 50
[3226] = CNOT 46 48
[3227] = CNOT 50 51
[3228] = CNOT 48 51
[3229] = CNOT 47 51
[3230] = CNOT 44 51
[3231] = CNOT 42 51
[3232] = CNOT 41 51
[3233] = CNOT 38 51
[3234] = CNOT 29 51
[3235] = CNOT 28 51
[3236] = CNOT 24 51
[3237] = CNOT 23 51
[3238] = CNOT 21 51
[3239] = CNOT 20 51
[3240] = CNOT 19 51
[3241] = CNOT 18 51
[3242] = CNOT 14 51
[3243] = CNOT 13 51
[3244] = CNOT 8 51
[3245] = CNOT 5 51
[3246] = CNOT 3 51
[3247] = CNOT 1 51
[3248] = CNOT 51 50
[3249] = CNOT 50 51
[3250] = CNOT 46 49
[3251] = CNOT 43 49
[3252] = CNOT 40 49
[3253] = CNOT 39 49
[3254] = CNOT 36 49
[3255] = CNOT 35 49
[3256] = CNOT 32 49
[3257] = CNOT 30 49
[3258] = CNOT 27 49
[3259] = CNOT 50 48
[3260] = CNOT 45 48
[3261] = CNOT 38 48
[3262] = CNOT 29 48
[3263] = CNOT 25 48
[3264] = CNOT 11 48
[3265] = CNOT 7 48
[3266] = CNOT 6 48
[3267] = CNOT 4 48
[3268] = CNOT 2 48
[3269] = CNOT 48 50
[3270] = CNOT 48 47
[3271] = CNOT 47 48
[3272] = CNOT 49 46
[3273] = CNOT 46 49
[3274] = CNOT 47 45
[3275] = CNOT 42 45
[3276] = CNOT 41 45
[3277] = CNOT 38 45
[3278] = CNOT 29 45
[3279] = CNOT 28 45
[3280] = CNOT 25 45
[3281] = CNOT 23 45
[3282] = CNOT 18 45
[3283] = CNOT 14 45
[3284] = CNOT 12 45
[3285] = CNOT 10 45
[3286] = CNOT 9 45
[3287] = CNOT 5 45
[3288] = CNOT 3 45
[3289] = CNOT 45 47
[3290] = CNOT 45 44
[3291] = CNOT 44 45
[3292] = CNOT 46 43
[3293] = CNOT 43 46
[3294] = CNOT 47 42
[3295] = CNOT 23 42
[3296] = CNOT 19 42
[3297] = CNOT 8 42
[3298] = CNOT 7 42
[3299] = CNOT 5 42
[3300] = CNOT 4 42
[3301] = CNOT 3 42
[3302] = CNOT 1 42
[3303] = CNOT 42 47
[3304] = CNOT 42 41
[3305] = CNOT 41 42
[3306] = CNOT 43 40
[3307] = CNOT 40 43
[3308] = CNOT 40 39
[3309] = CNOT 39 40
[3310] = CNOT 47 38
[3311] = CNOT 37 38
[3312] = CNOT 34 38
[3313] = CNOT 33 38
[3314] = CNOT 29 38
[3315] = CNOT 23 38
[3316] = CNOT 19 38
[3317] = CNOT 14 38
[3318] = CNOT 10 38
[3319] = CNOT 8 38
[3320] = CNOT 6 38
[3321] = CNOT 5 38
[3322] = CNOT 4 38
[3323] = CNOT 3 38
[3324] = CNOT 2 38
[3325] = CNOT 1 38
[3326] = CNOT 38 37
[3327] = CNOT 37 38
[3328] = CNOT 39 36
[3329] = CNOT 36 39
[3330] = CNOT 36 35
[3331] = CNOT 35 36
[3332] = CNOT 37 34
[3333] = CNOT 29 34
[3334] = CNOT 25 34
[3335] = CNOT 19 34
[3336] = CNOT 11 34
[3337] = CNOT 8 34
[3338] = CNOT 5 34
[3339] = CNOT 4 34
[3340] = CNOT 3 34
[3341] = CNOT 2 34
[3342] = CNOT 1 34
[3343] = CNOT 34 37
[3344] = CNOT 34 33
[3345] = CNOT 33 34
[3346] = CNOT 35 32
[3347] = CNOT 32 35
[3348] = CNOT 26 31
[3349] = CNOT 32 30
[3350] = CNOT 30 32
[3351] = CNOT 41 29
[3352] = CNOT 14 29
[3353] = CNOT 12 29
[3354] = CNOT 10 29
[3355] = CNOT 7 29
[3356] = CNOT 6 29
[3357] = CNOT 2 29
[3358] = CNOT 29 41
[3359] = CNOT 29 28
[3360] = CNOT 28 29
[3361] = CNOT 30 27
[3362] = CNOT 27 30
[3363] = CNOT 31 26
[3364] = CNOT 26 31
[3365] = CNOT 44 25
[3366] = CNOT 19 25
[3367] = CNOT 11 25
[3368] = CNOT 8 25
[3369] = CNOT 7 25
[3370] = CNOT 6 25
[3371] = CNOT 3 25
[3372] = CNOT 25 44
[3373] = CNOT 25 24
[3374] = CNOT 24 25
[3375] = CNOT 47 23
[3376] = CNOT 24 23
[3377] = CNOT 22 23
[3378] = CNOT 21 23
[3379] = CNOT 20 23
[3380] = CNOT 19 23
[3381] = CNOT 15 23
[3382] = CNOT 14 23
[3383] = CNOT 13 23
[3384] = CNOT 11 23
[3385] = CNOT 10 23
[3386] = CNOT 9 23
[3387] = CNOT 8 23
[3388] = CNOT 6 23
[3389] = CNOT 23 22
[3390] = CNOT 22 23
[3391] = CNOT 24 21
[3392] = CNOT 14 21
[3393] = CNOT 12 21
[3394] = CNOT 11 21
[3395] = CNOT 8 21
[3396] = CNOT 7 21
[3397] = CNOT 6 21
[3398] = CNOT 4 21
[3399] = CNOT 1 21
[3400] = CNOT 21 24
[3401] = CNOT 21 20
[3402] = CNOT 20 21
[3403] = CNOT 28 19
[3404] = CNOT 11 19
[3405] = CNOT 10 19
[3406] = CNOT 7 19
[3407] = CNOT 6 19
[3408] = CNOT 4 19
[3409] = CNOT 3 19
[3410] = CNOT 2 19
[3411] = CNOT 1 19
[3412] = CNOT 19 28
[3413] = CNOT 19 18
[3414] = CNOT 18 19
[3415] = CNOT 26 17
[3416] = CNOT 17 26
[3417] = CNOT 27 16
[3418] = CNOT 16 27
[3419] = CNOT 28 15
[3420] = CNOT 22 15
[3421] = CNOT 14 15
[3422] = CNOT 12 15
[3423] = CNOT 11 15
[3424] = CNOT 10 15
[3425] = CNOT 8 15
[3426] = CNOT 6 15
[3427] = CNOT 5 15
[3428] = CNOT 4 15
[3429] = CNOT 3 15
[3430] = CNOT 2 15
[3431] = CNOT 15 22
[3432] = CNOT 20 14
[3433] = CNOT 13 14
[3434] = CNOT 9 14
[3435] = CNOT 4 14
[3436] = CNOT 14 20
[3437] = CNOT 33 13
[3438] = CNOT 20 13
[3439] = CNOT 18 13
[3440] = CNOT 15 13
[3441] = CNOT 14 13
[3442] = CNOT 10 13
[3443] = CNOT 8 13
[3444] = CNOT 7 13
[3445] = CNOT 6 13
[3446] = CNOT 4 13
[3447] = CNOT 1 13
[3448] = CNOT 41 12
[3449] = CNOT 33 12
[3450] = CNOT 6 12
[3451] = CNOT 5 12
[3452] = CNOT 4 12
[3453] = CNOT 3 12
[3454] = CNOT 12 33
[3455] = CNOT 28 11
[3456] = CNOT 18 11
[3457] = CNOT 13 11
[3458] = CNOT 12 11
[3459] = CNOT 10 11
[3460] = CNOT 9 11
[3461] = CNOT 8 11
[3462] = CNOT 7 11
[3463] = CNOT 6 11
[3464] = CNOT 5 11
[3465] = CNOT 4 11
[3466] = CNOT 3 11
[3467] = CNOT 2 11
[3468] = CNOT 1 11
[3469] = CNOT 11 12
[3470] = CNOT 18 10
[3471] = CNOT 14 10
[3472] = CNOT 12 10
[3473] = CNOT 9 10
[3474] = CNOT 6 10
[3475] = CNOT 18 9
[3476] = CNOT 8 9
[3477] = CNOT 5 9
[3478] = CNOT 9 18
[3479] = CNOT 12 8
[3480] = CNOT 11 8
[3481] = CNOT 7 8
[3482] = CNOT 4 8
[3483] = CNOT 11 7
[3484] = CNOT 10 7
[3485] = CNOT 6 7
[3486] = CNOT 3 7
[3487] = CNOT 10 6
[3488] = CNOT 9 6
[3489] = CNOT 5 6
[3490] = CNOT 2 6
[3491] = CNOT 9 5
[3492] = CNOT 8 5
[3493] = CNOT 4 5
[3494] = CNOT 1 5
[3495] = CNOT 8 4
[3496] = CNOT 7 4
[3497] = CNOT 3 4
[3498] = CNOT 7 3
[3499] = CNOT 6 3
[3500] = CNOT 2 3
[3501] = CNOT 6 2
[3502] = CNOT 5 2
[3503] = CNOT 1 2
[3504] = CNOT 5 1
[3505] = CNOT 4 1
[3506] = H 18
[3507] = M 18
[3508] = H 19
[3509] = M 19
[3510] = H 20
[3511] = M 20
[3512] = H 21
[3513] = M 21
[3514] = H 22
[3515] = M 22
[3516] = H 23
[3517] = M 23
[3518] = H 24
[3519] = M 24
[3520] = H 25
[3521] = M 25
[3522] = H 26
[3523] = M 26
[3524] = H 27
[3525] = M 27
[3526] = H 28
[3527] = M 28
[3528] = H 29
[3529] = M 29
[3530] = H 30
[3531] = M 30
[3532] = H 31
[3533] = M 31
[3534] = H 32
[3535] = M 32
[3536] = H 33
[3537] = M 33
[3538] = H 34
[3539] = M 34
[3540] = H 35
[3541] = M 35
[3542] = H 36
[3543] = M 36
[3544] = H 37
[3545] = M 37
[3546] = H 38
[3547] = M 38
[3548] = H 39
[3549] = M 39
[3550] = H 40
[3551] = M 40
[3552] = H 41
[3553] = M 41
[3554] = H 42
[3555] = M 42
[3556] = H 43
[3557] = M 43
[3558] = H 44
[3559] = M 44
[3560] = H 45
[3561] = M 45
[3562] = H 46
[3563] = M 46
[3564] = H 47
[3565] = M 47
[3566] = H 48
[3567] = M 48
[3568] = H 49
[3569] = M 49
[3570] = H 50
[3571] = M 50
[3572] = H 51
[3573] = M 51
[3574] = H 16
[3575] = H 17
Gate distributions:
Input:
Operator distribution:
Total number of qubits = 17
Number of `data' qubits = 17
Number of `Toff_n' ancillas = 0
Number of Hadamard ancillas = 0
Hadamard ancilla cap = infinite
Number of {CNOT,T} partitions = 1
T count = 161
Cost estimation = 80644
	id	Count
	0	0
	1	0
	2	0
	3	46
	4	98
	5	0
	6	0
	7	0
	8	0
	9	0
	10	23
	11	0
	12	0
	13	0
	14	0
	15	0
	16	0
	17	0
	18	0
Output:
Operator distribution:
Total number of qubits = 51
Number of `data' qubits = 17
Number of `Toff_n' ancillas = 0
Number of Hadamard ancillas = 34
Hadamard ancilla cap = infinite
Number of {CNOT,T} partitions = 1
T count = 75
Cost estimation = 41018
	id	Count
	0	0
	1	0
	2	0
	3	72
	4	2311
	5	75
	6	0
	7	0
	8	0
	9	0
	10	0
	11	427
	12	0
	13	657
	14	0
	15	0
	16	0
	17	0
	18	34
Output T Count (SQC_Circuit) = 75
Output T Count (PhasePolynomial) = 75
Fail count = 0

Execution time: 42.1558s
Number of LCL errors: 0
Number of LCL warnings: 0
