Optimize a Clifford + T circuit.
Input filename = /home/ryo-mtmt/TOpt/forme/tpar_benchmark/barenco_tof_10.tfc
Number of unknown gates = 0
Number of unknown qubit labels = 0
Circuit filename: /home/ryo-mtmt/TOpt/forme/tpar_benchmark/barenco_tof_10.tfc

n 19
n_x 19
n_y 0
n_z 0
m 101
[0] = H 19
[1] = CCZ 10 18 19
[2] = H 18
[3] = CCZ 9 17 18
[4] = H 17
[5] = CCZ 8 16 17
[6] = H 16
[7] = CCZ 7 15 16
[8] = H 15
[9] = CCZ 6 14 15
[10] = H 14
[11] = CCZ 5 13 14
[12] = H 13
[13] = CCZ 4 12 13
[14] = H 12
[15] = CCZ 3 11 12
[16] = H 11
[17] = CCZ 1 2 11
[18] = H 11
[19] = CCZ 3 11 12
[20] = H 12
[21] = CCZ 4 12 13
[22] = H 13
[23] = CCZ 5 13 14
[24] = H 14
[25] = CCZ 6 14 15
[26] = H 15
[27] = CCZ 7 15 16
[28] = H 16
[29] = CCZ 8 16 17
[30] = H 17
[31] = CCZ 9 17 18
[32] = H 18
[33] = CCZ 10 18 19
[34] = H 19
[35] = H 18
[36] = CCZ 9 17 18
[37] = H 17
[38] = CCZ 8 16 17
[39] = H 16
[40] = CCZ 7 15 16
[41] = H 15
[42] = CCZ 6 14 15
[43] = H 14
[44] = CCZ 5 13 14
[45] = H 13
[46] = CCZ 4 12 13
[47] = H 12
[48] = CCZ 3 11 12
[49] = H 11
[50] = CCZ 1 2 11
[51] = H 11
[52] = CCZ 3 11 12
[53] = H 12
[54] = CCZ 4 12 13
[55] = H 13
[56] = CCZ 5 13 14
[57] = H 14
[58] = CCZ 6 14 15
[59] = H 15
[60] = CCZ 7 15 16
[61] = H 16
[62] = CCZ 8 16 17
[63] = H 17
[64] = CCZ 9 17 18
[65] = H 18

Algorithm used: todd

UniversalOptimize begin.
	Gate synthesis begin.

--- Testing Hamming Distance Version ---
in LempelX2_M4RI_Hamming　安定版　m4ri
		Round = 0 (Start m: 100)
--- Hamming Distance Stats ---
 Dist 1: 86 pairs
 Dist 2: 244 pairs
 Dist 3: 956 pairs
 Dist 4: 1754 pairs
 Dist 5: 1458 pairs
 Dist 6: 452 pairs
-------------------------------
  [HIT!] Dist=2 | Deleted: 2 cols
>> Round 0 Result: Hit Rate = 1.14943% (1/87)
		Round = 1 (Start m: 98)
--- Hamming Distance Stats ---
 Dist 1: 82 pairs
 Dist 2: 198 pairs
 Dist 3: 790 pairs
 Dist 4: 1572 pairs
 Dist 5: 1426 pairs
 Dist 6: 554 pairs
 Dist 7: 102 pairs
 Dist 8: 29 pairs
-------------------------------
  [HIT!] Dist=2 | Deleted: 2 cols
>> Round 1 Result: Hit Rate = 1.20482% (1/83)
		Round = 2 (Start m: 96)
--- Hamming Distance Stats ---
 Dist 1: 78 pairs
 Dist 2: 161 pairs
 Dist 3: 614 pairs
 Dist 4: 1296 pairs
 Dist 5: 1276 pairs
 Dist 6: 684 pairs
 Dist 7: 322 pairs
 Dist 8: 116 pairs
 Dist 9: 10 pairs
 Dist 10: 3 pairs
-------------------------------
  [HIT!] Dist=2 | Deleted: 2 cols
>> Round 2 Result: Hit Rate = 1.13636% (1/88)
		Round = 3 (Start m: 94)
--- Hamming Distance Stats ---
 Dist 1: 74 pairs
 Dist 2: 133 pairs
 Dist 3: 462 pairs
 Dist 4: 1048 pairs
 Dist 5: 1118 pairs
 Dist 6: 768 pairs
 Dist 7: 502 pairs
 Dist 8: 207 pairs
 Dist 9: 44 pairs
 Dist 10: 15 pairs
-------------------------------
  [HIT!] Dist=2 | Deleted: 2 cols
>> Round 3 Result: Hit Rate = 1.13636% (1/88)
		Round = 4 (Start m: 92)
--- Hamming Distance Stats ---
 Dist 1: 70 pairs
 Dist 2: 114 pairs
 Dist 3: 334 pairs
 Dist 4: 828 pairs
 Dist 5: 952 pairs
 Dist 6: 806 pairs
 Dist 7: 642 pairs
 Dist 8: 302 pairs
 Dist 9: 102 pairs
 Dist 10: 36 pairs
-------------------------------
  [HIT!] Dist=2 | Deleted: 2 cols
>> Round 4 Result: Hit Rate = 1.40845% (1/71)
		Round = 5 (Start m: 90)
--- Hamming Distance Stats ---
 Dist 1: 66 pairs
 Dist 2: 107 pairs
 Dist 3: 246 pairs
 Dist 4: 599 pairs
 Dist 5: 692 pairs
 Dist 6: 738 pairs
 Dist 7: 716 pairs
 Dist 8: 437 pairs
 Dist 9: 250 pairs
 Dist 10: 115 pairs
 Dist 11: 30 pairs
 Dist 12: 9 pairs
-------------------------------
  [HIT!] Dist=2 | Deleted: 2 cols
>> Round 5 Result: Hit Rate = 0.75188% (1/133)
		Round = 6 (Start m: 88)
--- Hamming Distance Stats ---
 Dist 1: 62 pairs
 Dist 2: 104 pairs
 Dist 3: 182 pairs
 Dist 4: 426 pairs
 Dist 5: 472 pairs
 Dist 6: 599 pairs
 Dist 7: 652 pairs
 Dist 8: 510 pairs
 Dist 9: 400 pairs
 Dist 10: 234 pairs
 Dist 11: 122 pairs
 Dist 12: 52 pairs
 Dist 13: 10 pairs
 Dist 14: 3 pairs
-------------------------------
  [HIT!] Dist=2 | Deleted: 2 cols
>> Round 6 Result: Hit Rate = 0.60241% (1/166)
		Round = 7 (Start m: 86)
--- Hamming Distance Stats ---
 Dist 1: 58 pairs
 Dist 2: 105 pairs
 Dist 3: 142 pairs
 Dist 4: 309 pairs
 Dist 5: 304 pairs
 Dist 6: 453 pairs
 Dist 7: 528 pairs
 Dist 8: 507 pairs
 Dist 9: 482 pairs
 Dist 10: 343 pairs
 Dist 11: 242 pairs
 Dist 12: 123 pairs
 Dist 13: 44 pairs
 Dist 14: 15 pairs
-------------------------------
  [HIT!] Dist=4 | Deleted: 2 cols
>> Round 7 Result: Hit Rate = 0.326797% (1/306)
		Round = 8 (Start m: 84)
--- Hamming Distance Stats ---
 Dist 1: 56 pairs
 Dist 2: 100 pairs
 Dist 3: 142 pairs
 Dist 4: 227 pairs
 Dist 5: 232 pairs
 Dist 6: 267 pairs
 Dist 7: 314 pairs
 Dist 8: 346 pairs
 Dist 9: 328 pairs
 Dist 10: 357 pairs
 Dist 11: 320 pairs
 Dist 12: 269 pairs
 Dist 13: 238 pairs
 Dist 14: 149 pairs
 Dist 15: 88 pairs
 Dist 16: 40 pairs
 Dist 17: 10 pairs
 Dist 18: 3 pairs
-------------------------------
>> Round 8 Result: Hit Rate = 0% (0/3486)

=== Final Performance Statistics ===
Hamming time:   2 ms
Chi time:       3413 ms
Nullspace time: 41272 ms
Total attempts: 4508 (Success: 8)
END OF LEMPELX2 安定版
Total LempelX2_M4RI_Hamming time: 45261 ms
Hamming result size: 84 columns
		TODD executed in 45.2004 seconds.
		Total time: 45.2008s
	Gate synthesis end.
	Total time: 59.3037s
UniversalOptimize end.
Output circuit:
n 50
n_x 19
n_y 0
n_z 31
m 3901
[0] = H 19
[1] = H 20
[2] = H 21
[3] = H 22
[4] = H 23
[5] = H 24
[6] = H 25
[7] = H 26
[8] = H 27
[9] = H 28
[10] = H 29
[11] = H 30
[12] = H 31
[13] = H 32
[14] = H 33
[15] = H 34
[16] = H 35
[17] = H 36
[18] = H 37
[19] = H 38
[20] = H 39
[21] = H 40
[22] = H 41
[23] = H 42
[24] = H 43
[25] = H 44
[26] = H 45
[27] = H 46
[28] = H 47
[29] = H 48
[30] = H 49
[31] = H 50
[32] = CNOT 39 50
[33] = T 39
[34] = S 39
[35] = CNOT 39 50
[36] = CNOT 8 10
[37] = CNOT 8 20
[38] = CNOT 8 34
[39] = T 8
[40] = CNOT 8 19
[41] = T 8
[42] = CNOT 8 10
[43] = T 8
[44] = CNOT 8 19
[45] = CNOT 9 50
[46] = T 9
[47] = S 9
[48] = CNOT 9 50
[49] = CNOT 9 17
[50] = T 9
[51] = S 9
[52] = CNOT 9 20
[53] = T 9
[54] = CNOT 9 20
[55] = CNOT 9 17
[56] = CNOT 17 20
[57] = T 17
[58] = S 17
[59] = CNOT 17 20
[60] = CNOT 8 37
[61] = T 8
[62] = CNOT 8 37
[63] = CNOT 16 20
[64] = CNOT 16 34
[65] = CNOT 16 49
[66] = T 16
[67] = CNOT 16 21
[68] = T 16
[69] = CNOT 16 49
[70] = CNOT 16 34
[71] = CNOT 16 21
[72] = CNOT 16 20
[73] = CNOT 8 16
[74] = CNOT 8 21
[75] = CNOT 8 49
[76] = T 8
[77] = CNOT 8 49
[78] = CNOT 8 34
[79] = CNOT 8 21
[80] = CNOT 8 20
[81] = CNOT 8 16
[82] = CNOT 15 17
[83] = CNOT 15 38
[84] = CNOT 15 48
[85] = T 15
[86] = CNOT 15 48
[87] = CNOT 15 38
[88] = CNOT 15 17
[89] = CNOT 7 17
[90] = T 7
[91] = S 7
[92] = CNOT 7 22
[93] = T 7
[94] = S 7
[95] = Z 7
[96] = CNOT 7 17
[97] = CNOT 17 22
[98] = T 17
[99] = S 17
[100] = CNOT 17 22
[101] = CNOT 36 50
[102] = T 36
[103] = S 36
[104] = CNOT 36 50
[105] = CNOT 6 14
[106] = CNOT 6 47
[107] = CNOT 6 50
[108] = T 6
[109] = CNOT 6 23
[110] = T 6
[111] = CNOT 6 47
[112] = CNOT 6 23
[113] = CNOT 6 14
[114] = CNOT 14 23
[115] = CNOT 14 47
[116] = CNOT 14 50
[117] = T 14
[118] = CNOT 14 50
[119] = CNOT 14 47
[120] = CNOT 14 23
[121] = T 6
[122] = S 6
[123] = CNOT 5 8
[124] = CNOT 5 12
[125] = CNOT 5 18
[126] = CNOT 5 20
[127] = CNOT 5 34
[128] = CNOT 5 35
[129] = CNOT 5 45
[130] = T 5
[131] = CNOT 5 24
[132] = T 5
[133] = CNOT 5 20
[134] = CNOT 5 8
[135] = CNOT 8 12
[136] = CNOT 8 18
[137] = CNOT 8 20
[138] = CNOT 8 24
[139] = CNOT 8 34
[140] = CNOT 8 35
[141] = CNOT 8 45
[142] = T 8
[143] = CNOT 8 45
[144] = CNOT 8 35
[145] = CNOT 8 34
[146] = CNOT 8 24
[147] = CNOT 8 20
[148] = CNOT 8 18
[149] = CNOT 8 12
[150] = CNOT 6 39
[151] = T 6
[152] = S 6
[153] = Z 6
[154] = CNOT 6 39
[155] = CNOT 4 8
[156] = CNOT 4 12
[157] = CNOT 4 18
[158] = CNOT 4 20
[159] = CNOT 4 34
[160] = CNOT 4 35
[161] = CNOT 4 45
[162] = T 4
[163] = CNOT 4 25
[164] = T 4
[165] = CNOT 4 20
[166] = CNOT 4 12
[167] = CNOT 4 8
[168] = CNOT 8 12
[169] = CNOT 8 18
[170] = CNOT 8 20
[171] = CNOT 8 25
[172] = CNOT 8 34
[173] = CNOT 8 35
[174] = CNOT 8 45
[175] = T 8
[176] = CNOT 8 45
[177] = CNOT 8 35
[178] = CNOT 8 34
[179] = CNOT 8 25
[180] = CNOT 8 20
[181] = CNOT 8 18
[182] = CNOT 8 12
[183] = CNOT 20 34
[184] = CNOT 20 37
[185] = T 20
[186] = Z 20
[187] = CNOT 20 37
[188] = CNOT 20 34
[189] = CNOT 3 8
[190] = CNOT 3 16
[191] = CNOT 3 20
[192] = CNOT 3 34
[193] = CNOT 3 49
[194] = T 3
[195] = CNOT 3 26
[196] = T 3
[197] = CNOT 3 8
[198] = CNOT 8 16
[199] = CNOT 8 20
[200] = CNOT 8 26
[201] = CNOT 8 34
[202] = CNOT 8 49
[203] = T 8
[204] = CNOT 8 49
[205] = CNOT 8 34
[206] = CNOT 8 26
[207] = CNOT 8 20
[208] = CNOT 8 16
[209] = CNOT 9 36
[210] = CNOT 9 50
[211] = T 9
[212] = CNOT 9 50
[213] = CNOT 9 36
[214] = CNOT 1 2
[215] = CNOT 1 14
[216] = CNOT 1 47
[217] = CNOT 1 50
[218] = T 1
[219] = CNOT 1 2
[220] = CNOT 2 14
[221] = CNOT 2 47
[222] = CNOT 2 50
[223] = T 2
[224] = CNOT 2 50
[225] = CNOT 2 47
[226] = CNOT 2 14
[227] = T 1
[228] = CNOT 1 14
[229] = CNOT 3 8
[230] = CNOT 3 11
[231] = CNOT 3 28
[232] = T 3
[233] = CNOT 3 34
[234] = CNOT 3 26
[235] = CNOT 3 20
[236] = CNOT 3 8
[237] = CNOT 8 11
[238] = CNOT 8 16
[239] = CNOT 8 20
[240] = CNOT 8 26
[241] = CNOT 8 28
[242] = CNOT 8 34
[243] = CNOT 8 49
[244] = T 8
[245] = CNOT 8 49
[246] = CNOT 8 34
[247] = CNOT 8 28
[248] = CNOT 8 26
[249] = CNOT 8 20
[250] = CNOT 8 16
[251] = CNOT 8 11
[252] = CNOT 4 8
[253] = CNOT 4 20
[254] = CNOT 4 29
[255] = T 4
[256] = CNOT 4 34
[257] = CNOT 4 25
[258] = CNOT 4 20
[259] = CNOT 4 8
[260] = CNOT 8 18
[261] = CNOT 8 20
[262] = CNOT 8 25
[263] = CNOT 8 29
[264] = CNOT 8 34
[265] = CNOT 8 35
[266] = CNOT 8 45
[267] = T 8
[268] = CNOT 8 45
[269] = CNOT 8 35
[270] = CNOT 8 34
[271] = CNOT 8 29
[272] = CNOT 8 25
[273] = CNOT 8 20
[274] = CNOT 8 18
[275] = CNOT 5 8
[276] = CNOT 5 13
[277] = CNOT 5 20
[278] = CNOT 5 30
[279] = T 5
[280] = CNOT 5 34
[281] = CNOT 5 24
[282] = CNOT 5 20
[283] = CNOT 5 8
[284] = CNOT 8 12
[285] = CNOT 8 13
[286] = CNOT 8 18
[287] = CNOT 8 20
[288] = CNOT 8 24
[289] = CNOT 8 30
[290] = CNOT 8 34
[291] = CNOT 8 35
[292] = CNOT 8 45
[293] = T 8
[294] = CNOT 8 45
[295] = CNOT 8 35
[296] = CNOT 8 30
[297] = CNOT 8 24
[298] = CNOT 8 20
[299] = CNOT 8 18
[300] = CNOT 8 13
[301] = CNOT 8 12
[302] = CNOT 6 23
[303] = CNOT 6 31
[304] = CNOT 6 47
[305] = T 6
[306] = CNOT 6 23
[307] = CNOT 23 31
[308] = CNOT 23 47
[309] = CNOT 23 50
[310] = T 23
[311] = CNOT 23 50
[312] = CNOT 23 47
[313] = CNOT 23 31
[314] = CNOT 7 15
[315] = CNOT 7 17
[316] = CNOT 7 32
[317] = T 7
[318] = CNOT 7 32
[319] = CNOT 7 22
[320] = CNOT 7 15
[321] = CNOT 15 17
[322] = CNOT 15 22
[323] = CNOT 15 32
[324] = T 15
[325] = CNOT 15 32
[326] = CNOT 15 22
[327] = CNOT 15 17
[328] = CNOT 20 21
[329] = CNOT 20 33
[330] = CNOT 20 34
[331] = CNOT 20 49
[332] = T 20
[333] = CNOT 20 49
[334] = CNOT 20 34
[335] = CNOT 20 33
[336] = CNOT 20 21
[337] = CNOT 8 20
[338] = CNOT 8 21
[339] = CNOT 8 33
[340] = CNOT 8 49
[341] = T 8
[342] = CNOT 8 49
[343] = CNOT 8 33
[344] = CNOT 8 21
[345] = CNOT 9 20
[346] = CNOT 9 34
[347] = T 9
[348] = CNOT 9 20
[349] = CNOT 7 15
[350] = CNOT 7 38
[351] = CNOT 7 48
[352] = T 7
[353] = CNOT 7 38
[354] = T 7
[355] = CNOT 7 48
[356] = CNOT 8 10
[357] = CNOT 8 18
[358] = CNOT 8 35
[359] = T 8
[360] = CNOT 8 19
[361] = T 8
[362] = CNOT 8 10
[363] = T 8
[364] = CNOT 8 35
[365] = CNOT 8 34
[366] = CNOT 8 20
[367] = CNOT 8 19
[368] = CNOT 8 18
[369] = CNOT 9 36
[370] = T 9
[371] = CNOT 9 36
[372] = CNOT 9 34
[373] = CNOT 34 36
[374] = T 34
[375] = S 34
[376] = CNOT 34 36
[377] = CNOT 20 33
[378] = CNOT 20 34
[379] = CNOT 20 37
[380] = CNOT 20 49
[381] = T 20
[382] = CNOT 20 49
[383] = CNOT 20 37
[384] = CNOT 20 34
[385] = CNOT 20 33
[386] = CNOT 8 20
[387] = CNOT 8 33
[388] = CNOT 8 34
[389] = CNOT 8 37
[390] = CNOT 8 49
[391] = T 8
[392] = CNOT 8 49
[393] = CNOT 8 37
[394] = CNOT 8 34
[395] = CNOT 8 33
[396] = CNOT 8 20
[397] = CNOT 7 32
[398] = CNOT 7 38
[399] = T 7
[400] = CNOT 7 38
[401] = CNOT 7 32
[402] = CNOT 7 17
[403] = CNOT 7 15
[404] = CNOT 15 17
[405] = CNOT 15 32
[406] = CNOT 15 38
[407] = T 15
[408] = CNOT 15 38
[409] = CNOT 15 32
[410] = CNOT 6 39
[411] = T 6
[412] = CNOT 6 50
[413] = CNOT 6 47
[414] = CNOT 6 39
[415] = CNOT 6 31
[416] = CNOT 31 39
[417] = CNOT 31 47
[418] = CNOT 31 50
[419] = T 31
[420] = CNOT 31 50
[421] = CNOT 31 47
[422] = CNOT 31 39
[423] = CNOT 5 8
[424] = CNOT 5 20
[425] = CNOT 5 34
[426] = CNOT 5 40
[427] = T 5
[428] = CNOT 5 40
[429] = CNOT 5 30
[430] = CNOT 5 8
[431] = CNOT 8 12
[432] = CNOT 8 13
[433] = CNOT 8 18
[434] = CNOT 8 20
[435] = CNOT 8 30
[436] = CNOT 8 34
[437] = CNOT 8 35
[438] = CNOT 8 40
[439] = CNOT 8 45
[440] = T 8
[441] = CNOT 8 45
[442] = CNOT 8 40
[443] = CNOT 8 35
[444] = CNOT 8 34
[445] = CNOT 8 30
[446] = CNOT 8 20
[447] = CNOT 8 18
[448] = CNOT 8 13
[449] = CNOT 8 12
[450] = CNOT 4 8
[451] = CNOT 4 20
[452] = CNOT 4 34
[453] = CNOT 4 41
[454] = T 4
[455] = CNOT 4 45
[456] = CNOT 4 41
[457] = CNOT 4 29
[458] = CNOT 4 8
[459] = CNOT 8 18
[460] = CNOT 8 20
[461] = CNOT 8 29
[462] = CNOT 8 34
[463] = CNOT 8 35
[464] = CNOT 8 41
[465] = CNOT 8 45
[466] = T 8
[467] = CNOT 8 45
[468] = CNOT 8 41
[469] = CNOT 8 35
[470] = CNOT 8 34
[471] = CNOT 8 29
[472] = CNOT 8 20
[473] = CNOT 8 18
[474] = CNOT 3 8
[475] = CNOT 3 20
[476] = CNOT 3 34
[477] = CNOT 3 42
[478] = T 3
[479] = CNOT 3 42
[480] = CNOT 3 28
[481] = CNOT 3 8
[482] = CNOT 8 11
[483] = CNOT 8 16
[484] = CNOT 8 20
[485] = CNOT 8 28
[486] = CNOT 8 34
[487] = CNOT 8 42
[488] = CNOT 8 49
[489] = T 8
[490] = CNOT 8 42
[491] = CNOT 8 28
[492] = CNOT 14 27
[493] = CNOT 14 43
[494] = CNOT 14 47
[495] = CNOT 14 50
[496] = T 14
[497] = CNOT 14 50
[498] = CNOT 14 47
[499] = CNOT 14 43
[500] = CNOT 14 27
[501] = CNOT 1 2
[502] = CNOT 1 14
[503] = CNOT 1 27
[504] = CNOT 1 43
[505] = T 1
[506] = CNOT 1 2
[507] = CNOT 2 14
[508] = CNOT 2 27
[509] = CNOT 2 43
[510] = CNOT 2 47
[511] = CNOT 2 50
[512] = T 2
[513] = CNOT 2 50
[514] = CNOT 2 47
[515] = CNOT 2 43
[516] = CNOT 2 27
[517] = CNOT 2 14
[518] = T 1
[519] = CNOT 1 50
[520] = CNOT 1 47
[521] = CNOT 1 43
[522] = CNOT 1 27
[523] = CNOT 1 14
[524] = CNOT 8 44
[525] = T 8
[526] = CNOT 8 49
[527] = CNOT 8 44
[528] = CNOT 8 34
[529] = CNOT 8 20
[530] = CNOT 8 16
[531] = CNOT 8 11
[532] = CNOT 3 8
[533] = CNOT 3 44
[534] = T 3
[535] = CNOT 3 42
[536] = T 3
[537] = CNOT 3 49
[538] = CNOT 3 44
[539] = CNOT 3 42
[540] = CNOT 3 34
[541] = CNOT 3 20
[542] = CNOT 3 16
[543] = CNOT 3 11
[544] = CNOT 3 8
[545] = CNOT 8 11
[546] = CNOT 8 16
[547] = CNOT 8 20
[548] = CNOT 8 34
[549] = CNOT 8 42
[550] = CNOT 8 44
[551] = CNOT 8 49
[552] = T 8
[553] = CNOT 8 49
[554] = CNOT 8 44
[555] = CNOT 8 42
[556] = CNOT 8 34
[557] = CNOT 8 20
[558] = CNOT 8 16
[559] = CNOT 8 11
[560] = CNOT 15 48
[561] = T 15
[562] = Z 15
[563] = CNOT 15 48
[564] = CNOT 15 17
[565] = CNOT 4 8
[566] = T 4
[567] = CNOT 4 41
[568] = T 4
[569] = CNOT 4 41
[570] = CNOT 4 35
[571] = CNOT 4 34
[572] = CNOT 4 20
[573] = CNOT 4 18
[574] = CNOT 4 8
[575] = CNOT 8 18
[576] = CNOT 8 20
[577] = CNOT 8 34
[578] = CNOT 8 35
[579] = CNOT 8 41
[580] = T 8
[581] = CNOT 8 41
[582] = CNOT 8 12
[583] = CNOT 8 13
[584] = CNOT 8 45
[585] = CNOT 8 46
[586] = T 8
[587] = CNOT 8 46
[588] = CNOT 8 45
[589] = CNOT 8 35
[590] = CNOT 8 34
[591] = CNOT 8 20
[592] = CNOT 8 18
[593] = CNOT 8 13
[594] = CNOT 8 12
[595] = CNOT 5 8
[596] = CNOT 5 46
[597] = T 5
[598] = CNOT 5 40
[599] = T 5
[600] = CNOT 5 46
[601] = CNOT 5 45
[602] = CNOT 5 40
[603] = CNOT 5 35
[604] = CNOT 5 34
[605] = CNOT 5 20
[606] = CNOT 5 18
[607] = CNOT 5 13
[608] = CNOT 5 12
[609] = CNOT 5 8
[610] = CNOT 8 12
[611] = CNOT 8 13
[612] = CNOT 8 18
[613] = CNOT 8 20
[614] = CNOT 8 34
[615] = CNOT 8 35
[616] = CNOT 8 40
[617] = CNOT 8 45
[618] = CNOT 8 46
[619] = T 8
[620] = CNOT 8 46
[621] = CNOT 8 45
[622] = CNOT 8 40
[623] = CNOT 8 35
[624] = CNOT 8 34
[625] = CNOT 8 20
[626] = CNOT 8 18
[627] = CNOT 8 13
[628] = CNOT 8 12
[629] = S 1
[630] = S 2
[631] = S 3
[632] = S 4
[633] = Z 5
[634] = S 6
[635] = Z 6
[636] = S 7
[637] = Z 7
[638] = S 8
[639] = S 10
[640] = S 11
[641] = Z 11
[642] = Z 12
[643] = S 13
[644] = Z 14
[645] = S 15
[646] = Z 15
[647] = S 16
[648] = Z 16
[649] = S 17
[650] = Z 17
[651] = Z 18
[652] = S 19
[653] = S 20
[654] = Z 20
[655] = S 22
[656] = Z 22
[657] = S 23
[658] = S 24
[659] = Z 24
[660] = S 25
[661] = S 26
[662] = Z 26
[663] = Z 27
[664] = S 28
[665] = S 29
[666] = S 30
[667] = S 31
[668] = S 32
[669] = S 34
[670] = Z 34
[671] = S 35
[672] = Z 36
[673] = S 38
[674] = S 39
[675] = Z 39
[676] = S 40
[677] = S 41
[678] = Z 41
[679] = S 42
[680] = Z 43
[681] = S 44
[682] = S 46
[683] = Z 46
[684] = S 48
[685] = CNOT 1 14
[686] = S 1
[687] = CNOT 1 14
[688] = CNOT 1 27
[689] = S 1
[690] = CNOT 1 27
[691] = CNOT 1 43
[692] = S 1
[693] = CNOT 1 43
[694] = CNOT 1 47
[695] = S 1
[696] = CNOT 1 47
[697] = CNOT 1 50
[698] = S 1
[699] = CNOT 1 50
[700] = CNOT 2 14
[701] = S 2
[702] = CNOT 2 14
[703] = CNOT 2 27
[704] = S 2
[705] = CNOT 2 27
[706] = CNOT 2 43
[707] = S 2
[708] = CNOT 2 43
[709] = CNOT 2 47
[710] = S 2
[711] = CNOT 2 47
[712] = CNOT 2 50
[713] = S 2
[714] = CNOT 2 50
[715] = CNOT 3 8
[716] = S 3
[717] = CNOT 3 8
[718] = CNOT 3 11
[719] = S 3
[720] = Z 3
[721] = CNOT 3 11
[722] = CNOT 3 16
[723] = S 3
[724] = CNOT 3 16
[725] = CNOT 3 20
[726] = S 3
[727] = CNOT 3 20
[728] = CNOT 3 26
[729] = Z 3
[730] = CNOT 3 26
[731] = CNOT 3 28
[732] = S 3
[733] = Z 3
[734] = CNOT 3 28
[735] = CNOT 3 34
[736] = S 3
[737] = CNOT 3 34
[738] = CNOT 3 42
[739] = S 3
[740] = Z 3
[741] = CNOT 3 42
[742] = CNOT 3 44
[743] = S 3
[744] = Z 3
[745] = CNOT 3 44
[746] = CNOT 3 49
[747] = S 3
[748] = CNOT 3 49
[749] = CNOT 4 8
[750] = S 4
[751] = CNOT 4 8
[752] = CNOT 4 12
[753] = S 4
[754] = Z 4
[755] = CNOT 4 12
[756] = CNOT 4 18
[757] = S 4
[758] = CNOT 4 18
[759] = CNOT 4 20
[760] = S 4
[761] = CNOT 4 20
[762] = CNOT 4 25
[763] = S 4
[764] = Z 4
[765] = CNOT 4 25
[766] = CNOT 4 29
[767] = S 4
[768] = Z 4
[769] = CNOT 4 29
[770] = CNOT 4 34
[771] = S 4
[772] = CNOT 4 34
[773] = CNOT 4 35
[774] = S 4
[775] = CNOT 4 35
[776] = CNOT 4 41
[777] = Z 4
[778] = CNOT 4 41
[779] = CNOT 4 45
[780] = S 4
[781] = Z 4
[782] = CNOT 4 45
[783] = CNOT 5 8
[784] = S 5
[785] = Z 5
[786] = CNOT 5 8
[787] = CNOT 5 12
[788] = S 5
[789] = Z 5
[790] = CNOT 5 12
[791] = CNOT 5 13
[792] = S 5
[793] = Z 5
[794] = CNOT 5 13
[795] = CNOT 5 18
[796] = S 5
[797] = Z 5
[798] = CNOT 5 18
[799] = CNOT 5 20
[800] = S 5
[801] = Z 5
[802] = CNOT 5 20
[803] = CNOT 5 30
[804] = S 5
[805] = CNOT 5 30
[806] = CNOT 5 34
[807] = S 5
[808] = Z 5
[809] = CNOT 5 34
[810] = CNOT 5 35
[811] = S 5
[812] = Z 5
[813] = CNOT 5 35
[814] = CNOT 5 40
[815] = S 5
[816] = CNOT 5 40
[817] = CNOT 5 45
[818] = S 5
[819] = Z 5
[820] = CNOT 5 45
[821] = CNOT 5 46
[822] = S 5
[823] = CNOT 5 46
[824] = CNOT 6 14
[825] = S 6
[826] = Z 6
[827] = CNOT 6 14
[828] = CNOT 6 23
[829] = S 6
[830] = Z 6
[831] = CNOT 6 23
[832] = CNOT 6 31
[833] = S 6
[834] = Z 6
[835] = CNOT 6 31
[836] = CNOT 6 39
[837] = Z 6
[838] = CNOT 6 39
[839] = CNOT 6 47
[840] = S 6
[841] = Z 6
[842] = CNOT 6 47
[843] = CNOT 7 15
[844] = S 7
[845] = Z 7
[846] = CNOT 7 15
[847] = CNOT 7 22
[848] = Z 7
[849] = CNOT 7 22
[850] = CNOT 7 32
[851] = S 7
[852] = Z 7
[853] = CNOT 7 32
[854] = CNOT 7 38
[855] = S 7
[856] = Z 7
[857] = CNOT 7 38
[858] = CNOT 7 48
[859] = S 7
[860] = Z 7
[861] = CNOT 7 48
[862] = CNOT 8 10
[863] = S 8
[864] = CNOT 8 10
[865] = CNOT 8 11
[866] = S 8
[867] = CNOT 8 11
[868] = CNOT 8 12
[869] = S 8
[870] = Z 8
[871] = CNOT 8 12
[872] = CNOT 8 13
[873] = S 8
[874] = CNOT 8 13
[875] = CNOT 8 16
[876] = S 8
[877] = Z 8
[878] = CNOT 8 16
[879] = CNOT 8 18
[880] = Z 8
[881] = CNOT 8 18
[882] = CNOT 8 19
[883] = S 8
[884] = CNOT 8 19
[885] = CNOT 8 20
[886] = S 8
[887] = CNOT 8 20
[888] = CNOT 8 24
[889] = S 8
[890] = CNOT 8 24
[891] = CNOT 8 25
[892] = S 8
[893] = Z 8
[894] = CNOT 8 25
[895] = CNOT 8 26
[896] = S 8
[897] = CNOT 8 26
[898] = CNOT 8 28
[899] = S 8
[900] = Z 8
[901] = CNOT 8 28
[902] = CNOT 8 29
[903] = S 8
[904] = Z 8
[905] = CNOT 8 29
[906] = CNOT 8 30
[907] = S 8
[908] = Z 8
[909] = CNOT 8 30
[910] = CNOT 8 34
[911] = S 8
[912] = CNOT 8 34
[913] = CNOT 8 35
[914] = Z 8
[915] = CNOT 8 35
[916] = CNOT 8 37
[917] = S 8
[918] = Z 8
[919] = CNOT 8 37
[920] = CNOT 8 40
[921] = S 8
[922] = Z 8
[923] = CNOT 8 40
[924] = CNOT 8 41
[925] = S 8
[926] = CNOT 8 41
[927] = CNOT 8 42
[928] = S 8
[929] = Z 8
[930] = CNOT 8 42
[931] = CNOT 8 44
[932] = Z 8
[933] = CNOT 8 44
[934] = CNOT 8 45
[935] = Z 8
[936] = CNOT 8 45
[937] = CNOT 8 46
[938] = Z 8
[939] = CNOT 8 46
[940] = CNOT 9 20
[941] = S 9
[942] = CNOT 9 20
[943] = CNOT 9 34
[944] = S 9
[945] = CNOT 9 34
[946] = CNOT 9 36
[947] = S 9
[948] = CNOT 9 36
[949] = CNOT 10 18
[950] = S 10
[951] = CNOT 10 18
[952] = CNOT 10 20
[953] = S 10
[954] = CNOT 10 20
[955] = CNOT 10 34
[956] = S 10
[957] = CNOT 10 34
[958] = CNOT 10 35
[959] = S 10
[960] = CNOT 10 35
[961] = CNOT 11 16
[962] = S 11
[963] = CNOT 11 16
[964] = CNOT 11 20
[965] = S 11
[966] = CNOT 11 20
[967] = CNOT 11 26
[968] = S 11
[969] = Z 11
[970] = CNOT 11 26
[971] = CNOT 11 27
[972] = S 11
[973] = CNOT 11 27
[974] = CNOT 11 28
[975] = S 11
[976] = Z 11
[977] = CNOT 11 28
[978] = CNOT 11 34
[979] = S 11
[980] = CNOT 11 34
[981] = CNOT 11 42
[982] = S 11
[983] = Z 11
[984] = CNOT 11 42
[985] = CNOT 11 44
[986] = Z 11
[987] = CNOT 11 44
[988] = CNOT 11 49
[989] = S 11
[990] = CNOT 11 49
[991] = CNOT 12 13
[992] = S 12
[993] = CNOT 12 13
[994] = CNOT 12 18
[995] = S 12
[996] = Z 12
[997] = CNOT 12 18
[998] = CNOT 12 20
[999] = S 12
[1000] = Z 12
[1001] = CNOT 12 20
[1002] = CNOT 12 24
[1003] = S 12
[1004] = CNOT 12 24
[1005] = CNOT 12 25
[1006] = S 12
[1007] = Z 12
[1008] = CNOT 12 25
[1009] = CNOT 12 26
[1010] = S 12
[1011] = CNOT 12 26
[1012] = CNOT 12 30
[1013] = S 12
[1014] = Z 12
[1015] = CNOT 12 30
[1016] = CNOT 12 34
[1017] = S 12
[1018] = Z 12
[1019] = CNOT 12 34
[1020] = CNOT 12 35
[1021] = S 12
[1022] = Z 12
[1023] = CNOT 12 35
[1024] = CNOT 12 40
[1025] = S 12
[1026] = Z 12
[1027] = CNOT 12 40
[1028] = CNOT 12 45
[1029] = S 12
[1030] = Z 12
[1031] = CNOT 12 45
[1032] = CNOT 12 46
[1033] = Z 12
[1034] = CNOT 12 46
[1035] = CNOT 13 18
[1036] = S 13
[1037] = CNOT 13 18
[1038] = CNOT 13 20
[1039] = S 13
[1040] = CNOT 13 20
[1041] = CNOT 13 24
[1042] = S 13
[1043] = CNOT 13 24
[1044] = CNOT 13 25
[1045] = S 13
[1046] = CNOT 13 25
[1047] = CNOT 13 30
[1048] = S 13
[1049] = Z 13
[1050] = CNOT 13 30
[1051] = CNOT 13 34
[1052] = S 13
[1053] = CNOT 13 34
[1054] = CNOT 13 35
[1055] = S 13
[1056] = CNOT 13 35
[1057] = CNOT 13 40
[1058] = S 13
[1059] = Z 13
[1060] = CNOT 13 40
[1061] = CNOT 13 45
[1062] = S 13
[1063] = CNOT 13 45
[1064] = CNOT 13 46
[1065] = Z 13
[1066] = CNOT 13 46
[1067] = CNOT 14 23
[1068] = S 14
[1069] = Z 14
[1070] = CNOT 14 23
[1071] = CNOT 14 24
[1072] = S 14
[1073] = CNOT 14 24
[1074] = CNOT 14 27
[1075] = Z 14
[1076] = CNOT 14 27
[1077] = CNOT 14 43
[1078] = Z 14
[1079] = CNOT 14 43
[1080] = CNOT 15 17
[1081] = S 15
[1082] = CNOT 15 17
[1083] = CNOT 15 22
[1084] = S 15
[1085] = Z 15
[1086] = CNOT 15 22
[1087] = CNOT 15 23
[1088] = S 15
[1089] = CNOT 15 23
[1090] = CNOT 15 32
[1091] = S 15
[1092] = Z 15
[1093] = CNOT 15 32
[1094] = CNOT 15 38
[1095] = S 15
[1096] = Z 15
[1097] = CNOT 15 38
[1098] = CNOT 15 48
[1099] = Z 15
[1100] = CNOT 15 48
[1101] = CNOT 16 20
[1102] = S 16
[1103] = Z 16
[1104] = CNOT 16 20
[1105] = CNOT 16 22
[1106] = S 16
[1107] = CNOT 16 22
[1108] = CNOT 16 26
[1109] = S 16
[1110] = CNOT 16 26
[1111] = CNOT 16 28
[1112] = S 16
[1113] = Z 16
[1114] = CNOT 16 28
[1115] = CNOT 16 34
[1116] = S 16
[1117] = Z 16
[1118] = CNOT 16 34
[1119] = CNOT 16 42
[1120] = S 16
[1121] = Z 16
[1122] = CNOT 16 42
[1123] = CNOT 16 44
[1124] = Z 16
[1125] = CNOT 16 44
[1126] = CNOT 16 49
[1127] = S 16
[1128] = Z 16
[1129] = CNOT 16 49
[1130] = CNOT 17 21
[1131] = S 17
[1132] = CNOT 17 21
[1133] = CNOT 17 32
[1134] = S 17
[1135] = Z 17
[1136] = CNOT 17 32
[1137] = CNOT 17 38
[1138] = S 17
[1139] = Z 17
[1140] = CNOT 17 38
[1141] = CNOT 17 48
[1142] = Z 17
[1143] = CNOT 17 48
[1144] = CNOT 18 19
[1145] = S 18
[1146] = CNOT 18 19
[1147] = CNOT 18 20
[1148] = S 18
[1149] = Z 18
[1150] = CNOT 18 20
[1151] = CNOT 18 24
[1152] = S 18
[1153] = CNOT 18 24
[1154] = CNOT 18 25
[1155] = S 18
[1156] = Z 18
[1157] = CNOT 18 25
[1158] = CNOT 18 29
[1159] = S 18
[1160] = Z 18
[1161] = CNOT 18 29
[1162] = CNOT 18 30
[1163] = S 18
[1164] = Z 18
[1165] = CNOT 18 30
[1166] = CNOT 18 34
[1167] = Z 18
[1168] = CNOT 18 34
[1169] = CNOT 18 35
[1170] = Z 18
[1171] = CNOT 18 35
[1172] = CNOT 18 40
[1173] = S 18
[1174] = Z 18
[1175] = CNOT 18 40
[1176] = CNOT 18 41
[1177] = S 18
[1178] = CNOT 18 41
[1179] = CNOT 18 45
[1180] = Z 18
[1181] = CNOT 18 45
[1182] = CNOT 18 46
[1183] = Z 18
[1184] = CNOT 18 46
[1185] = CNOT 19 20
[1186] = S 19
[1187] = CNOT 19 20
[1188] = CNOT 19 34
[1189] = S 19
[1190] = CNOT 19 34
[1191] = CNOT 19 35
[1192] = S 19
[1193] = CNOT 19 35
[1194] = CNOT 20 21
[1195] = S 20
[1196] = CNOT 20 21
[1197] = CNOT 20 24
[1198] = S 20
[1199] = CNOT 20 24
[1200] = CNOT 20 25
[1201] = S 20
[1202] = Z 20
[1203] = CNOT 20 25
[1204] = CNOT 20 26
[1205] = S 20
[1206] = CNOT 20 26
[1207] = CNOT 20 28
[1208] = S 20
[1209] = Z 20
[1210] = CNOT 20 28
[1211] = CNOT 20 29
[1212] = S 20
[1213] = Z 20
[1214] = CNOT 20 29
[1215] = CNOT 20 30
[1216] = S 20
[1217] = Z 20
[1218] = CNOT 20 30
[1219] = CNOT 20 33
[1220] = S 20
[1221] = CNOT 20 33
[1222] = CNOT 20 34
[1223] = Z 20
[1224] = CNOT 20 34
[1225] = CNOT 20 35
[1226] = S 20
[1227] = Z 20
[1228] = CNOT 20 35
[1229] = CNOT 20 37
[1230] = S 20
[1231] = Z 20
[1232] = CNOT 20 37
[1233] = CNOT 20 40
[1234] = S 20
[1235] = Z 20
[1236] = CNOT 20 40
[1237] = CNOT 20 41
[1238] = S 20
[1239] = CNOT 20 41
[1240] = CNOT 20 42
[1241] = S 20
[1242] = Z 20
[1243] = CNOT 20 42
[1244] = CNOT 20 44
[1245] = Z 20
[1246] = CNOT 20 44
[1247] = CNOT 20 45
[1248] = Z 20
[1249] = CNOT 20 45
[1250] = CNOT 20 46
[1251] = Z 20
[1252] = CNOT 20 46
[1253] = CNOT 21 34
[1254] = Z 21
[1255] = CNOT 21 34
[1256] = CNOT 21 49
[1257] = S 21
[1258] = CNOT 21 49
[1259] = CNOT 22 32
[1260] = S 22
[1261] = Z 22
[1262] = CNOT 22 32
[1263] = CNOT 22 33
[1264] = S 22
[1265] = CNOT 22 33
[1266] = CNOT 23 31
[1267] = S 23
[1268] = Z 23
[1269] = CNOT 23 31
[1270] = CNOT 23 32
[1271] = S 23
[1272] = CNOT 23 32
[1273] = CNOT 23 47
[1274] = S 23
[1275] = Z 23
[1276] = CNOT 23 47
[1277] = CNOT 23 50
[1278] = S 23
[1279] = Z 23
[1280] = CNOT 23 50
[1281] = CNOT 24 30
[1282] = S 24
[1283] = CNOT 24 30
[1284] = CNOT 24 31
[1285] = S 24
[1286] = CNOT 24 31
[1287] = CNOT 24 34
[1288] = S 24
[1289] = CNOT 24 34
[1290] = CNOT 24 35
[1291] = S 24
[1292] = CNOT 24 35
[1293] = CNOT 24 45
[1294] = S 24
[1295] = CNOT 24 45
[1296] = CNOT 25 29
[1297] = S 25
[1298] = Z 25
[1299] = CNOT 25 29
[1300] = CNOT 25 30
[1301] = S 25
[1302] = CNOT 25 30
[1303] = CNOT 25 34
[1304] = S 25
[1305] = Z 25
[1306] = CNOT 25 34
[1307] = CNOT 25 35
[1308] = S 25
[1309] = Z 25
[1310] = CNOT 25 35
[1311] = CNOT 25 45
[1312] = S 25
[1313] = Z 25
[1314] = CNOT 25 45
[1315] = CNOT 26 28
[1316] = S 26
[1317] = Z 26
[1318] = CNOT 26 28
[1319] = CNOT 26 29
[1320] = S 26
[1321] = CNOT 26 29
[1322] = CNOT 26 34
[1323] = S 26
[1324] = CNOT 26 34
[1325] = CNOT 26 49
[1326] = S 26
[1327] = CNOT 26 49
[1328] = CNOT 27 28
[1329] = S 27
[1330] = CNOT 27 28
[1331] = CNOT 27 43
[1332] = Z 27
[1333] = CNOT 27 43
[1334] = CNOT 27 47
[1335] = Z 27
[1336] = CNOT 27 47
[1337] = CNOT 27 50
[1338] = Z 27
[1339] = CNOT 27 50
[1340] = CNOT 28 34
[1341] = S 28
[1342] = Z 28
[1343] = CNOT 28 34
[1344] = CNOT 28 42
[1345] = S 28
[1346] = Z 28
[1347] = CNOT 28 42
[1348] = CNOT 28 43
[1349] = S 28
[1350] = CNOT 28 43
[1351] = CNOT 28 49
[1352] = S 28
[1353] = Z 28
[1354] = CNOT 28 49
[1355] = CNOT 29 34
[1356] = S 29
[1357] = Z 29
[1358] = CNOT 29 34
[1359] = CNOT 29 35
[1360] = S 29
[1361] = Z 29
[1362] = CNOT 29 35
[1363] = CNOT 29 41
[1364] = S 29
[1365] = Z 29
[1366] = CNOT 29 41
[1367] = CNOT 29 42
[1368] = S 29
[1369] = CNOT 29 42
[1370] = CNOT 29 45
[1371] = S 29
[1372] = Z 29
[1373] = CNOT 29 45
[1374] = CNOT 30 34
[1375] = S 30
[1376] = Z 30
[1377] = CNOT 30 34
[1378] = CNOT 30 35
[1379] = S 30
[1380] = Z 30
[1381] = CNOT 30 35
[1382] = CNOT 30 40
[1383] = S 30
[1384] = CNOT 30 40
[1385] = CNOT 30 41
[1386] = S 30
[1387] = CNOT 30 41
[1388] = CNOT 30 45
[1389] = S 30
[1390] = Z 30
[1391] = CNOT 30 45
[1392] = CNOT 31 39
[1393] = S 31
[1394] = Z 31
[1395] = CNOT 31 39
[1396] = CNOT 31 40
[1397] = S 31
[1398] = CNOT 31 40
[1399] = CNOT 31 47
[1400] = S 31
[1401] = Z 31
[1402] = CNOT 31 47
[1403] = CNOT 31 50
[1404] = S 31
[1405] = Z 31
[1406] = CNOT 31 50
[1407] = CNOT 32 38
[1408] = S 32
[1409] = Z 32
[1410] = CNOT 32 38
[1411] = CNOT 32 39
[1412] = S 32
[1413] = CNOT 32 39
[1414] = CNOT 33 34
[1415] = S 33
[1416] = CNOT 33 34
[1417] = CNOT 33 38
[1418] = S 33
[1419] = CNOT 33 38
[1420] = CNOT 33 49
[1421] = S 33
[1422] = CNOT 33 49
[1423] = CNOT 34 35
[1424] = Z 34
[1425] = CNOT 34 35
[1426] = CNOT 34 40
[1427] = S 34
[1428] = Z 34
[1429] = CNOT 34 40
[1430] = CNOT 34 41
[1431] = S 34
[1432] = CNOT 34 41
[1433] = CNOT 34 42
[1434] = S 34
[1435] = Z 34
[1436] = CNOT 34 42
[1437] = CNOT 34 44
[1438] = Z 34
[1439] = CNOT 34 44
[1440] = CNOT 34 45
[1441] = Z 34
[1442] = CNOT 34 45
[1443] = CNOT 34 46
[1444] = Z 34
[1445] = CNOT 34 46
[1446] = CNOT 35 36
[1447] = S 35
[1448] = CNOT 35 36
[1449] = CNOT 35 40
[1450] = S 35
[1451] = Z 35
[1452] = CNOT 35 40
[1453] = CNOT 35 41
[1454] = S 35
[1455] = CNOT 35 41
[1456] = CNOT 35 45
[1457] = Z 35
[1458] = CNOT 35 45
[1459] = CNOT 35 46
[1460] = Z 35
[1461] = CNOT 35 46
[1462] = CNOT 37 50
[1463] = S 37
[1464] = CNOT 37 50
[1465] = CNOT 38 48
[1466] = S 38
[1467] = Z 38
[1468] = CNOT 38 48
[1469] = CNOT 38 49
[1470] = S 38
[1471] = CNOT 38 49
[1472] = CNOT 39 47
[1473] = S 39
[1474] = Z 39
[1475] = CNOT 39 47
[1476] = CNOT 39 48
[1477] = S 39
[1478] = CNOT 39 48
[1479] = CNOT 40 45
[1480] = S 40
[1481] = Z 40
[1482] = CNOT 40 45
[1483] = CNOT 40 46
[1484] = S 40
[1485] = CNOT 40 46
[1486] = CNOT 40 47
[1487] = S 40
[1488] = CNOT 40 47
[1489] = CNOT 41 45
[1490] = S 41
[1491] = Z 41
[1492] = CNOT 41 45
[1493] = CNOT 41 46
[1494] = S 41
[1495] = CNOT 41 46
[1496] = CNOT 42 44
[1497] = S 42
[1498] = Z 42
[1499] = CNOT 42 44
[1500] = CNOT 42 45
[1501] = S 42
[1502] = CNOT 42 45
[1503] = CNOT 42 49
[1504] = S 42
[1505] = Z 42
[1506] = CNOT 42 49
[1507] = CNOT 43 44
[1508] = S 43
[1509] = CNOT 43 44
[1510] = CNOT 43 47
[1511] = Z 43
[1512] = CNOT 43 47
[1513] = CNOT 43 50
[1514] = Z 43
[1515] = CNOT 43 50
[1516] = CNOT 44 49
[1517] = Z 44
[1518] = CNOT 44 49
[1519] = CNOT 45 46
[1520] = Z 45
[1521] = CNOT 45 46
[1522] = CNOT 47 50
[1523] = S 47
[1524] = Z 47
[1525] = CNOT 47 50
[1526] = CNOT 1 2
[1527] = CNOT 1 14
[1528] = S 1
[1529] = Z 1
[1530] = CNOT 1 14
[1531] = CNOT 1 47
[1532] = S 1
[1533] = Z 1
[1534] = CNOT 1 47
[1535] = CNOT 1 50
[1536] = S 1
[1537] = Z 1
[1538] = CNOT 1 50
[1539] = CNOT 1 2
[1540] = CNOT 1 14
[1541] = CNOT 1 27
[1542] = S 1
[1543] = Z 1
[1544] = CNOT 1 27
[1545] = CNOT 1 43
[1546] = S 1
[1547] = Z 1
[1548] = CNOT 1 43
[1549] = CNOT 1 47
[1550] = Z 1
[1551] = CNOT 1 47
[1552] = CNOT 1 50
[1553] = Z 1
[1554] = CNOT 1 50
[1555] = CNOT 1 14
[1556] = CNOT 1 27
[1557] = CNOT 1 43
[1558] = S 1
[1559] = Z 1
[1560] = CNOT 1 43
[1561] = CNOT 1 47
[1562] = S 1
[1563] = Z 1
[1564] = CNOT 1 47
[1565] = CNOT 1 50
[1566] = S 1
[1567] = Z 1
[1568] = CNOT 1 50
[1569] = CNOT 1 27
[1570] = CNOT 1 43
[1571] = CNOT 1 47
[1572] = S 1
[1573] = Z 1
[1574] = CNOT 1 47
[1575] = CNOT 1 50
[1576] = S 1
[1577] = Z 1
[1578] = CNOT 1 43
[1579] = CNOT 1 47
[1580] = Z 1
[1581] = CNOT 1 50
[1582] = CNOT 1 47
[1583] = CNOT 2 14
[1584] = CNOT 2 27
[1585] = S 2
[1586] = Z 2
[1587] = CNOT 2 27
[1588] = CNOT 2 43
[1589] = S 2
[1590] = Z 2
[1591] = CNOT 2 43
[1592] = CNOT 2 47
[1593] = Z 2
[1594] = CNOT 2 47
[1595] = CNOT 2 50
[1596] = Z 2
[1597] = CNOT 2 50
[1598] = CNOT 2 14
[1599] = CNOT 2 27
[1600] = CNOT 2 43
[1601] = S 2
[1602] = Z 2
[1603] = CNOT 2 43
[1604] = CNOT 2 47
[1605] = S 2
[1606] = Z 2
[1607] = CNOT 2 47
[1608] = CNOT 2 50
[1609] = S 2
[1610] = Z 2
[1611] = CNOT 2 50
[1612] = CNOT 2 27
[1613] = CNOT 2 43
[1614] = CNOT 2 47
[1615] = S 2
[1616] = Z 2
[1617] = CNOT 2 47
[1618] = CNOT 2 50
[1619] = S 2
[1620] = Z 2
[1621] = CNOT 2 43
[1622] = CNOT 2 47
[1623] = Z 2
[1624] = CNOT 2 50
[1625] = CNOT 2 47
[1626] = CNOT 3 8
[1627] = CNOT 3 11
[1628] = Z 3
[1629] = CNOT 3 11
[1630] = CNOT 3 16
[1631] = S 3
[1632] = CNOT 3 16
[1633] = CNOT 3 20
[1634] = S 3
[1635] = CNOT 3 20
[1636] = CNOT 3 26
[1637] = S 3
[1638] = Z 3
[1639] = CNOT 3 26
[1640] = CNOT 3 28
[1641] = S 3
[1642] = Z 3
[1643] = CNOT 3 28
[1644] = CNOT 3 34
[1645] = S 3
[1646] = CNOT 3 34
[1647] = CNOT 3 42
[1648] = S 3
[1649] = Z 3
[1650] = CNOT 3 42
[1651] = CNOT 3 44
[1652] = S 3
[1653] = Z 3
[1654] = CNOT 3 44
[1655] = CNOT 3 49
[1656] = S 3
[1657] = CNOT 3 49
[1658] = CNOT 3 8
[1659] = CNOT 3 11
[1660] = CNOT 3 16
[1661] = Z 3
[1662] = CNOT 3 16
[1663] = CNOT 3 20
[1664] = Z 3
[1665] = CNOT 3 20
[1666] = CNOT 3 28
[1667] = S 3
[1668] = Z 3
[1669] = CNOT 3 28
[1670] = CNOT 3 34
[1671] = Z 3
[1672] = CNOT 3 34
[1673] = CNOT 3 42
[1674] = S 3
[1675] = Z 3
[1676] = CNOT 3 42
[1677] = CNOT 3 44
[1678] = S 3
[1679] = Z 3
[1680] = CNOT 3 44
[1681] = CNOT 3 49
[1682] = Z 3
[1683] = CNOT 3 49
[1684] = CNOT 3 11
[1685] = CNOT 3 16
[1686] = CNOT 3 20
[1687] = S 3
[1688] = CNOT 3 20
[1689] = CNOT 3 26
[1690] = S 3
[1691] = Z 3
[1692] = CNOT 3 26
[1693] = CNOT 3 28
[1694] = S 3
[1695] = Z 3
[1696] = CNOT 3 28
[1697] = CNOT 3 34
[1698] = S 3
[1699] = CNOT 3 34
[1700] = CNOT 3 42
[1701] = S 3
[1702] = Z 3
[1703] = CNOT 3 42
[1704] = CNOT 3 44
[1705] = S 3
[1706] = Z 3
[1707] = CNOT 3 44
[1708] = CNOT 3 49
[1709] = S 3
[1710] = CNOT 3 49
[1711] = CNOT 3 16
[1712] = CNOT 3 20
[1713] = CNOT 3 26
[1714] = S 3
[1715] = Z 3
[1716] = CNOT 3 26
[1717] = CNOT 3 28
[1718] = S 3
[1719] = Z 3
[1720] = CNOT 3 28
[1721] = CNOT 3 34
[1722] = S 3
[1723] = CNOT 3 34
[1724] = CNOT 3 42
[1725] = S 3
[1726] = Z 3
[1727] = CNOT 3 42
[1728] = CNOT 3 44
[1729] = S 3
[1730] = Z 3
[1731] = CNOT 3 44
[1732] = CNOT 3 49
[1733] = S 3
[1734] = CNOT 3 49
[1735] = CNOT 3 20
[1736] = CNOT 3 26
[1737] = CNOT 3 34
[1738] = S 3
[1739] = Z 3
[1740] = CNOT 3 34
[1741] = CNOT 3 49
[1742] = S 3
[1743] = Z 3
[1744] = CNOT 3 49
[1745] = CNOT 3 26
[1746] = CNOT 3 28
[1747] = CNOT 3 34
[1748] = S 3
[1749] = Z 3
[1750] = CNOT 3 34
[1751] = CNOT 3 49
[1752] = S 3
[1753] = Z 3
[1754] = CNOT 3 49
[1755] = CNOT 3 28
[1756] = CNOT 3 34
[1757] = CNOT 3 42
[1758] = S 3
[1759] = Z 3
[1760] = CNOT 3 42
[1761] = CNOT 3 44
[1762] = S 3
[1763] = Z 3
[1764] = CNOT 3 44
[1765] = CNOT 3 49
[1766] = S 3
[1767] = CNOT 3 34
[1768] = CNOT 3 42
[1769] = S 3
[1770] = Z 3
[1771] = CNOT 3 42
[1772] = CNOT 3 44
[1773] = S 3
[1774] = Z 3
[1775] = CNOT 3 49
[1776] = CNOT 3 44
[1777] = CNOT 4 8
[1778] = CNOT 4 12
[1779] = S 4
[1780] = Z 4
[1781] = CNOT 4 12
[1782] = CNOT 4 18
[1783] = S 4
[1784] = CNOT 4 18
[1785] = CNOT 4 20
[1786] = S 4
[1787] = CNOT 4 20
[1788] = CNOT 4 25
[1789] = S 4
[1790] = Z 4
[1791] = CNOT 4 25
[1792] = CNOT 4 29
[1793] = S 4
[1794] = Z 4
[1795] = CNOT 4 29
[1796] = CNOT 4 34
[1797] = S 4
[1798] = CNOT 4 34
[1799] = CNOT 4 35
[1800] = S 4
[1801] = CNOT 4 35
[1802] = CNOT 4 41
[1803] = S 4
[1804] = Z 4
[1805] = CNOT 4 41
[1806] = CNOT 4 45
[1807] = Z 4
[1808] = CNOT 4 45
[1809] = CNOT 4 8
[1810] = CNOT 4 12
[1811] = CNOT 4 18
[1812] = S 4
[1813] = Z 4
[1814] = CNOT 4 18
[1815] = CNOT 4 20
[1816] = S 4
[1817] = Z 4
[1818] = CNOT 4 20
[1819] = CNOT 4 34
[1820] = S 4
[1821] = Z 4
[1822] = CNOT 4 34
[1823] = CNOT 4 35
[1824] = S 4
[1825] = Z 4
[1826] = CNOT 4 35
[1827] = CNOT 4 45
[1828] = S 4
[1829] = Z 4
[1830] = CNOT 4 45
[1831] = CNOT 4 12
[1832] = CNOT 4 18
[1833] = CNOT 4 20
[1834] = S 4
[1835] = CNOT 4 20
[1836] = CNOT 4 25
[1837] = S 4
[1838] = Z 4
[1839] = CNOT 4 25
[1840] = CNOT 4 29
[1841] = S 4
[1842] = Z 4
[1843] = CNOT 4 29
[1844] = CNOT 4 34
[1845] = S 4
[1846] = CNOT 4 34
[1847] = CNOT 4 35
[1848] = S 4
[1849] = CNOT 4 35
[1850] = CNOT 4 41
[1851] = S 4
[1852] = Z 4
[1853] = CNOT 4 41
[1854] = CNOT 4 45
[1855] = Z 4
[1856] = CNOT 4 45
[1857] = CNOT 4 18
[1858] = CNOT 4 20
[1859] = CNOT 4 25
[1860] = S 4
[1861] = Z 4
[1862] = CNOT 4 25
[1863] = CNOT 4 29
[1864] = S 4
[1865] = Z 4
[1866] = CNOT 4 29
[1867] = CNOT 4 34
[1868] = S 4
[1869] = CNOT 4 34
[1870] = CNOT 4 35
[1871] = S 4
[1872] = CNOT 4 35
[1873] = CNOT 4 41
[1874] = S 4
[1875] = Z 4
[1876] = CNOT 4 41
[1877] = CNOT 4 45
[1878] = Z 4
[1879] = CNOT 4 45
[1880] = CNOT 4 20
[1881] = CNOT 4 25
[1882] = CNOT 4 34
[1883] = S 4
[1884] = Z 4
[1885] = CNOT 4 34
[1886] = CNOT 4 35
[1887] = S 4
[1888] = Z 4
[1889] = CNOT 4 35
[1890] = CNOT 4 45
[1891] = S 4
[1892] = Z 4
[1893] = CNOT 4 45
[1894] = CNOT 4 25
[1895] = CNOT 4 29
[1896] = CNOT 4 34
[1897] = S 4
[1898] = Z 4
[1899] = CNOT 4 34
[1900] = CNOT 4 35
[1901] = S 4
[1902] = Z 4
[1903] = CNOT 4 35
[1904] = CNOT 4 45
[1905] = S 4
[1906] = Z 4
[1907] = CNOT 4 45
[1908] = CNOT 4 29
[1909] = CNOT 4 34
[1910] = CNOT 4 35
[1911] = S 4
[1912] = CNOT 4 35
[1913] = CNOT 4 41
[1914] = S 4
[1915] = Z 4
[1916] = CNOT 4 41
[1917] = CNOT 4 45
[1918] = Z 4
[1919] = CNOT 4 45
[1920] = CNOT 4 34
[1921] = CNOT 4 35
[1922] = CNOT 4 41
[1923] = S 4
[1924] = Z 4
[1925] = CNOT 4 41
[1926] = CNOT 4 45
[1927] = Z 4
[1928] = CNOT 4 45
[1929] = CNOT 4 35
[1930] = CNOT 5 8
[1931] = CNOT 5 12
[1932] = S 5
[1933] = CNOT 5 12
[1934] = CNOT 5 13
[1935] = Z 5
[1936] = CNOT 5 13
[1937] = CNOT 5 18
[1938] = S 5
[1939] = CNOT 5 18
[1940] = CNOT 5 20
[1941] = S 5
[1942] = CNOT 5 20
[1943] = CNOT 5 24
[1944] = S 5
[1945] = Z 5
[1946] = CNOT 5 24
[1947] = CNOT 5 30
[1948] = S 5
[1949] = Z 5
[1950] = CNOT 5 30
[1951] = CNOT 5 34
[1952] = S 5
[1953] = CNOT 5 34
[1954] = CNOT 5 35
[1955] = S 5
[1956] = CNOT 5 35
[1957] = CNOT 5 40
[1958] = S 5
[1959] = Z 5
[1960] = CNOT 5 40
[1961] = CNOT 5 45
[1962] = S 5
[1963] = CNOT 5 45
[1964] = CNOT 5 46
[1965] = S 5
[1966] = Z 5
[1967] = CNOT 5 46
[1968] = CNOT 5 8
[1969] = CNOT 5 12
[1970] = CNOT 5 13
[1971] = Z 5
[1972] = CNOT 5 13
[1973] = CNOT 5 18
[1974] = S 5
[1975] = CNOT 5 18
[1976] = CNOT 5 20
[1977] = S 5
[1978] = CNOT 5 20
[1979] = CNOT 5 24
[1980] = S 5
[1981] = Z 5
[1982] = CNOT 5 24
[1983] = CNOT 5 30
[1984] = S 5
[1985] = Z 5
[1986] = CNOT 5 30
[1987] = CNOT 5 34
[1988] = S 5
[1989] = CNOT 5 34
[1990] = CNOT 5 35
[1991] = S 5
[1992] = CNOT 5 35
[1993] = CNOT 5 40
[1994] = S 5
[1995] = Z 5
[1996] = CNOT 5 40
[1997] = CNOT 5 45
[1998] = S 5
[1999] = CNOT 5 45
[2000] = CNOT 5 46
[2001] = S 5
[2002] = Z 5
[2003] = CNOT 5 46
[2004] = CNOT 5 12
[2005] = CNOT 5 13
[2006] = CNOT 5 18
[2007] = Z 5
[2008] = CNOT 5 18
[2009] = CNOT 5 20
[2010] = Z 5
[2011] = CNOT 5 20
[2012] = CNOT 5 30
[2013] = S 5
[2014] = Z 5
[2015] = CNOT 5 30
[2016] = CNOT 5 34
[2017] = Z 5
[2018] = CNOT 5 34
[2019] = CNOT 5 35
[2020] = Z 5
[2021] = CNOT 5 35
[2022] = CNOT 5 40
[2023] = S 5
[2024] = Z 5
[2025] = CNOT 5 40
[2026] = CNOT 5 45
[2027] = Z 5
[2028] = CNOT 5 45
[2029] = CNOT 5 46
[2030] = S 5
[2031] = Z 5
[2032] = CNOT 5 46
[2033] = CNOT 5 13
[2034] = CNOT 5 18
[2035] = CNOT 5 20
[2036] = S 5
[2037] = CNOT 5 20
[2038] = CNOT 5 24
[2039] = S 5
[2040] = Z 5
[2041] = CNOT 5 24
[2042] = CNOT 5 30
[2043] = S 5
[2044] = Z 5
[2045] = CNOT 5 30
[2046] = CNOT 5 34
[2047] = S 5
[2048] = CNOT 5 34
[2049] = CNOT 5 35
[2050] = S 5
[2051] = CNOT 5 35
[2052] = CNOT 5 40
[2053] = S 5
[2054] = Z 5
[2055] = CNOT 5 40
[2056] = CNOT 5 45
[2057] = S 5
[2058] = CNOT 5 45
[2059] = CNOT 5 46
[2060] = S 5
[2061] = Z 5
[2062] = CNOT 5 46
[2063] = CNOT 5 18
[2064] = CNOT 5 20
[2065] = CNOT 5 24
[2066] = S 5
[2067] = Z 5
[2068] = CNOT 5 24
[2069] = CNOT 5 30
[2070] = S 5
[2071] = Z 5
[2072] = CNOT 5 30
[2073] = CNOT 5 34
[2074] = S 5
[2075] = CNOT 5 34
[2076] = CNOT 5 35
[2077] = S 5
[2078] = CNOT 5 35
[2079] = CNOT 5 40
[2080] = S 5
[2081] = Z 5
[2082] = CNOT 5 40
[2083] = CNOT 5 45
[2084] = S 5
[2085] = CNOT 5 45
[2086] = CNOT 5 46
[2087] = S 5
[2088] = Z 5
[2089] = CNOT 5 46
[2090] = CNOT 5 20
[2091] = CNOT 5 24
[2092] = CNOT 5 34
[2093] = S 5
[2094] = Z 5
[2095] = CNOT 5 34
[2096] = CNOT 5 35
[2097] = S 5
[2098] = Z 5
[2099] = CNOT 5 35
[2100] = CNOT 5 45
[2101] = S 5
[2102] = Z 5
[2103] = CNOT 5 45
[2104] = CNOT 5 24
[2105] = CNOT 5 30
[2106] = CNOT 5 34
[2107] = S 5
[2108] = Z 5
[2109] = CNOT 5 34
[2110] = CNOT 5 35
[2111] = S 5
[2112] = Z 5
[2113] = CNOT 5 35
[2114] = CNOT 5 45
[2115] = S 5
[2116] = Z 5
[2117] = CNOT 5 45
[2118] = CNOT 5 30
[2119] = CNOT 5 34
[2120] = CNOT 5 35
[2121] = S 5
[2122] = CNOT 5 35
[2123] = CNOT 5 40
[2124] = S 5
[2125] = Z 5
[2126] = CNOT 5 40
[2127] = CNOT 5 45
[2128] = S 5
[2129] = CNOT 5 45
[2130] = CNOT 5 46
[2131] = S 5
[2132] = Z 5
[2133] = CNOT 5 46
[2134] = CNOT 5 34
[2135] = CNOT 5 35
[2136] = CNOT 5 40
[2137] = S 5
[2138] = Z 5
[2139] = CNOT 5 40
[2140] = CNOT 5 45
[2141] = S 5
[2142] = CNOT 5 45
[2143] = CNOT 5 46
[2144] = S 5
[2145] = Z 5
[2146] = CNOT 5 46
[2147] = CNOT 5 35
[2148] = CNOT 5 40
[2149] = CNOT 5 45
[2150] = S 5
[2151] = Z 5
[2152] = CNOT 5 40
[2153] = CNOT 5 46
[2154] = S 5
[2155] = Z 5
[2156] = CNOT 5 46
[2157] = CNOT 5 45
[2158] = CNOT 6 14
[2159] = CNOT 6 47
[2160] = S 6
[2161] = Z 6
[2162] = CNOT 6 47
[2163] = CNOT 6 50
[2164] = S 6
[2165] = Z 6
[2166] = CNOT 6 50
[2167] = CNOT 6 14
[2168] = CNOT 6 23
[2169] = CNOT 6 47
[2170] = S 6
[2171] = Z 6
[2172] = CNOT 6 47
[2173] = CNOT 6 50
[2174] = S 6
[2175] = Z 6
[2176] = CNOT 6 50
[2177] = CNOT 6 23
[2178] = CNOT 6 31
[2179] = CNOT 6 47
[2180] = S 6
[2181] = Z 6
[2182] = CNOT 6 47
[2183] = CNOT 6 50
[2184] = S 6
[2185] = Z 6
[2186] = CNOT 6 31
[2187] = CNOT 6 47
[2188] = Z 6
[2189] = CNOT 6 50
[2190] = CNOT 6 47
[2191] = CNOT 7 15
[2192] = CNOT 7 17
[2193] = Z 7
[2194] = CNOT 7 17
[2195] = CNOT 7 32
[2196] = S 7
[2197] = Z 7
[2198] = CNOT 7 32
[2199] = CNOT 7 38
[2200] = S 7
[2201] = Z 7
[2202] = CNOT 7 38
[2203] = CNOT 7 48
[2204] = S 7
[2205] = Z 7
[2206] = CNOT 7 48
[2207] = CNOT 7 15
[2208] = CNOT 7 17
[2209] = CNOT 7 32
[2210] = S 7
[2211] = Z 7
[2212] = CNOT 7 32
[2213] = CNOT 7 38
[2214] = S 7
[2215] = Z 7
[2216] = CNOT 7 38
[2217] = CNOT 7 48
[2218] = S 7
[2219] = Z 7
[2220] = CNOT 7 48
[2221] = CNOT 7 17
[2222] = CNOT 8 10
[2223] = CNOT 8 18
[2224] = S 8
[2225] = Z 8
[2226] = CNOT 8 18
[2227] = CNOT 8 19
[2228] = S 8
[2229] = Z 8
[2230] = CNOT 8 19
[2231] = CNOT 8 20
[2232] = Z 8
[2233] = CNOT 8 20
[2234] = CNOT 8 34
[2235] = Z 8
[2236] = CNOT 8 34
[2237] = CNOT 8 35
[2238] = S 8
[2239] = Z 8
[2240] = CNOT 8 35
[2241] = CNOT 8 10
[2242] = CNOT 8 11
[2243] = CNOT 8 26
[2244] = S 8
[2245] = Z 8
[2246] = CNOT 8 26
[2247] = CNOT 8 28
[2248] = Z 8
[2249] = CNOT 8 28
[2250] = CNOT 8 42
[2251] = Z 8
[2252] = CNOT 8 42
[2253] = CNOT 8 44
[2254] = Z 8
[2255] = CNOT 8 44
[2256] = CNOT 8 11
[2257] = CNOT 8 12
[2258] = CNOT 8 18
[2259] = S 8
[2260] = CNOT 8 18
[2261] = CNOT 8 20
[2262] = S 8
[2263] = CNOT 8 20
[2264] = CNOT 8 24
[2265] = Z 8
[2266] = CNOT 8 24
[2267] = CNOT 8 25
[2268] = S 8
[2269] = Z 8
[2270] = CNOT 8 25
[2271] = CNOT 8 30
[2272] = Z 8
[2273] = CNOT 8 30
[2274] = CNOT 8 34
[2275] = S 8
[2276] = CNOT 8 34
[2277] = CNOT 8 35
[2278] = S 8
[2279] = CNOT 8 35
[2280] = CNOT 8 40
[2281] = Z 8
[2282] = CNOT 8 40
[2283] = CNOT 8 45
[2284] = S 8
[2285] = CNOT 8 45
[2286] = CNOT 8 46
[2287] = Z 8
[2288] = CNOT 8 46
[2289] = CNOT 8 12
[2290] = CNOT 8 13
[2291] = CNOT 8 24
[2292] = S 8
[2293] = Z 8
[2294] = CNOT 8 24
[2295] = CNOT 8 30
[2296] = Z 8
[2297] = CNOT 8 30
[2298] = CNOT 8 40
[2299] = Z 8
[2300] = CNOT 8 40
[2301] = CNOT 8 46
[2302] = Z 8
[2303] = CNOT 8 46
[2304] = CNOT 8 13
[2305] = CNOT 8 16
[2306] = CNOT 8 20
[2307] = Z 8
[2308] = CNOT 8 20
[2309] = CNOT 8 26
[2310] = Z 8
[2311] = CNOT 8 26
[2312] = CNOT 8 28
[2313] = Z 8
[2314] = CNOT 8 28
[2315] = CNOT 8 34
[2316] = Z 8
[2317] = CNOT 8 34
[2318] = CNOT 8 42
[2319] = Z 8
[2320] = CNOT 8 42
[2321] = CNOT 8 44
[2322] = Z 8
[2323] = CNOT 8 44
[2324] = CNOT 8 49
[2325] = Z 8
[2326] = CNOT 8 49
[2327] = CNOT 8 16
[2328] = CNOT 8 18
[2329] = CNOT 8 19
[2330] = S 8
[2331] = Z 8
[2332] = CNOT 8 19
[2333] = CNOT 8 24
[2334] = Z 8
[2335] = CNOT 8 24
[2336] = CNOT 8 25
[2337] = Z 8
[2338] = CNOT 8 25
[2339] = CNOT 8 29
[2340] = Z 8
[2341] = CNOT 8 29
[2342] = CNOT 8 30
[2343] = Z 8
[2344] = CNOT 8 30
[2345] = CNOT 8 40
[2346] = Z 8
[2347] = CNOT 8 40
[2348] = CNOT 8 41
[2349] = Z 8
[2350] = CNOT 8 41
[2351] = CNOT 8 45
[2352] = S 8
[2353] = Z 8
[2354] = CNOT 8 45
[2355] = CNOT 8 46
[2356] = Z 8
[2357] = CNOT 8 46
[2358] = CNOT 8 18
[2359] = CNOT 8 19
[2360] = CNOT 8 20
[2361] = Z 8
[2362] = CNOT 8 20
[2363] = CNOT 8 34
[2364] = Z 8
[2365] = CNOT 8 34
[2366] = CNOT 8 35
[2367] = S 8
[2368] = Z 8
[2369] = CNOT 8 35
[2370] = CNOT 8 19
[2371] = CNOT 8 20
[2372] = CNOT 8 21
[2373] = S 8
[2374] = Z 8
[2375] = CNOT 8 21
[2376] = CNOT 8 24
[2377] = Z 8
[2378] = CNOT 8 24
[2379] = CNOT 8 25
[2380] = Z 8
[2381] = CNOT 8 25
[2382] = CNOT 8 26
[2383] = Z 8
[2384] = CNOT 8 26
[2385] = CNOT 8 28
[2386] = Z 8
[2387] = CNOT 8 28
[2388] = CNOT 8 29
[2389] = Z 8
[2390] = CNOT 8 29
[2391] = CNOT 8 30
[2392] = Z 8
[2393] = CNOT 8 30
[2394] = CNOT 8 33
[2395] = S 8
[2396] = Z 8
[2397] = CNOT 8 33
[2398] = CNOT 8 34
[2399] = S 8
[2400] = Z 8
[2401] = CNOT 8 34
[2402] = CNOT 8 37
[2403] = S 8
[2404] = Z 8
[2405] = CNOT 8 37
[2406] = CNOT 8 40
[2407] = Z 8
[2408] = CNOT 8 40
[2409] = CNOT 8 41
[2410] = Z 8
[2411] = CNOT 8 41
[2412] = CNOT 8 42
[2413] = Z 8
[2414] = CNOT 8 42
[2415] = CNOT 8 44
[2416] = Z 8
[2417] = CNOT 8 44
[2418] = CNOT 8 45
[2419] = S 8
[2420] = Z 8
[2421] = CNOT 8 45
[2422] = CNOT 8 46
[2423] = Z 8
[2424] = CNOT 8 46
[2425] = CNOT 8 49
[2426] = S 8
[2427] = CNOT 8 49
[2428] = CNOT 8 20
[2429] = CNOT 8 21
[2430] = CNOT 8 34
[2431] = S 8
[2432] = Z 8
[2433] = CNOT 8 34
[2434] = CNOT 8 49
[2435] = S 8
[2436] = Z 8
[2437] = CNOT 8 49
[2438] = CNOT 8 21
[2439] = CNOT 8 24
[2440] = CNOT 8 30
[2441] = S 8
[2442] = Z 8
[2443] = CNOT 8 30
[2444] = CNOT 8 34
[2445] = Z 8
[2446] = CNOT 8 34
[2447] = CNOT 8 35
[2448] = Z 8
[2449] = CNOT 8 35
[2450] = CNOT 8 45
[2451] = Z 8
[2452] = CNOT 8 45
[2453] = CNOT 8 24
[2454] = CNOT 8 25
[2455] = CNOT 8 29
[2456] = S 8
[2457] = Z 8
[2458] = CNOT 8 29
[2459] = CNOT 8 34
[2460] = Z 8
[2461] = CNOT 8 34
[2462] = CNOT 8 35
[2463] = Z 8
[2464] = CNOT 8 35
[2465] = CNOT 8 45
[2466] = Z 8
[2467] = CNOT 8 45
[2468] = CNOT 8 25
[2469] = CNOT 8 26
[2470] = CNOT 8 28
[2471] = S 8
[2472] = Z 8
[2473] = CNOT 8 28
[2474] = CNOT 8 34
[2475] = Z 8
[2476] = CNOT 8 34
[2477] = CNOT 8 49
[2478] = Z 8
[2479] = CNOT 8 49
[2480] = CNOT 8 26
[2481] = CNOT 8 28
[2482] = CNOT 8 34
[2483] = Z 8
[2484] = CNOT 8 34
[2485] = CNOT 8 42
[2486] = S 8
[2487] = Z 8
[2488] = CNOT 8 42
[2489] = CNOT 8 49
[2490] = Z 8
[2491] = CNOT 8 49
[2492] = CNOT 8 28
[2493] = CNOT 8 29
[2494] = CNOT 8 34
[2495] = Z 8
[2496] = CNOT 8 34
[2497] = CNOT 8 35
[2498] = Z 8
[2499] = CNOT 8 35
[2500] = CNOT 8 41
[2501] = S 8
[2502] = Z 8
[2503] = CNOT 8 41
[2504] = CNOT 8 45
[2505] = Z 8
[2506] = CNOT 8 45
[2507] = CNOT 8 29
[2508] = CNOT 8 30
[2509] = CNOT 8 34
[2510] = Z 8
[2511] = CNOT 8 34
[2512] = CNOT 8 35
[2513] = Z 8
[2514] = CNOT 8 35
[2515] = CNOT 8 40
[2516] = S 8
[2517] = Z 8
[2518] = CNOT 8 40
[2519] = CNOT 8 45
[2520] = Z 8
[2521] = CNOT 8 45
[2522] = CNOT 8 30
[2523] = CNOT 8 33
[2524] = CNOT 8 34
[2525] = S 8
[2526] = Z 8
[2527] = CNOT 8 34
[2528] = CNOT 8 49
[2529] = S 8
[2530] = Z 8
[2531] = CNOT 8 49
[2532] = CNOT 8 33
[2533] = CNOT 8 34
[2534] = CNOT 8 37
[2535] = S 8
[2536] = Z 8
[2537] = CNOT 8 37
[2538] = CNOT 8 40
[2539] = Z 8
[2540] = CNOT 8 40
[2541] = CNOT 8 41
[2542] = Z 8
[2543] = CNOT 8 41
[2544] = CNOT 8 42
[2545] = Z 8
[2546] = CNOT 8 42
[2547] = CNOT 8 44
[2548] = Z 8
[2549] = CNOT 8 44
[2550] = CNOT 8 45
[2551] = S 8
[2552] = Z 8
[2553] = CNOT 8 45
[2554] = CNOT 8 46
[2555] = Z 8
[2556] = CNOT 8 46
[2557] = CNOT 8 49
[2558] = S 8
[2559] = CNOT 8 49
[2560] = CNOT 8 34
[2561] = CNOT 8 35
[2562] = CNOT 8 40
[2563] = Z 8
[2564] = CNOT 8 40
[2565] = CNOT 8 41
[2566] = Z 8
[2567] = CNOT 8 41
[2568] = CNOT 8 45
[2569] = S 8
[2570] = Z 8
[2571] = CNOT 8 45
[2572] = CNOT 8 46
[2573] = Z 8
[2574] = CNOT 8 46
[2575] = CNOT 8 35
[2576] = CNOT 8 40
[2577] = CNOT 8 45
[2578] = Z 8
[2579] = CNOT 8 45
[2580] = CNOT 8 46
[2581] = S 8
[2582] = Z 8
[2583] = CNOT 8 46
[2584] = CNOT 8 40
[2585] = CNOT 8 41
[2586] = CNOT 8 45
[2587] = S 8
[2588] = Z 8
[2589] = CNOT 8 45
[2590] = CNOT 8 41
[2591] = CNOT 8 42
[2592] = CNOT 8 44
[2593] = S 8
[2594] = Z 8
[2595] = CNOT 8 44
[2596] = CNOT 8 49
[2597] = Z 8
[2598] = CNOT 8 42
[2599] = CNOT 8 44
[2600] = Z 8
[2601] = CNOT 8 49
[2602] = CNOT 8 44
[2603] = CNOT 8 45
[2604] = CNOT 8 46
[2605] = Z 8
[2606] = CNOT 8 46
[2607] = CNOT 8 45
[2608] = CNOT 10 18
[2609] = CNOT 10 20
[2610] = S 10
[2611] = Z 10
[2612] = CNOT 10 20
[2613] = CNOT 10 34
[2614] = S 10
[2615] = Z 10
[2616] = CNOT 10 34
[2617] = CNOT 10 35
[2618] = S 10
[2619] = Z 10
[2620] = CNOT 10 35
[2621] = CNOT 10 18
[2622] = CNOT 10 19
[2623] = CNOT 10 20
[2624] = S 10
[2625] = Z 10
[2626] = CNOT 10 20
[2627] = CNOT 10 34
[2628] = S 10
[2629] = Z 10
[2630] = CNOT 10 19
[2631] = CNOT 10 20
[2632] = Z 10
[2633] = CNOT 10 34
[2634] = CNOT 10 35
[2635] = S 10
[2636] = Z 10
[2637] = CNOT 10 20
[2638] = CNOT 10 34
[2639] = S 10
[2640] = Z 10
[2641] = CNOT 10 35
[2642] = CNOT 10 34
[2643] = CNOT 11 16
[2644] = CNOT 11 26
[2645] = S 11
[2646] = Z 11
[2647] = CNOT 11 26
[2648] = CNOT 11 28
[2649] = Z 11
[2650] = CNOT 11 28
[2651] = CNOT 11 42
[2652] = Z 11
[2653] = CNOT 11 42
[2654] = CNOT 11 44
[2655] = Z 11
[2656] = CNOT 11 44
[2657] = CNOT 11 16
[2658] = CNOT 11 20
[2659] = CNOT 11 26
[2660] = S 11
[2661] = Z 11
[2662] = CNOT 11 26
[2663] = CNOT 11 28
[2664] = Z 11
[2665] = CNOT 11 28
[2666] = CNOT 11 42
[2667] = Z 11
[2668] = CNOT 11 42
[2669] = CNOT 11 44
[2670] = Z 11
[2671] = CNOT 11 44
[2672] = CNOT 11 20
[2673] = CNOT 11 26
[2674] = CNOT 11 28
[2675] = S 11
[2676] = Z 11
[2677] = CNOT 11 28
[2678] = CNOT 11 34
[2679] = S 11
[2680] = Z 11
[2681] = CNOT 11 34
[2682] = CNOT 11 49
[2683] = S 11
[2684] = Z 11
[2685] = CNOT 11 49
[2686] = CNOT 11 26
[2687] = CNOT 11 28
[2688] = CNOT 11 34
[2689] = Z 11
[2690] = CNOT 11 34
[2691] = CNOT 11 42
[2692] = S 11
[2693] = Z 11
[2694] = CNOT 11 42
[2695] = CNOT 11 49
[2696] = Z 11
[2697] = CNOT 11 49
[2698] = CNOT 11 28
[2699] = CNOT 11 34
[2700] = CNOT 11 42
[2701] = Z 11
[2702] = CNOT 11 42
[2703] = CNOT 11 44
[2704] = Z 11
[2705] = CNOT 11 34
[2706] = CNOT 11 42
[2707] = S 11
[2708] = Z 11
[2709] = CNOT 11 44
[2710] = CNOT 11 49
[2711] = Z 11
[2712] = CNOT 11 42
[2713] = CNOT 11 44
[2714] = Z 11
[2715] = CNOT 11 49
[2716] = CNOT 12 13
[2717] = CNOT 12 24
[2718] = S 12
[2719] = Z 12
[2720] = CNOT 12 24
[2721] = CNOT 12 30
[2722] = Z 12
[2723] = CNOT 12 30
[2724] = CNOT 12 40
[2725] = Z 12
[2726] = CNOT 12 40
[2727] = CNOT 12 46
[2728] = Z 12
[2729] = CNOT 12 46
[2730] = CNOT 12 13
[2731] = CNOT 12 18
[2732] = CNOT 12 20
[2733] = S 12
[2734] = CNOT 12 20
[2735] = CNOT 12 24
[2736] = Z 12
[2737] = CNOT 12 24
[2738] = CNOT 12 25
[2739] = S 12
[2740] = Z 12
[2741] = CNOT 12 25
[2742] = CNOT 12 30
[2743] = Z 12
[2744] = CNOT 12 30
[2745] = CNOT 12 34
[2746] = S 12
[2747] = CNOT 12 34
[2748] = CNOT 12 35
[2749] = S 12
[2750] = CNOT 12 35
[2751] = CNOT 12 40
[2752] = Z 12
[2753] = CNOT 12 40
[2754] = CNOT 12 45
[2755] = S 12
[2756] = CNOT 12 45
[2757] = CNOT 12 46
[2758] = Z 12
[2759] = CNOT 12 46
[2760] = CNOT 12 18
[2761] = CNOT 12 20
[2762] = CNOT 12 24
[2763] = Z 12
[2764] = CNOT 12 24
[2765] = CNOT 12 25
[2766] = S 12
[2767] = Z 12
[2768] = CNOT 12 25
[2769] = CNOT 12 30
[2770] = Z 12
[2771] = CNOT 12 30
[2772] = CNOT 12 34
[2773] = S 12
[2774] = CNOT 12 34
[2775] = CNOT 12 35
[2776] = S 12
[2777] = CNOT 12 35
[2778] = CNOT 12 40
[2779] = Z 12
[2780] = CNOT 12 40
[2781] = CNOT 12 45
[2782] = S 12
[2783] = CNOT 12 45
[2784] = CNOT 12 46
[2785] = Z 12
[2786] = CNOT 12 46
[2787] = CNOT 12 20
[2788] = CNOT 12 24
[2789] = CNOT 12 30
[2790] = S 12
[2791] = Z 12
[2792] = CNOT 12 30
[2793] = CNOT 12 34
[2794] = Z 12
[2795] = CNOT 12 34
[2796] = CNOT 12 35
[2797] = Z 12
[2798] = CNOT 12 35
[2799] = CNOT 12 45
[2800] = Z 12
[2801] = CNOT 12 45
[2802] = CNOT 12 24
[2803] = CNOT 12 25
[2804] = CNOT 12 34
[2805] = S 12
[2806] = Z 12
[2807] = CNOT 12 34
[2808] = CNOT 12 35
[2809] = S 12
[2810] = Z 12
[2811] = CNOT 12 35
[2812] = CNOT 12 45
[2813] = S 12
[2814] = Z 12
[2815] = CNOT 12 45
[2816] = CNOT 12 25
[2817] = CNOT 12 30
[2818] = CNOT 12 34
[2819] = Z 12
[2820] = CNOT 12 34
[2821] = CNOT 12 35
[2822] = Z 12
[2823] = CNOT 12 35
[2824] = CNOT 12 40
[2825] = S 12
[2826] = Z 12
[2827] = CNOT 12 40
[2828] = CNOT 12 45
[2829] = Z 12
[2830] = CNOT 12 45
[2831] = CNOT 12 30
[2832] = CNOT 12 34
[2833] = CNOT 12 35
[2834] = S 12
[2835] = CNOT 12 35
[2836] = CNOT 12 40
[2837] = Z 12
[2838] = CNOT 12 40
[2839] = CNOT 12 45
[2840] = S 12
[2841] = CNOT 12 45
[2842] = CNOT 12 46
[2843] = Z 12
[2844] = CNOT 12 46
[2845] = CNOT 12 34
[2846] = CNOT 12 35
[2847] = CNOT 12 40
[2848] = Z 12
[2849] = CNOT 12 40
[2850] = CNOT 12 45
[2851] = S 12
[2852] = CNOT 12 45
[2853] = CNOT 12 46
[2854] = Z 12
[2855] = CNOT 12 46
[2856] = CNOT 12 35
[2857] = CNOT 12 40
[2858] = CNOT 12 45
[2859] = Z 12
[2860] = CNOT 12 45
[2861] = CNOT 12 46
[2862] = S 12
[2863] = Z 12
[2864] = CNOT 12 40
[2865] = CNOT 12 45
[2866] = Z 12
[2867] = CNOT 12 46
[2868] = CNOT 13 18
[2869] = CNOT 13 24
[2870] = S 13
[2871] = Z 13
[2872] = CNOT 13 24
[2873] = CNOT 13 30
[2874] = Z 13
[2875] = CNOT 13 30
[2876] = CNOT 13 40
[2877] = Z 13
[2878] = CNOT 13 40
[2879] = CNOT 13 46
[2880] = Z 13
[2881] = CNOT 13 46
[2882] = CNOT 13 18
[2883] = CNOT 13 20
[2884] = CNOT 13 24
[2885] = S 13
[2886] = Z 13
[2887] = CNOT 13 24
[2888] = CNOT 13 30
[2889] = Z 13
[2890] = CNOT 13 30
[2891] = CNOT 13 40
[2892] = Z 13
[2893] = CNOT 13 40
[2894] = CNOT 13 46
[2895] = Z 13
[2896] = CNOT 13 46
[2897] = CNOT 13 20
[2898] = CNOT 13 24
[2899] = CNOT 13 30
[2900] = S 13
[2901] = Z 13
[2902] = CNOT 13 30
[2903] = CNOT 13 34
[2904] = S 13
[2905] = Z 13
[2906] = CNOT 13 34
[2907] = CNOT 13 35
[2908] = S 13
[2909] = Z 13
[2910] = CNOT 13 35
[2911] = CNOT 13 45
[2912] = S 13
[2913] = Z 13
[2914] = CNOT 13 45
[2915] = CNOT 13 24
[2916] = CNOT 13 30
[2917] = CNOT 13 34
[2918] = Z 13
[2919] = CNOT 13 34
[2920] = CNOT 13 35
[2921] = Z 13
[2922] = CNOT 13 35
[2923] = CNOT 13 40
[2924] = S 13
[2925] = Z 13
[2926] = CNOT 13 40
[2927] = CNOT 13 45
[2928] = Z 13
[2929] = CNOT 13 45
[2930] = CNOT 13 30
[2931] = CNOT 13 34
[2932] = CNOT 13 40
[2933] = Z 13
[2934] = CNOT 13 40
[2935] = CNOT 13 46
[2936] = Z 13
[2937] = CNOT 13 46
[2938] = CNOT 13 34
[2939] = CNOT 13 35
[2940] = CNOT 13 40
[2941] = Z 13
[2942] = CNOT 13 40
[2943] = CNOT 13 46
[2944] = Z 13
[2945] = CNOT 13 46
[2946] = CNOT 13 35
[2947] = CNOT 13 40
[2948] = CNOT 13 45
[2949] = Z 13
[2950] = CNOT 13 45
[2951] = CNOT 13 46
[2952] = S 13
[2953] = Z 13
[2954] = CNOT 13 40
[2955] = CNOT 13 45
[2956] = Z 13
[2957] = CNOT 13 45
[2958] = CNOT 14 23
[2959] = CNOT 14 47
[2960] = S 14
[2961] = Z 14
[2962] = CNOT 14 47
[2963] = CNOT 14 50
[2964] = S 14
[2965] = Z 14
[2966] = CNOT 14 50
[2967] = CNOT 14 23
[2968] = CNOT 14 27
[2969] = CNOT 14 43
[2970] = Z 14
[2971] = CNOT 14 43
[2972] = CNOT 14 47
[2973] = Z 14
[2974] = CNOT 14 47
[2975] = CNOT 14 50
[2976] = Z 14
[2977] = CNOT 14 50
[2978] = CNOT 14 27
[2979] = CNOT 14 43
[2980] = CNOT 14 47
[2981] = Z 14
[2982] = CNOT 14 47
[2983] = CNOT 14 50
[2984] = Z 14
[2985] = CNOT 14 43
[2986] = CNOT 14 47
[2987] = S 14
[2988] = Z 14
[2989] = CNOT 14 50
[2990] = CNOT 15 17
[2991] = CNOT 15 22
[2992] = S 15
[2993] = Z 15
[2994] = CNOT 15 22
[2995] = CNOT 15 32
[2996] = Z 15
[2997] = CNOT 15 32
[2998] = CNOT 15 38
[2999] = Z 15
[3000] = CNOT 15 38
[3001] = CNOT 15 17
[3002] = CNOT 15 22
[3003] = CNOT 15 32
[3004] = S 15
[3005] = Z 15
[3006] = CNOT 15 22
[3007] = CNOT 15 38
[3008] = S 15
[3009] = Z 15
[3010] = CNOT 15 32
[3011] = CNOT 15 48
[3012] = S 15
[3013] = Z 15
[3014] = CNOT 15 38
[3015] = CNOT 16 20
[3016] = CNOT 16 21
[3017] = S 16
[3018] = Z 16
[3019] = CNOT 16 21
[3020] = CNOT 16 26
[3021] = Z 16
[3022] = CNOT 16 26
[3023] = CNOT 16 28
[3024] = Z 16
[3025] = CNOT 16 28
[3026] = CNOT 16 34
[3027] = S 16
[3028] = CNOT 16 34
[3029] = CNOT 16 42
[3030] = Z 16
[3031] = CNOT 16 42
[3032] = CNOT 16 44
[3033] = Z 16
[3034] = CNOT 16 44
[3035] = CNOT 16 49
[3036] = S 16
[3037] = CNOT 16 49
[3038] = CNOT 16 20
[3039] = CNOT 16 21
[3040] = CNOT 16 34
[3041] = S 16
[3042] = Z 16
[3043] = CNOT 16 34
[3044] = CNOT 16 49
[3045] = S 16
[3046] = Z 16
[3047] = CNOT 16 49
[3048] = CNOT 16 21
[3049] = CNOT 16 26
[3050] = CNOT 16 28
[3051] = S 16
[3052] = Z 16
[3053] = CNOT 16 28
[3054] = CNOT 16 34
[3055] = Z 16
[3056] = CNOT 16 34
[3057] = CNOT 16 49
[3058] = Z 16
[3059] = CNOT 16 49
[3060] = CNOT 16 26
[3061] = CNOT 16 28
[3062] = CNOT 16 34
[3063] = Z 16
[3064] = CNOT 16 34
[3065] = CNOT 16 42
[3066] = S 16
[3067] = Z 16
[3068] = CNOT 16 42
[3069] = CNOT 16 49
[3070] = Z 16
[3071] = CNOT 16 49
[3072] = CNOT 16 28
[3073] = CNOT 16 34
[3074] = CNOT 16 42
[3075] = Z 16
[3076] = CNOT 16 42
[3077] = CNOT 16 44
[3078] = Z 16
[3079] = CNOT 16 44
[3080] = CNOT 16 49
[3081] = S 16
[3082] = CNOT 16 49
[3083] = CNOT 16 34
[3084] = CNOT 16 42
[3085] = CNOT 16 44
[3086] = S 16
[3087] = Z 16
[3088] = CNOT 16 44
[3089] = CNOT 16 49
[3090] = Z 16
[3091] = CNOT 16 42
[3092] = CNOT 16 44
[3093] = Z 16
[3094] = CNOT 16 44
[3095] = CNOT 17 22
[3096] = CNOT 17 32
[3097] = S 17
[3098] = Z 17
[3099] = CNOT 17 22
[3100] = CNOT 17 38
[3101] = S 17
[3102] = Z 17
[3103] = CNOT 17 32
[3104] = CNOT 17 48
[3105] = S 17
[3106] = Z 17
[3107] = CNOT 17 48
[3108] = CNOT 17 38
[3109] = CNOT 18 19
[3110] = CNOT 18 20
[3111] = S 18
[3112] = Z 18
[3113] = CNOT 18 20
[3114] = CNOT 18 34
[3115] = S 18
[3116] = Z 18
[3117] = CNOT 18 34
[3118] = CNOT 18 35
[3119] = S 18
[3120] = Z 18
[3121] = CNOT 18 35
[3122] = CNOT 18 19
[3123] = CNOT 18 20
[3124] = CNOT 18 24
[3125] = Z 18
[3126] = CNOT 18 24
[3127] = CNOT 18 25
[3128] = Z 18
[3129] = CNOT 18 25
[3130] = CNOT 18 29
[3131] = Z 18
[3132] = CNOT 18 29
[3133] = CNOT 18 30
[3134] = Z 18
[3135] = CNOT 18 30
[3136] = CNOT 18 40
[3137] = Z 18
[3138] = CNOT 18 40
[3139] = CNOT 18 41
[3140] = Z 18
[3141] = CNOT 18 41
[3142] = CNOT 18 45
[3143] = S 18
[3144] = Z 18
[3145] = CNOT 18 45
[3146] = CNOT 18 46
[3147] = Z 18
[3148] = CNOT 18 46
[3149] = CNOT 18 20
[3150] = CNOT 18 24
[3151] = CNOT 18 30
[3152] = S 18
[3153] = Z 18
[3154] = CNOT 18 30
[3155] = CNOT 18 34
[3156] = Z 18
[3157] = CNOT 18 34
[3158] = CNOT 18 35
[3159] = Z 18
[3160] = CNOT 18 35
[3161] = CNOT 18 45
[3162] = Z 18
[3163] = CNOT 18 45
[3164] = CNOT 18 24
[3165] = CNOT 18 25
[3166] = CNOT 18 29
[3167] = S 18
[3168] = Z 18
[3169] = CNOT 18 29
[3170] = CNOT 18 34
[3171] = Z 18
[3172] = CNOT 18 34
[3173] = CNOT 18 35
[3174] = Z 18
[3175] = CNOT 18 35
[3176] = CNOT 18 45
[3177] = Z 18
[3178] = CNOT 18 45
[3179] = CNOT 18 25
[3180] = CNOT 18 29
[3181] = CNOT 18 34
[3182] = Z 18
[3183] = CNOT 18 34
[3184] = CNOT 18 35
[3185] = Z 18
[3186] = CNOT 18 35
[3187] = CNOT 18 41
[3188] = S 18
[3189] = Z 18
[3190] = CNOT 18 41
[3191] = CNOT 18 45
[3192] = Z 18
[3193] = CNOT 18 45
[3194] = CNOT 18 29
[3195] = CNOT 18 30
[3196] = CNOT 18 34
[3197] = Z 18
[3198] = CNOT 18 34
[3199] = CNOT 18 35
[3200] = Z 18
[3201] = CNOT 18 35
[3202] = CNOT 18 40
[3203] = S 18
[3204] = Z 18
[3205] = CNOT 18 40
[3206] = CNOT 18 45
[3207] = Z 18
[3208] = CNOT 18 45
[3209] = CNOT 18 30
[3210] = CNOT 18 34
[3211] = CNOT 18 40
[3212] = Z 18
[3213] = CNOT 18 40
[3214] = CNOT 18 41
[3215] = Z 18
[3216] = CNOT 18 41
[3217] = CNOT 18 45
[3218] = S 18
[3219] = Z 18
[3220] = CNOT 18 45
[3221] = CNOT 18 46
[3222] = Z 18
[3223] = CNOT 18 46
[3224] = CNOT 18 34
[3225] = CNOT 18 35
[3226] = CNOT 18 40
[3227] = Z 18
[3228] = CNOT 18 40
[3229] = CNOT 18 41
[3230] = Z 18
[3231] = CNOT 18 41
[3232] = CNOT 18 45
[3233] = S 18
[3234] = Z 18
[3235] = CNOT 18 45
[3236] = CNOT 18 46
[3237] = Z 18
[3238] = CNOT 18 46
[3239] = CNOT 18 35
[3240] = CNOT 18 40
[3241] = CNOT 18 45
[3242] = Z 18
[3243] = CNOT 18 45
[3244] = CNOT 18 46
[3245] = S 18
[3246] = Z 18
[3247] = CNOT 18 46
[3248] = CNOT 18 40
[3249] = CNOT 18 41
[3250] = CNOT 18 45
[3251] = S 18
[3252] = Z 18
[3253] = CNOT 18 41
[3254] = CNOT 18 46
[3255] = Z 18
[3256] = CNOT 18 46
[3257] = CNOT 18 45
[3258] = CNOT 19 20
[3259] = CNOT 19 34
[3260] = Z 19
[3261] = CNOT 19 34
[3262] = CNOT 19 35
[3263] = S 19
[3264] = Z 19
[3265] = CNOT 19 20
[3266] = CNOT 19 34
[3267] = S 19
[3268] = Z 19
[3269] = CNOT 19 35
[3270] = CNOT 19 34
[3271] = CNOT 20 21
[3272] = CNOT 20 33
[3273] = S 20
[3274] = Z 20
[3275] = CNOT 20 33
[3276] = CNOT 20 34
[3277] = Z 20
[3278] = CNOT 20 34
[3279] = CNOT 20 49
[3280] = Z 20
[3281] = CNOT 20 49
[3282] = CNOT 20 21
[3283] = CNOT 20 24
[3284] = CNOT 20 30
[3285] = S 20
[3286] = Z 20
[3287] = CNOT 20 30
[3288] = CNOT 20 34
[3289] = Z 20
[3290] = CNOT 20 34
[3291] = CNOT 20 35
[3292] = Z 20
[3293] = CNOT 20 35
[3294] = CNOT 20 45
[3295] = Z 20
[3296] = CNOT 20 45
[3297] = CNOT 20 24
[3298] = CNOT 20 25
[3299] = CNOT 20 29
[3300] = S 20
[3301] = Z 20
[3302] = CNOT 20 29
[3303] = CNOT 20 34
[3304] = Z 20
[3305] = CNOT 20 34
[3306] = CNOT 20 35
[3307] = Z 20
[3308] = CNOT 20 35
[3309] = CNOT 20 45
[3310] = Z 20
[3311] = CNOT 20 45
[3312] = CNOT 20 25
[3313] = CNOT 20 26
[3314] = CNOT 20 28
[3315] = S 20
[3316] = Z 20
[3317] = CNOT 20 28
[3318] = CNOT 20 34
[3319] = Z 20
[3320] = CNOT 20 34
[3321] = CNOT 20 49
[3322] = Z 20
[3323] = CNOT 20 49
[3324] = CNOT 20 26
[3325] = CNOT 20 28
[3326] = CNOT 20 34
[3327] = Z 20
[3328] = CNOT 20 34
[3329] = CNOT 20 42
[3330] = S 20
[3331] = Z 20
[3332] = CNOT 20 42
[3333] = CNOT 20 49
[3334] = Z 20
[3335] = CNOT 20 49
[3336] = CNOT 20 28
[3337] = CNOT 20 29
[3338] = CNOT 20 34
[3339] = Z 20
[3340] = CNOT 20 34
[3341] = CNOT 20 35
[3342] = Z 20
[3343] = CNOT 20 35
[3344] = CNOT 20 41
[3345] = S 20
[3346] = Z 20
[3347] = CNOT 20 41
[3348] = CNOT 20 45
[3349] = Z 20
[3350] = CNOT 20 45
[3351] = CNOT 20 29
[3352] = CNOT 20 30
[3353] = CNOT 20 34
[3354] = Z 20
[3355] = CNOT 20 34
[3356] = CNOT 20 35
[3357] = Z 20
[3358] = CNOT 20 35
[3359] = CNOT 20 40
[3360] = S 20
[3361] = Z 20
[3362] = CNOT 20 40
[3363] = CNOT 20 45
[3364] = Z 20
[3365] = CNOT 20 45
[3366] = CNOT 20 30
[3367] = CNOT 20 33
[3368] = CNOT 20 34
[3369] = Z 20
[3370] = CNOT 20 34
[3371] = CNOT 20 37
[3372] = S 20
[3373] = Z 20
[3374] = CNOT 20 37
[3375] = CNOT 20 49
[3376] = Z 20
[3377] = CNOT 20 49
[3378] = CNOT 20 33
[3379] = CNOT 20 34
[3380] = CNOT 20 40
[3381] = Z 20
[3382] = CNOT 20 40
[3383] = CNOT 20 41
[3384] = Z 20
[3385] = CNOT 20 41
[3386] = CNOT 20 42
[3387] = Z 20
[3388] = CNOT 20 42
[3389] = CNOT 20 44
[3390] = Z 20
[3391] = CNOT 20 44
[3392] = CNOT 20 45
[3393] = S 20
[3394] = Z 20
[3395] = CNOT 20 45
[3396] = CNOT 20 46
[3397] = Z 20
[3398] = CNOT 20 46
[3399] = CNOT 20 49
[3400] = S 20
[3401] = Z 20
[3402] = CNOT 20 49
[3403] = CNOT 20 34
[3404] = CNOT 20 35
[3405] = CNOT 20 40
[3406] = Z 20
[3407] = CNOT 20 40
[3408] = CNOT 20 41
[3409] = Z 20
[3410] = CNOT 20 41
[3411] = CNOT 20 45
[3412] = S 20
[3413] = Z 20
[3414] = CNOT 20 45
[3415] = CNOT 20 46
[3416] = Z 20
[3417] = CNOT 20 46
[3418] = CNOT 20 35
[3419] = CNOT 20 37
[3420] = CNOT 20 49
[3421] = S 20
[3422] = Z 20
[3423] = CNOT 20 49
[3424] = CNOT 20 37
[3425] = CNOT 20 40
[3426] = CNOT 20 45
[3427] = Z 20
[3428] = CNOT 20 45
[3429] = CNOT 20 46
[3430] = S 20
[3431] = Z 20
[3432] = CNOT 20 46
[3433] = CNOT 20 40
[3434] = CNOT 20 41
[3435] = CNOT 20 45
[3436] = S 20
[3437] = Z 20
[3438] = CNOT 20 45
[3439] = CNOT 20 41
[3440] = CNOT 20 42
[3441] = CNOT 20 44
[3442] = S 20
[3443] = Z 20
[3444] = CNOT 20 44
[3445] = CNOT 20 49
[3446] = Z 20
[3447] = CNOT 20 42
[3448] = CNOT 20 44
[3449] = Z 20
[3450] = CNOT 20 49
[3451] = CNOT 20 44
[3452] = CNOT 20 45
[3453] = CNOT 20 46
[3454] = Z 20
[3455] = CNOT 20 46
[3456] = CNOT 20 45
[3457] = CNOT 21 33
[3458] = CNOT 21 34
[3459] = S 21
[3460] = Z 21
[3461] = CNOT 21 34
[3462] = CNOT 21 49
[3463] = S 21
[3464] = Z 21
[3465] = CNOT 21 33
[3466] = CNOT 21 34
[3467] = Z 21
[3468] = CNOT 21 49
[3469] = CNOT 21 34
[3470] = CNOT 23 31
[3471] = CNOT 23 47
[3472] = S 23
[3473] = Z 23
[3474] = CNOT 23 47
[3475] = CNOT 23 50
[3476] = S 23
[3477] = Z 23
[3478] = CNOT 23 31
[3479] = CNOT 23 47
[3480] = Z 23
[3481] = CNOT 23 50
[3482] = CNOT 23 47
[3483] = CNOT 24 30
[3484] = CNOT 24 34
[3485] = S 24
[3486] = Z 24
[3487] = CNOT 24 34
[3488] = CNOT 24 35
[3489] = S 24
[3490] = Z 24
[3491] = CNOT 24 35
[3492] = CNOT 24 45
[3493] = S 24
[3494] = Z 24
[3495] = CNOT 24 45
[3496] = CNOT 24 30
[3497] = CNOT 24 34
[3498] = CNOT 24 35
[3499] = Z 24
[3500] = CNOT 24 35
[3501] = CNOT 24 45
[3502] = Z 24
[3503] = CNOT 24 34
[3504] = CNOT 24 35
[3505] = Z 24
[3506] = CNOT 24 45
[3507] = CNOT 24 35
[3508] = CNOT 25 29
[3509] = CNOT 25 34
[3510] = S 25
[3511] = Z 25
[3512] = CNOT 25 34
[3513] = CNOT 25 35
[3514] = S 25
[3515] = Z 25
[3516] = CNOT 25 35
[3517] = CNOT 25 45
[3518] = S 25
[3519] = Z 25
[3520] = CNOT 25 45
[3521] = CNOT 25 29
[3522] = CNOT 25 34
[3523] = CNOT 25 35
[3524] = Z 25
[3525] = CNOT 25 35
[3526] = CNOT 25 45
[3527] = Z 25
[3528] = CNOT 25 34
[3529] = CNOT 25 35
[3530] = Z 25
[3531] = CNOT 25 45
[3532] = CNOT 25 35
[3533] = CNOT 26 28
[3534] = CNOT 26 34
[3535] = S 26
[3536] = Z 26
[3537] = CNOT 26 34
[3538] = CNOT 26 49
[3539] = S 26
[3540] = Z 26
[3541] = CNOT 26 28
[3542] = CNOT 26 34
[3543] = Z 26
[3544] = CNOT 26 49
[3545] = CNOT 26 34
[3546] = CNOT 27 43
[3547] = CNOT 27 47
[3548] = Z 27
[3549] = CNOT 27 47
[3550] = CNOT 27 50
[3551] = Z 27
[3552] = CNOT 27 43
[3553] = CNOT 27 47
[3554] = Z 27
[3555] = CNOT 27 50
[3556] = CNOT 27 47
[3557] = CNOT 28 34
[3558] = CNOT 28 42
[3559] = S 28
[3560] = Z 28
[3561] = CNOT 28 42
[3562] = CNOT 28 49
[3563] = Z 28
[3564] = CNOT 28 34
[3565] = CNOT 28 42
[3566] = S 28
[3567] = Z 28
[3568] = CNOT 28 49
[3569] = CNOT 28 42
[3570] = CNOT 29 34
[3571] = CNOT 29 35
[3572] = Z 29
[3573] = CNOT 29 35
[3574] = CNOT 29 41
[3575] = S 29
[3576] = Z 29
[3577] = CNOT 29 41
[3578] = CNOT 29 45
[3579] = Z 29
[3580] = CNOT 29 45
[3581] = CNOT 29 34
[3582] = CNOT 29 35
[3583] = CNOT 29 41
[3584] = S 29
[3585] = Z 29
[3586] = CNOT 29 41
[3587] = CNOT 29 45
[3588] = Z 29
[3589] = CNOT 29 35
[3590] = CNOT 29 41
[3591] = S 29
[3592] = Z 29
[3593] = CNOT 29 41
[3594] = CNOT 30 34
[3595] = CNOT 30 35
[3596] = Z 30
[3597] = CNOT 30 35
[3598] = CNOT 30 40
[3599] = S 30
[3600] = Z 30
[3601] = CNOT 30 40
[3602] = CNOT 30 45
[3603] = Z 30
[3604] = CNOT 30 45
[3605] = CNOT 30 34
[3606] = CNOT 30 35
[3607] = CNOT 30 40
[3608] = S 30
[3609] = Z 30
[3610] = CNOT 30 40
[3611] = CNOT 30 45
[3612] = Z 30
[3613] = CNOT 30 35
[3614] = CNOT 30 40
[3615] = S 30
[3616] = Z 30
[3617] = CNOT 30 45
[3618] = CNOT 30 40
[3619] = CNOT 31 39
[3620] = CNOT 31 47
[3621] = S 31
[3622] = Z 31
[3623] = CNOT 31 47
[3624] = CNOT 31 50
[3625] = S 31
[3626] = Z 31
[3627] = CNOT 31 39
[3628] = CNOT 31 47
[3629] = Z 31
[3630] = CNOT 31 50
[3631] = CNOT 33 34
[3632] = CNOT 33 37
[3633] = S 33
[3634] = Z 33
[3635] = CNOT 33 37
[3636] = CNOT 33 49
[3637] = Z 33
[3638] = CNOT 33 34
[3639] = CNOT 33 37
[3640] = S 33
[3641] = Z 33
[3642] = CNOT 33 37
[3643] = CNOT 34 35
[3644] = CNOT 34 40
[3645] = Z 34
[3646] = CNOT 34 40
[3647] = CNOT 34 41
[3648] = Z 34
[3649] = CNOT 34 41
[3650] = CNOT 34 45
[3651] = S 34
[3652] = Z 34
[3653] = CNOT 34 45
[3654] = CNOT 34 46
[3655] = Z 34
[3656] = CNOT 34 46
[3657] = CNOT 34 35
[3658] = CNOT 34 37
[3659] = CNOT 34 49
[3660] = S 34
[3661] = Z 34
[3662] = CNOT 34 49
[3663] = CNOT 34 37
[3664] = CNOT 34 40
[3665] = CNOT 34 45
[3666] = Z 34
[3667] = CNOT 34 45
[3668] = CNOT 34 46
[3669] = S 34
[3670] = Z 34
[3671] = CNOT 34 46
[3672] = CNOT 34 40
[3673] = CNOT 34 41
[3674] = CNOT 34 45
[3675] = S 34
[3676] = Z 34
[3677] = CNOT 34 45
[3678] = CNOT 34 41
[3679] = CNOT 34 42
[3680] = CNOT 34 44
[3681] = S 34
[3682] = Z 34
[3683] = CNOT 34 44
[3684] = CNOT 34 49
[3685] = Z 34
[3686] = CNOT 34 42
[3687] = CNOT 34 44
[3688] = Z 34
[3689] = CNOT 34 49
[3690] = CNOT 34 44
[3691] = CNOT 34 45
[3692] = CNOT 34 46
[3693] = Z 34
[3694] = CNOT 34 46
[3695] = CNOT 34 45
[3696] = CNOT 35 40
[3697] = CNOT 35 45
[3698] = Z 35
[3699] = CNOT 35 45
[3700] = CNOT 35 46
[3701] = S 35
[3702] = Z 35
[3703] = CNOT 35 46
[3704] = CNOT 35 40
[3705] = CNOT 35 41
[3706] = CNOT 35 45
[3707] = S 35
[3708] = Z 35
[3709] = CNOT 35 41
[3710] = CNOT 35 46
[3711] = Z 35
[3712] = CNOT 35 46
[3713] = CNOT 35 45
[3714] = CNOT 39 47
[3715] = CNOT 39 50
[3716] = S 39
[3717] = Z 39
[3718] = CNOT 39 50
[3719] = CNOT 39 47
[3720] = CNOT 40 45
[3721] = CNOT 40 46
[3722] = S 40
[3723] = Z 40
[3724] = CNOT 40 46
[3725] = CNOT 40 45
[3726] = CNOT 42 44
[3727] = CNOT 42 49
[3728] = S 42
[3729] = Z 42
[3730] = CNOT 42 49
[3731] = CNOT 42 44
[3732] = CNOT 43 47
[3733] = CNOT 43 50
[3734] = Z 43
[3735] = CNOT 43 50
[3736] = CNOT 43 47
[3737] = CNOT 37 50
[3738] = CNOT 34 50
[3739] = CNOT 21 50
[3740] = CNOT 17 50
[3741] = CNOT 38 49
[3742] = CNOT 22 49
[3743] = CNOT 39 48
[3744] = CNOT 32 48
[3745] = CNOT 23 48
[3746] = CNOT 40 47
[3747] = CNOT 24 47
[3748] = CNOT 41 46
[3749] = CNOT 30 46
[3750] = CNOT 25 46
[3751] = CNOT 42 45
[3752] = CNOT 26 45
[3753] = CNOT 43 44
[3754] = CNOT 28 44
[3755] = CNOT 27 44
[3756] = CNOT 44 43
[3757] = CNOT 43 44
[3758] = CNOT 45 42
[3759] = CNOT 42 45
[3760] = CNOT 46 41
[3761] = CNOT 41 46
[3762] = CNOT 47 40
[3763] = CNOT 40 47
[3764] = CNOT 48 39
[3765] = CNOT 39 48
[3766] = CNOT 49 38
[3767] = CNOT 38 49
[3768] = CNOT 50 37
[3769] = CNOT 37 50
[3770] = CNOT 35 36
[3771] = CNOT 20 36
[3772] = CNOT 18 36
[3773] = CNOT 36 35
[3774] = CNOT 35 36
[3775] = CNOT 37 34
[3776] = CNOT 34 37
[3777] = CNOT 38 33
[3778] = CNOT 33 38
[3779] = CNOT 39 32
[3780] = CNOT 32 39
[3781] = CNOT 40 31
[3782] = CNOT 31 40
[3783] = CNOT 41 30
[3784] = CNOT 30 41
[3785] = CNOT 42 29
[3786] = CNOT 29 42
[3787] = CNOT 43 28
[3788] = CNOT 28 43
[3789] = CNOT 28 27
[3790] = CNOT 27 28
[3791] = CNOT 29 26
[3792] = CNOT 26 29
[3793] = CNOT 30 25
[3794] = CNOT 25 30
[3795] = CNOT 31 24
[3796] = CNOT 24 31
[3797] = CNOT 32 23
[3798] = CNOT 23 32
[3799] = CNOT 33 22
[3800] = CNOT 22 33
[3801] = CNOT 34 21
[3802] = CNOT 21 34
[3803] = CNOT 35 20
[3804] = CNOT 20 35
[3805] = CNOT 20 18
[3806] = CNOT 18 20
[3807] = CNOT 21 17
[3808] = CNOT 17 21
[3809] = CNOT 22 16
[3810] = CNOT 16 22
[3811] = CNOT 23 15
[3812] = CNOT 15 23
[3813] = CNOT 24 14
[3814] = CNOT 14 24
[3815] = CNOT 25 13
[3816] = CNOT 13 25
[3817] = CNOT 26 12
[3818] = CNOT 12 26
[3819] = CNOT 27 11
[3820] = CNOT 11 27
[3821] = H 20
[3822] = M 20
[3823] = H 21
[3824] = M 21
[3825] = H 22
[3826] = M 22
[3827] = H 23
[3828] = M 23
[3829] = H 24
[3830] = M 24
[3831] = H 25
[3832] = M 25
[3833] = H 26
[3834] = M 26
[3835] = H 27
[3836] = M 27
[3837] = H 28
[3838] = M 28
[3839] = H 29
[3840] = M 29
[3841] = H 30
[3842] = M 30
[3843] = H 31
[3844] = M 31
[3845] = H 32
[3846] = M 32
[3847] = H 33
[3848] = M 33
[3849] = H 34
[3850] = M 34
[3851] = H 35
[3852] = M 35
[3853] = H 36
[3854] = M 36
[3855] = H 37
[3856] = M 37
[3857] = H 38
[3858] = M 38
[3859] = H 39
[3860] = M 39
[3861] = H 40
[3862] = M 40
[3863] = H 41
[3864] = M 41
[3865] = H 42
[3866] = M 42
[3867] = H 43
[3868] = M 43
[3869] = H 44
[3870] = M 44
[3871] = H 45
[3872] = M 45
[3873] = H 46
[3874] = M 46
[3875] = H 47
[3876] = M 47
[3877] = H 48
[3878] = M 48
[3879] = H 49
[3880] = M 49
[3881] = H 50
[3882] = M 50
[3883] = H 18
[3884] = H 19
Gate distributions:
Input:
Operator distribution:
Total number of qubits = 19
Number of `data' qubits = 19
Number of `Toff_n' ancillas = 0
Number of Hadamard ancillas = 0
Hadamard ancilla cap = infinite
Number of {CNOT,T} partitions = 1
T count = 224
Cost estimation = 112034
	id	Count
	0	0
	1	0
	2	0
	3	34
	4	0
	5	0
	6	0
	7	0
	8	0
	9	0
	10	32
	11	0
	12	0
	13	0
	14	0
	15	0
	16	0
	17	0
	18	0
Output:
Operator distribution:
Total number of qubits = 50
Number of `data' qubits = 19
Number of `Toff_n' ancillas = 0
Number of Hadamard ancillas = 31
Hadamard ancilla cap = infinite
Number of {CNOT,T} partitions = 1
T count = 84
Cost estimation = 45816.5
	id	Count
	0	0
	1	0
	2	0
	3	65
	4	2479
	5	84
	6	0
	7	0
	8	0
	9	0
	10	0
	11	560
	12	0
	13	666
	14	0
	15	0
	16	0
	17	0
	18	31
Output T Count (SQC_Circuit) = 84
Output T Count (PhasePolynomial) = 84
Fail count = 0

Execution time: 59.3038s
Number of LCL errors: 0
Number of LCL warnings: 0
