Optimize a Clifford + T circuit.
Input filename = /home/ryo-mtmt/TOpt/forme/tpar_benchmark/csum_mux_9.tfc
Number of unknown gates = 0
Number of unknown qubit labels = 0
Circuit filename: /home/ryo-mtmt/TOpt/forme/tpar_benchmark/csum_mux_9.tfc

n 30
n_x 30
n_y 0
n_z 0
m 101
[0] = H 5
[1] = H 6
[2] = H 11
[3] = H 12
[4] = H 19
[5] = H 20
[6] = H 25
[7] = H 26
[8] = CCZ 1 4 5
[9] = CCZ 2 3 6
[10] = CCZ 7 10 11
[11] = CCZ 8 9 12
[12] = CCZ 15 18 19
[13] = CCZ 16 17 20
[14] = CCZ 21 24 25
[15] = CCZ 22 23 26
[16] = CCZ 1 3 5
[17] = CCZ 2 4 6
[18] = CCZ 7 9 11
[19] = CCZ 8 10 12
[20] = CCZ 15 17 19
[21] = CCZ 16 18 20
[22] = CCZ 21 23 25
[23] = CCZ 22 24 26
[24] = H 5
[25] = H 6
[26] = H 11
[27] = H 12
[28] = H 19
[29] = H 20
[30] = H 25
[31] = H 26
[32] = H 13
[33] = H 14
[34] = H 27
[35] = H 28
[36] = CCZ 5 11 13
[37] = CCZ 6 12 14
[38] = CCZ 19 25 27
[39] = CCZ 20 26 28
[40] = CCZ 6 11 13
[41] = CCZ 5 12 14
[42] = CCZ 20 25 27
[43] = CCZ 19 26 28
[44] = H 13
[45] = H 14
[46] = H 27
[47] = H 28
[48] = H 29
[49] = H 30
[50] = CCZ 13 27 29
[51] = CCZ 14 28 30
[52] = CCZ 14 27 29
[53] = CCZ 13 28 30
[54] = H 29
[55] = H 30

Algorithm used: todd

UniversalOptimize begin.
	Gate synthesis begin.

--- Testing Hamming Distance Version ---
in LempelX2_M4RI_Hamming　安定版　m4ri
		Round = 0 (Start m: 84)
--- Hamming Distance Stats ---
 Dist 1: 56 pairs
 Dist 2: 126 pairs
 Dist 3: 112 pairs
 Dist 4: 1442 pairs
 Dist 5: 1400 pairs
 Dist 6: 350 pairs
-------------------------------
  [HIT!] Dist=4 | Deleted: 2 cols
>> Round 0 Result: Hit Rate = 0.338983% (1/295)
		Round = 1 (Start m: 82)
--- Hamming Distance Stats ---
 Dist 1: 54 pairs
 Dist 2: 119 pairs
 Dist 3: 116 pairs
 Dist 4: 1032 pairs
 Dist 5: 1056 pairs
 Dist 6: 464 pairs
 Dist 7: 180 pairs
 Dist 8: 173 pairs
 Dist 9: 106 pairs
 Dist 10: 21 pairs
-------------------------------
  [HIT!] Dist=4 | Deleted: 2 cols
>> Round 1 Result: Hit Rate = 0.344828% (1/290)
		Round = 2 (Start m: 80)
--- Hamming Distance Stats ---
 Dist 1: 52 pairs
 Dist 2: 112 pairs
 Dist 3: 120 pairs
 Dist 4: 703 pairs
 Dist 5: 766 pairs
 Dist 6: 515 pairs
 Dist 7: 300 pairs
 Dist 8: 296 pairs
 Dist 9: 192 pairs
 Dist 10: 64 pairs
 Dist 11: 20 pairs
 Dist 12: 13 pairs
 Dist 13: 6 pairs
 Dist 14: 1 pairs
-------------------------------
  [HIT!] Dist=4 | Deleted: 2 cols
>> Round 2 Result: Hit Rate = 0.350877% (1/285)
		Round = 3 (Start m: 78)
--- Hamming Distance Stats ---
 Dist 1: 50 pairs
 Dist 2: 106 pairs
 Dist 3: 122 pairs
 Dist 4: 447 pairs
 Dist 5: 536 pairs
 Dist 6: 524 pairs
 Dist 7: 376 pairs
 Dist 8: 385 pairs
 Dist 9: 258 pairs
 Dist 10: 112 pairs
 Dist 11: 46 pairs
 Dist 12: 27 pairs
 Dist 13: 12 pairs
 Dist 14: 2 pairs
-------------------------------
  [HIT!] Dist=4 | Deleted: 2 cols
>> Round 3 Result: Hit Rate = 0.357143% (1/280)
		Round = 4 (Start m: 76)
--- Hamming Distance Stats ---
 Dist 1: 48 pairs
 Dist 2: 99 pairs
 Dist 3: 126 pairs
 Dist 4: 280 pairs
 Dist 5: 354 pairs
 Dist 6: 449 pairs
 Dist 7: 376 pairs
 Dist 8: 408 pairs
 Dist 9: 304 pairs
 Dist 10: 199 pairs
 Dist 11: 106 pairs
 Dist 12: 66 pairs
 Dist 13: 30 pairs
 Dist 14: 5 pairs
-------------------------------
  [HIT!] Dist=4 | Deleted: 2 cols
>> Round 4 Result: Hit Rate = 0.364964% (1/274)
		Round = 5 (Start m: 74)
--- Hamming Distance Stats ---
 Dist 1: 46 pairs
 Dist 2: 94 pairs
 Dist 3: 126 pairs
 Dist 4: 178 pairs
 Dist 5: 238 pairs
 Dist 6: 353 pairs
 Dist 7: 348 pairs
 Dist 8: 413 pairs
 Dist 9: 330 pairs
 Dist 10: 274 pairs
 Dist 11: 158 pairs
 Dist 12: 94 pairs
 Dist 13: 42 pairs
 Dist 14: 7 pairs
-------------------------------
  [HIT!] Dist=4 | Deleted: 2 cols
>> Round 5 Result: Hit Rate = 0.35461% (1/282)
		Round = 6 (Start m: 72)
--- Hamming Distance Stats ---
 Dist 1: 44 pairs
 Dist 2: 89 pairs
 Dist 3: 126 pairs
 Dist 4: 153 pairs
 Dist 5: 184 pairs
 Dist 6: 224 pairs
 Dist 7: 240 pairs
 Dist 8: 300 pairs
 Dist 9: 260 pairs
 Dist 10: 265 pairs
 Dist 11: 198 pairs
 Dist 12: 171 pairs
 Dist 13: 116 pairs
 Dist 14: 92 pairs
 Dist 15: 52 pairs
 Dist 16: 28 pairs
 Dist 17: 12 pairs
 Dist 18: 2 pairs
-------------------------------
>> Round 6 Result: Hit Rate = 0% (0/2556)

=== Final Performance Statistics ===
Hamming time:   1 ms
Chi time:       2000 ms
Nullspace time: 24449 ms
Total attempts: 4262 (Success: 6)
END OF LEMPELX2 安定版
Total LempelX2_M4RI_Hamming time: 26780 ms
Hamming result size: 72 columns
		TODD executed in 26.7447 seconds.
		Total time: 26.745s
	Gate synthesis end.
	Total time: 31.1533s
UniversalOptimize end.
Output circuit:
n 42
n_x 30
n_y 0
n_z 12
m 2501
[0] = H 5
[1] = H 6
[2] = H 11
[3] = H 12
[4] = H 19
[5] = H 20
[6] = H 25
[7] = H 26
[8] = H 13
[9] = H 14
[10] = H 27
[11] = H 28
[12] = H 29
[13] = H 30
[14] = H 31
[15] = H 32
[16] = H 33
[17] = H 34
[18] = H 35
[19] = H 36
[20] = H 37
[21] = H 38
[22] = H 39
[23] = H 40
[24] = H 41
[25] = H 42
[26] = CNOT 3 4
[27] = CNOT 3 40
[28] = CNOT 3 42
[29] = T 3
[30] = CNOT 3 5
[31] = T 3
[32] = CNOT 3 42
[33] = CNOT 3 40
[34] = CNOT 3 5
[35] = CNOT 3 4
[36] = CNOT 1 3
[37] = CNOT 1 4
[38] = CNOT 1 5
[39] = CNOT 1 40
[40] = CNOT 1 42
[41] = T 1
[42] = CNOT 1 5
[43] = CNOT 1 4
[44] = CNOT 1 3
[45] = CNOT 1 2
[46] = T 1
[47] = CNOT 1 6
[48] = T 1
[49] = CNOT 1 2
[50] = T 1
[51] = CNOT 1 6
[52] = CNOT 9 10
[53] = CNOT 9 39
[54] = CNOT 9 42
[55] = T 9
[56] = CNOT 9 11
[57] = T 9
[58] = CNOT 9 42
[59] = CNOT 9 39
[60] = CNOT 9 11
[61] = CNOT 9 10
[62] = CNOT 7 9
[63] = CNOT 7 10
[64] = CNOT 7 11
[65] = CNOT 7 39
[66] = CNOT 7 42
[67] = T 7
[68] = CNOT 7 11
[69] = CNOT 7 10
[70] = CNOT 7 9
[71] = CNOT 7 8
[72] = T 7
[73] = CNOT 7 12
[74] = T 7
[75] = CNOT 7 8
[76] = T 7
[77] = CNOT 7 39
[78] = CNOT 7 12
[79] = CNOT 15 19
[80] = CNOT 15 29
[81] = CNOT 15 39
[82] = T 15
[83] = CNOT 15 19
[84] = T 15
[85] = Z 15
[86] = CNOT 15 39
[87] = CNOT 15 29
[88] = CNOT 29 39
[89] = CNOT 29 41
[90] = T 29
[91] = CNOT 29 41
[92] = CNOT 29 39
[93] = CNOT 16 17
[94] = CNOT 16 18
[95] = CNOT 16 19
[96] = CNOT 16 29
[97] = CNOT 16 39
[98] = T 16
[99] = CNOT 16 20
[100] = T 16
[101] = CNOT 16 39
[102] = CNOT 16 29
[103] = CNOT 16 20
[104] = CNOT 16 18
[105] = CNOT 16 17
[106] = CNOT 17 18
[107] = CNOT 17 19
[108] = CNOT 17 20
[109] = CNOT 17 29
[110] = CNOT 17 39
[111] = T 17
[112] = CNOT 17 39
[113] = CNOT 17 29
[114] = CNOT 17 20
[115] = CNOT 17 19
[116] = CNOT 17 18
[117] = CNOT 21 23
[118] = CNOT 21 24
[119] = CNOT 21 26
[120] = CNOT 21 30
[121] = CNOT 21 39
[122] = T 21
[123] = CNOT 21 25
[124] = T 21
[125] = CNOT 21 39
[126] = CNOT 21 30
[127] = CNOT 21 25
[128] = CNOT 21 24
[129] = CNOT 21 23
[130] = CNOT 23 24
[131] = CNOT 23 25
[132] = CNOT 23 26
[133] = CNOT 23 30
[134] = CNOT 23 39
[135] = T 23
[136] = CNOT 23 39
[137] = CNOT 23 30
[138] = CNOT 23 26
[139] = CNOT 23 25
[140] = CNOT 23 24
[141] = CNOT 22 26
[142] = CNOT 22 30
[143] = CNOT 22 39
[144] = T 22
[145] = CNOT 22 26
[146] = T 22
[147] = Z 22
[148] = CNOT 22 39
[149] = CNOT 22 30
[150] = CNOT 29 40
[151] = CNOT 29 41
[152] = T 29
[153] = CNOT 29 41
[154] = CNOT 39 41
[155] = T 39
[156] = S 39
[157] = CNOT 39 41
[158] = CNOT 5 40
[159] = CNOT 5 42
[160] = T 5
[161] = Z 5
[162] = CNOT 5 42
[163] = CNOT 5 40
[164] = CNOT 1 5
[165] = T 1
[166] = CNOT 1 5
[167] = T 29
[168] = S 29
[169] = CNOT 29 40
[170] = CNOT 1 2
[171] = CNOT 1 3
[172] = CNOT 1 4
[173] = CNOT 1 6
[174] = T 1
[175] = CNOT 1 2
[176] = T 1
[177] = CNOT 1 6
[178] = CNOT 30 40
[179] = T 30
[180] = S 30
[181] = CNOT 30 40
[182] = CNOT 11 39
[183] = CNOT 11 42
[184] = T 11
[185] = Z 11
[186] = CNOT 11 42
[187] = CNOT 11 39
[188] = CNOT 7 11
[189] = CNOT 7 39
[190] = T 7
[191] = CNOT 7 11
[192] = CNOT 7 8
[193] = CNOT 7 9
[194] = CNOT 7 10
[195] = T 7
[196] = CNOT 7 12
[197] = T 7
[198] = CNOT 7 8
[199] = T 7
[200] = CNOT 7 42
[201] = CNOT 7 39
[202] = CNOT 7 12
[203] = CNOT 7 10
[204] = CNOT 7 9
[205] = CNOT 15 17
[206] = CNOT 15 18
[207] = CNOT 15 19
[208] = CNOT 15 29
[209] = CNOT 15 39
[210] = T 15
[211] = CNOT 15 19
[212] = T 15
[213] = CNOT 15 39
[214] = CNOT 15 29
[215] = CNOT 15 18
[216] = CNOT 15 17
[217] = CNOT 17 18
[218] = CNOT 17 29
[219] = CNOT 17 39
[220] = T 17
[221] = CNOT 17 39
[222] = CNOT 17 29
[223] = CNOT 17 18
[224] = CNOT 16 29
[225] = CNOT 16 39
[226] = T 16
[227] = CNOT 16 20
[228] = T 16
[229] = CNOT 16 39
[230] = CNOT 16 29
[231] = CNOT 16 20
[232] = CNOT 16 19
[233] = CNOT 19 20
[234] = CNOT 19 29
[235] = CNOT 19 39
[236] = T 19
[237] = CNOT 19 39
[238] = CNOT 19 29
[239] = CNOT 19 20
[240] = CNOT 21 30
[241] = CNOT 21 39
[242] = T 21
[243] = CNOT 21 25
[244] = T 21
[245] = CNOT 21 39
[246] = CNOT 21 30
[247] = CNOT 21 26
[248] = CNOT 21 25
[249] = CNOT 25 26
[250] = CNOT 25 30
[251] = CNOT 25 39
[252] = T 25
[253] = CNOT 25 39
[254] = CNOT 25 30
[255] = CNOT 25 26
[256] = CNOT 22 23
[257] = CNOT 22 24
[258] = CNOT 22 26
[259] = CNOT 22 30
[260] = CNOT 22 39
[261] = T 22
[262] = CNOT 22 26
[263] = T 22
[264] = CNOT 22 39
[265] = CNOT 22 30
[266] = CNOT 22 24
[267] = CNOT 22 23
[268] = CNOT 23 24
[269] = CNOT 23 30
[270] = CNOT 23 39
[271] = T 23
[272] = CNOT 23 39
[273] = CNOT 23 30
[274] = CNOT 23 24
[275] = CNOT 1 2
[276] = CNOT 1 31
[277] = CNOT 1 32
[278] = CNOT 1 33
[279] = CNOT 1 34
[280] = T 1
[281] = CNOT 1 13
[282] = T 1
[283] = CNOT 1 33
[284] = T 1
[285] = CNOT 1 34
[286] = CNOT 1 32
[287] = CNOT 1 31
[288] = CNOT 1 13
[289] = CNOT 30 39
[290] = CNOT 30 42
[291] = T 30
[292] = CNOT 30 39
[293] = CNOT 1 14
[294] = T 1
[295] = CNOT 1 34
[296] = T 1
[297] = CNOT 1 14
[298] = CNOT 27 35
[299] = CNOT 27 36
[300] = CNOT 27 37
[301] = CNOT 27 40
[302] = CNOT 27 41
[303] = T 27
[304] = CNOT 27 37
[305] = CNOT 27 36
[306] = CNOT 27 35
[307] = CNOT 35 36
[308] = CNOT 35 37
[309] = CNOT 35 40
[310] = CNOT 35 41
[311] = T 35
[312] = CNOT 35 37
[313] = T 35
[314] = CNOT 35 41
[315] = CNOT 35 40
[316] = CNOT 35 36
[317] = CNOT 27 38
[318] = T 27
[319] = CNOT 27 28
[320] = T 27
[321] = CNOT 27 38
[322] = T 27
[323] = CNOT 27 28
[324] = CNOT 1 33
[325] = T 1
[326] = CNOT 1 13
[327] = T 1
[328] = CNOT 1 33
[329] = T 1
[330] = CNOT 1 34
[331] = CNOT 1 13
[332] = CNOT 1 31
[333] = CNOT 1 32
[334] = T 1
[335] = CNOT 1 14
[336] = T 1
[337] = CNOT 1 34
[338] = T 1
[339] = CNOT 1 42
[340] = CNOT 1 40
[341] = CNOT 1 34
[342] = CNOT 1 32
[343] = CNOT 1 31
[344] = CNOT 1 14
[345] = CNOT 1 4
[346] = CNOT 1 3
[347] = CNOT 1 2
[348] = CNOT 27 37
[349] = T 27
[350] = CNOT 27 37
[351] = CNOT 37 40
[352] = CNOT 37 41
[353] = T 37
[354] = Z 37
[355] = CNOT 37 41
[356] = CNOT 37 40
[357] = CNOT 30 40
[358] = T 30
[359] = CNOT 30 42
[360] = CNOT 30 40
[361] = CNOT 27 35
[362] = CNOT 27 36
[363] = CNOT 27 38
[364] = T 27
[365] = CNOT 27 28
[366] = T 27
[367] = CNOT 27 38
[368] = T 27
[369] = CNOT 27 41
[370] = CNOT 27 40
[371] = CNOT 27 36
[372] = CNOT 27 35
[373] = CNOT 27 28
[374] = S 1
[375] = Z 1
[376] = Z 2
[377] = Z 3
[378] = Z 4
[379] = S 5
[380] = Z 7
[381] = S 8
[382] = S 9
[383] = S 10
[384] = S 11
[385] = S 14
[386] = Z 15
[387] = S 16
[388] = S 17
[389] = S 18
[390] = S 19
[391] = S 21
[392] = Z 22
[393] = S 23
[394] = S 24
[395] = S 26
[396] = S 27
[397] = Z 29
[398] = Z 30
[399] = Z 31
[400] = Z 32
[401] = S 34
[402] = S 37
[403] = S 39
[404] = S 40
[405] = Z 40
[406] = S 41
[407] = S 42
[408] = CNOT 1 2
[409] = Z 1
[410] = CNOT 1 2
[411] = CNOT 1 3
[412] = S 1
[413] = Z 1
[414] = CNOT 1 3
[415] = CNOT 1 4
[416] = S 1
[417] = Z 1
[418] = CNOT 1 4
[419] = CNOT 1 5
[420] = S 1
[421] = Z 1
[422] = CNOT 1 5
[423] = CNOT 1 6
[424] = S 1
[425] = CNOT 1 6
[426] = CNOT 1 13
[427] = S 1
[428] = CNOT 1 13
[429] = CNOT 1 14
[430] = S 1
[431] = Z 1
[432] = CNOT 1 14
[433] = CNOT 1 31
[434] = Z 1
[435] = CNOT 1 31
[436] = CNOT 1 32
[437] = Z 1
[438] = CNOT 1 32
[439] = CNOT 1 33
[440] = S 1
[441] = CNOT 1 33
[442] = CNOT 1 34
[443] = S 1
[444] = CNOT 1 34
[445] = CNOT 1 40
[446] = Z 1
[447] = CNOT 1 40
[448] = CNOT 1 42
[449] = Z 1
[450] = CNOT 1 42
[451] = CNOT 2 3
[452] = Z 2
[453] = CNOT 2 3
[454] = CNOT 2 4
[455] = Z 2
[456] = CNOT 2 4
[457] = CNOT 2 13
[458] = S 2
[459] = CNOT 2 13
[460] = CNOT 2 14
[461] = S 2
[462] = Z 2
[463] = CNOT 2 14
[464] = CNOT 2 31
[465] = Z 2
[466] = CNOT 2 31
[467] = CNOT 2 32
[468] = Z 2
[469] = CNOT 2 32
[470] = CNOT 2 33
[471] = S 2
[472] = CNOT 2 33
[473] = CNOT 2 34
[474] = S 2
[475] = CNOT 2 34
[476] = CNOT 2 40
[477] = Z 2
[478] = CNOT 2 40
[479] = CNOT 2 42
[480] = Z 2
[481] = CNOT 2 42
[482] = CNOT 3 4
[483] = S 3
[484] = Z 3
[485] = CNOT 3 4
[486] = CNOT 3 6
[487] = S 3
[488] = CNOT 3 6
[489] = CNOT 3 13
[490] = S 3
[491] = CNOT 3 13
[492] = CNOT 3 14
[493] = S 3
[494] = Z 3
[495] = CNOT 3 14
[496] = CNOT 3 31
[497] = Z 3
[498] = CNOT 3 31
[499] = CNOT 3 32
[500] = Z 3
[501] = CNOT 3 32
[502] = CNOT 3 33
[503] = S 3
[504] = CNOT 3 33
[505] = CNOT 3 34
[506] = S 3
[507] = CNOT 3 34
[508] = CNOT 3 40
[509] = S 3
[510] = Z 3
[511] = CNOT 3 40
[512] = CNOT 3 42
[513] = S 3
[514] = Z 3
[515] = CNOT 3 42
[516] = CNOT 4 6
[517] = S 4
[518] = CNOT 4 6
[519] = CNOT 4 13
[520] = S 4
[521] = CNOT 4 13
[522] = CNOT 4 14
[523] = S 4
[524] = Z 4
[525] = CNOT 4 14
[526] = CNOT 4 31
[527] = Z 4
[528] = CNOT 4 31
[529] = CNOT 4 32
[530] = Z 4
[531] = CNOT 4 32
[532] = CNOT 4 33
[533] = S 4
[534] = CNOT 4 33
[535] = CNOT 4 34
[536] = S 4
[537] = CNOT 4 34
[538] = CNOT 4 40
[539] = S 4
[540] = Z 4
[541] = CNOT 4 40
[542] = CNOT 4 42
[543] = S 4
[544] = Z 4
[545] = CNOT 4 42
[546] = CNOT 5 31
[547] = S 5
[548] = CNOT 5 31
[549] = CNOT 5 40
[550] = S 5
[551] = Z 5
[552] = CNOT 5 40
[553] = CNOT 5 42
[554] = S 5
[555] = Z 5
[556] = CNOT 5 42
[557] = CNOT 6 32
[558] = S 6
[559] = CNOT 6 32
[560] = CNOT 6 40
[561] = S 6
[562] = CNOT 6 40
[563] = CNOT 6 42
[564] = S 6
[565] = CNOT 6 42
[566] = CNOT 7 8
[567] = S 7
[568] = CNOT 7 8
[569] = CNOT 7 9
[570] = Z 7
[571] = CNOT 7 9
[572] = CNOT 7 10
[573] = Z 7
[574] = CNOT 7 10
[575] = CNOT 7 11
[576] = S 7
[577] = Z 7
[578] = CNOT 7 11
[579] = CNOT 7 12
[580] = S 7
[581] = CNOT 7 12
[582] = CNOT 7 39
[583] = S 7
[584] = CNOT 7 39
[585] = CNOT 7 42
[586] = S 7
[587] = CNOT 7 42
[588] = CNOT 8 9
[589] = S 8
[590] = CNOT 8 9
[591] = CNOT 8 10
[592] = S 8
[593] = CNOT 8 10
[594] = CNOT 8 39
[595] = S 8
[596] = CNOT 8 39
[597] = CNOT 8 42
[598] = S 8
[599] = CNOT 8 42
[600] = CNOT 9 10
[601] = Z 9
[602] = CNOT 9 10
[603] = CNOT 9 12
[604] = S 9
[605] = CNOT 9 12
[606] = CNOT 9 39
[607] = Z 9
[608] = CNOT 9 39
[609] = CNOT 9 42
[610] = Z 9
[611] = CNOT 9 42
[612] = CNOT 10 12
[613] = S 10
[614] = CNOT 10 12
[615] = CNOT 10 39
[616] = Z 10
[617] = CNOT 10 39
[618] = CNOT 10 42
[619] = Z 10
[620] = CNOT 10 42
[621] = CNOT 11 33
[622] = S 11
[623] = CNOT 11 33
[624] = CNOT 11 39
[625] = S 11
[626] = Z 11
[627] = CNOT 11 39
[628] = CNOT 11 42
[629] = S 11
[630] = Z 11
[631] = CNOT 11 42
[632] = CNOT 12 34
[633] = S 12
[634] = CNOT 12 34
[635] = CNOT 12 39
[636] = S 12
[637] = CNOT 12 39
[638] = CNOT 12 42
[639] = S 12
[640] = CNOT 12 42
[641] = CNOT 13 31
[642] = S 13
[643] = CNOT 13 31
[644] = CNOT 13 32
[645] = S 13
[646] = CNOT 13 32
[647] = CNOT 13 34
[648] = S 13
[649] = CNOT 13 34
[650] = CNOT 13 39
[651] = S 13
[652] = CNOT 13 39
[653] = CNOT 13 40
[654] = S 13
[655] = CNOT 13 40
[656] = CNOT 13 42
[657] = S 13
[658] = CNOT 13 42
[659] = CNOT 14 34
[660] = S 14
[661] = Z 14
[662] = CNOT 14 34
[663] = CNOT 14 42
[664] = S 14
[665] = Z 14
[666] = CNOT 14 42
[667] = CNOT 15 19
[668] = S 15
[669] = Z 15
[670] = CNOT 15 19
[671] = CNOT 15 29
[672] = S 15
[673] = Z 15
[674] = CNOT 15 29
[675] = CNOT 15 39
[676] = S 15
[677] = Z 15
[678] = CNOT 15 39
[679] = CNOT 16 17
[680] = S 16
[681] = CNOT 16 17
[682] = CNOT 16 18
[683] = S 16
[684] = CNOT 16 18
[685] = CNOT 16 19
[686] = S 16
[687] = CNOT 16 19
[688] = CNOT 16 29
[689] = S 16
[690] = CNOT 16 29
[691] = CNOT 16 39
[692] = S 16
[693] = CNOT 16 39
[694] = CNOT 17 18
[695] = Z 17
[696] = CNOT 17 18
[697] = CNOT 17 19
[698] = Z 17
[699] = CNOT 17 19
[700] = CNOT 17 20
[701] = S 17
[702] = CNOT 17 20
[703] = CNOT 17 29
[704] = Z 17
[705] = CNOT 17 29
[706] = CNOT 17 39
[707] = Z 17
[708] = CNOT 17 39
[709] = CNOT 18 19
[710] = Z 18
[711] = CNOT 18 19
[712] = CNOT 18 20
[713] = S 18
[714] = CNOT 18 20
[715] = CNOT 18 29
[716] = Z 18
[717] = CNOT 18 29
[718] = CNOT 18 39
[719] = Z 18
[720] = CNOT 18 39
[721] = CNOT 19 20
[722] = S 19
[723] = CNOT 19 20
[724] = CNOT 19 29
[725] = S 19
[726] = CNOT 19 29
[727] = CNOT 19 35
[728] = S 19
[729] = CNOT 19 35
[730] = CNOT 19 39
[731] = S 19
[732] = CNOT 19 39
[733] = CNOT 20 29
[734] = S 20
[735] = CNOT 20 29
[736] = CNOT 20 36
[737] = S 20
[738] = CNOT 20 36
[739] = CNOT 20 39
[740] = S 20
[741] = CNOT 20 39
[742] = CNOT 21 23
[743] = S 21
[744] = CNOT 21 23
[745] = CNOT 21 24
[746] = S 21
[747] = CNOT 21 24
[748] = CNOT 21 26
[749] = S 21
[750] = CNOT 21 26
[751] = CNOT 21 30
[752] = S 21
[753] = CNOT 21 30
[754] = CNOT 21 39
[755] = S 21
[756] = CNOT 21 39
[757] = CNOT 22 26
[758] = S 22
[759] = Z 22
[760] = CNOT 22 26
[761] = CNOT 22 30
[762] = S 22
[763] = Z 22
[764] = CNOT 22 30
[765] = CNOT 22 39
[766] = S 22
[767] = Z 22
[768] = CNOT 22 39
[769] = CNOT 23 24
[770] = Z 23
[771] = CNOT 23 24
[772] = CNOT 23 25
[773] = S 23
[774] = CNOT 23 25
[775] = CNOT 23 26
[776] = Z 23
[777] = CNOT 23 26
[778] = CNOT 23 30
[779] = Z 23
[780] = CNOT 23 30
[781] = CNOT 23 39
[782] = Z 23
[783] = CNOT 23 39
[784] = CNOT 24 25
[785] = S 24
[786] = CNOT 24 25
[787] = CNOT 24 26
[788] = Z 24
[789] = CNOT 24 26
[790] = CNOT 24 30
[791] = Z 24
[792] = CNOT 24 30
[793] = CNOT 24 39
[794] = Z 24
[795] = CNOT 24 39
[796] = CNOT 25 26
[797] = S 25
[798] = CNOT 25 26
[799] = CNOT 25 30
[800] = S 25
[801] = CNOT 25 30
[802] = CNOT 25 37
[803] = S 25
[804] = CNOT 25 37
[805] = CNOT 25 39
[806] = S 25
[807] = CNOT 25 39
[808] = CNOT 26 30
[809] = S 26
[810] = CNOT 26 30
[811] = CNOT 26 38
[812] = S 26
[813] = CNOT 26 38
[814] = CNOT 26 39
[815] = S 26
[816] = CNOT 26 39
[817] = CNOT 27 28
[818] = S 27
[819] = CNOT 27 28
[820] = CNOT 27 35
[821] = Z 27
[822] = CNOT 27 35
[823] = CNOT 27 36
[824] = Z 27
[825] = CNOT 27 36
[826] = CNOT 27 37
[827] = S 27
[828] = Z 27
[829] = CNOT 27 37
[830] = CNOT 27 38
[831] = S 27
[832] = CNOT 27 38
[833] = CNOT 27 40
[834] = S 27
[835] = CNOT 27 40
[836] = CNOT 27 41
[837] = Z 27
[838] = CNOT 27 41
[839] = CNOT 28 35
[840] = S 28
[841] = CNOT 28 35
[842] = CNOT 28 36
[843] = S 28
[844] = CNOT 28 36
[845] = CNOT 28 40
[846] = S 28
[847] = CNOT 28 40
[848] = CNOT 28 41
[849] = S 28
[850] = CNOT 28 41
[851] = CNOT 28 42
[852] = S 28
[853] = CNOT 28 42
[854] = CNOT 29 39
[855] = Z 29
[856] = CNOT 29 39
[857] = CNOT 29 41
[858] = S 29
[859] = CNOT 29 41
[860] = CNOT 30 39
[861] = Z 30
[862] = CNOT 30 39
[863] = CNOT 30 42
[864] = S 30
[865] = CNOT 30 42
[866] = CNOT 31 32
[867] = Z 31
[868] = CNOT 31 32
[869] = CNOT 31 33
[870] = S 31
[871] = CNOT 31 33
[872] = CNOT 31 34
[873] = Z 31
[874] = CNOT 31 34
[875] = CNOT 31 40
[876] = Z 31
[877] = CNOT 31 40
[878] = CNOT 31 42
[879] = Z 31
[880] = CNOT 31 42
[881] = CNOT 32 33
[882] = S 32
[883] = CNOT 32 33
[884] = CNOT 32 34
[885] = Z 32
[886] = CNOT 32 34
[887] = CNOT 32 40
[888] = Z 32
[889] = CNOT 32 40
[890] = CNOT 32 42
[891] = Z 32
[892] = CNOT 32 42
[893] = CNOT 33 34
[894] = S 33
[895] = CNOT 33 34
[896] = CNOT 33 40
[897] = S 33
[898] = CNOT 33 40
[899] = CNOT 33 42
[900] = S 33
[901] = CNOT 33 42
[902] = CNOT 34 40
[903] = S 34
[904] = CNOT 34 40
[905] = CNOT 34 42
[906] = S 34
[907] = CNOT 34 42
[908] = CNOT 35 36
[909] = Z 35
[910] = CNOT 35 36
[911] = CNOT 35 38
[912] = S 35
[913] = CNOT 35 38
[914] = CNOT 35 40
[915] = Z 35
[916] = CNOT 35 40
[917] = CNOT 35 41
[918] = Z 35
[919] = CNOT 35 41
[920] = CNOT 36 38
[921] = S 36
[922] = CNOT 36 38
[923] = CNOT 36 40
[924] = Z 36
[925] = CNOT 36 40
[926] = CNOT 36 41
[927] = Z 36
[928] = CNOT 36 41
[929] = CNOT 37 40
[930] = S 37
[931] = Z 37
[932] = CNOT 37 40
[933] = CNOT 37 41
[934] = S 37
[935] = Z 37
[936] = CNOT 37 41
[937] = CNOT 38 40
[938] = S 38
[939] = CNOT 38 40
[940] = CNOT 38 41
[941] = S 38
[942] = CNOT 38 41
[943] = CNOT 39 42
[944] = Z 39
[945] = CNOT 39 42
[946] = CNOT 40 41
[947] = Z 40
[948] = CNOT 40 41
[949] = CNOT 40 42
[950] = S 40
[951] = Z 40
[952] = CNOT 40 42
[953] = CNOT 1 2
[954] = CNOT 1 3
[955] = Z 1
[956] = CNOT 1 3
[957] = CNOT 1 4
[958] = Z 1
[959] = CNOT 1 4
[960] = CNOT 1 6
[961] = S 1
[962] = Z 1
[963] = CNOT 1 6
[964] = CNOT 1 13
[965] = Z 1
[966] = CNOT 1 13
[967] = CNOT 1 14
[968] = Z 1
[969] = CNOT 1 14
[970] = CNOT 1 31
[971] = S 1
[972] = CNOT 1 31
[973] = CNOT 1 32
[974] = S 1
[975] = CNOT 1 32
[976] = CNOT 1 33
[977] = Z 1
[978] = CNOT 1 33
[979] = CNOT 1 40
[980] = S 1
[981] = CNOT 1 40
[982] = CNOT 1 42
[983] = S 1
[984] = CNOT 1 42
[985] = CNOT 1 2
[986] = CNOT 1 3
[987] = CNOT 1 4
[988] = S 1
[989] = CNOT 1 4
[990] = CNOT 1 6
[991] = S 1
[992] = Z 1
[993] = CNOT 1 6
[994] = CNOT 1 13
[995] = Z 1
[996] = CNOT 1 13
[997] = CNOT 1 14
[998] = Z 1
[999] = CNOT 1 14
[1000] = CNOT 1 31
[1001] = S 1
[1002] = CNOT 1 31
[1003] = CNOT 1 32
[1004] = S 1
[1005] = CNOT 1 32
[1006] = CNOT 1 33
[1007] = Z 1
[1008] = CNOT 1 33
[1009] = CNOT 1 40
[1010] = S 1
[1011] = CNOT 1 40
[1012] = CNOT 1 42
[1013] = S 1
[1014] = CNOT 1 42
[1015] = CNOT 1 3
[1016] = CNOT 1 4
[1017] = CNOT 1 6
[1018] = S 1
[1019] = Z 1
[1020] = CNOT 1 6
[1021] = CNOT 1 13
[1022] = Z 1
[1023] = CNOT 1 13
[1024] = CNOT 1 14
[1025] = Z 1
[1026] = CNOT 1 14
[1027] = CNOT 1 31
[1028] = S 1
[1029] = CNOT 1 31
[1030] = CNOT 1 32
[1031] = S 1
[1032] = CNOT 1 32
[1033] = CNOT 1 33
[1034] = Z 1
[1035] = CNOT 1 33
[1036] = CNOT 1 40
[1037] = S 1
[1038] = CNOT 1 40
[1039] = CNOT 1 42
[1040] = S 1
[1041] = CNOT 1 42
[1042] = CNOT 1 4
[1043] = CNOT 1 5
[1044] = CNOT 1 40
[1045] = S 1
[1046] = Z 1
[1047] = CNOT 1 40
[1048] = CNOT 1 42
[1049] = S 1
[1050] = Z 1
[1051] = CNOT 1 42
[1052] = CNOT 1 5
[1053] = CNOT 1 6
[1054] = CNOT 1 40
[1055] = Z 1
[1056] = CNOT 1 40
[1057] = CNOT 1 42
[1058] = Z 1
[1059] = CNOT 1 42
[1060] = CNOT 1 6
[1061] = CNOT 1 13
[1062] = CNOT 1 31
[1063] = S 1
[1064] = Z 1
[1065] = CNOT 1 31
[1066] = CNOT 1 32
[1067] = S 1
[1068] = Z 1
[1069] = CNOT 1 32
[1070] = CNOT 1 33
[1071] = S 1
[1072] = Z 1
[1073] = CNOT 1 33
[1074] = CNOT 1 34
[1075] = Z 1
[1076] = CNOT 1 34
[1077] = CNOT 1 40
[1078] = Z 1
[1079] = CNOT 1 40
[1080] = CNOT 1 42
[1081] = Z 1
[1082] = CNOT 1 42
[1083] = CNOT 1 13
[1084] = CNOT 1 14
[1085] = CNOT 1 31
[1086] = S 1
[1087] = Z 1
[1088] = CNOT 1 31
[1089] = CNOT 1 32
[1090] = S 1
[1091] = Z 1
[1092] = CNOT 1 32
[1093] = CNOT 1 34
[1094] = S 1
[1095] = Z 1
[1096] = CNOT 1 34
[1097] = CNOT 1 40
[1098] = Z 1
[1099] = CNOT 1 40
[1100] = CNOT 1 42
[1101] = Z 1
[1102] = CNOT 1 42
[1103] = CNOT 1 14
[1104] = CNOT 1 31
[1105] = CNOT 1 32
[1106] = S 1
[1107] = CNOT 1 32
[1108] = CNOT 1 33
[1109] = S 1
[1110] = Z 1
[1111] = CNOT 1 33
[1112] = CNOT 1 34
[1113] = Z 1
[1114] = CNOT 1 34
[1115] = CNOT 1 40
[1116] = S 1
[1117] = CNOT 1 40
[1118] = CNOT 1 42
[1119] = S 1
[1120] = CNOT 1 42
[1121] = CNOT 1 31
[1122] = CNOT 1 32
[1123] = CNOT 1 33
[1124] = S 1
[1125] = Z 1
[1126] = CNOT 1 33
[1127] = CNOT 1 34
[1128] = Z 1
[1129] = CNOT 1 34
[1130] = CNOT 1 40
[1131] = S 1
[1132] = CNOT 1 40
[1133] = CNOT 1 42
[1134] = S 1
[1135] = CNOT 1 42
[1136] = CNOT 1 32
[1137] = CNOT 1 33
[1138] = CNOT 1 34
[1139] = Z 1
[1140] = CNOT 1 34
[1141] = CNOT 1 40
[1142] = Z 1
[1143] = CNOT 1 40
[1144] = CNOT 1 42
[1145] = Z 1
[1146] = CNOT 1 33
[1147] = CNOT 1 40
[1148] = S 1
[1149] = Z 1
[1150] = CNOT 1 42
[1151] = CNOT 1 40
[1152] = CNOT 2 3
[1153] = CNOT 2 4
[1154] = Z 2
[1155] = CNOT 2 4
[1156] = CNOT 2 13
[1157] = Z 2
[1158] = CNOT 2 13
[1159] = CNOT 2 14
[1160] = Z 2
[1161] = CNOT 2 14
[1162] = CNOT 2 31
[1163] = S 2
[1164] = CNOT 2 31
[1165] = CNOT 2 32
[1166] = S 2
[1167] = CNOT 2 32
[1168] = CNOT 2 33
[1169] = Z 2
[1170] = CNOT 2 33
[1171] = CNOT 2 40
[1172] = Z 2
[1173] = CNOT 2 40
[1174] = CNOT 2 42
[1175] = Z 2
[1176] = CNOT 2 42
[1177] = CNOT 2 3
[1178] = CNOT 2 4
[1179] = CNOT 2 13
[1180] = Z 2
[1181] = CNOT 2 13
[1182] = CNOT 2 14
[1183] = Z 2
[1184] = CNOT 2 14
[1185] = CNOT 2 31
[1186] = S 2
[1187] = CNOT 2 31
[1188] = CNOT 2 32
[1189] = S 2
[1190] = CNOT 2 32
[1191] = CNOT 2 33
[1192] = Z 2
[1193] = CNOT 2 33
[1194] = CNOT 2 40
[1195] = Z 2
[1196] = CNOT 2 40
[1197] = CNOT 2 42
[1198] = Z 2
[1199] = CNOT 2 42
[1200] = CNOT 2 4
[1201] = CNOT 2 6
[1202] = CNOT 2 40
[1203] = S 2
[1204] = Z 2
[1205] = CNOT 2 40
[1206] = CNOT 2 42
[1207] = S 2
[1208] = Z 2
[1209] = CNOT 2 42
[1210] = CNOT 2 6
[1211] = CNOT 2 13
[1212] = CNOT 2 31
[1213] = S 2
[1214] = Z 2
[1215] = CNOT 2 31
[1216] = CNOT 2 32
[1217] = S 2
[1218] = Z 2
[1219] = CNOT 2 32
[1220] = CNOT 2 33
[1221] = S 2
[1222] = Z 2
[1223] = CNOT 2 33
[1224] = CNOT 2 34
[1225] = Z 2
[1226] = CNOT 2 34
[1227] = CNOT 2 40
[1228] = Z 2
[1229] = CNOT 2 40
[1230] = CNOT 2 42
[1231] = Z 2
[1232] = CNOT 2 42
[1233] = CNOT 2 13
[1234] = CNOT 2 14
[1235] = CNOT 2 31
[1236] = S 2
[1237] = Z 2
[1238] = CNOT 2 31
[1239] = CNOT 2 32
[1240] = S 2
[1241] = Z 2
[1242] = CNOT 2 32
[1243] = CNOT 2 34
[1244] = S 2
[1245] = Z 2
[1246] = CNOT 2 34
[1247] = CNOT 2 40
[1248] = Z 2
[1249] = CNOT 2 40
[1250] = CNOT 2 42
[1251] = Z 2
[1252] = CNOT 2 42
[1253] = CNOT 2 14
[1254] = CNOT 2 31
[1255] = CNOT 2 32
[1256] = S 2
[1257] = CNOT 2 32
[1258] = CNOT 2 33
[1259] = S 2
[1260] = Z 2
[1261] = CNOT 2 33
[1262] = CNOT 2 34
[1263] = Z 2
[1264] = CNOT 2 34
[1265] = CNOT 2 40
[1266] = S 2
[1267] = CNOT 2 40
[1268] = CNOT 2 42
[1269] = S 2
[1270] = CNOT 2 42
[1271] = CNOT 2 31
[1272] = CNOT 2 32
[1273] = CNOT 2 33
[1274] = S 2
[1275] = Z 2
[1276] = CNOT 2 33
[1277] = CNOT 2 34
[1278] = Z 2
[1279] = CNOT 2 34
[1280] = CNOT 2 40
[1281] = S 2
[1282] = CNOT 2 40
[1283] = CNOT 2 42
[1284] = S 2
[1285] = CNOT 2 42
[1286] = CNOT 2 32
[1287] = CNOT 2 33
[1288] = CNOT 2 34
[1289] = Z 2
[1290] = CNOT 2 34
[1291] = CNOT 2 40
[1292] = Z 2
[1293] = CNOT 2 40
[1294] = CNOT 2 42
[1295] = Z 2
[1296] = CNOT 2 33
[1297] = CNOT 2 40
[1298] = S 2
[1299] = CNOT 2 42
[1300] = CNOT 2 40
[1301] = CNOT 3 4
[1302] = CNOT 3 5
[1303] = S 3
[1304] = Z 3
[1305] = CNOT 3 5
[1306] = CNOT 3 6
[1307] = S 3
[1308] = Z 3
[1309] = CNOT 3 6
[1310] = CNOT 3 13
[1311] = Z 3
[1312] = CNOT 3 13
[1313] = CNOT 3 14
[1314] = Z 3
[1315] = CNOT 3 14
[1316] = CNOT 3 31
[1317] = S 3
[1318] = CNOT 3 31
[1319] = CNOT 3 32
[1320] = S 3
[1321] = CNOT 3 32
[1322] = CNOT 3 33
[1323] = Z 3
[1324] = CNOT 3 33
[1325] = CNOT 3 4
[1326] = CNOT 3 5
[1327] = CNOT 3 40
[1328] = S 3
[1329] = Z 3
[1330] = CNOT 3 40
[1331] = CNOT 3 42
[1332] = S 3
[1333] = Z 3
[1334] = CNOT 3 42
[1335] = CNOT 3 5
[1336] = CNOT 3 6
[1337] = CNOT 3 40
[1338] = S 3
[1339] = Z 3
[1340] = CNOT 3 40
[1341] = CNOT 3 42
[1342] = S 3
[1343] = Z 3
[1344] = CNOT 3 42
[1345] = CNOT 3 6
[1346] = CNOT 3 13
[1347] = CNOT 3 31
[1348] = S 3
[1349] = Z 3
[1350] = CNOT 3 31
[1351] = CNOT 3 32
[1352] = S 3
[1353] = Z 3
[1354] = CNOT 3 32
[1355] = CNOT 3 33
[1356] = S 3
[1357] = Z 3
[1358] = CNOT 3 33
[1359] = CNOT 3 34
[1360] = Z 3
[1361] = CNOT 3 34
[1362] = CNOT 3 40
[1363] = Z 3
[1364] = CNOT 3 40
[1365] = CNOT 3 42
[1366] = Z 3
[1367] = CNOT 3 42
[1368] = CNOT 3 13
[1369] = CNOT 3 14
[1370] = CNOT 3 31
[1371] = S 3
[1372] = Z 3
[1373] = CNOT 3 31
[1374] = CNOT 3 32
[1375] = S 3
[1376] = Z 3
[1377] = CNOT 3 32
[1378] = CNOT 3 34
[1379] = S 3
[1380] = Z 3
[1381] = CNOT 3 34
[1382] = CNOT 3 40
[1383] = Z 3
[1384] = CNOT 3 40
[1385] = CNOT 3 42
[1386] = Z 3
[1387] = CNOT 3 42
[1388] = CNOT 3 14
[1389] = CNOT 3 31
[1390] = CNOT 3 32
[1391] = S 3
[1392] = CNOT 3 32
[1393] = CNOT 3 33
[1394] = S 3
[1395] = Z 3
[1396] = CNOT 3 33
[1397] = CNOT 3 34
[1398] = Z 3
[1399] = CNOT 3 34
[1400] = CNOT 3 40
[1401] = S 3
[1402] = CNOT 3 40
[1403] = CNOT 3 42
[1404] = S 3
[1405] = CNOT 3 42
[1406] = CNOT 3 31
[1407] = CNOT 3 32
[1408] = CNOT 3 33
[1409] = S 3
[1410] = Z 3
[1411] = CNOT 3 33
[1412] = CNOT 3 34
[1413] = Z 3
[1414] = CNOT 3 34
[1415] = CNOT 3 40
[1416] = S 3
[1417] = CNOT 3 40
[1418] = CNOT 3 42
[1419] = S 3
[1420] = CNOT 3 42
[1421] = CNOT 3 32
[1422] = CNOT 3 33
[1423] = CNOT 3 34
[1424] = Z 3
[1425] = CNOT 3 34
[1426] = CNOT 3 40
[1427] = Z 3
[1428] = CNOT 3 40
[1429] = CNOT 3 42
[1430] = Z 3
[1431] = CNOT 3 42
[1432] = CNOT 3 33
[1433] = CNOT 4 5
[1434] = CNOT 4 40
[1435] = S 4
[1436] = Z 4
[1437] = CNOT 4 40
[1438] = CNOT 4 42
[1439] = S 4
[1440] = Z 4
[1441] = CNOT 4 42
[1442] = CNOT 4 5
[1443] = CNOT 4 6
[1444] = CNOT 4 40
[1445] = S 4
[1446] = Z 4
[1447] = CNOT 4 40
[1448] = CNOT 4 42
[1449] = S 4
[1450] = Z 4
[1451] = CNOT 4 42
[1452] = CNOT 4 6
[1453] = CNOT 4 13
[1454] = CNOT 4 31
[1455] = S 4
[1456] = Z 4
[1457] = CNOT 4 31
[1458] = CNOT 4 32
[1459] = S 4
[1460] = Z 4
[1461] = CNOT 4 32
[1462] = CNOT 4 33
[1463] = S 4
[1464] = Z 4
[1465] = CNOT 4 33
[1466] = CNOT 4 34
[1467] = Z 4
[1468] = CNOT 4 34
[1469] = CNOT 4 40
[1470] = Z 4
[1471] = CNOT 4 40
[1472] = CNOT 4 42
[1473] = Z 4
[1474] = CNOT 4 42
[1475] = CNOT 4 13
[1476] = CNOT 4 14
[1477] = CNOT 4 31
[1478] = S 4
[1479] = Z 4
[1480] = CNOT 4 31
[1481] = CNOT 4 32
[1482] = S 4
[1483] = Z 4
[1484] = CNOT 4 32
[1485] = CNOT 4 34
[1486] = S 4
[1487] = Z 4
[1488] = CNOT 4 34
[1489] = CNOT 4 40
[1490] = Z 4
[1491] = CNOT 4 40
[1492] = CNOT 4 42
[1493] = Z 4
[1494] = CNOT 4 42
[1495] = CNOT 4 14
[1496] = CNOT 4 31
[1497] = CNOT 4 32
[1498] = S 4
[1499] = CNOT 4 32
[1500] = CNOT 4 33
[1501] = S 4
[1502] = Z 4
[1503] = CNOT 4 33
[1504] = CNOT 4 34
[1505] = Z 4
[1506] = CNOT 4 34
[1507] = CNOT 4 40
[1508] = S 4
[1509] = CNOT 4 40
[1510] = CNOT 4 42
[1511] = S 4
[1512] = CNOT 4 42
[1513] = CNOT 4 31
[1514] = CNOT 4 32
[1515] = CNOT 4 33
[1516] = S 4
[1517] = Z 4
[1518] = CNOT 4 33
[1519] = CNOT 4 34
[1520] = Z 4
[1521] = CNOT 4 34
[1522] = CNOT 4 40
[1523] = S 4
[1524] = CNOT 4 40
[1525] = CNOT 4 42
[1526] = S 4
[1527] = CNOT 4 42
[1528] = CNOT 4 32
[1529] = CNOT 4 33
[1530] = CNOT 4 34
[1531] = Z 4
[1532] = CNOT 4 34
[1533] = CNOT 4 40
[1534] = Z 4
[1535] = CNOT 4 40
[1536] = CNOT 4 42
[1537] = Z 4
[1538] = CNOT 4 42
[1539] = CNOT 4 33
[1540] = CNOT 6 40
[1541] = CNOT 6 42
[1542] = Z 6
[1543] = CNOT 6 42
[1544] = CNOT 6 40
[1545] = CNOT 7 8
[1546] = CNOT 7 9
[1547] = S 7
[1548] = Z 7
[1549] = CNOT 7 9
[1550] = CNOT 7 10
[1551] = S 7
[1552] = Z 7
[1553] = CNOT 7 10
[1554] = CNOT 7 12
[1555] = S 7
[1556] = Z 7
[1557] = CNOT 7 12
[1558] = CNOT 7 39
[1559] = Z 7
[1560] = CNOT 7 39
[1561] = CNOT 7 42
[1562] = Z 7
[1563] = CNOT 7 42
[1564] = CNOT 7 8
[1565] = CNOT 7 9
[1566] = CNOT 7 10
[1567] = Z 7
[1568] = CNOT 7 10
[1569] = CNOT 7 12
[1570] = S 7
[1571] = Z 7
[1572] = CNOT 7 12
[1573] = CNOT 7 39
[1574] = Z 7
[1575] = CNOT 7 39
[1576] = CNOT 7 42
[1577] = Z 7
[1578] = CNOT 7 42
[1579] = CNOT 7 9
[1580] = CNOT 7 10
[1581] = CNOT 7 12
[1582] = S 7
[1583] = Z 7
[1584] = CNOT 7 12
[1585] = CNOT 7 39
[1586] = Z 7
[1587] = CNOT 7 39
[1588] = CNOT 7 42
[1589] = Z 7
[1590] = CNOT 7 42
[1591] = CNOT 7 10
[1592] = CNOT 7 11
[1593] = CNOT 7 39
[1594] = S 7
[1595] = Z 7
[1596] = CNOT 7 39
[1597] = CNOT 7 42
[1598] = S 7
[1599] = Z 7
[1600] = CNOT 7 42
[1601] = CNOT 7 11
[1602] = CNOT 7 12
[1603] = CNOT 7 39
[1604] = Z 7
[1605] = CNOT 7 39
[1606] = CNOT 7 42
[1607] = Z 7
[1608] = CNOT 7 42
[1609] = CNOT 7 12
[1610] = CNOT 8 9
[1611] = CNOT 8 10
[1612] = S 8
[1613] = Z 8
[1614] = CNOT 8 10
[1615] = CNOT 8 39
[1616] = S 8
[1617] = Z 8
[1618] = CNOT 8 39
[1619] = CNOT 8 42
[1620] = S 8
[1621] = Z 8
[1622] = CNOT 8 42
[1623] = CNOT 8 9
[1624] = CNOT 8 10
[1625] = CNOT 8 39
[1626] = S 8
[1627] = Z 8
[1628] = CNOT 8 39
[1629] = CNOT 8 42
[1630] = S 8
[1631] = Z 8
[1632] = CNOT 8 42
[1633] = CNOT 8 10
[1634] = CNOT 8 12
[1635] = CNOT 8 39
[1636] = S 8
[1637] = Z 8
[1638] = CNOT 8 39
[1639] = CNOT 8 42
[1640] = S 8
[1641] = Z 8
[1642] = CNOT 8 12
[1643] = CNOT 8 39
[1644] = Z 8
[1645] = CNOT 8 42
[1646] = CNOT 8 39
[1647] = CNOT 9 10
[1648] = CNOT 9 11
[1649] = S 9
[1650] = Z 9
[1651] = CNOT 9 11
[1652] = CNOT 9 12
[1653] = S 9
[1654] = Z 9
[1655] = CNOT 9 12
[1656] = CNOT 9 39
[1657] = S 9
[1658] = CNOT 9 39
[1659] = CNOT 9 42
[1660] = S 9
[1661] = CNOT 9 42
[1662] = CNOT 9 10
[1663] = CNOT 9 11
[1664] = CNOT 9 39
[1665] = S 9
[1666] = Z 9
[1667] = CNOT 9 39
[1668] = CNOT 9 42
[1669] = S 9
[1670] = Z 9
[1671] = CNOT 9 42
[1672] = CNOT 9 11
[1673] = CNOT 9 12
[1674] = CNOT 9 39
[1675] = S 9
[1676] = Z 9
[1677] = CNOT 9 39
[1678] = CNOT 9 42
[1679] = S 9
[1680] = Z 9
[1681] = CNOT 9 12
[1682] = CNOT 9 39
[1683] = S 9
[1684] = CNOT 9 42
[1685] = CNOT 9 39
[1686] = CNOT 10 11
[1687] = CNOT 10 39
[1688] = S 10
[1689] = Z 10
[1690] = CNOT 10 39
[1691] = CNOT 10 42
[1692] = S 10
[1693] = Z 10
[1694] = CNOT 10 42
[1695] = CNOT 10 11
[1696] = CNOT 10 12
[1697] = CNOT 10 39
[1698] = S 10
[1699] = Z 10
[1700] = CNOT 10 39
[1701] = CNOT 10 42
[1702] = S 10
[1703] = Z 10
[1704] = CNOT 10 12
[1705] = CNOT 10 39
[1706] = S 10
[1707] = CNOT 10 42
[1708] = CNOT 10 39
[1709] = CNOT 12 39
[1710] = CNOT 12 42
[1711] = Z 12
[1712] = CNOT 12 42
[1713] = CNOT 12 39
[1714] = CNOT 13 31
[1715] = CNOT 13 32
[1716] = S 13
[1717] = Z 13
[1718] = CNOT 13 32
[1719] = CNOT 13 34
[1720] = S 13
[1721] = Z 13
[1722] = CNOT 13 34
[1723] = CNOT 13 40
[1724] = S 13
[1725] = Z 13
[1726] = CNOT 13 40
[1727] = CNOT 13 42
[1728] = S 13
[1729] = Z 13
[1730] = CNOT 13 42
[1731] = CNOT 13 31
[1732] = CNOT 13 32
[1733] = CNOT 13 34
[1734] = S 13
[1735] = Z 13
[1736] = CNOT 13 34
[1737] = CNOT 13 40
[1738] = S 13
[1739] = Z 13
[1740] = CNOT 13 40
[1741] = CNOT 13 42
[1742] = S 13
[1743] = Z 13
[1744] = CNOT 13 42
[1745] = CNOT 13 32
[1746] = CNOT 13 33
[1747] = CNOT 13 34
[1748] = S 13
[1749] = Z 13
[1750] = CNOT 13 34
[1751] = CNOT 13 40
[1752] = S 13
[1753] = Z 13
[1754] = CNOT 13 40
[1755] = CNOT 13 42
[1756] = S 13
[1757] = Z 13
[1758] = CNOT 13 42
[1759] = CNOT 13 33
[1760] = CNOT 13 34
[1761] = CNOT 13 40
[1762] = Z 13
[1763] = CNOT 13 40
[1764] = CNOT 13 42
[1765] = Z 13
[1766] = CNOT 13 34
[1767] = CNOT 13 40
[1768] = Z 13
[1769] = CNOT 13 42
[1770] = CNOT 13 40
[1771] = CNOT 14 31
[1772] = CNOT 14 32
[1773] = S 14
[1774] = Z 14
[1775] = CNOT 14 32
[1776] = CNOT 14 40
[1777] = S 14
[1778] = Z 14
[1779] = CNOT 14 40
[1780] = CNOT 14 42
[1781] = S 14
[1782] = Z 14
[1783] = CNOT 14 42
[1784] = CNOT 14 31
[1785] = CNOT 14 32
[1786] = CNOT 14 40
[1787] = S 14
[1788] = Z 14
[1789] = CNOT 14 40
[1790] = CNOT 14 42
[1791] = S 14
[1792] = Z 14
[1793] = CNOT 14 42
[1794] = CNOT 14 32
[1795] = CNOT 14 34
[1796] = CNOT 14 40
[1797] = S 14
[1798] = Z 14
[1799] = CNOT 14 40
[1800] = CNOT 14 42
[1801] = S 14
[1802] = Z 14
[1803] = CNOT 14 34
[1804] = CNOT 14 40
[1805] = Z 14
[1806] = CNOT 14 42
[1807] = CNOT 15 17
[1808] = CNOT 15 18
[1809] = S 15
[1810] = Z 15
[1811] = CNOT 15 18
[1812] = CNOT 15 29
[1813] = S 15
[1814] = Z 15
[1815] = CNOT 15 29
[1816] = CNOT 15 39
[1817] = S 15
[1818] = Z 15
[1819] = CNOT 15 39
[1820] = CNOT 15 17
[1821] = CNOT 15 18
[1822] = CNOT 15 29
[1823] = S 15
[1824] = Z 15
[1825] = CNOT 15 29
[1826] = CNOT 15 39
[1827] = S 15
[1828] = Z 15
[1829] = CNOT 15 39
[1830] = CNOT 15 18
[1831] = CNOT 15 19
[1832] = CNOT 15 29
[1833] = S 15
[1834] = Z 15
[1835] = CNOT 15 29
[1836] = CNOT 15 39
[1837] = S 15
[1838] = Z 15
[1839] = CNOT 15 39
[1840] = CNOT 15 19
[1841] = CNOT 16 17
[1842] = CNOT 16 18
[1843] = S 16
[1844] = Z 16
[1845] = CNOT 16 18
[1846] = CNOT 16 19
[1847] = S 16
[1848] = Z 16
[1849] = CNOT 16 19
[1850] = CNOT 16 29
[1851] = S 16
[1852] = Z 16
[1853] = CNOT 16 29
[1854] = CNOT 16 39
[1855] = S 16
[1856] = Z 16
[1857] = CNOT 16 39
[1858] = CNOT 16 17
[1859] = CNOT 16 18
[1860] = CNOT 16 19
[1861] = S 16
[1862] = Z 16
[1863] = CNOT 16 19
[1864] = CNOT 16 29
[1865] = S 16
[1866] = Z 16
[1867] = CNOT 16 29
[1868] = CNOT 16 39
[1869] = S 16
[1870] = Z 16
[1871] = CNOT 16 39
[1872] = CNOT 16 18
[1873] = CNOT 16 19
[1874] = CNOT 16 20
[1875] = S 16
[1876] = Z 16
[1877] = CNOT 16 20
[1878] = CNOT 16 29
[1879] = Z 16
[1880] = CNOT 16 29
[1881] = CNOT 16 39
[1882] = Z 16
[1883] = CNOT 16 39
[1884] = CNOT 16 19
[1885] = CNOT 16 20
[1886] = CNOT 16 29
[1887] = S 16
[1888] = Z 16
[1889] = CNOT 16 29
[1890] = CNOT 16 39
[1891] = S 16
[1892] = Z 16
[1893] = CNOT 16 20
[1894] = CNOT 16 29
[1895] = Z 16
[1896] = CNOT 16 39
[1897] = CNOT 16 29
[1898] = CNOT 17 18
[1899] = CNOT 17 19
[1900] = Z 17
[1901] = CNOT 17 19
[1902] = CNOT 17 20
[1903] = S 17
[1904] = Z 17
[1905] = CNOT 17 20
[1906] = CNOT 17 29
[1907] = S 17
[1908] = CNOT 17 29
[1909] = CNOT 17 39
[1910] = S 17
[1911] = CNOT 17 39
[1912] = CNOT 17 18
[1913] = CNOT 17 19
[1914] = CNOT 17 20
[1915] = S 17
[1916] = Z 17
[1917] = CNOT 17 20
[1918] = CNOT 17 29
[1919] = Z 17
[1920] = CNOT 17 29
[1921] = CNOT 17 39
[1922] = Z 17
[1923] = CNOT 17 39
[1924] = CNOT 17 19
[1925] = CNOT 17 20
[1926] = CNOT 17 29
[1927] = S 17
[1928] = Z 17
[1929] = CNOT 17 29
[1930] = CNOT 17 39
[1931] = S 17
[1932] = Z 17
[1933] = CNOT 17 20
[1934] = CNOT 17 29
[1935] = S 17
[1936] = CNOT 17 39
[1937] = CNOT 17 29
[1938] = CNOT 18 19
[1939] = CNOT 18 20
[1940] = S 18
[1941] = Z 18
[1942] = CNOT 18 20
[1943] = CNOT 18 29
[1944] = Z 18
[1945] = CNOT 18 29
[1946] = CNOT 18 39
[1947] = Z 18
[1948] = CNOT 18 39
[1949] = CNOT 18 19
[1950] = CNOT 18 20
[1951] = CNOT 18 29
[1952] = S 18
[1953] = Z 18
[1954] = CNOT 18 29
[1955] = CNOT 18 39
[1956] = S 18
[1957] = Z 18
[1958] = CNOT 18 20
[1959] = CNOT 18 29
[1960] = S 18
[1961] = CNOT 18 39
[1962] = CNOT 18 29
[1963] = CNOT 19 20
[1964] = CNOT 19 29
[1965] = Z 19
[1966] = CNOT 19 29
[1967] = CNOT 19 39
[1968] = Z 19
[1969] = CNOT 19 39
[1970] = CNOT 19 20
[1971] = CNOT 20 29
[1972] = CNOT 20 39
[1973] = Z 20
[1974] = CNOT 20 39
[1975] = CNOT 20 29
[1976] = CNOT 21 23
[1977] = CNOT 21 24
[1978] = S 21
[1979] = Z 21
[1980] = CNOT 21 24
[1981] = CNOT 21 26
[1982] = S 21
[1983] = Z 21
[1984] = CNOT 21 26
[1985] = CNOT 21 30
[1986] = S 21
[1987] = Z 21
[1988] = CNOT 21 30
[1989] = CNOT 21 39
[1990] = S 21
[1991] = Z 21
[1992] = CNOT 21 39
[1993] = CNOT 21 23
[1994] = CNOT 21 24
[1995] = CNOT 21 26
[1996] = S 21
[1997] = Z 21
[1998] = CNOT 21 26
[1999] = CNOT 21 30
[2000] = S 21
[2001] = Z 21
[2002] = CNOT 21 30
[2003] = CNOT 21 39
[2004] = S 21
[2005] = Z 21
[2006] = CNOT 21 39
[2007] = CNOT 21 24
[2008] = CNOT 21 25
[2009] = CNOT 21 26
[2010] = S 21
[2011] = Z 21
[2012] = CNOT 21 26
[2013] = CNOT 21 30
[2014] = S 21
[2015] = Z 21
[2016] = CNOT 21 30
[2017] = CNOT 21 39
[2018] = S 21
[2019] = Z 21
[2020] = CNOT 21 39
[2021] = CNOT 21 25
[2022] = CNOT 21 26
[2023] = CNOT 21 30
[2024] = Z 21
[2025] = CNOT 21 30
[2026] = CNOT 21 39
[2027] = Z 21
[2028] = CNOT 21 26
[2029] = CNOT 21 30
[2030] = Z 21
[2031] = CNOT 21 39
[2032] = CNOT 21 30
[2033] = CNOT 22 23
[2034] = CNOT 22 24
[2035] = S 22
[2036] = Z 22
[2037] = CNOT 22 24
[2038] = CNOT 22 30
[2039] = S 22
[2040] = Z 22
[2041] = CNOT 22 30
[2042] = CNOT 22 39
[2043] = S 22
[2044] = Z 22
[2045] = CNOT 22 39
[2046] = CNOT 22 23
[2047] = CNOT 22 24
[2048] = CNOT 22 30
[2049] = S 22
[2050] = Z 22
[2051] = CNOT 22 30
[2052] = CNOT 22 39
[2053] = S 22
[2054] = Z 22
[2055] = CNOT 22 39
[2056] = CNOT 22 24
[2057] = CNOT 22 26
[2058] = CNOT 22 30
[2059] = S 22
[2060] = Z 22
[2061] = CNOT 22 30
[2062] = CNOT 22 39
[2063] = S 22
[2064] = Z 22
[2065] = CNOT 22 39
[2066] = CNOT 22 26
[2067] = CNOT 23 24
[2068] = CNOT 23 25
[2069] = S 23
[2070] = Z 23
[2071] = CNOT 23 25
[2072] = CNOT 23 26
[2073] = Z 23
[2074] = CNOT 23 26
[2075] = CNOT 23 30
[2076] = S 23
[2077] = CNOT 23 30
[2078] = CNOT 23 39
[2079] = S 23
[2080] = CNOT 23 39
[2081] = CNOT 23 24
[2082] = CNOT 23 25
[2083] = CNOT 23 26
[2084] = S 23
[2085] = Z 23
[2086] = CNOT 23 26
[2087] = CNOT 23 30
[2088] = S 23
[2089] = Z 23
[2090] = CNOT 23 30
[2091] = CNOT 23 39
[2092] = S 23
[2093] = Z 23
[2094] = CNOT 23 39
[2095] = CNOT 23 25
[2096] = CNOT 23 26
[2097] = CNOT 23 30
[2098] = Z 23
[2099] = CNOT 23 30
[2100] = CNOT 23 39
[2101] = Z 23
[2102] = CNOT 23 26
[2103] = CNOT 23 30
[2104] = S 23
[2105] = CNOT 23 39
[2106] = CNOT 23 30
[2107] = CNOT 24 25
[2108] = CNOT 24 26
[2109] = S 24
[2110] = Z 24
[2111] = CNOT 24 26
[2112] = CNOT 24 30
[2113] = S 24
[2114] = Z 24
[2115] = CNOT 24 30
[2116] = CNOT 24 39
[2117] = S 24
[2118] = Z 24
[2119] = CNOT 24 39
[2120] = CNOT 24 25
[2121] = CNOT 24 26
[2122] = CNOT 24 30
[2123] = Z 24
[2124] = CNOT 24 30
[2125] = CNOT 24 39
[2126] = Z 24
[2127] = CNOT 24 26
[2128] = CNOT 24 30
[2129] = S 24
[2130] = CNOT 24 39
[2131] = CNOT 24 30
[2132] = CNOT 25 26
[2133] = CNOT 25 30
[2134] = Z 25
[2135] = CNOT 25 30
[2136] = CNOT 25 39
[2137] = Z 25
[2138] = CNOT 25 26
[2139] = CNOT 25 30
[2140] = Z 25
[2141] = CNOT 25 39
[2142] = CNOT 25 30
[2143] = CNOT 27 28
[2144] = CNOT 27 35
[2145] = S 27
[2146] = Z 27
[2147] = CNOT 27 35
[2148] = CNOT 27 36
[2149] = S 27
[2150] = Z 27
[2151] = CNOT 27 36
[2152] = CNOT 27 38
[2153] = S 27
[2154] = Z 27
[2155] = CNOT 27 38
[2156] = CNOT 27 40
[2157] = Z 27
[2158] = CNOT 27 40
[2159] = CNOT 27 41
[2160] = Z 27
[2161] = CNOT 27 41
[2162] = CNOT 27 28
[2163] = CNOT 27 35
[2164] = CNOT 27 36
[2165] = Z 27
[2166] = CNOT 27 36
[2167] = CNOT 27 38
[2168] = S 27
[2169] = Z 27
[2170] = CNOT 27 38
[2171] = CNOT 27 40
[2172] = Z 27
[2173] = CNOT 27 40
[2174] = CNOT 27 41
[2175] = Z 27
[2176] = CNOT 27 41
[2177] = CNOT 27 35
[2178] = CNOT 27 36
[2179] = CNOT 27 38
[2180] = S 27
[2181] = Z 27
[2182] = CNOT 27 38
[2183] = CNOT 27 40
[2184] = Z 27
[2185] = CNOT 27 40
[2186] = CNOT 27 41
[2187] = Z 27
[2188] = CNOT 27 41
[2189] = CNOT 27 36
[2190] = CNOT 27 37
[2191] = CNOT 27 40
[2192] = S 27
[2193] = Z 27
[2194] = CNOT 27 40
[2195] = CNOT 27 41
[2196] = S 27
[2197] = Z 27
[2198] = CNOT 27 41
[2199] = CNOT 27 37
[2200] = CNOT 27 38
[2201] = CNOT 27 40
[2202] = Z 27
[2203] = CNOT 27 40
[2204] = CNOT 27 41
[2205] = Z 27
[2206] = CNOT 27 38
[2207] = CNOT 28 35
[2208] = CNOT 28 36
[2209] = S 28
[2210] = Z 28
[2211] = CNOT 28 36
[2212] = CNOT 28 40
[2213] = S 28
[2214] = Z 28
[2215] = CNOT 28 40
[2216] = CNOT 28 41
[2217] = S 28
[2218] = Z 28
[2219] = CNOT 28 41
[2220] = CNOT 28 35
[2221] = CNOT 28 36
[2222] = CNOT 28 40
[2223] = S 28
[2224] = Z 28
[2225] = CNOT 28 40
[2226] = CNOT 28 41
[2227] = S 28
[2228] = Z 28
[2229] = CNOT 28 41
[2230] = CNOT 28 36
[2231] = CNOT 28 38
[2232] = CNOT 28 40
[2233] = S 28
[2234] = Z 28
[2235] = CNOT 28 40
[2236] = CNOT 28 41
[2237] = S 28
[2238] = Z 28
[2239] = CNOT 28 38
[2240] = CNOT 28 40
[2241] = Z 28
[2242] = CNOT 28 41
[2243] = CNOT 28 40
[2244] = CNOT 31 32
[2245] = CNOT 31 33
[2246] = S 31
[2247] = Z 31
[2248] = CNOT 31 33
[2249] = CNOT 31 34
[2250] = Z 31
[2251] = CNOT 31 34
[2252] = CNOT 31 40
[2253] = S 31
[2254] = CNOT 31 40
[2255] = CNOT 31 42
[2256] = S 31
[2257] = CNOT 31 42
[2258] = CNOT 31 32
[2259] = CNOT 31 33
[2260] = CNOT 31 34
[2261] = S 31
[2262] = Z 31
[2263] = CNOT 31 34
[2264] = CNOT 31 40
[2265] = S 31
[2266] = Z 31
[2267] = CNOT 31 40
[2268] = CNOT 31 42
[2269] = S 31
[2270] = Z 31
[2271] = CNOT 31 42
[2272] = CNOT 31 33
[2273] = CNOT 31 34
[2274] = CNOT 31 40
[2275] = Z 31
[2276] = CNOT 31 40
[2277] = CNOT 31 42
[2278] = Z 31
[2279] = CNOT 31 34
[2280] = CNOT 31 40
[2281] = S 31
[2282] = CNOT 31 42
[2283] = CNOT 31 40
[2284] = CNOT 32 33
[2285] = CNOT 32 34
[2286] = S 32
[2287] = Z 32
[2288] = CNOT 32 34
[2289] = CNOT 32 40
[2290] = S 32
[2291] = Z 32
[2292] = CNOT 32 40
[2293] = CNOT 32 42
[2294] = S 32
[2295] = Z 32
[2296] = CNOT 32 42
[2297] = CNOT 32 33
[2298] = CNOT 32 34
[2299] = CNOT 32 40
[2300] = Z 32
[2301] = CNOT 32 40
[2302] = CNOT 32 42
[2303] = Z 32
[2304] = CNOT 32 34
[2305] = CNOT 32 40
[2306] = S 32
[2307] = CNOT 32 42
[2308] = CNOT 32 40
[2309] = CNOT 33 34
[2310] = CNOT 33 40
[2311] = Z 33
[2312] = CNOT 33 40
[2313] = CNOT 33 42
[2314] = Z 33
[2315] = CNOT 33 34
[2316] = CNOT 33 40
[2317] = Z 33
[2318] = CNOT 33 42
[2319] = CNOT 33 40
[2320] = CNOT 35 36
[2321] = CNOT 35 37
[2322] = S 35
[2323] = Z 35
[2324] = CNOT 35 37
[2325] = CNOT 35 38
[2326] = S 35
[2327] = Z 35
[2328] = CNOT 35 38
[2329] = CNOT 35 40
[2330] = S 35
[2331] = CNOT 35 40
[2332] = CNOT 35 41
[2333] = S 35
[2334] = CNOT 35 41
[2335] = CNOT 35 36
[2336] = CNOT 35 37
[2337] = CNOT 35 40
[2338] = S 35
[2339] = Z 35
[2340] = CNOT 35 40
[2341] = CNOT 35 41
[2342] = S 35
[2343] = Z 35
[2344] = CNOT 35 41
[2345] = CNOT 35 37
[2346] = CNOT 35 38
[2347] = CNOT 35 40
[2348] = S 35
[2349] = Z 35
[2350] = CNOT 35 40
[2351] = CNOT 35 41
[2352] = S 35
[2353] = Z 35
[2354] = CNOT 35 38
[2355] = CNOT 35 40
[2356] = S 35
[2357] = CNOT 35 41
[2358] = CNOT 35 40
[2359] = CNOT 36 37
[2360] = CNOT 36 40
[2361] = S 36
[2362] = Z 36
[2363] = CNOT 36 40
[2364] = CNOT 36 41
[2365] = S 36
[2366] = Z 36
[2367] = CNOT 36 41
[2368] = CNOT 36 37
[2369] = CNOT 36 38
[2370] = CNOT 36 40
[2371] = S 36
[2372] = Z 36
[2373] = CNOT 36 40
[2374] = CNOT 36 41
[2375] = S 36
[2376] = Z 36
[2377] = CNOT 36 38
[2378] = CNOT 36 40
[2379] = S 36
[2380] = CNOT 36 41
[2381] = CNOT 36 40
[2382] = CNOT 38 40
[2383] = CNOT 38 41
[2384] = Z 38
[2385] = CNOT 38 41
[2386] = CNOT 38 40
[2387] = CNOT 28 42
[2388] = CNOT 13 39
[2389] = CNOT 26 38
[2390] = CNOT 25 37
[2391] = CNOT 20 36
[2392] = CNOT 19 35
[2393] = CNOT 12 34
[2394] = CNOT 11 33
[2395] = CNOT 6 32
[2396] = CNOT 5 31
[2397] = CNOT 42 28
[2398] = CNOT 28 42
[2399] = CNOT 41 27
[2400] = CNOT 27 41
[2401] = CNOT 38 26
[2402] = CNOT 26 38
[2403] = CNOT 37 25
[2404] = CNOT 25 37
[2405] = CNOT 36 20
[2406] = CNOT 20 36
[2407] = CNOT 35 19
[2408] = CNOT 19 35
[2409] = CNOT 40 14
[2410] = CNOT 14 40
[2411] = CNOT 39 13
[2412] = CNOT 13 39
[2413] = CNOT 34 12
[2414] = CNOT 12 34
[2415] = CNOT 33 11
[2416] = CNOT 11 33
[2417] = CNOT 32 6
[2418] = CNOT 6 32
[2419] = CNOT 31 5
[2420] = CNOT 5 31
[2421] = H 31
[2422] = M 31
[2423] = H 32
[2424] = M 32
[2425] = H 33
[2426] = M 33
[2427] = H 34
[2428] = M 34
[2429] = H 35
[2430] = M 35
[2431] = H 36
[2432] = M 36
[2433] = H 37
[2434] = M 37
[2435] = H 38
[2436] = M 38
[2437] = H 39
[2438] = M 39
[2439] = H 40
[2440] = M 40
[2441] = H 41
[2442] = M 41
[2443] = H 42
[2444] = M 42
[2445] = H 30
[2446] = H 29
Gate distributions:
Input:
Operator distribution:
Total number of qubits = 30
Number of `data' qubits = 30
Number of `Toff_n' ancillas = 0
Number of Hadamard ancillas = 0
Hadamard ancilla cap = infinite
Number of {CNOT,T} partitions = 1
T count = 196
Cost estimation = 98028
	id	Count
	0	0
	1	0
	2	0
	3	28
	4	0
	5	0
	6	0
	7	0
	8	0
	9	0
	10	28
	11	0
	12	0
	13	0
	14	0
	15	0
	16	0
	17	0
	18	0
Output:
Operator distribution:
Total number of qubits = 42
Number of `data' qubits = 30
Number of `Toff_n' ancillas = 0
Number of Hadamard ancillas = 12
Hadamard ancilla cap = infinite
Number of {CNOT,T} partitions = 1
T count = 72
Cost estimation = 38381
	id	Count
	0	0
	1	0
	2	0
	3	40
	4	1556
	5	72
	6	0
	7	0
	8	0
	9	0
	10	0
	11	372
	12	0
	13	395
	14	0
	15	0
	16	0
	17	0
	18	12
Output T Count (SQC_Circuit) = 72
Output T Count (PhasePolynomial) = 72
Fail count = 0

Execution time: 31.1534s
Number of LCL errors: 0
Number of LCL warnings: 0
