Optimize a Clifford + T circuit.
Input filename = /home/ryo-mtmt/TOpt/forme/tpar_benchmark/gf2^5_mult.tfc
Number of unknown gates = 0
Number of unknown qubit labels = 0
Circuit filename: /home/ryo-mtmt/TOpt/forme/tpar_benchmark/gf2^5_mult.tfc

n 15
n_x 15
n_y 0
n_z 0
m 101
[0] = H 11
[1] = H 12
[2] = H 13
[3] = H 14
[4] = CCZ 5 7 11
[5] = CCZ 4 8 11
[6] = CCZ 3 9 11
[7] = CCZ 2 10 11
[8] = CCZ 5 8 12
[9] = CCZ 4 9 12
[10] = CCZ 3 10 12
[11] = CCZ 5 9 13
[12] = CCZ 4 10 13
[13] = CCZ 5 10 14
[14] = H 11
[15] = H 12
[16] = H 13
[17] = H 14
[18] = CNOT 11 14
[19] = CNOT 15 13
[20] = CNOT 14 12
[21] = CNOT 13 11
[22] = H 11
[23] = H 12
[24] = H 13
[25] = H 14
[26] = H 15
[27] = CCZ 5 6 15
[28] = CCZ 4 7 15
[29] = CCZ 3 8 15
[30] = CCZ 2 9 15
[31] = CCZ 1 10 15
[32] = CCZ 4 6 14
[33] = CCZ 3 7 14
[34] = CCZ 2 8 14
[35] = CCZ 1 9 14
[36] = CCZ 3 6 13
[37] = CCZ 2 7 13
[38] = CCZ 1 8 13
[39] = CCZ 2 6 12
[40] = CCZ 1 7 12
[41] = CCZ 1 6 11
[42] = H 11
[43] = H 12
[44] = H 13
[45] = H 14
[46] = H 15

Algorithm used: todd

UniversalOptimize begin.
	Gate synthesis begin.

--- Testing Hamming Distance Version ---
in LempelX2_M4RI_Hamming　安定版　m4ri
		Round = 0 (Start m: 115)
--- Hamming Distance Stats ---
 Dist 1: 201 pairs
 Dist 2: 763 pairs
 Dist 3: 1519 pairs
 Dist 4: 2622 pairs
 Dist 5: 1280 pairs
 Dist 6: 170 pairs
-------------------------------
  [HIT!] Dist=1 | Deleted: 5 cols
>> Round 0 Result: Hit Rate = 100% (1/1)
		Round = 1 (Start m: 110)
--- Hamming Distance Stats ---
 Dist 1: 161 pairs
 Dist 2: 635 pairs
 Dist 3: 1233 pairs
 Dist 4: 2389 pairs
 Dist 5: 1333 pairs
 Dist 6: 235 pairs
 Dist 7: 9 pairs
-------------------------------
  [HIT!] Dist=1 | Deleted: 3 cols
>> Round 1 Result: Hit Rate = 100% (1/1)
		Round = 2 (Start m: 107)
--- Hamming Distance Stats ---
 Dist 1: 140 pairs
 Dist 2: 516 pairs
 Dist 3: 1084 pairs
 Dist 4: 1997 pairs
 Dist 5: 1459 pairs
 Dist 6: 427 pairs
 Dist 7: 47 pairs
 Dist 8: 1 pairs
-------------------------------
  [HIT!] Dist=1 | Deleted: 6 cols
>> Round 2 Result: Hit Rate = 100% (1/1)
		Round = 3 (Start m: 101)
--- Hamming Distance Stats ---
 Dist 1: 115 pairs
 Dist 2: 401 pairs
 Dist 3: 827 pairs
 Dist 4: 1656 pairs
 Dist 5: 1466 pairs
 Dist 6: 512 pairs
 Dist 7: 70 pairs
 Dist 8: 3 pairs
-------------------------------
  [HIT!] Dist=1 | Deleted: 6 cols
>> Round 3 Result: Hit Rate = 100% (1/1)
		Round = 4 (Start m: 95)
--- Hamming Distance Stats ---
 Dist 1: 89 pairs
 Dist 2: 310 pairs
 Dist 3: 678 pairs
 Dist 4: 1321 pairs
 Dist 5: 1219 pairs
 Dist 6: 645 pairs
 Dist 7: 179 pairs
 Dist 8: 23 pairs
 Dist 9: 1 pairs
-------------------------------
  [HIT!] Dist=1 | Deleted: 2 cols
>> Round 4 Result: Hit Rate = 25% (1/4)
		Round = 5 (Start m: 93)
--- Hamming Distance Stats ---
 Dist 1: 78 pairs
 Dist 2: 237 pairs
 Dist 3: 599 pairs
 Dist 4: 1062 pairs
 Dist 5: 1222 pairs
 Dist 6: 788 pairs
 Dist 7: 256 pairs
 Dist 8: 35 pairs
 Dist 9: 1 pairs
-------------------------------
  [HIT!] Dist=1 | Deleted: 2 cols
>> Round 5 Result: Hit Rate = 3.22581% (1/31)
		Round = 6 (Start m: 91)
--- Hamming Distance Stats ---
 Dist 1: 74 pairs
 Dist 2: 222 pairs
 Dist 3: 538 pairs
 Dist 4: 949 pairs
 Dist 5: 1121 pairs
 Dist 6: 823 pairs
 Dist 7: 315 pairs
 Dist 8: 51 pairs
 Dist 9: 2 pairs
-------------------------------
  [HIT!] Dist=2 | Deleted: 4 cols
>> Round 6 Result: Hit Rate = 0.662252% (1/151)
		Round = 7 (Start m: 87)
--- Hamming Distance Stats ---
 Dist 1: 68 pairs
 Dist 2: 180 pairs
 Dist 3: 480 pairs
 Dist 4: 831 pairs
 Dist 5: 990 pairs
 Dist 6: 771 pairs
 Dist 7: 343 pairs
 Dist 8: 73 pairs
 Dist 9: 5 pairs
-------------------------------
>> Round 7 Result: Hit Rate = 0% (0/3741)

=== Final Performance Statistics ===
Hamming time:   2 ms
Chi time:       347 ms
Nullspace time: 4685 ms
Total attempts: 3931 (Success: 7)
END OF LEMPELX2 安定版
Total LempelX2_M4RI_Hamming time: 5101 ms
Hamming result size: 87 columns
		TODD executed in 5.09208 seconds.
		Total time: 5.09236s
	Gate synthesis end.
	Total time: 5.23627s
UniversalOptimize end.
Output circuit:
n 24
n_x 15
n_y 0
n_z 9
m 1401
[0] = H 11
[1] = H 12
[2] = H 13
[3] = H 14
[4] = H 16
[5] = H 17
[6] = H 18
[7] = H 19
[8] = H 20
[9] = H 21
[10] = H 22
[11] = H 23
[12] = H 24
[13] = CNOT 2 8
[14] = CNOT 2 21
[15] = CNOT 2 22
[16] = T 2
[17] = CNOT 2 22
[18] = CNOT 2 21
[19] = CNOT 7 8
[20] = CNOT 7 10
[21] = CNOT 7 22
[22] = T 7
[23] = CNOT 7 22
[24] = CNOT 7 10
[25] = CNOT 7 8
[26] = CNOT 5 7
[27] = CNOT 5 8
[28] = T 5
[29] = S 5
[30] = Z 5
[31] = CNOT 5 11
[32] = T 5
[33] = CNOT 5 7
[34] = CNOT 7 8
[35] = CNOT 7 11
[36] = T 7
[37] = S 7
[38] = Z 7
[39] = CNOT 7 11
[40] = T 5
[41] = S 5
[42] = Z 5
[43] = CNOT 5 11
[44] = CNOT 5 8
[45] = CNOT 1 8
[46] = CNOT 1 9
[47] = CNOT 1 20
[48] = CNOT 1 22
[49] = T 1
[50] = CNOT 1 22
[51] = CNOT 1 20
[52] = CNOT 1 9
[53] = CNOT 1 8
[54] = CNOT 9 22
[55] = T 9
[56] = CNOT 9 22
[57] = CNOT 4 6
[58] = CNOT 4 9
[59] = CNOT 4 22
[60] = T 4
[61] = CNOT 4 11
[62] = T 4
[63] = CNOT 4 6
[64] = CNOT 6 9
[65] = CNOT 6 11
[66] = CNOT 6 22
[67] = T 6
[68] = CNOT 6 22
[69] = CNOT 6 11
[70] = CNOT 6 9
[71] = CNOT 4 6
[72] = CNOT 4 8
[73] = T 4
[74] = CNOT 4 11
[75] = CNOT 4 9
[76] = CNOT 4 8
[77] = CNOT 4 6
[78] = T 1
[79] = S 1
[80] = CNOT 7 21
[81] = CNOT 7 22
[82] = T 7
[83] = CNOT 7 22
[84] = CNOT 7 21
[85] = CNOT 7 8
[86] = CNOT 3 6
[87] = CNOT 3 8
[88] = CNOT 3 9
[89] = CNOT 3 22
[90] = T 3
[91] = CNOT 3 11
[92] = T 3
[93] = CNOT 3 9
[94] = CNOT 3 6
[95] = CNOT 6 8
[96] = CNOT 6 11
[97] = CNOT 6 22
[98] = T 6
[99] = CNOT 6 22
[100] = CNOT 6 11
[101] = CNOT 6 8
[102] = CNOT 3 6
[103] = T 3
[104] = CNOT 3 11
[105] = CNOT 3 8
[106] = CNOT 3 6
[107] = CNOT 1 7
[108] = CNOT 1 8
[109] = CNOT 1 21
[110] = CNOT 1 22
[111] = T 1
[112] = CNOT 1 21
[113] = CNOT 1 8
[114] = CNOT 1 7
[115] = CNOT 6 8
[116] = CNOT 6 9
[117] = CNOT 6 20
[118] = CNOT 6 22
[119] = T 6
[120] = CNOT 6 20
[121] = CNOT 6 9
[122] = CNOT 6 8
[123] = CNOT 2 10
[124] = T 2
[125] = S 2
[126] = Z 2
[127] = CNOT 2 11
[128] = T 2
[129] = CNOT 2 10
[130] = CNOT 2 8
[131] = CNOT 8 10
[132] = CNOT 8 11
[133] = T 8
[134] = S 8
[135] = Z 8
[136] = CNOT 8 11
[137] = CNOT 8 10
[138] = CNOT 2 8
[139] = T 2
[140] = S 2
[141] = Z 2
[142] = CNOT 2 11
[143] = CNOT 6 8
[144] = CNOT 6 21
[145] = T 6
[146] = CNOT 6 22
[147] = CNOT 6 21
[148] = CNOT 6 8
[149] = CNOT 5 9
[150] = CNOT 5 22
[151] = T 5
[152] = Z 5
[153] = CNOT 5 12
[154] = T 5
[155] = CNOT 5 9
[156] = CNOT 9 12
[157] = CNOT 9 22
[158] = T 9
[159] = Z 9
[160] = CNOT 9 22
[161] = CNOT 9 12
[162] = CNOT 5 8
[163] = CNOT 5 9
[164] = T 5
[165] = CNOT 5 12
[166] = CNOT 5 8
[167] = T 22
[168] = Z 22
[169] = CNOT 4 8
[170] = CNOT 4 9
[171] = CNOT 4 12
[172] = T 4
[173] = CNOT 4 9
[174] = CNOT 2 6
[175] = CNOT 2 21
[176] = CNOT 2 22
[177] = T 2
[178] = CNOT 2 21
[179] = CNOT 2 8
[180] = CNOT 2 6
[181] = T 4
[182] = CNOT 4 12
[183] = CNOT 4 8
[184] = CNOT 3 8
[185] = CNOT 3 10
[186] = T 3
[187] = CNOT 3 12
[188] = T 3
[189] = CNOT 3 10
[190] = CNOT 3 8
[191] = CNOT 8 10
[192] = CNOT 8 12
[193] = CNOT 8 22
[194] = T 8
[195] = CNOT 8 22
[196] = CNOT 8 12
[197] = CNOT 8 10
[198] = CNOT 3 8
[199] = T 3
[200] = CNOT 3 22
[201] = CNOT 3 12
[202] = CNOT 3 8
[203] = CNOT 8 22
[204] = CNOT 8 23
[205] = T 8
[206] = CNOT 8 23
[207] = CNOT 8 22
[208] = CNOT 5 8
[209] = CNOT 5 13
[210] = T 5
[211] = CNOT 5 9
[212] = CNOT 5 8
[213] = CNOT 8 9
[214] = CNOT 8 13
[215] = CNOT 8 22
[216] = T 8
[217] = CNOT 8 22
[218] = CNOT 8 13
[219] = CNOT 8 9
[220] = CNOT 5 8
[221] = T 5
[222] = CNOT 5 22
[223] = CNOT 5 13
[224] = CNOT 5 8
[225] = CNOT 1 6
[226] = CNOT 1 8
[227] = CNOT 1 9
[228] = CNOT 1 20
[229] = T 1
[230] = CNOT 1 20
[231] = CNOT 1 8
[232] = CNOT 4 8
[233] = CNOT 4 10
[234] = CNOT 4 13
[235] = T 4
[236] = CNOT 4 10
[237] = CNOT 4 8
[238] = CNOT 8 10
[239] = CNOT 8 13
[240] = CNOT 8 22
[241] = T 8
[242] = CNOT 8 22
[243] = CNOT 8 13
[244] = CNOT 8 10
[245] = CNOT 4 8
[246] = T 4
[247] = CNOT 4 13
[248] = CNOT 4 8
[249] = CNOT 8 14
[250] = T 8
[251] = CNOT 8 14
[252] = CNOT 5 8
[253] = CNOT 5 10
[254] = T 5
[255] = S 5
[256] = Z 5
[257] = CNOT 5 14
[258] = T 5
[259] = CNOT 5 10
[260] = CNOT 5 8
[261] = CNOT 8 10
[262] = CNOT 8 14
[263] = T 8
[264] = S 8
[265] = Z 8
[266] = CNOT 8 14
[267] = CNOT 8 10
[268] = CNOT 5 8
[269] = T 5
[270] = S 5
[271] = Z 5
[272] = CNOT 5 14
[273] = CNOT 5 8
[274] = CNOT 8 9
[275] = CNOT 8 20
[276] = CNOT 8 22
[277] = T 8
[278] = CNOT 8 22
[279] = CNOT 8 20
[280] = CNOT 8 9
[281] = CNOT 3 8
[282] = T 3
[283] = S 3
[284] = CNOT 1 8
[285] = T 1
[286] = CNOT 1 9
[287] = CNOT 1 8
[288] = CNOT 1 6
[289] = CNOT 6 8
[290] = CNOT 6 22
[291] = T 6
[292] = S 6
[293] = Z 6
[294] = CNOT 6 22
[295] = CNOT 6 8
[296] = CNOT 5 6
[297] = CNOT 5 8
[298] = CNOT 5 22
[299] = T 5
[300] = CNOT 5 24
[301] = T 5
[302] = CNOT 5 6
[303] = CNOT 3 6
[304] = T 3
[305] = Z 3
[306] = CNOT 3 8
[307] = CNOT 3 6
[308] = T 5
[309] = CNOT 5 24
[310] = CNOT 5 22
[311] = CNOT 5 8
[312] = CNOT 4 7
[313] = CNOT 4 8
[314] = CNOT 4 10
[315] = T 4
[316] = CNOT 4 24
[317] = T 4
[318] = CNOT 4 7
[319] = CNOT 7 8
[320] = CNOT 7 10
[321] = CNOT 7 22
[322] = CNOT 7 24
[323] = T 7
[324] = CNOT 7 24
[325] = CNOT 7 22
[326] = CNOT 7 10
[327] = CNOT 7 8
[328] = T 4
[329] = CNOT 4 24
[330] = CNOT 4 10
[331] = CNOT 1 3
[332] = T 1
[333] = S 1
[334] = CNOT 1 24
[335] = T 1
[336] = CNOT 1 3
[337] = T 1
[338] = Z 1
[339] = CNOT 1 3
[340] = CNOT 1 8
[341] = T 1
[342] = CNOT 1 24
[343] = CNOT 1 22
[344] = CNOT 1 3
[345] = CNOT 2 7
[346] = CNOT 2 8
[347] = T 2
[348] = CNOT 2 7
[349] = CNOT 2 6
[350] = CNOT 2 9
[351] = CNOT 2 24
[352] = T 2
[353] = CNOT 2 9
[354] = CNOT 2 6
[355] = CNOT 6 8
[356] = CNOT 6 9
[357] = CNOT 6 22
[358] = CNOT 6 24
[359] = T 6
[360] = CNOT 6 24
[361] = CNOT 6 22
[362] = CNOT 6 9
[363] = CNOT 6 8
[364] = CNOT 2 6
[365] = T 2
[366] = CNOT 2 24
[367] = CNOT 2 22
[368] = CNOT 2 6
[369] = T 1
[370] = Z 1
[371] = CNOT 1 10
[372] = CNOT 1 22
[373] = T 1
[374] = CNOT 1 24
[375] = T 1
[376] = CNOT 1 24
[377] = CNOT 1 10
[378] = CNOT 1 21
[379] = T 1
[380] = CNOT 1 21
[381] = CNOT 2 7
[382] = T 2
[383] = S 2
[384] = Z 2
[385] = CNOT 2 8
[386] = CNOT 2 7
[387] = CNOT 1 9
[388] = CNOT 1 23
[389] = T 1
[390] = CNOT 1 23
[391] = CNOT 1 9
[392] = CNOT 4 6
[393] = CNOT 4 9
[394] = CNOT 4 23
[395] = T 4
[396] = CNOT 4 6
[397] = CNOT 6 8
[398] = T 6
[399] = Z 6
[400] = CNOT 6 8
[401] = T 4
[402] = CNOT 4 23
[403] = CNOT 4 22
[404] = CNOT 4 9
[405] = CNOT 4 8
[406] = CNOT 1 3
[407] = CNOT 1 7
[408] = T 1
[409] = CNOT 1 23
[410] = T 1
[411] = CNOT 1 3
[412] = T 1
[413] = CNOT 1 7
[414] = CNOT 1 3
[415] = T 1
[416] = CNOT 1 23
[417] = CNOT 1 22
[418] = CNOT 1 8
[419] = CNOT 2 6
[420] = CNOT 2 9
[421] = CNOT 2 22
[422] = T 2
[423] = CNOT 2 23
[424] = T 2
[425] = CNOT 2 6
[426] = CNOT 6 9
[427] = CNOT 6 22
[428] = CNOT 6 23
[429] = T 6
[430] = CNOT 6 23
[431] = CNOT 6 22
[432] = CNOT 6 9
[433] = CNOT 2 6
[434] = CNOT 2 8
[435] = T 2
[436] = CNOT 2 23
[437] = CNOT 2 22
[438] = CNOT 2 9
[439] = CNOT 2 8
[440] = CNOT 2 6
[441] = Z 2
[442] = Z 3
[443] = S 4
[444] = Z 4
[445] = S 5
[446] = Z 5
[447] = Z 6
[448] = S 7
[449] = Z 7
[450] = Z 8
[451] = S 9
[452] = Z 9
[453] = S 10
[454] = S 13
[455] = Z 13
[456] = S 14
[457] = Z 14
[458] = Z 15
[459] = Z 16
[460] = Z 18
[461] = S 20
[462] = Z 20
[463] = S 21
[464] = Z 21
[465] = Z 23
[466] = S 1
[467] = Z 1
[468] = CNOT 1 3
[469] = CNOT 1 10
[470] = S 1
[471] = Z 1
[472] = CNOT 1 10
[473] = CNOT 1 21
[474] = S 1
[475] = Z 1
[476] = CNOT 1 21
[477] = CNOT 1 22
[478] = S 1
[479] = CNOT 1 22
[480] = CNOT 1 24
[481] = Z 1
[482] = CNOT 1 24
[483] = CNOT 2 7
[484] = Z 2
[485] = CNOT 2 7
[486] = CNOT 2 10
[487] = Z 2
[488] = CNOT 2 10
[489] = CNOT 2 11
[490] = Z 2
[491] = CNOT 2 11
[492] = CNOT 2 21
[493] = S 2
[494] = Z 2
[495] = CNOT 2 21
[496] = CNOT 2 22
[497] = S 2
[498] = Z 2
[499] = CNOT 2 22
[500] = CNOT 3 6
[501] = S 3
[502] = Z 3
[503] = CNOT 3 6
[504] = CNOT 3 10
[505] = S 3
[506] = Z 3
[507] = CNOT 3 10
[508] = CNOT 3 12
[509] = S 3
[510] = Z 3
[511] = CNOT 3 12
[512] = CNOT 3 22
[513] = Z 3
[514] = CNOT 3 22
[515] = CNOT 3 24
[516] = S 3
[517] = Z 3
[518] = CNOT 3 24
[519] = CNOT 4 12
[520] = S 4
[521] = Z 4
[522] = CNOT 4 12
[523] = CNOT 4 13
[524] = S 4
[525] = Z 4
[526] = CNOT 4 13
[527] = CNOT 5 6
[528] = S 5
[529] = Z 5
[530] = CNOT 5 6
[531] = CNOT 5 7
[532] = Z 5
[533] = CNOT 5 7
[534] = CNOT 5 8
[535] = S 5
[536] = CNOT 5 8
[537] = CNOT 5 9
[538] = Z 5
[539] = CNOT 5 9
[540] = CNOT 5 10
[541] = Z 5
[542] = CNOT 5 10
[543] = CNOT 5 11
[544] = Z 5
[545] = CNOT 5 11
[546] = CNOT 5 12
[547] = S 5
[548] = Z 5
[549] = CNOT 5 12
[550] = CNOT 5 13
[551] = S 5
[552] = Z 5
[553] = CNOT 5 13
[554] = CNOT 5 14
[555] = Z 5
[556] = CNOT 5 14
[557] = CNOT 5 22
[558] = S 5
[559] = CNOT 5 22
[560] = CNOT 5 24
[561] = S 5
[562] = Z 5
[563] = CNOT 5 24
[564] = CNOT 6 9
[565] = S 6
[566] = CNOT 6 9
[567] = CNOT 6 21
[568] = S 6
[569] = Z 6
[570] = CNOT 6 21
[571] = CNOT 6 22
[572] = Z 6
[573] = CNOT 6 22
[574] = CNOT 7 11
[575] = Z 7
[576] = CNOT 7 11
[577] = CNOT 7 21
[578] = S 7
[579] = Z 7
[580] = CNOT 7 21
[581] = CNOT 7 22
[582] = S 7
[583] = Z 7
[584] = CNOT 7 22
[585] = CNOT 8 9
[586] = Z 8
[587] = CNOT 8 9
[588] = CNOT 8 10
[589] = S 8
[590] = CNOT 8 10
[591] = CNOT 8 11
[592] = S 8
[593] = Z 8
[594] = CNOT 8 11
[595] = CNOT 8 12
[596] = Z 8
[597] = CNOT 8 12
[598] = CNOT 8 13
[599] = Z 8
[600] = CNOT 8 13
[601] = CNOT 8 21
[602] = Z 8
[603] = CNOT 8 21
[604] = CNOT 9 12
[605] = Z 9
[606] = CNOT 9 12
[607] = CNOT 9 13
[608] = S 9
[609] = Z 9
[610] = CNOT 9 13
[611] = CNOT 10 11
[612] = Z 10
[613] = CNOT 10 11
[614] = CNOT 10 12
[615] = S 10
[616] = Z 10
[617] = CNOT 10 12
[618] = CNOT 10 13
[619] = S 10
[620] = Z 10
[621] = CNOT 10 13
[622] = CNOT 10 14
[623] = Z 10
[624] = CNOT 10 14
[625] = CNOT 10 22
[626] = Z 10
[627] = CNOT 10 22
[628] = CNOT 11 16
[629] = S 11
[630] = CNOT 11 16
[631] = CNOT 12 17
[632] = S 12
[633] = CNOT 12 17
[634] = CNOT 12 22
[635] = S 12
[636] = CNOT 12 22
[637] = CNOT 13 18
[638] = S 13
[639] = CNOT 13 18
[640] = CNOT 13 22
[641] = Z 13
[642] = CNOT 13 22
[643] = CNOT 14 19
[644] = S 14
[645] = CNOT 14 19
[646] = CNOT 15 18
[647] = S 15
[648] = CNOT 15 18
[649] = CNOT 15 24
[650] = Z 15
[651] = CNOT 16 18
[652] = S 16
[653] = CNOT 16 18
[654] = CNOT 16 19
[655] = Z 16
[656] = CNOT 16 19
[657] = CNOT 16 20
[658] = Z 16
[659] = CNOT 16 20
[660] = CNOT 16 22
[661] = S 16
[662] = Z 16
[663] = CNOT 16 22
[664] = CNOT 17 19
[665] = S 17
[666] = CNOT 17 19
[667] = CNOT 17 21
[668] = S 17
[669] = CNOT 17 21
[670] = CNOT 17 23
[671] = Z 17
[672] = CNOT 18 19
[673] = S 18
[674] = CNOT 18 19
[675] = CNOT 18 22
[676] = S 18
[677] = Z 18
[678] = CNOT 18 22
[679] = CNOT 18 24
[680] = Z 18
[681] = CNOT 18 24
[682] = CNOT 19 20
[683] = Z 19
[684] = CNOT 19 20
[685] = CNOT 19 22
[686] = S 19
[687] = Z 19
[688] = CNOT 19 22
[689] = CNOT 19 23
[690] = Z 19
[691] = CNOT 19 23
[692] = CNOT 21 22
[693] = Z 21
[694] = CNOT 21 22
[695] = CNOT 22 24
[696] = S 22
[697] = Z 22
[698] = CNOT 22 24
[699] = CNOT 1 3
[700] = CNOT 1 7
[701] = S 1
[702] = Z 1
[703] = CNOT 1 7
[704] = CNOT 1 8
[705] = Z 1
[706] = CNOT 1 8
[707] = CNOT 1 23
[708] = S 1
[709] = Z 1
[710] = CNOT 1 23
[711] = CNOT 1 24
[712] = S 1
[713] = Z 1
[714] = CNOT 1 24
[715] = CNOT 1 3
[716] = CNOT 1 6
[717] = CNOT 1 8
[718] = S 1
[719] = Z 1
[720] = CNOT 1 8
[721] = CNOT 1 9
[722] = S 1
[723] = Z 1
[724] = CNOT 1 9
[725] = CNOT 1 22
[726] = S 1
[727] = Z 1
[728] = CNOT 1 22
[729] = CNOT 1 6
[730] = CNOT 1 7
[731] = CNOT 1 8
[732] = Z 1
[733] = CNOT 1 8
[734] = CNOT 1 22
[735] = Z 1
[736] = CNOT 1 22
[737] = CNOT 1 23
[738] = S 1
[739] = Z 1
[740] = CNOT 1 23
[741] = CNOT 1 7
[742] = CNOT 1 8
[743] = CNOT 1 9
[744] = Z 1
[745] = CNOT 1 9
[746] = CNOT 1 10
[747] = S 1
[748] = Z 1
[749] = CNOT 1 10
[750] = CNOT 1 20
[751] = S 1
[752] = Z 1
[753] = CNOT 1 20
[754] = CNOT 1 21
[755] = S 1
[756] = Z 1
[757] = CNOT 1 21
[758] = CNOT 1 22
[759] = Z 1
[760] = CNOT 1 22
[761] = CNOT 1 23
[762] = Z 1
[763] = CNOT 1 23
[764] = CNOT 1 24
[765] = S 1
[766] = Z 1
[767] = CNOT 1 24
[768] = CNOT 1 8
[769] = CNOT 1 9
[770] = CNOT 1 20
[771] = S 1
[772] = Z 1
[773] = CNOT 1 20
[774] = CNOT 1 22
[775] = Z 1
[776] = CNOT 1 9
[777] = CNOT 1 10
[778] = S 1
[779] = Z 1
[780] = CNOT 1 10
[781] = CNOT 1 20
[782] = S 1
[783] = Z 1
[784] = CNOT 1 20
[785] = CNOT 1 21
[786] = S 1
[787] = Z 1
[788] = CNOT 1 21
[789] = CNOT 1 23
[790] = Z 1
[791] = CNOT 1 23
[792] = CNOT 1 22
[793] = CNOT 2 6
[794] = CNOT 2 8
[795] = Z 2
[796] = CNOT 2 8
[797] = CNOT 2 9
[798] = Z 2
[799] = CNOT 2 9
[800] = CNOT 2 22
[801] = S 2
[802] = CNOT 2 22
[803] = CNOT 2 23
[804] = S 2
[805] = Z 2
[806] = CNOT 2 23
[807] = CNOT 2 24
[808] = S 2
[809] = Z 2
[810] = CNOT 2 24
[811] = CNOT 2 6
[812] = CNOT 2 8
[813] = CNOT 2 9
[814] = S 2
[815] = Z 2
[816] = CNOT 2 9
[817] = CNOT 2 21
[818] = S 2
[819] = Z 2
[820] = CNOT 2 21
[821] = CNOT 2 22
[822] = S 2
[823] = CNOT 2 22
[824] = CNOT 2 24
[825] = S 2
[826] = Z 2
[827] = CNOT 2 24
[828] = CNOT 2 8
[829] = CNOT 2 9
[830] = CNOT 2 22
[831] = Z 2
[832] = CNOT 2 22
[833] = CNOT 2 23
[834] = S 2
[835] = Z 2
[836] = CNOT 2 23
[837] = CNOT 2 9
[838] = CNOT 2 21
[839] = CNOT 2 22
[840] = S 2
[841] = Z 2
[842] = CNOT 2 21
[843] = CNOT 2 23
[844] = S 2
[845] = Z 2
[846] = CNOT 2 23
[847] = CNOT 2 24
[848] = S 2
[849] = Z 2
[850] = CNOT 2 24
[851] = CNOT 2 22
[852] = CNOT 3 6
[853] = CNOT 3 9
[854] = S 3
[855] = Z 3
[856] = CNOT 3 9
[857] = CNOT 3 11
[858] = S 3
[859] = Z 3
[860] = CNOT 3 11
[861] = CNOT 3 22
[862] = S 3
[863] = Z 3
[864] = CNOT 3 22
[865] = CNOT 3 6
[866] = CNOT 3 7
[867] = CNOT 3 8
[868] = S 3
[869] = Z 3
[870] = CNOT 3 8
[871] = CNOT 3 22
[872] = S 3
[873] = Z 3
[874] = CNOT 3 22
[875] = CNOT 3 7
[876] = CNOT 3 8
[877] = CNOT 3 9
[878] = S 3
[879] = Z 3
[880] = CNOT 3 9
[881] = CNOT 3 10
[882] = S 3
[883] = Z 3
[884] = CNOT 3 10
[885] = CNOT 3 11
[886] = S 3
[887] = Z 3
[888] = CNOT 3 11
[889] = CNOT 3 12
[890] = S 3
[891] = Z 3
[892] = CNOT 3 12
[893] = CNOT 3 22
[894] = S 3
[895] = Z 3
[896] = CNOT 3 22
[897] = CNOT 3 23
[898] = S 3
[899] = Z 3
[900] = CNOT 3 23
[901] = CNOT 3 8
[902] = CNOT 3 9
[903] = CNOT 3 22
[904] = S 3
[905] = Z 3
[906] = CNOT 3 9
[907] = CNOT 3 10
[908] = S 3
[909] = Z 3
[910] = CNOT 3 10
[911] = CNOT 3 11
[912] = S 3
[913] = Z 3
[914] = CNOT 3 11
[915] = CNOT 3 12
[916] = S 3
[917] = Z 3
[918] = CNOT 3 12
[919] = CNOT 3 23
[920] = S 3
[921] = Z 3
[922] = CNOT 3 23
[923] = CNOT 3 24
[924] = S 3
[925] = Z 3
[926] = CNOT 3 24
[927] = CNOT 3 22
[928] = CNOT 4 6
[929] = CNOT 4 8
[930] = S 4
[931] = Z 4
[932] = CNOT 4 8
[933] = CNOT 4 9
[934] = Z 4
[935] = CNOT 4 9
[936] = CNOT 4 11
[937] = S 4
[938] = Z 4
[939] = CNOT 4 11
[940] = CNOT 4 22
[941] = Z 4
[942] = CNOT 4 22
[943] = CNOT 4 6
[944] = CNOT 4 7
[945] = CNOT 4 8
[946] = S 4
[947] = Z 4
[948] = CNOT 4 8
[949] = CNOT 4 10
[950] = S 4
[951] = Z 4
[952] = CNOT 4 10
[953] = CNOT 4 22
[954] = S 4
[955] = Z 4
[956] = CNOT 4 22
[957] = CNOT 4 7
[958] = CNOT 4 8
[959] = CNOT 4 9
[960] = Z 4
[961] = CNOT 4 9
[962] = CNOT 4 10
[963] = Z 4
[964] = CNOT 4 10
[965] = CNOT 4 12
[966] = S 4
[967] = Z 4
[968] = CNOT 4 12
[969] = CNOT 4 13
[970] = S 4
[971] = Z 4
[972] = CNOT 4 13
[973] = CNOT 4 22
[974] = S 4
[975] = Z 4
[976] = CNOT 4 22
[977] = CNOT 4 23
[978] = S 4
[979] = Z 4
[980] = CNOT 4 23
[981] = CNOT 4 24
[982] = S 4
[983] = Z 4
[984] = CNOT 4 24
[985] = CNOT 4 8
[986] = CNOT 4 9
[987] = CNOT 4 11
[988] = S 4
[989] = Z 4
[990] = CNOT 4 11
[991] = CNOT 4 22
[992] = S 4
[993] = CNOT 4 22
[994] = CNOT 4 23
[995] = S 4
[996] = Z 4
[997] = CNOT 4 23
[998] = CNOT 4 9
[999] = CNOT 4 10
[1000] = CNOT 4 22
[1001] = Z 4
[1002] = CNOT 4 22
[1003] = CNOT 4 24
[1004] = S 4
[1005] = Z 4
[1006] = CNOT 4 24
[1007] = CNOT 4 10
[1008] = CNOT 4 11
[1009] = CNOT 4 22
[1010] = S 4
[1011] = Z 4
[1012] = CNOT 4 11
[1013] = CNOT 4 12
[1014] = S 4
[1015] = Z 4
[1016] = CNOT 4 12
[1017] = CNOT 4 13
[1018] = S 4
[1019] = Z 4
[1020] = CNOT 4 13
[1021] = CNOT 4 23
[1022] = S 4
[1023] = Z 4
[1024] = CNOT 4 23
[1025] = CNOT 4 24
[1026] = S 4
[1027] = Z 4
[1028] = CNOT 4 24
[1029] = CNOT 4 22
[1030] = CNOT 5 6
[1031] = CNOT 5 8
[1032] = S 5
[1033] = Z 5
[1034] = CNOT 5 8
[1035] = CNOT 5 22
[1036] = S 5
[1037] = Z 5
[1038] = CNOT 5 22
[1039] = CNOT 5 6
[1040] = CNOT 5 8
[1041] = CNOT 5 9
[1042] = S 5
[1043] = Z 5
[1044] = CNOT 5 9
[1045] = CNOT 5 13
[1046] = S 5
[1047] = Z 5
[1048] = CNOT 5 13
[1049] = CNOT 5 22
[1050] = S 5
[1051] = CNOT 5 22
[1052] = CNOT 5 24
[1053] = S 5
[1054] = Z 5
[1055] = CNOT 5 24
[1056] = CNOT 5 8
[1057] = CNOT 5 9
[1058] = CNOT 5 12
[1059] = S 5
[1060] = Z 5
[1061] = CNOT 5 9
[1062] = CNOT 5 22
[1063] = S 5
[1064] = Z 5
[1065] = CNOT 5 12
[1066] = CNOT 5 13
[1067] = S 5
[1068] = Z 5
[1069] = CNOT 5 13
[1070] = CNOT 5 24
[1071] = S 5
[1072] = Z 5
[1073] = CNOT 5 24
[1074] = CNOT 5 22
[1075] = CNOT 6 8
[1076] = CNOT 6 9
[1077] = S 6
[1078] = Z 6
[1079] = CNOT 6 9
[1080] = CNOT 6 11
[1081] = Z 6
[1082] = CNOT 6 11
[1083] = CNOT 6 20
[1084] = S 6
[1085] = Z 6
[1086] = CNOT 6 20
[1087] = CNOT 6 21
[1088] = S 6
[1089] = Z 6
[1090] = CNOT 6 21
[1091] = CNOT 6 23
[1092] = S 6
[1093] = Z 6
[1094] = CNOT 6 23
[1095] = CNOT 6 24
[1096] = Z 6
[1097] = CNOT 6 24
[1098] = CNOT 6 8
[1099] = CNOT 6 9
[1100] = CNOT 6 11
[1101] = Z 6
[1102] = CNOT 6 11
[1103] = CNOT 6 20
[1104] = S 6
[1105] = Z 6
[1106] = CNOT 6 20
[1107] = CNOT 6 23
[1108] = Z 6
[1109] = CNOT 6 23
[1110] = CNOT 6 24
[1111] = S 6
[1112] = Z 6
[1113] = CNOT 6 24
[1114] = CNOT 6 9
[1115] = CNOT 6 11
[1116] = CNOT 6 22
[1117] = S 6
[1118] = CNOT 6 11
[1119] = CNOT 6 20
[1120] = S 6
[1121] = Z 6
[1122] = CNOT 6 20
[1123] = CNOT 6 21
[1124] = S 6
[1125] = Z 6
[1126] = CNOT 6 21
[1127] = CNOT 6 23
[1128] = Z 6
[1129] = CNOT 6 23
[1130] = CNOT 6 24
[1131] = Z 6
[1132] = CNOT 6 24
[1133] = CNOT 6 22
[1134] = CNOT 7 8
[1135] = CNOT 7 10
[1136] = Z 7
[1137] = CNOT 7 10
[1138] = CNOT 7 21
[1139] = S 7
[1140] = Z 7
[1141] = CNOT 7 21
[1142] = CNOT 7 22
[1143] = S 7
[1144] = Z 7
[1145] = CNOT 7 22
[1146] = CNOT 7 23
[1147] = S 7
[1148] = Z 7
[1149] = CNOT 7 23
[1150] = CNOT 7 24
[1151] = S 7
[1152] = Z 7
[1153] = CNOT 7 24
[1154] = CNOT 7 8
[1155] = CNOT 7 10
[1156] = CNOT 7 22
[1157] = Z 7
[1158] = CNOT 7 22
[1159] = CNOT 7 24
[1160] = S 7
[1161] = Z 7
[1162] = CNOT 7 24
[1163] = CNOT 7 10
[1164] = CNOT 7 21
[1165] = CNOT 7 22
[1166] = S 7
[1167] = Z 7
[1168] = CNOT 7 21
[1169] = CNOT 7 23
[1170] = S 7
[1171] = Z 7
[1172] = CNOT 7 23
[1173] = CNOT 7 24
[1174] = S 7
[1175] = Z 7
[1176] = CNOT 7 24
[1177] = CNOT 7 22
[1178] = CNOT 8 9
[1179] = CNOT 8 11
[1180] = S 8
[1181] = Z 8
[1182] = CNOT 8 11
[1183] = CNOT 8 12
[1184] = S 8
[1185] = Z 8
[1186] = CNOT 8 12
[1187] = CNOT 8 13
[1188] = S 8
[1189] = Z 8
[1190] = CNOT 8 13
[1191] = CNOT 8 20
[1192] = Z 8
[1193] = CNOT 8 20
[1194] = CNOT 8 22
[1195] = S 8
[1196] = Z 8
[1197] = CNOT 8 22
[1198] = CNOT 8 23
[1199] = Z 8
[1200] = CNOT 8 23
[1201] = CNOT 8 24
[1202] = S 8
[1203] = Z 8
[1204] = CNOT 8 24
[1205] = CNOT 8 9
[1206] = CNOT 8 10
[1207] = CNOT 8 12
[1208] = S 8
[1209] = Z 8
[1210] = CNOT 8 12
[1211] = CNOT 8 13
[1212] = S 8
[1213] = Z 8
[1214] = CNOT 8 13
[1215] = CNOT 8 22
[1216] = Z 8
[1217] = CNOT 8 22
[1218] = CNOT 8 24
[1219] = Z 8
[1220] = CNOT 8 24
[1221] = CNOT 8 10
[1222] = CNOT 8 11
[1223] = CNOT 8 22
[1224] = Z 8
[1225] = CNOT 8 11
[1226] = CNOT 8 12
[1227] = S 8
[1228] = CNOT 8 12
[1229] = CNOT 8 13
[1230] = S 8
[1231] = CNOT 8 13
[1232] = CNOT 8 20
[1233] = Z 8
[1234] = CNOT 8 20
[1235] = CNOT 8 21
[1236] = S 8
[1237] = CNOT 8 21
[1238] = CNOT 8 24
[1239] = S 8
[1240] = Z 8
[1241] = CNOT 8 24
[1242] = CNOT 8 22
[1243] = CNOT 9 11
[1244] = CNOT 9 22
[1245] = Z 9
[1246] = CNOT 9 11
[1247] = CNOT 9 13
[1248] = S 9
[1249] = Z 9
[1250] = CNOT 9 13
[1251] = CNOT 9 20
[1252] = Z 9
[1253] = CNOT 9 20
[1254] = CNOT 9 23
[1255] = S 9
[1256] = CNOT 9 23
[1257] = CNOT 9 24
[1258] = S 9
[1259] = Z 9
[1260] = CNOT 9 24
[1261] = CNOT 9 22
[1262] = CNOT 10 12
[1263] = CNOT 10 22
[1264] = S 10
[1265] = Z 10
[1266] = CNOT 10 12
[1267] = CNOT 10 13
[1268] = S 10
[1269] = Z 10
[1270] = CNOT 10 13
[1271] = CNOT 10 24
[1272] = Z 10
[1273] = CNOT 10 24
[1274] = CNOT 10 22
[1275] = CNOT 15 18
[1276] = S 15
[1277] = Z 15
[1278] = CNOT 15 18
[1279] = CNOT 16 18
[1280] = CNOT 16 22
[1281] = S 16
[1282] = Z 16
[1283] = CNOT 16 22
[1284] = CNOT 16 18
[1285] = CNOT 16 19
[1286] = CNOT 16 20
[1287] = S 16
[1288] = Z 16
[1289] = CNOT 16 20
[1290] = CNOT 16 22
[1291] = S 16
[1292] = Z 16
[1293] = CNOT 16 22
[1294] = CNOT 16 19
[1295] = CNOT 17 19
[1296] = S 17
[1297] = Z 17
[1298] = CNOT 17 23
[1299] = CNOT 17 19
[1300] = CNOT 18 19
[1301] = CNOT 18 22
[1302] = S 18
[1303] = Z 18
[1304] = CNOT 18 19
[1305] = CNOT 19 23
[1306] = CNOT 16 23
[1307] = CNOT 14 23
[1308] = CNOT 15 22
[1309] = CNOT 13 22
[1310] = CNOT 19 21
[1311] = CNOT 17 21
[1312] = CNOT 16 21
[1313] = CNOT 12 21
[1314] = CNOT 18 20
[1315] = CNOT 16 20
[1316] = CNOT 15 20
[1317] = CNOT 11 20
[1318] = CNOT 23 19
[1319] = CNOT 16 19
[1320] = CNOT 19 23
[1321] = CNOT 22 18
[1322] = CNOT 15 18
[1323] = CNOT 18 22
[1324] = CNOT 23 17
[1325] = CNOT 21 17
[1326] = CNOT 17 21
[1327] = CNOT 22 16
[1328] = CNOT 20 16
[1329] = CNOT 16 20
[1330] = CNOT 24 15
[1331] = CNOT 15 24
[1332] = CNOT 19 14
[1333] = CNOT 14 19
[1334] = CNOT 18 13
[1335] = CNOT 13 18
[1336] = CNOT 17 12
[1337] = CNOT 12 17
[1338] = CNOT 16 11
[1339] = CNOT 11 16
[1340] = H 16
[1341] = M 16
[1342] = H 17
[1343] = M 17
[1344] = H 18
[1345] = M 18
[1346] = H 19
[1347] = M 19
[1348] = H 20
[1349] = M 20
[1350] = H 21
[1351] = M 21
[1352] = H 22
[1353] = M 22
[1354] = H 23
[1355] = M 23
[1356] = H 24
[1357] = M 24
[1358] = H 15
[1359] = H 14
[1360] = H 13
[1361] = H 12
[1362] = H 11
Gate distributions:
Input:
Operator distribution:
Total number of qubits = 15
Number of `data' qubits = 15
Number of `Toff_n' ancillas = 0
Number of Hadamard ancillas = 0
Hadamard ancilla cap = infinite
Number of {CNOT,T} partitions = 1
T count = 175
Cost estimation = 87522
	id	Count
	0	0
	1	0
	2	0
	3	18
	4	4
	5	0
	6	0
	7	0
	8	0
	9	0
	10	25
	11	0
	12	0
	13	0
	14	0
	15	0
	16	0
	17	0
	18	0
Output:
Operator distribution:
Total number of qubits = 24
Number of `data' qubits = 15
Number of `Toff_n' ancillas = 0
Number of Hadamard ancillas = 9
Hadamard ancilla cap = infinite
Number of {CNOT,T} partitions = 1
T count = 87
Cost estimation = 44780.5
	id	Count
	0	0
	1	0
	2	0
	3	27
	4	841
	5	87
	6	0
	7	0
	8	0
	9	0
	10	0
	11	175
	12	0
	13	224
	14	0
	15	0
	16	0
	17	0
	18	9
Output T Count (SQC_Circuit) = 87
Output T Count (PhasePolynomial) = 87
Fail count = 0

Execution time: 5.23632s
Number of LCL errors: 0
Number of LCL warnings: 0
