Optimize a Clifford + T circuit.
Input filename = /home/ryo-mtmt/TOpt/forme/tpar_benchmark/gf2^6_mult.tfc
Number of unknown gates = 0
Number of unknown qubit labels = 0
Circuit filename: /home/ryo-mtmt/TOpt/forme/tpar_benchmark/gf2^6_mult.tfc

n 18
n_x 18
n_y 0
n_z 0
m 101
[0] = H 13
[1] = H 14
[2] = H 15
[3] = H 16
[4] = H 17
[5] = CCZ 6 8 13
[6] = CCZ 5 9 13
[7] = CCZ 4 10 13
[8] = CCZ 3 11 13
[9] = CCZ 2 12 13
[10] = CCZ 6 9 14
[11] = CCZ 5 10 14
[12] = CCZ 4 11 14
[13] = CCZ 3 12 14
[14] = CCZ 6 10 15
[15] = CCZ 5 11 15
[16] = CCZ 4 12 15
[17] = CCZ 6 11 16
[18] = CCZ 5 12 16
[19] = CCZ 6 12 17
[20] = H 13
[21] = H 14
[22] = H 15
[23] = H 16
[24] = H 17
[25] = CNOT 18 17
[26] = CNOT 17 16
[27] = CNOT 16 15
[28] = CNOT 15 14
[29] = CNOT 14 13
[30] = H 13
[31] = H 14
[32] = H 15
[33] = H 16
[34] = H 17
[35] = H 18
[36] = CCZ 6 7 18
[37] = CCZ 5 8 18
[38] = CCZ 4 9 18
[39] = CCZ 3 10 18
[40] = CCZ 2 11 18
[41] = CCZ 1 12 18
[42] = CCZ 5 7 17
[43] = CCZ 4 8 17
[44] = CCZ 3 9 17
[45] = CCZ 2 10 17
[46] = CCZ 1 11 17
[47] = CCZ 4 7 16
[48] = CCZ 3 8 16
[49] = CCZ 2 9 16
[50] = CCZ 1 10 16
[51] = CCZ 3 7 15
[52] = CCZ 2 8 15
[53] = CCZ 1 9 15
[54] = CCZ 2 7 14
[55] = CCZ 1 8 14
[56] = CCZ 1 7 13
[57] = H 13
[58] = H 14
[59] = H 15
[60] = H 16
[61] = H 17
[62] = H 18

Algorithm used: todd

UniversalOptimize begin.
	Gate synthesis begin.

--- Testing Hamming Distance Version ---
in LempelX2_M4RI_Hamming　安定版　m4ri
		Round = 0 (Start m: 150)
--- Hamming Distance Stats ---
 Dist 1: 144 pairs
 Dist 2: 1081 pairs
 Dist 3: 1552 pairs
 Dist 4: 5163 pairs
 Dist 5: 2840 pairs
 Dist 6: 395 pairs
-------------------------------
  [HIT!] Dist=1 | Deleted: 4 cols
>> Round 0 Result: Hit Rate = 11.1111% (1/9)
		Round = 1 (Start m: 146)
--- Hamming Distance Stats ---
 Dist 1: 138 pairs
 Dist 2: 887 pairs
 Dist 3: 1382 pairs
 Dist 4: 4181 pairs
 Dist 5: 3114 pairs
 Dist 6: 813 pairs
 Dist 7: 70 pairs
-------------------------------
  [HIT!] Dist=1 | Deleted: 2 cols
>> Round 1 Result: Hit Rate = 20% (1/5)
		Round = 2 (Start m: 144)
--- Hamming Distance Stats ---
 Dist 1: 141 pairs
 Dist 2: 692 pairs
 Dist 3: 1301 pairs
 Dist 4: 3080 pairs
 Dist 5: 3111 pairs
 Dist 6: 1564 pairs
 Dist 7: 375 pairs
 Dist 8: 32 pairs
-------------------------------
  [HIT!] Dist=1 | Deleted: 4 cols
>> Round 2 Result: Hit Rate = 16.6667% (1/6)
		Round = 3 (Start m: 140)
--- Hamming Distance Stats ---
 Dist 1: 130 pairs
 Dist 2: 545 pairs
 Dist 3: 1102 pairs
 Dist 4: 2499 pairs
 Dist 5: 3008 pairs
 Dist 6: 1811 pairs
 Dist 7: 558 pairs
 Dist 8: 75 pairs
 Dist 9: 2 pairs
-------------------------------
  [HIT!] Dist=1 | Deleted: 2 cols
>> Round 3 Result: Hit Rate = 50% (1/2)
		Round = 4 (Start m: 138)
--- Hamming Distance Stats ---
 Dist 1: 137 pairs
 Dist 2: 445 pairs
 Dist 3: 1058 pairs
 Dist 4: 2079 pairs
 Dist 5: 2782 pairs
 Dist 6: 2027 pairs
 Dist 7: 774 pairs
 Dist 8: 142 pairs
 Dist 9: 9 pairs
-------------------------------
  [HIT!] Dist=1 | Deleted: 2 cols
>> Round 4 Result: Hit Rate = 25% (1/4)
		Round = 5 (Start m: 136)
--- Hamming Distance Stats ---
 Dist 1: 115 pairs
 Dist 2: 359 pairs
 Dist 3: 758 pairs
 Dist 4: 1707 pairs
 Dist 5: 2442 pairs
 Dist 6: 2235 pairs
 Dist 7: 1142 pairs
 Dist 8: 349 pairs
 Dist 9: 67 pairs
 Dist 10: 6 pairs
-------------------------------
  [HIT!] Dist=2 | Deleted: 6 cols
>> Round 5 Result: Hit Rate = 0.840336% (1/119)
		Round = 6 (Start m: 130)
--- Hamming Distance Stats ---
 Dist 1: 107 pairs
 Dist 2: 276 pairs
 Dist 3: 594 pairs
 Dist 4: 1391 pairs
 Dist 5: 1976 pairs
 Dist 6: 2019 pairs
 Dist 7: 1342 pairs
 Dist 8: 542 pairs
 Dist 9: 125 pairs
 Dist 10: 13 pairs
-------------------------------
  [HIT!] Dist=1 | Deleted: 2 cols
>> Round 6 Result: Hit Rate = 1.38889% (1/72)
		Round = 7 (Start m: 128)
--- Hamming Distance Stats ---
 Dist 1: 101 pairs
 Dist 2: 258 pairs
 Dist 3: 544 pairs
 Dist 4: 1389 pairs
 Dist 5: 1868 pairs
 Dist 6: 2329 pairs
 Dist 7: 1296 pairs
 Dist 8: 311 pairs
 Dist 9: 31 pairs
 Dist 10: 1 pairs
-------------------------------
  [HIT!] Dist=3 | Deleted: 2 cols
>> Round 7 Result: Hit Rate = 0.251889% (1/397)
		Round = 8 (Start m: 126)
--- Hamming Distance Stats ---
 Dist 1: 97 pairs
 Dist 2: 216 pairs
 Dist 3: 480 pairs
 Dist 4: 1083 pairs
 Dist 5: 1744 pairs
 Dist 6: 2073 pairs
 Dist 7: 1524 pairs
 Dist 8: 552 pairs
 Dist 9: 99 pairs
 Dist 10: 7 pairs
-------------------------------
  [HIT!] Dist=3 | Deleted: 2 cols
>> Round 8 Result: Hit Rate = 0.193798% (1/516)
		Round = 9 (Start m: 124)
--- Hamming Distance Stats ---
 Dist 1: 93 pairs
 Dist 2: 211 pairs
 Dist 3: 438 pairs
 Dist 4: 913 pairs
 Dist 5: 1520 pairs
 Dist 6: 1871 pairs
 Dist 7: 1564 pairs
 Dist 8: 735 pairs
 Dist 9: 211 pairs
 Dist 10: 54 pairs
 Dist 11: 14 pairs
 Dist 12: 2 pairs
-------------------------------
  [HIT!] Dist=5 | Deleted: 2 cols
>> Round 9 Result: Hit Rate = 0.0393082% (1/2544)
		Round = 10 (Start m: 122)
--- Hamming Distance Stats ---
 Dist 1: 87 pairs
 Dist 2: 174 pairs
 Dist 3: 329 pairs
 Dist 4: 668 pairs
 Dist 5: 1144 pairs
 Dist 6: 1482 pairs
 Dist 7: 1436 pairs
 Dist 8: 994 pairs
 Dist 9: 579 pairs
 Dist 10: 303 pairs
 Dist 11: 139 pairs
 Dist 12: 39 pairs
 Dist 13: 6 pairs
 Dist 14: 1 pairs
-------------------------------
>> Round 10 Result: Hit Rate = 0% (0/7381)

=== Final Performance Statistics ===
Hamming time:   6 ms
Chi time:       1723 ms
Nullspace time: 28897 ms
Total attempts: 11055 (Success: 10)
END OF LEMPELX2 安定版
Total LempelX2_M4RI_Hamming time: 30921 ms
Hamming result size: 122 columns
		TODD executed in 30.8787 seconds.
		Total time: 30.8791s
	Gate synthesis end.
	Total time: 31.366s
UniversalOptimize end.
Output circuit:
n 29
n_x 18
n_y 0
n_z 11
m 2801
[0] = H 13
[1] = H 14
[2] = H 15
[3] = H 16
[4] = H 17
[5] = H 19
[6] = H 20
[7] = H 21
[8] = H 22
[9] = H 23
[10] = H 24
[11] = H 25
[12] = H 26
[13] = H 27
[14] = H 28
[15] = H 29
[16] = CNOT 2 3
[17] = CNOT 2 4
[18] = CNOT 2 24
[19] = CNOT 2 28
[20] = T 2
[21] = CNOT 2 28
[22] = CNOT 2 24
[23] = CNOT 2 4
[24] = CNOT 2 3
[25] = CNOT 4 6
[26] = CNOT 4 8
[27] = CNOT 4 11
[28] = T 4
[29] = CNOT 4 13
[30] = T 4
[31] = CNOT 4 6
[32] = T 4
[33] = CNOT 4 13
[34] = CNOT 4 11
[35] = CNOT 4 8
[36] = CNOT 1 2
[37] = CNOT 1 3
[38] = CNOT 1 4
[39] = CNOT 1 7
[40] = CNOT 1 24
[41] = CNOT 1 28
[42] = T 1
[43] = CNOT 1 24
[44] = CNOT 1 7
[45] = CNOT 1 4
[46] = CNOT 1 3
[47] = CNOT 1 2
[48] = CNOT 4 5
[49] = CNOT 4 9
[50] = CNOT 4 11
[51] = CNOT 4 14
[52] = T 4
[53] = CNOT 4 13
[54] = T 4
[55] = CNOT 4 5
[56] = T 4
[57] = CNOT 4 9
[58] = CNOT 4 5
[59] = T 4
[60] = CNOT 4 14
[61] = CNOT 4 13
[62] = CNOT 4 5
[63] = CNOT 4 9
[64] = CNOT 4 26
[65] = CNOT 4 28
[66] = T 4
[67] = CNOT 4 28
[68] = CNOT 4 26
[69] = CNOT 4 9
[70] = CNOT 10 11
[71] = CNOT 10 13
[72] = T 10
[73] = S 10
[74] = Z 10
[75] = CNOT 10 13
[76] = CNOT 10 11
[77] = CNOT 4 10
[78] = CNOT 4 13
[79] = T 4
[80] = CNOT 4 13
[81] = CNOT 4 11
[82] = CNOT 4 10
[83] = CNOT 11 13
[84] = T 11
[85] = S 11
[86] = CNOT 11 13
[87] = CNOT 3 4
[88] = CNOT 3 6
[89] = T 3
[90] = S 3
[91] = CNOT 3 13
[92] = T 3
[93] = CNOT 3 4
[94] = CNOT 4 6
[95] = CNOT 4 13
[96] = T 4
[97] = Z 4
[98] = CNOT 4 13
[99] = CNOT 4 6
[100] = CNOT 3 4
[101] = CNOT 3 11
[102] = T 3
[103] = CNOT 3 13
[104] = CNOT 3 11
[105] = CNOT 3 6
[106] = CNOT 3 4
[107] = CNOT 2 4
[108] = CNOT 2 11
[109] = CNOT 2 12
[110] = CNOT 2 14
[111] = T 2
[112] = CNOT 2 13
[113] = T 2
[114] = CNOT 2 12
[115] = CNOT 2 4
[116] = CNOT 4 11
[117] = CNOT 4 12
[118] = CNOT 4 13
[119] = CNOT 4 14
[120] = T 4
[121] = CNOT 4 14
[122] = CNOT 4 13
[123] = CNOT 4 12
[124] = CNOT 4 11
[125] = CNOT 2 4
[126] = T 2
[127] = CNOT 2 14
[128] = CNOT 2 13
[129] = CNOT 2 4
[130] = CNOT 4 6
[131] = CNOT 4 9
[132] = CNOT 4 11
[133] = T 4
[134] = CNOT 4 14
[135] = T 4
[136] = CNOT 4 14
[137] = CNOT 4 11
[138] = CNOT 4 9
[139] = CNOT 4 6
[140] = CNOT 2 3
[141] = CNOT 2 4
[142] = CNOT 2 9
[143] = T 2
[144] = CNOT 2 11
[145] = CNOT 2 9
[146] = CNOT 2 4
[147] = CNOT 2 3
[148] = CNOT 1 4
[149] = CNOT 1 6
[150] = CNOT 1 14
[151] = CNOT 1 16
[152] = T 1
[153] = CNOT 1 16
[154] = CNOT 1 14
[155] = CNOT 1 6
[156] = CNOT 1 2
[157] = CNOT 1 8
[158] = CNOT 1 11
[159] = T 1
[160] = CNOT 1 8
[161] = CNOT 1 4
[162] = CNOT 4 5
[163] = CNOT 4 10
[164] = CNOT 4 11
[165] = CNOT 4 14
[166] = T 4
[167] = CNOT 4 14
[168] = CNOT 4 11
[169] = CNOT 4 10
[170] = CNOT 4 5
[171] = CNOT 1 4
[172] = CNOT 1 26
[173] = T 1
[174] = CNOT 1 26
[175] = CNOT 1 4
[176] = CNOT 1 2
[177] = CNOT 4 8
[178] = CNOT 4 11
[179] = CNOT 4 25
[180] = CNOT 4 28
[181] = T 4
[182] = CNOT 4 28
[183] = CNOT 4 25
[184] = CNOT 4 11
[185] = CNOT 4 8
[186] = CNOT 6 16
[187] = T 6
[188] = S 6
[189] = Z 6
[190] = CNOT 6 16
[191] = CNOT 1 6
[192] = CNOT 1 14
[193] = CNOT 1 16
[194] = T 1
[195] = CNOT 1 4
[196] = T 1
[197] = CNOT 1 11
[198] = CNOT 1 4
[199] = T 1
[200] = CNOT 1 16
[201] = CNOT 1 14
[202] = CNOT 1 6
[203] = CNOT 3 4
[204] = CNOT 3 6
[205] = CNOT 3 11
[206] = CNOT 3 12
[207] = T 3
[208] = CNOT 3 14
[209] = T 3
[210] = CNOT 3 12
[211] = CNOT 1 2
[212] = CNOT 1 5
[213] = CNOT 1 7
[214] = CNOT 1 11
[215] = CNOT 1 15
[216] = CNOT 1 26
[217] = T 1
[218] = CNOT 1 26
[219] = CNOT 1 15
[220] = CNOT 1 7
[221] = CNOT 1 5
[222] = CNOT 1 2
[223] = T 3
[224] = CNOT 3 14
[225] = CNOT 3 11
[226] = CNOT 3 6
[227] = CNOT 3 4
[228] = CNOT 2 3
[229] = CNOT 2 4
[230] = CNOT 2 7
[231] = CNOT 2 24
[232] = CNOT 2 28
[233] = T 2
[234] = CNOT 2 28
[235] = CNOT 2 24
[236] = CNOT 2 4
[237] = CNOT 4 5
[238] = CNOT 4 6
[239] = CNOT 4 10
[240] = CNOT 4 11
[241] = CNOT 4 15
[242] = T 4
[243] = CNOT 4 15
[244] = T 4
[245] = CNOT 4 11
[246] = CNOT 4 10
[247] = CNOT 4 6
[248] = CNOT 4 5
[249] = CNOT 10 11
[250] = CNOT 10 27
[251] = T 10
[252] = S 10
[253] = Z 10
[254] = CNOT 10 27
[255] = CNOT 10 11
[256] = CNOT 2 4
[257] = CNOT 2 11
[258] = T 2
[259] = CNOT 2 11
[260] = CNOT 2 7
[261] = CNOT 2 4
[262] = CNOT 2 3
[263] = CNOT 4 5
[264] = CNOT 4 16
[265] = T 4
[266] = Z 4
[267] = CNOT 4 15
[268] = T 4
[269] = CNOT 4 5
[270] = T 4
[271] = Z 4
[272] = CNOT 4 5
[273] = CNOT 4 11
[274] = T 4
[275] = CNOT 4 16
[276] = CNOT 4 15
[277] = CNOT 6 11
[278] = CNOT 6 12
[279] = CNOT 6 16
[280] = T 6
[281] = CNOT 6 15
[282] = T 6
[283] = CNOT 6 16
[284] = CNOT 6 15
[285] = CNOT 6 12
[286] = CNOT 6 11
[287] = CNOT 4 6
[288] = CNOT 4 12
[289] = T 4
[290] = CNOT 4 12
[291] = CNOT 4 6
[292] = CNOT 4 5
[293] = CNOT 6 11
[294] = CNOT 6 15
[295] = CNOT 6 16
[296] = T 6
[297] = CNOT 6 16
[298] = CNOT 6 15
[299] = CNOT 6 11
[300] = CNOT 4 25
[301] = CNOT 4 28
[302] = T 4
[303] = CNOT 4 28
[304] = CNOT 4 25
[305] = CNOT 4 11
[306] = CNOT 1 4
[307] = CNOT 1 8
[308] = CNOT 1 25
[309] = T 1
[310] = CNOT 1 8
[311] = CNOT 1 2
[312] = CNOT 1 7
[313] = T 1
[314] = CNOT 1 25
[315] = CNOT 1 11
[316] = CNOT 1 7
[317] = CNOT 1 4
[318] = CNOT 4 6
[319] = CNOT 4 11
[320] = CNOT 4 14
[321] = T 4
[322] = CNOT 4 14
[323] = CNOT 4 6
[324] = CNOT 4 12
[325] = CNOT 4 15
[326] = CNOT 4 16
[327] = T 4
[328] = CNOT 4 15
[329] = CNOT 4 5
[330] = T 4
[331] = CNOT 4 16
[332] = CNOT 4 12
[333] = CNOT 4 11
[334] = CNOT 4 5
[335] = CNOT 1 3
[336] = CNOT 1 12
[337] = T 1
[338] = CNOT 1 12
[339] = CNOT 1 3
[340] = CNOT 1 4
[341] = CNOT 1 11
[342] = CNOT 1 25
[343] = T 1
[344] = CNOT 1 4
[345] = CNOT 1 2
[346] = CNOT 4 5
[347] = CNOT 4 11
[348] = CNOT 4 14
[349] = CNOT 4 15
[350] = CNOT 4 17
[351] = T 4
[352] = CNOT 4 17
[353] = CNOT 4 15
[354] = CNOT 4 14
[355] = CNOT 4 11
[356] = CNOT 4 5
[357] = CNOT 1 4
[358] = CNOT 1 7
[359] = T 1
[360] = CNOT 1 25
[361] = CNOT 1 11
[362] = CNOT 1 7
[363] = CNOT 1 4
[364] = CNOT 4 5
[365] = CNOT 4 6
[366] = CNOT 4 11
[367] = CNOT 4 12
[368] = CNOT 4 14
[369] = CNOT 4 15
[370] = CNOT 4 17
[371] = T 4
[372] = CNOT 4 6
[373] = T 4
[374] = CNOT 4 12
[375] = CNOT 4 6
[376] = T 4
[377] = CNOT 4 17
[378] = CNOT 4 15
[379] = CNOT 4 14
[380] = CNOT 4 11
[381] = CNOT 4 6
[382] = CNOT 4 5
[383] = CNOT 1 2
[384] = CNOT 1 3
[385] = CNOT 1 4
[386] = CNOT 1 24
[387] = T 1
[388] = CNOT 1 24
[389] = CNOT 1 4
[390] = CNOT 1 5
[391] = CNOT 1 11
[392] = CNOT 1 15
[393] = CNOT 1 26
[394] = T 1
[395] = CNOT 1 26
[396] = CNOT 1 15
[397] = CNOT 1 11
[398] = CNOT 4 11
[399] = CNOT 4 14
[400] = CNOT 4 28
[401] = T 4
[402] = CNOT 4 28
[403] = CNOT 4 14
[404] = CNOT 4 5
[405] = CNOT 4 6
[406] = CNOT 4 7
[407] = CNOT 4 15
[408] = T 4
[409] = CNOT 4 29
[410] = T 4
[411] = CNOT 4 6
[412] = T 4
[413] = CNOT 4 7
[414] = CNOT 4 6
[415] = T 4
[416] = CNOT 4 29
[417] = CNOT 4 15
[418] = CNOT 4 11
[419] = CNOT 4 6
[420] = CNOT 4 5
[421] = CNOT 1 8
[422] = T 1
[423] = CNOT 1 29
[424] = T 1
[425] = CNOT 1 5
[426] = T 1
[427] = CNOT 1 8
[428] = CNOT 1 5
[429] = T 1
[430] = CNOT 1 29
[431] = CNOT 1 5
[432] = CNOT 1 3
[433] = CNOT 1 2
[434] = CNOT 1 4
[435] = CNOT 1 8
[436] = CNOT 1 11
[437] = CNOT 1 26
[438] = T 1
[439] = CNOT 1 26
[440] = CNOT 1 11
[441] = CNOT 1 8
[442] = CNOT 1 4
[443] = CNOT 2 3
[444] = CNOT 2 4
[445] = CNOT 2 9
[446] = CNOT 2 11
[447] = CNOT 2 28
[448] = CNOT 2 29
[449] = T 2
[450] = CNOT 2 4
[451] = T 2
[452] = CNOT 2 9
[453] = CNOT 2 4
[454] = T 2
[455] = CNOT 2 29
[456] = CNOT 2 11
[457] = CNOT 2 4
[458] = CNOT 2 3
[459] = CNOT 3 4
[460] = CNOT 3 5
[461] = CNOT 3 10
[462] = CNOT 3 11
[463] = CNOT 3 15
[464] = T 3
[465] = CNOT 3 29
[466] = T 3
[467] = CNOT 3 10
[468] = CNOT 3 4
[469] = CNOT 4 5
[470] = CNOT 4 10
[471] = CNOT 4 11
[472] = CNOT 4 15
[473] = CNOT 4 29
[474] = T 4
[475] = CNOT 4 29
[476] = CNOT 4 15
[477] = CNOT 4 11
[478] = CNOT 4 10
[479] = CNOT 4 5
[480] = CNOT 3 4
[481] = T 3
[482] = CNOT 3 29
[483] = CNOT 3 15
[484] = CNOT 3 11
[485] = CNOT 3 5
[486] = CNOT 3 4
[487] = CNOT 3 28
[488] = T 3
[489] = Z 3
[490] = CNOT 3 29
[491] = T 3
[492] = S 3
[493] = Z 3
[494] = CNOT 4 11
[495] = CNOT 4 26
[496] = CNOT 4 28
[497] = T 4
[498] = CNOT 4 28
[499] = CNOT 4 26
[500] = CNOT 4 11
[501] = CNOT 3 11
[502] = T 3
[503] = CNOT 3 29
[504] = CNOT 3 28
[505] = CNOT 3 11
[506] = CNOT 2 3
[507] = CNOT 2 12
[508] = T 2
[509] = CNOT 2 29
[510] = T 2
[511] = CNOT 2 29
[512] = CNOT 2 28
[513] = CNOT 2 12
[514] = CNOT 2 3
[515] = CNOT 1 2
[516] = CNOT 1 3
[517] = CNOT 1 12
[518] = CNOT 1 29
[519] = T 1
[520] = CNOT 1 29
[521] = CNOT 1 12
[522] = CNOT 1 3
[523] = CNOT 1 2
[524] = CNOT 1 4
[525] = CNOT 1 9
[526] = CNOT 1 11
[527] = CNOT 1 26
[528] = T 1
[529] = CNOT 1 26
[530] = CNOT 1 11
[531] = CNOT 1 9
[532] = CNOT 1 4
[533] = CNOT 1 2
[534] = CNOT 1 3
[535] = CNOT 1 5
[536] = CNOT 1 7
[537] = T 1
[538] = CNOT 1 28
[539] = T 1
[540] = CNOT 1 5
[541] = CNOT 1 3
[542] = CNOT 1 2
[543] = T 1
[544] = CNOT 1 7
[545] = CNOT 1 2
[546] = CNOT 1 3
[547] = CNOT 1 5
[548] = T 1
[549] = CNOT 1 5
[550] = CNOT 1 8
[551] = CNOT 1 28
[552] = T 1
[553] = CNOT 1 8
[554] = CNOT 1 3
[555] = CNOT 8 11
[556] = CNOT 8 28
[557] = T 8
[558] = S 8
[559] = CNOT 8 28
[560] = CNOT 8 11
[561] = CNOT 3 4
[562] = CNOT 3 5
[563] = CNOT 3 7
[564] = CNOT 3 11
[565] = CNOT 3 15
[566] = T 3
[567] = CNOT 3 15
[568] = CNOT 3 11
[569] = CNOT 3 7
[570] = CNOT 3 5
[571] = CNOT 3 4
[572] = CNOT 1 5
[573] = CNOT 1 11
[574] = CNOT 1 15
[575] = CNOT 1 26
[576] = T 1
[577] = CNOT 1 26
[578] = CNOT 1 15
[579] = CNOT 1 5
[580] = CNOT 1 4
[581] = CNOT 1 9
[582] = T 1
[583] = CNOT 1 28
[584] = CNOT 1 9
[585] = CNOT 1 4
[586] = CNOT 1 2
[587] = CNOT 1 10
[588] = CNOT 1 27
[589] = T 1
[590] = CNOT 1 27
[591] = CNOT 1 11
[592] = CNOT 1 10
[593] = CNOT 2 3
[594] = CNOT 2 9
[595] = CNOT 2 11
[596] = CNOT 2 28
[597] = T 2
[598] = CNOT 2 28
[599] = CNOT 2 9
[600] = CNOT 2 3
[601] = CNOT 3 11
[602] = CNOT 3 28
[603] = T 3
[604] = CNOT 3 28
[605] = CNOT 2 4
[606] = CNOT 2 10
[607] = CNOT 2 14
[608] = T 2
[609] = CNOT 2 28
[610] = T 2
[611] = CNOT 2 10
[612] = CNOT 2 4
[613] = CNOT 4 10
[614] = CNOT 4 11
[615] = CNOT 4 14
[616] = CNOT 4 28
[617] = T 4
[618] = CNOT 4 28
[619] = CNOT 4 14
[620] = CNOT 4 11
[621] = CNOT 4 10
[622] = CNOT 2 4
[623] = T 2
[624] = CNOT 2 28
[625] = CNOT 2 14
[626] = CNOT 2 11
[627] = CNOT 2 4
[628] = CNOT 3 7
[629] = T 3
[630] = Z 3
[631] = CNOT 3 11
[632] = CNOT 3 7
[633] = CNOT 1 4
[634] = CNOT 1 28
[635] = T 1
[636] = CNOT 1 4
[637] = CNOT 1 2
[638] = CNOT 1 3
[639] = CNOT 1 5
[640] = CNOT 1 7
[641] = CNOT 1 11
[642] = CNOT 1 15
[643] = CNOT 1 26
[644] = T 1
[645] = CNOT 1 26
[646] = CNOT 1 15
[647] = CNOT 1 7
[648] = CNOT 1 5
[649] = CNOT 1 3
[650] = CNOT 1 2
[651] = CNOT 1 4
[652] = T 1
[653] = CNOT 1 28
[654] = CNOT 1 4
[655] = CNOT 7 28
[656] = T 7
[657] = S 7
[658] = CNOT 7 28
[659] = CNOT 1 7
[660] = CNOT 1 27
[661] = T 1
[662] = CNOT 1 4
[663] = T 1
[664] = CNOT 1 27
[665] = CNOT 1 7
[666] = CNOT 1 2
[667] = CNOT 1 8
[668] = CNOT 1 26
[669] = CNOT 1 28
[670] = T 1
[671] = CNOT 1 28
[672] = CNOT 1 26
[673] = CNOT 1 8
[674] = CNOT 1 4
[675] = CNOT 1 2
[676] = CNOT 3 8
[677] = CNOT 3 11
[678] = T 3
[679] = S 3
[680] = Z 3
[681] = CNOT 3 27
[682] = T 3
[683] = CNOT 3 8
[684] = CNOT 8 11
[685] = CNOT 8 27
[686] = T 8
[687] = S 8
[688] = Z 8
[689] = CNOT 8 27
[690] = CNOT 8 11
[691] = T 3
[692] = S 3
[693] = Z 3
[694] = CNOT 3 27
[695] = CNOT 3 11
[696] = CNOT 1 10
[697] = T 1
[698] = S 1
[699] = Z 1
[700] = CNOT 1 10
[701] = CNOT 1 2
[702] = CNOT 1 4
[703] = CNOT 1 9
[704] = CNOT 1 27
[705] = T 1
[706] = CNOT 1 2
[707] = T 1
[708] = CNOT 1 9
[709] = CNOT 1 2
[710] = T 1
[711] = CNOT 1 27
[712] = CNOT 1 11
[713] = CNOT 1 4
[714] = S 2
[715] = Z 2
[716] = S 3
[717] = Z 3
[718] = S 4
[719] = Z 4
[720] = Z 5
[721] = S 7
[722] = Z 9
[723] = S 10
[724] = S 11
[725] = Z 11
[726] = S 12
[727] = S 13
[728] = S 14
[729] = Z 14
[730] = Z 15
[731] = Z 16
[732] = S 17
[733] = Z 17
[734] = Z 18
[735] = S 20
[736] = Z 20
[737] = S 21
[738] = Z 21
[739] = S 22
[740] = Z 22
[741] = S 23
[742] = Z 23
[743] = S 24
[744] = Z 24
[745] = Z 25
[746] = Z 27
[747] = S 28
[748] = S 29
[749] = S 1
[750] = Z 1
[751] = CNOT 1 2
[752] = CNOT 1 6
[753] = Z 1
[754] = CNOT 1 6
[755] = CNOT 1 9
[756] = S 1
[757] = CNOT 1 9
[758] = CNOT 1 10
[759] = Z 1
[760] = CNOT 1 10
[761] = CNOT 1 11
[762] = S 1
[763] = Z 1
[764] = CNOT 1 11
[765] = CNOT 1 14
[766] = Z 1
[767] = CNOT 1 14
[768] = CNOT 1 15
[769] = Z 1
[770] = CNOT 1 15
[771] = CNOT 1 16
[772] = Z 1
[773] = CNOT 1 16
[774] = CNOT 1 24
[775] = S 1
[776] = CNOT 1 24
[777] = CNOT 1 25
[778] = Z 1
[779] = CNOT 1 25
[780] = CNOT 1 27
[781] = S 1
[782] = Z 1
[783] = CNOT 1 27
[784] = CNOT 1 28
[785] = S 1
[786] = CNOT 1 28
[787] = CNOT 1 29
[788] = Z 1
[789] = CNOT 1 29
[790] = CNOT 2 3
[791] = Z 2
[792] = CNOT 2 3
[793] = CNOT 2 4
[794] = S 2
[795] = CNOT 2 4
[796] = CNOT 2 7
[797] = Z 2
[798] = CNOT 2 7
[799] = CNOT 2 8
[800] = S 2
[801] = Z 2
[802] = CNOT 2 8
[803] = CNOT 2 9
[804] = Z 2
[805] = CNOT 2 9
[806] = CNOT 2 11
[807] = S 2
[808] = CNOT 2 11
[809] = CNOT 2 14
[810] = S 2
[811] = CNOT 2 14
[812] = CNOT 2 15
[813] = Z 2
[814] = CNOT 2 15
[815] = CNOT 2 24
[816] = Z 2
[817] = CNOT 2 24
[818] = CNOT 2 25
[819] = S 2
[820] = CNOT 2 25
[821] = CNOT 2 26
[822] = S 2
[823] = Z 2
[824] = CNOT 2 26
[825] = CNOT 2 28
[826] = S 2
[827] = CNOT 2 28
[828] = CNOT 3 4
[829] = S 3
[830] = CNOT 3 4
[831] = CNOT 3 6
[832] = S 3
[833] = Z 3
[834] = CNOT 3 6
[835] = CNOT 3 7
[836] = S 3
[837] = Z 3
[838] = CNOT 3 7
[839] = CNOT 3 9
[840] = S 3
[841] = CNOT 3 9
[842] = CNOT 3 10
[843] = S 3
[844] = CNOT 3 10
[845] = CNOT 3 11
[846] = S 3
[847] = Z 3
[848] = CNOT 3 11
[849] = CNOT 3 13
[850] = S 3
[851] = Z 3
[852] = CNOT 3 13
[853] = CNOT 3 15
[854] = Z 3
[855] = CNOT 3 15
[856] = CNOT 3 24
[857] = Z 3
[858] = CNOT 3 24
[859] = CNOT 3 26
[860] = S 3
[861] = Z 3
[862] = CNOT 3 26
[863] = CNOT 3 27
[864] = Z 3
[865] = CNOT 3 27
[866] = CNOT 4 5
[867] = S 4
[868] = CNOT 4 5
[869] = CNOT 4 6
[870] = S 4
[871] = Z 4
[872] = CNOT 4 6
[873] = CNOT 4 7
[874] = S 4
[875] = CNOT 4 7
[876] = CNOT 4 8
[877] = S 4
[878] = CNOT 4 8
[879] = CNOT 4 9
[880] = Z 4
[881] = CNOT 4 9
[882] = CNOT 4 10
[883] = Z 4
[884] = CNOT 4 10
[885] = CNOT 4 12
[886] = S 4
[887] = Z 4
[888] = CNOT 4 12
[889] = CNOT 4 13
[890] = Z 4
[891] = CNOT 4 13
[892] = CNOT 4 14
[893] = Z 4
[894] = CNOT 4 14
[895] = CNOT 4 16
[896] = S 4
[897] = Z 4
[898] = CNOT 4 16
[899] = CNOT 4 24
[900] = Z 4
[901] = CNOT 4 24
[902] = CNOT 4 25
[903] = Z 4
[904] = CNOT 4 25
[905] = CNOT 4 26
[906] = Z 4
[907] = CNOT 4 26
[908] = CNOT 4 29
[909] = S 4
[910] = CNOT 4 29
[911] = CNOT 5 6
[912] = S 5
[913] = CNOT 5 6
[914] = CNOT 5 7
[915] = Z 5
[916] = CNOT 5 7
[917] = CNOT 5 8
[918] = S 5
[919] = CNOT 5 8
[920] = CNOT 5 10
[921] = Z 5
[922] = CNOT 5 10
[923] = CNOT 5 12
[924] = Z 5
[925] = CNOT 5 12
[926] = CNOT 5 15
[927] = S 5
[928] = Z 5
[929] = CNOT 5 15
[930] = CNOT 5 16
[931] = Z 5
[932] = CNOT 5 16
[933] = CNOT 5 26
[934] = Z 5
[935] = CNOT 5 26
[936] = CNOT 5 29
[937] = S 5
[938] = CNOT 5 29
[939] = CNOT 6 7
[940] = S 6
[941] = CNOT 6 7
[942] = CNOT 6 8
[943] = S 6
[944] = Z 6
[945] = CNOT 6 8
[946] = CNOT 6 9
[947] = S 6
[948] = Z 6
[949] = CNOT 6 9
[950] = CNOT 6 12
[951] = S 6
[952] = CNOT 6 12
[953] = CNOT 6 13
[954] = Z 6
[955] = CNOT 6 13
[956] = CNOT 6 17
[957] = Z 6
[958] = CNOT 6 17
[959] = CNOT 6 28
[960] = Z 6
[961] = CNOT 6 28
[962] = CNOT 6 29
[963] = S 6
[964] = CNOT 6 29
[965] = CNOT 7 11
[966] = Z 7
[967] = CNOT 7 11
[968] = CNOT 7 15
[969] = Z 7
[970] = CNOT 7 15
[971] = CNOT 7 24
[972] = S 7
[973] = CNOT 7 24
[974] = CNOT 7 25
[975] = S 7
[976] = CNOT 7 25
[977] = CNOT 7 26
[978] = S 7
[979] = Z 7
[980] = CNOT 7 26
[981] = CNOT 7 27
[982] = S 7
[983] = Z 7
[984] = CNOT 7 27
[985] = CNOT 7 29
[986] = S 7
[987] = CNOT 7 29
[988] = CNOT 8 11
[989] = Z 8
[990] = CNOT 8 11
[991] = CNOT 8 13
[992] = S 8
[993] = Z 8
[994] = CNOT 8 13
[995] = CNOT 8 26
[996] = S 8
[997] = CNOT 8 26
[998] = CNOT 8 27
[999] = Z 8
[1000] = CNOT 8 27
[1001] = CNOT 8 28
[1002] = S 8
[1003] = Z 8
[1004] = CNOT 8 28
[1005] = CNOT 8 29
[1006] = S 8
[1007] = CNOT 8 29
[1008] = CNOT 9 11
[1009] = S 9
[1010] = Z 9
[1011] = CNOT 9 11
[1012] = CNOT 9 28
[1013] = Z 9
[1014] = CNOT 9 28
[1015] = CNOT 9 29
[1016] = S 9
[1017] = CNOT 9 29
[1018] = CNOT 10 11
[1019] = S 10
[1020] = Z 10
[1021] = CNOT 10 11
[1022] = CNOT 10 13
[1023] = Z 10
[1024] = CNOT 10 13
[1025] = CNOT 10 15
[1026] = Z 10
[1027] = CNOT 10 15
[1028] = CNOT 10 27
[1029] = Z 10
[1030] = CNOT 10 27
[1031] = CNOT 10 29
[1032] = S 10
[1033] = CNOT 10 29
[1034] = CNOT 11 12
[1035] = S 11
[1036] = Z 11
[1037] = CNOT 11 12
[1038] = CNOT 11 14
[1039] = Z 11
[1040] = CNOT 11 14
[1041] = CNOT 11 15
[1042] = S 11
[1043] = Z 11
[1044] = CNOT 11 15
[1045] = CNOT 11 25
[1046] = Z 11
[1047] = CNOT 11 25
[1048] = CNOT 11 28
[1049] = S 11
[1050] = Z 11
[1051] = CNOT 11 28
[1052] = CNOT 11 29
[1053] = S 11
[1054] = CNOT 11 29
[1055] = CNOT 12 14
[1056] = S 12
[1057] = Z 12
[1058] = CNOT 12 14
[1059] = CNOT 12 15
[1060] = Z 12
[1061] = CNOT 12 15
[1062] = CNOT 12 16
[1063] = S 12
[1064] = Z 12
[1065] = CNOT 12 16
[1066] = CNOT 12 17
[1067] = Z 12
[1068] = CNOT 12 17
[1069] = CNOT 13 14
[1070] = S 13
[1071] = CNOT 13 14
[1072] = CNOT 13 19
[1073] = S 13
[1074] = CNOT 13 19
[1075] = CNOT 14 16
[1076] = Z 14
[1077] = CNOT 14 16
[1078] = CNOT 14 20
[1079] = S 14
[1080] = CNOT 14 20
[1081] = CNOT 14 28
[1082] = Z 14
[1083] = CNOT 14 28
[1084] = CNOT 15 16
[1085] = Z 15
[1086] = CNOT 15 16
[1087] = CNOT 15 21
[1088] = S 15
[1089] = CNOT 15 21
[1090] = CNOT 15 26
[1091] = Z 15
[1092] = CNOT 15 26
[1093] = CNOT 15 28
[1094] = Z 15
[1095] = CNOT 15 28
[1096] = CNOT 16 22
[1097] = S 16
[1098] = CNOT 16 22
[1099] = CNOT 16 28
[1100] = Z 16
[1101] = CNOT 16 28
[1102] = CNOT 17 23
[1103] = S 17
[1104] = CNOT 17 23
[1105] = CNOT 18 23
[1106] = S 18
[1107] = CNOT 18 23
[1108] = CNOT 18 29
[1109] = Z 18
[1110] = CNOT 19 20
[1111] = S 19
[1112] = CNOT 19 20
[1113] = CNOT 19 24
[1114] = S 19
[1115] = CNOT 19 24
[1116] = CNOT 19 25
[1117] = Z 19
[1118] = CNOT 19 25
[1119] = CNOT 20 21
[1120] = S 20
[1121] = CNOT 20 21
[1122] = CNOT 20 25
[1123] = Z 20
[1124] = CNOT 20 25
[1125] = CNOT 20 26
[1126] = Z 20
[1127] = CNOT 20 26
[1128] = CNOT 21 22
[1129] = S 21
[1130] = CNOT 21 22
[1131] = CNOT 21 26
[1132] = Z 21
[1133] = CNOT 21 26
[1134] = CNOT 21 27
[1135] = Z 21
[1136] = CNOT 21 27
[1137] = CNOT 22 23
[1138] = S 22
[1139] = CNOT 22 23
[1140] = CNOT 22 27
[1141] = Z 22
[1142] = CNOT 22 27
[1143] = CNOT 22 28
[1144] = Z 22
[1145] = CNOT 22 28
[1146] = CNOT 23 28
[1147] = Z 23
[1148] = CNOT 23 28
[1149] = CNOT 23 29
[1150] = Z 23
[1151] = CNOT 23 29
[1152] = CNOT 24 28
[1153] = Z 24
[1154] = CNOT 24 28
[1155] = CNOT 25 28
[1156] = Z 25
[1157] = CNOT 25 28
[1158] = CNOT 28 29
[1159] = S 28
[1160] = Z 28
[1161] = CNOT 28 29
[1162] = CNOT 1 2
[1163] = CNOT 1 3
[1164] = S 1
[1165] = CNOT 1 3
[1166] = CNOT 1 4
[1167] = S 1
[1168] = Z 1
[1169] = CNOT 1 4
[1170] = CNOT 1 5
[1171] = S 1
[1172] = Z 1
[1173] = CNOT 1 5
[1174] = CNOT 1 7
[1175] = S 1
[1176] = CNOT 1 7
[1177] = CNOT 1 8
[1178] = S 1
[1179] = CNOT 1 8
[1180] = CNOT 1 9
[1181] = S 1
[1182] = Z 1
[1183] = CNOT 1 9
[1184] = CNOT 1 11
[1185] = Z 1
[1186] = CNOT 1 11
[1187] = CNOT 1 12
[1188] = S 1
[1189] = Z 1
[1190] = CNOT 1 12
[1191] = CNOT 1 15
[1192] = Z 1
[1193] = CNOT 1 15
[1194] = CNOT 1 24
[1195] = S 1
[1196] = Z 1
[1197] = CNOT 1 24
[1198] = CNOT 1 25
[1199] = S 1
[1200] = Z 1
[1201] = CNOT 1 25
[1202] = CNOT 1 26
[1203] = S 1
[1204] = CNOT 1 26
[1205] = CNOT 1 27
[1206] = S 1
[1207] = Z 1
[1208] = CNOT 1 27
[1209] = CNOT 1 28
[1210] = Z 1
[1211] = CNOT 1 28
[1212] = CNOT 1 29
[1213] = Z 1
[1214] = CNOT 1 29
[1215] = CNOT 1 2
[1216] = CNOT 1 3
[1217] = CNOT 1 4
[1218] = S 1
[1219] = Z 1
[1220] = CNOT 1 4
[1221] = CNOT 1 7
[1222] = Z 1
[1223] = CNOT 1 7
[1224] = CNOT 1 8
[1225] = Z 1
[1226] = CNOT 1 8
[1227] = CNOT 1 11
[1228] = S 1
[1229] = Z 1
[1230] = CNOT 1 11
[1231] = CNOT 1 12
[1232] = S 1
[1233] = Z 1
[1234] = CNOT 1 12
[1235] = CNOT 1 15
[1236] = S 1
[1237] = Z 1
[1238] = CNOT 1 15
[1239] = CNOT 1 24
[1240] = S 1
[1241] = Z 1
[1242] = CNOT 1 24
[1243] = CNOT 1 26
[1244] = S 1
[1245] = Z 1
[1246] = CNOT 1 26
[1247] = CNOT 1 28
[1248] = Z 1
[1249] = CNOT 1 28
[1250] = CNOT 1 29
[1251] = Z 1
[1252] = CNOT 1 29
[1253] = CNOT 1 3
[1254] = CNOT 1 4
[1255] = CNOT 1 6
[1256] = S 1
[1257] = Z 1
[1258] = CNOT 1 6
[1259] = CNOT 1 7
[1260] = Z 1
[1261] = CNOT 1 7
[1262] = CNOT 1 8
[1263] = Z 1
[1264] = CNOT 1 8
[1265] = CNOT 1 9
[1266] = Z 1
[1267] = CNOT 1 9
[1268] = CNOT 1 14
[1269] = S 1
[1270] = Z 1
[1271] = CNOT 1 14
[1272] = CNOT 1 16
[1273] = S 1
[1274] = Z 1
[1275] = CNOT 1 16
[1276] = CNOT 1 24
[1277] = S 1
[1278] = Z 1
[1279] = CNOT 1 24
[1280] = CNOT 1 25
[1281] = Z 1
[1282] = CNOT 1 25
[1283] = CNOT 1 26
[1284] = Z 1
[1285] = CNOT 1 26
[1286] = CNOT 1 27
[1287] = Z 1
[1288] = CNOT 1 27
[1289] = CNOT 1 4
[1290] = CNOT 1 5
[1291] = CNOT 1 7
[1292] = Z 1
[1293] = CNOT 1 7
[1294] = CNOT 1 8
[1295] = S 1
[1296] = Z 1
[1297] = CNOT 1 8
[1298] = CNOT 1 11
[1299] = Z 1
[1300] = CNOT 1 11
[1301] = CNOT 1 15
[1302] = Z 1
[1303] = CNOT 1 15
[1304] = CNOT 1 26
[1305] = Z 1
[1306] = CNOT 1 26
[1307] = CNOT 1 29
[1308] = S 1
[1309] = Z 1
[1310] = CNOT 1 29
[1311] = CNOT 1 5
[1312] = CNOT 1 6
[1313] = CNOT 1 11
[1314] = S 1
[1315] = Z 1
[1316] = CNOT 1 11
[1317] = CNOT 1 14
[1318] = Z 1
[1319] = CNOT 1 14
[1320] = CNOT 1 16
[1321] = Z 1
[1322] = CNOT 1 16
[1323] = CNOT 1 28
[1324] = Z 1
[1325] = CNOT 1 28
[1326] = CNOT 1 6
[1327] = CNOT 1 7
[1328] = CNOT 1 11
[1329] = S 1
[1330] = CNOT 1 11
[1331] = CNOT 1 15
[1332] = S 1
[1333] = Z 1
[1334] = CNOT 1 15
[1335] = CNOT 1 25
[1336] = S 1
[1337] = Z 1
[1338] = CNOT 1 25
[1339] = CNOT 1 26
[1340] = S 1
[1341] = Z 1
[1342] = CNOT 1 26
[1343] = CNOT 1 27
[1344] = S 1
[1345] = Z 1
[1346] = CNOT 1 27
[1347] = CNOT 1 28
[1348] = S 1
[1349] = CNOT 1 28
[1350] = CNOT 1 7
[1351] = CNOT 1 8
[1352] = CNOT 1 11
[1353] = Z 1
[1354] = CNOT 1 11
[1355] = CNOT 1 26
[1356] = S 1
[1357] = Z 1
[1358] = CNOT 1 26
[1359] = CNOT 1 29
[1360] = S 1
[1361] = Z 1
[1362] = CNOT 1 29
[1363] = CNOT 1 8
[1364] = CNOT 1 9
[1365] = CNOT 1 11
[1366] = Z 1
[1367] = CNOT 1 11
[1368] = CNOT 1 27
[1369] = S 1
[1370] = Z 1
[1371] = CNOT 1 27
[1372] = CNOT 1 28
[1373] = S 1
[1374] = Z 1
[1375] = CNOT 1 28
[1376] = CNOT 1 9
[1377] = CNOT 1 11
[1378] = CNOT 1 14
[1379] = S 1
[1380] = Z 1
[1381] = CNOT 1 14
[1382] = CNOT 1 15
[1383] = Z 1
[1384] = CNOT 1 15
[1385] = CNOT 1 16
[1386] = S 1
[1387] = Z 1
[1388] = CNOT 1 16
[1389] = CNOT 1 25
[1390] = Z 1
[1391] = CNOT 1 25
[1392] = CNOT 1 27
[1393] = S 1
[1394] = CNOT 1 27
[1395] = CNOT 1 11
[1396] = CNOT 1 12
[1397] = CNOT 1 28
[1398] = S 1
[1399] = Z 1
[1400] = CNOT 1 28
[1401] = CNOT 1 12
[1402] = CNOT 1 14
[1403] = CNOT 1 16
[1404] = Z 1
[1405] = CNOT 1 16
[1406] = CNOT 1 28
[1407] = Z 1
[1408] = CNOT 1 28
[1409] = CNOT 1 14
[1410] = CNOT 1 15
[1411] = CNOT 1 26
[1412] = Z 1
[1413] = CNOT 1 26
[1414] = CNOT 1 28
[1415] = Z 1
[1416] = CNOT 1 15
[1417] = CNOT 1 16
[1418] = Z 1
[1419] = CNOT 1 16
[1420] = CNOT 1 24
[1421] = S 1
[1422] = Z 1
[1423] = CNOT 1 24
[1424] = CNOT 1 25
[1425] = Z 1
[1426] = CNOT 1 25
[1427] = CNOT 1 29
[1428] = Z 1
[1429] = CNOT 1 29
[1430] = CNOT 1 28
[1431] = CNOT 2 3
[1432] = CNOT 2 7
[1433] = S 2
[1434] = CNOT 2 7
[1435] = CNOT 2 8
[1436] = Z 2
[1437] = CNOT 2 8
[1438] = CNOT 2 9
[1439] = Z 2
[1440] = CNOT 2 9
[1441] = CNOT 2 12
[1442] = Z 2
[1443] = CNOT 2 12
[1444] = CNOT 2 15
[1445] = S 2
[1446] = Z 2
[1447] = CNOT 2 15
[1448] = CNOT 2 24
[1449] = Z 2
[1450] = CNOT 2 24
[1451] = CNOT 2 26
[1452] = S 2
[1453] = Z 2
[1454] = CNOT 2 26
[1455] = CNOT 2 28
[1456] = Z 2
[1457] = CNOT 2 28
[1458] = CNOT 2 3
[1459] = CNOT 2 4
[1460] = CNOT 2 7
[1461] = Z 2
[1462] = CNOT 2 7
[1463] = CNOT 2 8
[1464] = S 2
[1465] = Z 2
[1466] = CNOT 2 8
[1467] = CNOT 2 9
[1468] = Z 2
[1469] = CNOT 2 9
[1470] = CNOT 2 10
[1471] = S 2
[1472] = Z 2
[1473] = CNOT 2 10
[1474] = CNOT 2 11
[1475] = S 2
[1476] = Z 2
[1477] = CNOT 2 11
[1478] = CNOT 2 12
[1479] = S 2
[1480] = Z 2
[1481] = CNOT 2 12
[1482] = CNOT 2 13
[1483] = S 2
[1484] = Z 2
[1485] = CNOT 2 13
[1486] = CNOT 2 14
[1487] = S 2
[1488] = CNOT 2 14
[1489] = CNOT 2 24
[1490] = Z 2
[1491] = CNOT 2 24
[1492] = CNOT 2 25
[1493] = S 2
[1494] = Z 2
[1495] = CNOT 2 25
[1496] = CNOT 2 26
[1497] = S 2
[1498] = Z 2
[1499] = CNOT 2 26
[1500] = CNOT 2 27
[1501] = S 2
[1502] = Z 2
[1503] = CNOT 2 27
[1504] = CNOT 2 28
[1505] = S 2
[1506] = CNOT 2 28
[1507] = CNOT 2 29
[1508] = S 2
[1509] = Z 2
[1510] = CNOT 2 29
[1511] = CNOT 2 4
[1512] = CNOT 2 5
[1513] = CNOT 2 7
[1514] = Z 2
[1515] = CNOT 2 7
[1516] = CNOT 2 8
[1517] = S 2
[1518] = Z 2
[1519] = CNOT 2 8
[1520] = CNOT 2 11
[1521] = Z 2
[1522] = CNOT 2 11
[1523] = CNOT 2 15
[1524] = Z 2
[1525] = CNOT 2 15
[1526] = CNOT 2 26
[1527] = Z 2
[1528] = CNOT 2 26
[1529] = CNOT 2 29
[1530] = S 2
[1531] = Z 2
[1532] = CNOT 2 29
[1533] = CNOT 2 5
[1534] = CNOT 2 7
[1535] = CNOT 2 11
[1536] = Z 2
[1537] = CNOT 2 11
[1538] = CNOT 2 15
[1539] = S 2
[1540] = Z 2
[1541] = CNOT 2 15
[1542] = CNOT 2 24
[1543] = S 2
[1544] = Z 2
[1545] = CNOT 2 24
[1546] = CNOT 2 26
[1547] = S 2
[1548] = Z 2
[1549] = CNOT 2 26
[1550] = CNOT 2 28
[1551] = S 2
[1552] = CNOT 2 28
[1553] = CNOT 2 7
[1554] = CNOT 2 8
[1555] = CNOT 2 11
[1556] = S 2
[1557] = Z 2
[1558] = CNOT 2 11
[1559] = CNOT 2 28
[1560] = S 2
[1561] = CNOT 2 28
[1562] = CNOT 2 29
[1563] = S 2
[1564] = Z 2
[1565] = CNOT 2 29
[1566] = CNOT 2 8
[1567] = CNOT 2 9
[1568] = CNOT 2 11
[1569] = S 2
[1570] = CNOT 2 11
[1571] = CNOT 2 28
[1572] = Z 2
[1573] = CNOT 2 28
[1574] = CNOT 2 29
[1575] = S 2
[1576] = Z 2
[1577] = CNOT 2 29
[1578] = CNOT 2 9
[1579] = CNOT 2 10
[1580] = CNOT 2 11
[1581] = S 2
[1582] = Z 2
[1583] = CNOT 2 11
[1584] = CNOT 2 14
[1585] = S 2
[1586] = Z 2
[1587] = CNOT 2 14
[1588] = CNOT 2 10
[1589] = CNOT 2 11
[1590] = CNOT 2 12
[1591] = S 2
[1592] = Z 2
[1593] = CNOT 2 12
[1594] = CNOT 2 13
[1595] = S 2
[1596] = Z 2
[1597] = CNOT 2 13
[1598] = CNOT 2 14
[1599] = S 2
[1600] = CNOT 2 14
[1601] = CNOT 2 15
[1602] = Z 2
[1603] = CNOT 2 15
[1604] = CNOT 2 25
[1605] = S 2
[1606] = Z 2
[1607] = CNOT 2 25
[1608] = CNOT 2 26
[1609] = S 2
[1610] = CNOT 2 26
[1611] = CNOT 2 27
[1612] = S 2
[1613] = Z 2
[1614] = CNOT 2 27
[1615] = CNOT 2 29
[1616] = S 2
[1617] = Z 2
[1618] = CNOT 2 29
[1619] = CNOT 2 11
[1620] = CNOT 2 12
[1621] = CNOT 2 14
[1622] = S 2
[1623] = Z 2
[1624] = CNOT 2 14
[1625] = CNOT 2 28
[1626] = Z 2
[1627] = CNOT 2 28
[1628] = CNOT 2 29
[1629] = S 2
[1630] = Z 2
[1631] = CNOT 2 29
[1632] = CNOT 2 12
[1633] = CNOT 2 13
[1634] = CNOT 2 14
[1635] = S 2
[1636] = Z 2
[1637] = CNOT 2 13
[1638] = CNOT 2 28
[1639] = S 2
[1640] = Z 2
[1641] = CNOT 2 28
[1642] = CNOT 2 14
[1643] = CNOT 2 15
[1644] = CNOT 2 26
[1645] = Z 2
[1646] = CNOT 2 26
[1647] = CNOT 2 28
[1648] = Z 2
[1649] = CNOT 2 15
[1650] = CNOT 2 24
[1651] = Z 2
[1652] = CNOT 2 24
[1653] = CNOT 2 25
[1654] = S 2
[1655] = Z 2
[1656] = CNOT 2 25
[1657] = CNOT 2 26
[1658] = S 2
[1659] = CNOT 2 28
[1660] = CNOT 2 26
[1661] = CNOT 3 4
[1662] = CNOT 3 5
[1663] = Z 3
[1664] = CNOT 3 5
[1665] = CNOT 3 7
[1666] = Z 3
[1667] = CNOT 3 7
[1668] = CNOT 3 9
[1669] = S 3
[1670] = Z 3
[1671] = CNOT 3 9
[1672] = CNOT 3 10
[1673] = S 3
[1674] = Z 3
[1675] = CNOT 3 10
[1676] = CNOT 3 11
[1677] = Z 3
[1678] = CNOT 3 11
[1679] = CNOT 3 12
[1680] = S 3
[1681] = Z 3
[1682] = CNOT 3 12
[1683] = CNOT 3 13
[1684] = S 3
[1685] = Z 3
[1686] = CNOT 3 13
[1687] = CNOT 3 14
[1688] = S 3
[1689] = Z 3
[1690] = CNOT 3 14
[1691] = CNOT 3 15
[1692] = Z 3
[1693] = CNOT 3 15
[1694] = CNOT 3 24
[1695] = Z 3
[1696] = CNOT 3 24
[1697] = CNOT 3 28
[1698] = S 3
[1699] = CNOT 3 28
[1700] = CNOT 3 29
[1701] = Z 3
[1702] = CNOT 3 29
[1703] = CNOT 3 4
[1704] = CNOT 3 5
[1705] = CNOT 3 7
[1706] = Z 3
[1707] = CNOT 3 7
[1708] = CNOT 3 8
[1709] = S 3
[1710] = Z 3
[1711] = CNOT 3 8
[1712] = CNOT 3 10
[1713] = S 3
[1714] = Z 3
[1715] = CNOT 3 10
[1716] = CNOT 3 11
[1717] = S 3
[1718] = CNOT 3 11
[1719] = CNOT 3 15
[1720] = S 3
[1721] = CNOT 3 15
[1722] = CNOT 3 26
[1723] = S 3
[1724] = Z 3
[1725] = CNOT 3 26
[1726] = CNOT 3 28
[1727] = S 3
[1728] = CNOT 3 28
[1729] = CNOT 3 29
[1730] = Z 3
[1731] = CNOT 3 29
[1732] = CNOT 3 5
[1733] = CNOT 3 6
[1734] = CNOT 3 11
[1735] = Z 3
[1736] = CNOT 3 11
[1737] = CNOT 3 12
[1738] = S 3
[1739] = Z 3
[1740] = CNOT 3 12
[1741] = CNOT 3 13
[1742] = S 3
[1743] = Z 3
[1744] = CNOT 3 13
[1745] = CNOT 3 14
[1746] = S 3
[1747] = Z 3
[1748] = CNOT 3 14
[1749] = CNOT 3 6
[1750] = CNOT 3 7
[1751] = CNOT 3 15
[1752] = S 3
[1753] = Z 3
[1754] = CNOT 3 15
[1755] = CNOT 3 24
[1756] = S 3
[1757] = Z 3
[1758] = CNOT 3 24
[1759] = CNOT 3 28
[1760] = Z 3
[1761] = CNOT 3 7
[1762] = CNOT 3 8
[1763] = Z 3
[1764] = CNOT 3 28
[1765] = CNOT 3 29
[1766] = S 3
[1767] = Z 3
[1768] = CNOT 3 29
[1769] = CNOT 3 8
[1770] = CNOT 3 9
[1771] = CNOT 3 11
[1772] = Z 3
[1773] = CNOT 3 11
[1774] = CNOT 3 28
[1775] = S 3
[1776] = Z 3
[1777] = CNOT 3 28
[1778] = CNOT 3 29
[1779] = S 3
[1780] = Z 3
[1781] = CNOT 3 29
[1782] = CNOT 3 9
[1783] = CNOT 3 10
[1784] = CNOT 3 11
[1785] = S 3
[1786] = Z 3
[1787] = CNOT 3 11
[1788] = CNOT 3 15
[1789] = S 3
[1790] = Z 3
[1791] = CNOT 3 15
[1792] = CNOT 3 10
[1793] = CNOT 3 11
[1794] = CNOT 3 12
[1795] = S 3
[1796] = Z 3
[1797] = CNOT 3 12
[1798] = CNOT 3 14
[1799] = S 3
[1800] = Z 3
[1801] = CNOT 3 14
[1802] = CNOT 3 15
[1803] = S 3
[1804] = CNOT 3 15
[1805] = CNOT 3 26
[1806] = S 3
[1807] = Z 3
[1808] = CNOT 3 26
[1809] = CNOT 3 29
[1810] = S 3
[1811] = CNOT 3 29
[1812] = CNOT 3 11
[1813] = CNOT 3 12
[1814] = CNOT 3 28
[1815] = Z 3
[1816] = CNOT 3 28
[1817] = CNOT 3 29
[1818] = S 3
[1819] = Z 3
[1820] = CNOT 3 29
[1821] = CNOT 3 12
[1822] = CNOT 3 15
[1823] = CNOT 3 26
[1824] = S 3
[1825] = Z 3
[1826] = CNOT 3 26
[1827] = CNOT 3 28
[1828] = S 3
[1829] = Z 3
[1830] = CNOT 3 28
[1831] = CNOT 3 29
[1832] = S 3
[1833] = Z 3
[1834] = CNOT 3 29
[1835] = CNOT 3 15
[1836] = CNOT 3 24
[1837] = CNOT 3 28
[1838] = Z 3
[1839] = CNOT 3 24
[1840] = CNOT 3 26
[1841] = S 3
[1842] = Z 3
[1843] = CNOT 3 28
[1844] = CNOT 3 26
[1845] = CNOT 4 5
[1846] = CNOT 4 7
[1847] = Z 4
[1848] = CNOT 4 7
[1849] = CNOT 4 9
[1850] = S 4
[1851] = Z 4
[1852] = CNOT 4 9
[1853] = CNOT 4 10
[1854] = S 4
[1855] = CNOT 4 10
[1856] = CNOT 4 11
[1857] = S 4
[1858] = CNOT 4 11
[1859] = CNOT 4 12
[1860] = Z 4
[1861] = CNOT 4 12
[1862] = CNOT 4 13
[1863] = S 4
[1864] = Z 4
[1865] = CNOT 4 13
[1866] = CNOT 4 17
[1867] = Z 4
[1868] = CNOT 4 17
[1869] = CNOT 4 29
[1870] = S 4
[1871] = CNOT 4 29
[1872] = CNOT 4 5
[1873] = CNOT 4 6
[1874] = CNOT 4 7
[1875] = S 4
[1876] = Z 4
[1877] = CNOT 4 7
[1878] = CNOT 4 8
[1879] = S 4
[1880] = Z 4
[1881] = CNOT 4 8
[1882] = CNOT 4 9
[1883] = S 4
[1884] = Z 4
[1885] = CNOT 4 9
[1886] = CNOT 4 10
[1887] = S 4
[1888] = Z 4
[1889] = CNOT 4 10
[1890] = CNOT 4 11
[1891] = S 4
[1892] = Z 4
[1893] = CNOT 4 11
[1894] = CNOT 4 12
[1895] = Z 4
[1896] = CNOT 4 12
[1897] = CNOT 4 15
[1898] = S 4
[1899] = CNOT 4 15
[1900] = CNOT 4 16
[1901] = S 4
[1902] = Z 4
[1903] = CNOT 4 16
[1904] = CNOT 4 17
[1905] = S 4
[1906] = Z 4
[1907] = CNOT 4 17
[1908] = CNOT 4 28
[1909] = S 4
[1910] = Z 4
[1911] = CNOT 4 28
[1912] = CNOT 4 29
[1913] = S 4
[1914] = Z 4
[1915] = CNOT 4 29
[1916] = CNOT 4 6
[1917] = CNOT 4 7
[1918] = CNOT 4 15
[1919] = Z 4
[1920] = CNOT 4 15
[1921] = CNOT 4 24
[1922] = S 4
[1923] = Z 4
[1924] = CNOT 4 24
[1925] = CNOT 4 25
[1926] = S 4
[1927] = Z 4
[1928] = CNOT 4 25
[1929] = CNOT 4 28
[1930] = Z 4
[1931] = CNOT 4 28
[1932] = CNOT 4 29
[1933] = S 4
[1934] = Z 4
[1935] = CNOT 4 29
[1936] = CNOT 4 7
[1937] = CNOT 4 8
[1938] = CNOT 4 13
[1939] = S 4
[1940] = Z 4
[1941] = CNOT 4 13
[1942] = CNOT 4 25
[1943] = S 4
[1944] = Z 4
[1945] = CNOT 4 25
[1946] = CNOT 4 26
[1947] = S 4
[1948] = Z 4
[1949] = CNOT 4 26
[1950] = CNOT 4 28
[1951] = Z 4
[1952] = CNOT 4 28
[1953] = CNOT 4 8
[1954] = CNOT 4 9
[1955] = CNOT 4 11
[1956] = Z 4
[1957] = CNOT 4 11
[1958] = CNOT 4 13
[1959] = S 4
[1960] = Z 4
[1961] = CNOT 4 13
[1962] = CNOT 4 14
[1963] = Z 4
[1964] = CNOT 4 14
[1965] = CNOT 4 26
[1966] = S 4
[1967] = Z 4
[1968] = CNOT 4 26
[1969] = CNOT 4 27
[1970] = S 4
[1971] = Z 4
[1972] = CNOT 4 27
[1973] = CNOT 4 28
[1974] = Z 4
[1975] = CNOT 4 28
[1976] = CNOT 4 9
[1977] = CNOT 4 10
[1978] = CNOT 4 11
[1979] = S 4
[1980] = Z 4
[1981] = CNOT 4 11
[1982] = CNOT 4 14
[1983] = Z 4
[1984] = CNOT 4 14
[1985] = CNOT 4 15
[1986] = Z 4
[1987] = CNOT 4 15
[1988] = CNOT 4 28
[1989] = S 4
[1990] = Z 4
[1991] = CNOT 4 28
[1992] = CNOT 4 29
[1993] = S 4
[1994] = Z 4
[1995] = CNOT 4 29
[1996] = CNOT 4 10
[1997] = CNOT 4 11
[1998] = CNOT 4 12
[1999] = S 4
[2000] = Z 4
[2001] = CNOT 4 12
[2002] = CNOT 4 13
[2003] = S 4
[2004] = Z 4
[2005] = CNOT 4 13
[2006] = CNOT 4 14
[2007] = S 4
[2008] = CNOT 4 14
[2009] = CNOT 4 16
[2010] = Z 4
[2011] = CNOT 4 16
[2012] = CNOT 4 17
[2013] = Z 4
[2014] = CNOT 4 17
[2015] = CNOT 4 25
[2016] = S 4
[2017] = CNOT 4 25
[2018] = CNOT 4 26
[2019] = S 4
[2020] = CNOT 4 26
[2021] = CNOT 4 27
[2022] = Z 4
[2023] = CNOT 4 27
[2024] = CNOT 4 28
[2025] = S 4
[2026] = CNOT 4 28
[2027] = CNOT 4 11
[2028] = CNOT 4 12
[2029] = CNOT 4 13
[2030] = S 4
[2031] = Z 4
[2032] = CNOT 4 13
[2033] = CNOT 4 14
[2034] = S 4
[2035] = CNOT 4 14
[2036] = CNOT 4 15
[2037] = S 4
[2038] = Z 4
[2039] = CNOT 4 15
[2040] = CNOT 4 16
[2041] = S 4
[2042] = Z 4
[2043] = CNOT 4 16
[2044] = CNOT 4 17
[2045] = S 4
[2046] = Z 4
[2047] = CNOT 4 17
[2048] = CNOT 4 12
[2049] = CNOT 4 13
[2050] = CNOT 4 14
[2051] = S 4
[2052] = CNOT 4 13
[2053] = CNOT 4 15
[2054] = Z 4
[2055] = CNOT 4 15
[2056] = CNOT 4 16
[2057] = S 4
[2058] = Z 4
[2059] = CNOT 4 16
[2060] = CNOT 4 17
[2061] = Z 4
[2062] = CNOT 4 17
[2063] = CNOT 4 28
[2064] = S 4
[2065] = CNOT 4 28
[2066] = CNOT 4 14
[2067] = CNOT 4 15
[2068] = CNOT 4 17
[2069] = Z 4
[2070] = CNOT 4 17
[2071] = CNOT 4 29
[2072] = S 4
[2073] = CNOT 4 29
[2074] = CNOT 4 15
[2075] = CNOT 4 16
[2076] = CNOT 4 28
[2077] = S 4
[2078] = Z 4
[2079] = CNOT 4 16
[2080] = CNOT 4 24
[2081] = Z 4
[2082] = CNOT 4 24
[2083] = CNOT 4 25
[2084] = S 4
[2085] = CNOT 4 25
[2086] = CNOT 4 26
[2087] = S 4
[2088] = CNOT 4 26
[2089] = CNOT 4 29
[2090] = S 4
[2091] = Z 4
[2092] = CNOT 4 29
[2093] = CNOT 4 28
[2094] = CNOT 5 6
[2095] = CNOT 5 7
[2096] = S 5
[2097] = Z 5
[2098] = CNOT 5 7
[2099] = CNOT 5 10
[2100] = S 5
[2101] = Z 5
[2102] = CNOT 5 10
[2103] = CNOT 5 12
[2104] = S 5
[2105] = Z 5
[2106] = CNOT 5 12
[2107] = CNOT 5 14
[2108] = S 5
[2109] = Z 5
[2110] = CNOT 5 14
[2111] = CNOT 5 15
[2112] = S 5
[2113] = CNOT 5 15
[2114] = CNOT 5 17
[2115] = S 5
[2116] = Z 5
[2117] = CNOT 5 17
[2118] = CNOT 5 29
[2119] = S 5
[2120] = Z 5
[2121] = CNOT 5 29
[2122] = CNOT 5 6
[2123] = CNOT 5 7
[2124] = CNOT 5 11
[2125] = S 5
[2126] = CNOT 5 11
[2127] = CNOT 5 15
[2128] = S 5
[2129] = CNOT 5 15
[2130] = CNOT 5 26
[2131] = S 5
[2132] = Z 5
[2133] = CNOT 5 26
[2134] = CNOT 5 28
[2135] = S 5
[2136] = Z 5
[2137] = CNOT 5 28
[2138] = CNOT 5 29
[2139] = S 5
[2140] = Z 5
[2141] = CNOT 5 29
[2142] = CNOT 5 7
[2143] = CNOT 5 8
[2144] = CNOT 5 28
[2145] = S 5
[2146] = Z 5
[2147] = CNOT 5 28
[2148] = CNOT 5 8
[2149] = CNOT 5 9
[2150] = CNOT 5 11
[2151] = S 5
[2152] = Z 5
[2153] = CNOT 5 11
[2154] = CNOT 5 14
[2155] = S 5
[2156] = Z 5
[2157] = CNOT 5 14
[2158] = CNOT 5 9
[2159] = CNOT 5 10
[2160] = CNOT 5 11
[2161] = S 5
[2162] = CNOT 5 11
[2163] = CNOT 5 15
[2164] = Z 5
[2165] = CNOT 5 15
[2166] = CNOT 5 29
[2167] = S 5
[2168] = Z 5
[2169] = CNOT 5 29
[2170] = CNOT 5 10
[2171] = CNOT 5 11
[2172] = CNOT 5 12
[2173] = Z 5
[2174] = CNOT 5 12
[2175] = CNOT 5 13
[2176] = S 5
[2177] = Z 5
[2178] = CNOT 5 13
[2179] = CNOT 5 15
[2180] = S 5
[2181] = Z 5
[2182] = CNOT 5 15
[2183] = CNOT 5 16
[2184] = S 5
[2185] = Z 5
[2186] = CNOT 5 16
[2187] = CNOT 5 17
[2188] = Z 5
[2189] = CNOT 5 17
[2190] = CNOT 5 26
[2191] = Z 5
[2192] = CNOT 5 26
[2193] = CNOT 5 28
[2194] = Z 5
[2195] = CNOT 5 28
[2196] = CNOT 5 29
[2197] = S 5
[2198] = CNOT 5 29
[2199] = CNOT 5 11
[2200] = CNOT 5 12
[2201] = CNOT 5 14
[2202] = S 5
[2203] = Z 5
[2204] = CNOT 5 14
[2205] = CNOT 5 15
[2206] = S 5
[2207] = Z 5
[2208] = CNOT 5 15
[2209] = CNOT 5 17
[2210] = S 5
[2211] = Z 5
[2212] = CNOT 5 17
[2213] = CNOT 5 12
[2214] = CNOT 5 13
[2215] = CNOT 5 14
[2216] = S 5
[2217] = Z 5
[2218] = CNOT 5 13
[2219] = CNOT 5 15
[2220] = Z 5
[2221] = CNOT 5 15
[2222] = CNOT 5 17
[2223] = Z 5
[2224] = CNOT 5 17
[2225] = CNOT 5 14
[2226] = CNOT 5 15
[2227] = CNOT 5 16
[2228] = S 5
[2229] = Z 5
[2230] = CNOT 5 16
[2231] = CNOT 5 17
[2232] = Z 5
[2233] = CNOT 5 17
[2234] = CNOT 5 26
[2235] = Z 5
[2236] = CNOT 5 26
[2237] = CNOT 5 28
[2238] = Z 5
[2239] = CNOT 5 28
[2240] = CNOT 5 29
[2241] = S 5
[2242] = CNOT 5 29
[2243] = CNOT 5 15
[2244] = CNOT 5 26
[2245] = CNOT 5 28
[2246] = Z 5
[2247] = CNOT 5 26
[2248] = CNOT 5 29
[2249] = S 5
[2250] = Z 5
[2251] = CNOT 5 29
[2252] = CNOT 5 28
[2253] = CNOT 6 7
[2254] = CNOT 6 11
[2255] = S 6
[2256] = Z 6
[2257] = CNOT 6 11
[2258] = CNOT 6 15
[2259] = S 6
[2260] = Z 6
[2261] = CNOT 6 15
[2262] = CNOT 6 7
[2263] = CNOT 6 8
[2264] = CNOT 6 11
[2265] = S 6
[2266] = Z 6
[2267] = CNOT 6 8
[2268] = CNOT 6 9
[2269] = S 6
[2270] = Z 6
[2271] = CNOT 6 9
[2272] = CNOT 6 10
[2273] = S 6
[2274] = Z 6
[2275] = CNOT 6 10
[2276] = CNOT 6 12
[2277] = S 6
[2278] = CNOT 6 12
[2279] = CNOT 6 13
[2280] = S 6
[2281] = Z 6
[2282] = CNOT 6 13
[2283] = CNOT 6 16
[2284] = Z 6
[2285] = CNOT 6 16
[2286] = CNOT 6 17
[2287] = S 6
[2288] = Z 6
[2289] = CNOT 6 17
[2290] = CNOT 6 28
[2291] = S 6
[2292] = Z 6
[2293] = CNOT 6 28
[2294] = CNOT 6 29
[2295] = S 6
[2296] = Z 6
[2297] = CNOT 6 29
[2298] = CNOT 6 11
[2299] = CNOT 6 12
[2300] = CNOT 6 14
[2301] = S 6
[2302] = Z 6
[2303] = CNOT 6 14
[2304] = CNOT 6 15
[2305] = S 6
[2306] = Z 6
[2307] = CNOT 6 15
[2308] = CNOT 6 16
[2309] = S 6
[2310] = Z 6
[2311] = CNOT 6 16
[2312] = CNOT 6 12
[2313] = CNOT 6 14
[2314] = CNOT 6 15
[2315] = S 6
[2316] = Z 6
[2317] = CNOT 6 15
[2318] = CNOT 6 16
[2319] = Z 6
[2320] = CNOT 6 16
[2321] = CNOT 6 17
[2322] = S 6
[2323] = Z 6
[2324] = CNOT 6 17
[2325] = CNOT 6 28
[2326] = Z 6
[2327] = CNOT 6 28
[2328] = CNOT 6 14
[2329] = CNOT 6 15
[2330] = CNOT 6 16
[2331] = S 6
[2332] = Z 6
[2333] = CNOT 6 16
[2334] = CNOT 6 17
[2335] = S 6
[2336] = Z 6
[2337] = CNOT 6 17
[2338] = CNOT 6 29
[2339] = S 6
[2340] = Z 6
[2341] = CNOT 6 29
[2342] = CNOT 6 15
[2343] = CNOT 6 16
[2344] = CNOT 6 28
[2345] = Z 6
[2346] = CNOT 6 28
[2347] = CNOT 6 16
[2348] = CNOT 7 11
[2349] = CNOT 7 15
[2350] = S 7
[2351] = CNOT 7 15
[2352] = CNOT 7 25
[2353] = S 7
[2354] = Z 7
[2355] = CNOT 7 25
[2356] = CNOT 7 26
[2357] = S 7
[2358] = Z 7
[2359] = CNOT 7 26
[2360] = CNOT 7 27
[2361] = S 7
[2362] = Z 7
[2363] = CNOT 7 27
[2364] = CNOT 7 28
[2365] = Z 7
[2366] = CNOT 7 28
[2367] = CNOT 7 29
[2368] = S 7
[2369] = Z 7
[2370] = CNOT 7 29
[2371] = CNOT 7 11
[2372] = CNOT 7 15
[2373] = CNOT 7 26
[2374] = S 7
[2375] = Z 7
[2376] = CNOT 7 26
[2377] = CNOT 7 28
[2378] = S 7
[2379] = Z 7
[2380] = CNOT 7 28
[2381] = CNOT 7 29
[2382] = S 7
[2383] = Z 7
[2384] = CNOT 7 29
[2385] = CNOT 7 15
[2386] = CNOT 7 24
[2387] = CNOT 7 28
[2388] = S 7
[2389] = Z 7
[2390] = CNOT 7 24
[2391] = CNOT 7 25
[2392] = S 7
[2393] = Z 7
[2394] = CNOT 7 25
[2395] = CNOT 7 26
[2396] = S 7
[2397] = Z 7
[2398] = CNOT 7 28
[2399] = CNOT 7 26
[2400] = CNOT 8 11
[2401] = CNOT 8 13
[2402] = S 8
[2403] = Z 8
[2404] = CNOT 8 13
[2405] = CNOT 8 25
[2406] = S 8
[2407] = Z 8
[2408] = CNOT 8 25
[2409] = CNOT 8 26
[2410] = S 8
[2411] = Z 8
[2412] = CNOT 8 26
[2413] = CNOT 8 11
[2414] = CNOT 8 25
[2415] = CNOT 8 28
[2416] = S 8
[2417] = Z 8
[2418] = CNOT 8 25
[2419] = CNOT 8 26
[2420] = S 8
[2421] = Z 8
[2422] = CNOT 8 26
[2423] = CNOT 8 29
[2424] = S 8
[2425] = Z 8
[2426] = CNOT 8 29
[2427] = CNOT 8 28
[2428] = CNOT 9 11
[2429] = CNOT 9 13
[2430] = S 9
[2431] = Z 9
[2432] = CNOT 9 13
[2433] = CNOT 9 14
[2434] = Z 9
[2435] = CNOT 9 14
[2436] = CNOT 9 26
[2437] = S 9
[2438] = Z 9
[2439] = CNOT 9 26
[2440] = CNOT 9 27
[2441] = S 9
[2442] = Z 9
[2443] = CNOT 9 27
[2444] = CNOT 9 28
[2445] = S 9
[2446] = CNOT 9 28
[2447] = CNOT 9 29
[2448] = S 9
[2449] = Z 9
[2450] = CNOT 9 29
[2451] = CNOT 9 11
[2452] = CNOT 9 13
[2453] = CNOT 9 14
[2454] = S 9
[2455] = Z 9
[2456] = CNOT 9 14
[2457] = CNOT 9 13
[2458] = CNOT 9 26
[2459] = CNOT 9 28
[2460] = S 9
[2461] = Z 9
[2462] = CNOT 9 26
[2463] = CNOT 9 29
[2464] = S 9
[2465] = Z 9
[2466] = CNOT 9 29
[2467] = CNOT 9 28
[2468] = CNOT 10 11
[2469] = CNOT 10 14
[2470] = Z 10
[2471] = CNOT 10 14
[2472] = CNOT 10 15
[2473] = Z 10
[2474] = CNOT 10 15
[2475] = CNOT 10 28
[2476] = S 10
[2477] = Z 10
[2478] = CNOT 10 28
[2479] = CNOT 10 29
[2480] = S 10
[2481] = Z 10
[2482] = CNOT 10 29
[2483] = CNOT 10 11
[2484] = CNOT 10 14
[2485] = CNOT 10 28
[2486] = S 10
[2487] = Z 10
[2488] = CNOT 10 28
[2489] = CNOT 10 14
[2490] = CNOT 10 15
[2491] = CNOT 10 29
[2492] = S 10
[2493] = Z 10
[2494] = CNOT 10 29
[2495] = CNOT 10 15
[2496] = CNOT 11 12
[2497] = CNOT 11 13
[2498] = S 11
[2499] = Z 11
[2500] = CNOT 11 13
[2501] = CNOT 11 14
[2502] = S 11
[2503] = CNOT 11 14
[2504] = CNOT 11 15
[2505] = Z 11
[2506] = CNOT 11 15
[2507] = CNOT 11 16
[2508] = Z 11
[2509] = CNOT 11 16
[2510] = CNOT 11 17
[2511] = S 11
[2512] = Z 11
[2513] = CNOT 11 17
[2514] = CNOT 11 12
[2515] = CNOT 11 13
[2516] = CNOT 11 14
[2517] = S 11
[2518] = CNOT 11 13
[2519] = CNOT 11 15
[2520] = Z 11
[2521] = CNOT 11 15
[2522] = CNOT 11 16
[2523] = S 11
[2524] = Z 11
[2525] = CNOT 11 16
[2526] = CNOT 11 17
[2527] = Z 11
[2528] = CNOT 11 17
[2529] = CNOT 11 28
[2530] = S 11
[2531] = CNOT 11 28
[2532] = CNOT 11 14
[2533] = CNOT 11 15
[2534] = CNOT 11 16
[2535] = Z 11
[2536] = CNOT 11 16
[2537] = CNOT 11 17
[2538] = Z 11
[2539] = CNOT 11 17
[2540] = CNOT 11 26
[2541] = Z 11
[2542] = CNOT 11 26
[2543] = CNOT 11 28
[2544] = Z 11
[2545] = CNOT 11 28
[2546] = CNOT 11 29
[2547] = S 11
[2548] = CNOT 11 29
[2549] = CNOT 11 15
[2550] = CNOT 11 16
[2551] = CNOT 11 28
[2552] = S 11
[2553] = Z 11
[2554] = CNOT 11 16
[2555] = CNOT 11 25
[2556] = S 11
[2557] = CNOT 11 25
[2558] = CNOT 11 26
[2559] = S 11
[2560] = Z 11
[2561] = CNOT 11 26
[2562] = CNOT 11 29
[2563] = Z 11
[2564] = CNOT 11 29
[2565] = CNOT 11 28
[2566] = CNOT 12 13
[2567] = CNOT 12 14
[2568] = S 12
[2569] = Z 12
[2570] = CNOT 12 13
[2571] = CNOT 12 15
[2572] = S 12
[2573] = Z 12
[2574] = CNOT 12 15
[2575] = CNOT 12 17
[2576] = S 12
[2577] = Z 12
[2578] = CNOT 12 17
[2579] = CNOT 12 14
[2580] = CNOT 12 15
[2581] = CNOT 12 16
[2582] = S 12
[2583] = Z 12
[2584] = CNOT 12 16
[2585] = CNOT 12 17
[2586] = S 12
[2587] = Z 12
[2588] = CNOT 12 17
[2589] = CNOT 12 15
[2590] = CNOT 12 28
[2591] = CNOT 12 29
[2592] = S 12
[2593] = Z 12
[2594] = CNOT 12 29
[2595] = CNOT 12 28
[2596] = CNOT 14 15
[2597] = CNOT 14 17
[2598] = Z 14
[2599] = CNOT 14 17
[2600] = CNOT 14 15
[2601] = CNOT 14 16
[2602] = CNOT 14 28
[2603] = Z 14
[2604] = CNOT 14 28
[2605] = CNOT 14 16
[2606] = CNOT 15 26
[2607] = CNOT 15 28
[2608] = Z 15
[2609] = CNOT 15 28
[2610] = CNOT 18 23
[2611] = S 18
[2612] = Z 18
[2613] = CNOT 18 23
[2614] = CNOT 19 20
[2615] = CNOT 19 25
[2616] = S 19
[2617] = Z 19
[2618] = CNOT 19 25
[2619] = CNOT 19 20
[2620] = CNOT 20 21
[2621] = CNOT 20 26
[2622] = S 20
[2623] = Z 20
[2624] = CNOT 20 26
[2625] = CNOT 20 21
[2626] = CNOT 21 22
[2627] = CNOT 21 27
[2628] = S 21
[2629] = Z 21
[2630] = CNOT 21 27
[2631] = CNOT 21 22
[2632] = CNOT 22 23
[2633] = CNOT 22 28
[2634] = S 22
[2635] = Z 22
[2636] = CNOT 22 28
[2637] = CNOT 22 23
[2638] = CNOT 23 28
[2639] = CNOT 18 28
[2640] = CNOT 17 28
[2641] = CNOT 23 27
[2642] = CNOT 22 27
[2643] = CNOT 18 27
[2644] = CNOT 16 27
[2645] = CNOT 23 26
[2646] = CNOT 22 26
[2647] = CNOT 21 26
[2648] = CNOT 18 26
[2649] = CNOT 23 25
[2650] = CNOT 22 25
[2651] = CNOT 21 25
[2652] = CNOT 20 25
[2653] = CNOT 18 25
[2654] = CNOT 14 25
[2655] = CNOT 23 24
[2656] = CNOT 22 24
[2657] = CNOT 21 24
[2658] = CNOT 20 24
[2659] = CNOT 19 24
[2660] = CNOT 18 24
[2661] = CNOT 13 24
[2662] = CNOT 28 23
[2663] = CNOT 18 23
[2664] = CNOT 23 28
[2665] = CNOT 28 22
[2666] = CNOT 27 22
[2667] = CNOT 22 27
[2668] = CNOT 27 21
[2669] = CNOT 26 21
[2670] = CNOT 21 26
[2671] = CNOT 26 20
[2672] = CNOT 25 20
[2673] = CNOT 20 25
[2674] = CNOT 25 19
[2675] = CNOT 24 19
[2676] = CNOT 19 24
[2677] = CNOT 29 18
[2678] = CNOT 18 29
[2679] = CNOT 23 17
[2680] = CNOT 17 23
[2681] = CNOT 22 16
[2682] = CNOT 16 22
[2683] = CNOT 21 15
[2684] = CNOT 15 21
[2685] = CNOT 20 14
[2686] = CNOT 14 20
[2687] = CNOT 19 13
[2688] = CNOT 13 19
[2689] = H 19
[2690] = M 19
[2691] = H 20
[2692] = M 20
[2693] = H 21
[2694] = M 21
[2695] = H 22
[2696] = M 22
[2697] = H 23
[2698] = M 23
[2699] = H 24
[2700] = M 24
[2701] = H 25
[2702] = M 25
[2703] = H 26
[2704] = M 26
[2705] = H 27
[2706] = M 27
[2707] = H 28
[2708] = M 28
[2709] = H 29
[2710] = M 29
[2711] = H 18
[2712] = H 17
[2713] = H 16
[2714] = H 15
[2715] = H 14
[2716] = H 13
Gate distributions:
Input:
Operator distribution:
Total number of qubits = 18
Number of `data' qubits = 18
Number of `Toff_n' ancillas = 0
Number of Hadamard ancillas = 0
Hadamard ancilla cap = infinite
Number of {CNOT,T} partitions = 1
T count = 252
Cost estimation = 126027
	id	Count
	0	0
	1	0
	2	0
	3	22
	4	5
	5	0
	6	0
	7	0
	8	0
	9	0
	10	36
	11	0
	12	0
	13	0
	14	0
	15	0
	16	0
	17	0
	18	0
Output:
Operator distribution:
Total number of qubits = 29
Number of `data' qubits = 18
Number of `Toff_n' ancillas = 0
Number of Hadamard ancillas = 11
Hadamard ancilla cap = infinite
Number of {CNOT,T} partitions = 1
T count = 122
Cost estimation = 63600.5
	id	Count
	0	0
	1	0
	2	0
	3	33
	4	1763
	5	122
	6	0
	7	0
	8	0
	9	0
	10	0
	11	351
	12	0
	13	437
	14	0
	15	0
	16	0
	17	0
	18	11
Output T Count (SQC_Circuit) = 122
Output T Count (PhasePolynomial) = 122
Fail count = 0

Execution time: 31.3661s
Number of LCL errors: 0
Number of LCL warnings: 0
