Optimize a Clifford + T circuit.
Input filename = /home/ryo-mtmt/TOpt/forme/tpar_benchmark/gf2^9_mult.tfc
Number of unknown gates = 0
Number of unknown qubit labels = 0
Circuit filename: /home/ryo-mtmt/TOpt/forme/tpar_benchmark/gf2^9_mult.tfc

n 27
n_x 27
n_y 0
n_z 0
m 201
[0] = H 19
[1] = H 20
[2] = H 21
[3] = H 22
[4] = H 23
[5] = H 24
[6] = H 25
[7] = H 26
[8] = CCZ 9 11 19
[9] = CCZ 8 12 19
[10] = CCZ 7 13 19
[11] = CCZ 6 14 19
[12] = CCZ 5 15 19
[13] = CCZ 4 16 19
[14] = CCZ 3 17 19
[15] = CCZ 2 18 19
[16] = CCZ 9 12 20
[17] = CCZ 8 13 20
[18] = CCZ 7 14 20
[19] = CCZ 6 15 20
[20] = CCZ 5 16 20
[21] = CCZ 4 17 20
[22] = CCZ 3 18 20
[23] = CCZ 9 13 21
[24] = CCZ 8 14 21
[25] = CCZ 7 15 21
[26] = CCZ 6 16 21
[27] = CCZ 5 17 21
[28] = CCZ 4 18 21
[29] = CCZ 9 14 22
[30] = CCZ 8 15 22
[31] = CCZ 7 16 22
[32] = CCZ 6 17 22
[33] = CCZ 5 18 22
[34] = CCZ 9 15 23
[35] = CCZ 8 16 23
[36] = CCZ 7 17 23
[37] = CCZ 6 18 23
[38] = CCZ 9 16 24
[39] = CCZ 8 17 24
[40] = CCZ 7 18 24
[41] = CCZ 9 17 25
[42] = CCZ 8 18 25
[43] = CCZ 9 18 26
[44] = H 19
[45] = H 20
[46] = H 21
[47] = H 22
[48] = H 23
[49] = H 24
[50] = H 25
[51] = H 26
[52] = CNOT 21 26
[53] = CNOT 20 25
[54] = CNOT 19 24
[55] = CNOT 27 23
[56] = CNOT 26 22
[57] = CNOT 25 21
[58] = CNOT 24 20
[59] = CNOT 23 19
[60] = H 19
[61] = H 20
[62] = H 21
[63] = H 22
[64] = H 23
[65] = H 24
[66] = H 25
[67] = H 26
[68] = H 27
[69] = CCZ 9 10 27
[70] = CCZ 8 11 27
[71] = CCZ 7 12 27
[72] = CCZ 6 13 27
[73] = CCZ 5 14 27
[74] = CCZ 4 15 27
[75] = CCZ 3 16 27
[76] = CCZ 2 17 27
[77] = CCZ 1 18 27
[78] = CCZ 8 10 26
[79] = CCZ 7 11 26
[80] = CCZ 6 12 26
[81] = CCZ 5 13 26
[82] = CCZ 4 14 26
[83] = CCZ 3 15 26
[84] = CCZ 2 16 26
[85] = CCZ 1 17 26
[86] = CCZ 7 10 25
[87] = CCZ 6 11 25
[88] = CCZ 5 12 25
[89] = CCZ 4 13 25
[90] = CCZ 3 14 25
[91] = CCZ 2 15 25
[92] = CCZ 1 16 25
[93] = CCZ 6 10 24
[94] = CCZ 5 11 24
[95] = CCZ 4 12 24
[96] = CCZ 3 13 24
[97] = CCZ 2 14 24
[98] = CCZ 1 15 24
[99] = CCZ 5 10 23
[100] = CCZ 4 11 23
[101] = CCZ 3 12 23
[102] = CCZ 2 13 23
[103] = CCZ 1 14 23
[104] = CCZ 4 10 22
[105] = CCZ 3 11 22
[106] = CCZ 2 12 22
[107] = CCZ 1 13 22
[108] = CCZ 3 10 21
[109] = CCZ 2 11 21
[110] = CCZ 1 12 21
[111] = CCZ 2 10 20
[112] = CCZ 1 11 20
[113] = CCZ 1 10 19
[114] = H 19
[115] = H 20
[116] = H 21
[117] = H 22
[118] = H 23
[119] = H 24
[120] = H 25
[121] = H 26
[122] = H 27

Algorithm used: todd

UniversalOptimize begin.
	Gate synthesis begin.

--- Testing Hamming Distance Version ---
in LempelX2_M4RI_Hamming　安定版　m4ri
		Round = 0 (Start m: 351)
--- Hamming Distance Stats ---
 Dist 1: 649 pairs
 Dist 2: 4205 pairs
 Dist 3: 9563 pairs
 Dist 4: 28588 pairs
 Dist 5: 16032 pairs
 Dist 6: 2388 pairs
-------------------------------
  [HIT!] Dist=1 | Deleted: 5 cols
>> Round 0 Result: Hit Rate = 50% (1/2)
		Round = 1 (Start m: 346)
--- Hamming Distance Stats ---
 Dist 1: 581 pairs
 Dist 2: 3963 pairs
 Dist 3: 8603 pairs
 Dist 4: 27599 pairs
 Dist 5: 16205 pairs
 Dist 6: 2683 pairs
 Dist 7: 51 pairs
-------------------------------
  [HIT!] Dist=1 | Deleted: 6 cols
>> Round 1 Result: Hit Rate = 100% (1/1)
		Round = 2 (Start m: 340)
--- Hamming Distance Stats ---
 Dist 1: 508 pairs
 Dist 2: 3644 pairs
 Dist 3: 7590 pairs
 Dist 4: 25894 pairs
 Dist 5: 16548 pairs
 Dist 6: 3288 pairs
 Dist 7: 158 pairs
-------------------------------
  [HIT!] Dist=1 | Deleted: 8 cols
>> Round 2 Result: Hit Rate = 50% (1/2)
		Round = 3 (Start m: 332)
--- Hamming Distance Stats ---
 Dist 1: 400 pairs
 Dist 2: 3064 pairs
 Dist 3: 6112 pairs
 Dist 4: 22576 pairs
 Dist 5: 17432 pairs
 Dist 6: 4884 pairs
 Dist 7: 476 pairs
 Dist 8: 2 pairs
-------------------------------
  [HIT!] Dist=1 | Deleted: 2 cols
>> Round 3 Result: Hit Rate = 50% (1/2)
		Round = 4 (Start m: 330)
--- Hamming Distance Stats ---
 Dist 1: 368 pairs
 Dist 2: 2806 pairs
 Dist 3: 5730 pairs
 Dist 4: 20662 pairs
 Dist 5: 17962 pairs
 Dist 6: 5972 pairs
 Dist 7: 764 pairs
 Dist 8: 21 pairs
-------------------------------
  [HIT!] Dist=1 | Deleted: 2 cols
>> Round 4 Result: Hit Rate = 100% (1/1)
		Round = 5 (Start m: 328)
--- Hamming Distance Stats ---
 Dist 1: 361 pairs
 Dist 2: 2647 pairs
 Dist 3: 5647 pairs
 Dist 4: 19529 pairs
 Dist 5: 18055 pairs
 Dist 6: 6465 pairs
 Dist 7: 897 pairs
 Dist 8: 27 pairs
-------------------------------
  [HIT!] Dist=1 | Deleted: 4 cols
>> Round 5 Result: Hit Rate = 50% (1/2)
		Round = 6 (Start m: 324)
--- Hamming Distance Stats ---
 Dist 1: 338 pairs
 Dist 2: 2203 pairs
 Dist 3: 5041 pairs
 Dist 4: 16335 pairs
 Dist 5: 17423 pairs
 Dist 6: 8589 pairs
 Dist 7: 2135 pairs
 Dist 8: 251 pairs
 Dist 9: 11 pairs
-------------------------------
  [HIT!] Dist=1 | Deleted: 4 cols
>> Round 6 Result: Hit Rate = 100% (1/1)
		Round = 7 (Start m: 320)
--- Hamming Distance Stats ---
 Dist 1: 301 pairs
 Dist 2: 1920 pairs
 Dist 3: 4382 pairs
 Dist 4: 14628 pairs
 Dist 5: 17410 pairs
 Dist 6: 9436 pairs
 Dist 7: 2586 pairs
 Dist 8: 356 pairs
 Dist 9: 21 pairs
-------------------------------
  [HIT!] Dist=1 | Deleted: 2 cols
>> Round 7 Result: Hit Rate = 100% (1/1)
		Round = 8 (Start m: 318)
--- Hamming Distance Stats ---
 Dist 1: 294 pairs
 Dist 2: 1801 pairs
 Dist 3: 4081 pairs
 Dist 4: 13667 pairs
 Dist 5: 17527 pairs
 Dist 6: 9913 pairs
 Dist 7: 2733 pairs
 Dist 8: 366 pairs
 Dist 9: 21 pairs
-------------------------------
  [HIT!] Dist=1 | Deleted: 2 cols
>> Round 8 Result: Hit Rate = 25% (1/4)
		Round = 9 (Start m: 316)
--- Hamming Distance Stats ---
 Dist 1: 279 pairs
 Dist 2: 1648 pairs
 Dist 3: 3630 pairs
 Dist 4: 12346 pairs
 Dist 5: 16000 pairs
 Dist 6: 10858 pairs
 Dist 7: 4038 pairs
 Dist 8: 844 pairs
 Dist 9: 117 pairs
 Dist 10: 10 pairs
-------------------------------
  [HIT!] Dist=1 | Deleted: 2 cols
>> Round 9 Result: Hit Rate = 33.3333% (1/3)
		Round = 10 (Start m: 314)
--- Hamming Distance Stats ---
 Dist 1: 295 pairs
 Dist 2: 1375 pairs
 Dist 3: 3773 pairs
 Dist 4: 10589 pairs
 Dist 5: 15309 pairs
 Dist 6: 11597 pairs
 Dist 7: 4897 pairs
 Dist 8: 1146 pairs
 Dist 9: 150 pairs
 Dist 10: 10 pairs
-------------------------------
  [HIT!] Dist=1 | Deleted: 2 cols
>> Round 10 Result: Hit Rate = 100% (1/1)
		Round = 11 (Start m: 312)
--- Hamming Distance Stats ---
 Dist 1: 284 pairs
 Dist 2: 1295 pairs
 Dist 3: 3511 pairs
 Dist 4: 9861 pairs
 Dist 5: 15019 pairs
 Dist 6: 11911 pairs
 Dist 7: 5217 pairs
 Dist 8: 1247 pairs
 Dist 9: 161 pairs
 Dist 10: 10 pairs
-------------------------------
  [HIT!] Dist=1 | Deleted: 2 cols
>> Round 11 Result: Hit Rate = 33.3333% (1/3)
		Round = 12 (Start m: 310)
--- Hamming Distance Stats ---
 Dist 1: 271 pairs
 Dist 2: 1201 pairs
 Dist 3: 3101 pairs
 Dist 4: 8777 pairs
 Dist 5: 14407 pairs
 Dist 6: 12335 pairs
 Dist 7: 5929 pairs
 Dist 8: 1624 pairs
 Dist 9: 236 pairs
 Dist 10: 14 pairs
-------------------------------
  [HIT!] Dist=1 | Deleted: 2 cols
>> Round 12 Result: Hit Rate = 33.3333% (1/3)
		Round = 13 (Start m: 308)
--- Hamming Distance Stats ---
 Dist 1: 262 pairs
 Dist 2: 918 pairs
 Dist 3: 2694 pairs
 Dist 4: 7344 pairs
 Dist 5: 12798 pairs
 Dist 6: 12722 pairs
 Dist 7: 7502 pairs
 Dist 8: 2550 pairs
 Dist 9: 456 pairs
 Dist 10: 32 pairs
-------------------------------
  [HIT!] Dist=1 | Deleted: 2 cols
>> Round 13 Result: Hit Rate = 1.92308% (1/52)
		Round = 14 (Start m: 306)
--- Hamming Distance Stats ---
 Dist 1: 264 pairs
 Dist 2: 893 pairs
 Dist 3: 2548 pairs
 Dist 4: 6706 pairs
 Dist 5: 12080 pairs
 Dist 6: 12546 pairs
 Dist 7: 7812 pairs
 Dist 8: 3021 pairs
 Dist 9: 698 pairs
 Dist 10: 91 pairs
 Dist 11: 6 pairs
-------------------------------
  [HIT!] Dist=1 | Deleted: 4 cols
>> Round 14 Result: Hit Rate = 2% (1/50)
		Round = 15 (Start m: 302)
--- Hamming Distance Stats ---
 Dist 1: 261 pairs
 Dist 2: 840 pairs
 Dist 3: 2412 pairs
 Dist 4: 6604 pairs
 Dist 5: 11870 pairs
 Dist 6: 12230 pairs
 Dist 7: 7556 pairs
 Dist 8: 2913 pairs
 Dist 9: 671 pairs
 Dist 10: 88 pairs
 Dist 11: 6 pairs
-------------------------------
  [HIT!] Dist=1 | Deleted: 2 cols
>> Round 15 Result: Hit Rate = 1.04167% (1/96)
		Round = 16 (Start m: 300)
--- Hamming Distance Stats ---
 Dist 1: 249 pairs
 Dist 2: 820 pairs
 Dist 3: 2325 pairs
 Dist 4: 6367 pairs
 Dist 5: 11435 pairs
 Dist 6: 12137 pairs
 Dist 7: 7677 pairs
 Dist 8: 3035 pairs
 Dist 9: 708 pairs
 Dist 10: 91 pairs
 Dist 11: 6 pairs
-------------------------------
  [HIT!] Dist=1 | Deleted: 2 cols
>> Round 16 Result: Hit Rate = 0.434783% (1/230)
		Round = 17 (Start m: 298)
--- Hamming Distance Stats ---
 Dist 1: 239 pairs
 Dist 2: 792 pairs
 Dist 3: 2257 pairs
 Dist 4: 6231 pairs
 Dist 5: 11281 pairs
 Dist 6: 12019 pairs
 Dist 7: 7647 pairs
 Dist 8: 3004 pairs
 Dist 9: 690 pairs
 Dist 10: 87 pairs
 Dist 11: 6 pairs
-------------------------------
  [HIT!] Dist=2 | Deleted: 2 cols
>> Round 17 Result: Hit Rate = 0.401606% (1/249)
		Round = 18 (Start m: 296)
--- Hamming Distance Stats ---
 Dist 1: 226 pairs
 Dist 2: 729 pairs
 Dist 3: 2106 pairs
 Dist 4: 5741 pairs
 Dist 5: 10513 pairs
 Dist 6: 11689 pairs
 Dist 7: 7965 pairs
 Dist 8: 3551 pairs
 Dist 9: 985 pairs
 Dist 10: 146 pairs
 Dist 11: 9 pairs
-------------------------------
  [HIT!] Dist=2 | Deleted: 6 cols
>> Round 18 Result: Hit Rate = 0.311526% (1/321)
		Round = 19 (Start m: 290)
--- Hamming Distance Stats ---
 Dist 1: 227 pairs
 Dist 2: 704 pairs
 Dist 3: 2019 pairs
 Dist 4: 5276 pairs
 Dist 5: 9534 pairs
 Dist 6: 11080 pairs
 Dist 7: 8048 pairs
 Dist 8: 3695 pairs
 Dist 9: 1097 pairs
 Dist 10: 206 pairs
 Dist 11: 19 pairs
-------------------------------
  [HIT!] Dist=2 | Deleted: 2 cols
>> Round 19 Result: Hit Rate = 0.296736% (1/337)
		Round = 20 (Start m: 288)
--- Hamming Distance Stats ---
 Dist 1: 219 pairs
 Dist 2: 671 pairs
 Dist 3: 1904 pairs
 Dist 4: 4972 pairs
 Dist 5: 9184 pairs
 Dist 6: 10926 pairs
 Dist 7: 8180 pairs
 Dist 8: 3868 pairs
 Dist 9: 1165 pairs
 Dist 10: 219 pairs
 Dist 11: 20 pairs
-------------------------------
  [HIT!] Dist=2 | Deleted: 2 cols
>> Round 20 Result: Hit Rate = 0.132979% (1/752)
		Round = 21 (Start m: 286)
--- Hamming Distance Stats ---
 Dist 1: 210 pairs
 Dist 2: 609 pairs
 Dist 3: 1673 pairs
 Dist 4: 4625 pairs
 Dist 5: 8995 pairs
 Dist 6: 10865 pairs
 Dist 7: 8201 pairs
 Dist 8: 3968 pairs
 Dist 9: 1277 pairs
 Dist 10: 284 pairs
 Dist 11: 44 pairs
 Dist 12: 4 pairs
-------------------------------
>> Round 21 Result: Hit Rate = 0% (0/40755)

=== Final Performance Statistics ===
Hamming time:   56 ms
Chi time:       55707 ms
Nullspace time: 802556 ms
Total attempts: 42868 (Success: 21)
END OF LEMPELX2 安定版
Total LempelX2_M4RI_Hamming time: 869879 ms
Hamming result size: 286 columns
		TODD executed in 868.427 seconds.
		Total time: 868.428s
	Gate synthesis end.
	Total time: 874.795s
UniversalOptimize end.
Output circuit:
n 44
n_x 27
n_y 0
n_z 17
m 4401
[0] = H 19
[1] = H 20
[2] = H 21
[3] = H 22
[4] = H 23
[5] = H 24
[6] = H 25
[7] = H 26
[8] = H 28
[9] = H 29
[10] = H 30
[11] = H 31
[12] = H 32
[13] = H 33
[14] = H 34
[15] = H 35
[16] = H 36
[17] = H 37
[18] = H 38
[19] = H 39
[20] = H 40
[21] = H 41
[22] = H 42
[23] = H 43
[24] = H 44
[25] = CNOT 8 9
[26] = T 8
[27] = Z 8
[28] = CNOT 8 9
[29] = CNOT 2 10
[30] = CNOT 2 17
[31] = T 2
[32] = S 2
[33] = Z 2
[34] = CNOT 2 10
[35] = CNOT 3 9
[36] = CNOT 3 11
[37] = CNOT 3 17
[38] = T 3
[39] = CNOT 3 19
[40] = T 3
[41] = CNOT 3 9
[42] = T 3
[43] = CNOT 3 11
[44] = CNOT 3 9
[45] = T 3
[46] = CNOT 3 19
[47] = CNOT 3 17
[48] = CNOT 3 9
[49] = CNOT 11 40
[50] = T 11
[51] = S 11
[52] = CNOT 11 40
[53] = CNOT 1 13
[54] = CNOT 1 17
[55] = CNOT 1 38
[56] = T 1
[57] = CNOT 1 38
[58] = CNOT 1 17
[59] = CNOT 1 13
[60] = CNOT 8 12
[61] = CNOT 8 13
[62] = CNOT 8 17
[63] = T 8
[64] = CNOT 8 19
[65] = T 8
[66] = CNOT 8 19
[67] = CNOT 8 17
[68] = CNOT 8 13
[69] = CNOT 8 12
[70] = CNOT 12 13
[71] = CNOT 12 17
[72] = CNOT 12 19
[73] = T 12
[74] = CNOT 12 19
[75] = CNOT 12 17
[76] = CNOT 12 13
[77] = CNOT 3 10
[78] = CNOT 3 15
[79] = CNOT 3 41
[80] = T 3
[81] = CNOT 3 41
[82] = CNOT 3 15
[83] = CNOT 3 10
[84] = CNOT 1 15
[85] = CNOT 1 36
[86] = CNOT 1 41
[87] = T 1
[88] = CNOT 1 41
[89] = CNOT 1 36
[90] = CNOT 1 15
[91] = CNOT 11 17
[92] = CNOT 11 37
[93] = T 11
[94] = S 11
[95] = Z 11
[96] = CNOT 11 37
[97] = CNOT 11 17
[98] = CNOT 7 12
[99] = CNOT 7 13
[100] = CNOT 7 15
[101] = CNOT 7 17
[102] = T 7
[103] = CNOT 7 15
[104] = CNOT 7 12
[105] = CNOT 7 19
[106] = T 7
[107] = CNOT 7 13
[108] = CNOT 3 17
[109] = CNOT 3 39
[110] = T 3
[111] = S 3
[112] = Z 3
[113] = CNOT 3 39
[114] = CNOT 3 17
[115] = T 7
[116] = S 7
[117] = Z 7
[118] = CNOT 7 19
[119] = CNOT 1 11
[120] = CNOT 1 17
[121] = CNOT 1 37
[122] = T 1
[123] = CNOT 1 37
[124] = CNOT 1 11
[125] = CNOT 14 17
[126] = CNOT 14 18
[127] = T 14
[128] = Z 14
[129] = CNOT 14 18
[130] = CNOT 14 17
[131] = CNOT 6 14
[132] = T 6
[133] = S 6
[134] = CNOT 6 19
[135] = T 6
[136] = CNOT 6 14
[137] = CNOT 14 19
[138] = T 14
[139] = S 14
[140] = CNOT 14 19
[141] = T 6
[142] = S 6
[143] = CNOT 6 19
[144] = CNOT 12 13
[145] = CNOT 12 17
[146] = CNOT 12 38
[147] = T 12
[148] = CNOT 12 38
[149] = CNOT 12 17
[150] = CNOT 12 13
[151] = CNOT 1 12
[152] = CNOT 1 13
[153] = CNOT 1 38
[154] = T 1
[155] = CNOT 1 38
[156] = CNOT 1 13
[157] = CNOT 1 12
[158] = CNOT 5 13
[159] = CNOT 5 15
[160] = CNOT 5 17
[161] = CNOT 5 41
[162] = T 5
[163] = CNOT 5 19
[164] = T 5
[165] = CNOT 5 15
[166] = CNOT 3 19
[167] = T 3
[168] = S 3
[169] = CNOT 3 19
[170] = T 5
[171] = CNOT 5 41
[172] = CNOT 5 19
[173] = CNOT 5 13
[174] = CNOT 2 13
[175] = CNOT 2 40
[176] = T 2
[177] = CNOT 2 13
[178] = CNOT 10 13
[179] = CNOT 10 17
[180] = CNOT 10 39
[181] = T 10
[182] = CNOT 10 39
[183] = CNOT 10 17
[184] = CNOT 10 13
[185] = CNOT 4 13
[186] = CNOT 4 16
[187] = CNOT 4 17
[188] = CNOT 4 41
[189] = T 4
[190] = CNOT 4 19
[191] = T 4
[192] = CNOT 4 16
[193] = CNOT 4 13
[194] = CNOT 13 16
[195] = CNOT 13 17
[196] = CNOT 13 19
[197] = CNOT 13 41
[198] = T 13
[199] = CNOT 13 41
[200] = CNOT 13 19
[201] = CNOT 13 17
[202] = CNOT 13 16
[203] = CNOT 4 13
[204] = T 4
[205] = CNOT 4 41
[206] = CNOT 4 19
[207] = CNOT 4 10
[208] = CNOT 4 39
[209] = T 4
[210] = CNOT 4 39
[211] = CNOT 4 17
[212] = CNOT 4 13
[213] = CNOT 4 10
[214] = CNOT 8 9
[215] = CNOT 8 13
[216] = CNOT 8 41
[217] = T 8
[218] = CNOT 8 41
[219] = CNOT 8 13
[220] = CNOT 8 9
[221] = CNOT 3 13
[222] = CNOT 3 15
[223] = CNOT 3 41
[224] = T 3
[225] = CNOT 3 41
[226] = CNOT 3 15
[227] = CNOT 3 13
[228] = CNOT 1 13
[229] = CNOT 1 14
[230] = T 1
[231] = CNOT 1 17
[232] = CNOT 1 14
[233] = CNOT 1 13
[234] = CNOT 13 15
[235] = CNOT 13 17
[236] = CNOT 13 19
[237] = CNOT 13 41
[238] = T 13
[239] = CNOT 13 41
[240] = CNOT 13 19
[241] = CNOT 13 17
[242] = CNOT 13 15
[243] = T 2
[244] = S 2
[245] = Z 2
[246] = CNOT 2 40
[247] = CNOT 2 8
[248] = CNOT 2 13
[249] = T 2
[250] = CNOT 10 15
[251] = CNOT 10 36
[252] = CNOT 10 41
[253] = T 10
[254] = CNOT 10 41
[255] = CNOT 10 36
[256] = CNOT 10 15
[257] = CNOT 2 18
[258] = T 2
[259] = CNOT 2 19
[260] = T 2
[261] = CNOT 2 18
[262] = CNOT 2 8
[263] = CNOT 8 13
[264] = CNOT 8 17
[265] = CNOT 8 18
[266] = CNOT 8 19
[267] = T 8
[268] = CNOT 8 19
[269] = CNOT 8 18
[270] = CNOT 8 17
[271] = CNOT 8 13
[272] = CNOT 2 8
[273] = T 2
[274] = CNOT 2 19
[275] = CNOT 2 13
[276] = CNOT 2 8
[277] = CNOT 1 10
[278] = CNOT 1 15
[279] = CNOT 1 36
[280] = CNOT 1 41
[281] = T 1
[282] = CNOT 1 41
[283] = CNOT 1 36
[284] = CNOT 1 15
[285] = CNOT 1 10
[286] = CNOT 9 12
[287] = CNOT 9 13
[288] = CNOT 9 17
[289] = CNOT 9 41
[290] = T 9
[291] = CNOT 9 20
[292] = T 9
[293] = CNOT 9 12
[294] = CNOT 12 13
[295] = CNOT 12 17
[296] = CNOT 12 20
[297] = CNOT 12 41
[298] = T 12
[299] = CNOT 12 41
[300] = CNOT 12 20
[301] = CNOT 12 17
[302] = CNOT 12 13
[303] = T 9
[304] = CNOT 9 41
[305] = CNOT 9 20
[306] = CNOT 9 17
[307] = CNOT 9 13
[308] = CNOT 8 41
[309] = T 8
[310] = S 8
[311] = CNOT 8 41
[312] = CNOT 8 17
[313] = CNOT 8 20
[314] = T 8
[315] = Z 8
[316] = CNOT 8 20
[317] = CNOT 8 17
[318] = CNOT 2 37
[319] = T 2
[320] = S 2
[321] = Z 2
[322] = CNOT 2 37
[323] = CNOT 2 17
[324] = CNOT 11 17
[325] = CNOT 11 39
[326] = T 11
[327] = S 11
[328] = Z 11
[329] = CNOT 11 39
[330] = CNOT 11 17
[331] = CNOT 7 14
[332] = CNOT 7 18
[333] = T 7
[334] = CNOT 7 20
[335] = T 7
[336] = CNOT 7 14
[337] = CNOT 14 17
[338] = CNOT 14 18
[339] = CNOT 14 20
[340] = T 14
[341] = CNOT 14 20
[342] = CNOT 14 18
[343] = CNOT 14 17
[344] = T 7
[345] = CNOT 7 20
[346] = CNOT 7 18
[347] = CNOT 7 17
[348] = CNOT 6 13
[349] = CNOT 6 15
[350] = CNOT 6 17
[351] = CNOT 6 41
[352] = T 6
[353] = CNOT 6 20
[354] = T 6
[355] = CNOT 6 20
[356] = CNOT 6 17
[357] = CNOT 6 15
[358] = CNOT 6 13
[359] = CNOT 3 11
[360] = CNOT 3 17
[361] = CNOT 3 39
[362] = T 3
[363] = CNOT 3 39
[364] = CNOT 3 11
[365] = CNOT 10 17
[366] = CNOT 10 37
[367] = T 10
[368] = S 10
[369] = Z 10
[370] = CNOT 10 37
[371] = CNOT 10 17
[372] = CNOT 5 8
[373] = CNOT 5 13
[374] = CNOT 5 16
[375] = T 5
[376] = CNOT 5 20
[377] = T 5
[378] = CNOT 5 16
[379] = CNOT 5 8
[380] = CNOT 8 13
[381] = CNOT 8 16
[382] = CNOT 8 17
[383] = CNOT 8 20
[384] = T 8
[385] = CNOT 8 20
[386] = CNOT 8 17
[387] = CNOT 8 16
[388] = CNOT 8 13
[389] = CNOT 5 8
[390] = T 5
[391] = CNOT 5 20
[392] = CNOT 5 17
[393] = CNOT 5 13
[394] = CNOT 5 8
[395] = CNOT 4 13
[396] = CNOT 4 15
[397] = CNOT 4 41
[398] = T 4
[399] = CNOT 4 20
[400] = T 4
[401] = CNOT 4 13
[402] = CNOT 13 15
[403] = CNOT 13 20
[404] = CNOT 13 41
[405] = T 13
[406] = CNOT 13 41
[407] = CNOT 13 20
[408] = CNOT 13 15
[409] = CNOT 4 13
[410] = CNOT 4 17
[411] = T 4
[412] = CNOT 4 41
[413] = CNOT 4 20
[414] = CNOT 4 17
[415] = CNOT 4 15
[416] = CNOT 4 13
[417] = CNOT 1 2
[418] = CNOT 1 12
[419] = CNOT 1 17
[420] = CNOT 1 39
[421] = T 1
[422] = CNOT 1 39
[423] = CNOT 1 17
[424] = CNOT 1 12
[425] = CNOT 1 2
[426] = CNOT 3 18
[427] = CNOT 3 20
[428] = T 3
[429] = CNOT 3 20
[430] = CNOT 3 18
[431] = CNOT 3 17
[432] = CNOT 1 10
[433] = CNOT 1 15
[434] = CNOT 1 41
[435] = T 1
[436] = CNOT 1 41
[437] = CNOT 1 15
[438] = CNOT 1 10
[439] = CNOT 2 10
[440] = CNOT 2 17
[441] = CNOT 2 37
[442] = T 2
[443] = CNOT 2 37
[444] = CNOT 2 17
[445] = CNOT 2 10
[446] = CNOT 17 18
[447] = CNOT 17 21
[448] = T 17
[449] = S 17
[450] = CNOT 17 21
[451] = CNOT 17 18
[452] = CNOT 2 41
[453] = T 2
[454] = S 2
[455] = CNOT 2 41
[456] = CNOT 9 17
[457] = CNOT 9 18
[458] = T 9
[459] = S 9
[460] = CNOT 9 18
[461] = CNOT 9 17
[462] = CNOT 8 9
[463] = CNOT 8 13
[464] = CNOT 8 17
[465] = CNOT 8 21
[466] = T 8
[467] = CNOT 8 21
[468] = CNOT 8 9
[469] = CNOT 8 14
[470] = T 8
[471] = CNOT 9 13
[472] = CNOT 9 14
[473] = CNOT 9 17
[474] = CNOT 9 21
[475] = T 9
[476] = CNOT 9 21
[477] = CNOT 9 17
[478] = CNOT 9 14
[479] = CNOT 9 13
[480] = CNOT 8 9
[481] = CNOT 8 21
[482] = T 8
[483] = CNOT 8 14
[484] = CNOT 8 9
[485] = CNOT 8 41
[486] = T 8
[487] = CNOT 8 41
[488] = CNOT 8 21
[489] = CNOT 8 17
[490] = CNOT 8 13
[491] = CNOT 2 11
[492] = CNOT 2 13
[493] = CNOT 2 17
[494] = CNOT 2 38
[495] = T 2
[496] = CNOT 2 38
[497] = CNOT 2 13
[498] = CNOT 7 13
[499] = CNOT 7 15
[500] = CNOT 7 17
[501] = CNOT 7 21
[502] = T 7
[503] = CNOT 7 15
[504] = CNOT 7 13
[505] = CNOT 13 15
[506] = CNOT 13 17
[507] = CNOT 13 21
[508] = T 13
[509] = CNOT 13 21
[510] = CNOT 13 17
[511] = CNOT 13 15
[512] = CNOT 7 13
[513] = T 7
[514] = CNOT 7 21
[515] = CNOT 7 17
[516] = CNOT 7 13
[517] = CNOT 6 8
[518] = CNOT 6 13
[519] = CNOT 6 16
[520] = CNOT 6 17
[521] = T 6
[522] = CNOT 6 21
[523] = T 6
[524] = CNOT 6 16
[525] = CNOT 6 8
[526] = CNOT 8 13
[527] = CNOT 8 16
[528] = CNOT 8 17
[529] = CNOT 8 21
[530] = CNOT 8 41
[531] = T 8
[532] = CNOT 8 41
[533] = CNOT 8 21
[534] = CNOT 8 17
[535] = CNOT 8 16
[536] = CNOT 8 13
[537] = CNOT 6 8
[538] = T 6
[539] = CNOT 6 41
[540] = CNOT 6 21
[541] = CNOT 6 17
[542] = CNOT 6 13
[543] = CNOT 6 8
[544] = CNOT 13 14
[545] = CNOT 13 17
[546] = CNOT 13 40
[547] = T 13
[548] = CNOT 13 40
[549] = CNOT 13 17
[550] = CNOT 13 14
[551] = CNOT 5 12
[552] = CNOT 5 13
[553] = CNOT 5 21
[554] = T 5
[555] = CNOT 5 12
[556] = CNOT 12 13
[557] = CNOT 12 21
[558] = T 12
[559] = S 12
[560] = CNOT 12 21
[561] = CNOT 12 13
[562] = CNOT 5 12
[563] = CNOT 5 17
[564] = T 5
[565] = CNOT 5 21
[566] = CNOT 5 12
[567] = CNOT 4 12
[568] = CNOT 4 13
[569] = CNOT 4 17
[570] = CNOT 4 18
[571] = T 4
[572] = CNOT 4 21
[573] = T 4
[574] = CNOT 4 18
[575] = CNOT 4 12
[576] = CNOT 12 13
[577] = CNOT 12 17
[578] = CNOT 12 18
[579] = CNOT 12 21
[580] = T 12
[581] = CNOT 12 21
[582] = CNOT 12 18
[583] = CNOT 12 17
[584] = CNOT 12 13
[585] = CNOT 4 12
[586] = T 4
[587] = CNOT 4 21
[588] = CNOT 4 17
[589] = CNOT 4 13
[590] = CNOT 4 12
[591] = CNOT 2 13
[592] = T 2
[593] = CNOT 2 17
[594] = CNOT 2 13
[595] = CNOT 2 11
[596] = CNOT 9 13
[597] = CNOT 9 14
[598] = CNOT 9 17
[599] = T 9
[600] = CNOT 9 17
[601] = CNOT 9 14
[602] = CNOT 9 13
[603] = CNOT 8 13
[604] = CNOT 8 14
[605] = CNOT 8 17
[606] = CNOT 8 22
[607] = T 8
[608] = CNOT 8 9
[609] = T 8
[610] = CNOT 8 22
[611] = CNOT 8 14
[612] = CNOT 8 9
[613] = CNOT 9 13
[614] = CNOT 9 17
[615] = CNOT 9 22
[616] = T 9
[617] = CNOT 8 15
[618] = T 8
[619] = CNOT 9 15
[620] = T 9
[621] = CNOT 9 22
[622] = CNOT 9 17
[623] = CNOT 9 15
[624] = CNOT 9 13
[625] = CNOT 8 9
[626] = CNOT 8 22
[627] = T 8
[628] = CNOT 8 22
[629] = CNOT 8 17
[630] = CNOT 8 15
[631] = CNOT 8 13
[632] = CNOT 8 9
[633] = CNOT 3 15
[634] = CNOT 3 38
[635] = CNOT 3 41
[636] = T 3
[637] = CNOT 3 41
[638] = CNOT 3 38
[639] = CNOT 3 15
[640] = CNOT 1 7
[641] = CNOT 1 16
[642] = CNOT 1 17
[643] = T 1
[644] = CNOT 1 22
[645] = T 1
[646] = CNOT 1 7
[647] = T 1
[648] = CNOT 1 16
[649] = CNOT 1 7
[650] = T 1
[651] = CNOT 1 22
[652] = CNOT 1 7
[653] = CNOT 1 6
[654] = CNOT 1 13
[655] = T 1
[656] = CNOT 1 13
[657] = CNOT 1 22
[658] = T 1
[659] = CNOT 1 17
[660] = CNOT 1 6
[661] = T 1
[662] = CNOT 1 6
[663] = T 1
[664] = S 1
[665] = Z 1
[666] = CNOT 1 22
[667] = CNOT 1 6
[668] = CNOT 5 8
[669] = CNOT 5 18
[670] = T 5
[671] = CNOT 5 22
[672] = T 5
[673] = CNOT 5 18
[674] = CNOT 5 8
[675] = CNOT 8 13
[676] = CNOT 8 17
[677] = CNOT 8 18
[678] = CNOT 8 22
[679] = T 8
[680] = CNOT 8 22
[681] = CNOT 8 18
[682] = CNOT 8 17
[683] = CNOT 8 13
[684] = CNOT 5 8
[685] = T 5
[686] = CNOT 5 22
[687] = CNOT 5 17
[688] = CNOT 5 13
[689] = CNOT 5 8
[690] = CNOT 9 15
[691] = T 9
[692] = Z 9
[693] = CNOT 9 15
[694] = CNOT 8 15
[695] = CNOT 8 23
[696] = T 8
[697] = S 8
[698] = Z 8
[699] = CNOT 8 9
[700] = T 8
[701] = CNOT 8 23
[702] = CNOT 8 15
[703] = CNOT 8 9
[704] = CNOT 9 23
[705] = T 9
[706] = S 9
[707] = Z 9
[708] = CNOT 8 13
[709] = CNOT 8 16
[710] = CNOT 8 17
[711] = T 8
[712] = CNOT 9 13
[713] = CNOT 9 16
[714] = CNOT 9 17
[715] = CNOT 9 41
[716] = T 9
[717] = CNOT 9 41
[718] = CNOT 9 23
[719] = CNOT 9 17
[720] = CNOT 9 16
[721] = CNOT 9 13
[722] = CNOT 8 9
[723] = CNOT 8 23
[724] = CNOT 8 41
[725] = T 8
[726] = CNOT 8 16
[727] = CNOT 8 9
[728] = T 8
[729] = CNOT 8 41
[730] = CNOT 8 23
[731] = CNOT 8 17
[732] = CNOT 8 13
[733] = CNOT 7 17
[734] = T 7
[735] = S 7
[736] = Z 7
[737] = CNOT 7 17
[738] = CNOT 7 23
[739] = T 7
[740] = S 7
[741] = CNOT 17 23
[742] = T 17
[743] = S 17
[744] = Z 17
[745] = CNOT 17 23
[746] = CNOT 7 17
[747] = T 7
[748] = CNOT 7 23
[749] = CNOT 6 13
[750] = CNOT 6 17
[751] = CNOT 6 18
[752] = CNOT 6 41
[753] = T 6
[754] = CNOT 6 23
[755] = T 6
[756] = CNOT 6 18
[757] = CNOT 6 13
[758] = CNOT 13 17
[759] = CNOT 13 18
[760] = CNOT 13 23
[761] = CNOT 13 41
[762] = T 13
[763] = CNOT 13 41
[764] = CNOT 13 23
[765] = CNOT 13 18
[766] = CNOT 13 17
[767] = CNOT 6 13
[768] = T 6
[769] = CNOT 6 23
[770] = CNOT 6 17
[771] = CNOT 6 13
[772] = CNOT 8 9
[773] = CNOT 8 17
[774] = CNOT 8 24
[775] = T 8
[776] = CNOT 8 9
[777] = CNOT 9 16
[778] = CNOT 9 17
[779] = T 9
[780] = Z 9
[781] = CNOT 9 17
[782] = CNOT 9 16
[783] = CNOT 8 16
[784] = T 8
[785] = CNOT 8 9
[786] = T 8
[787] = CNOT 8 17
[788] = CNOT 8 16
[789] = CNOT 8 9
[790] = CNOT 4 11
[791] = T 4
[792] = S 4
[793] = CNOT 9 17
[794] = CNOT 9 18
[795] = CNOT 9 21
[796] = T 9
[797] = CNOT 9 21
[798] = CNOT 9 18
[799] = CNOT 9 17
[800] = T 8
[801] = S 8
[802] = CNOT 8 24
[803] = T 24
[804] = S 24
[805] = Z 24
[806] = CNOT 5 40
[807] = T 5
[808] = S 5
[809] = CNOT 5 40
[810] = CNOT 1 17
[811] = CNOT 1 37
[812] = T 1
[813] = S 1
[814] = Z 1
[815] = CNOT 1 37
[816] = CNOT 1 17
[817] = CNOT 7 18
[818] = CNOT 7 24
[819] = T 7
[820] = CNOT 7 18
[821] = CNOT 7 17
[822] = CNOT 17 18
[823] = CNOT 17 24
[824] = T 17
[825] = S 17
[826] = Z 17
[827] = CNOT 17 24
[828] = CNOT 17 18
[829] = CNOT 7 17
[830] = T 7
[831] = S 7
[832] = Z 7
[833] = CNOT 7 24
[834] = CNOT 4 40
[835] = T 4
[836] = CNOT 4 40
[837] = CNOT 4 11
[838] = CNOT 8 13
[839] = CNOT 8 25
[840] = CNOT 8 41
[841] = T 8
[842] = CNOT 8 9
[843] = T 8
[844] = CNOT 8 25
[845] = CNOT 8 9
[846] = CNOT 9 13
[847] = CNOT 9 17
[848] = CNOT 9 25
[849] = CNOT 9 41
[850] = T 9
[851] = CNOT 8 17
[852] = CNOT 8 18
[853] = T 8
[854] = CNOT 9 18
[855] = T 9
[856] = CNOT 9 41
[857] = CNOT 9 25
[858] = CNOT 9 18
[859] = CNOT 9 17
[860] = CNOT 9 13
[861] = CNOT 8 9
[862] = CNOT 8 25
[863] = T 8
[864] = CNOT 8 18
[865] = CNOT 8 9
[866] = T 8
[867] = CNOT 8 41
[868] = CNOT 8 25
[869] = CNOT 8 17
[870] = CNOT 8 13
[871] = CNOT 3 8
[872] = CNOT 3 9
[873] = CNOT 3 17
[874] = CNOT 3 18
[875] = CNOT 3 21
[876] = CNOT 3 26
[877] = T 3
[878] = CNOT 3 26
[879] = CNOT 3 21
[880] = CNOT 3 8
[881] = T 3
[882] = CNOT 3 18
[883] = CNOT 3 9
[884] = CNOT 3 8
[885] = CNOT 3 21
[886] = CNOT 3 26
[887] = T 3
[888] = CNOT 3 9
[889] = T 3
[890] = CNOT 3 9
[891] = CNOT 3 18
[892] = T 3
[893] = CNOT 3 26
[894] = CNOT 3 21
[895] = CNOT 3 18
[896] = CNOT 3 17
[897] = CNOT 3 8
[898] = CNOT 15 36
[899] = CNOT 15 41
[900] = T 15
[901] = Z 15
[902] = CNOT 15 36
[903] = CNOT 15 38
[904] = T 15
[905] = Z 15
[906] = CNOT 15 41
[907] = CNOT 15 38
[908] = CNOT 1 2
[909] = CNOT 1 17
[910] = T 1
[911] = Z 1
[912] = CNOT 1 17
[913] = CNOT 1 2
[914] = T 2
[915] = S 2
[916] = Z 2
[917] = CNOT 10 15
[918] = CNOT 10 38
[919] = CNOT 10 41
[920] = T 10
[921] = CNOT 10 41
[922] = CNOT 10 38
[923] = CNOT 10 15
[924] = CNOT 10 13
[925] = CNOT 10 17
[926] = CNOT 10 20
[927] = T 10
[928] = CNOT 10 20
[929] = CNOT 10 17
[930] = CNOT 10 13
[931] = CNOT 9 10
[932] = CNOT 9 17
[933] = T 9
[934] = S 9
[935] = Z 9
[936] = CNOT 9 44
[937] = T 9
[938] = CNOT 9 10
[939] = CNOT 10 17
[940] = CNOT 10 44
[941] = T 10
[942] = S 10
[943] = Z 10
[944] = CNOT 10 44
[945] = CNOT 10 17
[946] = T 9
[947] = S 9
[948] = Z 9
[949] = CNOT 9 44
[950] = CNOT 9 17
[951] = CNOT 8 11
[952] = CNOT 8 13
[953] = CNOT 8 17
[954] = CNOT 8 41
[955] = T 8
[956] = CNOT 8 44
[957] = T 8
[958] = CNOT 8 44
[959] = CNOT 8 41
[960] = CNOT 8 17
[961] = CNOT 8 13
[962] = CNOT 8 11
[963] = CNOT 11 13
[964] = CNOT 11 17
[965] = CNOT 11 41
[966] = CNOT 11 44
[967] = T 11
[968] = CNOT 11 44
[969] = CNOT 11 41
[970] = CNOT 11 17
[971] = CNOT 11 13
[972] = CNOT 3 10
[973] = CNOT 3 15
[974] = CNOT 3 38
[975] = CNOT 3 41
[976] = T 3
[977] = CNOT 3 41
[978] = CNOT 3 38
[979] = CNOT 3 15
[980] = CNOT 3 10
[981] = CNOT 1 15
[982] = T 1
[983] = S 1
[984] = CNOT 1 15
[985] = CNOT 7 13
[986] = CNOT 7 15
[987] = CNOT 7 44
[988] = T 7
[989] = CNOT 3 12
[990] = CNOT 3 17
[991] = T 3
[992] = S 3
[993] = Z 3
[994] = CNOT 3 12
[995] = CNOT 7 12
[996] = T 7
[997] = CNOT 7 44
[998] = CNOT 7 17
[999] = CNOT 7 15
[1000] = CNOT 7 13
[1001] = CNOT 7 12
[1002] = CNOT 6 8
[1003] = CNOT 6 17
[1004] = T 6
[1005] = CNOT 6 17
[1006] = CNOT 6 13
[1007] = CNOT 6 44
[1008] = T 6
[1009] = CNOT 6 13
[1010] = CNOT 6 8
[1011] = CNOT 8 17
[1012] = CNOT 8 41
[1013] = CNOT 8 44
[1014] = T 8
[1015] = CNOT 8 44
[1016] = CNOT 8 41
[1017] = CNOT 8 17
[1018] = CNOT 6 8
[1019] = T 6
[1020] = CNOT 6 44
[1021] = CNOT 6 41
[1022] = CNOT 6 8
[1023] = CNOT 5 13
[1024] = CNOT 5 14
[1025] = CNOT 5 17
[1026] = T 5
[1027] = CNOT 5 44
[1028] = T 5
[1029] = CNOT 5 14
[1030] = CNOT 5 13
[1031] = CNOT 13 14
[1032] = CNOT 13 17
[1033] = CNOT 13 44
[1034] = T 13
[1035] = CNOT 13 44
[1036] = CNOT 13 17
[1037] = CNOT 13 14
[1038] = CNOT 5 13
[1039] = T 5
[1040] = CNOT 5 44
[1041] = CNOT 5 13
[1042] = CNOT 1 2
[1043] = CNOT 1 17
[1044] = CNOT 1 39
[1045] = T 1
[1046] = CNOT 1 39
[1047] = CNOT 1 17
[1048] = CNOT 4 12
[1049] = CNOT 4 13
[1050] = CNOT 4 17
[1051] = CNOT 4 41
[1052] = CNOT 4 44
[1053] = T 4
[1054] = CNOT 4 13
[1055] = CNOT 13 15
[1056] = CNOT 13 17
[1057] = CNOT 13 41
[1058] = CNOT 13 44
[1059] = T 13
[1060] = CNOT 13 44
[1061] = CNOT 13 41
[1062] = CNOT 13 17
[1063] = CNOT 13 15
[1064] = CNOT 4 13
[1065] = CNOT 4 15
[1066] = T 4
[1067] = CNOT 4 44
[1068] = CNOT 4 41
[1069] = CNOT 4 17
[1070] = CNOT 4 15
[1071] = CNOT 4 13
[1072] = CNOT 4 12
[1073] = CNOT 3 16
[1074] = T 3
[1075] = S 3
[1076] = Z 3
[1077] = CNOT 3 44
[1078] = T 3
[1079] = CNOT 3 16
[1080] = CNOT 16 17
[1081] = CNOT 16 44
[1082] = T 16
[1083] = S 16
[1084] = Z 16
[1085] = CNOT 16 44
[1086] = CNOT 16 17
[1087] = T 3
[1088] = S 3
[1089] = Z 3
[1090] = CNOT 3 44
[1091] = CNOT 1 12
[1092] = T 1
[1093] = Z 1
[1094] = CNOT 1 17
[1095] = CNOT 1 44
[1096] = T 1
[1097] = CNOT 1 17
[1098] = CNOT 1 2
[1099] = CNOT 1 13
[1100] = T 1
[1101] = CNOT 1 13
[1102] = CNOT 1 2
[1103] = T 1
[1104] = CNOT 1 44
[1105] = CNOT 1 12
[1106] = CNOT 1 2
[1107] = CNOT 1 13
[1108] = CNOT 1 17
[1109] = CNOT 1 39
[1110] = T 1
[1111] = CNOT 1 39
[1112] = CNOT 1 12
[1113] = CNOT 1 18
[1114] = T 1
[1115] = CNOT 1 44
[1116] = T 1
[1117] = CNOT 1 44
[1118] = CNOT 1 18
[1119] = CNOT 1 13
[1120] = CNOT 1 12
[1121] = CNOT 12 13
[1122] = CNOT 12 17
[1123] = CNOT 12 18
[1124] = CNOT 12 44
[1125] = T 12
[1126] = CNOT 12 44
[1127] = CNOT 12 18
[1128] = CNOT 12 17
[1129] = CNOT 12 13
[1130] = CNOT 4 40
[1131] = T 4
[1132] = S 4
[1133] = CNOT 4 40
[1134] = CNOT 8 10
[1135] = CNOT 8 13
[1136] = CNOT 8 17
[1137] = T 8
[1138] = CNOT 8 43
[1139] = T 8
[1140] = CNOT 8 10
[1141] = CNOT 10 13
[1142] = CNOT 10 17
[1143] = CNOT 10 43
[1144] = T 10
[1145] = CNOT 10 43
[1146] = CNOT 10 17
[1147] = CNOT 10 13
[1148] = T 8
[1149] = CNOT 8 43
[1150] = CNOT 8 17
[1151] = CNOT 8 13
[1152] = CNOT 1 7
[1153] = CNOT 1 11
[1154] = T 1
[1155] = CNOT 1 43
[1156] = T 1
[1157] = CNOT 1 7
[1158] = T 1
[1159] = CNOT 1 11
[1160] = CNOT 1 7
[1161] = T 1
[1162] = CNOT 1 43
[1163] = CNOT 1 17
[1164] = CNOT 1 7
[1165] = CNOT 1 6
[1166] = CNOT 1 12
[1167] = CNOT 1 13
[1168] = T 1
[1169] = CNOT 1 43
[1170] = T 1
[1171] = CNOT 1 12
[1172] = CNOT 4 10
[1173] = CNOT 4 13
[1174] = CNOT 4 17
[1175] = T 4
[1176] = CNOT 4 17
[1177] = CNOT 4 10
[1178] = T 1
[1179] = CNOT 1 43
[1180] = CNOT 1 13
[1181] = CNOT 1 6
[1182] = CNOT 5 12
[1183] = CNOT 5 13
[1184] = T 5
[1185] = CNOT 5 17
[1186] = CNOT 5 13
[1187] = CNOT 5 43
[1188] = T 5
[1189] = S 5
[1190] = Z 5
[1191] = CNOT 10 40
[1192] = T 10
[1193] = S 10
[1194] = CNOT 10 40
[1195] = CNOT 5 13
[1196] = T 5
[1197] = CNOT 5 43
[1198] = CNOT 5 13
[1199] = CNOT 5 12
[1200] = CNOT 4 14
[1201] = T 4
[1202] = S 4
[1203] = Z 4
[1204] = CNOT 4 43
[1205] = T 4
[1206] = CNOT 4 14
[1207] = CNOT 4 13
[1208] = CNOT 13 14
[1209] = CNOT 13 43
[1210] = T 13
[1211] = S 13
[1212] = Z 13
[1213] = CNOT 13 43
[1214] = CNOT 13 14
[1215] = CNOT 4 13
[1216] = T 4
[1217] = S 4
[1218] = Z 4
[1219] = CNOT 4 43
[1220] = CNOT 4 13
[1221] = CNOT 3 15
[1222] = T 3
[1223] = S 3
[1224] = Z 3
[1225] = CNOT 3 13
[1226] = CNOT 3 43
[1227] = T 3
[1228] = CNOT 3 15
[1229] = CNOT 3 13
[1230] = CNOT 13 15
[1231] = CNOT 13 17
[1232] = CNOT 13 43
[1233] = T 13
[1234] = CNOT 13 43
[1235] = CNOT 13 17
[1236] = CNOT 13 15
[1237] = CNOT 3 13
[1238] = T 3
[1239] = CNOT 3 43
[1240] = CNOT 3 17
[1241] = CNOT 2 16
[1242] = CNOT 2 17
[1243] = T 2
[1244] = S 2
[1245] = Z 2
[1246] = CNOT 2 43
[1247] = T 2
[1248] = CNOT 2 16
[1249] = CNOT 16 17
[1250] = CNOT 16 43
[1251] = T 16
[1252] = S 16
[1253] = Z 16
[1254] = CNOT 16 43
[1255] = CNOT 16 17
[1256] = T 2
[1257] = S 2
[1258] = Z 2
[1259] = CNOT 2 43
[1260] = CNOT 1 13
[1261] = CNOT 1 17
[1262] = T 1
[1263] = S 1
[1264] = Z 1
[1265] = CNOT 1 17
[1266] = CNOT 1 13
[1267] = CNOT 1 12
[1268] = CNOT 1 43
[1269] = T 1
[1270] = S 1
[1271] = Z 1
[1272] = CNOT 1 43
[1273] = CNOT 1 12
[1274] = CNOT 5 10
[1275] = CNOT 5 40
[1276] = T 5
[1277] = CNOT 5 40
[1278] = CNOT 5 10
[1279] = CNOT 1 13
[1280] = CNOT 1 17
[1281] = CNOT 1 40
[1282] = T 1
[1283] = CNOT 7 10
[1284] = T 7
[1285] = S 7
[1286] = CNOT 7 42
[1287] = T 7
[1288] = CNOT 7 10
[1289] = CNOT 10 42
[1290] = T 10
[1291] = S 10
[1292] = CNOT 10 42
[1293] = T 7
[1294] = S 7
[1295] = CNOT 7 42
[1296] = CNOT 6 11
[1297] = T 6
[1298] = S 6
[1299] = CNOT 6 42
[1300] = T 6
[1301] = CNOT 6 11
[1302] = CNOT 11 42
[1303] = T 11
[1304] = S 11
[1305] = CNOT 11 42
[1306] = T 6
[1307] = S 6
[1308] = CNOT 6 42
[1309] = CNOT 1 14
[1310] = T 1
[1311] = CNOT 1 40
[1312] = CNOT 1 14
[1313] = CNOT 1 13
[1314] = CNOT 5 12
[1315] = CNOT 5 42
[1316] = T 5
[1317] = CNOT 5 12
[1318] = CNOT 12 42
[1319] = T 12
[1320] = S 12
[1321] = CNOT 12 42
[1322] = T 5
[1323] = S 5
[1324] = CNOT 5 42
[1325] = CNOT 12 17
[1326] = CNOT 12 40
[1327] = T 12
[1328] = S 12
[1329] = Z 12
[1330] = CNOT 12 40
[1331] = CNOT 12 17
[1332] = CNOT 4 42
[1333] = T 4
[1334] = S 4
[1335] = CNOT 1 12
[1336] = CNOT 1 39
[1337] = T 1
[1338] = CNOT 1 39
[1339] = CNOT 1 12
[1340] = CNOT 4 13
[1341] = T 4
[1342] = CNOT 4 42
[1343] = CNOT 4 13
[1344] = CNOT 3 14
[1345] = T 3
[1346] = S 3
[1347] = Z 3
[1348] = CNOT 3 42
[1349] = T 3
[1350] = CNOT 3 14
[1351] = CNOT 3 13
[1352] = CNOT 13 14
[1353] = CNOT 13 42
[1354] = T 13
[1355] = S 13
[1356] = Z 13
[1357] = CNOT 13 42
[1358] = CNOT 13 14
[1359] = CNOT 3 13
[1360] = T 3
[1361] = S 3
[1362] = Z 3
[1363] = CNOT 3 42
[1364] = CNOT 3 13
[1365] = CNOT 2 15
[1366] = T 2
[1367] = S 2
[1368] = Z 2
[1369] = CNOT 2 42
[1370] = T 2
[1371] = CNOT 2 15
[1372] = CNOT 15 17
[1373] = CNOT 15 42
[1374] = T 15
[1375] = S 15
[1376] = Z 15
[1377] = CNOT 15 42
[1378] = CNOT 15 17
[1379] = T 2
[1380] = S 2
[1381] = Z 2
[1382] = CNOT 2 42
[1383] = CNOT 4 13
[1384] = CNOT 4 17
[1385] = CNOT 4 39
[1386] = T 4
[1387] = CNOT 4 39
[1388] = CNOT 1 16
[1389] = CNOT 1 42
[1390] = T 1
[1391] = CNOT 1 16
[1392] = CNOT 16 17
[1393] = CNOT 16 42
[1394] = T 16
[1395] = S 16
[1396] = Z 16
[1397] = CNOT 16 42
[1398] = CNOT 16 17
[1399] = T 1
[1400] = S 1
[1401] = Z 1
[1402] = CNOT 1 42
[1403] = CNOT 1 17
[1404] = CNOT 6 10
[1405] = CNOT 6 13
[1406] = CNOT 6 17
[1407] = CNOT 6 20
[1408] = T 6
[1409] = CNOT 6 41
[1410] = T 6
[1411] = CNOT 6 41
[1412] = CNOT 6 10
[1413] = CNOT 10 13
[1414] = CNOT 10 17
[1415] = CNOT 10 20
[1416] = CNOT 10 41
[1417] = T 10
[1418] = CNOT 10 41
[1419] = CNOT 10 20
[1420] = CNOT 10 17
[1421] = CNOT 10 13
[1422] = T 6
[1423] = CNOT 6 20
[1424] = CNOT 6 17
[1425] = CNOT 6 13
[1426] = CNOT 5 11
[1427] = CNOT 5 13
[1428] = CNOT 5 17
[1429] = T 5
[1430] = CNOT 5 41
[1431] = T 5
[1432] = CNOT 5 41
[1433] = CNOT 5 17
[1434] = CNOT 5 13
[1435] = CNOT 5 11
[1436] = CNOT 3 17
[1437] = CNOT 3 40
[1438] = T 3
[1439] = S 3
[1440] = Z 3
[1441] = CNOT 2 13
[1442] = CNOT 2 38
[1443] = T 2
[1444] = CNOT 2 38
[1445] = CNOT 2 17
[1446] = CNOT 2 13
[1447] = CNOT 3 12
[1448] = T 3
[1449] = CNOT 3 40
[1450] = CNOT 3 12
[1451] = CNOT 4 15
[1452] = CNOT 4 41
[1453] = T 4
[1454] = CNOT 11 13
[1455] = CNOT 11 17
[1456] = CNOT 11 38
[1457] = T 11
[1458] = CNOT 11 38
[1459] = CNOT 11 17
[1460] = CNOT 11 13
[1461] = CNOT 4 12
[1462] = T 4
[1463] = CNOT 4 41
[1464] = CNOT 4 17
[1465] = CNOT 4 15
[1466] = CNOT 4 13
[1467] = CNOT 4 12
[1468] = CNOT 3 20
[1469] = T 3
[1470] = S 3
[1471] = Z 3
[1472] = CNOT 3 20
[1473] = CNOT 3 17
[1474] = CNOT 5 10
[1475] = T 5
[1476] = S 5
[1477] = CNOT 5 10
[1478] = CNOT 13 17
[1479] = CNOT 13 20
[1480] = CNOT 13 41
[1481] = T 13
[1482] = CNOT 13 41
[1483] = CNOT 13 20
[1484] = CNOT 13 17
[1485] = CNOT 1 41
[1486] = T 1
[1487] = S 1
[1488] = CNOT 1 41
[1489] = CNOT 2 14
[1490] = T 2
[1491] = S 2
[1492] = CNOT 2 41
[1493] = T 2
[1494] = CNOT 2 41
[1495] = CNOT 2 14
[1496] = CNOT 14 41
[1497] = T 14
[1498] = S 14
[1499] = CNOT 14 41
[1500] = S 1
[1501] = S 3
[1502] = Z 3
[1503] = Z 4
[1504] = S 5
[1505] = Z 6
[1506] = S 10
[1507] = S 12
[1508] = Z 12
[1509] = S 13
[1510] = Z 13
[1511] = S 15
[1512] = Z 15
[1513] = S 16
[1514] = Z 19
[1515] = Z 20
[1516] = Z 21
[1517] = S 22
[1518] = S 23
[1519] = Z 23
[1520] = S 25
[1521] = S 26
[1522] = Z 26
[1523] = Z 27
[1524] = Z 28
[1525] = Z 29
[1526] = Z 30
[1527] = Z 32
[1528] = S 33
[1529] = Z 33
[1530] = S 34
[1531] = Z 34
[1532] = S 36
[1533] = Z 36
[1534] = S 37
[1535] = Z 37
[1536] = S 38
[1537] = Z 38
[1538] = S 39
[1539] = S 40
[1540] = Z 40
[1541] = S 41
[1542] = Z 41
[1543] = CNOT 1 2
[1544] = S 1
[1545] = CNOT 1 2
[1546] = CNOT 1 6
[1547] = S 1
[1548] = CNOT 1 6
[1549] = CNOT 1 7
[1550] = Z 1
[1551] = CNOT 1 7
[1552] = CNOT 1 10
[1553] = S 1
[1554] = Z 1
[1555] = CNOT 1 10
[1556] = CNOT 1 11
[1557] = Z 1
[1558] = CNOT 1 11
[1559] = CNOT 1 13
[1560] = S 1
[1561] = Z 1
[1562] = CNOT 1 13
[1563] = CNOT 1 14
[1564] = S 1
[1565] = Z 1
[1566] = CNOT 1 14
[1567] = CNOT 1 16
[1568] = Z 1
[1569] = CNOT 1 16
[1570] = CNOT 1 36
[1571] = S 1
[1572] = Z 1
[1573] = CNOT 1 36
[1574] = CNOT 1 37
[1575] = Z 1
[1576] = CNOT 1 37
[1577] = CNOT 1 38
[1578] = S 1
[1579] = Z 1
[1580] = CNOT 1 38
[1581] = CNOT 1 39
[1582] = Z 1
[1583] = CNOT 1 39
[1584] = CNOT 1 40
[1585] = S 1
[1586] = Z 1
[1587] = CNOT 1 40
[1588] = CNOT 1 42
[1589] = Z 1
[1590] = CNOT 1 42
[1591] = CNOT 1 43
[1592] = S 1
[1593] = CNOT 1 43
[1594] = CNOT 1 44
[1595] = S 1
[1596] = Z 1
[1597] = CNOT 1 44
[1598] = CNOT 2 10
[1599] = Z 2
[1600] = CNOT 2 10
[1601] = CNOT 2 11
[1602] = S 2
[1603] = Z 2
[1604] = CNOT 2 11
[1605] = CNOT 2 12
[1606] = Z 2
[1607] = CNOT 2 12
[1608] = CNOT 2 13
[1609] = Z 2
[1610] = CNOT 2 13
[1611] = CNOT 2 15
[1612] = Z 2
[1613] = CNOT 2 15
[1614] = CNOT 2 16
[1615] = Z 2
[1616] = CNOT 2 16
[1617] = CNOT 2 37
[1618] = Z 2
[1619] = CNOT 2 37
[1620] = CNOT 2 38
[1621] = S 2
[1622] = Z 2
[1623] = CNOT 2 38
[1624] = CNOT 2 39
[1625] = S 2
[1626] = Z 2
[1627] = CNOT 2 39
[1628] = CNOT 2 40
[1629] = Z 2
[1630] = CNOT 2 40
[1631] = CNOT 2 42
[1632] = Z 2
[1633] = CNOT 2 42
[1634] = CNOT 2 43
[1635] = Z 2
[1636] = CNOT 2 43
[1637] = CNOT 2 44
[1638] = S 2
[1639] = Z 2
[1640] = CNOT 2 44
[1641] = CNOT 3 8
[1642] = Z 3
[1643] = CNOT 3 8
[1644] = CNOT 3 10
[1645] = S 3
[1646] = Z 3
[1647] = CNOT 3 10
[1648] = CNOT 3 11
[1649] = Z 3
[1650] = CNOT 3 11
[1651] = CNOT 3 12
[1652] = Z 3
[1653] = CNOT 3 12
[1654] = CNOT 3 14
[1655] = Z 3
[1656] = CNOT 3 14
[1657] = CNOT 3 15
[1658] = S 3
[1659] = CNOT 3 15
[1660] = CNOT 3 16
[1661] = Z 3
[1662] = CNOT 3 16
[1663] = CNOT 3 17
[1664] = Z 3
[1665] = CNOT 3 17
[1666] = CNOT 3 20
[1667] = Z 3
[1668] = CNOT 3 20
[1669] = CNOT 3 21
[1670] = Z 3
[1671] = CNOT 3 21
[1672] = CNOT 3 26
[1673] = Z 3
[1674] = CNOT 3 26
[1675] = CNOT 3 38
[1676] = S 3
[1677] = Z 3
[1678] = CNOT 3 38
[1679] = CNOT 3 39
[1680] = Z 3
[1681] = CNOT 3 39
[1682] = CNOT 3 40
[1683] = Z 3
[1684] = CNOT 3 40
[1685] = CNOT 3 41
[1686] = Z 3
[1687] = CNOT 3 41
[1688] = CNOT 3 42
[1689] = Z 3
[1690] = CNOT 3 42
[1691] = CNOT 3 43
[1692] = S 3
[1693] = Z 3
[1694] = CNOT 3 43
[1695] = CNOT 3 44
[1696] = Z 3
[1697] = CNOT 3 44
[1698] = CNOT 4 10
[1699] = S 4
[1700] = Z 4
[1701] = CNOT 4 10
[1702] = CNOT 4 12
[1703] = Z 4
[1704] = CNOT 4 12
[1705] = CNOT 4 13
[1706] = Z 4
[1707] = CNOT 4 13
[1708] = CNOT 4 14
[1709] = Z 4
[1710] = CNOT 4 14
[1711] = CNOT 4 15
[1712] = S 4
[1713] = CNOT 4 15
[1714] = CNOT 4 17
[1715] = Z 4
[1716] = CNOT 4 17
[1717] = CNOT 4 39
[1718] = S 4
[1719] = Z 4
[1720] = CNOT 4 39
[1721] = CNOT 4 41
[1722] = Z 4
[1723] = CNOT 4 41
[1724] = CNOT 4 43
[1725] = Z 4
[1726] = CNOT 4 43
[1727] = CNOT 4 44
[1728] = S 4
[1729] = CNOT 4 44
[1730] = CNOT 5 8
[1731] = S 5
[1732] = CNOT 5 8
[1733] = CNOT 5 11
[1734] = S 5
[1735] = Z 5
[1736] = CNOT 5 11
[1737] = CNOT 5 13
[1738] = Z 5
[1739] = CNOT 5 13
[1740] = CNOT 5 14
[1741] = S 5
[1742] = Z 5
[1743] = CNOT 5 14
[1744] = CNOT 5 17
[1745] = S 5
[1746] = Z 5
[1747] = CNOT 5 17
[1748] = CNOT 5 21
[1749] = S 5
[1750] = Z 5
[1751] = CNOT 5 21
[1752] = CNOT 5 43
[1753] = Z 5
[1754] = CNOT 5 43
[1755] = CNOT 5 44
[1756] = S 5
[1757] = Z 5
[1758] = CNOT 5 44
[1759] = CNOT 6 8
[1760] = S 6
[1761] = CNOT 6 8
[1762] = CNOT 6 12
[1763] = S 6
[1764] = Z 6
[1765] = CNOT 6 12
[1766] = CNOT 6 13
[1767] = S 6
[1768] = CNOT 6 13
[1769] = CNOT 6 16
[1770] = S 6
[1771] = CNOT 6 16
[1772] = CNOT 6 17
[1773] = S 6
[1774] = CNOT 6 17
[1775] = CNOT 6 21
[1776] = S 6
[1777] = CNOT 6 21
[1778] = CNOT 6 22
[1779] = Z 6
[1780] = CNOT 6 22
[1781] = CNOT 6 41
[1782] = Z 6
[1783] = CNOT 6 41
[1784] = CNOT 6 43
[1785] = S 6
[1786] = Z 6
[1787] = CNOT 6 43
[1788] = CNOT 6 44
[1789] = S 6
[1790] = Z 6
[1791] = CNOT 6 44
[1792] = CNOT 7 11
[1793] = S 7
[1794] = Z 7
[1795] = CNOT 7 11
[1796] = CNOT 7 13
[1797] = S 7
[1798] = Z 7
[1799] = CNOT 7 13
[1800] = CNOT 7 14
[1801] = S 7
[1802] = Z 7
[1803] = CNOT 7 14
[1804] = CNOT 7 16
[1805] = S 7
[1806] = Z 7
[1807] = CNOT 7 16
[1808] = CNOT 7 18
[1809] = Z 7
[1810] = CNOT 7 18
[1811] = CNOT 7 19
[1812] = Z 7
[1813] = CNOT 7 19
[1814] = CNOT 7 20
[1815] = S 7
[1816] = Z 7
[1817] = CNOT 7 20
[1818] = CNOT 7 21
[1819] = S 7
[1820] = Z 7
[1821] = CNOT 7 21
[1822] = CNOT 7 22
[1823] = S 7
[1824] = Z 7
[1825] = CNOT 7 22
[1826] = CNOT 7 24
[1827] = Z 7
[1828] = CNOT 7 24
[1829] = CNOT 7 43
[1830] = S 7
[1831] = Z 7
[1832] = CNOT 7 43
[1833] = CNOT 8 10
[1834] = S 8
[1835] = Z 8
[1836] = CNOT 8 10
[1837] = CNOT 8 12
[1838] = S 8
[1839] = Z 8
[1840] = CNOT 8 12
[1841] = CNOT 8 13
[1842] = S 8
[1843] = Z 8
[1844] = CNOT 8 13
[1845] = CNOT 8 15
[1846] = Z 8
[1847] = CNOT 8 15
[1848] = CNOT 8 16
[1849] = Z 8
[1850] = CNOT 8 16
[1851] = CNOT 8 17
[1852] = S 8
[1853] = Z 8
[1854] = CNOT 8 17
[1855] = CNOT 8 18
[1856] = S 8
[1857] = Z 8
[1858] = CNOT 8 18
[1859] = CNOT 8 20
[1860] = S 8
[1861] = Z 8
[1862] = CNOT 8 20
[1863] = CNOT 8 22
[1864] = S 8
[1865] = CNOT 8 22
[1866] = CNOT 8 23
[1867] = S 8
[1868] = Z 8
[1869] = CNOT 8 23
[1870] = CNOT 8 26
[1871] = Z 8
[1872] = CNOT 8 26
[1873] = CNOT 8 43
[1874] = S 8
[1875] = Z 8
[1876] = CNOT 8 43
[1877] = CNOT 8 44
[1878] = S 8
[1879] = Z 8
[1880] = CNOT 8 44
[1881] = CNOT 9 10
[1882] = Z 9
[1883] = CNOT 9 10
[1884] = CNOT 9 11
[1885] = S 9
[1886] = Z 9
[1887] = CNOT 9 11
[1888] = CNOT 9 13
[1889] = S 9
[1890] = Z 9
[1891] = CNOT 9 13
[1892] = CNOT 9 17
[1893] = Z 9
[1894] = CNOT 9 17
[1895] = CNOT 9 19
[1896] = S 9
[1897] = Z 9
[1898] = CNOT 9 19
[1899] = CNOT 9 21
[1900] = S 9
[1901] = CNOT 9 21
[1902] = CNOT 9 24
[1903] = S 9
[1904] = Z 9
[1905] = CNOT 9 24
[1906] = CNOT 9 25
[1907] = S 9
[1908] = CNOT 9 25
[1909] = CNOT 9 26
[1910] = S 9
[1911] = CNOT 9 26
[1912] = CNOT 9 41
[1913] = S 9
[1914] = Z 9
[1915] = CNOT 9 41
[1916] = CNOT 9 44
[1917] = Z 9
[1918] = CNOT 9 44
[1919] = CNOT 10 13
[1920] = Z 10
[1921] = CNOT 10 13
[1922] = CNOT 10 15
[1923] = Z 10
[1924] = CNOT 10 15
[1925] = CNOT 10 17
[1926] = S 10
[1927] = CNOT 10 17
[1928] = CNOT 10 36
[1929] = S 10
[1930] = Z 10
[1931] = CNOT 10 36
[1932] = CNOT 10 37
[1933] = Z 10
[1934] = CNOT 10 37
[1935] = CNOT 10 38
[1936] = S 10
[1937] = Z 10
[1938] = CNOT 10 38
[1939] = CNOT 10 39
[1940] = S 10
[1941] = Z 10
[1942] = CNOT 10 39
[1943] = CNOT 10 41
[1944] = Z 10
[1945] = CNOT 10 41
[1946] = CNOT 10 43
[1947] = S 10
[1948] = Z 10
[1949] = CNOT 10 43
[1950] = CNOT 10 44
[1951] = Z 10
[1952] = CNOT 10 44
[1953] = CNOT 11 13
[1954] = S 11
[1955] = Z 11
[1956] = CNOT 11 13
[1957] = CNOT 11 17
[1958] = Z 11
[1959] = CNOT 11 17
[1960] = CNOT 11 19
[1961] = S 11
[1962] = Z 11
[1963] = CNOT 11 19
[1964] = CNOT 11 37
[1965] = Z 11
[1966] = CNOT 11 37
[1967] = CNOT 11 38
[1968] = S 11
[1969] = Z 11
[1970] = CNOT 11 38
[1971] = CNOT 11 39
[1972] = Z 11
[1973] = CNOT 11 39
[1974] = CNOT 11 43
[1975] = S 11
[1976] = Z 11
[1977] = CNOT 11 43
[1978] = CNOT 12 13
[1979] = S 12
[1980] = Z 12
[1981] = CNOT 12 13
[1982] = CNOT 12 15
[1983] = Z 12
[1984] = CNOT 12 15
[1985] = CNOT 12 17
[1986] = S 12
[1987] = Z 12
[1988] = CNOT 12 17
[1989] = CNOT 12 18
[1990] = S 12
[1991] = CNOT 12 18
[1992] = CNOT 12 19
[1993] = S 12
[1994] = Z 12
[1995] = CNOT 12 19
[1996] = CNOT 12 21
[1997] = S 12
[1998] = Z 12
[1999] = CNOT 12 21
[2000] = CNOT 12 38
[2001] = S 12
[2002] = Z 12
[2003] = CNOT 12 38
[2004] = CNOT 12 39
[2005] = S 12
[2006] = Z 12
[2007] = CNOT 12 39
[2008] = CNOT 12 40
[2009] = Z 12
[2010] = CNOT 12 40
[2011] = CNOT 12 41
[2012] = Z 12
[2013] = CNOT 12 41
[2014] = CNOT 12 43
[2015] = S 12
[2016] = CNOT 12 43
[2017] = CNOT 12 44
[2018] = S 12
[2019] = CNOT 12 44
[2020] = CNOT 13 14
[2021] = S 13
[2022] = CNOT 13 14
[2023] = CNOT 13 15
[2024] = S 13
[2025] = CNOT 13 15
[2026] = CNOT 13 22
[2027] = S 13
[2028] = CNOT 13 22
[2029] = CNOT 13 23
[2030] = Z 13
[2031] = CNOT 13 23
[2032] = CNOT 13 25
[2033] = S 13
[2034] = CNOT 13 25
[2035] = CNOT 13 38
[2036] = Z 13
[2037] = CNOT 13 38
[2038] = CNOT 13 39
[2039] = Z 13
[2040] = CNOT 13 39
[2041] = CNOT 13 40
[2042] = Z 13
[2043] = CNOT 13 40
[2044] = CNOT 13 43
[2045] = Z 13
[2046] = CNOT 13 43
[2047] = CNOT 13 44
[2048] = S 13
[2049] = CNOT 13 44
[2050] = CNOT 14 18
[2051] = Z 14
[2052] = CNOT 14 18
[2053] = CNOT 14 20
[2054] = S 14
[2055] = Z 14
[2056] = CNOT 14 20
[2057] = CNOT 14 40
[2058] = S 14
[2059] = Z 14
[2060] = CNOT 14 40
[2061] = CNOT 14 42
[2062] = Z 14
[2063] = CNOT 14 42
[2064] = CNOT 14 43
[2065] = Z 14
[2066] = CNOT 14 43
[2067] = CNOT 14 44
[2068] = S 14
[2069] = Z 14
[2070] = CNOT 14 44
[2071] = CNOT 15 17
[2072] = S 15
[2073] = Z 15
[2074] = CNOT 15 17
[2075] = CNOT 15 21
[2076] = S 15
[2077] = Z 15
[2078] = CNOT 15 21
[2079] = CNOT 15 23
[2080] = Z 15
[2081] = CNOT 15 23
[2082] = CNOT 15 36
[2083] = Z 15
[2084] = CNOT 15 36
[2085] = CNOT 15 38
[2086] = Z 15
[2087] = CNOT 15 38
[2088] = CNOT 15 42
[2089] = Z 15
[2090] = CNOT 15 42
[2091] = CNOT 15 43
[2092] = S 15
[2093] = Z 15
[2094] = CNOT 15 43
[2095] = CNOT 15 44
[2096] = S 15
[2097] = CNOT 15 44
[2098] = CNOT 16 17
[2099] = S 16
[2100] = Z 16
[2101] = CNOT 16 17
[2102] = CNOT 16 21
[2103] = S 16
[2104] = CNOT 16 21
[2105] = CNOT 16 22
[2106] = S 16
[2107] = Z 16
[2108] = CNOT 16 22
[2109] = CNOT 16 23
[2110] = S 16
[2111] = CNOT 16 23
[2112] = CNOT 16 24
[2113] = S 16
[2114] = Z 16
[2115] = CNOT 16 24
[2116] = CNOT 16 42
[2117] = Z 16
[2118] = CNOT 16 42
[2119] = CNOT 16 43
[2120] = Z 16
[2121] = CNOT 16 43
[2122] = CNOT 16 44
[2123] = Z 16
[2124] = CNOT 16 44
[2125] = CNOT 17 18
[2126] = Z 17
[2127] = CNOT 17 18
[2128] = CNOT 17 19
[2129] = Z 17
[2130] = CNOT 17 19
[2131] = CNOT 17 20
[2132] = S 17
[2133] = CNOT 17 20
[2134] = CNOT 17 21
[2135] = Z 17
[2136] = CNOT 17 21
[2137] = CNOT 17 22
[2138] = S 17
[2139] = Z 17
[2140] = CNOT 17 22
[2141] = CNOT 17 25
[2142] = S 17
[2143] = CNOT 17 25
[2144] = CNOT 17 26
[2145] = Z 17
[2146] = CNOT 17 26
[2147] = CNOT 17 37
[2148] = S 17
[2149] = Z 17
[2150] = CNOT 17 37
[2151] = CNOT 17 38
[2152] = Z 17
[2153] = CNOT 17 38
[2154] = CNOT 17 39
[2155] = S 17
[2156] = Z 17
[2157] = CNOT 17 39
[2158] = CNOT 17 40
[2159] = S 17
[2160] = Z 17
[2161] = CNOT 17 40
[2162] = CNOT 17 41
[2163] = Z 17
[2164] = CNOT 17 41
[2165] = CNOT 17 42
[2166] = S 17
[2167] = Z 17
[2168] = CNOT 17 42
[2169] = CNOT 17 43
[2170] = Z 17
[2171] = CNOT 17 43
[2172] = CNOT 18 20
[2173] = Z 18
[2174] = CNOT 18 20
[2175] = CNOT 18 24
[2176] = Z 18
[2177] = CNOT 18 24
[2178] = CNOT 18 25
[2179] = S 18
[2180] = CNOT 18 25
[2181] = CNOT 18 26
[2182] = S 18
[2183] = CNOT 18 26
[2184] = CNOT 18 41
[2185] = Z 18
[2186] = CNOT 18 41
[2187] = CNOT 19 28
[2188] = S 19
[2189] = CNOT 19 28
[2190] = CNOT 19 41
[2191] = S 19
[2192] = CNOT 19 41
[2193] = CNOT 20 29
[2194] = S 20
[2195] = CNOT 20 29
[2196] = CNOT 20 41
[2197] = S 20
[2198] = CNOT 20 41
[2199] = CNOT 21 26
[2200] = Z 21
[2201] = CNOT 21 26
[2202] = CNOT 21 30
[2203] = S 21
[2204] = CNOT 21 30
[2205] = CNOT 21 41
[2206] = Z 21
[2207] = CNOT 21 41
[2208] = CNOT 22 31
[2209] = S 22
[2210] = CNOT 22 31
[2211] = CNOT 23 32
[2212] = S 23
[2213] = CNOT 23 32
[2214] = CNOT 23 41
[2215] = Z 23
[2216] = CNOT 23 41
[2217] = CNOT 24 33
[2218] = S 24
[2219] = CNOT 24 33
[2220] = CNOT 25 34
[2221] = S 25
[2222] = CNOT 25 34
[2223] = CNOT 25 41
[2224] = S 25
[2225] = CNOT 25 41
[2226] = CNOT 26 35
[2227] = S 26
[2228] = CNOT 26 35
[2229] = CNOT 27 32
[2230] = S 27
[2231] = CNOT 27 32
[2232] = CNOT 27 44
[2233] = Z 27
[2234] = CNOT 28 32
[2235] = S 28
[2236] = CNOT 28 32
[2237] = CNOT 28 33
[2238] = Z 28
[2239] = CNOT 28 33
[2240] = CNOT 28 36
[2241] = Z 28
[2242] = CNOT 28 36
[2243] = CNOT 28 40
[2244] = S 28
[2245] = Z 28
[2246] = CNOT 29 33
[2247] = S 29
[2248] = CNOT 29 33
[2249] = CNOT 29 34
[2250] = Z 29
[2251] = CNOT 29 34
[2252] = CNOT 29 37
[2253] = Z 29
[2254] = CNOT 29 37
[2255] = CNOT 29 41
[2256] = S 29
[2257] = Z 29
[2258] = CNOT 29 41
[2259] = CNOT 30 34
[2260] = S 30
[2261] = CNOT 30 34
[2262] = CNOT 30 35
[2263] = Z 30
[2264] = CNOT 30 35
[2265] = CNOT 30 38
[2266] = Z 30
[2267] = CNOT 30 38
[2268] = CNOT 30 42
[2269] = S 30
[2270] = Z 30
[2271] = CNOT 31 35
[2272] = S 31
[2273] = CNOT 31 35
[2274] = CNOT 31 39
[2275] = S 31
[2276] = CNOT 31 39
[2277] = CNOT 31 43
[2278] = Z 31
[2279] = CNOT 32 33
[2280] = S 32
[2281] = CNOT 32 33
[2282] = CNOT 32 40
[2283] = S 32
[2284] = Z 32
[2285] = CNOT 32 40
[2286] = CNOT 32 44
[2287] = Z 32
[2288] = CNOT 32 44
[2289] = CNOT 33 34
[2290] = S 33
[2291] = CNOT 33 34
[2292] = CNOT 33 36
[2293] = Z 33
[2294] = CNOT 33 36
[2295] = CNOT 33 40
[2296] = S 33
[2297] = Z 33
[2298] = CNOT 33 40
[2299] = CNOT 33 41
[2300] = S 33
[2301] = Z 33
[2302] = CNOT 33 41
[2303] = CNOT 34 35
[2304] = S 34
[2305] = CNOT 34 35
[2306] = CNOT 34 37
[2307] = Z 34
[2308] = CNOT 34 37
[2309] = CNOT 34 41
[2310] = S 34
[2311] = Z 34
[2312] = CNOT 34 41
[2313] = CNOT 34 42
[2314] = S 34
[2315] = Z 34
[2316] = CNOT 34 42
[2317] = CNOT 35 38
[2318] = Z 35
[2319] = CNOT 35 38
[2320] = CNOT 35 42
[2321] = S 35
[2322] = Z 35
[2323] = CNOT 35 42
[2324] = CNOT 35 43
[2325] = Z 35
[2326] = CNOT 35 43
[2327] = CNOT 36 41
[2328] = Z 36
[2329] = CNOT 36 41
[2330] = CNOT 38 41
[2331] = Z 38
[2332] = CNOT 38 41
[2333] = CNOT 41 44
[2334] = S 41
[2335] = CNOT 41 44
[2336] = CNOT 1 2
[2337] = CNOT 1 39
[2338] = S 1
[2339] = Z 1
[2340] = CNOT 1 39
[2341] = CNOT 1 44
[2342] = S 1
[2343] = Z 1
[2344] = CNOT 1 44
[2345] = CNOT 1 2
[2346] = CNOT 1 6
[2347] = CNOT 1 12
[2348] = S 1
[2349] = Z 1
[2350] = CNOT 1 12
[2351] = CNOT 1 13
[2352] = Z 1
[2353] = CNOT 1 13
[2354] = CNOT 1 17
[2355] = S 1
[2356] = Z 1
[2357] = CNOT 1 17
[2358] = CNOT 1 43
[2359] = S 1
[2360] = Z 1
[2361] = CNOT 1 43
[2362] = CNOT 1 6
[2363] = CNOT 1 7
[2364] = CNOT 1 11
[2365] = S 1
[2366] = Z 1
[2367] = CNOT 1 11
[2368] = CNOT 1 16
[2369] = S 1
[2370] = Z 1
[2371] = CNOT 1 16
[2372] = CNOT 1 17
[2373] = S 1
[2374] = CNOT 1 17
[2375] = CNOT 1 22
[2376] = S 1
[2377] = Z 1
[2378] = CNOT 1 22
[2379] = CNOT 1 43
[2380] = S 1
[2381] = Z 1
[2382] = CNOT 1 43
[2383] = CNOT 1 7
[2384] = CNOT 1 10
[2385] = CNOT 1 15
[2386] = S 1
[2387] = Z 1
[2388] = CNOT 1 15
[2389] = CNOT 1 41
[2390] = S 1
[2391] = Z 1
[2392] = CNOT 1 41
[2393] = CNOT 1 10
[2394] = CNOT 1 11
[2395] = CNOT 1 17
[2396] = Z 1
[2397] = CNOT 1 17
[2398] = CNOT 1 43
[2399] = S 1
[2400] = Z 1
[2401] = CNOT 1 43
[2402] = CNOT 1 11
[2403] = CNOT 1 12
[2404] = CNOT 1 13
[2405] = S 1
[2406] = CNOT 1 13
[2407] = CNOT 1 17
[2408] = S 1
[2409] = CNOT 1 17
[2410] = CNOT 1 18
[2411] = S 1
[2412] = Z 1
[2413] = CNOT 1 18
[2414] = CNOT 1 39
[2415] = S 1
[2416] = Z 1
[2417] = CNOT 1 39
[2418] = CNOT 1 44
[2419] = Z 1
[2420] = CNOT 1 44
[2421] = CNOT 1 12
[2422] = CNOT 1 13
[2423] = CNOT 1 14
[2424] = S 1
[2425] = Z 1
[2426] = CNOT 1 14
[2427] = CNOT 1 18
[2428] = S 1
[2429] = Z 1
[2430] = CNOT 1 18
[2431] = CNOT 1 38
[2432] = S 1
[2433] = Z 1
[2434] = CNOT 1 38
[2435] = CNOT 1 40
[2436] = S 1
[2437] = Z 1
[2438] = CNOT 1 40
[2439] = CNOT 1 43
[2440] = S 1
[2441] = Z 1
[2442] = CNOT 1 43
[2443] = CNOT 1 44
[2444] = S 1
[2445] = Z 1
[2446] = CNOT 1 44
[2447] = CNOT 1 13
[2448] = CNOT 1 14
[2449] = CNOT 1 17
[2450] = S 1
[2451] = Z 1
[2452] = CNOT 1 17
[2453] = CNOT 1 14
[2454] = CNOT 1 15
[2455] = CNOT 1 36
[2456] = S 1
[2457] = Z 1
[2458] = CNOT 1 36
[2459] = CNOT 1 41
[2460] = S 1
[2461] = Z 1
[2462] = CNOT 1 41
[2463] = CNOT 1 15
[2464] = CNOT 1 16
[2465] = CNOT 1 17
[2466] = Z 1
[2467] = CNOT 1 17
[2468] = CNOT 1 22
[2469] = S 1
[2470] = Z 1
[2471] = CNOT 1 22
[2472] = CNOT 1 16
[2473] = CNOT 1 17
[2474] = CNOT 1 18
[2475] = S 1
[2476] = Z 1
[2477] = CNOT 1 18
[2478] = CNOT 1 22
[2479] = Z 1
[2480] = CNOT 1 22
[2481] = CNOT 1 38
[2482] = S 1
[2483] = Z 1
[2484] = CNOT 1 38
[2485] = CNOT 1 39
[2486] = Z 1
[2487] = CNOT 1 39
[2488] = CNOT 1 40
[2489] = S 1
[2490] = Z 1
[2491] = CNOT 1 40
[2492] = CNOT 1 43
[2493] = S 1
[2494] = Z 1
[2495] = CNOT 1 43
[2496] = CNOT 1 44
[2497] = S 1
[2498] = Z 1
[2499] = CNOT 1 44
[2500] = CNOT 1 17
[2501] = CNOT 1 36
[2502] = CNOT 1 41
[2503] = S 1
[2504] = Z 1
[2505] = CNOT 1 41
[2506] = CNOT 1 36
[2507] = CNOT 2 8
[2508] = CNOT 2 13
[2509] = Z 2
[2510] = CNOT 2 13
[2511] = CNOT 2 17
[2512] = Z 2
[2513] = CNOT 2 17
[2514] = CNOT 2 18
[2515] = S 2
[2516] = Z 2
[2517] = CNOT 2 18
[2518] = CNOT 2 19
[2519] = S 2
[2520] = Z 2
[2521] = CNOT 2 19
[2522] = CNOT 2 8
[2523] = CNOT 2 11
[2524] = CNOT 2 13
[2525] = S 2
[2526] = Z 2
[2527] = CNOT 2 13
[2528] = CNOT 2 17
[2529] = S 2
[2530] = Z 2
[2531] = CNOT 2 11
[2532] = CNOT 2 12
[2533] = S 2
[2534] = Z 2
[2535] = CNOT 2 17
[2536] = CNOT 2 44
[2537] = S 2
[2538] = Z 2
[2539] = CNOT 2 44
[2540] = CNOT 2 12
[2541] = CNOT 2 13
[2542] = CNOT 2 18
[2543] = S 2
[2544] = Z 2
[2545] = CNOT 2 18
[2546] = CNOT 2 19
[2547] = S 2
[2548] = Z 2
[2549] = CNOT 2 19
[2550] = CNOT 2 38
[2551] = S 2
[2552] = Z 2
[2553] = CNOT 2 38
[2554] = CNOT 2 13
[2555] = CNOT 2 17
[2556] = CNOT 2 18
[2557] = S 2
[2558] = Z 2
[2559] = CNOT 2 18
[2560] = CNOT 2 19
[2561] = S 2
[2562] = Z 2
[2563] = CNOT 2 19
[2564] = CNOT 2 38
[2565] = S 2
[2566] = Z 2
[2567] = CNOT 2 38
[2568] = CNOT 2 39
[2569] = S 2
[2570] = Z 2
[2571] = CNOT 2 39
[2572] = CNOT 2 17
[2573] = CNOT 3 8
[2574] = CNOT 3 9
[2575] = S 3
[2576] = Z 3
[2577] = CNOT 3 9
[2578] = CNOT 3 17
[2579] = Z 3
[2580] = CNOT 3 17
[2581] = CNOT 3 18
[2582] = S 3
[2583] = Z 3
[2584] = CNOT 3 18
[2585] = CNOT 3 21
[2586] = Z 3
[2587] = CNOT 3 21
[2588] = CNOT 3 26
[2589] = Z 3
[2590] = CNOT 3 26
[2591] = CNOT 3 8
[2592] = CNOT 3 9
[2593] = CNOT 3 11
[2594] = S 3
[2595] = Z 3
[2596] = CNOT 3 11
[2597] = CNOT 3 17
[2598] = S 3
[2599] = CNOT 3 17
[2600] = CNOT 3 18
[2601] = S 3
[2602] = Z 3
[2603] = CNOT 3 18
[2604] = CNOT 3 19
[2605] = S 3
[2606] = Z 3
[2607] = CNOT 3 19
[2608] = CNOT 3 21
[2609] = S 3
[2610] = Z 3
[2611] = CNOT 3 21
[2612] = CNOT 3 26
[2613] = S 3
[2614] = Z 3
[2615] = CNOT 3 26
[2616] = CNOT 3 9
[2617] = CNOT 3 10
[2618] = CNOT 3 15
[2619] = S 3
[2620] = Z 3
[2621] = CNOT 3 15
[2622] = CNOT 3 41
[2623] = S 3
[2624] = Z 3
[2625] = CNOT 3 41
[2626] = CNOT 3 10
[2627] = CNOT 3 11
[2628] = CNOT 3 17
[2629] = Z 3
[2630] = CNOT 3 17
[2631] = CNOT 3 19
[2632] = S 3
[2633] = Z 3
[2634] = CNOT 3 19
[2635] = CNOT 3 11
[2636] = CNOT 3 13
[2637] = CNOT 3 15
[2638] = S 3
[2639] = Z 3
[2640] = CNOT 3 15
[2641] = CNOT 3 17
[2642] = S 3
[2643] = Z 3
[2644] = CNOT 3 17
[2645] = CNOT 3 43
[2646] = S 3
[2647] = Z 3
[2648] = CNOT 3 43
[2649] = CNOT 3 13
[2650] = CNOT 3 15
[2651] = CNOT 3 38
[2652] = S 3
[2653] = Z 3
[2654] = CNOT 3 38
[2655] = CNOT 3 41
[2656] = Z 3
[2657] = CNOT 3 41
[2658] = CNOT 3 15
[2659] = CNOT 3 17
[2660] = CNOT 3 18
[2661] = Z 3
[2662] = CNOT 3 18
[2663] = CNOT 3 19
[2664] = S 3
[2665] = Z 3
[2666] = CNOT 3 19
[2667] = CNOT 3 21
[2668] = Z 3
[2669] = CNOT 3 21
[2670] = CNOT 3 26
[2671] = Z 3
[2672] = CNOT 3 26
[2673] = CNOT 3 43
[2674] = S 3
[2675] = Z 3
[2676] = CNOT 3 43
[2677] = CNOT 3 17
[2678] = CNOT 3 18
[2679] = CNOT 3 21
[2680] = S 3
[2681] = Z 3
[2682] = CNOT 3 21
[2683] = CNOT 3 26
[2684] = S 3
[2685] = Z 3
[2686] = CNOT 3 18
[2687] = CNOT 3 21
[2688] = Z 3
[2689] = CNOT 3 26
[2690] = CNOT 3 21
[2691] = CNOT 3 38
[2692] = CNOT 3 41
[2693] = S 3
[2694] = Z 3
[2695] = CNOT 3 41
[2696] = CNOT 3 38
[2697] = CNOT 4 10
[2698] = CNOT 4 13
[2699] = S 4
[2700] = Z 4
[2701] = CNOT 4 13
[2702] = CNOT 4 17
[2703] = S 4
[2704] = Z 4
[2705] = CNOT 4 17
[2706] = CNOT 4 10
[2707] = CNOT 4 12
[2708] = CNOT 4 13
[2709] = S 4
[2710] = CNOT 4 13
[2711] = CNOT 4 15
[2712] = S 4
[2713] = Z 4
[2714] = CNOT 4 15
[2715] = CNOT 4 17
[2716] = S 4
[2717] = CNOT 4 17
[2718] = CNOT 4 18
[2719] = S 4
[2720] = Z 4
[2721] = CNOT 4 18
[2722] = CNOT 4 21
[2723] = S 4
[2724] = Z 4
[2725] = CNOT 4 21
[2726] = CNOT 4 41
[2727] = S 4
[2728] = Z 4
[2729] = CNOT 4 41
[2730] = CNOT 4 44
[2731] = S 4
[2732] = Z 4
[2733] = CNOT 4 44
[2734] = CNOT 4 12
[2735] = CNOT 4 13
[2736] = CNOT 4 15
[2737] = S 4
[2738] = CNOT 4 15
[2739] = CNOT 4 16
[2740] = S 4
[2741] = Z 4
[2742] = CNOT 4 16
[2743] = CNOT 4 17
[2744] = S 4
[2745] = CNOT 4 17
[2746] = CNOT 4 18
[2747] = S 4
[2748] = Z 4
[2749] = CNOT 4 18
[2750] = CNOT 4 19
[2751] = S 4
[2752] = Z 4
[2753] = CNOT 4 19
[2754] = CNOT 4 20
[2755] = S 4
[2756] = Z 4
[2757] = CNOT 4 20
[2758] = CNOT 4 21
[2759] = S 4
[2760] = Z 4
[2761] = CNOT 4 21
[2762] = CNOT 4 39
[2763] = S 4
[2764] = Z 4
[2765] = CNOT 4 39
[2766] = CNOT 4 41
[2767] = S 4
[2768] = Z 4
[2769] = CNOT 4 41
[2770] = CNOT 4 44
[2771] = S 4
[2772] = Z 4
[2773] = CNOT 4 44
[2774] = CNOT 4 13
[2775] = CNOT 4 15
[2776] = CNOT 4 17
[2777] = Z 4
[2778] = CNOT 4 17
[2779] = CNOT 4 20
[2780] = S 4
[2781] = Z 4
[2782] = CNOT 4 20
[2783] = CNOT 4 41
[2784] = S 4
[2785] = CNOT 4 41
[2786] = CNOT 4 15
[2787] = CNOT 4 16
[2788] = CNOT 4 17
[2789] = S 4
[2790] = Z 4
[2791] = CNOT 4 17
[2792] = CNOT 4 41
[2793] = S 4
[2794] = Z 4
[2795] = CNOT 4 41
[2796] = CNOT 4 16
[2797] = CNOT 4 17
[2798] = CNOT 4 18
[2799] = S 4
[2800] = Z 4
[2801] = CNOT 4 18
[2802] = CNOT 4 19
[2803] = S 4
[2804] = Z 4
[2805] = CNOT 4 19
[2806] = CNOT 4 21
[2807] = S 4
[2808] = Z 4
[2809] = CNOT 4 21
[2810] = CNOT 4 39
[2811] = S 4
[2812] = Z 4
[2813] = CNOT 4 39
[2814] = CNOT 4 44
[2815] = S 4
[2816] = Z 4
[2817] = CNOT 4 44
[2818] = CNOT 4 17
[2819] = CNOT 4 19
[2820] = CNOT 4 41
[2821] = S 4
[2822] = Z 4
[2823] = CNOT 4 19
[2824] = CNOT 4 20
[2825] = S 4
[2826] = Z 4
[2827] = CNOT 4 20
[2828] = CNOT 4 44
[2829] = S 4
[2830] = Z 4
[2831] = CNOT 4 44
[2832] = CNOT 4 41
[2833] = CNOT 5 8
[2834] = CNOT 5 13
[2835] = S 5
[2836] = CNOT 5 13
[2837] = CNOT 5 16
[2838] = S 5
[2839] = Z 5
[2840] = CNOT 5 16
[2841] = CNOT 5 17
[2842] = S 5
[2843] = CNOT 5 17
[2844] = CNOT 5 18
[2845] = S 5
[2846] = Z 5
[2847] = CNOT 5 18
[2848] = CNOT 5 20
[2849] = S 5
[2850] = Z 5
[2851] = CNOT 5 20
[2852] = CNOT 5 22
[2853] = S 5
[2854] = Z 5
[2855] = CNOT 5 22
[2856] = CNOT 5 8
[2857] = CNOT 5 11
[2858] = CNOT 5 13
[2859] = S 5
[2860] = Z 5
[2861] = CNOT 5 13
[2862] = CNOT 5 17
[2863] = S 5
[2864] = Z 5
[2865] = CNOT 5 17
[2866] = CNOT 5 11
[2867] = CNOT 5 12
[2868] = CNOT 5 13
[2869] = Z 5
[2870] = CNOT 5 13
[2871] = CNOT 5 17
[2872] = S 5
[2873] = Z 5
[2874] = CNOT 5 17
[2875] = CNOT 5 21
[2876] = S 5
[2877] = Z 5
[2878] = CNOT 5 21
[2879] = CNOT 5 12
[2880] = CNOT 5 13
[2881] = CNOT 5 14
[2882] = S 5
[2883] = Z 5
[2884] = CNOT 5 14
[2885] = CNOT 5 15
[2886] = S 5
[2887] = Z 5
[2888] = CNOT 5 15
[2889] = CNOT 5 16
[2890] = S 5
[2891] = Z 5
[2892] = CNOT 5 16
[2893] = CNOT 5 18
[2894] = S 5
[2895] = Z 5
[2896] = CNOT 5 18
[2897] = CNOT 5 19
[2898] = S 5
[2899] = Z 5
[2900] = CNOT 5 19
[2901] = CNOT 5 20
[2902] = S 5
[2903] = Z 5
[2904] = CNOT 5 20
[2905] = CNOT 5 21
[2906] = S 5
[2907] = Z 5
[2908] = CNOT 5 21
[2909] = CNOT 5 22
[2910] = S 5
[2911] = Z 5
[2912] = CNOT 5 22
[2913] = CNOT 5 41
[2914] = Z 5
[2915] = CNOT 5 41
[2916] = CNOT 5 44
[2917] = S 5
[2918] = Z 5
[2919] = CNOT 5 44
[2920] = CNOT 5 13
[2921] = CNOT 5 14
[2922] = CNOT 5 17
[2923] = S 5
[2924] = Z 5
[2925] = CNOT 5 14
[2926] = CNOT 5 15
[2927] = S 5
[2928] = Z 5
[2929] = CNOT 5 17
[2930] = CNOT 5 41
[2931] = S 5
[2932] = Z 5
[2933] = CNOT 5 41
[2934] = CNOT 5 15
[2935] = CNOT 5 16
[2936] = CNOT 5 17
[2937] = S 5
[2938] = Z 5
[2939] = CNOT 5 16
[2940] = CNOT 5 18
[2941] = S 5
[2942] = Z 5
[2943] = CNOT 5 18
[2944] = CNOT 5 19
[2945] = S 5
[2946] = Z 5
[2947] = CNOT 5 19
[2948] = CNOT 5 20
[2949] = S 5
[2950] = Z 5
[2951] = CNOT 5 20
[2952] = CNOT 5 22
[2953] = S 5
[2954] = Z 5
[2955] = CNOT 5 22
[2956] = CNOT 5 41
[2957] = Z 5
[2958] = CNOT 5 41
[2959] = CNOT 5 44
[2960] = S 5
[2961] = Z 5
[2962] = CNOT 5 44
[2963] = CNOT 5 17
[2964] = CNOT 5 19
[2965] = CNOT 5 41
[2966] = S 5
[2967] = Z 5
[2968] = CNOT 5 41
[2969] = CNOT 5 19
[2970] = CNOT 6 8
[2971] = CNOT 6 13
[2972] = Z 6
[2973] = CNOT 6 13
[2974] = CNOT 6 16
[2975] = S 6
[2976] = Z 6
[2977] = CNOT 6 16
[2978] = CNOT 6 17
[2979] = Z 6
[2980] = CNOT 6 17
[2981] = CNOT 6 21
[2982] = S 6
[2983] = Z 6
[2984] = CNOT 6 21
[2985] = CNOT 6 41
[2986] = S 6
[2987] = CNOT 6 41
[2988] = CNOT 6 44
[2989] = S 6
[2990] = Z 6
[2991] = CNOT 6 44
[2992] = CNOT 6 8
[2993] = CNOT 6 10
[2994] = CNOT 6 13
[2995] = S 6
[2996] = Z 6
[2997] = CNOT 6 13
[2998] = CNOT 6 17
[2999] = S 6
[3000] = Z 6
[3001] = CNOT 6 17
[3002] = CNOT 6 20
[3003] = S 6
[3004] = Z 6
[3005] = CNOT 6 20
[3006] = CNOT 6 10
[3007] = CNOT 6 12
[3008] = CNOT 6 13
[3009] = S 6
[3010] = Z 6
[3011] = CNOT 6 12
[3012] = CNOT 6 15
[3013] = S 6
[3014] = Z 6
[3015] = CNOT 6 15
[3016] = CNOT 6 16
[3017] = S 6
[3018] = Z 6
[3019] = CNOT 6 16
[3020] = CNOT 6 17
[3021] = Z 6
[3022] = CNOT 6 17
[3023] = CNOT 6 18
[3024] = S 6
[3025] = Z 6
[3026] = CNOT 6 18
[3027] = CNOT 6 20
[3028] = Z 6
[3029] = CNOT 6 20
[3030] = CNOT 6 21
[3031] = S 6
[3032] = Z 6
[3033] = CNOT 6 21
[3034] = CNOT 6 23
[3035] = S 6
[3036] = Z 6
[3037] = CNOT 6 23
[3038] = CNOT 6 41
[3039] = S 6
[3040] = Z 6
[3041] = CNOT 6 41
[3042] = CNOT 6 43
[3043] = S 6
[3044] = Z 6
[3045] = CNOT 6 43
[3046] = CNOT 6 13
[3047] = CNOT 6 15
[3048] = CNOT 6 17
[3049] = S 6
[3050] = Z 6
[3051] = CNOT 6 17
[3052] = CNOT 6 41
[3053] = S 6
[3054] = Z 6
[3055] = CNOT 6 41
[3056] = CNOT 6 15
[3057] = CNOT 6 16
[3058] = CNOT 6 17
[3059] = S 6
[3060] = Z 6
[3061] = CNOT 6 17
[3062] = CNOT 6 41
[3063] = S 6
[3064] = Z 6
[3065] = CNOT 6 41
[3066] = CNOT 6 16
[3067] = CNOT 6 17
[3068] = CNOT 6 18
[3069] = S 6
[3070] = Z 6
[3071] = CNOT 6 18
[3072] = CNOT 6 20
[3073] = Z 6
[3074] = CNOT 6 20
[3075] = CNOT 6 21
[3076] = S 6
[3077] = Z 6
[3078] = CNOT 6 21
[3079] = CNOT 6 23
[3080] = S 6
[3081] = Z 6
[3082] = CNOT 6 23
[3083] = CNOT 6 41
[3084] = S 6
[3085] = Z 6
[3086] = CNOT 6 17
[3087] = CNOT 6 18
[3088] = S 6
[3089] = Z 6
[3090] = CNOT 6 18
[3091] = CNOT 6 20
[3092] = S 6
[3093] = Z 6
[3094] = CNOT 6 20
[3095] = CNOT 6 21
[3096] = S 6
[3097] = Z 6
[3098] = CNOT 6 21
[3099] = CNOT 6 23
[3100] = S 6
[3101] = Z 6
[3102] = CNOT 6 23
[3103] = CNOT 6 44
[3104] = S 6
[3105] = Z 6
[3106] = CNOT 6 44
[3107] = CNOT 6 41
[3108] = CNOT 7 11
[3109] = CNOT 7 17
[3110] = S 7
[3111] = Z 7
[3112] = CNOT 7 17
[3113] = CNOT 7 11
[3114] = CNOT 7 12
[3115] = CNOT 7 13
[3116] = S 7
[3117] = Z 7
[3118] = CNOT 7 13
[3119] = CNOT 7 15
[3120] = S 7
[3121] = Z 7
[3122] = CNOT 7 15
[3123] = CNOT 7 17
[3124] = S 7
[3125] = Z 7
[3126] = CNOT 7 17
[3127] = CNOT 7 12
[3128] = CNOT 7 13
[3129] = CNOT 7 15
[3130] = Z 7
[3131] = CNOT 7 15
[3132] = CNOT 7 17
[3133] = S 7
[3134] = CNOT 7 17
[3135] = CNOT 7 21
[3136] = S 7
[3137] = Z 7
[3138] = CNOT 7 21
[3139] = CNOT 7 44
[3140] = S 7
[3141] = Z 7
[3142] = CNOT 7 44
[3143] = CNOT 7 13
[3144] = CNOT 7 14
[3145] = CNOT 7 17
[3146] = S 7
[3147] = Z 7
[3148] = CNOT 7 17
[3149] = CNOT 7 18
[3150] = S 7
[3151] = Z 7
[3152] = CNOT 7 18
[3153] = CNOT 7 14
[3154] = CNOT 7 15
[3155] = CNOT 7 17
[3156] = Z 7
[3157] = CNOT 7 17
[3158] = CNOT 7 44
[3159] = S 7
[3160] = Z 7
[3161] = CNOT 7 44
[3162] = CNOT 7 15
[3163] = CNOT 7 16
[3164] = CNOT 7 17
[3165] = S 7
[3166] = Z 7
[3167] = CNOT 7 16
[3168] = CNOT 7 18
[3169] = Z 7
[3170] = CNOT 7 18
[3171] = CNOT 7 20
[3172] = S 7
[3173] = Z 7
[3174] = CNOT 7 20
[3175] = CNOT 7 21
[3176] = S 7
[3177] = Z 7
[3178] = CNOT 7 21
[3179] = CNOT 7 22
[3180] = S 7
[3181] = Z 7
[3182] = CNOT 7 22
[3183] = CNOT 7 43
[3184] = S 7
[3185] = Z 7
[3186] = CNOT 7 43
[3187] = CNOT 7 44
[3188] = S 7
[3189] = Z 7
[3190] = CNOT 7 44
[3191] = CNOT 7 17
[3192] = CNOT 7 18
[3193] = CNOT 7 20
[3194] = S 7
[3195] = Z 7
[3196] = CNOT 7 20
[3197] = CNOT 7 18
[3198] = CNOT 8 9
[3199] = CNOT 8 14
[3200] = S 8
[3201] = Z 8
[3202] = CNOT 8 14
[3203] = CNOT 8 15
[3204] = S 8
[3205] = Z 8
[3206] = CNOT 8 15
[3207] = CNOT 8 16
[3208] = S 8
[3209] = Z 8
[3210] = CNOT 8 16
[3211] = CNOT 8 17
[3212] = S 8
[3213] = Z 8
[3214] = CNOT 8 17
[3215] = CNOT 8 18
[3216] = S 8
[3217] = Z 8
[3218] = CNOT 8 18
[3219] = CNOT 8 21
[3220] = Z 8
[3221] = CNOT 8 21
[3222] = CNOT 8 22
[3223] = S 8
[3224] = Z 8
[3225] = CNOT 8 22
[3226] = CNOT 8 23
[3227] = S 8
[3228] = Z 8
[3229] = CNOT 8 23
[3230] = CNOT 8 24
[3231] = S 8
[3232] = Z 8
[3233] = CNOT 8 24
[3234] = CNOT 8 25
[3235] = S 8
[3236] = Z 8
[3237] = CNOT 8 25
[3238] = CNOT 8 26
[3239] = S 8
[3240] = Z 8
[3241] = CNOT 8 26
[3242] = CNOT 8 41
[3243] = Z 8
[3244] = CNOT 8 41
[3245] = CNOT 8 9
[3246] = CNOT 8 10
[3247] = CNOT 8 13
[3248] = S 8
[3249] = Z 8
[3250] = CNOT 8 13
[3251] = CNOT 8 17
[3252] = S 8
[3253] = Z 8
[3254] = CNOT 8 17
[3255] = CNOT 8 10
[3256] = CNOT 8 11
[3257] = CNOT 8 13
[3258] = S 8
[3259] = Z 8
[3260] = CNOT 8 13
[3261] = CNOT 8 17
[3262] = S 8
[3263] = Z 8
[3264] = CNOT 8 17
[3265] = CNOT 8 41
[3266] = S 8
[3267] = Z 8
[3268] = CNOT 8 41
[3269] = CNOT 8 11
[3270] = CNOT 8 12
[3271] = CNOT 8 13
[3272] = S 8
[3273] = Z 8
[3274] = CNOT 8 13
[3275] = CNOT 8 17
[3276] = S 8
[3277] = Z 8
[3278] = CNOT 8 17
[3279] = CNOT 8 12
[3280] = CNOT 8 13
[3281] = CNOT 8 14
[3282] = Z 8
[3283] = CNOT 8 14
[3284] = CNOT 8 15
[3285] = S 8
[3286] = Z 8
[3287] = CNOT 8 15
[3288] = CNOT 8 17
[3289] = S 8
[3290] = CNOT 8 17
[3291] = CNOT 8 19
[3292] = Z 8
[3293] = CNOT 8 19
[3294] = CNOT 8 20
[3295] = S 8
[3296] = Z 8
[3297] = CNOT 8 20
[3298] = CNOT 8 21
[3299] = S 8
[3300] = CNOT 8 21
[3301] = CNOT 8 22
[3302] = S 8
[3303] = CNOT 8 22
[3304] = CNOT 8 23
[3305] = S 8
[3306] = Z 8
[3307] = CNOT 8 23
[3308] = CNOT 8 25
[3309] = Z 8
[3310] = CNOT 8 25
[3311] = CNOT 8 43
[3312] = S 8
[3313] = Z 8
[3314] = CNOT 8 43
[3315] = CNOT 8 44
[3316] = S 8
[3317] = Z 8
[3318] = CNOT 8 44
[3319] = CNOT 8 13
[3320] = CNOT 8 14
[3321] = CNOT 8 17
[3322] = Z 8
[3323] = CNOT 8 17
[3324] = CNOT 8 22
[3325] = S 8
[3326] = Z 8
[3327] = CNOT 8 22
[3328] = CNOT 8 14
[3329] = CNOT 8 15
[3330] = CNOT 8 17
[3331] = S 8
[3332] = Z 8
[3333] = CNOT 8 15
[3334] = CNOT 8 16
[3335] = S 8
[3336] = Z 8
[3337] = CNOT 8 17
[3338] = CNOT 8 20
[3339] = S 8
[3340] = Z 8
[3341] = CNOT 8 20
[3342] = CNOT 8 21
[3343] = S 8
[3344] = Z 8
[3345] = CNOT 8 21
[3346] = CNOT 8 24
[3347] = S 8
[3348] = Z 8
[3349] = CNOT 8 24
[3350] = CNOT 8 41
[3351] = Z 8
[3352] = CNOT 8 41
[3353] = CNOT 8 16
[3354] = CNOT 8 17
[3355] = CNOT 8 18
[3356] = S 8
[3357] = Z 8
[3358] = CNOT 8 18
[3359] = CNOT 8 19
[3360] = Z 8
[3361] = CNOT 8 19
[3362] = CNOT 8 21
[3363] = S 8
[3364] = Z 8
[3365] = CNOT 8 21
[3366] = CNOT 8 22
[3367] = S 8
[3368] = CNOT 8 22
[3369] = CNOT 8 23
[3370] = S 8
[3371] = Z 8
[3372] = CNOT 8 23
[3373] = CNOT 8 24
[3374] = S 8
[3375] = Z 8
[3376] = CNOT 8 24
[3377] = CNOT 8 25
[3378] = S 8
[3379] = Z 8
[3380] = CNOT 8 25
[3381] = CNOT 8 26
[3382] = Z 8
[3383] = CNOT 8 26
[3384] = CNOT 8 41
[3385] = S 8
[3386] = CNOT 8 41
[3387] = CNOT 8 43
[3388] = S 8
[3389] = Z 8
[3390] = CNOT 8 43
[3391] = CNOT 8 44
[3392] = S 8
[3393] = Z 8
[3394] = CNOT 8 44
[3395] = CNOT 8 17
[3396] = CNOT 8 18
[3397] = CNOT 8 19
[3398] = S 8
[3399] = Z 8
[3400] = CNOT 8 19
[3401] = CNOT 8 21
[3402] = S 8
[3403] = Z 8
[3404] = CNOT 8 21
[3405] = CNOT 8 22
[3406] = S 8
[3407] = Z 8
[3408] = CNOT 8 22
[3409] = CNOT 8 26
[3410] = S 8
[3411] = Z 8
[3412] = CNOT 8 26
[3413] = CNOT 8 41
[3414] = S 8
[3415] = Z 8
[3416] = CNOT 8 41
[3417] = CNOT 8 18
[3418] = CNOT 8 21
[3419] = CNOT 8 26
[3420] = Z 8
[3421] = CNOT 8 26
[3422] = CNOT 8 41
[3423] = Z 8
[3424] = CNOT 8 21
[3425] = CNOT 8 23
[3426] = S 8
[3427] = Z 8
[3428] = CNOT 8 23
[3429] = CNOT 8 25
[3430] = Z 8
[3431] = CNOT 8 25
[3432] = CNOT 8 44
[3433] = Z 8
[3434] = CNOT 8 44
[3435] = CNOT 8 41
[3436] = CNOT 9 11
[3437] = CNOT 9 17
[3438] = S 9
[3439] = Z 9
[3440] = CNOT 9 17
[3441] = CNOT 9 11
[3442] = CNOT 9 12
[3443] = CNOT 9 13
[3444] = S 9
[3445] = Z 9
[3446] = CNOT 9 13
[3447] = CNOT 9 17
[3448] = S 9
[3449] = Z 9
[3450] = CNOT 9 17
[3451] = CNOT 9 41
[3452] = S 9
[3453] = Z 9
[3454] = CNOT 9 41
[3455] = CNOT 9 12
[3456] = CNOT 9 13
[3457] = CNOT 9 14
[3458] = Z 9
[3459] = CNOT 9 14
[3460] = CNOT 9 15
[3461] = S 9
[3462] = Z 9
[3463] = CNOT 9 15
[3464] = CNOT 9 16
[3465] = S 9
[3466] = Z 9
[3467] = CNOT 9 16
[3468] = CNOT 9 18
[3469] = S 9
[3470] = Z 9
[3471] = CNOT 9 18
[3472] = CNOT 9 20
[3473] = S 9
[3474] = Z 9
[3475] = CNOT 9 20
[3476] = CNOT 9 21
[3477] = S 9
[3478] = Z 9
[3479] = CNOT 9 21
[3480] = CNOT 9 22
[3481] = Z 9
[3482] = CNOT 9 22
[3483] = CNOT 9 23
[3484] = S 9
[3485] = Z 9
[3486] = CNOT 9 23
[3487] = CNOT 9 25
[3488] = Z 9
[3489] = CNOT 9 25
[3490] = CNOT 9 41
[3491] = S 9
[3492] = Z 9
[3493] = CNOT 9 41
[3494] = CNOT 9 13
[3495] = CNOT 9 14
[3496] = CNOT 9 17
[3497] = Z 9
[3498] = CNOT 9 17
[3499] = CNOT 9 21
[3500] = S 9
[3501] = Z 9
[3502] = CNOT 9 21
[3503] = CNOT 9 14
[3504] = CNOT 9 15
[3505] = CNOT 9 17
[3506] = S 9
[3507] = Z 9
[3508] = CNOT 9 17
[3509] = CNOT 9 22
[3510] = S 9
[3511] = Z 9
[3512] = CNOT 9 22
[3513] = CNOT 9 15
[3514] = CNOT 9 16
[3515] = CNOT 9 23
[3516] = S 9
[3517] = Z 9
[3518] = CNOT 9 23
[3519] = CNOT 9 41
[3520] = S 9
[3521] = Z 9
[3522] = CNOT 9 41
[3523] = CNOT 9 16
[3524] = CNOT 9 17
[3525] = CNOT 9 19
[3526] = S 9
[3527] = Z 9
[3528] = CNOT 9 19
[3529] = CNOT 9 20
[3530] = S 9
[3531] = Z 9
[3532] = CNOT 9 20
[3533] = CNOT 9 21
[3534] = S 9
[3535] = CNOT 9 21
[3536] = CNOT 9 22
[3537] = Z 9
[3538] = CNOT 9 22
[3539] = CNOT 9 23
[3540] = S 9
[3541] = Z 9
[3542] = CNOT 9 23
[3543] = CNOT 9 24
[3544] = S 9
[3545] = Z 9
[3546] = CNOT 9 24
[3547] = CNOT 9 25
[3548] = S 9
[3549] = Z 9
[3550] = CNOT 9 25
[3551] = CNOT 9 26
[3552] = S 9
[3553] = Z 9
[3554] = CNOT 9 26
[3555] = CNOT 9 17
[3556] = CNOT 9 18
[3557] = CNOT 9 21
[3558] = S 9
[3559] = Z 9
[3560] = CNOT 9 21
[3561] = CNOT 9 25
[3562] = S 9
[3563] = Z 9
[3564] = CNOT 9 25
[3565] = CNOT 9 41
[3566] = S 9
[3567] = Z 9
[3568] = CNOT 9 18
[3569] = CNOT 9 20
[3570] = S 9
[3571] = Z 9
[3572] = CNOT 9 41
[3573] = CNOT 9 20
[3574] = CNOT 9 21
[3575] = CNOT 9 26
[3576] = S 9
[3577] = Z 9
[3578] = CNOT 9 26
[3579] = CNOT 9 21
[3580] = CNOT 9 23
[3581] = CNOT 9 41
[3582] = S 9
[3583] = Z 9
[3584] = CNOT 9 23
[3585] = CNOT 9 25
[3586] = Z 9
[3587] = CNOT 9 41
[3588] = CNOT 9 25
[3589] = CNOT 10 13
[3590] = CNOT 10 17
[3591] = S 10
[3592] = Z 10
[3593] = CNOT 10 17
[3594] = CNOT 10 20
[3595] = Z 10
[3596] = CNOT 10 20
[3597] = CNOT 10 39
[3598] = S 10
[3599] = Z 10
[3600] = CNOT 10 39
[3601] = CNOT 10 41
[3602] = S 10
[3603] = Z 10
[3604] = CNOT 10 41
[3605] = CNOT 10 43
[3606] = S 10
[3607] = Z 10
[3608] = CNOT 10 43
[3609] = CNOT 10 13
[3610] = CNOT 10 15
[3611] = CNOT 10 36
[3612] = S 10
[3613] = Z 10
[3614] = CNOT 10 36
[3615] = CNOT 10 38
[3616] = S 10
[3617] = Z 10
[3618] = CNOT 10 38
[3619] = CNOT 10 41
[3620] = S 10
[3621] = CNOT 10 41
[3622] = CNOT 10 15
[3623] = CNOT 10 17
[3624] = CNOT 10 20
[3625] = Z 10
[3626] = CNOT 10 20
[3627] = CNOT 10 39
[3628] = S 10
[3629] = Z 10
[3630] = CNOT 10 39
[3631] = CNOT 10 41
[3632] = S 10
[3633] = Z 10
[3634] = CNOT 10 41
[3635] = CNOT 10 43
[3636] = S 10
[3637] = Z 10
[3638] = CNOT 10 43
[3639] = CNOT 10 17
[3640] = CNOT 10 20
[3641] = CNOT 10 41
[3642] = S 10
[3643] = Z 10
[3644] = CNOT 10 20
[3645] = CNOT 10 36
[3646] = S 10
[3647] = Z 10
[3648] = CNOT 10 36
[3649] = CNOT 10 38
[3650] = S 10
[3651] = Z 10
[3652] = CNOT 10 41
[3653] = CNOT 10 38
[3654] = CNOT 11 13
[3655] = CNOT 11 38
[3656] = S 11
[3657] = Z 11
[3658] = CNOT 11 38
[3659] = CNOT 11 41
[3660] = Z 11
[3661] = CNOT 11 41
[3662] = CNOT 11 44
[3663] = S 11
[3664] = Z 11
[3665] = CNOT 11 44
[3666] = CNOT 11 13
[3667] = CNOT 11 17
[3668] = CNOT 11 19
[3669] = S 11
[3670] = Z 11
[3671] = CNOT 11 19
[3672] = CNOT 11 38
[3673] = S 11
[3674] = Z 11
[3675] = CNOT 11 38
[3676] = CNOT 11 41
[3677] = Z 11
[3678] = CNOT 11 41
[3679] = CNOT 11 43
[3680] = S 11
[3681] = Z 11
[3682] = CNOT 11 43
[3683] = CNOT 11 44
[3684] = S 11
[3685] = Z 11
[3686] = CNOT 11 17
[3687] = CNOT 11 41
[3688] = S 11
[3689] = Z 11
[3690] = CNOT 11 44
[3691] = CNOT 11 41
[3692] = CNOT 12 13
[3693] = CNOT 12 15
[3694] = Z 12
[3695] = CNOT 12 15
[3696] = CNOT 12 17
[3697] = S 12
[3698] = CNOT 12 17
[3699] = CNOT 12 18
[3700] = S 12
[3701] = CNOT 12 18
[3702] = CNOT 12 19
[3703] = S 12
[3704] = Z 12
[3705] = CNOT 12 19
[3706] = CNOT 12 20
[3707] = S 12
[3708] = Z 12
[3709] = CNOT 12 20
[3710] = CNOT 12 38
[3711] = S 12
[3712] = Z 12
[3713] = CNOT 12 38
[3714] = CNOT 12 41
[3715] = S 12
[3716] = CNOT 12 41
[3717] = CNOT 12 43
[3718] = S 12
[3719] = Z 12
[3720] = CNOT 12 43
[3721] = CNOT 12 44
[3722] = S 12
[3723] = CNOT 12 44
[3724] = CNOT 12 13
[3725] = CNOT 12 15
[3726] = CNOT 12 17
[3727] = Z 12
[3728] = CNOT 12 17
[3729] = CNOT 12 41
[3730] = S 12
[3731] = Z 12
[3732] = CNOT 12 41
[3733] = CNOT 12 44
[3734] = S 12
[3735] = Z 12
[3736] = CNOT 12 44
[3737] = CNOT 12 15
[3738] = CNOT 12 17
[3739] = CNOT 12 18
[3740] = S 12
[3741] = CNOT 12 18
[3742] = CNOT 12 19
[3743] = S 12
[3744] = Z 12
[3745] = CNOT 12 19
[3746] = CNOT 12 20
[3747] = S 12
[3748] = Z 12
[3749] = CNOT 12 20
[3750] = CNOT 12 21
[3751] = Z 12
[3752] = CNOT 12 21
[3753] = CNOT 12 38
[3754] = S 12
[3755] = Z 12
[3756] = CNOT 12 38
[3757] = CNOT 12 39
[3758] = S 12
[3759] = Z 12
[3760] = CNOT 12 39
[3761] = CNOT 12 41
[3762] = S 12
[3763] = CNOT 12 41
[3764] = CNOT 12 44
[3765] = S 12
[3766] = CNOT 12 44
[3767] = CNOT 12 17
[3768] = CNOT 12 18
[3769] = CNOT 12 21
[3770] = S 12
[3771] = Z 12
[3772] = CNOT 12 21
[3773] = CNOT 12 44
[3774] = S 12
[3775] = Z 12
[3776] = CNOT 12 44
[3777] = CNOT 12 18
[3778] = CNOT 12 20
[3779] = CNOT 12 41
[3780] = S 12
[3781] = Z 12
[3782] = CNOT 12 20
[3783] = CNOT 12 44
[3784] = S 12
[3785] = Z 12
[3786] = CNOT 12 44
[3787] = CNOT 12 41
[3788] = CNOT 13 14
[3789] = CNOT 13 17
[3790] = Z 13
[3791] = CNOT 13 17
[3792] = CNOT 13 21
[3793] = S 13
[3794] = Z 13
[3795] = CNOT 13 21
[3796] = CNOT 13 22
[3797] = S 13
[3798] = Z 13
[3799] = CNOT 13 22
[3800] = CNOT 13 40
[3801] = S 13
[3802] = Z 13
[3803] = CNOT 13 40
[3804] = CNOT 13 44
[3805] = S 13
[3806] = Z 13
[3807] = CNOT 13 44
[3808] = CNOT 13 14
[3809] = CNOT 13 15
[3810] = CNOT 13 17
[3811] = Z 13
[3812] = CNOT 13 17
[3813] = CNOT 13 19
[3814] = S 13
[3815] = Z 13
[3816] = CNOT 13 19
[3817] = CNOT 13 20
[3818] = Z 13
[3819] = CNOT 13 20
[3820] = CNOT 13 21
[3821] = S 13
[3822] = Z 13
[3823] = CNOT 13 21
[3824] = CNOT 13 22
[3825] = S 13
[3826] = Z 13
[3827] = CNOT 13 22
[3828] = CNOT 13 41
[3829] = S 13
[3830] = CNOT 13 41
[3831] = CNOT 13 43
[3832] = S 13
[3833] = Z 13
[3834] = CNOT 13 43
[3835] = CNOT 13 44
[3836] = Z 13
[3837] = CNOT 13 44
[3838] = CNOT 13 15
[3839] = CNOT 13 16
[3840] = CNOT 13 17
[3841] = Z 13
[3842] = CNOT 13 17
[3843] = CNOT 13 19
[3844] = S 13
[3845] = Z 13
[3846] = CNOT 13 19
[3847] = CNOT 13 20
[3848] = S 13
[3849] = Z 13
[3850] = CNOT 13 20
[3851] = CNOT 13 21
[3852] = S 13
[3853] = Z 13
[3854] = CNOT 13 21
[3855] = CNOT 13 23
[3856] = S 13
[3857] = Z 13
[3858] = CNOT 13 23
[3859] = CNOT 13 16
[3860] = CNOT 13 17
[3861] = CNOT 13 18
[3862] = S 13
[3863] = Z 13
[3864] = CNOT 13 18
[3865] = CNOT 13 19
[3866] = Z 13
[3867] = CNOT 13 19
[3868] = CNOT 13 20
[3869] = S 13
[3870] = CNOT 13 20
[3871] = CNOT 13 21
[3872] = S 13
[3873] = CNOT 13 21
[3874] = CNOT 13 23
[3875] = S 13
[3876] = CNOT 13 23
[3877] = CNOT 13 25
[3878] = Z 13
[3879] = CNOT 13 25
[3880] = CNOT 13 38
[3881] = S 13
[3882] = CNOT 13 38
[3883] = CNOT 13 39
[3884] = Z 13
[3885] = CNOT 13 39
[3886] = CNOT 13 40
[3887] = Z 13
[3888] = CNOT 13 40
[3889] = CNOT 13 41
[3890] = Z 13
[3891] = CNOT 13 41
[3892] = CNOT 13 43
[3893] = S 13
[3894] = CNOT 13 43
[3895] = CNOT 13 44
[3896] = Z 13
[3897] = CNOT 13 44
[3898] = CNOT 13 17
[3899] = CNOT 13 18
[3900] = CNOT 13 19
[3901] = S 13
[3902] = Z 13
[3903] = CNOT 13 19
[3904] = CNOT 13 21
[3905] = S 13
[3906] = Z 13
[3907] = CNOT 13 21
[3908] = CNOT 13 22
[3909] = S 13
[3910] = Z 13
[3911] = CNOT 13 22
[3912] = CNOT 13 23
[3913] = S 13
[3914] = Z 13
[3915] = CNOT 13 23
[3916] = CNOT 13 25
[3917] = S 13
[3918] = Z 13
[3919] = CNOT 13 25
[3920] = CNOT 13 41
[3921] = S 13
[3922] = CNOT 13 41
[3923] = CNOT 13 44
[3924] = S 13
[3925] = Z 13
[3926] = CNOT 13 44
[3927] = CNOT 13 18
[3928] = CNOT 13 19
[3929] = CNOT 13 41
[3930] = S 13
[3931] = CNOT 13 19
[3932] = CNOT 13 20
[3933] = S 13
[3934] = Z 13
[3935] = CNOT 13 20
[3936] = CNOT 13 21
[3937] = Z 13
[3938] = CNOT 13 21
[3939] = CNOT 13 23
[3940] = S 13
[3941] = CNOT 13 23
[3942] = CNOT 13 25
[3943] = S 13
[3944] = CNOT 13 25
[3945] = CNOT 13 44
[3946] = S 13
[3947] = CNOT 13 44
[3948] = CNOT 13 41
[3949] = CNOT 14 17
[3950] = CNOT 14 20
[3951] = S 14
[3952] = Z 14
[3953] = CNOT 14 20
[3954] = CNOT 14 21
[3955] = S 14
[3956] = Z 14
[3957] = CNOT 14 21
[3958] = CNOT 14 22
[3959] = S 14
[3960] = Z 14
[3961] = CNOT 14 22
[3962] = CNOT 14 40
[3963] = S 14
[3964] = Z 14
[3965] = CNOT 14 40
[3966] = CNOT 14 44
[3967] = S 14
[3968] = Z 14
[3969] = CNOT 14 44
[3970] = CNOT 14 17
[3971] = CNOT 14 18
[3972] = CNOT 14 20
[3973] = S 14
[3974] = Z 14
[3975] = CNOT 14 20
[3976] = CNOT 14 18
[3977] = CNOT 15 17
[3978] = CNOT 15 19
[3979] = S 15
[3980] = Z 15
[3981] = CNOT 15 19
[3982] = CNOT 15 20
[3983] = S 15
[3984] = Z 15
[3985] = CNOT 15 20
[3986] = CNOT 15 21
[3987] = S 15
[3988] = Z 15
[3989] = CNOT 15 21
[3990] = CNOT 15 22
[3991] = S 15
[3992] = Z 15
[3993] = CNOT 15 22
[3994] = CNOT 15 41
[3995] = S 15
[3996] = Z 15
[3997] = CNOT 15 41
[3998] = CNOT 15 43
[3999] = S 15
[4000] = Z 15
[4001] = CNOT 15 43
[4002] = CNOT 15 44
[4003] = Z 15
[4004] = CNOT 15 44
[4005] = CNOT 15 17
[4006] = CNOT 15 19
[4007] = CNOT 15 41
[4008] = S 15
[4009] = Z 15
[4010] = CNOT 15 19
[4011] = CNOT 15 20
[4012] = Z 15
[4013] = CNOT 15 20
[4014] = CNOT 15 44
[4015] = S 15
[4016] = Z 15
[4017] = CNOT 15 44
[4018] = CNOT 15 41
[4019] = CNOT 16 17
[4020] = CNOT 16 19
[4021] = S 16
[4022] = Z 16
[4023] = CNOT 16 19
[4024] = CNOT 16 20
[4025] = S 16
[4026] = Z 16
[4027] = CNOT 16 20
[4028] = CNOT 16 21
[4029] = S 16
[4030] = Z 16
[4031] = CNOT 16 21
[4032] = CNOT 16 22
[4033] = S 16
[4034] = Z 16
[4035] = CNOT 16 22
[4036] = CNOT 16 23
[4037] = S 16
[4038] = Z 16
[4039] = CNOT 16 23
[4040] = CNOT 16 24
[4041] = S 16
[4042] = Z 16
[4043] = CNOT 16 24
[4044] = CNOT 16 17
[4045] = CNOT 16 19
[4046] = CNOT 16 41
[4047] = S 16
[4048] = Z 16
[4049] = CNOT 16 19
[4050] = CNOT 16 21
[4051] = S 16
[4052] = Z 16
[4053] = CNOT 16 21
[4054] = CNOT 16 23
[4055] = S 16
[4056] = Z 16
[4057] = CNOT 16 41
[4058] = CNOT 16 23
[4059] = CNOT 17 18
[4060] = CNOT 17 19
[4061] = S 17
[4062] = Z 17
[4063] = CNOT 17 19
[4064] = CNOT 17 20
[4065] = Z 17
[4066] = CNOT 17 20
[4067] = CNOT 17 22
[4068] = S 17
[4069] = Z 17
[4070] = CNOT 17 22
[4071] = CNOT 17 23
[4072] = S 17
[4073] = Z 17
[4074] = CNOT 17 23
[4075] = CNOT 17 25
[4076] = S 17
[4077] = Z 17
[4078] = CNOT 17 25
[4079] = CNOT 17 26
[4080] = S 17
[4081] = Z 17
[4082] = CNOT 17 26
[4083] = CNOT 17 41
[4084] = S 17
[4085] = CNOT 17 41
[4086] = CNOT 17 44
[4087] = S 17
[4088] = Z 17
[4089] = CNOT 17 44
[4090] = CNOT 17 18
[4091] = CNOT 17 19
[4092] = CNOT 17 41
[4093] = S 17
[4094] = CNOT 17 41
[4095] = CNOT 17 19
[4096] = CNOT 17 21
[4097] = CNOT 17 26
[4098] = Z 17
[4099] = CNOT 17 26
[4100] = CNOT 17 41
[4101] = Z 17
[4102] = CNOT 17 21
[4103] = CNOT 17 23
[4104] = S 17
[4105] = CNOT 17 23
[4106] = CNOT 17 25
[4107] = Z 17
[4108] = CNOT 17 25
[4109] = CNOT 17 44
[4110] = S 17
[4111] = CNOT 17 44
[4112] = CNOT 17 41
[4113] = CNOT 18 21
[4114] = CNOT 18 26
[4115] = S 18
[4116] = Z 18
[4117] = CNOT 18 26
[4118] = CNOT 18 21
[4119] = CNOT 18 23
[4120] = CNOT 18 41
[4121] = S 18
[4122] = Z 18
[4123] = CNOT 18 23
[4124] = CNOT 18 25
[4125] = S 18
[4126] = Z 18
[4127] = CNOT 18 41
[4128] = CNOT 18 25
[4129] = CNOT 27 32
[4130] = S 27
[4131] = Z 27
[4132] = CNOT 27 32
[4133] = CNOT 28 32
[4134] = S 28
[4135] = Z 28
[4136] = CNOT 28 40
[4137] = CNOT 28 32
[4138] = CNOT 28 33
[4139] = CNOT 28 36
[4140] = S 28
[4141] = Z 28
[4142] = CNOT 28 36
[4143] = CNOT 28 40
[4144] = S 28
[4145] = Z 28
[4146] = CNOT 28 40
[4147] = CNOT 28 33
[4148] = CNOT 29 33
[4149] = CNOT 29 41
[4150] = S 29
[4151] = Z 29
[4152] = CNOT 29 41
[4153] = CNOT 29 33
[4154] = CNOT 29 34
[4155] = CNOT 29 37
[4156] = S 29
[4157] = Z 29
[4158] = CNOT 29 37
[4159] = CNOT 29 41
[4160] = S 29
[4161] = Z 29
[4162] = CNOT 29 41
[4163] = CNOT 29 34
[4164] = CNOT 30 34
[4165] = S 30
[4166] = Z 30
[4167] = CNOT 30 42
[4168] = CNOT 30 34
[4169] = CNOT 30 35
[4170] = CNOT 30 38
[4171] = S 30
[4172] = Z 30
[4173] = CNOT 30 38
[4174] = CNOT 30 42
[4175] = S 30
[4176] = Z 30
[4177] = CNOT 30 42
[4178] = CNOT 30 35
[4179] = CNOT 31 35
[4180] = S 31
[4181] = Z 31
[4182] = CNOT 31 43
[4183] = CNOT 31 35
[4184] = CNOT 32 33
[4185] = CNOT 32 40
[4186] = S 32
[4187] = Z 32
[4188] = CNOT 32 33
[4189] = CNOT 33 34
[4190] = CNOT 33 41
[4191] = S 33
[4192] = Z 33
[4193] = CNOT 33 34
[4194] = CNOT 34 35
[4195] = CNOT 34 42
[4196] = S 34
[4197] = Z 34
[4198] = CNOT 34 35
[4199] = CNOT 35 43
[4200] = CNOT 30 43
[4201] = CNOT 26 43
[4202] = CNOT 29 42
[4203] = CNOT 25 42
[4204] = CNOT 28 41
[4205] = CNOT 24 41
[4206] = CNOT 27 40
[4207] = CNOT 23 40
[4208] = CNOT 35 39
[4209] = CNOT 31 39
[4210] = CNOT 30 39
[4211] = CNOT 22 39
[4212] = CNOT 34 38
[4213] = CNOT 30 38
[4214] = CNOT 29 38
[4215] = CNOT 21 38
[4216] = CNOT 33 37
[4217] = CNOT 29 37
[4218] = CNOT 28 37
[4219] = CNOT 20 37
[4220] = CNOT 32 36
[4221] = CNOT 28 36
[4222] = CNOT 27 36
[4223] = CNOT 19 36
[4224] = CNOT 43 35
[4225] = CNOT 30 35
[4226] = CNOT 35 43
[4227] = CNOT 42 34
[4228] = CNOT 29 34
[4229] = CNOT 34 42
[4230] = CNOT 41 33
[4231] = CNOT 28 33
[4232] = CNOT 33 41
[4233] = CNOT 40 32
[4234] = CNOT 27 32
[4235] = CNOT 32 40
[4236] = CNOT 43 31
[4237] = CNOT 39 31
[4238] = CNOT 31 39
[4239] = CNOT 42 30
[4240] = CNOT 38 30
[4241] = CNOT 30 38
[4242] = CNOT 41 29
[4243] = CNOT 37 29
[4244] = CNOT 29 37
[4245] = CNOT 40 28
[4246] = CNOT 36 28
[4247] = CNOT 28 36
[4248] = CNOT 44 27
[4249] = CNOT 27 44
[4250] = CNOT 35 26
[4251] = CNOT 26 35
[4252] = CNOT 34 25
[4253] = CNOT 25 34
[4254] = CNOT 33 24
[4255] = CNOT 24 33
[4256] = CNOT 32 23
[4257] = CNOT 23 32
[4258] = CNOT 31 22
[4259] = CNOT 22 31
[4260] = CNOT 30 21
[4261] = CNOT 21 30
[4262] = CNOT 29 20
[4263] = CNOT 20 29
[4264] = CNOT 28 19
[4265] = CNOT 19 28
[4266] = H 28
[4267] = M 28
[4268] = H 29
[4269] = M 29
[4270] = H 30
[4271] = M 30
[4272] = H 31
[4273] = M 31
[4274] = H 32
[4275] = M 32
[4276] = H 33
[4277] = M 33
[4278] = H 34
[4279] = M 34
[4280] = H 35
[4281] = M 35
[4282] = H 36
[4283] = M 36
[4284] = H 37
[4285] = M 37
[4286] = H 38
[4287] = M 38
[4288] = H 39
[4289] = M 39
[4290] = H 40
[4291] = M 40
[4292] = H 41
[4293] = M 41
[4294] = H 42
[4295] = M 42
[4296] = H 43
[4297] = M 43
[4298] = H 44
[4299] = M 44
[4300] = H 27
[4301] = H 26
[4302] = H 25
[4303] = H 24
[4304] = H 23
[4305] = H 22
[4306] = H 21
[4307] = H 20
[4308] = H 19
Gate distributions:
Input:
Operator distribution:
Total number of qubits = 27
Number of `data' qubits = 27
Number of `Toff_n' ancillas = 0
Number of Hadamard ancillas = 0
Hadamard ancilla cap = infinite
Number of {CNOT,T} partitions = 1
T count = 567
Cost estimation = 283542
	id	Count
	0	0
	1	0
	2	0
	3	34
	4	8
	5	0
	6	0
	7	0
	8	0
	9	0
	10	81
	11	0
	12	0
	13	0
	14	0
	15	0
	16	0
	17	0
	18	0
Output:
Operator distribution:
Total number of qubits = 44
Number of `data' qubits = 27
Number of `Toff_n' ancillas = 0
Number of Hadamard ancillas = 17
Hadamard ancilla cap = infinite
Number of {CNOT,T} partitions = 1
T count = 286
Cost estimation = 147032
	id	Count
	0	0
	1	0
	2	0
	3	51
	4	2693
	5	286
	6	0
	7	0
	8	0
	9	0
	10	0
	11	600
	12	0
	13	662
	14	0
	15	0
	16	0
	17	0
	18	17
Output T Count (SQC_Circuit) = 286
Output T Count (PhasePolynomial) = 286
Fail count = 0

Execution time: 874.795s
Number of LCL errors: 0
Number of LCL warnings: 0
