Optimize a Clifford + T circuit.
Input filename = /home/ryo-mtmt/TOpt/forme/tpar_benchmark/grover_5.tfc
Number of unknown gates = 0
Number of unknown qubit labels = 0
Circuit filename: /home/ryo-mtmt/TOpt/forme/tpar_benchmark/grover_5.tfc

n 9
n_x 9
n_y 0
n_z 0
m 201
[0] = H 1
[1] = H 2
[2] = H 3
[3] = H 4
[4] = H 5
[5] = H 6
[6] = H 7
[7] = CCZ 1 2 7
[8] = H 7
[9] = H 8
[10] = CCZ 3 7 8
[11] = H 8
[12] = H 9
[13] = CCZ 4 8 9
[14] = H 9
[15] = H 6
[16] = CCZ 5 9 6
[17] = H 6
[18] = H 9
[19] = CCZ 4 8 9
[20] = H 9
[21] = H 8
[22] = CCZ 3 7 8
[23] = H 8
[24] = H 7
[25] = CCZ 1 2 7
[26] = H 7
[27] = H 1
[28] = H 2
[29] = H 3
[30] = H 4
[31] = H 5
[32] = H 7
[33] = CCZ 1 2 7
[34] = H 7
[35] = H 8
[36] = CCZ 3 7 8
[37] = H 8
[38] = H 5
[39] = CCZ 4 8 5
[40] = H 5
[41] = H 8
[42] = CCZ 3 7 8
[43] = H 8
[44] = H 7
[45] = CCZ 1 2 7
[46] = H 7
[47] = H 1
[48] = H 2
[49] = H 3
[50] = H 4
[51] = H 5
[52] = H 7
[53] = CCZ 1 2 7
[54] = H 7
[55] = H 8
[56] = CCZ 3 7 8
[57] = H 8
[58] = H 9
[59] = CCZ 4 8 9
[60] = H 9
[61] = H 6
[62] = CCZ 5 9 6
[63] = H 6
[64] = H 9
[65] = CCZ 4 8 9
[66] = H 9
[67] = H 8
[68] = CCZ 3 7 8
[69] = H 8
[70] = H 7
[71] = CCZ 1 2 7
[72] = H 7
[73] = H 1
[74] = H 2
[75] = H 3
[76] = H 4
[77] = H 5
[78] = H 7
[79] = CCZ 1 2 7
[80] = H 7
[81] = H 8
[82] = CCZ 3 7 8
[83] = H 8
[84] = H 5
[85] = CCZ 4 8 5
[86] = H 5
[87] = H 8
[88] = CCZ 3 7 8
[89] = H 8
[90] = H 7
[91] = CCZ 1 2 7
[92] = H 7
[93] = H 1
[94] = H 2
[95] = H 3
[96] = H 4
[97] = H 5
[98] = H 7
[99] = CCZ 1 2 7
[100] = H 7
[101] = H 8
[102] = CCZ 3 7 8
[103] = H 8
[104] = H 9
[105] = CCZ 4 8 9
[106] = H 9
[107] = H 6
[108] = CCZ 5 9 6
[109] = H 6
[110] = H 9
[111] = CCZ 4 8 9
[112] = H 9
[113] = H 8
[114] = CCZ 3 7 8
[115] = H 8
[116] = H 7
[117] = CCZ 1 2 7
[118] = H 7
[119] = H 1
[120] = H 2
[121] = H 3
[122] = H 4
[123] = H 5
[124] = H 7
[125] = CCZ 1 2 7
[126] = H 7
[127] = H 8
[128] = CCZ 3 7 8
[129] = H 8
[130] = H 5
[131] = CCZ 4 8 5
[132] = H 5
[133] = H 8
[134] = CCZ 3 7 8
[135] = H 8
[136] = H 7
[137] = CCZ 1 2 7
[138] = H 7
[139] = H 1
[140] = H 2
[141] = H 3
[142] = H 4
[143] = H 5
[144] = H 7
[145] = CCZ 1 2 7
[146] = H 7
[147] = H 8
[148] = CCZ 3 7 8
[149] = H 8
[150] = H 9
[151] = CCZ 4 8 9
[152] = H 9
[153] = H 6
[154] = CCZ 5 9 6
[155] = H 6
[156] = H 9
[157] = CCZ 4 8 9
[158] = H 9
[159] = H 8
[160] = CCZ 3 7 8
[161] = H 8
[162] = H 7
[163] = CCZ 1 2 7
[164] = H 7
[165] = H 1
[166] = H 2
[167] = H 3
[168] = H 4
[169] = H 5
[170] = H 7
[171] = CCZ 1 2 7
[172] = H 7
[173] = H 8
[174] = CCZ 3 7 8
[175] = H 8
[176] = H 5
[177] = CCZ 4 8 5
[178] = H 5
[179] = H 8
[180] = CCZ 3 7 8
[181] = H 8
[182] = H 7
[183] = CCZ 1 2 7
[184] = H 7
[185] = H 1
[186] = H 2
[187] = H 3
[188] = H 4
[189] = H 5

Algorithm used: todd

UniversalOptimize begin.
	Gate synthesis begin.

--- Testing Hamming Distance Version ---
in LempelX2_M4RI_Hamming　安定版　m4ri
		Round = 0 (Start m: 166)
--- Hamming Distance Stats ---
 Dist 1: 136 pairs
 Dist 2: 429 pairs
 Dist 3: 2008 pairs
 Dist 4: 5603 pairs
 Dist 5: 4456 pairs
 Dist 6: 1063 pairs
-------------------------------
  [HIT!] Dist=2 | Deleted: 2 cols
>> Round 0 Result: Hit Rate = 0.729927% (1/137)
		Round = 1 (Start m: 164)
--- Hamming Distance Stats ---
 Dist 1: 132 pairs
 Dist 2: 369 pairs
 Dist 3: 1672 pairs
 Dist 4: 5295 pairs
 Dist 5: 4432 pairs
 Dist 6: 1263 pairs
 Dist 7: 164 pairs
 Dist 8: 39 pairs
-------------------------------
  [HIT!] Dist=2 | Deleted: 4 cols
>> Round 1 Result: Hit Rate = 0.746269% (1/134)
		Round = 2 (Start m: 160)
--- Hamming Distance Stats ---
 Dist 1: 126 pairs
 Dist 2: 273 pairs
 Dist 3: 1116 pairs
 Dist 4: 4579 pairs
 Dist 5: 4408 pairs
 Dist 6: 1703 pairs
 Dist 7: 424 pairs
 Dist 8: 89 pairs
 Dist 9: 2 pairs
-------------------------------
  [HIT!] Dist=2 | Deleted: 2 cols
>> Round 2 Result: Hit Rate = 0.787402% (1/127)
		Round = 3 (Start m: 158)
--- Hamming Distance Stats ---
 Dist 1: 122 pairs
 Dist 2: 251 pairs
 Dist 3: 672 pairs
 Dist 4: 2607 pairs
 Dist 5: 2794 pairs
 Dist 6: 2899 pairs
 Dist 7: 2140 pairs
 Dist 8: 736 pairs
 Dist 9: 152 pairs
 Dist 10: 30 pairs
-------------------------------
  [HIT!] Dist=2 | Deleted: 2 cols
>> Round 3 Result: Hit Rate = 0.769231% (1/130)
		Round = 4 (Start m: 156)
--- Hamming Distance Stats ---
 Dist 1: 118 pairs
 Dist 2: 242 pairs
 Dist 3: 396 pairs
 Dist 4: 1617 pairs
 Dist 5: 1742 pairs
 Dist 6: 2445 pairs
 Dist 7: 2210 pairs
 Dist 8: 1603 pairs
 Dist 9: 1068 pairs
 Dist 10: 469 pairs
 Dist 11: 150 pairs
 Dist 12: 30 pairs
-------------------------------
  [HIT!] Dist=2 | Deleted: 4 cols
>> Round 4 Result: Hit Rate = 0.840336% (1/119)
		Round = 5 (Start m: 152)
--- Hamming Distance Stats ---
 Dist 1: 112 pairs
 Dist 2: 221 pairs
 Dist 3: 318 pairs
 Dist 4: 1512 pairs
 Dist 5: 1602 pairs
 Dist 6: 2292 pairs
 Dist 7: 2074 pairs
 Dist 8: 1477 pairs
 Dist 9: 1022 pairs
 Dist 10: 476 pairs
 Dist 11: 188 pairs
 Dist 12: 107 pairs
 Dist 13: 60 pairs
 Dist 14: 15 pairs
-------------------------------
  [HIT!] Dist=2 | Deleted: 2 cols
>> Round 5 Result: Hit Rate = 0.806452% (1/124)
		Round = 6 (Start m: 150)
--- Hamming Distance Stats ---
 Dist 1: 110 pairs
 Dist 2: 218 pairs
 Dist 3: 278 pairs
 Dist 4: 1417 pairs
 Dist 5: 1556 pairs
 Dist 6: 2259 pairs
 Dist 7: 2166 pairs
 Dist 8: 1524 pairs
 Dist 9: 1002 pairs
 Dist 10: 463 pairs
 Dist 11: 152 pairs
 Dist 12: 30 pairs
-------------------------------
  [HIT!] Dist=2 | Deleted: 4 cols
>> Round 6 Result: Hit Rate = 0.813008% (1/123)
		Round = 7 (Start m: 146)
--- Hamming Distance Stats ---
 Dist 1: 104 pairs
 Dist 2: 210 pairs
 Dist 3: 243 pairs
 Dist 4: 1308 pairs
 Dist 5: 1334 pairs
 Dist 6: 1942 pairs
 Dist 7: 1750 pairs
 Dist 8: 1218 pairs
 Dist 9: 1002 pairs
 Dist 10: 665 pairs
 Dist 11: 443 pairs
 Dist 12: 259 pairs
 Dist 13: 92 pairs
 Dist 14: 15 pairs
-------------------------------
  [HIT!] Dist=2 | Deleted: 2 cols
>> Round 7 Result: Hit Rate = 0.529101% (1/189)
		Round = 8 (Start m: 144)
--- Hamming Distance Stats ---
 Dist 1: 102 pairs
 Dist 2: 201 pairs
 Dist 3: 237 pairs
 Dist 4: 1216 pairs
 Dist 5: 1278 pairs
 Dist 6: 1869 pairs
 Dist 7: 1668 pairs
 Dist 8: 1107 pairs
 Dist 9: 924 pairs
 Dist 10: 672 pairs
 Dist 11: 499 pairs
 Dist 12: 341 pairs
 Dist 13: 152 pairs
 Dist 14: 30 pairs
-------------------------------
>> Round 8 Result: Hit Rate = 0% (0/10296)

=== Final Performance Statistics ===
Hamming time:   7 ms
Chi time:       46181 ms
Nullspace time: 1129195 ms
Total attempts: 11379 (Success: 8)
END OF LEMPELX2 安定版
Total LempelX2_M4RI_Hamming time: 1185226 ms
Hamming result size: 144 columns
		TODD executed in 1183.32 seconds.
		Total time: 1183.32s
	Gate synthesis end.
	Total time: 1440.05s
UniversalOptimize end.
Output circuit:
n 77
n_x 9
n_y 0
n_z 68
m 4901
[0] = H 1
[1] = H 2
[2] = H 3
[3] = H 4
[4] = H 5
[5] = H 7
[6] = H 8
[7] = H 9
[8] = H 10
[9] = H 11
[10] = H 12
[11] = H 13
[12] = H 14
[13] = H 15
[14] = H 16
[15] = H 17
[16] = H 18
[17] = H 19
[18] = H 20
[19] = H 21
[20] = H 22
[21] = H 23
[22] = H 24
[23] = H 25
[24] = H 26
[25] = H 27
[26] = H 28
[27] = H 29
[28] = H 30
[29] = H 31
[30] = H 32
[31] = H 33
[32] = H 34
[33] = H 35
[34] = H 36
[35] = H 37
[36] = H 38
[37] = H 39
[38] = H 40
[39] = H 41
[40] = H 42
[41] = H 43
[42] = H 44
[43] = H 45
[44] = H 46
[45] = H 47
[46] = H 48
[47] = H 49
[48] = H 50
[49] = H 51
[50] = H 52
[51] = H 53
[52] = H 54
[53] = H 55
[54] = H 56
[55] = H 57
[56] = H 58
[57] = H 59
[58] = H 60
[59] = H 61
[60] = H 62
[61] = H 63
[62] = H 64
[63] = H 65
[64] = H 66
[65] = H 67
[66] = H 68
[67] = H 69
[68] = H 70
[69] = H 71
[70] = H 72
[71] = H 73
[72] = H 74
[73] = H 75
[74] = H 76
[75] = H 77
[76] = CNOT 7 8
[77] = CNOT 7 75
[78] = CNOT 7 76
[79] = CNOT 7 77
[80] = T 7
[81] = CNOT 7 77
[82] = CNOT 7 76
[83] = CNOT 7 75
[84] = CNOT 7 8
[85] = CNOT 1 2
[86] = CNOT 1 7
[87] = CNOT 1 8
[88] = CNOT 1 75
[89] = CNOT 1 76
[90] = CNOT 1 77
[91] = T 1
[92] = CNOT 1 2
[93] = CNOT 2 7
[94] = CNOT 2 8
[95] = CNOT 2 75
[96] = CNOT 2 76
[97] = CNOT 2 77
[98] = T 2
[99] = CNOT 2 77
[100] = CNOT 2 76
[101] = CNOT 2 75
[102] = CNOT 2 8
[103] = CNOT 2 7
[104] = T 1
[105] = CNOT 1 8
[106] = CNOT 1 7
[107] = CNOT 72 74
[108] = CNOT 72 75
[109] = T 72
[110] = S 72
[111] = Z 72
[112] = CNOT 72 74
[113] = CNOT 3 8
[114] = CNOT 3 10
[115] = CNOT 3 75
[116] = CNOT 3 76
[117] = T 3
[118] = CNOT 3 10
[119] = CNOT 3 8
[120] = CNOT 8 10
[121] = CNOT 8 75
[122] = CNOT 8 76
[123] = T 8
[124] = CNOT 8 76
[125] = CNOT 8 75
[126] = CNOT 8 10
[127] = CNOT 3 8
[128] = T 3
[129] = CNOT 3 8
[130] = CNOT 9 67
[131] = CNOT 9 75
[132] = T 9
[133] = Z 9
[134] = CNOT 9 75
[135] = CNOT 9 67
[136] = CNOT 4 9
[137] = CNOT 4 11
[138] = CNOT 4 67
[139] = CNOT 4 75
[140] = T 4
[141] = CNOT 4 11
[142] = CNOT 4 9
[143] = CNOT 9 11
[144] = CNOT 9 67
[145] = CNOT 9 75
[146] = T 9
[147] = CNOT 9 75
[148] = CNOT 9 67
[149] = CNOT 9 11
[150] = CNOT 4 9
[151] = T 4
[152] = CNOT 4 9
[153] = CNOT 12 30
[154] = CNOT 12 48
[155] = CNOT 12 55
[156] = CNOT 12 66
[157] = CNOT 12 74
[158] = CNOT 12 75
[159] = T 12
[160] = CNOT 12 75
[161] = CNOT 12 74
[162] = CNOT 12 66
[163] = CNOT 12 55
[164] = CNOT 12 48
[165] = CNOT 12 30
[166] = CNOT 5 12
[167] = CNOT 5 30
[168] = CNOT 5 48
[169] = CNOT 5 55
[170] = CNOT 5 66
[171] = CNOT 5 74
[172] = CNOT 5 75
[173] = T 5
[174] = CNOT 5 6
[175] = T 5
[176] = CNOT 5 75
[177] = CNOT 5 66
[178] = CNOT 5 55
[179] = CNOT 5 48
[180] = CNOT 5 30
[181] = CNOT 5 12
[182] = CNOT 5 6
[183] = CNOT 6 12
[184] = CNOT 6 30
[185] = CNOT 6 48
[186] = CNOT 6 55
[187] = CNOT 6 66
[188] = CNOT 6 74
[189] = CNOT 6 75
[190] = T 6
[191] = CNOT 6 75
[192] = CNOT 6 74
[193] = CNOT 6 66
[194] = CNOT 6 55
[195] = CNOT 6 48
[196] = CNOT 6 30
[197] = CNOT 6 12
[198] = CNOT 4 11
[199] = CNOT 4 13
[200] = T 4
[201] = CNOT 4 11
[202] = CNOT 11 13
[203] = CNOT 11 67
[204] = CNOT 11 75
[205] = T 11
[206] = CNOT 11 75
[207] = CNOT 11 67
[208] = CNOT 11 13
[209] = T 4
[210] = CNOT 4 75
[211] = CNOT 4 67
[212] = CNOT 4 13
[213] = CNOT 3 10
[214] = CNOT 3 14
[215] = T 3
[216] = CNOT 3 10
[217] = CNOT 10 14
[218] = CNOT 10 75
[219] = CNOT 10 76
[220] = T 10
[221] = CNOT 10 76
[222] = CNOT 10 75
[223] = CNOT 10 14
[224] = T 3
[225] = CNOT 3 76
[226] = CNOT 3 75
[227] = CNOT 3 14
[228] = CNOT 1 2
[229] = CNOT 1 8
[230] = CNOT 1 15
[231] = T 1
[232] = CNOT 1 2
[233] = CNOT 2 8
[234] = CNOT 2 15
[235] = CNOT 2 75
[236] = CNOT 2 76
[237] = CNOT 2 77
[238] = T 2
[239] = CNOT 2 77
[240] = CNOT 2 76
[241] = CNOT 2 75
[242] = CNOT 2 15
[243] = CNOT 2 8
[244] = T 1
[245] = CNOT 1 77
[246] = CNOT 1 76
[247] = CNOT 1 75
[248] = CNOT 1 15
[249] = CNOT 1 8
[250] = CNOT 8 70
[251] = CNOT 8 71
[252] = CNOT 8 75
[253] = CNOT 8 76
[254] = T 8
[255] = CNOT 8 71
[256] = CNOT 8 70
[257] = CNOT 8 15
[258] = CNOT 8 16
[259] = CNOT 8 17
[260] = CNOT 8 77
[261] = T 8
[262] = CNOT 8 16
[263] = T 8
[264] = CNOT 8 17
[265] = CNOT 8 16
[266] = T 8
[267] = CNOT 8 16
[268] = CNOT 8 15
[269] = CNOT 14 18
[270] = CNOT 14 20
[271] = CNOT 14 75
[272] = CNOT 14 76
[273] = T 14
[274] = CNOT 14 18
[275] = T 14
[276] = CNOT 14 20
[277] = CNOT 14 18
[278] = T 14
[279] = CNOT 14 76
[280] = CNOT 14 75
[281] = CNOT 14 18
[282] = CNOT 19 21
[283] = CNOT 19 57
[284] = CNOT 19 73
[285] = CNOT 19 74
[286] = T 19
[287] = CNOT 19 74
[288] = CNOT 19 73
[289] = CNOT 19 57
[290] = CNOT 19 21
[291] = CNOT 21 57
[292] = CNOT 21 73
[293] = CNOT 21 74
[294] = T 21
[295] = CNOT 21 74
[296] = CNOT 21 73
[297] = CNOT 21 57
[298] = CNOT 5 21
[299] = CNOT 5 57
[300] = CNOT 5 73
[301] = T 5
[302] = CNOT 5 19
[303] = T 5
[304] = CNOT 5 57
[305] = CNOT 5 21
[306] = CNOT 5 19
[307] = CNOT 8 69
[308] = CNOT 8 70
[309] = T 8
[310] = CNOT 8 70
[311] = CNOT 8 69
[312] = CNOT 18 20
[313] = CNOT 18 22
[314] = CNOT 18 75
[315] = CNOT 18 76
[316] = T 18
[317] = CNOT 18 20
[318] = CNOT 20 22
[319] = CNOT 20 75
[320] = CNOT 20 76
[321] = T 20
[322] = CNOT 20 76
[323] = CNOT 20 75
[324] = CNOT 20 22
[325] = T 18
[326] = CNOT 18 76
[327] = CNOT 18 75
[328] = CNOT 18 22
[329] = CNOT 8 16
[330] = CNOT 8 17
[331] = CNOT 8 23
[332] = T 8
[333] = CNOT 8 16
[334] = T 8
[335] = CNOT 8 17
[336] = CNOT 8 16
[337] = T 8
[338] = CNOT 8 16
[339] = CNOT 8 24
[340] = CNOT 8 25
[341] = T 8
[342] = CNOT 8 24
[343] = T 8
[344] = CNOT 8 25
[345] = CNOT 8 24
[346] = T 8
[347] = CNOT 8 77
[348] = CNOT 8 24
[349] = CNOT 8 23
[350] = CNOT 22 26
[351] = CNOT 22 28
[352] = CNOT 22 75
[353] = CNOT 22 76
[354] = T 22
[355] = CNOT 22 26
[356] = T 22
[357] = CNOT 22 28
[358] = CNOT 22 26
[359] = T 22
[360] = CNOT 22 76
[361] = CNOT 22 75
[362] = CNOT 22 26
[363] = CNOT 13 27
[364] = CNOT 13 29
[365] = CNOT 13 67
[366] = CNOT 13 75
[367] = T 13
[368] = CNOT 13 27
[369] = T 13
[370] = CNOT 13 29
[371] = CNOT 13 27
[372] = T 13
[373] = CNOT 13 75
[374] = CNOT 13 67
[375] = CNOT 13 27
[376] = CNOT 8 70
[377] = T 8
[378] = CNOT 8 70
[379] = CNOT 68 74
[380] = CNOT 68 75
[381] = CNOT 68 76
[382] = T 68
[383] = CNOT 5 6
[384] = CNOT 5 75
[385] = T 5
[386] = CNOT 5 75
[387] = CNOT 5 6
[388] = CNOT 6 73
[389] = CNOT 6 74
[390] = CNOT 6 75
[391] = T 6
[392] = CNOT 6 75
[393] = CNOT 6 74
[394] = CNOT 6 73
[395] = CNOT 27 29
[396] = CNOT 27 31
[397] = CNOT 27 67
[398] = CNOT 27 75
[399] = T 27
[400] = CNOT 27 29
[401] = CNOT 29 31
[402] = CNOT 29 67
[403] = CNOT 29 75
[404] = T 29
[405] = CNOT 29 75
[406] = CNOT 29 67
[407] = CNOT 29 31
[408] = T 27
[409] = CNOT 27 75
[410] = CNOT 27 67
[411] = CNOT 27 31
[412] = CNOT 26 28
[413] = CNOT 26 32
[414] = CNOT 26 75
[415] = CNOT 26 76
[416] = T 26
[417] = CNOT 26 28
[418] = CNOT 28 32
[419] = CNOT 28 75
[420] = CNOT 28 76
[421] = T 28
[422] = CNOT 28 76
[423] = CNOT 28 75
[424] = CNOT 28 32
[425] = T 26
[426] = CNOT 26 76
[427] = CNOT 26 75
[428] = CNOT 26 32
[429] = CNOT 8 24
[430] = CNOT 8 25
[431] = CNOT 8 33
[432] = CNOT 8 77
[433] = T 8
[434] = CNOT 8 24
[435] = T 8
[436] = CNOT 8 25
[437] = CNOT 8 24
[438] = T 8
[439] = CNOT 8 24
[440] = CNOT 19 37
[441] = CNOT 19 57
[442] = CNOT 19 73
[443] = CNOT 19 74
[444] = T 19
[445] = CNOT 19 37
[446] = CNOT 8 34
[447] = CNOT 8 35
[448] = T 8
[449] = CNOT 8 34
[450] = T 8
[451] = CNOT 8 35
[452] = CNOT 8 34
[453] = T 8
[454] = CNOT 8 33
[455] = CNOT 32 36
[456] = CNOT 32 38
[457] = CNOT 32 75
[458] = CNOT 32 76
[459] = T 32
[460] = CNOT 32 36
[461] = T 32
[462] = CNOT 32 38
[463] = CNOT 32 36
[464] = T 32
[465] = CNOT 32 76
[466] = CNOT 32 75
[467] = CNOT 32 36
[468] = CNOT 19 39
[469] = T 19
[470] = CNOT 19 37
[471] = T 19
[472] = CNOT 19 74
[473] = CNOT 19 73
[474] = CNOT 19 57
[475] = CNOT 19 39
[476] = CNOT 19 37
[477] = CNOT 5 19
[478] = CNOT 5 37
[479] = CNOT 5 39
[480] = CNOT 5 57
[481] = T 5
[482] = CNOT 5 37
[483] = T 5
[484] = CNOT 5 39
[485] = CNOT 5 37
[486] = T 5
[487] = CNOT 5 73
[488] = CNOT 5 57
[489] = CNOT 5 37
[490] = CNOT 5 19
[491] = CNOT 36 38
[492] = CNOT 36 40
[493] = CNOT 36 75
[494] = CNOT 36 76
[495] = T 36
[496] = CNOT 36 38
[497] = CNOT 38 40
[498] = CNOT 38 75
[499] = CNOT 38 76
[500] = T 38
[501] = CNOT 38 76
[502] = CNOT 38 75
[503] = CNOT 38 40
[504] = T 36
[505] = CNOT 36 76
[506] = CNOT 36 75
[507] = CNOT 36 40
[508] = CNOT 8 35
[509] = CNOT 8 41
[510] = T 8
[511] = CNOT 8 34
[512] = T 8
[513] = CNOT 8 35
[514] = CNOT 8 34
[515] = T 8
[516] = CNOT 8 34
[517] = CNOT 8 42
[518] = CNOT 8 43
[519] = T 8
[520] = CNOT 8 42
[521] = T 8
[522] = CNOT 8 43
[523] = CNOT 8 42
[524] = T 8
[525] = CNOT 8 42
[526] = CNOT 8 41
[527] = CNOT 40 44
[528] = CNOT 40 46
[529] = CNOT 40 75
[530] = CNOT 40 76
[531] = T 40
[532] = CNOT 40 44
[533] = T 40
[534] = CNOT 40 46
[535] = CNOT 40 44
[536] = T 40
[537] = CNOT 40 76
[538] = CNOT 40 75
[539] = CNOT 40 44
[540] = CNOT 31 45
[541] = CNOT 31 47
[542] = CNOT 31 67
[543] = CNOT 31 75
[544] = T 31
[545] = CNOT 31 45
[546] = T 31
[547] = CNOT 31 47
[548] = CNOT 31 45
[549] = T 31
[550] = CNOT 31 75
[551] = CNOT 31 67
[552] = CNOT 31 45
[553] = CNOT 8 69
[554] = CNOT 8 71
[555] = T 8
[556] = CNOT 8 70
[557] = T 8
[558] = CNOT 8 71
[559] = CNOT 8 70
[560] = CNOT 8 69
[561] = CNOT 5 6
[562] = T 5
[563] = Z 5
[564] = CNOT 5 6
[565] = CNOT 6 74
[566] = T 6
[567] = CNOT 6 74
[568] = CNOT 45 47
[569] = CNOT 45 49
[570] = CNOT 45 67
[571] = CNOT 45 75
[572] = T 45
[573] = CNOT 45 47
[574] = CNOT 47 49
[575] = CNOT 47 67
[576] = CNOT 47 75
[577] = T 47
[578] = CNOT 47 75
[579] = CNOT 47 67
[580] = CNOT 47 49
[581] = T 45
[582] = CNOT 45 75
[583] = CNOT 45 67
[584] = CNOT 45 49
[585] = CNOT 44 46
[586] = CNOT 44 50
[587] = CNOT 44 75
[588] = CNOT 44 76
[589] = T 44
[590] = CNOT 44 46
[591] = CNOT 46 50
[592] = CNOT 46 75
[593] = CNOT 46 76
[594] = T 46
[595] = CNOT 46 76
[596] = CNOT 46 75
[597] = CNOT 46 50
[598] = T 44
[599] = CNOT 44 76
[600] = CNOT 44 75
[601] = CNOT 44 50
[602] = CNOT 8 42
[603] = CNOT 8 43
[604] = CNOT 8 51
[605] = T 8
[606] = CNOT 8 42
[607] = T 8
[608] = CNOT 8 43
[609] = CNOT 8 42
[610] = T 8
[611] = CNOT 8 42
[612] = CNOT 5 75
[613] = T 5
[614] = Z 5
[615] = CNOT 5 75
[616] = CNOT 8 52
[617] = CNOT 8 53
[618] = T 8
[619] = CNOT 8 52
[620] = T 8
[621] = CNOT 8 53
[622] = CNOT 8 52
[623] = T 8
[624] = CNOT 8 52
[625] = CNOT 8 51
[626] = CNOT 50 54
[627] = CNOT 50 56
[628] = CNOT 50 75
[629] = CNOT 50 76
[630] = T 50
[631] = CNOT 50 54
[632] = T 50
[633] = CNOT 50 56
[634] = CNOT 50 54
[635] = T 50
[636] = CNOT 50 76
[637] = CNOT 50 75
[638] = CNOT 50 54
[639] = T 72
[640] = S 72
[641] = CNOT 72 75
[642] = CNOT 55 57
[643] = CNOT 55 73
[644] = CNOT 55 74
[645] = T 55
[646] = CNOT 55 74
[647] = CNOT 55 73
[648] = CNOT 55 57
[649] = CNOT 5 55
[650] = CNOT 5 57
[651] = CNOT 5 73
[652] = T 5
[653] = CNOT 5 57
[654] = CNOT 8 60
[655] = CNOT 8 69
[656] = T 8
[657] = CNOT 8 60
[658] = CNOT 8 61
[659] = T 8
[660] = CNOT 8 69
[661] = CNOT 8 61
[662] = CNOT 54 56
[663] = CNOT 54 58
[664] = CNOT 54 75
[665] = CNOT 54 76
[666] = T 54
[667] = CNOT 54 56
[668] = CNOT 56 58
[669] = CNOT 56 75
[670] = CNOT 56 76
[671] = T 56
[672] = CNOT 56 76
[673] = CNOT 56 75
[674] = CNOT 56 58
[675] = T 54
[676] = CNOT 54 76
[677] = CNOT 54 75
[678] = CNOT 54 58
[679] = CNOT 8 52
[680] = CNOT 8 53
[681] = CNOT 8 59
[682] = T 8
[683] = CNOT 8 52
[684] = T 8
[685] = CNOT 8 53
[686] = CNOT 8 52
[687] = T 8
[688] = CNOT 8 52
[689] = CNOT 8 60
[690] = CNOT 8 61
[691] = T 8
[692] = CNOT 8 60
[693] = T 8
[694] = CNOT 8 61
[695] = CNOT 8 60
[696] = T 8
[697] = CNOT 8 77
[698] = CNOT 8 60
[699] = CNOT 8 59
[700] = CNOT 58 62
[701] = CNOT 58 64
[702] = CNOT 58 75
[703] = CNOT 58 76
[704] = T 58
[705] = CNOT 58 62
[706] = T 58
[707] = CNOT 58 64
[708] = CNOT 58 62
[709] = T 58
[710] = CNOT 58 76
[711] = CNOT 58 75
[712] = CNOT 58 62
[713] = CNOT 49 63
[714] = CNOT 49 65
[715] = CNOT 49 67
[716] = CNOT 49 75
[717] = T 49
[718] = CNOT 49 63
[719] = T 49
[720] = CNOT 49 65
[721] = CNOT 49 63
[722] = T 49
[723] = CNOT 49 75
[724] = CNOT 49 67
[725] = CNOT 49 63
[726] = CNOT 68 72
[727] = T 68
[728] = CNOT 68 74
[729] = T 68
[730] = CNOT 68 76
[731] = CNOT 68 75
[732] = CNOT 68 72
[733] = CNOT 5 6
[734] = T 5
[735] = CNOT 5 74
[736] = CNOT 5 73
[737] = CNOT 5 55
[738] = CNOT 5 6
[739] = CNOT 6 55
[740] = CNOT 6 73
[741] = CNOT 6 74
[742] = T 6
[743] = CNOT 6 74
[744] = CNOT 6 73
[745] = CNOT 6 55
[746] = CNOT 8 71
[747] = T 8
[748] = CNOT 8 71
[749] = CNOT 63 65
[750] = CNOT 63 75
[751] = T 63
[752] = S 63
[753] = Z 63
[754] = CNOT 63 65
[755] = CNOT 65 75
[756] = T 65
[757] = S 65
[758] = CNOT 65 75
[759] = T 63
[760] = S 63
[761] = CNOT 63 75
[762] = CNOT 62 64
[763] = CNOT 62 68
[764] = CNOT 62 75
[765] = CNOT 62 76
[766] = T 62
[767] = CNOT 62 64
[768] = CNOT 64 68
[769] = CNOT 64 75
[770] = CNOT 64 76
[771] = T 64
[772] = CNOT 64 76
[773] = CNOT 64 75
[774] = CNOT 64 68
[775] = T 62
[776] = CNOT 62 76
[777] = CNOT 62 75
[778] = CNOT 62 68
[779] = CNOT 8 60
[780] = CNOT 8 61
[781] = CNOT 8 69
[782] = CNOT 8 77
[783] = T 8
[784] = CNOT 8 77
[785] = CNOT 8 76
[786] = CNOT 8 75
[787] = CNOT 8 69
[788] = CNOT 8 61
[789] = CNOT 8 60
[790] = Z 1
[791] = Z 2
[792] = Z 3
[793] = Z 4
[794] = Z 5
[795] = S 7
[796] = Z 7
[797] = S 9
[798] = S 10
[799] = S 11
[800] = Z 13
[801] = Z 14
[802] = S 15
[803] = S 16
[804] = S 17
[805] = S 18
[806] = S 19
[807] = Z 19
[808] = S 20
[809] = Z 22
[810] = S 23
[811] = S 24
[812] = S 25
[813] = S 26
[814] = S 27
[815] = S 28
[816] = S 29
[817] = Z 31
[818] = Z 32
[819] = S 33
[820] = S 34
[821] = S 35
[822] = S 36
[823] = Z 37
[824] = S 38
[825] = Z 39
[826] = Z 40
[827] = S 41
[828] = S 42
[829] = S 43
[830] = S 44
[831] = S 45
[832] = S 46
[833] = S 47
[834] = Z 49
[835] = Z 50
[836] = S 51
[837] = S 52
[838] = S 53
[839] = S 54
[840] = Z 55
[841] = S 56
[842] = S 57
[843] = Z 58
[844] = S 59
[845] = S 60
[846] = S 61
[847] = S 62
[848] = S 63
[849] = Z 63
[850] = S 64
[851] = S 65
[852] = Z 65
[853] = Z 67
[854] = Z 68
[855] = S 69
[856] = S 74
[857] = Z 75
[858] = S 76
[859] = S 77
[860] = CNOT 1 2
[861] = S 1
[862] = CNOT 1 2
[863] = CNOT 1 7
[864] = S 1
[865] = CNOT 1 7
[866] = CNOT 1 8
[867] = S 1
[868] = Z 1
[869] = CNOT 1 8
[870] = CNOT 1 15
[871] = S 1
[872] = CNOT 1 15
[873] = CNOT 1 16
[874] = S 1
[875] = CNOT 1 16
[876] = CNOT 1 75
[877] = S 1
[878] = Z 1
[879] = CNOT 1 75
[880] = CNOT 1 76
[881] = S 1
[882] = Z 1
[883] = CNOT 1 76
[884] = CNOT 1 77
[885] = S 1
[886] = Z 1
[887] = CNOT 1 77
[888] = CNOT 2 7
[889] = S 2
[890] = CNOT 2 7
[891] = CNOT 2 8
[892] = S 2
[893] = Z 2
[894] = CNOT 2 8
[895] = CNOT 2 15
[896] = S 2
[897] = CNOT 2 15
[898] = CNOT 2 17
[899] = S 2
[900] = CNOT 2 17
[901] = CNOT 2 75
[902] = S 2
[903] = Z 2
[904] = CNOT 2 75
[905] = CNOT 2 76
[906] = S 2
[907] = Z 2
[908] = CNOT 2 76
[909] = CNOT 2 77
[910] = S 2
[911] = Z 2
[912] = CNOT 2 77
[913] = CNOT 3 8
[914] = S 3
[915] = Z 3
[916] = CNOT 3 8
[917] = CNOT 3 10
[918] = S 3
[919] = Z 3
[920] = CNOT 3 10
[921] = CNOT 3 14
[922] = S 3
[923] = Z 3
[924] = CNOT 3 14
[925] = CNOT 3 18
[926] = S 3
[927] = CNOT 3 18
[928] = CNOT 3 75
[929] = S 3
[930] = Z 3
[931] = CNOT 3 75
[932] = CNOT 3 76
[933] = S 3
[934] = Z 3
[935] = CNOT 3 76
[936] = CNOT 4 9
[937] = S 4
[938] = Z 4
[939] = CNOT 4 9
[940] = CNOT 4 11
[941] = S 4
[942] = Z 4
[943] = CNOT 4 11
[944] = CNOT 4 13
[945] = S 4
[946] = Z 4
[947] = CNOT 4 13
[948] = CNOT 4 19
[949] = S 4
[950] = CNOT 4 19
[951] = CNOT 4 67
[952] = S 4
[953] = Z 4
[954] = CNOT 4 67
[955] = CNOT 4 75
[956] = S 4
[957] = Z 4
[958] = CNOT 4 75
[959] = CNOT 5 6
[960] = S 5
[961] = Z 5
[962] = CNOT 5 6
[963] = CNOT 5 12
[964] = S 5
[965] = Z 5
[966] = CNOT 5 12
[967] = CNOT 5 19
[968] = Z 5
[969] = CNOT 5 19
[970] = CNOT 5 30
[971] = S 5
[972] = Z 5
[973] = CNOT 5 30
[974] = CNOT 5 37
[975] = S 5
[976] = CNOT 5 37
[977] = CNOT 5 39
[978] = S 5
[979] = CNOT 5 39
[980] = CNOT 5 48
[981] = S 5
[982] = Z 5
[983] = CNOT 5 48
[984] = CNOT 5 55
[985] = S 5
[986] = Z 5
[987] = CNOT 5 55
[988] = CNOT 5 57
[989] = Z 5
[990] = CNOT 5 57
[991] = CNOT 5 66
[992] = S 5
[993] = Z 5
[994] = CNOT 5 66
[995] = CNOT 5 73
[996] = Z 5
[997] = CNOT 5 73
[998] = CNOT 5 75
[999] = Z 5
[1000] = CNOT 5 75
[1001] = CNOT 6 12
[1002] = S 6
[1003] = Z 6
[1004] = CNOT 6 12
[1005] = CNOT 6 30
[1006] = S 6
[1007] = Z 6
[1008] = CNOT 6 30
[1009] = CNOT 6 48
[1010] = S 6
[1011] = Z 6
[1012] = CNOT 6 48
[1013] = CNOT 6 55
[1014] = S 6
[1015] = Z 6
[1016] = CNOT 6 55
[1017] = CNOT 6 66
[1018] = S 6
[1019] = Z 6
[1020] = CNOT 6 66
[1021] = CNOT 6 73
[1022] = S 6
[1023] = Z 6
[1024] = CNOT 6 73
[1025] = CNOT 6 75
[1026] = S 6
[1027] = Z 6
[1028] = CNOT 6 75
[1029] = CNOT 7 8
[1030] = Z 7
[1031] = CNOT 7 8
[1032] = CNOT 7 10
[1033] = S 7
[1034] = CNOT 7 10
[1035] = CNOT 7 75
[1036] = Z 7
[1037] = CNOT 7 75
[1038] = CNOT 7 76
[1039] = Z 7
[1040] = CNOT 7 76
[1041] = CNOT 7 77
[1042] = Z 7
[1043] = CNOT 7 77
[1044] = CNOT 8 10
[1045] = S 8
[1046] = Z 8
[1047] = CNOT 8 10
[1048] = CNOT 8 11
[1049] = S 8
[1050] = CNOT 8 11
[1051] = CNOT 8 16
[1052] = S 8
[1053] = Z 8
[1054] = CNOT 8 16
[1055] = CNOT 8 17
[1056] = S 8
[1057] = Z 8
[1058] = CNOT 8 17
[1059] = CNOT 8 24
[1060] = S 8
[1061] = Z 8
[1062] = CNOT 8 24
[1063] = CNOT 8 25
[1064] = S 8
[1065] = Z 8
[1066] = CNOT 8 25
[1067] = CNOT 8 34
[1068] = S 8
[1069] = Z 8
[1070] = CNOT 8 34
[1071] = CNOT 8 35
[1072] = S 8
[1073] = Z 8
[1074] = CNOT 8 35
[1075] = CNOT 8 42
[1076] = S 8
[1077] = Z 8
[1078] = CNOT 8 42
[1079] = CNOT 8 43
[1080] = S 8
[1081] = Z 8
[1082] = CNOT 8 43
[1083] = CNOT 8 52
[1084] = S 8
[1085] = Z 8
[1086] = CNOT 8 52
[1087] = CNOT 8 53
[1088] = S 8
[1089] = Z 8
[1090] = CNOT 8 53
[1091] = CNOT 8 60
[1092] = S 8
[1093] = Z 8
[1094] = CNOT 8 60
[1095] = CNOT 8 61
[1096] = S 8
[1097] = Z 8
[1098] = CNOT 8 61
[1099] = CNOT 8 70
[1100] = S 8
[1101] = CNOT 8 70
[1102] = CNOT 8 71
[1103] = S 8
[1104] = CNOT 8 71
[1105] = CNOT 8 77
[1106] = Z 8
[1107] = CNOT 8 77
[1108] = CNOT 9 11
[1109] = S 9
[1110] = Z 9
[1111] = CNOT 9 11
[1112] = CNOT 9 12
[1113] = S 9
[1114] = CNOT 9 12
[1115] = CNOT 9 67
[1116] = Z 9
[1117] = CNOT 9 67
[1118] = CNOT 9 75
[1119] = Z 9
[1120] = CNOT 9 75
[1121] = CNOT 10 14
[1122] = S 10
[1123] = Z 10
[1124] = CNOT 10 14
[1125] = CNOT 10 15
[1126] = S 10
[1127] = CNOT 10 15
[1128] = CNOT 10 75
[1129] = S 10
[1130] = Z 10
[1131] = CNOT 10 75
[1132] = CNOT 10 76
[1133] = S 10
[1134] = Z 10
[1135] = CNOT 10 76
[1136] = CNOT 11 13
[1137] = S 11
[1138] = Z 11
[1139] = CNOT 11 13
[1140] = CNOT 11 14
[1141] = S 11
[1142] = CNOT 11 14
[1143] = CNOT 11 67
[1144] = S 11
[1145] = Z 11
[1146] = CNOT 11 67
[1147] = CNOT 11 75
[1148] = S 11
[1149] = Z 11
[1150] = CNOT 11 75
[1151] = CNOT 12 13
[1152] = S 12
[1153] = CNOT 12 13
[1154] = CNOT 12 30
[1155] = Z 12
[1156] = CNOT 12 30
[1157] = CNOT 12 48
[1158] = Z 12
[1159] = CNOT 12 48
[1160] = CNOT 12 55
[1161] = Z 12
[1162] = CNOT 12 55
[1163] = CNOT 12 66
[1164] = Z 12
[1165] = CNOT 12 66
[1166] = CNOT 12 74
[1167] = Z 12
[1168] = CNOT 12 74
[1169] = CNOT 12 75
[1170] = Z 12
[1171] = CNOT 12 75
[1172] = CNOT 13 27
[1173] = S 13
[1174] = Z 13
[1175] = CNOT 13 27
[1176] = CNOT 13 29
[1177] = S 13
[1178] = Z 13
[1179] = CNOT 13 29
[1180] = CNOT 13 30
[1181] = S 13
[1182] = CNOT 13 30
[1183] = CNOT 13 67
[1184] = Z 13
[1185] = CNOT 13 67
[1186] = CNOT 13 75
[1187] = Z 13
[1188] = CNOT 13 75
[1189] = CNOT 14 18
[1190] = S 14
[1191] = Z 14
[1192] = CNOT 14 18
[1193] = CNOT 14 20
[1194] = S 14
[1195] = Z 14
[1196] = CNOT 14 20
[1197] = CNOT 14 21
[1198] = S 14
[1199] = CNOT 14 21
[1200] = CNOT 14 75
[1201] = Z 14
[1202] = CNOT 14 75
[1203] = CNOT 14 76
[1204] = Z 14
[1205] = CNOT 14 76
[1206] = CNOT 15 16
[1207] = S 15
[1208] = CNOT 15 16
[1209] = CNOT 15 17
[1210] = S 15
[1211] = CNOT 15 17
[1212] = CNOT 15 20
[1213] = S 15
[1214] = CNOT 15 20
[1215] = CNOT 16 17
[1216] = S 16
[1217] = CNOT 16 17
[1218] = CNOT 16 23
[1219] = S 16
[1220] = CNOT 16 23
[1221] = CNOT 16 24
[1222] = S 16
[1223] = CNOT 16 24
[1224] = CNOT 16 75
[1225] = S 16
[1226] = Z 16
[1227] = CNOT 16 75
[1228] = CNOT 16 76
[1229] = S 16
[1230] = Z 16
[1231] = CNOT 16 76
[1232] = CNOT 16 77
[1233] = S 16
[1234] = Z 16
[1235] = CNOT 16 77
[1236] = CNOT 17 23
[1237] = S 17
[1238] = CNOT 17 23
[1239] = CNOT 17 25
[1240] = S 17
[1241] = CNOT 17 25
[1242] = CNOT 17 75
[1243] = S 17
[1244] = Z 17
[1245] = CNOT 17 75
[1246] = CNOT 17 76
[1247] = S 17
[1248] = Z 17
[1249] = CNOT 17 76
[1250] = CNOT 17 77
[1251] = S 17
[1252] = Z 17
[1253] = CNOT 17 77
[1254] = CNOT 18 20
[1255] = S 18
[1256] = Z 18
[1257] = CNOT 18 20
[1258] = CNOT 18 22
[1259] = S 18
[1260] = Z 18
[1261] = CNOT 18 22
[1262] = CNOT 18 26
[1263] = S 18
[1264] = CNOT 18 26
[1265] = CNOT 18 75
[1266] = S 18
[1267] = Z 18
[1268] = CNOT 18 75
[1269] = CNOT 18 76
[1270] = S 18
[1271] = Z 18
[1272] = CNOT 18 76
[1273] = CNOT 19 27
[1274] = S 19
[1275] = CNOT 19 27
[1276] = CNOT 19 37
[1277] = Z 19
[1278] = CNOT 19 37
[1279] = CNOT 19 39
[1280] = Z 19
[1281] = CNOT 19 39
[1282] = CNOT 19 57
[1283] = S 19
[1284] = Z 19
[1285] = CNOT 19 57
[1286] = CNOT 19 73
[1287] = S 19
[1288] = Z 19
[1289] = CNOT 19 73
[1290] = CNOT 19 74
[1291] = S 19
[1292] = Z 19
[1293] = CNOT 19 74
[1294] = CNOT 20 22
[1295] = S 20
[1296] = Z 20
[1297] = CNOT 20 22
[1298] = CNOT 20 23
[1299] = S 20
[1300] = CNOT 20 23
[1301] = CNOT 20 75
[1302] = S 20
[1303] = Z 20
[1304] = CNOT 20 75
[1305] = CNOT 20 76
[1306] = S 20
[1307] = Z 20
[1308] = CNOT 20 76
[1309] = CNOT 21 22
[1310] = S 21
[1311] = CNOT 21 22
[1312] = CNOT 22 26
[1313] = S 22
[1314] = Z 22
[1315] = CNOT 22 26
[1316] = CNOT 22 28
[1317] = S 22
[1318] = Z 22
[1319] = CNOT 22 28
[1320] = CNOT 22 29
[1321] = S 22
[1322] = CNOT 22 29
[1323] = CNOT 22 75
[1324] = Z 22
[1325] = CNOT 22 75
[1326] = CNOT 22 76
[1327] = Z 22
[1328] = CNOT 22 76
[1329] = CNOT 23 24
[1330] = S 23
[1331] = CNOT 23 24
[1332] = CNOT 23 25
[1333] = S 23
[1334] = CNOT 23 25
[1335] = CNOT 23 28
[1336] = S 23
[1337] = CNOT 23 28
[1338] = CNOT 24 25
[1339] = S 24
[1340] = CNOT 24 25
[1341] = CNOT 24 33
[1342] = S 24
[1343] = CNOT 24 33
[1344] = CNOT 24 34
[1345] = S 24
[1346] = CNOT 24 34
[1347] = CNOT 24 75
[1348] = S 24
[1349] = Z 24
[1350] = CNOT 24 75
[1351] = CNOT 24 76
[1352] = S 24
[1353] = Z 24
[1354] = CNOT 24 76
[1355] = CNOT 24 77
[1356] = S 24
[1357] = Z 24
[1358] = CNOT 24 77
[1359] = CNOT 25 33
[1360] = S 25
[1361] = CNOT 25 33
[1362] = CNOT 25 35
[1363] = S 25
[1364] = CNOT 25 35
[1365] = CNOT 25 75
[1366] = S 25
[1367] = Z 25
[1368] = CNOT 25 75
[1369] = CNOT 25 76
[1370] = S 25
[1371] = Z 25
[1372] = CNOT 25 76
[1373] = CNOT 25 77
[1374] = S 25
[1375] = Z 25
[1376] = CNOT 25 77
[1377] = CNOT 26 28
[1378] = S 26
[1379] = Z 26
[1380] = CNOT 26 28
[1381] = CNOT 26 32
[1382] = S 26
[1383] = Z 26
[1384] = CNOT 26 32
[1385] = CNOT 26 36
[1386] = S 26
[1387] = CNOT 26 36
[1388] = CNOT 26 75
[1389] = S 26
[1390] = Z 26
[1391] = CNOT 26 75
[1392] = CNOT 26 76
[1393] = S 26
[1394] = Z 26
[1395] = CNOT 26 76
[1396] = CNOT 27 29
[1397] = S 27
[1398] = Z 27
[1399] = CNOT 27 29
[1400] = CNOT 27 31
[1401] = S 27
[1402] = Z 27
[1403] = CNOT 27 31
[1404] = CNOT 27 37
[1405] = S 27
[1406] = CNOT 27 37
[1407] = CNOT 27 67
[1408] = S 27
[1409] = Z 27
[1410] = CNOT 27 67
[1411] = CNOT 27 75
[1412] = S 27
[1413] = Z 27
[1414] = CNOT 27 75
[1415] = CNOT 28 32
[1416] = S 28
[1417] = Z 28
[1418] = CNOT 28 32
[1419] = CNOT 28 33
[1420] = S 28
[1421] = CNOT 28 33
[1422] = CNOT 28 75
[1423] = S 28
[1424] = Z 28
[1425] = CNOT 28 75
[1426] = CNOT 28 76
[1427] = S 28
[1428] = Z 28
[1429] = CNOT 28 76
[1430] = CNOT 29 31
[1431] = S 29
[1432] = Z 29
[1433] = CNOT 29 31
[1434] = CNOT 29 32
[1435] = S 29
[1436] = CNOT 29 32
[1437] = CNOT 29 67
[1438] = S 29
[1439] = Z 29
[1440] = CNOT 29 67
[1441] = CNOT 29 75
[1442] = S 29
[1443] = Z 29
[1444] = CNOT 29 75
[1445] = CNOT 30 31
[1446] = S 30
[1447] = CNOT 30 31
[1448] = CNOT 30 48
[1449] = Z 30
[1450] = CNOT 30 48
[1451] = CNOT 30 55
[1452] = Z 30
[1453] = CNOT 30 55
[1454] = CNOT 30 66
[1455] = Z 30
[1456] = CNOT 30 66
[1457] = CNOT 30 74
[1458] = Z 30
[1459] = CNOT 30 74
[1460] = CNOT 30 75
[1461] = Z 30
[1462] = CNOT 30 75
[1463] = CNOT 31 45
[1464] = S 31
[1465] = Z 31
[1466] = CNOT 31 45
[1467] = CNOT 31 47
[1468] = S 31
[1469] = Z 31
[1470] = CNOT 31 47
[1471] = CNOT 31 48
[1472] = S 31
[1473] = CNOT 31 48
[1474] = CNOT 31 67
[1475] = Z 31
[1476] = CNOT 31 67
[1477] = CNOT 31 75
[1478] = Z 31
[1479] = CNOT 31 75
[1480] = CNOT 32 36
[1481] = S 32
[1482] = Z 32
[1483] = CNOT 32 36
[1484] = CNOT 32 38
[1485] = S 32
[1486] = Z 32
[1487] = CNOT 32 38
[1488] = CNOT 32 39
[1489] = S 32
[1490] = CNOT 32 39
[1491] = CNOT 32 75
[1492] = Z 32
[1493] = CNOT 32 75
[1494] = CNOT 32 76
[1495] = Z 32
[1496] = CNOT 32 76
[1497] = CNOT 33 34
[1498] = S 33
[1499] = CNOT 33 34
[1500] = CNOT 33 35
[1501] = S 33
[1502] = CNOT 33 35
[1503] = CNOT 33 38
[1504] = S 33
[1505] = CNOT 33 38
[1506] = CNOT 34 35
[1507] = S 34
[1508] = CNOT 34 35
[1509] = CNOT 34 41
[1510] = S 34
[1511] = CNOT 34 41
[1512] = CNOT 34 42
[1513] = S 34
[1514] = CNOT 34 42
[1515] = CNOT 34 75
[1516] = S 34
[1517] = Z 34
[1518] = CNOT 34 75
[1519] = CNOT 34 76
[1520] = S 34
[1521] = Z 34
[1522] = CNOT 34 76
[1523] = CNOT 34 77
[1524] = S 34
[1525] = Z 34
[1526] = CNOT 34 77
[1527] = CNOT 35 41
[1528] = S 35
[1529] = CNOT 35 41
[1530] = CNOT 35 43
[1531] = S 35
[1532] = CNOT 35 43
[1533] = CNOT 35 75
[1534] = S 35
[1535] = Z 35
[1536] = CNOT 35 75
[1537] = CNOT 35 76
[1538] = S 35
[1539] = Z 35
[1540] = CNOT 35 76
[1541] = CNOT 35 77
[1542] = S 35
[1543] = Z 35
[1544] = CNOT 35 77
[1545] = CNOT 36 38
[1546] = S 36
[1547] = Z 36
[1548] = CNOT 36 38
[1549] = CNOT 36 40
[1550] = S 36
[1551] = Z 36
[1552] = CNOT 36 40
[1553] = CNOT 36 44
[1554] = S 36
[1555] = CNOT 36 44
[1556] = CNOT 36 75
[1557] = S 36
[1558] = Z 36
[1559] = CNOT 36 75
[1560] = CNOT 36 76
[1561] = S 36
[1562] = Z 36
[1563] = CNOT 36 76
[1564] = CNOT 37 39
[1565] = S 37
[1566] = CNOT 37 39
[1567] = CNOT 37 45
[1568] = S 37
[1569] = CNOT 37 45
[1570] = CNOT 37 57
[1571] = Z 37
[1572] = CNOT 37 57
[1573] = CNOT 37 73
[1574] = Z 37
[1575] = CNOT 37 73
[1576] = CNOT 37 74
[1577] = Z 37
[1578] = CNOT 37 74
[1579] = CNOT 38 40
[1580] = S 38
[1581] = Z 38
[1582] = CNOT 38 40
[1583] = CNOT 38 41
[1584] = S 38
[1585] = CNOT 38 41
[1586] = CNOT 38 75
[1587] = S 38
[1588] = Z 38
[1589] = CNOT 38 75
[1590] = CNOT 38 76
[1591] = S 38
[1592] = Z 38
[1593] = CNOT 38 76
[1594] = CNOT 39 40
[1595] = S 39
[1596] = CNOT 39 40
[1597] = CNOT 39 57
[1598] = Z 39
[1599] = CNOT 39 57
[1600] = CNOT 39 73
[1601] = Z 39
[1602] = CNOT 39 73
[1603] = CNOT 39 74
[1604] = Z 39
[1605] = CNOT 39 74
[1606] = CNOT 40 44
[1607] = S 40
[1608] = Z 40
[1609] = CNOT 40 44
[1610] = CNOT 40 46
[1611] = S 40
[1612] = Z 40
[1613] = CNOT 40 46
[1614] = CNOT 40 47
[1615] = S 40
[1616] = CNOT 40 47
[1617] = CNOT 40 75
[1618] = Z 40
[1619] = CNOT 40 75
[1620] = CNOT 40 76
[1621] = Z 40
[1622] = CNOT 40 76
[1623] = CNOT 41 42
[1624] = S 41
[1625] = CNOT 41 42
[1626] = CNOT 41 43
[1627] = S 41
[1628] = CNOT 41 43
[1629] = CNOT 41 46
[1630] = S 41
[1631] = CNOT 41 46
[1632] = CNOT 42 43
[1633] = S 42
[1634] = CNOT 42 43
[1635] = CNOT 42 51
[1636] = S 42
[1637] = CNOT 42 51
[1638] = CNOT 42 52
[1639] = S 42
[1640] = CNOT 42 52
[1641] = CNOT 42 75
[1642] = S 42
[1643] = Z 42
[1644] = CNOT 42 75
[1645] = CNOT 42 76
[1646] = S 42
[1647] = Z 42
[1648] = CNOT 42 76
[1649] = CNOT 42 77
[1650] = S 42
[1651] = Z 42
[1652] = CNOT 42 77
[1653] = CNOT 43 51
[1654] = S 43
[1655] = CNOT 43 51
[1656] = CNOT 43 53
[1657] = S 43
[1658] = CNOT 43 53
[1659] = CNOT 43 75
[1660] = S 43
[1661] = Z 43
[1662] = CNOT 43 75
[1663] = CNOT 43 76
[1664] = S 43
[1665] = Z 43
[1666] = CNOT 43 76
[1667] = CNOT 43 77
[1668] = S 43
[1669] = Z 43
[1670] = CNOT 43 77
[1671] = CNOT 44 46
[1672] = S 44
[1673] = Z 44
[1674] = CNOT 44 46
[1675] = CNOT 44 50
[1676] = S 44
[1677] = Z 44
[1678] = CNOT 44 50
[1679] = CNOT 44 54
[1680] = S 44
[1681] = CNOT 44 54
[1682] = CNOT 44 75
[1683] = S 44
[1684] = Z 44
[1685] = CNOT 44 75
[1686] = CNOT 44 76
[1687] = S 44
[1688] = Z 44
[1689] = CNOT 44 76
[1690] = CNOT 45 47
[1691] = S 45
[1692] = Z 45
[1693] = CNOT 45 47
[1694] = CNOT 45 49
[1695] = S 45
[1696] = Z 45
[1697] = CNOT 45 49
[1698] = CNOT 45 55
[1699] = S 45
[1700] = CNOT 45 55
[1701] = CNOT 45 67
[1702] = S 45
[1703] = Z 45
[1704] = CNOT 45 67
[1705] = CNOT 45 75
[1706] = S 45
[1707] = Z 45
[1708] = CNOT 45 75
[1709] = CNOT 46 50
[1710] = S 46
[1711] = Z 46
[1712] = CNOT 46 50
[1713] = CNOT 46 51
[1714] = S 46
[1715] = CNOT 46 51
[1716] = CNOT 46 75
[1717] = S 46
[1718] = Z 46
[1719] = CNOT 46 75
[1720] = CNOT 46 76
[1721] = S 46
[1722] = Z 46
[1723] = CNOT 46 76
[1724] = CNOT 47 49
[1725] = S 47
[1726] = Z 47
[1727] = CNOT 47 49
[1728] = CNOT 47 50
[1729] = S 47
[1730] = CNOT 47 50
[1731] = CNOT 47 67
[1732] = S 47
[1733] = Z 47
[1734] = CNOT 47 67
[1735] = CNOT 47 75
[1736] = S 47
[1737] = Z 47
[1738] = CNOT 47 75
[1739] = CNOT 48 49
[1740] = S 48
[1741] = CNOT 48 49
[1742] = CNOT 48 55
[1743] = Z 48
[1744] = CNOT 48 55
[1745] = CNOT 48 66
[1746] = Z 48
[1747] = CNOT 48 66
[1748] = CNOT 48 74
[1749] = Z 48
[1750] = CNOT 48 74
[1751] = CNOT 48 75
[1752] = Z 48
[1753] = CNOT 48 75
[1754] = CNOT 49 63
[1755] = S 49
[1756] = Z 49
[1757] = CNOT 49 63
[1758] = CNOT 49 65
[1759] = S 49
[1760] = Z 49
[1761] = CNOT 49 65
[1762] = CNOT 49 66
[1763] = S 49
[1764] = CNOT 49 66
[1765] = CNOT 49 67
[1766] = Z 49
[1767] = CNOT 49 67
[1768] = CNOT 49 75
[1769] = Z 49
[1770] = CNOT 49 75
[1771] = CNOT 50 54
[1772] = S 50
[1773] = Z 50
[1774] = CNOT 50 54
[1775] = CNOT 50 56
[1776] = S 50
[1777] = Z 50
[1778] = CNOT 50 56
[1779] = CNOT 50 57
[1780] = S 50
[1781] = CNOT 50 57
[1782] = CNOT 50 75
[1783] = Z 50
[1784] = CNOT 50 75
[1785] = CNOT 50 76
[1786] = Z 50
[1787] = CNOT 50 76
[1788] = CNOT 51 52
[1789] = S 51
[1790] = CNOT 51 52
[1791] = CNOT 51 53
[1792] = S 51
[1793] = CNOT 51 53
[1794] = CNOT 51 56
[1795] = S 51
[1796] = CNOT 51 56
[1797] = CNOT 52 53
[1798] = S 52
[1799] = CNOT 52 53
[1800] = CNOT 52 59
[1801] = S 52
[1802] = CNOT 52 59
[1803] = CNOT 52 60
[1804] = S 52
[1805] = CNOT 52 60
[1806] = CNOT 52 75
[1807] = S 52
[1808] = Z 52
[1809] = CNOT 52 75
[1810] = CNOT 52 76
[1811] = S 52
[1812] = Z 52
[1813] = CNOT 52 76
[1814] = CNOT 52 77
[1815] = S 52
[1816] = Z 52
[1817] = CNOT 52 77
[1818] = CNOT 53 59
[1819] = S 53
[1820] = CNOT 53 59
[1821] = CNOT 53 61
[1822] = S 53
[1823] = CNOT 53 61
[1824] = CNOT 53 75
[1825] = S 53
[1826] = Z 53
[1827] = CNOT 53 75
[1828] = CNOT 53 76
[1829] = S 53
[1830] = Z 53
[1831] = CNOT 53 76
[1832] = CNOT 53 77
[1833] = S 53
[1834] = Z 53
[1835] = CNOT 53 77
[1836] = CNOT 54 56
[1837] = S 54
[1838] = Z 54
[1839] = CNOT 54 56
[1840] = CNOT 54 58
[1841] = S 54
[1842] = Z 54
[1843] = CNOT 54 58
[1844] = CNOT 54 62
[1845] = S 54
[1846] = CNOT 54 62
[1847] = CNOT 54 75
[1848] = S 54
[1849] = Z 54
[1850] = CNOT 54 75
[1851] = CNOT 54 76
[1852] = S 54
[1853] = Z 54
[1854] = CNOT 54 76
[1855] = CNOT 55 57
[1856] = S 55
[1857] = Z 55
[1858] = CNOT 55 57
[1859] = CNOT 55 63
[1860] = S 55
[1861] = CNOT 55 63
[1862] = CNOT 55 66
[1863] = Z 55
[1864] = CNOT 55 66
[1865] = CNOT 55 73
[1866] = S 55
[1867] = Z 55
[1868] = CNOT 55 73
[1869] = CNOT 55 74
[1870] = S 55
[1871] = CNOT 55 74
[1872] = CNOT 55 75
[1873] = Z 55
[1874] = CNOT 55 75
[1875] = CNOT 56 58
[1876] = S 56
[1877] = Z 56
[1878] = CNOT 56 58
[1879] = CNOT 56 59
[1880] = S 56
[1881] = CNOT 56 59
[1882] = CNOT 56 75
[1883] = S 56
[1884] = Z 56
[1885] = CNOT 56 75
[1886] = CNOT 56 76
[1887] = S 56
[1888] = Z 56
[1889] = CNOT 56 76
[1890] = CNOT 57 58
[1891] = S 57
[1892] = CNOT 57 58
[1893] = CNOT 57 73
[1894] = Z 57
[1895] = CNOT 57 73
[1896] = CNOT 57 74
[1897] = Z 57
[1898] = CNOT 57 74
[1899] = CNOT 58 62
[1900] = S 58
[1901] = Z 58
[1902] = CNOT 58 62
[1903] = CNOT 58 64
[1904] = S 58
[1905] = Z 58
[1906] = CNOT 58 64
[1907] = CNOT 58 65
[1908] = S 58
[1909] = CNOT 58 65
[1910] = CNOT 58 75
[1911] = Z 58
[1912] = CNOT 58 75
[1913] = CNOT 58 76
[1914] = Z 58
[1915] = CNOT 58 76
[1916] = CNOT 59 60
[1917] = S 59
[1918] = CNOT 59 60
[1919] = CNOT 59 61
[1920] = S 59
[1921] = CNOT 59 61
[1922] = CNOT 59 64
[1923] = S 59
[1924] = CNOT 59 64
[1925] = CNOT 60 61
[1926] = S 60
[1927] = CNOT 60 61
[1928] = CNOT 60 69
[1929] = S 60
[1930] = CNOT 60 69
[1931] = CNOT 60 70
[1932] = S 60
[1933] = CNOT 60 70
[1934] = CNOT 60 75
[1935] = S 60
[1936] = Z 60
[1937] = CNOT 60 75
[1938] = CNOT 60 76
[1939] = S 60
[1940] = Z 60
[1941] = CNOT 60 76
[1942] = CNOT 60 77
[1943] = S 60
[1944] = Z 60
[1945] = CNOT 60 77
[1946] = CNOT 61 69
[1947] = S 61
[1948] = CNOT 61 69
[1949] = CNOT 61 71
[1950] = S 61
[1951] = CNOT 61 71
[1952] = CNOT 61 75
[1953] = S 61
[1954] = Z 61
[1955] = CNOT 61 75
[1956] = CNOT 61 76
[1957] = S 61
[1958] = Z 61
[1959] = CNOT 61 76
[1960] = CNOT 61 77
[1961] = S 61
[1962] = Z 61
[1963] = CNOT 61 77
[1964] = CNOT 62 64
[1965] = S 62
[1966] = Z 62
[1967] = CNOT 62 64
[1968] = CNOT 62 68
[1969] = S 62
[1970] = Z 62
[1971] = CNOT 62 68
[1972] = CNOT 62 72
[1973] = S 62
[1974] = CNOT 62 72
[1975] = CNOT 62 75
[1976] = S 62
[1977] = Z 62
[1978] = CNOT 62 75
[1979] = CNOT 62 76
[1980] = S 62
[1981] = Z 62
[1982] = CNOT 62 76
[1983] = CNOT 63 65
[1984] = Z 63
[1985] = CNOT 63 65
[1986] = CNOT 63 67
[1987] = S 63
[1988] = Z 63
[1989] = CNOT 63 67
[1990] = CNOT 63 73
[1991] = S 63
[1992] = CNOT 63 73
[1993] = CNOT 64 68
[1994] = S 64
[1995] = Z 64
[1996] = CNOT 64 68
[1997] = CNOT 64 69
[1998] = S 64
[1999] = CNOT 64 69
[2000] = CNOT 64 75
[2001] = S 64
[2002] = Z 64
[2003] = CNOT 64 75
[2004] = CNOT 64 76
[2005] = S 64
[2006] = Z 64
[2007] = CNOT 64 76
[2008] = CNOT 65 67
[2009] = S 65
[2010] = Z 65
[2011] = CNOT 65 67
[2012] = CNOT 65 68
[2013] = S 65
[2014] = CNOT 65 68
[2015] = CNOT 66 67
[2016] = S 66
[2017] = CNOT 66 67
[2018] = CNOT 66 74
[2019] = Z 66
[2020] = CNOT 66 74
[2021] = CNOT 66 75
[2022] = Z 66
[2023] = CNOT 66 75
[2024] = CNOT 68 72
[2025] = S 68
[2026] = Z 68
[2027] = CNOT 68 72
[2028] = CNOT 68 74
[2029] = S 68
[2030] = Z 68
[2031] = CNOT 68 74
[2032] = CNOT 68 75
[2033] = S 68
[2034] = Z 68
[2035] = CNOT 68 75
[2036] = CNOT 68 76
[2037] = Z 68
[2038] = CNOT 68 76
[2039] = CNOT 69 70
[2040] = S 69
[2041] = CNOT 69 70
[2042] = CNOT 69 71
[2043] = S 69
[2044] = CNOT 69 71
[2045] = CNOT 69 74
[2046] = S 69
[2047] = CNOT 69 74
[2048] = CNOT 70 75
[2049] = S 70
[2050] = CNOT 70 75
[2051] = CNOT 70 76
[2052] = S 70
[2053] = CNOT 70 76
[2054] = CNOT 70 77
[2055] = S 70
[2056] = CNOT 70 77
[2057] = CNOT 71 75
[2058] = S 71
[2059] = CNOT 71 75
[2060] = CNOT 71 76
[2061] = S 71
[2062] = CNOT 71 76
[2063] = CNOT 71 77
[2064] = S 71
[2065] = CNOT 71 77
[2066] = CNOT 72 74
[2067] = Z 72
[2068] = CNOT 72 74
[2069] = CNOT 72 76
[2070] = S 72
[2071] = Z 72
[2072] = CNOT 72 76
[2073] = CNOT 73 74
[2074] = S 73
[2075] = CNOT 73 74
[2076] = CNOT 73 75
[2077] = S 73
[2078] = Z 73
[2079] = CNOT 73 75
[2080] = CNOT 74 75
[2081] = S 74
[2082] = Z 74
[2083] = CNOT 74 75
[2084] = CNOT 74 76
[2085] = S 74
[2086] = Z 74
[2087] = CNOT 74 76
[2088] = CNOT 74 77
[2089] = S 74
[2090] = CNOT 74 77
[2091] = CNOT 75 76
[2092] = S 75
[2093] = Z 75
[2094] = CNOT 75 76
[2095] = CNOT 75 77
[2096] = Z 75
[2097] = CNOT 75 77
[2098] = CNOT 76 77
[2099] = Z 76
[2100] = CNOT 76 77
[2101] = CNOT 1 2
[2102] = CNOT 1 8
[2103] = S 1
[2104] = Z 1
[2105] = CNOT 1 8
[2106] = CNOT 1 75
[2107] = S 1
[2108] = Z 1
[2109] = CNOT 1 75
[2110] = CNOT 1 76
[2111] = S 1
[2112] = Z 1
[2113] = CNOT 1 76
[2114] = CNOT 1 77
[2115] = S 1
[2116] = Z 1
[2117] = CNOT 1 77
[2118] = CNOT 1 2
[2119] = CNOT 1 7
[2120] = CNOT 1 8
[2121] = S 1
[2122] = Z 1
[2123] = CNOT 1 8
[2124] = CNOT 1 75
[2125] = S 1
[2126] = Z 1
[2127] = CNOT 1 75
[2128] = CNOT 1 76
[2129] = S 1
[2130] = Z 1
[2131] = CNOT 1 76
[2132] = CNOT 1 77
[2133] = S 1
[2134] = Z 1
[2135] = CNOT 1 77
[2136] = CNOT 1 7
[2137] = CNOT 1 8
[2138] = CNOT 1 15
[2139] = S 1
[2140] = Z 1
[2141] = CNOT 1 15
[2142] = CNOT 1 75
[2143] = Z 1
[2144] = CNOT 1 75
[2145] = CNOT 1 76
[2146] = Z 1
[2147] = CNOT 1 76
[2148] = CNOT 1 77
[2149] = Z 1
[2150] = CNOT 1 77
[2151] = CNOT 1 8
[2152] = CNOT 1 15
[2153] = CNOT 1 75
[2154] = S 1
[2155] = Z 1
[2156] = CNOT 1 75
[2157] = CNOT 1 76
[2158] = S 1
[2159] = Z 1
[2160] = CNOT 1 76
[2161] = CNOT 1 77
[2162] = S 1
[2163] = Z 1
[2164] = CNOT 1 77
[2165] = CNOT 1 15
[2166] = CNOT 1 75
[2167] = CNOT 1 76
[2168] = Z 1
[2169] = CNOT 1 76
[2170] = CNOT 1 77
[2171] = Z 1
[2172] = CNOT 1 75
[2173] = CNOT 1 76
[2174] = Z 1
[2175] = CNOT 1 77
[2176] = CNOT 1 76
[2177] = CNOT 2 7
[2178] = CNOT 2 8
[2179] = S 2
[2180] = Z 2
[2181] = CNOT 2 8
[2182] = CNOT 2 75
[2183] = S 2
[2184] = Z 2
[2185] = CNOT 2 75
[2186] = CNOT 2 76
[2187] = S 2
[2188] = Z 2
[2189] = CNOT 2 76
[2190] = CNOT 2 77
[2191] = S 2
[2192] = Z 2
[2193] = CNOT 2 77
[2194] = CNOT 2 7
[2195] = CNOT 2 8
[2196] = CNOT 2 15
[2197] = S 2
[2198] = Z 2
[2199] = CNOT 2 15
[2200] = CNOT 2 75
[2201] = Z 2
[2202] = CNOT 2 75
[2203] = CNOT 2 76
[2204] = Z 2
[2205] = CNOT 2 76
[2206] = CNOT 2 77
[2207] = Z 2
[2208] = CNOT 2 77
[2209] = CNOT 2 8
[2210] = CNOT 2 15
[2211] = CNOT 2 75
[2212] = S 2
[2213] = Z 2
[2214] = CNOT 2 75
[2215] = CNOT 2 76
[2216] = S 2
[2217] = Z 2
[2218] = CNOT 2 76
[2219] = CNOT 2 77
[2220] = S 2
[2221] = Z 2
[2222] = CNOT 2 77
[2223] = CNOT 2 15
[2224] = CNOT 2 75
[2225] = CNOT 2 76
[2226] = Z 2
[2227] = CNOT 2 76
[2228] = CNOT 2 77
[2229] = Z 2
[2230] = CNOT 2 75
[2231] = CNOT 2 76
[2232] = Z 2
[2233] = CNOT 2 77
[2234] = CNOT 2 76
[2235] = CNOT 3 8
[2236] = CNOT 3 75
[2237] = S 3
[2238] = Z 3
[2239] = CNOT 3 75
[2240] = CNOT 3 76
[2241] = S 3
[2242] = Z 3
[2243] = CNOT 3 76
[2244] = CNOT 3 8
[2245] = CNOT 3 10
[2246] = CNOT 3 75
[2247] = S 3
[2248] = Z 3
[2249] = CNOT 3 75
[2250] = CNOT 3 76
[2251] = S 3
[2252] = Z 3
[2253] = CNOT 3 76
[2254] = CNOT 3 10
[2255] = CNOT 3 14
[2256] = CNOT 3 75
[2257] = S 3
[2258] = Z 3
[2259] = CNOT 3 75
[2260] = CNOT 3 76
[2261] = S 3
[2262] = Z 3
[2263] = CNOT 3 14
[2264] = CNOT 3 75
[2265] = Z 3
[2266] = CNOT 3 76
[2267] = CNOT 3 75
[2268] = CNOT 4 9
[2269] = CNOT 4 67
[2270] = S 4
[2271] = Z 4
[2272] = CNOT 4 67
[2273] = CNOT 4 75
[2274] = S 4
[2275] = Z 4
[2276] = CNOT 4 75
[2277] = CNOT 4 9
[2278] = CNOT 4 11
[2279] = CNOT 4 67
[2280] = S 4
[2281] = Z 4
[2282] = CNOT 4 67
[2283] = CNOT 4 75
[2284] = S 4
[2285] = Z 4
[2286] = CNOT 4 75
[2287] = CNOT 4 11
[2288] = CNOT 4 13
[2289] = CNOT 4 67
[2290] = S 4
[2291] = Z 4
[2292] = CNOT 4 67
[2293] = CNOT 4 75
[2294] = S 4
[2295] = Z 4
[2296] = CNOT 4 13
[2297] = CNOT 4 67
[2298] = Z 4
[2299] = CNOT 4 75
[2300] = CNOT 4 67
[2301] = CNOT 5 6
[2302] = CNOT 5 55
[2303] = S 5
[2304] = Z 5
[2305] = CNOT 5 55
[2306] = CNOT 5 73
[2307] = S 5
[2308] = Z 5
[2309] = CNOT 5 73
[2310] = CNOT 5 75
[2311] = S 5
[2312] = Z 5
[2313] = CNOT 5 75
[2314] = CNOT 5 6
[2315] = CNOT 5 12
[2316] = CNOT 5 30
[2317] = S 5
[2318] = Z 5
[2319] = CNOT 5 30
[2320] = CNOT 5 48
[2321] = S 5
[2322] = Z 5
[2323] = CNOT 5 48
[2324] = CNOT 5 55
[2325] = S 5
[2326] = Z 5
[2327] = CNOT 5 55
[2328] = CNOT 5 66
[2329] = S 5
[2330] = Z 5
[2331] = CNOT 5 66
[2332] = CNOT 5 74
[2333] = S 5
[2334] = Z 5
[2335] = CNOT 5 74
[2336] = CNOT 5 75
[2337] = S 5
[2338] = Z 5
[2339] = CNOT 5 75
[2340] = CNOT 5 12
[2341] = CNOT 5 19
[2342] = CNOT 5 37
[2343] = S 5
[2344] = Z 5
[2345] = CNOT 5 37
[2346] = CNOT 5 39
[2347] = S 5
[2348] = Z 5
[2349] = CNOT 5 39
[2350] = CNOT 5 57
[2351] = Z 5
[2352] = CNOT 5 57
[2353] = CNOT 5 73
[2354] = Z 5
[2355] = CNOT 5 73
[2356] = CNOT 5 74
[2357] = Z 5
[2358] = CNOT 5 74
[2359] = CNOT 5 19
[2360] = CNOT 5 21
[2361] = CNOT 5 57
[2362] = S 5
[2363] = Z 5
[2364] = CNOT 5 57
[2365] = CNOT 5 73
[2366] = S 5
[2367] = Z 5
[2368] = CNOT 5 73
[2369] = CNOT 5 74
[2370] = S 5
[2371] = Z 5
[2372] = CNOT 5 74
[2373] = CNOT 5 21
[2374] = CNOT 5 30
[2375] = CNOT 5 48
[2376] = S 5
[2377] = Z 5
[2378] = CNOT 5 48
[2379] = CNOT 5 55
[2380] = S 5
[2381] = Z 5
[2382] = CNOT 5 55
[2383] = CNOT 5 66
[2384] = S 5
[2385] = Z 5
[2386] = CNOT 5 66
[2387] = CNOT 5 74
[2388] = S 5
[2389] = Z 5
[2390] = CNOT 5 74
[2391] = CNOT 5 75
[2392] = S 5
[2393] = Z 5
[2394] = CNOT 5 75
[2395] = CNOT 5 30
[2396] = CNOT 5 37
[2397] = CNOT 5 57
[2398] = S 5
[2399] = Z 5
[2400] = CNOT 5 57
[2401] = CNOT 5 73
[2402] = S 5
[2403] = Z 5
[2404] = CNOT 5 73
[2405] = CNOT 5 74
[2406] = S 5
[2407] = Z 5
[2408] = CNOT 5 74
[2409] = CNOT 5 37
[2410] = CNOT 5 39
[2411] = CNOT 5 57
[2412] = S 5
[2413] = Z 5
[2414] = CNOT 5 57
[2415] = CNOT 5 73
[2416] = S 5
[2417] = Z 5
[2418] = CNOT 5 73
[2419] = CNOT 5 74
[2420] = S 5
[2421] = Z 5
[2422] = CNOT 5 74
[2423] = CNOT 5 39
[2424] = CNOT 5 48
[2425] = CNOT 5 55
[2426] = S 5
[2427] = Z 5
[2428] = CNOT 5 55
[2429] = CNOT 5 66
[2430] = S 5
[2431] = Z 5
[2432] = CNOT 5 66
[2433] = CNOT 5 74
[2434] = S 5
[2435] = Z 5
[2436] = CNOT 5 74
[2437] = CNOT 5 75
[2438] = S 5
[2439] = Z 5
[2440] = CNOT 5 75
[2441] = CNOT 5 48
[2442] = CNOT 5 55
[2443] = CNOT 5 66
[2444] = S 5
[2445] = Z 5
[2446] = CNOT 5 66
[2447] = CNOT 5 73
[2448] = S 5
[2449] = Z 5
[2450] = CNOT 5 73
[2451] = CNOT 5 74
[2452] = Z 5
[2453] = CNOT 5 74
[2454] = CNOT 5 75
[2455] = S 5
[2456] = Z 5
[2457] = CNOT 5 75
[2458] = CNOT 5 55
[2459] = CNOT 5 57
[2460] = CNOT 5 73
[2461] = S 5
[2462] = CNOT 5 73
[2463] = CNOT 5 74
[2464] = S 5
[2465] = CNOT 5 57
[2466] = CNOT 5 66
[2467] = S 5
[2468] = Z 5
[2469] = CNOT 5 74
[2470] = CNOT 5 75
[2471] = S 5
[2472] = Z 5
[2473] = CNOT 5 75
[2474] = CNOT 5 66
[2475] = CNOT 6 12
[2476] = CNOT 6 30
[2477] = S 6
[2478] = Z 6
[2479] = CNOT 6 30
[2480] = CNOT 6 48
[2481] = S 6
[2482] = Z 6
[2483] = CNOT 6 48
[2484] = CNOT 6 55
[2485] = S 6
[2486] = Z 6
[2487] = CNOT 6 55
[2488] = CNOT 6 66
[2489] = S 6
[2490] = Z 6
[2491] = CNOT 6 66
[2492] = CNOT 6 74
[2493] = S 6
[2494] = Z 6
[2495] = CNOT 6 74
[2496] = CNOT 6 75
[2497] = S 6
[2498] = Z 6
[2499] = CNOT 6 75
[2500] = CNOT 6 12
[2501] = CNOT 6 30
[2502] = CNOT 6 48
[2503] = S 6
[2504] = Z 6
[2505] = CNOT 6 48
[2506] = CNOT 6 55
[2507] = S 6
[2508] = Z 6
[2509] = CNOT 6 55
[2510] = CNOT 6 66
[2511] = S 6
[2512] = Z 6
[2513] = CNOT 6 66
[2514] = CNOT 6 74
[2515] = S 6
[2516] = Z 6
[2517] = CNOT 6 74
[2518] = CNOT 6 75
[2519] = S 6
[2520] = Z 6
[2521] = CNOT 6 75
[2522] = CNOT 6 30
[2523] = CNOT 6 48
[2524] = CNOT 6 55
[2525] = S 6
[2526] = Z 6
[2527] = CNOT 6 55
[2528] = CNOT 6 66
[2529] = S 6
[2530] = Z 6
[2531] = CNOT 6 66
[2532] = CNOT 6 74
[2533] = S 6
[2534] = Z 6
[2535] = CNOT 6 74
[2536] = CNOT 6 75
[2537] = S 6
[2538] = Z 6
[2539] = CNOT 6 75
[2540] = CNOT 6 48
[2541] = CNOT 6 55
[2542] = CNOT 6 66
[2543] = S 6
[2544] = Z 6
[2545] = CNOT 6 66
[2546] = CNOT 6 73
[2547] = S 6
[2548] = Z 6
[2549] = CNOT 6 73
[2550] = CNOT 6 74
[2551] = Z 6
[2552] = CNOT 6 74
[2553] = CNOT 6 75
[2554] = S 6
[2555] = Z 6
[2556] = CNOT 6 75
[2557] = CNOT 6 55
[2558] = CNOT 6 66
[2559] = CNOT 6 74
[2560] = S 6
[2561] = Z 6
[2562] = CNOT 6 74
[2563] = CNOT 6 75
[2564] = S 6
[2565] = Z 6
[2566] = CNOT 6 75
[2567] = CNOT 6 66
[2568] = CNOT 6 73
[2569] = CNOT 6 74
[2570] = Z 6
[2571] = CNOT 6 74
[2572] = CNOT 6 75
[2573] = S 6
[2574] = Z 6
[2575] = CNOT 6 73
[2576] = CNOT 6 74
[2577] = Z 6
[2578] = CNOT 6 75
[2579] = CNOT 6 74
[2580] = CNOT 7 8
[2581] = CNOT 7 75
[2582] = Z 7
[2583] = CNOT 7 75
[2584] = CNOT 7 76
[2585] = Z 7
[2586] = CNOT 7 76
[2587] = CNOT 7 77
[2588] = Z 7
[2589] = CNOT 7 77
[2590] = CNOT 7 8
[2591] = CNOT 7 75
[2592] = CNOT 7 76
[2593] = Z 7
[2594] = CNOT 7 76
[2595] = CNOT 7 77
[2596] = Z 7
[2597] = CNOT 7 75
[2598] = CNOT 7 76
[2599] = Z 7
[2600] = CNOT 7 76
[2601] = CNOT 8 10
[2602] = CNOT 8 75
[2603] = S 8
[2604] = Z 8
[2605] = CNOT 8 75
[2606] = CNOT 8 76
[2607] = S 8
[2608] = Z 8
[2609] = CNOT 8 76
[2610] = CNOT 8 10
[2611] = CNOT 8 15
[2612] = CNOT 8 16
[2613] = S 8
[2614] = Z 8
[2615] = CNOT 8 16
[2616] = CNOT 8 17
[2617] = S 8
[2618] = Z 8
[2619] = CNOT 8 17
[2620] = CNOT 8 75
[2621] = S 8
[2622] = CNOT 8 75
[2623] = CNOT 8 76
[2624] = S 8
[2625] = CNOT 8 76
[2626] = CNOT 8 77
[2627] = S 8
[2628] = CNOT 8 77
[2629] = CNOT 8 15
[2630] = CNOT 8 16
[2631] = CNOT 8 17
[2632] = S 8
[2633] = Z 8
[2634] = CNOT 8 17
[2635] = CNOT 8 23
[2636] = S 8
[2637] = Z 8
[2638] = CNOT 8 23
[2639] = CNOT 8 75
[2640] = Z 8
[2641] = CNOT 8 75
[2642] = CNOT 8 76
[2643] = Z 8
[2644] = CNOT 8 76
[2645] = CNOT 8 77
[2646] = Z 8
[2647] = CNOT 8 77
[2648] = CNOT 8 16
[2649] = CNOT 8 17
[2650] = CNOT 8 23
[2651] = S 8
[2652] = Z 8
[2653] = CNOT 8 23
[2654] = CNOT 8 75
[2655] = Z 8
[2656] = CNOT 8 75
[2657] = CNOT 8 76
[2658] = Z 8
[2659] = CNOT 8 76
[2660] = CNOT 8 77
[2661] = Z 8
[2662] = CNOT 8 77
[2663] = CNOT 8 17
[2664] = CNOT 8 23
[2665] = CNOT 8 24
[2666] = S 8
[2667] = Z 8
[2668] = CNOT 8 24
[2669] = CNOT 8 25
[2670] = S 8
[2671] = Z 8
[2672] = CNOT 8 25
[2673] = CNOT 8 75
[2674] = S 8
[2675] = CNOT 8 75
[2676] = CNOT 8 76
[2677] = S 8
[2678] = CNOT 8 76
[2679] = CNOT 8 77
[2680] = S 8
[2681] = CNOT 8 77
[2682] = CNOT 8 23
[2683] = CNOT 8 24
[2684] = CNOT 8 25
[2685] = S 8
[2686] = Z 8
[2687] = CNOT 8 25
[2688] = CNOT 8 33
[2689] = S 8
[2690] = Z 8
[2691] = CNOT 8 33
[2692] = CNOT 8 75
[2693] = Z 8
[2694] = CNOT 8 75
[2695] = CNOT 8 76
[2696] = Z 8
[2697] = CNOT 8 76
[2698] = CNOT 8 77
[2699] = Z 8
[2700] = CNOT 8 77
[2701] = CNOT 8 24
[2702] = CNOT 8 25
[2703] = CNOT 8 33
[2704] = S 8
[2705] = Z 8
[2706] = CNOT 8 33
[2707] = CNOT 8 75
[2708] = Z 8
[2709] = CNOT 8 75
[2710] = CNOT 8 76
[2711] = Z 8
[2712] = CNOT 8 76
[2713] = CNOT 8 77
[2714] = Z 8
[2715] = CNOT 8 77
[2716] = CNOT 8 25
[2717] = CNOT 8 33
[2718] = CNOT 8 34
[2719] = S 8
[2720] = Z 8
[2721] = CNOT 8 34
[2722] = CNOT 8 35
[2723] = S 8
[2724] = Z 8
[2725] = CNOT 8 35
[2726] = CNOT 8 75
[2727] = S 8
[2728] = CNOT 8 75
[2729] = CNOT 8 76
[2730] = S 8
[2731] = CNOT 8 76
[2732] = CNOT 8 77
[2733] = S 8
[2734] = CNOT 8 77
[2735] = CNOT 8 33
[2736] = CNOT 8 34
[2737] = CNOT 8 35
[2738] = S 8
[2739] = Z 8
[2740] = CNOT 8 35
[2741] = CNOT 8 41
[2742] = S 8
[2743] = Z 8
[2744] = CNOT 8 41
[2745] = CNOT 8 75
[2746] = Z 8
[2747] = CNOT 8 75
[2748] = CNOT 8 76
[2749] = Z 8
[2750] = CNOT 8 76
[2751] = CNOT 8 77
[2752] = Z 8
[2753] = CNOT 8 77
[2754] = CNOT 8 34
[2755] = CNOT 8 35
[2756] = CNOT 8 41
[2757] = S 8
[2758] = Z 8
[2759] = CNOT 8 41
[2760] = CNOT 8 75
[2761] = Z 8
[2762] = CNOT 8 75
[2763] = CNOT 8 76
[2764] = Z 8
[2765] = CNOT 8 76
[2766] = CNOT 8 77
[2767] = Z 8
[2768] = CNOT 8 77
[2769] = CNOT 8 35
[2770] = CNOT 8 41
[2771] = CNOT 8 42
[2772] = S 8
[2773] = Z 8
[2774] = CNOT 8 42
[2775] = CNOT 8 43
[2776] = S 8
[2777] = Z 8
[2778] = CNOT 8 43
[2779] = CNOT 8 75
[2780] = S 8
[2781] = CNOT 8 75
[2782] = CNOT 8 76
[2783] = S 8
[2784] = CNOT 8 76
[2785] = CNOT 8 77
[2786] = S 8
[2787] = CNOT 8 77
[2788] = CNOT 8 41
[2789] = CNOT 8 42
[2790] = CNOT 8 43
[2791] = S 8
[2792] = Z 8
[2793] = CNOT 8 43
[2794] = CNOT 8 51
[2795] = S 8
[2796] = Z 8
[2797] = CNOT 8 51
[2798] = CNOT 8 75
[2799] = Z 8
[2800] = CNOT 8 75
[2801] = CNOT 8 76
[2802] = Z 8
[2803] = CNOT 8 76
[2804] = CNOT 8 77
[2805] = Z 8
[2806] = CNOT 8 77
[2807] = CNOT 8 42
[2808] = CNOT 8 43
[2809] = CNOT 8 51
[2810] = S 8
[2811] = Z 8
[2812] = CNOT 8 51
[2813] = CNOT 8 75
[2814] = Z 8
[2815] = CNOT 8 75
[2816] = CNOT 8 76
[2817] = Z 8
[2818] = CNOT 8 76
[2819] = CNOT 8 77
[2820] = Z 8
[2821] = CNOT 8 77
[2822] = CNOT 8 43
[2823] = CNOT 8 51
[2824] = CNOT 8 52
[2825] = S 8
[2826] = Z 8
[2827] = CNOT 8 52
[2828] = CNOT 8 53
[2829] = S 8
[2830] = Z 8
[2831] = CNOT 8 53
[2832] = CNOT 8 75
[2833] = S 8
[2834] = CNOT 8 75
[2835] = CNOT 8 76
[2836] = S 8
[2837] = CNOT 8 76
[2838] = CNOT 8 77
[2839] = S 8
[2840] = CNOT 8 77
[2841] = CNOT 8 51
[2842] = CNOT 8 52
[2843] = CNOT 8 53
[2844] = S 8
[2845] = Z 8
[2846] = CNOT 8 53
[2847] = CNOT 8 59
[2848] = S 8
[2849] = Z 8
[2850] = CNOT 8 59
[2851] = CNOT 8 75
[2852] = Z 8
[2853] = CNOT 8 75
[2854] = CNOT 8 76
[2855] = Z 8
[2856] = CNOT 8 76
[2857] = CNOT 8 77
[2858] = Z 8
[2859] = CNOT 8 77
[2860] = CNOT 8 52
[2861] = CNOT 8 53
[2862] = CNOT 8 59
[2863] = S 8
[2864] = Z 8
[2865] = CNOT 8 59
[2866] = CNOT 8 75
[2867] = Z 8
[2868] = CNOT 8 75
[2869] = CNOT 8 76
[2870] = Z 8
[2871] = CNOT 8 76
[2872] = CNOT 8 77
[2873] = Z 8
[2874] = CNOT 8 77
[2875] = CNOT 8 53
[2876] = CNOT 8 59
[2877] = CNOT 8 60
[2878] = S 8
[2879] = Z 8
[2880] = CNOT 8 60
[2881] = CNOT 8 61
[2882] = S 8
[2883] = Z 8
[2884] = CNOT 8 61
[2885] = CNOT 8 75
[2886] = S 8
[2887] = CNOT 8 75
[2888] = CNOT 8 76
[2889] = S 8
[2890] = CNOT 8 76
[2891] = CNOT 8 77
[2892] = S 8
[2893] = CNOT 8 77
[2894] = CNOT 8 59
[2895] = CNOT 8 60
[2896] = CNOT 8 61
[2897] = S 8
[2898] = Z 8
[2899] = CNOT 8 61
[2900] = CNOT 8 69
[2901] = S 8
[2902] = Z 8
[2903] = CNOT 8 69
[2904] = CNOT 8 75
[2905] = Z 8
[2906] = CNOT 8 75
[2907] = CNOT 8 76
[2908] = Z 8
[2909] = CNOT 8 76
[2910] = CNOT 8 77
[2911] = Z 8
[2912] = CNOT 8 77
[2913] = CNOT 8 60
[2914] = CNOT 8 61
[2915] = CNOT 8 69
[2916] = S 8
[2917] = Z 8
[2918] = CNOT 8 69
[2919] = CNOT 8 75
[2920] = Z 8
[2921] = CNOT 8 75
[2922] = CNOT 8 76
[2923] = Z 8
[2924] = CNOT 8 76
[2925] = CNOT 8 77
[2926] = Z 8
[2927] = CNOT 8 77
[2928] = CNOT 8 61
[2929] = CNOT 8 69
[2930] = CNOT 8 70
[2931] = S 8
[2932] = Z 8
[2933] = CNOT 8 70
[2934] = CNOT 8 71
[2935] = S 8
[2936] = Z 8
[2937] = CNOT 8 71
[2938] = CNOT 8 75
[2939] = S 8
[2940] = CNOT 8 75
[2941] = CNOT 8 76
[2942] = S 8
[2943] = CNOT 8 76
[2944] = CNOT 8 77
[2945] = S 8
[2946] = CNOT 8 77
[2947] = CNOT 8 69
[2948] = CNOT 8 70
[2949] = CNOT 8 71
[2950] = S 8
[2951] = Z 8
[2952] = CNOT 8 71
[2953] = CNOT 8 75
[2954] = Z 8
[2955] = CNOT 8 75
[2956] = CNOT 8 76
[2957] = Z 8
[2958] = CNOT 8 76
[2959] = CNOT 8 77
[2960] = S 8
[2961] = Z 8
[2962] = CNOT 8 77
[2963] = CNOT 8 70
[2964] = CNOT 8 71
[2965] = CNOT 8 75
[2966] = Z 8
[2967] = CNOT 8 75
[2968] = CNOT 8 76
[2969] = Z 8
[2970] = CNOT 8 76
[2971] = CNOT 8 77
[2972] = S 8
[2973] = Z 8
[2974] = CNOT 8 77
[2975] = CNOT 8 71
[2976] = CNOT 8 75
[2977] = CNOT 8 76
[2978] = Z 8
[2979] = CNOT 8 76
[2980] = CNOT 8 77
[2981] = S 8
[2982] = CNOT 8 75
[2983] = CNOT 8 76
[2984] = S 8
[2985] = CNOT 8 77
[2986] = CNOT 9 11
[2987] = CNOT 9 67
[2988] = S 9
[2989] = Z 9
[2990] = CNOT 9 67
[2991] = CNOT 9 75
[2992] = S 9
[2993] = Z 9
[2994] = CNOT 9 75
[2995] = CNOT 9 11
[2996] = CNOT 10 14
[2997] = CNOT 10 75
[2998] = S 10
[2999] = Z 10
[3000] = CNOT 10 75
[3001] = CNOT 10 76
[3002] = S 10
[3003] = Z 10
[3004] = CNOT 10 14
[3005] = CNOT 10 75
[3006] = Z 10
[3007] = CNOT 10 76
[3008] = CNOT 10 75
[3009] = CNOT 11 13
[3010] = CNOT 11 67
[3011] = S 11
[3012] = Z 11
[3013] = CNOT 11 67
[3014] = CNOT 11 75
[3015] = S 11
[3016] = Z 11
[3017] = CNOT 11 13
[3018] = CNOT 11 67
[3019] = Z 11
[3020] = CNOT 11 75
[3021] = CNOT 11 67
[3022] = CNOT 12 30
[3023] = CNOT 12 48
[3024] = Z 12
[3025] = CNOT 12 48
[3026] = CNOT 12 55
[3027] = Z 12
[3028] = CNOT 12 55
[3029] = CNOT 12 66
[3030] = Z 12
[3031] = CNOT 12 66
[3032] = CNOT 12 74
[3033] = Z 12
[3034] = CNOT 12 74
[3035] = CNOT 12 75
[3036] = Z 12
[3037] = CNOT 12 75
[3038] = CNOT 12 30
[3039] = CNOT 12 48
[3040] = CNOT 12 55
[3041] = Z 12
[3042] = CNOT 12 55
[3043] = CNOT 12 66
[3044] = Z 12
[3045] = CNOT 12 66
[3046] = CNOT 12 74
[3047] = Z 12
[3048] = CNOT 12 74
[3049] = CNOT 12 75
[3050] = Z 12
[3051] = CNOT 12 75
[3052] = CNOT 12 48
[3053] = CNOT 12 55
[3054] = CNOT 12 66
[3055] = Z 12
[3056] = CNOT 12 66
[3057] = CNOT 12 74
[3058] = Z 12
[3059] = CNOT 12 74
[3060] = CNOT 12 75
[3061] = Z 12
[3062] = CNOT 12 75
[3063] = CNOT 12 55
[3064] = CNOT 12 66
[3065] = CNOT 12 74
[3066] = Z 12
[3067] = CNOT 12 74
[3068] = CNOT 12 75
[3069] = Z 12
[3070] = CNOT 12 66
[3071] = CNOT 12 74
[3072] = Z 12
[3073] = CNOT 12 75
[3074] = CNOT 12 74
[3075] = CNOT 13 27
[3076] = CNOT 13 67
[3077] = S 13
[3078] = Z 13
[3079] = CNOT 13 67
[3080] = CNOT 13 75
[3081] = S 13
[3082] = Z 13
[3083] = CNOT 13 75
[3084] = CNOT 13 27
[3085] = CNOT 13 29
[3086] = CNOT 13 67
[3087] = S 13
[3088] = Z 13
[3089] = CNOT 13 67
[3090] = CNOT 13 75
[3091] = S 13
[3092] = Z 13
[3093] = CNOT 13 29
[3094] = CNOT 13 67
[3095] = S 13
[3096] = CNOT 13 75
[3097] = CNOT 14 18
[3098] = CNOT 14 75
[3099] = S 14
[3100] = Z 14
[3101] = CNOT 14 75
[3102] = CNOT 14 76
[3103] = S 14
[3104] = Z 14
[3105] = CNOT 14 76
[3106] = CNOT 14 18
[3107] = CNOT 14 20
[3108] = CNOT 14 75
[3109] = S 14
[3110] = Z 14
[3111] = CNOT 14 75
[3112] = CNOT 14 76
[3113] = S 14
[3114] = Z 14
[3115] = CNOT 14 20
[3116] = CNOT 14 75
[3117] = S 14
[3118] = CNOT 14 75
[3119] = CNOT 15 16
[3120] = CNOT 15 75
[3121] = S 15
[3122] = Z 15
[3123] = CNOT 15 75
[3124] = CNOT 15 76
[3125] = S 15
[3126] = Z 15
[3127] = CNOT 15 76
[3128] = CNOT 15 77
[3129] = S 15
[3130] = Z 15
[3131] = CNOT 15 77
[3132] = CNOT 15 16
[3133] = CNOT 15 17
[3134] = CNOT 15 75
[3135] = S 15
[3136] = Z 15
[3137] = CNOT 15 75
[3138] = CNOT 15 76
[3139] = S 15
[3140] = Z 15
[3141] = CNOT 15 76
[3142] = CNOT 15 77
[3143] = S 15
[3144] = Z 15
[3145] = CNOT 15 77
[3146] = CNOT 15 17
[3147] = CNOT 15 75
[3148] = CNOT 15 76
[3149] = S 15
[3150] = CNOT 15 76
[3151] = CNOT 15 77
[3152] = S 15
[3153] = CNOT 15 75
[3154] = CNOT 15 76
[3155] = S 15
[3156] = CNOT 15 76
[3157] = CNOT 16 17
[3158] = CNOT 16 75
[3159] = S 16
[3160] = Z 16
[3161] = CNOT 16 75
[3162] = CNOT 16 76
[3163] = S 16
[3164] = Z 16
[3165] = CNOT 16 76
[3166] = CNOT 16 77
[3167] = S 16
[3168] = Z 16
[3169] = CNOT 16 77
[3170] = CNOT 16 17
[3171] = CNOT 16 23
[3172] = CNOT 16 75
[3173] = S 16
[3174] = Z 16
[3175] = CNOT 16 75
[3176] = CNOT 16 76
[3177] = S 16
[3178] = Z 16
[3179] = CNOT 16 76
[3180] = CNOT 16 77
[3181] = S 16
[3182] = Z 16
[3183] = CNOT 16 77
[3184] = CNOT 16 23
[3185] = CNOT 16 75
[3186] = CNOT 16 76
[3187] = Z 16
[3188] = CNOT 16 76
[3189] = CNOT 16 77
[3190] = Z 16
[3191] = CNOT 16 75
[3192] = CNOT 16 76
[3193] = Z 16
[3194] = CNOT 16 77
[3195] = CNOT 16 76
[3196] = CNOT 17 23
[3197] = CNOT 17 75
[3198] = S 17
[3199] = Z 17
[3200] = CNOT 17 75
[3201] = CNOT 17 76
[3202] = S 17
[3203] = Z 17
[3204] = CNOT 17 76
[3205] = CNOT 17 77
[3206] = S 17
[3207] = Z 17
[3208] = CNOT 17 77
[3209] = CNOT 17 23
[3210] = CNOT 17 75
[3211] = CNOT 17 76
[3212] = Z 17
[3213] = CNOT 17 76
[3214] = CNOT 17 77
[3215] = Z 17
[3216] = CNOT 17 75
[3217] = CNOT 17 76
[3218] = Z 17
[3219] = CNOT 17 77
[3220] = CNOT 17 76
[3221] = CNOT 18 20
[3222] = CNOT 18 75
[3223] = S 18
[3224] = Z 18
[3225] = CNOT 18 75
[3226] = CNOT 18 76
[3227] = S 18
[3228] = Z 18
[3229] = CNOT 18 76
[3230] = CNOT 18 20
[3231] = CNOT 18 22
[3232] = CNOT 18 75
[3233] = S 18
[3234] = Z 18
[3235] = CNOT 18 75
[3236] = CNOT 18 76
[3237] = S 18
[3238] = Z 18
[3239] = CNOT 18 22
[3240] = CNOT 18 75
[3241] = Z 18
[3242] = CNOT 18 76
[3243] = CNOT 18 75
[3244] = CNOT 19 21
[3245] = CNOT 19 57
[3246] = S 19
[3247] = Z 19
[3248] = CNOT 19 57
[3249] = CNOT 19 73
[3250] = S 19
[3251] = Z 19
[3252] = CNOT 19 73
[3253] = CNOT 19 74
[3254] = S 19
[3255] = Z 19
[3256] = CNOT 19 74
[3257] = CNOT 19 21
[3258] = CNOT 19 37
[3259] = CNOT 19 39
[3260] = S 19
[3261] = Z 19
[3262] = CNOT 19 39
[3263] = CNOT 19 57
[3264] = Z 19
[3265] = CNOT 19 57
[3266] = CNOT 19 73
[3267] = Z 19
[3268] = CNOT 19 73
[3269] = CNOT 19 74
[3270] = Z 19
[3271] = CNOT 19 74
[3272] = CNOT 19 37
[3273] = CNOT 19 39
[3274] = CNOT 19 57
[3275] = Z 19
[3276] = CNOT 19 57
[3277] = CNOT 19 73
[3278] = Z 19
[3279] = CNOT 19 73
[3280] = CNOT 19 74
[3281] = Z 19
[3282] = CNOT 19 74
[3283] = CNOT 19 39
[3284] = CNOT 20 22
[3285] = CNOT 20 75
[3286] = S 20
[3287] = Z 20
[3288] = CNOT 20 75
[3289] = CNOT 20 76
[3290] = S 20
[3291] = Z 20
[3292] = CNOT 20 22
[3293] = CNOT 20 75
[3294] = Z 20
[3295] = CNOT 20 76
[3296] = CNOT 20 75
[3297] = CNOT 21 57
[3298] = CNOT 21 73
[3299] = Z 21
[3300] = CNOT 21 73
[3301] = CNOT 21 74
[3302] = Z 21
[3303] = CNOT 21 57
[3304] = CNOT 21 73
[3305] = Z 21
[3306] = CNOT 21 74
[3307] = CNOT 21 73
[3308] = CNOT 22 26
[3309] = CNOT 22 75
[3310] = S 22
[3311] = Z 22
[3312] = CNOT 22 75
[3313] = CNOT 22 76
[3314] = S 22
[3315] = Z 22
[3316] = CNOT 22 76
[3317] = CNOT 22 26
[3318] = CNOT 22 28
[3319] = CNOT 22 75
[3320] = S 22
[3321] = Z 22
[3322] = CNOT 22 75
[3323] = CNOT 22 76
[3324] = S 22
[3325] = Z 22
[3326] = CNOT 22 28
[3327] = CNOT 22 75
[3328] = S 22
[3329] = CNOT 22 75
[3330] = CNOT 23 24
[3331] = CNOT 23 75
[3332] = S 23
[3333] = Z 23
[3334] = CNOT 23 75
[3335] = CNOT 23 76
[3336] = S 23
[3337] = Z 23
[3338] = CNOT 23 76
[3339] = CNOT 23 77
[3340] = S 23
[3341] = Z 23
[3342] = CNOT 23 77
[3343] = CNOT 23 24
[3344] = CNOT 23 25
[3345] = CNOT 23 75
[3346] = S 23
[3347] = Z 23
[3348] = CNOT 23 75
[3349] = CNOT 23 76
[3350] = S 23
[3351] = Z 23
[3352] = CNOT 23 76
[3353] = CNOT 23 77
[3354] = S 23
[3355] = Z 23
[3356] = CNOT 23 77
[3357] = CNOT 23 25
[3358] = CNOT 23 75
[3359] = CNOT 23 76
[3360] = S 23
[3361] = CNOT 23 76
[3362] = CNOT 23 77
[3363] = S 23
[3364] = CNOT 23 75
[3365] = CNOT 23 76
[3366] = S 23
[3367] = CNOT 23 76
[3368] = CNOT 24 25
[3369] = CNOT 24 75
[3370] = S 24
[3371] = Z 24
[3372] = CNOT 24 75
[3373] = CNOT 24 76
[3374] = S 24
[3375] = Z 24
[3376] = CNOT 24 76
[3377] = CNOT 24 77
[3378] = S 24
[3379] = Z 24
[3380] = CNOT 24 77
[3381] = CNOT 24 25
[3382] = CNOT 24 33
[3383] = CNOT 24 75
[3384] = S 24
[3385] = Z 24
[3386] = CNOT 24 75
[3387] = CNOT 24 76
[3388] = S 24
[3389] = Z 24
[3390] = CNOT 24 76
[3391] = CNOT 24 77
[3392] = S 24
[3393] = Z 24
[3394] = CNOT 24 77
[3395] = CNOT 24 33
[3396] = CNOT 24 75
[3397] = CNOT 24 76
[3398] = Z 24
[3399] = CNOT 24 76
[3400] = CNOT 24 77
[3401] = Z 24
[3402] = CNOT 24 75
[3403] = CNOT 24 76
[3404] = Z 24
[3405] = CNOT 24 77
[3406] = CNOT 24 76
[3407] = CNOT 25 33
[3408] = CNOT 25 75
[3409] = S 25
[3410] = Z 25
[3411] = CNOT 25 75
[3412] = CNOT 25 76
[3413] = S 25
[3414] = Z 25
[3415] = CNOT 25 76
[3416] = CNOT 25 77
[3417] = S 25
[3418] = Z 25
[3419] = CNOT 25 77
[3420] = CNOT 25 33
[3421] = CNOT 25 75
[3422] = CNOT 25 76
[3423] = Z 25
[3424] = CNOT 25 76
[3425] = CNOT 25 77
[3426] = Z 25
[3427] = CNOT 25 75
[3428] = CNOT 25 76
[3429] = Z 25
[3430] = CNOT 25 77
[3431] = CNOT 25 76
[3432] = CNOT 26 28
[3433] = CNOT 26 75
[3434] = S 26
[3435] = Z 26
[3436] = CNOT 26 75
[3437] = CNOT 26 76
[3438] = S 26
[3439] = Z 26
[3440] = CNOT 26 76
[3441] = CNOT 26 28
[3442] = CNOT 26 32
[3443] = CNOT 26 75
[3444] = S 26
[3445] = Z 26
[3446] = CNOT 26 75
[3447] = CNOT 26 76
[3448] = S 26
[3449] = Z 26
[3450] = CNOT 26 32
[3451] = CNOT 26 75
[3452] = Z 26
[3453] = CNOT 26 76
[3454] = CNOT 26 75
[3455] = CNOT 27 29
[3456] = CNOT 27 67
[3457] = S 27
[3458] = Z 27
[3459] = CNOT 27 67
[3460] = CNOT 27 75
[3461] = S 27
[3462] = Z 27
[3463] = CNOT 27 75
[3464] = CNOT 27 29
[3465] = CNOT 27 31
[3466] = CNOT 27 67
[3467] = S 27
[3468] = Z 27
[3469] = CNOT 27 67
[3470] = CNOT 27 75
[3471] = S 27
[3472] = Z 27
[3473] = CNOT 27 31
[3474] = CNOT 27 67
[3475] = Z 27
[3476] = CNOT 27 75
[3477] = CNOT 27 67
[3478] = CNOT 28 32
[3479] = CNOT 28 75
[3480] = S 28
[3481] = Z 28
[3482] = CNOT 28 75
[3483] = CNOT 28 76
[3484] = S 28
[3485] = Z 28
[3486] = CNOT 28 32
[3487] = CNOT 28 75
[3488] = Z 28
[3489] = CNOT 28 76
[3490] = CNOT 28 75
[3491] = CNOT 29 31
[3492] = CNOT 29 67
[3493] = S 29
[3494] = Z 29
[3495] = CNOT 29 67
[3496] = CNOT 29 75
[3497] = S 29
[3498] = Z 29
[3499] = CNOT 29 31
[3500] = CNOT 29 67
[3501] = Z 29
[3502] = CNOT 29 75
[3503] = CNOT 29 67
[3504] = CNOT 30 48
[3505] = CNOT 30 55
[3506] = Z 30
[3507] = CNOT 30 55
[3508] = CNOT 30 66
[3509] = Z 30
[3510] = CNOT 30 66
[3511] = CNOT 30 74
[3512] = Z 30
[3513] = CNOT 30 74
[3514] = CNOT 30 75
[3515] = Z 30
[3516] = CNOT 30 75
[3517] = CNOT 30 48
[3518] = CNOT 30 55
[3519] = CNOT 30 66
[3520] = Z 30
[3521] = CNOT 30 66
[3522] = CNOT 30 74
[3523] = Z 30
[3524] = CNOT 30 74
[3525] = CNOT 30 75
[3526] = Z 30
[3527] = CNOT 30 75
[3528] = CNOT 30 55
[3529] = CNOT 30 66
[3530] = CNOT 30 74
[3531] = Z 30
[3532] = CNOT 30 74
[3533] = CNOT 30 75
[3534] = Z 30
[3535] = CNOT 30 66
[3536] = CNOT 30 74
[3537] = Z 30
[3538] = CNOT 30 75
[3539] = CNOT 30 74
[3540] = CNOT 31 45
[3541] = CNOT 31 67
[3542] = S 31
[3543] = Z 31
[3544] = CNOT 31 67
[3545] = CNOT 31 75
[3546] = S 31
[3547] = Z 31
[3548] = CNOT 31 75
[3549] = CNOT 31 45
[3550] = CNOT 31 47
[3551] = CNOT 31 67
[3552] = S 31
[3553] = Z 31
[3554] = CNOT 31 67
[3555] = CNOT 31 75
[3556] = S 31
[3557] = Z 31
[3558] = CNOT 31 47
[3559] = CNOT 31 67
[3560] = S 31
[3561] = CNOT 31 75
[3562] = CNOT 32 36
[3563] = CNOT 32 75
[3564] = S 32
[3565] = Z 32
[3566] = CNOT 32 75
[3567] = CNOT 32 76
[3568] = S 32
[3569] = Z 32
[3570] = CNOT 32 76
[3571] = CNOT 32 36
[3572] = CNOT 32 38
[3573] = CNOT 32 75
[3574] = S 32
[3575] = Z 32
[3576] = CNOT 32 75
[3577] = CNOT 32 76
[3578] = S 32
[3579] = Z 32
[3580] = CNOT 32 38
[3581] = CNOT 32 75
[3582] = S 32
[3583] = CNOT 32 75
[3584] = CNOT 33 34
[3585] = CNOT 33 75
[3586] = S 33
[3587] = Z 33
[3588] = CNOT 33 75
[3589] = CNOT 33 76
[3590] = S 33
[3591] = Z 33
[3592] = CNOT 33 76
[3593] = CNOT 33 77
[3594] = S 33
[3595] = Z 33
[3596] = CNOT 33 77
[3597] = CNOT 33 34
[3598] = CNOT 33 35
[3599] = CNOT 33 75
[3600] = S 33
[3601] = Z 33
[3602] = CNOT 33 75
[3603] = CNOT 33 76
[3604] = S 33
[3605] = Z 33
[3606] = CNOT 33 76
[3607] = CNOT 33 77
[3608] = S 33
[3609] = Z 33
[3610] = CNOT 33 77
[3611] = CNOT 33 35
[3612] = CNOT 33 75
[3613] = CNOT 33 76
[3614] = S 33
[3615] = CNOT 33 76
[3616] = CNOT 33 77
[3617] = S 33
[3618] = CNOT 33 75
[3619] = CNOT 33 76
[3620] = S 33
[3621] = CNOT 33 76
[3622] = CNOT 34 35
[3623] = CNOT 34 75
[3624] = S 34
[3625] = Z 34
[3626] = CNOT 34 75
[3627] = CNOT 34 76
[3628] = S 34
[3629] = Z 34
[3630] = CNOT 34 76
[3631] = CNOT 34 77
[3632] = S 34
[3633] = Z 34
[3634] = CNOT 34 77
[3635] = CNOT 34 35
[3636] = CNOT 34 41
[3637] = CNOT 34 75
[3638] = S 34
[3639] = Z 34
[3640] = CNOT 34 75
[3641] = CNOT 34 76
[3642] = S 34
[3643] = Z 34
[3644] = CNOT 34 76
[3645] = CNOT 34 77
[3646] = S 34
[3647] = Z 34
[3648] = CNOT 34 77
[3649] = CNOT 34 41
[3650] = CNOT 34 75
[3651] = CNOT 34 76
[3652] = Z 34
[3653] = CNOT 34 76
[3654] = CNOT 34 77
[3655] = Z 34
[3656] = CNOT 34 75
[3657] = CNOT 34 76
[3658] = Z 34
[3659] = CNOT 34 77
[3660] = CNOT 34 76
[3661] = CNOT 35 41
[3662] = CNOT 35 75
[3663] = S 35
[3664] = Z 35
[3665] = CNOT 35 75
[3666] = CNOT 35 76
[3667] = S 35
[3668] = Z 35
[3669] = CNOT 35 76
[3670] = CNOT 35 77
[3671] = S 35
[3672] = Z 35
[3673] = CNOT 35 77
[3674] = CNOT 35 41
[3675] = CNOT 35 75
[3676] = CNOT 35 76
[3677] = Z 35
[3678] = CNOT 35 76
[3679] = CNOT 35 77
[3680] = Z 35
[3681] = CNOT 35 75
[3682] = CNOT 35 76
[3683] = Z 35
[3684] = CNOT 35 77
[3685] = CNOT 35 76
[3686] = CNOT 36 38
[3687] = CNOT 36 75
[3688] = S 36
[3689] = Z 36
[3690] = CNOT 36 75
[3691] = CNOT 36 76
[3692] = S 36
[3693] = Z 36
[3694] = CNOT 36 76
[3695] = CNOT 36 38
[3696] = CNOT 36 40
[3697] = CNOT 36 75
[3698] = S 36
[3699] = Z 36
[3700] = CNOT 36 75
[3701] = CNOT 36 76
[3702] = S 36
[3703] = Z 36
[3704] = CNOT 36 40
[3705] = CNOT 36 75
[3706] = Z 36
[3707] = CNOT 36 76
[3708] = CNOT 36 75
[3709] = CNOT 37 39
[3710] = CNOT 37 57
[3711] = S 37
[3712] = Z 37
[3713] = CNOT 37 57
[3714] = CNOT 37 73
[3715] = S 37
[3716] = Z 37
[3717] = CNOT 37 73
[3718] = CNOT 37 74
[3719] = S 37
[3720] = Z 37
[3721] = CNOT 37 74
[3722] = CNOT 37 39
[3723] = CNOT 37 57
[3724] = CNOT 37 73
[3725] = Z 37
[3726] = CNOT 37 73
[3727] = CNOT 37 74
[3728] = Z 37
[3729] = CNOT 37 57
[3730] = CNOT 37 73
[3731] = Z 37
[3732] = CNOT 37 74
[3733] = CNOT 37 73
[3734] = CNOT 38 40
[3735] = CNOT 38 75
[3736] = S 38
[3737] = Z 38
[3738] = CNOT 38 75
[3739] = CNOT 38 76
[3740] = S 38
[3741] = Z 38
[3742] = CNOT 38 40
[3743] = CNOT 38 75
[3744] = Z 38
[3745] = CNOT 38 76
[3746] = CNOT 38 75
[3747] = CNOT 39 57
[3748] = CNOT 39 73
[3749] = Z 39
[3750] = CNOT 39 73
[3751] = CNOT 39 74
[3752] = Z 39
[3753] = CNOT 39 57
[3754] = CNOT 39 73
[3755] = Z 39
[3756] = CNOT 39 74
[3757] = CNOT 39 73
[3758] = CNOT 40 44
[3759] = CNOT 40 75
[3760] = S 40
[3761] = Z 40
[3762] = CNOT 40 75
[3763] = CNOT 40 76
[3764] = S 40
[3765] = Z 40
[3766] = CNOT 40 76
[3767] = CNOT 40 44
[3768] = CNOT 40 46
[3769] = CNOT 40 75
[3770] = S 40
[3771] = Z 40
[3772] = CNOT 40 75
[3773] = CNOT 40 76
[3774] = S 40
[3775] = Z 40
[3776] = CNOT 40 46
[3777] = CNOT 40 75
[3778] = S 40
[3779] = CNOT 40 75
[3780] = CNOT 41 42
[3781] = CNOT 41 75
[3782] = S 41
[3783] = Z 41
[3784] = CNOT 41 75
[3785] = CNOT 41 76
[3786] = S 41
[3787] = Z 41
[3788] = CNOT 41 76
[3789] = CNOT 41 77
[3790] = S 41
[3791] = Z 41
[3792] = CNOT 41 77
[3793] = CNOT 41 42
[3794] = CNOT 41 43
[3795] = CNOT 41 75
[3796] = S 41
[3797] = Z 41
[3798] = CNOT 41 75
[3799] = CNOT 41 76
[3800] = S 41
[3801] = Z 41
[3802] = CNOT 41 76
[3803] = CNOT 41 77
[3804] = S 41
[3805] = Z 41
[3806] = CNOT 41 77
[3807] = CNOT 41 43
[3808] = CNOT 41 75
[3809] = CNOT 41 76
[3810] = S 41
[3811] = CNOT 41 76
[3812] = CNOT 41 77
[3813] = S 41
[3814] = CNOT 41 75
[3815] = CNOT 41 76
[3816] = S 41
[3817] = CNOT 41 76
[3818] = CNOT 42 43
[3819] = CNOT 42 75
[3820] = S 42
[3821] = Z 42
[3822] = CNOT 42 75
[3823] = CNOT 42 76
[3824] = S 42
[3825] = Z 42
[3826] = CNOT 42 76
[3827] = CNOT 42 77
[3828] = S 42
[3829] = Z 42
[3830] = CNOT 42 77
[3831] = CNOT 42 43
[3832] = CNOT 42 51
[3833] = CNOT 42 75
[3834] = S 42
[3835] = Z 42
[3836] = CNOT 42 75
[3837] = CNOT 42 76
[3838] = S 42
[3839] = Z 42
[3840] = CNOT 42 76
[3841] = CNOT 42 77
[3842] = S 42
[3843] = Z 42
[3844] = CNOT 42 77
[3845] = CNOT 42 51
[3846] = CNOT 42 75
[3847] = CNOT 42 76
[3848] = Z 42
[3849] = CNOT 42 76
[3850] = CNOT 42 77
[3851] = Z 42
[3852] = CNOT 42 75
[3853] = CNOT 42 76
[3854] = Z 42
[3855] = CNOT 42 77
[3856] = CNOT 42 76
[3857] = CNOT 43 51
[3858] = CNOT 43 75
[3859] = S 43
[3860] = Z 43
[3861] = CNOT 43 75
[3862] = CNOT 43 76
[3863] = S 43
[3864] = Z 43
[3865] = CNOT 43 76
[3866] = CNOT 43 77
[3867] = S 43
[3868] = Z 43
[3869] = CNOT 43 77
[3870] = CNOT 43 51
[3871] = CNOT 43 75
[3872] = CNOT 43 76
[3873] = Z 43
[3874] = CNOT 43 76
[3875] = CNOT 43 77
[3876] = Z 43
[3877] = CNOT 43 75
[3878] = CNOT 43 76
[3879] = Z 43
[3880] = CNOT 43 77
[3881] = CNOT 43 76
[3882] = CNOT 44 46
[3883] = CNOT 44 75
[3884] = S 44
[3885] = Z 44
[3886] = CNOT 44 75
[3887] = CNOT 44 76
[3888] = S 44
[3889] = Z 44
[3890] = CNOT 44 76
[3891] = CNOT 44 46
[3892] = CNOT 44 50
[3893] = CNOT 44 75
[3894] = S 44
[3895] = Z 44
[3896] = CNOT 44 75
[3897] = CNOT 44 76
[3898] = S 44
[3899] = Z 44
[3900] = CNOT 44 50
[3901] = CNOT 44 75
[3902] = Z 44
[3903] = CNOT 44 76
[3904] = CNOT 44 75
[3905] = CNOT 45 47
[3906] = CNOT 45 67
[3907] = S 45
[3908] = Z 45
[3909] = CNOT 45 67
[3910] = CNOT 45 75
[3911] = S 45
[3912] = Z 45
[3913] = CNOT 45 75
[3914] = CNOT 45 47
[3915] = CNOT 45 49
[3916] = CNOT 45 67
[3917] = S 45
[3918] = Z 45
[3919] = CNOT 45 67
[3920] = CNOT 45 75
[3921] = S 45
[3922] = Z 45
[3923] = CNOT 45 49
[3924] = CNOT 45 67
[3925] = Z 45
[3926] = CNOT 45 75
[3927] = CNOT 45 67
[3928] = CNOT 46 50
[3929] = CNOT 46 75
[3930] = S 46
[3931] = Z 46
[3932] = CNOT 46 75
[3933] = CNOT 46 76
[3934] = S 46
[3935] = Z 46
[3936] = CNOT 46 50
[3937] = CNOT 46 75
[3938] = Z 46
[3939] = CNOT 46 76
[3940] = CNOT 46 75
[3941] = CNOT 47 49
[3942] = CNOT 47 67
[3943] = S 47
[3944] = Z 47
[3945] = CNOT 47 67
[3946] = CNOT 47 75
[3947] = S 47
[3948] = Z 47
[3949] = CNOT 47 49
[3950] = CNOT 47 67
[3951] = Z 47
[3952] = CNOT 47 75
[3953] = CNOT 47 67
[3954] = CNOT 48 55
[3955] = CNOT 48 66
[3956] = Z 48
[3957] = CNOT 48 66
[3958] = CNOT 48 74
[3959] = Z 48
[3960] = CNOT 48 74
[3961] = CNOT 48 75
[3962] = Z 48
[3963] = CNOT 48 75
[3964] = CNOT 48 55
[3965] = CNOT 48 66
[3966] = CNOT 48 74
[3967] = Z 48
[3968] = CNOT 48 74
[3969] = CNOT 48 75
[3970] = Z 48
[3971] = CNOT 48 66
[3972] = CNOT 48 74
[3973] = Z 48
[3974] = CNOT 48 75
[3975] = CNOT 48 74
[3976] = CNOT 49 63
[3977] = CNOT 49 67
[3978] = S 49
[3979] = Z 49
[3980] = CNOT 49 67
[3981] = CNOT 49 75
[3982] = S 49
[3983] = Z 49
[3984] = CNOT 49 75
[3985] = CNOT 49 63
[3986] = CNOT 49 65
[3987] = CNOT 49 67
[3988] = S 49
[3989] = Z 49
[3990] = CNOT 49 67
[3991] = CNOT 49 75
[3992] = S 49
[3993] = Z 49
[3994] = CNOT 49 65
[3995] = CNOT 49 67
[3996] = S 49
[3997] = CNOT 49 75
[3998] = CNOT 50 54
[3999] = CNOT 50 75
[4000] = S 50
[4001] = Z 50
[4002] = CNOT 50 75
[4003] = CNOT 50 76
[4004] = S 50
[4005] = Z 50
[4006] = CNOT 50 76
[4007] = CNOT 50 54
[4008] = CNOT 50 56
[4009] = CNOT 50 75
[4010] = S 50
[4011] = Z 50
[4012] = CNOT 50 75
[4013] = CNOT 50 76
[4014] = S 50
[4015] = Z 50
[4016] = CNOT 50 56
[4017] = CNOT 50 75
[4018] = S 50
[4019] = CNOT 50 75
[4020] = CNOT 51 52
[4021] = CNOT 51 75
[4022] = S 51
[4023] = Z 51
[4024] = CNOT 51 75
[4025] = CNOT 51 76
[4026] = S 51
[4027] = Z 51
[4028] = CNOT 51 76
[4029] = CNOT 51 77
[4030] = S 51
[4031] = Z 51
[4032] = CNOT 51 77
[4033] = CNOT 51 52
[4034] = CNOT 51 53
[4035] = CNOT 51 75
[4036] = S 51
[4037] = Z 51
[4038] = CNOT 51 75
[4039] = CNOT 51 76
[4040] = S 51
[4041] = Z 51
[4042] = CNOT 51 76
[4043] = CNOT 51 77
[4044] = S 51
[4045] = Z 51
[4046] = CNOT 51 77
[4047] = CNOT 51 53
[4048] = CNOT 51 75
[4049] = CNOT 51 76
[4050] = S 51
[4051] = CNOT 51 76
[4052] = CNOT 51 77
[4053] = S 51
[4054] = CNOT 51 75
[4055] = CNOT 51 76
[4056] = S 51
[4057] = CNOT 51 76
[4058] = CNOT 52 53
[4059] = CNOT 52 75
[4060] = S 52
[4061] = Z 52
[4062] = CNOT 52 75
[4063] = CNOT 52 76
[4064] = S 52
[4065] = Z 52
[4066] = CNOT 52 76
[4067] = CNOT 52 77
[4068] = S 52
[4069] = Z 52
[4070] = CNOT 52 77
[4071] = CNOT 52 53
[4072] = CNOT 52 59
[4073] = CNOT 52 75
[4074] = S 52
[4075] = Z 52
[4076] = CNOT 52 75
[4077] = CNOT 52 76
[4078] = S 52
[4079] = Z 52
[4080] = CNOT 52 76
[4081] = CNOT 52 77
[4082] = S 52
[4083] = Z 52
[4084] = CNOT 52 77
[4085] = CNOT 52 59
[4086] = CNOT 52 75
[4087] = CNOT 52 76
[4088] = Z 52
[4089] = CNOT 52 76
[4090] = CNOT 52 77
[4091] = Z 52
[4092] = CNOT 52 75
[4093] = CNOT 52 76
[4094] = Z 52
[4095] = CNOT 52 77
[4096] = CNOT 52 76
[4097] = CNOT 53 59
[4098] = CNOT 53 75
[4099] = S 53
[4100] = Z 53
[4101] = CNOT 53 75
[4102] = CNOT 53 76
[4103] = S 53
[4104] = Z 53
[4105] = CNOT 53 76
[4106] = CNOT 53 77
[4107] = S 53
[4108] = Z 53
[4109] = CNOT 53 77
[4110] = CNOT 53 59
[4111] = CNOT 53 75
[4112] = CNOT 53 76
[4113] = Z 53
[4114] = CNOT 53 76
[4115] = CNOT 53 77
[4116] = Z 53
[4117] = CNOT 53 75
[4118] = CNOT 53 76
[4119] = Z 53
[4120] = CNOT 53 77
[4121] = CNOT 53 76
[4122] = CNOT 54 56
[4123] = CNOT 54 75
[4124] = S 54
[4125] = Z 54
[4126] = CNOT 54 75
[4127] = CNOT 54 76
[4128] = S 54
[4129] = Z 54
[4130] = CNOT 54 76
[4131] = CNOT 54 56
[4132] = CNOT 54 58
[4133] = CNOT 54 75
[4134] = S 54
[4135] = Z 54
[4136] = CNOT 54 75
[4137] = CNOT 54 76
[4138] = S 54
[4139] = Z 54
[4140] = CNOT 54 58
[4141] = CNOT 54 75
[4142] = Z 54
[4143] = CNOT 54 76
[4144] = CNOT 54 75
[4145] = CNOT 55 57
[4146] = CNOT 55 73
[4147] = S 55
[4148] = Z 55
[4149] = CNOT 55 73
[4150] = CNOT 55 74
[4151] = S 55
[4152] = Z 55
[4153] = CNOT 55 57
[4154] = CNOT 55 66
[4155] = Z 55
[4156] = CNOT 55 74
[4157] = CNOT 55 75
[4158] = Z 55
[4159] = CNOT 55 75
[4160] = CNOT 55 66
[4161] = CNOT 55 73
[4162] = CNOT 55 74
[4163] = Z 55
[4164] = CNOT 55 73
[4165] = CNOT 55 75
[4166] = Z 55
[4167] = CNOT 55 75
[4168] = CNOT 55 74
[4169] = CNOT 56 58
[4170] = CNOT 56 75
[4171] = S 56
[4172] = Z 56
[4173] = CNOT 56 75
[4174] = CNOT 56 76
[4175] = S 56
[4176] = Z 56
[4177] = CNOT 56 58
[4178] = CNOT 56 75
[4179] = Z 56
[4180] = CNOT 56 76
[4181] = CNOT 56 75
[4182] = CNOT 57 73
[4183] = CNOT 57 74
[4184] = Z 57
[4185] = CNOT 57 74
[4186] = CNOT 57 73
[4187] = CNOT 58 62
[4188] = CNOT 58 75
[4189] = S 58
[4190] = Z 58
[4191] = CNOT 58 75
[4192] = CNOT 58 76
[4193] = S 58
[4194] = Z 58
[4195] = CNOT 58 76
[4196] = CNOT 58 62
[4197] = CNOT 58 64
[4198] = CNOT 58 75
[4199] = S 58
[4200] = Z 58
[4201] = CNOT 58 75
[4202] = CNOT 58 76
[4203] = S 58
[4204] = Z 58
[4205] = CNOT 58 64
[4206] = CNOT 58 75
[4207] = S 58
[4208] = CNOT 58 75
[4209] = CNOT 59 60
[4210] = CNOT 59 75
[4211] = S 59
[4212] = Z 59
[4213] = CNOT 59 75
[4214] = CNOT 59 76
[4215] = S 59
[4216] = Z 59
[4217] = CNOT 59 76
[4218] = CNOT 59 77
[4219] = S 59
[4220] = Z 59
[4221] = CNOT 59 77
[4222] = CNOT 59 60
[4223] = CNOT 59 61
[4224] = CNOT 59 75
[4225] = S 59
[4226] = Z 59
[4227] = CNOT 59 75
[4228] = CNOT 59 76
[4229] = S 59
[4230] = Z 59
[4231] = CNOT 59 76
[4232] = CNOT 59 77
[4233] = S 59
[4234] = Z 59
[4235] = CNOT 59 77
[4236] = CNOT 59 61
[4237] = CNOT 59 75
[4238] = CNOT 59 76
[4239] = S 59
[4240] = CNOT 59 76
[4241] = CNOT 59 77
[4242] = S 59
[4243] = CNOT 59 75
[4244] = CNOT 59 76
[4245] = S 59
[4246] = CNOT 59 76
[4247] = CNOT 60 61
[4248] = CNOT 60 75
[4249] = S 60
[4250] = Z 60
[4251] = CNOT 60 75
[4252] = CNOT 60 76
[4253] = S 60
[4254] = Z 60
[4255] = CNOT 60 76
[4256] = CNOT 60 77
[4257] = S 60
[4258] = Z 60
[4259] = CNOT 60 77
[4260] = CNOT 60 61
[4261] = CNOT 60 69
[4262] = CNOT 60 75
[4263] = S 60
[4264] = Z 60
[4265] = CNOT 60 75
[4266] = CNOT 60 76
[4267] = S 60
[4268] = Z 60
[4269] = CNOT 60 76
[4270] = CNOT 60 77
[4271] = S 60
[4272] = Z 60
[4273] = CNOT 60 77
[4274] = CNOT 60 69
[4275] = CNOT 60 75
[4276] = CNOT 60 76
[4277] = Z 60
[4278] = CNOT 60 76
[4279] = CNOT 60 77
[4280] = Z 60
[4281] = CNOT 60 75
[4282] = CNOT 60 76
[4283] = Z 60
[4284] = CNOT 60 77
[4285] = CNOT 60 76
[4286] = CNOT 61 69
[4287] = CNOT 61 75
[4288] = S 61
[4289] = Z 61
[4290] = CNOT 61 75
[4291] = CNOT 61 76
[4292] = S 61
[4293] = Z 61
[4294] = CNOT 61 76
[4295] = CNOT 61 77
[4296] = S 61
[4297] = Z 61
[4298] = CNOT 61 77
[4299] = CNOT 61 69
[4300] = CNOT 61 75
[4301] = CNOT 61 76
[4302] = Z 61
[4303] = CNOT 61 76
[4304] = CNOT 61 77
[4305] = Z 61
[4306] = CNOT 61 75
[4307] = CNOT 61 76
[4308] = Z 61
[4309] = CNOT 61 77
[4310] = CNOT 61 76
[4311] = CNOT 62 64
[4312] = CNOT 62 75
[4313] = S 62
[4314] = Z 62
[4315] = CNOT 62 75
[4316] = CNOT 62 76
[4317] = S 62
[4318] = Z 62
[4319] = CNOT 62 76
[4320] = CNOT 62 64
[4321] = CNOT 62 68
[4322] = CNOT 62 75
[4323] = S 62
[4324] = Z 62
[4325] = CNOT 62 75
[4326] = CNOT 62 76
[4327] = S 62
[4328] = Z 62
[4329] = CNOT 62 68
[4330] = CNOT 62 75
[4331] = Z 62
[4332] = CNOT 62 76
[4333] = CNOT 62 75
[4334] = CNOT 63 67
[4335] = CNOT 63 75
[4336] = S 63
[4337] = Z 63
[4338] = CNOT 63 75
[4339] = CNOT 63 67
[4340] = CNOT 64 68
[4341] = CNOT 64 75
[4342] = S 64
[4343] = Z 64
[4344] = CNOT 64 75
[4345] = CNOT 64 76
[4346] = S 64
[4347] = Z 64
[4348] = CNOT 64 68
[4349] = CNOT 64 75
[4350] = Z 64
[4351] = CNOT 64 76
[4352] = CNOT 64 75
[4353] = CNOT 65 67
[4354] = CNOT 65 75
[4355] = S 65
[4356] = Z 65
[4357] = CNOT 65 75
[4358] = CNOT 65 67
[4359] = CNOT 66 74
[4360] = CNOT 66 75
[4361] = Z 66
[4362] = CNOT 66 75
[4363] = CNOT 66 74
[4364] = CNOT 68 72
[4365] = CNOT 68 75
[4366] = S 68
[4367] = Z 68
[4368] = CNOT 68 75
[4369] = CNOT 68 76
[4370] = S 68
[4371] = Z 68
[4372] = CNOT 68 76
[4373] = CNOT 68 72
[4374] = CNOT 68 74
[4375] = CNOT 68 75
[4376] = S 68
[4377] = Z 68
[4378] = CNOT 68 75
[4379] = CNOT 68 76
[4380] = S 68
[4381] = Z 68
[4382] = CNOT 68 74
[4383] = CNOT 68 75
[4384] = S 68
[4385] = CNOT 68 75
[4386] = CNOT 69 70
[4387] = CNOT 69 75
[4388] = S 69
[4389] = Z 69
[4390] = CNOT 69 75
[4391] = CNOT 69 76
[4392] = S 69
[4393] = Z 69
[4394] = CNOT 69 76
[4395] = CNOT 69 77
[4396] = S 69
[4397] = Z 69
[4398] = CNOT 69 77
[4399] = CNOT 69 70
[4400] = CNOT 69 71
[4401] = CNOT 69 75
[4402] = S 69
[4403] = Z 69
[4404] = CNOT 69 75
[4405] = CNOT 69 76
[4406] = S 69
[4407] = Z 69
[4408] = CNOT 69 76
[4409] = CNOT 69 77
[4410] = S 69
[4411] = Z 69
[4412] = CNOT 69 77
[4413] = CNOT 69 71
[4414] = CNOT 69 75
[4415] = CNOT 69 76
[4416] = S 69
[4417] = CNOT 69 76
[4418] = CNOT 69 77
[4419] = S 69
[4420] = CNOT 69 75
[4421] = CNOT 69 76
[4422] = S 69
[4423] = CNOT 69 76
[4424] = CNOT 70 71
[4425] = CNOT 70 75
[4426] = S 70
[4427] = Z 70
[4428] = CNOT 70 75
[4429] = CNOT 70 76
[4430] = S 70
[4431] = Z 70
[4432] = CNOT 70 71
[4433] = CNOT 70 75
[4434] = Z 70
[4435] = CNOT 70 76
[4436] = CNOT 70 77
[4437] = S 70
[4438] = Z 70
[4439] = CNOT 70 75
[4440] = CNOT 70 76
[4441] = S 70
[4442] = Z 70
[4443] = CNOT 70 77
[4444] = CNOT 70 76
[4445] = CNOT 71 75
[4446] = CNOT 71 76
[4447] = Z 71
[4448] = CNOT 71 76
[4449] = CNOT 71 77
[4450] = S 71
[4451] = Z 71
[4452] = CNOT 71 75
[4453] = CNOT 71 76
[4454] = S 71
[4455] = Z 71
[4456] = CNOT 71 77
[4457] = CNOT 71 76
[4458] = CNOT 72 75
[4459] = CNOT 72 76
[4460] = S 72
[4461] = Z 72
[4462] = CNOT 72 76
[4463] = CNOT 72 75
[4464] = CNOT 73 74
[4465] = CNOT 73 75
[4466] = S 73
[4467] = Z 73
[4468] = CNOT 73 75
[4469] = CNOT 73 74
[4470] = CNOT 74 75
[4471] = CNOT 74 76
[4472] = S 74
[4473] = Z 74
[4474] = CNOT 74 76
[4475] = CNOT 74 75
[4476] = CNOT 75 76
[4477] = CNOT 75 77
[4478] = S 75
[4479] = CNOT 75 77
[4480] = CNOT 74 77
[4481] = CNOT 64 77
[4482] = CNOT 56 77
[4483] = CNOT 46 77
[4484] = CNOT 38 77
[4485] = CNOT 28 77
[4486] = CNOT 20 77
[4487] = CNOT 10 77
[4488] = CNOT 65 76
[4489] = CNOT 57 76
[4490] = CNOT 47 76
[4491] = CNOT 39 76
[4492] = CNOT 29 76
[4493] = CNOT 21 76
[4494] = CNOT 11 76
[4495] = CNOT 76 75
[4496] = CNOT 75 76
[4497] = CNOT 77 74
[4498] = CNOT 74 77
[4499] = CNOT 63 73
[4500] = CNOT 55 73
[4501] = CNOT 45 73
[4502] = CNOT 37 73
[4503] = CNOT 27 73
[4504] = CNOT 19 73
[4505] = CNOT 4 73
[4506] = CNOT 62 72
[4507] = CNOT 54 72
[4508] = CNOT 44 72
[4509] = CNOT 36 72
[4510] = CNOT 26 72
[4511] = CNOT 18 72
[4512] = CNOT 3 72
[4513] = CNOT 61 71
[4514] = CNOT 53 71
[4515] = CNOT 43 71
[4516] = CNOT 35 71
[4517] = CNOT 25 71
[4518] = CNOT 17 71
[4519] = CNOT 2 71
[4520] = CNOT 60 70
[4521] = CNOT 52 70
[4522] = CNOT 42 70
[4523] = CNOT 34 70
[4524] = CNOT 24 70
[4525] = CNOT 16 70
[4526] = CNOT 1 70
[4527] = CNOT 74 69
[4528] = CNOT 69 74
[4529] = CNOT 75 68
[4530] = CNOT 68 75
[4531] = CNOT 66 67
[4532] = CNOT 48 67
[4533] = CNOT 30 67
[4534] = CNOT 12 67
[4535] = CNOT 9 67
[4536] = CNOT 67 66
[4537] = CNOT 66 67
[4538] = CNOT 68 65
[4539] = CNOT 65 68
[4540] = CNOT 69 64
[4541] = CNOT 64 69
[4542] = CNOT 73 63
[4543] = CNOT 63 73
[4544] = CNOT 72 62
[4545] = CNOT 62 72
[4546] = CNOT 71 61
[4547] = CNOT 61 71
[4548] = CNOT 70 60
[4549] = CNOT 60 70
[4550] = CNOT 64 59
[4551] = CNOT 59 64
[4552] = CNOT 65 58
[4553] = CNOT 58 65
[4554] = CNOT 58 57
[4555] = CNOT 57 58
[4556] = CNOT 59 56
[4557] = CNOT 56 59
[4558] = CNOT 63 55
[4559] = CNOT 55 63
[4560] = CNOT 62 54
[4561] = CNOT 54 62
[4562] = CNOT 61 53
[4563] = CNOT 53 61
[4564] = CNOT 60 52
[4565] = CNOT 52 60
[4566] = CNOT 56 51
[4567] = CNOT 51 56
[4568] = CNOT 57 50
[4569] = CNOT 50 57
[4570] = CNOT 66 49
[4571] = CNOT 49 66
[4572] = CNOT 49 48
[4573] = CNOT 48 49
[4574] = CNOT 50 47
[4575] = CNOT 47 50
[4576] = CNOT 51 46
[4577] = CNOT 46 51
[4578] = CNOT 55 45
[4579] = CNOT 45 55
[4580] = CNOT 54 44
[4581] = CNOT 44 54
[4582] = CNOT 53 43
[4583] = CNOT 43 53
[4584] = CNOT 52 42
[4585] = CNOT 42 52
[4586] = CNOT 46 41
[4587] = CNOT 41 46
[4588] = CNOT 47 40
[4589] = CNOT 40 47
[4590] = CNOT 40 39
[4591] = CNOT 39 40
[4592] = CNOT 41 38
[4593] = CNOT 38 41
[4594] = CNOT 45 37
[4595] = CNOT 37 45
[4596] = CNOT 44 36
[4597] = CNOT 36 44
[4598] = CNOT 43 35
[4599] = CNOT 35 43
[4600] = CNOT 42 34
[4601] = CNOT 34 42
[4602] = CNOT 38 33
[4603] = CNOT 33 38
[4604] = CNOT 39 32
[4605] = CNOT 32 39
[4606] = CNOT 48 31
[4607] = CNOT 31 48
[4608] = CNOT 31 30
[4609] = CNOT 30 31
[4610] = CNOT 32 29
[4611] = CNOT 29 32
[4612] = CNOT 33 28
[4613] = CNOT 28 33
[4614] = CNOT 37 27
[4615] = CNOT 27 37
[4616] = CNOT 36 26
[4617] = CNOT 26 36
[4618] = CNOT 35 25
[4619] = CNOT 25 35
[4620] = CNOT 34 24
[4621] = CNOT 24 34
[4622] = CNOT 28 23
[4623] = CNOT 23 28
[4624] = CNOT 29 22
[4625] = CNOT 22 29
[4626] = CNOT 22 21
[4627] = CNOT 21 22
[4628] = CNOT 23 20
[4629] = CNOT 20 23
[4630] = CNOT 27 19
[4631] = CNOT 19 27
[4632] = CNOT 26 18
[4633] = CNOT 18 26
[4634] = CNOT 25 17
[4635] = CNOT 17 25
[4636] = CNOT 24 16
[4637] = CNOT 16 24
[4638] = CNOT 20 15
[4639] = CNOT 15 20
[4640] = CNOT 21 14
[4641] = CNOT 14 21
[4642] = CNOT 30 13
[4643] = CNOT 13 30
[4644] = CNOT 13 12
[4645] = CNOT 12 13
[4646] = CNOT 14 11
[4647] = CNOT 11 14
[4648] = CNOT 15 10
[4649] = CNOT 10 15
[4650] = CNOT 12 9
[4651] = CNOT 9 12
[4652] = CNOT 11 8
[4653] = CNOT 8 11
[4654] = CNOT 10 7
[4655] = CNOT 7 10
[4656] = CNOT 19 4
[4657] = CNOT 4 19
[4658] = CNOT 18 3
[4659] = CNOT 3 18
[4660] = CNOT 17 2
[4661] = CNOT 2 17
[4662] = CNOT 16 1
[4663] = CNOT 1 16
[4664] = H 10
[4665] = M 10
[4666] = H 11
[4667] = M 11
[4668] = H 12
[4669] = M 12
[4670] = H 13
[4671] = M 13
[4672] = H 14
[4673] = M 14
[4674] = H 15
[4675] = M 15
[4676] = H 16
[4677] = M 16
[4678] = H 17
[4679] = M 17
[4680] = H 18
[4681] = M 18
[4682] = H 19
[4683] = M 19
[4684] = H 20
[4685] = M 20
[4686] = H 21
[4687] = M 21
[4688] = H 22
[4689] = M 22
[4690] = H 23
[4691] = M 23
[4692] = H 24
[4693] = M 24
[4694] = H 25
[4695] = M 25
[4696] = H 26
[4697] = M 26
[4698] = H 27
[4699] = M 27
[4700] = H 28
[4701] = M 28
[4702] = H 29
[4703] = M 29
[4704] = H 30
[4705] = M 30
[4706] = H 31
[4707] = M 31
[4708] = H 32
[4709] = M 32
[4710] = H 33
[4711] = M 33
[4712] = H 34
[4713] = M 34
[4714] = H 35
[4715] = M 35
[4716] = H 36
[4717] = M 36
[4718] = H 37
[4719] = M 37
[4720] = H 38
[4721] = M 38
[4722] = H 39
[4723] = M 39
[4724] = H 40
[4725] = M 40
[4726] = H 41
[4727] = M 41
[4728] = H 42
[4729] = M 42
[4730] = H 43
[4731] = M 43
[4732] = H 44
[4733] = M 44
[4734] = H 45
[4735] = M 45
[4736] = H 46
[4737] = M 46
[4738] = H 47
[4739] = M 47
[4740] = H 48
[4741] = M 48
[4742] = H 49
[4743] = M 49
[4744] = H 50
[4745] = M 50
[4746] = H 51
[4747] = M 51
[4748] = H 52
[4749] = M 52
[4750] = H 53
[4751] = M 53
[4752] = H 54
[4753] = M 54
[4754] = H 55
[4755] = M 55
[4756] = H 56
[4757] = M 56
[4758] = H 57
[4759] = M 57
[4760] = H 58
[4761] = M 58
[4762] = H 59
[4763] = M 59
[4764] = H 60
[4765] = M 60
[4766] = H 61
[4767] = M 61
[4768] = H 62
[4769] = M 62
[4770] = H 63
[4771] = M 63
[4772] = H 64
[4773] = M 64
[4774] = H 65
[4775] = M 65
[4776] = H 66
[4777] = M 66
[4778] = H 67
[4779] = M 67
[4780] = H 68
[4781] = M 68
[4782] = H 69
[4783] = M 69
[4784] = H 70
[4785] = M 70
[4786] = H 71
[4787] = M 71
[4788] = H 72
[4789] = M 72
[4790] = H 73
[4791] = M 73
[4792] = H 74
[4793] = M 74
[4794] = H 75
[4795] = M 75
[4796] = H 76
[4797] = M 76
[4798] = H 77
[4799] = M 77
[4800] = H 4
[4801] = H 3
[4802] = H 2
[4803] = H 1
[4804] = H 7
[4805] = H 8
[4806] = H 9
[4807] = H 6
Gate distributions:
Input:
Operator distribution:
Total number of qubits = 9
Number of `data' qubits = 9
Number of `Toff_n' ancillas = 0
Number of Hadamard ancillas = 0
Hadamard ancilla cap = infinite
Number of {CNOT,T} partitions = 1
T count = 336
Cost estimation = 168142
	id	Count
	0	0
	1	0
	2	0
	3	142
	4	0
	5	0
	6	0
	7	0
	8	0
	9	0
	10	48
	11	0
	12	0
	13	0
	14	0
	15	0
	16	0
	17	0
	18	0
Output:
Operator distribution:
Total number of qubits = 77
Number of `data' qubits = 9
Number of `Toff_n' ancillas = 0
Number of Hadamard ancillas = 68
Hadamard ancilla cap = infinite
Number of {CNOT,T} partitions = 1
T count = 144
Cost estimation = 76698
	id	Count
	0	0
	1	0
	2	0
	3	152
	4	2932
	5	144
	6	0
	7	0
	8	0
	9	0
	10	0
	11	734
	12	0
	13	778
	14	0
	15	0
	16	0
	17	0
	18	68
Output T Count (SQC_Circuit) = 144
Output T Count (PhasePolynomial) = 144
Fail count = 0

Execution time: 1440.05s
Number of LCL errors: 0
Number of LCL warnings: 0
