Optimize a Clifford + T circuit.
Input filename = /home/ryo-mtmt/TOpt/forme/tpar_benchmark/hwb6.tfc
Number of unknown gates = 0
Number of unknown qubit labels = 0
Circuit filename: /home/ryo-mtmt/TOpt/forme/tpar_benchmark/hwb6.tfc

n 7
n_x 7
n_y 0
n_z 0
m 101
[0] = CNOT 1 3
[1] = H 3
[2] = CCZ 1 2 3
[3] = H 3
[4] = CNOT 4 6
[5] = CNOT 6 5
[6] = H 2
[7] = CCZ 1 3 2
[8] = H 2
[9] = H 6
[10] = CCZ 1 3 6
[11] = H 6
[12] = CNOT 4 2
[13] = H 6
[14] = CCZ 2 4 6
[15] = H 6
[16] = CNOT 5 6
[17] = CNOT 2 1
[18] = CNOT 1 2
[19] = CNOT 5 1
[20] = CNOT 2 1
[21] = H 4
[22] = CCZ 2 3 4
[23] = H 4
[24] = CNOT 6 2
[25] = H 3
[26] = CCZ 5 6 3
[27] = H 3
[28] = H 7
[29] = CCZ 3 5 7
[30] = H 7
[31] = H 2
[32] = CCZ 7 6 2
[33] = H 2
[34] = H 7
[35] = CCZ 3 5 7
[36] = H 7
[37] = CNOT 1 6
[38] = CNOT 4 1
[39] = CNOT 3 6
[40] = H 6
[41] = CCZ 2 3 6
[42] = H 6
[43] = CNOT 5 4
[44] = CNOT 2 4
[45] = CNOT 1 5
[46] = H 6
[47] = CCZ 3 5 6
[48] = H 6
[49] = CNOT 3 6
[50] = CNOT 6 5
[51] = H 4
[52] = CCZ 2 5 4
[53] = H 4
[54] = H 6
[55] = CCZ 1 4 6
[56] = H 6
[57] = CNOT 3 1
[58] = H 1
[59] = CCZ 2 5 1
[60] = H 1
[61] = CNOT 3 4
[62] = H 2
[63] = CCZ 1 3 2
[64] = H 2
[65] = CNOT 1 2
[66] = CNOT 5 3
[67] = CNOT 3 2
[68] = CNOT 2 1
[69] = CNOT 5 4
[70] = CNOT 4 6

Algorithm used: todd

UniversalOptimize begin.
	Gate synthesis begin.

--- Testing Hamming Distance Version ---
in LempelX2_M4RI_Hamming　安定版　m4ri
		Round = 0 (Start m: 75)
--- Hamming Distance Stats ---
 Dist 1: 51 pairs
 Dist 2: 217 pairs
 Dist 3: 318 pairs
 Dist 4: 373 pairs
 Dist 5: 480 pairs
 Dist 6: 514 pairs
 Dist 7: 340 pairs
 Dist 8: 227 pairs
 Dist 9: 139 pairs
 Dist 10: 70 pairs
 Dist 11: 35 pairs
 Dist 12: 10 pairs
 Dist 13: 1 pairs
-------------------------------
  [HIT!] Dist=1 | Deleted: 5 cols
>> Round 0 Result: Hit Rate = 33.3333% (1/3)
		Round = 1 (Start m: 70)
--- Hamming Distance Stats ---
 Dist 1: 46 pairs
 Dist 2: 126 pairs
 Dist 3: 211 pairs
 Dist 4: 275 pairs
 Dist 5: 416 pairs
 Dist 6: 479 pairs
 Dist 7: 326 pairs
 Dist 8: 227 pairs
 Dist 9: 158 pairs
 Dist 10: 92 pairs
 Dist 11: 37 pairs
 Dist 12: 15 pairs
 Dist 13: 6 pairs
 Dist 14: 1 pairs
-------------------------------
  [HIT!] Dist=1 | Deleted: 3 cols
>> Round 1 Result: Hit Rate = 16.6667% (1/6)
		Round = 2 (Start m: 67)
--- Hamming Distance Stats ---
 Dist 1: 40 pairs
 Dist 2: 106 pairs
 Dist 3: 179 pairs
 Dist 4: 246 pairs
 Dist 5: 374 pairs
 Dist 6: 421 pairs
 Dist 7: 307 pairs
 Dist 8: 224 pairs
 Dist 9: 155 pairs
 Dist 10: 95 pairs
 Dist 11: 41 pairs
 Dist 12: 16 pairs
 Dist 13: 6 pairs
 Dist 14: 1 pairs
-------------------------------
  [HIT!] Dist=1 | Deleted: 2 cols
>> Round 2 Result: Hit Rate = 25% (1/4)
		Round = 3 (Start m: 65)
--- Hamming Distance Stats ---
 Dist 1: 38 pairs
 Dist 2: 90 pairs
 Dist 3: 162 pairs
 Dist 4: 227 pairs
 Dist 5: 320 pairs
 Dist 6: 351 pairs
 Dist 7: 296 pairs
 Dist 8: 239 pairs
 Dist 9: 172 pairs
 Dist 10: 109 pairs
 Dist 11: 49 pairs
 Dist 12: 19 pairs
 Dist 13: 7 pairs
 Dist 14: 1 pairs
-------------------------------
  [HIT!] Dist=2 | Deleted: 2 cols
>> Round 3 Result: Hit Rate = 2.5% (1/40)
		Round = 4 (Start m: 63)
--- Hamming Distance Stats ---
 Dist 1: 36 pairs
 Dist 2: 52 pairs
 Dist 3: 113 pairs
 Dist 4: 185 pairs
 Dist 5: 261 pairs
 Dist 6: 295 pairs
 Dist 7: 287 pairs
 Dist 8: 250 pairs
 Dist 9: 186 pairs
 Dist 10: 135 pairs
 Dist 11: 82 pairs
 Dist 12: 43 pairs
 Dist 13: 20 pairs
 Dist 14: 7 pairs
 Dist 15: 1 pairs
-------------------------------
  [HIT!] Dist=2 | Deleted: 2 cols
>> Round 4 Result: Hit Rate = 2.5641% (1/39)
		Round = 5 (Start m: 61)
--- Hamming Distance Stats ---
 Dist 1: 36 pairs
 Dist 2: 44 pairs
 Dist 3: 80 pairs
 Dist 4: 118 pairs
 Dist 5: 180 pairs
 Dist 6: 230 pairs
 Dist 7: 253 pairs
 Dist 8: 245 pairs
 Dist 9: 207 pairs
 Dist 10: 152 pairs
 Dist 11: 112 pairs
 Dist 12: 84 pairs
 Dist 13: 45 pairs
 Dist 14: 23 pairs
 Dist 15: 14 pairs
 Dist 16: 6 pairs
 Dist 17: 1 pairs
-------------------------------
  [HIT!] Dist=2 | Deleted: 2 cols
>> Round 5 Result: Hit Rate = 2.7027% (1/37)
		Round = 6 (Start m: 59)
--- Hamming Distance Stats ---
 Dist 1: 32 pairs
 Dist 2: 41 pairs
 Dist 3: 69 pairs
 Dist 4: 101 pairs
 Dist 5: 158 pairs
 Dist 6: 192 pairs
 Dist 7: 218 pairs
 Dist 8: 225 pairs
 Dist 9: 195 pairs
 Dist 10: 160 pairs
 Dist 11: 109 pairs
 Dist 12: 81 pairs
 Dist 13: 59 pairs
 Dist 14: 35 pairs
 Dist 15: 19 pairs
 Dist 16: 11 pairs
 Dist 17: 5 pairs
 Dist 18: 1 pairs
-------------------------------
  [HIT!] Dist=2 | Deleted: 2 cols
>> Round 6 Result: Hit Rate = 3.0303% (1/33)
		Round = 7 (Start m: 57)
--- Hamming Distance Stats ---
 Dist 1: 30 pairs
 Dist 2: 36 pairs
 Dist 3: 58 pairs
 Dist 4: 82 pairs
 Dist 5: 130 pairs
 Dist 6: 171 pairs
 Dist 7: 195 pairs
 Dist 8: 184 pairs
 Dist 9: 190 pairs
 Dist 10: 170 pairs
 Dist 11: 110 pairs
 Dist 12: 85 pairs
 Dist 13: 68 pairs
 Dist 14: 45 pairs
 Dist 15: 24 pairs
 Dist 16: 12 pairs
 Dist 17: 5 pairs
 Dist 18: 1 pairs
-------------------------------
  [HIT!] Dist=3 | Deleted: 2 cols
>> Round 7 Result: Hit Rate = 1.42857% (1/70)
		Round = 8 (Start m: 55)
--- Hamming Distance Stats ---
 Dist 1: 28 pairs
 Dist 2: 35 pairs
 Dist 3: 49 pairs
 Dist 4: 72 pairs
 Dist 5: 109 pairs
 Dist 6: 158 pairs
 Dist 7: 186 pairs
 Dist 8: 193 pairs
 Dist 9: 171 pairs
 Dist 10: 161 pairs
 Dist 11: 106 pairs
 Dist 12: 75 pairs
 Dist 13: 58 pairs
 Dist 14: 42 pairs
 Dist 15: 24 pairs
 Dist 16: 12 pairs
 Dist 17: 5 pairs
 Dist 18: 1 pairs
-------------------------------
  [HIT!] Dist=2 | Deleted: 2 cols
>> Round 8 Result: Hit Rate = 2.27273% (1/44)
		Round = 9 (Start m: 53)
--- Hamming Distance Stats ---
 Dist 1: 28 pairs
 Dist 2: 33 pairs
 Dist 3: 47 pairs
 Dist 4: 68 pairs
 Dist 5: 99 pairs
 Dist 6: 144 pairs
 Dist 7: 180 pairs
 Dist 8: 182 pairs
 Dist 9: 161 pairs
 Dist 10: 143 pairs
 Dist 11: 98 pairs
 Dist 12: 67 pairs
 Dist 13: 48 pairs
 Dist 14: 38 pairs
 Dist 15: 24 pairs
 Dist 16: 12 pairs
 Dist 17: 5 pairs
 Dist 18: 1 pairs
-------------------------------
>> Round 9 Result: Hit Rate = 0% (0/1378)

=== Final Performance Statistics ===
Hamming time:   1 ms
Chi time:       287 ms
Nullspace time: 5320 ms
Total attempts: 1654 (Success: 9)
END OF LEMPELX2 安定版
Total LempelX2_M4RI_Hamming time: 5673 ms
Hamming result size: 53 columns
		TODD executed in 5.65723 seconds.
		Total time: 5.65755s
	Gate synthesis end.
	Total time: 6.63192s
UniversalOptimize end.
Output circuit:
n 31
n_x 7
n_y 0
n_z 24
m 2801
[0] = H 7
[1] = H 8
[2] = H 9
[3] = H 10
[4] = H 11
[5] = H 12
[6] = H 13
[7] = H 14
[8] = H 15
[9] = H 16
[10] = H 17
[11] = H 18
[12] = H 19
[13] = H 20
[14] = H 21
[15] = H 22
[16] = H 23
[17] = H 24
[18] = H 25
[19] = H 26
[20] = H 27
[21] = H 28
[22] = H 29
[23] = H 30
[24] = H 31
[25] = CNOT 8 10
[26] = CNOT 8 14
[27] = CNOT 8 16
[28] = T 8
[29] = CNOT 8 16
[30] = CNOT 8 14
[31] = CNOT 8 10
[32] = CNOT 2 8
[33] = CNOT 2 10
[34] = CNOT 2 12
[35] = CNOT 2 14
[36] = CNOT 2 16
[37] = T 2
[38] = CNOT 2 16
[39] = CNOT 2 14
[40] = CNOT 2 12
[41] = CNOT 2 10
[42] = CNOT 2 8
[43] = CNOT 1 2
[44] = CNOT 1 3
[45] = CNOT 1 8
[46] = CNOT 1 10
[47] = CNOT 1 12
[48] = CNOT 1 14
[49] = CNOT 1 16
[50] = T 1
[51] = CNOT 1 8
[52] = T 1
[53] = CNOT 1 16
[54] = CNOT 1 14
[55] = CNOT 1 12
[56] = CNOT 1 10
[57] = CNOT 1 2
[58] = CNOT 2 10
[59] = CNOT 2 12
[60] = CNOT 2 14
[61] = CNOT 2 16
[62] = T 2
[63] = CNOT 2 16
[64] = CNOT 2 14
[65] = CNOT 2 12
[66] = CNOT 2 10
[67] = CNOT 5 11
[68] = CNOT 5 13
[69] = CNOT 5 15
[70] = CNOT 5 19
[71] = CNOT 5 25
[72] = CNOT 5 29
[73] = T 5
[74] = CNOT 5 29
[75] = CNOT 5 25
[76] = CNOT 5 19
[77] = CNOT 5 15
[78] = CNOT 5 13
[79] = CNOT 5 11
[80] = CNOT 19 30
[81] = T 19
[82] = S 19
[83] = Z 19
[84] = CNOT 19 30
[85] = CNOT 1 5
[86] = CNOT 1 11
[87] = CNOT 1 15
[88] = CNOT 1 17
[89] = CNOT 1 19
[90] = CNOT 1 23
[91] = CNOT 1 25
[92] = CNOT 1 29
[93] = CNOT 1 30
[94] = T 1
[95] = CNOT 1 29
[96] = T 1
[97] = CNOT 1 30
[98] = T 1
[99] = CNOT 1 29
[100] = T 1
[101] = CNOT 1 29
[102] = CNOT 1 25
[103] = CNOT 1 23
[104] = CNOT 1 19
[105] = CNOT 1 17
[106] = CNOT 1 15
[107] = CNOT 1 11
[108] = CNOT 1 5
[109] = CNOT 1 8
[110] = CNOT 1 10
[111] = CNOT 1 12
[112] = CNOT 1 14
[113] = CNOT 1 16
[114] = T 1
[115] = CNOT 1 8
[116] = CNOT 8 10
[117] = CNOT 8 11
[118] = CNOT 8 12
[119] = CNOT 8 14
[120] = CNOT 8 16
[121] = T 8
[122] = CNOT 8 16
[123] = CNOT 8 14
[124] = CNOT 8 12
[125] = CNOT 8 11
[126] = CNOT 8 10
[127] = CNOT 1 9
[128] = T 1
[129] = CNOT 1 14
[130] = CNOT 1 12
[131] = CNOT 1 10
[132] = CNOT 1 9
[133] = CNOT 9 10
[134] = CNOT 9 12
[135] = CNOT 9 14
[136] = CNOT 9 16
[137] = T 9
[138] = CNOT 9 16
[139] = CNOT 9 14
[140] = CNOT 9 12
[141] = CNOT 9 10
[142] = CNOT 5 11
[143] = CNOT 5 13
[144] = CNOT 5 15
[145] = CNOT 5 19
[146] = CNOT 5 29
[147] = T 5
[148] = CNOT 5 19
[149] = CNOT 4 6
[150] = CNOT 4 8
[151] = CNOT 4 10
[152] = CNOT 4 11
[153] = CNOT 4 12
[154] = CNOT 4 14
[155] = CNOT 4 16
[156] = T 4
[157] = CNOT 4 11
[158] = T 4
[159] = CNOT 4 12
[160] = T 4
[161] = CNOT 4 11
[162] = T 4
[163] = CNOT 4 16
[164] = CNOT 4 14
[165] = CNOT 4 11
[166] = CNOT 4 10
[167] = CNOT 4 8
[168] = CNOT 8 10
[169] = CNOT 8 11
[170] = CNOT 8 14
[171] = CNOT 8 16
[172] = T 8
[173] = CNOT 8 16
[174] = CNOT 8 14
[175] = CNOT 8 11
[176] = CNOT 8 10
[177] = CNOT 19 25
[178] = CNOT 19 26
[179] = CNOT 19 29
[180] = T 19
[181] = CNOT 19 29
[182] = CNOT 19 26
[183] = CNOT 19 25
[184] = CNOT 1 9
[185] = T 1
[186] = CNOT 1 9
[187] = CNOT 9 16
[188] = T 9
[189] = CNOT 9 16
[190] = T 1
[191] = CNOT 1 16
[192] = CNOT 5 19
[193] = CNOT 5 25
[194] = CNOT 5 26
[195] = T 5
[196] = CNOT 5 29
[197] = CNOT 5 26
[198] = CNOT 5 25
[199] = CNOT 5 19
[200] = CNOT 5 15
[201] = CNOT 5 13
[202] = CNOT 5 11
[203] = CNOT 19 29
[204] = CNOT 19 30
[205] = T 19
[206] = S 19
[207] = Z 19
[208] = CNOT 19 30
[209] = CNOT 1 5
[210] = CNOT 1 15
[211] = CNOT 1 17
[212] = T 1
[213] = CNOT 1 17
[214] = CNOT 1 15
[215] = CNOT 1 11
[216] = CNOT 1 16
[217] = T 1
[218] = CNOT 1 11
[219] = CNOT 1 5
[220] = CNOT 1 13
[221] = T 1
[222] = CNOT 1 16
[223] = CNOT 5 11
[224] = CNOT 5 13
[225] = CNOT 5 16
[226] = T 5
[227] = CNOT 5 16
[228] = CNOT 17 24
[229] = CNOT 17 28
[230] = T 17
[231] = Z 17
[232] = CNOT 17 28
[233] = CNOT 17 24
[234] = CNOT 5 17
[235] = CNOT 5 20
[236] = T 5
[237] = CNOT 5 20
[238] = CNOT 5 17
[239] = CNOT 1 11
[240] = CNOT 1 15
[241] = CNOT 1 17
[242] = CNOT 1 20
[243] = CNOT 1 24
[244] = CNOT 1 28
[245] = T 1
[246] = CNOT 1 28
[247] = CNOT 1 24
[248] = CNOT 1 20
[249] = CNOT 1 17
[250] = CNOT 1 15
[251] = CNOT 1 11
[252] = T 18
[253] = S 18
[254] = CNOT 19 26
[255] = T 19
[256] = Z 19
[257] = CNOT 19 29
[258] = CNOT 19 26
[259] = CNOT 5 15
[260] = CNOT 5 19
[261] = CNOT 5 26
[262] = CNOT 5 29
[263] = T 5
[264] = CNOT 5 29
[265] = CNOT 5 26
[266] = CNOT 5 19
[267] = CNOT 5 15
[268] = CNOT 5 11
[269] = CNOT 1 18
[270] = T 1
[271] = CNOT 1 19
[272] = T 1
[273] = CNOT 1 18
[274] = T 1
[275] = CNOT 1 19
[276] = CNOT 18 19
[277] = T 18
[278] = S 18
[279] = CNOT 18 19
[280] = CNOT 11 15
[281] = CNOT 11 20
[282] = T 11
[283] = Z 11
[284] = CNOT 11 20
[285] = CNOT 11 15
[286] = CNOT 7 21
[287] = T 7
[288] = Z 7
[289] = CNOT 7 21
[290] = CNOT 5 7
[291] = CNOT 5 11
[292] = CNOT 5 17
[293] = CNOT 5 21
[294] = T 5
[295] = CNOT 5 17
[296] = T 5
[297] = CNOT 5 21
[298] = CNOT 5 13
[299] = CNOT 5 11
[300] = CNOT 5 7
[301] = CNOT 7 17
[302] = CNOT 7 21
[303] = T 7
[304] = S 7
[305] = Z 7
[306] = CNOT 7 21
[307] = CNOT 19 25
[308] = CNOT 19 29
[309] = T 19
[310] = S 19
[311] = CNOT 19 29
[312] = CNOT 19 25
[313] = CNOT 1 11
[314] = CNOT 1 15
[315] = CNOT 1 17
[316] = CNOT 1 20
[317] = CNOT 1 22
[318] = T 1
[319] = CNOT 1 22
[320] = CNOT 1 20
[321] = CNOT 1 13
[322] = CNOT 1 11
[323] = CNOT 11 15
[324] = CNOT 11 20
[325] = CNOT 11 22
[326] = T 11
[327] = CNOT 11 22
[328] = CNOT 11 20
[329] = CNOT 11 15
[330] = CNOT 1 5
[331] = CNOT 1 24
[332] = CNOT 1 28
[333] = T 1
[334] = CNOT 1 28
[335] = CNOT 1 24
[336] = CNOT 1 17
[337] = CNOT 1 15
[338] = CNOT 1 5
[339] = CNOT 5 11
[340] = CNOT 5 13
[341] = CNOT 5 17
[342] = CNOT 5 20
[343] = CNOT 5 24
[344] = CNOT 5 28
[345] = T 5
[346] = CNOT 5 28
[347] = CNOT 5 24
[348] = CNOT 5 20
[349] = CNOT 5 22
[350] = T 5
[351] = CNOT 5 22
[352] = CNOT 5 17
[353] = CNOT 5 13
[354] = CNOT 5 11
[355] = CNOT 1 5
[356] = CNOT 1 11
[357] = CNOT 1 22
[358] = T 1
[359] = CNOT 1 22
[360] = CNOT 1 11
[361] = CNOT 1 5
[362] = CNOT 1 3
[363] = S 1
[364] = Z 1
[365] = S 2
[366] = Z 3
[367] = Z 6
[368] = S 10
[369] = Z 10
[370] = S 11
[371] = Z 11
[372] = S 12
[373] = Z 12
[374] = Z 13
[375] = Z 14
[376] = Z 15
[377] = Z 16
[378] = S 17
[379] = Z 17
[380] = Z 20
[381] = S 22
[382] = Z 23
[383] = S 24
[384] = Z 24
[385] = Z 25
[386] = S 26
[387] = Z 26
[388] = S 27
[389] = Z 27
[390] = Z 29
[391] = S 31
[392] = Z 31
[393] = CNOT 1 2
[394] = Z 1
[395] = CNOT 1 2
[396] = CNOT 1 5
[397] = S 1
[398] = CNOT 1 5
[399] = CNOT 1 8
[400] = Z 1
[401] = CNOT 1 8
[402] = CNOT 1 9
[403] = S 1
[404] = Z 1
[405] = CNOT 1 9
[406] = CNOT 1 13
[407] = S 1
[408] = Z 1
[409] = CNOT 1 13
[410] = CNOT 1 16
[411] = Z 1
[412] = CNOT 1 16
[413] = CNOT 1 17
[414] = S 1
[415] = Z 1
[416] = CNOT 1 17
[417] = CNOT 1 18
[418] = S 1
[419] = Z 1
[420] = CNOT 1 18
[421] = CNOT 1 19
[422] = S 1
[423] = Z 1
[424] = CNOT 1 19
[425] = CNOT 1 20
[426] = S 1
[427] = CNOT 1 20
[428] = CNOT 1 23
[429] = S 1
[430] = Z 1
[431] = CNOT 1 23
[432] = CNOT 1 24
[433] = S 1
[434] = CNOT 1 24
[435] = CNOT 1 25
[436] = Z 1
[437] = CNOT 1 25
[438] = CNOT 1 26
[439] = S 1
[440] = CNOT 1 26
[441] = CNOT 1 29
[442] = S 1
[443] = CNOT 1 29
[444] = CNOT 1 30
[445] = S 1
[446] = Z 1
[447] = CNOT 1 30
[448] = CNOT 2 3
[449] = Z 2
[450] = CNOT 2 3
[451] = CNOT 2 8
[452] = S 2
[453] = CNOT 2 8
[454] = CNOT 2 12
[455] = S 2
[456] = Z 2
[457] = CNOT 2 12
[458] = CNOT 2 14
[459] = S 2
[460] = Z 2
[461] = CNOT 2 14
[462] = CNOT 2 16
[463] = S 2
[464] = Z 2
[465] = CNOT 2 16
[466] = CNOT 3 5
[467] = S 3
[468] = CNOT 3 5
[469] = CNOT 3 8
[470] = S 3
[471] = Z 3
[472] = CNOT 3 8
[473] = CNOT 3 9
[474] = S 3
[475] = Z 3
[476] = CNOT 3 9
[477] = CNOT 3 13
[478] = S 3
[479] = Z 3
[480] = CNOT 3 13
[481] = CNOT 3 16
[482] = Z 3
[483] = CNOT 3 16
[484] = CNOT 3 17
[485] = S 3
[486] = Z 3
[487] = CNOT 3 17
[488] = CNOT 3 18
[489] = S 3
[490] = Z 3
[491] = CNOT 3 18
[492] = CNOT 3 19
[493] = S 3
[494] = Z 3
[495] = CNOT 3 19
[496] = CNOT 3 20
[497] = S 3
[498] = CNOT 3 20
[499] = CNOT 3 23
[500] = S 3
[501] = Z 3
[502] = CNOT 3 23
[503] = CNOT 3 24
[504] = S 3
[505] = CNOT 3 24
[506] = CNOT 3 25
[507] = Z 3
[508] = CNOT 3 25
[509] = CNOT 3 26
[510] = S 3
[511] = CNOT 3 26
[512] = CNOT 3 29
[513] = S 3
[514] = CNOT 3 29
[515] = CNOT 3 30
[516] = S 3
[517] = Z 3
[518] = CNOT 3 30
[519] = S 4
[520] = CNOT 4 6
[521] = CNOT 4 12
[522] = S 4
[523] = Z 4
[524] = CNOT 4 12
[525] = CNOT 4 14
[526] = S 4
[527] = Z 4
[528] = CNOT 4 14
[529] = CNOT 5 6
[530] = S 5
[531] = CNOT 5 6
[532] = CNOT 5 11
[533] = S 5
[534] = Z 5
[535] = CNOT 5 11
[536] = CNOT 5 12
[537] = Z 5
[538] = CNOT 5 12
[539] = CNOT 5 13
[540] = S 5
[541] = CNOT 5 13
[542] = CNOT 5 15
[543] = Z 5
[544] = CNOT 5 15
[545] = CNOT 5 16
[546] = S 5
[547] = Z 5
[548] = CNOT 5 16
[549] = CNOT 5 17
[550] = S 5
[551] = Z 5
[552] = CNOT 5 17
[553] = CNOT 5 19
[554] = Z 5
[555] = CNOT 5 19
[556] = CNOT 5 23
[557] = S 5
[558] = Z 5
[559] = CNOT 5 23
[560] = CNOT 5 24
[561] = Z 5
[562] = CNOT 5 24
[563] = CNOT 5 26
[564] = S 5
[565] = Z 5
[566] = CNOT 5 26
[567] = CNOT 5 28
[568] = Z 5
[569] = CNOT 5 28
[570] = CNOT 5 29
[571] = S 5
[572] = CNOT 5 29
[573] = CNOT 5 30
[574] = S 5
[575] = CNOT 5 30
[576] = CNOT 6 12
[577] = S 6
[578] = CNOT 6 12
[579] = CNOT 6 14
[580] = S 6
[581] = Z 6
[582] = CNOT 6 14
[583] = Z 7
[584] = CNOT 7 17
[585] = CNOT 7 18
[586] = S 7
[587] = CNOT 7 18
[588] = CNOT 8 9
[589] = S 8
[590] = CNOT 8 9
[591] = CNOT 8 10
[592] = S 8
[593] = Z 8
[594] = CNOT 8 10
[595] = CNOT 8 11
[596] = S 8
[597] = Z 8
[598] = CNOT 8 11
[599] = CNOT 8 12
[600] = Z 8
[601] = CNOT 8 12
[602] = CNOT 8 14
[603] = S 8
[604] = Z 8
[605] = CNOT 8 14
[606] = CNOT 8 16
[607] = S 8
[608] = Z 8
[609] = CNOT 8 16
[610] = CNOT 10 14
[611] = S 10
[612] = CNOT 10 14
[613] = CNOT 10 16
[614] = S 10
[615] = CNOT 10 16
[616] = CNOT 11 14
[617] = Z 11
[618] = CNOT 11 14
[619] = CNOT 11 16
[620] = Z 11
[621] = CNOT 11 16
[622] = CNOT 11 17
[623] = Z 11
[624] = CNOT 11 17
[625] = CNOT 11 19
[626] = Z 11
[627] = CNOT 11 19
[628] = CNOT 11 22
[629] = S 11
[630] = CNOT 11 22
[631] = CNOT 11 23
[632] = Z 11
[633] = CNOT 11 23
[634] = CNOT 11 24
[635] = S 11
[636] = CNOT 11 24
[637] = CNOT 11 26
[638] = Z 11
[639] = CNOT 11 26
[640] = CNOT 11 29
[641] = S 11
[642] = CNOT 11 29
[643] = CNOT 11 30
[644] = S 11
[645] = Z 11
[646] = CNOT 11 30
[647] = CNOT 12 13
[648] = S 12
[649] = CNOT 12 13
[650] = CNOT 13 15
[651] = S 13
[652] = Z 13
[653] = CNOT 13 15
[654] = CNOT 13 16
[655] = Z 13
[656] = CNOT 13 16
[657] = CNOT 13 18
[658] = S 13
[659] = Z 13
[660] = CNOT 13 18
[661] = CNOT 13 19
[662] = S 13
[663] = Z 13
[664] = CNOT 13 19
[665] = CNOT 13 20
[666] = S 13
[667] = CNOT 13 20
[668] = CNOT 13 24
[669] = S 13
[670] = CNOT 13 24
[671] = CNOT 13 25
[672] = Z 13
[673] = CNOT 13 25
[674] = CNOT 13 26
[675] = Z 13
[676] = CNOT 13 26
[677] = CNOT 13 30
[678] = Z 13
[679] = CNOT 13 30
[680] = CNOT 14 15
[681] = S 14
[682] = CNOT 14 15
[683] = CNOT 14 16
[684] = S 14
[685] = CNOT 14 16
[686] = CNOT 15 17
[687] = Z 15
[688] = CNOT 15 17
[689] = CNOT 15 19
[690] = Z 15
[691] = CNOT 15 19
[692] = CNOT 15 22
[693] = S 15
[694] = CNOT 15 22
[695] = CNOT 15 23
[696] = S 15
[697] = Z 15
[698] = CNOT 15 23
[699] = CNOT 15 24
[700] = S 15
[701] = CNOT 15 24
[702] = CNOT 15 26
[703] = S 15
[704] = Z 15
[705] = CNOT 15 26
[706] = CNOT 15 29
[707] = S 15
[708] = CNOT 15 29
[709] = CNOT 15 30
[710] = S 15
[711] = Z 15
[712] = CNOT 15 30
[713] = CNOT 16 17
[714] = S 16
[715] = CNOT 16 17
[716] = CNOT 17 19
[717] = Z 17
[718] = CNOT 17 19
[719] = CNOT 17 21
[720] = Z 17
[721] = CNOT 17 21
[722] = CNOT 17 22
[723] = S 17
[724] = CNOT 17 22
[725] = CNOT 17 23
[726] = Z 17
[727] = CNOT 17 23
[728] = CNOT 17 24
[729] = S 17
[730] = Z 17
[731] = CNOT 17 24
[732] = CNOT 17 25
[733] = Z 17
[734] = CNOT 17 25
[735] = CNOT 17 28
[736] = S 17
[737] = Z 17
[738] = CNOT 17 28
[739] = CNOT 17 29
[740] = S 17
[741] = CNOT 17 29
[742] = CNOT 17 30
[743] = S 17
[744] = CNOT 17 30
[745] = CNOT 18 21
[746] = S 18
[747] = CNOT 18 21
[748] = CNOT 19 20
[749] = S 19
[750] = CNOT 19 20
[751] = CNOT 19 23
[752] = Z 19
[753] = CNOT 19 23
[754] = CNOT 19 25
[755] = S 19
[756] = Z 19
[757] = CNOT 19 25
[758] = CNOT 19 26
[759] = S 19
[760] = CNOT 19 26
[761] = CNOT 19 29
[762] = Z 19
[763] = CNOT 19 29
[764] = CNOT 20 22
[765] = S 20
[766] = Z 20
[767] = CNOT 20 22
[768] = CNOT 20 30
[769] = Z 20
[770] = CNOT 20 30
[771] = CNOT 22 23
[772] = S 22
[773] = CNOT 22 23
[774] = CNOT 23 25
[775] = Z 23
[776] = CNOT 23 25
[777] = CNOT 23 26
[778] = S 23
[779] = CNOT 23 26
[780] = CNOT 23 29
[781] = S 23
[782] = CNOT 23 29
[783] = CNOT 23 30
[784] = S 23
[785] = CNOT 23 30
[786] = CNOT 24 25
[787] = S 24
[788] = CNOT 24 25
[789] = CNOT 24 28
[790] = S 24
[791] = Z 24
[792] = CNOT 24 28
[793] = CNOT 25 26
[794] = S 25
[795] = Z 25
[796] = CNOT 25 26
[797] = CNOT 25 29
[798] = Z 25
[799] = CNOT 25 29
[800] = CNOT 25 30
[801] = S 25
[802] = CNOT 25 30
[803] = CNOT 26 27
[804] = S 26
[805] = CNOT 26 27
[806] = CNOT 26 29
[807] = S 26
[808] = CNOT 26 29
[809] = CNOT 28 29
[810] = S 28
[811] = CNOT 28 29
[812] = CNOT 29 30
[813] = Z 29
[814] = CNOT 29 30
[815] = CNOT 30 31
[816] = S 30
[817] = CNOT 30 31
[818] = CNOT 1 2
[819] = CNOT 1 3
[820] = S 1
[821] = Z 1
[822] = CNOT 1 3
[823] = CNOT 1 10
[824] = S 1
[825] = Z 1
[826] = CNOT 1 10
[827] = CNOT 1 12
[828] = S 1
[829] = Z 1
[830] = CNOT 1 12
[831] = CNOT 1 14
[832] = S 1
[833] = Z 1
[834] = CNOT 1 14
[835] = CNOT 1 16
[836] = S 1
[837] = Z 1
[838] = CNOT 1 16
[839] = CNOT 1 2
[840] = CNOT 1 3
[841] = CNOT 1 8
[842] = S 1
[843] = Z 1
[844] = CNOT 1 8
[845] = CNOT 1 9
[846] = S 1
[847] = Z 1
[848] = CNOT 1 9
[849] = CNOT 1 10
[850] = Z 1
[851] = CNOT 1 10
[852] = CNOT 1 12
[853] = Z 1
[854] = CNOT 1 12
[855] = CNOT 1 13
[856] = S 1
[857] = CNOT 1 13
[858] = CNOT 1 14
[859] = Z 1
[860] = CNOT 1 14
[861] = CNOT 1 18
[862] = S 1
[863] = Z 1
[864] = CNOT 1 18
[865] = CNOT 1 20
[866] = S 1
[867] = Z 1
[868] = CNOT 1 20
[869] = CNOT 1 22
[870] = S 1
[871] = CNOT 1 22
[872] = CNOT 1 23
[873] = Z 1
[874] = CNOT 1 23
[875] = CNOT 1 24
[876] = S 1
[877] = CNOT 1 24
[878] = CNOT 1 25
[879] = Z 1
[880] = CNOT 1 25
[881] = CNOT 1 26
[882] = S 1
[883] = Z 1
[884] = CNOT 1 26
[885] = CNOT 1 28
[886] = Z 1
[887] = CNOT 1 28
[888] = CNOT 1 29
[889] = S 1
[890] = Z 1
[891] = CNOT 1 29
[892] = CNOT 1 30
[893] = Z 1
[894] = CNOT 1 30
[895] = CNOT 1 3
[896] = CNOT 1 5
[897] = CNOT 1 11
[898] = S 1
[899] = CNOT 1 11
[900] = CNOT 1 15
[901] = S 1
[902] = CNOT 1 15
[903] = CNOT 1 17
[904] = S 1
[905] = CNOT 1 17
[906] = CNOT 1 19
[907] = Z 1
[908] = CNOT 1 19
[909] = CNOT 1 22
[910] = S 1
[911] = Z 1
[912] = CNOT 1 22
[913] = CNOT 1 23
[914] = Z 1
[915] = CNOT 1 23
[916] = CNOT 1 24
[917] = S 1
[918] = Z 1
[919] = CNOT 1 24
[920] = CNOT 1 25
[921] = Z 1
[922] = CNOT 1 25
[923] = CNOT 1 26
[924] = S 1
[925] = Z 1
[926] = CNOT 1 26
[927] = CNOT 1 28
[928] = S 1
[929] = Z 1
[930] = CNOT 1 28
[931] = CNOT 1 29
[932] = S 1
[933] = Z 1
[934] = CNOT 1 29
[935] = CNOT 1 30
[936] = S 1
[937] = Z 1
[938] = CNOT 1 30
[939] = CNOT 1 5
[940] = CNOT 1 8
[941] = CNOT 1 10
[942] = S 1
[943] = Z 1
[944] = CNOT 1 10
[945] = CNOT 1 12
[946] = S 1
[947] = Z 1
[948] = CNOT 1 12
[949] = CNOT 1 14
[950] = S 1
[951] = Z 1
[952] = CNOT 1 14
[953] = CNOT 1 16
[954] = S 1
[955] = Z 1
[956] = CNOT 1 8
[957] = CNOT 1 9
[958] = S 1
[959] = Z 1
[960] = CNOT 1 16
[961] = CNOT 1 9
[962] = CNOT 1 10
[963] = CNOT 1 12
[964] = Z 1
[965] = CNOT 1 12
[966] = CNOT 1 14
[967] = Z 1
[968] = CNOT 1 14
[969] = CNOT 1 16
[970] = Z 1
[971] = CNOT 1 16
[972] = CNOT 1 10
[973] = CNOT 1 11
[974] = CNOT 1 13
[975] = S 1
[976] = Z 1
[977] = CNOT 1 13
[978] = CNOT 1 15
[979] = S 1
[980] = CNOT 1 15
[981] = CNOT 1 17
[982] = S 1
[983] = CNOT 1 17
[984] = CNOT 1 19
[985] = Z 1
[986] = CNOT 1 19
[987] = CNOT 1 20
[988] = S 1
[989] = Z 1
[990] = CNOT 1 20
[991] = CNOT 1 22
[992] = S 1
[993] = Z 1
[994] = CNOT 1 22
[995] = CNOT 1 23
[996] = Z 1
[997] = CNOT 1 23
[998] = CNOT 1 24
[999] = Z 1
[1000] = CNOT 1 24
[1001] = CNOT 1 25
[1002] = Z 1
[1003] = CNOT 1 25
[1004] = CNOT 1 28
[1005] = S 1
[1006] = Z 1
[1007] = CNOT 1 28
[1008] = CNOT 1 29
[1009] = S 1
[1010] = Z 1
[1011] = CNOT 1 29
[1012] = CNOT 1 30
[1013] = Z 1
[1014] = CNOT 1 30
[1015] = CNOT 1 11
[1016] = CNOT 1 12
[1017] = CNOT 1 14
[1018] = Z 1
[1019] = CNOT 1 14
[1020] = CNOT 1 16
[1021] = Z 1
[1022] = CNOT 1 16
[1023] = CNOT 1 12
[1024] = CNOT 1 13
[1025] = CNOT 1 15
[1026] = S 1
[1027] = Z 1
[1028] = CNOT 1 15
[1029] = CNOT 1 16
[1030] = S 1
[1031] = Z 1
[1032] = CNOT 1 16
[1033] = CNOT 1 17
[1034] = S 1
[1035] = Z 1
[1036] = CNOT 1 17
[1037] = CNOT 1 18
[1038] = S 1
[1039] = Z 1
[1040] = CNOT 1 18
[1041] = CNOT 1 19
[1042] = S 1
[1043] = Z 1
[1044] = CNOT 1 19
[1045] = CNOT 1 20
[1046] = S 1
[1047] = Z 1
[1048] = CNOT 1 20
[1049] = CNOT 1 22
[1050] = Z 1
[1051] = CNOT 1 22
[1052] = CNOT 1 24
[1053] = Z 1
[1054] = CNOT 1 24
[1055] = CNOT 1 28
[1056] = S 1
[1057] = Z 1
[1058] = CNOT 1 28
[1059] = CNOT 1 30
[1060] = S 1
[1061] = Z 1
[1062] = CNOT 1 30
[1063] = CNOT 1 13
[1064] = CNOT 1 14
[1065] = CNOT 1 16
[1066] = Z 1
[1067] = CNOT 1 16
[1068] = CNOT 1 14
[1069] = CNOT 1 15
[1070] = CNOT 1 19
[1071] = Z 1
[1072] = CNOT 1 19
[1073] = CNOT 1 20
[1074] = S 1
[1075] = Z 1
[1076] = CNOT 1 20
[1077] = CNOT 1 22
[1078] = S 1
[1079] = Z 1
[1080] = CNOT 1 22
[1081] = CNOT 1 23
[1082] = Z 1
[1083] = CNOT 1 23
[1084] = CNOT 1 24
[1085] = S 1
[1086] = CNOT 1 24
[1087] = CNOT 1 25
[1088] = Z 1
[1089] = CNOT 1 25
[1090] = CNOT 1 26
[1091] = S 1
[1092] = Z 1
[1093] = CNOT 1 26
[1094] = CNOT 1 28
[1095] = Z 1
[1096] = CNOT 1 28
[1097] = CNOT 1 29
[1098] = S 1
[1099] = Z 1
[1100] = CNOT 1 29
[1101] = CNOT 1 30
[1102] = Z 1
[1103] = CNOT 1 30
[1104] = CNOT 1 15
[1105] = CNOT 1 17
[1106] = CNOT 1 19
[1107] = Z 1
[1108] = CNOT 1 19
[1109] = CNOT 1 20
[1110] = S 1
[1111] = Z 1
[1112] = CNOT 1 20
[1113] = CNOT 1 22
[1114] = S 1
[1115] = Z 1
[1116] = CNOT 1 22
[1117] = CNOT 1 23
[1118] = Z 1
[1119] = CNOT 1 23
[1120] = CNOT 1 24
[1121] = S 1
[1122] = Z 1
[1123] = CNOT 1 24
[1124] = CNOT 1 25
[1125] = Z 1
[1126] = CNOT 1 25
[1127] = CNOT 1 28
[1128] = S 1
[1129] = Z 1
[1130] = CNOT 1 28
[1131] = CNOT 1 29
[1132] = S 1
[1133] = Z 1
[1134] = CNOT 1 29
[1135] = CNOT 1 30
[1136] = S 1
[1137] = Z 1
[1138] = CNOT 1 30
[1139] = CNOT 1 17
[1140] = CNOT 1 19
[1141] = CNOT 1 23
[1142] = Z 1
[1143] = CNOT 1 23
[1144] = CNOT 1 25
[1145] = Z 1
[1146] = CNOT 1 25
[1147] = CNOT 1 29
[1148] = S 1
[1149] = Z 1
[1150] = CNOT 1 29
[1151] = CNOT 1 30
[1152] = S 1
[1153] = Z 1
[1154] = CNOT 1 30
[1155] = CNOT 1 19
[1156] = CNOT 1 20
[1157] = CNOT 1 24
[1158] = S 1
[1159] = Z 1
[1160] = CNOT 1 24
[1161] = CNOT 1 28
[1162] = S 1
[1163] = Z 1
[1164] = CNOT 1 28
[1165] = CNOT 1 30
[1166] = S 1
[1167] = Z 1
[1168] = CNOT 1 30
[1169] = CNOT 1 20
[1170] = CNOT 1 23
[1171] = CNOT 1 25
[1172] = Z 1
[1173] = CNOT 1 25
[1174] = CNOT 1 26
[1175] = S 1
[1176] = Z 1
[1177] = CNOT 1 26
[1178] = CNOT 1 29
[1179] = S 1
[1180] = Z 1
[1181] = CNOT 1 29
[1182] = CNOT 1 30
[1183] = S 1
[1184] = Z 1
[1185] = CNOT 1 30
[1186] = CNOT 1 23
[1187] = CNOT 1 24
[1188] = CNOT 1 28
[1189] = S 1
[1190] = Z 1
[1191] = CNOT 1 28
[1192] = CNOT 1 24
[1193] = CNOT 1 25
[1194] = CNOT 1 29
[1195] = S 1
[1196] = Z 1
[1197] = CNOT 1 29
[1198] = CNOT 1 30
[1199] = S 1
[1200] = Z 1
[1201] = CNOT 1 30
[1202] = CNOT 1 25
[1203] = CNOT 2 3
[1204] = CNOT 2 10
[1205] = S 2
[1206] = Z 2
[1207] = CNOT 2 10
[1208] = CNOT 2 12
[1209] = S 2
[1210] = Z 2
[1211] = CNOT 2 12
[1212] = CNOT 2 14
[1213] = S 2
[1214] = Z 2
[1215] = CNOT 2 14
[1216] = CNOT 2 16
[1217] = S 2
[1218] = Z 2
[1219] = CNOT 2 16
[1220] = CNOT 2 3
[1221] = CNOT 2 8
[1222] = CNOT 2 10
[1223] = S 2
[1224] = Z 2
[1225] = CNOT 2 10
[1226] = CNOT 2 12
[1227] = S 2
[1228] = Z 2
[1229] = CNOT 2 12
[1230] = CNOT 2 14
[1231] = S 2
[1232] = Z 2
[1233] = CNOT 2 14
[1234] = CNOT 2 16
[1235] = S 2
[1236] = Z 2
[1237] = CNOT 2 16
[1238] = CNOT 2 8
[1239] = CNOT 2 10
[1240] = CNOT 2 12
[1241] = Z 2
[1242] = CNOT 2 12
[1243] = CNOT 2 14
[1244] = Z 2
[1245] = CNOT 2 14
[1246] = CNOT 2 16
[1247] = Z 2
[1248] = CNOT 2 16
[1249] = CNOT 2 10
[1250] = CNOT 2 12
[1251] = CNOT 2 14
[1252] = Z 2
[1253] = CNOT 2 14
[1254] = CNOT 2 16
[1255] = Z 2
[1256] = CNOT 2 12
[1257] = CNOT 2 14
[1258] = Z 2
[1259] = CNOT 2 16
[1260] = CNOT 2 14
[1261] = CNOT 3 5
[1262] = CNOT 3 11
[1263] = S 3
[1264] = CNOT 3 11
[1265] = CNOT 3 15
[1266] = S 3
[1267] = CNOT 3 15
[1268] = CNOT 3 17
[1269] = S 3
[1270] = CNOT 3 17
[1271] = CNOT 3 19
[1272] = Z 3
[1273] = CNOT 3 19
[1274] = CNOT 3 22
[1275] = S 3
[1276] = Z 3
[1277] = CNOT 3 22
[1278] = CNOT 3 23
[1279] = Z 3
[1280] = CNOT 3 23
[1281] = CNOT 3 24
[1282] = S 3
[1283] = Z 3
[1284] = CNOT 3 24
[1285] = CNOT 3 25
[1286] = Z 3
[1287] = CNOT 3 25
[1288] = CNOT 3 26
[1289] = S 3
[1290] = Z 3
[1291] = CNOT 3 26
[1292] = CNOT 3 28
[1293] = S 3
[1294] = Z 3
[1295] = CNOT 3 28
[1296] = CNOT 3 29
[1297] = S 3
[1298] = Z 3
[1299] = CNOT 3 29
[1300] = CNOT 3 30
[1301] = S 3
[1302] = Z 3
[1303] = CNOT 3 30
[1304] = CNOT 3 5
[1305] = CNOT 3 8
[1306] = CNOT 3 10
[1307] = S 3
[1308] = Z 3
[1309] = CNOT 3 10
[1310] = CNOT 3 12
[1311] = S 3
[1312] = Z 3
[1313] = CNOT 3 12
[1314] = CNOT 3 14
[1315] = S 3
[1316] = Z 3
[1317] = CNOT 3 14
[1318] = CNOT 3 16
[1319] = S 3
[1320] = Z 3
[1321] = CNOT 3 8
[1322] = CNOT 3 9
[1323] = S 3
[1324] = Z 3
[1325] = CNOT 3 16
[1326] = CNOT 3 9
[1327] = CNOT 3 10
[1328] = CNOT 3 12
[1329] = Z 3
[1330] = CNOT 3 12
[1331] = CNOT 3 14
[1332] = Z 3
[1333] = CNOT 3 14
[1334] = CNOT 3 16
[1335] = Z 3
[1336] = CNOT 3 16
[1337] = CNOT 3 10
[1338] = CNOT 3 11
[1339] = CNOT 3 13
[1340] = S 3
[1341] = Z 3
[1342] = CNOT 3 13
[1343] = CNOT 3 15
[1344] = S 3
[1345] = CNOT 3 15
[1346] = CNOT 3 17
[1347] = S 3
[1348] = CNOT 3 17
[1349] = CNOT 3 19
[1350] = Z 3
[1351] = CNOT 3 19
[1352] = CNOT 3 20
[1353] = S 3
[1354] = Z 3
[1355] = CNOT 3 20
[1356] = CNOT 3 22
[1357] = S 3
[1358] = Z 3
[1359] = CNOT 3 22
[1360] = CNOT 3 23
[1361] = Z 3
[1362] = CNOT 3 23
[1363] = CNOT 3 24
[1364] = Z 3
[1365] = CNOT 3 24
[1366] = CNOT 3 25
[1367] = Z 3
[1368] = CNOT 3 25
[1369] = CNOT 3 28
[1370] = S 3
[1371] = Z 3
[1372] = CNOT 3 28
[1373] = CNOT 3 29
[1374] = S 3
[1375] = Z 3
[1376] = CNOT 3 29
[1377] = CNOT 3 30
[1378] = Z 3
[1379] = CNOT 3 30
[1380] = CNOT 3 11
[1381] = CNOT 3 12
[1382] = CNOT 3 14
[1383] = Z 3
[1384] = CNOT 3 14
[1385] = CNOT 3 16
[1386] = Z 3
[1387] = CNOT 3 16
[1388] = CNOT 3 12
[1389] = CNOT 3 13
[1390] = CNOT 3 15
[1391] = S 3
[1392] = Z 3
[1393] = CNOT 3 15
[1394] = CNOT 3 16
[1395] = S 3
[1396] = Z 3
[1397] = CNOT 3 16
[1398] = CNOT 3 17
[1399] = S 3
[1400] = Z 3
[1401] = CNOT 3 17
[1402] = CNOT 3 18
[1403] = S 3
[1404] = Z 3
[1405] = CNOT 3 18
[1406] = CNOT 3 19
[1407] = S 3
[1408] = Z 3
[1409] = CNOT 3 19
[1410] = CNOT 3 20
[1411] = S 3
[1412] = Z 3
[1413] = CNOT 3 20
[1414] = CNOT 3 22
[1415] = Z 3
[1416] = CNOT 3 22
[1417] = CNOT 3 24
[1418] = Z 3
[1419] = CNOT 3 24
[1420] = CNOT 3 28
[1421] = S 3
[1422] = Z 3
[1423] = CNOT 3 28
[1424] = CNOT 3 30
[1425] = S 3
[1426] = Z 3
[1427] = CNOT 3 30
[1428] = CNOT 3 13
[1429] = CNOT 3 14
[1430] = CNOT 3 16
[1431] = Z 3
[1432] = CNOT 3 16
[1433] = CNOT 3 14
[1434] = CNOT 3 15
[1435] = CNOT 3 19
[1436] = Z 3
[1437] = CNOT 3 19
[1438] = CNOT 3 20
[1439] = S 3
[1440] = Z 3
[1441] = CNOT 3 20
[1442] = CNOT 3 22
[1443] = S 3
[1444] = Z 3
[1445] = CNOT 3 22
[1446] = CNOT 3 23
[1447] = Z 3
[1448] = CNOT 3 23
[1449] = CNOT 3 24
[1450] = S 3
[1451] = CNOT 3 24
[1452] = CNOT 3 25
[1453] = Z 3
[1454] = CNOT 3 25
[1455] = CNOT 3 26
[1456] = S 3
[1457] = Z 3
[1458] = CNOT 3 26
[1459] = CNOT 3 28
[1460] = Z 3
[1461] = CNOT 3 28
[1462] = CNOT 3 29
[1463] = S 3
[1464] = Z 3
[1465] = CNOT 3 29
[1466] = CNOT 3 30
[1467] = Z 3
[1468] = CNOT 3 30
[1469] = CNOT 3 15
[1470] = CNOT 3 17
[1471] = CNOT 3 19
[1472] = Z 3
[1473] = CNOT 3 19
[1474] = CNOT 3 20
[1475] = S 3
[1476] = Z 3
[1477] = CNOT 3 20
[1478] = CNOT 3 22
[1479] = S 3
[1480] = Z 3
[1481] = CNOT 3 22
[1482] = CNOT 3 23
[1483] = Z 3
[1484] = CNOT 3 23
[1485] = CNOT 3 24
[1486] = S 3
[1487] = Z 3
[1488] = CNOT 3 24
[1489] = CNOT 3 25
[1490] = Z 3
[1491] = CNOT 3 25
[1492] = CNOT 3 28
[1493] = S 3
[1494] = Z 3
[1495] = CNOT 3 28
[1496] = CNOT 3 29
[1497] = S 3
[1498] = Z 3
[1499] = CNOT 3 29
[1500] = CNOT 3 30
[1501] = S 3
[1502] = Z 3
[1503] = CNOT 3 30
[1504] = CNOT 3 17
[1505] = CNOT 3 19
[1506] = CNOT 3 23
[1507] = Z 3
[1508] = CNOT 3 23
[1509] = CNOT 3 25
[1510] = Z 3
[1511] = CNOT 3 25
[1512] = CNOT 3 29
[1513] = S 3
[1514] = Z 3
[1515] = CNOT 3 29
[1516] = CNOT 3 30
[1517] = S 3
[1518] = Z 3
[1519] = CNOT 3 30
[1520] = CNOT 3 19
[1521] = CNOT 3 20
[1522] = CNOT 3 24
[1523] = S 3
[1524] = Z 3
[1525] = CNOT 3 24
[1526] = CNOT 3 28
[1527] = S 3
[1528] = Z 3
[1529] = CNOT 3 28
[1530] = CNOT 3 30
[1531] = S 3
[1532] = Z 3
[1533] = CNOT 3 30
[1534] = CNOT 3 20
[1535] = CNOT 3 23
[1536] = CNOT 3 25
[1537] = Z 3
[1538] = CNOT 3 25
[1539] = CNOT 3 26
[1540] = S 3
[1541] = Z 3
[1542] = CNOT 3 26
[1543] = CNOT 3 29
[1544] = S 3
[1545] = Z 3
[1546] = CNOT 3 29
[1547] = CNOT 3 30
[1548] = S 3
[1549] = Z 3
[1550] = CNOT 3 30
[1551] = CNOT 3 23
[1552] = CNOT 3 24
[1553] = CNOT 3 28
[1554] = S 3
[1555] = Z 3
[1556] = CNOT 3 28
[1557] = CNOT 3 24
[1558] = CNOT 3 25
[1559] = CNOT 3 29
[1560] = S 3
[1561] = Z 3
[1562] = CNOT 3 29
[1563] = CNOT 3 30
[1564] = S 3
[1565] = Z 3
[1566] = CNOT 3 30
[1567] = CNOT 3 25
[1568] = CNOT 4 6
[1569] = CNOT 4 8
[1570] = Z 4
[1571] = CNOT 4 8
[1572] = CNOT 4 10
[1573] = Z 4
[1574] = CNOT 4 10
[1575] = CNOT 4 11
[1576] = S 4
[1577] = Z 4
[1578] = CNOT 4 11
[1579] = CNOT 4 12
[1580] = S 4
[1581] = Z 4
[1582] = CNOT 4 12
[1583] = CNOT 4 14
[1584] = S 4
[1585] = CNOT 4 14
[1586] = CNOT 4 16
[1587] = Z 4
[1588] = CNOT 4 16
[1589] = CNOT 4 6
[1590] = CNOT 4 8
[1591] = CNOT 4 10
[1592] = Z 4
[1593] = CNOT 4 10
[1594] = CNOT 4 11
[1595] = S 4
[1596] = Z 4
[1597] = CNOT 4 11
[1598] = CNOT 4 12
[1599] = S 4
[1600] = Z 4
[1601] = CNOT 4 12
[1602] = CNOT 4 14
[1603] = Z 4
[1604] = CNOT 4 14
[1605] = CNOT 4 16
[1606] = Z 4
[1607] = CNOT 4 16
[1608] = CNOT 4 8
[1609] = CNOT 4 10
[1610] = CNOT 4 11
[1611] = S 4
[1612] = Z 4
[1613] = CNOT 4 11
[1614] = CNOT 4 12
[1615] = S 4
[1616] = Z 4
[1617] = CNOT 4 12
[1618] = CNOT 4 14
[1619] = Z 4
[1620] = CNOT 4 14
[1621] = CNOT 4 16
[1622] = Z 4
[1623] = CNOT 4 16
[1624] = CNOT 4 10
[1625] = CNOT 4 11
[1626] = CNOT 4 12
[1627] = S 4
[1628] = Z 4
[1629] = CNOT 4 12
[1630] = CNOT 4 14
[1631] = Z 4
[1632] = CNOT 4 14
[1633] = CNOT 4 16
[1634] = S 4
[1635] = Z 4
[1636] = CNOT 4 16
[1637] = CNOT 4 11
[1638] = CNOT 4 12
[1639] = CNOT 4 14
[1640] = S 4
[1641] = Z 4
[1642] = CNOT 4 14
[1643] = CNOT 4 16
[1644] = S 4
[1645] = Z 4
[1646] = CNOT 4 12
[1647] = CNOT 4 14
[1648] = Z 4
[1649] = CNOT 4 16
[1650] = CNOT 4 14
[1651] = CNOT 5 6
[1652] = CNOT 5 12
[1653] = S 5
[1654] = Z 5
[1655] = CNOT 5 12
[1656] = CNOT 5 6
[1657] = CNOT 5 7
[1658] = CNOT 5 11
[1659] = S 5
[1660] = Z 5
[1661] = CNOT 5 11
[1662] = CNOT 5 13
[1663] = S 5
[1664] = Z 5
[1665] = CNOT 5 13
[1666] = CNOT 5 21
[1667] = S 5
[1668] = Z 5
[1669] = CNOT 5 21
[1670] = CNOT 5 7
[1671] = CNOT 5 11
[1672] = CNOT 5 13
[1673] = S 5
[1674] = Z 5
[1675] = CNOT 5 13
[1676] = CNOT 5 16
[1677] = S 5
[1678] = Z 5
[1679] = CNOT 5 16
[1680] = CNOT 5 20
[1681] = S 5
[1682] = Z 5
[1683] = CNOT 5 20
[1684] = CNOT 5 21
[1685] = S 5
[1686] = Z 5
[1687] = CNOT 5 21
[1688] = CNOT 5 22
[1689] = S 5
[1690] = Z 5
[1691] = CNOT 5 22
[1692] = CNOT 5 23
[1693] = Z 5
[1694] = CNOT 5 23
[1695] = CNOT 5 25
[1696] = S 5
[1697] = CNOT 5 25
[1698] = CNOT 5 26
[1699] = S 5
[1700] = Z 5
[1701] = CNOT 5 26
[1702] = CNOT 5 28
[1703] = S 5
[1704] = Z 5
[1705] = CNOT 5 28
[1706] = CNOT 5 29
[1707] = S 5
[1708] = CNOT 5 29
[1709] = CNOT 5 30
[1710] = S 5
[1711] = Z 5
[1712] = CNOT 5 30
[1713] = CNOT 5 11
[1714] = CNOT 5 13
[1715] = CNOT 5 15
[1716] = Z 5
[1717] = CNOT 5 15
[1718] = CNOT 5 16
[1719] = S 5
[1720] = Z 5
[1721] = CNOT 5 16
[1722] = CNOT 5 17
[1723] = Z 5
[1724] = CNOT 5 17
[1725] = CNOT 5 19
[1726] = Z 5
[1727] = CNOT 5 19
[1728] = CNOT 5 20
[1729] = S 5
[1730] = Z 5
[1731] = CNOT 5 20
[1732] = CNOT 5 21
[1733] = S 5
[1734] = Z 5
[1735] = CNOT 5 21
[1736] = CNOT 5 25
[1737] = S 5
[1738] = Z 5
[1739] = CNOT 5 25
[1740] = CNOT 5 26
[1741] = S 5
[1742] = Z 5
[1743] = CNOT 5 26
[1744] = CNOT 5 28
[1745] = S 5
[1746] = Z 5
[1747] = CNOT 5 28
[1748] = CNOT 5 29
[1749] = Z 5
[1750] = CNOT 5 29
[1751] = CNOT 5 13
[1752] = CNOT 5 15
[1753] = CNOT 5 17
[1754] = S 5
[1755] = CNOT 5 17
[1756] = CNOT 5 23
[1757] = Z 5
[1758] = CNOT 5 23
[1759] = CNOT 5 24
[1760] = S 5
[1761] = Z 5
[1762] = CNOT 5 24
[1763] = CNOT 5 25
[1764] = S 5
[1765] = CNOT 5 25
[1766] = CNOT 5 26
[1767] = Z 5
[1768] = CNOT 5 26
[1769] = CNOT 5 28
[1770] = Z 5
[1771] = CNOT 5 28
[1772] = CNOT 5 29
[1773] = S 5
[1774] = CNOT 5 29
[1775] = CNOT 5 30
[1776] = S 5
[1777] = Z 5
[1778] = CNOT 5 30
[1779] = CNOT 5 15
[1780] = CNOT 5 17
[1781] = CNOT 5 19
[1782] = Z 5
[1783] = CNOT 5 19
[1784] = CNOT 5 20
[1785] = S 5
[1786] = Z 5
[1787] = CNOT 5 20
[1788] = CNOT 5 23
[1789] = Z 5
[1790] = CNOT 5 23
[1791] = CNOT 5 24
[1792] = S 5
[1793] = Z 5
[1794] = CNOT 5 24
[1795] = CNOT 5 25
[1796] = Z 5
[1797] = CNOT 5 25
[1798] = CNOT 5 28
[1799] = S 5
[1800] = Z 5
[1801] = CNOT 5 28
[1802] = CNOT 5 29
[1803] = S 5
[1804] = Z 5
[1805] = CNOT 5 29
[1806] = CNOT 5 30
[1807] = S 5
[1808] = Z 5
[1809] = CNOT 5 30
[1810] = CNOT 5 17
[1811] = CNOT 5 19
[1812] = CNOT 5 23
[1813] = Z 5
[1814] = CNOT 5 23
[1815] = CNOT 5 25
[1816] = S 5
[1817] = CNOT 5 25
[1818] = CNOT 5 26
[1819] = S 5
[1820] = Z 5
[1821] = CNOT 5 26
[1822] = CNOT 5 29
[1823] = S 5
[1824] = CNOT 5 29
[1825] = CNOT 5 30
[1826] = S 5
[1827] = Z 5
[1828] = CNOT 5 30
[1829] = CNOT 5 19
[1830] = CNOT 5 23
[1831] = CNOT 5 25
[1832] = Z 5
[1833] = CNOT 5 25
[1834] = CNOT 5 26
[1835] = S 5
[1836] = Z 5
[1837] = CNOT 5 26
[1838] = CNOT 5 29
[1839] = S 5
[1840] = Z 5
[1841] = CNOT 5 29
[1842] = CNOT 5 30
[1843] = S 5
[1844] = Z 5
[1845] = CNOT 5 30
[1846] = CNOT 5 23
[1847] = CNOT 5 24
[1848] = CNOT 5 28
[1849] = S 5
[1850] = Z 5
[1851] = CNOT 5 28
[1852] = CNOT 5 24
[1853] = CNOT 5 25
[1854] = CNOT 5 29
[1855] = Z 5
[1856] = CNOT 5 29
[1857] = CNOT 5 30
[1858] = S 5
[1859] = Z 5
[1860] = CNOT 5 30
[1861] = CNOT 5 25
[1862] = CNOT 5 26
[1863] = CNOT 5 29
[1864] = S 5
[1865] = Z 5
[1866] = CNOT 5 29
[1867] = CNOT 5 26
[1868] = CNOT 6 8
[1869] = CNOT 6 10
[1870] = Z 6
[1871] = CNOT 6 10
[1872] = CNOT 6 11
[1873] = S 6
[1874] = Z 6
[1875] = CNOT 6 11
[1876] = CNOT 6 12
[1877] = S 6
[1878] = Z 6
[1879] = CNOT 6 12
[1880] = CNOT 6 14
[1881] = Z 6
[1882] = CNOT 6 14
[1883] = CNOT 6 16
[1884] = Z 6
[1885] = CNOT 6 16
[1886] = CNOT 6 8
[1887] = CNOT 6 10
[1888] = CNOT 6 11
[1889] = S 6
[1890] = Z 6
[1891] = CNOT 6 11
[1892] = CNOT 6 12
[1893] = S 6
[1894] = Z 6
[1895] = CNOT 6 12
[1896] = CNOT 6 14
[1897] = Z 6
[1898] = CNOT 6 14
[1899] = CNOT 6 16
[1900] = Z 6
[1901] = CNOT 6 16
[1902] = CNOT 6 10
[1903] = CNOT 6 11
[1904] = CNOT 6 12
[1905] = S 6
[1906] = Z 6
[1907] = CNOT 6 12
[1908] = CNOT 6 14
[1909] = Z 6
[1910] = CNOT 6 14
[1911] = CNOT 6 16
[1912] = S 6
[1913] = Z 6
[1914] = CNOT 6 16
[1915] = CNOT 6 11
[1916] = CNOT 6 12
[1917] = CNOT 6 14
[1918] = S 6
[1919] = Z 6
[1920] = CNOT 6 14
[1921] = CNOT 6 16
[1922] = S 6
[1923] = Z 6
[1924] = CNOT 6 12
[1925] = CNOT 6 14
[1926] = Z 6
[1927] = CNOT 6 16
[1928] = CNOT 6 14
[1929] = CNOT 7 11
[1930] = CNOT 7 13
[1931] = S 7
[1932] = Z 7
[1933] = CNOT 7 13
[1934] = CNOT 7 21
[1935] = S 7
[1936] = Z 7
[1937] = CNOT 7 11
[1938] = CNOT 7 13
[1939] = S 7
[1940] = Z 7
[1941] = CNOT 7 13
[1942] = CNOT 8 10
[1943] = CNOT 8 11
[1944] = Z 8
[1945] = CNOT 8 11
[1946] = CNOT 8 12
[1947] = S 8
[1948] = CNOT 8 12
[1949] = CNOT 8 14
[1950] = S 8
[1951] = Z 8
[1952] = CNOT 8 14
[1953] = CNOT 8 16
[1954] = S 8
[1955] = Z 8
[1956] = CNOT 8 16
[1957] = CNOT 8 10
[1958] = CNOT 8 11
[1959] = CNOT 8 12
[1960] = S 8
[1961] = Z 8
[1962] = CNOT 8 12
[1963] = CNOT 8 14
[1964] = Z 8
[1965] = CNOT 8 14
[1966] = CNOT 8 16
[1967] = Z 8
[1968] = CNOT 8 16
[1969] = CNOT 8 11
[1970] = CNOT 8 12
[1971] = CNOT 8 14
[1972] = S 8
[1973] = CNOT 8 14
[1974] = CNOT 8 16
[1975] = S 8
[1976] = CNOT 8 12
[1977] = CNOT 8 14
[1978] = S 8
[1979] = Z 8
[1980] = CNOT 8 16
[1981] = CNOT 8 14
[1982] = CNOT 9 10
[1983] = CNOT 9 12
[1984] = S 9
[1985] = Z 9
[1986] = CNOT 9 12
[1987] = CNOT 9 14
[1988] = S 9
[1989] = Z 9
[1990] = CNOT 9 14
[1991] = CNOT 9 16
[1992] = S 9
[1993] = Z 9
[1994] = CNOT 9 16
[1995] = CNOT 9 10
[1996] = CNOT 9 12
[1997] = CNOT 9 14
[1998] = S 9
[1999] = Z 9
[2000] = CNOT 9 14
[2001] = CNOT 9 16
[2002] = S 9
[2003] = Z 9
[2004] = CNOT 9 12
[2005] = CNOT 9 14
[2006] = S 9
[2007] = Z 9
[2008] = CNOT 9 16
[2009] = CNOT 9 14
[2010] = CNOT 10 11
[2011] = CNOT 10 12
[2012] = S 10
[2013] = Z 10
[2014] = CNOT 10 12
[2015] = CNOT 10 14
[2016] = Z 10
[2017] = CNOT 10 14
[2018] = CNOT 10 16
[2019] = Z 10
[2020] = CNOT 10 16
[2021] = CNOT 10 11
[2022] = CNOT 10 12
[2023] = CNOT 10 14
[2024] = S 10
[2025] = Z 10
[2026] = CNOT 10 14
[2027] = CNOT 10 16
[2028] = S 10
[2029] = Z 10
[2030] = CNOT 10 12
[2031] = CNOT 10 14
[2032] = S 10
[2033] = CNOT 10 16
[2034] = CNOT 10 14
[2035] = CNOT 11 12
[2036] = CNOT 11 14
[2037] = S 11
[2038] = Z 11
[2039] = CNOT 11 14
[2040] = CNOT 11 16
[2041] = S 11
[2042] = Z 11
[2043] = CNOT 11 16
[2044] = CNOT 11 12
[2045] = CNOT 11 13
[2046] = CNOT 11 15
[2047] = S 11
[2048] = CNOT 11 15
[2049] = CNOT 11 16
[2050] = S 11
[2051] = Z 11
[2052] = CNOT 11 16
[2053] = CNOT 11 17
[2054] = S 11
[2055] = CNOT 11 17
[2056] = CNOT 11 19
[2057] = Z 11
[2058] = CNOT 11 19
[2059] = CNOT 11 20
[2060] = Z 11
[2061] = CNOT 11 20
[2062] = CNOT 11 21
[2063] = S 11
[2064] = Z 11
[2065] = CNOT 11 21
[2066] = CNOT 11 22
[2067] = S 11
[2068] = Z 11
[2069] = CNOT 11 22
[2070] = CNOT 11 24
[2071] = Z 11
[2072] = CNOT 11 24
[2073] = CNOT 11 25
[2074] = S 11
[2075] = Z 11
[2076] = CNOT 11 25
[2077] = CNOT 11 26
[2078] = S 11
[2079] = Z 11
[2080] = CNOT 11 26
[2081] = CNOT 11 28
[2082] = Z 11
[2083] = CNOT 11 28
[2084] = CNOT 11 29
[2085] = Z 11
[2086] = CNOT 11 29
[2087] = CNOT 11 30
[2088] = S 11
[2089] = Z 11
[2090] = CNOT 11 30
[2091] = CNOT 11 13
[2092] = CNOT 11 14
[2093] = CNOT 11 16
[2094] = Z 11
[2095] = CNOT 11 16
[2096] = CNOT 11 14
[2097] = CNOT 11 15
[2098] = CNOT 11 17
[2099] = S 11
[2100] = CNOT 11 17
[2101] = CNOT 11 22
[2102] = S 11
[2103] = Z 11
[2104] = CNOT 11 22
[2105] = CNOT 11 23
[2106] = Z 11
[2107] = CNOT 11 23
[2108] = CNOT 11 24
[2109] = Z 11
[2110] = CNOT 11 24
[2111] = CNOT 11 25
[2112] = S 11
[2113] = CNOT 11 25
[2114] = CNOT 11 26
[2115] = S 11
[2116] = Z 11
[2117] = CNOT 11 26
[2118] = CNOT 11 28
[2119] = Z 11
[2120] = CNOT 11 28
[2121] = CNOT 11 29
[2122] = S 11
[2123] = CNOT 11 29
[2124] = CNOT 11 30
[2125] = Z 11
[2126] = CNOT 11 30
[2127] = CNOT 11 15
[2128] = CNOT 11 17
[2129] = CNOT 11 19
[2130] = Z 11
[2131] = CNOT 11 19
[2132] = CNOT 11 20
[2133] = Z 11
[2134] = CNOT 11 20
[2135] = CNOT 11 22
[2136] = S 11
[2137] = Z 11
[2138] = CNOT 11 22
[2139] = CNOT 11 23
[2140] = Z 11
[2141] = CNOT 11 23
[2142] = CNOT 11 24
[2143] = S 11
[2144] = Z 11
[2145] = CNOT 11 24
[2146] = CNOT 11 25
[2147] = Z 11
[2148] = CNOT 11 25
[2149] = CNOT 11 28
[2150] = S 11
[2151] = Z 11
[2152] = CNOT 11 28
[2153] = CNOT 11 29
[2154] = S 11
[2155] = Z 11
[2156] = CNOT 11 29
[2157] = CNOT 11 30
[2158] = S 11
[2159] = Z 11
[2160] = CNOT 11 30
[2161] = CNOT 11 17
[2162] = CNOT 11 19
[2163] = CNOT 11 23
[2164] = Z 11
[2165] = CNOT 11 23
[2166] = CNOT 11 25
[2167] = S 11
[2168] = CNOT 11 25
[2169] = CNOT 11 26
[2170] = S 11
[2171] = Z 11
[2172] = CNOT 11 26
[2173] = CNOT 11 29
[2174] = S 11
[2175] = CNOT 11 29
[2176] = CNOT 11 30
[2177] = S 11
[2178] = Z 11
[2179] = CNOT 11 30
[2180] = CNOT 11 19
[2181] = CNOT 11 20
[2182] = CNOT 11 22
[2183] = S 11
[2184] = Z 11
[2185] = CNOT 11 22
[2186] = CNOT 11 24
[2187] = S 11
[2188] = Z 11
[2189] = CNOT 11 24
[2190] = CNOT 11 28
[2191] = S 11
[2192] = Z 11
[2193] = CNOT 11 28
[2194] = CNOT 11 30
[2195] = S 11
[2196] = Z 11
[2197] = CNOT 11 30
[2198] = CNOT 11 20
[2199] = CNOT 11 23
[2200] = CNOT 11 25
[2201] = Z 11
[2202] = CNOT 11 25
[2203] = CNOT 11 29
[2204] = S 11
[2205] = Z 11
[2206] = CNOT 11 29
[2207] = CNOT 11 30
[2208] = S 11
[2209] = Z 11
[2210] = CNOT 11 30
[2211] = CNOT 11 23
[2212] = CNOT 11 24
[2213] = CNOT 11 28
[2214] = S 11
[2215] = Z 11
[2216] = CNOT 11 28
[2217] = CNOT 11 24
[2218] = CNOT 11 25
[2219] = CNOT 11 29
[2220] = Z 11
[2221] = CNOT 11 29
[2222] = CNOT 11 30
[2223] = S 11
[2224] = Z 11
[2225] = CNOT 11 30
[2226] = CNOT 11 25
[2227] = CNOT 11 26
[2228] = CNOT 11 29
[2229] = S 11
[2230] = Z 11
[2231] = CNOT 11 29
[2232] = CNOT 11 26
[2233] = CNOT 12 14
[2234] = CNOT 12 16
[2235] = S 12
[2236] = Z 12
[2237] = CNOT 12 16
[2238] = CNOT 12 14
[2239] = CNOT 13 15
[2240] = CNOT 13 17
[2241] = S 13
[2242] = Z 13
[2243] = CNOT 13 17
[2244] = CNOT 13 19
[2245] = Z 13
[2246] = CNOT 13 19
[2247] = CNOT 13 20
[2248] = S 13
[2249] = Z 13
[2250] = CNOT 13 20
[2251] = CNOT 13 24
[2252] = Z 13
[2253] = CNOT 13 24
[2254] = CNOT 13 25
[2255] = S 13
[2256] = Z 13
[2257] = CNOT 13 25
[2258] = CNOT 13 26
[2259] = S 13
[2260] = Z 13
[2261] = CNOT 13 26
[2262] = CNOT 13 28
[2263] = Z 13
[2264] = CNOT 13 28
[2265] = CNOT 13 29
[2266] = Z 13
[2267] = CNOT 13 29
[2268] = CNOT 13 30
[2269] = S 13
[2270] = Z 13
[2271] = CNOT 13 30
[2272] = CNOT 13 15
[2273] = CNOT 13 17
[2274] = CNOT 13 20
[2275] = Z 13
[2276] = CNOT 13 20
[2277] = CNOT 13 22
[2278] = S 13
[2279] = Z 13
[2280] = CNOT 13 22
[2281] = CNOT 13 24
[2282] = S 13
[2283] = Z 13
[2284] = CNOT 13 24
[2285] = CNOT 13 28
[2286] = S 13
[2287] = Z 13
[2288] = CNOT 13 28
[2289] = CNOT 13 17
[2290] = CNOT 13 19
[2291] = CNOT 13 25
[2292] = S 13
[2293] = Z 13
[2294] = CNOT 13 25
[2295] = CNOT 13 26
[2296] = S 13
[2297] = Z 13
[2298] = CNOT 13 26
[2299] = CNOT 13 29
[2300] = Z 13
[2301] = CNOT 13 29
[2302] = CNOT 13 19
[2303] = CNOT 13 20
[2304] = CNOT 13 24
[2305] = S 13
[2306] = Z 13
[2307] = CNOT 13 24
[2308] = CNOT 13 28
[2309] = S 13
[2310] = Z 13
[2311] = CNOT 13 28
[2312] = CNOT 13 30
[2313] = S 13
[2314] = Z 13
[2315] = CNOT 13 30
[2316] = CNOT 13 20
[2317] = CNOT 13 24
[2318] = CNOT 13 28
[2319] = S 13
[2320] = Z 13
[2321] = CNOT 13 28
[2322] = CNOT 13 24
[2323] = CNOT 13 25
[2324] = CNOT 13 29
[2325] = S 13
[2326] = Z 13
[2327] = CNOT 13 25
[2328] = CNOT 13 26
[2329] = S 13
[2330] = Z 13
[2331] = CNOT 13 29
[2332] = CNOT 13 26
[2333] = CNOT 15 17
[2334] = CNOT 15 19
[2335] = Z 15
[2336] = CNOT 15 19
[2337] = CNOT 15 20
[2338] = S 15
[2339] = Z 15
[2340] = CNOT 15 20
[2341] = CNOT 15 23
[2342] = Z 15
[2343] = CNOT 15 23
[2344] = CNOT 15 24
[2345] = S 15
[2346] = Z 15
[2347] = CNOT 15 24
[2348] = CNOT 15 25
[2349] = Z 15
[2350] = CNOT 15 25
[2351] = CNOT 15 28
[2352] = S 15
[2353] = Z 15
[2354] = CNOT 15 28
[2355] = CNOT 15 29
[2356] = S 15
[2357] = Z 15
[2358] = CNOT 15 29
[2359] = CNOT 15 30
[2360] = S 15
[2361] = Z 15
[2362] = CNOT 15 30
[2363] = CNOT 15 17
[2364] = CNOT 15 19
[2365] = CNOT 15 23
[2366] = Z 15
[2367] = CNOT 15 23
[2368] = CNOT 15 25
[2369] = S 15
[2370] = CNOT 15 25
[2371] = CNOT 15 26
[2372] = S 15
[2373] = Z 15
[2374] = CNOT 15 26
[2375] = CNOT 15 29
[2376] = S 15
[2377] = CNOT 15 29
[2378] = CNOT 15 30
[2379] = S 15
[2380] = Z 15
[2381] = CNOT 15 30
[2382] = CNOT 15 19
[2383] = CNOT 15 20
[2384] = CNOT 15 22
[2385] = S 15
[2386] = Z 15
[2387] = CNOT 15 22
[2388] = CNOT 15 24
[2389] = S 15
[2390] = Z 15
[2391] = CNOT 15 24
[2392] = CNOT 15 28
[2393] = S 15
[2394] = Z 15
[2395] = CNOT 15 28
[2396] = CNOT 15 30
[2397] = S 15
[2398] = Z 15
[2399] = CNOT 15 30
[2400] = CNOT 15 20
[2401] = CNOT 15 23
[2402] = CNOT 15 25
[2403] = Z 15
[2404] = CNOT 15 25
[2405] = CNOT 15 26
[2406] = S 15
[2407] = Z 15
[2408] = CNOT 15 26
[2409] = CNOT 15 29
[2410] = S 15
[2411] = Z 15
[2412] = CNOT 15 29
[2413] = CNOT 15 30
[2414] = S 15
[2415] = Z 15
[2416] = CNOT 15 30
[2417] = CNOT 15 23
[2418] = CNOT 15 24
[2419] = CNOT 15 28
[2420] = S 15
[2421] = Z 15
[2422] = CNOT 15 28
[2423] = CNOT 15 24
[2424] = CNOT 15 25
[2425] = CNOT 15 29
[2426] = Z 15
[2427] = CNOT 15 29
[2428] = CNOT 15 30
[2429] = S 15
[2430] = Z 15
[2431] = CNOT 15 30
[2432] = CNOT 15 25
[2433] = CNOT 15 26
[2434] = CNOT 15 29
[2435] = S 15
[2436] = Z 15
[2437] = CNOT 15 29
[2438] = CNOT 15 26
[2439] = CNOT 17 19
[2440] = CNOT 17 23
[2441] = Z 17
[2442] = CNOT 17 23
[2443] = CNOT 17 25
[2444] = Z 17
[2445] = CNOT 17 25
[2446] = CNOT 17 29
[2447] = S 17
[2448] = Z 17
[2449] = CNOT 17 29
[2450] = CNOT 17 30
[2451] = S 17
[2452] = Z 17
[2453] = CNOT 17 30
[2454] = CNOT 17 19
[2455] = CNOT 17 20
[2456] = CNOT 17 24
[2457] = S 17
[2458] = Z 17
[2459] = CNOT 17 24
[2460] = CNOT 17 28
[2461] = S 17
[2462] = Z 17
[2463] = CNOT 17 28
[2464] = CNOT 17 20
[2465] = CNOT 17 23
[2466] = CNOT 17 25
[2467] = Z 17
[2468] = CNOT 17 25
[2469] = CNOT 17 29
[2470] = S 17
[2471] = Z 17
[2472] = CNOT 17 29
[2473] = CNOT 17 30
[2474] = S 17
[2475] = Z 17
[2476] = CNOT 17 30
[2477] = CNOT 17 23
[2478] = CNOT 17 25
[2479] = CNOT 17 29
[2480] = S 17
[2481] = Z 17
[2482] = CNOT 17 29
[2483] = CNOT 17 30
[2484] = S 17
[2485] = Z 17
[2486] = CNOT 17 30
[2487] = CNOT 17 25
[2488] = CNOT 19 23
[2489] = CNOT 19 25
[2490] = Z 19
[2491] = CNOT 19 25
[2492] = CNOT 19 29
[2493] = S 19
[2494] = Z 19
[2495] = CNOT 19 29
[2496] = CNOT 19 30
[2497] = S 19
[2498] = Z 19
[2499] = CNOT 19 30
[2500] = CNOT 19 23
[2501] = CNOT 19 25
[2502] = CNOT 19 26
[2503] = S 19
[2504] = Z 19
[2505] = CNOT 19 26
[2506] = CNOT 19 30
[2507] = S 19
[2508] = Z 19
[2509] = CNOT 19 30
[2510] = CNOT 19 25
[2511] = CNOT 20 24
[2512] = CNOT 20 28
[2513] = S 20
[2514] = Z 20
[2515] = CNOT 20 28
[2516] = CNOT 20 24
[2517] = CNOT 23 25
[2518] = CNOT 23 29
[2519] = S 23
[2520] = Z 23
[2521] = CNOT 23 29
[2522] = CNOT 23 30
[2523] = S 23
[2524] = Z 23
[2525] = CNOT 23 30
[2526] = CNOT 23 25
[2527] = CNOT 25 26
[2528] = CNOT 25 29
[2529] = S 25
[2530] = Z 25
[2531] = CNOT 25 29
[2532] = CNOT 25 26
[2533] = CNOT 30 31
[2534] = CNOT 29 31
[2535] = CNOT 27 31
[2536] = CNOT 26 31
[2537] = CNOT 25 31
[2538] = CNOT 22 31
[2539] = CNOT 20 31
[2540] = CNOT 19 31
[2541] = CNOT 17 31
[2542] = CNOT 15 31
[2543] = CNOT 12 31
[2544] = CNOT 10 31
[2545] = CNOT 5 31
[2546] = CNOT 2 31
[2547] = CNOT 1 31
[2548] = CNOT 31 30
[2549] = CNOT 30 31
[2550] = CNOT 30 29
[2551] = CNOT 28 29
[2552] = CNOT 27 29
[2553] = CNOT 26 29
[2554] = CNOT 25 29
[2555] = CNOT 22 29
[2556] = CNOT 20 29
[2557] = CNOT 19 29
[2558] = CNOT 16 29
[2559] = CNOT 12 29
[2560] = CNOT 11 29
[2561] = CNOT 10 29
[2562] = CNOT 9 29
[2563] = CNOT 8 29
[2564] = CNOT 6 29
[2565] = CNOT 3 29
[2566] = CNOT 2 29
[2567] = CNOT 29 28
[2568] = CNOT 28 29
[2569] = CNOT 30 27
[2570] = CNOT 25 27
[2571] = CNOT 23 27
[2572] = CNOT 20 27
[2573] = CNOT 19 27
[2574] = CNOT 15 27
[2575] = CNOT 13 27
[2576] = CNOT 11 27
[2577] = CNOT 6 27
[2578] = CNOT 5 27
[2579] = CNOT 1 27
[2580] = CNOT 27 30
[2581] = CNOT 27 26
[2582] = CNOT 26 27
[2583] = CNOT 24 25
[2584] = CNOT 23 25
[2585] = CNOT 20 25
[2586] = CNOT 14 25
[2587] = CNOT 11 25
[2588] = CNOT 6 25
[2589] = CNOT 5 25
[2590] = CNOT 4 25
[2591] = CNOT 25 24
[2592] = CNOT 24 25
[2593] = CNOT 26 23
[2594] = CNOT 17 23
[2595] = CNOT 23 26
[2596] = CNOT 23 22
[2597] = CNOT 22 23
[2598] = CNOT 18 21
[2599] = CNOT 30 20
[2600] = CNOT 20 30
[2601] = CNOT 20 19
[2602] = CNOT 19 20
[2603] = CNOT 21 18
[2604] = CNOT 18 21
[2605] = CNOT 28 17
[2606] = CNOT 15 17
[2607] = CNOT 11 17
[2608] = CNOT 6 17
[2609] = CNOT 5 17
[2610] = CNOT 17 28
[2611] = CNOT 17 16
[2612] = CNOT 16 17
[2613] = CNOT 30 15
[2614] = CNOT 24 15
[2615] = CNOT 6 15
[2616] = CNOT 5 15
[2617] = CNOT 4 15
[2618] = CNOT 15 24
[2619] = CNOT 15 14
[2620] = CNOT 14 15
[2621] = CNOT 30 13
[2622] = CNOT 28 13
[2623] = CNOT 24 13
[2624] = CNOT 22 13
[2625] = CNOT 13 22
[2626] = CNOT 13 12
[2627] = CNOT 12 13
[2628] = CNOT 30 11
[2629] = CNOT 26 11
[2630] = CNOT 24 11
[2631] = CNOT 12 11
[2632] = CNOT 5 11
[2633] = CNOT 4 11
[2634] = CNOT 11 12
[2635] = CNOT 11 10
[2636] = CNOT 10 11
[2637] = CNOT 16 9
[2638] = CNOT 9 16
[2639] = CNOT 9 8
[2640] = CNOT 8 9
[2641] = CNOT 18 7
[2642] = CNOT 7 18
[2643] = CNOT 30 6
[2644] = CNOT 28 6
[2645] = CNOT 24 6
[2646] = CNOT 22 6
[2647] = CNOT 19 6
[2648] = CNOT 5 6
[2649] = CNOT 4 6
[2650] = CNOT 1 6
[2651] = CNOT 6 19
[2652] = CNOT 30 5
[2653] = CNOT 28 5
[2654] = CNOT 24 5
[2655] = CNOT 22 5
[2656] = CNOT 19 5
[2657] = CNOT 12 5
[2658] = CNOT 1 5
[2659] = CNOT 5 12
[2660] = CNOT 14 4
[2661] = CNOT 4 14
[2662] = CNOT 8 3
[2663] = CNOT 1 3
[2664] = CNOT 3 8
[2665] = CNOT 10 2
[2666] = CNOT 2 10
[2667] = CNOT 30 1
[2668] = CNOT 26 1
[2669] = CNOT 24 1
[2670] = CNOT 22 1
[2671] = CNOT 19 1
[2672] = CNOT 3 1
[2673] = CNOT 1 3
[2674] = H 8
[2675] = M 8
[2676] = H 9
[2677] = M 9
[2678] = H 10
[2679] = M 10
[2680] = H 11
[2681] = M 11
[2682] = H 12
[2683] = M 12
[2684] = H 13
[2685] = M 13
[2686] = H 14
[2687] = M 14
[2688] = H 15
[2689] = M 15
[2690] = H 16
[2691] = M 16
[2692] = H 17
[2693] = M 17
[2694] = H 18
[2695] = M 18
[2696] = H 19
[2697] = M 19
[2698] = H 20
[2699] = M 20
[2700] = H 21
[2701] = M 21
[2702] = H 22
[2703] = M 22
[2704] = H 23
[2705] = M 23
[2706] = H 24
[2707] = M 24
[2708] = H 25
[2709] = M 25
[2710] = H 26
[2711] = M 26
[2712] = H 27
[2713] = M 27
[2714] = H 28
[2715] = M 28
[2716] = H 29
[2717] = M 29
[2718] = H 30
[2719] = M 30
[2720] = H 31
[2721] = M 31
[2722] = H 7
Gate distributions:
Input:
Operator distribution:
Total number of qubits = 7
Number of `data' qubits = 7
Number of `Toff_n' ancillas = 0
Number of Hadamard ancillas = 0
Hadamard ancilla cap = infinite
Number of {CNOT,T} partitions = 1
T count = 105
Cost estimation = 52556
	id	Count
	0	0
	1	0
	2	0
	3	30
	4	26
	5	0
	6	0
	7	0
	8	0
	9	0
	10	15
	11	0
	12	0
	13	0
	14	0
	15	0
	16	0
	17	0
	18	0
Output:
Operator distribution:
Total number of qubits = 31
Number of `data' qubits = 7
Number of `Toff_n' ancillas = 0
Number of Hadamard ancillas = 24
Hadamard ancilla cap = infinite
Number of {CNOT,T} partitions = 1
T count = 53
Cost estimation = 29182
	id	Count
	0	0
	1	0
	2	0
	3	50
	4	1706
	5	53
	6	0
	7	0
	8	0
	9	0
	10	0
	11	397
	12	0
	13	493
	14	0
	15	0
	16	0
	17	0
	18	24
Output T Count (SQC_Circuit) = 53
Output T Count (PhasePolynomial) = 53
Fail count = 0

Execution time: 6.63199s
Number of LCL errors: 0
Number of LCL warnings: 0
