Optimize a Clifford + T circuit.
Input filename = /home/ryo-mtmt/TOpt/forme/tpar_benchmark/qcla_com_7.tfc
Number of unknown gates = 0
Number of unknown qubit labels = 0
Circuit filename: /home/ryo-mtmt/TOpt/forme/tpar_benchmark/qcla_com_7.tfc

n 24
n_x 24
n_y 0
n_z 0
m 101
[0] = H 3
[1] = H 6
[2] = H 9
[3] = H 10
[4] = H 13
[5] = H 16
[6] = H 17
[7] = H 20
[8] = H 21
[9] = H 24
[10] = CCZ 1 2 3
[11] = CCZ 4 5 6
[12] = CCZ 7 8 10
[13] = CCZ 11 12 13
[14] = CCZ 14 15 17
[15] = CCZ 18 19 21
[16] = CCZ 22 23 24
[17] = CNOT 5 4
[18] = CNOT 8 7
[19] = CNOT 12 11
[20] = CNOT 15 14
[21] = CNOT 19 18
[22] = CNOT 23 22
[23] = CCZ 8 12 9
[24] = CCZ 15 19 16
[25] = H 3
[26] = H 9
[27] = H 10
[28] = H 16
[29] = H 17
[30] = H 20
[31] = CCZ 16 23 20
[32] = CCZ 3 5 6
[33] = CCZ 17 19 21
[34] = H 20
[35] = H 6
[36] = H 21
[37] = CCZ 10 12 13
[38] = CCZ 6 9 13
[39] = CCZ 21 23 24
[40] = H 13
[41] = CCZ 13 20 24
[42] = H 24
[43] = H 13
[44] = H 20
[45] = H 21
[46] = CCZ 6 9 13
[47] = CCZ 17 19 21
[48] = CCZ 16 23 20
[49] = H 6
[50] = CCZ 3 5 6
[51] = CCZ 10 12 13
[52] = H 3
[53] = H 9
[54] = H 10
[55] = H 16
[56] = H 17
[57] = CCZ 8 12 9
[58] = CCZ 15 19 16
[59] = CNOT 5 4
[60] = CNOT 8 7
[61] = CNOT 12 11
[62] = CNOT 15 14
[63] = CNOT 19 18
[64] = CNOT 23 22
[65] = CCZ 1 2 3
[66] = CCZ 4 5 6
[67] = CCZ 7 8 10
[68] = CCZ 11 12 13
[69] = CCZ 14 15 17
[70] = CCZ 18 19 21
[71] = H 3
[72] = H 6
[73] = H 9
[74] = H 10
[75] = H 13
[76] = H 16
[77] = H 17
[78] = H 20
[79] = H 21

Algorithm used: todd

UniversalOptimize begin.
	Gate synthesis begin.

--- Testing Hamming Distance Version ---
in LempelX2_M4RI_Hamming　安定版　m4ri
		Round = 0 (Start m: 95)
--- Hamming Distance Stats ---
 Dist 1: 58 pairs
 Dist 2: 342 pairs
 Dist 3: 896 pairs
 Dist 4: 1221 pairs
 Dist 5: 966 pairs
 Dist 6: 568 pairs
 Dist 7: 296 pairs
 Dist 8: 86 pairs
 Dist 9: 28 pairs
 Dist 10: 4 pairs
-------------------------------
  [HIT!] Dist=1 | Deleted: 4 cols
>> Round 0 Result: Hit Rate = 16.6667% (1/6)
		Round = 1 (Start m: 91)
--- Hamming Distance Stats ---
 Dist 1: 48 pairs
 Dist 2: 288 pairs
 Dist 3: 706 pairs
 Dist 4: 1095 pairs
 Dist 5: 998 pairs
 Dist 6: 560 pairs
 Dist 7: 288 pairs
 Dist 8: 84 pairs
 Dist 9: 24 pairs
 Dist 10: 4 pairs
-------------------------------
  [HIT!] Dist=1 | Deleted: 3 cols
>> Round 1 Result: Hit Rate = 10% (1/10)
		Round = 2 (Start m: 88)
--- Hamming Distance Stats ---
 Dist 1: 42 pairs
 Dist 2: 216 pairs
 Dist 3: 548 pairs
 Dist 4: 970 pairs
 Dist 5: 998 pairs
 Dist 6: 608 pairs
 Dist 7: 316 pairs
 Dist 8: 98 pairs
 Dist 9: 28 pairs
 Dist 10: 4 pairs
-------------------------------
  [HIT!] Dist=2 | Deleted: 4 cols
>> Round 2 Result: Hit Rate = 2.32558% (1/43)
		Round = 3 (Start m: 84)
--- Hamming Distance Stats ---
 Dist 1: 38 pairs
 Dist 2: 170 pairs
 Dist 3: 440 pairs
 Dist 4: 854 pairs
 Dist 5: 884 pairs
 Dist 6: 542 pairs
 Dist 7: 334 pairs
 Dist 8: 126 pairs
 Dist 9: 62 pairs
 Dist 10: 28 pairs
 Dist 11: 6 pairs
 Dist 12: 2 pairs
-------------------------------
  [HIT!] Dist=2 | Deleted: 2 cols
>> Round 3 Result: Hit Rate = 2.22222% (1/45)
		Round = 4 (Start m: 82)
--- Hamming Distance Stats ---
 Dist 1: 35 pairs
 Dist 2: 139 pairs
 Dist 3: 317 pairs
 Dist 4: 689 pairs
 Dist 5: 777 pairs
 Dist 6: 560 pairs
 Dist 7: 438 pairs
 Dist 8: 203 pairs
 Dist 9: 99 pairs
 Dist 10: 45 pairs
 Dist 11: 13 pairs
 Dist 12: 5 pairs
 Dist 13: 1 pairs
-------------------------------
  [HIT!] Dist=2 | Deleted: 4 cols
>> Round 4 Result: Hit Rate = 2.7027% (1/37)
		Round = 5 (Start m: 78)
--- Hamming Distance Stats ---
 Dist 1: 31 pairs
 Dist 2: 111 pairs
 Dist 3: 216 pairs
 Dist 4: 556 pairs
 Dist 5: 663 pairs
 Dist 6: 542 pairs
 Dist 7: 468 pairs
 Dist 8: 225 pairs
 Dist 9: 117 pairs
 Dist 10: 51 pairs
 Dist 11: 16 pairs
 Dist 12: 6 pairs
 Dist 13: 1 pairs
-------------------------------
  [HIT!] Dist=2 | Deleted: 2 cols
>> Round 5 Result: Hit Rate = 2.63158% (1/38)
		Round = 6 (Start m: 76)
--- Hamming Distance Stats ---
 Dist 1: 28 pairs
 Dist 2: 101 pairs
 Dist 3: 134 pairs
 Dist 4: 473 pairs
 Dist 5: 608 pairs
 Dist 6: 502 pairs
 Dist 7: 488 pairs
 Dist 8: 274 pairs
 Dist 9: 146 pairs
 Dist 10: 65 pairs
 Dist 11: 22 pairs
 Dist 12: 7 pairs
 Dist 13: 2 pairs
-------------------------------
  [HIT!] Dist=2 | Deleted: 2 cols
>> Round 6 Result: Hit Rate = 2.27273% (1/44)
		Round = 7 (Start m: 74)
--- Hamming Distance Stats ---
 Dist 1: 26 pairs
 Dist 2: 107 pairs
 Dist 3: 114 pairs
 Dist 4: 424 pairs
 Dist 5: 536 pairs
 Dist 6: 486 pairs
 Dist 7: 490 pairs
 Dist 8: 265 pairs
 Dist 9: 152 pairs
 Dist 10: 67 pairs
 Dist 11: 24 pairs
 Dist 12: 8 pairs
 Dist 13: 2 pairs
-------------------------------
  [HIT!] Dist=2 | Deleted: 2 cols
>> Round 7 Result: Hit Rate = 3.0303% (1/33)
		Round = 8 (Start m: 72)
--- Hamming Distance Stats ---
 Dist 1: 26 pairs
 Dist 2: 102 pairs
 Dist 3: 116 pairs
 Dist 4: 370 pairs
 Dist 5: 392 pairs
 Dist 6: 448 pairs
 Dist 7: 486 pairs
 Dist 8: 266 pairs
 Dist 9: 204 pairs
 Dist 10: 98 pairs
 Dist 11: 34 pairs
 Dist 12: 12 pairs
 Dist 13: 2 pairs
-------------------------------
  [HIT!] Dist=2 | Deleted: 2 cols
>> Round 8 Result: Hit Rate = 3.7037% (1/27)
		Round = 9 (Start m: 70)
--- Hamming Distance Stats ---
 Dist 1: 25 pairs
 Dist 2: 87 pairs
 Dist 3: 95 pairs
 Dist 4: 290 pairs
 Dist 5: 317 pairs
 Dist 6: 356 pairs
 Dist 7: 427 pairs
 Dist 8: 285 pairs
 Dist 9: 235 pairs
 Dist 10: 155 pairs
 Dist 11: 85 pairs
 Dist 12: 40 pairs
 Dist 13: 15 pairs
 Dist 14: 2 pairs
 Dist 15: 1 pairs
-------------------------------
  [HIT!] Dist=3 | Deleted: 2 cols
>> Round 9 Result: Hit Rate = 0.847458% (1/118)
		Round = 10 (Start m: 68)
--- Hamming Distance Stats ---
 Dist 1: 25 pairs
 Dist 2: 83 pairs
 Dist 3: 63 pairs
 Dist 4: 214 pairs
 Dist 5: 224 pairs
 Dist 6: 285 pairs
 Dist 7: 269 pairs
 Dist 8: 198 pairs
 Dist 9: 219 pairs
 Dist 10: 179 pairs
 Dist 11: 195 pairs
 Dist 12: 140 pairs
 Dist 13: 104 pairs
 Dist 14: 53 pairs
 Dist 15: 21 pairs
 Dist 16: 6 pairs
-------------------------------
  [HIT!] Dist=4 | Deleted: 2 cols
>> Round 10 Result: Hit Rate = 0.564972% (1/177)
		Round = 11 (Start m: 66)
--- Hamming Distance Stats ---
 Dist 1: 25 pairs
 Dist 2: 75 pairs
 Dist 3: 63 pairs
 Dist 4: 150 pairs
 Dist 5: 168 pairs
 Dist 6: 234 pairs
 Dist 7: 222 pairs
 Dist 8: 221 pairs
 Dist 9: 226 pairs
 Dist 10: 175 pairs
 Dist 11: 197 pairs
 Dist 12: 142 pairs
 Dist 13: 122 pairs
 Dist 14: 72 pairs
 Dist 15: 38 pairs
 Dist 16: 12 pairs
 Dist 17: 3 pairs
-------------------------------
  [HIT!] Dist=4 | Deleted: 2 cols
>> Round 11 Result: Hit Rate = 0.606061% (1/165)
		Round = 12 (Start m: 64)
--- Hamming Distance Stats ---
 Dist 1: 25 pairs
 Dist 2: 70 pairs
 Dist 3: 69 pairs
 Dist 4: 138 pairs
 Dist 5: 158 pairs
 Dist 6: 213 pairs
 Dist 7: 189 pairs
 Dist 8: 210 pairs
 Dist 9: 225 pairs
 Dist 10: 176 pairs
 Dist 11: 211 pairs
 Dist 12: 138 pairs
 Dist 13: 108 pairs
 Dist 14: 57 pairs
 Dist 15: 23 pairs
 Dist 16: 6 pairs
-------------------------------
>> Round 12 Result: Hit Rate = 0% (0/2016)

=== Final Performance Statistics ===
Hamming time:   2 ms
Chi time:       833 ms
Nullspace time: 12583 ms
Total attempts: 2759 (Success: 12)
END OF LEMPELX2 安定版
Total LempelX2_M4RI_Hamming time: 13588 ms
Hamming result size: 64 columns
		TODD executed in 13.5652 seconds.
		Total time: 13.5655s
	Gate synthesis end.
	Total time: 18.1953s
UniversalOptimize end.
Output circuit:
n 42
n_x 24
n_y 0
n_z 18
m 4301
[0] = H 3
[1] = H 6
[2] = H 9
[3] = H 10
[4] = H 13
[5] = H 16
[6] = H 17
[7] = H 21
[8] = H 24
[9] = H 25
[10] = H 26
[11] = H 27
[12] = H 28
[13] = H 29
[14] = H 30
[15] = H 31
[16] = H 32
[17] = H 33
[18] = H 34
[19] = H 35
[20] = H 36
[21] = H 37
[22] = H 38
[23] = H 39
[24] = H 40
[25] = H 41
[26] = H 42
[27] = CNOT 3 5
[28] = CNOT 3 14
[29] = CNOT 3 15
[30] = CNOT 3 17
[31] = CNOT 3 37
[32] = CNOT 3 38
[33] = CNOT 3 42
[34] = T 3
[35] = CNOT 3 42
[36] = CNOT 3 38
[37] = CNOT 3 37
[38] = CNOT 3 17
[39] = CNOT 3 15
[40] = CNOT 3 14
[41] = CNOT 3 5
[42] = CNOT 1 2
[43] = CNOT 1 3
[44] = CNOT 1 5
[45] = CNOT 1 14
[46] = CNOT 1 15
[47] = CNOT 1 17
[48] = CNOT 1 37
[49] = CNOT 1 38
[50] = CNOT 1 42
[51] = T 1
[52] = CNOT 1 2
[53] = CNOT 2 3
[54] = CNOT 2 5
[55] = CNOT 2 14
[56] = CNOT 2 15
[57] = CNOT 2 17
[58] = CNOT 2 37
[59] = CNOT 2 38
[60] = CNOT 2 42
[61] = T 2
[62] = CNOT 2 38
[63] = CNOT 2 5
[64] = CNOT 2 3
[65] = T 1
[66] = CNOT 1 38
[67] = CNOT 1 5
[68] = CNOT 1 3
[69] = CNOT 5 6
[70] = T 5
[71] = S 5
[72] = CNOT 5 6
[73] = CNOT 4 6
[74] = T 4
[75] = S 4
[76] = CNOT 4 6
[77] = CNOT 2 5
[78] = T 2
[79] = CNOT 2 42
[80] = CNOT 2 37
[81] = CNOT 2 17
[82] = CNOT 2 15
[83] = CNOT 2 14
[84] = CNOT 2 5
[85] = CNOT 1 2
[86] = CNOT 1 5
[87] = T 1
[88] = CNOT 1 5
[89] = CNOT 1 2
[90] = CNOT 5 8
[91] = CNOT 5 9
[92] = CNOT 5 15
[93] = CNOT 5 37
[94] = CNOT 5 39
[95] = T 5
[96] = CNOT 5 8
[97] = CNOT 5 7
[98] = T 5
[99] = CNOT 5 39
[100] = CNOT 5 15
[101] = CNOT 5 9
[102] = CNOT 5 7
[103] = CNOT 5 18
[104] = CNOT 5 21
[105] = CNOT 5 29
[106] = CNOT 5 36
[107] = T 5
[108] = CNOT 5 36
[109] = CNOT 5 29
[110] = CNOT 5 21
[111] = CNOT 5 18
[112] = CNOT 5 9
[113] = CNOT 5 11
[114] = CNOT 5 12
[115] = CNOT 5 13
[116] = CNOT 5 15
[117] = CNOT 5 34
[118] = CNOT 5 39
[119] = T 5
[120] = CNOT 5 39
[121] = CNOT 5 34
[122] = CNOT 5 15
[123] = CNOT 5 13
[124] = CNOT 5 12
[125] = CNOT 5 11
[126] = CNOT 5 9
[127] = CNOT 5 19
[128] = CNOT 5 21
[129] = CNOT 5 29
[130] = CNOT 5 36
[131] = T 5
[132] = CNOT 5 36
[133] = CNOT 5 29
[134] = CNOT 5 21
[135] = CNOT 5 19
[136] = CNOT 5 7
[137] = CNOT 5 9
[138] = CNOT 5 10
[139] = CNOT 5 15
[140] = CNOT 5 39
[141] = CNOT 5 40
[142] = T 5
[143] = CNOT 5 7
[144] = CNOT 5 8
[145] = T 5
[146] = CNOT 5 40
[147] = CNOT 5 39
[148] = CNOT 5 15
[149] = CNOT 5 10
[150] = CNOT 5 9
[151] = CNOT 5 8
[152] = CNOT 5 14
[153] = T 5
[154] = S 5
[155] = Z 5
[156] = CNOT 5 14
[157] = CNOT 5 9
[158] = CNOT 5 11
[159] = CNOT 5 15
[160] = CNOT 5 27
[161] = CNOT 5 39
[162] = T 5
[163] = CNOT 5 39
[164] = CNOT 5 27
[165] = CNOT 5 15
[166] = CNOT 5 11
[167] = CNOT 5 9
[168] = CNOT 5 19
[169] = CNOT 5 29
[170] = T 5
[171] = CNOT 5 19
[172] = CNOT 5 18
[173] = T 5
[174] = CNOT 5 29
[175] = CNOT 5 18
[176] = CNOT 5 9
[177] = CNOT 5 12
[178] = CNOT 5 15
[179] = CNOT 5 27
[180] = CNOT 5 39
[181] = T 5
[182] = CNOT 5 39
[183] = CNOT 5 27
[184] = CNOT 5 9
[185] = CNOT 5 11
[186] = T 5
[187] = CNOT 5 15
[188] = CNOT 5 12
[189] = CNOT 5 11
[190] = CNOT 5 17
[191] = CNOT 5 42
[192] = T 5
[193] = CNOT 5 42
[194] = CNOT 5 37
[195] = CNOT 5 17
[196] = CNOT 1 5
[197] = CNOT 1 22
[198] = CNOT 1 23
[199] = T 1
[200] = CNOT 1 5
[201] = CNOT 5 9
[202] = CNOT 5 10
[203] = CNOT 5 15
[204] = CNOT 5 37
[205] = CNOT 5 39
[206] = CNOT 5 40
[207] = T 5
[208] = CNOT 5 40
[209] = CNOT 5 10
[210] = CNOT 4 37
[211] = T 4
[212] = S 4
[213] = CNOT 5 7
[214] = CNOT 5 8
[215] = CNOT 5 11
[216] = CNOT 5 12
[217] = T 5
[218] = CNOT 5 39
[219] = CNOT 5 12
[220] = CNOT 5 11
[221] = CNOT 5 9
[222] = T 5
[223] = CNOT 5 8
[224] = CNOT 5 7
[225] = CNOT 5 14
[226] = CNOT 5 18
[227] = CNOT 5 19
[228] = T 5
[229] = CNOT 5 19
[230] = CNOT 5 18
[231] = CNOT 5 16
[232] = CNOT 5 41
[233] = T 5
[234] = CNOT 5 15
[235] = CNOT 5 14
[236] = CNOT 5 18
[237] = CNOT 5 19
[238] = T 5
[239] = CNOT 5 14
[240] = CNOT 5 15
[241] = T 5
[242] = CNOT 5 19
[243] = CNOT 5 18
[244] = CNOT 5 15
[245] = CNOT 5 14
[246] = T 5
[247] = CNOT 5 41
[248] = CNOT 5 37
[249] = CNOT 5 16
[250] = CNOT 4 5
[251] = CNOT 4 25
[252] = T 4
[253] = CNOT 4 37
[254] = CNOT 4 5
[255] = CNOT 1 5
[256] = CNOT 1 24
[257] = CNOT 1 28
[258] = T 1
[259] = CNOT 1 23
[260] = CNOT 1 22
[261] = CNOT 1 5
[262] = CNOT 5 7
[263] = CNOT 5 8
[264] = CNOT 5 11
[265] = CNOT 5 12
[266] = CNOT 5 15
[267] = CNOT 5 37
[268] = T 5
[269] = CNOT 5 37
[270] = CNOT 5 15
[271] = CNOT 5 12
[272] = CNOT 5 11
[273] = CNOT 5 8
[274] = CNOT 5 7
[275] = CNOT 1 5
[276] = T 1
[277] = CNOT 4 5
[278] = CNOT 4 6
[279] = T 4
[280] = CNOT 4 25
[281] = CNOT 4 6
[282] = CNOT 4 5
[283] = CNOT 6 25
[284] = T 6
[285] = S 6
[286] = CNOT 6 25
[287] = CNOT 1 20
[288] = CNOT 1 35
[289] = T 1
[290] = CNOT 1 35
[291] = CNOT 1 28
[292] = CNOT 1 20
[293] = CNOT 25 37
[294] = T 25
[295] = S 25
[296] = CNOT 25 37
[297] = CNOT 1 22
[298] = CNOT 1 30
[299] = CNOT 1 32
[300] = T 1
[301] = CNOT 1 30
[302] = CNOT 1 22
[303] = CNOT 1 5
[304] = CNOT 5 14
[305] = CNOT 5 17
[306] = CNOT 5 37
[307] = CNOT 5 42
[308] = T 5
[309] = CNOT 5 42
[310] = CNOT 5 17
[311] = CNOT 5 14
[312] = CNOT 5 9
[313] = CNOT 5 12
[314] = CNOT 5 13
[315] = CNOT 5 15
[316] = CNOT 5 27
[317] = CNOT 5 34
[318] = CNOT 5 39
[319] = T 5
[320] = CNOT 5 12
[321] = CNOT 5 11
[322] = T 5
[323] = CNOT 5 27
[324] = CNOT 5 11
[325] = CNOT 5 26
[326] = CNOT 5 31
[327] = T 5
[328] = CNOT 5 31
[329] = T 5
[330] = CNOT 5 26
[331] = CNOT 5 31
[332] = T 5
[333] = CNOT 5 39
[334] = CNOT 5 37
[335] = CNOT 5 34
[336] = CNOT 5 31
[337] = CNOT 5 15
[338] = CNOT 5 13
[339] = CNOT 5 9
[340] = CNOT 1 5
[341] = CNOT 1 23
[342] = T 1
[343] = CNOT 1 24
[344] = T 1
[345] = CNOT 1 23
[346] = CNOT 1 5
[347] = CNOT 5 7
[348] = CNOT 5 8
[349] = CNOT 5 9
[350] = CNOT 5 10
[351] = CNOT 5 15
[352] = CNOT 5 37
[353] = CNOT 5 39
[354] = CNOT 5 40
[355] = T 5
[356] = CNOT 5 40
[357] = CNOT 5 39
[358] = CNOT 5 37
[359] = CNOT 5 15
[360] = CNOT 5 10
[361] = CNOT 5 9
[362] = CNOT 5 8
[363] = CNOT 5 7
[364] = CNOT 1 5
[365] = CNOT 1 22
[366] = CNOT 1 24
[367] = CNOT 1 33
[368] = T 1
[369] = CNOT 1 30
[370] = T 1
[371] = CNOT 1 24
[372] = T 1
[373] = CNOT 1 33
[374] = T 1
[375] = CNOT 1 30
[376] = CNOT 1 33
[377] = T 1
[378] = CNOT 1 33
[379] = CNOT 1 32
[380] = CNOT 1 22
[381] = CNOT 1 5
[382] = CNOT 5 15
[383] = CNOT 5 17
[384] = CNOT 5 37
[385] = CNOT 5 42
[386] = T 5
[387] = CNOT 5 42
[388] = CNOT 5 37
[389] = CNOT 5 17
[390] = CNOT 5 15
[391] = CNOT 1 5
[392] = CNOT 1 20
[393] = CNOT 1 24
[394] = CNOT 1 35
[395] = T 1
[396] = CNOT 1 5
[397] = CNOT 5 9
[398] = CNOT 5 15
[399] = CNOT 5 26
[400] = CNOT 5 31
[401] = CNOT 5 37
[402] = CNOT 5 39
[403] = T 5
[404] = CNOT 5 31
[405] = T 5
[406] = CNOT 5 26
[407] = CNOT 5 31
[408] = T 5
[409] = CNOT 5 39
[410] = CNOT 5 31
[411] = CNOT 5 15
[412] = CNOT 5 9
[413] = CNOT 5 18
[414] = CNOT 5 19
[415] = CNOT 5 21
[416] = CNOT 5 36
[417] = T 5
[418] = CNOT 5 19
[419] = CNOT 5 18
[420] = T 5
[421] = CNOT 5 37
[422] = CNOT 5 36
[423] = CNOT 5 21
[424] = CNOT 1 5
[425] = CNOT 1 22
[426] = CNOT 1 23
[427] = CNOT 1 28
[428] = T 1
[429] = CNOT 1 28
[430] = T 1
[431] = CNOT 1 42
[432] = CNOT 1 37
[433] = CNOT 1 35
[434] = CNOT 1 24
[435] = CNOT 1 23
[436] = CNOT 1 22
[437] = CNOT 1 20
[438] = CNOT 1 17
[439] = CNOT 1 15
[440] = CNOT 1 14
[441] = CNOT 1 5
[442] = S 1
[443] = Z 1
[444] = Z 2
[445] = S 3
[446] = S 4
[447] = Z 6
[448] = S 7
[449] = Z 7
[450] = S 8
[451] = Z 8
[452] = S 10
[453] = S 11
[454] = S 12
[455] = Z 13
[456] = S 14
[457] = Z 14
[458] = Z 15
[459] = S 16
[460] = Z 16
[461] = S 17
[462] = Z 17
[463] = Z 18
[464] = Z 19
[465] = S 21
[466] = S 22
[467] = Z 22
[468] = S 23
[469] = S 24
[470] = Z 24
[471] = S 25
[472] = Z 25
[473] = S 26
[474] = Z 26
[475] = S 27
[476] = Z 28
[477] = S 29
[478] = Z 30
[479] = S 31
[480] = Z 31
[481] = Z 32
[482] = Z 33
[483] = Z 34
[484] = S 36
[485] = S 37
[486] = S 38
[487] = S 40
[488] = S 41
[489] = Z 41
[490] = S 42
[491] = Z 42
[492] = CNOT 1 2
[493] = S 1
[494] = Z 1
[495] = CNOT 1 2
[496] = CNOT 1 20
[497] = S 1
[498] = CNOT 1 20
[499] = CNOT 1 22
[500] = Z 1
[501] = CNOT 1 22
[502] = CNOT 1 23
[503] = S 1
[504] = CNOT 1 23
[505] = CNOT 1 24
[506] = Z 1
[507] = CNOT 1 24
[508] = CNOT 1 32
[509] = Z 1
[510] = CNOT 1 32
[511] = CNOT 1 35
[512] = S 1
[513] = CNOT 1 35
[514] = CNOT 2 5
[515] = S 2
[516] = Z 2
[517] = CNOT 2 5
[518] = CNOT 2 14
[519] = S 2
[520] = Z 2
[521] = CNOT 2 14
[522] = CNOT 2 15
[523] = S 2
[524] = Z 2
[525] = CNOT 2 15
[526] = CNOT 2 17
[527] = S 2
[528] = Z 2
[529] = CNOT 2 17
[530] = CNOT 2 37
[531] = S 2
[532] = Z 2
[533] = CNOT 2 37
[534] = CNOT 2 42
[535] = S 2
[536] = Z 2
[537] = CNOT 2 42
[538] = CNOT 3 25
[539] = S 3
[540] = CNOT 3 25
[541] = CNOT 4 5
[542] = Z 4
[543] = CNOT 4 5
[544] = CNOT 4 25
[545] = Z 4
[546] = CNOT 4 25
[547] = CNOT 5 7
[548] = S 5
[549] = Z 5
[550] = CNOT 5 7
[551] = CNOT 5 8
[552] = S 5
[553] = Z 5
[554] = CNOT 5 8
[555] = CNOT 5 10
[556] = Z 5
[557] = CNOT 5 10
[558] = CNOT 5 13
[559] = S 5
[560] = Z 5
[561] = CNOT 5 13
[562] = CNOT 5 14
[563] = Z 5
[564] = CNOT 5 14
[565] = CNOT 5 16
[566] = Z 5
[567] = CNOT 5 16
[568] = CNOT 5 18
[569] = S 5
[570] = Z 5
[571] = CNOT 5 18
[572] = CNOT 5 19
[573] = S 5
[574] = Z 5
[575] = CNOT 5 19
[576] = CNOT 5 20
[577] = S 5
[578] = CNOT 5 20
[579] = CNOT 5 21
[580] = S 5
[581] = CNOT 5 21
[582] = CNOT 5 22
[583] = Z 5
[584] = CNOT 5 22
[585] = CNOT 5 23
[586] = S 5
[587] = CNOT 5 23
[588] = CNOT 5 24
[589] = Z 5
[590] = CNOT 5 24
[591] = CNOT 5 25
[592] = Z 5
[593] = CNOT 5 25
[594] = CNOT 5 26
[595] = S 5
[596] = CNOT 5 26
[597] = CNOT 5 27
[598] = Z 5
[599] = CNOT 5 27
[600] = CNOT 5 31
[601] = S 5
[602] = CNOT 5 31
[603] = CNOT 5 32
[604] = Z 5
[605] = CNOT 5 32
[606] = CNOT 5 34
[607] = S 5
[608] = Z 5
[609] = CNOT 5 34
[610] = CNOT 5 35
[611] = S 5
[612] = CNOT 5 35
[613] = CNOT 5 36
[614] = S 5
[615] = CNOT 5 36
[616] = CNOT 5 37
[617] = S 5
[618] = CNOT 5 37
[619] = CNOT 5 40
[620] = Z 5
[621] = CNOT 5 40
[622] = CNOT 5 41
[623] = Z 5
[624] = CNOT 5 41
[625] = CNOT 6 31
[626] = S 6
[627] = CNOT 6 31
[628] = CNOT 7 9
[629] = S 7
[630] = CNOT 7 9
[631] = CNOT 7 10
[632] = S 7
[633] = Z 7
[634] = CNOT 7 10
[635] = CNOT 7 11
[636] = Z 7
[637] = CNOT 7 11
[638] = CNOT 7 12
[639] = Z 7
[640] = CNOT 7 12
[641] = CNOT 7 15
[642] = S 7
[643] = Z 7
[644] = CNOT 7 15
[645] = CNOT 7 37
[646] = S 7
[647] = Z 7
[648] = CNOT 7 37
[649] = CNOT 7 39
[650] = S 7
[651] = CNOT 7 39
[652] = CNOT 7 40
[653] = S 7
[654] = Z 7
[655] = CNOT 7 40
[656] = CNOT 8 9
[657] = S 8
[658] = CNOT 8 9
[659] = CNOT 8 10
[660] = S 8
[661] = Z 8
[662] = CNOT 8 10
[663] = CNOT 8 11
[664] = Z 8
[665] = CNOT 8 11
[666] = CNOT 8 12
[667] = Z 8
[668] = CNOT 8 12
[669] = CNOT 8 15
[670] = S 8
[671] = Z 8
[672] = CNOT 8 15
[673] = CNOT 8 37
[674] = S 8
[675] = Z 8
[676] = CNOT 8 37
[677] = CNOT 8 39
[678] = S 8
[679] = CNOT 8 39
[680] = CNOT 8 40
[681] = S 8
[682] = Z 8
[683] = CNOT 8 40
[684] = CNOT 9 10
[685] = Z 9
[686] = CNOT 9 10
[687] = CNOT 9 11
[688] = Z 9
[689] = CNOT 9 11
[690] = CNOT 9 12
[691] = Z 9
[692] = CNOT 9 12
[693] = CNOT 9 13
[694] = S 9
[695] = Z 9
[696] = CNOT 9 13
[697] = CNOT 9 26
[698] = Z 9
[699] = CNOT 9 26
[700] = CNOT 9 27
[701] = Z 9
[702] = CNOT 9 27
[703] = CNOT 9 31
[704] = S 9
[705] = CNOT 9 31
[706] = CNOT 9 34
[707] = S 9
[708] = Z 9
[709] = CNOT 9 34
[710] = CNOT 9 40
[711] = Z 9
[712] = CNOT 9 40
[713] = CNOT 10 15
[714] = Z 10
[715] = CNOT 10 15
[716] = CNOT 10 27
[717] = S 10
[718] = CNOT 10 27
[719] = CNOT 10 37
[720] = Z 10
[721] = CNOT 10 37
[722] = CNOT 10 39
[723] = Z 10
[724] = CNOT 10 39
[725] = CNOT 10 40
[726] = Z 10
[727] = CNOT 10 40
[728] = CNOT 11 13
[729] = S 11
[730] = Z 11
[731] = CNOT 11 13
[732] = CNOT 11 27
[733] = Z 11
[734] = CNOT 11 27
[735] = CNOT 11 34
[736] = S 11
[737] = Z 11
[738] = CNOT 11 34
[739] = CNOT 11 39
[740] = Z 11
[741] = CNOT 11 39
[742] = CNOT 12 13
[743] = S 12
[744] = Z 12
[745] = CNOT 12 13
[746] = CNOT 12 27
[747] = Z 12
[748] = CNOT 12 27
[749] = CNOT 12 34
[750] = S 12
[751] = Z 12
[752] = CNOT 12 34
[753] = CNOT 12 39
[754] = Z 12
[755] = CNOT 12 39
[756] = CNOT 13 15
[757] = S 13
[758] = Z 13
[759] = CNOT 13 15
[760] = CNOT 13 26
[761] = S 13
[762] = Z 13
[763] = CNOT 13 26
[764] = CNOT 13 27
[765] = S 13
[766] = Z 13
[767] = CNOT 13 27
[768] = CNOT 13 31
[769] = S 13
[770] = Z 13
[771] = CNOT 13 31
[772] = CNOT 13 33
[773] = S 13
[774] = CNOT 13 33
[775] = CNOT 13 34
[776] = S 13
[777] = Z 13
[778] = CNOT 13 34
[779] = CNOT 13 37
[780] = S 13
[781] = Z 13
[782] = CNOT 13 37
[783] = CNOT 13 39
[784] = S 13
[785] = Z 13
[786] = CNOT 13 39
[787] = CNOT 14 15
[788] = Z 14
[789] = CNOT 14 15
[790] = CNOT 14 16
[791] = S 14
[792] = CNOT 14 16
[793] = CNOT 14 18
[794] = S 14
[795] = CNOT 14 18
[796] = CNOT 14 19
[797] = S 14
[798] = CNOT 14 19
[799] = CNOT 14 20
[800] = S 14
[801] = CNOT 14 20
[802] = CNOT 14 22
[803] = Z 14
[804] = CNOT 14 22
[805] = CNOT 14 23
[806] = S 14
[807] = CNOT 14 23
[808] = CNOT 14 24
[809] = Z 14
[810] = CNOT 14 24
[811] = CNOT 14 32
[812] = Z 14
[813] = CNOT 14 32
[814] = CNOT 14 35
[815] = S 14
[816] = CNOT 14 35
[817] = CNOT 14 37
[818] = Z 14
[819] = CNOT 14 37
[820] = CNOT 14 41
[821] = S 14
[822] = CNOT 14 41
[823] = CNOT 15 16
[824] = S 15
[825] = CNOT 15 16
[826] = CNOT 15 18
[827] = S 15
[828] = CNOT 15 18
[829] = CNOT 15 19
[830] = S 15
[831] = CNOT 15 19
[832] = CNOT 15 20
[833] = S 15
[834] = CNOT 15 20
[835] = CNOT 15 22
[836] = Z 15
[837] = CNOT 15 22
[838] = CNOT 15 23
[839] = S 15
[840] = CNOT 15 23
[841] = CNOT 15 24
[842] = Z 15
[843] = CNOT 15 24
[844] = CNOT 15 26
[845] = S 15
[846] = CNOT 15 26
[847] = CNOT 15 27
[848] = Z 15
[849] = CNOT 15 27
[850] = CNOT 15 31
[851] = S 15
[852] = CNOT 15 31
[853] = CNOT 15 32
[854] = Z 15
[855] = CNOT 15 32
[856] = CNOT 15 34
[857] = S 15
[858] = Z 15
[859] = CNOT 15 34
[860] = CNOT 15 35
[861] = S 15
[862] = CNOT 15 35
[863] = CNOT 15 40
[864] = Z 15
[865] = CNOT 15 40
[866] = CNOT 15 41
[867] = S 15
[868] = CNOT 15 41
[869] = CNOT 16 18
[870] = S 16
[871] = CNOT 16 18
[872] = CNOT 16 19
[873] = S 16
[874] = CNOT 16 19
[875] = CNOT 16 28
[876] = S 16
[877] = CNOT 16 28
[878] = CNOT 16 37
[879] = Z 16
[880] = CNOT 16 37
[881] = CNOT 16 41
[882] = Z 16
[883] = CNOT 16 41
[884] = CNOT 17 20
[885] = S 17
[886] = CNOT 17 20
[887] = CNOT 17 22
[888] = Z 17
[889] = CNOT 17 22
[890] = CNOT 17 23
[891] = S 17
[892] = CNOT 17 23
[893] = CNOT 17 24
[894] = Z 17
[895] = CNOT 17 24
[896] = CNOT 17 29
[897] = S 17
[898] = CNOT 17 29
[899] = CNOT 17 32
[900] = Z 17
[901] = CNOT 17 32
[902] = CNOT 17 35
[903] = S 17
[904] = CNOT 17 35
[905] = CNOT 18 19
[906] = Z 18
[907] = CNOT 18 19
[908] = CNOT 18 29
[909] = S 18
[910] = Z 18
[911] = CNOT 18 29
[912] = CNOT 18 37
[913] = S 18
[914] = Z 18
[915] = CNOT 18 37
[916] = CNOT 18 41
[917] = S 18
[918] = CNOT 18 41
[919] = CNOT 19 29
[920] = S 19
[921] = Z 19
[922] = CNOT 19 29
[923] = CNOT 19 37
[924] = S 19
[925] = Z 19
[926] = CNOT 19 37
[927] = CNOT 19 41
[928] = S 19
[929] = CNOT 19 41
[930] = CNOT 20 22
[931] = S 20
[932] = Z 20
[933] = CNOT 20 22
[934] = CNOT 20 23
[935] = S 20
[936] = Z 20
[937] = CNOT 20 23
[938] = CNOT 20 24
[939] = S 20
[940] = CNOT 20 24
[941] = CNOT 20 28
[942] = Z 20
[943] = CNOT 20 28
[944] = CNOT 20 30
[945] = S 20
[946] = CNOT 20 30
[947] = CNOT 20 35
[948] = S 20
[949] = CNOT 20 35
[950] = CNOT 20 37
[951] = S 20
[952] = CNOT 20 37
[953] = CNOT 20 42
[954] = S 20
[955] = CNOT 20 42
[956] = CNOT 21 32
[957] = S 21
[958] = CNOT 21 32
[959] = CNOT 21 36
[960] = S 21
[961] = CNOT 21 36
[962] = CNOT 21 37
[963] = S 21
[964] = CNOT 21 37
[965] = CNOT 22 24
[966] = S 22
[967] = Z 22
[968] = CNOT 22 24
[969] = CNOT 22 28
[970] = Z 22
[971] = CNOT 22 28
[972] = CNOT 22 32
[973] = S 22
[974] = CNOT 22 32
[975] = CNOT 22 35
[976] = S 22
[977] = Z 22
[978] = CNOT 22 35
[979] = CNOT 22 37
[980] = Z 22
[981] = CNOT 22 37
[982] = CNOT 22 42
[983] = Z 22
[984] = CNOT 22 42
[985] = CNOT 23 28
[986] = Z 23
[987] = CNOT 23 28
[988] = CNOT 23 35
[989] = S 23
[990] = Z 23
[991] = CNOT 23 35
[992] = CNOT 23 37
[993] = S 23
[994] = CNOT 23 37
[995] = CNOT 23 42
[996] = S 23
[997] = CNOT 23 42
[998] = CNOT 24 30
[999] = Z 24
[1000] = CNOT 24 30
[1001] = CNOT 24 32
[1002] = S 24
[1003] = Z 24
[1004] = CNOT 24 32
[1005] = CNOT 24 33
[1006] = Z 24
[1007] = CNOT 24 33
[1008] = CNOT 24 35
[1009] = S 24
[1010] = CNOT 24 35
[1011] = CNOT 24 37
[1012] = Z 24
[1013] = CNOT 24 37
[1014] = CNOT 24 42
[1015] = Z 24
[1016] = CNOT 24 42
[1017] = CNOT 25 38
[1018] = S 25
[1019] = CNOT 25 38
[1020] = CNOT 26 31
[1021] = Z 26
[1022] = CNOT 26 31
[1023] = CNOT 26 34
[1024] = S 26
[1025] = Z 26
[1026] = CNOT 26 34
[1027] = CNOT 26 37
[1028] = S 26
[1029] = CNOT 26 37
[1030] = CNOT 26 39
[1031] = Z 26
[1032] = CNOT 26 39
[1033] = CNOT 27 34
[1034] = S 27
[1035] = Z 27
[1036] = CNOT 27 34
[1037] = CNOT 27 37
[1038] = Z 27
[1039] = CNOT 27 37
[1040] = CNOT 27 39
[1041] = Z 27
[1042] = CNOT 27 39
[1043] = CNOT 27 40
[1044] = S 27
[1045] = CNOT 27 40
[1046] = CNOT 28 35
[1047] = Z 28
[1048] = CNOT 28 35
[1049] = CNOT 28 41
[1050] = S 28
[1051] = CNOT 28 41
[1052] = CNOT 29 42
[1053] = S 29
[1054] = CNOT 29 42
[1055] = CNOT 30 33
[1056] = Z 30
[1057] = CNOT 30 33
[1058] = CNOT 30 35
[1059] = S 30
[1060] = CNOT 30 35
[1061] = CNOT 31 34
[1062] = S 31
[1063] = Z 31
[1064] = CNOT 31 34
[1065] = CNOT 31 37
[1066] = Z 31
[1067] = CNOT 31 37
[1068] = CNOT 31 39
[1069] = S 31
[1070] = CNOT 31 39
[1071] = CNOT 32 36
[1072] = S 32
[1073] = CNOT 32 36
[1074] = CNOT 32 37
[1075] = Z 32
[1076] = CNOT 32 37
[1077] = CNOT 32 42
[1078] = Z 32
[1079] = CNOT 32 42
[1080] = CNOT 33 34
[1081] = S 33
[1082] = CNOT 33 34
[1083] = CNOT 34 37
[1084] = S 34
[1085] = Z 34
[1086] = CNOT 34 37
[1087] = CNOT 34 39
[1088] = S 34
[1089] = Z 34
[1090] = CNOT 34 39
[1091] = CNOT 35 37
[1092] = S 35
[1093] = CNOT 35 37
[1094] = CNOT 35 42
[1095] = S 35
[1096] = CNOT 35 42
[1097] = CNOT 36 37
[1098] = S 36
[1099] = CNOT 36 37
[1100] = CNOT 37 40
[1101] = Z 37
[1102] = CNOT 37 40
[1103] = CNOT 37 41
[1104] = Z 37
[1105] = CNOT 37 41
[1106] = CNOT 39 40
[1107] = Z 39
[1108] = CNOT 39 40
[1109] = CNOT 1 2
[1110] = CNOT 1 5
[1111] = S 1
[1112] = Z 1
[1113] = CNOT 1 5
[1114] = CNOT 1 14
[1115] = S 1
[1116] = Z 1
[1117] = CNOT 1 14
[1118] = CNOT 1 15
[1119] = S 1
[1120] = Z 1
[1121] = CNOT 1 15
[1122] = CNOT 1 17
[1123] = S 1
[1124] = Z 1
[1125] = CNOT 1 17
[1126] = CNOT 1 37
[1127] = S 1
[1128] = Z 1
[1129] = CNOT 1 37
[1130] = CNOT 1 42
[1131] = S 1
[1132] = Z 1
[1133] = CNOT 1 42
[1134] = CNOT 1 2
[1135] = CNOT 1 3
[1136] = CNOT 1 5
[1137] = S 1
[1138] = Z 1
[1139] = CNOT 1 5
[1140] = CNOT 1 14
[1141] = S 1
[1142] = Z 1
[1143] = CNOT 1 14
[1144] = CNOT 1 15
[1145] = S 1
[1146] = Z 1
[1147] = CNOT 1 15
[1148] = CNOT 1 17
[1149] = S 1
[1150] = Z 1
[1151] = CNOT 1 17
[1152] = CNOT 1 37
[1153] = S 1
[1154] = Z 1
[1155] = CNOT 1 37
[1156] = CNOT 1 38
[1157] = S 1
[1158] = Z 1
[1159] = CNOT 1 38
[1160] = CNOT 1 42
[1161] = S 1
[1162] = Z 1
[1163] = CNOT 1 42
[1164] = CNOT 1 3
[1165] = CNOT 1 5
[1166] = CNOT 1 14
[1167] = S 1
[1168] = Z 1
[1169] = CNOT 1 14
[1170] = CNOT 1 15
[1171] = S 1
[1172] = Z 1
[1173] = CNOT 1 15
[1174] = CNOT 1 17
[1175] = S 1
[1176] = Z 1
[1177] = CNOT 1 17
[1178] = CNOT 1 20
[1179] = Z 1
[1180] = CNOT 1 20
[1181] = CNOT 1 22
[1182] = S 1
[1183] = Z 1
[1184] = CNOT 1 22
[1185] = CNOT 1 23
[1186] = S 1
[1187] = CNOT 1 23
[1188] = CNOT 1 24
[1189] = S 1
[1190] = Z 1
[1191] = CNOT 1 24
[1192] = CNOT 1 28
[1193] = Z 1
[1194] = CNOT 1 28
[1195] = CNOT 1 30
[1196] = Z 1
[1197] = CNOT 1 30
[1198] = CNOT 1 33
[1199] = Z 1
[1200] = CNOT 1 33
[1201] = CNOT 1 35
[1202] = Z 1
[1203] = CNOT 1 35
[1204] = CNOT 1 37
[1205] = S 1
[1206] = Z 1
[1207] = CNOT 1 37
[1208] = CNOT 1 38
[1209] = S 1
[1210] = Z 1
[1211] = CNOT 1 38
[1212] = CNOT 1 42
[1213] = S 1
[1214] = Z 1
[1215] = CNOT 1 42
[1216] = CNOT 1 5
[1217] = CNOT 1 14
[1218] = CNOT 1 15
[1219] = S 1
[1220] = Z 1
[1221] = CNOT 1 15
[1222] = CNOT 1 17
[1223] = S 1
[1224] = Z 1
[1225] = CNOT 1 17
[1226] = CNOT 1 20
[1227] = Z 1
[1228] = CNOT 1 20
[1229] = CNOT 1 22
[1230] = S 1
[1231] = Z 1
[1232] = CNOT 1 22
[1233] = CNOT 1 23
[1234] = S 1
[1235] = CNOT 1 23
[1236] = CNOT 1 24
[1237] = S 1
[1238] = Z 1
[1239] = CNOT 1 24
[1240] = CNOT 1 28
[1241] = Z 1
[1242] = CNOT 1 28
[1243] = CNOT 1 30
[1244] = Z 1
[1245] = CNOT 1 30
[1246] = CNOT 1 33
[1247] = Z 1
[1248] = CNOT 1 33
[1249] = CNOT 1 35
[1250] = Z 1
[1251] = CNOT 1 35
[1252] = CNOT 1 37
[1253] = S 1
[1254] = Z 1
[1255] = CNOT 1 37
[1256] = CNOT 1 38
[1257] = S 1
[1258] = Z 1
[1259] = CNOT 1 38
[1260] = CNOT 1 42
[1261] = S 1
[1262] = Z 1
[1263] = CNOT 1 42
[1264] = CNOT 1 14
[1265] = CNOT 1 15
[1266] = CNOT 1 17
[1267] = S 1
[1268] = Z 1
[1269] = CNOT 1 17
[1270] = CNOT 1 20
[1271] = Z 1
[1272] = CNOT 1 20
[1273] = CNOT 1 22
[1274] = S 1
[1275] = Z 1
[1276] = CNOT 1 22
[1277] = CNOT 1 23
[1278] = S 1
[1279] = CNOT 1 23
[1280] = CNOT 1 24
[1281] = S 1
[1282] = Z 1
[1283] = CNOT 1 24
[1284] = CNOT 1 28
[1285] = Z 1
[1286] = CNOT 1 28
[1287] = CNOT 1 30
[1288] = Z 1
[1289] = CNOT 1 30
[1290] = CNOT 1 33
[1291] = Z 1
[1292] = CNOT 1 33
[1293] = CNOT 1 35
[1294] = Z 1
[1295] = CNOT 1 35
[1296] = CNOT 1 37
[1297] = S 1
[1298] = Z 1
[1299] = CNOT 1 37
[1300] = CNOT 1 38
[1301] = S 1
[1302] = Z 1
[1303] = CNOT 1 38
[1304] = CNOT 1 42
[1305] = S 1
[1306] = Z 1
[1307] = CNOT 1 42
[1308] = CNOT 1 15
[1309] = CNOT 1 17
[1310] = CNOT 1 20
[1311] = Z 1
[1312] = CNOT 1 20
[1313] = CNOT 1 22
[1314] = S 1
[1315] = Z 1
[1316] = CNOT 1 22
[1317] = CNOT 1 23
[1318] = S 1
[1319] = CNOT 1 23
[1320] = CNOT 1 24
[1321] = S 1
[1322] = Z 1
[1323] = CNOT 1 24
[1324] = CNOT 1 28
[1325] = Z 1
[1326] = CNOT 1 28
[1327] = CNOT 1 30
[1328] = Z 1
[1329] = CNOT 1 30
[1330] = CNOT 1 33
[1331] = Z 1
[1332] = CNOT 1 33
[1333] = CNOT 1 35
[1334] = Z 1
[1335] = CNOT 1 35
[1336] = CNOT 1 37
[1337] = S 1
[1338] = Z 1
[1339] = CNOT 1 37
[1340] = CNOT 1 38
[1341] = S 1
[1342] = Z 1
[1343] = CNOT 1 38
[1344] = CNOT 1 42
[1345] = S 1
[1346] = Z 1
[1347] = CNOT 1 42
[1348] = CNOT 1 17
[1349] = CNOT 1 20
[1350] = CNOT 1 22
[1351] = S 1
[1352] = Z 1
[1353] = CNOT 1 22
[1354] = CNOT 1 23
[1355] = S 1
[1356] = Z 1
[1357] = CNOT 1 23
[1358] = CNOT 1 24
[1359] = Z 1
[1360] = CNOT 1 24
[1361] = CNOT 1 28
[1362] = S 1
[1363] = Z 1
[1364] = CNOT 1 28
[1365] = CNOT 1 35
[1366] = Z 1
[1367] = CNOT 1 35
[1368] = CNOT 1 37
[1369] = Z 1
[1370] = CNOT 1 37
[1371] = CNOT 1 42
[1372] = Z 1
[1373] = CNOT 1 42
[1374] = CNOT 1 20
[1375] = CNOT 1 22
[1376] = CNOT 1 23
[1377] = Z 1
[1378] = CNOT 1 23
[1379] = CNOT 1 24
[1380] = S 1
[1381] = CNOT 1 24
[1382] = CNOT 1 28
[1383] = S 1
[1384] = Z 1
[1385] = CNOT 1 28
[1386] = CNOT 1 30
[1387] = Z 1
[1388] = CNOT 1 30
[1389] = CNOT 1 32
[1390] = S 1
[1391] = CNOT 1 32
[1392] = CNOT 1 33
[1393] = Z 1
[1394] = CNOT 1 33
[1395] = CNOT 1 35
[1396] = S 1
[1397] = Z 1
[1398] = CNOT 1 35
[1399] = CNOT 1 37
[1400] = S 1
[1401] = Z 1
[1402] = CNOT 1 37
[1403] = CNOT 1 42
[1404] = S 1
[1405] = Z 1
[1406] = CNOT 1 42
[1407] = CNOT 1 22
[1408] = CNOT 1 23
[1409] = CNOT 1 24
[1410] = Z 1
[1411] = CNOT 1 24
[1412] = CNOT 1 28
[1413] = S 1
[1414] = Z 1
[1415] = CNOT 1 28
[1416] = CNOT 1 32
[1417] = S 1
[1418] = Z 1
[1419] = CNOT 1 32
[1420] = CNOT 1 35
[1421] = S 1
[1422] = Z 1
[1423] = CNOT 1 35
[1424] = CNOT 1 37
[1425] = S 1
[1426] = CNOT 1 37
[1427] = CNOT 1 42
[1428] = S 1
[1429] = CNOT 1 42
[1430] = CNOT 1 23
[1431] = CNOT 1 24
[1432] = CNOT 1 28
[1433] = Z 1
[1434] = CNOT 1 28
[1435] = CNOT 1 30
[1436] = S 1
[1437] = Z 1
[1438] = CNOT 1 30
[1439] = CNOT 1 32
[1440] = Z 1
[1441] = CNOT 1 32
[1442] = CNOT 1 33
[1443] = S 1
[1444] = Z 1
[1445] = CNOT 1 33
[1446] = CNOT 1 35
[1447] = Z 1
[1448] = CNOT 1 35
[1449] = CNOT 1 37
[1450] = S 1
[1451] = Z 1
[1452] = CNOT 1 37
[1453] = CNOT 1 42
[1454] = S 1
[1455] = Z 1
[1456] = CNOT 1 42
[1457] = CNOT 1 24
[1458] = CNOT 1 28
[1459] = CNOT 1 35
[1460] = S 1
[1461] = Z 1
[1462] = CNOT 1 35
[1463] = CNOT 1 37
[1464] = Z 1
[1465] = CNOT 1 37
[1466] = CNOT 1 42
[1467] = Z 1
[1468] = CNOT 1 42
[1469] = CNOT 1 28
[1470] = CNOT 1 30
[1471] = CNOT 1 32
[1472] = Z 1
[1473] = CNOT 1 32
[1474] = CNOT 1 33
[1475] = S 1
[1476] = Z 1
[1477] = CNOT 1 33
[1478] = CNOT 1 37
[1479] = Z 1
[1480] = CNOT 1 37
[1481] = CNOT 1 42
[1482] = Z 1
[1483] = CNOT 1 42
[1484] = CNOT 1 30
[1485] = CNOT 1 32
[1486] = CNOT 1 33
[1487] = Z 1
[1488] = CNOT 1 32
[1489] = CNOT 1 37
[1490] = Z 1
[1491] = CNOT 1 37
[1492] = CNOT 1 42
[1493] = Z 1
[1494] = CNOT 1 42
[1495] = CNOT 1 33
[1496] = CNOT 1 35
[1497] = CNOT 1 37
[1498] = Z 1
[1499] = CNOT 1 37
[1500] = CNOT 1 42
[1501] = Z 1
[1502] = CNOT 1 42
[1503] = CNOT 1 35
[1504] = CNOT 1 37
[1505] = CNOT 1 38
[1506] = S 1
[1507] = Z 1
[1508] = CNOT 1 38
[1509] = CNOT 1 42
[1510] = S 1
[1511] = Z 1
[1512] = CNOT 1 37
[1513] = CNOT 1 38
[1514] = S 1
[1515] = Z 1
[1516] = CNOT 1 42
[1517] = CNOT 1 38
[1518] = CNOT 2 3
[1519] = CNOT 2 5
[1520] = S 2
[1521] = Z 2
[1522] = CNOT 2 5
[1523] = CNOT 2 14
[1524] = S 2
[1525] = Z 2
[1526] = CNOT 2 14
[1527] = CNOT 2 15
[1528] = S 2
[1529] = Z 2
[1530] = CNOT 2 15
[1531] = CNOT 2 17
[1532] = S 2
[1533] = Z 2
[1534] = CNOT 2 17
[1535] = CNOT 2 37
[1536] = S 2
[1537] = Z 2
[1538] = CNOT 2 37
[1539] = CNOT 2 38
[1540] = S 2
[1541] = Z 2
[1542] = CNOT 2 38
[1543] = CNOT 2 42
[1544] = S 2
[1545] = Z 2
[1546] = CNOT 2 42
[1547] = CNOT 2 3
[1548] = CNOT 2 5
[1549] = CNOT 2 14
[1550] = Z 2
[1551] = CNOT 2 14
[1552] = CNOT 2 15
[1553] = Z 2
[1554] = CNOT 2 15
[1555] = CNOT 2 17
[1556] = Z 2
[1557] = CNOT 2 17
[1558] = CNOT 2 37
[1559] = Z 2
[1560] = CNOT 2 37
[1561] = CNOT 2 38
[1562] = S 2
[1563] = Z 2
[1564] = CNOT 2 38
[1565] = CNOT 2 42
[1566] = Z 2
[1567] = CNOT 2 42
[1568] = CNOT 2 5
[1569] = CNOT 2 14
[1570] = CNOT 2 15
[1571] = Z 2
[1572] = CNOT 2 15
[1573] = CNOT 2 17
[1574] = Z 2
[1575] = CNOT 2 17
[1576] = CNOT 2 37
[1577] = Z 2
[1578] = CNOT 2 37
[1579] = CNOT 2 38
[1580] = S 2
[1581] = Z 2
[1582] = CNOT 2 38
[1583] = CNOT 2 42
[1584] = Z 2
[1585] = CNOT 2 42
[1586] = CNOT 2 14
[1587] = CNOT 2 15
[1588] = CNOT 2 17
[1589] = Z 2
[1590] = CNOT 2 17
[1591] = CNOT 2 37
[1592] = Z 2
[1593] = CNOT 2 37
[1594] = CNOT 2 38
[1595] = S 2
[1596] = Z 2
[1597] = CNOT 2 38
[1598] = CNOT 2 42
[1599] = Z 2
[1600] = CNOT 2 42
[1601] = CNOT 2 15
[1602] = CNOT 2 17
[1603] = CNOT 2 37
[1604] = Z 2
[1605] = CNOT 2 37
[1606] = CNOT 2 38
[1607] = S 2
[1608] = Z 2
[1609] = CNOT 2 38
[1610] = CNOT 2 42
[1611] = Z 2
[1612] = CNOT 2 42
[1613] = CNOT 2 17
[1614] = CNOT 2 37
[1615] = CNOT 2 38
[1616] = S 2
[1617] = Z 2
[1618] = CNOT 2 38
[1619] = CNOT 2 42
[1620] = Z 2
[1621] = CNOT 2 37
[1622] = CNOT 2 38
[1623] = S 2
[1624] = Z 2
[1625] = CNOT 2 42
[1626] = CNOT 2 38
[1627] = CNOT 3 5
[1628] = CNOT 3 14
[1629] = Z 3
[1630] = CNOT 3 14
[1631] = CNOT 3 15
[1632] = Z 3
[1633] = CNOT 3 15
[1634] = CNOT 3 17
[1635] = Z 3
[1636] = CNOT 3 17
[1637] = CNOT 3 37
[1638] = Z 3
[1639] = CNOT 3 37
[1640] = CNOT 3 38
[1641] = Z 3
[1642] = CNOT 3 38
[1643] = CNOT 3 42
[1644] = Z 3
[1645] = CNOT 3 42
[1646] = CNOT 3 5
[1647] = CNOT 3 14
[1648] = CNOT 3 15
[1649] = Z 3
[1650] = CNOT 3 15
[1651] = CNOT 3 17
[1652] = Z 3
[1653] = CNOT 3 17
[1654] = CNOT 3 37
[1655] = Z 3
[1656] = CNOT 3 37
[1657] = CNOT 3 38
[1658] = Z 3
[1659] = CNOT 3 38
[1660] = CNOT 3 42
[1661] = Z 3
[1662] = CNOT 3 42
[1663] = CNOT 3 14
[1664] = CNOT 3 15
[1665] = CNOT 3 17
[1666] = Z 3
[1667] = CNOT 3 17
[1668] = CNOT 3 37
[1669] = Z 3
[1670] = CNOT 3 37
[1671] = CNOT 3 38
[1672] = Z 3
[1673] = CNOT 3 38
[1674] = CNOT 3 42
[1675] = Z 3
[1676] = CNOT 3 42
[1677] = CNOT 3 15
[1678] = CNOT 3 17
[1679] = CNOT 3 37
[1680] = Z 3
[1681] = CNOT 3 37
[1682] = CNOT 3 38
[1683] = Z 3
[1684] = CNOT 3 38
[1685] = CNOT 3 42
[1686] = Z 3
[1687] = CNOT 3 42
[1688] = CNOT 3 17
[1689] = CNOT 3 37
[1690] = CNOT 3 38
[1691] = Z 3
[1692] = CNOT 3 38
[1693] = CNOT 3 42
[1694] = Z 3
[1695] = CNOT 3 37
[1696] = CNOT 3 38
[1697] = Z 3
[1698] = CNOT 3 42
[1699] = CNOT 4 5
[1700] = CNOT 4 25
[1701] = S 4
[1702] = Z 4
[1703] = CNOT 4 25
[1704] = CNOT 4 5
[1705] = CNOT 5 7
[1706] = CNOT 5 8
[1707] = Z 5
[1708] = CNOT 5 8
[1709] = CNOT 5 9
[1710] = Z 5
[1711] = CNOT 5 9
[1712] = CNOT 5 10
[1713] = S 5
[1714] = Z 5
[1715] = CNOT 5 10
[1716] = CNOT 5 11
[1717] = S 5
[1718] = Z 5
[1719] = CNOT 5 11
[1720] = CNOT 5 12
[1721] = S 5
[1722] = Z 5
[1723] = CNOT 5 12
[1724] = CNOT 5 15
[1725] = S 5
[1726] = CNOT 5 15
[1727] = CNOT 5 37
[1728] = S 5
[1729] = CNOT 5 37
[1730] = CNOT 5 39
[1731] = Z 5
[1732] = CNOT 5 39
[1733] = CNOT 5 40
[1734] = S 5
[1735] = Z 5
[1736] = CNOT 5 40
[1737] = CNOT 5 7
[1738] = CNOT 5 8
[1739] = CNOT 5 9
[1740] = Z 5
[1741] = CNOT 5 9
[1742] = CNOT 5 10
[1743] = S 5
[1744] = Z 5
[1745] = CNOT 5 10
[1746] = CNOT 5 11
[1747] = S 5
[1748] = Z 5
[1749] = CNOT 5 11
[1750] = CNOT 5 12
[1751] = S 5
[1752] = Z 5
[1753] = CNOT 5 12
[1754] = CNOT 5 15
[1755] = S 5
[1756] = CNOT 5 15
[1757] = CNOT 5 37
[1758] = S 5
[1759] = CNOT 5 37
[1760] = CNOT 5 39
[1761] = Z 5
[1762] = CNOT 5 39
[1763] = CNOT 5 40
[1764] = S 5
[1765] = Z 5
[1766] = CNOT 5 40
[1767] = CNOT 5 8
[1768] = CNOT 5 9
[1769] = CNOT 5 10
[1770] = Z 5
[1771] = CNOT 5 10
[1772] = CNOT 5 11
[1773] = Z 5
[1774] = CNOT 5 11
[1775] = CNOT 5 12
[1776] = Z 5
[1777] = CNOT 5 12
[1778] = CNOT 5 13
[1779] = S 5
[1780] = CNOT 5 13
[1781] = CNOT 5 15
[1782] = S 5
[1783] = Z 5
[1784] = CNOT 5 15
[1785] = CNOT 5 26
[1786] = Z 5
[1787] = CNOT 5 26
[1788] = CNOT 5 27
[1789] = Z 5
[1790] = CNOT 5 27
[1791] = CNOT 5 31
[1792] = Z 5
[1793] = CNOT 5 31
[1794] = CNOT 5 34
[1795] = S 5
[1796] = CNOT 5 34
[1797] = CNOT 5 37
[1798] = S 5
[1799] = Z 5
[1800] = CNOT 5 37
[1801] = CNOT 5 39
[1802] = S 5
[1803] = Z 5
[1804] = CNOT 5 39
[1805] = CNOT 5 40
[1806] = Z 5
[1807] = CNOT 5 40
[1808] = CNOT 5 9
[1809] = CNOT 5 10
[1810] = CNOT 5 15
[1811] = Z 5
[1812] = CNOT 5 15
[1813] = CNOT 5 37
[1814] = Z 5
[1815] = CNOT 5 37
[1816] = CNOT 5 39
[1817] = Z 5
[1818] = CNOT 5 39
[1819] = CNOT 5 40
[1820] = Z 5
[1821] = CNOT 5 40
[1822] = CNOT 5 10
[1823] = CNOT 5 11
[1824] = CNOT 5 12
[1825] = Z 5
[1826] = CNOT 5 12
[1827] = CNOT 5 13
[1828] = S 5
[1829] = Z 5
[1830] = CNOT 5 13
[1831] = CNOT 5 15
[1832] = S 5
[1833] = CNOT 5 15
[1834] = CNOT 5 27
[1835] = S 5
[1836] = Z 5
[1837] = CNOT 5 27
[1838] = CNOT 5 34
[1839] = S 5
[1840] = Z 5
[1841] = CNOT 5 34
[1842] = CNOT 5 37
[1843] = S 5
[1844] = CNOT 5 37
[1845] = CNOT 5 39
[1846] = Z 5
[1847] = CNOT 5 39
[1848] = CNOT 5 11
[1849] = CNOT 5 12
[1850] = CNOT 5 13
[1851] = S 5
[1852] = Z 5
[1853] = CNOT 5 13
[1854] = CNOT 5 15
[1855] = S 5
[1856] = CNOT 5 15
[1857] = CNOT 5 27
[1858] = S 5
[1859] = Z 5
[1860] = CNOT 5 27
[1861] = CNOT 5 34
[1862] = S 5
[1863] = Z 5
[1864] = CNOT 5 34
[1865] = CNOT 5 37
[1866] = S 5
[1867] = CNOT 5 37
[1868] = CNOT 5 39
[1869] = Z 5
[1870] = CNOT 5 39
[1871] = CNOT 5 12
[1872] = CNOT 5 13
[1873] = CNOT 5 15
[1874] = S 5
[1875] = CNOT 5 15
[1876] = CNOT 5 26
[1877] = S 5
[1878] = Z 5
[1879] = CNOT 5 26
[1880] = CNOT 5 27
[1881] = S 5
[1882] = Z 5
[1883] = CNOT 5 27
[1884] = CNOT 5 31
[1885] = S 5
[1886] = Z 5
[1887] = CNOT 5 31
[1888] = CNOT 5 34
[1889] = S 5
[1890] = CNOT 5 34
[1891] = CNOT 5 37
[1892] = S 5
[1893] = CNOT 5 37
[1894] = CNOT 5 39
[1895] = S 5
[1896] = CNOT 5 39
[1897] = CNOT 5 13
[1898] = CNOT 5 14
[1899] = CNOT 5 16
[1900] = S 5
[1901] = Z 5
[1902] = CNOT 5 16
[1903] = CNOT 5 17
[1904] = S 5
[1905] = CNOT 5 17
[1906] = CNOT 5 18
[1907] = S 5
[1908] = Z 5
[1909] = CNOT 5 18
[1910] = CNOT 5 19
[1911] = S 5
[1912] = Z 5
[1913] = CNOT 5 19
[1914] = CNOT 5 20
[1915] = Z 5
[1916] = CNOT 5 20
[1917] = CNOT 5 22
[1918] = S 5
[1919] = Z 5
[1920] = CNOT 5 22
[1921] = CNOT 5 23
[1922] = S 5
[1923] = CNOT 5 23
[1924] = CNOT 5 24
[1925] = S 5
[1926] = Z 5
[1927] = CNOT 5 24
[1928] = CNOT 5 28
[1929] = Z 5
[1930] = CNOT 5 28
[1931] = CNOT 5 30
[1932] = Z 5
[1933] = CNOT 5 30
[1934] = CNOT 5 33
[1935] = Z 5
[1936] = CNOT 5 33
[1937] = CNOT 5 35
[1938] = Z 5
[1939] = CNOT 5 35
[1940] = CNOT 5 38
[1941] = Z 5
[1942] = CNOT 5 38
[1943] = CNOT 5 41
[1944] = S 5
[1945] = Z 5
[1946] = CNOT 5 41
[1947] = CNOT 5 42
[1948] = S 5
[1949] = CNOT 5 42
[1950] = CNOT 5 14
[1951] = CNOT 5 15
[1952] = CNOT 5 16
[1953] = S 5
[1954] = Z 5
[1955] = CNOT 5 16
[1956] = CNOT 5 17
[1957] = S 5
[1958] = CNOT 5 17
[1959] = CNOT 5 18
[1960] = S 5
[1961] = Z 5
[1962] = CNOT 5 18
[1963] = CNOT 5 19
[1964] = S 5
[1965] = Z 5
[1966] = CNOT 5 19
[1967] = CNOT 5 20
[1968] = Z 5
[1969] = CNOT 5 20
[1970] = CNOT 5 22
[1971] = S 5
[1972] = Z 5
[1973] = CNOT 5 22
[1974] = CNOT 5 23
[1975] = S 5
[1976] = CNOT 5 23
[1977] = CNOT 5 24
[1978] = S 5
[1979] = Z 5
[1980] = CNOT 5 24
[1981] = CNOT 5 26
[1982] = Z 5
[1983] = CNOT 5 26
[1984] = CNOT 5 27
[1985] = Z 5
[1986] = CNOT 5 27
[1987] = CNOT 5 28
[1988] = Z 5
[1989] = CNOT 5 28
[1990] = CNOT 5 30
[1991] = Z 5
[1992] = CNOT 5 30
[1993] = CNOT 5 31
[1994] = Z 5
[1995] = CNOT 5 31
[1996] = CNOT 5 33
[1997] = Z 5
[1998] = CNOT 5 33
[1999] = CNOT 5 34
[2000] = S 5
[2001] = CNOT 5 34
[2002] = CNOT 5 35
[2003] = Z 5
[2004] = CNOT 5 35
[2005] = CNOT 5 37
[2006] = S 5
[2007] = CNOT 5 37
[2008] = CNOT 5 38
[2009] = Z 5
[2010] = CNOT 5 38
[2011] = CNOT 5 39
[2012] = S 5
[2013] = Z 5
[2014] = CNOT 5 39
[2015] = CNOT 5 40
[2016] = Z 5
[2017] = CNOT 5 40
[2018] = CNOT 5 41
[2019] = S 5
[2020] = Z 5
[2021] = CNOT 5 41
[2022] = CNOT 5 42
[2023] = S 5
[2024] = CNOT 5 42
[2025] = CNOT 5 15
[2026] = CNOT 5 16
[2027] = CNOT 5 18
[2028] = S 5
[2029] = Z 5
[2030] = CNOT 5 18
[2031] = CNOT 5 19
[2032] = S 5
[2033] = Z 5
[2034] = CNOT 5 19
[2035] = CNOT 5 37
[2036] = Z 5
[2037] = CNOT 5 37
[2038] = CNOT 5 41
[2039] = Z 5
[2040] = CNOT 5 41
[2041] = CNOT 5 16
[2042] = CNOT 5 17
[2043] = CNOT 5 20
[2044] = Z 5
[2045] = CNOT 5 20
[2046] = CNOT 5 22
[2047] = S 5
[2048] = Z 5
[2049] = CNOT 5 22
[2050] = CNOT 5 23
[2051] = S 5
[2052] = CNOT 5 23
[2053] = CNOT 5 24
[2054] = S 5
[2055] = Z 5
[2056] = CNOT 5 24
[2057] = CNOT 5 28
[2058] = Z 5
[2059] = CNOT 5 28
[2060] = CNOT 5 30
[2061] = Z 5
[2062] = CNOT 5 30
[2063] = CNOT 5 33
[2064] = Z 5
[2065] = CNOT 5 33
[2066] = CNOT 5 35
[2067] = Z 5
[2068] = CNOT 5 35
[2069] = CNOT 5 38
[2070] = Z 5
[2071] = CNOT 5 38
[2072] = CNOT 5 17
[2073] = CNOT 5 18
[2074] = CNOT 5 19
[2075] = Z 5
[2076] = CNOT 5 19
[2077] = CNOT 5 21
[2078] = S 5
[2079] = Z 5
[2080] = CNOT 5 21
[2081] = CNOT 5 29
[2082] = S 5
[2083] = Z 5
[2084] = CNOT 5 29
[2085] = CNOT 5 36
[2086] = S 5
[2087] = Z 5
[2088] = CNOT 5 36
[2089] = CNOT 5 37
[2090] = S 5
[2091] = CNOT 5 37
[2092] = CNOT 5 41
[2093] = S 5
[2094] = Z 5
[2095] = CNOT 5 41
[2096] = CNOT 5 18
[2097] = CNOT 5 19
[2098] = CNOT 5 21
[2099] = S 5
[2100] = Z 5
[2101] = CNOT 5 21
[2102] = CNOT 5 29
[2103] = S 5
[2104] = Z 5
[2105] = CNOT 5 29
[2106] = CNOT 5 36
[2107] = S 5
[2108] = Z 5
[2109] = CNOT 5 36
[2110] = CNOT 5 37
[2111] = S 5
[2112] = CNOT 5 37
[2113] = CNOT 5 41
[2114] = S 5
[2115] = Z 5
[2116] = CNOT 5 41
[2117] = CNOT 5 19
[2118] = CNOT 5 20
[2119] = CNOT 5 22
[2120] = S 5
[2121] = Z 5
[2122] = CNOT 5 22
[2123] = CNOT 5 23
[2124] = S 5
[2125] = Z 5
[2126] = CNOT 5 23
[2127] = CNOT 5 24
[2128] = Z 5
[2129] = CNOT 5 24
[2130] = CNOT 5 28
[2131] = S 5
[2132] = Z 5
[2133] = CNOT 5 28
[2134] = CNOT 5 35
[2135] = Z 5
[2136] = CNOT 5 35
[2137] = CNOT 5 37
[2138] = Z 5
[2139] = CNOT 5 37
[2140] = CNOT 5 42
[2141] = Z 5
[2142] = CNOT 5 42
[2143] = CNOT 5 20
[2144] = CNOT 5 21
[2145] = CNOT 5 29
[2146] = S 5
[2147] = Z 5
[2148] = CNOT 5 29
[2149] = CNOT 5 36
[2150] = Z 5
[2151] = CNOT 5 36
[2152] = CNOT 5 37
[2153] = Z 5
[2154] = CNOT 5 37
[2155] = CNOT 5 21
[2156] = CNOT 5 22
[2157] = CNOT 5 23
[2158] = Z 5
[2159] = CNOT 5 23
[2160] = CNOT 5 24
[2161] = S 5
[2162] = CNOT 5 24
[2163] = CNOT 5 28
[2164] = S 5
[2165] = Z 5
[2166] = CNOT 5 28
[2167] = CNOT 5 30
[2168] = Z 5
[2169] = CNOT 5 30
[2170] = CNOT 5 32
[2171] = S 5
[2172] = CNOT 5 32
[2173] = CNOT 5 33
[2174] = Z 5
[2175] = CNOT 5 33
[2176] = CNOT 5 35
[2177] = S 5
[2178] = Z 5
[2179] = CNOT 5 35
[2180] = CNOT 5 37
[2181] = S 5
[2182] = Z 5
[2183] = CNOT 5 37
[2184] = CNOT 5 42
[2185] = S 5
[2186] = Z 5
[2187] = CNOT 5 42
[2188] = CNOT 5 22
[2189] = CNOT 5 23
[2190] = CNOT 5 24
[2191] = Z 5
[2192] = CNOT 5 24
[2193] = CNOT 5 28
[2194] = S 5
[2195] = Z 5
[2196] = CNOT 5 28
[2197] = CNOT 5 32
[2198] = S 5
[2199] = Z 5
[2200] = CNOT 5 32
[2201] = CNOT 5 35
[2202] = S 5
[2203] = Z 5
[2204] = CNOT 5 35
[2205] = CNOT 5 37
[2206] = S 5
[2207] = CNOT 5 37
[2208] = CNOT 5 42
[2209] = S 5
[2210] = CNOT 5 42
[2211] = CNOT 5 23
[2212] = CNOT 5 24
[2213] = CNOT 5 28
[2214] = Z 5
[2215] = CNOT 5 28
[2216] = CNOT 5 30
[2217] = S 5
[2218] = Z 5
[2219] = CNOT 5 30
[2220] = CNOT 5 32
[2221] = Z 5
[2222] = CNOT 5 32
[2223] = CNOT 5 33
[2224] = S 5
[2225] = Z 5
[2226] = CNOT 5 33
[2227] = CNOT 5 35
[2228] = Z 5
[2229] = CNOT 5 35
[2230] = CNOT 5 37
[2231] = S 5
[2232] = Z 5
[2233] = CNOT 5 37
[2234] = CNOT 5 42
[2235] = S 5
[2236] = Z 5
[2237] = CNOT 5 42
[2238] = CNOT 5 24
[2239] = CNOT 5 26
[2240] = CNOT 5 31
[2241] = S 5
[2242] = Z 5
[2243] = CNOT 5 31
[2244] = CNOT 5 34
[2245] = S 5
[2246] = Z 5
[2247] = CNOT 5 34
[2248] = CNOT 5 37
[2249] = Z 5
[2250] = CNOT 5 37
[2251] = CNOT 5 39
[2252] = Z 5
[2253] = CNOT 5 39
[2254] = CNOT 5 26
[2255] = CNOT 5 27
[2256] = CNOT 5 34
[2257] = S 5
[2258] = Z 5
[2259] = CNOT 5 34
[2260] = CNOT 5 37
[2261] = Z 5
[2262] = CNOT 5 37
[2263] = CNOT 5 39
[2264] = Z 5
[2265] = CNOT 5 39
[2266] = CNOT 5 27
[2267] = CNOT 5 28
[2268] = CNOT 5 35
[2269] = S 5
[2270] = Z 5
[2271] = CNOT 5 35
[2272] = CNOT 5 37
[2273] = Z 5
[2274] = CNOT 5 37
[2275] = CNOT 5 42
[2276] = Z 5
[2277] = CNOT 5 42
[2278] = CNOT 5 28
[2279] = CNOT 5 29
[2280] = CNOT 5 36
[2281] = S 5
[2282] = Z 5
[2283] = CNOT 5 36
[2284] = CNOT 5 37
[2285] = Z 5
[2286] = CNOT 5 37
[2287] = CNOT 5 29
[2288] = CNOT 5 30
[2289] = CNOT 5 32
[2290] = Z 5
[2291] = CNOT 5 32
[2292] = CNOT 5 33
[2293] = S 5
[2294] = Z 5
[2295] = CNOT 5 33
[2296] = CNOT 5 37
[2297] = Z 5
[2298] = CNOT 5 37
[2299] = CNOT 5 42
[2300] = Z 5
[2301] = CNOT 5 42
[2302] = CNOT 5 30
[2303] = CNOT 5 31
[2304] = CNOT 5 34
[2305] = S 5
[2306] = Z 5
[2307] = CNOT 5 34
[2308] = CNOT 5 37
[2309] = Z 5
[2310] = CNOT 5 37
[2311] = CNOT 5 39
[2312] = Z 5
[2313] = CNOT 5 39
[2314] = CNOT 5 31
[2315] = CNOT 5 32
[2316] = CNOT 5 33
[2317] = Z 5
[2318] = CNOT 5 32
[2319] = CNOT 5 37
[2320] = Z 5
[2321] = CNOT 5 37
[2322] = CNOT 5 42
[2323] = Z 5
[2324] = CNOT 5 42
[2325] = CNOT 5 33
[2326] = CNOT 5 34
[2327] = CNOT 5 37
[2328] = S 5
[2329] = CNOT 5 37
[2330] = CNOT 5 39
[2331] = S 5
[2332] = CNOT 5 39
[2333] = CNOT 5 34
[2334] = CNOT 5 35
[2335] = CNOT 5 37
[2336] = Z 5
[2337] = CNOT 5 37
[2338] = CNOT 5 42
[2339] = Z 5
[2340] = CNOT 5 42
[2341] = CNOT 5 35
[2342] = CNOT 5 36
[2343] = CNOT 5 37
[2344] = Z 5
[2345] = CNOT 5 36
[2346] = CNOT 5 38
[2347] = Z 5
[2348] = CNOT 5 38
[2349] = CNOT 5 39
[2350] = S 5
[2351] = Z 5
[2352] = CNOT 5 39
[2353] = CNOT 5 40
[2354] = Z 5
[2355] = CNOT 5 40
[2356] = CNOT 5 41
[2357] = Z 5
[2358] = CNOT 5 41
[2359] = CNOT 5 37
[2360] = CNOT 5 38
[2361] = CNOT 5 42
[2362] = Z 5
[2363] = CNOT 5 42
[2364] = CNOT 5 38
[2365] = CNOT 5 39
[2366] = CNOT 5 40
[2367] = Z 5
[2368] = CNOT 5 40
[2369] = CNOT 5 39
[2370] = CNOT 7 8
[2371] = CNOT 7 9
[2372] = S 7
[2373] = Z 7
[2374] = CNOT 7 9
[2375] = CNOT 7 11
[2376] = S 7
[2377] = Z 7
[2378] = CNOT 7 11
[2379] = CNOT 7 12
[2380] = S 7
[2381] = Z 7
[2382] = CNOT 7 12
[2383] = CNOT 7 15
[2384] = Z 7
[2385] = CNOT 7 15
[2386] = CNOT 7 37
[2387] = Z 7
[2388] = CNOT 7 37
[2389] = CNOT 7 39
[2390] = S 7
[2391] = Z 7
[2392] = CNOT 7 39
[2393] = CNOT 7 8
[2394] = CNOT 7 9
[2395] = CNOT 7 10
[2396] = S 7
[2397] = Z 7
[2398] = CNOT 7 10
[2399] = CNOT 7 15
[2400] = Z 7
[2401] = CNOT 7 15
[2402] = CNOT 7 37
[2403] = Z 7
[2404] = CNOT 7 37
[2405] = CNOT 7 39
[2406] = Z 7
[2407] = CNOT 7 39
[2408] = CNOT 7 40
[2409] = S 7
[2410] = Z 7
[2411] = CNOT 7 40
[2412] = CNOT 7 9
[2413] = CNOT 7 10
[2414] = CNOT 7 15
[2415] = S 7
[2416] = Z 7
[2417] = CNOT 7 15
[2418] = CNOT 7 37
[2419] = S 7
[2420] = Z 7
[2421] = CNOT 7 37
[2422] = CNOT 7 39
[2423] = S 7
[2424] = Z 7
[2425] = CNOT 7 39
[2426] = CNOT 7 40
[2427] = S 7
[2428] = Z 7
[2429] = CNOT 7 40
[2430] = CNOT 7 10
[2431] = CNOT 7 11
[2432] = CNOT 7 12
[2433] = S 7
[2434] = Z 7
[2435] = CNOT 7 12
[2436] = CNOT 7 15
[2437] = S 7
[2438] = Z 7
[2439] = CNOT 7 15
[2440] = CNOT 7 37
[2441] = S 7
[2442] = Z 7
[2443] = CNOT 7 37
[2444] = CNOT 7 11
[2445] = CNOT 7 12
[2446] = CNOT 7 15
[2447] = S 7
[2448] = Z 7
[2449] = CNOT 7 15
[2450] = CNOT 7 37
[2451] = S 7
[2452] = Z 7
[2453] = CNOT 7 12
[2454] = CNOT 7 15
[2455] = S 7
[2456] = CNOT 7 37
[2457] = CNOT 7 39
[2458] = Z 7
[2459] = CNOT 7 39
[2460] = CNOT 7 40
[2461] = S 7
[2462] = Z 7
[2463] = CNOT 7 40
[2464] = CNOT 7 15
[2465] = CNOT 7 37
[2466] = CNOT 7 39
[2467] = Z 7
[2468] = CNOT 7 39
[2469] = CNOT 7 40
[2470] = S 7
[2471] = Z 7
[2472] = CNOT 7 37
[2473] = CNOT 7 39
[2474] = S 7
[2475] = Z 7
[2476] = CNOT 7 40
[2477] = CNOT 7 39
[2478] = CNOT 8 9
[2479] = CNOT 8 10
[2480] = S 8
[2481] = Z 8
[2482] = CNOT 8 10
[2483] = CNOT 8 15
[2484] = Z 8
[2485] = CNOT 8 15
[2486] = CNOT 8 37
[2487] = Z 8
[2488] = CNOT 8 37
[2489] = CNOT 8 39
[2490] = Z 8
[2491] = CNOT 8 39
[2492] = CNOT 8 40
[2493] = S 8
[2494] = Z 8
[2495] = CNOT 8 40
[2496] = CNOT 8 9
[2497] = CNOT 8 10
[2498] = CNOT 8 15
[2499] = S 8
[2500] = Z 8
[2501] = CNOT 8 15
[2502] = CNOT 8 37
[2503] = S 8
[2504] = Z 8
[2505] = CNOT 8 37
[2506] = CNOT 8 39
[2507] = S 8
[2508] = Z 8
[2509] = CNOT 8 39
[2510] = CNOT 8 40
[2511] = S 8
[2512] = Z 8
[2513] = CNOT 8 40
[2514] = CNOT 8 10
[2515] = CNOT 8 11
[2516] = CNOT 8 12
[2517] = S 8
[2518] = Z 8
[2519] = CNOT 8 12
[2520] = CNOT 8 15
[2521] = S 8
[2522] = Z 8
[2523] = CNOT 8 15
[2524] = CNOT 8 37
[2525] = S 8
[2526] = Z 8
[2527] = CNOT 8 37
[2528] = CNOT 8 11
[2529] = CNOT 8 12
[2530] = CNOT 8 15
[2531] = S 8
[2532] = Z 8
[2533] = CNOT 8 15
[2534] = CNOT 8 37
[2535] = S 8
[2536] = Z 8
[2537] = CNOT 8 12
[2538] = CNOT 8 15
[2539] = S 8
[2540] = CNOT 8 37
[2541] = CNOT 8 39
[2542] = Z 8
[2543] = CNOT 8 39
[2544] = CNOT 8 40
[2545] = S 8
[2546] = Z 8
[2547] = CNOT 8 40
[2548] = CNOT 8 15
[2549] = CNOT 8 37
[2550] = CNOT 8 39
[2551] = Z 8
[2552] = CNOT 8 39
[2553] = CNOT 8 40
[2554] = S 8
[2555] = Z 8
[2556] = CNOT 8 37
[2557] = CNOT 8 39
[2558] = S 8
[2559] = Z 8
[2560] = CNOT 8 40
[2561] = CNOT 8 39
[2562] = CNOT 9 10
[2563] = CNOT 9 15
[2564] = Z 9
[2565] = CNOT 9 15
[2566] = CNOT 9 37
[2567] = Z 9
[2568] = CNOT 9 37
[2569] = CNOT 9 39
[2570] = Z 9
[2571] = CNOT 9 39
[2572] = CNOT 9 40
[2573] = Z 9
[2574] = CNOT 9 40
[2575] = CNOT 9 10
[2576] = CNOT 9 11
[2577] = CNOT 9 12
[2578] = S 9
[2579] = Z 9
[2580] = CNOT 9 12
[2581] = CNOT 9 13
[2582] = S 9
[2583] = Z 9
[2584] = CNOT 9 13
[2585] = CNOT 9 15
[2586] = Z 9
[2587] = CNOT 9 15
[2588] = CNOT 9 27
[2589] = S 9
[2590] = Z 9
[2591] = CNOT 9 27
[2592] = CNOT 9 34
[2593] = S 9
[2594] = Z 9
[2595] = CNOT 9 34
[2596] = CNOT 9 37
[2597] = Z 9
[2598] = CNOT 9 37
[2599] = CNOT 9 39
[2600] = Z 9
[2601] = CNOT 9 39
[2602] = CNOT 9 11
[2603] = CNOT 9 12
[2604] = CNOT 9 13
[2605] = S 9
[2606] = Z 9
[2607] = CNOT 9 13
[2608] = CNOT 9 15
[2609] = Z 9
[2610] = CNOT 9 15
[2611] = CNOT 9 27
[2612] = S 9
[2613] = Z 9
[2614] = CNOT 9 27
[2615] = CNOT 9 34
[2616] = S 9
[2617] = Z 9
[2618] = CNOT 9 34
[2619] = CNOT 9 37
[2620] = Z 9
[2621] = CNOT 9 37
[2622] = CNOT 9 39
[2623] = Z 9
[2624] = CNOT 9 39
[2625] = CNOT 9 12
[2626] = CNOT 9 13
[2627] = CNOT 9 15
[2628] = S 9
[2629] = CNOT 9 15
[2630] = CNOT 9 26
[2631] = S 9
[2632] = Z 9
[2633] = CNOT 9 26
[2634] = CNOT 9 27
[2635] = S 9
[2636] = Z 9
[2637] = CNOT 9 27
[2638] = CNOT 9 31
[2639] = S 9
[2640] = Z 9
[2641] = CNOT 9 31
[2642] = CNOT 9 34
[2643] = S 9
[2644] = CNOT 9 34
[2645] = CNOT 9 37
[2646] = S 9
[2647] = CNOT 9 37
[2648] = CNOT 9 39
[2649] = S 9
[2650] = CNOT 9 39
[2651] = CNOT 9 13
[2652] = CNOT 9 15
[2653] = CNOT 9 26
[2654] = Z 9
[2655] = CNOT 9 26
[2656] = CNOT 9 27
[2657] = Z 9
[2658] = CNOT 9 27
[2659] = CNOT 9 31
[2660] = Z 9
[2661] = CNOT 9 31
[2662] = CNOT 9 34
[2663] = S 9
[2664] = CNOT 9 34
[2665] = CNOT 9 37
[2666] = S 9
[2667] = Z 9
[2668] = CNOT 9 37
[2669] = CNOT 9 39
[2670] = S 9
[2671] = Z 9
[2672] = CNOT 9 39
[2673] = CNOT 9 40
[2674] = Z 9
[2675] = CNOT 9 40
[2676] = CNOT 9 15
[2677] = CNOT 9 26
[2678] = CNOT 9 31
[2679] = S 9
[2680] = Z 9
[2681] = CNOT 9 31
[2682] = CNOT 9 34
[2683] = S 9
[2684] = Z 9
[2685] = CNOT 9 34
[2686] = CNOT 9 37
[2687] = Z 9
[2688] = CNOT 9 37
[2689] = CNOT 9 39
[2690] = Z 9
[2691] = CNOT 9 39
[2692] = CNOT 9 26
[2693] = CNOT 9 27
[2694] = CNOT 9 34
[2695] = S 9
[2696] = Z 9
[2697] = CNOT 9 34
[2698] = CNOT 9 37
[2699] = Z 9
[2700] = CNOT 9 37
[2701] = CNOT 9 39
[2702] = Z 9
[2703] = CNOT 9 39
[2704] = CNOT 9 27
[2705] = CNOT 9 31
[2706] = CNOT 9 34
[2707] = S 9
[2708] = Z 9
[2709] = CNOT 9 34
[2710] = CNOT 9 37
[2711] = Z 9
[2712] = CNOT 9 37
[2713] = CNOT 9 39
[2714] = Z 9
[2715] = CNOT 9 39
[2716] = CNOT 9 31
[2717] = CNOT 9 34
[2718] = CNOT 9 37
[2719] = S 9
[2720] = CNOT 9 37
[2721] = CNOT 9 39
[2722] = S 9
[2723] = CNOT 9 34
[2724] = CNOT 9 37
[2725] = S 9
[2726] = Z 9
[2727] = CNOT 9 39
[2728] = CNOT 9 40
[2729] = Z 9
[2730] = CNOT 9 37
[2731] = CNOT 9 39
[2732] = Z 9
[2733] = CNOT 9 40
[2734] = CNOT 10 15
[2735] = CNOT 10 37
[2736] = Z 10
[2737] = CNOT 10 37
[2738] = CNOT 10 39
[2739] = Z 10
[2740] = CNOT 10 39
[2741] = CNOT 10 40
[2742] = Z 10
[2743] = CNOT 10 40
[2744] = CNOT 10 15
[2745] = CNOT 10 37
[2746] = CNOT 10 39
[2747] = Z 10
[2748] = CNOT 10 39
[2749] = CNOT 10 40
[2750] = Z 10
[2751] = CNOT 10 37
[2752] = CNOT 10 39
[2753] = Z 10
[2754] = CNOT 10 39
[2755] = CNOT 11 12
[2756] = CNOT 11 15
[2757] = Z 11
[2758] = CNOT 11 15
[2759] = CNOT 11 37
[2760] = Z 11
[2761] = CNOT 11 37
[2762] = CNOT 11 39
[2763] = S 11
[2764] = Z 11
[2765] = CNOT 11 39
[2766] = CNOT 11 12
[2767] = CNOT 11 13
[2768] = CNOT 11 15
[2769] = S 11
[2770] = Z 11
[2771] = CNOT 11 15
[2772] = CNOT 11 34
[2773] = S 11
[2774] = Z 11
[2775] = CNOT 11 34
[2776] = CNOT 11 37
[2777] = S 11
[2778] = Z 11
[2779] = CNOT 11 37
[2780] = CNOT 11 39
[2781] = S 11
[2782] = Z 11
[2783] = CNOT 11 39
[2784] = CNOT 11 13
[2785] = CNOT 11 15
[2786] = CNOT 11 27
[2787] = S 11
[2788] = Z 11
[2789] = CNOT 11 27
[2790] = CNOT 11 34
[2791] = S 11
[2792] = Z 11
[2793] = CNOT 11 34
[2794] = CNOT 11 37
[2795] = S 11
[2796] = CNOT 11 37
[2797] = CNOT 11 39
[2798] = Z 11
[2799] = CNOT 11 39
[2800] = CNOT 11 15
[2801] = CNOT 11 27
[2802] = CNOT 11 37
[2803] = S 11
[2804] = Z 11
[2805] = CNOT 11 37
[2806] = CNOT 11 39
[2807] = S 11
[2808] = Z 11
[2809] = CNOT 11 39
[2810] = CNOT 11 27
[2811] = CNOT 11 34
[2812] = CNOT 11 37
[2813] = S 11
[2814] = Z 11
[2815] = CNOT 11 37
[2816] = CNOT 11 39
[2817] = S 11
[2818] = Z 11
[2819] = CNOT 11 34
[2820] = CNOT 11 37
[2821] = Z 11
[2822] = CNOT 11 39
[2823] = CNOT 11 37
[2824] = CNOT 12 13
[2825] = CNOT 12 15
[2826] = S 12
[2827] = Z 12
[2828] = CNOT 12 15
[2829] = CNOT 12 34
[2830] = S 12
[2831] = Z 12
[2832] = CNOT 12 34
[2833] = CNOT 12 37
[2834] = S 12
[2835] = Z 12
[2836] = CNOT 12 37
[2837] = CNOT 12 39
[2838] = S 12
[2839] = Z 12
[2840] = CNOT 12 39
[2841] = CNOT 12 13
[2842] = CNOT 12 15
[2843] = CNOT 12 27
[2844] = S 12
[2845] = Z 12
[2846] = CNOT 12 27
[2847] = CNOT 12 34
[2848] = S 12
[2849] = Z 12
[2850] = CNOT 12 34
[2851] = CNOT 12 37
[2852] = S 12
[2853] = CNOT 12 37
[2854] = CNOT 12 39
[2855] = Z 12
[2856] = CNOT 12 39
[2857] = CNOT 12 15
[2858] = CNOT 12 27
[2859] = CNOT 12 37
[2860] = S 12
[2861] = Z 12
[2862] = CNOT 12 37
[2863] = CNOT 12 39
[2864] = S 12
[2865] = Z 12
[2866] = CNOT 12 39
[2867] = CNOT 12 27
[2868] = CNOT 12 34
[2869] = CNOT 12 37
[2870] = S 12
[2871] = Z 12
[2872] = CNOT 12 37
[2873] = CNOT 12 39
[2874] = S 12
[2875] = Z 12
[2876] = CNOT 12 34
[2877] = CNOT 12 37
[2878] = Z 12
[2879] = CNOT 12 39
[2880] = CNOT 12 37
[2881] = CNOT 13 15
[2882] = CNOT 13 26
[2883] = S 13
[2884] = Z 13
[2885] = CNOT 13 26
[2886] = CNOT 13 27
[2887] = S 13
[2888] = Z 13
[2889] = CNOT 13 27
[2890] = CNOT 13 31
[2891] = S 13
[2892] = Z 13
[2893] = CNOT 13 31
[2894] = CNOT 13 34
[2895] = S 13
[2896] = CNOT 13 34
[2897] = CNOT 13 37
[2898] = S 13
[2899] = CNOT 13 37
[2900] = CNOT 13 39
[2901] = S 13
[2902] = CNOT 13 39
[2903] = CNOT 13 15
[2904] = CNOT 13 26
[2905] = CNOT 13 34
[2906] = S 13
[2907] = Z 13
[2908] = CNOT 13 34
[2909] = CNOT 13 37
[2910] = S 13
[2911] = Z 13
[2912] = CNOT 13 37
[2913] = CNOT 13 39
[2914] = S 13
[2915] = Z 13
[2916] = CNOT 13 39
[2917] = CNOT 13 26
[2918] = CNOT 13 27
[2919] = CNOT 13 34
[2920] = S 13
[2921] = Z 13
[2922] = CNOT 13 34
[2923] = CNOT 13 37
[2924] = S 13
[2925] = Z 13
[2926] = CNOT 13 37
[2927] = CNOT 13 39
[2928] = S 13
[2929] = Z 13
[2930] = CNOT 13 39
[2931] = CNOT 13 27
[2932] = CNOT 13 31
[2933] = CNOT 13 34
[2934] = S 13
[2935] = Z 13
[2936] = CNOT 13 34
[2937] = CNOT 13 37
[2938] = S 13
[2939] = Z 13
[2940] = CNOT 13 37
[2941] = CNOT 13 39
[2942] = S 13
[2943] = Z 13
[2944] = CNOT 13 39
[2945] = CNOT 13 31
[2946] = CNOT 13 34
[2947] = CNOT 13 37
[2948] = S 13
[2949] = CNOT 13 37
[2950] = CNOT 13 39
[2951] = S 13
[2952] = CNOT 13 34
[2953] = CNOT 13 37
[2954] = S 13
[2955] = CNOT 13 39
[2956] = CNOT 13 37
[2957] = CNOT 14 15
[2958] = CNOT 14 16
[2959] = S 14
[2960] = Z 14
[2961] = CNOT 14 16
[2962] = CNOT 14 17
[2963] = Z 14
[2964] = CNOT 14 17
[2965] = CNOT 14 18
[2966] = S 14
[2967] = Z 14
[2968] = CNOT 14 18
[2969] = CNOT 14 19
[2970] = S 14
[2971] = Z 14
[2972] = CNOT 14 19
[2973] = CNOT 14 20
[2974] = Z 14
[2975] = CNOT 14 20
[2976] = CNOT 14 22
[2977] = S 14
[2978] = Z 14
[2979] = CNOT 14 22
[2980] = CNOT 14 23
[2981] = S 14
[2982] = CNOT 14 23
[2983] = CNOT 14 24
[2984] = S 14
[2985] = Z 14
[2986] = CNOT 14 24
[2987] = CNOT 14 28
[2988] = Z 14
[2989] = CNOT 14 28
[2990] = CNOT 14 30
[2991] = Z 14
[2992] = CNOT 14 30
[2993] = CNOT 14 33
[2994] = Z 14
[2995] = CNOT 14 33
[2996] = CNOT 14 35
[2997] = Z 14
[2998] = CNOT 14 35
[2999] = CNOT 14 38
[3000] = Z 14
[3001] = CNOT 14 38
[3002] = CNOT 14 41
[3003] = S 14
[3004] = Z 14
[3005] = CNOT 14 41
[3006] = CNOT 14 42
[3007] = Z 14
[3008] = CNOT 14 42
[3009] = CNOT 14 15
[3010] = CNOT 14 16
[3011] = CNOT 14 37
[3012] = S 14
[3013] = Z 14
[3014] = CNOT 14 37
[3015] = CNOT 14 41
[3016] = S 14
[3017] = Z 14
[3018] = CNOT 14 41
[3019] = CNOT 14 16
[3020] = CNOT 14 17
[3021] = CNOT 14 20
[3022] = Z 14
[3023] = CNOT 14 20
[3024] = CNOT 14 22
[3025] = S 14
[3026] = Z 14
[3027] = CNOT 14 22
[3028] = CNOT 14 23
[3029] = S 14
[3030] = CNOT 14 23
[3031] = CNOT 14 24
[3032] = S 14
[3033] = Z 14
[3034] = CNOT 14 24
[3035] = CNOT 14 28
[3036] = Z 14
[3037] = CNOT 14 28
[3038] = CNOT 14 30
[3039] = Z 14
[3040] = CNOT 14 30
[3041] = CNOT 14 33
[3042] = Z 14
[3043] = CNOT 14 33
[3044] = CNOT 14 35
[3045] = Z 14
[3046] = CNOT 14 35
[3047] = CNOT 14 37
[3048] = S 14
[3049] = CNOT 14 37
[3050] = CNOT 14 38
[3051] = Z 14
[3052] = CNOT 14 38
[3053] = CNOT 14 42
[3054] = S 14
[3055] = CNOT 14 42
[3056] = CNOT 14 17
[3057] = CNOT 14 18
[3058] = CNOT 14 19
[3059] = S 14
[3060] = Z 14
[3061] = CNOT 14 19
[3062] = CNOT 14 37
[3063] = S 14
[3064] = Z 14
[3065] = CNOT 14 18
[3066] = CNOT 14 19
[3067] = S 14
[3068] = Z 14
[3069] = CNOT 14 37
[3070] = CNOT 14 19
[3071] = CNOT 14 20
[3072] = CNOT 14 22
[3073] = S 14
[3074] = Z 14
[3075] = CNOT 14 22
[3076] = CNOT 14 23
[3077] = S 14
[3078] = Z 14
[3079] = CNOT 14 23
[3080] = CNOT 14 24
[3081] = Z 14
[3082] = CNOT 14 24
[3083] = CNOT 14 28
[3084] = S 14
[3085] = Z 14
[3086] = CNOT 14 28
[3087] = CNOT 14 35
[3088] = Z 14
[3089] = CNOT 14 35
[3090] = CNOT 14 37
[3091] = Z 14
[3092] = CNOT 14 37
[3093] = CNOT 14 42
[3094] = Z 14
[3095] = CNOT 14 42
[3096] = CNOT 14 20
[3097] = CNOT 14 22
[3098] = CNOT 14 23
[3099] = Z 14
[3100] = CNOT 14 23
[3101] = CNOT 14 24
[3102] = S 14
[3103] = CNOT 14 24
[3104] = CNOT 14 28
[3105] = S 14
[3106] = Z 14
[3107] = CNOT 14 28
[3108] = CNOT 14 30
[3109] = Z 14
[3110] = CNOT 14 30
[3111] = CNOT 14 32
[3112] = S 14
[3113] = CNOT 14 32
[3114] = CNOT 14 33
[3115] = Z 14
[3116] = CNOT 14 33
[3117] = CNOT 14 35
[3118] = S 14
[3119] = Z 14
[3120] = CNOT 14 35
[3121] = CNOT 14 37
[3122] = S 14
[3123] = Z 14
[3124] = CNOT 14 37
[3125] = CNOT 14 42
[3126] = S 14
[3127] = Z 14
[3128] = CNOT 14 42
[3129] = CNOT 14 22
[3130] = CNOT 14 23
[3131] = CNOT 14 24
[3132] = Z 14
[3133] = CNOT 14 24
[3134] = CNOT 14 28
[3135] = S 14
[3136] = Z 14
[3137] = CNOT 14 28
[3138] = CNOT 14 32
[3139] = S 14
[3140] = Z 14
[3141] = CNOT 14 32
[3142] = CNOT 14 35
[3143] = S 14
[3144] = Z 14
[3145] = CNOT 14 35
[3146] = CNOT 14 37
[3147] = S 14
[3148] = CNOT 14 37
[3149] = CNOT 14 42
[3150] = S 14
[3151] = CNOT 14 42
[3152] = CNOT 14 23
[3153] = CNOT 14 24
[3154] = CNOT 14 28
[3155] = Z 14
[3156] = CNOT 14 28
[3157] = CNOT 14 30
[3158] = S 14
[3159] = Z 14
[3160] = CNOT 14 30
[3161] = CNOT 14 32
[3162] = Z 14
[3163] = CNOT 14 32
[3164] = CNOT 14 33
[3165] = S 14
[3166] = Z 14
[3167] = CNOT 14 33
[3168] = CNOT 14 35
[3169] = Z 14
[3170] = CNOT 14 35
[3171] = CNOT 14 37
[3172] = S 14
[3173] = Z 14
[3174] = CNOT 14 37
[3175] = CNOT 14 42
[3176] = S 14
[3177] = Z 14
[3178] = CNOT 14 42
[3179] = CNOT 14 24
[3180] = CNOT 14 28
[3181] = CNOT 14 35
[3182] = S 14
[3183] = Z 14
[3184] = CNOT 14 35
[3185] = CNOT 14 37
[3186] = Z 14
[3187] = CNOT 14 37
[3188] = CNOT 14 42
[3189] = Z 14
[3190] = CNOT 14 42
[3191] = CNOT 14 28
[3192] = CNOT 14 30
[3193] = CNOT 14 32
[3194] = Z 14
[3195] = CNOT 14 32
[3196] = CNOT 14 33
[3197] = S 14
[3198] = Z 14
[3199] = CNOT 14 33
[3200] = CNOT 14 37
[3201] = Z 14
[3202] = CNOT 14 37
[3203] = CNOT 14 42
[3204] = Z 14
[3205] = CNOT 14 42
[3206] = CNOT 14 30
[3207] = CNOT 14 32
[3208] = CNOT 14 33
[3209] = Z 14
[3210] = CNOT 14 32
[3211] = CNOT 14 37
[3212] = Z 14
[3213] = CNOT 14 37
[3214] = CNOT 14 42
[3215] = Z 14
[3216] = CNOT 14 42
[3217] = CNOT 14 33
[3218] = CNOT 14 35
[3219] = CNOT 14 37
[3220] = Z 14
[3221] = CNOT 14 37
[3222] = CNOT 14 42
[3223] = Z 14
[3224] = CNOT 14 42
[3225] = CNOT 14 35
[3226] = CNOT 14 37
[3227] = CNOT 14 38
[3228] = Z 14
[3229] = CNOT 14 38
[3230] = CNOT 14 41
[3231] = S 14
[3232] = Z 14
[3233] = CNOT 14 41
[3234] = CNOT 14 42
[3235] = S 14
[3236] = CNOT 14 37
[3237] = CNOT 14 38
[3238] = Z 14
[3239] = CNOT 14 42
[3240] = CNOT 14 38
[3241] = CNOT 15 16
[3242] = CNOT 15 37
[3243] = S 15
[3244] = Z 15
[3245] = CNOT 15 37
[3246] = CNOT 15 41
[3247] = S 15
[3248] = Z 15
[3249] = CNOT 15 41
[3250] = CNOT 15 16
[3251] = CNOT 15 17
[3252] = CNOT 15 20
[3253] = Z 15
[3254] = CNOT 15 20
[3255] = CNOT 15 22
[3256] = S 15
[3257] = Z 15
[3258] = CNOT 15 22
[3259] = CNOT 15 23
[3260] = S 15
[3261] = CNOT 15 23
[3262] = CNOT 15 24
[3263] = S 15
[3264] = Z 15
[3265] = CNOT 15 24
[3266] = CNOT 15 28
[3267] = Z 15
[3268] = CNOT 15 28
[3269] = CNOT 15 30
[3270] = Z 15
[3271] = CNOT 15 30
[3272] = CNOT 15 33
[3273] = Z 15
[3274] = CNOT 15 33
[3275] = CNOT 15 35
[3276] = Z 15
[3277] = CNOT 15 35
[3278] = CNOT 15 37
[3279] = S 15
[3280] = CNOT 15 37
[3281] = CNOT 15 38
[3282] = Z 15
[3283] = CNOT 15 38
[3284] = CNOT 15 42
[3285] = S 15
[3286] = CNOT 15 42
[3287] = CNOT 15 17
[3288] = CNOT 15 18
[3289] = CNOT 15 19
[3290] = S 15
[3291] = Z 15
[3292] = CNOT 15 19
[3293] = CNOT 15 37
[3294] = S 15
[3295] = Z 15
[3296] = CNOT 15 18
[3297] = CNOT 15 19
[3298] = S 15
[3299] = Z 15
[3300] = CNOT 15 37
[3301] = CNOT 15 19
[3302] = CNOT 15 20
[3303] = CNOT 15 22
[3304] = S 15
[3305] = Z 15
[3306] = CNOT 15 22
[3307] = CNOT 15 23
[3308] = S 15
[3309] = Z 15
[3310] = CNOT 15 23
[3311] = CNOT 15 24
[3312] = Z 15
[3313] = CNOT 15 24
[3314] = CNOT 15 28
[3315] = S 15
[3316] = Z 15
[3317] = CNOT 15 28
[3318] = CNOT 15 35
[3319] = Z 15
[3320] = CNOT 15 35
[3321] = CNOT 15 37
[3322] = Z 15
[3323] = CNOT 15 37
[3324] = CNOT 15 42
[3325] = Z 15
[3326] = CNOT 15 42
[3327] = CNOT 15 20
[3328] = CNOT 15 22
[3329] = CNOT 15 23
[3330] = Z 15
[3331] = CNOT 15 23
[3332] = CNOT 15 24
[3333] = S 15
[3334] = CNOT 15 24
[3335] = CNOT 15 28
[3336] = S 15
[3337] = Z 15
[3338] = CNOT 15 28
[3339] = CNOT 15 30
[3340] = Z 15
[3341] = CNOT 15 30
[3342] = CNOT 15 32
[3343] = S 15
[3344] = CNOT 15 32
[3345] = CNOT 15 33
[3346] = Z 15
[3347] = CNOT 15 33
[3348] = CNOT 15 35
[3349] = S 15
[3350] = Z 15
[3351] = CNOT 15 35
[3352] = CNOT 15 37
[3353] = S 15
[3354] = Z 15
[3355] = CNOT 15 37
[3356] = CNOT 15 42
[3357] = S 15
[3358] = Z 15
[3359] = CNOT 15 42
[3360] = CNOT 15 22
[3361] = CNOT 15 23
[3362] = CNOT 15 24
[3363] = Z 15
[3364] = CNOT 15 24
[3365] = CNOT 15 28
[3366] = S 15
[3367] = Z 15
[3368] = CNOT 15 28
[3369] = CNOT 15 32
[3370] = S 15
[3371] = Z 15
[3372] = CNOT 15 32
[3373] = CNOT 15 35
[3374] = S 15
[3375] = Z 15
[3376] = CNOT 15 35
[3377] = CNOT 15 37
[3378] = S 15
[3379] = CNOT 15 37
[3380] = CNOT 15 42
[3381] = S 15
[3382] = CNOT 15 42
[3383] = CNOT 15 23
[3384] = CNOT 15 24
[3385] = CNOT 15 28
[3386] = Z 15
[3387] = CNOT 15 28
[3388] = CNOT 15 30
[3389] = S 15
[3390] = Z 15
[3391] = CNOT 15 30
[3392] = CNOT 15 32
[3393] = Z 15
[3394] = CNOT 15 32
[3395] = CNOT 15 33
[3396] = S 15
[3397] = Z 15
[3398] = CNOT 15 33
[3399] = CNOT 15 35
[3400] = Z 15
[3401] = CNOT 15 35
[3402] = CNOT 15 37
[3403] = S 15
[3404] = Z 15
[3405] = CNOT 15 37
[3406] = CNOT 15 42
[3407] = S 15
[3408] = Z 15
[3409] = CNOT 15 42
[3410] = CNOT 15 24
[3411] = CNOT 15 26
[3412] = CNOT 15 31
[3413] = S 15
[3414] = Z 15
[3415] = CNOT 15 31
[3416] = CNOT 15 34
[3417] = S 15
[3418] = Z 15
[3419] = CNOT 15 34
[3420] = CNOT 15 37
[3421] = Z 15
[3422] = CNOT 15 37
[3423] = CNOT 15 39
[3424] = Z 15
[3425] = CNOT 15 39
[3426] = CNOT 15 26
[3427] = CNOT 15 27
[3428] = CNOT 15 34
[3429] = S 15
[3430] = Z 15
[3431] = CNOT 15 34
[3432] = CNOT 15 37
[3433] = Z 15
[3434] = CNOT 15 37
[3435] = CNOT 15 39
[3436] = Z 15
[3437] = CNOT 15 39
[3438] = CNOT 15 27
[3439] = CNOT 15 28
[3440] = CNOT 15 35
[3441] = S 15
[3442] = Z 15
[3443] = CNOT 15 35
[3444] = CNOT 15 37
[3445] = Z 15
[3446] = CNOT 15 37
[3447] = CNOT 15 42
[3448] = Z 15
[3449] = CNOT 15 42
[3450] = CNOT 15 28
[3451] = CNOT 15 30
[3452] = CNOT 15 32
[3453] = Z 15
[3454] = CNOT 15 32
[3455] = CNOT 15 33
[3456] = S 15
[3457] = Z 15
[3458] = CNOT 15 33
[3459] = CNOT 15 37
[3460] = Z 15
[3461] = CNOT 15 37
[3462] = CNOT 15 42
[3463] = Z 15
[3464] = CNOT 15 42
[3465] = CNOT 15 30
[3466] = CNOT 15 31
[3467] = CNOT 15 34
[3468] = S 15
[3469] = Z 15
[3470] = CNOT 15 34
[3471] = CNOT 15 37
[3472] = Z 15
[3473] = CNOT 15 37
[3474] = CNOT 15 39
[3475] = Z 15
[3476] = CNOT 15 39
[3477] = CNOT 15 31
[3478] = CNOT 15 32
[3479] = CNOT 15 33
[3480] = Z 15
[3481] = CNOT 15 32
[3482] = CNOT 15 37
[3483] = Z 15
[3484] = CNOT 15 37
[3485] = CNOT 15 42
[3486] = Z 15
[3487] = CNOT 15 42
[3488] = CNOT 15 33
[3489] = CNOT 15 34
[3490] = CNOT 15 37
[3491] = S 15
[3492] = CNOT 15 37
[3493] = CNOT 15 39
[3494] = S 15
[3495] = CNOT 15 39
[3496] = CNOT 15 34
[3497] = CNOT 15 35
[3498] = CNOT 15 37
[3499] = Z 15
[3500] = CNOT 15 37
[3501] = CNOT 15 42
[3502] = Z 15
[3503] = CNOT 15 42
[3504] = CNOT 15 35
[3505] = CNOT 15 37
[3506] = CNOT 15 38
[3507] = Z 15
[3508] = CNOT 15 38
[3509] = CNOT 15 39
[3510] = S 15
[3511] = Z 15
[3512] = CNOT 15 39
[3513] = CNOT 15 40
[3514] = Z 15
[3515] = CNOT 15 40
[3516] = CNOT 15 41
[3517] = S 15
[3518] = Z 15
[3519] = CNOT 15 41
[3520] = CNOT 15 42
[3521] = S 15
[3522] = CNOT 15 37
[3523] = CNOT 15 38
[3524] = Z 15
[3525] = CNOT 15 42
[3526] = CNOT 15 38
[3527] = CNOT 15 39
[3528] = CNOT 15 40
[3529] = Z 15
[3530] = CNOT 15 40
[3531] = CNOT 15 39
[3532] = CNOT 16 18
[3533] = CNOT 16 19
[3534] = S 16
[3535] = Z 16
[3536] = CNOT 16 19
[3537] = CNOT 16 37
[3538] = S 16
[3539] = Z 16
[3540] = CNOT 16 37
[3541] = CNOT 16 41
[3542] = S 16
[3543] = Z 16
[3544] = CNOT 16 41
[3545] = CNOT 16 18
[3546] = CNOT 16 19
[3547] = CNOT 16 37
[3548] = S 16
[3549] = Z 16
[3550] = CNOT 16 37
[3551] = CNOT 16 41
[3552] = S 16
[3553] = Z 16
[3554] = CNOT 16 19
[3555] = CNOT 16 37
[3556] = Z 16
[3557] = CNOT 16 37
[3558] = CNOT 17 20
[3559] = CNOT 17 22
[3560] = S 17
[3561] = Z 17
[3562] = CNOT 17 22
[3563] = CNOT 17 23
[3564] = S 17
[3565] = Z 17
[3566] = CNOT 17 23
[3567] = CNOT 17 24
[3568] = Z 17
[3569] = CNOT 17 24
[3570] = CNOT 17 28
[3571] = S 17
[3572] = Z 17
[3573] = CNOT 17 28
[3574] = CNOT 17 35
[3575] = Z 17
[3576] = CNOT 17 35
[3577] = CNOT 17 37
[3578] = Z 17
[3579] = CNOT 17 37
[3580] = CNOT 17 42
[3581] = Z 17
[3582] = CNOT 17 42
[3583] = CNOT 17 20
[3584] = CNOT 17 22
[3585] = CNOT 17 23
[3586] = Z 17
[3587] = CNOT 17 23
[3588] = CNOT 17 24
[3589] = S 17
[3590] = CNOT 17 24
[3591] = CNOT 17 28
[3592] = S 17
[3593] = Z 17
[3594] = CNOT 17 28
[3595] = CNOT 17 30
[3596] = Z 17
[3597] = CNOT 17 30
[3598] = CNOT 17 32
[3599] = S 17
[3600] = CNOT 17 32
[3601] = CNOT 17 33
[3602] = Z 17
[3603] = CNOT 17 33
[3604] = CNOT 17 35
[3605] = S 17
[3606] = Z 17
[3607] = CNOT 17 35
[3608] = CNOT 17 37
[3609] = S 17
[3610] = Z 17
[3611] = CNOT 17 37
[3612] = CNOT 17 42
[3613] = S 17
[3614] = Z 17
[3615] = CNOT 17 42
[3616] = CNOT 17 22
[3617] = CNOT 17 23
[3618] = CNOT 17 24
[3619] = Z 17
[3620] = CNOT 17 24
[3621] = CNOT 17 28
[3622] = S 17
[3623] = Z 17
[3624] = CNOT 17 28
[3625] = CNOT 17 32
[3626] = S 17
[3627] = Z 17
[3628] = CNOT 17 32
[3629] = CNOT 17 35
[3630] = S 17
[3631] = Z 17
[3632] = CNOT 17 35
[3633] = CNOT 17 37
[3634] = S 17
[3635] = CNOT 17 37
[3636] = CNOT 17 42
[3637] = S 17
[3638] = CNOT 17 42
[3639] = CNOT 17 23
[3640] = CNOT 17 24
[3641] = CNOT 17 28
[3642] = Z 17
[3643] = CNOT 17 28
[3644] = CNOT 17 30
[3645] = S 17
[3646] = Z 17
[3647] = CNOT 17 30
[3648] = CNOT 17 32
[3649] = Z 17
[3650] = CNOT 17 32
[3651] = CNOT 17 33
[3652] = S 17
[3653] = Z 17
[3654] = CNOT 17 33
[3655] = CNOT 17 35
[3656] = Z 17
[3657] = CNOT 17 35
[3658] = CNOT 17 37
[3659] = S 17
[3660] = Z 17
[3661] = CNOT 17 37
[3662] = CNOT 17 42
[3663] = S 17
[3664] = Z 17
[3665] = CNOT 17 42
[3666] = CNOT 17 24
[3667] = CNOT 17 28
[3668] = CNOT 17 35
[3669] = S 17
[3670] = Z 17
[3671] = CNOT 17 35
[3672] = CNOT 17 37
[3673] = Z 17
[3674] = CNOT 17 37
[3675] = CNOT 17 42
[3676] = Z 17
[3677] = CNOT 17 42
[3678] = CNOT 17 28
[3679] = CNOT 17 30
[3680] = CNOT 17 32
[3681] = Z 17
[3682] = CNOT 17 32
[3683] = CNOT 17 33
[3684] = S 17
[3685] = Z 17
[3686] = CNOT 17 33
[3687] = CNOT 17 37
[3688] = Z 17
[3689] = CNOT 17 37
[3690] = CNOT 17 42
[3691] = Z 17
[3692] = CNOT 17 42
[3693] = CNOT 17 30
[3694] = CNOT 17 32
[3695] = CNOT 17 33
[3696] = Z 17
[3697] = CNOT 17 32
[3698] = CNOT 17 37
[3699] = Z 17
[3700] = CNOT 17 37
[3701] = CNOT 17 42
[3702] = Z 17
[3703] = CNOT 17 42
[3704] = CNOT 17 33
[3705] = CNOT 17 35
[3706] = CNOT 17 37
[3707] = Z 17
[3708] = CNOT 17 37
[3709] = CNOT 17 42
[3710] = Z 17
[3711] = CNOT 17 42
[3712] = CNOT 17 35
[3713] = CNOT 17 37
[3714] = CNOT 17 38
[3715] = Z 17
[3716] = CNOT 17 37
[3717] = CNOT 17 42
[3718] = Z 17
[3719] = CNOT 17 38
[3720] = CNOT 18 19
[3721] = CNOT 18 37
[3722] = Z 18
[3723] = CNOT 18 37
[3724] = CNOT 18 41
[3725] = S 18
[3726] = Z 18
[3727] = CNOT 18 41
[3728] = CNOT 18 19
[3729] = CNOT 18 21
[3730] = CNOT 18 36
[3731] = S 18
[3732] = Z 18
[3733] = CNOT 18 36
[3734] = CNOT 18 37
[3735] = S 18
[3736] = Z 18
[3737] = CNOT 18 21
[3738] = CNOT 18 29
[3739] = S 18
[3740] = Z 18
[3741] = CNOT 18 29
[3742] = CNOT 18 36
[3743] = S 18
[3744] = Z 18
[3745] = CNOT 18 36
[3746] = CNOT 18 41
[3747] = S 18
[3748] = Z 18
[3749] = CNOT 18 41
[3750] = CNOT 18 37
[3751] = CNOT 19 21
[3752] = CNOT 19 36
[3753] = S 19
[3754] = Z 19
[3755] = CNOT 19 36
[3756] = CNOT 19 37
[3757] = S 19
[3758] = Z 19
[3759] = CNOT 19 21
[3760] = CNOT 19 29
[3761] = S 19
[3762] = Z 19
[3763] = CNOT 19 29
[3764] = CNOT 19 36
[3765] = S 19
[3766] = Z 19
[3767] = CNOT 19 36
[3768] = CNOT 19 41
[3769] = S 19
[3770] = Z 19
[3771] = CNOT 19 41
[3772] = CNOT 19 37
[3773] = CNOT 20 22
[3774] = CNOT 20 23
[3775] = S 20
[3776] = Z 20
[3777] = CNOT 20 23
[3778] = CNOT 20 24
[3779] = S 20
[3780] = Z 20
[3781] = CNOT 20 24
[3782] = CNOT 20 35
[3783] = S 20
[3784] = Z 20
[3785] = CNOT 20 35
[3786] = CNOT 20 37
[3787] = S 20
[3788] = Z 20
[3789] = CNOT 20 37
[3790] = CNOT 20 42
[3791] = S 20
[3792] = Z 20
[3793] = CNOT 20 42
[3794] = CNOT 20 22
[3795] = CNOT 20 23
[3796] = CNOT 20 24
[3797] = S 20
[3798] = Z 20
[3799] = CNOT 20 24
[3800] = CNOT 20 35
[3801] = S 20
[3802] = Z 20
[3803] = CNOT 20 35
[3804] = CNOT 20 37
[3805] = S 20
[3806] = Z 20
[3807] = CNOT 20 37
[3808] = CNOT 20 42
[3809] = S 20
[3810] = Z 20
[3811] = CNOT 20 42
[3812] = CNOT 20 23
[3813] = CNOT 20 24
[3814] = CNOT 20 28
[3815] = S 20
[3816] = Z 20
[3817] = CNOT 20 28
[3818] = CNOT 20 35
[3819] = Z 20
[3820] = CNOT 20 35
[3821] = CNOT 20 37
[3822] = Z 20
[3823] = CNOT 20 37
[3824] = CNOT 20 42
[3825] = Z 20
[3826] = CNOT 20 42
[3827] = CNOT 20 24
[3828] = CNOT 20 28
[3829] = CNOT 20 35
[3830] = S 20
[3831] = Z 20
[3832] = CNOT 20 35
[3833] = CNOT 20 37
[3834] = S 20
[3835] = Z 20
[3836] = CNOT 20 37
[3837] = CNOT 20 42
[3838] = S 20
[3839] = Z 20
[3840] = CNOT 20 42
[3841] = CNOT 20 28
[3842] = CNOT 20 35
[3843] = CNOT 20 37
[3844] = Z 20
[3845] = CNOT 20 37
[3846] = CNOT 20 42
[3847] = Z 20
[3848] = CNOT 20 35
[3849] = CNOT 20 37
[3850] = Z 20
[3851] = CNOT 20 42
[3852] = CNOT 20 37
[3853] = CNOT 21 29
[3854] = CNOT 21 36
[3855] = S 21
[3856] = Z 21
[3857] = CNOT 21 36
[3858] = CNOT 21 37
[3859] = S 21
[3860] = Z 21
[3861] = CNOT 21 29
[3862] = CNOT 21 36
[3863] = Z 21
[3864] = CNOT 21 37
[3865] = CNOT 22 23
[3866] = CNOT 22 24
[3867] = S 22
[3868] = Z 22
[3869] = CNOT 22 24
[3870] = CNOT 22 28
[3871] = S 22
[3872] = Z 22
[3873] = CNOT 22 28
[3874] = CNOT 22 35
[3875] = S 22
[3876] = Z 22
[3877] = CNOT 22 35
[3878] = CNOT 22 37
[3879] = Z 22
[3880] = CNOT 22 37
[3881] = CNOT 22 42
[3882] = Z 22
[3883] = CNOT 22 42
[3884] = CNOT 22 23
[3885] = CNOT 22 24
[3886] = CNOT 22 28
[3887] = S 22
[3888] = Z 22
[3889] = CNOT 22 28
[3890] = CNOT 22 30
[3891] = S 22
[3892] = Z 22
[3893] = CNOT 22 30
[3894] = CNOT 22 32
[3895] = S 22
[3896] = Z 22
[3897] = CNOT 22 32
[3898] = CNOT 22 33
[3899] = S 22
[3900] = Z 22
[3901] = CNOT 22 33
[3902] = CNOT 22 35
[3903] = S 22
[3904] = Z 22
[3905] = CNOT 22 35
[3906] = CNOT 22 37
[3907] = S 22
[3908] = CNOT 22 37
[3909] = CNOT 22 42
[3910] = S 22
[3911] = CNOT 22 42
[3912] = CNOT 22 24
[3913] = CNOT 22 28
[3914] = CNOT 22 37
[3915] = S 22
[3916] = Z 22
[3917] = CNOT 22 37
[3918] = CNOT 22 42
[3919] = S 22
[3920] = Z 22
[3921] = CNOT 22 42
[3922] = CNOT 22 28
[3923] = CNOT 22 30
[3924] = CNOT 22 32
[3925] = Z 22
[3926] = CNOT 22 32
[3927] = CNOT 22 33
[3928] = S 22
[3929] = Z 22
[3930] = CNOT 22 33
[3931] = CNOT 22 37
[3932] = Z 22
[3933] = CNOT 22 37
[3934] = CNOT 22 42
[3935] = Z 22
[3936] = CNOT 22 42
[3937] = CNOT 22 30
[3938] = CNOT 22 32
[3939] = CNOT 22 33
[3940] = Z 22
[3941] = CNOT 22 33
[3942] = CNOT 22 37
[3943] = S 22
[3944] = CNOT 22 37
[3945] = CNOT 22 42
[3946] = S 22
[3947] = CNOT 22 42
[3948] = CNOT 22 32
[3949] = CNOT 22 33
[3950] = CNOT 22 37
[3951] = Z 22
[3952] = CNOT 22 37
[3953] = CNOT 22 42
[3954] = Z 22
[3955] = CNOT 22 42
[3956] = CNOT 22 33
[3957] = CNOT 22 35
[3958] = CNOT 22 37
[3959] = S 22
[3960] = Z 22
[3961] = CNOT 22 37
[3962] = CNOT 22 42
[3963] = S 22
[3964] = Z 22
[3965] = CNOT 22 35
[3966] = CNOT 22 37
[3967] = S 22
[3968] = Z 22
[3969] = CNOT 22 42
[3970] = CNOT 22 37
[3971] = CNOT 23 24
[3972] = CNOT 23 28
[3973] = S 23
[3974] = Z 23
[3975] = CNOT 23 28
[3976] = CNOT 23 35
[3977] = S 23
[3978] = Z 23
[3979] = CNOT 23 35
[3980] = CNOT 23 37
[3981] = Z 23
[3982] = CNOT 23 37
[3983] = CNOT 23 42
[3984] = Z 23
[3985] = CNOT 23 42
[3986] = CNOT 23 24
[3987] = CNOT 23 28
[3988] = CNOT 23 37
[3989] = S 23
[3990] = Z 23
[3991] = CNOT 23 37
[3992] = CNOT 23 42
[3993] = S 23
[3994] = Z 23
[3995] = CNOT 23 42
[3996] = CNOT 23 28
[3997] = CNOT 23 32
[3998] = CNOT 23 37
[3999] = S 23
[4000] = Z 23
[4001] = CNOT 23 37
[4002] = CNOT 23 42
[4003] = S 23
[4004] = Z 23
[4005] = CNOT 23 42
[4006] = CNOT 23 32
[4007] = CNOT 23 35
[4008] = CNOT 23 37
[4009] = S 23
[4010] = Z 23
[4011] = CNOT 23 37
[4012] = CNOT 23 42
[4013] = S 23
[4014] = Z 23
[4015] = CNOT 23 35
[4016] = CNOT 23 37
[4017] = S 23
[4018] = CNOT 23 42
[4019] = CNOT 23 37
[4020] = CNOT 24 28
[4021] = CNOT 24 35
[4022] = S 24
[4023] = Z 24
[4024] = CNOT 24 35
[4025] = CNOT 24 37
[4026] = Z 24
[4027] = CNOT 24 37
[4028] = CNOT 24 42
[4029] = Z 24
[4030] = CNOT 24 42
[4031] = CNOT 24 28
[4032] = CNOT 24 30
[4033] = CNOT 24 32
[4034] = S 24
[4035] = Z 24
[4036] = CNOT 24 32
[4037] = CNOT 24 37
[4038] = S 24
[4039] = Z 24
[4040] = CNOT 24 37
[4041] = CNOT 24 42
[4042] = S 24
[4043] = Z 24
[4044] = CNOT 24 42
[4045] = CNOT 24 30
[4046] = CNOT 24 32
[4047] = CNOT 24 33
[4048] = S 24
[4049] = Z 24
[4050] = CNOT 24 33
[4051] = CNOT 24 37
[4052] = Z 24
[4053] = CNOT 24 37
[4054] = CNOT 24 42
[4055] = Z 24
[4056] = CNOT 24 42
[4057] = CNOT 24 32
[4058] = CNOT 24 33
[4059] = CNOT 24 37
[4060] = S 24
[4061] = Z 24
[4062] = CNOT 24 37
[4063] = CNOT 24 42
[4064] = S 24
[4065] = Z 24
[4066] = CNOT 24 42
[4067] = CNOT 24 33
[4068] = CNOT 24 35
[4069] = CNOT 24 37
[4070] = Z 24
[4071] = CNOT 24 37
[4072] = CNOT 24 42
[4073] = Z 24
[4074] = CNOT 24 35
[4075] = CNOT 24 37
[4076] = S 24
[4077] = Z 24
[4078] = CNOT 24 42
[4079] = CNOT 24 37
[4080] = CNOT 26 31
[4081] = CNOT 26 37
[4082] = S 26
[4083] = Z 26
[4084] = CNOT 26 37
[4085] = CNOT 26 39
[4086] = S 26
[4087] = Z 26
[4088] = CNOT 26 39
[4089] = CNOT 26 31
[4090] = CNOT 26 34
[4091] = CNOT 26 37
[4092] = S 26
[4093] = Z 26
[4094] = CNOT 26 37
[4095] = CNOT 26 39
[4096] = S 26
[4097] = Z 26
[4098] = CNOT 26 34
[4099] = CNOT 26 37
[4100] = Z 26
[4101] = CNOT 26 37
[4102] = CNOT 27 34
[4103] = CNOT 27 37
[4104] = S 27
[4105] = Z 27
[4106] = CNOT 27 37
[4107] = CNOT 27 39
[4108] = S 27
[4109] = Z 27
[4110] = CNOT 27 34
[4111] = CNOT 27 37
[4112] = Z 27
[4113] = CNOT 27 39
[4114] = CNOT 27 37
[4115] = CNOT 28 35
[4116] = CNOT 28 37
[4117] = S 28
[4118] = Z 28
[4119] = CNOT 28 37
[4120] = CNOT 28 42
[4121] = S 28
[4122] = Z 28
[4123] = CNOT 28 35
[4124] = CNOT 28 37
[4125] = Z 28
[4126] = CNOT 28 42
[4127] = CNOT 28 37
[4128] = CNOT 29 36
[4129] = CNOT 29 37
[4130] = S 29
[4131] = Z 29
[4132] = CNOT 29 37
[4133] = CNOT 29 36
[4134] = CNOT 30 32
[4135] = CNOT 30 33
[4136] = S 30
[4137] = Z 30
[4138] = CNOT 30 33
[4139] = CNOT 30 37
[4140] = Z 30
[4141] = CNOT 30 37
[4142] = CNOT 30 42
[4143] = Z 30
[4144] = CNOT 30 42
[4145] = CNOT 30 32
[4146] = CNOT 30 33
[4147] = CNOT 30 37
[4148] = S 30
[4149] = Z 30
[4150] = CNOT 30 37
[4151] = CNOT 30 42
[4152] = S 30
[4153] = Z 30
[4154] = CNOT 30 33
[4155] = CNOT 30 37
[4156] = Z 30
[4157] = CNOT 30 42
[4158] = CNOT 30 37
[4159] = CNOT 31 34
[4160] = CNOT 31 37
[4161] = S 31
[4162] = Z 31
[4163] = CNOT 31 37
[4164] = CNOT 31 39
[4165] = S 31
[4166] = Z 31
[4167] = CNOT 31 34
[4168] = CNOT 31 37
[4169] = Z 31
[4170] = CNOT 31 39
[4171] = CNOT 31 37
[4172] = CNOT 32 33
[4173] = CNOT 32 37
[4174] = Z 32
[4175] = CNOT 32 37
[4176] = CNOT 32 42
[4177] = Z 32
[4178] = CNOT 32 42
[4179] = CNOT 32 33
[4180] = CNOT 33 37
[4181] = CNOT 33 42
[4182] = Z 33
[4183] = CNOT 33 42
[4184] = CNOT 33 37
[4185] = CNOT 34 37
[4186] = CNOT 34 39
[4187] = S 34
[4188] = CNOT 34 39
[4189] = CNOT 34 37
[4190] = CNOT 35 37
[4191] = CNOT 35 42
[4192] = Z 35
[4193] = CNOT 35 42
[4194] = CNOT 35 37
[4195] = CNOT 37 38
[4196] = CNOT 37 42
[4197] = Z 37
[4198] = CNOT 37 42
[4199] = CNOT 37 38
[4200] = CNOT 37 39
[4201] = CNOT 37 40
[4202] = Z 37
[4203] = CNOT 37 40
[4204] = CNOT 37 39
[4205] = CNOT 29 42
[4206] = CNOT 28 41
[4207] = CNOT 27 40
[4208] = CNOT 25 38
[4209] = CNOT 31 37
[4210] = CNOT 6 37
[4211] = CNOT 32 36
[4212] = CNOT 30 35
[4213] = CNOT 20 35
[4214] = CNOT 33 34
[4215] = CNOT 13 34
[4216] = CNOT 34 33
[4217] = CNOT 33 34
[4218] = CNOT 36 32
[4219] = CNOT 32 36
[4220] = CNOT 37 31
[4221] = CNOT 31 37
[4222] = CNOT 35 30
[4223] = CNOT 30 35
[4224] = CNOT 42 29
[4225] = CNOT 29 42
[4226] = CNOT 41 28
[4227] = CNOT 28 41
[4228] = CNOT 40 27
[4229] = CNOT 27 40
[4230] = CNOT 39 26
[4231] = CNOT 26 39
[4232] = CNOT 38 25
[4233] = CNOT 25 38
[4234] = CNOT 32 21
[4235] = CNOT 21 32
[4236] = CNOT 30 20
[4237] = CNOT 20 30
[4238] = CNOT 29 17
[4239] = CNOT 17 29
[4240] = CNOT 28 16
[4241] = CNOT 16 28
[4242] = CNOT 33 13
[4243] = CNOT 13 33
[4244] = CNOT 27 10
[4245] = CNOT 10 27
[4246] = CNOT 26 9
[4247] = CNOT 9 26
[4248] = CNOT 31 6
[4249] = CNOT 6 31
[4250] = CNOT 25 3
[4251] = CNOT 3 25
[4252] = H 25
[4253] = M 25
[4254] = H 26
[4255] = M 26
[4256] = H 27
[4257] = M 27
[4258] = H 28
[4259] = M 28
[4260] = H 29
[4261] = M 29
[4262] = H 30
[4263] = M 30
[4264] = H 31
[4265] = M 31
[4266] = H 32
[4267] = M 32
[4268] = H 33
[4269] = M 33
[4270] = H 34
[4271] = M 34
[4272] = H 35
[4273] = M 35
[4274] = H 36
[4275] = M 36
[4276] = H 37
[4277] = M 37
[4278] = H 38
[4279] = M 38
[4280] = H 39
[4281] = M 39
[4282] = H 40
[4283] = M 40
[4284] = H 41
[4285] = M 41
[4286] = H 42
[4287] = M 42
[4288] = H 21
[4289] = H 20
[4290] = H 17
[4291] = H 16
[4292] = H 13
[4293] = H 10
[4294] = H 9
[4295] = H 6
[4296] = H 3
[4297] = H 24
Gate distributions:
Input:
Operator distribution:
Total number of qubits = 24
Number of `data' qubits = 24
Number of `Toff_n' ancillas = 0
Number of Hadamard ancillas = 0
Hadamard ancilla cap = infinite
Number of {CNOT,T} partitions = 1
T count = 203
Cost estimation = 101551
	id	Count
	0	0
	1	0
	2	0
	3	39
	4	12
	5	0
	6	0
	7	0
	8	0
	9	0
	10	29
	11	0
	12	0
	13	0
	14	0
	15	0
	16	0
	17	0
	18	0
Output:
Operator distribution:
Total number of qubits = 42
Number of `data' qubits = 24
Number of `Toff_n' ancillas = 0
Number of Hadamard ancillas = 18
Hadamard ancilla cap = infinite
Number of {CNOT,T} partitions = 1
T count = 64
Cost estimation = 36243
	id	Count
	0	0
	1	0
	2	0
	3	55
	4	2698
	5	64
	6	0
	7	0
	8	0
	9	0
	10	0
	11	608
	12	0
	13	855
	14	0
	15	0
	16	0
	17	0
	18	18
Output T Count (SQC_Circuit) = 64
Output T Count (PhasePolynomial) = 64
Fail count = 0

Execution time: 18.1954s
Number of LCL errors: 0
Number of LCL warnings: 0
