========================================
 Three-Algorithm Comparison
 Circuits: 19
 Algos:    todd_exp_packedlocal_diff_1110 todd_exp_1110 lx2_dynamic_repair_chi_packed_aa
 Total:    57 runs
========================================

=== barenco_tof_3.tfc ===
  todd_exp_packedlocal_diff_1110 ... T: 28 -> 14  (.004s)
  todd_exp_1110 ... T: 28 -> 14  (.005s)
  lx2_dynamic_repair_chi_packed_aa ... T: 28 -> 14  (.003s)

=== barenco_tof_4.tfc ===
  todd_exp_packedlocal_diff_1110 ... T: 56 -> 24  (.053s)
  todd_exp_1110 ... T: 56 -> 24  (.076s)
  lx2_dynamic_repair_chi_packed_aa ... T: 56 -> 24  (.043s)

=== barenco_tof_5.tfc ===
  todd_exp_packedlocal_diff_1110 ... T: 84 -> 34  (.291s)
  todd_exp_1110 ... T: 84 -> 34  (.442s)
  lx2_dynamic_repair_chi_packed_aa ... T: 84 -> 34  (.213s)

=== barenco_tof_10.tfc ===
  todd_exp_packedlocal_diff_1110 ... T: 224 -> 84  (29.446s)
  todd_exp_1110 ... T: 224 -> 84  (27.552s)
  lx2_dynamic_repair_chi_packed_aa ... T: 224 -> 84  (11.577s)

=== gf2^4_mult.tfc ===
  todd_exp_packedlocal_diff_1110 ... T: 112 -> 54  (.529s)
  todd_exp_1110 ... T: 112 -> 54  (.610s)
  lx2_dynamic_repair_chi_packed_aa ... T: 112 -> 54  (.415s)

=== gf2^5_mult.tfc ===
  todd_exp_packedlocal_diff_1110 ... T: 175 -> 88  (4.164s)
  todd_exp_1110 ... T: 175 -> 86  (5.464s)
  lx2_dynamic_repair_chi_packed_aa ... T: 175 -> 88  (3.226s)

=== ham15-med.tfc ===
  todd_exp_packedlocal_diff_1110 ... T: 574 -> 163  (3286.026s)
  todd_exp_1110 ... T: 574 -> 167  (2862.969s)
  lx2_dynamic_repair_chi_packed_aa ... T: 574 -> 163  (1573.106s)

=== hwb6.tfc ===
  todd_exp_packedlocal_diff_1110 ... T: 105 -> 52  (2.316s)
  todd_exp_1110 ... T: 105 -> 53  (3.239s)
  lx2_dynamic_repair_chi_packed_aa ... T: 105 -> 52  (2.026s)

=== mod5_4.tfc ===
  todd_exp_packedlocal_diff_1110 ... T: 28 -> 16  (.006s)
  todd_exp_1110 ... T: 28 -> 16  (.012s)
  lx2_dynamic_repair_chi_packed_aa ... T: 28 -> 16  (.004s)

=== mod_mult_55.tfc ===
  todd_exp_packedlocal_diff_1110 ... T: 49 -> 17  (.040s)
  todd_exp_1110 ... T: 49 -> 18  (.053s)
  lx2_dynamic_repair_chi_packed_aa ... T: 49 -> 17  (.023s)

=== mod_red_21.tfc ===
  todd_exp_packedlocal_diff_1110 ... T: 119 -> 52  (2.278s)
  todd_exp_1110 ... T: 119 -> 54  (3.211s)
  lx2_dynamic_repair_chi_packed_aa ... T: 119 -> 52  (1.598s)

=== qcla_com_7.tfc ===
  todd_exp_packedlocal_diff_1110 ... T: 203 -> 62  (9.025s)
  todd_exp_1110 ... T: 203 -> 62  (13.137s)
  lx2_dynamic_repair_chi_packed_aa ... T: 203 -> 62  (5.965s)

=== qft_4.tfc ===
  todd_exp_packedlocal_diff_1110 ... T: 14 -> 12  (.002s)
  todd_exp_1110 ... T: 14 -> 12  (.003s)
  lx2_dynamic_repair_chi_packed_aa ... T: 14 -> 12  (.001s)

=== rc_adder_6.tfc ===
  todd_exp_packedlocal_diff_1110 ... T: 77 -> 38  (1.300s)
  todd_exp_1110 ... T: 77 -> 38  (1.432s)
  lx2_dynamic_repair_chi_packed_aa ... T: 77 -> 38  (.637s)

=== tof_3.tfc ===
  todd_exp_packedlocal_diff_1110 ... T: 21 -> 13  (.002s)
  todd_exp_1110 ... T: 21 -> 13  (.003s)
  lx2_dynamic_repair_chi_packed_aa ... T: 21 -> 13  (.002s)

=== tof_4.tfc ===
  todd_exp_packedlocal_diff_1110 ... T: 35 -> 19  (.014s)
  todd_exp_1110 ... T: 35 -> 19  (.018s)
  lx2_dynamic_repair_chi_packed_aa ... T: 35 -> 19  (.014s)

=== tof_5.tfc ===
  todd_exp_packedlocal_diff_1110 ... T: 49 -> 25  (.074s)
  todd_exp_1110 ... T: 49 -> 25  (.068s)
  lx2_dynamic_repair_chi_packed_aa ... T: 49 -> 25  (.033s)

=== tof_10.tfc ===
  todd_exp_packedlocal_diff_1110 ... T: 119 -> 55  (2.619s)
  todd_exp_1110 ... T: 119 -> 55  (4.218s)
  lx2_dynamic_repair_chi_packed_aa ... T: 119 -> 55  (1.750s)

=== vbe_adder_3.tfc ===
  todd_exp_packedlocal_diff_1110 ... T: 70 -> 19  (.033s)
  todd_exp_1110 ... T: 70 -> 19  (.036s)
  lx2_dynamic_repair_chi_packed_aa ... T: 70 -> 19  (.027s)

========================================
Done! Results: /home/ryo-mtmt/TOpt/forme/results_compare_three_20260430_041727
CSV: /home/ryo-mtmt/TOpt/forme/results_compare_three_20260430_041727/summary.csv
========================================
