========================================
 Three-Algorithm Comparison
 Circuits: 19
 Algos:    todd_exp_packedlocal_diff_1110 todd_exp_1110 lx2_dynamic_repair_chi_packed_aa
 Total:    57 runs
========================================

=== barenco_tof_3.tfc ===
  todd_exp_packedlocal_diff_1110 ... T: 28 -> 14  (.003s)
  todd_exp_1110 ... T: 28 -> 14  (.005s)
  lx2_dynamic_repair_chi_packed_aa ... T: 28 -> 14  (.003s)

=== barenco_tof_4.tfc ===
  todd_exp_packedlocal_diff_1110 ... T: 56 -> 24  (.053s)
  todd_exp_1110 ... T: 56 -> 24  (.075s)
  lx2_dynamic_repair_chi_packed_aa ... T: 56 -> 24  (.043s)

=== barenco_tof_5.tfc ===
  todd_exp_packedlocal_diff_1110 ... T: 84 -> 34  (.291s)
  todd_exp_1110 ... T: 84 -> 34  (.375s)
  lx2_dynamic_repair_chi_packed_aa ... T: 84 -> 34  (.132s)

=== barenco_tof_10.tfc ===
  todd_exp_packedlocal_diff_1110 ... T: 224 -> 84  (26.247s)
  todd_exp_1110 ... T: 224 -> 84  (27.371s)
  lx2_dynamic_repair_chi_packed_aa ... T: 224 -> 84  (11.486s)

=== gf2^4_mult.tfc ===
  todd_exp_packedlocal_diff_1110 ... T: 112 -> 54  (.516s)
  todd_exp_1110 ... T: 112 -> 54  (.633s)
  lx2_dynamic_repair_chi_packed_aa ... T: 112 -> 54  (.251s)

=== gf2^5_mult.tfc ===
  todd_exp_packedlocal_diff_1110 ... T: 175 -> 88  (4.062s)
  todd_exp_1110 ... T: 175 -> 86  (5.636s)
  lx2_dynamic_repair_chi_packed_aa ... T: 175 -> 88  (3.044s)

=== ham15-med.tfc ===
  todd_exp_packedlocal_diff_1110 ... T: 574 -> 163  (3478.363s)
  todd_exp_1110 ... T: 574 -> 167  (2872.298s)
  lx2_dynamic_repair_chi_packed_aa ... T: 574 -> 163  (1610.307s)

=== hwb6.tfc ===
  todd_exp_packedlocal_diff_1110 ... T: 105 -> 52  (2.594s)
  todd_exp_1110 ... T: 105 -> 53  (3.468s)
  lx2_dynamic_repair_chi_packed_aa ... T: 105 -> 52  (1.822s)

=== mod5_4.tfc ===
  todd_exp_packedlocal_diff_1110 ... T: 28 -> 16  (.006s)
  todd_exp_1110 ... T: 28 -> 16  (.007s)
  lx2_dynamic_repair_chi_packed_aa ... T: 28 -> 16  (.004s)

=== mod_mult_55.tfc ===
  todd_exp_packedlocal_diff_1110 ... T: 49 -> 17  (.030s)
  todd_exp_1110 ... T: 49 -> 18  (.053s)
  lx2_dynamic_repair_chi_packed_aa ... T: 49 -> 17  (.023s)

=== mod_red_21.tfc ===
  todd_exp_packedlocal_diff_1110 ... T: 119 -> 52  (1.962s)
  todd_exp_1110 ... T: 119 -> 54  (3.077s)
  lx2_dynamic_repair_chi_packed_aa ... T: 119 -> 52  (1.599s)

=== qcla_com_7.tfc ===
  todd_exp_packedlocal_diff_1110 ... T: 203 -> 62  (9.374s)
  todd_exp_1110 ... T: 203 -> 62  (13.172s)
  lx2_dynamic_repair_chi_packed_aa ... T: 203 -> 62  (5.892s)

=== qft_4.tfc ===
  todd_exp_packedlocal_diff_1110 ... T: 14 -> 12  (.002s)
  todd_exp_1110 ... T: 14 -> 12  (.003s)
  lx2_dynamic_repair_chi_packed_aa ... T: 14 -> 12  (.001s)

=== rc_adder_6.tfc ===
  todd_exp_packedlocal_diff_1110 ... T: 77 -> 38  (1.327s)
  todd_exp_1110 ... T: 77 -> 38  (1.431s)
  lx2_dynamic_repair_chi_packed_aa ... T: 77 -> 38  (1.094s)

=== tof_3.tfc ===
  todd_exp_packedlocal_diff_1110 ... T: 21 -> 13  (.002s)
  todd_exp_1110 ... T: 21 -> 13  (.003s)
  lx2_dynamic_repair_chi_packed_aa ... T: 21 -> 13  (.002s)

=== tof_4.tfc ===
  todd_exp_packedlocal_diff_1110 ... T: 35 -> 19  (.017s)
  todd_exp_1110 ... T: 35 -> 19  (.025s)
  lx2_dynamic_repair_chi_packed_aa ... T: 35 -> 19  (.014s)

=== tof_5.tfc ===
  todd_exp_packedlocal_diff_1110 ... T: 49 -> 25  (.050s)
  todd_exp_1110 ... T: 49 -> 25  (.068s)
  lx2_dynamic_repair_chi_packed_aa ... T: 49 -> 25  (.057s)

=== tof_10.tfc ===
  todd_exp_packedlocal_diff_1110 ... T: 119 -> 55  (2.552s)
  todd_exp_1110 ... T: 119 -> 55  (3.949s)
  lx2_dynamic_repair_chi_packed_aa ... T: 119 -> 55  (1.864s)

=== vbe_adder_3.tfc ===
  todd_exp_packedlocal_diff_1110 ... T: 70 -> 19  (.026s)
  todd_exp_1110 ... T: 70 -> 19  (.051s)
  lx2_dynamic_repair_chi_packed_aa ... T: 70 -> 19  (.021s)

========================================
Done! Results: /home/ryo-mtmt/TOpt/forme/results_compare_three_20260430_112532
CSV: /home/ryo-mtmt/TOpt/forme/results_compare_three_20260430_112532/summary.csv
========================================
