========================================
 Three-Algorithm Comparison
 Circuits: 19
 Algos:    todd_exp_packedlocal_diff_1110 todd_exp_1110 lx2_dynamic_repair_chi_packed_aa
 Total:    57 runs
========================================

=== barenco_tof_3.tfc ===
  todd_exp_packedlocal_diff_1110 ... T: 28 -> 14  (.003s)
  todd_exp_1110 ... T: 28 -> 14  (.003s)
  lx2_dynamic_repair_chi_packed_aa ... T: 28 -> 14  (.002s)

=== barenco_tof_4.tfc ===
  todd_exp_packedlocal_diff_1110 ... T: 56 -> 24  (.054s)
  todd_exp_1110 ... T: 56 -> 24  (.052s)
  lx2_dynamic_repair_chi_packed_aa ... T: 56 -> 24  (.045s)

=== barenco_tof_5.tfc ===
  todd_exp_packedlocal_diff_1110 ... T: 84 -> 34  (.178s)
  todd_exp_1110 ... T: 84 -> 34  (.264s)
  lx2_dynamic_repair_chi_packed_aa ... T: 84 -> 34  (.215s)

=== barenco_tof_10.tfc ===
  todd_exp_packedlocal_diff_1110 ... T: 224 -> 84  (27.059s)
  todd_exp_1110 ... T: 224 -> 84  (27.400s)
  lx2_dynamic_repair_chi_packed_aa ... T: 224 -> 84  (11.530s)

=== gf2^4_mult.tfc ===
  todd_exp_packedlocal_diff_1110 ... T: 112 -> 54  (.436s)
  todd_exp_1110 ... T: 112 -> 54  (1.042s)
  lx2_dynamic_repair_chi_packed_aa ... T: 112 -> 54  (.415s)

=== gf2^5_mult.tfc ===
  todd_exp_packedlocal_diff_1110 ... T: 175 -> 88  (4.405s)
  todd_exp_1110 ... T: 175 -> 86  (5.965s)
  lx2_dynamic_repair_chi_packed_aa ... T: 175 -> 88  (3.165s)

=== ham15-med.tfc ===
  todd_exp_packedlocal_diff_1110 ... T: 574 -> 163  (3256.147s)
  todd_exp_1110 ... T: 574 -> 167  (2868.827s)
  lx2_dynamic_repair_chi_packed_aa ... T: 574 -> 163  (1576.552s)

=== hwb6.tfc ===
  todd_exp_packedlocal_diff_1110 ... T: 105 -> 52  (2.283s)
  todd_exp_1110 ... T: 105 -> 53  (3.262s)
  lx2_dynamic_repair_chi_packed_aa ... T: 105 -> 52  (1.859s)

=== mod5_4.tfc ===
  todd_exp_packedlocal_diff_1110 ... T: 28 -> 16  (.006s)
  todd_exp_1110 ... T: 28 -> 16  (.008s)
  lx2_dynamic_repair_chi_packed_aa ... T: 28 -> 16  (.004s)

=== mod_mult_55.tfc ===
  todd_exp_packedlocal_diff_1110 ... T: 49 -> 17  (.040s)
  todd_exp_1110 ... T: 49 -> 18  (.038s)
  lx2_dynamic_repair_chi_packed_aa ... T: 49 -> 17  (.023s)

=== mod_red_21.tfc ===
  todd_exp_packedlocal_diff_1110 ... T: 119 -> 52  (2.585s)
  todd_exp_1110 ... T: 119 -> 54  (2.871s)
  lx2_dynamic_repair_chi_packed_aa ... T: 119 -> 52  (1.859s)

=== qcla_com_7.tfc ===
  todd_exp_packedlocal_diff_1110 ... T: 203 -> 62  (9.190s)
  todd_exp_1110 ... T: 203 -> 62  (13.219s)
  lx2_dynamic_repair_chi_packed_aa ... T: 203 -> 62  (5.903s)

=== qft_4.tfc ===
  todd_exp_packedlocal_diff_1110 ... T: 14 -> 12  (.002s)
  todd_exp_1110 ... T: 14 -> 12  (.003s)
  lx2_dynamic_repair_chi_packed_aa ... T: 14 -> 12  (.001s)

=== rc_adder_6.tfc ===
  todd_exp_packedlocal_diff_1110 ... T: 77 -> 38  (1.090s)
  todd_exp_1110 ... T: 77 -> 38  (1.581s)
  lx2_dynamic_repair_chi_packed_aa ... T: 77 -> 38  (1.115s)

=== tof_3.tfc ===
  todd_exp_packedlocal_diff_1110 ... T: 21 -> 13  (.002s)
  todd_exp_1110 ... T: 21 -> 13  (.003s)
  lx2_dynamic_repair_chi_packed_aa ... T: 21 -> 13  (.002s)

=== tof_4.tfc ===
  todd_exp_packedlocal_diff_1110 ... T: 35 -> 19  (.017s)
  todd_exp_1110 ... T: 35 -> 19  (.024s)
  lx2_dynamic_repair_chi_packed_aa ... T: 35 -> 19  (.014s)

=== tof_5.tfc ===
  todd_exp_packedlocal_diff_1110 ... T: 49 -> 25  (.074s)
  todd_exp_1110 ... T: 49 -> 25  (.067s)
  lx2_dynamic_repair_chi_packed_aa ... T: 49 -> 25  (.041s)

=== tof_10.tfc ===
  todd_exp_packedlocal_diff_1110 ... T: 119 -> 55  (2.431s)
  todd_exp_1110 ... T: 119 -> 55  (4.595s)
  lx2_dynamic_repair_chi_packed_aa ... T: 119 -> 55  (2.084s)

=== vbe_adder_3.tfc ===
  todd_exp_packedlocal_diff_1110 ... T: 70 -> 19  (.026s)
  todd_exp_1110 ... T: 70 -> 19  (.036s)
  lx2_dynamic_repair_chi_packed_aa ... T: 70 -> 19  (.028s)

========================================
Done! Results: /home/ryo-mtmt/TOpt/forme/results_compare_three_20260430_221207
CSV: /home/ryo-mtmt/TOpt/forme/results_compare_three_20260430_221207/summary.csv
========================================
