Optimize a Clifford + T circuit.
Input filename = /home/ryo-mtmt/TOpt/forme/tpar_benchmark/barenco_tof_10.tfc
Number of unknown gates = 0
Number of unknown qubit labels = 0
Circuit filename: /home/ryo-mtmt/TOpt/forme/tpar_benchmark/barenco_tof_10.tfc

n 19
n_x 19
n_y 0
n_z 0
m 101
[0] = H 19
[1] = CCZ 10 18 19
[2] = H 18
[3] = CCZ 9 17 18
[4] = H 17
[5] = CCZ 8 16 17
[6] = H 16
[7] = CCZ 7 15 16
[8] = H 15
[9] = CCZ 6 14 15
[10] = H 14
[11] = CCZ 5 13 14
[12] = H 13
[13] = CCZ 4 12 13
[14] = H 12
[15] = CCZ 3 11 12
[16] = H 11
[17] = CCZ 1 2 11
[18] = H 11
[19] = CCZ 3 11 12
[20] = H 12
[21] = CCZ 4 12 13
[22] = H 13
[23] = CCZ 5 13 14
[24] = H 14
[25] = CCZ 6 14 15
[26] = H 15
[27] = CCZ 7 15 16
[28] = H 16
[29] = CCZ 8 16 17
[30] = H 17
[31] = CCZ 9 17 18
[32] = H 18
[33] = CCZ 10 18 19
[34] = H 19
[35] = H 18
[36] = CCZ 9 17 18
[37] = H 17
[38] = CCZ 8 16 17
[39] = H 16
[40] = CCZ 7 15 16
[41] = H 15
[42] = CCZ 6 14 15
[43] = H 14
[44] = CCZ 5 13 14
[45] = H 13
[46] = CCZ 4 12 13
[47] = H 12
[48] = CCZ 3 11 12
[49] = H 11
[50] = CCZ 1 2 11
[51] = H 11
[52] = CCZ 3 11 12
[53] = H 12
[54] = CCZ 4 12 13
[55] = H 13
[56] = CCZ 5 13 14
[57] = H 14
[58] = CCZ 6 14 15
[59] = H 15
[60] = CCZ 7 15 16
[61] = H 16
[62] = CCZ 8 16 17
[63] = H 17
[64] = CCZ 9 17 18
[65] = H 18

Algorithm used: todd_exp_packedlocal_diff_1111_p15

UniversalOptimize begin.
	Gate synthesis begin.
A_BMS
BMSparse object. Dims: 50x100
3598 3398 3397 3396 1996 896 1094 293 2592 292 1691 1690 1689 889 1688 888 3687 3287 3286 786 4782 682 4781 3781 2779 2579 2778 2578 4676 4675 4674 1171 371 370 3869 3069 784 3868 3068 4780 2467 2466 366 4865 4864 764 4863 1092 3662 762 3874 1561 2060 1560 1559 328 1988 1217 1170 1427 2316 3399 3142 1426 625 4029 232 2645 4550 2644 4549 1093 3663 322 3875 4132 1425 1806 4910 1354 408 3131 2124 1353 320 417 2472 416 3686 2915 4783 2470 414 1705 1704 624 905 4334 576 3403 4422 3908 3285 2257 2084 4911 2126 1355 3402 2909 2315 2829 2058 1801 1218 574 3401 568 4423 3909 1216 4137 1804 2318 902 2908 4333 3511 1095 1352 3510 4677 4420 1706 4421 4548 4020 1707 904 3731 898 4239 556 812 4241 900 138 3948 2085 4912 4913 3599 2314 1800 2828 1558 4028 630 3730 4238 4332 278 4133 680 4021 2736 450 234 2647 4335 1172 144 4862 236 2594 4136 2737 1424 139 3949 2867 40 4240 642 2142 2914 2143 3400 3143 1997 2254 44 38 552 1173 145 3130 46 2646 3780 4551 1990 1219 448 2252 2866 810 553 3284 2256 3056 3057 758 759 

[Experimental TODD PackedLocal + ChiDiff] Flags - Packed: 1, AA Table: 1, Memo: 1, Sketch: 1 (percent=15)
--- Round 0 | Current Columns: 100 ---
  [HIT!] Pair(73,95) Dist=2 | 100 -> 98 columns
Round 0 Finished in 94 ms.
--- Round 1 | Current Columns: 98 ---
  [HIT!] Pair(19,55) Dist=2 | 98 -> 96 columns
Round 1 Finished in 87 ms.
--- Round 2 | Current Columns: 96 ---
  [HIT!] Pair(27,61) Dist=2 | 96 -> 94 columns
Round 2 Finished in 89 ms.
--- Round 3 | Current Columns: 94 ---
  [HIT!] Pair(7,91) Dist=2 | 94 -> 92 columns
Round 3 Finished in 89 ms.
--- Round 4 | Current Columns: 92 ---
  [HIT!] Pair(35,47) Dist=2 | 92 -> 90 columns
Round 4 Finished in 220 ms.
--- Round 5 | Current Columns: 90 ---
  [SKETCH HIT!] Pair(65,77) Dist=2 | 90 -> 88 columns
Round 5 Finished in 251 ms.
--- Round 6 | Current Columns: 88 ---
  [SKETCH HIT!] Pair(7,13) Dist=3 | 88 -> 86 columns
Round 6 Finished in 446 ms.
--- Round 7 | Current Columns: 86 ---
  [HIT!] Pair(17,65) Dist=4 | 86 -> 84 columns
Round 7 Finished in 344 ms.
--- Round 8 | Current Columns: 84 ---
Round 8 Finished in 8505 ms.

=== Optimization Summary ===
Algorithm       : LempelX2_M4RI_Experimental_PackedLocal_ChiDiff
Initial T-count : 100
Final T-count   : 84
Total Reduced   : 16 gates
Execution Time  : 10147 ms
Chi calculation : 1849.83 ms
AA Table calc   : 0.431 ms
Nullspace calc  : 520.83 ms
Pairs tested    : 4756
Memo x hits     : 755
Avg affected    : 26837.5
Full NS empty   : 0
Sketch mode     : percent(15)
Sketch attempts : 4572
Sketch skipped  : 0
Sketch rejected : 4279
Sketch rank rej : 0
Sketch pair rej : 4279
Sketch passed   : 293
Sketch rows avg : 6296.89
Sketch y vectors: 25764
Sketch pair y   : 630
Sketch y full ok: 2
Sketch y full ng: 628
Sketch y reduced: 2
Sketch y no red : 0
Full NS skipped : 4281
Full NS computed: 291
Sketch time     : 7743.95 ms
============================
		TODD executed in 10.1288 seconds.
		Total time: 10.1369s
	Gate synthesis end.
	Total time: 23.0294s
UniversalOptimize end.
Output circuit:
n 50
n_x 19
n_y 0
n_z 31
m 3801
[0] = H 19
[1] = H 20
[2] = H 21
[3] = H 22
[4] = H 23
[5] = H 24
[6] = H 25
[7] = H 26
[8] = H 27
[9] = H 28
[10] = H 29
[11] = H 30
[12] = H 31
[13] = H 32
[14] = H 33
[15] = H 34
[16] = H 35
[17] = H 36
[18] = H 37
[19] = H 38
[20] = H 39
[21] = H 40
[22] = H 41
[23] = H 42
[24] = H 43
[25] = H 44
[26] = H 45
[27] = H 46
[28] = H 47
[29] = H 48
[30] = H 49
[31] = H 50
[32] = CNOT 5 9
[33] = CNOT 5 10
[34] = CNOT 5 14
[35] = CNOT 5 18
[36] = CNOT 5 19
[37] = CNOT 5 35
[38] = T 5
[39] = CNOT 5 10
[40] = T 5
[41] = CNOT 5 19
[42] = CNOT 5 10
[43] = T 5
[44] = CNOT 5 10
[45] = T 5
[46] = CNOT 5 35
[47] = CNOT 5 18
[48] = CNOT 5 10
[49] = CNOT 5 19
[50] = T 5
[51] = CNOT 5 19
[52] = T 5
[53] = CNOT 5 10
[54] = CNOT 5 19
[55] = T 5
[56] = CNOT 5 19
[57] = CNOT 5 9
[58] = CNOT 33 37
[59] = CNOT 33 47
[60] = CNOT 33 49
[61] = T 33
[62] = CNOT 33 49
[63] = CNOT 33 47
[64] = CNOT 33 37
[65] = CNOT 5 13
[66] = CNOT 5 30
[67] = CNOT 5 40
[68] = T 5
[69] = CNOT 5 40
[70] = CNOT 5 30
[71] = CNOT 5 13
[72] = CNOT 13 14
[73] = CNOT 13 30
[74] = CNOT 13 40
[75] = T 13
[76] = CNOT 13 40
[77] = CNOT 13 30
[78] = CNOT 13 14
[79] = CNOT 5 17
[80] = CNOT 5 36
[81] = CNOT 5 50
[82] = T 5
[83] = CNOT 5 9
[84] = T 5
[85] = CNOT 5 36
[86] = CNOT 5 9
[87] = T 5
[88] = CNOT 5 50
[89] = CNOT 5 17
[90] = CNOT 8 33
[91] = CNOT 8 37
[92] = CNOT 8 47
[93] = CNOT 8 49
[94] = T 8
[95] = CNOT 8 37
[96] = CNOT 8 33
[97] = CNOT 5 13
[98] = CNOT 5 24
[99] = CNOT 5 30
[100] = T 5
[101] = CNOT 5 30
[102] = CNOT 5 13
[103] = CNOT 13 14
[104] = CNOT 13 24
[105] = CNOT 13 30
[106] = T 13
[107] = CNOT 13 30
[108] = CNOT 13 24
[109] = CNOT 13 14
[110] = T 5
[111] = S 5
[112] = Z 5
[113] = CNOT 5 24
[114] = CNOT 5 14
[115] = CNOT 21 33
[116] = CNOT 21 47
[117] = CNOT 21 49
[118] = T 21
[119] = CNOT 21 49
[120] = CNOT 21 47
[121] = CNOT 21 33
[122] = CNOT 14 24
[123] = T 14
[124] = Z 14
[125] = CNOT 14 24
[126] = CNOT 5 9
[127] = CNOT 5 14
[128] = CNOT 5 17
[129] = CNOT 5 20
[130] = CNOT 5 34
[131] = T 5
[132] = CNOT 5 34
[133] = CNOT 5 20
[134] = CNOT 5 17
[135] = CNOT 5 14
[136] = CNOT 5 9
[137] = CNOT 3 4
[138] = CNOT 3 5
[139] = CNOT 3 9
[140] = CNOT 3 12
[141] = CNOT 3 14
[142] = CNOT 3 17
[143] = CNOT 3 41
[144] = CNOT 3 45
[145] = CNOT 3 50
[146] = T 3
[147] = CNOT 3 4
[148] = T 3
[149] = CNOT 3 41
[150] = CNOT 3 4
[151] = T 3
[152] = CNOT 3 4
[153] = T 3
[154] = CNOT 3 45
[155] = CNOT 3 5
[156] = CNOT 7 16
[157] = CNOT 7 22
[158] = CNOT 7 47
[159] = CNOT 7 49
[160] = T 7
[161] = CNOT 7 22
[162] = T 7
[163] = CNOT 7 16
[164] = CNOT 16 22
[165] = CNOT 16 47
[166] = CNOT 16 49
[167] = T 16
[168] = CNOT 16 49
[169] = CNOT 16 47
[170] = CNOT 16 22
[171] = CNOT 5 14
[172] = CNOT 5 17
[173] = CNOT 5 34
[174] = CNOT 5 36
[175] = T 5
[176] = CNOT 5 36
[177] = CNOT 5 34
[178] = CNOT 5 17
[179] = CNOT 5 14
[180] = CNOT 3 4
[181] = CNOT 3 5
[182] = CNOT 3 29
[183] = CNOT 3 41
[184] = T 3
[185] = CNOT 3 4
[186] = T 3
[187] = CNOT 3 41
[188] = CNOT 3 29
[189] = CNOT 3 12
[190] = CNOT 3 5
[191] = CNOT 7 15
[192] = CNOT 7 16
[193] = CNOT 7 32
[194] = CNOT 7 38
[195] = T 7
[196] = CNOT 7 38
[197] = CNOT 7 15
[198] = CNOT 15 16
[199] = CNOT 15 32
[200] = CNOT 15 38
[201] = CNOT 15 47
[202] = CNOT 15 49
[203] = T 15
[204] = CNOT 15 49
[205] = CNOT 15 47
[206] = CNOT 15 38
[207] = CNOT 15 32
[208] = CNOT 15 16
[209] = CNOT 5 9
[210] = CNOT 5 11
[211] = CNOT 5 14
[212] = CNOT 5 17
[213] = CNOT 5 42
[214] = CNOT 5 44
[215] = CNOT 5 50
[216] = T 5
[217] = CNOT 5 50
[218] = CNOT 5 44
[219] = CNOT 5 42
[220] = CNOT 5 17
[221] = CNOT 5 14
[222] = CNOT 5 11
[223] = CNOT 5 9
[224] = CNOT 3 5
[225] = CNOT 3 11
[226] = CNOT 3 42
[227] = CNOT 3 44
[228] = T 3
[229] = CNOT 3 44
[230] = CNOT 3 5
[231] = CNOT 5 9
[232] = CNOT 5 11
[233] = CNOT 5 14
[234] = CNOT 5 17
[235] = CNOT 5 44
[236] = CNOT 5 50
[237] = T 5
[238] = CNOT 5 44
[239] = CNOT 5 11
[240] = CNOT 5 26
[241] = T 5
[242] = CNOT 5 26
[243] = CNOT 5 11
[244] = CNOT 5 28
[245] = CNOT 5 42
[246] = T 5
[247] = CNOT 5 50
[248] = CNOT 5 42
[249] = CNOT 5 28
[250] = CNOT 5 17
[251] = CNOT 5 14
[252] = CNOT 5 11
[253] = CNOT 5 9
[254] = CNOT 3 5
[255] = CNOT 3 28
[256] = T 3
[257] = CNOT 3 50
[258] = CNOT 3 42
[259] = CNOT 3 28
[260] = CNOT 3 17
[261] = CNOT 3 14
[262] = CNOT 3 11
[263] = CNOT 3 9
[264] = CNOT 3 5
[265] = CNOT 1 2
[266] = CNOT 1 3
[267] = CNOT 1 5
[268] = CNOT 1 9
[269] = CNOT 1 11
[270] = CNOT 1 14
[271] = CNOT 1 17
[272] = CNOT 1 27
[273] = CNOT 1 43
[274] = CNOT 1 44
[275] = CNOT 1 50
[276] = T 1
[277] = CNOT 1 2
[278] = CNOT 2 3
[279] = CNOT 2 5
[280] = CNOT 2 9
[281] = CNOT 2 11
[282] = CNOT 2 14
[283] = CNOT 2 17
[284] = CNOT 2 27
[285] = CNOT 2 43
[286] = CNOT 2 44
[287] = CNOT 2 50
[288] = T 2
[289] = CNOT 2 50
[290] = CNOT 2 44
[291] = CNOT 2 43
[292] = CNOT 2 27
[293] = CNOT 2 17
[294] = CNOT 2 14
[295] = CNOT 2 11
[296] = CNOT 2 9
[297] = CNOT 2 5
[298] = CNOT 2 3
[299] = T 1
[300] = CNOT 1 43
[301] = CNOT 1 27
[302] = CNOT 1 3
[303] = CNOT 3 5
[304] = CNOT 3 9
[305] = CNOT 3 11
[306] = CNOT 3 14
[307] = CNOT 3 17
[308] = CNOT 3 27
[309] = CNOT 3 43
[310] = CNOT 3 44
[311] = CNOT 3 50
[312] = T 3
[313] = CNOT 3 50
[314] = CNOT 3 44
[315] = CNOT 3 43
[316] = CNOT 3 27
[317] = CNOT 3 17
[318] = CNOT 3 14
[319] = CNOT 3 11
[320] = CNOT 3 9
[321] = CNOT 3 5
[322] = CNOT 7 15
[323] = CNOT 7 22
[324] = T 7
[325] = CNOT 7 32
[326] = CNOT 7 22
[327] = CNOT 7 16
[328] = CNOT 7 15
[329] = CNOT 15 16
[330] = CNOT 15 22
[331] = CNOT 15 32
[332] = CNOT 15 47
[333] = CNOT 15 49
[334] = T 15
[335] = CNOT 15 49
[336] = CNOT 15 47
[337] = CNOT 15 32
[338] = CNOT 15 22
[339] = CNOT 15 16
[340] = CNOT 1 2
[341] = CNOT 1 3
[342] = T 1
[343] = CNOT 1 2
[344] = CNOT 2 3
[345] = CNOT 2 5
[346] = CNOT 2 9
[347] = CNOT 2 11
[348] = CNOT 2 14
[349] = CNOT 2 17
[350] = CNOT 2 44
[351] = CNOT 2 50
[352] = T 2
[353] = CNOT 2 50
[354] = CNOT 2 44
[355] = CNOT 2 17
[356] = CNOT 2 14
[357] = CNOT 2 11
[358] = CNOT 2 9
[359] = CNOT 2 5
[360] = CNOT 2 3
[361] = T 1
[362] = CNOT 1 50
[363] = CNOT 1 44
[364] = CNOT 1 17
[365] = CNOT 1 14
[366] = CNOT 1 11
[367] = CNOT 1 9
[368] = CNOT 1 5
[369] = CNOT 1 3
[370] = CNOT 5 9
[371] = CNOT 5 14
[372] = CNOT 5 20
[373] = T 5
[374] = CNOT 5 20
[375] = CNOT 5 9
[376] = CNOT 5 13
[377] = CNOT 5 40
[378] = CNOT 5 46
[379] = T 5
[380] = CNOT 5 40
[381] = CNOT 5 13
[382] = CNOT 13 14
[383] = CNOT 13 40
[384] = CNOT 13 46
[385] = T 13
[386] = CNOT 13 46
[387] = CNOT 13 40
[388] = CNOT 13 14
[389] = CNOT 5 13
[390] = T 5
[391] = CNOT 5 46
[392] = CNOT 5 14
[393] = CNOT 5 13
[394] = CNOT 13 14
[395] = CNOT 13 46
[396] = T 13
[397] = Z 13
[398] = CNOT 13 46
[399] = CNOT 13 14
[400] = CNOT 6 14
[401] = CNOT 6 23
[402] = T 6
[403] = CNOT 6 23
[404] = T 6
[405] = S 6
[406] = CNOT 6 14
[407] = CNOT 14 23
[408] = T 14
[409] = S 14
[410] = CNOT 14 23
[411] = CNOT 5 14
[412] = CNOT 5 17
[413] = CNOT 5 20
[414] = CNOT 5 34
[415] = T 5
[416] = CNOT 5 34
[417] = CNOT 5 20
[418] = CNOT 5 17
[419] = CNOT 5 14
[420] = CNOT 6 23
[421] = CNOT 6 31
[422] = T 6
[423] = CNOT 6 23
[424] = CNOT 23 31
[425] = T 23
[426] = S 23
[427] = CNOT 23 31
[428] = CNOT 8 16
[429] = CNOT 8 21
[430] = T 8
[431] = CNOT 8 21
[432] = T 8
[433] = CNOT 8 49
[434] = CNOT 8 16
[435] = CNOT 16 21
[436] = CNOT 16 47
[437] = CNOT 16 49
[438] = T 16
[439] = CNOT 16 49
[440] = CNOT 16 47
[441] = CNOT 16 21
[442] = CNOT 3 5
[443] = CNOT 3 9
[444] = CNOT 3 14
[445] = CNOT 3 17
[446] = CNOT 3 26
[447] = CNOT 3 50
[448] = T 3
[449] = CNOT 3 26
[450] = CNOT 8 37
[451] = T 8
[452] = S 8
[453] = Z 8
[454] = CNOT 8 37
[455] = CNOT 37 47
[456] = T 37
[457] = S 37
[458] = CNOT 37 47
[459] = T 8
[460] = S 8
[461] = CNOT 8 21
[462] = CNOT 8 33
[463] = CNOT 8 49
[464] = T 8
[465] = CNOT 8 49
[466] = CNOT 8 47
[467] = CNOT 8 33
[468] = CNOT 8 21
[469] = CNOT 3 4
[470] = CNOT 3 12
[471] = CNOT 3 25
[472] = CNOT 3 29
[473] = T 3
[474] = CNOT 3 4
[475] = T 3
[476] = CNOT 3 29
[477] = CNOT 3 12
[478] = CNOT 6 39
[479] = T 6
[480] = CNOT 6 31
[481] = CNOT 31 39
[482] = T 31
[483] = S 31
[484] = CNOT 31 39
[485] = CNOT 3 4
[486] = T 3
[487] = CNOT 3 25
[488] = T 3
[489] = CNOT 3 4
[490] = CNOT 3 25
[491] = T 3
[492] = CNOT 3 25
[493] = CNOT 3 5
[494] = CNOT 5 9
[495] = CNOT 5 14
[496] = CNOT 5 17
[497] = CNOT 5 34
[498] = CNOT 5 36
[499] = T 5
[500] = CNOT 5 36
[501] = CNOT 5 34
[502] = CNOT 5 17
[503] = CNOT 5 9
[504] = CNOT 6 47
[505] = T 6
[506] = CNOT 6 39
[507] = CNOT 39 47
[508] = T 39
[509] = S 39
[510] = CNOT 39 47
[511] = T 6
[512] = S 6
[513] = CNOT 6 47
[514] = CNOT 5 20
[515] = T 5
[516] = Z 5
[517] = CNOT 5 20
[518] = CNOT 5 9
[519] = CNOT 5 11
[520] = CNOT 5 17
[521] = CNOT 5 26
[522] = CNOT 5 28
[523] = CNOT 5 50
[524] = T 5
[525] = CNOT 5 50
[526] = CNOT 5 28
[527] = CNOT 5 26
[528] = CNOT 5 17
[529] = CNOT 5 14
[530] = CNOT 5 11
[531] = CNOT 5 9
[532] = CNOT 3 5
[533] = CNOT 3 11
[534] = CNOT 3 26
[535] = CNOT 3 28
[536] = T 3
[537] = CNOT 3 50
[538] = CNOT 3 28
[539] = CNOT 3 26
[540] = CNOT 3 17
[541] = CNOT 3 14
[542] = CNOT 3 11
[543] = CNOT 3 9
[544] = CNOT 3 5
[545] = CNOT 7 15
[546] = CNOT 7 16
[547] = CNOT 7 38
[548] = CNOT 7 48
[549] = T 7
[550] = CNOT 7 38
[551] = CNOT 7 15
[552] = CNOT 15 16
[553] = CNOT 15 38
[554] = CNOT 15 47
[555] = CNOT 15 48
[556] = CNOT 15 49
[557] = T 15
[558] = CNOT 15 49
[559] = CNOT 15 48
[560] = CNOT 15 47
[561] = CNOT 15 38
[562] = CNOT 15 16
[563] = CNOT 7 15
[564] = T 7
[565] = CNOT 7 49
[566] = CNOT 7 48
[567] = CNOT 7 47
[568] = CNOT 7 16
[569] = CNOT 7 15
[570] = CNOT 15 16
[571] = CNOT 15 47
[572] = CNOT 15 48
[573] = CNOT 15 49
[574] = T 15
[575] = CNOT 15 49
[576] = CNOT 15 48
[577] = CNOT 15 47
[578] = CNOT 15 16
[579] = Z 1
[580] = Z 2
[581] = S 3
[582] = S 4
[583] = Z 5
[584] = S 8
[585] = Z 8
[586] = Z 9
[587] = S 10
[588] = S 11
[589] = Z 12
[590] = S 13
[591] = Z 13
[592] = Z 14
[593] = S 15
[594] = S 18
[595] = Z 18
[596] = S 19
[597] = S 21
[598] = S 22
[599] = Z 22
[600] = S 23
[601] = S 24
[602] = Z 24
[603] = S 26
[604] = Z 26
[605] = Z 27
[606] = S 28
[607] = S 30
[608] = S 31
[609] = S 32
[610] = S 33
[611] = Z 35
[612] = S 36
[613] = S 37
[614] = Z 37
[615] = S 38
[616] = S 39
[617] = S 40
[618] = S 42
[619] = Z 43
[620] = S 44
[621] = Z 44
[622] = S 45
[623] = S 46
[624] = Z 47
[625] = S 48
[626] = Z 48
[627] = Z 49
[628] = S 50
[629] = Z 50
[630] = CNOT 1 2
[631] = S 1
[632] = CNOT 1 2
[633] = CNOT 1 3
[634] = S 1
[635] = Z 1
[636] = CNOT 1 3
[637] = CNOT 1 5
[638] = S 1
[639] = Z 1
[640] = CNOT 1 5
[641] = CNOT 1 9
[642] = S 1
[643] = Z 1
[644] = CNOT 1 9
[645] = CNOT 1 11
[646] = S 1
[647] = Z 1
[648] = CNOT 1 11
[649] = CNOT 1 14
[650] = S 1
[651] = Z 1
[652] = CNOT 1 14
[653] = CNOT 1 17
[654] = S 1
[655] = Z 1
[656] = CNOT 1 17
[657] = CNOT 1 27
[658] = Z 1
[659] = CNOT 1 27
[660] = CNOT 1 43
[661] = Z 1
[662] = CNOT 1 43
[663] = CNOT 1 44
[664] = S 1
[665] = Z 1
[666] = CNOT 1 44
[667] = CNOT 1 50
[668] = S 1
[669] = Z 1
[670] = CNOT 1 50
[671] = CNOT 2 3
[672] = S 2
[673] = Z 2
[674] = CNOT 2 3
[675] = CNOT 2 5
[676] = S 2
[677] = Z 2
[678] = CNOT 2 5
[679] = CNOT 2 9
[680] = S 2
[681] = Z 2
[682] = CNOT 2 9
[683] = CNOT 2 11
[684] = S 2
[685] = Z 2
[686] = CNOT 2 11
[687] = CNOT 2 14
[688] = S 2
[689] = Z 2
[690] = CNOT 2 14
[691] = CNOT 2 17
[692] = S 2
[693] = Z 2
[694] = CNOT 2 17
[695] = CNOT 2 27
[696] = Z 2
[697] = CNOT 2 27
[698] = CNOT 2 43
[699] = Z 2
[700] = CNOT 2 43
[701] = CNOT 2 44
[702] = S 2
[703] = Z 2
[704] = CNOT 2 44
[705] = CNOT 2 50
[706] = S 2
[707] = Z 2
[708] = CNOT 2 50
[709] = CNOT 3 5
[710] = Z 3
[711] = CNOT 3 5
[712] = CNOT 3 9
[713] = Z 3
[714] = CNOT 3 9
[715] = CNOT 3 12
[716] = S 3
[717] = CNOT 3 12
[718] = CNOT 3 14
[719] = Z 3
[720] = CNOT 3 14
[721] = CNOT 3 17
[722] = Z 3
[723] = CNOT 3 17
[724] = CNOT 3 25
[725] = S 3
[726] = Z 3
[727] = CNOT 3 25
[728] = CNOT 3 26
[729] = Z 3
[730] = CNOT 3 26
[731] = CNOT 3 28
[732] = S 3
[733] = Z 3
[734] = CNOT 3 28
[735] = CNOT 3 29
[736] = S 3
[737] = CNOT 3 29
[738] = CNOT 3 41
[739] = S 3
[740] = CNOT 3 41
[741] = CNOT 3 42
[742] = S 3
[743] = Z 3
[744] = CNOT 3 42
[745] = CNOT 3 50
[746] = Z 3
[747] = CNOT 3 50
[748] = CNOT 4 12
[749] = S 4
[750] = CNOT 4 12
[751] = CNOT 4 25
[752] = S 4
[753] = Z 4
[754] = CNOT 4 25
[755] = CNOT 5 9
[756] = Z 5
[757] = CNOT 5 9
[758] = CNOT 5 10
[759] = S 5
[760] = CNOT 5 10
[761] = CNOT 5 11
[762] = Z 5
[763] = CNOT 5 11
[764] = CNOT 5 12
[765] = S 5
[766] = CNOT 5 12
[767] = CNOT 5 13
[768] = S 5
[769] = Z 5
[770] = CNOT 5 13
[771] = CNOT 5 14
[772] = S 5
[773] = Z 5
[774] = CNOT 5 14
[775] = CNOT 5 17
[776] = S 5
[777] = CNOT 5 17
[778] = CNOT 5 18
[779] = Z 5
[780] = CNOT 5 18
[781] = CNOT 5 19
[782] = S 5
[783] = CNOT 5 19
[784] = CNOT 5 20
[785] = S 5
[786] = Z 5
[787] = CNOT 5 20
[788] = CNOT 5 24
[789] = Z 5
[790] = CNOT 5 24
[791] = CNOT 5 25
[792] = S 5
[793] = Z 5
[794] = CNOT 5 25
[795] = CNOT 5 26
[796] = S 5
[797] = CNOT 5 26
[798] = CNOT 5 28
[799] = S 5
[800] = Z 5
[801] = CNOT 5 28
[802] = CNOT 5 29
[803] = S 5
[804] = CNOT 5 29
[805] = CNOT 5 30
[806] = S 5
[807] = Z 5
[808] = CNOT 5 30
[809] = CNOT 5 34
[810] = S 5
[811] = CNOT 5 34
[812] = CNOT 5 35
[813] = Z 5
[814] = CNOT 5 35
[815] = CNOT 5 36
[816] = S 5
[817] = CNOT 5 36
[818] = CNOT 5 40
[819] = S 5
[820] = Z 5
[821] = CNOT 5 40
[822] = CNOT 5 41
[823] = S 5
[824] = CNOT 5 41
[825] = CNOT 5 42
[826] = S 5
[827] = Z 5
[828] = CNOT 5 42
[829] = CNOT 5 44
[830] = S 5
[831] = Z 5
[832] = CNOT 5 44
[833] = CNOT 5 46
[834] = S 5
[835] = Z 5
[836] = CNOT 5 46
[837] = CNOT 6 23
[838] = S 6
[839] = CNOT 6 23
[840] = CNOT 6 31
[841] = S 6
[842] = CNOT 6 31
[843] = CNOT 6 39
[844] = S 6
[845] = CNOT 6 39
[846] = CNOT 7 15
[847] = S 7
[848] = Z 7
[849] = CNOT 7 15
[850] = CNOT 7 16
[851] = S 7
[852] = Z 7
[853] = CNOT 7 16
[854] = CNOT 7 32
[855] = S 7
[856] = CNOT 7 32
[857] = CNOT 7 38
[858] = S 7
[859] = CNOT 7 38
[860] = CNOT 7 47
[861] = S 7
[862] = Z 7
[863] = CNOT 7 47
[864] = CNOT 7 48
[865] = S 7
[866] = CNOT 7 48
[867] = CNOT 7 49
[868] = S 7
[869] = Z 7
[870] = CNOT 7 49
[871] = CNOT 8 16
[872] = S 8
[873] = Z 8
[874] = CNOT 8 16
[875] = CNOT 8 21
[876] = S 8
[877] = Z 8
[878] = CNOT 8 21
[879] = CNOT 8 33
[880] = S 8
[881] = Z 8
[882] = CNOT 8 33
[883] = CNOT 8 37
[884] = Z 8
[885] = CNOT 8 37
[886] = CNOT 8 49
[887] = S 8
[888] = Z 8
[889] = CNOT 8 49
[890] = CNOT 9 10
[891] = S 9
[892] = CNOT 9 10
[893] = CNOT 9 11
[894] = Z 9
[895] = CNOT 9 11
[896] = CNOT 9 12
[897] = S 9
[898] = CNOT 9 12
[899] = CNOT 9 14
[900] = Z 9
[901] = CNOT 9 14
[902] = CNOT 9 17
[903] = S 9
[904] = CNOT 9 17
[905] = CNOT 9 18
[906] = Z 9
[907] = CNOT 9 18
[908] = CNOT 9 19
[909] = S 9
[910] = CNOT 9 19
[911] = CNOT 9 20
[912] = S 9
[913] = Z 9
[914] = CNOT 9 20
[915] = CNOT 9 25
[916] = S 9
[917] = Z 9
[918] = CNOT 9 25
[919] = CNOT 9 26
[920] = S 9
[921] = CNOT 9 26
[922] = CNOT 9 28
[923] = S 9
[924] = Z 9
[925] = CNOT 9 28
[926] = CNOT 9 29
[927] = S 9
[928] = CNOT 9 29
[929] = CNOT 9 35
[930] = Z 9
[931] = CNOT 9 35
[932] = CNOT 9 41
[933] = S 9
[934] = CNOT 9 41
[935] = CNOT 9 42
[936] = S 9
[937] = Z 9
[938] = CNOT 9 42
[939] = CNOT 9 44
[940] = S 9
[941] = Z 9
[942] = CNOT 9 44
[943] = CNOT 10 14
[944] = S 10
[945] = CNOT 10 14
[946] = CNOT 10 18
[947] = S 10
[948] = CNOT 10 18
[949] = CNOT 10 35
[950] = S 10
[951] = CNOT 10 35
[952] = CNOT 11 14
[953] = Z 11
[954] = CNOT 11 14
[955] = CNOT 11 17
[956] = Z 11
[957] = CNOT 11 17
[958] = CNOT 11 26
[959] = S 11
[960] = Z 11
[961] = CNOT 11 26
[962] = CNOT 11 27
[963] = S 11
[964] = CNOT 11 27
[965] = CNOT 11 28
[966] = S 11
[967] = Z 11
[968] = CNOT 11 28
[969] = CNOT 11 42
[970] = S 11
[971] = Z 11
[972] = CNOT 11 42
[973] = CNOT 11 44
[974] = S 11
[975] = Z 11
[976] = CNOT 11 44
[977] = CNOT 11 50
[978] = Z 11
[979] = CNOT 11 50
[980] = CNOT 12 14
[981] = S 12
[982] = CNOT 12 14
[983] = CNOT 12 17
[984] = S 12
[985] = CNOT 12 17
[986] = CNOT 12 26
[987] = S 12
[988] = CNOT 12 26
[989] = CNOT 12 29
[990] = S 12
[991] = CNOT 12 29
[992] = CNOT 12 41
[993] = S 12
[994] = CNOT 12 41
[995] = CNOT 12 50
[996] = S 12
[997] = CNOT 12 50
[998] = CNOT 13 14
[999] = S 13
[1000] = CNOT 13 14
[1001] = CNOT 13 24
[1002] = S 13
[1003] = Z 13
[1004] = CNOT 13 24
[1005] = CNOT 13 25
[1006] = S 13
[1007] = CNOT 13 25
[1008] = CNOT 13 30
[1009] = S 13
[1010] = Z 13
[1011] = CNOT 13 30
[1012] = CNOT 13 40
[1013] = S 13
[1014] = Z 13
[1015] = CNOT 13 40
[1016] = CNOT 13 46
[1017] = Z 13
[1018] = CNOT 13 46
[1019] = CNOT 14 17
[1020] = S 14
[1021] = CNOT 14 17
[1022] = CNOT 14 18
[1023] = Z 14
[1024] = CNOT 14 18
[1025] = CNOT 14 19
[1026] = S 14
[1027] = CNOT 14 19
[1028] = CNOT 14 20
[1029] = S 14
[1030] = Z 14
[1031] = CNOT 14 20
[1032] = CNOT 14 25
[1033] = S 14
[1034] = Z 14
[1035] = CNOT 14 25
[1036] = CNOT 14 26
[1037] = S 14
[1038] = CNOT 14 26
[1039] = CNOT 14 28
[1040] = S 14
[1041] = Z 14
[1042] = CNOT 14 28
[1043] = CNOT 14 29
[1044] = S 14
[1045] = CNOT 14 29
[1046] = CNOT 14 30
[1047] = S 14
[1048] = Z 14
[1049] = CNOT 14 30
[1050] = CNOT 14 34
[1051] = S 14
[1052] = CNOT 14 34
[1053] = CNOT 14 35
[1054] = Z 14
[1055] = CNOT 14 35
[1056] = CNOT 14 36
[1057] = S 14
[1058] = CNOT 14 36
[1059] = CNOT 14 40
[1060] = S 14
[1061] = Z 14
[1062] = CNOT 14 40
[1063] = CNOT 14 41
[1064] = S 14
[1065] = CNOT 14 41
[1066] = CNOT 14 42
[1067] = S 14
[1068] = Z 14
[1069] = CNOT 14 42
[1070] = CNOT 14 44
[1071] = S 14
[1072] = Z 14
[1073] = CNOT 14 44
[1074] = CNOT 14 46
[1075] = Z 14
[1076] = CNOT 14 46
[1077] = CNOT 15 16
[1078] = S 15
[1079] = CNOT 15 16
[1080] = CNOT 15 22
[1081] = S 15
[1082] = CNOT 15 22
[1083] = CNOT 15 23
[1084] = S 15
[1085] = CNOT 15 23
[1086] = CNOT 15 32
[1087] = S 15
[1088] = Z 15
[1089] = CNOT 15 32
[1090] = CNOT 15 38
[1091] = S 15
[1092] = Z 15
[1093] = CNOT 15 38
[1094] = CNOT 15 47
[1095] = S 15
[1096] = CNOT 15 47
[1097] = CNOT 15 48
[1098] = Z 15
[1099] = CNOT 15 48
[1100] = CNOT 15 49
[1101] = S 15
[1102] = CNOT 15 49
[1103] = CNOT 16 21
[1104] = S 16
[1105] = Z 16
[1106] = CNOT 16 21
[1107] = CNOT 16 22
[1108] = Z 16
[1109] = CNOT 16 22
[1110] = CNOT 16 32
[1111] = S 16
[1112] = Z 16
[1113] = CNOT 16 32
[1114] = CNOT 16 38
[1115] = S 16
[1116] = Z 16
[1117] = CNOT 16 38
[1118] = CNOT 16 47
[1119] = S 16
[1120] = Z 16
[1121] = CNOT 16 47
[1122] = CNOT 16 48
[1123] = Z 16
[1124] = CNOT 16 48
[1125] = CNOT 16 49
[1126] = S 16
[1127] = Z 16
[1128] = CNOT 16 49
[1129] = CNOT 17 21
[1130] = S 17
[1131] = CNOT 17 21
[1132] = CNOT 17 25
[1133] = S 17
[1134] = Z 17
[1135] = CNOT 17 25
[1136] = CNOT 17 26
[1137] = S 17
[1138] = CNOT 17 26
[1139] = CNOT 17 28
[1140] = S 17
[1141] = Z 17
[1142] = CNOT 17 28
[1143] = CNOT 17 29
[1144] = S 17
[1145] = CNOT 17 29
[1146] = CNOT 17 34
[1147] = S 17
[1148] = CNOT 17 34
[1149] = CNOT 17 36
[1150] = S 17
[1151] = CNOT 17 36
[1152] = CNOT 17 41
[1153] = S 17
[1154] = CNOT 17 41
[1155] = CNOT 17 42
[1156] = S 17
[1157] = Z 17
[1158] = CNOT 17 42
[1159] = CNOT 17 44
[1160] = S 17
[1161] = Z 17
[1162] = CNOT 17 44
[1163] = CNOT 18 19
[1164] = S 18
[1165] = CNOT 18 19
[1166] = CNOT 18 20
[1167] = S 18
[1168] = CNOT 18 20
[1169] = CNOT 18 35
[1170] = Z 18
[1171] = CNOT 18 35
[1172] = CNOT 19 35
[1173] = S 19
[1174] = CNOT 19 35
[1175] = CNOT 20 35
[1176] = S 20
[1177] = CNOT 20 35
[1178] = CNOT 21 33
[1179] = S 21
[1180] = Z 21
[1181] = CNOT 21 33
[1182] = CNOT 21 34
[1183] = S 21
[1184] = CNOT 21 34
[1185] = CNOT 21 47
[1186] = S 21
[1187] = Z 21
[1188] = CNOT 21 47
[1189] = CNOT 21 49
[1190] = S 21
[1191] = Z 21
[1192] = CNOT 21 49
[1193] = CNOT 22 32
[1194] = S 22
[1195] = CNOT 22 32
[1196] = CNOT 22 33
[1197] = S 22
[1198] = CNOT 22 33
[1199] = CNOT 22 47
[1200] = S 22
[1201] = CNOT 22 47
[1202] = CNOT 22 49
[1203] = S 22
[1204] = CNOT 22 49
[1205] = CNOT 23 32
[1206] = S 23
[1207] = CNOT 23 32
[1208] = CNOT 24 30
[1209] = S 24
[1210] = Z 24
[1211] = CNOT 24 30
[1212] = CNOT 24 31
[1213] = S 24
[1214] = CNOT 24 31
[1215] = CNOT 25 30
[1216] = S 25
[1217] = CNOT 25 30
[1218] = CNOT 25 50
[1219] = S 25
[1220] = Z 25
[1221] = CNOT 25 50
[1222] = CNOT 26 28
[1223] = S 26
[1224] = Z 26
[1225] = CNOT 26 28
[1226] = CNOT 26 29
[1227] = S 26
[1228] = CNOT 26 29
[1229] = CNOT 26 50
[1230] = S 26
[1231] = CNOT 26 50
[1232] = CNOT 27 28
[1233] = S 27
[1234] = CNOT 27 28
[1235] = CNOT 28 42
[1236] = S 28
[1237] = Z 28
[1238] = CNOT 28 42
[1239] = CNOT 28 43
[1240] = S 28
[1241] = CNOT 28 43
[1242] = CNOT 28 50
[1243] = S 28
[1244] = Z 28
[1245] = CNOT 28 50
[1246] = CNOT 29 42
[1247] = S 29
[1248] = CNOT 29 42
[1249] = CNOT 29 50
[1250] = S 29
[1251] = CNOT 29 50
[1252] = CNOT 30 40
[1253] = S 30
[1254] = Z 30
[1255] = CNOT 30 40
[1256] = CNOT 30 41
[1257] = S 30
[1258] = CNOT 30 41
[1259] = CNOT 31 40
[1260] = S 31
[1261] = CNOT 31 40
[1262] = CNOT 32 38
[1263] = S 32
[1264] = CNOT 32 38
[1265] = CNOT 32 39
[1266] = S 32
[1267] = CNOT 32 39
[1268] = CNOT 32 47
[1269] = S 32
[1270] = Z 32
[1271] = CNOT 32 47
[1272] = CNOT 32 49
[1273] = S 32
[1274] = Z 32
[1275] = CNOT 32 49
[1276] = CNOT 33 37
[1277] = S 33
[1278] = Z 33
[1279] = CNOT 33 37
[1280] = CNOT 33 38
[1281] = S 33
[1282] = CNOT 33 38
[1283] = CNOT 33 47
[1284] = S 33
[1285] = Z 33
[1286] = CNOT 33 47
[1287] = CNOT 33 49
[1288] = S 33
[1289] = Z 33
[1290] = CNOT 33 49
[1291] = CNOT 34 37
[1292] = S 34
[1293] = CNOT 34 37
[1294] = CNOT 35 36
[1295] = S 35
[1296] = CNOT 35 36
[1297] = CNOT 37 49
[1298] = S 37
[1299] = Z 37
[1300] = CNOT 37 49
[1301] = CNOT 37 50
[1302] = S 37
[1303] = CNOT 37 50
[1304] = CNOT 38 47
[1305] = S 38
[1306] = Z 38
[1307] = CNOT 38 47
[1308] = CNOT 38 48
[1309] = S 38
[1310] = CNOT 38 48
[1311] = CNOT 39 48
[1312] = S 39
[1313] = CNOT 39 48
[1314] = CNOT 40 46
[1315] = S 40
[1316] = Z 40
[1317] = CNOT 40 46
[1318] = CNOT 40 47
[1319] = S 40
[1320] = CNOT 40 47
[1321] = CNOT 41 46
[1322] = S 41
[1323] = CNOT 41 46
[1324] = CNOT 41 50
[1325] = S 41
[1326] = CNOT 41 50
[1327] = CNOT 42 44
[1328] = S 42
[1329] = Z 42
[1330] = CNOT 42 44
[1331] = CNOT 42 45
[1332] = S 42
[1333] = CNOT 42 45
[1334] = CNOT 42 50
[1335] = S 42
[1336] = Z 42
[1337] = CNOT 42 50
[1338] = CNOT 43 44
[1339] = S 43
[1340] = CNOT 43 44
[1341] = CNOT 44 50
[1342] = S 44
[1343] = Z 44
[1344] = CNOT 44 50
[1345] = CNOT 47 48
[1346] = Z 47
[1347] = CNOT 47 48
[1348] = CNOT 47 49
[1349] = Z 47
[1350] = CNOT 47 49
[1351] = CNOT 48 49
[1352] = Z 48
[1353] = CNOT 48 49
[1354] = CNOT 1 2
[1355] = CNOT 1 3
[1356] = S 1
[1357] = Z 1
[1358] = CNOT 1 3
[1359] = CNOT 1 5
[1360] = S 1
[1361] = Z 1
[1362] = CNOT 1 5
[1363] = CNOT 1 9
[1364] = S 1
[1365] = Z 1
[1366] = CNOT 1 9
[1367] = CNOT 1 11
[1368] = S 1
[1369] = Z 1
[1370] = CNOT 1 11
[1371] = CNOT 1 14
[1372] = S 1
[1373] = Z 1
[1374] = CNOT 1 14
[1375] = CNOT 1 17
[1376] = S 1
[1377] = Z 1
[1378] = CNOT 1 17
[1379] = CNOT 1 44
[1380] = S 1
[1381] = Z 1
[1382] = CNOT 1 44
[1383] = CNOT 1 50
[1384] = S 1
[1385] = Z 1
[1386] = CNOT 1 50
[1387] = CNOT 1 2
[1388] = CNOT 1 3
[1389] = CNOT 1 5
[1390] = Z 1
[1391] = CNOT 1 5
[1392] = CNOT 1 9
[1393] = Z 1
[1394] = CNOT 1 9
[1395] = CNOT 1 11
[1396] = Z 1
[1397] = CNOT 1 11
[1398] = CNOT 1 14
[1399] = Z 1
[1400] = CNOT 1 14
[1401] = CNOT 1 17
[1402] = Z 1
[1403] = CNOT 1 17
[1404] = CNOT 1 27
[1405] = S 1
[1406] = Z 1
[1407] = CNOT 1 27
[1408] = CNOT 1 43
[1409] = S 1
[1410] = Z 1
[1411] = CNOT 1 43
[1412] = CNOT 1 44
[1413] = Z 1
[1414] = CNOT 1 44
[1415] = CNOT 1 50
[1416] = Z 1
[1417] = CNOT 1 50
[1418] = CNOT 1 3
[1419] = CNOT 1 5
[1420] = CNOT 1 9
[1421] = Z 1
[1422] = CNOT 1 9
[1423] = CNOT 1 11
[1424] = Z 1
[1425] = CNOT 1 11
[1426] = CNOT 1 14
[1427] = Z 1
[1428] = CNOT 1 14
[1429] = CNOT 1 17
[1430] = Z 1
[1431] = CNOT 1 17
[1432] = CNOT 1 27
[1433] = S 1
[1434] = Z 1
[1435] = CNOT 1 27
[1436] = CNOT 1 43
[1437] = S 1
[1438] = Z 1
[1439] = CNOT 1 43
[1440] = CNOT 1 44
[1441] = Z 1
[1442] = CNOT 1 44
[1443] = CNOT 1 50
[1444] = Z 1
[1445] = CNOT 1 50
[1446] = CNOT 1 5
[1447] = CNOT 1 9
[1448] = CNOT 1 11
[1449] = Z 1
[1450] = CNOT 1 11
[1451] = CNOT 1 14
[1452] = Z 1
[1453] = CNOT 1 14
[1454] = CNOT 1 17
[1455] = Z 1
[1456] = CNOT 1 17
[1457] = CNOT 1 27
[1458] = S 1
[1459] = Z 1
[1460] = CNOT 1 27
[1461] = CNOT 1 43
[1462] = S 1
[1463] = Z 1
[1464] = CNOT 1 43
[1465] = CNOT 1 44
[1466] = Z 1
[1467] = CNOT 1 44
[1468] = CNOT 1 50
[1469] = Z 1
[1470] = CNOT 1 50
[1471] = CNOT 1 9
[1472] = CNOT 1 11
[1473] = CNOT 1 14
[1474] = Z 1
[1475] = CNOT 1 14
[1476] = CNOT 1 17
[1477] = Z 1
[1478] = CNOT 1 17
[1479] = CNOT 1 27
[1480] = S 1
[1481] = Z 1
[1482] = CNOT 1 27
[1483] = CNOT 1 43
[1484] = S 1
[1485] = Z 1
[1486] = CNOT 1 43
[1487] = CNOT 1 44
[1488] = Z 1
[1489] = CNOT 1 44
[1490] = CNOT 1 50
[1491] = Z 1
[1492] = CNOT 1 50
[1493] = CNOT 1 11
[1494] = CNOT 1 14
[1495] = CNOT 1 17
[1496] = Z 1
[1497] = CNOT 1 17
[1498] = CNOT 1 27
[1499] = S 1
[1500] = Z 1
[1501] = CNOT 1 27
[1502] = CNOT 1 43
[1503] = S 1
[1504] = Z 1
[1505] = CNOT 1 43
[1506] = CNOT 1 44
[1507] = Z 1
[1508] = CNOT 1 44
[1509] = CNOT 1 50
[1510] = Z 1
[1511] = CNOT 1 50
[1512] = CNOT 1 14
[1513] = CNOT 1 17
[1514] = CNOT 1 27
[1515] = S 1
[1516] = Z 1
[1517] = CNOT 1 27
[1518] = CNOT 1 43
[1519] = S 1
[1520] = Z 1
[1521] = CNOT 1 43
[1522] = CNOT 1 44
[1523] = Z 1
[1524] = CNOT 1 44
[1525] = CNOT 1 50
[1526] = Z 1
[1527] = CNOT 1 50
[1528] = CNOT 1 17
[1529] = CNOT 1 27
[1530] = CNOT 1 43
[1531] = S 1
[1532] = Z 1
[1533] = CNOT 1 43
[1534] = CNOT 1 44
[1535] = S 1
[1536] = Z 1
[1537] = CNOT 1 44
[1538] = CNOT 1 50
[1539] = S 1
[1540] = Z 1
[1541] = CNOT 1 50
[1542] = CNOT 1 27
[1543] = CNOT 1 43
[1544] = CNOT 1 44
[1545] = S 1
[1546] = Z 1
[1547] = CNOT 1 44
[1548] = CNOT 1 50
[1549] = S 1
[1550] = Z 1
[1551] = CNOT 1 43
[1552] = CNOT 1 44
[1553] = Z 1
[1554] = CNOT 1 50
[1555] = CNOT 1 44
[1556] = CNOT 2 3
[1557] = CNOT 2 5
[1558] = Z 2
[1559] = CNOT 2 5
[1560] = CNOT 2 9
[1561] = Z 2
[1562] = CNOT 2 9
[1563] = CNOT 2 11
[1564] = Z 2
[1565] = CNOT 2 11
[1566] = CNOT 2 14
[1567] = Z 2
[1568] = CNOT 2 14
[1569] = CNOT 2 17
[1570] = Z 2
[1571] = CNOT 2 17
[1572] = CNOT 2 27
[1573] = S 2
[1574] = Z 2
[1575] = CNOT 2 27
[1576] = CNOT 2 43
[1577] = S 2
[1578] = Z 2
[1579] = CNOT 2 43
[1580] = CNOT 2 44
[1581] = Z 2
[1582] = CNOT 2 44
[1583] = CNOT 2 50
[1584] = Z 2
[1585] = CNOT 2 50
[1586] = CNOT 2 3
[1587] = CNOT 2 5
[1588] = CNOT 2 9
[1589] = Z 2
[1590] = CNOT 2 9
[1591] = CNOT 2 11
[1592] = Z 2
[1593] = CNOT 2 11
[1594] = CNOT 2 14
[1595] = Z 2
[1596] = CNOT 2 14
[1597] = CNOT 2 17
[1598] = Z 2
[1599] = CNOT 2 17
[1600] = CNOT 2 27
[1601] = S 2
[1602] = Z 2
[1603] = CNOT 2 27
[1604] = CNOT 2 43
[1605] = S 2
[1606] = Z 2
[1607] = CNOT 2 43
[1608] = CNOT 2 44
[1609] = Z 2
[1610] = CNOT 2 44
[1611] = CNOT 2 50
[1612] = Z 2
[1613] = CNOT 2 50
[1614] = CNOT 2 5
[1615] = CNOT 2 9
[1616] = CNOT 2 11
[1617] = Z 2
[1618] = CNOT 2 11
[1619] = CNOT 2 14
[1620] = Z 2
[1621] = CNOT 2 14
[1622] = CNOT 2 17
[1623] = Z 2
[1624] = CNOT 2 17
[1625] = CNOT 2 27
[1626] = S 2
[1627] = Z 2
[1628] = CNOT 2 27
[1629] = CNOT 2 43
[1630] = S 2
[1631] = Z 2
[1632] = CNOT 2 43
[1633] = CNOT 2 44
[1634] = Z 2
[1635] = CNOT 2 44
[1636] = CNOT 2 50
[1637] = Z 2
[1638] = CNOT 2 50
[1639] = CNOT 2 9
[1640] = CNOT 2 11
[1641] = CNOT 2 14
[1642] = Z 2
[1643] = CNOT 2 14
[1644] = CNOT 2 17
[1645] = Z 2
[1646] = CNOT 2 17
[1647] = CNOT 2 27
[1648] = S 2
[1649] = Z 2
[1650] = CNOT 2 27
[1651] = CNOT 2 43
[1652] = S 2
[1653] = Z 2
[1654] = CNOT 2 43
[1655] = CNOT 2 44
[1656] = Z 2
[1657] = CNOT 2 44
[1658] = CNOT 2 50
[1659] = Z 2
[1660] = CNOT 2 50
[1661] = CNOT 2 11
[1662] = CNOT 2 14
[1663] = CNOT 2 17
[1664] = Z 2
[1665] = CNOT 2 17
[1666] = CNOT 2 27
[1667] = S 2
[1668] = Z 2
[1669] = CNOT 2 27
[1670] = CNOT 2 43
[1671] = S 2
[1672] = Z 2
[1673] = CNOT 2 43
[1674] = CNOT 2 44
[1675] = Z 2
[1676] = CNOT 2 44
[1677] = CNOT 2 50
[1678] = Z 2
[1679] = CNOT 2 50
[1680] = CNOT 2 14
[1681] = CNOT 2 17
[1682] = CNOT 2 27
[1683] = S 2
[1684] = Z 2
[1685] = CNOT 2 27
[1686] = CNOT 2 43
[1687] = S 2
[1688] = Z 2
[1689] = CNOT 2 43
[1690] = CNOT 2 44
[1691] = Z 2
[1692] = CNOT 2 44
[1693] = CNOT 2 50
[1694] = Z 2
[1695] = CNOT 2 50
[1696] = CNOT 2 17
[1697] = CNOT 2 27
[1698] = CNOT 2 43
[1699] = S 2
[1700] = Z 2
[1701] = CNOT 2 43
[1702] = CNOT 2 44
[1703] = S 2
[1704] = Z 2
[1705] = CNOT 2 44
[1706] = CNOT 2 50
[1707] = S 2
[1708] = Z 2
[1709] = CNOT 2 50
[1710] = CNOT 2 27
[1711] = CNOT 2 43
[1712] = CNOT 2 44
[1713] = S 2
[1714] = Z 2
[1715] = CNOT 2 44
[1716] = CNOT 2 50
[1717] = S 2
[1718] = Z 2
[1719] = CNOT 2 43
[1720] = CNOT 2 44
[1721] = Z 2
[1722] = CNOT 2 50
[1723] = CNOT 2 44
[1724] = CNOT 3 4
[1725] = CNOT 3 5
[1726] = S 3
[1727] = CNOT 3 5
[1728] = CNOT 3 9
[1729] = S 3
[1730] = CNOT 3 9
[1731] = CNOT 3 12
[1732] = Z 3
[1733] = CNOT 3 12
[1734] = CNOT 3 14
[1735] = S 3
[1736] = CNOT 3 14
[1737] = CNOT 3 17
[1738] = S 3
[1739] = CNOT 3 17
[1740] = CNOT 3 25
[1741] = S 3
[1742] = Z 3
[1743] = CNOT 3 25
[1744] = CNOT 3 29
[1745] = S 3
[1746] = Z 3
[1747] = CNOT 3 29
[1748] = CNOT 3 41
[1749] = S 3
[1750] = Z 3
[1751] = CNOT 3 41
[1752] = CNOT 3 45
[1753] = S 3
[1754] = Z 3
[1755] = CNOT 3 45
[1756] = CNOT 3 50
[1757] = S 3
[1758] = CNOT 3 50
[1759] = CNOT 3 4
[1760] = CNOT 3 5
[1761] = CNOT 3 9
[1762] = S 3
[1763] = CNOT 3 9
[1764] = CNOT 3 11
[1765] = S 3
[1766] = Z 3
[1767] = CNOT 3 11
[1768] = CNOT 3 14
[1769] = S 3
[1770] = CNOT 3 14
[1771] = CNOT 3 17
[1772] = S 3
[1773] = CNOT 3 17
[1774] = CNOT 3 25
[1775] = Z 3
[1776] = CNOT 3 25
[1777] = CNOT 3 26
[1778] = S 3
[1779] = Z 3
[1780] = CNOT 3 26
[1781] = CNOT 3 27
[1782] = Z 3
[1783] = CNOT 3 27
[1784] = CNOT 3 28
[1785] = S 3
[1786] = Z 3
[1787] = CNOT 3 28
[1788] = CNOT 3 29
[1789] = Z 3
[1790] = CNOT 3 29
[1791] = CNOT 3 41
[1792] = Z 3
[1793] = CNOT 3 41
[1794] = CNOT 3 42
[1795] = S 3
[1796] = Z 3
[1797] = CNOT 3 42
[1798] = CNOT 3 43
[1799] = Z 3
[1800] = CNOT 3 43
[1801] = CNOT 3 45
[1802] = Z 3
[1803] = CNOT 3 45
[1804] = CNOT 3 50
[1805] = S 3
[1806] = CNOT 3 50
[1807] = CNOT 3 5
[1808] = CNOT 3 9
[1809] = CNOT 3 11
[1810] = S 3
[1811] = Z 3
[1812] = CNOT 3 11
[1813] = CNOT 3 14
[1814] = S 3
[1815] = CNOT 3 14
[1816] = CNOT 3 17
[1817] = S 3
[1818] = CNOT 3 17
[1819] = CNOT 3 25
[1820] = Z 3
[1821] = CNOT 3 25
[1822] = CNOT 3 26
[1823] = S 3
[1824] = Z 3
[1825] = CNOT 3 26
[1826] = CNOT 3 27
[1827] = Z 3
[1828] = CNOT 3 27
[1829] = CNOT 3 28
[1830] = S 3
[1831] = Z 3
[1832] = CNOT 3 28
[1833] = CNOT 3 29
[1834] = Z 3
[1835] = CNOT 3 29
[1836] = CNOT 3 41
[1837] = Z 3
[1838] = CNOT 3 41
[1839] = CNOT 3 42
[1840] = S 3
[1841] = Z 3
[1842] = CNOT 3 42
[1843] = CNOT 3 43
[1844] = Z 3
[1845] = CNOT 3 43
[1846] = CNOT 3 45
[1847] = Z 3
[1848] = CNOT 3 45
[1849] = CNOT 3 50
[1850] = S 3
[1851] = CNOT 3 50
[1852] = CNOT 3 9
[1853] = CNOT 3 11
[1854] = CNOT 3 14
[1855] = S 3
[1856] = Z 3
[1857] = CNOT 3 14
[1858] = CNOT 3 17
[1859] = S 3
[1860] = Z 3
[1861] = CNOT 3 17
[1862] = CNOT 3 27
[1863] = Z 3
[1864] = CNOT 3 27
[1865] = CNOT 3 28
[1866] = S 3
[1867] = Z 3
[1868] = CNOT 3 28
[1869] = CNOT 3 42
[1870] = S 3
[1871] = Z 3
[1872] = CNOT 3 42
[1873] = CNOT 3 43
[1874] = Z 3
[1875] = CNOT 3 43
[1876] = CNOT 3 50
[1877] = S 3
[1878] = Z 3
[1879] = CNOT 3 50
[1880] = CNOT 3 11
[1881] = CNOT 3 12
[1882] = CNOT 3 25
[1883] = S 3
[1884] = Z 3
[1885] = CNOT 3 25
[1886] = CNOT 3 29
[1887] = Z 3
[1888] = CNOT 3 29
[1889] = CNOT 3 41
[1890] = Z 3
[1891] = CNOT 3 41
[1892] = CNOT 3 45
[1893] = Z 3
[1894] = CNOT 3 45
[1895] = CNOT 3 12
[1896] = CNOT 3 14
[1897] = CNOT 3 17
[1898] = S 3
[1899] = CNOT 3 17
[1900] = CNOT 3 25
[1901] = Z 3
[1902] = CNOT 3 25
[1903] = CNOT 3 26
[1904] = S 3
[1905] = Z 3
[1906] = CNOT 3 26
[1907] = CNOT 3 27
[1908] = Z 3
[1909] = CNOT 3 27
[1910] = CNOT 3 28
[1911] = S 3
[1912] = Z 3
[1913] = CNOT 3 28
[1914] = CNOT 3 29
[1915] = Z 3
[1916] = CNOT 3 29
[1917] = CNOT 3 41
[1918] = Z 3
[1919] = CNOT 3 41
[1920] = CNOT 3 42
[1921] = S 3
[1922] = Z 3
[1923] = CNOT 3 42
[1924] = CNOT 3 43
[1925] = Z 3
[1926] = CNOT 3 43
[1927] = CNOT 3 45
[1928] = Z 3
[1929] = CNOT 3 45
[1930] = CNOT 3 50
[1931] = S 3
[1932] = CNOT 3 50
[1933] = CNOT 3 14
[1934] = CNOT 3 17
[1935] = CNOT 3 25
[1936] = Z 3
[1937] = CNOT 3 25
[1938] = CNOT 3 26
[1939] = S 3
[1940] = Z 3
[1941] = CNOT 3 26
[1942] = CNOT 3 27
[1943] = Z 3
[1944] = CNOT 3 27
[1945] = CNOT 3 28
[1946] = S 3
[1947] = Z 3
[1948] = CNOT 3 28
[1949] = CNOT 3 29
[1950] = Z 3
[1951] = CNOT 3 29
[1952] = CNOT 3 41
[1953] = Z 3
[1954] = CNOT 3 41
[1955] = CNOT 3 42
[1956] = S 3
[1957] = Z 3
[1958] = CNOT 3 42
[1959] = CNOT 3 43
[1960] = Z 3
[1961] = CNOT 3 43
[1962] = CNOT 3 45
[1963] = Z 3
[1964] = CNOT 3 45
[1965] = CNOT 3 50
[1966] = S 3
[1967] = CNOT 3 50
[1968] = CNOT 3 17
[1969] = CNOT 3 25
[1970] = CNOT 3 29
[1971] = S 3
[1972] = Z 3
[1973] = CNOT 3 29
[1974] = CNOT 3 50
[1975] = Z 3
[1976] = CNOT 3 25
[1977] = CNOT 3 26
[1978] = S 3
[1979] = Z 3
[1980] = CNOT 3 50
[1981] = CNOT 3 26
[1982] = CNOT 3 27
[1983] = CNOT 3 43
[1984] = Z 3
[1985] = CNOT 3 43
[1986] = CNOT 3 44
[1987] = Z 3
[1988] = CNOT 3 44
[1989] = CNOT 3 50
[1990] = Z 3
[1991] = CNOT 3 27
[1992] = CNOT 3 28
[1993] = S 3
[1994] = Z 3
[1995] = CNOT 3 50
[1996] = CNOT 3 28
[1997] = CNOT 3 29
[1998] = CNOT 3 41
[1999] = S 3
[2000] = Z 3
[2001] = CNOT 3 41
[2002] = CNOT 3 50
[2003] = Z 3
[2004] = CNOT 3 50
[2005] = CNOT 3 29
[2006] = CNOT 3 41
[2007] = CNOT 3 45
[2008] = S 3
[2009] = Z 3
[2010] = CNOT 3 45
[2011] = CNOT 3 50
[2012] = Z 3
[2013] = CNOT 3 41
[2014] = CNOT 3 42
[2015] = S 3
[2016] = Z 3
[2017] = CNOT 3 50
[2018] = CNOT 3 42
[2019] = CNOT 3 43
[2020] = CNOT 3 44
[2021] = Z 3
[2022] = CNOT 3 44
[2023] = CNOT 3 50
[2024] = Z 3
[2025] = CNOT 3 43
[2026] = CNOT 3 45
[2027] = Z 3
[2028] = CNOT 3 50
[2029] = CNOT 3 45
[2030] = CNOT 4 5
[2031] = CNOT 4 9
[2032] = S 4
[2033] = CNOT 4 9
[2034] = CNOT 4 12
[2035] = Z 4
[2036] = CNOT 4 12
[2037] = CNOT 4 14
[2038] = S 4
[2039] = CNOT 4 14
[2040] = CNOT 4 17
[2041] = S 4
[2042] = CNOT 4 17
[2043] = CNOT 4 25
[2044] = S 4
[2045] = Z 4
[2046] = CNOT 4 25
[2047] = CNOT 4 29
[2048] = S 4
[2049] = Z 4
[2050] = CNOT 4 29
[2051] = CNOT 4 41
[2052] = S 4
[2053] = Z 4
[2054] = CNOT 4 41
[2055] = CNOT 4 45
[2056] = S 4
[2057] = Z 4
[2058] = CNOT 4 45
[2059] = CNOT 4 50
[2060] = S 4
[2061] = CNOT 4 50
[2062] = CNOT 4 5
[2063] = CNOT 4 9
[2064] = CNOT 4 12
[2065] = Z 4
[2066] = CNOT 4 12
[2067] = CNOT 4 14
[2068] = S 4
[2069] = CNOT 4 14
[2070] = CNOT 4 17
[2071] = S 4
[2072] = CNOT 4 17
[2073] = CNOT 4 25
[2074] = S 4
[2075] = Z 4
[2076] = CNOT 4 25
[2077] = CNOT 4 29
[2078] = S 4
[2079] = Z 4
[2080] = CNOT 4 29
[2081] = CNOT 4 41
[2082] = S 4
[2083] = Z 4
[2084] = CNOT 4 41
[2085] = CNOT 4 45
[2086] = S 4
[2087] = Z 4
[2088] = CNOT 4 45
[2089] = CNOT 4 50
[2090] = S 4
[2091] = CNOT 4 50
[2092] = CNOT 4 9
[2093] = CNOT 4 12
[2094] = CNOT 4 14
[2095] = Z 4
[2096] = CNOT 4 14
[2097] = CNOT 4 17
[2098] = Z 4
[2099] = CNOT 4 17
[2100] = CNOT 4 29
[2101] = S 4
[2102] = Z 4
[2103] = CNOT 4 29
[2104] = CNOT 4 41
[2105] = S 4
[2106] = Z 4
[2107] = CNOT 4 41
[2108] = CNOT 4 45
[2109] = S 4
[2110] = Z 4
[2111] = CNOT 4 45
[2112] = CNOT 4 50
[2113] = Z 4
[2114] = CNOT 4 50
[2115] = CNOT 4 12
[2116] = CNOT 4 14
[2117] = CNOT 4 17
[2118] = S 4
[2119] = CNOT 4 17
[2120] = CNOT 4 25
[2121] = S 4
[2122] = Z 4
[2123] = CNOT 4 25
[2124] = CNOT 4 29
[2125] = S 4
[2126] = Z 4
[2127] = CNOT 4 29
[2128] = CNOT 4 41
[2129] = S 4
[2130] = Z 4
[2131] = CNOT 4 41
[2132] = CNOT 4 45
[2133] = S 4
[2134] = Z 4
[2135] = CNOT 4 45
[2136] = CNOT 4 50
[2137] = S 4
[2138] = CNOT 4 50
[2139] = CNOT 4 14
[2140] = CNOT 4 17
[2141] = CNOT 4 25
[2142] = S 4
[2143] = Z 4
[2144] = CNOT 4 25
[2145] = CNOT 4 29
[2146] = S 4
[2147] = Z 4
[2148] = CNOT 4 29
[2149] = CNOT 4 41
[2150] = S 4
[2151] = Z 4
[2152] = CNOT 4 41
[2153] = CNOT 4 45
[2154] = S 4
[2155] = Z 4
[2156] = CNOT 4 45
[2157] = CNOT 4 50
[2158] = S 4
[2159] = CNOT 4 17
[2160] = CNOT 4 25
[2161] = S 4
[2162] = Z 4
[2163] = CNOT 4 25
[2164] = CNOT 4 29
[2165] = S 4
[2166] = Z 4
[2167] = CNOT 4 29
[2168] = CNOT 4 41
[2169] = S 4
[2170] = Z 4
[2171] = CNOT 4 41
[2172] = CNOT 4 45
[2173] = S 4
[2174] = Z 4
[2175] = CNOT 4 50
[2176] = CNOT 4 45
[2177] = CNOT 5 9
[2178] = CNOT 5 10
[2179] = Z 5
[2180] = CNOT 5 10
[2181] = CNOT 5 11
[2182] = S 5
[2183] = CNOT 5 11
[2184] = CNOT 5 14
[2185] = S 5
[2186] = CNOT 5 14
[2187] = CNOT 5 17
[2188] = S 5
[2189] = CNOT 5 17
[2190] = CNOT 5 18
[2191] = Z 5
[2192] = CNOT 5 18
[2193] = CNOT 5 19
[2194] = Z 5
[2195] = CNOT 5 19
[2196] = CNOT 5 20
[2197] = S 5
[2198] = Z 5
[2199] = CNOT 5 20
[2200] = CNOT 5 25
[2201] = Z 5
[2202] = CNOT 5 25
[2203] = CNOT 5 26
[2204] = Z 5
[2205] = CNOT 5 26
[2206] = CNOT 5 27
[2207] = Z 5
[2208] = CNOT 5 27
[2209] = CNOT 5 28
[2210] = Z 5
[2211] = CNOT 5 28
[2212] = CNOT 5 29
[2213] = Z 5
[2214] = CNOT 5 29
[2215] = CNOT 5 34
[2216] = S 5
[2217] = Z 5
[2218] = CNOT 5 34
[2219] = CNOT 5 35
[2220] = Z 5
[2221] = CNOT 5 35
[2222] = CNOT 5 36
[2223] = S 5
[2224] = Z 5
[2225] = CNOT 5 36
[2226] = CNOT 5 41
[2227] = Z 5
[2228] = CNOT 5 41
[2229] = CNOT 5 42
[2230] = Z 5
[2231] = CNOT 5 42
[2232] = CNOT 5 43
[2233] = Z 5
[2234] = CNOT 5 43
[2235] = CNOT 5 44
[2236] = S 5
[2237] = Z 5
[2238] = CNOT 5 44
[2239] = CNOT 5 45
[2240] = Z 5
[2241] = CNOT 5 45
[2242] = CNOT 5 50
[2243] = Z 5
[2244] = CNOT 5 50
[2245] = CNOT 5 9
[2246] = CNOT 5 10
[2247] = CNOT 5 14
[2248] = Z 5
[2249] = CNOT 5 14
[2250] = CNOT 5 18
[2251] = S 5
[2252] = Z 5
[2253] = CNOT 5 18
[2254] = CNOT 5 19
[2255] = S 5
[2256] = Z 5
[2257] = CNOT 5 19
[2258] = CNOT 5 35
[2259] = S 5
[2260] = Z 5
[2261] = CNOT 5 35
[2262] = CNOT 5 10
[2263] = CNOT 5 11
[2264] = CNOT 5 14
[2265] = S 5
[2266] = CNOT 5 14
[2267] = CNOT 5 17
[2268] = S 5
[2269] = CNOT 5 17
[2270] = CNOT 5 26
[2271] = S 5
[2272] = Z 5
[2273] = CNOT 5 26
[2274] = CNOT 5 27
[2275] = Z 5
[2276] = CNOT 5 27
[2277] = CNOT 5 28
[2278] = Z 5
[2279] = CNOT 5 28
[2280] = CNOT 5 42
[2281] = Z 5
[2282] = CNOT 5 42
[2283] = CNOT 5 43
[2284] = Z 5
[2285] = CNOT 5 43
[2286] = CNOT 5 44
[2287] = S 5
[2288] = Z 5
[2289] = CNOT 5 44
[2290] = CNOT 5 50
[2291] = S 5
[2292] = CNOT 5 50
[2293] = CNOT 5 11
[2294] = CNOT 5 12
[2295] = CNOT 5 25
[2296] = S 5
[2297] = Z 5
[2298] = CNOT 5 25
[2299] = CNOT 5 29
[2300] = Z 5
[2301] = CNOT 5 29
[2302] = CNOT 5 41
[2303] = Z 5
[2304] = CNOT 5 41
[2305] = CNOT 5 45
[2306] = Z 5
[2307] = CNOT 5 45
[2308] = CNOT 5 12
[2309] = CNOT 5 13
[2310] = CNOT 5 14
[2311] = Z 5
[2312] = CNOT 5 14
[2313] = CNOT 5 30
[2314] = S 5
[2315] = Z 5
[2316] = CNOT 5 30
[2317] = CNOT 5 40
[2318] = S 5
[2319] = Z 5
[2320] = CNOT 5 40
[2321] = CNOT 5 46
[2322] = S 5
[2323] = Z 5
[2324] = CNOT 5 46
[2325] = CNOT 5 13
[2326] = CNOT 5 14
[2327] = CNOT 5 17
[2328] = S 5
[2329] = Z 5
[2330] = CNOT 5 17
[2331] = CNOT 5 18
[2332] = Z 5
[2333] = CNOT 5 18
[2334] = CNOT 5 19
[2335] = Z 5
[2336] = CNOT 5 19
[2337] = CNOT 5 25
[2338] = Z 5
[2339] = CNOT 5 25
[2340] = CNOT 5 26
[2341] = Z 5
[2342] = CNOT 5 26
[2343] = CNOT 5 27
[2344] = Z 5
[2345] = CNOT 5 27
[2346] = CNOT 5 28
[2347] = Z 5
[2348] = CNOT 5 28
[2349] = CNOT 5 29
[2350] = Z 5
[2351] = CNOT 5 29
[2352] = CNOT 5 30
[2353] = S 5
[2354] = Z 5
[2355] = CNOT 5 30
[2356] = CNOT 5 34
[2357] = Z 5
[2358] = CNOT 5 34
[2359] = CNOT 5 35
[2360] = Z 5
[2361] = CNOT 5 35
[2362] = CNOT 5 36
[2363] = Z 5
[2364] = CNOT 5 36
[2365] = CNOT 5 40
[2366] = S 5
[2367] = Z 5
[2368] = CNOT 5 40
[2369] = CNOT 5 41
[2370] = Z 5
[2371] = CNOT 5 41
[2372] = CNOT 5 42
[2373] = Z 5
[2374] = CNOT 5 42
[2375] = CNOT 5 43
[2376] = Z 5
[2377] = CNOT 5 43
[2378] = CNOT 5 44
[2379] = S 5
[2380] = Z 5
[2381] = CNOT 5 44
[2382] = CNOT 5 45
[2383] = Z 5
[2384] = CNOT 5 45
[2385] = CNOT 5 46
[2386] = S 5
[2387] = Z 5
[2388] = CNOT 5 46
[2389] = CNOT 5 50
[2390] = S 5
[2391] = CNOT 5 50
[2392] = CNOT 5 14
[2393] = CNOT 5 17
[2394] = CNOT 5 20
[2395] = S 5
[2396] = Z 5
[2397] = CNOT 5 20
[2398] = CNOT 5 25
[2399] = Z 5
[2400] = CNOT 5 25
[2401] = CNOT 5 26
[2402] = Z 5
[2403] = CNOT 5 26
[2404] = CNOT 5 27
[2405] = Z 5
[2406] = CNOT 5 27
[2407] = CNOT 5 28
[2408] = Z 5
[2409] = CNOT 5 28
[2410] = CNOT 5 29
[2411] = Z 5
[2412] = CNOT 5 29
[2413] = CNOT 5 34
[2414] = Z 5
[2415] = CNOT 5 34
[2416] = CNOT 5 36
[2417] = Z 5
[2418] = CNOT 5 36
[2419] = CNOT 5 41
[2420] = Z 5
[2421] = CNOT 5 41
[2422] = CNOT 5 42
[2423] = Z 5
[2424] = CNOT 5 42
[2425] = CNOT 5 43
[2426] = Z 5
[2427] = CNOT 5 43
[2428] = CNOT 5 44
[2429] = S 5
[2430] = Z 5
[2431] = CNOT 5 44
[2432] = CNOT 5 45
[2433] = Z 5
[2434] = CNOT 5 45
[2435] = CNOT 5 50
[2436] = S 5
[2437] = CNOT 5 50
[2438] = CNOT 5 17
[2439] = CNOT 5 18
[2440] = CNOT 5 19
[2441] = S 5
[2442] = Z 5
[2443] = CNOT 5 19
[2444] = CNOT 5 35
[2445] = Z 5
[2446] = CNOT 5 18
[2447] = CNOT 5 19
[2448] = S 5
[2449] = Z 5
[2450] = CNOT 5 35
[2451] = CNOT 5 19
[2452] = CNOT 5 20
[2453] = CNOT 5 34
[2454] = S 5
[2455] = Z 5
[2456] = CNOT 5 34
[2457] = CNOT 5 20
[2458] = CNOT 5 25
[2459] = CNOT 5 29
[2460] = S 5
[2461] = Z 5
[2462] = CNOT 5 29
[2463] = CNOT 5 50
[2464] = Z 5
[2465] = CNOT 5 50
[2466] = CNOT 5 25
[2467] = CNOT 5 26
[2468] = CNOT 5 28
[2469] = S 5
[2470] = Z 5
[2471] = CNOT 5 28
[2472] = CNOT 5 50
[2473] = Z 5
[2474] = CNOT 5 50
[2475] = CNOT 5 26
[2476] = CNOT 5 27
[2477] = CNOT 5 43
[2478] = Z 5
[2479] = CNOT 5 43
[2480] = CNOT 5 44
[2481] = Z 5
[2482] = CNOT 5 44
[2483] = CNOT 5 50
[2484] = Z 5
[2485] = CNOT 5 50
[2486] = CNOT 5 27
[2487] = CNOT 5 28
[2488] = CNOT 5 42
[2489] = S 5
[2490] = Z 5
[2491] = CNOT 5 42
[2492] = CNOT 5 50
[2493] = Z 5
[2494] = CNOT 5 50
[2495] = CNOT 5 28
[2496] = CNOT 5 29
[2497] = CNOT 5 41
[2498] = S 5
[2499] = Z 5
[2500] = CNOT 5 41
[2501] = CNOT 5 50
[2502] = Z 5
[2503] = CNOT 5 50
[2504] = CNOT 5 29
[2505] = CNOT 5 34
[2506] = CNOT 5 36
[2507] = S 5
[2508] = Z 5
[2509] = CNOT 5 34
[2510] = CNOT 5 50
[2511] = S 5
[2512] = Z 5
[2513] = CNOT 5 50
[2514] = CNOT 5 36
[2515] = CNOT 5 41
[2516] = CNOT 5 45
[2517] = S 5
[2518] = Z 5
[2519] = CNOT 5 45
[2520] = CNOT 5 50
[2521] = Z 5
[2522] = CNOT 5 50
[2523] = CNOT 5 41
[2524] = CNOT 5 42
[2525] = CNOT 5 44
[2526] = S 5
[2527] = Z 5
[2528] = CNOT 5 44
[2529] = CNOT 5 50
[2530] = Z 5
[2531] = CNOT 5 50
[2532] = CNOT 5 42
[2533] = CNOT 5 43
[2534] = CNOT 5 44
[2535] = Z 5
[2536] = CNOT 5 44
[2537] = CNOT 5 50
[2538] = Z 5
[2539] = CNOT 5 43
[2540] = CNOT 5 44
[2541] = S 5
[2542] = Z 5
[2543] = CNOT 5 44
[2544] = CNOT 5 45
[2545] = Z 5
[2546] = CNOT 5 50
[2547] = CNOT 5 45
[2548] = CNOT 7 15
[2549] = CNOT 7 16
[2550] = Z 7
[2551] = CNOT 7 16
[2552] = CNOT 7 32
[2553] = S 7
[2554] = Z 7
[2555] = CNOT 7 32
[2556] = CNOT 7 38
[2557] = S 7
[2558] = Z 7
[2559] = CNOT 7 38
[2560] = CNOT 7 47
[2561] = Z 7
[2562] = CNOT 7 47
[2563] = CNOT 7 48
[2564] = S 7
[2565] = Z 7
[2566] = CNOT 7 48
[2567] = CNOT 7 49
[2568] = Z 7
[2569] = CNOT 7 49
[2570] = CNOT 7 15
[2571] = CNOT 7 16
[2572] = CNOT 7 22
[2573] = S 7
[2574] = Z 7
[2575] = CNOT 7 22
[2576] = CNOT 7 32
[2577] = S 7
[2578] = Z 7
[2579] = CNOT 7 32
[2580] = CNOT 7 38
[2581] = S 7
[2582] = Z 7
[2583] = CNOT 7 38
[2584] = CNOT 7 47
[2585] = S 7
[2586] = CNOT 7 47
[2587] = CNOT 7 48
[2588] = S 7
[2589] = Z 7
[2590] = CNOT 7 48
[2591] = CNOT 7 49
[2592] = S 7
[2593] = CNOT 7 49
[2594] = CNOT 7 16
[2595] = CNOT 7 22
[2596] = CNOT 7 47
[2597] = S 7
[2598] = Z 7
[2599] = CNOT 7 47
[2600] = CNOT 7 49
[2601] = S 7
[2602] = Z 7
[2603] = CNOT 7 49
[2604] = CNOT 7 22
[2605] = CNOT 7 32
[2606] = CNOT 7 47
[2607] = S 7
[2608] = Z 7
[2609] = CNOT 7 47
[2610] = CNOT 7 49
[2611] = S 7
[2612] = Z 7
[2613] = CNOT 7 49
[2614] = CNOT 7 32
[2615] = CNOT 7 38
[2616] = CNOT 7 47
[2617] = S 7
[2618] = Z 7
[2619] = CNOT 7 47
[2620] = CNOT 7 49
[2621] = S 7
[2622] = Z 7
[2623] = CNOT 7 49
[2624] = CNOT 7 38
[2625] = CNOT 7 47
[2626] = CNOT 7 48
[2627] = S 7
[2628] = Z 7
[2629] = CNOT 7 48
[2630] = CNOT 7 49
[2631] = S 7
[2632] = CNOT 7 47
[2633] = CNOT 7 48
[2634] = S 7
[2635] = Z 7
[2636] = CNOT 7 49
[2637] = CNOT 7 48
[2638] = CNOT 8 16
[2639] = CNOT 8 47
[2640] = S 8
[2641] = Z 8
[2642] = CNOT 8 47
[2643] = CNOT 8 49
[2644] = S 8
[2645] = Z 8
[2646] = CNOT 8 49
[2647] = CNOT 8 16
[2648] = CNOT 8 21
[2649] = CNOT 8 47
[2650] = S 8
[2651] = Z 8
[2652] = CNOT 8 47
[2653] = CNOT 8 49
[2654] = S 8
[2655] = Z 8
[2656] = CNOT 8 49
[2657] = CNOT 8 21
[2658] = CNOT 8 33
[2659] = CNOT 8 47
[2660] = S 8
[2661] = Z 8
[2662] = CNOT 8 47
[2663] = CNOT 8 49
[2664] = S 8
[2665] = Z 8
[2666] = CNOT 8 33
[2667] = CNOT 8 47
[2668] = Z 8
[2669] = CNOT 8 49
[2670] = CNOT 8 47
[2671] = CNOT 9 10
[2672] = CNOT 9 14
[2673] = Z 9
[2674] = CNOT 9 14
[2675] = CNOT 9 18
[2676] = S 9
[2677] = Z 9
[2678] = CNOT 9 18
[2679] = CNOT 9 19
[2680] = S 9
[2681] = Z 9
[2682] = CNOT 9 19
[2683] = CNOT 9 35
[2684] = S 9
[2685] = Z 9
[2686] = CNOT 9 35
[2687] = CNOT 9 10
[2688] = CNOT 9 11
[2689] = CNOT 9 14
[2690] = S 9
[2691] = CNOT 9 14
[2692] = CNOT 9 17
[2693] = S 9
[2694] = CNOT 9 17
[2695] = CNOT 9 26
[2696] = S 9
[2697] = Z 9
[2698] = CNOT 9 26
[2699] = CNOT 9 27
[2700] = Z 9
[2701] = CNOT 9 27
[2702] = CNOT 9 28
[2703] = Z 9
[2704] = CNOT 9 28
[2705] = CNOT 9 42
[2706] = Z 9
[2707] = CNOT 9 42
[2708] = CNOT 9 43
[2709] = Z 9
[2710] = CNOT 9 43
[2711] = CNOT 9 44
[2712] = S 9
[2713] = Z 9
[2714] = CNOT 9 44
[2715] = CNOT 9 50
[2716] = S 9
[2717] = CNOT 9 50
[2718] = CNOT 9 11
[2719] = CNOT 9 12
[2720] = CNOT 9 25
[2721] = S 9
[2722] = Z 9
[2723] = CNOT 9 25
[2724] = CNOT 9 29
[2725] = Z 9
[2726] = CNOT 9 29
[2727] = CNOT 9 41
[2728] = Z 9
[2729] = CNOT 9 41
[2730] = CNOT 9 45
[2731] = Z 9
[2732] = CNOT 9 45
[2733] = CNOT 9 12
[2734] = CNOT 9 14
[2735] = CNOT 9 17
[2736] = S 9
[2737] = CNOT 9 17
[2738] = CNOT 9 18
[2739] = Z 9
[2740] = CNOT 9 18
[2741] = CNOT 9 19
[2742] = Z 9
[2743] = CNOT 9 19
[2744] = CNOT 9 20
[2745] = S 9
[2746] = Z 9
[2747] = CNOT 9 20
[2748] = CNOT 9 25
[2749] = Z 9
[2750] = CNOT 9 25
[2751] = CNOT 9 26
[2752] = Z 9
[2753] = CNOT 9 26
[2754] = CNOT 9 27
[2755] = Z 9
[2756] = CNOT 9 27
[2757] = CNOT 9 28
[2758] = Z 9
[2759] = CNOT 9 28
[2760] = CNOT 9 29
[2761] = Z 9
[2762] = CNOT 9 29
[2763] = CNOT 9 34
[2764] = S 9
[2765] = Z 9
[2766] = CNOT 9 34
[2767] = CNOT 9 35
[2768] = Z 9
[2769] = CNOT 9 35
[2770] = CNOT 9 36
[2771] = S 9
[2772] = Z 9
[2773] = CNOT 9 36
[2774] = CNOT 9 41
[2775] = Z 9
[2776] = CNOT 9 41
[2777] = CNOT 9 42
[2778] = Z 9
[2779] = CNOT 9 42
[2780] = CNOT 9 43
[2781] = Z 9
[2782] = CNOT 9 43
[2783] = CNOT 9 44
[2784] = S 9
[2785] = Z 9
[2786] = CNOT 9 44
[2787] = CNOT 9 45
[2788] = Z 9
[2789] = CNOT 9 45
[2790] = CNOT 9 50
[2791] = Z 9
[2792] = CNOT 9 50
[2793] = CNOT 9 14
[2794] = CNOT 9 17
[2795] = CNOT 9 25
[2796] = Z 9
[2797] = CNOT 9 25
[2798] = CNOT 9 26
[2799] = Z 9
[2800] = CNOT 9 26
[2801] = CNOT 9 27
[2802] = Z 9
[2803] = CNOT 9 27
[2804] = CNOT 9 28
[2805] = Z 9
[2806] = CNOT 9 28
[2807] = CNOT 9 29
[2808] = Z 9
[2809] = CNOT 9 29
[2810] = CNOT 9 34
[2811] = S 9
[2812] = Z 9
[2813] = CNOT 9 34
[2814] = CNOT 9 36
[2815] = S 9
[2816] = Z 9
[2817] = CNOT 9 36
[2818] = CNOT 9 41
[2819] = Z 9
[2820] = CNOT 9 41
[2821] = CNOT 9 42
[2822] = Z 9
[2823] = CNOT 9 42
[2824] = CNOT 9 43
[2825] = Z 9
[2826] = CNOT 9 43
[2827] = CNOT 9 44
[2828] = S 9
[2829] = Z 9
[2830] = CNOT 9 44
[2831] = CNOT 9 45
[2832] = Z 9
[2833] = CNOT 9 45
[2834] = CNOT 9 50
[2835] = Z 9
[2836] = CNOT 9 50
[2837] = CNOT 9 17
[2838] = CNOT 9 18
[2839] = CNOT 9 19
[2840] = S 9
[2841] = Z 9
[2842] = CNOT 9 19
[2843] = CNOT 9 35
[2844] = Z 9
[2845] = CNOT 9 18
[2846] = CNOT 9 19
[2847] = S 9
[2848] = Z 9
[2849] = CNOT 9 35
[2850] = CNOT 9 19
[2851] = CNOT 9 25
[2852] = CNOT 9 29
[2853] = S 9
[2854] = Z 9
[2855] = CNOT 9 29
[2856] = CNOT 9 50
[2857] = Z 9
[2858] = CNOT 9 50
[2859] = CNOT 9 25
[2860] = CNOT 9 26
[2861] = CNOT 9 28
[2862] = S 9
[2863] = Z 9
[2864] = CNOT 9 28
[2865] = CNOT 9 50
[2866] = Z 9
[2867] = CNOT 9 50
[2868] = CNOT 9 26
[2869] = CNOT 9 27
[2870] = CNOT 9 43
[2871] = Z 9
[2872] = CNOT 9 43
[2873] = CNOT 9 44
[2874] = Z 9
[2875] = CNOT 9 44
[2876] = CNOT 9 50
[2877] = Z 9
[2878] = CNOT 9 50
[2879] = CNOT 9 27
[2880] = CNOT 9 28
[2881] = CNOT 9 42
[2882] = S 9
[2883] = Z 9
[2884] = CNOT 9 42
[2885] = CNOT 9 50
[2886] = Z 9
[2887] = CNOT 9 50
[2888] = CNOT 9 28
[2889] = CNOT 9 29
[2890] = CNOT 9 41
[2891] = S 9
[2892] = Z 9
[2893] = CNOT 9 41
[2894] = CNOT 9 50
[2895] = Z 9
[2896] = CNOT 9 50
[2897] = CNOT 9 29
[2898] = CNOT 9 41
[2899] = CNOT 9 45
[2900] = S 9
[2901] = Z 9
[2902] = CNOT 9 45
[2903] = CNOT 9 50
[2904] = Z 9
[2905] = CNOT 9 50
[2906] = CNOT 9 41
[2907] = CNOT 9 42
[2908] = CNOT 9 44
[2909] = S 9
[2910] = Z 9
[2911] = CNOT 9 44
[2912] = CNOT 9 50
[2913] = Z 9
[2914] = CNOT 9 50
[2915] = CNOT 9 42
[2916] = CNOT 9 43
[2917] = CNOT 9 44
[2918] = Z 9
[2919] = CNOT 9 44
[2920] = CNOT 9 50
[2921] = Z 9
[2922] = CNOT 9 43
[2923] = CNOT 9 44
[2924] = S 9
[2925] = Z 9
[2926] = CNOT 9 44
[2927] = CNOT 9 45
[2928] = Z 9
[2929] = CNOT 9 50
[2930] = CNOT 9 45
[2931] = CNOT 10 14
[2932] = CNOT 10 18
[2933] = S 10
[2934] = Z 10
[2935] = CNOT 10 18
[2936] = CNOT 10 19
[2937] = S 10
[2938] = Z 10
[2939] = CNOT 10 19
[2940] = CNOT 10 35
[2941] = S 10
[2942] = Z 10
[2943] = CNOT 10 14
[2944] = CNOT 10 18
[2945] = S 10
[2946] = Z 10
[2947] = CNOT 10 35
[2948] = CNOT 10 18
[2949] = CNOT 11 14
[2950] = CNOT 11 17
[2951] = S 11
[2952] = CNOT 11 17
[2953] = CNOT 11 26
[2954] = S 11
[2955] = Z 11
[2956] = CNOT 11 26
[2957] = CNOT 11 27
[2958] = Z 11
[2959] = CNOT 11 27
[2960] = CNOT 11 28
[2961] = Z 11
[2962] = CNOT 11 28
[2963] = CNOT 11 42
[2964] = Z 11
[2965] = CNOT 11 42
[2966] = CNOT 11 43
[2967] = Z 11
[2968] = CNOT 11 43
[2969] = CNOT 11 44
[2970] = S 11
[2971] = Z 11
[2972] = CNOT 11 44
[2973] = CNOT 11 50
[2974] = S 11
[2975] = CNOT 11 50
[2976] = CNOT 11 14
[2977] = CNOT 11 17
[2978] = CNOT 11 26
[2979] = S 11
[2980] = Z 11
[2981] = CNOT 11 26
[2982] = CNOT 11 27
[2983] = Z 11
[2984] = CNOT 11 27
[2985] = CNOT 11 28
[2986] = Z 11
[2987] = CNOT 11 28
[2988] = CNOT 11 42
[2989] = Z 11
[2990] = CNOT 11 42
[2991] = CNOT 11 43
[2992] = Z 11
[2993] = CNOT 11 43
[2994] = CNOT 11 44
[2995] = S 11
[2996] = Z 11
[2997] = CNOT 11 44
[2998] = CNOT 11 50
[2999] = S 11
[3000] = CNOT 11 50
[3001] = CNOT 11 17
[3002] = CNOT 11 26
[3003] = CNOT 11 28
[3004] = S 11
[3005] = Z 11
[3006] = CNOT 11 28
[3007] = CNOT 11 50
[3008] = S 11
[3009] = Z 11
[3010] = CNOT 11 50
[3011] = CNOT 11 26
[3012] = CNOT 11 27
[3013] = CNOT 11 43
[3014] = Z 11
[3015] = CNOT 11 43
[3016] = CNOT 11 44
[3017] = Z 11
[3018] = CNOT 11 44
[3019] = CNOT 11 50
[3020] = Z 11
[3021] = CNOT 11 50
[3022] = CNOT 11 27
[3023] = CNOT 11 28
[3024] = CNOT 11 42
[3025] = S 11
[3026] = Z 11
[3027] = CNOT 11 42
[3028] = CNOT 11 50
[3029] = Z 11
[3030] = CNOT 11 50
[3031] = CNOT 11 28
[3032] = CNOT 11 42
[3033] = CNOT 11 44
[3034] = S 11
[3035] = Z 11
[3036] = CNOT 11 44
[3037] = CNOT 11 50
[3038] = Z 11
[3039] = CNOT 11 50
[3040] = CNOT 11 42
[3041] = CNOT 11 43
[3042] = CNOT 11 44
[3043] = Z 11
[3044] = CNOT 11 44
[3045] = CNOT 11 50
[3046] = Z 11
[3047] = CNOT 11 43
[3048] = CNOT 11 44
[3049] = S 11
[3050] = Z 11
[3051] = CNOT 11 50
[3052] = CNOT 12 14
[3053] = CNOT 12 25
[3054] = S 12
[3055] = Z 12
[3056] = CNOT 12 25
[3057] = CNOT 12 29
[3058] = Z 12
[3059] = CNOT 12 29
[3060] = CNOT 12 41
[3061] = Z 12
[3062] = CNOT 12 41
[3063] = CNOT 12 45
[3064] = Z 12
[3065] = CNOT 12 45
[3066] = CNOT 12 14
[3067] = CNOT 12 17
[3068] = CNOT 12 25
[3069] = S 12
[3070] = Z 12
[3071] = CNOT 12 25
[3072] = CNOT 12 29
[3073] = Z 12
[3074] = CNOT 12 29
[3075] = CNOT 12 41
[3076] = Z 12
[3077] = CNOT 12 41
[3078] = CNOT 12 45
[3079] = Z 12
[3080] = CNOT 12 45
[3081] = CNOT 12 17
[3082] = CNOT 12 25
[3083] = CNOT 12 29
[3084] = S 12
[3085] = Z 12
[3086] = CNOT 12 29
[3087] = CNOT 12 50
[3088] = S 12
[3089] = Z 12
[3090] = CNOT 12 50
[3091] = CNOT 12 25
[3092] = CNOT 12 29
[3093] = CNOT 12 41
[3094] = S 12
[3095] = Z 12
[3096] = CNOT 12 41
[3097] = CNOT 12 50
[3098] = Z 12
[3099] = CNOT 12 50
[3100] = CNOT 12 29
[3101] = CNOT 12 41
[3102] = CNOT 12 45
[3103] = S 12
[3104] = Z 12
[3105] = CNOT 12 45
[3106] = CNOT 12 50
[3107] = Z 12
[3108] = CNOT 12 41
[3109] = CNOT 12 45
[3110] = Z 12
[3111] = CNOT 12 50
[3112] = CNOT 13 14
[3113] = CNOT 13 24
[3114] = S 13
[3115] = Z 13
[3116] = CNOT 13 24
[3117] = CNOT 13 30
[3118] = Z 13
[3119] = CNOT 13 30
[3120] = CNOT 13 40
[3121] = Z 13
[3122] = CNOT 13 40
[3123] = CNOT 13 14
[3124] = CNOT 13 24
[3125] = CNOT 13 30
[3126] = S 13
[3127] = Z 13
[3128] = CNOT 13 24
[3129] = CNOT 13 40
[3130] = S 13
[3131] = Z 13
[3132] = CNOT 13 30
[3133] = CNOT 13 46
[3134] = S 13
[3135] = Z 13
[3136] = CNOT 13 40
[3137] = CNOT 14 17
[3138] = CNOT 14 20
[3139] = S 14
[3140] = Z 14
[3141] = CNOT 14 20
[3142] = CNOT 14 25
[3143] = Z 14
[3144] = CNOT 14 25
[3145] = CNOT 14 26
[3146] = Z 14
[3147] = CNOT 14 26
[3148] = CNOT 14 27
[3149] = Z 14
[3150] = CNOT 14 27
[3151] = CNOT 14 28
[3152] = Z 14
[3153] = CNOT 14 28
[3154] = CNOT 14 29
[3155] = Z 14
[3156] = CNOT 14 29
[3157] = CNOT 14 34
[3158] = Z 14
[3159] = CNOT 14 34
[3160] = CNOT 14 36
[3161] = Z 14
[3162] = CNOT 14 36
[3163] = CNOT 14 41
[3164] = Z 14
[3165] = CNOT 14 41
[3166] = CNOT 14 42
[3167] = Z 14
[3168] = CNOT 14 42
[3169] = CNOT 14 43
[3170] = Z 14
[3171] = CNOT 14 43
[3172] = CNOT 14 44
[3173] = S 14
[3174] = Z 14
[3175] = CNOT 14 44
[3176] = CNOT 14 45
[3177] = Z 14
[3178] = CNOT 14 45
[3179] = CNOT 14 50
[3180] = S 14
[3181] = CNOT 14 50
[3182] = CNOT 14 17
[3183] = CNOT 14 18
[3184] = CNOT 14 19
[3185] = S 14
[3186] = Z 14
[3187] = CNOT 14 19
[3188] = CNOT 14 35
[3189] = Z 14
[3190] = CNOT 14 18
[3191] = CNOT 14 19
[3192] = S 14
[3193] = Z 14
[3194] = CNOT 14 35
[3195] = CNOT 14 19
[3196] = CNOT 14 20
[3197] = CNOT 14 34
[3198] = S 14
[3199] = Z 14
[3200] = CNOT 14 34
[3201] = CNOT 14 20
[3202] = CNOT 14 24
[3203] = CNOT 14 30
[3204] = S 14
[3205] = Z 14
[3206] = CNOT 14 30
[3207] = CNOT 14 24
[3208] = CNOT 14 25
[3209] = CNOT 14 29
[3210] = S 14
[3211] = Z 14
[3212] = CNOT 14 29
[3213] = CNOT 14 50
[3214] = Z 14
[3215] = CNOT 14 50
[3216] = CNOT 14 25
[3217] = CNOT 14 26
[3218] = CNOT 14 28
[3219] = S 14
[3220] = Z 14
[3221] = CNOT 14 28
[3222] = CNOT 14 50
[3223] = Z 14
[3224] = CNOT 14 50
[3225] = CNOT 14 26
[3226] = CNOT 14 27
[3227] = CNOT 14 43
[3228] = Z 14
[3229] = CNOT 14 43
[3230] = CNOT 14 44
[3231] = Z 14
[3232] = CNOT 14 44
[3233] = CNOT 14 50
[3234] = Z 14
[3235] = CNOT 14 50
[3236] = CNOT 14 27
[3237] = CNOT 14 28
[3238] = CNOT 14 42
[3239] = S 14
[3240] = Z 14
[3241] = CNOT 14 42
[3242] = CNOT 14 50
[3243] = Z 14
[3244] = CNOT 14 50
[3245] = CNOT 14 28
[3246] = CNOT 14 29
[3247] = CNOT 14 41
[3248] = S 14
[3249] = Z 14
[3250] = CNOT 14 41
[3251] = CNOT 14 50
[3252] = Z 14
[3253] = CNOT 14 50
[3254] = CNOT 14 29
[3255] = CNOT 14 30
[3256] = CNOT 14 40
[3257] = S 14
[3258] = Z 14
[3259] = CNOT 14 40
[3260] = CNOT 14 30
[3261] = CNOT 14 34
[3262] = CNOT 14 36
[3263] = S 14
[3264] = Z 14
[3265] = CNOT 14 34
[3266] = CNOT 14 50
[3267] = S 14
[3268] = Z 14
[3269] = CNOT 14 50
[3270] = CNOT 14 36
[3271] = CNOT 14 40
[3272] = CNOT 14 46
[3273] = S 14
[3274] = Z 14
[3275] = CNOT 14 46
[3276] = CNOT 14 40
[3277] = CNOT 14 41
[3278] = CNOT 14 45
[3279] = S 14
[3280] = Z 14
[3281] = CNOT 14 45
[3282] = CNOT 14 50
[3283] = Z 14
[3284] = CNOT 14 50
[3285] = CNOT 14 41
[3286] = CNOT 14 42
[3287] = CNOT 14 44
[3288] = S 14
[3289] = Z 14
[3290] = CNOT 14 44
[3291] = CNOT 14 50
[3292] = Z 14
[3293] = CNOT 14 50
[3294] = CNOT 14 42
[3295] = CNOT 14 43
[3296] = CNOT 14 44
[3297] = Z 14
[3298] = CNOT 14 44
[3299] = CNOT 14 50
[3300] = Z 14
[3301] = CNOT 14 43
[3302] = CNOT 14 44
[3303] = S 14
[3304] = Z 14
[3305] = CNOT 14 44
[3306] = CNOT 14 45
[3307] = Z 14
[3308] = CNOT 14 50
[3309] = CNOT 14 45
[3310] = CNOT 15 16
[3311] = CNOT 15 22
[3312] = S 15
[3313] = Z 15
[3314] = CNOT 15 22
[3315] = CNOT 15 32
[3316] = Z 15
[3317] = CNOT 15 32
[3318] = CNOT 15 38
[3319] = Z 15
[3320] = CNOT 15 38
[3321] = CNOT 15 48
[3322] = Z 15
[3323] = CNOT 15 48
[3324] = CNOT 15 16
[3325] = CNOT 15 22
[3326] = CNOT 15 32
[3327] = S 15
[3328] = Z 15
[3329] = CNOT 15 32
[3330] = CNOT 15 47
[3331] = S 15
[3332] = Z 15
[3333] = CNOT 15 47
[3334] = CNOT 15 49
[3335] = S 15
[3336] = Z 15
[3337] = CNOT 15 49
[3338] = CNOT 15 22
[3339] = CNOT 15 32
[3340] = CNOT 15 38
[3341] = S 15
[3342] = Z 15
[3343] = CNOT 15 38
[3344] = CNOT 15 47
[3345] = Z 15
[3346] = CNOT 15 47
[3347] = CNOT 15 49
[3348] = Z 15
[3349] = CNOT 15 49
[3350] = CNOT 15 32
[3351] = CNOT 15 38
[3352] = CNOT 15 47
[3353] = Z 15
[3354] = CNOT 15 47
[3355] = CNOT 15 48
[3356] = S 15
[3357] = Z 15
[3358] = CNOT 15 48
[3359] = CNOT 15 49
[3360] = Z 15
[3361] = CNOT 15 49
[3362] = CNOT 15 38
[3363] = CNOT 15 47
[3364] = CNOT 15 48
[3365] = Z 15
[3366] = CNOT 15 47
[3367] = CNOT 15 49
[3368] = Z 15
[3369] = CNOT 15 49
[3370] = CNOT 16 21
[3371] = CNOT 16 47
[3372] = S 16
[3373] = Z 16
[3374] = CNOT 16 47
[3375] = CNOT 16 49
[3376] = S 16
[3377] = Z 16
[3378] = CNOT 16 49
[3379] = CNOT 16 21
[3380] = CNOT 16 22
[3381] = CNOT 16 32
[3382] = S 16
[3383] = Z 16
[3384] = CNOT 16 32
[3385] = CNOT 16 47
[3386] = Z 16
[3387] = CNOT 16 47
[3388] = CNOT 16 49
[3389] = Z 16
[3390] = CNOT 16 49
[3391] = CNOT 16 22
[3392] = CNOT 16 32
[3393] = CNOT 16 38
[3394] = S 16
[3395] = Z 16
[3396] = CNOT 16 38
[3397] = CNOT 16 47
[3398] = Z 16
[3399] = CNOT 16 47
[3400] = CNOT 16 49
[3401] = Z 16
[3402] = CNOT 16 49
[3403] = CNOT 16 32
[3404] = CNOT 16 38
[3405] = CNOT 16 47
[3406] = Z 16
[3407] = CNOT 16 47
[3408] = CNOT 16 48
[3409] = S 16
[3410] = Z 16
[3411] = CNOT 16 48
[3412] = CNOT 16 49
[3413] = Z 16
[3414] = CNOT 16 49
[3415] = CNOT 16 38
[3416] = CNOT 16 47
[3417] = CNOT 16 48
[3418] = Z 16
[3419] = CNOT 16 48
[3420] = CNOT 16 49
[3421] = S 16
[3422] = CNOT 16 47
[3423] = CNOT 16 48
[3424] = Z 16
[3425] = CNOT 16 48
[3426] = CNOT 17 20
[3427] = CNOT 17 34
[3428] = S 17
[3429] = Z 17
[3430] = CNOT 17 34
[3431] = CNOT 17 20
[3432] = CNOT 17 25
[3433] = CNOT 17 29
[3434] = S 17
[3435] = Z 17
[3436] = CNOT 17 29
[3437] = CNOT 17 50
[3438] = Z 17
[3439] = CNOT 17 50
[3440] = CNOT 17 25
[3441] = CNOT 17 26
[3442] = CNOT 17 28
[3443] = S 17
[3444] = Z 17
[3445] = CNOT 17 28
[3446] = CNOT 17 50
[3447] = Z 17
[3448] = CNOT 17 50
[3449] = CNOT 17 26
[3450] = CNOT 17 27
[3451] = CNOT 17 43
[3452] = Z 17
[3453] = CNOT 17 43
[3454] = CNOT 17 44
[3455] = Z 17
[3456] = CNOT 17 44
[3457] = CNOT 17 50
[3458] = Z 17
[3459] = CNOT 17 50
[3460] = CNOT 17 27
[3461] = CNOT 17 28
[3462] = CNOT 17 42
[3463] = S 17
[3464] = Z 17
[3465] = CNOT 17 42
[3466] = CNOT 17 50
[3467] = Z 17
[3468] = CNOT 17 50
[3469] = CNOT 17 28
[3470] = CNOT 17 29
[3471] = CNOT 17 41
[3472] = S 17
[3473] = Z 17
[3474] = CNOT 17 41
[3475] = CNOT 17 50
[3476] = Z 17
[3477] = CNOT 17 50
[3478] = CNOT 17 29
[3479] = CNOT 17 34
[3480] = CNOT 17 36
[3481] = S 17
[3482] = Z 17
[3483] = CNOT 17 34
[3484] = CNOT 17 50
[3485] = S 17
[3486] = Z 17
[3487] = CNOT 17 50
[3488] = CNOT 17 36
[3489] = CNOT 17 41
[3490] = CNOT 17 45
[3491] = S 17
[3492] = Z 17
[3493] = CNOT 17 45
[3494] = CNOT 17 50
[3495] = Z 17
[3496] = CNOT 17 50
[3497] = CNOT 17 41
[3498] = CNOT 17 42
[3499] = CNOT 17 44
[3500] = S 17
[3501] = Z 17
[3502] = CNOT 17 44
[3503] = CNOT 17 50
[3504] = Z 17
[3505] = CNOT 17 50
[3506] = CNOT 17 42
[3507] = CNOT 17 43
[3508] = CNOT 17 44
[3509] = Z 17
[3510] = CNOT 17 44
[3511] = CNOT 17 50
[3512] = Z 17
[3513] = CNOT 17 43
[3514] = CNOT 17 44
[3515] = S 17
[3516] = Z 17
[3517] = CNOT 17 44
[3518] = CNOT 17 45
[3519] = Z 17
[3520] = CNOT 17 45
[3521] = CNOT 18 19
[3522] = CNOT 18 35
[3523] = S 18
[3524] = Z 18
[3525] = CNOT 18 35
[3526] = CNOT 18 19
[3527] = CNOT 21 33
[3528] = CNOT 21 47
[3529] = S 21
[3530] = Z 21
[3531] = CNOT 21 47
[3532] = CNOT 21 49
[3533] = S 21
[3534] = Z 21
[3535] = CNOT 21 33
[3536] = CNOT 21 47
[3537] = Z 21
[3538] = CNOT 21 49
[3539] = CNOT 21 47
[3540] = CNOT 22 32
[3541] = CNOT 22 47
[3542] = S 22
[3543] = Z 22
[3544] = CNOT 22 47
[3545] = CNOT 22 49
[3546] = S 22
[3547] = Z 22
[3548] = CNOT 22 32
[3549] = CNOT 22 47
[3550] = Z 22
[3551] = CNOT 22 47
[3552] = CNOT 25 29
[3553] = CNOT 25 50
[3554] = S 25
[3555] = Z 25
[3556] = CNOT 25 50
[3557] = CNOT 25 29
[3558] = CNOT 26 28
[3559] = CNOT 26 50
[3560] = S 26
[3561] = Z 26
[3562] = CNOT 26 50
[3563] = CNOT 26 28
[3564] = CNOT 27 43
[3565] = CNOT 27 44
[3566] = Z 27
[3567] = CNOT 27 44
[3568] = CNOT 27 50
[3569] = Z 27
[3570] = CNOT 27 43
[3571] = CNOT 27 44
[3572] = Z 27
[3573] = CNOT 27 50
[3574] = CNOT 28 42
[3575] = CNOT 28 50
[3576] = S 28
[3577] = Z 28
[3578] = CNOT 28 50
[3579] = CNOT 28 42
[3580] = CNOT 29 41
[3581] = CNOT 29 50
[3582] = S 29
[3583] = Z 29
[3584] = CNOT 29 50
[3585] = CNOT 29 41
[3586] = CNOT 32 38
[3587] = CNOT 32 47
[3588] = S 32
[3589] = Z 32
[3590] = CNOT 32 47
[3591] = CNOT 32 49
[3592] = S 32
[3593] = Z 32
[3594] = CNOT 32 38
[3595] = CNOT 32 47
[3596] = Z 32
[3597] = CNOT 32 49
[3598] = CNOT 32 47
[3599] = CNOT 33 37
[3600] = CNOT 33 47
[3601] = S 33
[3602] = Z 33
[3603] = CNOT 33 47
[3604] = CNOT 33 49
[3605] = S 33
[3606] = Z 33
[3607] = CNOT 33 37
[3608] = CNOT 33 47
[3609] = Z 33
[3610] = CNOT 33 47
[3611] = CNOT 37 47
[3612] = CNOT 37 49
[3613] = S 37
[3614] = Z 37
[3615] = CNOT 37 49
[3616] = CNOT 37 47
[3617] = CNOT 38 47
[3618] = CNOT 38 48
[3619] = S 38
[3620] = Z 38
[3621] = CNOT 38 48
[3622] = CNOT 38 49
[3623] = Z 38
[3624] = CNOT 38 47
[3625] = CNOT 38 48
[3626] = S 38
[3627] = Z 38
[3628] = CNOT 38 48
[3629] = CNOT 41 45
[3630] = CNOT 41 50
[3631] = S 41
[3632] = Z 41
[3633] = CNOT 41 50
[3634] = CNOT 41 45
[3635] = CNOT 42 44
[3636] = CNOT 42 50
[3637] = S 42
[3638] = Z 42
[3639] = CNOT 42 50
[3640] = CNOT 42 44
[3641] = CNOT 43 44
[3642] = CNOT 43 50
[3643] = Z 43
[3644] = CNOT 43 50
[3645] = CNOT 47 48
[3646] = CNOT 47 49
[3647] = Z 47
[3648] = CNOT 47 49
[3649] = CNOT 47 48
[3650] = CNOT 37 50
[3651] = CNOT 34 50
[3652] = CNOT 21 50
[3653] = CNOT 39 48
[3654] = CNOT 32 48
[3655] = CNOT 23 48
[3656] = CNOT 40 47
[3657] = CNOT 31 47
[3658] = CNOT 24 47
[3659] = CNOT 14 47
[3660] = CNOT 41 46
[3661] = CNOT 30 46
[3662] = CNOT 25 46
[3663] = CNOT 42 45
[3664] = CNOT 29 45
[3665] = CNOT 26 45
[3666] = CNOT 28 44
[3667] = CNOT 44 43
[3668] = CNOT 43 44
[3669] = CNOT 45 42
[3670] = CNOT 42 45
[3671] = CNOT 46 41
[3672] = CNOT 41 46
[3673] = CNOT 47 40
[3674] = CNOT 40 47
[3675] = CNOT 48 39
[3676] = CNOT 39 48
[3677] = CNOT 49 38
[3678] = CNOT 38 49
[3679] = CNOT 50 37
[3680] = CNOT 37 50
[3681] = CNOT 35 36
[3682] = CNOT 20 36
[3683] = CNOT 18 36
[3684] = CNOT 36 35
[3685] = CNOT 35 36
[3686] = CNOT 37 34
[3687] = CNOT 34 37
[3688] = CNOT 38 33
[3689] = CNOT 33 38
[3690] = CNOT 39 32
[3691] = CNOT 32 39
[3692] = CNOT 40 31
[3693] = CNOT 31 40
[3694] = CNOT 41 30
[3695] = CNOT 30 41
[3696] = CNOT 42 29
[3697] = CNOT 29 42
[3698] = CNOT 43 28
[3699] = CNOT 28 43
[3700] = CNOT 28 27
[3701] = CNOT 27 28
[3702] = CNOT 29 26
[3703] = CNOT 26 29
[3704] = CNOT 30 25
[3705] = CNOT 25 30
[3706] = CNOT 31 24
[3707] = CNOT 24 31
[3708] = CNOT 32 23
[3709] = CNOT 23 32
[3710] = CNOT 33 22
[3711] = CNOT 22 33
[3712] = CNOT 34 21
[3713] = CNOT 21 34
[3714] = CNOT 35 20
[3715] = CNOT 20 35
[3716] = CNOT 20 18
[3717] = CNOT 18 20
[3718] = CNOT 21 17
[3719] = CNOT 17 21
[3720] = CNOT 22 16
[3721] = CNOT 16 22
[3722] = CNOT 23 15
[3723] = CNOT 15 23
[3724] = CNOT 24 14
[3725] = CNOT 14 24
[3726] = CNOT 25 13
[3727] = CNOT 13 25
[3728] = CNOT 26 12
[3729] = CNOT 12 26
[3730] = CNOT 27 11
[3731] = CNOT 11 27
[3732] = H 20
[3733] = M 20
[3734] = H 21
[3735] = M 21
[3736] = H 22
[3737] = M 22
[3738] = H 23
[3739] = M 23
[3740] = H 24
[3741] = M 24
[3742] = H 25
[3743] = M 25
[3744] = H 26
[3745] = M 26
[3746] = H 27
[3747] = M 27
[3748] = H 28
[3749] = M 28
[3750] = H 29
[3751] = M 29
[3752] = H 30
[3753] = M 30
[3754] = H 31
[3755] = M 31
[3756] = H 32
[3757] = M 32
[3758] = H 33
[3759] = M 33
[3760] = H 34
[3761] = M 34
[3762] = H 35
[3763] = M 35
[3764] = H 36
[3765] = M 36
[3766] = H 37
[3767] = M 37
[3768] = H 38
[3769] = M 38
[3770] = H 39
[3771] = M 39
[3772] = H 40
[3773] = M 40
[3774] = H 41
[3775] = M 41
[3776] = H 42
[3777] = M 42
[3778] = H 43
[3779] = M 43
[3780] = H 44
[3781] = M 44
[3782] = H 45
[3783] = M 45
[3784] = H 46
[3785] = M 46
[3786] = H 47
[3787] = M 47
[3788] = H 48
[3789] = M 48
[3790] = H 49
[3791] = M 49
[3792] = H 50
[3793] = M 50
[3794] = H 18
[3795] = H 19
Gate distributions:
Input:
Operator distribution:
Total number of qubits = 19
Number of `data' qubits = 19
Number of `Toff_n' ancillas = 0
Number of Hadamard ancillas = 0
Hadamard ancilla cap = infinite
Number of {CNOT,T} partitions = 1
T count = 224
Cost estimation = 112034
	id	Count
	0	0
	1	0
	2	0
	3	34
	4	0
	5	0
	6	0
	7	0
	8	0
	9	0
	10	32
	11	0
	12	0
	13	0
	14	0
	15	0
	16	0
	17	0
	18	0
Output:
Operator distribution:
Total number of qubits = 50
Number of `data' qubits = 19
Number of `Toff_n' ancillas = 0
Number of Hadamard ancillas = 31
Hadamard ancilla cap = infinite
Number of {CNOT,T} partitions = 1
T count = 84
Cost estimation = 45727.5
	id	Count
	0	0
	1	0
	2	0
	3	65
	4	2409
	5	84
	6	0
	7	0
	8	0
	9	0
	10	0
	11	512
	12	0
	13	695
	14	0
	15	0
	16	0
	17	0
	18	31
Output T Count (SQC_Circuit) = 84
Output T Count (PhasePolynomial) = 84
Fail count = 0

Execution time: 23.0295s
Number of LCL errors: 0
Number of LCL warnings: 0
