Optimize a Clifford + T circuit.
Input filename = /home/ryo-mtmt/TOpt/forme/tpar_benchmark/barenco_tof_10.tfc
Number of unknown gates = 0
Number of unknown qubit labels = 0
Circuit filename: /home/ryo-mtmt/TOpt/forme/tpar_benchmark/barenco_tof_10.tfc

n 19
n_x 19
n_y 0
n_z 0
m 101
[0] = H 19
[1] = CCZ 10 18 19
[2] = H 18
[3] = CCZ 9 17 18
[4] = H 17
[5] = CCZ 8 16 17
[6] = H 16
[7] = CCZ 7 15 16
[8] = H 15
[9] = CCZ 6 14 15
[10] = H 14
[11] = CCZ 5 13 14
[12] = H 13
[13] = CCZ 4 12 13
[14] = H 12
[15] = CCZ 3 11 12
[16] = H 11
[17] = CCZ 1 2 11
[18] = H 11
[19] = CCZ 3 11 12
[20] = H 12
[21] = CCZ 4 12 13
[22] = H 13
[23] = CCZ 5 13 14
[24] = H 14
[25] = CCZ 6 14 15
[26] = H 15
[27] = CCZ 7 15 16
[28] = H 16
[29] = CCZ 8 16 17
[30] = H 17
[31] = CCZ 9 17 18
[32] = H 18
[33] = CCZ 10 18 19
[34] = H 19
[35] = H 18
[36] = CCZ 9 17 18
[37] = H 17
[38] = CCZ 8 16 17
[39] = H 16
[40] = CCZ 7 15 16
[41] = H 15
[42] = CCZ 6 14 15
[43] = H 14
[44] = CCZ 5 13 14
[45] = H 13
[46] = CCZ 4 12 13
[47] = H 12
[48] = CCZ 3 11 12
[49] = H 11
[50] = CCZ 1 2 11
[51] = H 11
[52] = CCZ 3 11 12
[53] = H 12
[54] = CCZ 4 12 13
[55] = H 13
[56] = CCZ 5 13 14
[57] = H 14
[58] = CCZ 6 14 15
[59] = H 15
[60] = CCZ 7 15 16
[61] = H 16
[62] = CCZ 8 16 17
[63] = H 17
[64] = CCZ 9 17 18
[65] = H 18

Algorithm used: todd_exp_packedlocal_diff_1111_p10

UniversalOptimize begin.
	Gate synthesis begin.
A_BMS
BMSparse object. Dims: 50x100
3598 3398 3397 3396 1996 896 1094 293 2592 292 1691 1690 1689 889 1688 888 3687 3287 3286 786 4782 682 4781 3781 2779 2579 2778 2578 4676 4675 4674 1171 371 370 3869 3069 784 3868 3068 4780 2467 2466 366 4865 4864 764 4863 1092 3662 762 3874 1561 2060 1560 1559 328 1988 1217 1170 1427 2316 3399 3142 1426 625 4029 232 2645 4550 2644 4549 1093 3663 322 3875 4132 1425 1806 4910 1354 408 3131 2124 1353 320 417 2472 416 3686 2915 4783 2470 414 1705 1704 624 905 4334 576 3403 4422 3908 3285 2257 2084 4911 2126 1355 3402 2909 2315 2829 2058 1801 1218 574 3401 568 4423 3909 1216 4137 1804 2318 902 2908 4333 3511 1095 1352 3510 4677 4420 1706 4421 4548 4020 1707 904 3731 898 4239 556 812 4241 900 138 3948 2085 4912 4913 3599 2314 1800 2828 1558 4028 630 3730 4238 4332 278 4133 680 4021 2736 450 234 2647 4335 1172 144 4862 236 2594 4136 2737 1424 139 3949 2867 40 4240 642 2142 2914 2143 3400 3143 1997 2254 44 38 552 1173 145 3130 46 2646 3780 4551 1990 1219 448 2252 2866 810 553 3284 2256 3056 3057 758 759 

[Experimental TODD PackedLocal + ChiDiff] Flags - Packed: 1, AA Table: 1, Memo: 1, Sketch: 1 (percent=10)
--- Round 0 | Current Columns: 100 ---
  [HIT!] Pair(73,95) Dist=2 | 100 -> 98 columns
Round 0 Finished in 75 ms.
--- Round 1 | Current Columns: 98 ---
  [HIT!] Pair(19,55) Dist=2 | 98 -> 96 columns
Round 1 Finished in 63 ms.
--- Round 2 | Current Columns: 96 ---
  [HIT!] Pair(27,61) Dist=2 | 96 -> 94 columns
Round 2 Finished in 45 ms.
--- Round 3 | Current Columns: 94 ---
  [HIT!] Pair(7,91) Dist=2 | 94 -> 92 columns
Round 3 Finished in 44 ms.
--- Round 4 | Current Columns: 92 ---
  [HIT!] Pair(35,47) Dist=2 | 92 -> 90 columns
Round 4 Finished in 118 ms.
--- Round 5 | Current Columns: 90 ---
  [HIT!] Pair(65,77) Dist=2 | 90 -> 88 columns
Round 5 Finished in 141 ms.
--- Round 6 | Current Columns: 88 ---
  [HIT!] Pair(7,13) Dist=3 | 88 -> 86 columns
Round 6 Finished in 314 ms.
--- Round 7 | Current Columns: 86 ---
  [SKETCH HIT!] Pair(25,71) Dist=4 | 86 -> 84 columns
Round 7 Finished in 345 ms.
--- Round 8 | Current Columns: 84 ---
Round 8 Finished in 7228 ms.

=== Optimization Summary ===
Algorithm       : LempelX2_M4RI_Experimental_PackedLocal_ChiDiff
Initial T-count : 100
Final T-count   : 84
Total Reduced   : 16 gates
Execution Time  : 8389 ms
Chi calculation : 1686.21 ms
AA Table calc   : 0.324 ms
Nullspace calc  : 1406.96 ms
Pairs tested    : 4756
Memo x hits     : 755
Avg affected    : 26238.9
Full NS empty   : 0
Sketch mode     : percent(10)
Sketch attempts : 4398
Sketch skipped  : 0
Sketch rejected : 3764
Sketch rank rej : 0
Sketch pair rej : 3764
Sketch passed   : 634
Sketch rows avg : 4157.06
Sketch y vectors: 30951
Sketch pair y   : 1304
Sketch y full ok: 1
Sketch y full ng: 1303
Sketch y reduced: 1
Sketch y no red : 0
Full NS skipped : 3765
Full NS computed: 633
Sketch time     : 5271.88 ms
============================
		TODD executed in 8.37666 seconds.
		Total time: 8.38456s
	Gate synthesis end.
	Total time: 21.1922s
UniversalOptimize end.
Output circuit:
n 50
n_x 19
n_y 0
n_z 31
m 3501
[0] = H 19
[1] = H 20
[2] = H 21
[3] = H 22
[4] = H 23
[5] = H 24
[6] = H 25
[7] = H 26
[8] = H 27
[9] = H 28
[10] = H 29
[11] = H 30
[12] = H 31
[13] = H 32
[14] = H 33
[15] = H 34
[16] = H 35
[17] = H 36
[18] = H 37
[19] = H 38
[20] = H 39
[21] = H 40
[22] = H 41
[23] = H 42
[24] = H 43
[25] = H 44
[26] = H 45
[27] = H 46
[28] = H 47
[29] = H 48
[30] = H 49
[31] = H 50
[32] = CNOT 3 10
[33] = CNOT 3 11
[34] = CNOT 3 17
[35] = CNOT 3 18
[36] = CNOT 3 19
[37] = CNOT 3 35
[38] = CNOT 3 50
[39] = T 3
[40] = CNOT 3 10
[41] = T 3
[42] = CNOT 3 19
[43] = CNOT 3 10
[44] = T 3
[45] = CNOT 3 10
[46] = T 3
[47] = CNOT 3 35
[48] = CNOT 3 18
[49] = CNOT 3 10
[50] = CNOT 3 19
[51] = T 3
[52] = CNOT 3 19
[53] = T 3
[54] = CNOT 3 10
[55] = CNOT 3 19
[56] = T 3
[57] = CNOT 3 50
[58] = CNOT 3 19
[59] = CNOT 3 17
[60] = CNOT 4 7
[61] = CNOT 4 11
[62] = CNOT 4 16
[63] = CNOT 4 33
[64] = CNOT 4 37
[65] = T 4
[66] = CNOT 4 37
[67] = CNOT 4 33
[68] = CNOT 4 5
[69] = CNOT 4 13
[70] = CNOT 4 14
[71] = CNOT 4 30
[72] = CNOT 4 40
[73] = CNOT 4 47
[74] = CNOT 4 49
[75] = T 4
[76] = CNOT 4 5
[77] = T 4
[78] = CNOT 4 49
[79] = CNOT 4 47
[80] = CNOT 4 40
[81] = CNOT 4 30
[82] = CNOT 4 14
[83] = CNOT 4 13
[84] = CNOT 3 9
[85] = CNOT 3 36
[86] = T 3
[87] = CNOT 3 9
[88] = T 3
[89] = Z 3
[90] = CNOT 3 36
[91] = CNOT 3 9
[92] = T 3
[93] = S 3
[94] = CNOT 3 9
[95] = CNOT 4 8
[96] = CNOT 4 33
[97] = CNOT 4 37
[98] = T 4
[99] = CNOT 4 37
[100] = CNOT 4 33
[101] = CNOT 4 8
[102] = CNOT 4 5
[103] = CNOT 4 13
[104] = CNOT 4 14
[105] = CNOT 4 24
[106] = CNOT 4 30
[107] = CNOT 4 47
[108] = CNOT 4 49
[109] = T 4
[110] = CNOT 4 5
[111] = T 4
[112] = CNOT 4 30
[113] = CNOT 4 13
[114] = CNOT 4 5
[115] = T 4
[116] = CNOT 4 24
[117] = T 4
[118] = CNOT 4 5
[119] = CNOT 4 24
[120] = T 4
[121] = CNOT 4 49
[122] = CNOT 4 47
[123] = CNOT 4 24
[124] = CNOT 4 16
[125] = CNOT 4 14
[126] = CNOT 4 7
[127] = CNOT 3 20
[128] = CNOT 3 34
[129] = CNOT 3 50
[130] = T 3
[131] = CNOT 3 20
[132] = CNOT 3 11
[133] = CNOT 4 12
[134] = CNOT 4 41
[135] = CNOT 4 45
[136] = T 4
[137] = CNOT 4 41
[138] = CNOT 4 11
[139] = CNOT 11 12
[140] = CNOT 11 41
[141] = CNOT 11 45
[142] = T 11
[143] = CNOT 11 45
[144] = CNOT 11 41
[145] = CNOT 11 12
[146] = CNOT 4 11
[147] = T 4
[148] = CNOT 4 45
[149] = CNOT 4 12
[150] = CNOT 4 11
[151] = CNOT 11 12
[152] = CNOT 11 45
[153] = T 11
[154] = Z 11
[155] = CNOT 11 45
[156] = CNOT 11 12
[157] = CNOT 4 11
[158] = CNOT 4 22
[159] = T 4
[160] = Z 4
[161] = CNOT 4 22
[162] = CNOT 4 7
[163] = CNOT 4 16
[164] = CNOT 4 21
[165] = CNOT 4 33
[166] = T 4
[167] = CNOT 4 33
[168] = CNOT 4 21
[169] = CNOT 4 16
[170] = CNOT 4 22
[171] = T 4
[172] = CNOT 4 22
[173] = CNOT 4 7
[174] = CNOT 3 9
[175] = CNOT 3 11
[176] = CNOT 3 36
[177] = T 3
[178] = CNOT 3 50
[179] = CNOT 3 36
[180] = CNOT 3 34
[181] = CNOT 3 11
[182] = CNOT 3 9
[183] = CNOT 4 12
[184] = CNOT 4 29
[185] = CNOT 4 41
[186] = T 4
[187] = CNOT 4 41
[188] = CNOT 4 29
[189] = CNOT 4 12
[190] = CNOT 4 11
[191] = CNOT 11 12
[192] = CNOT 11 29
[193] = CNOT 11 41
[194] = T 11
[195] = CNOT 11 41
[196] = CNOT 11 29
[197] = CNOT 11 12
[198] = CNOT 4 11
[199] = CNOT 4 15
[200] = CNOT 4 32
[201] = CNOT 4 38
[202] = T 4
[203] = CNOT 4 7
[204] = T 4
[205] = CNOT 4 38
[206] = CNOT 4 7
[207] = CNOT 3 42
[208] = CNOT 3 44
[209] = T 3
[210] = CNOT 3 42
[211] = CNOT 42 44
[212] = T 42
[213] = S 42
[214] = CNOT 42 44
[215] = T 3
[216] = S 3
[217] = CNOT 3 44
[218] = CNOT 3 11
[219] = CNOT 3 26
[220] = T 3
[221] = CNOT 3 26
[222] = CNOT 3 11
[223] = CNOT 3 28
[224] = CNOT 3 42
[225] = T 3
[226] = CNOT 3 42
[227] = CNOT 3 28
[228] = CNOT 28 42
[229] = T 28
[230] = S 28
[231] = CNOT 28 42
[232] = CNOT 1 2
[233] = CNOT 1 27
[234] = CNOT 1 43
[235] = CNOT 1 44
[236] = T 1
[237] = CNOT 1 2
[238] = CNOT 2 27
[239] = CNOT 2 43
[240] = CNOT 2 44
[241] = T 2
[242] = CNOT 2 44
[243] = CNOT 2 43
[244] = CNOT 2 27
[245] = T 1
[246] = CNOT 1 43
[247] = CNOT 1 27
[248] = CNOT 27 43
[249] = CNOT 27 44
[250] = T 27
[251] = Z 27
[252] = CNOT 27 44
[253] = CNOT 27 43
[254] = CNOT 4 22
[255] = T 4
[256] = CNOT 4 7
[257] = T 4
[258] = CNOT 4 32
[259] = CNOT 4 22
[260] = CNOT 4 15
[261] = CNOT 1 2
[262] = T 1
[263] = S 1
[264] = Z 1
[265] = CNOT 1 2
[266] = CNOT 2 44
[267] = T 2
[268] = S 2
[269] = CNOT 2 44
[270] = T 1
[271] = S 1
[272] = CNOT 1 44
[273] = CNOT 3 11
[274] = CNOT 3 17
[275] = CNOT 3 20
[276] = CNOT 3 50
[277] = T 3
[278] = CNOT 3 17
[279] = CNOT 4 5
[280] = CNOT 4 13
[281] = CNOT 4 14
[282] = CNOT 4 16
[283] = CNOT 4 40
[284] = CNOT 4 46
[285] = CNOT 4 47
[286] = CNOT 4 49
[287] = T 4
[288] = CNOT 4 5
[289] = T 4
[290] = CNOT 4 40
[291] = CNOT 4 5
[292] = T 4
[293] = CNOT 4 5
[294] = T 4
[295] = CNOT 4 46
[296] = CNOT 4 13
[297] = CNOT 4 6
[298] = CNOT 4 23
[299] = T 4
[300] = CNOT 4 23
[301] = T 4
[302] = CNOT 4 6
[303] = CNOT 4 23
[304] = T 4
[305] = CNOT 4 14
[306] = CNOT 3 9
[307] = CNOT 3 34
[308] = T 3
[309] = CNOT 3 34
[310] = CNOT 3 20
[311] = CNOT 3 11
[312] = CNOT 4 6
[313] = CNOT 4 31
[314] = T 4
[315] = CNOT 4 6
[316] = T 4
[317] = CNOT 4 49
[318] = CNOT 4 47
[319] = CNOT 4 31
[320] = CNOT 4 23
[321] = CNOT 4 16
[322] = CNOT 4 8
[323] = CNOT 4 21
[324] = T 4
[325] = CNOT 4 21
[326] = T 4
[327] = CNOT 4 8
[328] = CNOT 4 21
[329] = T 4
[330] = CNOT 4 21
[331] = CNOT 4 11
[332] = CNOT 11 26
[333] = T 11
[334] = S 11
[335] = CNOT 11 26
[336] = CNOT 4 8
[337] = CNOT 4 11
[338] = CNOT 4 16
[339] = CNOT 4 37
[340] = CNOT 4 49
[341] = T 4
[342] = CNOT 4 8
[343] = T 4
[344] = CNOT 4 37
[345] = CNOT 4 8
[346] = T 4
[347] = CNOT 4 49
[348] = CNOT 4 16
[349] = CNOT 4 8
[350] = CNOT 4 7
[351] = CNOT 3 11
[352] = CNOT 3 17
[353] = T 3
[354] = CNOT 3 17
[355] = CNOT 3 11
[356] = CNOT 3 9
[357] = CNOT 4 12
[358] = CNOT 4 25
[359] = CNOT 4 29
[360] = T 4
[361] = CNOT 4 29
[362] = CNOT 4 25
[363] = CNOT 4 12
[364] = CNOT 4 11
[365] = CNOT 11 12
[366] = CNOT 11 25
[367] = CNOT 11 29
[368] = T 11
[369] = CNOT 11 29
[370] = CNOT 11 25
[371] = CNOT 11 12
[372] = CNOT 4 6
[373] = CNOT 4 7
[374] = CNOT 4 11
[375] = CNOT 4 16
[376] = CNOT 4 31
[377] = CNOT 4 39
[378] = CNOT 4 47
[379] = CNOT 4 49
[380] = T 4
[381] = CNOT 4 6
[382] = T 4
[383] = CNOT 4 49
[384] = CNOT 4 47
[385] = CNOT 4 39
[386] = CNOT 4 31
[387] = CNOT 4 16
[388] = CNOT 4 7
[389] = CNOT 4 25
[390] = T 4
[391] = S 4
[392] = Z 4
[393] = CNOT 4 25
[394] = CNOT 4 7
[395] = CNOT 4 8
[396] = CNOT 4 16
[397] = CNOT 4 21
[398] = CNOT 4 33
[399] = T 4
[400] = CNOT 4 33
[401] = CNOT 4 21
[402] = CNOT 4 11
[403] = CNOT 4 8
[404] = CNOT 11 25
[405] = T 11
[406] = S 11
[407] = CNOT 11 25
[408] = CNOT 3 11
[409] = CNOT 3 34
[410] = CNOT 3 36
[411] = T 3
[412] = CNOT 3 36
[413] = CNOT 3 34
[414] = CNOT 4 6
[415] = CNOT 4 11
[416] = CNOT 4 39
[417] = CNOT 4 49
[418] = T 4
[419] = CNOT 4 6
[420] = T 4
[421] = CNOT 4 39
[422] = CNOT 4 6
[423] = T 4
[424] = CNOT 4 49
[425] = CNOT 4 16
[426] = CNOT 4 7
[427] = CNOT 4 6
[428] = CNOT 3 9
[429] = CNOT 3 17
[430] = CNOT 3 20
[431] = T 3
[432] = CNOT 3 50
[433] = CNOT 3 20
[434] = CNOT 3 17
[435] = CNOT 3 11
[436] = CNOT 3 9
[437] = CNOT 3 26
[438] = CNOT 3 28
[439] = T 3
[440] = CNOT 3 28
[441] = CNOT 3 26
[442] = CNOT 26 28
[443] = T 26
[444] = S 26
[445] = CNOT 26 28
[446] = CNOT 4 15
[447] = CNOT 4 38
[448] = CNOT 4 48
[449] = T 4
[450] = CNOT 4 7
[451] = T 4
[452] = CNOT 4 38
[453] = CNOT 4 7
[454] = T 4
[455] = CNOT 4 7
[456] = T 4
[457] = CNOT 4 48
[458] = CNOT 4 15
[459] = CNOT 4 11
[460] = CNOT 4 7
[461] = S 1
[462] = S 2
[463] = S 4
[464] = Z 5
[465] = S 6
[466] = S 7
[467] = S 9
[468] = Z 9
[469] = Z 10
[470] = S 11
[471] = S 12
[472] = Z 12
[473] = S 13
[474] = Z 14
[475] = Z 15
[476] = S 17
[477] = S 18
[478] = Z 18
[479] = Z 19
[480] = S 21
[481] = Z 21
[482] = S 23
[483] = S 24
[484] = Z 24
[485] = S 25
[486] = Z 25
[487] = S 26
[488] = S 28
[489] = S 29
[490] = S 30
[491] = S 31
[492] = S 33
[493] = Z 35
[494] = S 36
[495] = S 37
[496] = S 39
[497] = Z 39
[498] = S 40
[499] = S 41
[500] = S 42
[501] = S 44
[502] = S 45
[503] = S 46
[504] = Z 46
[505] = S 48
[506] = Z 49
[507] = Z 50
[508] = CNOT 1 2
[509] = Z 1
[510] = CNOT 1 2
[511] = CNOT 1 27
[512] = S 1
[513] = Z 1
[514] = CNOT 1 27
[515] = CNOT 1 43
[516] = S 1
[517] = Z 1
[518] = CNOT 1 43
[519] = CNOT 2 27
[520] = S 2
[521] = Z 2
[522] = CNOT 2 27
[523] = CNOT 2 43
[524] = S 2
[525] = Z 2
[526] = CNOT 2 43
[527] = CNOT 3 10
[528] = S 3
[529] = Z 3
[530] = CNOT 3 10
[531] = CNOT 3 11
[532] = Z 3
[533] = CNOT 3 11
[534] = CNOT 3 17
[535] = S 3
[536] = CNOT 3 17
[537] = CNOT 3 19
[538] = S 3
[539] = Z 3
[540] = CNOT 3 19
[541] = CNOT 3 20
[542] = S 3
[543] = CNOT 3 20
[544] = CNOT 3 26
[545] = S 3
[546] = CNOT 3 26
[547] = CNOT 3 28
[548] = S 3
[549] = CNOT 3 28
[550] = CNOT 3 34
[551] = S 3
[552] = CNOT 3 34
[553] = CNOT 3 36
[554] = S 3
[555] = Z 3
[556] = CNOT 3 36
[557] = CNOT 3 42
[558] = S 3
[559] = CNOT 3 42
[560] = CNOT 3 50
[561] = Z 3
[562] = CNOT 3 50
[563] = CNOT 4 5
[564] = S 4
[565] = Z 4
[566] = CNOT 4 5
[567] = CNOT 4 6
[568] = S 4
[569] = CNOT 4 6
[570] = CNOT 4 7
[571] = S 4
[572] = CNOT 4 7
[573] = CNOT 4 8
[574] = S 4
[575] = Z 4
[576] = CNOT 4 8
[577] = CNOT 4 11
[578] = Z 4
[579] = CNOT 4 11
[580] = CNOT 4 12
[581] = S 4
[582] = Z 4
[583] = CNOT 4 12
[584] = CNOT 4 13
[585] = S 4
[586] = CNOT 4 13
[587] = CNOT 4 14
[588] = S 4
[589] = Z 4
[590] = CNOT 4 14
[591] = CNOT 4 15
[592] = S 4
[593] = CNOT 4 15
[594] = CNOT 4 16
[595] = S 4
[596] = CNOT 4 16
[597] = CNOT 4 21
[598] = S 4
[599] = CNOT 4 21
[600] = CNOT 4 22
[601] = S 4
[602] = Z 4
[603] = CNOT 4 22
[604] = CNOT 4 23
[605] = S 4
[606] = Z 4
[607] = CNOT 4 23
[608] = CNOT 4 24
[609] = S 4
[610] = CNOT 4 24
[611] = CNOT 4 25
[612] = Z 4
[613] = CNOT 4 25
[614] = CNOT 4 29
[615] = S 4
[616] = Z 4
[617] = CNOT 4 29
[618] = CNOT 4 30
[619] = S 4
[620] = Z 4
[621] = CNOT 4 30
[622] = CNOT 4 31
[623] = S 4
[624] = Z 4
[625] = CNOT 4 31
[626] = CNOT 4 32
[627] = S 4
[628] = CNOT 4 32
[629] = CNOT 4 33
[630] = S 4
[631] = Z 4
[632] = CNOT 4 33
[633] = CNOT 4 37
[634] = S 4
[635] = Z 4
[636] = CNOT 4 37
[637] = CNOT 4 38
[638] = S 4
[639] = CNOT 4 38
[640] = CNOT 4 39
[641] = S 4
[642] = CNOT 4 39
[643] = CNOT 4 40
[644] = S 4
[645] = Z 4
[646] = CNOT 4 40
[647] = CNOT 4 41
[648] = S 4
[649] = Z 4
[650] = CNOT 4 41
[651] = CNOT 4 45
[652] = S 4
[653] = Z 4
[654] = CNOT 4 45
[655] = CNOT 4 46
[656] = Z 4
[657] = CNOT 4 46
[658] = CNOT 4 47
[659] = Z 4
[660] = CNOT 4 47
[661] = CNOT 4 49
[662] = Z 4
[663] = CNOT 4 49
[664] = CNOT 5 7
[665] = S 5
[666] = Z 5
[667] = CNOT 5 7
[668] = CNOT 5 11
[669] = S 5
[670] = Z 5
[671] = CNOT 5 11
[672] = CNOT 5 13
[673] = S 5
[674] = Z 5
[675] = CNOT 5 13
[676] = CNOT 5 14
[677] = S 5
[678] = Z 5
[679] = CNOT 5 14
[680] = CNOT 5 16
[681] = S 5
[682] = Z 5
[683] = CNOT 5 16
[684] = CNOT 5 30
[685] = S 5
[686] = CNOT 5 30
[687] = CNOT 5 40
[688] = S 5
[689] = CNOT 5 40
[690] = CNOT 5 46
[691] = S 5
[692] = CNOT 5 46
[693] = CNOT 5 47
[694] = S 5
[695] = Z 5
[696] = CNOT 5 47
[697] = CNOT 5 49
[698] = S 5
[699] = Z 5
[700] = CNOT 5 49
[701] = CNOT 6 7
[702] = S 6
[703] = CNOT 6 7
[704] = CNOT 6 11
[705] = S 6
[706] = CNOT 6 11
[707] = CNOT 6 14
[708] = S 6
[709] = Z 6
[710] = CNOT 6 14
[711] = CNOT 6 16
[712] = S 6
[713] = CNOT 6 16
[714] = CNOT 6 23
[715] = S 6
[716] = Z 6
[717] = CNOT 6 23
[718] = CNOT 6 31
[719] = S 6
[720] = Z 6
[721] = CNOT 6 31
[722] = CNOT 6 39
[723] = Z 6
[724] = CNOT 6 39
[725] = CNOT 6 47
[726] = S 6
[727] = Z 6
[728] = CNOT 6 47
[729] = CNOT 6 49
[730] = S 6
[731] = CNOT 6 49
[732] = CNOT 7 8
[733] = S 7
[734] = Z 7
[735] = CNOT 7 8
[736] = CNOT 7 11
[737] = S 7
[738] = CNOT 7 11
[739] = CNOT 7 13
[740] = S 7
[741] = CNOT 7 13
[742] = CNOT 7 14
[743] = S 7
[744] = Z 7
[745] = CNOT 7 14
[746] = CNOT 7 15
[747] = S 7
[748] = CNOT 7 15
[749] = CNOT 7 16
[750] = S 7
[751] = CNOT 7 16
[752] = CNOT 7 21
[753] = S 7
[754] = CNOT 7 21
[755] = CNOT 7 22
[756] = S 7
[757] = Z 7
[758] = CNOT 7 22
[759] = CNOT 7 23
[760] = S 7
[761] = Z 7
[762] = CNOT 7 23
[763] = CNOT 7 24
[764] = S 7
[765] = CNOT 7 24
[766] = CNOT 7 30
[767] = S 7
[768] = Z 7
[769] = CNOT 7 30
[770] = CNOT 7 31
[771] = S 7
[772] = Z 7
[773] = CNOT 7 31
[774] = CNOT 7 33
[775] = S 7
[776] = Z 7
[777] = CNOT 7 33
[778] = CNOT 7 37
[779] = S 7
[780] = Z 7
[781] = CNOT 7 37
[782] = CNOT 7 39
[783] = S 7
[784] = CNOT 7 39
[785] = CNOT 7 40
[786] = S 7
[787] = Z 7
[788] = CNOT 7 40
[789] = CNOT 7 46
[790] = Z 7
[791] = CNOT 7 46
[792] = CNOT 7 47
[793] = Z 7
[794] = CNOT 7 47
[795] = CNOT 7 49
[796] = Z 7
[797] = CNOT 7 49
[798] = CNOT 8 11
[799] = S 8
[800] = Z 8
[801] = CNOT 8 11
[802] = CNOT 8 16
[803] = S 8
[804] = Z 8
[805] = CNOT 8 16
[806] = CNOT 8 33
[807] = S 8
[808] = CNOT 8 33
[809] = CNOT 8 37
[810] = S 8
[811] = CNOT 8 37
[812] = CNOT 8 49
[813] = S 8
[814] = CNOT 8 49
[815] = CNOT 9 36
[816] = S 9
[817] = Z 9
[818] = CNOT 9 36
[819] = CNOT 9 50
[820] = S 9
[821] = CNOT 9 50
[822] = CNOT 10 11
[823] = S 10
[824] = Z 10
[825] = CNOT 10 11
[826] = CNOT 10 17
[827] = S 10
[828] = Z 10
[829] = CNOT 10 17
[830] = CNOT 10 18
[831] = Z 10
[832] = CNOT 10 18
[833] = CNOT 10 19
[834] = S 10
[835] = CNOT 10 19
[836] = CNOT 10 35
[837] = Z 10
[838] = CNOT 10 35
[839] = CNOT 10 50
[840] = S 10
[841] = Z 10
[842] = CNOT 10 50
[843] = CNOT 11 12
[844] = S 11
[845] = CNOT 11 12
[846] = CNOT 11 13
[847] = S 11
[848] = CNOT 11 13
[849] = CNOT 11 14
[850] = S 11
[851] = Z 11
[852] = CNOT 11 14
[853] = CNOT 11 15
[854] = S 11
[855] = CNOT 11 15
[856] = CNOT 11 16
[857] = S 11
[858] = CNOT 11 16
[859] = CNOT 11 17
[860] = S 11
[861] = CNOT 11 17
[862] = CNOT 11 19
[863] = S 11
[864] = Z 11
[865] = CNOT 11 19
[866] = CNOT 11 20
[867] = S 11
[868] = CNOT 11 20
[869] = CNOT 11 21
[870] = S 11
[871] = CNOT 11 21
[872] = CNOT 11 22
[873] = S 11
[874] = Z 11
[875] = CNOT 11 22
[876] = CNOT 11 23
[877] = S 11
[878] = Z 11
[879] = CNOT 11 23
[880] = CNOT 11 24
[881] = S 11
[882] = CNOT 11 24
[883] = CNOT 11 27
[884] = S 11
[885] = CNOT 11 27
[886] = CNOT 11 29
[887] = S 11
[888] = Z 11
[889] = CNOT 11 29
[890] = CNOT 11 30
[891] = S 11
[892] = Z 11
[893] = CNOT 11 30
[894] = CNOT 11 31
[895] = S 11
[896] = Z 11
[897] = CNOT 11 31
[898] = CNOT 11 32
[899] = S 11
[900] = CNOT 11 32
[901] = CNOT 11 33
[902] = S 11
[903] = Z 11
[904] = CNOT 11 33
[905] = CNOT 11 34
[906] = S 11
[907] = CNOT 11 34
[908] = CNOT 11 36
[909] = S 11
[910] = Z 11
[911] = CNOT 11 36
[912] = CNOT 11 37
[913] = S 11
[914] = Z 11
[915] = CNOT 11 37
[916] = CNOT 11 38
[917] = S 11
[918] = CNOT 11 38
[919] = CNOT 11 39
[920] = S 11
[921] = CNOT 11 39
[922] = CNOT 11 40
[923] = S 11
[924] = Z 11
[925] = CNOT 11 40
[926] = CNOT 11 41
[927] = S 11
[928] = Z 11
[929] = CNOT 11 41
[930] = CNOT 11 45
[931] = Z 11
[932] = CNOT 11 45
[933] = CNOT 11 46
[934] = Z 11
[935] = CNOT 11 46
[936] = CNOT 11 47
[937] = Z 11
[938] = CNOT 11 47
[939] = CNOT 11 49
[940] = Z 11
[941] = CNOT 11 49
[942] = CNOT 11 50
[943] = Z 11
[944] = CNOT 11 50
[945] = CNOT 12 25
[946] = S 12
[947] = Z 12
[948] = CNOT 12 25
[949] = CNOT 12 26
[950] = S 12
[951] = CNOT 12 26
[952] = CNOT 12 29
[953] = S 12
[954] = Z 12
[955] = CNOT 12 29
[956] = CNOT 12 41
[957] = S 12
[958] = Z 12
[959] = CNOT 12 41
[960] = CNOT 12 45
[961] = Z 12
[962] = CNOT 12 45
[963] = CNOT 13 14
[964] = S 13
[965] = CNOT 13 14
[966] = CNOT 13 16
[967] = S 13
[968] = CNOT 13 16
[969] = CNOT 13 24
[970] = S 13
[971] = CNOT 13 24
[972] = CNOT 13 25
[973] = S 13
[974] = CNOT 13 25
[975] = CNOT 13 30
[976] = S 13
[977] = Z 13
[978] = CNOT 13 30
[979] = CNOT 13 40
[980] = S 13
[981] = Z 13
[982] = CNOT 13 40
[983] = CNOT 13 46
[984] = Z 13
[985] = CNOT 13 46
[986] = CNOT 13 47
[987] = S 13
[988] = CNOT 13 47
[989] = CNOT 13 49
[990] = S 13
[991] = CNOT 13 49
[992] = CNOT 14 16
[993] = S 14
[994] = Z 14
[995] = CNOT 14 16
[996] = CNOT 14 23
[997] = S 14
[998] = Z 14
[999] = CNOT 14 23
[1000] = CNOT 14 24
[1001] = Z 14
[1002] = CNOT 14 24
[1003] = CNOT 14 30
[1004] = S 14
[1005] = Z 14
[1006] = CNOT 14 30
[1007] = CNOT 14 40
[1008] = S 14
[1009] = Z 14
[1010] = CNOT 14 40
[1011] = CNOT 14 46
[1012] = Z 14
[1013] = CNOT 14 46
[1014] = CNOT 14 47
[1015] = S 14
[1016] = Z 14
[1017] = CNOT 14 47
[1018] = CNOT 14 49
[1019] = S 14
[1020] = Z 14
[1021] = CNOT 14 49
[1022] = CNOT 15 23
[1023] = S 15
[1024] = CNOT 15 23
[1025] = CNOT 15 32
[1026] = S 15
[1027] = CNOT 15 32
[1028] = CNOT 15 38
[1029] = S 15
[1030] = CNOT 15 38
[1031] = CNOT 16 21
[1032] = S 16
[1033] = CNOT 16 21
[1034] = CNOT 16 22
[1035] = S 16
[1036] = CNOT 16 22
[1037] = CNOT 16 23
[1038] = S 16
[1039] = Z 16
[1040] = CNOT 16 23
[1041] = CNOT 16 24
[1042] = S 16
[1043] = CNOT 16 24
[1044] = CNOT 16 30
[1045] = S 16
[1046] = Z 16
[1047] = CNOT 16 30
[1048] = CNOT 16 31
[1049] = S 16
[1050] = Z 16
[1051] = CNOT 16 31
[1052] = CNOT 16 33
[1053] = S 16
[1054] = Z 16
[1055] = CNOT 16 33
[1056] = CNOT 16 37
[1057] = S 16
[1058] = Z 16
[1059] = CNOT 16 37
[1060] = CNOT 16 39
[1061] = S 16
[1062] = CNOT 16 39
[1063] = CNOT 16 40
[1064] = S 16
[1065] = Z 16
[1066] = CNOT 16 40
[1067] = CNOT 16 46
[1068] = Z 16
[1069] = CNOT 16 46
[1070] = CNOT 16 47
[1071] = Z 16
[1072] = CNOT 16 47
[1073] = CNOT 16 49
[1074] = Z 16
[1075] = CNOT 16 49
[1076] = CNOT 17 19
[1077] = S 17
[1078] = Z 17
[1079] = CNOT 17 19
[1080] = CNOT 17 21
[1081] = S 17
[1082] = CNOT 17 21
[1083] = CNOT 17 50
[1084] = S 17
[1085] = CNOT 17 50
[1086] = CNOT 18 19
[1087] = Z 18
[1088] = CNOT 18 19
[1089] = CNOT 18 20
[1090] = S 18
[1091] = CNOT 18 20
[1092] = CNOT 19 35
[1093] = Z 19
[1094] = CNOT 19 35
[1095] = CNOT 19 50
[1096] = S 19
[1097] = Z 19
[1098] = CNOT 19 50
[1099] = CNOT 20 35
[1100] = S 20
[1101] = CNOT 20 35
[1102] = CNOT 20 50
[1103] = S 20
[1104] = CNOT 20 50
[1105] = CNOT 21 33
[1106] = S 21
[1107] = CNOT 21 33
[1108] = CNOT 21 34
[1109] = S 21
[1110] = CNOT 21 34
[1111] = CNOT 22 33
[1112] = S 22
[1113] = CNOT 22 33
[1114] = CNOT 23 31
[1115] = S 23
[1116] = Z 23
[1117] = CNOT 23 31
[1118] = CNOT 23 32
[1119] = S 23
[1120] = CNOT 23 32
[1121] = CNOT 23 47
[1122] = S 23
[1123] = Z 23
[1124] = CNOT 23 47
[1125] = CNOT 23 49
[1126] = S 23
[1127] = Z 23
[1128] = CNOT 23 49
[1129] = CNOT 24 30
[1130] = S 24
[1131] = CNOT 24 30
[1132] = CNOT 24 31
[1133] = S 24
[1134] = CNOT 24 31
[1135] = CNOT 24 47
[1136] = S 24
[1137] = CNOT 24 47
[1138] = CNOT 24 49
[1139] = S 24
[1140] = CNOT 24 49
[1141] = CNOT 25 29
[1142] = S 25
[1143] = Z 25
[1144] = CNOT 25 29
[1145] = CNOT 25 30
[1146] = S 25
[1147] = CNOT 25 30
[1148] = CNOT 26 29
[1149] = S 26
[1150] = CNOT 26 29
[1151] = CNOT 27 28
[1152] = S 27
[1153] = CNOT 27 28
[1154] = CNOT 27 43
[1155] = Z 27
[1156] = CNOT 27 43
[1157] = CNOT 27 44
[1158] = Z 27
[1159] = CNOT 27 44
[1160] = CNOT 28 43
[1161] = S 28
[1162] = CNOT 28 43
[1163] = CNOT 29 41
[1164] = S 29
[1165] = Z 29
[1166] = CNOT 29 41
[1167] = CNOT 29 42
[1168] = S 29
[1169] = CNOT 29 42
[1170] = CNOT 30 40
[1171] = S 30
[1172] = CNOT 30 40
[1173] = CNOT 30 41
[1174] = S 30
[1175] = CNOT 30 41
[1176] = CNOT 30 47
[1177] = S 30
[1178] = Z 30
[1179] = CNOT 30 47
[1180] = CNOT 30 49
[1181] = S 30
[1182] = Z 30
[1183] = CNOT 30 49
[1184] = CNOT 31 39
[1185] = S 31
[1186] = Z 31
[1187] = CNOT 31 39
[1188] = CNOT 31 40
[1189] = S 31
[1190] = CNOT 31 40
[1191] = CNOT 31 47
[1192] = S 31
[1193] = Z 31
[1194] = CNOT 31 47
[1195] = CNOT 31 49
[1196] = S 31
[1197] = Z 31
[1198] = CNOT 31 49
[1199] = CNOT 32 39
[1200] = S 32
[1201] = CNOT 32 39
[1202] = CNOT 33 37
[1203] = S 33
[1204] = CNOT 33 37
[1205] = CNOT 33 38
[1206] = S 33
[1207] = CNOT 33 38
[1208] = CNOT 34 37
[1209] = S 34
[1210] = CNOT 34 37
[1211] = CNOT 34 50
[1212] = S 34
[1213] = CNOT 34 50
[1214] = CNOT 35 36
[1215] = S 35
[1216] = CNOT 35 36
[1217] = CNOT 37 49
[1218] = S 37
[1219] = CNOT 37 49
[1220] = CNOT 37 50
[1221] = S 37
[1222] = CNOT 37 50
[1223] = CNOT 38 49
[1224] = S 38
[1225] = CNOT 38 49
[1226] = CNOT 39 47
[1227] = S 39
[1228] = Z 39
[1229] = CNOT 39 47
[1230] = CNOT 39 48
[1231] = S 39
[1232] = CNOT 39 48
[1233] = CNOT 39 49
[1234] = S 39
[1235] = CNOT 39 49
[1236] = CNOT 40 46
[1237] = S 40
[1238] = CNOT 40 46
[1239] = CNOT 40 49
[1240] = S 40
[1241] = Z 40
[1242] = CNOT 40 49
[1243] = CNOT 41 45
[1244] = S 41
[1245] = Z 41
[1246] = CNOT 41 45
[1247] = CNOT 41 46
[1248] = S 41
[1249] = CNOT 41 46
[1250] = CNOT 42 45
[1251] = S 42
[1252] = CNOT 43 44
[1253] = S 43
[1254] = Z 43
[1255] = CNOT 43 44
[1256] = CNOT 46 47
[1257] = Z 46
[1258] = CNOT 46 47
[1259] = CNOT 46 49
[1260] = Z 46
[1261] = CNOT 46 49
[1262] = CNOT 47 49
[1263] = Z 47
[1264] = CNOT 47 49
[1265] = CNOT 1 27
[1266] = CNOT 1 43
[1267] = S 1
[1268] = Z 1
[1269] = CNOT 1 43
[1270] = CNOT 1 44
[1271] = S 1
[1272] = Z 1
[1273] = CNOT 1 27
[1274] = CNOT 1 43
[1275] = S 1
[1276] = Z 1
[1277] = CNOT 1 44
[1278] = CNOT 1 43
[1279] = CNOT 2 27
[1280] = CNOT 2 43
[1281] = S 2
[1282] = Z 2
[1283] = CNOT 2 43
[1284] = CNOT 2 44
[1285] = S 2
[1286] = Z 2
[1287] = CNOT 2 27
[1288] = CNOT 2 43
[1289] = S 2
[1290] = Z 2
[1291] = CNOT 2 44
[1292] = CNOT 2 43
[1293] = CNOT 3 9
[1294] = CNOT 3 17
[1295] = S 3
[1296] = Z 3
[1297] = CNOT 3 17
[1298] = CNOT 3 20
[1299] = S 3
[1300] = Z 3
[1301] = CNOT 3 20
[1302] = CNOT 3 34
[1303] = S 3
[1304] = Z 3
[1305] = CNOT 3 34
[1306] = CNOT 3 36
[1307] = S 3
[1308] = Z 3
[1309] = CNOT 3 36
[1310] = CNOT 3 50
[1311] = Z 3
[1312] = CNOT 3 50
[1313] = CNOT 3 9
[1314] = CNOT 3 10
[1315] = CNOT 3 11
[1316] = Z 3
[1317] = CNOT 3 11
[1318] = CNOT 3 17
[1319] = Z 3
[1320] = CNOT 3 17
[1321] = CNOT 3 18
[1322] = S 3
[1323] = Z 3
[1324] = CNOT 3 18
[1325] = CNOT 3 19
[1326] = S 3
[1327] = Z 3
[1328] = CNOT 3 19
[1329] = CNOT 3 35
[1330] = S 3
[1331] = Z 3
[1332] = CNOT 3 35
[1333] = CNOT 3 50
[1334] = Z 3
[1335] = CNOT 3 50
[1336] = CNOT 3 10
[1337] = CNOT 3 11
[1338] = CNOT 3 17
[1339] = S 3
[1340] = Z 3
[1341] = CNOT 3 17
[1342] = CNOT 3 18
[1343] = Z 3
[1344] = CNOT 3 18
[1345] = CNOT 3 19
[1346] = Z 3
[1347] = CNOT 3 19
[1348] = CNOT 3 20
[1349] = Z 3
[1350] = CNOT 3 20
[1351] = CNOT 3 34
[1352] = Z 3
[1353] = CNOT 3 34
[1354] = CNOT 3 35
[1355] = Z 3
[1356] = CNOT 3 35
[1357] = CNOT 3 50
[1358] = S 3
[1359] = CNOT 3 50
[1360] = CNOT 3 11
[1361] = CNOT 3 17
[1362] = CNOT 3 18
[1363] = Z 3
[1364] = CNOT 3 18
[1365] = CNOT 3 19
[1366] = Z 3
[1367] = CNOT 3 19
[1368] = CNOT 3 20
[1369] = S 3
[1370] = Z 3
[1371] = CNOT 3 20
[1372] = CNOT 3 35
[1373] = Z 3
[1374] = CNOT 3 35
[1375] = CNOT 3 50
[1376] = S 3
[1377] = Z 3
[1378] = CNOT 3 50
[1379] = CNOT 3 17
[1380] = CNOT 3 18
[1381] = CNOT 3 19
[1382] = S 3
[1383] = Z 3
[1384] = CNOT 3 19
[1385] = CNOT 3 35
[1386] = Z 3
[1387] = CNOT 3 35
[1388] = CNOT 3 50
[1389] = Z 3
[1390] = CNOT 3 50
[1391] = CNOT 3 18
[1392] = CNOT 3 19
[1393] = CNOT 3 35
[1394] = S 3
[1395] = Z 3
[1396] = CNOT 3 35
[1397] = CNOT 3 50
[1398] = Z 3
[1399] = CNOT 3 50
[1400] = CNOT 3 19
[1401] = CNOT 3 20
[1402] = CNOT 3 34
[1403] = S 3
[1404] = Z 3
[1405] = CNOT 3 34
[1406] = CNOT 3 50
[1407] = Z 3
[1408] = CNOT 3 50
[1409] = CNOT 3 20
[1410] = CNOT 3 34
[1411] = CNOT 3 36
[1412] = S 3
[1413] = Z 3
[1414] = CNOT 3 36
[1415] = CNOT 3 50
[1416] = Z 3
[1417] = CNOT 3 34
[1418] = CNOT 3 35
[1419] = Z 3
[1420] = CNOT 3 35
[1421] = CNOT 3 36
[1422] = S 3
[1423] = Z 3
[1424] = CNOT 3 50
[1425] = CNOT 3 36
[1426] = CNOT 4 5
[1427] = CNOT 4 7
[1428] = S 4
[1429] = CNOT 4 7
[1430] = CNOT 4 11
[1431] = S 4
[1432] = CNOT 4 11
[1433] = CNOT 4 13
[1434] = Z 4
[1435] = CNOT 4 13
[1436] = CNOT 4 14
[1437] = S 4
[1438] = CNOT 4 14
[1439] = CNOT 4 16
[1440] = S 4
[1441] = CNOT 4 16
[1442] = CNOT 4 24
[1443] = S 4
[1444] = Z 4
[1445] = CNOT 4 24
[1446] = CNOT 4 30
[1447] = S 4
[1448] = Z 4
[1449] = CNOT 4 30
[1450] = CNOT 4 40
[1451] = S 4
[1452] = Z 4
[1453] = CNOT 4 40
[1454] = CNOT 4 46
[1455] = S 4
[1456] = Z 4
[1457] = CNOT 4 46
[1458] = CNOT 4 47
[1459] = S 4
[1460] = CNOT 4 47
[1461] = CNOT 4 49
[1462] = S 4
[1463] = CNOT 4 49
[1464] = CNOT 4 5
[1465] = CNOT 4 6
[1466] = CNOT 4 7
[1467] = S 4
[1468] = CNOT 4 7
[1469] = CNOT 4 11
[1470] = S 4
[1471] = CNOT 4 11
[1472] = CNOT 4 14
[1473] = S 4
[1474] = Z 4
[1475] = CNOT 4 14
[1476] = CNOT 4 16
[1477] = S 4
[1478] = CNOT 4 16
[1479] = CNOT 4 23
[1480] = S 4
[1481] = Z 4
[1482] = CNOT 4 23
[1483] = CNOT 4 31
[1484] = S 4
[1485] = Z 4
[1486] = CNOT 4 31
[1487] = CNOT 4 39
[1488] = S 4
[1489] = Z 4
[1490] = CNOT 4 39
[1491] = CNOT 4 47
[1492] = Z 4
[1493] = CNOT 4 47
[1494] = CNOT 4 49
[1495] = S 4
[1496] = CNOT 4 49
[1497] = CNOT 4 6
[1498] = CNOT 4 7
[1499] = CNOT 4 8
[1500] = S 4
[1501] = CNOT 4 8
[1502] = CNOT 4 11
[1503] = Z 4
[1504] = CNOT 4 11
[1505] = CNOT 4 14
[1506] = S 4
[1507] = CNOT 4 14
[1508] = CNOT 4 15
[1509] = Z 4
[1510] = CNOT 4 15
[1511] = CNOT 4 16
[1512] = Z 4
[1513] = CNOT 4 16
[1514] = CNOT 4 21
[1515] = Z 4
[1516] = CNOT 4 21
[1517] = CNOT 4 22
[1518] = S 4
[1519] = Z 4
[1520] = CNOT 4 22
[1521] = CNOT 4 23
[1522] = Z 4
[1523] = CNOT 4 23
[1524] = CNOT 4 24
[1525] = Z 4
[1526] = CNOT 4 24
[1527] = CNOT 4 30
[1528] = Z 4
[1529] = CNOT 4 30
[1530] = CNOT 4 31
[1531] = Z 4
[1532] = CNOT 4 31
[1533] = CNOT 4 32
[1534] = S 4
[1535] = Z 4
[1536] = CNOT 4 32
[1537] = CNOT 4 33
[1538] = Z 4
[1539] = CNOT 4 33
[1540] = CNOT 4 37
[1541] = Z 4
[1542] = CNOT 4 37
[1543] = CNOT 4 38
[1544] = S 4
[1545] = Z 4
[1546] = CNOT 4 38
[1547] = CNOT 4 39
[1548] = Z 4
[1549] = CNOT 4 39
[1550] = CNOT 4 40
[1551] = Z 4
[1552] = CNOT 4 40
[1553] = CNOT 4 46
[1554] = Z 4
[1555] = CNOT 4 46
[1556] = CNOT 4 47
[1557] = S 4
[1558] = Z 4
[1559] = CNOT 4 47
[1560] = CNOT 4 48
[1561] = S 4
[1562] = Z 4
[1563] = CNOT 4 48
[1564] = CNOT 4 7
[1565] = CNOT 4 8
[1566] = CNOT 4 11
[1567] = S 4
[1568] = CNOT 4 11
[1569] = CNOT 4 16
[1570] = Z 4
[1571] = CNOT 4 16
[1572] = CNOT 4 21
[1573] = S 4
[1574] = Z 4
[1575] = CNOT 4 21
[1576] = CNOT 4 33
[1577] = S 4
[1578] = Z 4
[1579] = CNOT 4 33
[1580] = CNOT 4 37
[1581] = S 4
[1582] = Z 4
[1583] = CNOT 4 37
[1584] = CNOT 4 49
[1585] = S 4
[1586] = Z 4
[1587] = CNOT 4 49
[1588] = CNOT 4 8
[1589] = CNOT 4 11
[1590] = CNOT 4 12
[1591] = Z 4
[1592] = CNOT 4 12
[1593] = CNOT 4 14
[1594] = S 4
[1595] = CNOT 4 14
[1596] = CNOT 4 16
[1597] = Z 4
[1598] = CNOT 4 16
[1599] = CNOT 4 21
[1600] = Z 4
[1601] = CNOT 4 21
[1602] = CNOT 4 23
[1603] = Z 4
[1604] = CNOT 4 23
[1605] = CNOT 4 24
[1606] = Z 4
[1607] = CNOT 4 24
[1608] = CNOT 4 29
[1609] = S 4
[1610] = Z 4
[1611] = CNOT 4 29
[1612] = CNOT 4 30
[1613] = Z 4
[1614] = CNOT 4 30
[1615] = CNOT 4 31
[1616] = Z 4
[1617] = CNOT 4 31
[1618] = CNOT 4 32
[1619] = Z 4
[1620] = CNOT 4 32
[1621] = CNOT 4 33
[1622] = Z 4
[1623] = CNOT 4 33
[1624] = CNOT 4 37
[1625] = Z 4
[1626] = CNOT 4 37
[1627] = CNOT 4 38
[1628] = Z 4
[1629] = CNOT 4 38
[1630] = CNOT 4 39
[1631] = Z 4
[1632] = CNOT 4 39
[1633] = CNOT 4 40
[1634] = Z 4
[1635] = CNOT 4 40
[1636] = CNOT 4 41
[1637] = S 4
[1638] = Z 4
[1639] = CNOT 4 41
[1640] = CNOT 4 45
[1641] = S 4
[1642] = Z 4
[1643] = CNOT 4 45
[1644] = CNOT 4 46
[1645] = Z 4
[1646] = CNOT 4 46
[1647] = CNOT 4 47
[1648] = S 4
[1649] = Z 4
[1650] = CNOT 4 47
[1651] = CNOT 4 48
[1652] = Z 4
[1653] = CNOT 4 48
[1654] = CNOT 4 11
[1655] = CNOT 4 12
[1656] = CNOT 4 29
[1657] = S 4
[1658] = Z 4
[1659] = CNOT 4 29
[1660] = CNOT 4 41
[1661] = S 4
[1662] = Z 4
[1663] = CNOT 4 41
[1664] = CNOT 4 45
[1665] = S 4
[1666] = Z 4
[1667] = CNOT 4 45
[1668] = CNOT 4 12
[1669] = CNOT 4 13
[1670] = CNOT 4 24
[1671] = S 4
[1672] = Z 4
[1673] = CNOT 4 24
[1674] = CNOT 4 30
[1675] = Z 4
[1676] = CNOT 4 30
[1677] = CNOT 4 40
[1678] = Z 4
[1679] = CNOT 4 40
[1680] = CNOT 4 46
[1681] = Z 4
[1682] = CNOT 4 46
[1683] = CNOT 4 13
[1684] = CNOT 4 14
[1685] = CNOT 4 16
[1686] = S 4
[1687] = CNOT 4 16
[1688] = CNOT 4 23
[1689] = S 4
[1690] = Z 4
[1691] = CNOT 4 23
[1692] = CNOT 4 24
[1693] = Z 4
[1694] = CNOT 4 24
[1695] = CNOT 4 30
[1696] = Z 4
[1697] = CNOT 4 30
[1698] = CNOT 4 40
[1699] = Z 4
[1700] = CNOT 4 40
[1701] = CNOT 4 46
[1702] = Z 4
[1703] = CNOT 4 46
[1704] = CNOT 4 47
[1705] = S 4
[1706] = CNOT 4 47
[1707] = CNOT 4 49
[1708] = S 4
[1709] = CNOT 4 49
[1710] = CNOT 4 14
[1711] = CNOT 4 15
[1712] = CNOT 4 22
[1713] = S 4
[1714] = Z 4
[1715] = CNOT 4 22
[1716] = CNOT 4 32
[1717] = Z 4
[1718] = CNOT 4 32
[1719] = CNOT 4 38
[1720] = Z 4
[1721] = CNOT 4 38
[1722] = CNOT 4 48
[1723] = Z 4
[1724] = CNOT 4 48
[1725] = CNOT 4 15
[1726] = CNOT 4 16
[1727] = CNOT 4 21
[1728] = S 4
[1729] = Z 4
[1730] = CNOT 4 21
[1731] = CNOT 4 23
[1732] = Z 4
[1733] = CNOT 4 23
[1734] = CNOT 4 24
[1735] = Z 4
[1736] = CNOT 4 24
[1737] = CNOT 4 30
[1738] = Z 4
[1739] = CNOT 4 30
[1740] = CNOT 4 31
[1741] = Z 4
[1742] = CNOT 4 31
[1743] = CNOT 4 33
[1744] = Z 4
[1745] = CNOT 4 33
[1746] = CNOT 4 37
[1747] = Z 4
[1748] = CNOT 4 37
[1749] = CNOT 4 39
[1750] = Z 4
[1751] = CNOT 4 39
[1752] = CNOT 4 40
[1753] = Z 4
[1754] = CNOT 4 40
[1755] = CNOT 4 46
[1756] = Z 4
[1757] = CNOT 4 46
[1758] = CNOT 4 47
[1759] = S 4
[1760] = Z 4
[1761] = CNOT 4 47
[1762] = CNOT 4 16
[1763] = CNOT 4 21
[1764] = CNOT 4 33
[1765] = S 4
[1766] = Z 4
[1767] = CNOT 4 33
[1768] = CNOT 4 21
[1769] = CNOT 4 22
[1770] = CNOT 4 32
[1771] = S 4
[1772] = Z 4
[1773] = CNOT 4 32
[1774] = CNOT 4 22
[1775] = CNOT 4 23
[1776] = CNOT 4 31
[1777] = S 4
[1778] = Z 4
[1779] = CNOT 4 31
[1780] = CNOT 4 47
[1781] = Z 4
[1782] = CNOT 4 47
[1783] = CNOT 4 49
[1784] = Z 4
[1785] = CNOT 4 49
[1786] = CNOT 4 23
[1787] = CNOT 4 24
[1788] = CNOT 4 30
[1789] = S 4
[1790] = Z 4
[1791] = CNOT 4 30
[1792] = CNOT 4 47
[1793] = Z 4
[1794] = CNOT 4 47
[1795] = CNOT 4 49
[1796] = Z 4
[1797] = CNOT 4 49
[1798] = CNOT 4 24
[1799] = CNOT 4 30
[1800] = CNOT 4 40
[1801] = S 4
[1802] = Z 4
[1803] = CNOT 4 40
[1804] = CNOT 4 47
[1805] = Z 4
[1806] = CNOT 4 47
[1807] = CNOT 4 49
[1808] = Z 4
[1809] = CNOT 4 49
[1810] = CNOT 4 30
[1811] = CNOT 4 31
[1812] = CNOT 4 39
[1813] = S 4
[1814] = Z 4
[1815] = CNOT 4 39
[1816] = CNOT 4 47
[1817] = Z 4
[1818] = CNOT 4 47
[1819] = CNOT 4 49
[1820] = Z 4
[1821] = CNOT 4 49
[1822] = CNOT 4 31
[1823] = CNOT 4 32
[1824] = CNOT 4 38
[1825] = S 4
[1826] = Z 4
[1827] = CNOT 4 38
[1828] = CNOT 4 32
[1829] = CNOT 4 33
[1830] = CNOT 4 37
[1831] = S 4
[1832] = Z 4
[1833] = CNOT 4 33
[1834] = CNOT 4 49
[1835] = S 4
[1836] = Z 4
[1837] = CNOT 4 49
[1838] = CNOT 4 37
[1839] = CNOT 4 38
[1840] = CNOT 4 48
[1841] = S 4
[1842] = Z 4
[1843] = CNOT 4 48
[1844] = CNOT 4 38
[1845] = CNOT 4 39
[1846] = CNOT 4 47
[1847] = S 4
[1848] = Z 4
[1849] = CNOT 4 47
[1850] = CNOT 4 49
[1851] = Z 4
[1852] = CNOT 4 49
[1853] = CNOT 4 39
[1854] = CNOT 4 40
[1855] = CNOT 4 46
[1856] = S 4
[1857] = Z 4
[1858] = CNOT 4 46
[1859] = CNOT 4 47
[1860] = Z 4
[1861] = CNOT 4 47
[1862] = CNOT 4 49
[1863] = Z 4
[1864] = CNOT 4 49
[1865] = CNOT 4 40
[1866] = CNOT 4 46
[1867] = CNOT 4 47
[1868] = Z 4
[1869] = CNOT 4 47
[1870] = CNOT 4 49
[1871] = Z 4
[1872] = CNOT 4 46
[1873] = CNOT 4 47
[1874] = S 4
[1875] = Z 4
[1876] = CNOT 4 49
[1877] = CNOT 4 47
[1878] = CNOT 5 7
[1879] = CNOT 5 11
[1880] = S 5
[1881] = CNOT 5 11
[1882] = CNOT 5 13
[1883] = Z 5
[1884] = CNOT 5 13
[1885] = CNOT 5 14
[1886] = S 5
[1887] = CNOT 5 14
[1888] = CNOT 5 16
[1889] = S 5
[1890] = CNOT 5 16
[1891] = CNOT 5 24
[1892] = S 5
[1893] = Z 5
[1894] = CNOT 5 24
[1895] = CNOT 5 30
[1896] = S 5
[1897] = Z 5
[1898] = CNOT 5 30
[1899] = CNOT 5 40
[1900] = S 5
[1901] = Z 5
[1902] = CNOT 5 40
[1903] = CNOT 5 46
[1904] = S 5
[1905] = Z 5
[1906] = CNOT 5 46
[1907] = CNOT 5 47
[1908] = S 5
[1909] = CNOT 5 47
[1910] = CNOT 5 49
[1911] = S 5
[1912] = CNOT 5 49
[1913] = CNOT 5 7
[1914] = CNOT 5 11
[1915] = CNOT 5 13
[1916] = Z 5
[1917] = CNOT 5 13
[1918] = CNOT 5 14
[1919] = S 5
[1920] = CNOT 5 14
[1921] = CNOT 5 16
[1922] = S 5
[1923] = CNOT 5 16
[1924] = CNOT 5 24
[1925] = S 5
[1926] = Z 5
[1927] = CNOT 5 24
[1928] = CNOT 5 30
[1929] = S 5
[1930] = Z 5
[1931] = CNOT 5 30
[1932] = CNOT 5 40
[1933] = S 5
[1934] = Z 5
[1935] = CNOT 5 40
[1936] = CNOT 5 46
[1937] = S 5
[1938] = Z 5
[1939] = CNOT 5 46
[1940] = CNOT 5 47
[1941] = S 5
[1942] = CNOT 5 47
[1943] = CNOT 5 49
[1944] = S 5
[1945] = CNOT 5 49
[1946] = CNOT 5 11
[1947] = CNOT 5 13
[1948] = CNOT 5 14
[1949] = Z 5
[1950] = CNOT 5 14
[1951] = CNOT 5 16
[1952] = Z 5
[1953] = CNOT 5 16
[1954] = CNOT 5 30
[1955] = S 5
[1956] = Z 5
[1957] = CNOT 5 30
[1958] = CNOT 5 40
[1959] = S 5
[1960] = Z 5
[1961] = CNOT 5 40
[1962] = CNOT 5 46
[1963] = S 5
[1964] = Z 5
[1965] = CNOT 5 46
[1966] = CNOT 5 47
[1967] = Z 5
[1968] = CNOT 5 47
[1969] = CNOT 5 49
[1970] = Z 5
[1971] = CNOT 5 49
[1972] = CNOT 5 13
[1973] = CNOT 5 14
[1974] = CNOT 5 16
[1975] = S 5
[1976] = CNOT 5 16
[1977] = CNOT 5 24
[1978] = S 5
[1979] = Z 5
[1980] = CNOT 5 24
[1981] = CNOT 5 30
[1982] = S 5
[1983] = Z 5
[1984] = CNOT 5 30
[1985] = CNOT 5 40
[1986] = S 5
[1987] = Z 5
[1988] = CNOT 5 40
[1989] = CNOT 5 46
[1990] = S 5
[1991] = Z 5
[1992] = CNOT 5 46
[1993] = CNOT 5 47
[1994] = S 5
[1995] = CNOT 5 47
[1996] = CNOT 5 49
[1997] = S 5
[1998] = CNOT 5 49
[1999] = CNOT 5 14
[2000] = CNOT 5 16
[2001] = CNOT 5 24
[2002] = S 5
[2003] = Z 5
[2004] = CNOT 5 24
[2005] = CNOT 5 30
[2006] = S 5
[2007] = Z 5
[2008] = CNOT 5 30
[2009] = CNOT 5 40
[2010] = S 5
[2011] = Z 5
[2012] = CNOT 5 40
[2013] = CNOT 5 46
[2014] = S 5
[2015] = Z 5
[2016] = CNOT 5 46
[2017] = CNOT 5 47
[2018] = S 5
[2019] = CNOT 5 47
[2020] = CNOT 5 49
[2021] = S 5
[2022] = CNOT 5 49
[2023] = CNOT 5 16
[2024] = CNOT 5 24
[2025] = CNOT 5 47
[2026] = S 5
[2027] = Z 5
[2028] = CNOT 5 47
[2029] = CNOT 5 49
[2030] = S 5
[2031] = Z 5
[2032] = CNOT 5 49
[2033] = CNOT 5 24
[2034] = CNOT 5 30
[2035] = CNOT 5 47
[2036] = S 5
[2037] = Z 5
[2038] = CNOT 5 47
[2039] = CNOT 5 49
[2040] = S 5
[2041] = Z 5
[2042] = CNOT 5 49
[2043] = CNOT 5 30
[2044] = CNOT 5 40
[2045] = CNOT 5 47
[2046] = S 5
[2047] = Z 5
[2048] = CNOT 5 47
[2049] = CNOT 5 49
[2050] = S 5
[2051] = Z 5
[2052] = CNOT 5 49
[2053] = CNOT 5 40
[2054] = CNOT 5 46
[2055] = CNOT 5 47
[2056] = S 5
[2057] = Z 5
[2058] = CNOT 5 47
[2059] = CNOT 5 49
[2060] = S 5
[2061] = Z 5
[2062] = CNOT 5 46
[2063] = CNOT 5 47
[2064] = S 5
[2065] = CNOT 5 49
[2066] = CNOT 5 47
[2067] = CNOT 6 7
[2068] = CNOT 6 11
[2069] = S 6
[2070] = CNOT 6 11
[2071] = CNOT 6 14
[2072] = S 6
[2073] = Z 6
[2074] = CNOT 6 14
[2075] = CNOT 6 16
[2076] = S 6
[2077] = CNOT 6 16
[2078] = CNOT 6 23
[2079] = S 6
[2080] = Z 6
[2081] = CNOT 6 23
[2082] = CNOT 6 31
[2083] = S 6
[2084] = Z 6
[2085] = CNOT 6 31
[2086] = CNOT 6 39
[2087] = S 6
[2088] = Z 6
[2089] = CNOT 6 39
[2090] = CNOT 6 47
[2091] = Z 6
[2092] = CNOT 6 47
[2093] = CNOT 6 49
[2094] = S 6
[2095] = CNOT 6 49
[2096] = CNOT 6 7
[2097] = CNOT 6 11
[2098] = CNOT 6 14
[2099] = S 6
[2100] = Z 6
[2101] = CNOT 6 14
[2102] = CNOT 6 16
[2103] = S 6
[2104] = CNOT 6 16
[2105] = CNOT 6 23
[2106] = S 6
[2107] = Z 6
[2108] = CNOT 6 23
[2109] = CNOT 6 31
[2110] = S 6
[2111] = Z 6
[2112] = CNOT 6 31
[2113] = CNOT 6 39
[2114] = S 6
[2115] = Z 6
[2116] = CNOT 6 39
[2117] = CNOT 6 47
[2118] = Z 6
[2119] = CNOT 6 47
[2120] = CNOT 6 49
[2121] = S 6
[2122] = CNOT 6 49
[2123] = CNOT 6 11
[2124] = CNOT 6 14
[2125] = CNOT 6 16
[2126] = S 6
[2127] = Z 6
[2128] = CNOT 6 16
[2129] = CNOT 6 47
[2130] = S 6
[2131] = Z 6
[2132] = CNOT 6 47
[2133] = CNOT 6 49
[2134] = S 6
[2135] = Z 6
[2136] = CNOT 6 49
[2137] = CNOT 6 14
[2138] = CNOT 6 16
[2139] = CNOT 6 23
[2140] = S 6
[2141] = Z 6
[2142] = CNOT 6 23
[2143] = CNOT 6 31
[2144] = S 6
[2145] = Z 6
[2146] = CNOT 6 31
[2147] = CNOT 6 39
[2148] = S 6
[2149] = Z 6
[2150] = CNOT 6 39
[2151] = CNOT 6 47
[2152] = Z 6
[2153] = CNOT 6 47
[2154] = CNOT 6 49
[2155] = S 6
[2156] = CNOT 6 49
[2157] = CNOT 6 16
[2158] = CNOT 6 23
[2159] = CNOT 6 47
[2160] = S 6
[2161] = Z 6
[2162] = CNOT 6 47
[2163] = CNOT 6 49
[2164] = S 6
[2165] = Z 6
[2166] = CNOT 6 49
[2167] = CNOT 6 23
[2168] = CNOT 6 31
[2169] = CNOT 6 47
[2170] = S 6
[2171] = Z 6
[2172] = CNOT 6 47
[2173] = CNOT 6 49
[2174] = S 6
[2175] = Z 6
[2176] = CNOT 6 31
[2177] = CNOT 6 39
[2178] = S 6
[2179] = Z 6
[2180] = CNOT 6 39
[2181] = CNOT 6 47
[2182] = Z 6
[2183] = CNOT 6 49
[2184] = CNOT 6 47
[2185] = CNOT 7 8
[2186] = CNOT 7 11
[2187] = S 7
[2188] = CNOT 7 11
[2189] = CNOT 7 16
[2190] = Z 7
[2191] = CNOT 7 16
[2192] = CNOT 7 21
[2193] = S 7
[2194] = Z 7
[2195] = CNOT 7 21
[2196] = CNOT 7 33
[2197] = S 7
[2198] = Z 7
[2199] = CNOT 7 33
[2200] = CNOT 7 37
[2201] = S 7
[2202] = Z 7
[2203] = CNOT 7 37
[2204] = CNOT 7 49
[2205] = S 7
[2206] = Z 7
[2207] = CNOT 7 49
[2208] = CNOT 7 8
[2209] = CNOT 7 11
[2210] = CNOT 7 14
[2211] = S 7
[2212] = CNOT 7 14
[2213] = CNOT 7 15
[2214] = Z 7
[2215] = CNOT 7 15
[2216] = CNOT 7 16
[2217] = Z 7
[2218] = CNOT 7 16
[2219] = CNOT 7 21
[2220] = Z 7
[2221] = CNOT 7 21
[2222] = CNOT 7 22
[2223] = S 7
[2224] = Z 7
[2225] = CNOT 7 22
[2226] = CNOT 7 23
[2227] = Z 7
[2228] = CNOT 7 23
[2229] = CNOT 7 24
[2230] = Z 7
[2231] = CNOT 7 24
[2232] = CNOT 7 30
[2233] = Z 7
[2234] = CNOT 7 30
[2235] = CNOT 7 31
[2236] = Z 7
[2237] = CNOT 7 31
[2238] = CNOT 7 32
[2239] = S 7
[2240] = Z 7
[2241] = CNOT 7 32
[2242] = CNOT 7 33
[2243] = Z 7
[2244] = CNOT 7 33
[2245] = CNOT 7 37
[2246] = Z 7
[2247] = CNOT 7 37
[2248] = CNOT 7 38
[2249] = S 7
[2250] = Z 7
[2251] = CNOT 7 38
[2252] = CNOT 7 39
[2253] = Z 7
[2254] = CNOT 7 39
[2255] = CNOT 7 40
[2256] = Z 7
[2257] = CNOT 7 40
[2258] = CNOT 7 46
[2259] = Z 7
[2260] = CNOT 7 46
[2261] = CNOT 7 47
[2262] = S 7
[2263] = Z 7
[2264] = CNOT 7 47
[2265] = CNOT 7 48
[2266] = S 7
[2267] = Z 7
[2268] = CNOT 7 48
[2269] = CNOT 7 11
[2270] = CNOT 7 13
[2271] = CNOT 7 24
[2272] = S 7
[2273] = Z 7
[2274] = CNOT 7 24
[2275] = CNOT 7 30
[2276] = Z 7
[2277] = CNOT 7 30
[2278] = CNOT 7 40
[2279] = Z 7
[2280] = CNOT 7 40
[2281] = CNOT 7 46
[2282] = Z 7
[2283] = CNOT 7 46
[2284] = CNOT 7 13
[2285] = CNOT 7 14
[2286] = CNOT 7 16
[2287] = S 7
[2288] = CNOT 7 16
[2289] = CNOT 7 23
[2290] = S 7
[2291] = Z 7
[2292] = CNOT 7 23
[2293] = CNOT 7 24
[2294] = Z 7
[2295] = CNOT 7 24
[2296] = CNOT 7 30
[2297] = Z 7
[2298] = CNOT 7 30
[2299] = CNOT 7 40
[2300] = Z 7
[2301] = CNOT 7 40
[2302] = CNOT 7 46
[2303] = Z 7
[2304] = CNOT 7 46
[2305] = CNOT 7 47
[2306] = S 7
[2307] = CNOT 7 47
[2308] = CNOT 7 49
[2309] = S 7
[2310] = CNOT 7 49
[2311] = CNOT 7 14
[2312] = CNOT 7 15
[2313] = CNOT 7 32
[2314] = S 7
[2315] = Z 7
[2316] = CNOT 7 32
[2317] = CNOT 7 38
[2318] = S 7
[2319] = Z 7
[2320] = CNOT 7 38
[2321] = CNOT 7 48
[2322] = S 7
[2323] = Z 7
[2324] = CNOT 7 48
[2325] = CNOT 7 15
[2326] = CNOT 7 16
[2327] = CNOT 7 21
[2328] = S 7
[2329] = Z 7
[2330] = CNOT 7 21
[2331] = CNOT 7 23
[2332] = Z 7
[2333] = CNOT 7 23
[2334] = CNOT 7 24
[2335] = Z 7
[2336] = CNOT 7 24
[2337] = CNOT 7 30
[2338] = Z 7
[2339] = CNOT 7 30
[2340] = CNOT 7 31
[2341] = Z 7
[2342] = CNOT 7 31
[2343] = CNOT 7 33
[2344] = Z 7
[2345] = CNOT 7 33
[2346] = CNOT 7 37
[2347] = Z 7
[2348] = CNOT 7 37
[2349] = CNOT 7 39
[2350] = Z 7
[2351] = CNOT 7 39
[2352] = CNOT 7 40
[2353] = Z 7
[2354] = CNOT 7 40
[2355] = CNOT 7 46
[2356] = Z 7
[2357] = CNOT 7 46
[2358] = CNOT 7 47
[2359] = S 7
[2360] = Z 7
[2361] = CNOT 7 47
[2362] = CNOT 7 16
[2363] = CNOT 7 21
[2364] = CNOT 7 33
[2365] = S 7
[2366] = Z 7
[2367] = CNOT 7 33
[2368] = CNOT 7 21
[2369] = CNOT 7 23
[2370] = CNOT 7 31
[2371] = S 7
[2372] = Z 7
[2373] = CNOT 7 31
[2374] = CNOT 7 47
[2375] = Z 7
[2376] = CNOT 7 47
[2377] = CNOT 7 49
[2378] = Z 7
[2379] = CNOT 7 49
[2380] = CNOT 7 23
[2381] = CNOT 7 24
[2382] = CNOT 7 30
[2383] = S 7
[2384] = Z 7
[2385] = CNOT 7 30
[2386] = CNOT 7 47
[2387] = Z 7
[2388] = CNOT 7 47
[2389] = CNOT 7 49
[2390] = Z 7
[2391] = CNOT 7 49
[2392] = CNOT 7 24
[2393] = CNOT 7 30
[2394] = CNOT 7 40
[2395] = S 7
[2396] = Z 7
[2397] = CNOT 7 40
[2398] = CNOT 7 47
[2399] = Z 7
[2400] = CNOT 7 47
[2401] = CNOT 7 49
[2402] = Z 7
[2403] = CNOT 7 49
[2404] = CNOT 7 30
[2405] = CNOT 7 31
[2406] = CNOT 7 39
[2407] = S 7
[2408] = Z 7
[2409] = CNOT 7 39
[2410] = CNOT 7 47
[2411] = Z 7
[2412] = CNOT 7 47
[2413] = CNOT 7 49
[2414] = Z 7
[2415] = CNOT 7 49
[2416] = CNOT 7 31
[2417] = CNOT 7 33
[2418] = CNOT 7 37
[2419] = S 7
[2420] = Z 7
[2421] = CNOT 7 33
[2422] = CNOT 7 49
[2423] = S 7
[2424] = Z 7
[2425] = CNOT 7 49
[2426] = CNOT 7 37
[2427] = CNOT 7 39
[2428] = CNOT 7 47
[2429] = S 7
[2430] = Z 7
[2431] = CNOT 7 47
[2432] = CNOT 7 49
[2433] = Z 7
[2434] = CNOT 7 49
[2435] = CNOT 7 39
[2436] = CNOT 7 40
[2437] = CNOT 7 46
[2438] = S 7
[2439] = Z 7
[2440] = CNOT 7 46
[2441] = CNOT 7 47
[2442] = Z 7
[2443] = CNOT 7 47
[2444] = CNOT 7 49
[2445] = Z 7
[2446] = CNOT 7 49
[2447] = CNOT 7 40
[2448] = CNOT 7 46
[2449] = CNOT 7 47
[2450] = Z 7
[2451] = CNOT 7 47
[2452] = CNOT 7 49
[2453] = Z 7
[2454] = CNOT 7 46
[2455] = CNOT 7 47
[2456] = S 7
[2457] = Z 7
[2458] = CNOT 7 49
[2459] = CNOT 7 47
[2460] = CNOT 8 11
[2461] = CNOT 8 16
[2462] = Z 8
[2463] = CNOT 8 16
[2464] = CNOT 8 21
[2465] = S 8
[2466] = Z 8
[2467] = CNOT 8 21
[2468] = CNOT 8 33
[2469] = S 8
[2470] = Z 8
[2471] = CNOT 8 33
[2472] = CNOT 8 37
[2473] = S 8
[2474] = Z 8
[2475] = CNOT 8 37
[2476] = CNOT 8 49
[2477] = S 8
[2478] = Z 8
[2479] = CNOT 8 49
[2480] = CNOT 8 11
[2481] = CNOT 8 16
[2482] = CNOT 8 33
[2483] = S 8
[2484] = Z 8
[2485] = CNOT 8 33
[2486] = CNOT 8 37
[2487] = S 8
[2488] = Z 8
[2489] = CNOT 8 37
[2490] = CNOT 8 49
[2491] = S 8
[2492] = Z 8
[2493] = CNOT 8 49
[2494] = CNOT 8 16
[2495] = CNOT 9 11
[2496] = CNOT 9 17
[2497] = S 9
[2498] = Z 9
[2499] = CNOT 9 17
[2500] = CNOT 9 20
[2501] = S 9
[2502] = Z 9
[2503] = CNOT 9 20
[2504] = CNOT 9 34
[2505] = S 9
[2506] = Z 9
[2507] = CNOT 9 34
[2508] = CNOT 9 36
[2509] = S 9
[2510] = Z 9
[2511] = CNOT 9 36
[2512] = CNOT 9 50
[2513] = Z 9
[2514] = CNOT 9 11
[2515] = CNOT 9 17
[2516] = S 9
[2517] = Z 9
[2518] = CNOT 9 17
[2519] = CNOT 9 20
[2520] = S 9
[2521] = Z 9
[2522] = CNOT 9 20
[2523] = CNOT 9 34
[2524] = S 9
[2525] = Z 9
[2526] = CNOT 9 50
[2527] = CNOT 9 34
[2528] = CNOT 10 11
[2529] = CNOT 10 17
[2530] = Z 10
[2531] = CNOT 10 17
[2532] = CNOT 10 18
[2533] = S 10
[2534] = Z 10
[2535] = CNOT 10 18
[2536] = CNOT 10 19
[2537] = S 10
[2538] = Z 10
[2539] = CNOT 10 19
[2540] = CNOT 10 35
[2541] = S 10
[2542] = Z 10
[2543] = CNOT 10 35
[2544] = CNOT 10 50
[2545] = Z 10
[2546] = CNOT 10 50
[2547] = CNOT 10 11
[2548] = CNOT 10 17
[2549] = CNOT 10 18
[2550] = S 10
[2551] = Z 10
[2552] = CNOT 10 18
[2553] = CNOT 10 19
[2554] = S 10
[2555] = Z 10
[2556] = CNOT 10 19
[2557] = CNOT 10 35
[2558] = S 10
[2559] = Z 10
[2560] = CNOT 10 35
[2561] = CNOT 10 50
[2562] = Z 10
[2563] = CNOT 10 50
[2564] = CNOT 10 17
[2565] = CNOT 10 18
[2566] = CNOT 10 35
[2567] = S 10
[2568] = Z 10
[2569] = CNOT 10 35
[2570] = CNOT 10 50
[2571] = S 10
[2572] = Z 10
[2573] = CNOT 10 18
[2574] = CNOT 10 19
[2575] = S 10
[2576] = Z 10
[2577] = CNOT 10 19
[2578] = CNOT 10 35
[2579] = S 10
[2580] = Z 10
[2581] = CNOT 10 50
[2582] = CNOT 10 35
[2583] = CNOT 11 12
[2584] = CNOT 11 25
[2585] = S 11
[2586] = Z 11
[2587] = CNOT 11 25
[2588] = CNOT 11 29
[2589] = Z 11
[2590] = CNOT 11 29
[2591] = CNOT 11 41
[2592] = Z 11
[2593] = CNOT 11 41
[2594] = CNOT 11 12
[2595] = CNOT 11 13
[2596] = CNOT 11 24
[2597] = S 11
[2598] = Z 11
[2599] = CNOT 11 24
[2600] = CNOT 11 30
[2601] = Z 11
[2602] = CNOT 11 30
[2603] = CNOT 11 40
[2604] = Z 11
[2605] = CNOT 11 40
[2606] = CNOT 11 46
[2607] = Z 11
[2608] = CNOT 11 46
[2609] = CNOT 11 13
[2610] = CNOT 11 14
[2611] = CNOT 11 16
[2612] = S 11
[2613] = CNOT 11 16
[2614] = CNOT 11 23
[2615] = S 11
[2616] = Z 11
[2617] = CNOT 11 23
[2618] = CNOT 11 24
[2619] = Z 11
[2620] = CNOT 11 24
[2621] = CNOT 11 30
[2622] = Z 11
[2623] = CNOT 11 30
[2624] = CNOT 11 40
[2625] = Z 11
[2626] = CNOT 11 40
[2627] = CNOT 11 46
[2628] = Z 11
[2629] = CNOT 11 46
[2630] = CNOT 11 47
[2631] = S 11
[2632] = CNOT 11 47
[2633] = CNOT 11 49
[2634] = S 11
[2635] = CNOT 11 49
[2636] = CNOT 11 14
[2637] = CNOT 11 15
[2638] = CNOT 11 22
[2639] = S 11
[2640] = Z 11
[2641] = CNOT 11 22
[2642] = CNOT 11 32
[2643] = Z 11
[2644] = CNOT 11 32
[2645] = CNOT 11 38
[2646] = Z 11
[2647] = CNOT 11 38
[2648] = CNOT 11 48
[2649] = Z 11
[2650] = CNOT 11 48
[2651] = CNOT 11 15
[2652] = CNOT 11 16
[2653] = CNOT 11 21
[2654] = S 11
[2655] = Z 11
[2656] = CNOT 11 21
[2657] = CNOT 11 23
[2658] = Z 11
[2659] = CNOT 11 23
[2660] = CNOT 11 24
[2661] = Z 11
[2662] = CNOT 11 24
[2663] = CNOT 11 30
[2664] = Z 11
[2665] = CNOT 11 30
[2666] = CNOT 11 31
[2667] = Z 11
[2668] = CNOT 11 31
[2669] = CNOT 11 33
[2670] = Z 11
[2671] = CNOT 11 33
[2672] = CNOT 11 37
[2673] = Z 11
[2674] = CNOT 11 37
[2675] = CNOT 11 39
[2676] = Z 11
[2677] = CNOT 11 39
[2678] = CNOT 11 40
[2679] = Z 11
[2680] = CNOT 11 40
[2681] = CNOT 11 46
[2682] = Z 11
[2683] = CNOT 11 46
[2684] = CNOT 11 47
[2685] = S 11
[2686] = Z 11
[2687] = CNOT 11 47
[2688] = CNOT 11 16
[2689] = CNOT 11 17
[2690] = CNOT 11 18
[2691] = Z 11
[2692] = CNOT 11 18
[2693] = CNOT 11 19
[2694] = Z 11
[2695] = CNOT 11 19
[2696] = CNOT 11 20
[2697] = S 11
[2698] = Z 11
[2699] = CNOT 11 20
[2700] = CNOT 11 35
[2701] = Z 11
[2702] = CNOT 11 35
[2703] = CNOT 11 50
[2704] = S 11
[2705] = Z 11
[2706] = CNOT 11 50
[2707] = CNOT 11 17
[2708] = CNOT 11 18
[2709] = CNOT 11 19
[2710] = S 11
[2711] = Z 11
[2712] = CNOT 11 19
[2713] = CNOT 11 35
[2714] = Z 11
[2715] = CNOT 11 35
[2716] = CNOT 11 50
[2717] = Z 11
[2718] = CNOT 11 50
[2719] = CNOT 11 18
[2720] = CNOT 11 19
[2721] = CNOT 11 35
[2722] = S 11
[2723] = Z 11
[2724] = CNOT 11 35
[2725] = CNOT 11 50
[2726] = Z 11
[2727] = CNOT 11 50
[2728] = CNOT 11 19
[2729] = CNOT 11 20
[2730] = CNOT 11 34
[2731] = S 11
[2732] = Z 11
[2733] = CNOT 11 34
[2734] = CNOT 11 50
[2735] = Z 11
[2736] = CNOT 11 50
[2737] = CNOT 11 20
[2738] = CNOT 11 21
[2739] = CNOT 11 33
[2740] = S 11
[2741] = Z 11
[2742] = CNOT 11 33
[2743] = CNOT 11 21
[2744] = CNOT 11 22
[2745] = CNOT 11 32
[2746] = S 11
[2747] = Z 11
[2748] = CNOT 11 32
[2749] = CNOT 11 22
[2750] = CNOT 11 23
[2751] = CNOT 11 31
[2752] = S 11
[2753] = Z 11
[2754] = CNOT 11 31
[2755] = CNOT 11 47
[2756] = Z 11
[2757] = CNOT 11 47
[2758] = CNOT 11 49
[2759] = Z 11
[2760] = CNOT 11 49
[2761] = CNOT 11 23
[2762] = CNOT 11 24
[2763] = CNOT 11 30
[2764] = S 11
[2765] = Z 11
[2766] = CNOT 11 30
[2767] = CNOT 11 47
[2768] = Z 11
[2769] = CNOT 11 47
[2770] = CNOT 11 49
[2771] = Z 11
[2772] = CNOT 11 49
[2773] = CNOT 11 24
[2774] = CNOT 11 25
[2775] = CNOT 11 29
[2776] = S 11
[2777] = Z 11
[2778] = CNOT 11 25
[2779] = CNOT 11 41
[2780] = S 11
[2781] = Z 11
[2782] = CNOT 11 41
[2783] = CNOT 11 29
[2784] = CNOT 11 30
[2785] = CNOT 11 40
[2786] = S 11
[2787] = Z 11
[2788] = CNOT 11 40
[2789] = CNOT 11 47
[2790] = Z 11
[2791] = CNOT 11 47
[2792] = CNOT 11 49
[2793] = Z 11
[2794] = CNOT 11 49
[2795] = CNOT 11 30
[2796] = CNOT 11 31
[2797] = CNOT 11 39
[2798] = S 11
[2799] = Z 11
[2800] = CNOT 11 39
[2801] = CNOT 11 47
[2802] = Z 11
[2803] = CNOT 11 47
[2804] = CNOT 11 49
[2805] = Z 11
[2806] = CNOT 11 49
[2807] = CNOT 11 31
[2808] = CNOT 11 32
[2809] = CNOT 11 38
[2810] = S 11
[2811] = Z 11
[2812] = CNOT 11 38
[2813] = CNOT 11 32
[2814] = CNOT 11 33
[2815] = CNOT 11 37
[2816] = S 11
[2817] = Z 11
[2818] = CNOT 11 37
[2819] = CNOT 11 33
[2820] = CNOT 11 34
[2821] = CNOT 11 36
[2822] = S 11
[2823] = Z 11
[2824] = CNOT 11 36
[2825] = CNOT 11 50
[2826] = Z 11
[2827] = CNOT 11 34
[2828] = CNOT 11 35
[2829] = Z 11
[2830] = CNOT 11 35
[2831] = CNOT 11 36
[2832] = S 11
[2833] = Z 11
[2834] = CNOT 11 50
[2835] = CNOT 11 36
[2836] = CNOT 11 37
[2837] = CNOT 11 49
[2838] = S 11
[2839] = Z 11
[2840] = CNOT 11 49
[2841] = CNOT 11 37
[2842] = CNOT 11 38
[2843] = CNOT 11 48
[2844] = S 11
[2845] = Z 11
[2846] = CNOT 11 48
[2847] = CNOT 11 38
[2848] = CNOT 11 39
[2849] = CNOT 11 47
[2850] = S 11
[2851] = Z 11
[2852] = CNOT 11 47
[2853] = CNOT 11 49
[2854] = Z 11
[2855] = CNOT 11 49
[2856] = CNOT 11 39
[2857] = CNOT 11 40
[2858] = CNOT 11 46
[2859] = S 11
[2860] = Z 11
[2861] = CNOT 11 46
[2862] = CNOT 11 47
[2863] = Z 11
[2864] = CNOT 11 47
[2865] = CNOT 11 49
[2866] = Z 11
[2867] = CNOT 11 49
[2868] = CNOT 11 40
[2869] = CNOT 11 41
[2870] = CNOT 11 45
[2871] = S 11
[2872] = Z 11
[2873] = CNOT 11 45
[2874] = CNOT 11 41
[2875] = CNOT 11 46
[2876] = CNOT 11 47
[2877] = Z 11
[2878] = CNOT 11 47
[2879] = CNOT 11 49
[2880] = Z 11
[2881] = CNOT 11 46
[2882] = CNOT 11 47
[2883] = S 11
[2884] = Z 11
[2885] = CNOT 11 49
[2886] = CNOT 11 47
[2887] = CNOT 12 25
[2888] = CNOT 12 29
[2889] = S 12
[2890] = Z 12
[2891] = CNOT 12 25
[2892] = CNOT 12 41
[2893] = S 12
[2894] = Z 12
[2895] = CNOT 12 29
[2896] = CNOT 12 45
[2897] = S 12
[2898] = Z 12
[2899] = CNOT 12 41
[2900] = CNOT 13 14
[2901] = CNOT 13 24
[2902] = S 13
[2903] = Z 13
[2904] = CNOT 13 24
[2905] = CNOT 13 30
[2906] = Z 13
[2907] = CNOT 13 30
[2908] = CNOT 13 40
[2909] = Z 13
[2910] = CNOT 13 40
[2911] = CNOT 13 46
[2912] = Z 13
[2913] = CNOT 13 46
[2914] = CNOT 13 14
[2915] = CNOT 13 16
[2916] = CNOT 13 24
[2917] = S 13
[2918] = Z 13
[2919] = CNOT 13 24
[2920] = CNOT 13 30
[2921] = Z 13
[2922] = CNOT 13 30
[2923] = CNOT 13 40
[2924] = Z 13
[2925] = CNOT 13 40
[2926] = CNOT 13 46
[2927] = Z 13
[2928] = CNOT 13 46
[2929] = CNOT 13 16
[2930] = CNOT 13 24
[2931] = CNOT 13 30
[2932] = S 13
[2933] = Z 13
[2934] = CNOT 13 30
[2935] = CNOT 13 47
[2936] = S 13
[2937] = Z 13
[2938] = CNOT 13 47
[2939] = CNOT 13 49
[2940] = S 13
[2941] = Z 13
[2942] = CNOT 13 49
[2943] = CNOT 13 24
[2944] = CNOT 13 30
[2945] = CNOT 13 40
[2946] = S 13
[2947] = Z 13
[2948] = CNOT 13 40
[2949] = CNOT 13 47
[2950] = Z 13
[2951] = CNOT 13 47
[2952] = CNOT 13 49
[2953] = Z 13
[2954] = CNOT 13 49
[2955] = CNOT 13 30
[2956] = CNOT 13 40
[2957] = CNOT 13 46
[2958] = S 13
[2959] = Z 13
[2960] = CNOT 13 46
[2961] = CNOT 13 47
[2962] = Z 13
[2963] = CNOT 13 47
[2964] = CNOT 13 49
[2965] = Z 13
[2966] = CNOT 13 49
[2967] = CNOT 13 40
[2968] = CNOT 13 46
[2969] = CNOT 13 47
[2970] = Z 13
[2971] = CNOT 13 47
[2972] = CNOT 13 49
[2973] = Z 13
[2974] = CNOT 13 49
[2975] = CNOT 13 46
[2976] = CNOT 14 16
[2977] = CNOT 14 23
[2978] = S 14
[2979] = Z 14
[2980] = CNOT 14 23
[2981] = CNOT 14 24
[2982] = Z 14
[2983] = CNOT 14 24
[2984] = CNOT 14 30
[2985] = Z 14
[2986] = CNOT 14 30
[2987] = CNOT 14 40
[2988] = Z 14
[2989] = CNOT 14 40
[2990] = CNOT 14 46
[2991] = Z 14
[2992] = CNOT 14 46
[2993] = CNOT 14 47
[2994] = S 14
[2995] = CNOT 14 47
[2996] = CNOT 14 49
[2997] = S 14
[2998] = CNOT 14 49
[2999] = CNOT 14 16
[3000] = CNOT 14 23
[3001] = CNOT 14 47
[3002] = S 14
[3003] = Z 14
[3004] = CNOT 14 47
[3005] = CNOT 14 49
[3006] = S 14
[3007] = Z 14
[3008] = CNOT 14 49
[3009] = CNOT 14 23
[3010] = CNOT 14 24
[3011] = CNOT 14 30
[3012] = S 14
[3013] = Z 14
[3014] = CNOT 14 30
[3015] = CNOT 14 47
[3016] = Z 14
[3017] = CNOT 14 47
[3018] = CNOT 14 49
[3019] = Z 14
[3020] = CNOT 14 49
[3021] = CNOT 14 24
[3022] = CNOT 14 30
[3023] = CNOT 14 40
[3024] = S 14
[3025] = Z 14
[3026] = CNOT 14 40
[3027] = CNOT 14 47
[3028] = Z 14
[3029] = CNOT 14 47
[3030] = CNOT 14 49
[3031] = Z 14
[3032] = CNOT 14 49
[3033] = CNOT 14 30
[3034] = CNOT 14 40
[3035] = CNOT 14 46
[3036] = S 14
[3037] = Z 14
[3038] = CNOT 14 46
[3039] = CNOT 14 47
[3040] = Z 14
[3041] = CNOT 14 47
[3042] = CNOT 14 49
[3043] = Z 14
[3044] = CNOT 14 49
[3045] = CNOT 14 40
[3046] = CNOT 14 46
[3047] = CNOT 14 47
[3048] = Z 14
[3049] = CNOT 14 47
[3050] = CNOT 14 49
[3051] = Z 14
[3052] = CNOT 14 46
[3053] = CNOT 14 47
[3054] = S 14
[3055] = CNOT 14 49
[3056] = CNOT 15 22
[3057] = CNOT 15 32
[3058] = S 15
[3059] = Z 15
[3060] = CNOT 15 22
[3061] = CNOT 15 38
[3062] = S 15
[3063] = Z 15
[3064] = CNOT 15 32
[3065] = CNOT 15 48
[3066] = S 15
[3067] = Z 15
[3068] = CNOT 15 38
[3069] = CNOT 16 21
[3070] = CNOT 16 33
[3071] = S 16
[3072] = Z 16
[3073] = CNOT 16 33
[3074] = CNOT 16 21
[3075] = CNOT 16 23
[3076] = CNOT 16 31
[3077] = S 16
[3078] = Z 16
[3079] = CNOT 16 31
[3080] = CNOT 16 47
[3081] = Z 16
[3082] = CNOT 16 47
[3083] = CNOT 16 49
[3084] = Z 16
[3085] = CNOT 16 49
[3086] = CNOT 16 23
[3087] = CNOT 16 24
[3088] = CNOT 16 30
[3089] = S 16
[3090] = Z 16
[3091] = CNOT 16 30
[3092] = CNOT 16 47
[3093] = Z 16
[3094] = CNOT 16 47
[3095] = CNOT 16 49
[3096] = Z 16
[3097] = CNOT 16 49
[3098] = CNOT 16 24
[3099] = CNOT 16 30
[3100] = CNOT 16 40
[3101] = S 16
[3102] = Z 16
[3103] = CNOT 16 40
[3104] = CNOT 16 47
[3105] = Z 16
[3106] = CNOT 16 47
[3107] = CNOT 16 49
[3108] = Z 16
[3109] = CNOT 16 49
[3110] = CNOT 16 30
[3111] = CNOT 16 31
[3112] = CNOT 16 39
[3113] = S 16
[3114] = Z 16
[3115] = CNOT 16 39
[3116] = CNOT 16 47
[3117] = Z 16
[3118] = CNOT 16 47
[3119] = CNOT 16 49
[3120] = Z 16
[3121] = CNOT 16 49
[3122] = CNOT 16 31
[3123] = CNOT 16 33
[3124] = CNOT 16 37
[3125] = S 16
[3126] = Z 16
[3127] = CNOT 16 33
[3128] = CNOT 16 49
[3129] = S 16
[3130] = Z 16
[3131] = CNOT 16 49
[3132] = CNOT 16 37
[3133] = CNOT 16 39
[3134] = CNOT 16 47
[3135] = S 16
[3136] = Z 16
[3137] = CNOT 16 47
[3138] = CNOT 16 49
[3139] = Z 16
[3140] = CNOT 16 49
[3141] = CNOT 16 39
[3142] = CNOT 16 40
[3143] = CNOT 16 46
[3144] = S 16
[3145] = Z 16
[3146] = CNOT 16 46
[3147] = CNOT 16 47
[3148] = Z 16
[3149] = CNOT 16 47
[3150] = CNOT 16 49
[3151] = Z 16
[3152] = CNOT 16 49
[3153] = CNOT 16 40
[3154] = CNOT 16 46
[3155] = CNOT 16 47
[3156] = Z 16
[3157] = CNOT 16 47
[3158] = CNOT 16 49
[3159] = Z 16
[3160] = CNOT 16 46
[3161] = CNOT 16 47
[3162] = S 16
[3163] = Z 16
[3164] = CNOT 16 47
[3165] = CNOT 17 18
[3166] = CNOT 17 19
[3167] = S 17
[3168] = Z 17
[3169] = CNOT 17 19
[3170] = CNOT 17 35
[3171] = Z 17
[3172] = CNOT 17 35
[3173] = CNOT 17 50
[3174] = Z 17
[3175] = CNOT 17 50
[3176] = CNOT 17 18
[3177] = CNOT 17 19
[3178] = CNOT 17 35
[3179] = S 17
[3180] = Z 17
[3181] = CNOT 17 35
[3182] = CNOT 17 50
[3183] = Z 17
[3184] = CNOT 17 19
[3185] = CNOT 17 20
[3186] = S 17
[3187] = Z 17
[3188] = CNOT 17 20
[3189] = CNOT 17 35
[3190] = Z 17
[3191] = CNOT 17 35
[3192] = CNOT 18 19
[3193] = CNOT 18 35
[3194] = S 18
[3195] = Z 18
[3196] = CNOT 18 35
[3197] = CNOT 18 50
[3198] = S 18
[3199] = Z 18
[3200] = CNOT 18 19
[3201] = CNOT 18 35
[3202] = Z 18
[3203] = CNOT 18 50
[3204] = CNOT 18 35
[3205] = CNOT 19 35
[3206] = CNOT 19 50
[3207] = S 19
[3208] = Z 19
[3209] = CNOT 19 50
[3210] = CNOT 19 35
[3211] = CNOT 20 34
[3212] = CNOT 20 50
[3213] = S 20
[3214] = Z 20
[3215] = CNOT 20 50
[3216] = CNOT 20 34
[3217] = CNOT 23 31
[3218] = CNOT 23 47
[3219] = S 23
[3220] = Z 23
[3221] = CNOT 23 47
[3222] = CNOT 23 49
[3223] = S 23
[3224] = Z 23
[3225] = CNOT 23 31
[3226] = CNOT 23 47
[3227] = Z 23
[3228] = CNOT 23 49
[3229] = CNOT 23 47
[3230] = CNOT 24 30
[3231] = CNOT 24 47
[3232] = S 24
[3233] = Z 24
[3234] = CNOT 24 47
[3235] = CNOT 24 49
[3236] = S 24
[3237] = Z 24
[3238] = CNOT 24 30
[3239] = CNOT 24 47
[3240] = Z 24
[3241] = CNOT 24 49
[3242] = CNOT 30 40
[3243] = CNOT 30 47
[3244] = S 30
[3245] = Z 30
[3246] = CNOT 30 47
[3247] = CNOT 30 49
[3248] = S 30
[3249] = Z 30
[3250] = CNOT 30 40
[3251] = CNOT 30 47
[3252] = Z 30
[3253] = CNOT 30 49
[3254] = CNOT 30 47
[3255] = CNOT 31 39
[3256] = CNOT 31 47
[3257] = S 31
[3258] = Z 31
[3259] = CNOT 31 47
[3260] = CNOT 31 49
[3261] = S 31
[3262] = Z 31
[3263] = CNOT 31 39
[3264] = CNOT 31 47
[3265] = Z 31
[3266] = CNOT 31 49
[3267] = CNOT 34 36
[3268] = CNOT 34 50
[3269] = S 34
[3270] = Z 34
[3271] = CNOT 34 36
[3272] = CNOT 39 47
[3273] = CNOT 39 49
[3274] = S 39
[3275] = Z 39
[3276] = CNOT 39 49
[3277] = CNOT 39 47
[3278] = CNOT 40 46
[3279] = CNOT 40 47
[3280] = S 40
[3281] = Z 40
[3282] = CNOT 40 47
[3283] = CNOT 40 49
[3284] = S 40
[3285] = Z 40
[3286] = CNOT 40 46
[3287] = CNOT 40 47
[3288] = Z 40
[3289] = CNOT 40 49
[3290] = CNOT 46 47
[3291] = CNOT 46 49
[3292] = Z 46
[3293] = CNOT 46 49
[3294] = CNOT 46 47
[3295] = CNOT 37 50
[3296] = CNOT 21 50
[3297] = CNOT 38 49
[3298] = CNOT 33 49
[3299] = CNOT 22 49
[3300] = CNOT 39 48
[3301] = CNOT 32 48
[3302] = CNOT 23 48
[3303] = CNOT 41 46
[3304] = CNOT 30 46
[3305] = CNOT 25 46
[3306] = CNOT 13 46
[3307] = CNOT 29 45
[3308] = CNOT 26 45
[3309] = CNOT 43 44
[3310] = CNOT 28 44
[3311] = CNOT 27 44
[3312] = CNOT 11 44
[3313] = CNOT 44 43
[3314] = CNOT 43 44
[3315] = CNOT 45 42
[3316] = CNOT 42 45
[3317] = CNOT 46 41
[3318] = CNOT 41 46
[3319] = CNOT 47 40
[3320] = CNOT 40 47
[3321] = CNOT 48 39
[3322] = CNOT 39 48
[3323] = CNOT 49 38
[3324] = CNOT 38 49
[3325] = CNOT 50 37
[3326] = CNOT 37 50
[3327] = CNOT 35 36
[3328] = CNOT 20 36
[3329] = CNOT 18 36
[3330] = CNOT 36 35
[3331] = CNOT 35 36
[3332] = CNOT 37 34
[3333] = CNOT 34 37
[3334] = CNOT 38 33
[3335] = CNOT 33 38
[3336] = CNOT 39 32
[3337] = CNOT 32 39
[3338] = CNOT 40 31
[3339] = CNOT 31 40
[3340] = CNOT 41 30
[3341] = CNOT 30 41
[3342] = CNOT 42 29
[3343] = CNOT 29 42
[3344] = CNOT 43 28
[3345] = CNOT 28 43
[3346] = CNOT 28 27
[3347] = CNOT 27 28
[3348] = CNOT 29 26
[3349] = CNOT 26 29
[3350] = CNOT 30 25
[3351] = CNOT 25 30
[3352] = CNOT 31 24
[3353] = CNOT 24 31
[3354] = CNOT 32 23
[3355] = CNOT 23 32
[3356] = CNOT 33 22
[3357] = CNOT 22 33
[3358] = CNOT 34 21
[3359] = CNOT 21 34
[3360] = CNOT 35 20
[3361] = CNOT 20 35
[3362] = CNOT 20 18
[3363] = CNOT 18 20
[3364] = CNOT 21 17
[3365] = CNOT 17 21
[3366] = CNOT 22 16
[3367] = CNOT 16 22
[3368] = CNOT 23 15
[3369] = CNOT 15 23
[3370] = CNOT 24 14
[3371] = CNOT 14 24
[3372] = CNOT 25 13
[3373] = CNOT 13 25
[3374] = CNOT 26 12
[3375] = CNOT 12 26
[3376] = CNOT 27 11
[3377] = CNOT 11 27
[3378] = H 20
[3379] = M 20
[3380] = H 21
[3381] = M 21
[3382] = H 22
[3383] = M 22
[3384] = H 23
[3385] = M 23
[3386] = H 24
[3387] = M 24
[3388] = H 25
[3389] = M 25
[3390] = H 26
[3391] = M 26
[3392] = H 27
[3393] = M 27
[3394] = H 28
[3395] = M 28
[3396] = H 29
[3397] = M 29
[3398] = H 30
[3399] = M 30
[3400] = H 31
[3401] = M 31
[3402] = H 32
[3403] = M 32
[3404] = H 33
[3405] = M 33
[3406] = H 34
[3407] = M 34
[3408] = H 35
[3409] = M 35
[3410] = H 36
[3411] = M 36
[3412] = H 37
[3413] = M 37
[3414] = H 38
[3415] = M 38
[3416] = H 39
[3417] = M 39
[3418] = H 40
[3419] = M 40
[3420] = H 41
[3421] = M 41
[3422] = H 42
[3423] = M 42
[3424] = H 43
[3425] = M 43
[3426] = H 44
[3427] = M 44
[3428] = H 45
[3429] = M 45
[3430] = H 46
[3431] = M 46
[3432] = H 47
[3433] = M 47
[3434] = H 48
[3435] = M 48
[3436] = H 49
[3437] = M 49
[3438] = H 50
[3439] = M 50
[3440] = H 18
[3441] = H 19
Gate distributions:
Input:
Operator distribution:
Total number of qubits = 19
Number of `data' qubits = 19
Number of `Toff_n' ancillas = 0
Number of Hadamard ancillas = 0
Hadamard ancilla cap = infinite
Number of {CNOT,T} partitions = 1
T count = 224
Cost estimation = 112034
	id	Count
	0	0
	1	0
	2	0
	3	34
	4	0
	5	0
	6	0
	7	0
	8	0
	9	0
	10	32
	11	0
	12	0
	13	0
	14	0
	15	0
	16	0
	17	0
	18	0
Output:
Operator distribution:
Total number of qubits = 50
Number of `data' qubits = 19
Number of `Toff_n' ancillas = 0
Number of Hadamard ancillas = 31
Hadamard ancilla cap = infinite
Number of {CNOT,T} partitions = 1
T count = 84
Cost estimation = 45373.5
	id	Count
	0	0
	1	0
	2	0
	3	65
	4	2133
	5	84
	6	0
	7	0
	8	0
	9	0
	10	0
	11	517
	12	0
	13	612
	14	0
	15	0
	16	0
	17	0
	18	31
Output T Count (SQC_Circuit) = 84
Output T Count (PhasePolynomial) = 84
Fail count = 0

Execution time: 21.1923s
Number of LCL errors: 0
Number of LCL warnings: 0
