Optimize a Clifford + T circuit.
Input filename = /home/ryo-mtmt/TOpt/forme/tpar_benchmark/gf2^5_mult.tfc
Number of unknown gates = 0
Number of unknown qubit labels = 0
Circuit filename: /home/ryo-mtmt/TOpt/forme/tpar_benchmark/gf2^5_mult.tfc

n 15
n_x 15
n_y 0
n_z 0
m 101
[0] = H 11
[1] = H 12
[2] = H 13
[3] = H 14
[4] = CCZ 5 7 11
[5] = CCZ 4 8 11
[6] = CCZ 3 9 11
[7] = CCZ 2 10 11
[8] = CCZ 5 8 12
[9] = CCZ 4 9 12
[10] = CCZ 3 10 12
[11] = CCZ 5 9 13
[12] = CCZ 4 10 13
[13] = CCZ 5 10 14
[14] = H 11
[15] = H 12
[16] = H 13
[17] = H 14
[18] = CNOT 11 14
[19] = CNOT 15 13
[20] = CNOT 14 12
[21] = CNOT 13 11
[22] = H 11
[23] = H 12
[24] = H 13
[25] = H 14
[26] = H 15
[27] = CCZ 5 6 15
[28] = CCZ 4 7 15
[29] = CCZ 3 8 15
[30] = CCZ 2 9 15
[31] = CCZ 1 10 15
[32] = CCZ 4 6 14
[33] = CCZ 3 7 14
[34] = CCZ 2 8 14
[35] = CCZ 1 9 14
[36] = CCZ 3 6 13
[37] = CCZ 2 7 13
[38] = CCZ 1 8 13
[39] = CCZ 2 6 12
[40] = CCZ 1 7 12
[41] = CCZ 1 6 11
[42] = H 11
[43] = H 12
[44] = H 13
[45] = H 14
[46] = H 15

Algorithm used: todd_exp_packedlocal_diff_1111_p10

UniversalOptimize begin.
	Gate synthesis begin.
A_BMS
BMSparse object. Dims: 24x115
2759 342 2756 341 2755 339 2753 338 1027 221 220 2749 2747 217 2631 905 2628 213 786 783 1354 319 2630 317 1121 316 2510 197 1353 2381 913 656 2509 196 310 999 2512 199 1227 307 306 1022 765 304 303 1451 1450 414 1103 67 2711 1351 66 2710 1100 1356 2384 1099 64 2708 2383 1098 63 2477 1448 2476 636 2603 290 634 371 2555 1158 370 998 484 942 815 941 2338 52 1322 600 1123 2665 1268 763 506 1125 354 1122 2664 1267 363 1265 362 218 475 602 481 1509 709 1507 208 465 1230 973 1154 207 464 1229 972 416 1187 2584 903 1160 2557 971 1403 1049 308 51 695 904 1161 2558 2606 807 45 997 1511 365 622 1157 805 784 2583 1048 289 32 2750 694 2218 482 1510 621 1156 210 467 1105 848 975 461 1047 943 2340 54 707 353 1404 696 460 356 2507 708 729 472 601 214 728 1401 373 29 604 1186 2214 814 43 1071 2341 30 605 2662 606 417 2216 2474 2217 149 413 1184 1069 41 782 2581 150 152 1323 38 39 216 473 730 813 1070 42 1104 847 849 976 660 403 2459 918 2460 635 2691 764 507 623 2693 1023 509 2694 1024 510 914 657 400 2605 292 806 1320 915 658 2457 401 463 977 

[Experimental TODD PackedLocal + ChiDiff] Flags - Packed: 1, AA Table: 1, Memo: 1, Sketch: 1 (percent=10)
--- Round 0 | Current Columns: 115 ---
  [HIT!] Pair(30,85) Dist=1 | 115 -> 111 columns
Round 0 Finished in 3 ms.
--- Round 1 | Current Columns: 111 ---
  [HIT!] Pair(30,66) Dist=1 | 111 -> 107 columns
Round 1 Finished in 2 ms.
--- Round 2 | Current Columns: 107 ---
  [HIT!] Pair(39,96) Dist=1 | 107 -> 103 columns
Round 2 Finished in 2 ms.
--- Round 3 | Current Columns: 103 ---
  [HIT!] Pair(64,90) Dist=1 | 103 -> 100 columns
Round 3 Finished in 1 ms.
--- Round 4 | Current Columns: 100 ---
  [HIT!] Pair(26,72) Dist=1 | 100 -> 96 columns
Round 4 Finished in 4 ms.
--- Round 5 | Current Columns: 96 ---
  [HIT!] Pair(27,54) Dist=1 | 96 -> 94 columns
Round 5 Finished in 1 ms.
--- Round 6 | Current Columns: 94 ---
  [HIT!] Pair(20,48) Dist=1 | 94 -> 92 columns
Round 6 Finished in 3 ms.
--- Round 7 | Current Columns: 92 ---
  [HIT!] Pair(16,58) Dist=2 | 92 -> 90 columns
Round 7 Finished in 71 ms.
--- Round 8 | Current Columns: 90 ---
  [SKETCH HIT!] Pair(7,82) Dist=5 | 90 -> 88 columns
Round 8 Finished in 846 ms.
--- Round 9 | Current Columns: 88 ---
Round 9 Finished in 1550 ms.

=== Optimization Summary ===
Algorithm       : LempelX2_M4RI_Experimental_PackedLocal_ChiDiff
Initial T-count : 115
Final T-count   : 88
Total Reduced   : 27 gates
Execution Time  : 2491 ms
Chi calculation : 387.312 ms
AA Table calc   : 0.166 ms
Nullspace calc  : 840.525 ms
Pairs tested    : 5763
Memo x hits     : 1010
Avg affected    : 4687.62
Full NS empty   : 0
Sketch mode     : percent(10)
Sketch attempts : 5258
Sketch skipped  : 0
Sketch rejected : 3898
Sketch rank rej : 0
Sketch pair rej : 3898
Sketch passed   : 1360
Sketch rows avg : 674.084
Sketch y vectors: 30396
Sketch pair y   : 3602
Sketch y full ok: 1
Sketch y full ng: 3601
Sketch y reduced: 1
Sketch y no red : 0
Full NS skipped : 3899
Full NS computed: 1359
Sketch time     : 1242.72 ms
============================
		TODD executed in 2.48861 seconds.
		Total time: 2.49188s
	Gate synthesis end.
	Total time: 2.63134s
UniversalOptimize end.
Output circuit:
n 24
n_x 15
n_y 0
n_z 9
m 1501
[0] = H 11
[1] = H 12
[2] = H 13
[3] = H 14
[4] = H 16
[5] = H 17
[6] = H 18
[7] = H 19
[8] = H 20
[9] = H 21
[10] = H 22
[11] = H 23
[12] = H 24
[13] = CNOT 1 5
[14] = CNOT 1 8
[15] = CNOT 1 12
[16] = T 1
[17] = CNOT 1 5
[18] = CNOT 2 4
[19] = CNOT 2 8
[20] = CNOT 2 11
[21] = T 2
[22] = CNOT 2 8
[23] = CNOT 2 4
[24] = T 1
[25] = S 1
[26] = Z 1
[27] = CNOT 1 12
[28] = CNOT 1 8
[29] = CNOT 1 5
[30] = CNOT 1 14
[31] = T 1
[32] = Z 1
[33] = CNOT 1 14
[34] = CNOT 1 4
[35] = CNOT 1 6
[36] = CNOT 1 7
[37] = CNOT 1 11
[38] = T 1
[39] = CNOT 1 7
[40] = CNOT 1 6
[41] = CNOT 2 6
[42] = CNOT 2 7
[43] = T 2
[44] = CNOT 2 11
[45] = CNOT 2 5
[46] = T 2
[47] = CNOT 2 7
[48] = CNOT 2 6
[49] = CNOT 2 5
[50] = CNOT 1 2
[51] = CNOT 1 3
[52] = CNOT 1 12
[53] = T 1
[54] = CNOT 1 12
[55] = CNOT 1 5
[56] = CNOT 1 4
[57] = CNOT 1 3
[58] = CNOT 1 2
[59] = CNOT 2 5
[60] = CNOT 2 6
[61] = CNOT 2 8
[62] = T 2
[63] = CNOT 2 4
[64] = CNOT 2 11
[65] = T 2
[66] = CNOT 2 11
[67] = CNOT 2 8
[68] = CNOT 1 6
[69] = CNOT 1 8
[70] = T 1
[71] = CNOT 1 11
[72] = CNOT 1 8
[73] = CNOT 1 6
[74] = T 2
[75] = CNOT 2 6
[76] = CNOT 2 5
[77] = CNOT 2 4
[78] = CNOT 1 4
[79] = CNOT 1 5
[80] = CNOT 1 10
[81] = CNOT 1 12
[82] = T 1
[83] = CNOT 1 5
[84] = CNOT 2 10
[85] = CNOT 2 11
[86] = CNOT 2 12
[87] = CNOT 2 14
[88] = T 2
[89] = CNOT 2 14
[90] = CNOT 2 12
[91] = CNOT 2 11
[92] = CNOT 2 10
[93] = T 1
[94] = CNOT 1 12
[95] = CNOT 1 10
[96] = CNOT 1 5
[97] = CNOT 1 14
[98] = T 1
[99] = CNOT 1 14
[100] = CNOT 1 2
[101] = CNOT 1 11
[102] = CNOT 1 12
[103] = T 1
[104] = CNOT 1 12
[105] = CNOT 1 11
[106] = CNOT 1 5
[107] = CNOT 1 2
[108] = CNOT 1 7
[109] = CNOT 1 24
[110] = T 1
[111] = CNOT 1 4
[112] = CNOT 2 5
[113] = CNOT 2 7
[114] = CNOT 2 11
[115] = T 2
[116] = CNOT 2 7
[117] = CNOT 2 5
[118] = T 1
[119] = S 1
[120] = Z 1
[121] = CNOT 1 24
[122] = CNOT 1 4
[123] = CNOT 1 5
[124] = CNOT 1 11
[125] = T 1
[126] = CNOT 1 11
[127] = CNOT 1 7
[128] = CNOT 1 4
[129] = CNOT 1 9
[130] = CNOT 1 12
[131] = CNOT 1 13
[132] = CNOT 1 14
[133] = T 1
[134] = CNOT 1 5
[135] = CNOT 2 4
[136] = CNOT 2 9
[137] = CNOT 2 12
[138] = CNOT 2 14
[139] = T 2
[140] = CNOT 2 14
[141] = CNOT 2 12
[142] = CNOT 2 11
[143] = CNOT 2 9
[144] = CNOT 2 4
[145] = T 1
[146] = CNOT 1 9
[147] = CNOT 1 5
[148] = T 1
[149] = CNOT 1 14
[150] = CNOT 1 13
[151] = CNOT 1 12
[152] = CNOT 1 5
[153] = CNOT 1 6
[154] = CNOT 1 23
[155] = T 1
[156] = Z 1
[157] = CNOT 1 23
[158] = CNOT 1 6
[159] = CNOT 1 4
[160] = CNOT 1 5
[161] = CNOT 1 8
[162] = CNOT 1 11
[163] = T 1
[164] = CNOT 1 11
[165] = CNOT 1 8
[166] = CNOT 1 5
[167] = CNOT 2 22
[168] = T 2
[169] = S 2
[170] = CNOT 2 22
[171] = CNOT 1 23
[172] = T 1
[173] = Z 1
[174] = CNOT 1 23
[175] = CNOT 1 4
[176] = CNOT 1 6
[177] = CNOT 1 20
[178] = T 1
[179] = CNOT 1 20
[180] = CNOT 1 4
[181] = CNOT 1 8
[182] = CNOT 1 24
[183] = T 1
[184] = CNOT 1 24
[185] = CNOT 1 8
[186] = CNOT 1 6
[187] = CNOT 1 4
[188] = CNOT 6 20
[189] = T 6
[190] = S 6
[191] = CNOT 6 20
[192] = CNOT 1 20
[193] = T 1
[194] = S 1
[195] = CNOT 1 20
[196] = T 20
[197] = S 20
[198] = CNOT 4 5
[199] = CNOT 4 10
[200] = T 4
[201] = S 4
[202] = CNOT 4 10
[203] = CNOT 1 2
[204] = CNOT 1 10
[205] = T 1
[206] = Z 1
[207] = CNOT 1 2
[208] = CNOT 1 11
[209] = T 1
[210] = Z 1
[211] = CNOT 1 11
[212] = CNOT 1 10
[213] = T 4
[214] = S 4
[215] = Z 4
[216] = CNOT 4 5
[217] = CNOT 1 7
[218] = CNOT 1 21
[219] = T 1
[220] = CNOT 1 21
[221] = CNOT 1 7
[222] = CNOT 1 2
[223] = T 1
[224] = S 1
[225] = Z 1
[226] = CNOT 1 2
[227] = CNOT 7 21
[228] = T 7
[229] = S 7
[230] = CNOT 7 21
[231] = CNOT 1 21
[232] = T 1
[233] = S 1
[234] = CNOT 1 21
[235] = CNOT 1 8
[236] = CNOT 1 22
[237] = T 1
[238] = CNOT 1 22
[239] = CNOT 1 8
[240] = CNOT 1 2
[241] = CNOT 1 3
[242] = CNOT 1 4
[243] = CNOT 1 5
[244] = CNOT 1 11
[245] = T 1
[246] = CNOT 1 11
[247] = CNOT 1 5
[248] = CNOT 1 2
[249] = CNOT 8 22
[250] = T 8
[251] = S 8
[252] = CNOT 8 22
[253] = CNOT 1 6
[254] = CNOT 1 8
[255] = T 1
[256] = CNOT 1 8
[257] = CNOT 1 3
[258] = CNOT 1 5
[259] = CNOT 1 24
[260] = T 1
[261] = CNOT 1 6
[262] = CNOT 2 8
[263] = CNOT 2 23
[264] = T 2
[265] = CNOT 2 23
[266] = CNOT 2 8
[267] = CNOT 2 7
[268] = CNOT 2 22
[269] = T 2
[270] = CNOT 2 22
[271] = CNOT 2 7
[272] = T 1
[273] = CNOT 1 24
[274] = CNOT 1 9
[275] = CNOT 1 11
[276] = T 1
[277] = CNOT 1 11
[278] = CNOT 1 5
[279] = CNOT 1 4
[280] = CNOT 1 23
[281] = T 1
[282] = CNOT 1 23
[283] = CNOT 1 9
[284] = CNOT 2 24
[285] = T 2
[286] = S 2
[287] = CNOT 2 24
[288] = CNOT 9 23
[289] = T 9
[290] = S 9
[291] = CNOT 9 23
[292] = CNOT 7 22
[293] = T 7
[294] = S 7
[295] = CNOT 7 22
[296] = CNOT 1 4
[297] = CNOT 1 9
[298] = CNOT 1 14
[299] = T 1
[300] = CNOT 1 4
[301] = CNOT 2 5
[302] = CNOT 2 9
[303] = CNOT 2 11
[304] = CNOT 2 12
[305] = CNOT 2 14
[306] = T 2
[307] = CNOT 2 14
[308] = CNOT 2 12
[309] = CNOT 2 11
[310] = CNOT 2 5
[311] = T 1
[312] = Z 1
[313] = CNOT 1 14
[314] = CNOT 1 9
[315] = CNOT 8 23
[316] = T 8
[317] = S 8
[318] = CNOT 8 23
[319] = CNOT 1 3
[320] = CNOT 1 6
[321] = CNOT 1 22
[322] = T 1
[323] = CNOT 1 22
[324] = T 1
[325] = CNOT 1 3
[326] = CNOT 1 22
[327] = T 1
[328] = S 1
[329] = Z 1
[330] = CNOT 1 6
[331] = CNOT 1 3
[332] = T 1
[333] = S 1
[334] = Z 1
[335] = CNOT 1 22
[336] = CNOT 1 3
[337] = CNOT 1 10
[338] = CNOT 1 24
[339] = T 1
[340] = CNOT 1 10
[341] = CNOT 2 24
[342] = T 2
[343] = CNOT 2 24
[344] = CNOT 2 9
[345] = CNOT 10 24
[346] = T 10
[347] = S 10
[348] = CNOT 10 24
[349] = CNOT 1 3
[350] = CNOT 1 4
[351] = CNOT 1 6
[352] = CNOT 1 8
[353] = T 1
[354] = CNOT 1 24
[355] = CNOT 1 8
[356] = CNOT 1 6
[357] = CNOT 1 3
[358] = CNOT 2 23
[359] = T 2
[360] = S 2
[361] = CNOT 2 23
[362] = CNOT 1 10
[363] = CNOT 1 12
[364] = CNOT 1 13
[365] = CNOT 1 14
[366] = T 1
[367] = CNOT 1 4
[368] = CNOT 2 4
[369] = CNOT 2 5
[370] = CNOT 2 10
[371] = CNOT 2 11
[372] = CNOT 2 12
[373] = CNOT 2 14
[374] = T 2
[375] = CNOT 2 14
[376] = CNOT 2 12
[377] = CNOT 2 11
[378] = CNOT 2 10
[379] = T 1
[380] = CNOT 1 10
[381] = CNOT 1 4
[382] = T 1
[383] = CNOT 1 14
[384] = CNOT 1 13
[385] = CNOT 1 12
[386] = CNOT 9 24
[387] = T 9
[388] = S 9
[389] = CNOT 9 24
[390] = CNOT 1 3
[391] = CNOT 1 6
[392] = CNOT 1 7
[393] = CNOT 1 23
[394] = T 1
[395] = CNOT 1 23
[396] = T 1
[397] = CNOT 1 3
[398] = CNOT 1 23
[399] = T 1
[400] = CNOT 1 7
[401] = CNOT 1 3
[402] = T 1
[403] = CNOT 1 23
[404] = CNOT 1 6
[405] = CNOT 1 4
[406] = CNOT 1 9
[407] = CNOT 1 11
[408] = T 1
[409] = CNOT 1 11
[410] = T 1
[411] = S 1
[412] = Z 1
[413] = CNOT 1 9
[414] = CNOT 2 9
[415] = T 2
[416] = CNOT 2 9
[417] = CNOT 2 5
[418] = CNOT 2 4
[419] = CNOT 1 11
[420] = T 1
[421] = S 1
[422] = CNOT 1 3
[423] = CNOT 2 6
[424] = CNOT 2 21
[425] = T 2
[426] = CNOT 2 21
[427] = CNOT 2 6
[428] = CNOT 1 2
[429] = CNOT 1 4
[430] = CNOT 1 5
[431] = CNOT 1 10
[432] = CNOT 1 12
[433] = T 1
[434] = CNOT 1 12
[435] = CNOT 1 11
[436] = CNOT 1 10
[437] = CNOT 1 5
[438] = CNOT 1 2
[439] = CNOT 6 21
[440] = T 6
[441] = S 6
[442] = CNOT 6 21
[443] = CNOT 2 21
[444] = T 2
[445] = S 2
[446] = CNOT 2 21
[447] = CNOT 1 3
[448] = CNOT 1 6
[449] = CNOT 1 24
[450] = T 1
[451] = CNOT 1 24
[452] = CNOT 1 6
[453] = CNOT 1 2
[454] = CNOT 1 5
[455] = CNOT 1 10
[456] = CNOT 1 11
[457] = CNOT 1 12
[458] = T 1
[459] = CNOT 1 12
[460] = T 1
[461] = CNOT 1 11
[462] = CNOT 1 10
[463] = CNOT 1 5
[464] = CNOT 1 4
[465] = CNOT 1 3
[466] = CNOT 1 2
[467] = Z 1
[468] = S 2
[469] = Z 2
[470] = S 3
[471] = S 4
[472] = Z 5
[473] = S 6
[474] = Z 6
[475] = S 9
[476] = Z 9
[477] = Z 10
[478] = S 11
[479] = Z 11
[480] = S 12
[481] = Z 12
[482] = Z 13
[483] = Z 14
[484] = Z 15
[485] = Z 16
[486] = Z 18
[487] = S 22
[488] = S 23
[489] = S 24
[490] = Z 24
[491] = CNOT 1 7
[492] = Z 1
[493] = CNOT 1 7
[494] = CNOT 1 8
[495] = S 1
[496] = CNOT 1 8
[497] = CNOT 1 11
[498] = S 1
[499] = Z 1
[500] = CNOT 1 11
[501] = CNOT 1 12
[502] = S 1
[503] = Z 1
[504] = CNOT 1 12
[505] = CNOT 1 13
[506] = S 1
[507] = CNOT 1 13
[508] = CNOT 1 14
[509] = Z 1
[510] = CNOT 1 14
[511] = CNOT 1 23
[512] = S 1
[513] = CNOT 1 23
[514] = CNOT 1 24
[515] = S 1
[516] = CNOT 1 24
[517] = CNOT 2 4
[518] = Z 2
[519] = CNOT 2 4
[520] = CNOT 2 5
[521] = S 2
[522] = CNOT 2 5
[523] = CNOT 2 6
[524] = S 2
[525] = CNOT 2 6
[526] = CNOT 2 7
[527] = S 2
[528] = CNOT 2 7
[529] = CNOT 2 8
[530] = Z 2
[531] = CNOT 2 8
[532] = CNOT 2 9
[533] = S 2
[534] = Z 2
[535] = CNOT 2 9
[536] = CNOT 2 10
[537] = S 2
[538] = Z 2
[539] = CNOT 2 10
[540] = CNOT 2 11
[541] = Z 2
[542] = CNOT 2 11
[543] = CNOT 2 12
[544] = Z 2
[545] = CNOT 2 12
[546] = CNOT 2 14
[547] = Z 2
[548] = CNOT 2 14
[549] = CNOT 3 4
[550] = S 3
[551] = CNOT 3 4
[552] = CNOT 3 6
[553] = S 3
[554] = Z 3
[555] = CNOT 3 6
[556] = CNOT 3 9
[557] = Z 3
[558] = CNOT 3 9
[559] = CNOT 3 10
[560] = Z 3
[561] = CNOT 3 10
[562] = CNOT 3 11
[563] = Z 3
[564] = CNOT 3 11
[565] = CNOT 3 12
[566] = Z 3
[567] = CNOT 3 12
[568] = CNOT 3 22
[569] = Z 3
[570] = CNOT 3 22
[571] = CNOT 4 6
[572] = S 4
[573] = CNOT 4 6
[574] = CNOT 4 9
[575] = S 4
[576] = Z 4
[577] = CNOT 4 9
[578] = CNOT 4 10
[579] = S 4
[580] = Z 4
[581] = CNOT 4 10
[582] = CNOT 4 11
[583] = S 4
[584] = Z 4
[585] = CNOT 4 11
[586] = CNOT 4 12
[587] = S 4
[588] = CNOT 4 12
[589] = CNOT 4 14
[590] = S 4
[591] = CNOT 4 14
[592] = CNOT 4 23
[593] = S 4
[594] = Z 4
[595] = CNOT 4 23
[596] = CNOT 4 24
[597] = S 4
[598] = Z 4
[599] = CNOT 4 24
[600] = CNOT 5 6
[601] = S 5
[602] = Z 5
[603] = CNOT 5 6
[604] = CNOT 5 7
[605] = S 5
[606] = Z 5
[607] = CNOT 5 7
[608] = CNOT 5 8
[609] = S 5
[610] = Z 5
[611] = CNOT 5 8
[612] = CNOT 5 10
[613] = S 5
[614] = Z 5
[615] = CNOT 5 10
[616] = CNOT 5 11
[617] = S 5
[618] = Z 5
[619] = CNOT 5 11
[620] = CNOT 5 12
[621] = S 5
[622] = CNOT 5 12
[623] = CNOT 5 24
[624] = S 5
[625] = Z 5
[626] = CNOT 5 24
[627] = CNOT 6 22
[628] = Z 6
[629] = CNOT 6 22
[630] = CNOT 6 23
[631] = S 6
[632] = Z 6
[633] = CNOT 6 23
[634] = CNOT 7 11
[635] = S 7
[636] = Z 7
[637] = CNOT 7 11
[638] = CNOT 7 24
[639] = Z 7
[640] = CNOT 7 24
[641] = CNOT 8 11
[642] = S 8
[643] = Z 8
[644] = CNOT 8 11
[645] = CNOT 8 12
[646] = Z 8
[647] = CNOT 8 12
[648] = CNOT 9 12
[649] = S 9
[650] = CNOT 9 12
[651] = CNOT 10 11
[652] = S 10
[653] = Z 10
[654] = CNOT 10 11
[655] = CNOT 10 12
[656] = S 10
[657] = Z 10
[658] = CNOT 10 12
[659] = CNOT 10 14
[660] = S 10
[661] = CNOT 10 14
[662] = CNOT 11 12
[663] = Z 11
[664] = CNOT 11 12
[665] = CNOT 11 14
[666] = Z 11
[667] = CNOT 11 14
[668] = CNOT 11 16
[669] = S 11
[670] = CNOT 11 16
[671] = CNOT 12 13
[672] = S 12
[673] = CNOT 12 13
[674] = CNOT 12 14
[675] = S 12
[676] = Z 12
[677] = CNOT 12 14
[678] = CNOT 12 17
[679] = S 12
[680] = CNOT 12 17
[681] = CNOT 13 14
[682] = S 13
[683] = CNOT 13 14
[684] = CNOT 13 18
[685] = S 13
[686] = CNOT 13 18
[687] = CNOT 14 19
[688] = S 14
[689] = CNOT 14 19
[690] = CNOT 15 18
[691] = S 15
[692] = CNOT 15 18
[693] = CNOT 15 24
[694] = Z 15
[695] = CNOT 16 18
[696] = S 16
[697] = CNOT 16 18
[698] = CNOT 16 19
[699] = Z 16
[700] = CNOT 16 19
[701] = CNOT 16 20
[702] = Z 16
[703] = CNOT 16 20
[704] = CNOT 16 22
[705] = S 16
[706] = Z 16
[707] = CNOT 17 19
[708] = S 17
[709] = CNOT 17 19
[710] = CNOT 17 21
[711] = S 17
[712] = CNOT 17 21
[713] = CNOT 17 23
[714] = Z 17
[715] = CNOT 18 19
[716] = S 18
[717] = CNOT 18 19
[718] = CNOT 18 22
[719] = S 18
[720] = Z 18
[721] = CNOT 18 22
[722] = CNOT 18 24
[723] = Z 18
[724] = CNOT 18 24
[725] = CNOT 19 20
[726] = Z 19
[727] = CNOT 19 20
[728] = CNOT 19 22
[729] = S 19
[730] = Z 19
[731] = CNOT 19 22
[732] = CNOT 19 23
[733] = Z 19
[734] = CNOT 19 23
[735] = CNOT 1 2
[736] = CNOT 1 3
[737] = Z 1
[738] = CNOT 1 3
[739] = CNOT 1 4
[740] = S 1
[741] = CNOT 1 4
[742] = CNOT 1 5
[743] = S 1
[744] = CNOT 1 5
[745] = CNOT 1 11
[746] = S 1
[747] = CNOT 1 11
[748] = CNOT 1 12
[749] = Z 1
[750] = CNOT 1 12
[751] = CNOT 1 2
[752] = CNOT 1 3
[753] = CNOT 1 4
[754] = S 1
[755] = Z 1
[756] = CNOT 1 4
[757] = CNOT 1 5
[758] = Z 1
[759] = CNOT 1 5
[760] = CNOT 1 7
[761] = S 1
[762] = Z 1
[763] = CNOT 1 7
[764] = CNOT 1 8
[765] = S 1
[766] = Z 1
[767] = CNOT 1 8
[768] = CNOT 1 10
[769] = S 1
[770] = Z 1
[771] = CNOT 1 10
[772] = CNOT 1 12
[773] = S 1
[774] = Z 1
[775] = CNOT 1 12
[776] = CNOT 1 23
[777] = S 1
[778] = Z 1
[779] = CNOT 1 23
[780] = CNOT 1 24
[781] = S 1
[782] = Z 1
[783] = CNOT 1 24
[784] = CNOT 1 3
[785] = CNOT 1 4
[786] = CNOT 1 5
[787] = S 1
[788] = CNOT 1 5
[789] = CNOT 1 6
[790] = S 1
[791] = Z 1
[792] = CNOT 1 6
[793] = CNOT 1 7
[794] = S 1
[795] = CNOT 1 7
[796] = CNOT 1 8
[797] = Z 1
[798] = CNOT 1 8
[799] = CNOT 1 9
[800] = S 1
[801] = Z 1
[802] = CNOT 1 9
[803] = CNOT 1 10
[804] = S 1
[805] = CNOT 1 10
[806] = CNOT 1 11
[807] = S 1
[808] = Z 1
[809] = CNOT 1 11
[810] = CNOT 1 13
[811] = S 1
[812] = Z 1
[813] = CNOT 1 13
[814] = CNOT 1 14
[815] = Z 1
[816] = CNOT 1 14
[817] = CNOT 1 24
[818] = S 1
[819] = CNOT 1 24
[820] = CNOT 1 4
[821] = CNOT 1 5
[822] = CNOT 1 6
[823] = S 1
[824] = Z 1
[825] = CNOT 1 6
[826] = CNOT 1 7
[827] = S 1
[828] = Z 1
[829] = CNOT 1 7
[830] = CNOT 1 8
[831] = S 1
[832] = Z 1
[833] = CNOT 1 8
[834] = CNOT 1 9
[835] = S 1
[836] = Z 1
[837] = CNOT 1 9
[838] = CNOT 1 10
[839] = Z 1
[840] = CNOT 1 10
[841] = CNOT 1 11
[842] = S 1
[843] = Z 1
[844] = CNOT 1 11
[845] = CNOT 1 13
[846] = S 1
[847] = Z 1
[848] = CNOT 1 13
[849] = CNOT 1 24
[850] = S 1
[851] = Z 1
[852] = CNOT 1 24
[853] = CNOT 1 5
[854] = CNOT 1 6
[855] = CNOT 1 7
[856] = Z 1
[857] = CNOT 1 7
[858] = CNOT 1 8
[859] = Z 1
[860] = CNOT 1 8
[861] = CNOT 1 11
[862] = S 1
[863] = Z 1
[864] = CNOT 1 11
[865] = CNOT 1 24
[866] = Z 1
[867] = CNOT 1 24
[868] = CNOT 1 6
[869] = CNOT 1 7
[870] = CNOT 1 11
[871] = S 1
[872] = Z 1
[873] = CNOT 1 11
[874] = CNOT 1 23
[875] = S 1
[876] = Z 1
[877] = CNOT 1 23
[878] = CNOT 1 7
[879] = CNOT 1 8
[880] = CNOT 1 11
[881] = S 1
[882] = Z 1
[883] = CNOT 1 11
[884] = CNOT 1 24
[885] = S 1
[886] = Z 1
[887] = CNOT 1 24
[888] = CNOT 1 8
[889] = CNOT 1 9
[890] = CNOT 1 11
[891] = S 1
[892] = Z 1
[893] = CNOT 1 11
[894] = CNOT 1 12
[895] = S 1
[896] = Z 1
[897] = CNOT 1 12
[898] = CNOT 1 13
[899] = S 1
[900] = Z 1
[901] = CNOT 1 13
[902] = CNOT 1 9
[903] = CNOT 1 10
[904] = CNOT 1 12
[905] = S 1
[906] = CNOT 1 12
[907] = CNOT 1 13
[908] = S 1
[909] = Z 1
[910] = CNOT 1 13
[911] = CNOT 1 14
[912] = S 1
[913] = Z 1
[914] = CNOT 1 14
[915] = CNOT 1 10
[916] = CNOT 1 11
[917] = CNOT 1 12
[918] = Z 1
[919] = CNOT 1 11
[920] = CNOT 1 13
[921] = S 1
[922] = CNOT 1 13
[923] = CNOT 1 14
[924] = S 1
[925] = CNOT 1 12
[926] = CNOT 1 13
[927] = S 1
[928] = CNOT 1 14
[929] = CNOT 1 13
[930] = CNOT 2 3
[931] = CNOT 2 4
[932] = Z 2
[933] = CNOT 2 4
[934] = CNOT 2 5
[935] = Z 2
[936] = CNOT 2 5
[937] = CNOT 2 10
[938] = S 2
[939] = Z 2
[940] = CNOT 2 10
[941] = CNOT 2 11
[942] = Z 2
[943] = CNOT 2 11
[944] = CNOT 2 12
[945] = S 2
[946] = Z 2
[947] = CNOT 2 12
[948] = CNOT 2 3
[949] = CNOT 2 4
[950] = CNOT 2 5
[951] = S 2
[952] = Z 2
[953] = CNOT 2 5
[954] = CNOT 2 6
[955] = S 2
[956] = Z 2
[957] = CNOT 2 6
[958] = CNOT 2 8
[959] = S 2
[960] = Z 2
[961] = CNOT 2 8
[962] = CNOT 2 9
[963] = S 2
[964] = Z 2
[965] = CNOT 2 9
[966] = CNOT 2 10
[967] = Z 2
[968] = CNOT 2 10
[969] = CNOT 2 11
[970] = S 2
[971] = Z 2
[972] = CNOT 2 11
[973] = CNOT 2 12
[974] = S 2
[975] = CNOT 2 12
[976] = CNOT 2 14
[977] = S 2
[978] = Z 2
[979] = CNOT 2 14
[980] = CNOT 2 4
[981] = CNOT 2 5
[982] = CNOT 2 6
[983] = Z 2
[984] = CNOT 2 6
[985] = CNOT 2 7
[986] = S 2
[987] = Z 2
[988] = CNOT 2 7
[989] = CNOT 2 8
[990] = S 2
[991] = Z 2
[992] = CNOT 2 8
[993] = CNOT 2 9
[994] = S 2
[995] = Z 2
[996] = CNOT 2 9
[997] = CNOT 2 10
[998] = Z 2
[999] = CNOT 2 10
[1000] = CNOT 2 11
[1001] = S 2
[1002] = Z 2
[1003] = CNOT 2 11
[1004] = CNOT 2 12
[1005] = S 2
[1006] = CNOT 2 12
[1007] = CNOT 2 14
[1008] = S 2
[1009] = Z 2
[1010] = CNOT 2 14
[1011] = CNOT 2 5
[1012] = CNOT 2 6
[1013] = CNOT 2 7
[1014] = S 2
[1015] = Z 2
[1016] = CNOT 2 7
[1017] = CNOT 2 8
[1018] = S 2
[1019] = Z 2
[1020] = CNOT 2 8
[1021] = CNOT 2 11
[1022] = S 2
[1023] = Z 2
[1024] = CNOT 2 6
[1025] = CNOT 2 7
[1026] = S 2
[1027] = Z 2
[1028] = CNOT 2 7
[1029] = CNOT 2 8
[1030] = S 2
[1031] = Z 2
[1032] = CNOT 2 8
[1033] = CNOT 2 9
[1034] = S 2
[1035] = Z 2
[1036] = CNOT 2 11
[1037] = CNOT 2 12
[1038] = S 2
[1039] = Z 2
[1040] = CNOT 2 12
[1041] = CNOT 2 14
[1042] = S 2
[1043] = Z 2
[1044] = CNOT 2 14
[1045] = CNOT 2 9
[1046] = CNOT 2 10
[1047] = CNOT 2 11
[1048] = Z 2
[1049] = CNOT 2 11
[1050] = CNOT 2 12
[1051] = Z 2
[1052] = CNOT 2 12
[1053] = CNOT 2 14
[1054] = S 2
[1055] = Z 2
[1056] = CNOT 2 10
[1057] = CNOT 2 11
[1058] = Z 2
[1059] = CNOT 2 11
[1060] = CNOT 2 12
[1061] = Z 2
[1062] = CNOT 2 14
[1063] = CNOT 2 12
[1064] = CNOT 3 4
[1065] = CNOT 3 5
[1066] = Z 3
[1067] = CNOT 3 5
[1068] = CNOT 3 6
[1069] = S 3
[1070] = CNOT 3 6
[1071] = CNOT 3 7
[1072] = S 3
[1073] = Z 3
[1074] = CNOT 3 7
[1075] = CNOT 3 8
[1076] = S 3
[1077] = Z 3
[1078] = CNOT 3 8
[1079] = CNOT 3 10
[1080] = S 3
[1081] = Z 3
[1082] = CNOT 3 10
[1083] = CNOT 3 11
[1084] = Z 3
[1085] = CNOT 3 11
[1086] = CNOT 3 12
[1087] = S 3
[1088] = Z 3
[1089] = CNOT 3 12
[1090] = CNOT 3 23
[1091] = S 3
[1092] = Z 3
[1093] = CNOT 3 23
[1094] = CNOT 3 24
[1095] = S 3
[1096] = Z 3
[1097] = CNOT 3 24
[1098] = CNOT 3 4
[1099] = CNOT 3 5
[1100] = CNOT 3 10
[1101] = S 3
[1102] = Z 3
[1103] = CNOT 3 10
[1104] = CNOT 3 11
[1105] = Z 3
[1106] = CNOT 3 11
[1107] = CNOT 3 12
[1108] = S 3
[1109] = Z 3
[1110] = CNOT 3 12
[1111] = CNOT 3 5
[1112] = CNOT 3 6
[1113] = CNOT 3 7
[1114] = S 3
[1115] = Z 3
[1116] = CNOT 3 7
[1117] = CNOT 3 8
[1118] = S 3
[1119] = Z 3
[1120] = CNOT 3 8
[1121] = CNOT 3 23
[1122] = S 3
[1123] = Z 3
[1124] = CNOT 3 23
[1125] = CNOT 3 24
[1126] = S 3
[1127] = Z 3
[1128] = CNOT 3 24
[1129] = CNOT 3 6
[1130] = CNOT 3 10
[1131] = CNOT 3 11
[1132] = S 3
[1133] = Z 3
[1134] = CNOT 3 10
[1135] = CNOT 3 12
[1136] = S 3
[1137] = Z 3
[1138] = CNOT 3 12
[1139] = CNOT 3 11
[1140] = CNOT 4 5
[1141] = CNOT 4 6
[1142] = Z 4
[1143] = CNOT 4 6
[1144] = CNOT 4 7
[1145] = S 4
[1146] = Z 4
[1147] = CNOT 4 7
[1148] = CNOT 4 8
[1149] = S 4
[1150] = Z 4
[1151] = CNOT 4 8
[1152] = CNOT 4 9
[1153] = S 4
[1154] = Z 4
[1155] = CNOT 4 9
[1156] = CNOT 4 11
[1157] = Z 4
[1158] = CNOT 4 11
[1159] = CNOT 4 12
[1160] = S 4
[1161] = CNOT 4 12
[1162] = CNOT 4 14
[1163] = S 4
[1164] = Z 4
[1165] = CNOT 4 14
[1166] = CNOT 4 24
[1167] = S 4
[1168] = Z 4
[1169] = CNOT 4 24
[1170] = CNOT 4 5
[1171] = CNOT 4 6
[1172] = CNOT 4 7
[1173] = Z 4
[1174] = CNOT 4 7
[1175] = CNOT 4 8
[1176] = Z 4
[1177] = CNOT 4 8
[1178] = CNOT 4 11
[1179] = S 4
[1180] = Z 4
[1181] = CNOT 4 11
[1182] = CNOT 4 23
[1183] = S 4
[1184] = Z 4
[1185] = CNOT 4 23
[1186] = CNOT 4 24
[1187] = Z 4
[1188] = CNOT 4 24
[1189] = CNOT 4 6
[1190] = CNOT 4 7
[1191] = CNOT 4 11
[1192] = S 4
[1193] = Z 4
[1194] = CNOT 4 11
[1195] = CNOT 4 23
[1196] = S 4
[1197] = Z 4
[1198] = CNOT 4 23
[1199] = CNOT 4 7
[1200] = CNOT 4 8
[1201] = CNOT 4 11
[1202] = S 4
[1203] = Z 4
[1204] = CNOT 4 11
[1205] = CNOT 4 24
[1206] = S 4
[1207] = Z 4
[1208] = CNOT 4 24
[1209] = CNOT 4 8
[1210] = CNOT 4 9
[1211] = CNOT 4 11
[1212] = S 4
[1213] = Z 4
[1214] = CNOT 4 11
[1215] = CNOT 4 14
[1216] = S 4
[1217] = Z 4
[1218] = CNOT 4 14
[1219] = CNOT 4 9
[1220] = CNOT 4 10
[1221] = CNOT 4 11
[1222] = Z 4
[1223] = CNOT 4 11
[1224] = CNOT 4 12
[1225] = S 4
[1226] = CNOT 4 12
[1227] = CNOT 4 14
[1228] = S 4
[1229] = Z 4
[1230] = CNOT 4 14
[1231] = CNOT 4 10
[1232] = CNOT 4 11
[1233] = CNOT 4 12
[1234] = S 4
[1235] = CNOT 4 12
[1236] = CNOT 4 14
[1237] = S 4
[1238] = Z 4
[1239] = CNOT 4 14
[1240] = CNOT 4 11
[1241] = CNOT 4 12
[1242] = CNOT 4 13
[1243] = S 4
[1244] = Z 4
[1245] = CNOT 4 13
[1246] = CNOT 4 14
[1247] = Z 4
[1248] = CNOT 4 12
[1249] = CNOT 4 13
[1250] = S 4
[1251] = Z 4
[1252] = CNOT 4 14
[1253] = CNOT 4 13
[1254] = CNOT 5 6
[1255] = CNOT 5 7
[1256] = S 5
[1257] = Z 5
[1258] = CNOT 5 7
[1259] = CNOT 5 8
[1260] = S 5
[1261] = Z 5
[1262] = CNOT 5 8
[1263] = CNOT 5 11
[1264] = S 5
[1265] = Z 5
[1266] = CNOT 5 6
[1267] = CNOT 5 7
[1268] = S 5
[1269] = Z 5
[1270] = CNOT 5 7
[1271] = CNOT 5 8
[1272] = S 5
[1273] = Z 5
[1274] = CNOT 5 8
[1275] = CNOT 5 9
[1276] = S 5
[1277] = Z 5
[1278] = CNOT 5 11
[1279] = CNOT 5 12
[1280] = S 5
[1281] = Z 5
[1282] = CNOT 5 12
[1283] = CNOT 5 14
[1284] = S 5
[1285] = Z 5
[1286] = CNOT 5 14
[1287] = CNOT 5 9
[1288] = CNOT 5 10
[1289] = CNOT 5 11
[1290] = Z 5
[1291] = CNOT 5 11
[1292] = CNOT 5 12
[1293] = Z 5
[1294] = CNOT 5 10
[1295] = CNOT 5 11
[1296] = S 5
[1297] = CNOT 5 12
[1298] = CNOT 5 14
[1299] = S 5
[1300] = Z 5
[1301] = CNOT 5 14
[1302] = CNOT 5 11
[1303] = CNOT 5 12
[1304] = CNOT 5 13
[1305] = S 5
[1306] = Z 5
[1307] = CNOT 5 13
[1308] = CNOT 5 14
[1309] = Z 5
[1310] = CNOT 5 12
[1311] = CNOT 5 13
[1312] = S 5
[1313] = Z 5
[1314] = CNOT 5 14
[1315] = CNOT 5 13
[1316] = CNOT 6 7
[1317] = CNOT 6 11
[1318] = S 6
[1319] = Z 6
[1320] = CNOT 6 11
[1321] = CNOT 6 23
[1322] = S 6
[1323] = Z 6
[1324] = CNOT 6 23
[1325] = CNOT 6 7
[1326] = CNOT 6 8
[1327] = CNOT 6 11
[1328] = S 6
[1329] = Z 6
[1330] = CNOT 6 11
[1331] = CNOT 6 24
[1332] = S 6
[1333] = Z 6
[1334] = CNOT 6 24
[1335] = CNOT 6 8
[1336] = CNOT 9 11
[1337] = CNOT 9 12
[1338] = S 9
[1339] = Z 9
[1340] = CNOT 9 12
[1341] = CNOT 9 14
[1342] = S 9
[1343] = Z 9
[1344] = CNOT 9 14
[1345] = CNOT 9 11
[1346] = CNOT 9 12
[1347] = CNOT 9 13
[1348] = S 9
[1349] = Z 9
[1350] = CNOT 9 13
[1351] = CNOT 9 14
[1352] = Z 9
[1353] = CNOT 9 12
[1354] = CNOT 9 13
[1355] = S 9
[1356] = Z 9
[1357] = CNOT 9 14
[1358] = CNOT 9 13
[1359] = CNOT 10 11
[1360] = CNOT 10 12
[1361] = Z 10
[1362] = CNOT 10 12
[1363] = CNOT 10 14
[1364] = S 10
[1365] = Z 10
[1366] = CNOT 10 14
[1367] = CNOT 10 11
[1368] = CNOT 10 12
[1369] = CNOT 10 13
[1370] = S 10
[1371] = Z 10
[1372] = CNOT 10 13
[1373] = CNOT 10 14
[1374] = Z 10
[1375] = CNOT 10 12
[1376] = CNOT 10 13
[1377] = S 10
[1378] = Z 10
[1379] = CNOT 10 14
[1380] = CNOT 10 13
[1381] = CNOT 11 12
[1382] = CNOT 11 14
[1383] = Z 11
[1384] = CNOT 11 14
[1385] = CNOT 11 12
[1386] = CNOT 12 13
[1387] = CNOT 12 14
[1388] = S 12
[1389] = CNOT 12 14
[1390] = CNOT 12 13
[1391] = CNOT 15 18
[1392] = S 15
[1393] = Z 15
[1394] = CNOT 15 18
[1395] = CNOT 16 18
[1396] = S 16
[1397] = Z 16
[1398] = CNOT 16 22
[1399] = CNOT 16 18
[1400] = CNOT 16 19
[1401] = CNOT 16 20
[1402] = S 16
[1403] = Z 16
[1404] = CNOT 16 20
[1405] = CNOT 16 22
[1406] = S 16
[1407] = Z 16
[1408] = CNOT 16 22
[1409] = CNOT 16 19
[1410] = CNOT 17 19
[1411] = S 17
[1412] = Z 17
[1413] = CNOT 17 23
[1414] = CNOT 17 19
[1415] = CNOT 18 19
[1416] = CNOT 18 22
[1417] = S 18
[1418] = Z 18
[1419] = CNOT 18 19
[1420] = CNOT 19 23
[1421] = CNOT 16 23
[1422] = CNOT 14 23
[1423] = CNOT 15 22
[1424] = CNOT 13 22
[1425] = CNOT 19 21
[1426] = CNOT 17 21
[1427] = CNOT 16 21
[1428] = CNOT 12 21
[1429] = CNOT 18 20
[1430] = CNOT 16 20
[1431] = CNOT 15 20
[1432] = CNOT 11 20
[1433] = CNOT 23 19
[1434] = CNOT 16 19
[1435] = CNOT 19 23
[1436] = CNOT 22 18
[1437] = CNOT 15 18
[1438] = CNOT 18 22
[1439] = CNOT 23 17
[1440] = CNOT 21 17
[1441] = CNOT 17 21
[1442] = CNOT 22 16
[1443] = CNOT 20 16
[1444] = CNOT 16 20
[1445] = CNOT 24 15
[1446] = CNOT 15 24
[1447] = CNOT 19 14
[1448] = CNOT 14 19
[1449] = CNOT 18 13
[1450] = CNOT 13 18
[1451] = CNOT 17 12
[1452] = CNOT 12 17
[1453] = CNOT 16 11
[1454] = CNOT 11 16
[1455] = H 16
[1456] = M 16
[1457] = H 17
[1458] = M 17
[1459] = H 18
[1460] = M 18
[1461] = H 19
[1462] = M 19
[1463] = H 20
[1464] = M 20
[1465] = H 21
[1466] = M 21
[1467] = H 22
[1468] = M 22
[1469] = H 23
[1470] = M 23
[1471] = H 24
[1472] = M 24
[1473] = H 15
[1474] = H 14
[1475] = H 13
[1476] = H 12
[1477] = H 11
Gate distributions:
Input:
Operator distribution:
Total number of qubits = 15
Number of `data' qubits = 15
Number of `Toff_n' ancillas = 0
Number of Hadamard ancillas = 0
Hadamard ancilla cap = infinite
Number of {CNOT,T} partitions = 1
T count = 175
Cost estimation = 87522
	id	Count
	0	0
	1	0
	2	0
	3	18
	4	4
	5	0
	6	0
	7	0
	8	0
	9	0
	10	25
	11	0
	12	0
	13	0
	14	0
	15	0
	16	0
	17	0
	18	0
Output:
Operator distribution:
Total number of qubits = 24
Number of `data' qubits = 15
Number of `Toff_n' ancillas = 0
Number of Hadamard ancillas = 9
Hadamard ancilla cap = infinite
Number of {CNOT,T} partitions = 1
T count = 88
Cost estimation = 45394.5
	id	Count
	0	0
	1	0
	2	0
	3	27
	4	919
	5	88
	6	0
	7	0
	8	0
	9	0
	10	0
	11	213
	12	0
	13	222
	14	0
	15	0
	16	0
	17	0
	18	9
Output T Count (SQC_Circuit) = 88
Output T Count (PhasePolynomial) = 88
Fail count = 0

Execution time: 2.63137s
Number of LCL errors: 0
Number of LCL warnings: 0
