Optimize a Clifford + T circuit.
Input filename = /home/ryo-mtmt/TOpt/forme/tpar_benchmark/qcla_com_7.tfc
Number of unknown gates = 0
Number of unknown qubit labels = 0
Circuit filename: /home/ryo-mtmt/TOpt/forme/tpar_benchmark/qcla_com_7.tfc

n 24
n_x 24
n_y 0
n_z 0
m 101
[0] = H 3
[1] = H 6
[2] = H 9
[3] = H 10
[4] = H 13
[5] = H 16
[6] = H 17
[7] = H 20
[8] = H 21
[9] = H 24
[10] = CCZ 1 2 3
[11] = CCZ 4 5 6
[12] = CCZ 7 8 10
[13] = CCZ 11 12 13
[14] = CCZ 14 15 17
[15] = CCZ 18 19 21
[16] = CCZ 22 23 24
[17] = CNOT 5 4
[18] = CNOT 8 7
[19] = CNOT 12 11
[20] = CNOT 15 14
[21] = CNOT 19 18
[22] = CNOT 23 22
[23] = CCZ 8 12 9
[24] = CCZ 15 19 16
[25] = H 3
[26] = H 9
[27] = H 10
[28] = H 16
[29] = H 17
[30] = H 20
[31] = CCZ 16 23 20
[32] = CCZ 3 5 6
[33] = CCZ 17 19 21
[34] = H 20
[35] = H 6
[36] = H 21
[37] = CCZ 10 12 13
[38] = CCZ 6 9 13
[39] = CCZ 21 23 24
[40] = H 13
[41] = CCZ 13 20 24
[42] = H 24
[43] = H 13
[44] = H 20
[45] = H 21
[46] = CCZ 6 9 13
[47] = CCZ 17 19 21
[48] = CCZ 16 23 20
[49] = H 6
[50] = CCZ 3 5 6
[51] = CCZ 10 12 13
[52] = H 3
[53] = H 9
[54] = H 10
[55] = H 16
[56] = H 17
[57] = CCZ 8 12 9
[58] = CCZ 15 19 16
[59] = CNOT 5 4
[60] = CNOT 8 7
[61] = CNOT 12 11
[62] = CNOT 15 14
[63] = CNOT 19 18
[64] = CNOT 23 22
[65] = CCZ 1 2 3
[66] = CCZ 4 5 6
[67] = CCZ 7 8 10
[68] = CCZ 11 12 13
[69] = CCZ 14 15 17
[70] = CCZ 18 19 21
[71] = H 3
[72] = H 6
[73] = H 9
[74] = H 10
[75] = H 13
[76] = H 16
[77] = H 17
[78] = H 20
[79] = H 21

Algorithm used: todd_exp_packedlocal_diff_1111_p10

UniversalOptimize begin.
	Gate synthesis begin.
A_BMS
BMSparse object. Dims: 42x88
1671 1231 526 349 1932 2459 2105 2017 1136 1135 1134 1573 1397 1221 2980 2364 956 955 691 2978 1042 954 2720 2977 2976 2718 2975 3413 1037 1916 2091 1915 1474 1473 1209 1472 1471 950 1207 1910 2085 1909 3404 1028 588 2347 1115 1027 2712 3226 2197 2711 3225 2169 321 1024 672 582 639 385 551 760 2816 1517 1771 2796 2025 1594 3538 1515 1602 2278 3306 1250 3575 1776 1777 1512 2795 2024 996 1510 1997 3539 2477 1516 1773 2027 1126 2154 1252 1509 1038 1295 3094 2821 815 2018 990 3092 1598 3654 2554 1942 1681 2316 2810 1268 2553 550 3090 757 2556 2809 2552 525 1296 3095 555 1595 726 1600 1857 1680 1943 38 2474 2382 3419 1620 3652 933 1190 2475 316 934 2476 2279 1251 1508 3307 553 2331 1188 817 818 2932 557 645 1165 394 1679 137 3461 3462 816 559 1407 3463 923 669 3464 126 640 3210 685 1199 1970 1639 2410 1998 3026 1971 3541 3027 1931 646 389 2149 214 127 2271 215 297 40 473 216 2273 731 217 2384 1356 1099 3075 2818 1276 3076 2819 1277 1340 3653 3398 1856 3655 48 1678 3220 907 136 477 3304 3305 50 404 

[Experimental TODD PackedLocal + ChiDiff] Flags - Packed: 1, AA Table: 1, Memo: 1, Sketch: 1 (percent=10)
--- Round 0 | Current Columns: 88 ---
  [HIT!] Pair(41,86) Dist=2 | 88 -> 86 columns
Round 0 Finished in 32 ms.
--- Round 1 | Current Columns: 86 ---
  [HIT!] Pair(26,66) Dist=2 | 86 -> 84 columns
Round 1 Finished in 43 ms.
--- Round 2 | Current Columns: 84 ---
  [SKETCH HIT!] Pair(7,62) Dist=2 | 84 -> 81 columns
Round 2 Finished in 48 ms.
--- Round 3 | Current Columns: 81 ---
  [SKETCH HIT!] Pair(8,17) Dist=2 | 81 -> 79 columns
Round 3 Finished in 53 ms.
--- Round 4 | Current Columns: 79 ---
  [HIT!] Pair(4,58) Dist=2 | 79 -> 77 columns
Round 4 Finished in 51 ms.
--- Round 5 | Current Columns: 77 ---
  [HIT!] Pair(5,47) Dist=2 | 77 -> 75 columns
Round 5 Finished in 54 ms.
--- Round 6 | Current Columns: 75 ---
  [SKETCH HIT!] Pair(20,45) Dist=3 | 75 -> 71 columns
Round 6 Finished in 84 ms.
--- Round 7 | Current Columns: 71 ---
  [SKETCH HIT!] Pair(22,70) Dist=4 | 71 -> 69 columns
Round 7 Finished in 108 ms.
--- Round 8 | Current Columns: 69 ---
  [HIT!] Pair(27,43) Dist=2 | 69 -> 67 columns
Round 8 Finished in 26 ms.
--- Round 9 | Current Columns: 67 ---
  [SKETCH HIT!] Pair(1,53) Dist=5 | 67 -> 65 columns
Round 9 Finished in 206 ms.
--- Round 10 | Current Columns: 65 ---
  [SKETCH HIT!] Pair(16,55) Dist=5 | 65 -> 63 columns
Round 10 Finished in 332 ms.
--- Round 11 | Current Columns: 63 ---
  [SKETCH HIT!] Pair(23,54) Dist=7 | 63 -> 61 columns
Round 11 Finished in 708 ms.
--- Round 12 | Current Columns: 61 ---
Round 12 Finished in 2261 ms.

=== Optimization Summary ===
Algorithm       : LempelX2_M4RI_Experimental_PackedLocal_ChiDiff
Initial T-count : 88
Final T-count   : 61
Total Reduced   : 27 gates
Execution Time  : 4023 ms
Chi calculation : 959.474 ms
AA Table calc   : 0.362 ms
Nullspace calc  : 490.076 ms
Pairs tested    : 4189
Memo x hits     : 961
Avg affected    : 19325.6
Full NS empty   : 0
Sketch mode     : percent(10)
Sketch attempts : 3901
Sketch skipped  : 0
Sketch rejected : 3491
Sketch rank rej : 0
Sketch pair rej : 3491
Sketch passed   : 410
Sketch rows avg : 2513.6
Sketch y vectors: 18871
Sketch pair y   : 710
Sketch y full ok: 7
Sketch y full ng: 703
Sketch y reduced: 7
Sketch y no red : 0
Full NS skipped : 3498
Full NS computed: 403
Sketch time     : 2550.72 ms
============================
		TODD executed in 4.01689 seconds.
		Total time: 4.02988s
	Gate synthesis end.
	Total time: 8.10913s
UniversalOptimize end.
Output circuit:
n 42
n_x 24
n_y 0
n_z 18
m 2401
[0] = H 3
[1] = H 6
[2] = H 9
[3] = H 10
[4] = H 13
[5] = H 16
[6] = H 17
[7] = H 21
[8] = H 24
[9] = H 25
[10] = H 26
[11] = H 27
[12] = H 28
[13] = H 29
[14] = H 30
[15] = H 31
[16] = H 32
[17] = H 33
[18] = H 34
[19] = H 35
[20] = H 36
[21] = H 37
[22] = H 38
[23] = H 39
[24] = H 40
[25] = H 41
[26] = H 42
[27] = CNOT 24 30
[28] = CNOT 24 33
[29] = T 24
[30] = CNOT 24 30
[31] = CNOT 20 35
[32] = T 20
[33] = S 20
[34] = CNOT 30 33
[35] = T 30
[36] = S 30
[37] = CNOT 30 33
[38] = T 24
[39] = S 24
[40] = CNOT 24 33
[41] = CNOT 7 8
[42] = CNOT 7 11
[43] = CNOT 7 24
[44] = CNOT 7 26
[45] = CNOT 7 27
[46] = CNOT 7 30
[47] = CNOT 7 31
[48] = T 7
[49] = CNOT 7 31
[50] = CNOT 7 27
[51] = CNOT 7 26
[52] = CNOT 7 11
[53] = CNOT 7 13
[54] = CNOT 7 34
[55] = T 7
[56] = CNOT 7 34
[57] = CNOT 7 13
[58] = CNOT 22 23
[59] = CNOT 22 28
[60] = T 22
[61] = S 22
[62] = Z 22
[63] = CNOT 22 28
[64] = CNOT 22 23
[65] = CNOT 20 28
[66] = T 20
[67] = S 20
[68] = Z 20
[69] = CNOT 7 11
[70] = CNOT 7 27
[71] = CNOT 7 31
[72] = T 7
[73] = CNOT 7 31
[74] = CNOT 23 32
[75] = T 23
[76] = S 23
[77] = CNOT 14 16
[78] = CNOT 14 19
[79] = CNOT 14 21
[80] = CNOT 14 29
[81] = CNOT 14 33
[82] = CNOT 14 36
[83] = CNOT 14 41
[84] = T 14
[85] = CNOT 14 36
[86] = CNOT 14 21
[87] = T 14
[88] = CNOT 14 19
[89] = CNOT 14 18
[90] = CNOT 14 21
[91] = CNOT 14 36
[92] = T 14
[93] = CNOT 14 36
[94] = CNOT 14 21
[95] = T 14
[96] = CNOT 14 29
[97] = CNOT 14 19
[98] = CNOT 14 21
[99] = CNOT 14 36
[100] = T 14
[101] = CNOT 14 19
[102] = CNOT 14 18
[103] = T 14
[104] = CNOT 14 41
[105] = CNOT 14 36
[106] = CNOT 14 21
[107] = CNOT 14 16
[108] = CNOT 15 17
[109] = CNOT 15 33
[110] = CNOT 15 42
[111] = T 15
[112] = CNOT 15 42
[113] = CNOT 15 17
[114] = CNOT 7 26
[115] = T 7
[116] = CNOT 7 27
[117] = CNOT 7 26
[118] = CNOT 15 16
[119] = CNOT 15 18
[120] = CNOT 15 19
[121] = CNOT 15 41
[122] = T 15
[123] = CNOT 15 19
[124] = CNOT 15 18
[125] = T 15
[126] = CNOT 15 41
[127] = CNOT 15 16
[128] = CNOT 7 12
[129] = CNOT 7 13
[130] = CNOT 7 34
[131] = T 7
[132] = CNOT 7 34
[133] = CNOT 7 13
[134] = CNOT 7 12
[135] = CNOT 7 11
[136] = CNOT 7 8
[137] = T 28
[138] = Z 28
[139] = CNOT 9 11
[140] = CNOT 9 12
[141] = CNOT 9 24
[142] = CNOT 9 30
[143] = CNOT 9 39
[144] = T 9
[145] = CNOT 9 39
[146] = CNOT 9 30
[147] = CNOT 9 24
[148] = CNOT 9 12
[149] = CNOT 9 11
[150] = CNOT 23 24
[151] = T 23
[152] = CNOT 23 32
[153] = CNOT 23 24
[154] = CNOT 8 9
[155] = CNOT 8 24
[156] = CNOT 8 30
[157] = CNOT 8 39
[158] = T 8
[159] = CNOT 8 39
[160] = CNOT 8 30
[161] = CNOT 8 24
[162] = CNOT 8 9
[163] = CNOT 7 9
[164] = CNOT 7 39
[165] = T 7
[166] = CNOT 7 39
[167] = CNOT 7 9
[168] = CNOT 4 6
[169] = CNOT 4 25
[170] = CNOT 4 30
[171] = CNOT 4 37
[172] = T 4
[173] = CNOT 4 25
[174] = CNOT 22 32
[175] = T 22
[176] = S 22
[177] = CNOT 22 32
[178] = CNOT 7 8
[179] = CNOT 7 12
[180] = CNOT 7 13
[181] = CNOT 7 27
[182] = CNOT 7 34
[183] = T 7
[184] = CNOT 7 34
[185] = CNOT 7 27
[186] = CNOT 7 13
[187] = CNOT 7 12
[188] = CNOT 7 9
[189] = CNOT 7 10
[190] = CNOT 7 39
[191] = CNOT 7 40
[192] = T 7
[193] = CNOT 7 8
[194] = CNOT 8 9
[195] = CNOT 8 10
[196] = CNOT 8 24
[197] = CNOT 8 30
[198] = CNOT 8 39
[199] = CNOT 8 40
[200] = T 8
[201] = CNOT 8 40
[202] = CNOT 8 39
[203] = CNOT 8 30
[204] = CNOT 8 24
[205] = CNOT 8 10
[206] = CNOT 8 9
[207] = T 7
[208] = CNOT 7 40
[209] = CNOT 7 39
[210] = CNOT 7 10
[211] = CNOT 7 9
[212] = CNOT 9 10
[213] = CNOT 9 24
[214] = CNOT 9 30
[215] = CNOT 9 39
[216] = CNOT 9 40
[217] = T 9
[218] = CNOT 9 40
[219] = CNOT 9 39
[220] = CNOT 9 30
[221] = CNOT 9 24
[222] = CNOT 9 10
[223] = CNOT 4 5
[224] = T 4
[225] = CNOT 4 37
[226] = CNOT 4 6
[227] = CNOT 4 5
[228] = CNOT 20 22
[229] = CNOT 20 23
[230] = T 20
[231] = CNOT 20 28
[232] = T 20
[233] = CNOT 20 35
[234] = CNOT 20 23
[235] = CNOT 20 22
[236] = CNOT 15 18
[237] = CNOT 15 19
[238] = T 15
[239] = CNOT 15 33
[240] = CNOT 15 19
[241] = CNOT 15 18
[242] = CNOT 5 6
[243] = CNOT 5 25
[244] = CNOT 5 30
[245] = CNOT 5 37
[246] = T 5
[247] = CNOT 5 37
[248] = CNOT 5 6
[249] = CNOT 1 2
[250] = CNOT 1 6
[251] = CNOT 1 30
[252] = CNOT 1 37
[253] = T 1
[254] = CNOT 1 2
[255] = CNOT 2 6
[256] = CNOT 2 30
[257] = CNOT 2 37
[258] = T 2
[259] = CNOT 2 37
[260] = CNOT 2 30
[261] = CNOT 2 6
[262] = T 1
[263] = CNOT 14 18
[264] = CNOT 14 19
[265] = T 14
[266] = CNOT 14 19
[267] = CNOT 14 18
[268] = T 5
[269] = S 5
[270] = Z 5
[271] = CNOT 5 30
[272] = CNOT 5 25
[273] = CNOT 22 24
[274] = CNOT 22 32
[275] = T 22
[276] = CNOT 22 32
[277] = CNOT 14 15
[278] = T 14
[279] = S 14
[280] = Z 14
[281] = CNOT 14 15
[282] = CNOT 7 8
[283] = CNOT 7 11
[284] = CNOT 7 13
[285] = CNOT 7 26
[286] = CNOT 7 27
[287] = CNOT 7 34
[288] = T 7
[289] = CNOT 7 26
[290] = CNOT 7 31
[291] = T 7
[292] = CNOT 7 11
[293] = CNOT 17 33
[294] = CNOT 17 42
[295] = T 17
[296] = Z 17
[297] = CNOT 17 42
[298] = CNOT 17 33
[299] = CNOT 1 2
[300] = CNOT 1 3
[301] = CNOT 1 38
[302] = T 1
[303] = CNOT 1 2
[304] = CNOT 2 3
[305] = CNOT 2 6
[306] = CNOT 2 30
[307] = CNOT 2 37
[308] = CNOT 2 38
[309] = T 2
[310] = CNOT 2 38
[311] = CNOT 2 37
[312] = CNOT 2 30
[313] = CNOT 2 6
[314] = CNOT 2 3
[315] = T 1
[316] = CNOT 1 38
[317] = CNOT 1 37
[318] = CNOT 1 30
[319] = CNOT 1 6
[320] = CNOT 1 3
[321] = CNOT 3 6
[322] = CNOT 3 30
[323] = CNOT 3 37
[324] = CNOT 3 38
[325] = T 3
[326] = CNOT 3 38
[327] = CNOT 3 37
[328] = CNOT 3 30
[329] = CNOT 3 6
[330] = CNOT 4 5
[331] = T 4
[332] = S 4
[333] = Z 4
[334] = CNOT 4 5
[335] = CNOT 14 17
[336] = CNOT 14 42
[337] = T 14
[338] = CNOT 22 23
[339] = T 22
[340] = CNOT 22 24
[341] = CNOT 22 23
[342] = CNOT 14 15
[343] = T 14
[344] = CNOT 14 42
[345] = CNOT 14 33
[346] = CNOT 14 17
[347] = CNOT 14 15
[348] = CNOT 11 12
[349] = CNOT 11 24
[350] = CNOT 11 30
[351] = T 11
[352] = CNOT 11 30
[353] = CNOT 11 24
[354] = CNOT 11 12
[355] = CNOT 4 25
[356] = T 4
[357] = S 4
[358] = Z 4
[359] = CNOT 4 30
[360] = CNOT 4 25
[361] = CNOT 7 11
[362] = CNOT 7 26
[363] = T 7
[364] = CNOT 7 34
[365] = CNOT 7 31
[366] = CNOT 7 26
[367] = CNOT 7 13
[368] = CNOT 7 11
[369] = CNOT 7 12
[370] = T 7
[371] = CNOT 7 27
[372] = CNOT 7 9
[373] = CNOT 7 11
[374] = CNOT 7 39
[375] = T 7
[376] = CNOT 7 39
[377] = CNOT 7 30
[378] = CNOT 7 24
[379] = CNOT 7 12
[380] = CNOT 7 11
[381] = CNOT 7 8
[382] = S 1
[383] = S 2
[384] = S 3
[385] = Z 3
[386] = S 4
[387] = Z 4
[388] = S 5
[389] = Z 5
[390] = S 6
[391] = Z 6
[392] = S 9
[393] = Z 9
[394] = S 10
[395] = Z 10
[396] = S 11
[397] = Z 11
[398] = S 12
[399] = S 14
[400] = S 15
[401] = Z 16
[402] = S 17
[403] = S 21
[404] = Z 22
[405] = Z 23
[406] = Z 24
[407] = S 25
[408] = S 27
[409] = S 29
[410] = Z 29
[411] = S 30
[412] = S 32
[413] = S 36
[414] = S 37
[415] = Z 37
[416] = S 38
[417] = Z 38
[418] = S 39
[419] = Z 39
[420] = S 40
[421] = Z 40
[422] = Z 41
[423] = S 42
[424] = CNOT 1 3
[425] = S 1
[426] = CNOT 1 3
[427] = CNOT 1 6
[428] = S 1
[429] = CNOT 1 6
[430] = CNOT 1 30
[431] = S 1
[432] = CNOT 1 30
[433] = CNOT 1 37
[434] = S 1
[435] = CNOT 1 37
[436] = CNOT 1 38
[437] = S 1
[438] = CNOT 1 38
[439] = CNOT 2 3
[440] = S 2
[441] = CNOT 2 3
[442] = CNOT 2 6
[443] = S 2
[444] = CNOT 2 6
[445] = CNOT 2 30
[446] = S 2
[447] = CNOT 2 30
[448] = CNOT 2 37
[449] = S 2
[450] = CNOT 2 37
[451] = CNOT 2 38
[452] = S 2
[453] = CNOT 2 38
[454] = CNOT 3 6
[455] = Z 3
[456] = CNOT 3 6
[457] = CNOT 3 25
[458] = S 3
[459] = CNOT 3 25
[460] = CNOT 3 30
[461] = Z 3
[462] = CNOT 3 30
[463] = CNOT 3 37
[464] = Z 3
[465] = CNOT 3 37
[466] = CNOT 3 38
[467] = Z 3
[468] = CNOT 3 38
[469] = CNOT 4 5
[470] = Z 4
[471] = CNOT 4 5
[472] = CNOT 4 6
[473] = S 4
[474] = Z 4
[475] = CNOT 4 6
[476] = CNOT 4 25
[477] = Z 4
[478] = CNOT 4 25
[479] = CNOT 4 30
[480] = Z 4
[481] = CNOT 4 30
[482] = CNOT 4 37
[483] = S 4
[484] = Z 4
[485] = CNOT 4 37
[486] = CNOT 5 6
[487] = S 5
[488] = Z 5
[489] = CNOT 5 6
[490] = CNOT 5 25
[491] = Z 5
[492] = CNOT 5 25
[493] = CNOT 5 30
[494] = Z 5
[495] = CNOT 5 30
[496] = CNOT 5 37
[497] = S 5
[498] = Z 5
[499] = CNOT 5 37
[500] = CNOT 6 25
[501] = S 6
[502] = Z 6
[503] = CNOT 6 25
[504] = CNOT 6 30
[505] = S 6
[506] = CNOT 6 30
[507] = CNOT 6 31
[508] = S 6
[509] = CNOT 6 31
[510] = CNOT 6 37
[511] = S 6
[512] = CNOT 6 37
[513] = CNOT 6 38
[514] = Z 6
[515] = CNOT 6 38
[516] = S 7
[517] = Z 7
[518] = CNOT 7 9
[519] = CNOT 7 10
[520] = Z 7
[521] = CNOT 7 10
[522] = CNOT 7 13
[523] = Z 7
[524] = CNOT 7 13
[525] = CNOT 7 24
[526] = Z 7
[527] = CNOT 7 24
[528] = CNOT 7 26
[529] = S 7
[530] = Z 7
[531] = CNOT 7 26
[532] = CNOT 7 30
[533] = Z 7
[534] = CNOT 7 30
[535] = CNOT 7 31
[536] = S 7
[537] = Z 7
[538] = CNOT 7 31
[539] = CNOT 7 34
[540] = Z 7
[541] = CNOT 7 34
[542] = CNOT 7 39
[543] = S 7
[544] = Z 7
[545] = CNOT 7 39
[546] = CNOT 7 40
[547] = Z 7
[548] = CNOT 7 40
[549] = CNOT 8 9
[550] = S 8
[551] = Z 8
[552] = CNOT 8 9
[553] = CNOT 8 10
[554] = Z 8
[555] = CNOT 8 10
[556] = CNOT 8 13
[557] = Z 8
[558] = CNOT 8 13
[559] = CNOT 8 24
[560] = Z 8
[561] = CNOT 8 24
[562] = CNOT 8 26
[563] = S 8
[564] = Z 8
[565] = CNOT 8 26
[566] = CNOT 8 30
[567] = Z 8
[568] = CNOT 8 30
[569] = CNOT 8 31
[570] = S 8
[571] = Z 8
[572] = CNOT 8 31
[573] = CNOT 8 34
[574] = Z 8
[575] = CNOT 8 34
[576] = CNOT 8 39
[577] = S 8
[578] = Z 8
[579] = CNOT 8 39
[580] = CNOT 8 40
[581] = Z 8
[582] = CNOT 8 40
[583] = CNOT 9 11
[584] = S 9
[585] = CNOT 9 11
[586] = CNOT 9 12
[587] = S 9
[588] = CNOT 9 12
[589] = CNOT 9 24
[590] = Z 9
[591] = CNOT 9 24
[592] = CNOT 9 26
[593] = S 9
[594] = CNOT 9 26
[595] = CNOT 9 30
[596] = Z 9
[597] = CNOT 9 30
[598] = CNOT 9 39
[599] = Z 9
[600] = CNOT 9 39
[601] = CNOT 10 27
[602] = S 10
[603] = CNOT 10 27
[604] = CNOT 11 12
[605] = Z 11
[606] = CNOT 11 12
[607] = CNOT 11 13
[608] = S 11
[609] = Z 11
[610] = CNOT 11 13
[611] = CNOT 11 24
[612] = S 11
[613] = CNOT 11 24
[614] = CNOT 11 26
[615] = S 11
[616] = Z 11
[617] = CNOT 11 26
[618] = CNOT 11 27
[619] = S 11
[620] = CNOT 11 27
[621] = CNOT 11 30
[622] = S 11
[623] = CNOT 11 30
[624] = CNOT 11 31
[625] = S 11
[626] = Z 11
[627] = CNOT 11 31
[628] = CNOT 11 34
[629] = S 11
[630] = Z 11
[631] = CNOT 11 34
[632] = CNOT 11 39
[633] = S 11
[634] = CNOT 11 39
[635] = CNOT 12 13
[636] = Z 12
[637] = CNOT 12 13
[638] = CNOT 12 24
[639] = S 12
[640] = CNOT 12 24
[641] = CNOT 12 27
[642] = S 12
[643] = CNOT 12 27
[644] = CNOT 12 30
[645] = S 12
[646] = CNOT 12 30
[647] = CNOT 12 34
[648] = Z 12
[649] = CNOT 12 34
[650] = CNOT 12 39
[651] = S 12
[652] = CNOT 12 39
[653] = CNOT 13 24
[654] = Z 13
[655] = CNOT 13 24
[656] = CNOT 13 27
[657] = S 13
[658] = Z 13
[659] = CNOT 13 27
[660] = CNOT 13 30
[661] = Z 13
[662] = CNOT 13 30
[663] = CNOT 13 33
[664] = S 13
[665] = CNOT 13 33
[666] = CNOT 13 34
[667] = Z 13
[668] = CNOT 13 34
[669] = CNOT 14 15
[670] = Z 14
[671] = CNOT 14 15
[672] = CNOT 14 16
[673] = S 14
[674] = CNOT 14 16
[675] = CNOT 14 17
[676] = S 14
[677] = Z 14
[678] = CNOT 14 17
[679] = CNOT 14 18
[680] = Z 14
[681] = CNOT 14 18
[682] = CNOT 14 19
[683] = Z 14
[684] = CNOT 14 19
[685] = CNOT 14 21
[686] = S 14
[687] = CNOT 14 21
[688] = CNOT 14 36
[689] = S 14
[690] = CNOT 14 36
[691] = CNOT 14 41
[692] = S 14
[693] = CNOT 14 41
[694] = CNOT 14 42
[695] = S 14
[696] = Z 14
[697] = CNOT 14 42
[698] = CNOT 15 16
[699] = S 15
[700] = Z 15
[701] = CNOT 15 16
[702] = CNOT 15 17
[703] = S 15
[704] = Z 15
[705] = CNOT 15 17
[706] = CNOT 15 18
[707] = S 15
[708] = Z 15
[709] = CNOT 15 18
[710] = CNOT 15 19
[711] = S 15
[712] = Z 15
[713] = CNOT 15 19
[714] = CNOT 15 33
[715] = Z 15
[716] = CNOT 15 33
[717] = CNOT 15 41
[718] = S 15
[719] = Z 15
[720] = CNOT 15 41
[721] = CNOT 15 42
[722] = S 15
[723] = Z 15
[724] = CNOT 15 42
[725] = CNOT 16 18
[726] = S 16
[727] = Z 16
[728] = CNOT 16 18
[729] = CNOT 16 19
[730] = S 16
[731] = Z 16
[732] = CNOT 16 19
[733] = CNOT 16 21
[734] = S 16
[735] = CNOT 16 21
[736] = CNOT 16 28
[737] = S 16
[738] = CNOT 16 28
[739] = CNOT 16 33
[740] = Z 16
[741] = CNOT 16 33
[742] = CNOT 16 36
[743] = S 16
[744] = CNOT 16 36
[745] = CNOT 16 41
[746] = Z 16
[747] = CNOT 16 41
[748] = CNOT 17 29
[749] = S 17
[750] = CNOT 17 29
[751] = CNOT 17 33
[752] = Z 17
[753] = CNOT 17 33
[754] = CNOT 17 42
[755] = Z 17
[756] = CNOT 17 42
[757] = CNOT 18 21
[758] = Z 18
[759] = CNOT 18 21
[760] = CNOT 18 29
[761] = S 18
[762] = CNOT 18 29
[763] = CNOT 18 33
[764] = S 18
[765] = Z 18
[766] = CNOT 18 33
[767] = CNOT 18 36
[768] = Z 18
[769] = CNOT 18 36
[770] = CNOT 18 41
[771] = S 18
[772] = Z 18
[773] = CNOT 18 41
[774] = CNOT 19 21
[775] = Z 19
[776] = CNOT 19 21
[777] = CNOT 19 29
[778] = S 19
[779] = CNOT 19 29
[780] = CNOT 19 33
[781] = S 19
[782] = Z 19
[783] = CNOT 19 33
[784] = CNOT 19 36
[785] = Z 19
[786] = CNOT 19 36
[787] = CNOT 19 41
[788] = S 19
[789] = Z 19
[790] = CNOT 19 41
[791] = CNOT 20 22
[792] = S 20
[793] = Z 20
[794] = CNOT 20 22
[795] = CNOT 20 23
[796] = S 20
[797] = Z 20
[798] = CNOT 20 23
[799] = CNOT 20 28
[800] = Z 20
[801] = CNOT 20 28
[802] = CNOT 20 30
[803] = S 20
[804] = CNOT 20 30
[805] = CNOT 21 29
[806] = Z 21
[807] = CNOT 21 29
[808] = CNOT 21 32
[809] = S 21
[810] = CNOT 21 32
[811] = CNOT 21 33
[812] = S 21
[813] = CNOT 21 33
[814] = CNOT 21 36
[815] = S 21
[816] = CNOT 21 36
[817] = CNOT 21 41
[818] = S 21
[819] = CNOT 21 41
[820] = CNOT 22 23
[821] = S 22
[822] = CNOT 22 23
[823] = CNOT 22 24
[824] = S 22
[825] = CNOT 22 24
[826] = CNOT 22 28
[827] = Z 22
[828] = CNOT 22 28
[829] = CNOT 22 35
[830] = S 22
[831] = Z 22
[832] = CNOT 22 35
[833] = CNOT 23 24
[834] = S 23
[835] = CNOT 23 24
[836] = CNOT 23 28
[837] = Z 23
[838] = CNOT 23 28
[839] = CNOT 23 35
[840] = S 23
[841] = Z 23
[842] = CNOT 23 35
[843] = CNOT 24 26
[844] = S 24
[845] = Z 24
[846] = CNOT 24 26
[847] = CNOT 24 30
[848] = Z 24
[849] = CNOT 24 30
[850] = CNOT 24 31
[851] = S 24
[852] = Z 24
[853] = CNOT 24 31
[854] = CNOT 24 32
[855] = S 24
[856] = CNOT 24 32
[857] = CNOT 24 34
[858] = Z 24
[859] = CNOT 24 34
[860] = CNOT 24 39
[861] = Z 24
[862] = CNOT 24 39
[863] = CNOT 25 30
[864] = Z 25
[865] = CNOT 25 30
[866] = CNOT 25 37
[867] = S 25
[868] = Z 25
[869] = CNOT 25 37
[870] = CNOT 25 38
[871] = S 25
[872] = CNOT 25 38
[873] = CNOT 26 27
[874] = S 26
[875] = Z 26
[876] = CNOT 26 27
[877] = CNOT 26 30
[878] = S 26
[879] = Z 26
[880] = CNOT 26 30
[881] = CNOT 26 31
[882] = S 26
[883] = Z 26
[884] = CNOT 26 31
[885] = CNOT 26 39
[886] = S 26
[887] = CNOT 26 39
[888] = CNOT 27 31
[889] = S 27
[890] = Z 27
[891] = CNOT 27 31
[892] = CNOT 27 34
[893] = S 27
[894] = Z 27
[895] = CNOT 27 34
[896] = CNOT 27 40
[897] = S 27
[898] = CNOT 27 40
[899] = CNOT 28 35
[900] = Z 28
[901] = CNOT 28 35
[902] = CNOT 28 41
[903] = S 28
[904] = CNOT 29 36
[905] = Z 29
[906] = CNOT 29 36
[907] = CNOT 29 42
[908] = S 29
[909] = CNOT 29 42
[910] = CNOT 30 31
[911] = S 30
[912] = Z 30
[913] = CNOT 30 31
[914] = CNOT 30 34
[915] = Z 30
[916] = CNOT 30 34
[917] = CNOT 30 35
[918] = S 30
[919] = CNOT 30 35
[920] = CNOT 30 37
[921] = S 30
[922] = CNOT 30 37
[923] = CNOT 30 38
[924] = Z 30
[925] = CNOT 30 38
[926] = CNOT 30 39
[927] = Z 30
[928] = CNOT 30 39
[929] = CNOT 31 37
[930] = S 31
[931] = CNOT 31 37
[932] = CNOT 32 36
[933] = S 32
[934] = CNOT 32 36
[935] = CNOT 33 34
[936] = S 33
[937] = CNOT 33 34
[938] = CNOT 33 36
[939] = S 33
[940] = CNOT 33 36
[941] = CNOT 33 41
[942] = Z 33
[943] = CNOT 33 41
[944] = CNOT 33 42
[945] = Z 33
[946] = CNOT 33 42
[947] = CNOT 36 41
[948] = S 36
[949] = CNOT 36 41
[950] = CNOT 37 38
[951] = Z 37
[952] = CNOT 37 38
[953] = CNOT 1 2
[954] = CNOT 1 6
[955] = S 1
[956] = Z 1
[957] = CNOT 1 6
[958] = CNOT 1 30
[959] = S 1
[960] = Z 1
[961] = CNOT 1 30
[962] = CNOT 1 37
[963] = S 1
[964] = Z 1
[965] = CNOT 1 37
[966] = CNOT 1 2
[967] = CNOT 1 3
[968] = CNOT 1 6
[969] = S 1
[970] = Z 1
[971] = CNOT 1 6
[972] = CNOT 1 30
[973] = S 1
[974] = Z 1
[975] = CNOT 1 30
[976] = CNOT 1 37
[977] = S 1
[978] = Z 1
[979] = CNOT 1 37
[980] = CNOT 1 38
[981] = S 1
[982] = Z 1
[983] = CNOT 1 38
[984] = CNOT 1 3
[985] = CNOT 1 6
[986] = CNOT 1 30
[987] = Z 1
[988] = CNOT 1 30
[989] = CNOT 1 37
[990] = Z 1
[991] = CNOT 1 37
[992] = CNOT 1 38
[993] = S 1
[994] = Z 1
[995] = CNOT 1 38
[996] = CNOT 1 6
[997] = CNOT 1 30
[998] = CNOT 1 37
[999] = Z 1
[1000] = CNOT 1 37
[1001] = CNOT 1 38
[1002] = S 1
[1003] = Z 1
[1004] = CNOT 1 30
[1005] = CNOT 1 37
[1006] = S 1
[1007] = Z 1
[1008] = CNOT 1 38
[1009] = CNOT 1 37
[1010] = CNOT 2 3
[1011] = CNOT 2 6
[1012] = S 2
[1013] = Z 2
[1014] = CNOT 2 6
[1015] = CNOT 2 30
[1016] = S 2
[1017] = Z 2
[1018] = CNOT 2 30
[1019] = CNOT 2 37
[1020] = S 2
[1021] = Z 2
[1022] = CNOT 2 37
[1023] = CNOT 2 38
[1024] = S 2
[1025] = Z 2
[1026] = CNOT 2 38
[1027] = CNOT 2 3
[1028] = CNOT 2 6
[1029] = CNOT 2 30
[1030] = Z 2
[1031] = CNOT 2 30
[1032] = CNOT 2 37
[1033] = Z 2
[1034] = CNOT 2 37
[1035] = CNOT 2 38
[1036] = S 2
[1037] = Z 2
[1038] = CNOT 2 38
[1039] = CNOT 2 6
[1040] = CNOT 2 30
[1041] = CNOT 2 37
[1042] = Z 2
[1043] = CNOT 2 37
[1044] = CNOT 2 38
[1045] = S 2
[1046] = Z 2
[1047] = CNOT 2 30
[1048] = CNOT 2 37
[1049] = S 2
[1050] = Z 2
[1051] = CNOT 2 38
[1052] = CNOT 2 37
[1053] = CNOT 3 6
[1054] = CNOT 3 30
[1055] = Z 3
[1056] = CNOT 3 30
[1057] = CNOT 3 37
[1058] = Z 3
[1059] = CNOT 3 37
[1060] = CNOT 3 38
[1061] = Z 3
[1062] = CNOT 3 38
[1063] = CNOT 3 6
[1064] = CNOT 3 30
[1065] = CNOT 3 37
[1066] = Z 3
[1067] = CNOT 3 37
[1068] = CNOT 3 38
[1069] = Z 3
[1070] = CNOT 3 30
[1071] = CNOT 3 37
[1072] = Z 3
[1073] = CNOT 3 37
[1074] = CNOT 4 6
[1075] = CNOT 4 30
[1076] = S 4
[1077] = Z 4
[1078] = CNOT 4 30
[1079] = CNOT 4 37
[1080] = S 4
[1081] = Z 4
[1082] = CNOT 4 6
[1083] = CNOT 4 30
[1084] = S 4
[1085] = Z 4
[1086] = CNOT 4 37
[1087] = CNOT 4 30
[1088] = CNOT 5 6
[1089] = CNOT 5 30
[1090] = S 5
[1091] = Z 5
[1092] = CNOT 5 30
[1093] = CNOT 5 37
[1094] = S 5
[1095] = Z 5
[1096] = CNOT 5 6
[1097] = CNOT 5 30
[1098] = S 5
[1099] = Z 5
[1100] = CNOT 5 37
[1101] = CNOT 5 30
[1102] = CNOT 6 25
[1103] = CNOT 6 30
[1104] = S 6
[1105] = Z 6
[1106] = CNOT 6 30
[1107] = CNOT 6 37
[1108] = S 6
[1109] = Z 6
[1110] = CNOT 6 25
[1111] = CNOT 6 30
[1112] = S 6
[1113] = Z 6
[1114] = CNOT 6 37
[1115] = CNOT 6 38
[1116] = Z 6
[1117] = CNOT 6 30
[1118] = CNOT 6 37
[1119] = Z 6
[1120] = CNOT 6 38
[1121] = CNOT 7 8
[1122] = CNOT 7 9
[1123] = S 7
[1124] = Z 7
[1125] = CNOT 7 9
[1126] = CNOT 7 12
[1127] = Z 7
[1128] = CNOT 7 12
[1129] = CNOT 7 13
[1130] = S 7
[1131] = CNOT 7 13
[1132] = CNOT 7 24
[1133] = Z 7
[1134] = CNOT 7 24
[1135] = CNOT 7 26
[1136] = Z 7
[1137] = CNOT 7 26
[1138] = CNOT 7 30
[1139] = Z 7
[1140] = CNOT 7 30
[1141] = CNOT 7 31
[1142] = Z 7
[1143] = CNOT 7 31
[1144] = CNOT 7 34
[1145] = S 7
[1146] = CNOT 7 34
[1147] = CNOT 7 39
[1148] = S 7
[1149] = Z 7
[1150] = CNOT 7 39
[1151] = CNOT 7 8
[1152] = CNOT 7 9
[1153] = CNOT 7 10
[1154] = S 7
[1155] = Z 7
[1156] = CNOT 7 10
[1157] = CNOT 7 24
[1158] = Z 7
[1159] = CNOT 7 24
[1160] = CNOT 7 30
[1161] = Z 7
[1162] = CNOT 7 30
[1163] = CNOT 7 39
[1164] = Z 7
[1165] = CNOT 7 39
[1166] = CNOT 7 40
[1167] = S 7
[1168] = Z 7
[1169] = CNOT 7 40
[1170] = CNOT 7 9
[1171] = CNOT 7 10
[1172] = CNOT 7 24
[1173] = S 7
[1174] = Z 7
[1175] = CNOT 7 24
[1176] = CNOT 7 30
[1177] = S 7
[1178] = Z 7
[1179] = CNOT 7 30
[1180] = CNOT 7 39
[1181] = S 7
[1182] = Z 7
[1183] = CNOT 7 39
[1184] = CNOT 7 40
[1185] = S 7
[1186] = Z 7
[1187] = CNOT 7 40
[1188] = CNOT 7 10
[1189] = CNOT 7 11
[1190] = CNOT 7 12
[1191] = S 7
[1192] = Z 7
[1193] = CNOT 7 12
[1194] = CNOT 7 13
[1195] = Z 7
[1196] = CNOT 7 13
[1197] = CNOT 7 26
[1198] = Z 7
[1199] = CNOT 7 26
[1200] = CNOT 7 27
[1201] = S 7
[1202] = CNOT 7 27
[1203] = CNOT 7 31
[1204] = Z 7
[1205] = CNOT 7 31
[1206] = CNOT 7 34
[1207] = Z 7
[1208] = CNOT 7 34
[1209] = CNOT 7 11
[1210] = CNOT 7 12
[1211] = CNOT 7 13
[1212] = S 7
[1213] = Z 7
[1214] = CNOT 7 13
[1215] = CNOT 7 24
[1216] = Z 7
[1217] = CNOT 7 24
[1218] = CNOT 7 27
[1219] = S 7
[1220] = Z 7
[1221] = CNOT 7 27
[1222] = CNOT 7 30
[1223] = Z 7
[1224] = CNOT 7 30
[1225] = CNOT 7 34
[1226] = S 7
[1227] = Z 7
[1228] = CNOT 7 34
[1229] = CNOT 7 12
[1230] = CNOT 7 13
[1231] = CNOT 7 24
[1232] = S 7
[1233] = CNOT 7 24
[1234] = CNOT 7 26
[1235] = S 7
[1236] = Z 7
[1237] = CNOT 7 26
[1238] = CNOT 7 27
[1239] = Z 7
[1240] = CNOT 7 27
[1241] = CNOT 7 30
[1242] = S 7
[1243] = CNOT 7 30
[1244] = CNOT 7 31
[1245] = S 7
[1246] = Z 7
[1247] = CNOT 7 31
[1248] = CNOT 7 34
[1249] = S 7
[1250] = CNOT 7 34
[1251] = CNOT 7 13
[1252] = CNOT 7 24
[1253] = CNOT 7 26
[1254] = Z 7
[1255] = CNOT 7 26
[1256] = CNOT 7 30
[1257] = S 7
[1258] = CNOT 7 30
[1259] = CNOT 7 31
[1260] = Z 7
[1261] = CNOT 7 31
[1262] = CNOT 7 34
[1263] = S 7
[1264] = CNOT 7 34
[1265] = CNOT 7 39
[1266] = Z 7
[1267] = CNOT 7 39
[1268] = CNOT 7 40
[1269] = S 7
[1270] = Z 7
[1271] = CNOT 7 40
[1272] = CNOT 7 24
[1273] = CNOT 7 26
[1274] = CNOT 7 27
[1275] = Z 7
[1276] = CNOT 7 27
[1277] = CNOT 7 30
[1278] = Z 7
[1279] = CNOT 7 30
[1280] = CNOT 7 31
[1281] = S 7
[1282] = Z 7
[1283] = CNOT 7 31
[1284] = CNOT 7 34
[1285] = S 7
[1286] = Z 7
[1287] = CNOT 7 34
[1288] = CNOT 7 26
[1289] = CNOT 7 27
[1290] = CNOT 7 31
[1291] = Z 7
[1292] = CNOT 7 31
[1293] = CNOT 7 34
[1294] = Z 7
[1295] = CNOT 7 34
[1296] = CNOT 7 27
[1297] = CNOT 7 30
[1298] = CNOT 7 31
[1299] = Z 7
[1300] = CNOT 7 31
[1301] = CNOT 7 34
[1302] = S 7
[1303] = CNOT 7 34
[1304] = CNOT 7 39
[1305] = Z 7
[1306] = CNOT 7 39
[1307] = CNOT 7 40
[1308] = S 7
[1309] = Z 7
[1310] = CNOT 7 40
[1311] = CNOT 7 30
[1312] = CNOT 7 31
[1313] = CNOT 7 34
[1314] = S 7
[1315] = Z 7
[1316] = CNOT 7 34
[1317] = CNOT 7 31
[1318] = CNOT 7 39
[1319] = CNOT 7 40
[1320] = S 7
[1321] = Z 7
[1322] = CNOT 7 40
[1323] = CNOT 7 39
[1324] = CNOT 8 9
[1325] = CNOT 8 10
[1326] = S 8
[1327] = Z 8
[1328] = CNOT 8 10
[1329] = CNOT 8 24
[1330] = Z 8
[1331] = CNOT 8 24
[1332] = CNOT 8 30
[1333] = Z 8
[1334] = CNOT 8 30
[1335] = CNOT 8 39
[1336] = Z 8
[1337] = CNOT 8 39
[1338] = CNOT 8 40
[1339] = S 8
[1340] = Z 8
[1341] = CNOT 8 40
[1342] = CNOT 8 9
[1343] = CNOT 8 10
[1344] = CNOT 8 24
[1345] = S 8
[1346] = Z 8
[1347] = CNOT 8 24
[1348] = CNOT 8 30
[1349] = S 8
[1350] = Z 8
[1351] = CNOT 8 30
[1352] = CNOT 8 39
[1353] = S 8
[1354] = Z 8
[1355] = CNOT 8 39
[1356] = CNOT 8 40
[1357] = S 8
[1358] = Z 8
[1359] = CNOT 8 40
[1360] = CNOT 8 10
[1361] = CNOT 8 11
[1362] = CNOT 8 12
[1363] = S 8
[1364] = Z 8
[1365] = CNOT 8 12
[1366] = CNOT 8 13
[1367] = Z 8
[1368] = CNOT 8 13
[1369] = CNOT 8 26
[1370] = Z 8
[1371] = CNOT 8 26
[1372] = CNOT 8 27
[1373] = S 8
[1374] = CNOT 8 27
[1375] = CNOT 8 31
[1376] = Z 8
[1377] = CNOT 8 31
[1378] = CNOT 8 34
[1379] = Z 8
[1380] = CNOT 8 34
[1381] = CNOT 8 11
[1382] = CNOT 8 12
[1383] = CNOT 8 13
[1384] = S 8
[1385] = Z 8
[1386] = CNOT 8 13
[1387] = CNOT 8 24
[1388] = Z 8
[1389] = CNOT 8 24
[1390] = CNOT 8 27
[1391] = S 8
[1392] = Z 8
[1393] = CNOT 8 27
[1394] = CNOT 8 30
[1395] = Z 8
[1396] = CNOT 8 30
[1397] = CNOT 8 34
[1398] = S 8
[1399] = Z 8
[1400] = CNOT 8 34
[1401] = CNOT 8 12
[1402] = CNOT 8 13
[1403] = CNOT 8 24
[1404] = S 8
[1405] = CNOT 8 24
[1406] = CNOT 8 26
[1407] = S 8
[1408] = Z 8
[1409] = CNOT 8 26
[1410] = CNOT 8 27
[1411] = Z 8
[1412] = CNOT 8 27
[1413] = CNOT 8 30
[1414] = S 8
[1415] = CNOT 8 30
[1416] = CNOT 8 31
[1417] = S 8
[1418] = Z 8
[1419] = CNOT 8 31
[1420] = CNOT 8 34
[1421] = S 8
[1422] = CNOT 8 34
[1423] = CNOT 8 13
[1424] = CNOT 8 24
[1425] = CNOT 8 26
[1426] = Z 8
[1427] = CNOT 8 26
[1428] = CNOT 8 30
[1429] = S 8
[1430] = CNOT 8 30
[1431] = CNOT 8 31
[1432] = Z 8
[1433] = CNOT 8 31
[1434] = CNOT 8 34
[1435] = S 8
[1436] = CNOT 8 34
[1437] = CNOT 8 39
[1438] = Z 8
[1439] = CNOT 8 39
[1440] = CNOT 8 40
[1441] = S 8
[1442] = Z 8
[1443] = CNOT 8 40
[1444] = CNOT 8 24
[1445] = CNOT 8 26
[1446] = CNOT 8 27
[1447] = Z 8
[1448] = CNOT 8 27
[1449] = CNOT 8 30
[1450] = Z 8
[1451] = CNOT 8 30
[1452] = CNOT 8 31
[1453] = S 8
[1454] = Z 8
[1455] = CNOT 8 31
[1456] = CNOT 8 34
[1457] = S 8
[1458] = Z 8
[1459] = CNOT 8 34
[1460] = CNOT 8 26
[1461] = CNOT 8 27
[1462] = CNOT 8 31
[1463] = Z 8
[1464] = CNOT 8 31
[1465] = CNOT 8 34
[1466] = Z 8
[1467] = CNOT 8 34
[1468] = CNOT 8 27
[1469] = CNOT 8 30
[1470] = CNOT 8 31
[1471] = Z 8
[1472] = CNOT 8 31
[1473] = CNOT 8 34
[1474] = S 8
[1475] = CNOT 8 34
[1476] = CNOT 8 39
[1477] = Z 8
[1478] = CNOT 8 39
[1479] = CNOT 8 40
[1480] = S 8
[1481] = Z 8
[1482] = CNOT 8 40
[1483] = CNOT 8 30
[1484] = CNOT 8 31
[1485] = CNOT 8 34
[1486] = S 8
[1487] = Z 8
[1488] = CNOT 8 34
[1489] = CNOT 8 31
[1490] = CNOT 8 39
[1491] = CNOT 8 40
[1492] = S 8
[1493] = Z 8
[1494] = CNOT 8 40
[1495] = CNOT 8 39
[1496] = CNOT 9 10
[1497] = CNOT 9 24
[1498] = Z 9
[1499] = CNOT 9 24
[1500] = CNOT 9 30
[1501] = Z 9
[1502] = CNOT 9 30
[1503] = CNOT 9 39
[1504] = Z 9
[1505] = CNOT 9 39
[1506] = CNOT 9 40
[1507] = Z 9
[1508] = CNOT 9 40
[1509] = CNOT 9 10
[1510] = CNOT 9 11
[1511] = CNOT 9 12
[1512] = S 9
[1513] = Z 9
[1514] = CNOT 9 12
[1515] = CNOT 9 24
[1516] = S 9
[1517] = Z 9
[1518] = CNOT 9 24
[1519] = CNOT 9 30
[1520] = S 9
[1521] = Z 9
[1522] = CNOT 9 30
[1523] = CNOT 9 39
[1524] = S 9
[1525] = Z 9
[1526] = CNOT 9 39
[1527] = CNOT 9 11
[1528] = CNOT 9 12
[1529] = CNOT 9 24
[1530] = S 9
[1531] = Z 9
[1532] = CNOT 9 24
[1533] = CNOT 9 30
[1534] = S 9
[1535] = Z 9
[1536] = CNOT 9 30
[1537] = CNOT 9 39
[1538] = S 9
[1539] = Z 9
[1540] = CNOT 9 39
[1541] = CNOT 9 12
[1542] = CNOT 9 24
[1543] = CNOT 9 40
[1544] = Z 9
[1545] = CNOT 9 24
[1546] = CNOT 9 30
[1547] = Z 9
[1548] = CNOT 9 30
[1549] = CNOT 9 39
[1550] = Z 9
[1551] = CNOT 9 40
[1552] = CNOT 10 24
[1553] = CNOT 10 30
[1554] = Z 10
[1555] = CNOT 10 30
[1556] = CNOT 10 39
[1557] = Z 10
[1558] = CNOT 10 39
[1559] = CNOT 10 40
[1560] = Z 10
[1561] = CNOT 10 40
[1562] = CNOT 10 24
[1563] = CNOT 10 30
[1564] = CNOT 10 39
[1565] = Z 10
[1566] = CNOT 10 39
[1567] = CNOT 10 40
[1568] = Z 10
[1569] = CNOT 10 30
[1570] = CNOT 10 39
[1571] = Z 10
[1572] = CNOT 10 39
[1573] = CNOT 11 12
[1574] = CNOT 11 24
[1575] = Z 11
[1576] = CNOT 11 24
[1577] = CNOT 11 30
[1578] = Z 11
[1579] = CNOT 11 30
[1580] = CNOT 11 39
[1581] = S 11
[1582] = Z 11
[1583] = CNOT 11 39
[1584] = CNOT 11 12
[1585] = CNOT 11 13
[1586] = CNOT 11 24
[1587] = Z 11
[1588] = CNOT 11 24
[1589] = CNOT 11 26
[1590] = S 11
[1591] = Z 11
[1592] = CNOT 11 26
[1593] = CNOT 11 27
[1594] = S 11
[1595] = Z 11
[1596] = CNOT 11 27
[1597] = CNOT 11 30
[1598] = Z 11
[1599] = CNOT 11 30
[1600] = CNOT 11 31
[1601] = S 11
[1602] = Z 11
[1603] = CNOT 11 31
[1604] = CNOT 11 34
[1605] = Z 11
[1606] = CNOT 11 34
[1607] = CNOT 11 13
[1608] = CNOT 11 24
[1609] = CNOT 11 26
[1610] = Z 11
[1611] = CNOT 11 26
[1612] = CNOT 11 27
[1613] = S 11
[1614] = CNOT 11 27
[1615] = CNOT 11 30
[1616] = S 11
[1617] = Z 11
[1618] = CNOT 11 30
[1619] = CNOT 11 31
[1620] = Z 11
[1621] = CNOT 11 31
[1622] = CNOT 11 34
[1623] = Z 11
[1624] = CNOT 11 34
[1625] = CNOT 11 39
[1626] = S 11
[1627] = Z 11
[1628] = CNOT 11 39
[1629] = CNOT 11 24
[1630] = CNOT 11 26
[1631] = CNOT 11 27
[1632] = Z 11
[1633] = CNOT 11 27
[1634] = CNOT 11 30
[1635] = Z 11
[1636] = CNOT 11 30
[1637] = CNOT 11 31
[1638] = S 11
[1639] = Z 11
[1640] = CNOT 11 31
[1641] = CNOT 11 34
[1642] = S 11
[1643] = Z 11
[1644] = CNOT 11 34
[1645] = CNOT 11 26
[1646] = CNOT 11 27
[1647] = CNOT 11 30
[1648] = S 11
[1649] = CNOT 11 30
[1650] = CNOT 11 31
[1651] = Z 11
[1652] = CNOT 11 31
[1653] = CNOT 11 34
[1654] = S 11
[1655] = Z 11
[1656] = CNOT 11 34
[1657] = CNOT 11 27
[1658] = CNOT 11 30
[1659] = CNOT 11 31
[1660] = Z 11
[1661] = CNOT 11 31
[1662] = CNOT 11 34
[1663] = Z 11
[1664] = CNOT 11 34
[1665] = CNOT 11 39
[1666] = S 11
[1667] = Z 11
[1668] = CNOT 11 39
[1669] = CNOT 11 30
[1670] = CNOT 11 31
[1671] = CNOT 11 34
[1672] = S 11
[1673] = Z 11
[1674] = CNOT 11 34
[1675] = CNOT 11 31
[1676] = CNOT 12 13
[1677] = CNOT 12 24
[1678] = S 12
[1679] = Z 12
[1680] = CNOT 12 24
[1681] = CNOT 12 30
[1682] = S 12
[1683] = Z 12
[1684] = CNOT 12 30
[1685] = CNOT 12 34
[1686] = S 12
[1687] = Z 12
[1688] = CNOT 12 34
[1689] = CNOT 12 13
[1690] = CNOT 12 24
[1691] = CNOT 12 27
[1692] = S 12
[1693] = Z 12
[1694] = CNOT 12 27
[1695] = CNOT 12 30
[1696] = S 12
[1697] = CNOT 12 30
[1698] = CNOT 12 34
[1699] = S 12
[1700] = Z 12
[1701] = CNOT 12 34
[1702] = CNOT 12 39
[1703] = S 12
[1704] = Z 12
[1705] = CNOT 12 39
[1706] = CNOT 12 24
[1707] = CNOT 12 27
[1708] = CNOT 12 30
[1709] = S 12
[1710] = Z 12
[1711] = CNOT 12 27
[1712] = CNOT 12 34
[1713] = S 12
[1714] = Z 12
[1715] = CNOT 12 34
[1716] = CNOT 12 39
[1717] = S 12
[1718] = Z 12
[1719] = CNOT 12 39
[1720] = CNOT 12 30
[1721] = CNOT 13 24
[1722] = CNOT 13 26
[1723] = S 13
[1724] = Z 13
[1725] = CNOT 13 26
[1726] = CNOT 13 27
[1727] = Z 13
[1728] = CNOT 13 27
[1729] = CNOT 13 30
[1730] = S 13
[1731] = CNOT 13 30
[1732] = CNOT 13 31
[1733] = S 13
[1734] = Z 13
[1735] = CNOT 13 31
[1736] = CNOT 13 34
[1737] = S 13
[1738] = CNOT 13 34
[1739] = CNOT 13 24
[1740] = CNOT 13 26
[1741] = CNOT 13 27
[1742] = S 13
[1743] = Z 13
[1744] = CNOT 13 27
[1745] = CNOT 13 30
[1746] = S 13
[1747] = Z 13
[1748] = CNOT 13 30
[1749] = CNOT 13 34
[1750] = S 13
[1751] = Z 13
[1752] = CNOT 13 34
[1753] = CNOT 13 26
[1754] = CNOT 13 27
[1755] = CNOT 13 30
[1756] = Z 13
[1757] = CNOT 13 30
[1758] = CNOT 13 31
[1759] = S 13
[1760] = Z 13
[1761] = CNOT 13 31
[1762] = CNOT 13 34
[1763] = Z 13
[1764] = CNOT 13 34
[1765] = CNOT 13 27
[1766] = CNOT 13 30
[1767] = CNOT 13 31
[1768] = S 13
[1769] = Z 13
[1770] = CNOT 13 31
[1771] = CNOT 13 34
[1772] = S 13
[1773] = CNOT 13 30
[1774] = CNOT 13 31
[1775] = S 13
[1776] = Z 13
[1777] = CNOT 13 31
[1778] = CNOT 14 16
[1779] = CNOT 14 18
[1780] = S 14
[1781] = Z 14
[1782] = CNOT 14 18
[1783] = CNOT 14 19
[1784] = S 14
[1785] = Z 14
[1786] = CNOT 14 19
[1787] = CNOT 14 21
[1788] = Z 14
[1789] = CNOT 14 21
[1790] = CNOT 14 29
[1791] = Z 14
[1792] = CNOT 14 29
[1793] = CNOT 14 33
[1794] = S 14
[1795] = CNOT 14 33
[1796] = CNOT 14 36
[1797] = Z 14
[1798] = CNOT 14 36
[1799] = CNOT 14 41
[1800] = S 14
[1801] = CNOT 14 41
[1802] = CNOT 14 16
[1803] = CNOT 14 17
[1804] = CNOT 14 33
[1805] = S 14
[1806] = Z 14
[1807] = CNOT 14 33
[1808] = CNOT 14 42
[1809] = S 14
[1810] = Z 14
[1811] = CNOT 14 42
[1812] = CNOT 14 17
[1813] = CNOT 14 18
[1814] = CNOT 14 19
[1815] = S 14
[1816] = Z 14
[1817] = CNOT 14 19
[1818] = CNOT 14 21
[1819] = S 14
[1820] = Z 14
[1821] = CNOT 14 21
[1822] = CNOT 14 29
[1823] = S 14
[1824] = Z 14
[1825] = CNOT 14 29
[1826] = CNOT 14 33
[1827] = Z 14
[1828] = CNOT 14 33
[1829] = CNOT 14 36
[1830] = S 14
[1831] = Z 14
[1832] = CNOT 14 36
[1833] = CNOT 14 41
[1834] = S 14
[1835] = Z 14
[1836] = CNOT 14 41
[1837] = CNOT 14 18
[1838] = CNOT 14 19
[1839] = CNOT 14 21
[1840] = S 14
[1841] = Z 14
[1842] = CNOT 14 21
[1843] = CNOT 14 29
[1844] = S 14
[1845] = Z 14
[1846] = CNOT 14 29
[1847] = CNOT 14 33
[1848] = Z 14
[1849] = CNOT 14 33
[1850] = CNOT 14 36
[1851] = S 14
[1852] = Z 14
[1853] = CNOT 14 36
[1854] = CNOT 14 41
[1855] = S 14
[1856] = Z 14
[1857] = CNOT 14 41
[1858] = CNOT 14 19
[1859] = CNOT 14 21
[1860] = CNOT 14 29
[1861] = S 14
[1862] = Z 14
[1863] = CNOT 14 29
[1864] = CNOT 14 33
[1865] = Z 14
[1866] = CNOT 14 33
[1867] = CNOT 14 36
[1868] = Z 14
[1869] = CNOT 14 36
[1870] = CNOT 14 41
[1871] = Z 14
[1872] = CNOT 14 41
[1873] = CNOT 14 21
[1874] = CNOT 14 29
[1875] = CNOT 14 33
[1876] = Z 14
[1877] = CNOT 14 33
[1878] = CNOT 14 36
[1879] = S 14
[1880] = Z 14
[1881] = CNOT 14 36
[1882] = CNOT 14 41
[1883] = Z 14
[1884] = CNOT 14 41
[1885] = CNOT 14 29
[1886] = CNOT 14 33
[1887] = CNOT 14 36
[1888] = Z 14
[1889] = CNOT 14 36
[1890] = CNOT 14 41
[1891] = S 14
[1892] = CNOT 14 41
[1893] = CNOT 14 42
[1894] = S 14
[1895] = Z 14
[1896] = CNOT 14 42
[1897] = CNOT 14 33
[1898] = CNOT 14 36
[1899] = CNOT 14 41
[1900] = Z 14
[1901] = CNOT 14 41
[1902] = CNOT 14 36
[1903] = CNOT 15 16
[1904] = CNOT 15 33
[1905] = S 15
[1906] = Z 15
[1907] = CNOT 15 33
[1908] = CNOT 15 41
[1909] = S 15
[1910] = Z 15
[1911] = CNOT 15 41
[1912] = CNOT 15 16
[1913] = CNOT 15 17
[1914] = CNOT 15 33
[1915] = S 15
[1916] = Z 15
[1917] = CNOT 15 33
[1918] = CNOT 15 42
[1919] = S 15
[1920] = Z 15
[1921] = CNOT 15 42
[1922] = CNOT 15 17
[1923] = CNOT 15 18
[1924] = CNOT 15 19
[1925] = S 15
[1926] = Z 15
[1927] = CNOT 15 19
[1928] = CNOT 15 33
[1929] = S 15
[1930] = Z 15
[1931] = CNOT 15 18
[1932] = CNOT 15 19
[1933] = S 15
[1934] = Z 15
[1935] = CNOT 15 19
[1936] = CNOT 15 41
[1937] = S 15
[1938] = Z 15
[1939] = CNOT 15 41
[1940] = CNOT 15 42
[1941] = S 15
[1942] = Z 15
[1943] = CNOT 15 42
[1944] = CNOT 15 33
[1945] = CNOT 16 18
[1946] = CNOT 16 19
[1947] = S 16
[1948] = Z 16
[1949] = CNOT 16 19
[1950] = CNOT 16 21
[1951] = S 16
[1952] = Z 16
[1953] = CNOT 16 21
[1954] = CNOT 16 29
[1955] = S 16
[1956] = Z 16
[1957] = CNOT 16 29
[1958] = CNOT 16 33
[1959] = Z 16
[1960] = CNOT 16 33
[1961] = CNOT 16 36
[1962] = S 16
[1963] = Z 16
[1964] = CNOT 16 36
[1965] = CNOT 16 41
[1966] = Z 16
[1967] = CNOT 16 41
[1968] = CNOT 16 18
[1969] = CNOT 16 19
[1970] = CNOT 16 21
[1971] = S 16
[1972] = Z 16
[1973] = CNOT 16 21
[1974] = CNOT 16 29
[1975] = S 16
[1976] = Z 16
[1977] = CNOT 16 29
[1978] = CNOT 16 33
[1979] = Z 16
[1980] = CNOT 16 33
[1981] = CNOT 16 36
[1982] = S 16
[1983] = Z 16
[1984] = CNOT 16 36
[1985] = CNOT 16 41
[1986] = Z 16
[1987] = CNOT 16 41
[1988] = CNOT 16 19
[1989] = CNOT 16 21
[1990] = CNOT 16 29
[1991] = S 16
[1992] = Z 16
[1993] = CNOT 16 29
[1994] = CNOT 16 33
[1995] = Z 16
[1996] = CNOT 16 33
[1997] = CNOT 16 36
[1998] = Z 16
[1999] = CNOT 16 36
[2000] = CNOT 16 41
[2001] = Z 16
[2002] = CNOT 16 41
[2003] = CNOT 16 21
[2004] = CNOT 16 29
[2005] = CNOT 16 33
[2006] = Z 16
[2007] = CNOT 16 33
[2008] = CNOT 16 36
[2009] = S 16
[2010] = Z 16
[2011] = CNOT 16 36
[2012] = CNOT 16 41
[2013] = Z 16
[2014] = CNOT 16 41
[2015] = CNOT 16 29
[2016] = CNOT 16 33
[2017] = CNOT 16 36
[2018] = Z 16
[2019] = CNOT 16 33
[2020] = CNOT 16 41
[2021] = Z 16
[2022] = CNOT 16 36
[2023] = CNOT 18 19
[2024] = CNOT 18 33
[2025] = Z 18
[2026] = CNOT 18 33
[2027] = CNOT 18 41
[2028] = S 18
[2029] = Z 18
[2030] = CNOT 18 41
[2031] = CNOT 18 19
[2032] = CNOT 18 21
[2033] = CNOT 18 33
[2034] = S 18
[2035] = Z 18
[2036] = CNOT 18 33
[2037] = CNOT 18 36
[2038] = S 18
[2039] = Z 18
[2040] = CNOT 18 36
[2041] = CNOT 18 41
[2042] = S 18
[2043] = Z 18
[2044] = CNOT 18 41
[2045] = CNOT 18 21
[2046] = CNOT 18 29
[2047] = CNOT 18 33
[2048] = S 18
[2049] = Z 18
[2050] = CNOT 18 33
[2051] = CNOT 18 41
[2052] = S 18
[2053] = Z 18
[2054] = CNOT 18 41
[2055] = CNOT 18 29
[2056] = CNOT 18 33
[2057] = CNOT 18 36
[2058] = S 18
[2059] = Z 18
[2060] = CNOT 18 36
[2061] = CNOT 18 41
[2062] = Z 18
[2063] = CNOT 18 33
[2064] = CNOT 18 36
[2065] = S 18
[2066] = Z 18
[2067] = CNOT 18 41
[2068] = CNOT 18 36
[2069] = CNOT 19 21
[2070] = CNOT 19 33
[2071] = S 19
[2072] = Z 19
[2073] = CNOT 19 33
[2074] = CNOT 19 36
[2075] = S 19
[2076] = Z 19
[2077] = CNOT 19 36
[2078] = CNOT 19 41
[2079] = S 19
[2080] = Z 19
[2081] = CNOT 19 41
[2082] = CNOT 19 21
[2083] = CNOT 19 29
[2084] = CNOT 19 33
[2085] = S 19
[2086] = Z 19
[2087] = CNOT 19 33
[2088] = CNOT 19 41
[2089] = S 19
[2090] = Z 19
[2091] = CNOT 19 41
[2092] = CNOT 19 29
[2093] = CNOT 19 33
[2094] = CNOT 19 36
[2095] = S 19
[2096] = Z 19
[2097] = CNOT 19 36
[2098] = CNOT 19 41
[2099] = Z 19
[2100] = CNOT 19 33
[2101] = CNOT 19 36
[2102] = S 19
[2103] = Z 19
[2104] = CNOT 19 41
[2105] = CNOT 19 36
[2106] = CNOT 20 22
[2107] = CNOT 20 23
[2108] = S 20
[2109] = Z 20
[2110] = CNOT 20 23
[2111] = CNOT 20 35
[2112] = S 20
[2113] = Z 20
[2114] = CNOT 20 22
[2115] = CNOT 20 23
[2116] = S 20
[2117] = Z 20
[2118] = CNOT 20 23
[2119] = CNOT 21 29
[2120] = CNOT 21 33
[2121] = S 21
[2122] = Z 21
[2123] = CNOT 21 33
[2124] = CNOT 21 36
[2125] = S 21
[2126] = Z 21
[2127] = CNOT 21 36
[2128] = CNOT 21 41
[2129] = S 21
[2130] = Z 21
[2131] = CNOT 21 41
[2132] = CNOT 21 29
[2133] = CNOT 21 33
[2134] = CNOT 21 36
[2135] = Z 21
[2136] = CNOT 21 36
[2137] = CNOT 21 41
[2138] = Z 21
[2139] = CNOT 21 33
[2140] = CNOT 21 36
[2141] = Z 21
[2142] = CNOT 21 41
[2143] = CNOT 22 23
[2144] = CNOT 22 35
[2145] = S 22
[2146] = Z 22
[2147] = CNOT 22 35
[2148] = CNOT 22 23
[2149] = CNOT 24 26
[2150] = CNOT 24 27
[2151] = Z 24
[2152] = CNOT 24 27
[2153] = CNOT 24 30
[2154] = Z 24
[2155] = CNOT 24 30
[2156] = CNOT 24 31
[2157] = S 24
[2158] = Z 24
[2159] = CNOT 24 31
[2160] = CNOT 24 34
[2161] = S 24
[2162] = Z 24
[2163] = CNOT 24 34
[2164] = CNOT 24 26
[2165] = CNOT 24 27
[2166] = CNOT 24 31
[2167] = Z 24
[2168] = CNOT 24 31
[2169] = CNOT 24 34
[2170] = Z 24
[2171] = CNOT 24 34
[2172] = CNOT 24 27
[2173] = CNOT 24 30
[2174] = CNOT 24 31
[2175] = Z 24
[2176] = CNOT 24 31
[2177] = CNOT 24 34
[2178] = S 24
[2179] = CNOT 24 34
[2180] = CNOT 24 40
[2181] = Z 24
[2182] = CNOT 24 40
[2183] = CNOT 24 30
[2184] = CNOT 24 31
[2185] = CNOT 24 34
[2186] = S 24
[2187] = Z 24
[2188] = CNOT 24 34
[2189] = CNOT 24 31
[2190] = CNOT 24 39
[2191] = CNOT 24 40
[2192] = Z 24
[2193] = CNOT 24 40
[2194] = CNOT 24 39
[2195] = CNOT 25 30
[2196] = CNOT 25 37
[2197] = S 25
[2198] = Z 25
[2199] = CNOT 25 37
[2200] = CNOT 25 30
[2201] = CNOT 26 27
[2202] = CNOT 26 30
[2203] = Z 26
[2204] = CNOT 26 30
[2205] = CNOT 26 31
[2206] = S 26
[2207] = Z 26
[2208] = CNOT 26 31
[2209] = CNOT 26 34
[2210] = S 26
[2211] = Z 26
[2212] = CNOT 26 34
[2213] = CNOT 26 27
[2214] = CNOT 26 30
[2215] = CNOT 26 31
[2216] = S 26
[2217] = Z 26
[2218] = CNOT 26 31
[2219] = CNOT 26 34
[2220] = S 26
[2221] = Z 26
[2222] = CNOT 26 34
[2223] = CNOT 26 30
[2224] = CNOT 27 30
[2225] = CNOT 27 31
[2226] = Z 27
[2227] = CNOT 27 31
[2228] = CNOT 27 34
[2229] = Z 27
[2230] = CNOT 27 30
[2231] = CNOT 27 31
[2232] = S 27
[2233] = Z 27
[2234] = CNOT 27 34
[2235] = CNOT 27 31
[2236] = CNOT 29 33
[2237] = CNOT 29 36
[2238] = S 29
[2239] = Z 29
[2240] = CNOT 29 36
[2241] = CNOT 29 41
[2242] = Z 29
[2243] = CNOT 29 33
[2244] = CNOT 29 36
[2245] = S 29
[2246] = Z 29
[2247] = CNOT 29 41
[2248] = CNOT 29 36
[2249] = CNOT 30 31
[2250] = CNOT 30 34
[2251] = S 30
[2252] = Z 30
[2253] = CNOT 30 34
[2254] = CNOT 30 31
[2255] = CNOT 30 37
[2256] = CNOT 30 38
[2257] = Z 30
[2258] = CNOT 30 38
[2259] = CNOT 30 37
[2260] = CNOT 30 39
[2261] = CNOT 30 40
[2262] = Z 30
[2263] = CNOT 30 40
[2264] = CNOT 30 39
[2265] = CNOT 33 36
[2266] = CNOT 33 41
[2267] = Z 33
[2268] = CNOT 33 41
[2269] = CNOT 33 36
[2270] = CNOT 29 42
[2271] = CNOT 17 42
[2272] = CNOT 27 40
[2273] = CNOT 26 39
[2274] = CNOT 25 38
[2275] = CNOT 31 37
[2276] = CNOT 32 36
[2277] = CNOT 30 35
[2278] = CNOT 33 34
[2279] = CNOT 34 33
[2280] = CNOT 33 34
[2281] = CNOT 36 32
[2282] = CNOT 32 36
[2283] = CNOT 37 31
[2284] = CNOT 31 37
[2285] = CNOT 35 30
[2286] = CNOT 30 35
[2287] = CNOT 42 29
[2288] = CNOT 29 42
[2289] = CNOT 41 28
[2290] = CNOT 28 41
[2291] = CNOT 40 27
[2292] = CNOT 27 40
[2293] = CNOT 39 26
[2294] = CNOT 26 39
[2295] = CNOT 38 25
[2296] = CNOT 25 38
[2297] = CNOT 32 21
[2298] = CNOT 21 32
[2299] = CNOT 30 20
[2300] = CNOT 20 30
[2301] = CNOT 29 17
[2302] = CNOT 17 29
[2303] = CNOT 28 16
[2304] = CNOT 16 28
[2305] = CNOT 33 13
[2306] = CNOT 13 33
[2307] = CNOT 27 10
[2308] = CNOT 10 27
[2309] = CNOT 26 9
[2310] = CNOT 9 26
[2311] = CNOT 31 6
[2312] = CNOT 6 31
[2313] = CNOT 25 3
[2314] = CNOT 3 25
[2315] = H 25
[2316] = M 25
[2317] = H 26
[2318] = M 26
[2319] = H 27
[2320] = M 27
[2321] = H 28
[2322] = M 28
[2323] = H 29
[2324] = M 29
[2325] = H 30
[2326] = M 30
[2327] = H 31
[2328] = M 31
[2329] = H 32
[2330] = M 32
[2331] = H 33
[2332] = M 33
[2333] = H 34
[2334] = M 34
[2335] = H 35
[2336] = M 35
[2337] = H 36
[2338] = M 36
[2339] = H 37
[2340] = M 37
[2341] = H 38
[2342] = M 38
[2343] = H 39
[2344] = M 39
[2345] = H 40
[2346] = M 40
[2347] = H 41
[2348] = M 41
[2349] = H 42
[2350] = M 42
[2351] = H 21
[2352] = H 20
[2353] = H 17
[2354] = H 16
[2355] = H 13
[2356] = H 10
[2357] = H 9
[2358] = H 6
[2359] = H 3
[2360] = H 24
Gate distributions:
Input:
Operator distribution:
Total number of qubits = 24
Number of `data' qubits = 24
Number of `Toff_n' ancillas = 0
Number of Hadamard ancillas = 0
Hadamard ancilla cap = infinite
Number of {CNOT,T} partitions = 1
T count = 203
Cost estimation = 101551
	id	Count
	0	0
	1	0
	2	0
	3	39
	4	12
	5	0
	6	0
	7	0
	8	0
	9	0
	10	29
	11	0
	12	0
	13	0
	14	0
	15	0
	16	0
	17	0
	18	0
Output:
Operator distribution:
Total number of qubits = 42
Number of `data' qubits = 24
Number of `Toff_n' ancillas = 0
Number of Hadamard ancillas = 18
Hadamard ancilla cap = infinite
Number of {CNOT,T} partitions = 1
T count = 61
Cost estimation = 32809
	id	Count
	0	0
	1	0
	2	0
	3	55
	4	1470
	5	61
	6	0
	7	0
	8	0
	9	0
	10	0
	11	332
	12	0
	13	425
	14	0
	15	0
	16	0
	17	0
	18	18
Output T Count (SQC_Circuit) = 61
Output T Count (PhasePolynomial) = 61
Fail count = 0

Execution time: 8.10922s
Number of LCL errors: 0
Number of LCL warnings: 0
