Optimize a Clifford + T circuit.
Input filename = /home/ryo-mtmt/TOpt/forme/tpar_benchmark/mod_red_21.tfc
Number of unknown gates = 0
Number of unknown qubit labels = 0
Circuit filename: /home/ryo-mtmt/TOpt/forme/tpar_benchmark/mod_red_21.tfc

n 11
n_x 11
n_y 0
n_z 0
m 101
[0] = H 5
[1] = CCZ 2 4 5
[2] = H 5
[3] = H 7
[4] = CCZ 5 6 7
[5] = H 7
[6] = H 10
[7] = CCZ 7 8 10
[8] = H 10
[9] = H 7
[10] = H 9
[11] = CCZ 5 6 7
[12] = CCZ 11 10 9
[13] = H 9
[14] = H 5
[15] = H 3
[16] = CCZ 2 4 5
[17] = CNOT 1 9
[18] = CNOT 2 9
[19] = CNOT 6 9
[20] = CCZ 1 2 3
[21] = H 3
[22] = CCZ 3 4 5
[23] = H 5
[24] = CCZ 5 6 7
[25] = H 7
[26] = H 8
[27] = CCZ 7 9 8
[28] = H 8
[29] = H 7
[30] = CCZ 5 6 7
[31] = H 7
[32] = H 6
[33] = CCZ 5 9 6
[34] = H 6
[35] = H 5
[36] = CCZ 3 4 5
[37] = H 5
[38] = H 4
[39] = CCZ 3 9 4
[40] = H 4
[41] = H 3
[42] = CCZ 1 2 3
[43] = H 3
[44] = H 2
[45] = CCZ 1 9 2
[46] = H 2
[47] = H 9
[48] = CCZ 11 10 9
[49] = H 9

Algorithm used: todd_exp_1110

UniversalOptimize begin.
	Gate synthesis begin.
A_BMS
BMSparse object. Dims: 28x73
1313 1312 1311 289 1894 1893 141 66 1963 65 1962 63 1159 645 1009 1163 392 1340 832 243 1051 924 1391 1263 1136 241 1043 1333 1460 1704 53 1114 2003 1960 1703 1113 391 1335 1462 700 1040 1702 1112 1387 1965 166 1110 1766 1255 112 1701 1320 1465 1463 1039 1225 1388 1264 1007 1148 1389 93 1239 982 1096 1764 1331 1095 1098 1612 20 1544 1613 1105 1106 852 1543 1767 1253 110 1108 1238 981 854 1768 1254 1052 1321 36 1342 394 1053 762 127 2004 764 256 2005 1107 1878 2006 109 490 62 833 1861 1614 329 257 1101 1615 330 331 1103 332 41 701 187 1324 553 699 918 554 920 556 921 557 704 414 487 415 488 489 200 1149 201 789 1560 275 1224 642 1559 788 1157 386 129 643 1158 130 644 

[Experimental TODD + ChiDiff + M4RI] Flags - Packed: 1, AA Table: 1, Memo: 1, Sketch: 0 (margin=20)
--- Round 0 | Current Columns: 73 ---
  [HIT!] Pair(41,63) Dist=1 | 73 -> 71 columns
Round 0 Finished in 2 ms.
--- Round 1 | Current Columns: 71 ---
  [HIT!] Pair(17,19) Dist=1 | 71 -> 69 columns
Round 1 Finished in 6 ms.
--- Round 2 | Current Columns: 69 ---
  [HIT!] Pair(30,31) Dist=1 | 69 -> 67 columns
Round 2 Finished in 4 ms.
--- Round 3 | Current Columns: 67 ---
  [HIT!] Pair(41,63) Dist=1 | 67 -> 65 columns
Round 3 Finished in 6 ms.
--- Round 4 | Current Columns: 65 ---
  [HIT!] Pair(31,55) Dist=1 | 65 -> 63 columns
Round 4 Finished in 8 ms.
--- Round 5 | Current Columns: 63 ---
  [HIT!] Pair(18,62) Dist=2 | 63 -> 60 columns
Round 5 Finished in 8 ms.
--- Round 6 | Current Columns: 60 ---
  [HIT!] Pair(52,57) Dist=2 | 60 -> 58 columns
Round 6 Finished in 8 ms.
--- Round 7 | Current Columns: 58 ---
  [HIT!] Pair(16,18) Dist=2 | 58 -> 56 columns
Round 7 Finished in 30 ms.
--- Round 8 | Current Columns: 56 ---
  [HIT!] Pair(8,13) Dist=6 | 56 -> 54 columns
Round 8 Finished in 686 ms.
--- Round 9 | Current Columns: 54 ---
Round 9 Finished in 2105 ms.

=== Optimization Summary ===
Algorithm       : LempelX2_M4RI_Experimental
Initial T-count : 73
Final T-count   : 54
Total Reduced   : 19 gates
Execution Time  : 2871 ms
Chi calculation : 206.116 ms
AA Table calc   : 0.12 ms
Nullspace calc  : 2656.41 ms
Pairs tested    : 2530
Memo x hits     : 469
Avg affected    : 6837.94
Full NS empty   : 0
============================
		TODD executed in 2.86759 seconds.
		Total time: 2.86965s
	Gate synthesis end.
	Total time: 3.21181s
UniversalOptimize end.
Output circuit:
n 28
n_x 11
n_y 0
n_z 17
m 2301
[0] = H 5
[1] = H 7
[2] = H 10
[3] = H 9
[4] = H 3
[5] = H 12
[6] = H 13
[7] = H 14
[8] = H 15
[9] = H 16
[10] = H 17
[11] = H 18
[12] = H 19
[13] = H 20
[14] = H 21
[15] = H 22
[16] = H 23
[17] = H 24
[18] = H 25
[19] = H 26
[20] = H 27
[21] = H 28
[22] = CNOT 1 9
[23] = CNOT 1 16
[24] = CNOT 1 20
[25] = CNOT 1 21
[26] = CNOT 1 25
[27] = T 1
[28] = CNOT 1 21
[29] = T 1
[30] = CNOT 1 16
[31] = CNOT 1 21
[32] = T 1
[33] = CNOT 1 20
[34] = CNOT 1 16
[35] = T 1
[36] = CNOT 1 21
[37] = CNOT 1 16
[38] = CNOT 1 20
[39] = T 1
[40] = CNOT 1 20
[41] = CNOT 1 21
[42] = T 1
[43] = CNOT 1 21
[44] = CNOT 1 9
[45] = CNOT 9 16
[46] = CNOT 9 18
[47] = CNOT 9 19
[48] = CNOT 9 25
[49] = T 9
[50] = CNOT 9 16
[51] = T 9
[52] = CNOT 9 19
[53] = CNOT 9 18
[54] = CNOT 9 27
[55] = T 9
[56] = CNOT 9 27
[57] = CNOT 9 25
[58] = CNOT 2 7
[59] = CNOT 2 9
[60] = CNOT 2 12
[61] = CNOT 2 15
[62] = CNOT 2 23
[63] = CNOT 2 25
[64] = T 2
[65] = CNOT 2 25
[66] = CNOT 2 23
[67] = CNOT 2 15
[68] = CNOT 2 12
[69] = CNOT 2 9
[70] = CNOT 2 7
[71] = CNOT 9 15
[72] = CNOT 9 16
[73] = CNOT 9 18
[74] = CNOT 9 19
[75] = CNOT 9 22
[76] = CNOT 9 23
[77] = CNOT 9 25
[78] = T 9
[79] = CNOT 9 19
[80] = T 9
[81] = CNOT 9 25
[82] = CNOT 9 23
[83] = CNOT 9 22
[84] = CNOT 9 15
[85] = T 9
[86] = Z 9
[87] = CNOT 9 18
[88] = CNOT 9 16
[89] = CNOT 1 2
[90] = CNOT 1 9
[91] = CNOT 1 16
[92] = CNOT 1 27
[93] = T 1
[94] = CNOT 1 16
[95] = CNOT 1 9
[96] = CNOT 1 2
[97] = CNOT 9 18
[98] = T 9
[99] = S 9
[100] = CNOT 9 18
[101] = CNOT 9 16
[102] = T 9
[103] = CNOT 9 16
[104] = CNOT 9 11
[105] = CNOT 9 14
[106] = T 9
[107] = CNOT 9 14
[108] = CNOT 9 11
[109] = CNOT 2 4
[110] = CNOT 2 7
[111] = CNOT 2 9
[112] = CNOT 2 12
[113] = CNOT 2 15
[114] = CNOT 2 23
[115] = CNOT 2 25
[116] = T 2
[117] = CNOT 2 23
[118] = CNOT 2 15
[119] = CNOT 2 12
[120] = CNOT 2 7
[121] = CNOT 2 4
[122] = CNOT 4 7
[123] = CNOT 4 9
[124] = CNOT 4 12
[125] = CNOT 4 15
[126] = CNOT 4 18
[127] = CNOT 4 23
[128] = CNOT 4 25
[129] = T 4
[130] = CNOT 4 25
[131] = CNOT 4 23
[132] = CNOT 4 18
[133] = CNOT 4 15
[134] = CNOT 4 12
[135] = CNOT 4 9
[136] = CNOT 4 7
[137] = CNOT 1 3
[138] = CNOT 1 9
[139] = CNOT 1 26
[140] = T 1
[141] = CNOT 1 9
[142] = CNOT 2 27
[143] = T 2
[144] = CNOT 2 27
[145] = CNOT 6 9
[146] = CNOT 6 18
[147] = CNOT 6 19
[148] = CNOT 6 23
[149] = CNOT 6 25
[150] = T 6
[151] = CNOT 2 4
[152] = CNOT 2 7
[153] = CNOT 2 12
[154] = CNOT 2 15
[155] = CNOT 2 17
[156] = CNOT 2 23
[157] = CNOT 2 24
[158] = T 2
[159] = CNOT 2 4
[160] = T 2
[161] = CNOT 2 4
[162] = CNOT 2 18
[163] = T 2
[164] = CNOT 2 4
[165] = T 2
[166] = CNOT 2 25
[167] = CNOT 2 24
[168] = CNOT 2 23
[169] = CNOT 2 18
[170] = CNOT 2 17
[171] = CNOT 2 15
[172] = CNOT 2 12
[173] = CNOT 2 9
[174] = CNOT 2 7
[175] = CNOT 6 15
[176] = CNOT 6 22
[177] = T 6
[178] = CNOT 6 19
[179] = T 6
[180] = CNOT 6 22
[181] = CNOT 6 15
[182] = CNOT 6 9
[183] = CNOT 9 18
[184] = CNOT 9 19
[185] = CNOT 9 23
[186] = CNOT 9 25
[187] = T 9
[188] = CNOT 9 25
[189] = CNOT 9 23
[190] = CNOT 9 19
[191] = CNOT 9 18
[192] = CNOT 6 9
[193] = CNOT 6 12
[194] = T 6
[195] = CNOT 6 12
[196] = CNOT 6 9
[197] = CNOT 1 2
[198] = CNOT 1 9
[199] = CNOT 1 16
[200] = T 1
[201] = CNOT 1 26
[202] = CNOT 1 3
[203] = CNOT 1 2
[204] = T 1
[205] = CNOT 1 27
[206] = CNOT 1 25
[207] = CNOT 1 16
[208] = CNOT 1 9
[209] = CNOT 11 14
[210] = CNOT 11 28
[211] = T 11
[212] = CNOT 11 14
[213] = CNOT 14 28
[214] = T 14
[215] = S 14
[216] = CNOT 14 28
[217] = T 11
[218] = S 11
[219] = CNOT 11 28
[220] = T 28
[221] = S 28
[222] = Z 28
[223] = CNOT 2 3
[224] = CNOT 2 9
[225] = CNOT 2 25
[226] = CNOT 2 26
[227] = CNOT 2 27
[228] = T 2
[229] = CNOT 2 27
[230] = CNOT 2 26
[231] = CNOT 2 3
[232] = CNOT 4 5
[233] = CNOT 4 7
[234] = CNOT 4 9
[235] = CNOT 4 12
[236] = CNOT 4 15
[237] = CNOT 4 17
[238] = CNOT 4 18
[239] = CNOT 4 23
[240] = CNOT 4 25
[241] = T 4
[242] = CNOT 4 25
[243] = CNOT 4 23
[244] = CNOT 4 18
[245] = CNOT 4 17
[246] = CNOT 4 15
[247] = CNOT 4 12
[248] = CNOT 4 9
[249] = CNOT 4 7
[250] = CNOT 4 5
[251] = CNOT 2 4
[252] = CNOT 2 5
[253] = CNOT 2 7
[254] = CNOT 2 12
[255] = CNOT 2 15
[256] = CNOT 2 17
[257] = CNOT 2 18
[258] = CNOT 2 23
[259] = T 2
[260] = CNOT 2 5
[261] = CNOT 2 4
[262] = CNOT 5 7
[263] = CNOT 5 9
[264] = CNOT 5 12
[265] = CNOT 5 15
[266] = CNOT 5 17
[267] = CNOT 5 18
[268] = CNOT 5 23
[269] = CNOT 5 25
[270] = T 5
[271] = CNOT 5 25
[272] = CNOT 5 23
[273] = CNOT 5 18
[274] = CNOT 5 17
[275] = CNOT 5 15
[276] = CNOT 5 12
[277] = CNOT 5 9
[278] = CNOT 5 7
[279] = CNOT 2 5
[280] = T 2
[281] = CNOT 2 25
[282] = CNOT 2 23
[283] = CNOT 2 18
[284] = CNOT 2 17
[285] = CNOT 2 15
[286] = CNOT 2 12
[287] = CNOT 2 9
[288] = CNOT 2 7
[289] = CNOT 2 5
[290] = CNOT 9 14
[291] = T 9
[292] = S 9
[293] = CNOT 9 14
[294] = CNOT 8 9
[295] = CNOT 8 10
[296] = CNOT 8 12
[297] = CNOT 8 13
[298] = CNOT 8 18
[299] = CNOT 8 23
[300] = CNOT 8 25
[301] = T 8
[302] = CNOT 8 13
[303] = T 8
[304] = CNOT 8 10
[305] = CNOT 8 9
[306] = CNOT 9 10
[307] = CNOT 9 12
[308] = CNOT 9 13
[309] = CNOT 9 18
[310] = CNOT 9 23
[311] = CNOT 9 25
[312] = T 9
[313] = CNOT 9 25
[314] = CNOT 9 23
[315] = CNOT 9 18
[316] = CNOT 9 13
[317] = CNOT 9 12
[318] = CNOT 9 10
[319] = CNOT 8 9
[320] = CNOT 8 13
[321] = T 8
[322] = CNOT 8 13
[323] = T 8
[324] = CNOT 8 25
[325] = CNOT 8 23
[326] = CNOT 8 18
[327] = CNOT 8 12
[328] = CNOT 8 9
[329] = CNOT 9 10
[330] = CNOT 9 12
[331] = CNOT 9 18
[332] = CNOT 9 23
[333] = CNOT 9 25
[334] = T 9
[335] = CNOT 9 10
[336] = CNOT 9 13
[337] = T 9
[338] = CNOT 9 25
[339] = CNOT 9 23
[340] = CNOT 9 18
[341] = CNOT 9 13
[342] = CNOT 9 12
[343] = CNOT 6 7
[344] = CNOT 6 9
[345] = CNOT 6 15
[346] = T 6
[347] = CNOT 6 12
[348] = T 6
[349] = CNOT 6 25
[350] = CNOT 6 23
[351] = CNOT 6 18
[352] = CNOT 6 15
[353] = CNOT 6 12
[354] = CNOT 6 9
[355] = CNOT 6 7
[356] = CNOT 7 9
[357] = CNOT 7 15
[358] = CNOT 7 18
[359] = CNOT 7 23
[360] = CNOT 7 25
[361] = T 7
[362] = CNOT 7 25
[363] = CNOT 7 23
[364] = CNOT 7 18
[365] = CNOT 7 15
[366] = CNOT 7 9
[367] = CNOT 9 11
[368] = T 9
[369] = S 9
[370] = CNOT 9 11
[371] = CNOT 3 9
[372] = CNOT 3 16
[373] = CNOT 3 25
[374] = CNOT 3 26
[375] = CNOT 3 27
[376] = T 3
[377] = CNOT 3 27
[378] = CNOT 3 26
[379] = CNOT 3 25
[380] = CNOT 3 16
[381] = CNOT 3 9
[382] = S 3
[383] = Z 3
[384] = Z 4
[385] = S 5
[386] = Z 5
[387] = S 6
[388] = S 7
[389] = S 8
[390] = Z 8
[391] = S 9
[392] = Z 9
[393] = S 10
[394] = Z 10
[395] = S 11
[396] = Z 11
[397] = Z 13
[398] = Z 14
[399] = Z 15
[400] = Z 16
[401] = Z 17
[402] = S 19
[403] = S 21
[404] = S 22
[405] = S 23
[406] = Z 23
[407] = S 24
[408] = Z 24
[409] = S 25
[410] = Z 25
[411] = S 26
[412] = Z 26
[413] = Z 27
[414] = CNOT 1 2
[415] = S 1
[416] = CNOT 1 2
[417] = CNOT 1 3
[418] = Z 1
[419] = CNOT 1 3
[420] = CNOT 1 9
[421] = Z 1
[422] = CNOT 1 9
[423] = CNOT 1 25
[424] = Z 1
[425] = CNOT 1 25
[426] = CNOT 1 26
[427] = Z 1
[428] = CNOT 1 26
[429] = CNOT 1 27
[430] = S 1
[431] = Z 1
[432] = CNOT 1 27
[433] = CNOT 2 3
[434] = Z 2
[435] = CNOT 2 3
[436] = CNOT 2 4
[437] = S 2
[438] = CNOT 2 4
[439] = CNOT 2 5
[440] = S 2
[441] = CNOT 2 5
[442] = CNOT 2 7
[443] = Z 2
[444] = CNOT 2 7
[445] = CNOT 2 12
[446] = Z 2
[447] = CNOT 2 12
[448] = CNOT 2 15
[449] = Z 2
[450] = CNOT 2 15
[451] = CNOT 2 17
[452] = S 2
[453] = Z 2
[454] = CNOT 2 17
[455] = CNOT 2 18
[456] = S 2
[457] = Z 2
[458] = CNOT 2 18
[459] = CNOT 2 23
[460] = Z 2
[461] = CNOT 2 23
[462] = CNOT 2 24
[463] = Z 2
[464] = CNOT 2 24
[465] = CNOT 2 26
[466] = Z 2
[467] = CNOT 2 26
[468] = CNOT 3 9
[469] = S 3
[470] = Z 3
[471] = CNOT 3 9
[472] = CNOT 3 18
[473] = S 3
[474] = CNOT 3 18
[475] = CNOT 3 25
[476] = S 3
[477] = Z 3
[478] = CNOT 3 25
[479] = CNOT 3 26
[480] = S 3
[481] = Z 3
[482] = CNOT 3 26
[483] = CNOT 3 27
[484] = S 3
[485] = Z 3
[486] = CNOT 3 27
[487] = CNOT 4 5
[488] = S 4
[489] = CNOT 4 5
[490] = CNOT 4 7
[491] = Z 4
[492] = CNOT 4 7
[493] = CNOT 4 9
[494] = Z 4
[495] = CNOT 4 9
[496] = CNOT 4 12
[497] = Z 4
[498] = CNOT 4 12
[499] = CNOT 4 15
[500] = Z 4
[501] = CNOT 4 15
[502] = CNOT 4 17
[503] = Z 4
[504] = CNOT 4 17
[505] = CNOT 4 18
[506] = S 4
[507] = CNOT 4 18
[508] = CNOT 4 23
[509] = Z 4
[510] = CNOT 4 23
[511] = CNOT 4 24
[512] = S 4
[513] = CNOT 4 24
[514] = CNOT 4 25
[515] = S 4
[516] = Z 4
[517] = CNOT 4 25
[518] = CNOT 5 7
[519] = Z 5
[520] = CNOT 5 7
[521] = CNOT 5 9
[522] = Z 5
[523] = CNOT 5 9
[524] = CNOT 5 12
[525] = S 5
[526] = Z 5
[527] = CNOT 5 12
[528] = CNOT 5 15
[529] = Z 5
[530] = CNOT 5 15
[531] = CNOT 5 17
[532] = Z 5
[533] = CNOT 5 17
[534] = CNOT 5 18
[535] = Z 5
[536] = CNOT 5 18
[537] = CNOT 5 23
[538] = Z 5
[539] = CNOT 5 23
[540] = CNOT 5 25
[541] = Z 5
[542] = CNOT 5 25
[543] = CNOT 6 7
[544] = Z 6
[545] = CNOT 6 7
[546] = CNOT 6 9
[547] = Z 6
[548] = CNOT 6 9
[549] = CNOT 6 12
[550] = S 6
[551] = CNOT 6 12
[552] = CNOT 6 16
[553] = S 6
[554] = CNOT 6 16
[555] = CNOT 6 18
[556] = Z 6
[557] = CNOT 6 18
[558] = CNOT 6 19
[559] = S 6
[560] = CNOT 6 19
[561] = CNOT 6 22
[562] = Z 6
[563] = CNOT 6 22
[564] = CNOT 6 25
[565] = Z 6
[566] = CNOT 6 25
[567] = CNOT 7 9
[568] = S 7
[569] = Z 7
[570] = CNOT 7 9
[571] = CNOT 7 12
[572] = S 7
[573] = CNOT 7 12
[574] = CNOT 7 13
[575] = S 7
[576] = CNOT 7 13
[577] = CNOT 7 15
[578] = S 7
[579] = Z 7
[580] = CNOT 7 15
[581] = CNOT 7 23
[582] = S 7
[583] = Z 7
[584] = CNOT 7 23
[585] = CNOT 7 24
[586] = Z 7
[587] = CNOT 7 24
[588] = CNOT 7 25
[589] = S 7
[590] = Z 7
[591] = CNOT 7 25
[592] = CNOT 8 10
[593] = Z 8
[594] = CNOT 8 10
[595] = CNOT 8 13
[596] = Z 8
[597] = CNOT 8 13
[598] = CNOT 8 21
[599] = S 8
[600] = CNOT 8 21
[601] = CNOT 9 19
[602] = S 9
[603] = Z 9
[604] = CNOT 9 19
[605] = CNOT 9 22
[606] = S 9
[607] = CNOT 9 22
[608] = CNOT 9 23
[609] = S 9
[610] = Z 9
[611] = CNOT 9 23
[612] = CNOT 9 24
[613] = Z 9
[614] = CNOT 9 24
[615] = CNOT 9 26
[616] = S 9
[617] = Z 9
[618] = CNOT 9 26
[619] = CNOT 9 27
[620] = Z 9
[621] = CNOT 9 27
[622] = CNOT 10 13
[623] = Z 10
[624] = CNOT 10 13
[625] = CNOT 10 14
[626] = S 10
[627] = CNOT 10 14
[628] = CNOT 11 14
[629] = S 11
[630] = CNOT 11 14
[631] = CNOT 12 15
[632] = S 12
[633] = CNOT 12 15
[634] = CNOT 12 17
[635] = S 12
[636] = CNOT 12 17
[637] = CNOT 12 18
[638] = S 12
[639] = CNOT 12 18
[640] = CNOT 12 24
[641] = Z 12
[642] = CNOT 12 24
[643] = CNOT 13 15
[644] = S 13
[645] = CNOT 13 15
[646] = CNOT 15 16
[647] = Z 15
[648] = CNOT 15 16
[649] = CNOT 15 18
[650] = S 15
[651] = CNOT 15 18
[652] = CNOT 15 19
[653] = Z 15
[654] = CNOT 15 19
[655] = CNOT 15 20
[656] = S 15
[657] = CNOT 15 20
[658] = CNOT 15 22
[659] = S 15
[660] = CNOT 15 22
[661] = CNOT 15 24
[662] = Z 15
[663] = CNOT 15 24
[664] = CNOT 16 18
[665] = S 16
[666] = CNOT 16 18
[667] = CNOT 16 22
[668] = Z 16
[669] = CNOT 16 22
[670] = CNOT 16 25
[671] = S 16
[672] = CNOT 16 25
[673] = CNOT 16 27
[674] = Z 16
[675] = CNOT 16 27
[676] = CNOT 16 28
[677] = S 16
[678] = CNOT 16 28
[679] = CNOT 17 18
[680] = S 17
[681] = Z 17
[682] = CNOT 17 18
[683] = CNOT 17 19
[684] = S 17
[685] = CNOT 17 19
[686] = CNOT 17 24
[687] = Z 17
[688] = CNOT 17 24
[689] = CNOT 18 19
[690] = S 18
[691] = Z 18
[692] = CNOT 18 19
[693] = CNOT 18 22
[694] = S 18
[695] = CNOT 18 22
[696] = CNOT 18 24
[697] = S 18
[698] = CNOT 18 24
[699] = CNOT 18 25
[700] = S 18
[701] = Z 18
[702] = CNOT 18 25
[703] = CNOT 18 26
[704] = S 18
[705] = CNOT 18 26
[706] = CNOT 19 22
[707] = Z 19
[708] = CNOT 19 22
[709] = CNOT 19 23
[710] = S 19
[711] = Z 19
[712] = CNOT 19 23
[713] = CNOT 19 24
[714] = S 19
[715] = CNOT 19 24
[716] = CNOT 19 25
[717] = S 19
[718] = Z 19
[719] = CNOT 19 25
[720] = CNOT 20 22
[721] = S 20
[722] = CNOT 20 22
[723] = CNOT 22 23
[724] = S 22
[725] = CNOT 22 23
[726] = CNOT 22 25
[727] = S 22
[728] = CNOT 22 25
[729] = CNOT 23 24
[730] = Z 23
[731] = CNOT 23 24
[732] = CNOT 23 25
[733] = S 23
[734] = Z 23
[735] = CNOT 23 25
[736] = CNOT 24 25
[737] = Z 24
[738] = CNOT 24 25
[739] = CNOT 25 26
[740] = S 25
[741] = Z 25
[742] = CNOT 25 26
[743] = CNOT 25 27
[744] = Z 25
[745] = CNOT 25 27
[746] = CNOT 26 27
[747] = S 26
[748] = Z 26
[749] = CNOT 26 27
[750] = CNOT 1 2
[751] = CNOT 1 9
[752] = S 1
[753] = Z 1
[754] = CNOT 1 9
[755] = CNOT 1 16
[756] = S 1
[757] = Z 1
[758] = CNOT 1 16
[759] = CNOT 1 25
[760] = S 1
[761] = Z 1
[762] = CNOT 1 25
[763] = CNOT 1 27
[764] = S 1
[765] = Z 1
[766] = CNOT 1 27
[767] = CNOT 1 2
[768] = CNOT 1 3
[769] = CNOT 1 9
[770] = S 1
[771] = Z 1
[772] = CNOT 1 9
[773] = CNOT 1 16
[774] = S 1
[775] = Z 1
[776] = CNOT 1 16
[777] = CNOT 1 25
[778] = S 1
[779] = Z 1
[780] = CNOT 1 25
[781] = CNOT 1 26
[782] = S 1
[783] = Z 1
[784] = CNOT 1 26
[785] = CNOT 1 27
[786] = S 1
[787] = Z 1
[788] = CNOT 1 27
[789] = CNOT 1 3
[790] = CNOT 1 9
[791] = CNOT 1 16
[792] = S 1
[793] = CNOT 1 16
[794] = CNOT 1 20
[795] = Z 1
[796] = CNOT 1 20
[797] = CNOT 1 21
[798] = Z 1
[799] = CNOT 1 21
[800] = CNOT 1 25
[801] = S 1
[802] = Z 1
[803] = CNOT 1 25
[804] = CNOT 1 26
[805] = S 1
[806] = Z 1
[807] = CNOT 1 26
[808] = CNOT 1 27
[809] = Z 1
[810] = CNOT 1 27
[811] = CNOT 1 9
[812] = CNOT 1 16
[813] = CNOT 1 20
[814] = S 1
[815] = Z 1
[816] = CNOT 1 20
[817] = CNOT 1 21
[818] = S 1
[819] = Z 1
[820] = CNOT 1 21
[821] = CNOT 1 25
[822] = S 1
[823] = CNOT 1 25
[824] = CNOT 1 26
[825] = S 1
[826] = Z 1
[827] = CNOT 1 26
[828] = CNOT 1 27
[829] = Z 1
[830] = CNOT 1 27
[831] = CNOT 1 16
[832] = CNOT 1 20
[833] = CNOT 1 21
[834] = S 1
[835] = Z 1
[836] = CNOT 1 21
[837] = CNOT 1 25
[838] = Z 1
[839] = CNOT 1 20
[840] = CNOT 1 21
[841] = Z 1
[842] = CNOT 1 21
[843] = CNOT 1 26
[844] = S 1
[845] = Z 1
[846] = CNOT 1 26
[847] = CNOT 1 27
[848] = Z 1
[849] = CNOT 1 25
[850] = CNOT 1 26
[851] = S 1
[852] = Z 1
[853] = CNOT 1 27
[854] = CNOT 1 26
[855] = CNOT 2 3
[856] = CNOT 2 9
[857] = S 2
[858] = Z 2
[859] = CNOT 2 9
[860] = CNOT 2 16
[861] = S 2
[862] = Z 2
[863] = CNOT 2 16
[864] = CNOT 2 25
[865] = S 2
[866] = Z 2
[867] = CNOT 2 25
[868] = CNOT 2 26
[869] = S 2
[870] = Z 2
[871] = CNOT 2 26
[872] = CNOT 2 27
[873] = S 2
[874] = Z 2
[875] = CNOT 2 27
[876] = CNOT 2 3
[877] = CNOT 2 4
[878] = CNOT 2 7
[879] = Z 2
[880] = CNOT 2 7
[881] = CNOT 2 9
[882] = Z 2
[883] = CNOT 2 9
[884] = CNOT 2 12
[885] = Z 2
[886] = CNOT 2 12
[887] = CNOT 2 15
[888] = Z 2
[889] = CNOT 2 15
[890] = CNOT 2 17
[891] = S 2
[892] = Z 2
[893] = CNOT 2 17
[894] = CNOT 2 18
[895] = S 2
[896] = Z 2
[897] = CNOT 2 18
[898] = CNOT 2 23
[899] = Z 2
[900] = CNOT 2 23
[901] = CNOT 2 24
[902] = S 2
[903] = Z 2
[904] = CNOT 2 24
[905] = CNOT 2 25
[906] = Z 2
[907] = CNOT 2 25
[908] = CNOT 2 4
[909] = CNOT 2 5
[910] = CNOT 2 7
[911] = S 2
[912] = Z 2
[913] = CNOT 2 7
[914] = CNOT 2 9
[915] = S 2
[916] = Z 2
[917] = CNOT 2 9
[918] = CNOT 2 12
[919] = S 2
[920] = Z 2
[921] = CNOT 2 12
[922] = CNOT 2 15
[923] = S 2
[924] = Z 2
[925] = CNOT 2 15
[926] = CNOT 2 17
[927] = S 2
[928] = Z 2
[929] = CNOT 2 17
[930] = CNOT 2 18
[931] = S 2
[932] = Z 2
[933] = CNOT 2 18
[934] = CNOT 2 23
[935] = S 2
[936] = Z 2
[937] = CNOT 2 23
[938] = CNOT 2 25
[939] = S 2
[940] = Z 2
[941] = CNOT 2 25
[942] = CNOT 2 5
[943] = CNOT 2 7
[944] = CNOT 2 17
[945] = S 2
[946] = CNOT 2 17
[947] = CNOT 2 18
[948] = Z 2
[949] = CNOT 2 18
[950] = CNOT 2 24
[951] = Z 2
[952] = CNOT 2 24
[953] = CNOT 2 7
[954] = CNOT 2 9
[955] = CNOT 2 16
[956] = S 2
[957] = Z 2
[958] = CNOT 2 16
[959] = CNOT 2 17
[960] = S 2
[961] = CNOT 2 17
[962] = CNOT 2 18
[963] = Z 2
[964] = CNOT 2 18
[965] = CNOT 2 24
[966] = Z 2
[967] = CNOT 2 24
[968] = CNOT 2 25
[969] = Z 2
[970] = CNOT 2 25
[971] = CNOT 2 26
[972] = S 2
[973] = Z 2
[974] = CNOT 2 26
[975] = CNOT 2 27
[976] = Z 2
[977] = CNOT 2 27
[978] = CNOT 2 9
[979] = CNOT 2 12
[980] = CNOT 2 17
[981] = S 2
[982] = CNOT 2 17
[983] = CNOT 2 18
[984] = Z 2
[985] = CNOT 2 18
[986] = CNOT 2 24
[987] = Z 2
[988] = CNOT 2 24
[989] = CNOT 2 12
[990] = CNOT 2 15
[991] = CNOT 2 17
[992] = S 2
[993] = CNOT 2 17
[994] = CNOT 2 18
[995] = Z 2
[996] = CNOT 2 18
[997] = CNOT 2 24
[998] = Z 2
[999] = CNOT 2 24
[1000] = CNOT 2 15
[1001] = CNOT 2 16
[1002] = CNOT 2 25
[1003] = S 2
[1004] = Z 2
[1005] = CNOT 2 25
[1006] = CNOT 2 26
[1007] = S 2
[1008] = Z 2
[1009] = CNOT 2 26
[1010] = CNOT 2 27
[1011] = Z 2
[1012] = CNOT 2 27
[1013] = CNOT 2 16
[1014] = CNOT 2 17
[1015] = CNOT 2 18
[1016] = Z 2
[1017] = CNOT 2 18
[1018] = CNOT 2 23
[1019] = S 2
[1020] = CNOT 2 23
[1021] = CNOT 2 24
[1022] = Z 2
[1023] = CNOT 2 24
[1024] = CNOT 2 25
[1025] = S 2
[1026] = CNOT 2 25
[1027] = CNOT 2 17
[1028] = CNOT 2 18
[1029] = CNOT 2 23
[1030] = Z 2
[1031] = CNOT 2 23
[1032] = CNOT 2 24
[1033] = S 2
[1034] = Z 2
[1035] = CNOT 2 24
[1036] = CNOT 2 25
[1037] = Z 2
[1038] = CNOT 2 25
[1039] = CNOT 2 18
[1040] = CNOT 2 23
[1041] = CNOT 2 24
[1042] = Z 2
[1043] = CNOT 2 23
[1044] = CNOT 2 25
[1045] = Z 2
[1046] = CNOT 2 24
[1047] = CNOT 2 26
[1048] = S 2
[1049] = Z 2
[1050] = CNOT 2 26
[1051] = CNOT 2 27
[1052] = Z 2
[1053] = CNOT 2 25
[1054] = CNOT 2 26
[1055] = S 2
[1056] = Z 2
[1057] = CNOT 2 26
[1058] = CNOT 3 9
[1059] = CNOT 3 16
[1060] = S 3
[1061] = Z 3
[1062] = CNOT 3 16
[1063] = CNOT 3 25
[1064] = Z 3
[1065] = CNOT 3 25
[1066] = CNOT 3 26
[1067] = Z 3
[1068] = CNOT 3 26
[1069] = CNOT 3 27
[1070] = Z 3
[1071] = CNOT 3 27
[1072] = CNOT 3 9
[1073] = CNOT 3 16
[1074] = CNOT 3 25
[1075] = S 3
[1076] = Z 3
[1077] = CNOT 3 25
[1078] = CNOT 3 26
[1079] = S 3
[1080] = Z 3
[1081] = CNOT 3 26
[1082] = CNOT 3 27
[1083] = S 3
[1084] = Z 3
[1085] = CNOT 3 27
[1086] = CNOT 3 16
[1087] = CNOT 3 25
[1088] = CNOT 3 26
[1089] = Z 3
[1090] = CNOT 3 26
[1091] = CNOT 3 27
[1092] = Z 3
[1093] = CNOT 3 25
[1094] = CNOT 3 26
[1095] = Z 3
[1096] = CNOT 3 27
[1097] = CNOT 4 5
[1098] = CNOT 4 7
[1099] = S 4
[1100] = Z 4
[1101] = CNOT 4 7
[1102] = CNOT 4 9
[1103] = S 4
[1104] = Z 4
[1105] = CNOT 4 9
[1106] = CNOT 4 12
[1107] = S 4
[1108] = Z 4
[1109] = CNOT 4 12
[1110] = CNOT 4 15
[1111] = S 4
[1112] = Z 4
[1113] = CNOT 4 15
[1114] = CNOT 4 17
[1115] = S 4
[1116] = Z 4
[1117] = CNOT 4 17
[1118] = CNOT 4 18
[1119] = S 4
[1120] = Z 4
[1121] = CNOT 4 18
[1122] = CNOT 4 23
[1123] = S 4
[1124] = Z 4
[1125] = CNOT 4 23
[1126] = CNOT 4 25
[1127] = S 4
[1128] = Z 4
[1129] = CNOT 4 25
[1130] = CNOT 4 5
[1131] = CNOT 4 7
[1132] = CNOT 4 9
[1133] = S 4
[1134] = CNOT 4 9
[1135] = CNOT 4 12
[1136] = S 4
[1137] = CNOT 4 12
[1138] = CNOT 4 15
[1139] = S 4
[1140] = CNOT 4 15
[1141] = CNOT 4 17
[1142] = Z 4
[1143] = CNOT 4 17
[1144] = CNOT 4 18
[1145] = Z 4
[1146] = CNOT 4 18
[1147] = CNOT 4 23
[1148] = S 4
[1149] = CNOT 4 23
[1150] = CNOT 4 24
[1151] = S 4
[1152] = Z 4
[1153] = CNOT 4 24
[1154] = CNOT 4 25
[1155] = S 4
[1156] = CNOT 4 25
[1157] = CNOT 4 7
[1158] = CNOT 4 9
[1159] = CNOT 4 12
[1160] = S 4
[1161] = CNOT 4 12
[1162] = CNOT 4 15
[1163] = S 4
[1164] = CNOT 4 15
[1165] = CNOT 4 17
[1166] = Z 4
[1167] = CNOT 4 17
[1168] = CNOT 4 18
[1169] = Z 4
[1170] = CNOT 4 18
[1171] = CNOT 4 23
[1172] = S 4
[1173] = CNOT 4 23
[1174] = CNOT 4 24
[1175] = S 4
[1176] = Z 4
[1177] = CNOT 4 24
[1178] = CNOT 4 25
[1179] = S 4
[1180] = CNOT 4 25
[1181] = CNOT 4 9
[1182] = CNOT 4 12
[1183] = CNOT 4 15
[1184] = S 4
[1185] = CNOT 4 15
[1186] = CNOT 4 17
[1187] = Z 4
[1188] = CNOT 4 17
[1189] = CNOT 4 18
[1190] = Z 4
[1191] = CNOT 4 18
[1192] = CNOT 4 23
[1193] = S 4
[1194] = CNOT 4 23
[1195] = CNOT 4 24
[1196] = S 4
[1197] = Z 4
[1198] = CNOT 4 24
[1199] = CNOT 4 25
[1200] = S 4
[1201] = CNOT 4 25
[1202] = CNOT 4 12
[1203] = CNOT 4 15
[1204] = CNOT 4 17
[1205] = Z 4
[1206] = CNOT 4 17
[1207] = CNOT 4 18
[1208] = Z 4
[1209] = CNOT 4 18
[1210] = CNOT 4 23
[1211] = S 4
[1212] = CNOT 4 23
[1213] = CNOT 4 24
[1214] = S 4
[1215] = Z 4
[1216] = CNOT 4 24
[1217] = CNOT 4 25
[1218] = S 4
[1219] = CNOT 4 25
[1220] = CNOT 4 15
[1221] = CNOT 4 17
[1222] = CNOT 4 18
[1223] = S 4
[1224] = Z 4
[1225] = CNOT 4 18
[1226] = CNOT 4 23
[1227] = Z 4
[1228] = CNOT 4 23
[1229] = CNOT 4 24
[1230] = S 4
[1231] = Z 4
[1232] = CNOT 4 24
[1233] = CNOT 4 25
[1234] = Z 4
[1235] = CNOT 4 25
[1236] = CNOT 4 17
[1237] = CNOT 4 18
[1238] = CNOT 4 23
[1239] = Z 4
[1240] = CNOT 4 23
[1241] = CNOT 4 25
[1242] = Z 4
[1243] = CNOT 4 25
[1244] = CNOT 4 18
[1245] = CNOT 4 23
[1246] = CNOT 4 24
[1247] = S 4
[1248] = Z 4
[1249] = CNOT 4 24
[1250] = CNOT 4 25
[1251] = S 4
[1252] = CNOT 4 23
[1253] = CNOT 4 24
[1254] = S 4
[1255] = Z 4
[1256] = CNOT 4 25
[1257] = CNOT 4 24
[1258] = CNOT 5 7
[1259] = CNOT 5 9
[1260] = Z 5
[1261] = CNOT 5 9
[1262] = CNOT 5 12
[1263] = Z 5
[1264] = CNOT 5 12
[1265] = CNOT 5 15
[1266] = Z 5
[1267] = CNOT 5 15
[1268] = CNOT 5 17
[1269] = Z 5
[1270] = CNOT 5 17
[1271] = CNOT 5 18
[1272] = Z 5
[1273] = CNOT 5 18
[1274] = CNOT 5 23
[1275] = Z 5
[1276] = CNOT 5 23
[1277] = CNOT 5 25
[1278] = Z 5
[1279] = CNOT 5 25
[1280] = CNOT 5 7
[1281] = CNOT 5 9
[1282] = CNOT 5 12
[1283] = Z 5
[1284] = CNOT 5 12
[1285] = CNOT 5 15
[1286] = Z 5
[1287] = CNOT 5 15
[1288] = CNOT 5 17
[1289] = Z 5
[1290] = CNOT 5 17
[1291] = CNOT 5 18
[1292] = Z 5
[1293] = CNOT 5 18
[1294] = CNOT 5 23
[1295] = Z 5
[1296] = CNOT 5 23
[1297] = CNOT 5 25
[1298] = Z 5
[1299] = CNOT 5 25
[1300] = CNOT 5 9
[1301] = CNOT 5 12
[1302] = CNOT 5 15
[1303] = Z 5
[1304] = CNOT 5 15
[1305] = CNOT 5 17
[1306] = Z 5
[1307] = CNOT 5 17
[1308] = CNOT 5 18
[1309] = Z 5
[1310] = CNOT 5 18
[1311] = CNOT 5 23
[1312] = Z 5
[1313] = CNOT 5 23
[1314] = CNOT 5 25
[1315] = Z 5
[1316] = CNOT 5 25
[1317] = CNOT 5 12
[1318] = CNOT 5 15
[1319] = CNOT 5 17
[1320] = Z 5
[1321] = CNOT 5 17
[1322] = CNOT 5 18
[1323] = Z 5
[1324] = CNOT 5 18
[1325] = CNOT 5 23
[1326] = Z 5
[1327] = CNOT 5 23
[1328] = CNOT 5 25
[1329] = Z 5
[1330] = CNOT 5 25
[1331] = CNOT 5 15
[1332] = CNOT 5 17
[1333] = CNOT 5 18
[1334] = Z 5
[1335] = CNOT 5 18
[1336] = CNOT 5 23
[1337] = Z 5
[1338] = CNOT 5 23
[1339] = CNOT 5 25
[1340] = Z 5
[1341] = CNOT 5 25
[1342] = CNOT 5 17
[1343] = CNOT 5 18
[1344] = CNOT 5 23
[1345] = Z 5
[1346] = CNOT 5 23
[1347] = CNOT 5 25
[1348] = Z 5
[1349] = CNOT 5 18
[1350] = CNOT 5 23
[1351] = Z 5
[1352] = CNOT 5 25
[1353] = CNOT 5 23
[1354] = CNOT 6 7
[1355] = CNOT 6 9
[1356] = S 6
[1357] = Z 6
[1358] = CNOT 6 9
[1359] = CNOT 6 15
[1360] = S 6
[1361] = Z 6
[1362] = CNOT 6 15
[1363] = CNOT 6 18
[1364] = S 6
[1365] = Z 6
[1366] = CNOT 6 18
[1367] = CNOT 6 23
[1368] = S 6
[1369] = Z 6
[1370] = CNOT 6 23
[1371] = CNOT 6 25
[1372] = S 6
[1373] = Z 6
[1374] = CNOT 6 25
[1375] = CNOT 6 7
[1376] = CNOT 6 9
[1377] = CNOT 6 12
[1378] = S 6
[1379] = Z 6
[1380] = CNOT 6 12
[1381] = CNOT 6 15
[1382] = Z 6
[1383] = CNOT 6 15
[1384] = CNOT 6 18
[1385] = S 6
[1386] = CNOT 6 18
[1387] = CNOT 6 19
[1388] = S 6
[1389] = Z 6
[1390] = CNOT 6 19
[1391] = CNOT 6 22
[1392] = S 6
[1393] = Z 6
[1394] = CNOT 6 22
[1395] = CNOT 6 23
[1396] = S 6
[1397] = CNOT 6 23
[1398] = CNOT 6 25
[1399] = S 6
[1400] = CNOT 6 25
[1401] = CNOT 6 9
[1402] = CNOT 6 12
[1403] = CNOT 6 18
[1404] = S 6
[1405] = Z 6
[1406] = CNOT 6 18
[1407] = CNOT 6 23
[1408] = S 6
[1409] = Z 6
[1410] = CNOT 6 23
[1411] = CNOT 6 25
[1412] = S 6
[1413] = Z 6
[1414] = CNOT 6 25
[1415] = CNOT 6 12
[1416] = CNOT 6 15
[1417] = CNOT 6 18
[1418] = Z 6
[1419] = CNOT 6 18
[1420] = CNOT 6 22
[1421] = S 6
[1422] = Z 6
[1423] = CNOT 6 22
[1424] = CNOT 6 23
[1425] = Z 6
[1426] = CNOT 6 23
[1427] = CNOT 6 25
[1428] = Z 6
[1429] = CNOT 6 25
[1430] = CNOT 6 15
[1431] = CNOT 6 16
[1432] = CNOT 6 23
[1433] = S 6
[1434] = Z 6
[1435] = CNOT 6 23
[1436] = CNOT 6 16
[1437] = CNOT 6 18
[1438] = CNOT 6 19
[1439] = S 6
[1440] = Z 6
[1441] = CNOT 6 19
[1442] = CNOT 6 22
[1443] = S 6
[1444] = Z 6
[1445] = CNOT 6 22
[1446] = CNOT 6 23
[1447] = S 6
[1448] = CNOT 6 23
[1449] = CNOT 6 25
[1450] = S 6
[1451] = CNOT 6 25
[1452] = CNOT 6 18
[1453] = CNOT 6 19
[1454] = CNOT 6 23
[1455] = S 6
[1456] = Z 6
[1457] = CNOT 6 23
[1458] = CNOT 6 25
[1459] = S 6
[1460] = Z 6
[1461] = CNOT 6 25
[1462] = CNOT 6 19
[1463] = CNOT 6 22
[1464] = CNOT 6 23
[1465] = S 6
[1466] = Z 6
[1467] = CNOT 6 23
[1468] = CNOT 6 25
[1469] = S 6
[1470] = Z 6
[1471] = CNOT 6 22
[1472] = CNOT 6 23
[1473] = S 6
[1474] = CNOT 6 25
[1475] = CNOT 6 23
[1476] = CNOT 7 9
[1477] = CNOT 7 12
[1478] = Z 7
[1479] = CNOT 7 12
[1480] = CNOT 7 15
[1481] = S 7
[1482] = CNOT 7 15
[1483] = CNOT 7 18
[1484] = S 7
[1485] = Z 7
[1486] = CNOT 7 18
[1487] = CNOT 7 23
[1488] = S 7
[1489] = CNOT 7 23
[1490] = CNOT 7 24
[1491] = Z 7
[1492] = CNOT 7 24
[1493] = CNOT 7 25
[1494] = S 7
[1495] = CNOT 7 25
[1496] = CNOT 7 9
[1497] = CNOT 7 12
[1498] = CNOT 7 15
[1499] = Z 7
[1500] = CNOT 7 15
[1501] = CNOT 7 23
[1502] = Z 7
[1503] = CNOT 7 23
[1504] = CNOT 7 24
[1505] = Z 7
[1506] = CNOT 7 24
[1507] = CNOT 7 25
[1508] = Z 7
[1509] = CNOT 7 25
[1510] = CNOT 7 12
[1511] = CNOT 7 15
[1512] = CNOT 7 18
[1513] = S 7
[1514] = Z 7
[1515] = CNOT 7 18
[1516] = CNOT 7 23
[1517] = S 7
[1518] = CNOT 7 23
[1519] = CNOT 7 24
[1520] = Z 7
[1521] = CNOT 7 24
[1522] = CNOT 7 25
[1523] = S 7
[1524] = CNOT 7 25
[1525] = CNOT 7 15
[1526] = CNOT 7 17
[1527] = CNOT 7 18
[1528] = S 7
[1529] = CNOT 7 18
[1530] = CNOT 7 24
[1531] = Z 7
[1532] = CNOT 7 24
[1533] = CNOT 7 17
[1534] = CNOT 7 18
[1535] = CNOT 7 23
[1536] = S 7
[1537] = Z 7
[1538] = CNOT 7 23
[1539] = CNOT 7 24
[1540] = S 7
[1541] = Z 7
[1542] = CNOT 7 24
[1543] = CNOT 7 25
[1544] = S 7
[1545] = Z 7
[1546] = CNOT 7 25
[1547] = CNOT 7 18
[1548] = CNOT 7 23
[1549] = CNOT 7 24
[1550] = Z 7
[1551] = CNOT 7 24
[1552] = CNOT 7 25
[1553] = S 7
[1554] = CNOT 7 23
[1555] = CNOT 7 24
[1556] = Z 7
[1557] = CNOT 7 25
[1558] = CNOT 7 24
[1559] = CNOT 8 9
[1560] = CNOT 8 10
[1561] = S 8
[1562] = Z 8
[1563] = CNOT 8 10
[1564] = CNOT 8 12
[1565] = Z 8
[1566] = CNOT 8 12
[1567] = CNOT 8 13
[1568] = S 8
[1569] = Z 8
[1570] = CNOT 8 13
[1571] = CNOT 8 18
[1572] = Z 8
[1573] = CNOT 8 18
[1574] = CNOT 8 23
[1575] = Z 8
[1576] = CNOT 8 23
[1577] = CNOT 8 25
[1578] = Z 8
[1579] = CNOT 8 25
[1580] = CNOT 8 9
[1581] = CNOT 8 10
[1582] = CNOT 8 12
[1583] = S 8
[1584] = Z 8
[1585] = CNOT 8 12
[1586] = CNOT 8 18
[1587] = S 8
[1588] = Z 8
[1589] = CNOT 8 18
[1590] = CNOT 8 23
[1591] = S 8
[1592] = Z 8
[1593] = CNOT 8 23
[1594] = CNOT 8 25
[1595] = S 8
[1596] = Z 8
[1597] = CNOT 8 25
[1598] = CNOT 8 10
[1599] = CNOT 8 12
[1600] = CNOT 8 13
[1601] = S 8
[1602] = Z 8
[1603] = CNOT 8 13
[1604] = CNOT 8 18
[1605] = Z 8
[1606] = CNOT 8 18
[1607] = CNOT 8 23
[1608] = Z 8
[1609] = CNOT 8 23
[1610] = CNOT 8 25
[1611] = Z 8
[1612] = CNOT 8 25
[1613] = CNOT 8 12
[1614] = CNOT 8 13
[1615] = CNOT 8 18
[1616] = S 8
[1617] = Z 8
[1618] = CNOT 8 18
[1619] = CNOT 8 23
[1620] = S 8
[1621] = Z 8
[1622] = CNOT 8 23
[1623] = CNOT 8 25
[1624] = S 8
[1625] = Z 8
[1626] = CNOT 8 25
[1627] = CNOT 8 13
[1628] = CNOT 8 18
[1629] = CNOT 8 23
[1630] = Z 8
[1631] = CNOT 8 23
[1632] = CNOT 8 25
[1633] = Z 8
[1634] = CNOT 8 18
[1635] = CNOT 8 23
[1636] = Z 8
[1637] = CNOT 8 25
[1638] = CNOT 8 23
[1639] = CNOT 9 10
[1640] = CNOT 9 12
[1641] = Z 9
[1642] = CNOT 9 12
[1643] = CNOT 9 13
[1644] = S 9
[1645] = Z 9
[1646] = CNOT 9 13
[1647] = CNOT 9 18
[1648] = Z 9
[1649] = CNOT 9 18
[1650] = CNOT 9 23
[1651] = Z 9
[1652] = CNOT 9 23
[1653] = CNOT 9 25
[1654] = Z 9
[1655] = CNOT 9 25
[1656] = CNOT 9 10
[1657] = CNOT 9 12
[1658] = CNOT 9 13
[1659] = Z 9
[1660] = CNOT 9 13
[1661] = CNOT 9 15
[1662] = Z 9
[1663] = CNOT 9 15
[1664] = CNOT 9 23
[1665] = Z 9
[1666] = CNOT 9 23
[1667] = CNOT 9 24
[1668] = Z 9
[1669] = CNOT 9 24
[1670] = CNOT 9 25
[1671] = Z 9
[1672] = CNOT 9 25
[1673] = CNOT 9 12
[1674] = CNOT 9 13
[1675] = CNOT 9 18
[1676] = Z 9
[1677] = CNOT 9 18
[1678] = CNOT 9 23
[1679] = Z 9
[1680] = CNOT 9 23
[1681] = CNOT 9 25
[1682] = Z 9
[1683] = CNOT 9 25
[1684] = CNOT 9 13
[1685] = CNOT 9 15
[1686] = CNOT 9 16
[1687] = S 9
[1688] = Z 9
[1689] = CNOT 9 16
[1690] = CNOT 9 18
[1691] = S 9
[1692] = CNOT 9 18
[1693] = CNOT 9 19
[1694] = S 9
[1695] = Z 9
[1696] = CNOT 9 19
[1697] = CNOT 9 22
[1698] = Z 9
[1699] = CNOT 9 22
[1700] = CNOT 9 23
[1701] = S 9
[1702] = Z 9
[1703] = CNOT 9 23
[1704] = CNOT 9 24
[1705] = Z 9
[1706] = CNOT 9 24
[1707] = CNOT 9 25
[1708] = S 9
[1709] = Z 9
[1710] = CNOT 9 25
[1711] = CNOT 9 15
[1712] = CNOT 9 16
[1713] = CNOT 9 19
[1714] = S 9
[1715] = Z 9
[1716] = CNOT 9 19
[1717] = CNOT 9 20
[1718] = S 9
[1719] = Z 9
[1720] = CNOT 9 20
[1721] = CNOT 9 21
[1722] = S 9
[1723] = Z 9
[1724] = CNOT 9 21
[1725] = CNOT 9 22
[1726] = S 9
[1727] = Z 9
[1728] = CNOT 9 22
[1729] = CNOT 9 23
[1730] = S 9
[1731] = Z 9
[1732] = CNOT 9 23
[1733] = CNOT 9 25
[1734] = S 9
[1735] = Z 9
[1736] = CNOT 9 25
[1737] = CNOT 9 26
[1738] = S 9
[1739] = Z 9
[1740] = CNOT 9 26
[1741] = CNOT 9 27
[1742] = Z 9
[1743] = CNOT 9 27
[1744] = CNOT 9 16
[1745] = CNOT 9 17
[1746] = CNOT 9 18
[1747] = S 9
[1748] = CNOT 9 18
[1749] = CNOT 9 24
[1750] = Z 9
[1751] = CNOT 9 24
[1752] = CNOT 9 17
[1753] = CNOT 9 18
[1754] = CNOT 9 19
[1755] = S 9
[1756] = CNOT 9 19
[1757] = CNOT 9 22
[1758] = Z 9
[1759] = CNOT 9 22
[1760] = CNOT 9 24
[1761] = S 9
[1762] = Z 9
[1763] = CNOT 9 24
[1764] = CNOT 9 25
[1765] = S 9
[1766] = Z 9
[1767] = CNOT 9 25
[1768] = CNOT 9 18
[1769] = CNOT 9 19
[1770] = CNOT 9 22
[1771] = S 9
[1772] = Z 9
[1773] = CNOT 9 22
[1774] = CNOT 9 23
[1775] = Z 9
[1776] = CNOT 9 23
[1777] = CNOT 9 25
[1778] = S 9
[1779] = CNOT 9 25
[1780] = CNOT 9 19
[1781] = CNOT 9 20
[1782] = CNOT 9 21
[1783] = S 9
[1784] = Z 9
[1785] = CNOT 9 21
[1786] = CNOT 9 25
[1787] = Z 9
[1788] = CNOT 9 20
[1789] = CNOT 9 21
[1790] = Z 9
[1791] = CNOT 9 25
[1792] = CNOT 9 21
[1793] = CNOT 9 22
[1794] = CNOT 9 23
[1795] = Z 9
[1796] = CNOT 9 23
[1797] = CNOT 9 25
[1798] = Z 9
[1799] = CNOT 9 25
[1800] = CNOT 9 22
[1801] = CNOT 9 23
[1802] = CNOT 9 24
[1803] = Z 9
[1804] = CNOT 9 24
[1805] = CNOT 9 25
[1806] = Z 9
[1807] = CNOT 9 23
[1808] = CNOT 9 24
[1809] = Z 9
[1810] = CNOT 9 24
[1811] = CNOT 9 26
[1812] = Z 9
[1813] = CNOT 9 25
[1814] = CNOT 9 27
[1815] = Z 9
[1816] = CNOT 9 27
[1817] = CNOT 9 26
[1818] = CNOT 10 12
[1819] = CNOT 10 13
[1820] = S 10
[1821] = Z 10
[1822] = CNOT 10 13
[1823] = CNOT 10 18
[1824] = Z 10
[1825] = CNOT 10 18
[1826] = CNOT 10 23
[1827] = Z 10
[1828] = CNOT 10 23
[1829] = CNOT 10 25
[1830] = Z 10
[1831] = CNOT 10 25
[1832] = CNOT 10 12
[1833] = CNOT 10 13
[1834] = CNOT 10 18
[1835] = S 10
[1836] = Z 10
[1837] = CNOT 10 18
[1838] = CNOT 10 23
[1839] = S 10
[1840] = Z 10
[1841] = CNOT 10 23
[1842] = CNOT 10 25
[1843] = S 10
[1844] = Z 10
[1845] = CNOT 10 25
[1846] = CNOT 10 13
[1847] = CNOT 10 18
[1848] = CNOT 10 23
[1849] = Z 10
[1850] = CNOT 10 23
[1851] = CNOT 10 25
[1852] = Z 10
[1853] = CNOT 10 18
[1854] = CNOT 10 23
[1855] = Z 10
[1856] = CNOT 10 25
[1857] = CNOT 10 23
[1858] = CNOT 12 13
[1859] = CNOT 12 18
[1860] = Z 12
[1861] = CNOT 12 18
[1862] = CNOT 12 23
[1863] = Z 12
[1864] = CNOT 12 23
[1865] = CNOT 12 25
[1866] = Z 12
[1867] = CNOT 12 25
[1868] = CNOT 12 13
[1869] = CNOT 12 15
[1870] = CNOT 12 23
[1871] = Z 12
[1872] = CNOT 12 23
[1873] = CNOT 12 24
[1874] = Z 12
[1875] = CNOT 12 24
[1876] = CNOT 12 25
[1877] = Z 12
[1878] = CNOT 12 25
[1879] = CNOT 12 15
[1880] = CNOT 12 17
[1881] = CNOT 12 18
[1882] = S 12
[1883] = CNOT 12 18
[1884] = CNOT 12 24
[1885] = Z 12
[1886] = CNOT 12 17
[1887] = CNOT 12 18
[1888] = S 12
[1889] = Z 12
[1890] = CNOT 12 18
[1891] = CNOT 12 23
[1892] = Z 12
[1893] = CNOT 12 24
[1894] = CNOT 12 25
[1895] = Z 12
[1896] = CNOT 12 23
[1897] = CNOT 12 24
[1898] = Z 12
[1899] = CNOT 12 25
[1900] = CNOT 13 18
[1901] = CNOT 13 23
[1902] = Z 13
[1903] = CNOT 13 23
[1904] = CNOT 13 25
[1905] = Z 13
[1906] = CNOT 13 18
[1907] = CNOT 13 23
[1908] = Z 13
[1909] = CNOT 13 25
[1910] = CNOT 13 23
[1911] = CNOT 15 16
[1912] = CNOT 15 18
[1913] = S 15
[1914] = Z 15
[1915] = CNOT 15 18
[1916] = CNOT 15 22
[1917] = S 15
[1918] = Z 15
[1919] = CNOT 15 22
[1920] = CNOT 15 23
[1921] = S 15
[1922] = Z 15
[1923] = CNOT 15 23
[1924] = CNOT 15 25
[1925] = S 15
[1926] = Z 15
[1927] = CNOT 15 25
[1928] = CNOT 15 16
[1929] = CNOT 15 17
[1930] = CNOT 15 18
[1931] = S 15
[1932] = CNOT 15 18
[1933] = CNOT 15 24
[1934] = Z 15
[1935] = CNOT 15 24
[1936] = CNOT 15 17
[1937] = CNOT 15 18
[1938] = CNOT 15 19
[1939] = S 15
[1940] = Z 15
[1941] = CNOT 15 19
[1942] = CNOT 15 22
[1943] = Z 15
[1944] = CNOT 15 22
[1945] = CNOT 15 23
[1946] = S 15
[1947] = CNOT 15 23
[1948] = CNOT 15 24
[1949] = S 15
[1950] = Z 15
[1951] = CNOT 15 24
[1952] = CNOT 15 25
[1953] = S 15
[1954] = CNOT 15 25
[1955] = CNOT 15 18
[1956] = CNOT 15 19
[1957] = CNOT 15 22
[1958] = S 15
[1959] = Z 15
[1960] = CNOT 15 22
[1961] = CNOT 15 23
[1962] = S 15
[1963] = Z 15
[1964] = CNOT 15 23
[1965] = CNOT 15 25
[1966] = S 15
[1967] = Z 15
[1968] = CNOT 15 25
[1969] = CNOT 15 19
[1970] = CNOT 15 22
[1971] = CNOT 15 23
[1972] = Z 15
[1973] = CNOT 15 23
[1974] = CNOT 15 25
[1975] = Z 15
[1976] = CNOT 15 25
[1977] = CNOT 15 22
[1978] = CNOT 15 23
[1979] = CNOT 15 24
[1980] = Z 15
[1981] = CNOT 15 24
[1982] = CNOT 15 25
[1983] = S 15
[1984] = Z 15
[1985] = CNOT 15 23
[1986] = CNOT 15 24
[1987] = Z 15
[1988] = CNOT 15 25
[1989] = CNOT 15 24
[1990] = CNOT 16 18
[1991] = CNOT 16 19
[1992] = S 16
[1993] = Z 16
[1994] = CNOT 16 19
[1995] = CNOT 16 22
[1996] = S 16
[1997] = Z 16
[1998] = CNOT 16 22
[1999] = CNOT 16 23
[2000] = S 16
[2001] = Z 16
[2002] = CNOT 16 23
[2003] = CNOT 16 25
[2004] = S 16
[2005] = Z 16
[2006] = CNOT 16 18
[2007] = CNOT 16 19
[2008] = S 16
[2009] = Z 16
[2010] = CNOT 16 19
[2011] = CNOT 16 20
[2012] = S 16
[2013] = Z 16
[2014] = CNOT 16 20
[2015] = CNOT 16 21
[2016] = S 16
[2017] = Z 16
[2018] = CNOT 16 25
[2019] = CNOT 16 21
[2020] = CNOT 16 22
[2021] = CNOT 16 23
[2022] = S 16
[2023] = Z 16
[2024] = CNOT 16 23
[2025] = CNOT 16 25
[2026] = S 16
[2027] = Z 16
[2028] = CNOT 16 22
[2029] = CNOT 16 23
[2030] = S 16
[2031] = Z 16
[2032] = CNOT 16 23
[2033] = CNOT 16 26
[2034] = S 16
[2035] = Z 16
[2036] = CNOT 16 26
[2037] = CNOT 16 27
[2038] = Z 16
[2039] = CNOT 16 25
[2040] = CNOT 16 26
[2041] = S 16
[2042] = Z 16
[2043] = CNOT 16 27
[2044] = CNOT 16 26
[2045] = CNOT 17 18
[2046] = CNOT 17 23
[2047] = S 17
[2048] = CNOT 17 23
[2049] = CNOT 17 24
[2050] = S 17
[2051] = Z 17
[2052] = CNOT 17 24
[2053] = CNOT 17 25
[2054] = S 17
[2055] = CNOT 17 25
[2056] = CNOT 17 18
[2057] = CNOT 17 23
[2058] = CNOT 17 24
[2059] = Z 17
[2060] = CNOT 17 23
[2061] = CNOT 17 25
[2062] = Z 17
[2063] = CNOT 17 25
[2064] = CNOT 18 19
[2065] = CNOT 18 22
[2066] = S 18
[2067] = Z 18
[2068] = CNOT 18 22
[2069] = CNOT 18 23
[2070] = Z 18
[2071] = CNOT 18 23
[2072] = CNOT 18 25
[2073] = S 18
[2074] = CNOT 18 25
[2075] = CNOT 18 19
[2076] = CNOT 18 22
[2077] = CNOT 18 23
[2078] = Z 18
[2079] = CNOT 18 23
[2080] = CNOT 18 25
[2081] = Z 18
[2082] = CNOT 18 25
[2083] = CNOT 18 22
[2084] = CNOT 18 23
[2085] = CNOT 18 24
[2086] = S 18
[2087] = Z 18
[2088] = CNOT 18 23
[2089] = CNOT 18 25
[2090] = S 18
[2091] = Z 18
[2092] = CNOT 18 25
[2093] = CNOT 18 24
[2094] = CNOT 19 22
[2095] = CNOT 19 23
[2096] = S 19
[2097] = Z 19
[2098] = CNOT 19 23
[2099] = CNOT 19 25
[2100] = S 19
[2101] = Z 19
[2102] = CNOT 19 22
[2103] = CNOT 19 23
[2104] = Z 19
[2105] = CNOT 19 25
[2106] = CNOT 19 23
[2107] = CNOT 20 21
[2108] = CNOT 20 25
[2109] = S 20
[2110] = Z 20
[2111] = CNOT 20 25
[2112] = CNOT 20 21
[2113] = CNOT 22 23
[2114] = CNOT 22 25
[2115] = Z 22
[2116] = CNOT 22 25
[2117] = CNOT 22 23
[2118] = CNOT 23 24
[2119] = CNOT 23 25
[2120] = Z 23
[2121] = CNOT 23 25
[2122] = CNOT 23 24
[2123] = CNOT 25 26
[2124] = CNOT 25 27
[2125] = Z 25
[2126] = CNOT 25 27
[2127] = CNOT 25 26
[2128] = CNOT 16 28
[2129] = CNOT 9 28
[2130] = CNOT 6 28
[2131] = CNOT 2 28
[2132] = CNOT 1 28
[2133] = CNOT 18 26
[2134] = CNOT 4 25
[2135] = CNOT 19 24
[2136] = CNOT 5 24
[2137] = CNOT 6 23
[2138] = CNOT 20 22
[2139] = CNOT 15 22
[2140] = CNOT 13 22
[2141] = CNOT 7 22
[2142] = CNOT 8 21
[2143] = CNOT 22 20
[2144] = CNOT 20 22
[2145] = CNOT 24 19
[2146] = CNOT 19 24
[2147] = CNOT 26 18
[2148] = CNOT 18 26
[2149] = CNOT 19 17
[2150] = CNOT 17 19
[2151] = CNOT 28 16
[2152] = CNOT 6 16
[2153] = CNOT 2 16
[2154] = CNOT 1 16
[2155] = CNOT 16 28
[2156] = CNOT 20 15
[2157] = CNOT 15 20
[2158] = CNOT 10 14
[2159] = CNOT 15 13
[2160] = CNOT 13 15
[2161] = CNOT 17 12
[2162] = CNOT 12 17
[2163] = CNOT 14 10
[2164] = CNOT 10 14
[2165] = CNOT 16 9
[2166] = CNOT 9 16
[2167] = CNOT 21 8
[2168] = CNOT 8 21
[2169] = CNOT 13 7
[2170] = CNOT 7 13
[2171] = CNOT 23 6
[2172] = CNOT 6 23
[2173] = CNOT 12 5
[2174] = CNOT 5 12
[2175] = CNOT 25 4
[2176] = CNOT 4 25
[2177] = CNOT 18 3
[2178] = CNOT 3 18
[2179] = CNOT 27 2
[2180] = CNOT 2 27
[2181] = H 12
[2182] = M 12
[2183] = H 13
[2184] = M 13
[2185] = H 14
[2186] = M 14
[2187] = H 15
[2188] = M 15
[2189] = H 16
[2190] = M 16
[2191] = H 17
[2192] = M 17
[2193] = H 18
[2194] = M 18
[2195] = H 19
[2196] = M 19
[2197] = H 20
[2198] = M 20
[2199] = H 21
[2200] = M 21
[2201] = H 22
[2202] = M 22
[2203] = H 23
[2204] = M 23
[2205] = H 24
[2206] = M 24
[2207] = H 25
[2208] = M 25
[2209] = H 26
[2210] = M 26
[2211] = H 27
[2212] = M 27
[2213] = H 28
[2214] = M 28
[2215] = H 9
[2216] = H 2
[2217] = H 3
[2218] = H 4
[2219] = H 5
[2220] = H 6
[2221] = H 7
[2222] = H 8
Gate distributions:
Input:
Operator distribution:
Total number of qubits = 11
Number of `data' qubits = 11
Number of `Toff_n' ancillas = 0
Number of Hadamard ancillas = 0
Hadamard ancilla cap = infinite
Number of {CNOT,T} partitions = 1
T count = 119
Cost estimation = 59533
	id	Count
	0	0
	1	0
	2	0
	3	30
	4	3
	5	0
	6	0
	7	0
	8	0
	9	0
	10	17
	11	0
	12	0
	13	0
	14	0
	15	0
	16	0
	17	0
	18	0
Output:
Operator distribution:
Total number of qubits = 28
Number of `data' qubits = 11
Number of `Toff_n' ancillas = 0
Number of Hadamard ancillas = 17
Hadamard ancilla cap = infinite
Number of {CNOT,T} partitions = 1
T count = 54
Cost estimation = 29177.5
	id	Count
	0	0
	1	0
	2	0
	3	47
	4	1439
	5	54
	6	0
	7	0
	8	0
	9	0
	10	0
	11	270
	12	0
	13	396
	14	0
	15	0
	16	0
	17	0
	18	17
Output T Count (SQC_Circuit) = 54
Output T Count (PhasePolynomial) = 54
Fail count = 0

Execution time: 3.21188s
Number of LCL errors: 0
Number of LCL warnings: 0
