Optimize a Clifford + T circuit.
Input filename = /home/rest/forpyzx/TOpt/forme/tpar_benchmark/gf2^5_mult.tfc
Number of unknown gates = 0
Number of unknown qubit labels = 0
Circuit filename: /home/rest/forpyzx/TOpt/forme/tpar_benchmark/gf2^5_mult.tfc

n 15
n_x 15
n_y 0
n_z 0
m 101
[0] = H 11
[1] = H 12
[2] = H 13
[3] = H 14
[4] = CCZ 5 7 11
[5] = CCZ 4 8 11
[6] = CCZ 3 9 11
[7] = CCZ 2 10 11
[8] = CCZ 5 8 12
[9] = CCZ 4 9 12
[10] = CCZ 3 10 12
[11] = CCZ 5 9 13
[12] = CCZ 4 10 13
[13] = CCZ 5 10 14
[14] = H 11
[15] = H 12
[16] = H 13
[17] = H 14
[18] = CNOT 11 14
[19] = CNOT 15 13
[20] = CNOT 14 12
[21] = CNOT 13 11
[22] = H 11
[23] = H 12
[24] = H 13
[25] = H 14
[26] = H 15
[27] = CCZ 5 6 15
[28] = CCZ 4 7 15
[29] = CCZ 3 8 15
[30] = CCZ 2 9 15
[31] = CCZ 1 10 15
[32] = CCZ 4 6 14
[33] = CCZ 3 7 14
[34] = CCZ 2 8 14
[35] = CCZ 1 9 14
[36] = CCZ 3 6 13
[37] = CCZ 2 7 13
[38] = CCZ 1 8 13
[39] = CCZ 2 6 12
[40] = CCZ 1 7 12
[41] = CCZ 1 6 11
[42] = H 11
[43] = H 12
[44] = H 13
[45] = H 14
[46] = H 15

Algorithm used: todd

UniversalOptimize begin.
	Gate synthesis begin.

in LempelX2
		Round = 0
Round 0 | Current Columns (m): 55
		Round = 1
Round 1 | Current Columns (m): 53
		Round = 2
Round 2 | Current Columns (m): 51
		Round = 3
Round 3 | Current Columns (m): 49
		Round = 4
Round 4 | Current Columns (m): 47
		Round = 5
Round 5 | Current Columns (m): 45
		Round = 6
Round 6 | Current Columns (m): 43
nullspace time: 578 ms, chi time: 367 ms
Total LempelX2 time: 948 ms
		TODD executed in 0.948813 seconds.
		Total time: 0.948934s
	Gate synthesis end.
	Input has T-Count zero. Outputting the input.
	Gate synthesis begin.

in LempelX2
		Round = 0
Round 0 | Current Columns (m): 60
		Round = 1
Round 1 | Current Columns (m): 58
		Round = 2
Round 2 | Current Columns (m): 55
		Round = 3
Round 3 | Current Columns (m): 53
		Round = 4
Round 4 | Current Columns (m): 49
nullspace time: 688 ms, chi time: 354 ms
Total LempelX2 time: 1045 ms
		TODD executed in 1.0455 seconds.
		Total time: 1.0456s
	Gate synthesis end.
	Total time: 2.01457s
UniversalOptimize end.
Output circuit:
n 15
n_x 15
n_y 0
n_z 0
m 1301
[0] = H 11
[1] = H 12
[2] = H 13
[3] = H 14
[4] = CNOT 2 10
[5] = CNOT 2 12
[6] = T 2
[7] = S 2
[8] = CNOT 5 7
[9] = T 5
[10] = S 5
[11] = CNOT 5 11
[12] = T 5
[13] = CNOT 5 7
[14] = CNOT 7 11
[15] = T 7
[16] = S 7
[17] = CNOT 7 11
[18] = CNOT 5 10
[19] = T 5
[20] = Z 5
[21] = CNOT 5 11
[22] = CNOT 5 10
[23] = CNOT 5 6
[24] = T 5
[25] = S 5
[26] = CNOT 5 6
[27] = CNOT 2 5
[28] = CNOT 2 8
[29] = T 2
[30] = CNOT 2 12
[31] = T 6
[32] = Z 6
[33] = CNOT 4 7
[34] = T 4
[35] = S 4
[36] = CNOT 4 7
[37] = CNOT 2 3
[38] = CNOT 2 4
[39] = CNOT 2 11
[40] = T 2
[41] = CNOT 2 10
[42] = CNOT 2 8
[43] = CNOT 2 4
[44] = CNOT 2 3
[45] = T 2
[46] = Z 2
[47] = CNOT 2 11
[48] = CNOT 2 3
[49] = CNOT 2 4
[50] = T 2
[51] = CNOT 2 3
[52] = CNOT 3 9
[53] = T 3
[54] = S 3
[55] = CNOT 3 11
[56] = T 3
[57] = CNOT 3 11
[58] = CNOT 3 9
[59] = CNOT 9 11
[60] = T 9
[61] = S 9
[62] = CNOT 9 11
[63] = CNOT 2 3
[64] = CNOT 2 10
[65] = CNOT 2 11
[66] = T 2
[67] = CNOT 2 4
[68] = CNOT 2 3
[69] = CNOT 3 8
[70] = CNOT 3 11
[71] = T 3
[72] = S 3
[73] = Z 3
[74] = CNOT 3 11
[75] = CNOT 3 8
[76] = CNOT 2 8
[77] = T 2
[78] = CNOT 2 11
[79] = CNOT 2 10
[80] = CNOT 2 8
[81] = CNOT 2 3
[82] = CNOT 2 4
[83] = CNOT 2 12
[84] = T 2
[85] = CNOT 2 12
[86] = CNOT 2 8
[87] = CNOT 2 10
[88] = T 2
[89] = CNOT 2 8
[90] = T 11
[91] = CNOT 1 10
[92] = T 1
[93] = S 1
[94] = CNOT 1 10
[95] = CNOT 2 12
[96] = T 2
[97] = CNOT 2 5
[98] = CNOT 2 4
[99] = CNOT 2 3
[100] = CNOT 2 8
[101] = T 2
[102] = CNOT 2 12
[103] = T 2
[104] = S 2
[105] = CNOT 2 10
[106] = CNOT 2 8
[107] = CNOT 5 10
[108] = CNOT 5 14
[109] = T 5
[110] = CNOT 5 10
[111] = CNOT 8 11
[112] = T 8
[113] = Z 8
[114] = CNOT 8 11
[115] = CNOT 2 4
[116] = CNOT 2 9
[117] = CNOT 2 12
[118] = T 2
[119] = CNOT 2 12
[120] = T 2
[121] = S 2
[122] = Z 2
[123] = CNOT 2 9
[124] = T 14
[125] = T 3
[126] = CNOT 2 10
[127] = T 2
[128] = S 2
[129] = CNOT 2 10
[130] = T 5
[131] = S 5
[132] = CNOT 5 14
[133] = CNOT 10 14
[134] = T 10
[135] = S 10
[136] = CNOT 10 14
[137] = CNOT 2 12
[138] = T 2
[139] = S 2
[140] = CNOT 2 4
[141] = CNOT 2 5
[142] = CNOT 2 9
[143] = T 2
[144] = CNOT 2 13
[145] = T 2
[146] = CNOT 2 5
[147] = T 2
[148] = CNOT 2 9
[149] = CNOT 2 5
[150] = T 2
[151] = CNOT 2 5
[152] = T 1
[153] = CNOT 2 4
[154] = CNOT 2 10
[155] = T 2
[156] = CNOT 2 4
[157] = T 2
[158] = CNOT 2 10
[159] = CNOT 2 4
[160] = T 2
[161] = CNOT 2 13
[162] = CNOT 2 12
[163] = CNOT 2 4
[164] = S 2
[165] = Z 2
[166] = Z 4
[167] = S 5
[168] = Z 5
[169] = S 7
[170] = Z 7
[171] = Z 8
[172] = S 9
[173] = Z 9
[174] = S 10
[175] = Z 10
[176] = S 12
[177] = Z 12
[178] = CNOT 2 3
[179] = Z 2
[180] = CNOT 2 3
[181] = CNOT 2 4
[182] = Z 2
[183] = CNOT 2 4
[184] = CNOT 2 10
[185] = Z 2
[186] = CNOT 2 10
[187] = CNOT 2 12
[188] = S 2
[189] = Z 2
[190] = CNOT 2 12
[191] = CNOT 2 13
[192] = Z 2
[193] = CNOT 2 13
[194] = CNOT 3 4
[195] = Z 3
[196] = CNOT 3 4
[197] = CNOT 3 5
[198] = Z 3
[199] = CNOT 3 5
[200] = CNOT 3 8
[201] = S 3
[202] = Z 3
[203] = CNOT 3 8
[204] = CNOT 3 10
[205] = Z 3
[206] = CNOT 3 10
[207] = CNOT 3 11
[208] = S 3
[209] = Z 3
[210] = CNOT 3 11
[211] = CNOT 4 5
[212] = Z 4
[213] = CNOT 4 5
[214] = CNOT 4 8
[215] = S 4
[216] = CNOT 4 8
[217] = CNOT 4 9
[218] = Z 4
[219] = CNOT 4 9
[220] = CNOT 4 10
[221] = S 4
[222] = CNOT 4 10
[223] = CNOT 4 11
[224] = S 4
[225] = CNOT 4 11
[226] = CNOT 4 12
[227] = Z 4
[228] = CNOT 4 12
[229] = CNOT 4 13
[230] = S 4
[231] = Z 4
[232] = CNOT 4 13
[233] = CNOT 5 8
[234] = S 5
[235] = CNOT 5 8
[236] = CNOT 5 9
[237] = S 5
[238] = Z 5
[239] = CNOT 5 9
[240] = CNOT 5 11
[241] = Z 5
[242] = CNOT 5 11
[243] = CNOT 5 12
[244] = S 5
[245] = Z 5
[246] = CNOT 5 12
[247] = CNOT 5 13
[248] = S 5
[249] = Z 5
[250] = CNOT 5 13
[251] = CNOT 8 12
[252] = S 8
[253] = Z 8
[254] = CNOT 8 12
[255] = CNOT 9 12
[256] = Z 9
[257] = CNOT 9 12
[258] = CNOT 9 13
[259] = S 9
[260] = Z 9
[261] = CNOT 9 13
[262] = CNOT 10 12
[263] = Z 10
[264] = CNOT 10 12
[265] = CNOT 10 13
[266] = S 10
[267] = Z 10
[268] = CNOT 10 13
[269] = CNOT 12 13
[270] = Z 12
[271] = CNOT 12 13
[272] = CNOT 2 3
[273] = CNOT 2 4
[274] = S 2
[275] = CNOT 2 4
[276] = CNOT 2 5
[277] = S 2
[278] = CNOT 2 5
[279] = CNOT 2 8
[280] = S 2
[281] = Z 2
[282] = CNOT 2 8
[283] = CNOT 2 10
[284] = Z 2
[285] = CNOT 2 10
[286] = CNOT 2 11
[287] = S 2
[288] = Z 2
[289] = CNOT 2 11
[290] = CNOT 2 12
[291] = S 2
[292] = Z 2
[293] = CNOT 2 12
[294] = CNOT 2 3
[295] = CNOT 2 4
[296] = CNOT 2 5
[297] = S 2
[298] = CNOT 2 5
[299] = CNOT 2 8
[300] = S 2
[301] = Z 2
[302] = CNOT 2 8
[303] = CNOT 2 11
[304] = S 2
[305] = Z 2
[306] = CNOT 2 11
[307] = CNOT 2 13
[308] = S 2
[309] = Z 2
[310] = CNOT 2 13
[311] = CNOT 2 4
[312] = CNOT 2 5
[313] = CNOT 2 8
[314] = Z 2
[315] = CNOT 2 8
[316] = CNOT 2 9
[317] = S 2
[318] = Z 2
[319] = CNOT 2 9
[320] = CNOT 2 10
[321] = S 2
[322] = CNOT 2 10
[323] = CNOT 2 12
[324] = S 2
[325] = CNOT 2 12
[326] = CNOT 2 13
[327] = S 2
[328] = Z 2
[329] = CNOT 2 13
[330] = CNOT 2 5
[331] = CNOT 2 8
[332] = CNOT 2 11
[333] = S 2
[334] = Z 2
[335] = CNOT 2 11
[336] = CNOT 2 12
[337] = S 2
[338] = Z 2
[339] = CNOT 2 8
[340] = CNOT 2 9
[341] = Z 2
[342] = CNOT 2 12
[343] = CNOT 2 13
[344] = S 2
[345] = Z 2
[346] = CNOT 2 13
[347] = CNOT 2 9
[348] = CNOT 2 10
[349] = CNOT 2 11
[350] = S 2
[351] = Z 2
[352] = CNOT 2 11
[353] = CNOT 2 13
[354] = S 2
[355] = Z 2
[356] = CNOT 2 10
[357] = CNOT 2 12
[358] = S 2
[359] = CNOT 2 13
[360] = CNOT 2 12
[361] = CNOT 3 4
[362] = CNOT 3 5
[363] = S 3
[364] = CNOT 3 5
[365] = CNOT 3 8
[366] = S 3
[367] = Z 3
[368] = CNOT 3 8
[369] = CNOT 3 10
[370] = Z 3
[371] = CNOT 3 10
[372] = CNOT 3 11
[373] = S 3
[374] = Z 3
[375] = CNOT 3 11
[376] = CNOT 3 12
[377] = S 3
[378] = Z 3
[379] = CNOT 3 12
[380] = CNOT 3 4
[381] = CNOT 3 5
[382] = CNOT 3 8
[383] = S 3
[384] = Z 3
[385] = CNOT 3 8
[386] = CNOT 3 10
[387] = Z 3
[388] = CNOT 3 10
[389] = CNOT 3 11
[390] = S 3
[391] = Z 3
[392] = CNOT 3 11
[393] = CNOT 3 12
[394] = S 3
[395] = Z 3
[396] = CNOT 3 12
[397] = CNOT 3 5
[398] = CNOT 3 8
[399] = CNOT 3 10
[400] = S 3
[401] = Z 3
[402] = CNOT 3 8
[403] = CNOT 3 11
[404] = S 3
[405] = Z 3
[406] = CNOT 3 11
[407] = CNOT 3 10
[408] = CNOT 4 5
[409] = CNOT 4 8
[410] = S 4
[411] = Z 4
[412] = CNOT 4 8
[413] = CNOT 4 10
[414] = Z 4
[415] = CNOT 4 10
[416] = CNOT 4 11
[417] = S 4
[418] = Z 4
[419] = CNOT 4 11
[420] = CNOT 4 12
[421] = S 4
[422] = Z 4
[423] = CNOT 4 12
[424] = CNOT 4 5
[425] = CNOT 4 8
[426] = CNOT 4 10
[427] = S 4
[428] = Z 4
[429] = CNOT 4 8
[430] = CNOT 4 11
[431] = S 4
[432] = Z 4
[433] = CNOT 4 11
[434] = CNOT 4 12
[435] = S 4
[436] = Z 4
[437] = CNOT 4 10
[438] = CNOT 4 13
[439] = S 4
[440] = Z 4
[441] = CNOT 4 13
[442] = CNOT 4 12
[443] = CNOT 5 8
[444] = CNOT 5 10
[445] = Z 5
[446] = CNOT 5 10
[447] = CNOT 5 11
[448] = S 5
[449] = Z 5
[450] = CNOT 5 11
[451] = CNOT 5 8
[452] = CNOT 5 9
[453] = CNOT 5 12
[454] = S 5
[455] = Z 5
[456] = CNOT 5 9
[457] = CNOT 5 10
[458] = S 5
[459] = Z 5
[460] = CNOT 5 10
[461] = CNOT 5 13
[462] = S 5
[463] = Z 5
[464] = CNOT 5 13
[465] = CNOT 5 12
[466] = CNOT 8 10
[467] = CNOT 8 11
[468] = S 8
[469] = Z 8
[470] = CNOT 8 11
[471] = CNOT 8 12
[472] = S 8
[473] = Z 8
[474] = CNOT 8 12
[475] = CNOT 8 10
[476] = CNOT 9 12
[477] = CNOT 9 13
[478] = S 9
[479] = Z 9
[480] = CNOT 9 13
[481] = CNOT 9 12
[482] = CNOT 10 12
[483] = CNOT 10 13
[484] = S 10
[485] = Z 10
[486] = CNOT 10 13
[487] = CNOT 10 12
[488] = CNOT 6 5
[489] = CNOT 7 4
[490] = CNOT 8 3
[491] = CNOT 9 2
[492] = CNOT 10 1
[493] = H 11
[494] = H 12
[495] = H 13
[496] = H 14
[497] = CNOT 11 14
[498] = CNOT 15 13
[499] = CNOT 14 12
[500] = CNOT 13 11
[501] = H 11
[502] = H 12
[503] = H 13
[504] = H 14
[505] = H 15
[506] = T 4
[507] = CNOT 6 15
[508] = T 6
[509] = S 6
[510] = Z 6
[511] = CNOT 6 15
[512] = CNOT 1 5
[513] = CNOT 1 6
[514] = CNOT 1 11
[515] = T 1
[516] = CNOT 1 11
[517] = CNOT 1 5
[518] = CNOT 5 15
[519] = T 5
[520] = CNOT 5 15
[521] = CNOT 4 7
[522] = T 4
[523] = Z 4
[524] = CNOT 4 15
[525] = T 4
[526] = S 4
[527] = Z 4
[528] = CNOT 4 15
[529] = CNOT 4 7
[530] = CNOT 1 5
[531] = T 1
[532] = S 1
[533] = Z 1
[534] = CNOT 1 6
[535] = CNOT 1 5
[536] = CNOT 8 15
[537] = T 8
[538] = S 8
[539] = Z 8
[540] = CNOT 8 15
[541] = CNOT 1 4
[542] = CNOT 1 7
[543] = CNOT 1 12
[544] = T 1
[545] = CNOT 1 7
[546] = CNOT 1 4
[547] = CNOT 3 15
[548] = T 3
[549] = Z 3
[550] = CNOT 3 15
[551] = CNOT 9 15
[552] = T 9
[553] = Z 9
[554] = CNOT 9 15
[555] = CNOT 2 9
[556] = CNOT 2 15
[557] = T 2
[558] = S 2
[559] = Z 2
[560] = CNOT 2 15
[561] = CNOT 2 9
[562] = CNOT 1 3
[563] = CNOT 1 8
[564] = CNOT 1 14
[565] = T 1
[566] = CNOT 1 14
[567] = CNOT 1 12
[568] = CNOT 1 8
[569] = CNOT 1 3
[570] = CNOT 10 15
[571] = T 10
[572] = Z 10
[573] = CNOT 10 15
[574] = CNOT 1 10
[575] = CNOT 1 15
[576] = T 1
[577] = S 1
[578] = Z 1
[579] = CNOT 1 15
[580] = CNOT 1 10
[581] = CNOT 1 11
[582] = T 1
[583] = S 1
[584] = CNOT 1 11
[585] = T 11
[586] = Z 11
[587] = CNOT 5 6
[588] = CNOT 5 14
[589] = CNOT 5 15
[590] = T 5
[591] = CNOT 5 15
[592] = CNOT 5 14
[593] = CNOT 5 6
[594] = CNOT 4 5
[595] = CNOT 4 6
[596] = CNOT 4 14
[597] = CNOT 4 15
[598] = T 4
[599] = CNOT 4 15
[600] = CNOT 4 14
[601] = CNOT 4 6
[602] = CNOT 4 5
[603] = CNOT 1 4
[604] = CNOT 1 7
[605] = T 1
[606] = S 1
[607] = Z 1
[608] = CNOT 1 7
[609] = CNOT 1 4
[610] = CNOT 5 6
[611] = CNOT 5 11
[612] = T 5
[613] = S 5
[614] = Z 5
[615] = CNOT 5 11
[616] = CNOT 5 6
[617] = CNOT 3 7
[618] = CNOT 3 15
[619] = T 3
[620] = S 3
[621] = Z 3
[622] = CNOT 3 14
[623] = T 3
[624] = CNOT 3 7
[625] = CNOT 7 14
[626] = CNOT 7 15
[627] = T 7
[628] = S 7
[629] = Z 7
[630] = CNOT 7 15
[631] = CNOT 7 14
[632] = CNOT 3 4
[633] = T 3
[634] = CNOT 3 15
[635] = CNOT 3 14
[636] = CNOT 3 4
[637] = CNOT 1 2
[638] = CNOT 1 14
[639] = CNOT 1 15
[640] = T 1
[641] = CNOT 1 14
[642] = CNOT 1 2
[643] = CNOT 2 3
[644] = CNOT 2 8
[645] = CNOT 2 14
[646] = CNOT 2 15
[647] = T 2
[648] = CNOT 2 15
[649] = CNOT 2 14
[650] = CNOT 2 8
[651] = CNOT 2 3
[652] = CNOT 2 4
[653] = CNOT 2 7
[654] = CNOT 2 12
[655] = T 2
[656] = CNOT 2 12
[657] = CNOT 2 7
[658] = CNOT 2 4
[659] = CNOT 1 2
[660] = CNOT 1 3
[661] = CNOT 1 8
[662] = T 1
[663] = CNOT 1 15
[664] = CNOT 1 8
[665] = CNOT 1 3
[666] = CNOT 1 2
[667] = CNOT 9 12
[668] = T 9
[669] = CNOT 9 12
[670] = CNOT 1 9
[671] = CNOT 1 12
[672] = T 1
[673] = S 1
[674] = Z 1
[675] = CNOT 1 14
[676] = T 1
[677] = CNOT 1 12
[678] = CNOT 1 9
[679] = CNOT 9 12
[680] = CNOT 9 14
[681] = T 9
[682] = S 9
[683] = Z 9
[684] = CNOT 9 14
[685] = CNOT 9 12
[686] = CNOT 1 3
[687] = CNOT 1 8
[688] = CNOT 1 15
[689] = T 1
[690] = CNOT 1 15
[691] = CNOT 1 14
[692] = CNOT 1 3
[693] = CNOT 4 13
[694] = CNOT 4 15
[695] = T 4
[696] = Z 4
[697] = CNOT 4 15
[698] = CNOT 4 13
[699] = CNOT 3 4
[700] = CNOT 3 5
[701] = CNOT 3 6
[702] = CNOT 3 15
[703] = T 3
[704] = CNOT 3 13
[705] = T 3
[706] = CNOT 3 6
[707] = CNOT 3 5
[708] = CNOT 3 4
[709] = CNOT 4 5
[710] = CNOT 4 6
[711] = CNOT 4 13
[712] = CNOT 4 15
[713] = T 4
[714] = CNOT 4 15
[715] = CNOT 4 13
[716] = CNOT 4 6
[717] = CNOT 4 5
[718] = CNOT 3 4
[719] = T 3
[720] = CNOT 3 15
[721] = CNOT 3 13
[722] = CNOT 3 4
[723] = CNOT 3 8
[724] = CNOT 3 12
[725] = CNOT 3 14
[726] = T 3
[727] = CNOT 3 14
[728] = CNOT 3 12
[729] = CNOT 3 8
[730] = CNOT 4 7
[731] = CNOT 4 12
[732] = CNOT 4 13
[733] = T 4
[734] = CNOT 4 13
[735] = CNOT 4 12
[736] = CNOT 4 7
[737] = CNOT 2 4
[738] = CNOT 2 7
[739] = CNOT 2 12
[740] = CNOT 2 13
[741] = T 2
[742] = CNOT 2 13
[743] = CNOT 2 12
[744] = CNOT 2 7
[745] = CNOT 2 4
[746] = CNOT 12 13
[747] = T 12
[748] = Z 12
[749] = CNOT 12 13
[750] = CNOT 5 6
[751] = CNOT 5 12
[752] = T 5
[753] = S 5
[754] = Z 5
[755] = CNOT 5 12
[756] = CNOT 5 6
[757] = CNOT 1 2
[758] = CNOT 1 3
[759] = CNOT 1 12
[760] = CNOT 1 13
[761] = T 1
[762] = CNOT 1 8
[763] = CNOT 1 3
[764] = CNOT 1 2
[765] = CNOT 2 3
[766] = CNOT 2 8
[767] = CNOT 2 12
[768] = CNOT 2 13
[769] = T 2
[770] = CNOT 2 13
[771] = CNOT 2 12
[772] = CNOT 2 8
[773] = CNOT 2 3
[774] = CNOT 1 2
[775] = T 1
[776] = CNOT 1 13
[777] = CNOT 1 12
[778] = CNOT 1 2
[779] = CNOT 2 5
[780] = CNOT 2 6
[781] = T 2
[782] = S 2
[783] = Z 2
[784] = CNOT 2 12
[785] = T 2
[786] = CNOT 2 12
[787] = CNOT 2 6
[788] = CNOT 2 5
[789] = S 2
[790] = Z 2
[791] = S 3
[792] = S 5
[793] = Z 5
[794] = S 6
[795] = S 12
[796] = S 13
[797] = S 14
[798] = CNOT 1 2
[799] = S 1
[800] = Z 1
[801] = CNOT 1 2
[802] = CNOT 1 4
[803] = Z 1
[804] = CNOT 1 4
[805] = CNOT 1 5
[806] = Z 1
[807] = CNOT 1 5
[808] = CNOT 1 6
[809] = Z 1
[810] = CNOT 1 6
[811] = CNOT 1 7
[812] = Z 1
[813] = CNOT 1 7
[814] = CNOT 1 9
[815] = Z 1
[816] = CNOT 1 9
[817] = CNOT 1 10
[818] = Z 1
[819] = CNOT 1 10
[820] = CNOT 1 12
[821] = S 1
[822] = CNOT 1 12
[823] = CNOT 1 13
[824] = S 1
[825] = Z 1
[826] = CNOT 1 13
[827] = CNOT 1 14
[828] = Z 1
[829] = CNOT 1 14
[830] = CNOT 2 4
[831] = S 2
[832] = Z 2
[833] = CNOT 2 4
[834] = CNOT 2 5
[835] = Z 2
[836] = CNOT 2 5
[837] = CNOT 2 6
[838] = Z 2
[839] = CNOT 2 6
[840] = CNOT 2 7
[841] = S 2
[842] = Z 2
[843] = CNOT 2 7
[844] = CNOT 2 9
[845] = Z 2
[846] = CNOT 2 9
[847] = CNOT 2 12
[848] = Z 2
[849] = CNOT 2 12
[850] = CNOT 2 13
[851] = S 2
[852] = Z 2
[853] = CNOT 2 13
[854] = CNOT 2 14
[855] = Z 2
[856] = CNOT 2 14
[857] = CNOT 3 4
[858] = S 3
[859] = Z 3
[860] = CNOT 3 4
[861] = CNOT 3 7
[862] = Z 3
[863] = CNOT 3 7
[864] = CNOT 3 8
[865] = S 3
[866] = Z 3
[867] = CNOT 3 8
[868] = CNOT 3 13
[869] = S 3
[870] = Z 3
[871] = CNOT 3 13
[872] = CNOT 3 14
[873] = S 3
[874] = CNOT 3 14
[875] = CNOT 4 12
[876] = Z 4
[877] = CNOT 4 12
[878] = CNOT 4 13
[879] = Z 4
[880] = CNOT 4 13
[881] = CNOT 4 14
[882] = Z 4
[883] = CNOT 4 14
[884] = CNOT 4 15
[885] = S 4
[886] = Z 4
[887] = CNOT 4 15
[888] = CNOT 5 6
[889] = Z 5
[890] = CNOT 5 6
[891] = CNOT 5 11
[892] = Z 5
[893] = CNOT 5 11
[894] = CNOT 5 12
[895] = Z 5
[896] = CNOT 5 12
[897] = CNOT 5 14
[898] = S 5
[899] = Z 5
[900] = CNOT 5 14
[901] = CNOT 6 11
[902] = Z 6
[903] = CNOT 6 11
[904] = CNOT 6 12
[905] = Z 6
[906] = CNOT 6 12
[907] = CNOT 6 14
[908] = S 6
[909] = Z 6
[910] = CNOT 6 14
[911] = CNOT 7 12
[912] = Z 7
[913] = CNOT 7 12
[914] = CNOT 7 13
[915] = S 7
[916] = Z 7
[917] = CNOT 7 13
[918] = CNOT 7 14
[919] = Z 7
[920] = CNOT 7 14
[921] = CNOT 7 15
[922] = S 7
[923] = CNOT 7 15
[924] = CNOT 8 14
[925] = S 8
[926] = Z 8
[927] = CNOT 8 14
[928] = CNOT 9 14
[929] = Z 9
[930] = CNOT 9 14
[931] = CNOT 12 14
[932] = Z 12
[933] = CNOT 12 14
[934] = CNOT 13 15
[935] = S 13
[936] = Z 13
[937] = CNOT 13 15
[938] = CNOT 14 15
[939] = S 14
[940] = CNOT 14 15
[941] = CNOT 1 2
[942] = CNOT 1 3
[943] = S 1
[944] = Z 1
[945] = CNOT 1 3
[946] = CNOT 1 8
[947] = S 1
[948] = Z 1
[949] = CNOT 1 8
[950] = CNOT 1 12
[951] = S 1
[952] = Z 1
[953] = CNOT 1 12
[954] = CNOT 1 13
[955] = S 1
[956] = Z 1
[957] = CNOT 1 13
[958] = CNOT 1 15
[959] = S 1
[960] = Z 1
[961] = CNOT 1 15
[962] = CNOT 1 2
[963] = CNOT 1 3
[964] = CNOT 1 8
[965] = Z 1
[966] = CNOT 1 8
[967] = CNOT 1 12
[968] = S 1
[969] = Z 1
[970] = CNOT 1 12
[971] = CNOT 1 14
[972] = S 1
[973] = Z 1
[974] = CNOT 1 14
[975] = CNOT 1 15
[976] = S 1
[977] = Z 1
[978] = CNOT 1 15
[979] = CNOT 1 3
[980] = CNOT 1 8
[981] = CNOT 1 12
[982] = S 1
[983] = Z 1
[984] = CNOT 1 12
[985] = CNOT 1 14
[986] = S 1
[987] = Z 1
[988] = CNOT 1 14
[989] = CNOT 1 15
[990] = S 1
[991] = Z 1
[992] = CNOT 1 15
[993] = CNOT 1 8
[994] = CNOT 1 12
[995] = CNOT 1 13
[996] = S 1
[997] = Z 1
[998] = CNOT 1 13
[999] = CNOT 1 14
[1000] = S 1
[1001] = Z 1
[1002] = CNOT 1 12
[1003] = CNOT 1 15
[1004] = S 1
[1005] = Z 1
[1006] = CNOT 1 15
[1007] = CNOT 1 14
[1008] = CNOT 2 3
[1009] = CNOT 2 8
[1010] = Z 2
[1011] = CNOT 2 8
[1012] = CNOT 2 12
[1013] = S 2
[1014] = Z 2
[1015] = CNOT 2 12
[1016] = CNOT 2 13
[1017] = S 2
[1018] = Z 2
[1019] = CNOT 2 13
[1020] = CNOT 2 15
[1021] = S 2
[1022] = Z 2
[1023] = CNOT 2 15
[1024] = CNOT 2 3
[1025] = CNOT 2 4
[1026] = CNOT 2 7
[1027] = S 2
[1028] = Z 2
[1029] = CNOT 2 7
[1030] = CNOT 2 12
[1031] = S 2
[1032] = Z 2
[1033] = CNOT 2 4
[1034] = CNOT 2 7
[1035] = S 2
[1036] = Z 2
[1037] = CNOT 2 7
[1038] = CNOT 2 8
[1039] = S 2
[1040] = Z 2
[1041] = CNOT 2 12
[1042] = CNOT 2 13
[1043] = S 2
[1044] = Z 2
[1045] = CNOT 2 13
[1046] = CNOT 2 15
[1047] = S 2
[1048] = Z 2
[1049] = CNOT 2 15
[1050] = CNOT 2 8
[1051] = CNOT 2 12
[1052] = CNOT 2 13
[1053] = Z 2
[1054] = CNOT 2 13
[1055] = CNOT 2 12
[1056] = CNOT 2 14
[1057] = CNOT 2 15
[1058] = S 2
[1059] = Z 2
[1060] = CNOT 2 15
[1061] = CNOT 2 14
[1062] = CNOT 3 4
[1063] = CNOT 3 5
[1064] = S 3
[1065] = Z 3
[1066] = CNOT 3 5
[1067] = CNOT 3 6
[1068] = S 3
[1069] = Z 3
[1070] = CNOT 3 6
[1071] = CNOT 3 13
[1072] = S 3
[1073] = Z 3
[1074] = CNOT 3 13
[1075] = CNOT 3 15
[1076] = Z 3
[1077] = CNOT 3 15
[1078] = CNOT 3 4
[1079] = CNOT 3 5
[1080] = CNOT 3 6
[1081] = S 3
[1082] = Z 3
[1083] = CNOT 3 6
[1084] = CNOT 3 15
[1085] = S 3
[1086] = Z 3
[1087] = CNOT 3 5
[1088] = CNOT 3 6
[1089] = S 3
[1090] = Z 3
[1091] = CNOT 3 15
[1092] = CNOT 3 6
[1093] = CNOT 3 8
[1094] = CNOT 3 12
[1095] = Z 3
[1096] = CNOT 3 12
[1097] = CNOT 3 13
[1098] = S 3
[1099] = Z 3
[1100] = CNOT 3 13
[1101] = CNOT 3 14
[1102] = Z 3
[1103] = CNOT 3 14
[1104] = CNOT 3 15
[1105] = Z 3
[1106] = CNOT 3 15
[1107] = CNOT 3 8
[1108] = CNOT 3 12
[1109] = CNOT 3 13
[1110] = S 3
[1111] = Z 3
[1112] = CNOT 3 13
[1113] = CNOT 3 14
[1114] = S 3
[1115] = Z 3
[1116] = CNOT 3 14
[1117] = CNOT 3 12
[1118] = CNOT 3 13
[1119] = CNOT 3 15
[1120] = S 3
[1121] = Z 3
[1122] = CNOT 3 13
[1123] = CNOT 3 14
[1124] = Z 3
[1125] = CNOT 3 15
[1126] = CNOT 3 14
[1127] = CNOT 4 5
[1128] = CNOT 4 6
[1129] = Z 4
[1130] = CNOT 4 6
[1131] = CNOT 4 13
[1132] = S 4
[1133] = Z 4
[1134] = CNOT 4 13
[1135] = CNOT 4 15
[1136] = Z 4
[1137] = CNOT 4 15
[1138] = CNOT 4 5
[1139] = CNOT 4 6
[1140] = CNOT 4 13
[1141] = S 4
[1142] = Z 4
[1143] = CNOT 4 13
[1144] = CNOT 4 15
[1145] = Z 4
[1146] = CNOT 4 15
[1147] = CNOT 4 6
[1148] = CNOT 4 7
[1149] = CNOT 4 12
[1150] = Z 4
[1151] = CNOT 4 12
[1152] = CNOT 4 13
[1153] = S 4
[1154] = Z 4
[1155] = CNOT 4 7
[1156] = CNOT 4 12
[1157] = S 4
[1158] = Z 4
[1159] = CNOT 4 13
[1160] = CNOT 4 12
[1161] = CNOT 4 14
[1162] = CNOT 4 15
[1163] = S 4
[1164] = Z 4
[1165] = CNOT 4 15
[1166] = CNOT 4 14
[1167] = CNOT 5 6
[1168] = CNOT 5 13
[1169] = S 5
[1170] = Z 5
[1171] = CNOT 5 13
[1172] = CNOT 5 14
[1173] = S 5
[1174] = Z 5
[1175] = CNOT 5 14
[1176] = CNOT 5 15
[1177] = S 5
[1178] = CNOT 5 6
[1179] = CNOT 5 13
[1180] = S 5
[1181] = Z 5
[1182] = CNOT 5 13
[1183] = CNOT 5 14
[1184] = S 5
[1185] = Z 5
[1186] = CNOT 5 15
[1187] = CNOT 5 14
[1188] = CNOT 6 13
[1189] = CNOT 6 15
[1190] = S 6
[1191] = Z 6
[1192] = CNOT 6 13
[1193] = CNOT 6 14
[1194] = S 6
[1195] = Z 6
[1196] = CNOT 6 15
[1197] = CNOT 6 14
[1198] = CNOT 7 12
[1199] = CNOT 7 13
[1200] = S 7
[1201] = Z 7
[1202] = CNOT 7 13
[1203] = CNOT 7 12
[1204] = CNOT 8 12
[1205] = CNOT 8 13
[1206] = S 8
[1207] = Z 8
[1208] = CNOT 8 13
[1209] = CNOT 8 14
[1210] = S 8
[1211] = Z 8
[1212] = CNOT 8 12
[1213] = CNOT 8 15
[1214] = S 8
[1215] = Z 8
[1216] = CNOT 8 15
[1217] = CNOT 8 14
[1218] = CNOT 6 5
[1219] = CNOT 7 4
[1220] = CNOT 8 3
[1221] = CNOT 9 2
[1222] = CNOT 10 1
[1223] = H 11
[1224] = H 12
[1225] = H 13
[1226] = H 14
[1227] = H 15
Gate distributions:
Input:
Operator distribution:
Total number of qubits = 15
Number of `data' qubits = 15
Number of `Toff_n' ancillas = 0
Number of Hadamard ancillas = 0
Hadamard ancilla cap = 0
Number of {CNOT,T} partitions = 3
T count = 175
Cost estimation = 87522
	id	Count
	0	0
	1	0
	2	0
	3	18
	4	4
	5	0
	6	0
	7	0
	8	0
	9	0
	10	25
	11	0
	12	0
	13	0
	14	0
	15	0
	16	0
	17	0
	18	0
Output:
Operator distribution:
Total number of qubits = 15
Number of `data' qubits = 15
Number of `Toff_n' ancillas = 0
Number of Hadamard ancillas = 0
Hadamard ancilla cap = 0
Number of {CNOT,T} partitions = 3
T count = 92
Cost estimation = 47136
	id	Count
	0	0
	1	0
	2	0
	3	18
	4	746
	5	92
	6	0
	7	0
	8	0
	9	0
	10	0
	11	168
	12	0
	13	204
	14	0
	15	0
	16	0
	17	0
	18	0
Output T Count (SQC_Circuit) = 92
Output T Count (PhasePolynomial) = 92
Fail count = 0

Execution time: 2.01464s
Number of LCL errors: 0
Number of LCL warnings: 0
