Optimize a Clifford + T circuit.
Input filename = /home/rest/forpyzx/TOpt/forme/tpar_benchmark/mod5_4.tfc
Number of unknown gates = 0
Number of unknown qubit labels = 0
Circuit filename: /home/rest/forpyzx/TOpt/forme/tpar_benchmark/mod5_4.tfc

n 5
n_x 5
n_y 0
n_z 0
m 101
[0] = H 5
[1] = CCZ 1 4 5
[2] = CCZ 3 4 5
[3] = H 5
[4] = CNOT 5 4
[5] = H 5
[6] = CCZ 2 3 5
[7] = H 5
[8] = CNOT 5 3
[9] = H 5
[10] = CCZ 1 2 5
[11] = H 5
[12] = CNOT 5 2
[13] = CNOT 5 1

Algorithm used: todd

UniversalOptimize begin.
	Gate synthesis begin.

in LempelX2
		Round = 0
Round 0 | Current Columns (m): 7
nullspace time: 0 ms, chi time: 0 ms
Total LempelX2 time: 0 ms
		TODD executed in 0.00016 seconds.
		Total time: 0.000179s
	Gate synthesis end.
	Input has T-Count zero. Outputting the input.
	Gate synthesis begin.

in LempelX2
		Round = 0
Round 0 | Current Columns (m): 5
nullspace time: 0 ms, chi time: 0 ms
Total LempelX2 time: 0 ms
		TODD executed in 6.7e-05 seconds.
		Total time: 7.3e-05s
	Gate synthesis end.
	Input has T-Count zero. Outputting the input.
	Gate synthesis begin.

in LempelX2
		Round = 0
Round 0 | Current Columns (m): 4
nullspace time: 0 ms, chi time: 0 ms
Total LempelX2 time: 0 ms
		TODD executed in 4.5e-05 seconds.
		Total time: 5.1e-05s
	Gate synthesis end.
	Input has T-Count zero. Outputting the input.
	Total time: 0.000882s
UniversalOptimize end.
Output circuit:
n 5
n_x 5
n_y 0
n_z 0
m 101
[0] = H 5
[1] = CNOT 1 4
[2] = T 1
[3] = S 1
[4] = CNOT 1 5
[5] = T 1
[6] = CNOT 1 4
[7] = T 1
[8] = S 1
[9] = CNOT 1 5
[10] = CNOT 3 4
[11] = T 3
[12] = S 3
[13] = CNOT 3 5
[14] = T 3
[15] = CNOT 3 4
[16] = T 3
[17] = S 3
[18] = CNOT 3 5
[19] = CNOT 2 3
[20] = T 2
[21] = S 2
[22] = CNOT 2 3
[23] = S 1
[24] = S 2
[25] = Z 2
[26] = S 3
[27] = Z 3
[28] = S 4
[29] = Z 4
[30] = S 5
[31] = Z 5
[32] = CNOT 4 5
[33] = S 4
[34] = CNOT 4 5
[35] = CNOT 3 2
[36] = H 5
[37] = CNOT 5 4
[38] = H 5
[39] = T 5
[40] = Z 5
[41] = CNOT 3 5
[42] = T 3
[43] = Z 3
[44] = CNOT 3 5
[45] = CNOT 2 3
[46] = CNOT 2 5
[47] = T 2
[48] = S 2
[49] = Z 2
[50] = CNOT 2 3
[51] = T 2
[52] = S 2
[53] = Z 2
[54] = CNOT 2 5
[55] = CNOT 1 2
[56] = T 1
[57] = S 1
[58] = CNOT 1 2
[59] = Z 1
[60] = CNOT 2 3
[61] = Z 2
[62] = CNOT 2 3
[63] = CNOT 3 2
[64] = CNOT 2 1
[65] = H 5
[66] = CNOT 5 3
[67] = H 5
[68] = T 5
[69] = Z 5
[70] = CNOT 2 5
[71] = T 2
[72] = Z 2
[73] = CNOT 2 5
[74] = CNOT 1 2
[75] = CNOT 1 5
[76] = T 1
[77] = S 1
[78] = Z 1
[79] = CNOT 1 2
[80] = T 1
[81] = S 1
[82] = Z 1
[83] = CNOT 1 5
[84] = Z 1
[85] = CNOT 1 2
[86] = Z 1
[87] = CNOT 1 2
[88] = CNOT 2 1
[89] = H 5
[90] = CNOT 5 2
[91] = CNOT 5 1
Gate distributions:
Input:
Operator distribution:
Total number of qubits = 5
Number of `data' qubits = 5
Number of `Toff_n' ancillas = 0
Number of Hadamard ancillas = 0
Hadamard ancilla cap = 0
Number of {CNOT,T} partitions = 6
T count = 28
Cost estimation = 14010
	id	Count
	0	0
	1	0
	2	0
	3	6
	4	4
	5	0
	6	0
	7	0
	8	0
	9	0
	10	4
	11	0
	12	0
	13	0
	14	0
	15	0
	16	0
	17	0
	18	0
Output:
Operator distribution:
Total number of qubits = 5
Number of `data' qubits = 5
Number of `Toff_n' ancillas = 0
Number of Hadamard ancillas = 0
Hadamard ancilla cap = 0
Number of {CNOT,T} partitions = 6
T count = 16
Cost estimation = 8076
	id	Count
	0	0
	1	0
	2	0
	3	6
	4	38
	5	16
	6	0
	7	0
	8	0
	9	0
	10	0
	11	16
	12	0
	13	16
	14	0
	15	0
	16	0
	17	0
	18	0
Output T Count (SQC_Circuit) = 16
Output T Count (PhasePolynomial) = 16
Fail count = 0

Execution time: 0.000902s
Number of LCL errors: 0
Number of LCL warnings: 0
