Optimize a Clifford + T circuit.
Input filename = /home/rest/forpyzx/TOpt/forme/tpar_benchmark/tof_4.tfc
Number of unknown gates = 0
Number of unknown qubit labels = 0
Circuit filename: /home/rest/forpyzx/TOpt/forme/tpar_benchmark/tof_4.tfc

n 7
n_x 7
n_y 0
n_z 0
m 101
[0] = H 5
[1] = CCZ 1 2 5
[2] = H 5
[3] = H 6
[4] = CCZ 3 5 6
[5] = H 6
[6] = H 7
[7] = CCZ 4 6 7
[8] = H 7
[9] = H 6
[10] = CCZ 3 5 6
[11] = H 6
[12] = H 5
[13] = CCZ 1 2 5
[14] = H 5

Algorithm used: todd

UniversalOptimize begin.
	Gate synthesis begin.

in LempelX2
		Round = 0
Round 0 | Current Columns (m): 7
nullspace time: 0 ms, chi time: 0 ms
Total LempelX2 time: 0 ms
		TODD executed in 0.000386 seconds.
		Total time: 0.00041s
	Gate synthesis end.
	Gate synthesis begin.

in LempelX2
		Round = 0
Round 0 | Current Columns (m): 3
nullspace time: 0 ms, chi time: 0 ms
Total LempelX2 time: 0 ms
		TODD executed in 5e-05 seconds.
		Total time: 5.8e-05s
	Gate synthesis end.
	Gate synthesis begin.

in LempelX2
		Round = 0
Round 0 | Current Columns (m): 5
nullspace time: 0 ms, chi time: 0 ms
Total LempelX2 time: 0 ms
		TODD executed in 0.000142 seconds.
		Total time: 0.000147s
	Gate synthesis end.
	Gate synthesis begin.

in LempelX2
		Round = 0
Round 0 | Current Columns (m): 4
nullspace time: 0 ms, chi time: 0 ms
Total LempelX2 time: 0 ms
		TODD executed in 8.1e-05 seconds.
		Total time: 8.6e-05s
	Gate synthesis end.
	Gate synthesis begin.

in LempelX2
		Round = 0
Round 0 | Current Columns (m): 4
nullspace time: 0 ms, chi time: 0 ms
Total LempelX2 time: 0 ms
		TODD executed in 8e-05 seconds.
		Total time: 8.5e-05s
	Gate synthesis end.
	Total time: 0.001711s
UniversalOptimize end.
Output circuit:
n 7
n_x 7
n_y 0
n_z 0
m 201
[0] = H 5
[1] = H 6
[2] = H 7
[3] = T 5
[4] = CNOT 1 2
[5] = CNOT 1 5
[6] = T 1
[7] = CNOT 1 2
[8] = CNOT 2 5
[9] = T 2
[10] = S 2
[11] = CNOT 2 5
[12] = T 1
[13] = S 1
[14] = CNOT 1 5
[15] = T 6
[16] = T 4
[17] = T 7
[18] = S 1
[19] = S 2
[20] = S 3
[21] = CNOT 1 2
[22] = S 1
[23] = CNOT 1 2
[24] = CNOT 2 1
[25] = H 5
[26] = CNOT 3 5
[27] = CNOT 3 6
[28] = T 3
[29] = CNOT 3 5
[30] = CNOT 5 6
[31] = T 5
[32] = S 5
[33] = CNOT 5 6
[34] = T 3
[35] = S 3
[36] = CNOT 3 6
[37] = S 5
[38] = CNOT 3 5
[39] = S 3
[40] = CNOT 3 5
[41] = CNOT 5 3
[42] = H 6
[43] = T 6
[44] = CNOT 4 6
[45] = T 4
[46] = S 4
[47] = CNOT 4 7
[48] = T 4
[49] = CNOT 4 6
[50] = CNOT 6 7
[51] = T 6
[52] = S 6
[53] = CNOT 6 7
[54] = T 4
[55] = S 4
[56] = CNOT 4 7
[57] = H 7
[58] = H 6
[59] = T 6
[60] = Z 6
[61] = CNOT 5 6
[62] = T 5
[63] = Z 5
[64] = CNOT 5 6
[65] = CNOT 3 5
[66] = CNOT 3 6
[67] = T 3
[68] = S 3
[69] = Z 3
[70] = CNOT 3 5
[71] = T 3
[72] = S 3
[73] = Z 3
[74] = CNOT 3 6
[75] = Z 3
[76] = CNOT 3 5
[77] = Z 3
[78] = CNOT 3 5
[79] = CNOT 5 3
[80] = H 6
[81] = H 5
[82] = T 5
[83] = Z 5
[84] = CNOT 2 5
[85] = T 2
[86] = Z 2
[87] = CNOT 2 5
[88] = CNOT 1 2
[89] = CNOT 1 5
[90] = T 1
[91] = S 1
[92] = Z 1
[93] = CNOT 1 2
[94] = T 1
[95] = S 1
[96] = Z 1
[97] = CNOT 1 5
[98] = Z 1
[99] = CNOT 1 2
[100] = Z 1
[101] = CNOT 1 2
[102] = CNOT 2 1
[103] = H 5
Gate distributions:
Input:
Operator distribution:
Total number of qubits = 7
Number of `data' qubits = 7
Number of `Toff_n' ancillas = 0
Number of Hadamard ancillas = 0
Hadamard ancilla cap = 0
Number of {CNOT,T} partitions = 5
T count = 35
Cost estimation = 17510
	id	Count
	0	0
	1	0
	2	0
	3	10
	4	0
	5	0
	6	0
	7	0
	8	0
	9	0
	10	5
	11	0
	12	0
	13	0
	14	0
	15	0
	16	0
	17	0
	18	0
Output:
Operator distribution:
Total number of qubits = 7
Number of `data' qubits = 7
Number of `Toff_n' ancillas = 0
Number of Hadamard ancillas = 0
Hadamard ancilla cap = 0
Number of {CNOT,T} partitions = 5
T count = 23
Cost estimation = 11581
	id	Count
	0	0
	1	0
	2	0
	3	10
	4	42
	5	23
	6	0
	7	0
	8	0
	9	0
	10	0
	11	17
	12	0
	13	12
	14	0
	15	0
	16	0
	17	0
	18	0
Output T Count (SQC_Circuit) = 23
Output T Count (PhasePolynomial) = 23
Fail count = 0

Execution time: 0.001741s
Number of LCL errors: 0
Number of LCL warnings: 0
